<?xml version="1.0" ?>

<verbosegc xmlns="http://www.ibm.com/j9/verbosegc" version="266a8c6f5_CMPRSS">

<initialized id="1" timestamp="2025-12-14T22:17:58.398">
  <attribute name="gcPolicy" value="-Xgcpolicy:gencon" />
  <attribute name="maxHeapSize" value="0xf7440000" />
  <attribute name="initialHeapSize" value="0x800000" />
  <attribute name="compressedRefs" value="true" />
  <attribute name="compressedRefsDisplacement" value="0x0" />
  <attribute name="compressedRefsShift" value="0x3" />
  <attribute name="pageSize" value="0x1000" />
  <attribute name="pageType" value="not used" />
  <attribute name="requestedPageSize" value="0x1000" />
  <attribute name="requestedPageType" value="not used" />
  <attribute name="gcthreads" value="20" />
  <attribute name="gcthreads Concurrent Mark" value="1" />
  <attribute name="packetListSplit" value="3" />
  <attribute name="cacheListSplit" value="3" />
  <attribute name="splitFreeListSplitAmount" value="3" />
  <attribute name="numaNodes" value="0" />
  <system>
    <attribute name="physicalMemory" value="16593895424" />
    <attribute name="addressablePhysicalMemory" value="16593895424" />
    <attribute name="container memory limit set" value="false" />
    <attribute name="numCPUs" value="20" />
    <attribute name="numCPUs active" value="20" />
    <attribute name="architecture" value="amd64" />
    <attribute name="os" value="Linux" />
    <attribute name="osVersion" value="6.6.87.2-microsoft-standard-WSL2" />
  </system>
  <vmargs>
    <vmarg name="-Xoptionsfile=/opt/java/openjdk/lib/options.default" />
    <vmarg name="-Xlockword:mode=default,noLockword=java/lang/String,noLockword=java/util/MapEntry,noLockword=java/util/HashMap$Entry,noLockword..." />
    <vmarg name="-XX:+EnsureHashed:java/lang/Class,java/lang/Thread" />
    <vmarg name="-Xjcl:jclse29" />
    <vmarg name="-Dcom.ibm.oti.vm.bootstrap.library.path=/opt/java/openjdk/lib/default:/opt/java/openjdk/lib" />
    <vmarg name="-Dsun.boot.library.path=/opt/java/openjdk/lib/default:/opt/java/openjdk/lib" />
    <vmarg name="-Djava.library.path=/opt/java/openjdk/lib/default:/opt/java/openjdk/lib:/usr/lib64:/usr/lib" />
    <vmarg name="-Djava.home=/opt/java/openjdk" />
    <vmarg name="-Duser.dir=/opt/ibm/wlp/output/defaultServer" />
    <vmarg name="-XX:+IgnoreUnrecognizedVMOptions" />
    <vmarg name="-XX:+PortableSharedCache" />
    <vmarg name="-XX:+IdleTuningGcOnIdle" />
    <vmarg name="-Xshareclasses:name=openj9_system_scc,cacheDir=/opt/java/.scc,readonly,nonFatal" />
    <vmarg name="-Xverbosegclog:/logs/verbosegc.%seq.log,10,1024" />
    <vmarg name="-Djdk.nativePBKDF2=true" />
    <vmarg name="-XX:+IgnoreUnrecognizedVMOptions" />
    <vmarg name="-XX:+IdleTuningGcOnIdle" />
    <vmarg name="-Xshareclasses:name=openj9_system_scc,cacheDir=/opt/java/.scc,readonly,nonFatal" />
    <vmarg name="-Dosgi.checkConfiguration=false" />
    <vmarg name="-Djdk.nativePBKDF2=true" />
    <vmarg name="-XX:+IgnoreUnrecognizedVMOptions" />
    <vmarg name="-XX:+IdleTuningGcOnIdle" />
    <vmarg name="-Xshareclasses:name=openj9_system_scc,cacheDir=/opt/java/.scc,readonly,nonFatal" />
    <vmarg name="-Dosgi.checkConfiguration=false" />
    <vmarg name="-javaagent:/opt/ibm/wlp/bin/tools/ws-javaagent.jar" />
    <vmarg name="-Djava.awt.headless=true" />
    <vmarg name="-Djdk.attach.allowAttachSelf=true" />
    <vmarg name="-Xbootclasspath/a:/opt/ibm/zosconnect/lib/icu4j-71.1.jar:/opt/ibm/zosconnect/lib/icu4j-charset-71.1.jar" />
    <vmarg name="--add-exports=java.base/sun.security.action=ALL-UNNAMED" />
    <vmarg name="--add-exports=java.naming/com.sun.jndi.ldap=ALL-UNNAMED" />
    <vmarg name="--add-exports=java.naming/com.sun.jndi.url.ldap=ALL-UNNAMED" />
    <vmarg name="--add-exports=jdk.naming.dns/com.sun.jndi.dns=ALL-UNNAMED" />
    <vmarg name="--add-exports=jdk.naming.dns/com.sun.jndi.url.dns=ALL-UNNAMED" />
    <vmarg name="--add-exports=java.security.jgss/sun.security.krb5.internal=ALL-UNNAMED" />
    <vmarg name="--add-exports=jdk.attach/sun.tools.attach=ALL-UNNAMED" />
    <vmarg name="--add-opens=java.base/java.util=ALL-UNNAMED" />
    <vmarg name="--add-opens=java.base/java.lang=ALL-UNNAMED" />
    <vmarg name="--add-opens=java.base/java.util.concurrent=ALL-UNNAMED" />
    <vmarg name="--add-opens=java.base/java.io=ALL-UNNAMED" />
    <vmarg name="--add-opens=java.base/java.nio=ALL-UNNAMED" />
    <vmarg name="--add-opens=java.base/sun.nio.ch=ALL-UNNAMED" />
    <vmarg name="--add-opens=java.naming/javax.naming.spi=ALL-UNNAMED" />
    <vmarg name="--add-opens=java.naming/com.sun.naming.internal=ALL-UNNAMED" />
    <vmarg name="--add-opens=jdk.naming.rmi/com.sun.jndi.url.rmi=ALL-UNNAMED" />
    <vmarg name="--add-opens=java.naming/javax.naming=ALL-UNNAMED" />
    <vmarg name="--add-opens=java.rmi/java.rmi=ALL-UNNAMED" />
    <vmarg name="--add-opens=java.sql/java.sql=ALL-UNNAMED" />
    <vmarg name="--add-opens=java.management/javax.management=ALL-UNNAMED" />
    <vmarg name="--add-opens=java.base/java.lang.reflect=ALL-UNNAMED" />
    <vmarg name="--add-opens=java.desktop/java.awt.image=ALL-UNNAMED" />
    <vmarg name="--add-opens=java.base/java.security=ALL-UNNAMED" />
    <vmarg name="--add-opens=java.base/java.net=ALL-UNNAMED" />
    <vmarg name="--add-opens=java.base/java.text=ALL-UNNAMED" />
    <vmarg name="--add-opens=java.base/sun.net.www.protocol.https=ALL-UNNAMED" />
    <vmarg name="--add-exports=jdk.management.agent/jdk.internal.agent=ALL-UNNAMED" />
    <vmarg name="--add-exports=java.base/jdk.internal.vm=ALL-UNNAMED" />
    <vmarg name="-Djava.class.path=/opt/ibm/wlp/bin/tools/ws-server.jar" />
    <vmarg name="-Dsun.java.command=/opt/ibm/wlp/bin/tools/ws-server.jar defaultServer --clean" />
    <vmarg name="-Dsun.java.launcher=SUN_STANDARD" />
  </vmargs>
</initialized>

<exclusive-start id="2" timestamp="2025-12-14T22:17:58.985" intervalms="586.617">
  <response-info timems="0.055" idlems="0.055" threads="0" lastid="0000000000025A00" lastname="main" />
</exclusive-start>
<af-start id="3" threadId="0000000000026478" totalBytesRequested="8200" timestamp="2025-12-14T22:17:58.986" intervalms="587.709" type="nursery" />
<cycle-start id="4" type="scavenge" contextid="0" timestamp="2025-12-14T22:17:58.986" intervalms="588.542" />
<gc-start id="5" type="scavenge" contextid="4" timestamp="2025-12-14T22:17:58.987">
  <mem-info id="6" free="6072872" total="8388608" percent="72">
    <mem type="nursery" free="0" total="2097152" percent="0">
      <mem type="allocate" free="0" total="1048576" percent="0" />
      <mem type="survivor" free="0" total="1048576" percent="0" />
    </mem>
    <mem type="tenure" free="6072872" total="6291456" percent="96">
      <mem type="soa" free="5757480" total="5976064" percent="96" />
      <mem type="loa" free="315392" total="315392" percent="100" />
    </mem>
    <remembered-set count="3062" />
  </mem-info>
</gc-start>
<allocation-stats totalBytes="1261680" discardedBytes="5480" >
  <allocated-bytes non-tlh="234976" tlh="1026704" />
  <largest-consumer threadName="main" threadId="0000000000025A00" bytes="1175664" />
</allocation-stats>
<gc-op id="7" type="scavenge" timems="3.436" contextid="4" timestamp="2025-12-14T22:17:58.993">
  <scavenger-info tenureage="2" tenuremask="fffc" tiltratio="50" />
  <memory-copied type="nursery" objects="10198" bytes="475696" bytesdiscarded="59976" />
  <finalization candidates="170" enqueued="106" />
  <ownableSynchronizers candidates="1" cleared="0" />
  <references type="soft" candidates="18" cleared="0" enqueued="0" dynamicThreshold="32" maxThreshold="32" />
  <references type="weak" candidates="126" cleared="26" enqueued="26" />
  <references type="phantom" candidates="24" cleared="5" enqueued="5" />
  <object-monitors candidates="1" cleared="0"  />
</gc-op>
<gc-end id="8" type="scavenge" contextid="4" durationms="6.124" usertimems="4.207" systemtimems="4.628" stalltimems="6.153" timestamp="2025-12-14T22:17:58.994" activeThreads="4">
  <mem-info id="9" free="6584576" total="8388608" percent="78">
    <mem type="nursery" free="511704" total="2097152" percent="24">
      <mem type="allocate" free="511704" total="1048576" percent="48" />
      <mem type="survivor" free="0" total="1048576" percent="0" />
    </mem>
    <mem type="tenure" free="6072872" total="6291456" percent="96">
      <mem type="soa" free="5757480" total="5976064" percent="96" />
      <mem type="loa" free="315392" total="315392" percent="100" />
    </mem>
    <pending-finalizers system="106" default="0" reference="31" classloader="0" />
    <remembered-set count="3062" />
  </mem-info>
</gc-end>
<cycle-end id="10" type="scavenge" contextid="4" timestamp="2025-12-14T22:17:58.994" />
<allocation-satisfied id="11" threadId="0000000000025A00" bytesRequested="8200" />
<af-end id="12" timestamp="2025-12-14T22:17:58.996" threadId="0000000000026478" success="true" from="nursery"/>
<exclusive-end id="13" timestamp="2025-12-14T22:17:58.997" durationms="12.202" />

<exclusive-start id="14" timestamp="2025-12-14T22:17:59.069" intervalms="84.411">
  <response-info timems="0.333" idlems="0.226" threads="1" lastid="0000000000029600" lastname="JIT Compilation Thread-000" />
</exclusive-start>
<af-start id="15" threadId="0000000000026478" totalBytesRequested="7176" timestamp="2025-12-14T22:17:59.070" intervalms="84.189" type="nursery" />
<cycle-start id="16" type="scavenge" contextid="0" timestamp="2025-12-14T22:17:59.071" intervalms="84.112" />
<gc-start id="17" type="scavenge" contextid="16" timestamp="2025-12-14T22:17:59.072">
  <mem-info id="18" free="6024728" total="8388608" percent="71">
    <mem type="nursery" free="0" total="2097152" percent="0">
      <mem type="allocate" free="0" total="1048576" percent="0" />
      <mem type="survivor" free="0" total="1048576" percent="0" />
    </mem>
    <mem type="tenure" free="6024728" total="6291456" percent="95">
      <mem type="soa" free="5709336" total="5976064" percent="95" />
      <mem type="loa" free="315392" total="315392" percent="100" />
    </mem>
    <remembered-set count="3904" />
  </mem-info>
</gc-start>
<allocation-stats totalBytes="550664" discardedBytes="9184" >
  <allocated-bytes non-tlh="56344" tlh="494320" />
  <largest-consumer threadName="main" threadId="0000000000025A00" bytes="476088" />
</allocation-stats>
<gc-op id="19" type="scavenge" timems="4.103" contextid="16" timestamp="2025-12-14T22:17:59.077">
  <scavenger-info tenureage="5" tenuremask="7fe0" tiltratio="50" />
  <memory-copied type="nursery" objects="11556" bytes="537336" bytesdiscarded="35736" />
  <finalization candidates="119" enqueued="35" />
  <ownableSynchronizers candidates="1" cleared="0" />
  <references type="soft" candidates="39" cleared="0" enqueued="0" dynamicThreshold="32" maxThreshold="32" />
  <references type="weak" candidates="209" cleared="84" enqueued="84" />
  <references type="phantom" candidates="22" cleared="3" enqueued="3" />
  <object-monitors candidates="1" cleared="0"  />
</gc-op>
<gc-end id="20" type="scavenge" contextid="16" durationms="6.483" usertimems="0.000" systemtimems="7.771" stalltimems="5.150" timestamp="2025-12-14T22:17:59.078" activeThreads="3">
  <mem-info id="21" free="6498920" total="8388608" percent="77">
    <mem type="nursery" free="474192" total="2097152" percent="22">
      <mem type="allocate" free="474192" total="1048576" percent="45" />
      <mem type="survivor" free="0" total="1048576" percent="0" />
    </mem>
    <mem type="tenure" free="6024728" total="6291456" percent="95">
      <mem type="soa" free="5709336" total="5976064" percent="95" />
      <mem type="loa" free="315392" total="315392" percent="100" />
    </mem>
    <pending-finalizers system="35" default="0" reference="87" classloader="0" />
    <remembered-set count="3904" />
  </mem-info>
</gc-end>
<cycle-end id="22" type="scavenge" contextid="16" timestamp="2025-12-14T22:17:59.079" />
<allocation-satisfied id="23" threadId="0000000000025A00" bytesRequested="7176" />
<af-end id="24" timestamp="2025-12-14T22:17:59.080" threadId="0000000000026478" success="true" from="nursery"/>
<exclusive-end id="25" timestamp="2025-12-14T22:17:59.081" durationms="11.983" />

<exclusive-start id="26" timestamp="2025-12-14T22:17:59.117" intervalms="48.214">
  <response-info timems="0.092" idlems="0.056" threads="1" lastid="0000000000029600" lastname="JIT Compilation Thread-000" />
</exclusive-start>
<af-start id="27" threadId="0000000000026478" totalBytesRequested="10704" timestamp="2025-12-14T22:17:59.118" intervalms="48.115" type="nursery" />
<cycle-start id="28" type="scavenge" contextid="0" timestamp="2025-12-14T22:17:59.119" intervalms="48.158" />
<gc-start id="29" type="scavenge" contextid="28" timestamp="2025-12-14T22:17:59.119">
  <mem-info id="30" free="6015672" total="8388608" percent="71">
    <mem type="nursery" free="0" total="2097152" percent="0">
      <mem type="allocate" free="0" total="1048576" percent="0" />
      <mem type="survivor" free="0" total="1048576" percent="0" />
    </mem>
    <mem type="tenure" free="6015672" total="6291456" percent="95">
      <mem type="soa" free="5700280" total="5976064" percent="95" />
      <mem type="loa" free="315392" total="315392" percent="100" />
    </mem>
    <remembered-set count="4014" />
  </mem-info>
</gc-start>
<allocation-stats totalBytes="478728" discardedBytes="4520" >
  <allocated-bytes non-tlh="16232" tlh="462496" />
  <largest-consumer threadName="main" threadId="0000000000025A00" bytes="478728" />
</allocation-stats>
<gc-op id="31" type="scavenge" timems="3.022" contextid="28" timestamp="2025-12-14T22:17:59.124">
  <scavenger-info tenureage="4" tenuremask="7ff0" tiltratio="50" />
  <memory-copied type="nursery" objects="11872" bytes="550536" bytesdiscarded="58080" />
  <finalization candidates="86" enqueued="1" />
  <ownableSynchronizers candidates="1" cleared="0" />
  <references type="soft" candidates="41" cleared="0" enqueued="0" dynamicThreshold="32" maxThreshold="32" />
  <references type="weak" candidates="177" cleared="51" enqueued="51" />
  <references type="phantom" candidates="20" cleared="1" enqueued="1" />
  <object-monitors candidates="1" cleared="0"  />
</gc-op>
<heap-resize id="32" type="expand" space="nursery" amount="131072" count="1" timems="0.082" reason="excessive time being spent scavenging" timestamp="2025-12-14T22:17:59.125" />
<gc-end id="33" type="scavenge" contextid="28" durationms="5.882" usertimems="7.103" systemtimems="0.000" stalltimems="3.249" timestamp="2025-12-14T22:17:59.125" activeThreads="3">
  <mem-info id="34" free="6519872" total="8519680" percent="76">
    <mem type="nursery" free="504200" total="2228224" percent="22">
      <mem type="allocate" free="504200" total="1114112" percent="45" />
      <mem type="survivor" free="0" total="1114112" percent="0" />
    </mem>
    <mem type="tenure" free="6015672" total="6291456" percent="95">
      <mem type="soa" free="5700280" total="5976064" percent="95" />
      <mem type="loa" free="315392" total="315392" percent="100" />
    </mem>
    <pending-finalizers system="1" default="0" reference="52" classloader="0" />
    <remembered-set count="1753" />
  </mem-info>
</gc-end>
<cycle-end id="35" type="scavenge" contextid="28" timestamp="2025-12-14T22:17:59.126" />
<allocation-satisfied id="36" threadId="0000000000025A00" bytesRequested="10704" />
<af-end id="37" timestamp="2025-12-14T22:17:59.128" threadId="0000000000026478" success="true" from="nursery"/>
<exclusive-end id="38" timestamp="2025-12-14T22:17:59.128" durationms="11.217" />

<exclusive-start id="39" timestamp="2025-12-14T22:17:59.238" intervalms="120.906">
  <response-info timems="0.117" idlems="0.117" threads="0" lastid="0000000000025A00" lastname="main" />
</exclusive-start>
<af-start id="40" threadId="0000000000026478" totalBytesRequested="248" timestamp="2025-12-14T22:17:59.239" intervalms="121.384" type="nursery" />
<cycle-start id="41" type="scavenge" contextid="0" timestamp="2025-12-14T22:17:59.240" intervalms="121.493" />
<gc-start id="42" type="scavenge" contextid="41" timestamp="2025-12-14T22:17:59.241">
  <mem-info id="43" free="5999848" total="8519680" percent="70">
    <mem type="nursery" free="0" total="2228224" percent="0">
      <mem type="allocate" free="0" total="1114112" percent="0" />
      <mem type="survivor" free="0" total="1114112" percent="0" />
    </mem>
    <mem type="tenure" free="5999848" total="6291456" percent="95">
      <mem type="soa" free="5684456" total="5976064" percent="95" />
      <mem type="loa" free="315392" total="315392" percent="100" />
    </mem>
    <remembered-set count="1969" />
  </mem-info>
</gc-start>
<allocation-stats totalBytes="519120" discardedBytes="904" >
  <allocated-bytes non-tlh="26528" tlh="492592" />
  <largest-consumer threadName="main" threadId="0000000000025A00" bytes="519120" />
</allocation-stats>
<gc-op id="44" type="scavenge" timems="3.610" contextid="41" timestamp="2025-12-14T22:17:59.246">
  <scavenger-info tenureage="3" tenuremask="fff8" tiltratio="50" />
  <memory-copied type="nursery" objects="2567" bytes="93256" bytesdiscarded="56880" />
  <memory-copied type="tenure" objects="9961" bytes="464008" bytesdiscarded="664" />
  <finalization candidates="128" enqueued="26" />
  <ownableSynchronizers candidates="3" cleared="0" />
  <references type="soft" candidates="39" cleared="0" enqueued="0" dynamicThreshold="32" maxThreshold="32" />
  <references type="weak" candidates="100" cleared="55" enqueued="55" />
  <references type="phantom" candidates="4" cleared="3" enqueued="3" />
  <object-monitors candidates="1" cleared="0"  />
</gc-op>
<gc-end id="45" type="scavenge" contextid="41" durationms="5.817" usertimems="4.649" systemtimems="3.663" stalltimems="4.283" timestamp="2025-12-14T22:17:59.247" activeThreads="3">
  <mem-info id="46" free="6454120" total="8519680" percent="75">
    <mem type="nursery" free="963760" total="2228224" percent="43">
      <mem type="allocate" free="963760" total="1114112" percent="86" />
      <mem type="survivor" free="0" total="1114112" percent="0" />
    </mem>
    <mem type="tenure" free="5490360" total="6291456" percent="87">
      <mem type="soa" free="5174968" total="5976064" percent="86" />
      <mem type="loa" free="315392" total="315392" percent="100" />
    </mem>
    <pending-finalizers system="26" default="0" reference="58" classloader="0" />
    <remembered-set count="519" />
  </mem-info>
</gc-end>
<cycle-end id="47" type="scavenge" contextid="41" timestamp="2025-12-14T22:17:59.248" />
<allocation-satisfied id="48" threadId="0000000000025A00" bytesRequested="248" />
<af-end id="49" timestamp="2025-12-14T22:17:59.249" threadId="0000000000026478" success="true" from="nursery"/>
<exclusive-end id="50" timestamp="2025-12-14T22:17:59.250" durationms="11.948" />

<exclusive-start id="51" timestamp="2025-12-14T22:17:59.799" intervalms="561.381">
  <response-info timems="0.047" idlems="0.047" threads="0" lastid="0000000000025A00" lastname="main" />
</exclusive-start>
<af-start id="52" threadId="0000000000026478" totalBytesRequested="168" timestamp="2025-12-14T22:17:59.800" intervalms="561.170" type="nursery" />
<cycle-start id="53" type="scavenge" contextid="0" timestamp="2025-12-14T22:17:59.801" intervalms="561.067" />
<gc-start id="54" type="scavenge" contextid="53" timestamp="2025-12-14T22:17:59.802">
  <mem-info id="55" free="5490360" total="8519680" percent="64">
    <mem type="nursery" free="0" total="2228224" percent="0">
      <mem type="allocate" free="0" total="1114112" percent="0" />
      <mem type="survivor" free="0" total="1114112" percent="0" />
    </mem>
    <mem type="tenure" free="5490360" total="6291456" percent="87">
      <mem type="soa" free="5174968" total="5976064" percent="86" />
      <mem type="loa" free="315392" total="315392" percent="100" />
    </mem>
    <remembered-set count="519" />
  </mem-info>
</gc-start>
<allocation-stats totalBytes="962448" discardedBytes="1312" >
  <allocated-bytes non-tlh="248" tlh="962200" />
  <largest-consumer threadName="main" threadId="0000000000025A00" bytes="962448" />
</allocation-stats>
<gc-op id="56" type="scavenge" timems="2.355" contextid="53" timestamp="2025-12-14T22:17:59.806">
  <scavenger-info tenureage="3" tenuremask="fff8" tiltratio="50" />
  <memory-copied type="nursery" objects="1309" bytes="54200" bytesdiscarded="26616" />
  <memory-copied type="tenure" objects="1232" bytes="44504" bytesdiscarded="8" />
  <finalization candidates="38" enqueued="0" />
  <ownableSynchronizers candidates="2" cleared="0" />
  <references type="soft" candidates="18" cleared="0" enqueued="0" dynamicThreshold="32" maxThreshold="32" />
  <references type="weak" candidates="20" cleared="0" enqueued="0" />
  <references type="phantom" candidates="1" cleared="0" enqueued="0" />
  <object-monitors candidates="1" cleared="0"  />
</gc-op>
<gc-end id="57" type="scavenge" contextid="53" durationms="4.947" usertimems="4.281" systemtimems="0.030" stalltimems="3.510" timestamp="2025-12-14T22:17:59.807" activeThreads="3">
  <mem-info id="58" free="6479808" total="8519680" percent="76">
    <mem type="nursery" free="1033224" total="2228224" percent="46">
      <mem type="allocate" free="1033224" total="1114112" percent="92" />
      <mem type="survivor" free="0" total="1114112" percent="0" />
    </mem>
    <mem type="tenure" free="5446584" total="6291456" percent="86">
      <mem type="soa" free="5131192" total="5976064" percent="85" />
      <mem type="loa" free="315392" total="315392" percent="100" />
    </mem>
    <remembered-set count="373" />
  </mem-info>
</gc-end>
<cycle-end id="59" type="scavenge" contextid="53" timestamp="2025-12-14T22:17:59.809" />
<allocation-satisfied id="60" threadId="0000000000025A00" bytesRequested="168" />
<af-end id="61" timestamp="2025-12-14T22:17:59.810" threadId="0000000000026478" success="true" from="nursery"/>
<exclusive-end id="62" timestamp="2025-12-14T22:17:59.811" durationms="11.636" />

<exclusive-start id="63" timestamp="2025-12-14T22:18:00.051" intervalms="251.454">
  <response-info timems="0.100" idlems="0.067" threads="1" lastid="0000000000029600" lastname="JIT Compilation Thread-000" />
</exclusive-start>
<af-start id="64" threadId="0000000000026478" totalBytesRequested="482208" timestamp="2025-12-14T22:18:00.052" intervalms="251.266" type="nursery" />
<cycle-start id="65" type="scavenge" contextid="0" timestamp="2025-12-14T22:18:00.053" intervalms="251.265" />
<gc-start id="66" type="scavenge" contextid="65" timestamp="2025-12-14T22:18:00.053">
  <mem-info id="67" free="5475440" total="8519680" percent="64">
    <mem type="nursery" free="90976" total="2228224" percent="4">
      <mem type="allocate" free="90976" total="1114112" percent="8" />
      <mem type="survivor" free="0" total="1114112" percent="0" />
    </mem>
    <mem type="tenure" free="5384464" total="6291456" percent="85">
      <mem type="soa" free="5069072" total="5976064" percent="84" />
      <mem type="loa" free="315392" total="315392" percent="100" />
    </mem>
    <remembered-set count="1409" />
  </mem-info>
</gc-start>
<allocation-stats totalBytes="1003864" discardedBytes="504" >
  <allocated-bytes non-tlh="62288" tlh="941576" />
  <largest-consumer threadName="main" threadId="0000000000025A00" bytes="1003864" />
</allocation-stats>
<gc-op id="68" type="scavenge" timems="2.601" contextid="65" timestamp="2025-12-14T22:18:00.057">
  <scavenger-info tenureage="3" tenuremask="ffe8" tiltratio="50" />
  <memory-copied type="nursery" objects="7222" bytes="331768" bytesdiscarded="47072" />
  <memory-copied type="tenure" objects="459" bytes="16400" bytesdiscarded="0" />
  <finalization candidates="95" enqueued="46" />
  <ownableSynchronizers candidates="2" cleared="0" />
  <references type="soft" candidates="77" cleared="0" enqueued="0" dynamicThreshold="32" maxThreshold="32" />
  <references type="weak" candidates="88" cleared="34" enqueued="34" />
  <references type="phantom" candidates="12" cleared="7" enqueued="7" />
  <object-monitors candidates="1" cleared="0"  />
</gc-op>
<gc-end id="69" type="scavenge" contextid="65" durationms="4.863" usertimems="4.604" systemtimems="0.328" stalltimems="1.732" timestamp="2025-12-14T22:18:00.058" activeThreads="2">
  <mem-info id="70" free="6098664" total="8519680" percent="71">
    <mem type="nursery" free="734936" total="2228224" percent="32">
      <mem type="allocate" free="734936" total="1114112" percent="65" />
      <mem type="survivor" free="0" total="1114112" percent="0" />
    </mem>
    <mem type="tenure" free="5363728" total="6291456" percent="85">
      <mem type="soa" free="5048336" total="5976064" percent="84" />
      <mem type="loa" free="315392" total="315392" percent="100" />
    </mem>
    <pending-finalizers system="46" default="0" reference="41" classloader="0" />
    <remembered-set count="1198" />
  </mem-info>
</gc-end>
<cycle-end id="71" type="scavenge" contextid="65" timestamp="2025-12-14T22:18:00.059" />
<allocation-satisfied id="72" threadId="0000000000025A00" bytesRequested="482208" />
<af-end id="73" timestamp="2025-12-14T22:18:00.061" threadId="0000000000026478" success="true" from="nursery"/>
<exclusive-end id="74" timestamp="2025-12-14T22:18:00.061" durationms="10.499" />

<exclusive-start id="75" timestamp="2025-12-14T22:18:00.074" intervalms="23.522">
  <response-info timems="0.055" idlems="0.055" threads="0" lastid="0000000000025A00" lastname="main" />
</exclusive-start>
<af-start id="76" threadId="0000000000026478" totalBytesRequested="8200" timestamp="2025-12-14T22:18:00.075" intervalms="23.432" type="nursery" />
<cycle-start id="77" type="scavenge" contextid="0" timestamp="2025-12-14T22:18:00.076" intervalms="23.579" />
<gc-start id="78" type="scavenge" contextid="77" timestamp="2025-12-14T22:18:00.077">
  <mem-info id="79" free="5311656" total="8519680" percent="62">
    <mem type="nursery" free="0" total="2228224" percent="0">
      <mem type="allocate" free="0" total="1114112" percent="0" />
      <mem type="survivor" free="0" total="1114112" percent="0" />
    </mem>
    <mem type="tenure" free="5311656" total="6291456" percent="84">
      <mem type="soa" free="4996264" total="5976064" percent="83" />
      <mem type="loa" free="315392" total="315392" percent="100" />
    </mem>
    <remembered-set count="2161" />
  </mem-info>
</gc-start>
<allocation-stats totalBytes="779280" discardedBytes="7728" >
  <allocated-bytes non-tlh="598008" tlh="181272" />
  <largest-consumer threadName="main" threadId="0000000000025A00" bytes="779280" />
</allocation-stats>
<gc-op id="80" type="scavenge" timems="1.855" contextid="77" timestamp="2025-12-14T22:18:00.081">
  <scavenger-info tenureage="5" tenuremask="ffe0" tiltratio="50" />
  <memory-copied type="nursery" objects="8017" bytes="927680" bytesdiscarded="34528" />
  <finalization candidates="55" enqueued="4" />
  <ownableSynchronizers candidates="2" cleared="0" />
  <references type="soft" candidates="88" cleared="0" enqueued="0" dynamicThreshold="32" maxThreshold="32" />
  <references type="weak" candidates="59" cleared="1" enqueued="1" />
  <references type="phantom" candidates="9" cleared="1" enqueued="1" />
  <object-monitors candidates="1" cleared="0"  />
</gc-op>
<heap-resize id="81" type="expand" space="nursery" amount="262144" count="1" timems="0.073" reason="excessive time being spent scavenging" timestamp="2025-12-14T22:18:00.081" />
<gc-end id="82" type="scavenge" contextid="77" durationms="5.015" usertimems="1.812" systemtimems="1.709" stalltimems="0.794" timestamp="2025-12-14T22:18:00.082" activeThreads="2">
  <mem-info id="83" free="5594352" total="8781824" percent="63">
    <mem type="nursery" free="282696" total="2490368" percent="11">
      <mem type="allocate" free="282696" total="1245184" percent="22" />
      <mem type="survivor" free="0" total="1245184" percent="0" />
    </mem>
    <mem type="tenure" free="5311656" total="6291456" percent="84">
      <mem type="soa" free="4996264" total="5976064" percent="83" />
      <mem type="loa" free="315392" total="315392" percent="100" />
    </mem>
    <pending-finalizers system="4" default="0" reference="2" classloader="0" />
    <remembered-set count="2153" />
  </mem-info>
</gc-end>
<cycle-end id="84" type="scavenge" contextid="77" timestamp="2025-12-14T22:18:00.083" />
<allocation-satisfied id="85" threadId="0000000000025A00" bytesRequested="8200" />
<af-end id="86" timestamp="2025-12-14T22:18:00.085" threadId="0000000000026478" success="true" from="nursery"/>
<exclusive-end id="87" timestamp="2025-12-14T22:18:00.085" durationms="10.960" />

<exclusive-start id="88" timestamp="2025-12-14T22:18:00.114" intervalms="39.482">
  <response-info timems="0.075" idlems="0.075" threads="0" lastid="0000000000025A00" lastname="main" />
</exclusive-start>
<af-start id="89" threadId="0000000000026478" totalBytesRequested="72" timestamp="2025-12-14T22:18:00.115" intervalms="39.618" type="nursery" />
<cycle-start id="90" type="scavenge" contextid="0" timestamp="2025-12-14T22:18:00.116" intervalms="39.506" />
<gc-start id="91" type="scavenge" contextid="90" timestamp="2025-12-14T22:18:00.117">
  <mem-info id="92" free="5309592" total="8781824" percent="60">
    <mem type="nursery" free="0" total="2490368" percent="0">
      <mem type="allocate" free="0" total="1245184" percent="0" />
      <mem type="survivor" free="0" total="1245184" percent="0" />
    </mem>
    <mem type="tenure" free="5309592" total="6291456" percent="84">
      <mem type="soa" free="4994200" total="5976064" percent="83" />
      <mem type="loa" free="315392" total="315392" percent="100" />
    </mem>
    <remembered-set count="2191" />
  </mem-info>
</gc-start>
<allocation-stats totalBytes="283928" discardedBytes="832" >
  <allocated-bytes non-tlh="10264" tlh="273664" />
  <largest-consumer threadName="main" threadId="0000000000025A00" bytes="283928" />
</allocation-stats>
<gc-op id="93" type="scavenge" timems="3.189" contextid="90" timestamp="2025-12-14T22:18:00.122">
  <scavenger-info tenureage="3" tenuremask="fff8" tiltratio="50" />
  <memory-copied type="nursery" objects="8605" bytes="960296" bytesdiscarded="80976" />
  <memory-copied type="tenure" objects="445" bytes="15056" bytesdiscarded="0" />
  <finalization candidates="51" enqueued="0" />
  <ownableSynchronizers candidates="2" cleared="0" />
  <references type="soft" candidates="72" cleared="0" enqueued="0" dynamicThreshold="32" maxThreshold="32" />
  <references type="weak" candidates="55" cleared="16" enqueued="16" />
  <references type="phantom" candidates="6" cleared="0" enqueued="0" />
  <object-monitors candidates="1" cleared="0"  />
</gc-op>
<heap-resize id="94" type="expand" space="nursery" amount="262144" count="1" timems="0.070" reason="excessive time being spent scavenging" timestamp="2025-12-14T22:18:00.123" />
<gc-end id="95" type="scavenge" contextid="90" durationms="6.674" usertimems="6.573" systemtimems="0.000" stalltimems="0.892" timestamp="2025-12-14T22:18:00.123" activeThreads="2">
  <mem-info id="96" free="5623616" total="9043968" percent="62">
    <mem type="nursery" free="334760" total="2752512" percent="12">
      <mem type="allocate" free="334760" total="1376256" percent="24" />
      <mem type="survivor" free="0" total="1376256" percent="0" />
    </mem>
    <mem type="tenure" free="5288856" total="6291456" percent="84">
      <mem type="soa" free="4973464" total="5976064" percent="83" />
      <mem type="loa" free="315392" total="315392" percent="100" />
    </mem>
    <pending-finalizers system="0" default="0" reference="16" classloader="0" />
    <remembered-set count="1194" />
  </mem-info>
</gc-end>
<cycle-end id="97" type="scavenge" contextid="90" timestamp="2025-12-14T22:18:00.124" />
<allocation-satisfied id="98" threadId="0000000000025A00" bytesRequested="72" />
<af-end id="99" timestamp="2025-12-14T22:18:00.126" threadId="0000000000026478" success="true" from="nursery"/>
<exclusive-end id="100" timestamp="2025-12-14T22:18:00.127" durationms="12.780" />

<exclusive-start id="101" timestamp="2025-12-14T22:18:00.128" intervalms="14.555">
  <response-info timems="0.054" idlems="0.054" threads="0" lastid="0000000000025A00" lastname="main" />
</exclusive-start>
<af-start id="102" threadId="0000000000026478" totalBytesRequested="88" timestamp="2025-12-14T22:18:00.129" intervalms="14.266" type="nursery" />
<cycle-start id="103" type="scavenge" contextid="0" timestamp="2025-12-14T22:18:00.130" intervalms="14.298" />
<gc-start id="104" type="scavenge" contextid="103" timestamp="2025-12-14T22:18:00.131">
  <mem-info id="105" free="5288856" total="9043968" percent="58">
    <mem type="nursery" free="0" total="2752512" percent="0">
      <mem type="allocate" free="0" total="1376256" percent="0" />
      <mem type="survivor" free="0" total="1376256" percent="0" />
    </mem>
    <mem type="tenure" free="5288856" total="6291456" percent="84">
      <mem type="soa" free="4973464" total="5976064" percent="83" />
      <mem type="loa" free="315392" total="315392" percent="100" />
    </mem>
    <remembered-set count="1194" />
  </mem-info>
</gc-start>
<allocation-stats totalBytes="334520" discardedBytes="240" >
  <allocated-bytes non-tlh="72" tlh="334448" />
  <largest-consumer threadName="main" threadId="0000000000025A00" bytes="334520" />
</allocation-stats>
<gc-op id="106" type="scavenge" timems="2.135" contextid="103" timestamp="2025-12-14T22:18:00.135">
  <scavenger-info tenureage="2" tenuremask="fffc" tiltratio="50" />
  <memory-copied type="nursery" objects="5130" bytes="222248" bytesdiscarded="43480" />
  <memory-copied type="tenure" objects="7165" bytes="897192" bytesdiscarded="312" />
  <finalization candidates="34" enqueued="0" />
  <object-monitors candidates="1" cleared="0"  />
</gc-op>
<heap-resize id="107" type="expand" space="nursery" amount="524288" count="1" timems="0.068" reason="excessive time being spent scavenging" timestamp="2025-12-14T22:18:00.136" />
<gc-end id="108" type="scavenge" contextid="103" durationms="5.823" usertimems="3.941" systemtimems="0.619" stalltimems="0.427" timestamp="2025-12-14T22:18:00.137" activeThreads="2">
  <mem-info id="109" free="5797360" total="9568256" percent="60">
    <mem type="nursery" free="1438208" total="3276800" percent="43">
      <mem type="allocate" free="1438208" total="1703936" percent="84" />
      <mem type="survivor" free="0" total="1572864" percent="0" />
    </mem>
    <mem type="tenure" free="4359152" total="6291456" percent="69">
      <mem type="soa" free="4043760" total="5976064" percent="67" />
      <mem type="loa" free="315392" total="315392" percent="100" />
    </mem>
    <remembered-set count="125" />
  </mem-info>
</gc-end>
<cycle-end id="110" type="scavenge" contextid="103" timestamp="2025-12-14T22:18:00.138" />
<allocation-satisfied id="111" threadId="0000000000025A00" bytesRequested="88" />
<af-end id="112" timestamp="2025-12-14T22:18:00.140" threadId="0000000000026478" success="true" from="nursery"/>
<exclusive-end id="113" timestamp="2025-12-14T22:18:00.140" durationms="11.927" />

<exclusive-start id="114" timestamp="2025-12-14T22:18:00.380" intervalms="251.226">
  <response-info timems="0.052" idlems="0.052" threads="0" lastid="0000000000025A00" lastname="main" />
</exclusive-start>
<af-start id="115" threadId="0000000000026478" totalBytesRequested="8200" timestamp="2025-12-14T22:18:00.381" intervalms="251.456" type="nursery" />
<cycle-start id="116" type="scavenge" contextid="0" timestamp="2025-12-14T22:18:00.381" intervalms="251.539" />
<gc-start id="117" type="scavenge" contextid="116" timestamp="2025-12-14T22:18:00.383">
  <mem-info id="118" free="4289872" total="9568256" percent="44">
    <mem type="nursery" free="0" total="3276800" percent="0">
      <mem type="allocate" free="0" total="1703936" percent="0" />
      <mem type="survivor" free="0" total="1572864" percent="0" />
    </mem>
    <mem type="tenure" free="4289872" total="6291456" percent="68">
      <mem type="soa" free="3974480" total="5976064" percent="66" />
      <mem type="loa" free="315392" total="315392" percent="100" />
    </mem>
    <remembered-set count="994" />
  </mem-info>
</gc-start>
<allocation-stats totalBytes="1449272" discardedBytes="58216" >
  <allocated-bytes non-tlh="163112" tlh="1286160" />
  <largest-consumer threadName="main" threadId="0000000000025A00" bytes="1449272" />
</allocation-stats>
<gc-op id="119" type="scavenge" timems="1.169" contextid="116" timestamp="2025-12-14T22:18:00.385">
  <scavenger-info tenureage="3" tenuremask="fff8" tiltratio="52" />
  <memory-copied type="nursery" objects="1747" bytes="48696" bytesdiscarded="15320" />
  <finalization candidates="46" enqueued="30" />
  <references type="soft" candidates="19" cleared="0" enqueued="0" dynamicThreshold="32" maxThreshold="32" />
  <references type="weak" candidates="64" cleared="47" enqueued="47" />
  <references type="phantom" candidates="6" cleared="5" enqueued="5" />
  <object-monitors candidates="1" cleared="0"  />
</gc-op>
<gc-end id="120" type="scavenge" contextid="116" durationms="3.451" usertimems="0.000" systemtimems="1.823" stalltimems="0.839" timestamp="2025-12-14T22:18:00.386" activeThreads="2">
  <mem-info id="121" free="6256976" total="9568256" percent="65">
    <mem type="nursery" free="1967104" total="3276800" percent="60">
      <mem type="allocate" free="1967104" total="2031616" percent="96" />
      <mem type="survivor" free="0" total="1245184" percent="0" />
    </mem>
    <mem type="tenure" free="4289872" total="6291456" percent="68">
      <mem type="soa" free="3974480" total="5976064" percent="66" />
      <mem type="loa" free="315392" total="315392" percent="100" />
    </mem>
    <pending-finalizers system="30" default="0" reference="52" classloader="0" />
    <remembered-set count="960" />
  </mem-info>
</gc-end>
<cycle-end id="122" type="scavenge" contextid="116" timestamp="2025-12-14T22:18:00.387" />
<allocation-satisfied id="123" threadId="0000000000025A00" bytesRequested="8200" />
<af-end id="124" timestamp="2025-12-14T22:18:00.388" threadId="0000000000026478" success="true" from="nursery"/>
<exclusive-end id="125" timestamp="2025-12-14T22:18:00.389" durationms="9.537" />

<exclusive-start id="126" timestamp="2025-12-14T22:18:00.496" intervalms="116.270">
  <response-info timems="0.072" idlems="0.072" threads="0" lastid="0000000000025A00" lastname="main" />
</exclusive-start>
<af-start id="127" threadId="0000000000026478" totalBytesRequested="24" timestamp="2025-12-14T22:18:00.497" intervalms="116.541" type="nursery" />
<cycle-start id="128" type="scavenge" contextid="0" timestamp="2025-12-14T22:18:00.498" intervalms="116.512" />
<gc-start id="129" type="scavenge" contextid="128" timestamp="2025-12-14T22:18:00.499">
  <mem-info id="130" free="4208712" total="9568256" percent="43">
    <mem type="nursery" free="0" total="3276800" percent="0">
      <mem type="allocate" free="0" total="2031616" percent="0" />
      <mem type="survivor" free="0" total="1245184" percent="0" />
    </mem>
    <mem type="tenure" free="4208712" total="6291456" percent="66">
      <mem type="soa" free="3893320" total="5976064" percent="65" />
      <mem type="loa" free="315392" total="315392" percent="100" />
    </mem>
    <remembered-set count="2139" />
  </mem-info>
</gc-start>
<allocation-stats totalBytes="2047424" discardedBytes="840" >
  <allocated-bytes non-tlh="183104" tlh="1864320" />
  <largest-consumer threadName="main" threadId="0000000000025A00" bytes="2047424" />
</allocation-stats>
<gc-op id="131" type="scavenge" timems="1.878" contextid="128" timestamp="2025-12-14T22:18:00.503">
  <scavenger-info tenureage="4" tenuremask="fff0" tiltratio="62" />
  <memory-copied type="nursery" objects="7760" bytes="410944" bytesdiscarded="1712" />
  <finalization candidates="262" enqueued="159" />
  <ownableSynchronizers candidates="4" cleared="0" />
  <references type="soft" candidates="419" cleared="0" enqueued="0" dynamicThreshold="32" maxThreshold="32" />
  <references type="weak" candidates="348" cleared="223" enqueued="223" />
  <references type="phantom" candidates="21" cleared="9" enqueued="9" />
  <object-monitors candidates="4" cleared="0"  />
</gc-op>
<gc-end id="132" type="scavenge" contextid="128" durationms="4.662" usertimems="2.458" systemtimems="1.764" stalltimems="0.402" timestamp="2025-12-14T22:18:00.504" activeThreads="2">
  <mem-info id="133" free="5957776" total="9568256" percent="62">
    <mem type="nursery" free="1749064" total="3276800" percent="53">
      <mem type="allocate" free="1749064" total="2162688" percent="80" />
      <mem type="survivor" free="0" total="1114112" percent="0" />
    </mem>
    <mem type="tenure" free="4208712" total="6291456" percent="66">
      <mem type="soa" free="3893320" total="5976064" percent="65" />
      <mem type="loa" free="315392" total="315392" percent="100" />
    </mem>
    <pending-finalizers system="159" default="0" reference="232" classloader="0" />
    <remembered-set count="2119" />
  </mem-info>
</gc-end>
<cycle-end id="134" type="scavenge" contextid="128" timestamp="2025-12-14T22:18:00.505" />
<allocation-satisfied id="135" threadId="0000000000025A00" bytesRequested="24" />
<af-end id="136" timestamp="2025-12-14T22:18:00.506" threadId="0000000000026478" success="true" from="nursery"/>
<exclusive-end id="137" timestamp="2025-12-14T22:18:00.507" durationms="10.652" />

<exclusive-start id="138" timestamp="2025-12-14T22:18:00.619" intervalms="122.746">
  <response-info timems="0.069" idlems="0.069" threads="0" lastid="0000000000025A00" lastname="main" />
</exclusive-start>
<af-start id="139" threadId="0000000000026478" totalBytesRequested="32" timestamp="2025-12-14T22:18:00.619" intervalms="122.352" type="nursery" />
<cycle-start id="140" type="scavenge" contextid="0" timestamp="2025-12-14T22:18:00.620" intervalms="122.222" />
<gc-start id="141" type="scavenge" contextid="140" timestamp="2025-12-14T22:18:00.621">
  <mem-info id="142" free="4055616" total="9568256" percent="42">
    <mem type="nursery" free="0" total="3276800" percent="0">
      <mem type="allocate" free="0" total="2162688" percent="0" />
      <mem type="survivor" free="0" total="1114112" percent="0" />
    </mem>
    <mem type="tenure" free="4055616" total="6291456" percent="64">
      <mem type="soa" free="3740224" total="5976064" percent="62" />
      <mem type="loa" free="315392" total="315392" percent="100" />
    </mem>
    <remembered-set count="4278" />
  </mem-info>
</gc-start>
<allocation-stats totalBytes="1901832" discardedBytes="328" >
  <allocated-bytes non-tlh="153120" tlh="1748712" />
  <largest-consumer threadName="main" threadId="0000000000025A00" bytes="1897736" />
</allocation-stats>
<gc-op id="143" type="scavenge" timems="3.738" contextid="140" timestamp="2025-12-14T22:18:00.626">
  <scavenger-info tenureage="4" tenuremask="fff0" tiltratio="66" />
  <memory-copied type="nursery" objects="22969" bytes="970064" bytesdiscarded="21416" />
  <memory-copied type="tenure" objects="15" bytes="520" bytesdiscarded="0" />
  <finalization candidates="329" enqueued="151" />
  <ownableSynchronizers candidates="9" cleared="0" />
  <references type="soft" candidates="2362" cleared="0" enqueued="0" dynamicThreshold="32" maxThreshold="32" />
  <references type="weak" candidates="434" cleared="198" enqueued="198" />
  <references type="phantom" candidates="46" cleared="32" enqueued="32" />
  <object-monitors candidates="5" cleared="0"  />
</gc-op>
<gc-end id="144" type="scavenge" contextid="140" durationms="6.006" usertimems="7.113" systemtimems="0.000" stalltimems="0.691" timestamp="2025-12-14T22:18:00.627" activeThreads="2">
  <mem-info id="145" free="4686496" total="9568256" percent="48">
    <mem type="nursery" free="645472" total="3276800" percent="19">
      <mem type="allocate" free="645472" total="1638400" percent="39" />
      <mem type="survivor" free="0" total="1638400" percent="0" />
    </mem>
    <mem type="tenure" free="4041024" total="6291456" percent="64">
      <mem type="soa" free="3725632" total="5976064" percent="62" />
      <mem type="loa" free="315392" total="315392" percent="100" />
    </mem>
    <pending-finalizers system="151" default="0" reference="230" classloader="0" />
    <remembered-set count="3484" />
  </mem-info>
</gc-end>
<cycle-end id="146" type="scavenge" contextid="140" timestamp="2025-12-14T22:18:00.628" />
<allocation-satisfied id="147" threadId="0000000000025A00" bytesRequested="32" />
<af-end id="148" timestamp="2025-12-14T22:18:00.630" threadId="0000000000026478" success="true" from="nursery"/>
<exclusive-end id="149" timestamp="2025-12-14T22:18:00.630" durationms="11.693" />

<exclusive-start id="150" timestamp="2025-12-14T22:18:00.679" intervalms="60.731">
  <response-info timems="0.055" idlems="0.055" threads="0" lastid="0000000000025A00" lastname="main" />
</exclusive-start>
<af-start id="151" threadId="0000000000026478" totalBytesRequested="16392" timestamp="2025-12-14T22:18:00.680" intervalms="60.790" type="nursery" />
<cycle-start id="152" type="scavenge" contextid="0" timestamp="2025-12-14T22:18:00.681" intervalms="61.128" />
<gc-start id="153" type="scavenge" contextid="152" timestamp="2025-12-14T22:18:00.682">
  <mem-info id="154" free="4029848" total="9568256" percent="42">
    <mem type="nursery" free="0" total="3276800" percent="0">
      <mem type="allocate" free="0" total="1638400" percent="0" />
      <mem type="survivor" free="0" total="1638400" percent="0" />
    </mem>
    <mem type="tenure" free="4029848" total="6291456" percent="64">
      <mem type="soa" free="3714456" total="5976064" percent="62" />
      <mem type="loa" free="315392" total="315392" percent="100" />
    </mem>
    <remembered-set count="3660" />
  </mem-info>
</gc-start>
<allocation-stats totalBytes="634896" discardedBytes="21752" >
  <allocated-bytes non-tlh="11208" tlh="623688" />
  <largest-consumer threadName="main" threadId="0000000000025A00" bytes="634896" />
</allocation-stats>
<gc-op id="155" type="scavenge" timems="5.471" contextid="152" timestamp="2025-12-14T22:18:00.689">
  <scavenger-info tenureage="3" tenuremask="7ff8" tiltratio="50" />
  <memory-copied type="nursery" objects="23797" bytes="1036376" bytesdiscarded="31472" />
  <memory-copied type="tenure" objects="1533" bytes="41088" bytesdiscarded="8" />
  <finalization candidates="190" enqueued="6" />
  <ownableSynchronizers candidates="9" cleared="0" />
  <references type="soft" candidates="3456" cleared="0" enqueued="0" dynamicThreshold="32" maxThreshold="32" />
  <references type="weak" candidates="268" cleared="44" enqueued="43" />
  <references type="phantom" candidates="18" cleared="2" enqueued="2" />
  <object-monitors candidates="5" cleared="0"  />
</gc-op>
<heap-resize id="156" type="expand" space="nursery" amount="262144" count="1" timems="0.083" reason="excessive time being spent scavenging" timestamp="2025-12-14T22:18:00.690" />
<gc-end id="157" type="scavenge" contextid="152" durationms="8.665" usertimems="7.349" systemtimems="3.544" stalltimems="1.247" timestamp="2025-12-14T22:18:00.691" activeThreads="2">
  <mem-info id="158" free="4830600" total="9830400" percent="49">
    <mem type="nursery" free="897520" total="3538944" percent="25">
      <mem type="allocate" free="897520" total="1966080" percent="45" />
      <mem type="survivor" free="0" total="1572864" percent="0" />
    </mem>
    <mem type="tenure" free="3933080" total="6291456" percent="62">
      <mem type="soa" free="3617688" total="5976064" percent="60" />
      <mem type="loa" free="315392" total="315392" percent="100" />
    </mem>
    <pending-finalizers system="6" default="0" reference="45" classloader="0" />
    <remembered-set count="2770" />
  </mem-info>
</gc-end>
<cycle-end id="159" type="scavenge" contextid="152" timestamp="2025-12-14T22:18:00.692" />
<allocation-satisfied id="160" threadId="0000000000025A00" bytesRequested="16392" />
<af-end id="161" timestamp="2025-12-14T22:18:00.693" threadId="0000000000026478" success="true" from="nursery"/>
<exclusive-end id="162" timestamp="2025-12-14T22:18:00.694" durationms="14.513" />

<exclusive-start id="163" timestamp="2025-12-14T22:18:00.771" intervalms="91.817">
  <response-info timems="0.078" idlems="0.078" threads="0" lastid="0000000000025A00" lastname="main" />
</exclusive-start>
<af-start id="164" threadId="0000000000026478" totalBytesRequested="48" timestamp="2025-12-14T22:18:00.772" intervalms="91.985" type="nursery" />
<cycle-start id="165" type="scavenge" contextid="0" timestamp="2025-12-14T22:18:00.773" intervalms="91.601" />
<gc-start id="166" type="scavenge" contextid="165" timestamp="2025-12-14T22:18:00.774">
  <mem-info id="167" free="3851248" total="9830400" percent="39">
    <mem type="nursery" free="0" total="3538944" percent="0">
      <mem type="allocate" free="0" total="1966080" percent="0" />
      <mem type="survivor" free="0" total="1572864" percent="0" />
    </mem>
    <mem type="tenure" free="3851248" total="6291456" percent="61">
      <mem type="soa" free="3535856" total="5976064" percent="59" />
      <mem type="loa" free="315392" total="315392" percent="100" />
    </mem>
    <remembered-set count="3856" />
  </mem-info>
</gc-start>
<allocation-stats totalBytes="979144" discardedBytes="208" >
  <allocated-bytes non-tlh="98224" tlh="880920" />
  <largest-consumer threadName="main" threadId="0000000000025A00" bytes="979144" />
</allocation-stats>
<gc-op id="168" type="scavenge" timems="4.445" contextid="165" timestamp="2025-12-14T22:18:00.780">
  <scavenger-info tenureage="2" tenuremask="7ffc" tiltratio="55" />
  <memory-copied type="nursery" objects="7559" bytes="282712" bytesdiscarded="36152" />
  <memory-copied type="tenure" objects="20207" bytes="883240" bytesdiscarded="600" />
  <finalization candidates="211" enqueued="28" />
  <ownableSynchronizers candidates="19" cleared="0" />
  <references type="soft" candidates="1169" cleared="0" enqueued="0" dynamicThreshold="32" maxThreshold="32" />
  <references type="weak" candidates="304" cleared="281" enqueued="281" />
  <references type="phantom" candidates="11" cleared="10" enqueued="10" />
  <object-monitors candidates="5" cleared="0"  />
</gc-op>
<gc-end id="169" type="scavenge" contextid="165" durationms="6.882" usertimems="8.396" systemtimems="0.000" stalltimems="0.785" timestamp="2025-12-14T22:18:00.781" activeThreads="2">
  <mem-info id="170" free="4736856" total="9830400" percent="48">
    <mem type="nursery" free="1777912" total="3538944" percent="50">
      <mem type="allocate" free="1777912" total="2097152" percent="84" />
      <mem type="survivor" free="0" total="1441792" percent="0" />
    </mem>
    <mem type="tenure" free="2958944" total="6291456" percent="47">
      <mem type="soa" free="2643552" total="5976064" percent="44" />
      <mem type="loa" free="315392" total="315392" percent="100" />
    </mem>
    <pending-finalizers system="28" default="0" reference="291" classloader="0" />
    <remembered-set count="1584" />
  </mem-info>
</gc-end>
<cycle-end id="171" type="scavenge" contextid="165" timestamp="2025-12-14T22:18:00.781" />
<allocation-satisfied id="172" threadId="0000000000025A00" bytesRequested="48" />
<af-end id="173" timestamp="2025-12-14T22:18:00.783" threadId="0000000000026478" success="true" from="nursery"/>
<exclusive-end id="174" timestamp="2025-12-14T22:18:00.784" durationms="12.581" />

<exclusive-start id="175" timestamp="2025-12-14T22:18:00.857" intervalms="86.072">
  <response-info timems="0.054" idlems="0.054" threads="0" lastid="0000000000025A00" lastname="main" />
</exclusive-start>
<af-start id="176" threadId="0000000000026478" totalBytesRequested="16" timestamp="2025-12-14T22:18:00.858" intervalms="86.086" type="nursery" />
<cycle-start id="177" type="scavenge" contextid="0" timestamp="2025-12-14T22:18:00.859" intervalms="86.359" />
<gc-start id="178" type="scavenge" contextid="177" timestamp="2025-12-14T22:18:00.860">
  <mem-info id="179" free="2915296" total="9830400" percent="29">
    <mem type="nursery" free="0" total="3538944" percent="0">
      <mem type="allocate" free="0" total="2097152" percent="0" />
      <mem type="survivor" free="0" total="1441792" percent="0" />
    </mem>
    <mem type="tenure" free="2915296" total="6291456" percent="46">
      <mem type="soa" free="2599904" total="5976064" percent="43" />
      <mem type="loa" free="315392" total="315392" percent="100" />
    </mem>
    <remembered-set count="2147" />
  </mem-info>
</gc-start>
<allocation-stats totalBytes="1820840" discardedBytes="720" >
  <allocated-bytes non-tlh="43696" tlh="1777144" />
  <largest-consumer threadName="main" threadId="0000000000025A00" bytes="1816744" />
</allocation-stats>
<gc-op id="180" type="scavenge" timems="4.306" contextid="177" timestamp="2025-12-14T22:18:00.866">
  <scavenger-info tenureage="2" tenuremask="7ffc" tiltratio="59" />
  <memory-copied type="nursery" objects="14198" bytes="429376" bytesdiscarded="84680" />
  <memory-copied type="tenure" objects="3389" bytes="136728" bytesdiscarded="32" />
  <finalization candidates="183" enqueued="105" />
  <ownableSynchronizers candidates="14" cleared="3" />
  <references type="soft" candidates="93" cleared="0" enqueued="0" dynamicThreshold="32" maxThreshold="32" />
  <references type="weak" candidates="259" cleared="181" enqueued="181" />
  <references type="phantom" candidates="18" cleared="16" enqueued="16" />
  <object-monitors candidates="5" cleared="0"  />
</gc-op>
<heap-resize id="181" type="expand" space="nursery" amount="262144" count="1" timems="0.067" reason="excessive time being spent scavenging" timestamp="2025-12-14T22:18:00.868" />
<gc-end id="182" type="scavenge" contextid="177" durationms="8.399" usertimems="8.315" systemtimems="0.000" stalltimems="1.704" timestamp="2025-12-14T22:18:00.869" activeThreads="2">
  <mem-info id="183" free="4586960" total="10092544" percent="45">
    <mem type="nursery" free="1844736" total="3801088" percent="48">
      <mem type="allocate" free="1844736" total="2359296" percent="78" />
      <mem type="survivor" free="0" total="1441792" percent="0" />
    </mem>
    <mem type="tenure" free="2742224" total="6291456" percent="43">
      <mem type="soa" free="2426832" total="5976064" percent="40" />
      <mem type="loa" free="315392" total="315392" percent="100" />
    </mem>
    <pending-finalizers system="105" default="0" reference="197" classloader="0" />
    <remembered-set count="1785" />
  </mem-info>
</gc-end>
<cycle-end id="184" type="scavenge" contextid="177" timestamp="2025-12-14T22:18:00.869" />
<allocation-satisfied id="185" threadId="0000000000025A00" bytesRequested="16" />
<af-end id="186" timestamp="2025-12-14T22:18:00.871" threadId="0000000000026478" success="true" from="nursery"/>
<exclusive-end id="187" timestamp="2025-12-14T22:18:00.871" durationms="14.027" />

<exclusive-start id="188" timestamp="2025-12-14T22:18:00.936" intervalms="78.518">
  <response-info timems="0.058" idlems="0.058" threads="0" lastid="0000000000025A00" lastname="main" />
</exclusive-start>
<af-start id="189" threadId="0000000000026478" totalBytesRequested="72" timestamp="2025-12-14T22:18:00.937" intervalms="78.527" type="nursery" />
<cycle-start id="190" type="scavenge" contextid="0" timestamp="2025-12-14T22:18:00.938" intervalms="78.553" />
<gc-start id="191" type="scavenge" contextid="190" timestamp="2025-12-14T22:18:00.939">
  <mem-info id="192" free="2675080" total="10092544" percent="26">
    <mem type="nursery" free="0" total="3801088" percent="0">
      <mem type="allocate" free="0" total="2359296" percent="0" />
      <mem type="survivor" free="0" total="1441792" percent="0" />
    </mem>
    <mem type="tenure" free="2675080" total="6291456" percent="42">
      <mem type="soa" free="2359688" total="5976064" percent="39" />
      <mem type="loa" free="315392" total="315392" percent="100" />
    </mem>
    <remembered-set count="2692" />
  </mem-info>
</gc-start>
<allocation-stats totalBytes="1910848" discardedBytes="1032" >
  <allocated-bytes non-tlh="105848" tlh="1805000" />
  <largest-consumer threadName="main" threadId="0000000000025A00" bytes="1712944" />
</allocation-stats>
<gc-op id="193" type="scavenge" timems="4.174" contextid="190" timestamp="2025-12-14T22:18:00.944">
  <scavenger-info tenureage="2" tenuremask="7ffc" tiltratio="62" />
  <memory-copied type="nursery" objects="17829" bytes="595120" bytesdiscarded="27464" />
  <memory-copied type="tenure" objects="3318" bytes="106016" bytesdiscarded="88" />
  <finalization candidates="202" enqueued="80" />
  <ownableSynchronizers candidates="21" cleared="0" />
  <references type="soft" candidates="110" cleared="0" enqueued="0" dynamicThreshold="32" maxThreshold="32" />
  <references type="weak" candidates="398" cleared="246" enqueued="246" />
  <references type="phantom" candidates="17" cleared="14" enqueued="14" />
  <object-monitors candidates="5" cleared="0"  />
</gc-op>
<heap-resize id="194" type="expand" space="nursery" amount="262144" count="1" timems="0.059" reason="excessive time being spent scavenging" timestamp="2025-12-14T22:18:00.946" />
<gc-end id="195" type="scavenge" contextid="190" durationms="7.767" usertimems="8.237" systemtimems="0.000" stalltimems="1.687" timestamp="2025-12-14T22:18:00.946" activeThreads="2">
  <mem-info id="196" free="4612384" total="10354688" percent="44">
    <mem type="nursery" free="2063256" total="4063232" percent="50">
      <mem type="allocate" free="2063256" total="2686976" percent="76" />
      <mem type="survivor" free="0" total="1376256" percent="0" />
    </mem>
    <mem type="tenure" free="2549128" total="6291456" percent="40">
      <mem type="soa" free="2233736" total="5976064" percent="37" />
      <mem type="loa" free="315392" total="315392" percent="100" />
    </mem>
    <pending-finalizers system="80" default="0" reference="260" classloader="0" />
    <remembered-set count="1623" />
  </mem-info>
</gc-end>
<cycle-end id="197" type="scavenge" contextid="190" timestamp="2025-12-14T22:18:00.947" />
<allocation-satisfied id="198" threadId="0000000000025A00" bytesRequested="72" />
<af-end id="199" timestamp="2025-12-14T22:18:00.949" threadId="0000000000026478" success="true" from="nursery"/>
<exclusive-end id="200" timestamp="2025-12-14T22:18:00.950" durationms="13.680" />

<exclusive-start id="201" timestamp="2025-12-14T22:18:01.073" intervalms="137.049">
  <response-info timems="0.069" idlems="0.069" threads="0" lastid="0000000000025A00" lastname="main" />
</exclusive-start>
<af-start id="202" threadId="0000000000026478" totalBytesRequested="1032" timestamp="2025-12-14T22:18:01.074" intervalms="137.108" type="nursery" />
<cycle-start id="203" type="scavenge" contextid="0" timestamp="2025-12-14T22:18:01.075" intervalms="137.162" />
<gc-start id="204" type="scavenge" contextid="203" timestamp="2025-12-14T22:18:01.076">
  <mem-info id="205" free="2547712" total="10354688" percent="24">
    <mem type="nursery" free="0" total="4063232" percent="0">
      <mem type="allocate" free="0" total="2686976" percent="0" />
      <mem type="survivor" free="0" total="1376256" percent="0" />
    </mem>
    <mem type="tenure" free="2547712" total="6291456" percent="40">
      <mem type="soa" free="2232320" total="5976064" percent="37" />
      <mem type="loa" free="315392" total="315392" percent="100" />
    </mem>
    <remembered-set count="1661" />
  </mem-info>
</gc-start>
<allocation-stats totalBytes="2060728" discardedBytes="3944" >
  <allocated-bytes non-tlh="393064" tlh="1667664" />
  <largest-consumer threadName="main" threadId="0000000000025A00" bytes="2060728" />
</allocation-stats>
<gc-op id="206" type="scavenge" timems="3.536" contextid="203" timestamp="2025-12-14T22:18:01.081">
  <scavenger-info tenureage="2" tenuremask="7ffc" tiltratio="66" />
  <memory-copied type="nursery" objects="8142" bytes="322912" bytesdiscarded="81400" />
  <memory-copied type="tenure" objects="9907" bytes="286912" bytesdiscarded="88" />
  <finalization candidates="107" enqueued="0" />
  <ownableSynchronizers candidates="12" cleared="0" />
  <references type="soft" candidates="73" cleared="0" enqueued="0" dynamicThreshold="32" maxThreshold="32" />
  <references type="weak" candidates="96" cleared="4" enqueued="4" />
  <references type="phantom" candidates="3" cleared="0" enqueued="0" />
  <object-monitors candidates="5" cleared="0"  />
</gc-op>
<gc-end id="207" type="scavenge" contextid="203" durationms="6.416" usertimems="4.037" systemtimems="1.933" stalltimems="1.595" timestamp="2025-12-14T22:18:01.082" activeThreads="2">
  <mem-info id="208" free="4808568" total="10354688" percent="46">
    <mem type="nursery" free="2544248" total="4063232" percent="62">
      <mem type="allocate" free="2544248" total="2949120" percent="86" />
      <mem type="survivor" free="0" total="1114112" percent="0" />
    </mem>
    <mem type="tenure" free="2264320" total="6291456" percent="35">
      <mem type="soa" free="1948928" total="5976064" percent="32" />
      <mem type="loa" free="315392" total="315392" percent="100" />
    </mem>
    <pending-finalizers system="0" default="0" reference="4" classloader="0" />
    <remembered-set count="1126" />
  </mem-info>
</gc-end>
<cycle-end id="209" type="scavenge" contextid="203" timestamp="2025-12-14T22:18:01.083" />
<allocation-satisfied id="210" threadId="0000000000025A00" bytesRequested="1032" />
<af-end id="211" timestamp="2025-12-14T22:18:01.085" threadId="0000000000026478" success="true" from="nursery"/>
<exclusive-end id="212" timestamp="2025-12-14T22:18:01.086" durationms="13.164" />

<exclusive-start id="213" timestamp="2025-12-14T22:18:01.180" intervalms="107.495">
  <response-info timems="0.061" idlems="0.061" threads="0" lastid="0000000000025A00" lastname="main" />
</exclusive-start>
<af-start id="214" threadId="0000000000026478" totalBytesRequested="8184" timestamp="2025-12-14T22:18:01.182" intervalms="108.409" type="nursery" />
<cycle-start id="215" type="scavenge" contextid="0" timestamp="2025-12-14T22:18:01.183" intervalms="108.274" />
<gc-start id="216" type="scavenge" contextid="215" timestamp="2025-12-14T22:18:01.184">
  <mem-info id="217" free="2263952" total="10354688" percent="21">
    <mem type="nursery" free="0" total="4063232" percent="0">
      <mem type="allocate" free="0" total="2949120" percent="0" />
      <mem type="survivor" free="0" total="1114112" percent="0" />
    </mem>
    <mem type="tenure" free="2263952" total="6291456" percent="35">
      <mem type="soa" free="1948560" total="5976064" percent="32" />
      <mem type="loa" free="315392" total="315392" percent="100" />
    </mem>
    <remembered-set count="1140" />
  </mem-info>
</gc-start>
<allocation-stats totalBytes="2484800" discardedBytes="59816" >
  <allocated-bytes non-tlh="711776" tlh="1773024" />
  <largest-consumer threadName="main" threadId="0000000000025A00" bytes="2484800" />
</allocation-stats>
<gc-op id="218" type="scavenge" timems="2.106" contextid="215" timestamp="2025-12-14T22:18:01.188">
  <scavenger-info tenureage="2" tenuremask="7ffc" tiltratio="72" />
  <memory-copied type="nursery" objects="849" bytes="48248" bytesdiscarded="20096" />
  <memory-copied type="tenure" objects="7582" bytes="290264" bytesdiscarded="328" />
  <finalization candidates="50" enqueued="0" />
  <ownableSynchronizers candidates="10" cleared="0" />
  <references type="weak" candidates="1" cleared="0" enqueued="0" />
  <references type="phantom" candidates="4" cleared="0" enqueued="0" />
  <object-monitors candidates="5" cleared="0"  />
</gc-op>
<gc-end id="219" type="scavenge" contextid="215" durationms="4.417" usertimems="2.556" systemtimems="1.227" stalltimems="0.952" timestamp="2025-12-14T22:18:01.189" activeThreads="2">
  <mem-info id="220" free="4959240" total="10354688" percent="47">
    <mem type="nursery" free="3011840" total="4063232" percent="74">
      <mem type="allocate" free="3011840" total="3080192" percent="97" />
      <mem type="survivor" free="0" total="983040" percent="0" />
    </mem>
    <mem type="tenure" free="1947400" total="6291456" percent="30">
      <mem type="soa" free="1632008" total="5976064" percent="27" />
      <mem type="loa" free="315392" total="315392" percent="100" />
    </mem>
    <remembered-set count="172" />
  </mem-info>
</gc-end>
<cycle-end id="221" type="scavenge" contextid="215" timestamp="2025-12-14T22:18:01.190" />
<allocation-satisfied id="222" threadId="0000000000025A00" bytesRequested="8184" />
<af-end id="223" timestamp="2025-12-14T22:18:01.191" threadId="0000000000026478" success="true" from="nursery"/>
<exclusive-end id="224" timestamp="2025-12-14T22:18:01.191" durationms="11.028" />

<exclusive-start id="225" timestamp="2025-12-14T22:18:01.331" intervalms="150.654">
  <response-info timems="0.082" idlems="0.082" threads="0" lastid="0000000000025A00" lastname="main" />
</exclusive-start>
<af-start id="226" threadId="0000000000026478" totalBytesRequested="152536" timestamp="2025-12-14T22:18:01.334" intervalms="151.600" type="nursery" />
<cycle-start id="227" type="scavenge" contextid="0" timestamp="2025-12-14T22:18:01.337" intervalms="153.507" />
<gc-start id="228" type="scavenge" contextid="227" timestamp="2025-12-14T22:18:01.339">
  <mem-info id="229" free="1965904" total="10354688" percent="18">
    <mem type="nursery" free="18928" total="4063232" percent="0">
      <mem type="allocate" free="18928" total="3080192" percent="0" />
      <mem type="survivor" free="0" total="983040" percent="0" />
    </mem>
    <mem type="tenure" free="1946976" total="6291456" percent="30">
      <mem type="soa" free="1631584" total="5976064" percent="27" />
      <mem type="loa" free="315392" total="315392" percent="100" />
    </mem>
    <remembered-set count="242" />
  </mem-info>
</gc-start>
<allocation-stats totalBytes="2956888" discardedBytes="36448" >
  <allocated-bytes non-tlh="398072" tlh="2558816" />
  <largest-consumer threadName="main" threadId="0000000000025A00" bytes="2956888" />
</allocation-stats>
<gc-op id="230" type="scavenge" timems="1.339" contextid="227" timestamp="2025-12-14T22:18:01.342">
  <scavenger-info tenureage="3" tenuremask="7ff8" tiltratio="75" />
  <memory-copied type="nursery" objects="1382" bytes="48288" bytesdiscarded="24664" />
  <references type="phantom" candidates="2" cleared="0" enqueued="0" />
  <object-monitors candidates="5" cleared="0"  />
</gc-op>
<gc-end id="231" type="scavenge" contextid="227" durationms="4.015" usertimems="0.000" systemtimems="1.971" stalltimems="0.876" timestamp="2025-12-14T22:18:01.343" activeThreads="2">
  <mem-info id="232" free="5085280" total="10354688" percent="49">
    <mem type="nursery" free="3138304" total="4063232" percent="77">
      <mem type="allocate" free="3138304" total="3211264" percent="97" />
      <mem type="survivor" free="0" total="851968" percent="0" />
    </mem>
    <mem type="tenure" free="1946976" total="6291456" percent="30">
      <mem type="soa" free="1631584" total="5976064" percent="27" />
      <mem type="loa" free="315392" total="315392" percent="100" />
    </mem>
    <remembered-set count="154" />
  </mem-info>
</gc-end>
<cycle-end id="233" type="scavenge" contextid="227" timestamp="2025-12-14T22:18:01.344" />
<allocation-satisfied id="234" threadId="0000000000025A00" bytesRequested="152536" />
<af-end id="235" timestamp="2025-12-14T22:18:01.345" threadId="0000000000026478" success="true" from="nursery"/>
<exclusive-end id="236" timestamp="2025-12-14T22:18:01.346" durationms="15.204" />

<exclusive-start id="237" timestamp="2025-12-14T22:18:01.463" intervalms="132.318">
  <response-info timems="0.050" idlems="0.050" threads="0" lastid="0000000000025A00" lastname="main" />
</exclusive-start>
<af-start id="238" threadId="0000000000026478" totalBytesRequested="896" timestamp="2025-12-14T22:18:01.464" intervalms="130.518" type="nursery" />
<cycle-start id="239" type="scavenge" contextid="0" timestamp="2025-12-14T22:18:01.465" intervalms="128.601" />
<gc-start id="240" type="scavenge" contextid="239" timestamp="2025-12-14T22:18:01.466">
  <mem-info id="241" free="1946808" total="10354688" percent="18">
    <mem type="nursery" free="0" total="4063232" percent="0">
      <mem type="allocate" free="0" total="3211264" percent="0" />
      <mem type="survivor" free="0" total="851968" percent="0" />
    </mem>
    <mem type="tenure" free="1946808" total="6291456" percent="30">
      <mem type="soa" free="1631416" total="5976064" percent="27" />
      <mem type="loa" free="315392" total="315392" percent="100" />
    </mem>
    <remembered-set count="212" />
  </mem-info>
</gc-start>
<allocation-stats totalBytes="3082448" discardedBytes="56024" >
  <allocated-bytes non-tlh="656352" tlh="2426096" />
  <largest-consumer threadName="main" threadId="0000000000025A00" bytes="3082448" />
</allocation-stats>
<gc-op id="242" type="scavenge" timems="1.092" contextid="239" timestamp="2025-12-14T22:18:01.469">
  <scavenger-info tenureage="4" tenuremask="7ff0" tiltratio="79" />
  <memory-copied type="nursery" objects="1858" bytes="71816" bytesdiscarded="1136" />
  <references type="phantom" candidates="2" cleared="0" enqueued="0" />
  <object-monitors candidates="5" cleared="0"  />
</gc-op>
<gc-end id="243" type="scavenge" contextid="239" durationms="3.142" usertimems="0.948" systemtimems="0.462" stalltimems="0.782" timestamp="2025-12-14T22:18:01.469" activeThreads="2">
  <mem-info id="244" free="5281720" total="10354688" percent="51">
    <mem type="nursery" free="3334912" total="4063232" percent="82">
      <mem type="allocate" free="3334912" total="3407872" percent="97" />
      <mem type="survivor" free="0" total="655360" percent="0" />
    </mem>
    <mem type="tenure" free="1946808" total="6291456" percent="30">
      <mem type="soa" free="1631416" total="5976064" percent="27" />
      <mem type="loa" free="315392" total="315392" percent="100" />
    </mem>
    <remembered-set count="149" />
  </mem-info>
</gc-end>
<cycle-end id="245" type="scavenge" contextid="239" timestamp="2025-12-14T22:18:01.470" />
<allocation-satisfied id="246" threadId="0000000000025A00" bytesRequested="896" />
<af-end id="247" timestamp="2025-12-14T22:18:01.471" threadId="0000000000026478" success="true" from="nursery"/>
<exclusive-end id="248" timestamp="2025-12-14T22:18:01.472" durationms="8.665" />

<exclusive-start id="249" timestamp="2025-12-14T22:18:01.589" intervalms="125.451">
  <response-info timems="0.095" idlems="0.095" threads="0" lastid="0000000000025A00" lastname="main" />
</exclusive-start>
<af-start id="250" threadId="0000000000026478" totalBytesRequested="8200" timestamp="2025-12-14T22:18:01.590" intervalms="125.172" type="nursery" />
<cycle-start id="251" type="scavenge" contextid="0" timestamp="2025-12-14T22:18:01.590" intervalms="124.975" />
<gc-start id="252" type="scavenge" contextid="251" timestamp="2025-12-14T22:18:01.591">
  <mem-info id="253" free="1946640" total="10354688" percent="18">
    <mem type="nursery" free="0" total="4063232" percent="0">
      <mem type="allocate" free="0" total="3407872" percent="0" />
      <mem type="survivor" free="0" total="655360" percent="0" />
    </mem>
    <mem type="tenure" free="1946640" total="6291456" percent="30">
      <mem type="soa" free="1631248" total="5976064" percent="27" />
      <mem type="loa" free="315392" total="315392" percent="100" />
    </mem>
    <remembered-set count="210" />
  </mem-info>
</gc-start>
<allocation-stats totalBytes="3236608" discardedBytes="98472" >
  <allocated-bytes non-tlh="868920" tlh="2367688" />
  <largest-consumer threadName="main" threadId="0000000000025A00" bytes="3236608" />
</allocation-stats>
<gc-op id="254" type="scavenge" timems="1.299" contextid="251" timestamp="2025-12-14T22:18:01.594">
  <scavenger-info tenureage="5" tenuremask="7fe0" tiltratio="83" />
  <memory-copied type="nursery" objects="2390" bytes="131464" bytesdiscarded="12456" />
  <references type="phantom" candidates="3" cleared="0" enqueued="0" />
  <object-monitors candidates="5" cleared="0"  />
</gc-op>
<gc-end id="255" type="scavenge" contextid="251" durationms="3.849" usertimems="0.000" systemtimems="2.310" stalltimems="0.679" timestamp="2025-12-14T22:18:01.595" activeThreads="2">
  <mem-info id="256" free="5276112" total="10354688" percent="50">
    <mem type="nursery" free="3329472" total="4063232" percent="81">
      <mem type="allocate" free="3329472" total="3473408" percent="95" />
      <mem type="survivor" free="0" total="589824" percent="0" />
    </mem>
    <mem type="tenure" free="1946640" total="6291456" percent="30">
      <mem type="soa" free="1631248" total="5976064" percent="27" />
      <mem type="loa" free="315392" total="315392" percent="100" />
    </mem>
    <remembered-set count="145" />
  </mem-info>
</gc-end>
<cycle-end id="257" type="scavenge" contextid="251" timestamp="2025-12-14T22:18:01.596" />
<allocation-satisfied id="258" threadId="0000000000025A00" bytesRequested="8200" />
<af-end id="259" timestamp="2025-12-14T22:18:01.598" threadId="0000000000026478" success="true" from="nursery"/>
<exclusive-end id="260" timestamp="2025-12-14T22:18:01.598" durationms="9.519" />

<exclusive-start id="261" timestamp="2025-12-14T22:18:01.722" intervalms="132.678">
  <response-info timems="0.057" idlems="0.057" threads="0" lastid="0000000000025A00" lastname="main" />
</exclusive-start>
<af-start id="262" threadId="0000000000026478" totalBytesRequested="2448" timestamp="2025-12-14T22:18:01.722" intervalms="132.547" type="nursery" />
<cycle-start id="263" type="scavenge" contextid="0" timestamp="2025-12-14T22:18:01.723" intervalms="132.546" />
<gc-start id="264" type="scavenge" contextid="263" timestamp="2025-12-14T22:18:01.724">
  <mem-info id="265" free="1946384" total="10354688" percent="18">
    <mem type="nursery" free="0" total="4063232" percent="0">
      <mem type="allocate" free="0" total="3473408" percent="0" />
      <mem type="survivor" free="0" total="589824" percent="0" />
    </mem>
    <mem type="tenure" free="1946384" total="6291456" percent="30">
      <mem type="soa" free="1630992" total="5976064" percent="27" />
      <mem type="loa" free="315392" total="315392" percent="100" />
    </mem>
    <remembered-set count="210" />
  </mem-info>
</gc-start>
<allocation-stats totalBytes="3262368" discardedBytes="67360" >
  <allocated-bytes non-tlh="447376" tlh="2814992" />
  <largest-consumer threadName="main" threadId="0000000000025A00" bytes="3262368" />
</allocation-stats>
<gc-op id="266" type="scavenge" timems="1.110" contextid="263" timestamp="2025-12-14T22:18:01.726">
  <scavenger-info tenureage="6" tenuremask="7fc0" tiltratio="85" />
  <memory-copied type="nursery" objects="2905" bytes="106344" bytesdiscarded="16528" />
  <references type="weak" candidates="1" cleared="0" enqueued="0" />
  <references type="phantom" candidates="4" cleared="0" enqueued="0" />
  <object-monitors candidates="5" cleared="0"  />
</gc-op>
<gc-end id="267" type="scavenge" contextid="263" durationms="3.121" usertimems="1.708" systemtimems="0.000" stalltimems="0.669" timestamp="2025-12-14T22:18:01.727" activeThreads="2">
  <mem-info id="268" free="5362448" total="10354688" percent="51">
    <mem type="nursery" free="3416064" total="4063232" percent="84">
      <mem type="allocate" free="3416064" total="3538944" percent="96" />
      <mem type="survivor" free="0" total="524288" percent="0" />
    </mem>
    <mem type="tenure" free="1946384" total="6291456" percent="30">
      <mem type="soa" free="1630992" total="5976064" percent="27" />
      <mem type="loa" free="315392" total="315392" percent="100" />
    </mem>
    <remembered-set count="147" />
  </mem-info>
</gc-end>
<cycle-end id="269" type="scavenge" contextid="263" timestamp="2025-12-14T22:18:01.727" />
<allocation-satisfied id="270" threadId="0000000000025A00" bytesRequested="2448" />
<af-end id="271" timestamp="2025-12-14T22:18:01.729" threadId="0000000000026478" success="true" from="nursery"/>
<exclusive-end id="272" timestamp="2025-12-14T22:18:01.729" durationms="7.760" />

<exclusive-start id="273" timestamp="2025-12-14T22:18:01.829" intervalms="107.288">
  <response-info timems="0.055" idlems="0.055" threads="0" lastid="0000000000025A00" lastname="main" />
</exclusive-start>
<af-start id="274" threadId="0000000000026478" totalBytesRequested="21080" timestamp="2025-12-14T22:18:01.830" intervalms="107.494" type="nursery" />
<cycle-start id="275" type="scavenge" contextid="0" timestamp="2025-12-14T22:18:01.830" intervalms="107.428" />
<gc-start id="276" type="scavenge" contextid="275" timestamp="2025-12-14T22:18:01.831">
  <mem-info id="277" free="1946288" total="10354688" percent="18">
    <mem type="nursery" free="0" total="4063232" percent="0">
      <mem type="allocate" free="0" total="3538944" percent="0" />
      <mem type="survivor" free="0" total="524288" percent="0" />
    </mem>
    <mem type="tenure" free="1946288" total="6291456" percent="30">
      <mem type="soa" free="1630896" total="5976064" percent="27" />
      <mem type="loa" free="315392" total="315392" percent="100" />
    </mem>
    <remembered-set count="203" />
  </mem-info>
</gc-start>
<allocation-stats totalBytes="3383232" discardedBytes="32928" >
  <allocated-bytes non-tlh="1092824" tlh="2290408" />
  <largest-consumer threadName="main" threadId="0000000000025A00" bytes="3383232" />
</allocation-stats>
<gc-op id="278" type="scavenge" timems="1.201" contextid="275" timestamp="2025-12-14T22:18:01.834">
  <scavenger-info tenureage="3" tenuremask="fff8" tiltratio="87" />
  <memory-copied type="nursery" objects="1551" bytes="56224" bytesdiscarded="22872" />
  <memory-copied type="tenure" objects="1807" bytes="60584" bytesdiscarded="56" />
  <references type="phantom" candidates="2" cleared="0" enqueued="0" />
  <object-monitors candidates="5" cleared="0"  />
</gc-op>
<gc-end id="279" type="scavenge" contextid="275" durationms="3.553" usertimems="2.511" systemtimems="0.000" stalltimems="0.713" timestamp="2025-12-14T22:18:01.835" activeThreads="2">
  <mem-info id="280" free="5427888" total="10354688" percent="52">
    <mem type="nursery" free="3525376" total="4063232" percent="86">
      <mem type="allocate" free="3525376" total="3604480" percent="97" />
      <mem type="survivor" free="0" total="458752" percent="0" />
    </mem>
    <mem type="tenure" free="1902512" total="6291456" percent="30">
      <mem type="soa" free="1587120" total="5976064" percent="26" />
      <mem type="loa" free="315392" total="315392" percent="100" />
    </mem>
    <remembered-set count="226" />
  </mem-info>
</gc-end>
<cycle-end id="281" type="scavenge" contextid="275" timestamp="2025-12-14T22:18:01.836" />
<allocation-satisfied id="282" threadId="0000000000025A00" bytesRequested="21080" />
<af-end id="283" timestamp="2025-12-14T22:18:01.837" threadId="0000000000026478" success="true" from="nursery"/>
<exclusive-end id="284" timestamp="2025-12-14T22:18:01.838" durationms="9.431" />

<exclusive-start id="285" timestamp="2025-12-14T22:18:01.955" intervalms="126.456">
  <response-info timems="0.055" idlems="0.055" threads="0" lastid="0000000000025A00" lastname="main" />
</exclusive-start>
<af-start id="286" threadId="0000000000026478" totalBytesRequested="2056" timestamp="2025-12-14T22:18:01.956" intervalms="126.288" type="nursery" />
<cycle-start id="287" type="scavenge" contextid="0" timestamp="2025-12-14T22:18:01.957" intervalms="126.253" />
<gc-start id="288" type="scavenge" contextid="287" timestamp="2025-12-14T22:18:01.957">
  <mem-info id="289" free="1902408" total="10354688" percent="18">
    <mem type="nursery" free="0" total="4063232" percent="0">
      <mem type="allocate" free="0" total="3604480" percent="0" />
      <mem type="survivor" free="0" total="458752" percent="0" />
    </mem>
    <mem type="tenure" free="1902408" total="6291456" percent="30">
      <mem type="soa" free="1587016" total="5976064" percent="26" />
      <mem type="loa" free="315392" total="315392" percent="100" />
    </mem>
    <remembered-set count="331" />
  </mem-info>
</gc-start>
<allocation-stats totalBytes="3460568" discardedBytes="64912" >
  <allocated-bytes non-tlh="631672" tlh="2828896" />
  <largest-consumer threadName="main" threadId="0000000000025A00" bytes="3460568" />
</allocation-stats>
<gc-op id="290" type="scavenge" timems="0.960" contextid="287" timestamp="2025-12-14T22:18:01.959">
  <scavenger-info tenureage="3" tenuremask="ff08" tiltratio="88" />
  <memory-copied type="nursery" objects="1726" bytes="93384" bytesdiscarded="10280" />
  <memory-copied type="tenure" objects="520" bytes="17376" bytesdiscarded="168" />
  <references type="phantom" candidates="3" cleared="0" enqueued="0" />
  <object-monitors candidates="5" cleared="0"  />
</gc-op>
<gc-end id="291" type="scavenge" contextid="287" durationms="3.044" usertimems="1.136" systemtimems="0.574" stalltimems="0.470" timestamp="2025-12-14T22:18:01.960" activeThreads="2">
  <mem-info id="292" free="5403208" total="10354688" percent="52">
    <mem type="nursery" free="3500800" total="4063232" percent="86">
      <mem type="allocate" free="3500800" total="3604480" percent="97" />
      <mem type="survivor" free="0" total="458752" percent="0" />
    </mem>
    <mem type="tenure" free="1902408" total="6291456" percent="30">
      <mem type="soa" free="1587016" total="5976064" percent="26" />
      <mem type="loa" free="315392" total="315392" percent="100" />
    </mem>
    <remembered-set count="211" />
  </mem-info>
</gc-end>
<cycle-end id="293" type="scavenge" contextid="287" timestamp="2025-12-14T22:18:01.961" />
<allocation-satisfied id="294" threadId="0000000000025A00" bytesRequested="2056" />
<af-end id="295" timestamp="2025-12-14T22:18:01.963" threadId="0000000000026478" success="true" from="nursery"/>
<exclusive-end id="296" timestamp="2025-12-14T22:18:01.963" durationms="8.069" />

<exclusive-start id="297" timestamp="2025-12-14T22:18:02.122" intervalms="166.453">
  <response-info timems="0.058" idlems="0.058" threads="0" lastid="0000000000025A00" lastname="main" />
</exclusive-start>
<af-start id="298" threadId="0000000000026478" totalBytesRequested="2488" timestamp="2025-12-14T22:18:02.123" intervalms="166.630" type="nursery" />
<cycle-start id="299" type="scavenge" contextid="0" timestamp="2025-12-14T22:18:02.124" intervalms="166.954" />
<gc-start id="300" type="scavenge" contextid="299" timestamp="2025-12-14T22:18:02.124">
  <mem-info id="301" free="1902256" total="10354688" percent="18">
    <mem type="nursery" free="0" total="4063232" percent="0">
      <mem type="allocate" free="0" total="3604480" percent="0" />
      <mem type="survivor" free="0" total="458752" percent="0" />
    </mem>
    <mem type="tenure" free="1902256" total="6291456" percent="30">
      <mem type="soa" free="1586864" total="5976064" percent="26" />
      <mem type="loa" free="315392" total="315392" percent="100" />
    </mem>
    <remembered-set count="315" />
  </mem-info>
</gc-start>
<allocation-stats totalBytes="3493648" discardedBytes="7304" >
  <allocated-bytes non-tlh="403576" tlh="3090072" />
  <largest-consumer threadName="main" threadId="0000000000025A00" bytes="3493648" />
</allocation-stats>
<gc-op id="302" type="scavenge" timems="1.419" contextid="299" timestamp="2025-12-14T22:18:02.127">
  <scavenger-info tenureage="3" tenuremask="ffe8" tiltratio="88" />
  <memory-copied type="nursery" objects="1809" bytes="77504" bytesdiscarded="22328" />
  <memory-copied type="tenure" objects="527" bytes="17728" bytesdiscarded="0" />
  <references type="phantom" candidates="3" cleared="0" enqueued="0" />
  <object-monitors candidates="5" cleared="0"  />
</gc-op>
<gc-end id="303" type="scavenge" contextid="299" durationms="4.275" usertimems="1.750" systemtimems="0.922" stalltimems="0.890" timestamp="2025-12-14T22:18:02.129" activeThreads="2">
  <mem-info id="304" free="5371568" total="10354688" percent="51">
    <mem type="nursery" free="3504640" total="4063232" percent="86">
      <mem type="allocate" free="3504640" total="3604480" percent="97" />
      <mem type="survivor" free="0" total="458752" percent="0" />
    </mem>
    <mem type="tenure" free="1866928" total="6291456" percent="29">
      <mem type="soa" free="1551536" total="5976064" percent="25" />
      <mem type="loa" free="315392" total="315392" percent="100" />
    </mem>
    <remembered-set count="239" />
  </mem-info>
</gc-end>
<cycle-end id="305" type="scavenge" contextid="299" timestamp="2025-12-14T22:18:02.129" />
<allocation-satisfied id="306" threadId="0000000000025A00" bytesRequested="2488" />
<af-end id="307" timestamp="2025-12-14T22:18:02.132" threadId="0000000000026478" success="true" from="nursery"/>
<exclusive-end id="308" timestamp="2025-12-14T22:18:02.133" durationms="11.258" />

<exclusive-start id="309" timestamp="2025-12-14T22:18:02.255" intervalms="133.188">
  <response-info timems="0.095" idlems="0.095" threads="0" lastid="0000000000025A00" lastname="main" />
</exclusive-start>
<af-start id="310" threadId="0000000000026478" totalBytesRequested="241520" timestamp="2025-12-14T22:18:02.256" intervalms="133.184" type="nursery" />
<cycle-start id="311" type="scavenge" contextid="0" timestamp="2025-12-14T22:18:02.257" intervalms="133.153" />
<gc-start id="312" type="scavenge" contextid="311" timestamp="2025-12-14T22:18:02.258">
  <mem-info id="313" free="2002368" total="10354688" percent="19">
    <mem type="nursery" free="135440" total="4063232" percent="3">
      <mem type="allocate" free="135440" total="3604480" percent="3" />
      <mem type="survivor" free="0" total="458752" percent="0" />
    </mem>
    <mem type="tenure" free="1866928" total="6291456" percent="29">
      <mem type="soa" free="1551536" total="5976064" percent="25" />
      <mem type="loa" free="315392" total="315392" percent="100" />
    </mem>
    <remembered-set count="315" />
  </mem-info>
</gc-start>
<allocation-stats totalBytes="3301888" discardedBytes="67312" >
  <allocated-bytes non-tlh="903408" tlh="2398480" />
  <largest-consumer threadName="main" threadId="0000000000025A00" bytes="3301888" />
</allocation-stats>
<gc-op id="314" type="scavenge" timems="1.151" contextid="311" timestamp="2025-12-14T22:18:02.260">
  <scavenger-info tenureage="3" tenuremask="ffe8" tiltratio="88" />
  <memory-copied type="nursery" objects="1877" bytes="70720" bytesdiscarded="14520" />
  <memory-copied type="tenure" objects="469" bytes="15824" bytesdiscarded="40" />
  <references type="phantom" candidates="2" cleared="0" enqueued="0" />
  <object-monitors candidates="5" cleared="0"  />
</gc-op>
<gc-end id="315" type="scavenge" contextid="311" durationms="3.825" usertimems="1.292" systemtimems="0.684" stalltimems="0.709" timestamp="2025-12-14T22:18:02.262" activeThreads="2">
  <mem-info id="316" free="5338544" total="10354688" percent="51">
    <mem type="nursery" free="3519232" total="4063232" percent="86">
      <mem type="allocate" free="3519232" total="3604480" percent="97" />
      <mem type="survivor" free="0" total="458752" percent="0" />
    </mem>
    <mem type="tenure" free="1819312" total="6291456" percent="28">
      <mem type="soa" free="1503920" total="5976064" percent="25" />
      <mem type="loa" free="315392" total="315392" percent="100" />
    </mem>
    <remembered-set count="223" />
  </mem-info>
</gc-end>
<cycle-end id="317" type="scavenge" contextid="311" timestamp="2025-12-14T22:18:02.262" />
<allocation-satisfied id="318" threadId="0000000000025A00" bytesRequested="241520" />
<af-end id="319" timestamp="2025-12-14T22:18:02.264" threadId="0000000000026478" success="true" from="nursery"/>
<exclusive-end id="320" timestamp="2025-12-14T22:18:02.264" durationms="9.323" />

<exclusive-start id="321" timestamp="2025-12-14T22:18:02.405" intervalms="149.631">
  <response-info timems="0.066" idlems="0.066" threads="0" lastid="0000000000025A00" lastname="main" />
</exclusive-start>
<af-start id="322" threadId="0000000000026478" totalBytesRequested="8200" timestamp="2025-12-14T22:18:02.405" intervalms="149.594" type="nursery" />
<cycle-start id="323" type="scavenge" contextid="0" timestamp="2025-12-14T22:18:02.406" intervalms="149.442" />
<gc-start id="324" type="scavenge" contextid="323" timestamp="2025-12-14T22:18:02.407">
  <mem-info id="325" free="1819312" total="10354688" percent="17">
    <mem type="nursery" free="0" total="4063232" percent="0">
      <mem type="allocate" free="0" total="3604480" percent="0" />
      <mem type="survivor" free="0" total="458752" percent="0" />
    </mem>
    <mem type="tenure" free="1819312" total="6291456" percent="28">
      <mem type="soa" free="1503920" total="5976064" percent="25" />
      <mem type="loa" free="315392" total="315392" percent="100" />
    </mem>
    <remembered-set count="324" />
  </mem-info>
</gc-start>
<allocation-stats totalBytes="3503248" discardedBytes="15984" >
  <allocated-bytes non-tlh="742696" tlh="2760552" />
  <largest-consumer threadName="main" threadId="0000000000025A00" bytes="3503248" />
</allocation-stats>
<gc-op id="326" type="scavenge" timems="1.023" contextid="323" timestamp="2025-12-14T22:18:02.409">
  <scavenger-info tenureage="3" tenuremask="ffe8" tiltratio="88" />
  <memory-copied type="nursery" objects="1971" bytes="72432" bytesdiscarded="18944" />
  <memory-copied type="tenure" objects="618" bytes="28384" bytesdiscarded="0" />
  <references type="phantom" candidates="3" cleared="0" enqueued="0" />
  <object-monitors candidates="5" cleared="0"  />
</gc-op>
<gc-end id="327" type="scavenge" contextid="323" durationms="3.175" usertimems="2.426" systemtimems="0.000" stalltimems="0.482" timestamp="2025-12-14T22:18:02.410" activeThreads="2">
  <mem-info id="328" free="5311664" total="10354688" percent="51">
    <mem type="nursery" free="3513088" total="4063232" percent="86">
      <mem type="allocate" free="3513088" total="3604480" percent="97" />
      <mem type="survivor" free="0" total="458752" percent="0" />
    </mem>
    <mem type="tenure" free="1798576" total="6291456" percent="28">
      <mem type="soa" free="1483184" total="5976064" percent="24" />
      <mem type="loa" free="315392" total="315392" percent="100" />
    </mem>
    <remembered-set count="241" />
  </mem-info>
</gc-end>
<cycle-end id="329" type="scavenge" contextid="323" timestamp="2025-12-14T22:18:02.411" />
<allocation-satisfied id="330" threadId="0000000000025A00" bytesRequested="8200" />
<af-end id="331" timestamp="2025-12-14T22:18:02.412" threadId="0000000000026478" success="true" from="nursery"/>
<exclusive-end id="332" timestamp="2025-12-14T22:18:02.413" durationms="8.166" />

<exclusive-start id="333" timestamp="2025-12-14T22:18:02.560" intervalms="155.871">
  <response-info timems="0.059" idlems="0.059" threads="0" lastid="0000000000025A00" lastname="main" />
</exclusive-start>
<af-start id="334" threadId="0000000000026478" totalBytesRequested="5560" timestamp="2025-12-14T22:18:02.561" intervalms="156.006" type="nursery" />
<cycle-start id="335" type="scavenge" contextid="0" timestamp="2025-12-14T22:18:02.562" intervalms="156.054" />
<gc-start id="336" type="scavenge" contextid="335" timestamp="2025-12-14T22:18:02.563">
  <mem-info id="337" free="1798536" total="10354688" percent="17">
    <mem type="nursery" free="0" total="4063232" percent="0">
      <mem type="allocate" free="0" total="3604480" percent="0" />
      <mem type="survivor" free="0" total="458752" percent="0" />
    </mem>
    <mem type="tenure" free="1798536" total="6291456" percent="28">
      <mem type="soa" free="1483144" total="5976064" percent="24" />
      <mem type="loa" free="315392" total="315392" percent="100" />
    </mem>
    <remembered-set count="337" />
  </mem-info>
</gc-start>
<allocation-stats totalBytes="3482320" discardedBytes="30808" >
  <allocated-bytes non-tlh="472312" tlh="3010008" />
  <largest-consumer threadName="main" threadId="0000000000025A00" bytes="3482320" />
</allocation-stats>
<gc-op id="338" type="scavenge" timems="1.124" contextid="335" timestamp="2025-12-14T22:18:02.566">
  <scavenger-info tenureage="3" tenuremask="ffe8" tiltratio="88" />
  <memory-copied type="nursery" objects="1914" bytes="99208" bytesdiscarded="16232" />
  <memory-copied type="tenure" objects="688" bytes="23032" bytesdiscarded="528" />
  <references type="phantom" candidates="3" cleared="0" enqueued="0" />
  <object-monitors candidates="5" cleared="0"  />
</gc-op>
<gc-end id="339" type="scavenge" contextid="335" durationms="3.745" usertimems="2.099" systemtimems="0.000" stalltimems="0.485" timestamp="2025-12-14T22:18:02.567" activeThreads="2">
  <mem-info id="340" free="5287568" total="10354688" percent="51">
    <mem type="nursery" free="3489032" total="4063232" percent="85">
      <mem type="allocate" free="3489032" total="3604480" percent="96" />
      <mem type="survivor" free="0" total="458752" percent="0" />
    </mem>
    <mem type="tenure" free="1798536" total="6291456" percent="28">
      <mem type="soa" free="1483144" total="5976064" percent="24" />
      <mem type="loa" free="315392" total="315392" percent="100" />
    </mem>
    <remembered-set count="243" />
  </mem-info>
</gc-end>
<cycle-end id="341" type="scavenge" contextid="335" timestamp="2025-12-14T22:18:02.568" />
<allocation-satisfied id="342" threadId="0000000000025A00" bytesRequested="5560" />
<af-end id="343" timestamp="2025-12-14T22:18:02.569" threadId="0000000000026478" success="true" from="nursery"/>
<exclusive-end id="344" timestamp="2025-12-14T22:18:02.570" durationms="9.572" />

<exclusive-start id="345" timestamp="2025-12-14T22:18:02.719" intervalms="158.657">
  <response-info timems="0.059" idlems="0.059" threads="0" lastid="0000000000025A00" lastname="main" />
</exclusive-start>
<af-start id="346" threadId="0000000000026478" totalBytesRequested="16424" timestamp="2025-12-14T22:18:02.720" intervalms="158.426" type="nursery" />
<cycle-start id="347" type="scavenge" contextid="0" timestamp="2025-12-14T22:18:02.721" intervalms="158.367" />
<gc-start id="348" type="scavenge" contextid="347" timestamp="2025-12-14T22:18:02.721">
  <mem-info id="349" free="1798536" total="10354688" percent="17">
    <mem type="nursery" free="0" total="4063232" percent="0">
      <mem type="allocate" free="0" total="3604480" percent="0" />
      <mem type="survivor" free="0" total="458752" percent="0" />
    </mem>
    <mem type="tenure" free="1798536" total="6291456" percent="28">
      <mem type="soa" free="1483144" total="5976064" percent="24" />
      <mem type="loa" free="315392" total="315392" percent="100" />
    </mem>
    <remembered-set count="364" />
  </mem-info>
</gc-start>
<allocation-stats totalBytes="3449312" discardedBytes="39720" >
  <allocated-bytes non-tlh="444256" tlh="3005056" />
  <largest-consumer threadName="main" threadId="0000000000025A00" bytes="3449312" />
</allocation-stats>
<gc-op id="350" type="scavenge" timems="0.895" contextid="347" timestamp="2025-12-14T22:18:02.723">
  <scavenger-info tenureage="3" tenuremask="ffe8" tiltratio="88" />
  <memory-copied type="nursery" objects="2071" bytes="69840" bytesdiscarded="21544" />
  <memory-copied type="tenure" objects="550" bytes="18408" bytesdiscarded="336" />
  <references type="phantom" candidates="2" cleared="0" enqueued="0" />
  <object-monitors candidates="5" cleared="0"  />
</gc-op>
<gc-end id="351" type="scavenge" contextid="347" durationms="2.921" usertimems="1.358" systemtimems="0.749" stalltimems="0.297" timestamp="2025-12-14T22:18:02.724" activeThreads="2">
  <mem-info id="352" free="5270152" total="10354688" percent="50">
    <mem type="nursery" free="3513088" total="4063232" percent="86">
      <mem type="allocate" free="3513088" total="3604480" percent="97" />
      <mem type="survivor" free="0" total="458752" percent="0" />
    </mem>
    <mem type="tenure" free="1757064" total="6291456" percent="27">
      <mem type="soa" free="1441672" total="5976064" percent="24" />
      <mem type="loa" free="315392" total="315392" percent="100" />
    </mem>
    <remembered-set count="262" />
  </mem-info>
</gc-end>
<cycle-end id="353" type="scavenge" contextid="347" timestamp="2025-12-14T22:18:02.725" />
<allocation-satisfied id="354" threadId="0000000000025A00" bytesRequested="16424" />
<af-end id="355" timestamp="2025-12-14T22:18:02.726" threadId="0000000000026478" success="true" from="nursery"/>
<exclusive-end id="356" timestamp="2025-12-14T22:18:02.727" durationms="7.679" />

<exclusive-start id="357" timestamp="2025-12-14T22:18:02.878" intervalms="158.972">
  <response-info timems="0.090" idlems="0.090" threads="0" lastid="0000000000025A00" lastname="main" />
</exclusive-start>
<af-start id="358" threadId="0000000000026478" totalBytesRequested="3496" timestamp="2025-12-14T22:18:02.879" intervalms="159.092" type="nursery" />
<cycle-start id="359" type="scavenge" contextid="0" timestamp="2025-12-14T22:18:02.880" intervalms="159.544" />
<gc-start id="360" type="scavenge" contextid="359" timestamp="2025-12-14T22:18:02.881">
  <mem-info id="361" free="1757064" total="10354688" percent="16">
    <mem type="nursery" free="0" total="4063232" percent="0">
      <mem type="allocate" free="0" total="3604480" percent="0" />
      <mem type="survivor" free="0" total="458752" percent="0" />
    </mem>
    <mem type="tenure" free="1757064" total="6291456" percent="27">
      <mem type="soa" free="1441672" total="5976064" percent="24" />
      <mem type="loa" free="315392" total="315392" percent="100" />
    </mem>
    <remembered-set count="458" />
  </mem-info>
</gc-start>
<allocation-stats totalBytes="3453904" discardedBytes="59184" >
  <allocated-bytes non-tlh="140280" tlh="3313624" />
  <largest-consumer threadName="main" threadId="0000000000025A00" bytes="3453904" />
</allocation-stats>
<gc-op id="362" type="scavenge" timems="1.383" contextid="359" timestamp="2025-12-14T22:18:02.884">
  <scavenger-info tenureage="3" tenuremask="ffe8" tiltratio="88" />
  <memory-copied type="nursery" objects="2256" bytes="118800" bytesdiscarded="16488" />
  <memory-copied type="tenure" objects="679" bytes="22856" bytesdiscarded="0" />
  <references type="phantom" candidates="3" cleared="0" enqueued="0" />
  <object-monitors candidates="5" cleared="0"  />
</gc-op>
<gc-end id="363" type="scavenge" contextid="359" durationms="3.752" usertimems="2.726" systemtimems="0.000" stalltimems="0.590" timestamp="2025-12-14T22:18:02.885" activeThreads="2">
  <mem-info id="364" free="5157896" total="10354688" percent="49">
    <mem type="nursery" free="3469184" total="4063232" percent="85">
      <mem type="allocate" free="3469184" total="3604480" percent="96" />
      <mem type="survivor" free="0" total="458752" percent="0" />
    </mem>
    <mem type="tenure" free="1688712" total="6291456" percent="26">
      <mem type="soa" free="1373320" total="5976064" percent="22" />
      <mem type="loa" free="315392" total="315392" percent="100" />
    </mem>
    <remembered-set count="243" />
  </mem-info>
</gc-end>
<cycle-end id="365" type="scavenge" contextid="359" timestamp="2025-12-14T22:18:02.885" />
<allocation-satisfied id="366" threadId="0000000000025A00" bytesRequested="3496" />
<af-end id="367" timestamp="2025-12-14T22:18:02.887" threadId="0000000000026478" success="true" from="nursery"/>
<exclusive-end id="368" timestamp="2025-12-14T22:18:02.887" durationms="9.217" />

<exclusive-start id="369" timestamp="2025-12-14T22:18:03.018" intervalms="139.753">
  <response-info timems="0.067" idlems="0.067" threads="0" lastid="0000000000025A00" lastname="main" />
</exclusive-start>
<af-start id="370" threadId="0000000000026478" totalBytesRequested="3256" timestamp="2025-12-14T22:18:03.019" intervalms="139.694" type="nursery" />
<cycle-start id="371" type="scavenge" contextid="0" timestamp="2025-12-14T22:18:03.019" intervalms="139.267" />
<gc-start id="372" type="scavenge" contextid="371" timestamp="2025-12-14T22:18:03.020">
  <mem-info id="373" free="1688616" total="10354688" percent="16">
    <mem type="nursery" free="0" total="4063232" percent="0">
      <mem type="allocate" free="0" total="3604480" percent="0" />
      <mem type="survivor" free="0" total="458752" percent="0" />
    </mem>
    <mem type="tenure" free="1688616" total="6291456" percent="26">
      <mem type="soa" free="1373224" total="5976064" percent="22" />
      <mem type="loa" free="315392" total="315392" percent="100" />
    </mem>
    <remembered-set count="336" />
  </mem-info>
</gc-start>
<allocation-stats totalBytes="3370272" discardedBytes="99008" >
  <allocated-bytes non-tlh="686512" tlh="2683760" />
  <largest-consumer threadName="main" threadId="0000000000025A00" bytes="3370272" />
</allocation-stats>
<gc-op id="374" type="scavenge" timems="1.272" contextid="371" timestamp="2025-12-14T22:18:03.023">
  <scavenger-info tenureage="3" tenuremask="ffe8" tiltratio="88" />
  <memory-copied type="nursery" objects="2201" bytes="96264" bytesdiscarded="9464" />
  <memory-copied type="tenure" objects="645" bytes="21712" bytesdiscarded="8" />
  <references type="phantom" candidates="3" cleared="0" enqueued="0" />
  <object-monitors candidates="5" cleared="0"  />
</gc-op>
<gc-end id="375" type="scavenge" contextid="371" durationms="3.288" usertimems="2.709" systemtimems="0.000" stalltimems="0.574" timestamp="2025-12-14T22:18:03.023" activeThreads="2">
  <mem-info id="376" free="5172768" total="10354688" percent="49">
    <mem type="nursery" free="3498744" total="4063232" percent="86">
      <mem type="allocate" free="3498744" total="3604480" percent="97" />
      <mem type="survivor" free="0" total="458752" percent="0" />
    </mem>
    <mem type="tenure" free="1674024" total="6291456" percent="26">
      <mem type="soa" free="1358632" total="5976064" percent="22" />
      <mem type="loa" free="315392" total="315392" percent="100" />
    </mem>
    <remembered-set count="255" />
  </mem-info>
</gc-end>
<cycle-end id="377" type="scavenge" contextid="371" timestamp="2025-12-14T22:18:03.024" />
<allocation-satisfied id="378" threadId="0000000000025A00" bytesRequested="3256" />
<af-end id="379" timestamp="2025-12-14T22:18:03.026" threadId="0000000000026478" success="true" from="nursery"/>
<exclusive-end id="380" timestamp="2025-12-14T22:18:03.026" durationms="8.556" />

<exclusive-start id="381" timestamp="2025-12-14T22:18:03.153" intervalms="134.734">
  <response-info timems="0.061" idlems="0.061" threads="0" lastid="0000000000025A00" lastname="main" />
</exclusive-start>
<af-start id="382" threadId="0000000000026478" totalBytesRequested="49456" timestamp="2025-12-14T22:18:03.153" intervalms="134.692" type="nursery" />
<cycle-start id="383" type="scavenge" contextid="0" timestamp="2025-12-14T22:18:03.154" intervalms="134.660" />
<gc-start id="384" type="scavenge" contextid="383" timestamp="2025-12-14T22:18:03.155">
  <mem-info id="385" free="1674024" total="10354688" percent="16">
    <mem type="nursery" free="0" total="4063232" percent="0">
      <mem type="allocate" free="0" total="3604480" percent="0" />
      <mem type="survivor" free="0" total="458752" percent="0" />
    </mem>
    <mem type="tenure" free="1674024" total="6291456" percent="26">
      <mem type="soa" free="1358632" total="5976064" percent="22" />
      <mem type="loa" free="315392" total="315392" percent="100" />
    </mem>
    <remembered-set count="343" />
  </mem-info>
</gc-start>
<allocation-stats totalBytes="3420240" discardedBytes="78504" >
  <allocated-bytes non-tlh="480944" tlh="2939296" />
  <largest-consumer threadName="main" threadId="0000000000025A00" bytes="3420240" />
</allocation-stats>
<gc-op id="386" type="scavenge" timems="1.076" contextid="383" timestamp="2025-12-14T22:18:03.157">
  <scavenger-info tenureage="3" tenuremask="4008" tiltratio="88" />
  <memory-copied type="nursery" objects="2030" bytes="83664" bytesdiscarded="25904" />
  <memory-copied type="tenure" objects="718" bytes="24184" bytesdiscarded="56" />
  <references type="phantom" candidates="2" cleared="0" enqueued="0" />
  <object-monitors candidates="5" cleared="0"  />
</gc-op>
<gc-end id="387" type="scavenge" contextid="383" durationms="3.310" usertimems="0.000" systemtimems="1.860" stalltimems="0.453" timestamp="2025-12-14T22:18:03.158" activeThreads="2">
  <mem-info id="388" free="5142048" total="10354688" percent="49">
    <mem type="nursery" free="3494904" total="4063232" percent="86">
      <mem type="allocate" free="3494904" total="3604480" percent="96" />
      <mem type="survivor" free="0" total="458752" percent="0" />
    </mem>
    <mem type="tenure" free="1647144" total="6291456" percent="26">
      <mem type="soa" free="1331752" total="5976064" percent="22" />
      <mem type="loa" free="315392" total="315392" percent="100" />
    </mem>
    <remembered-set count="247" />
  </mem-info>
</gc-end>
<cycle-end id="389" type="scavenge" contextid="383" timestamp="2025-12-14T22:18:03.159" />
<allocation-satisfied id="390" threadId="0000000000025A00" bytesRequested="49456" />
<af-end id="391" timestamp="2025-12-14T22:18:03.160" threadId="0000000000026478" success="true" from="nursery"/>
<exclusive-end id="392" timestamp="2025-12-14T22:18:03.161" durationms="8.116" />

<exclusive-start id="393" timestamp="2025-12-14T22:18:03.308" intervalms="155.104">
  <response-info timems="0.066" idlems="0.066" threads="0" lastid="0000000000025A00" lastname="main" />
</exclusive-start>
<af-start id="394" threadId="0000000000026478" totalBytesRequested="1400" timestamp="2025-12-14T22:18:03.308" intervalms="155.194" type="nursery" />
<cycle-start id="395" type="scavenge" contextid="0" timestamp="2025-12-14T22:18:03.309" intervalms="155.272" />
<gc-start id="396" type="scavenge" contextid="395" timestamp="2025-12-14T22:18:03.310">
  <mem-info id="397" free="1647144" total="10354688" percent="15">
    <mem type="nursery" free="0" total="4063232" percent="0">
      <mem type="allocate" free="0" total="3604480" percent="0" />
      <mem type="survivor" free="0" total="458752" percent="0" />
    </mem>
    <mem type="tenure" free="1647144" total="6291456" percent="26">
      <mem type="soa" free="1331752" total="5976064" percent="22" />
      <mem type="loa" free="315392" total="315392" percent="100" />
    </mem>
    <remembered-set count="346" />
  </mem-info>
</gc-start>
<allocation-stats totalBytes="3451800" discardedBytes="43104" >
  <allocated-bytes non-tlh="430408" tlh="3021392" />
  <largest-consumer threadName="main" threadId="0000000000025A00" bytes="3451800" />
</allocation-stats>
<gc-op id="398" type="scavenge" timems="1.415" contextid="395" timestamp="2025-12-14T22:18:03.313">
  <scavenger-info tenureage="3" tenuremask="4008" tiltratio="88" />
  <memory-copied type="nursery" objects="1864" bytes="65376" bytesdiscarded="38296" />
  <memory-copied type="tenure" objects="859" bytes="44160" bytesdiscarded="24" />
  <references type="weak" candidates="1" cleared="0" enqueued="0" />
  <references type="phantom" candidates="4" cleared="0" enqueued="0" />
  <object-monitors candidates="5" cleared="0"  />
</gc-op>
<gc-end id="399" type="scavenge" contextid="395" durationms="3.696" usertimems="1.326" systemtimems="0.749" stalltimems="0.941" timestamp="2025-12-14T22:18:03.314" activeThreads="2">
  <mem-info id="400" free="5106472" total="10354688" percent="49">
    <mem type="nursery" free="3500800" total="4063232" percent="86">
      <mem type="allocate" free="3500800" total="3604480" percent="97" />
      <mem type="survivor" free="0" total="458752" percent="0" />
    </mem>
    <mem type="tenure" free="1605672" total="6291456" percent="25">
      <mem type="soa" free="1290280" total="5976064" percent="21" />
      <mem type="loa" free="315392" total="315392" percent="100" />
    </mem>
    <remembered-set count="237" />
  </mem-info>
</gc-end>
<cycle-end id="401" type="scavenge" contextid="395" timestamp="2025-12-14T22:18:03.315" />
<allocation-satisfied id="402" threadId="0000000000025A00" bytesRequested="1400" />
<af-end id="403" timestamp="2025-12-14T22:18:03.316" threadId="0000000000026478" success="true" from="nursery"/>
<exclusive-end id="404" timestamp="2025-12-14T22:18:03.317" durationms="9.468" />

<exclusive-start id="405" timestamp="2025-12-14T22:18:03.485" intervalms="177.280">
  <response-info timems="0.053" idlems="0.053" threads="0" lastid="0000000000025A00" lastname="main" />
</exclusive-start>
<af-start id="406" threadId="0000000000026478" totalBytesRequested="260624" timestamp="2025-12-14T22:18:03.486" intervalms="177.129" type="nursery" />
<cycle-start id="407" type="scavenge" contextid="0" timestamp="2025-12-14T22:18:03.487" intervalms="177.191" />
<gc-start id="408" type="scavenge" contextid="407" timestamp="2025-12-14T22:18:03.487">
  <mem-info id="409" free="1664888" total="10354688" percent="16">
    <mem type="nursery" free="59312" total="4063232" percent="1">
      <mem type="allocate" free="59312" total="3604480" percent="1" />
      <mem type="survivor" free="0" total="458752" percent="0" />
    </mem>
    <mem type="tenure" free="1605576" total="6291456" percent="25">
      <mem type="soa" free="1290184" total="5976064" percent="21" />
      <mem type="loa" free="315392" total="315392" percent="100" />
    </mem>
    <remembered-set count="347" />
  </mem-info>
</gc-start>
<allocation-stats totalBytes="3279472" discardedBytes="162112" >
  <allocated-bytes non-tlh="332720" tlh="2946752" />
  <largest-consumer threadName="main" threadId="0000000000025A00" bytes="3279472" />
</allocation-stats>
<gc-op id="410" type="scavenge" timems="1.061" contextid="407" timestamp="2025-12-14T22:18:03.489">
  <scavenger-info tenureage="3" tenuremask="4008" tiltratio="88" />
  <memory-copied type="nursery" objects="1897" bytes="63784" bytesdiscarded="37584" />
  <memory-copied type="tenure" objects="590" bytes="19864" bytesdiscarded="32" />
  <references type="phantom" candidates="2" cleared="0" enqueued="0" />
  <object-monitors candidates="5" cleared="0"  />
</gc-op>
<gc-end id="411" type="scavenge" contextid="407" durationms="2.882" usertimems="1.091" systemtimems="0.623" stalltimems="0.509" timestamp="2025-12-14T22:18:03.490" activeThreads="2">
  <mem-info id="412" free="5081800" total="10354688" percent="49">
    <mem type="nursery" free="3503104" total="4063232" percent="86">
      <mem type="allocate" free="3503104" total="3604480" percent="97" />
      <mem type="survivor" free="0" total="458752" percent="0" />
    </mem>
    <mem type="tenure" free="1578696" total="6291456" percent="25">
      <mem type="soa" free="1263304" total="5976064" percent="21" />
      <mem type="loa" free="315392" total="315392" percent="100" />
    </mem>
    <remembered-set count="245" />
  </mem-info>
</gc-end>
<cycle-end id="413" type="scavenge" contextid="407" timestamp="2025-12-14T22:18:03.491" />
<allocation-satisfied id="414" threadId="0000000000025A00" bytesRequested="260624" />
<af-end id="415" timestamp="2025-12-14T22:18:03.492" threadId="0000000000026478" success="true" from="nursery"/>
<exclusive-end id="416" timestamp="2025-12-14T22:18:03.493" durationms="7.830" />

<exclusive-start id="417" timestamp="2025-12-14T22:18:03.646" intervalms="161.282">
  <response-info timems="0.052" idlems="0.052" threads="0" lastid="0000000000025A00" lastname="main" />
</exclusive-start>
<af-start id="418" threadId="0000000000026478" totalBytesRequested="7456" timestamp="2025-12-14T22:18:03.647" intervalms="161.381" type="nursery" />
<cycle-start id="419" type="scavenge" contextid="0" timestamp="2025-12-14T22:18:03.648" intervalms="161.235" />
<gc-start id="420" type="scavenge" contextid="419" timestamp="2025-12-14T22:18:03.649">
  <mem-info id="421" free="1578696" total="10354688" percent="15">
    <mem type="nursery" free="0" total="4063232" percent="0">
      <mem type="allocate" free="0" total="3604480" percent="0" />
      <mem type="survivor" free="0" total="458752" percent="0" />
    </mem>
    <mem type="tenure" free="1578696" total="6291456" percent="25">
      <mem type="soa" free="1263304" total="5976064" percent="21" />
      <mem type="loa" free="315392" total="315392" percent="100" />
    </mem>
    <remembered-set count="370" />
  </mem-info>
</gc-start>
<allocation-stats totalBytes="3453952" discardedBytes="49152" >
  <allocated-bytes non-tlh="462368" tlh="2991584" />
  <largest-consumer threadName="main" threadId="0000000000025A00" bytes="3453952" />
</allocation-stats>
<gc-op id="422" type="scavenge" timems="0.957" contextid="419" timestamp="2025-12-14T22:18:03.651">
  <scavenger-info tenureage="3" tenuremask="4008" tiltratio="88" />
  <memory-copied type="nursery" objects="2007" bytes="67576" bytesdiscarded="21504" />
  <memory-copied type="tenure" objects="560" bytes="18744" bytesdiscarded="0" />
  <references type="phantom" candidates="2" cleared="0" enqueued="0" />
  <object-monitors candidates="5" cleared="0"  />
</gc-op>
<gc-end id="423" type="scavenge" contextid="419" durationms="3.183" usertimems="1.105" systemtimems="0.638" stalltimems="0.419" timestamp="2025-12-14T22:18:03.652" activeThreads="2">
  <mem-info id="424" free="5094088" total="10354688" percent="49">
    <mem type="nursery" free="3515392" total="4063232" percent="86">
      <mem type="allocate" free="3515392" total="3604480" percent="97" />
      <mem type="survivor" free="0" total="458752" percent="0" />
    </mem>
    <mem type="tenure" free="1578696" total="6291456" percent="25">
      <mem type="soa" free="1263304" total="5976064" percent="21" />
      <mem type="loa" free="315392" total="315392" percent="100" />
    </mem>
    <remembered-set count="274" />
  </mem-info>
</gc-end>
<cycle-end id="425" type="scavenge" contextid="419" timestamp="2025-12-14T22:18:03.653" />
<allocation-satisfied id="426" threadId="0000000000025A00" bytesRequested="7456" />
<af-end id="427" timestamp="2025-12-14T22:18:03.654" threadId="0000000000026478" success="true" from="nursery"/>
<exclusive-end id="428" timestamp="2025-12-14T22:18:03.655" durationms="8.760" />

<exclusive-start id="429" timestamp="2025-12-14T22:18:03.808" intervalms="162.245">
  <response-info timems="0.056" idlems="0.056" threads="0" lastid="0000000000025A00" lastname="main" />
</exclusive-start>
<af-start id="430" threadId="0000000000026478" totalBytesRequested="8200" timestamp="2025-12-14T22:18:03.809" intervalms="162.230" type="nursery" />
<cycle-start id="431" type="scavenge" contextid="0" timestamp="2025-12-14T22:18:03.810" intervalms="162.177" />
<gc-start id="432" type="scavenge" contextid="431" timestamp="2025-12-14T22:18:03.811">
  <mem-info id="433" free="1578584" total="10354688" percent="15">
    <mem type="nursery" free="0" total="4063232" percent="0">
      <mem type="allocate" free="0" total="3604480" percent="0" />
      <mem type="survivor" free="0" total="458752" percent="0" />
    </mem>
    <mem type="tenure" free="1578584" total="6291456" percent="25">
      <mem type="soa" free="1263192" total="5976064" percent="21" />
      <mem type="loa" free="315392" total="315392" percent="100" />
    </mem>
    <remembered-set count="404" />
  </mem-info>
</gc-start>
<allocation-stats totalBytes="3447072" discardedBytes="68432" >
  <allocated-bytes non-tlh="272624" tlh="3174448" />
  <largest-consumer threadName="main" threadId="0000000000025A00" bytes="3447072" />
</allocation-stats>
<gc-op id="434" type="scavenge" timems="1.098" contextid="431" timestamp="2025-12-14T22:18:03.813">
  <scavenger-info tenureage="2" tenuremask="400c" tiltratio="88" />
  <memory-copied type="nursery" objects="1453" bytes="52408" bytesdiscarded="36664" />
  <memory-copied type="tenure" objects="1316" bytes="44144" bytesdiscarded="56" />
  <references type="phantom" candidates="3" cleared="0" enqueued="0" />
  <object-monitors candidates="5" cleared="0"  />
</gc-op>
<gc-end id="435" type="scavenge" contextid="431" durationms="3.400" usertimems="1.325" systemtimems="0.766" stalltimems="0.416" timestamp="2025-12-14T22:18:03.814" activeThreads="2">
  <mem-info id="436" free="5019480" total="10354688" percent="48">
    <mem type="nursery" free="3515392" total="4063232" percent="86">
      <mem type="allocate" free="3515392" total="3604480" percent="97" />
      <mem type="survivor" free="0" total="458752" percent="0" />
    </mem>
    <mem type="tenure" free="1504088" total="6291456" percent="23">
      <mem type="soa" free="1188696" total="5976064" percent="19" />
      <mem type="loa" free="315392" total="315392" percent="100" />
    </mem>
    <remembered-set count="252" />
  </mem-info>
</gc-end>
<cycle-end id="437" type="scavenge" contextid="431" timestamp="2025-12-14T22:18:03.815" />
<allocation-satisfied id="438" threadId="0000000000025A00" bytesRequested="8200" />
<af-end id="439" timestamp="2025-12-14T22:18:03.816" threadId="0000000000026478" success="true" from="nursery"/>
<exclusive-end id="440" timestamp="2025-12-14T22:18:03.817" durationms="8.276" />

<exclusive-start id="441" timestamp="2025-12-14T22:18:03.918" intervalms="109.958">
  <response-info timems="0.059" idlems="0.059" threads="0" lastid="0000000000025A00" lastname="main" />
</exclusive-start>
<af-start id="442" threadId="0000000000026478" totalBytesRequested="24" timestamp="2025-12-14T22:18:03.919" intervalms="110.205" type="nursery" />
<cycle-start id="443" type="scavenge" contextid="0" timestamp="2025-12-14T22:18:03.920" intervalms="110.202" />
<gc-start id="444" type="scavenge" contextid="443" timestamp="2025-12-14T22:18:03.921">
  <mem-info id="445" free="1487312" total="10354688" percent="14">
    <mem type="nursery" free="0" total="4063232" percent="0">
      <mem type="allocate" free="0" total="3604480" percent="0" />
      <mem type="survivor" free="0" total="458752" percent="0" />
    </mem>
    <mem type="tenure" free="1487312" total="6291456" percent="23">
      <mem type="soa" free="1171920" total="5976064" percent="19" />
      <mem type="loa" free="315392" total="315392" percent="100" />
    </mem>
    <remembered-set count="1168" />
  </mem-info>
</gc-start>
<allocation-stats totalBytes="3531376" discardedBytes="792" >
  <allocated-bytes non-tlh="264080" tlh="3267296" />
  <largest-consumer threadName="main" threadId="0000000000025A00" bytes="3527280" />
</allocation-stats>
<gc-op id="446" type="scavenge" timems="2.624" contextid="443" timestamp="2025-12-14T22:18:03.925">
  <scavenger-info tenureage="2" tenuremask="4004" tiltratio="88" />
  <memory-copied type="nursery" objects="6006" bytes="457192" bytesdiscarded="584" />
  <memory-copied type="tenure" objects="4092" bytes="149496" bytesdiscarded="56" />
  <copy-failed type="nursery" objects="3422" bytes="127208" />
  <finalization candidates="97" enqueued="57" />
  <ownableSynchronizers candidates="83" cleared="46" />
  <references type="soft" candidates="29" cleared="0" enqueued="0" dynamicThreshold="32" maxThreshold="32" />
  <references type="weak" candidates="67" cleared="47" enqueued="47" />
  <references type="phantom" candidates="69" cleared="19" enqueued="19" />
  <object-monitors candidates="6" cleared="0"  />
</gc-op>
<gc-end id="447" type="scavenge" contextid="443" durationms="5.188" usertimems="4.381" systemtimems="0.106" stalltimems="1.061" timestamp="2025-12-14T22:18:03.926" activeThreads="2">
  <mem-info id="448" free="3507920" total="10354688" percent="33">
    <mem type="nursery" free="2162688" total="4063232" percent="53">
      <mem type="allocate" free="2162688" total="2621440" percent="82" />
      <mem type="survivor" free="0" total="1441792" percent="0" />
    </mem>
    <mem type="tenure" free="1345232" total="6291456" percent="21">
      <mem type="soa" free="1029840" total="5976064" percent="17" />
      <mem type="loa" free="315392" total="315392" percent="100" />
    </mem>
    <pending-finalizers system="57" default="0" reference="66" classloader="0" />
    <remembered-set count="1064" />
  </mem-info>
</gc-end>
<cycle-end id="449" type="scavenge" contextid="443" timestamp="2025-12-14T22:18:03.927" />
<allocation-satisfied id="450" threadId="0000000000025A00" bytesRequested="24" />
<af-end id="451" timestamp="2025-12-14T22:18:03.928" threadId="0000000000026478" success="true" from="nursery"/>
<exclusive-end id="452" timestamp="2025-12-14T22:18:03.929" durationms="10.368" />

<exclusive-start id="453" timestamp="2025-12-14T22:18:03.969" intervalms="51.072">
  <response-info timems="0.060" idlems="0.060" threads="0" lastid="0000000000025A00" lastname="main" />
</exclusive-start>
<af-start id="454" threadId="0000000000026478" totalBytesRequested="16" timestamp="2025-12-14T22:18:03.970" intervalms="50.828" type="nursery" />
<cycle-start id="455" type="scavenge" contextid="0" timestamp="2025-12-14T22:18:03.971" intervalms="50.855" />
<gc-start id="456" type="scavenge" contextid="455" timestamp="2025-12-14T22:18:03.972">
  <mem-info id="457" free="1342816" total="10354688" percent="12">
    <mem type="nursery" free="0" total="4063232" percent="0">
      <mem type="allocate" free="0" total="2621440" percent="0" />
      <mem type="survivor" free="0" total="1441792" percent="0" />
    </mem>
    <mem type="tenure" free="1342816" total="6291456" percent="21">
      <mem type="soa" free="1027424" total="5976064" percent="17" />
      <mem type="loa" free="315392" total="315392" percent="100" />
    </mem>
    <remembered-set count="1280" />
  </mem-info>
</gc-start>
<allocation-stats totalBytes="2164384" discardedBytes="720" >
  <allocated-bytes non-tlh="2440" tlh="2161944" />
  <largest-consumer threadName="main" threadId="0000000000025A00" bytes="2160288" />
</allocation-stats>
<gc-op id="458" type="scavenge" timems="3.360" contextid="455" timestamp="2025-12-14T22:18:03.977">
  <scavenger-info tenureage="2" tenuremask="fff4" tiltratio="64" />
  <memory-copied type="nursery" objects="12560" bytes="889152" bytesdiscarded="48704" />
  <memory-copied type="tenure" objects="481" bytes="16112" bytesdiscarded="0" />
  <finalization candidates="24" enqueued="0" />
  <ownableSynchronizers candidates="60" cleared="27" />
  <references type="soft" candidates="29" cleared="0" enqueued="0" dynamicThreshold="32" maxThreshold="32" />
  <references type="weak" candidates="32" cleared="12" enqueued="12" />
  <references type="phantom" candidates="74" cleared="0" enqueued="0" />
  <object-monitors candidates="6" cleared="0"  />
</gc-op>
<heap-resize id="459" type="expand" space="nursery" amount="262144" count="1" timems="0.065" reason="excessive time being spent scavenging" timestamp="2025-12-14T22:18:03.978" />
<gc-end id="460" type="scavenge" contextid="455" durationms="6.217" usertimems="3.441" systemtimems="1.886" stalltimems="2.133" timestamp="2025-12-14T22:18:03.978" activeThreads="2">
  <mem-info id="461" free="3089320" total="10616832" percent="29">
    <mem type="nursery" free="1746504" total="4325376" percent="40">
      <mem type="allocate" free="1746504" total="2686976" percent="64" />
      <mem type="survivor" free="0" total="1638400" percent="0" />
    </mem>
    <mem type="tenure" free="1342816" total="6291456" percent="21">
      <mem type="soa" free="1027424" total="5976064" percent="17" />
      <mem type="loa" free="315392" total="315392" percent="100" />
    </mem>
    <pending-finalizers system="0" default="0" reference="12" classloader="0" />
    <remembered-set count="1139" />
  </mem-info>
</gc-end>
<cycle-end id="462" type="scavenge" contextid="455" timestamp="2025-12-14T22:18:03.979" />
<allocation-satisfied id="463" threadId="0000000000025A00" bytesRequested="16" />
<af-end id="464" timestamp="2025-12-14T22:18:03.980" threadId="0000000000026478" success="true" from="nursery"/>
<exclusive-end id="465" timestamp="2025-12-14T22:18:03.981" durationms="11.093" />

<exclusive-start id="466" timestamp="2025-12-14T22:18:04.017" intervalms="47.946">
  <response-info timems="0.070" idlems="0.070" threads="0" lastid="0000000000025A00" lastname="main" />
</exclusive-start>
<af-start id="467" threadId="0000000000026478" totalBytesRequested="72" timestamp="2025-12-14T22:18:04.018" intervalms="47.799" type="nursery" />
<cycle-start id="468" type="scavenge" contextid="0" timestamp="2025-12-14T22:18:04.019" intervalms="47.884" />
<gc-start id="469" type="scavenge" contextid="468" timestamp="2025-12-14T22:18:04.020">
  <mem-info id="470" free="1340600" total="10616832" percent="12">
    <mem type="nursery" free="0" total="4325376" percent="0">
      <mem type="allocate" free="0" total="2686976" percent="0" />
      <mem type="survivor" free="0" total="1638400" percent="0" />
    </mem>
    <mem type="tenure" free="1340600" total="6291456" percent="21">
      <mem type="soa" free="1025208" total="5976064" percent="17" />
      <mem type="loa" free="315392" total="315392" percent="100" />
    </mem>
    <remembered-set count="1236" />
  </mem-info>
</gc-start>
<allocation-stats totalBytes="1748512" discardedBytes="208" >
  <allocated-bytes non-tlh="2232" tlh="1746280" />
  <largest-consumer threadName="main" threadId="0000000000025A00" bytes="1748512" />
</allocation-stats>
<gc-op id="471" type="scavenge" timems="4.592" contextid="468" timestamp="2025-12-14T22:18:04.025">
  <scavenger-info tenureage="2" tenuremask="fff4" tiltratio="62" />
  <memory-copied type="nursery" objects="8214" bytes="478136" bytesdiscarded="102304" />
  <memory-copied type="tenure" objects="5197" bytes="430312" bytesdiscarded="1160" />
  <finalization candidates="48" enqueued="12" />
  <ownableSynchronizers candidates="33" cleared="0" />
  <references type="weak" candidates="8" cleared="5" enqueued="5" />
  <references type="phantom" candidates="25" cleared="1" enqueued="1" />
  <object-monitors candidates="6" cleared="0"  />
</gc-op>
<heap-resize id="472" type="expand" space="nursery" amount="393216" count="1" timems="0.069" reason="excessive time being spent scavenging" timestamp="2025-12-14T22:18:04.026" />
<gc-end id="473" type="scavenge" contextid="468" durationms="7.239" usertimems="1.579" systemtimems="6.993" stalltimems="2.081" timestamp="2025-12-14T22:18:04.027" activeThreads="2">
  <mem-info id="474" free="3401408" total="11010048" percent="30">
    <mem type="nursery" free="2564936" total="4718592" percent="54">
      <mem type="allocate" free="2564936" total="3145728" percent="81" />
      <mem type="survivor" free="0" total="1572864" percent="0" />
    </mem>
    <mem type="tenure" free="836472" total="6291456" percent="13">
      <mem type="soa" free="521080" total="5976064" percent="8" />
      <mem type="loa" free="315392" total="315392" percent="100" />
    </mem>
    <pending-finalizers system="12" default="0" reference="6" classloader="0" />
    <remembered-set count="410" />
  </mem-info>
</gc-end>
<cycle-end id="475" type="scavenge" contextid="468" timestamp="2025-12-14T22:18:04.027" />
<allocation-satisfied id="476" threadId="0000000000025A00" bytesRequested="72" />
<af-end id="477" timestamp="2025-12-14T22:18:04.028" threadId="0000000000026478" success="true" from="nursery"/>
<exclusive-end id="478" timestamp="2025-12-14T22:18:04.029" durationms="11.496" />

<concurrent-kickoff id="479" timestamp="2025-12-14T22:18:04.049">
  <kickoff reason="threshold reached" targetBytes="1867303" thresholdFreeBytes="258710"  remainingFree="201544" tenureFreeBytes="836472" nurseryFreeBytes="201544" />
</concurrent-kickoff>
<exclusive-start id="480" timestamp="2025-12-14T22:18:04.051" intervalms="33.465">
  <response-info timems="0.066" idlems="0.066" threads="0" lastid="0000000000025A00" lastname="main" />
</exclusive-start>
<cycle-start id="481" type="global" contextid="0" timestamp="2025-12-14T22:18:04.051" intervalms="5653.533" />
<concurrent-start id="482" type="global mark" contextid="481" timestamp="2025-12-14T22:18:04.052">
</concurrent-start>
<exclusive-end id="483" timestamp="2025-12-14T22:18:04.053" durationms="1.742" />

<exclusive-start id="484" timestamp="2025-12-14T22:18:04.057" intervalms="6.423">
  <response-info timems="0.175" idlems="0.137" threads="1" lastid="00000000001D4500" lastname="Concurrent Mark Helper" />
</exclusive-start>
<af-start id="485" threadId="0000000000026478" totalBytesRequested="48" timestamp="2025-12-14T22:18:04.058" intervalms="39.922" type="nursery" />
<cycle-start id="486" type="scavenge" contextid="0" timestamp="2025-12-14T22:18:04.059" intervalms="39.683" />
<gc-start id="487" type="scavenge" contextid="486" timestamp="2025-12-14T22:18:04.059">
  <mem-info id="488" free="836472" total="11010048" percent="7">
    <mem type="nursery" free="0" total="4718592" percent="0">
      <mem type="allocate" free="0" total="3145728" percent="0" />
      <mem type="survivor" free="0" total="1572864" percent="0" />
    </mem>
    <mem type="tenure" free="836472" total="6291456" percent="13">
      <mem type="soa" free="521080" total="5976064" percent="8" />
      <mem type="loa" free="315392" total="315392" percent="100" />
    </mem>
    <remembered-set count="442" />
  </mem-info>
</gc-start>
<allocation-stats totalBytes="2562408" discardedBytes="2528" >
  <allocated-bytes non-tlh="72" tlh="2562336" />
  <largest-consumer threadName="main" threadId="0000000000025A00" bytes="2562408" />
</allocation-stats>
<gc-op id="489" type="scavenge" timems="2.362" contextid="486" timestamp="2025-12-14T22:18:04.063">
  <scavenger-info tenureage="2" tenuremask="fff4" tiltratio="66" />
  <memory-copied type="nursery" objects="1296" bytes="39240" bytesdiscarded="53688" />
  <memory-copied type="tenure" objects="3966" bytes="222840" bytesdiscarded="168" />
  <finalization candidates="12" enqueued="0" />
  <ownableSynchronizers candidates="18" cleared="1" />
  <references type="weak" candidates="4" cleared="1" enqueued="1" />
  <object-monitors candidates="6" cleared="0"  />
</gc-op>
<heap-resize id="490" type="expand" space="nursery" amount="262144" count="1" timems="0.063" reason="excessive time being spent scavenging" timestamp="2025-12-14T22:18:04.063" />
<gc-end id="491" type="scavenge" contextid="486" durationms="4.599" usertimems="3.016" systemtimems="2.164" stalltimems="0.453" timestamp="2025-12-14T22:18:04.064" activeThreads="2">
  <mem-info id="492" free="4111080" total="11272192" percent="36">
    <mem type="nursery" free="3511552" total="4980736" percent="70">
      <mem type="allocate" free="3511552" total="3604480" percent="97" />
      <mem type="survivor" free="0" total="1376256" percent="0" />
    </mem>
    <mem type="tenure" free="599528" total="6291456" percent="9">
      <mem type="soa" free="284136" total="5976064" percent="4" />
      <mem type="loa" free="315392" total="315392" percent="100" />
    </mem>
    <pending-finalizers system="0" default="0" reference="1" classloader="0" />
    <remembered-set count="267" />
  </mem-info>
</gc-end>
<cycle-end id="493" type="scavenge" contextid="486" timestamp="2025-12-14T22:18:04.064" />
<allocation-satisfied id="494" threadId="0000000000025A00" bytesRequested="48" />
<af-end id="495" timestamp="2025-12-14T22:18:04.066" threadId="0000000000026478" success="true" from="nursery"/>
<exclusive-end id="496" timestamp="2025-12-14T22:18:04.066" durationms="8.994" />

<concurrent-end id="497" type="global mark" contextid="481" timestamp="2025-12-14T22:18:04.260">
<gc-op id="498" type="trace" timems="207.989" contextid="481" timestamp="2025-12-14T22:18:04.260">
  <trace bytesTraced="2833204" workStackOverflowCount="0" />
  <card-cleaning reason="card cleaning threshold reached" bytesTraced="201516" cardsCleaned="861" />
</gc-op>
</concurrent-end>

<exclusive-start id="499" timestamp="2025-12-14T22:18:04.262" intervalms="204.577">
  <response-info timems="0.064" idlems="0.064" threads="0" lastid="00000000005EC100" lastname="Equinox start level thread - Equinox Container: a76135bd-505b-4" />
</exclusive-start>
<concurrent-global-final id="500" timestamp="2025-12-14T22:18:04.263" contextid="481" intervalms="5864.674" >
  <concurrent-trace-info reason="card cleaning threshold reached" tracedByMutators="717232" tracedByHelpers="2317488" cardsCleaned="861" workStackOverflowCount="0" />
</concurrent-global-final>
<gc-start id="501" type="global" contextid="481" timestamp="2025-12-14T22:18:04.263">
  <mem-info id="502" free="409024" total="11272192" percent="3">
    <mem type="nursery" free="91384" total="4980736" percent="1">
      <mem type="allocate" free="91384" total="3604480" percent="2" />
      <mem type="survivor" free="0" total="1376256" percent="0" />
    </mem>
    <mem type="tenure" free="317640" total="6291456" percent="5">
      <mem type="soa" free="2248" total="5976064" percent="0" />
      <mem type="loa" free="315392" total="315392" percent="100" />
    </mem>
    <remembered-set count="4382" />
  </mem-info>
</gc-start>
<allocation-stats totalBytes="3696328" discardedBytes="5728" >
  <allocated-bytes non-tlh="347480" tlh="3348848" />
  <largest-consumer threadName="Equinox start level thread - Equinox Container: a76135bd-505b-47bb-946e-e77858b80ca1" threadId="00000000005EFE00" bytes="1284528" />
</allocation-stats>
<gc-op id="503" type="rs-scan" timems="2.103" contextid="481" timestamp="2025-12-14T22:18:04.267">
  <scan objectsFound="9454" bytesTraced="400340" workStackOverflowCount="0" />
</gc-op>
<gc-op id="504" type="card-cleaning" timems="0.774" contextid="481" timestamp="2025-12-14T22:18:04.269">
  <card-cleaning cardsCleaned="8" bytesTraced="4232" workStackOverflowCount="0" />
</gc-op>
<gc-op id="505" type="mark" timems="10.460" contextid="481" timestamp="2025-12-14T22:18:04.280">
  <trace-info objectcount="8706" scancount="6607" scanbytes="222420" />
  <finalization candidates="972" enqueued="283" />
  <ownableSynchronizers candidates="136" cleared="8" />
  <references type="soft" candidates="3931" cleared="0" enqueued="0" dynamicThreshold="32" maxThreshold="32" />
  <references type="weak" candidates="1589" cleared="668" enqueued="667" />
  <references type="phantom" candidates="161" cleared="37" enqueued="37" />
  <stringconstants candidates="11269" cleared="51"  />
  <object-monitors candidates="14" cleared="4"  />
</gc-op>
<gc-op id="506" type="classunload" timems="0.036" contextid="481" timestamp="2025-12-14T22:18:04.281">
  <classunload-info classloadercandidates="21" classloadersunloaded="0" classesunloaded="0" anonymousclassesunloaded="0" quiescems="0.000" setupms="0.035" scanms="0.000" postms="0.000" />
</gc-op>
<gc-op id="507" type="sweep" timems="1.912" contextid="481" timestamp="2025-12-14T22:18:04.284" />
<heap-resize id="508" type="expand" space="tenure" amount="1638400" count="1" timems="0.144" reason="insufficient free space following gc" timestamp="2025-12-14T22:18:04.285" />
<gc-end id="509" type="global" contextid="481" durationms="22.449" usertimems="18.348" systemtimems="11.075" stalltimems="41.068" timestamp="2025-12-14T22:18:04.286" activeThreads="5">
  <mem-info id="510" free="4712496" total="12910592" percent="36">
    <mem type="nursery" free="2298384" total="4980736" percent="46">
      <mem type="allocate" free="2298384" total="3604480" percent="63" />
      <mem type="survivor" free="0" total="1376256" percent="0" />
    </mem>
    <mem type="tenure" free="2414112" total="7929856" percent="30" micro-fragmented="100108" macro-fragmented="0">
      <mem type="soa" free="2016800" total="7532544" percent="26" />
      <mem type="loa" free="397312" total="397312" percent="100" />
    </mem>
    <pending-finalizers system="283" default="0" reference="704" classloader="0" />
    <remembered-set count="3715" />
  </mem-info>
</gc-end>
<cycle-end id="511" type="global" contextid="481" timestamp="2025-12-14T22:18:04.287" />
<exclusive-end id="512" timestamp="2025-12-14T22:18:04.287" durationms="25.488" />

<exclusive-start id="513" timestamp="2025-12-14T22:18:04.374" intervalms="111.853">
  <response-info timems="0.067" idlems="0.067" threads="0" lastid="00000000005EC100" lastname="Equinox start level thread - Equinox Container: a76135bd-505b-4" />
</exclusive-start>
<af-start id="514" threadId="00000000005ECB78" totalBytesRequested="88" timestamp="2025-12-14T22:18:04.374" intervalms="316.450" type="nursery" />
<cycle-start id="515" type="scavenge" contextid="0" timestamp="2025-12-14T22:18:04.375" intervalms="316.716" />
<gc-start id="516" type="scavenge" contextid="515" timestamp="2025-12-14T22:18:04.376">
  <mem-info id="517" free="2340592" total="12910592" percent="18">
    <mem type="nursery" free="0" total="4980736" percent="0">
      <mem type="allocate" free="0" total="3604480" percent="0" />
      <mem type="survivor" free="0" total="1376256" percent="0" />
    </mem>
    <mem type="tenure" free="2340592" total="7929856" percent="29">
      <mem type="soa" free="1943280" total="7532544" percent="25" />
      <mem type="loa" free="397312" total="397312" percent="100" />
    </mem>
    <remembered-set count="4642" />
  </mem-info>
</gc-start>
<allocation-stats totalBytes="2315544" discardedBytes="41664" >
  <allocated-bytes non-tlh="597496" tlh="1718048" />
  <largest-consumer threadName="Equinox start level thread - Equinox Container: a76135bd-505b-47bb-946e-e77858b80ca1" threadId="00000000005EC100" bytes="1461920" />
</allocation-stats>
<gc-op id="518" type="scavenge" timems="4.199" contextid="515" timestamp="2025-12-14T22:18:04.382">
  <scavenger-info tenureage="4" tenuremask="fff0" tiltratio="72" />
  <memory-copied type="nursery" objects="20256" bytes="816416" bytesdiscarded="10536" />
  <finalization candidates="317" enqueued="66" />
  <ownableSynchronizers candidates="319" cleared="207" />
  <references type="soft" candidates="282" cleared="0" enqueued="0" dynamicThreshold="9" maxThreshold="32" />
  <references type="weak" candidates="700" cleared="292" enqueued="287" />
  <references type="phantom" candidates="16" cleared="11" enqueued="11" />
  <object-monitors candidates="11" cleared="0"  />
</gc-op>
<gc-end id="519" type="scavenge" contextid="515" durationms="6.485" usertimems="8.380" systemtimems="0.031" stalltimems="1.033" timestamp="2025-12-14T22:18:04.383" activeThreads="2">
  <mem-info id="520" free="4656344" total="12910592" percent="36">
    <mem type="nursery" free="2315752" total="4980736" percent="46">
      <mem type="allocate" free="2315752" total="3145728" percent="73" />
      <mem type="survivor" free="0" total="1835008" percent="0" />
    </mem>
    <mem type="tenure" free="2340592" total="7929856" percent="29">
      <mem type="soa" free="1943280" total="7532544" percent="25" />
      <mem type="loa" free="397312" total="397312" percent="100" />
    </mem>
    <pending-finalizers system="66" default="0" reference="298" classloader="0" />
    <remembered-set count="4519" />
  </mem-info>
</gc-end>
<cycle-end id="521" type="scavenge" contextid="515" timestamp="2025-12-14T22:18:04.383" />
<allocation-satisfied id="522" threadId="00000000005EC100" bytesRequested="88" />
<af-end id="523" timestamp="2025-12-14T22:18:04.385" threadId="00000000005ECB78" success="true" from="nursery"/>
<exclusive-end id="524" timestamp="2025-12-14T22:18:04.385" durationms="11.653" />

<exclusive-start id="525" timestamp="2025-12-14T22:18:04.441" intervalms="66.846">
  <response-info timems="0.072" idlems="0.072" threads="0" lastid="00000000005E4400" lastname="Start Level: Equinox Container: a76135bd-505b-47bb-946e-e77858b" />
</exclusive-start>
<af-start id="526" threadId="00000000005E4E78" totalBytesRequested="24" timestamp="2025-12-14T22:18:04.441" intervalms="66.843" type="nursery" />
<cycle-start id="527" type="scavenge" contextid="0" timestamp="2025-12-14T22:18:04.442" intervalms="66.870" />
<gc-start id="528" type="scavenge" contextid="527" timestamp="2025-12-14T22:18:04.443">
  <mem-info id="529" free="2333608" total="12910592" percent="18">
    <mem type="nursery" free="0" total="4980736" percent="0">
      <mem type="allocate" free="0" total="3145728" percent="0" />
      <mem type="survivor" free="0" total="1835008" percent="0" />
    </mem>
    <mem type="tenure" free="2333608" total="7929856" percent="29">
      <mem type="soa" free="1936296" total="7532544" percent="25" />
      <mem type="loa" free="397312" total="397312" percent="100" />
    </mem>
    <remembered-set count="4686" />
  </mem-info>
</gc-start>
<allocation-stats totalBytes="2322456" discardedBytes="280" >
  <allocated-bytes non-tlh="7072" tlh="2315384" />
  <largest-consumer threadName="Equinox start level thread - Equinox Container: a76135bd-505b-47bb-946e-e77858b80ca1" threadId="00000000005EC100" bytes="1862648" />
</allocation-stats>
<gc-op id="530" type="scavenge" timems="4.123" contextid="527" timestamp="2025-12-14T22:18:04.449">
  <scavenger-info tenureage="4" tenuremask="fff0" tiltratio="63" />
  <memory-copied type="nursery" objects="22590" bytes="893744" bytesdiscarded="23216" />
  <finalization candidates="251" enqueued="0" />
  <ownableSynchronizers candidates="209" cleared="44" />
  <references type="soft" candidates="304" cleared="0" enqueued="0" dynamicThreshold="9" maxThreshold="32" />
  <references type="weak" candidates="476" cleared="31" enqueued="31" />
  <references type="phantom" candidates="5" cleared="0" enqueued="0" />
  <object-monitors candidates="11" cleared="0"  />
</gc-op>
<heap-resize id="531" type="expand" space="nursery" amount="262144" count="1" timems="0.072" reason="excessive time being spent scavenging" timestamp="2025-12-14T22:18:04.450" />
<gc-end id="532" type="scavenge" contextid="527" durationms="8.083" usertimems="2.925" systemtimems="5.421" stalltimems="0.958" timestamp="2025-12-14T22:18:04.451" activeThreads="2">
  <mem-info id="533" free="5150088" total="13172736" percent="39">
    <mem type="nursery" free="2816480" total="5242880" percent="53">
      <mem type="allocate" free="2816480" total="3735552" percent="75" />
      <mem type="survivor" free="0" total="1507328" percent="0" />
    </mem>
    <mem type="tenure" free="2333608" total="7929856" percent="29">
      <mem type="soa" free="1936296" total="7532544" percent="25" />
      <mem type="loa" free="397312" total="397312" percent="100" />
    </mem>
    <pending-finalizers system="0" default="0" reference="31" classloader="0" />
    <remembered-set count="4632" />
  </mem-info>
</gc-end>
<cycle-end id="534" type="scavenge" contextid="527" timestamp="2025-12-14T22:18:04.452" />
<allocation-satisfied id="535" threadId="00000000005E4400" bytesRequested="24" />
<af-end id="536" timestamp="2025-12-14T22:18:04.453" threadId="00000000005E4E78" success="true" from="nursery"/>
<exclusive-end id="537" timestamp="2025-12-14T22:18:04.454" durationms="13.485" />

<exclusive-start id="538" timestamp="2025-12-14T22:18:04.517" intervalms="75.986">
  <response-info timems="0.101" idlems="0.101" threads="0" lastid="00000000005F7B00" lastname="Equinox start level thread - Equinox Container: a76135bd-505b-4" />
</exclusive-start>
<af-start id="539" threadId="00000000005F8578" totalBytesRequested="24" timestamp="2025-12-14T22:18:04.518" intervalms="76.367" type="nursery" />
<cycle-start id="540" type="scavenge" contextid="0" timestamp="2025-12-14T22:18:04.519" intervalms="76.487" />
<gc-start id="541" type="scavenge" contextid="540" timestamp="2025-12-14T22:18:04.520">
  <mem-info id="542" free="2291416" total="13172736" percent="17">
    <mem type="nursery" free="0" total="5242880" percent="0">
      <mem type="allocate" free="0" total="3735552" percent="0" />
      <mem type="survivor" free="0" total="1507328" percent="0" />
    </mem>
    <mem type="tenure" free="2291416" total="7929856" percent="28">
      <mem type="soa" free="1894104" total="7532544" percent="25" />
      <mem type="loa" free="397312" total="397312" percent="100" />
    </mem>
    <remembered-set count="5252" />
  </mem-info>
</gc-start>
<allocation-stats totalBytes="2855528" discardedBytes="1032" >
  <allocated-bytes non-tlh="72888" tlh="2782640" />
  <largest-consumer threadName="Equinox start level thread - Equinox Container: a76135bd-505b-47bb-946e-e77858b80ca1" threadId="00000000005EC100" bytes="1369848" />
</allocation-stats>
<gc-op id="543" type="scavenge" timems="6.241" contextid="540" timestamp="2025-12-14T22:18:04.527">
  <scavenger-info tenureage="3" tenuremask="fff8" tiltratio="71" />
  <memory-copied type="nursery" objects="30995" bytes="1226560" bytesdiscarded="33104" />
  <memory-copied type="tenure" objects="581" bytes="17184" bytesdiscarded="80" />
  <finalization candidates="259" enqueued="8" />
  <ownableSynchronizers candidates="595" cleared="187" />
  <references type="soft" candidates="493" cleared="0" enqueued="0" dynamicThreshold="9" maxThreshold="32" />
  <references type="weak" candidates="736" cleared="213" enqueued="213" />
  <references type="phantom" candidates="9" cleared="3" enqueued="3" />
  <object-monitors candidates="14" cleared="2"  />
</gc-op>
<heap-resize id="544" type="expand" space="nursery" amount="262144" count="1" timems="0.064" reason="excessive time being spent scavenging" timestamp="2025-12-14T22:18:04.528" />
<gc-end id="545" type="scavenge" contextid="540" durationms="9.548" usertimems="5.297" systemtimems="7.096" stalltimems="1.599" timestamp="2025-12-14T22:18:04.529" activeThreads="2">
  <mem-info id="546" free="4542264" total="13434880" percent="33">
    <mem type="nursery" free="2275080" total="5505024" percent="41">
      <mem type="allocate" free="2275080" total="3538944" percent="64" />
      <mem type="survivor" free="0" total="1966080" percent="0" />
    </mem>
    <mem type="tenure" free="2267184" total="7929856" percent="28">
      <mem type="soa" free="1869872" total="7532544" percent="24" />
      <mem type="loa" free="397312" total="397312" percent="100" />
    </mem>
    <pending-finalizers system="8" default="0" reference="216" classloader="0" />
    <remembered-set count="1915" />
  </mem-info>
</gc-end>
<cycle-end id="547" type="scavenge" contextid="540" timestamp="2025-12-14T22:18:04.530" />
<allocation-satisfied id="548" threadId="00000000005F7B00" bytesRequested="24" />
<af-end id="549" timestamp="2025-12-14T22:18:04.531" threadId="00000000005F8578" success="true" from="nursery"/>
<exclusive-end id="550" timestamp="2025-12-14T22:18:04.532" durationms="15.500" />

<exclusive-start id="551" timestamp="2025-12-14T22:18:04.632" intervalms="115.673">
  <response-info timems="0.084" idlems="0.084" threads="0" lastid="000000000082D900" lastname="Default Executor-thread-1" />
</exclusive-start>
<af-start id="552" threadId="000000000082E378" totalBytesRequested="16392" timestamp="2025-12-14T22:18:04.633" intervalms="115.514" type="nursery" />
<cycle-start id="553" type="scavenge" contextid="0" timestamp="2025-12-14T22:18:04.634" intervalms="115.412" />
<gc-start id="554" type="scavenge" contextid="553" timestamp="2025-12-14T22:18:04.635">
  <mem-info id="555" free="2205640" total="13434880" percent="16">
    <mem type="nursery" free="0" total="5505024" percent="0">
      <mem type="allocate" free="0" total="3538944" percent="0" />
      <mem type="survivor" free="0" total="1966080" percent="0" />
    </mem>
    <mem type="tenure" free="2205640" total="7929856" percent="27">
      <mem type="soa" free="1808328" total="7532544" percent="24" />
      <mem type="loa" free="397312" total="397312" percent="100" />
    </mem>
    <remembered-set count="2669" />
  </mem-info>
</gc-start>
<allocation-stats totalBytes="2293776" discardedBytes="32688" >
  <allocated-bytes non-tlh="59608" tlh="2234168" />
  <largest-consumer threadName="Default Executor-thread-1" threadId="000000000082D900" bytes="855112" />
</allocation-stats>
<gc-op id="556" type="scavenge" timems="6.245" contextid="553" timestamp="2025-12-14T22:18:04.643">
  <scavenger-info tenureage="6" tenuremask="ffc0" tiltratio="64" />
  <memory-copied type="nursery" objects="41089" bytes="1608576" bytesdiscarded="59320" />
  <finalization candidates="244" enqueued="5" />
  <ownableSynchronizers candidates="601" cleared="63" />
  <references type="soft" candidates="686" cleared="0" enqueued="0" dynamicThreshold="9" maxThreshold="32" />
  <references type="weak" candidates="856" cleared="246" enqueued="245" />
  <references type="phantom" candidates="9" cleared="2" enqueued="2" />
  <object-monitors candidates="15" cleared="1"  />
</gc-op>
<gc-end id="557" type="scavenge" contextid="553" durationms="8.736" usertimems="12.230" systemtimems="0.000" stalltimems="1.089" timestamp="2025-12-14T22:18:04.644" activeThreads="2">
  <mem-info id="558" free="3678856" total="13434880" percent="27">
    <mem type="nursery" free="1473216" total="5505024" percent="26">
      <mem type="allocate" free="1473216" total="3145728" percent="46" />
      <mem type="survivor" free="0" total="2359296" percent="0" />
    </mem>
    <mem type="tenure" free="2205640" total="7929856" percent="27">
      <mem type="soa" free="1808328" total="7532544" percent="24" />
      <mem type="loa" free="397312" total="397312" percent="100" />
    </mem>
    <pending-finalizers system="5" default="0" reference="247" classloader="0" />
    <remembered-set count="2531" />
  </mem-info>
</gc-end>
<cycle-end id="559" type="scavenge" contextid="553" timestamp="2025-12-14T22:18:04.645" />
<allocation-satisfied id="560" threadId="000000000082D900" bytesRequested="16392" />
<af-end id="561" timestamp="2025-12-14T22:18:04.646" threadId="000000000082E378" success="true" from="nursery"/>
<exclusive-end id="562" timestamp="2025-12-14T22:18:04.647" durationms="14.808" />

<exclusive-start id="563" timestamp="2025-12-14T22:18:04.681" intervalms="49.223">
  <response-info timems="0.055" idlems="0.055" threads="0" lastid="000000000082D900" lastname="Default Executor-thread-1" />
</exclusive-start>
<af-start id="564" threadId="000000000082E378" totalBytesRequested="8200" timestamp="2025-12-14T22:18:04.682" intervalms="49.142" type="nursery" />
<cycle-start id="565" type="scavenge" contextid="0" timestamp="2025-12-14T22:18:04.683" intervalms="49.146" />
<gc-start id="566" type="scavenge" contextid="565" timestamp="2025-12-14T22:18:04.684">
  <mem-info id="567" free="2205424" total="13434880" percent="16">
    <mem type="nursery" free="0" total="5505024" percent="0">
      <mem type="allocate" free="0" total="3145728" percent="0" />
      <mem type="survivor" free="0" total="2359296" percent="0" />
    </mem>
    <mem type="tenure" free="2205424" total="7929856" percent="27">
      <mem type="soa" free="1808112" total="7532544" percent="24" />
      <mem type="loa" free="397312" total="397312" percent="100" />
    </mem>
    <remembered-set count="2541" />
  </mem-info>
</gc-start>
<allocation-stats totalBytes="1450480" discardedBytes="22952" >
  <allocated-bytes non-tlh="16608" tlh="1433872" />
  <largest-consumer threadName="Default Executor-thread-1" threadId="000000000082D900" bytes="1446384" />
</allocation-stats>
<gc-op id="568" type="scavenge" timems="6.023" contextid="565" timestamp="2025-12-14T22:18:04.692">
  <scavenger-info tenureage="3" tenuremask="fff8" tiltratio="57" />
  <memory-copied type="nursery" objects="23060" bytes="877784" bytesdiscarded="42352" />
  <memory-copied type="tenure" objects="21245" bytes="847312" bytesdiscarded="336" />
  <finalization candidates="239" enqueued="0" />
  <ownableSynchronizers candidates="538" cleared="0" />
  <references type="soft" candidates="382" cleared="0" enqueued="0" dynamicThreshold="9" maxThreshold="32" />
  <references type="weak" candidates="170" cleared="1" enqueued="1" />
  <references type="phantom" candidates="2" cleared="0" enqueued="0" />
  <object-monitors candidates="14" cleared="0"  />
</gc-op>
<heap-resize id="569" type="expand" space="nursery" amount="655360" count="1" timems="0.065" reason="excessive time being spent scavenging" timestamp="2025-12-14T22:18:04.693" />
<gc-end id="570" type="scavenge" contextid="565" durationms="9.310" usertimems="15.629" systemtimems="1.227" stalltimems="2.819" timestamp="2025-12-14T22:18:04.693" activeThreads="3">
  <mem-info id="571" free="3929296" total="14090240" percent="27">
    <mem type="nursery" free="2616512" total="6160384" percent="42">
      <mem type="allocate" free="2616512" total="3538944" percent="73" />
      <mem type="survivor" free="0" total="2621440" percent="0" />
    </mem>
    <mem type="tenure" free="1312784" total="7929856" percent="16">
      <mem type="soa" free="915472" total="7532544" percent="12" />
      <mem type="loa" free="397312" total="397312" percent="100" />
    </mem>
    <pending-finalizers system="0" default="0" reference="1" classloader="0" />
    <remembered-set count="1203" />
  </mem-info>
</gc-end>
<cycle-end id="572" type="scavenge" contextid="565" timestamp="2025-12-14T22:18:04.694" />
<allocation-satisfied id="573" threadId="000000000082D900" bytesRequested="8200" />
<af-end id="574" timestamp="2025-12-14T22:18:04.696" threadId="000000000082E378" success="true" from="nursery"/>
<exclusive-end id="575" timestamp="2025-12-14T22:18:04.697" durationms="15.172" />

<exclusive-start id="576" timestamp="2025-12-14T22:18:04.757" intervalms="75.385">
  <response-info timems="0.063" idlems="0.063" threads="0" lastid="000000000082D900" lastname="Default Executor-thread-1" />
</exclusive-start>
<af-start id="577" threadId="000000000082E378" totalBytesRequested="8200" timestamp="2025-12-14T22:18:04.758" intervalms="75.232" type="nursery" />
<cycle-start id="578" type="scavenge" contextid="0" timestamp="2025-12-14T22:18:04.758" intervalms="75.023" />
<gc-start id="579" type="scavenge" contextid="578" timestamp="2025-12-14T22:18:04.759">
  <mem-info id="580" free="1312736" total="14090240" percent="9">
    <mem type="nursery" free="0" total="6160384" percent="0">
      <mem type="allocate" free="0" total="3538944" percent="0" />
      <mem type="survivor" free="0" total="2621440" percent="0" />
    </mem>
    <mem type="tenure" free="1312736" total="7929856" percent="16">
      <mem type="soa" free="915424" total="7532544" percent="12" />
      <mem type="loa" free="397312" total="397312" percent="100" />
    </mem>
    <remembered-set count="1204" />
  </mem-info>
</gc-start>
<allocation-stats totalBytes="2588056" discardedBytes="28504" >
  <allocated-bytes non-tlh="8248" tlh="2579808" />
  <largest-consumer threadName="Default Executor-thread-1" threadId="000000000082D900" bytes="2588056" />
</allocation-stats>
<gc-op id="581" type="scavenge" timems="3.893" contextid="578" timestamp="2025-12-14T22:18:04.765">
  <scavenger-info tenureage="3" tenuremask="ffc8" tiltratio="57" />
  <memory-copied type="nursery" objects="21187" bytes="770160" bytesdiscarded="20088" />
  <memory-copied type="tenure" objects="8649" bytes="344632" bytesdiscarded="96" />
  <ownableSynchronizers candidates="373" cleared="0" />
  <references type="soft" candidates="193" cleared="0" enqueued="0" dynamicThreshold="9" maxThreshold="32" />
  <references type="weak" candidates="88" cleared="0" enqueued="0" />
  <references type="phantom" candidates="1" cleared="0" enqueued="0" />
  <object-monitors candidates="14" cleared="0"  />
</gc-op>
<heap-resize id="582" type="expand" space="nursery" amount="262144" count="1" timems="0.070" reason="excessive time being spent scavenging" timestamp="2025-12-14T22:18:04.765" />
<gc-end id="583" type="scavenge" contextid="578" durationms="7.265" usertimems="10.051" systemtimems="0.000" stalltimems="2.104" timestamp="2025-12-14T22:18:04.766" activeThreads="3">
  <mem-info id="584" free="4244504" total="14352384" percent="29">
    <mem type="nursery" free="3403320" total="6422528" percent="52">
      <mem type="allocate" free="3403320" total="4194304" percent="81" />
      <mem type="survivor" free="0" total="2228224" percent="0" />
    </mem>
    <mem type="tenure" free="841184" total="7929856" percent="10">
      <mem type="soa" free="443872" total="7532544" percent="5" />
      <mem type="loa" free="397312" total="397312" percent="100" />
    </mem>
    <remembered-set count="573" />
  </mem-info>
</gc-end>
<cycle-end id="585" type="scavenge" contextid="578" timestamp="2025-12-14T22:18:04.767" />
<allocation-satisfied id="586" threadId="000000000082D900" bytesRequested="8200" />
<af-end id="587" timestamp="2025-12-14T22:18:04.769" threadId="000000000082E378" success="true" from="nursery"/>
<exclusive-end id="588" timestamp="2025-12-14T22:18:04.770" durationms="13.068" />

<concurrent-kickoff id="589" timestamp="2025-12-14T22:18:04.829">
  <kickoff reason="threshold reached" targetBytes="2621137" thresholdFreeBytes="363339"  remainingFree="187960" tenureFreeBytes="841184" nurseryFreeBytes="187960" />
</concurrent-kickoff>
<exclusive-start id="590" timestamp="2025-12-14T22:18:04.830" intervalms="73.514">
  <response-info timems="0.074" idlems="0.074" threads="0" lastid="000000000082D900" lastname="Default Executor-thread-1" />
</exclusive-start>
<cycle-start id="591" type="global" contextid="0" timestamp="2025-12-14T22:18:04.831" intervalms="779.655" />
<concurrent-start id="592" type="global mark" contextid="591" timestamp="2025-12-14T22:18:04.832">
</concurrent-start>
<exclusive-end id="593" timestamp="2025-12-14T22:18:04.833" durationms="2.261" />

<exclusive-start id="594" timestamp="2025-12-14T22:18:04.844" intervalms="13.678">
  <response-info timems="0.060" idlems="0.060" threads="0" lastid="000000000082D900" lastname="Default Executor-thread-1" />
</exclusive-start>
<af-start id="595" threadId="000000000082E378" totalBytesRequested="88" timestamp="2025-12-14T22:18:04.845" intervalms="87.238" type="nursery" />
<cycle-start id="596" type="scavenge" contextid="0" timestamp="2025-12-14T22:18:04.846" intervalms="87.402" />
<gc-start id="597" type="scavenge" contextid="596" timestamp="2025-12-14T22:18:04.847">
  <mem-info id="598" free="841184" total="14352384" percent="5">
    <mem type="nursery" free="0" total="6422528" percent="0">
      <mem type="allocate" free="0" total="4194304" percent="0" />
      <mem type="survivor" free="0" total="2228224" percent="0" />
    </mem>
    <mem type="tenure" free="841184" total="7929856" percent="10">
      <mem type="soa" free="443872" total="7532544" percent="5" />
      <mem type="loa" free="397312" total="397312" percent="100" />
    </mem>
    <remembered-set count="573" />
  </mem-info>
</gc-start>
<allocation-stats totalBytes="3402104" discardedBytes="1216" >
  <allocated-bytes non-tlh="8200" tlh="3393904" />
  <largest-consumer threadName="Default Executor-thread-1" threadId="000000000082D900" bytes="3402104" />
</allocation-stats>
<gc-op id="599" type="scavenge" timems="5.012" contextid="596" timestamp="2025-12-14T22:18:04.853">
  <scavenger-info tenureage="2" tenuremask="700c" tiltratio="65" />
  <memory-copied type="nursery" objects="15797" bytes="573096" bytesdiscarded="21320" />
  <memory-copied type="tenure" objects="14398" bytes="531968" bytesdiscarded="256" />
  <ownableSynchronizers candidates="134" cleared="0" />
  <references type="phantom" candidates="1" cleared="0" enqueued="0" />
  <object-monitors candidates="14" cleared="0"  />
  <heap-resize type="expand" space="tenure" amount="65536" count="1" timems="0.055" reason="continue current collection" />
</gc-op>
<heap-resize id="600" type="expand" space="nursery" amount="262144" count="1" timems="0.103" reason="excessive time being spent scavenging" timestamp="2025-12-14T22:18:04.854" />
<gc-end id="601" type="scavenge" contextid="596" durationms="8.778" usertimems="10.851" systemtimems="1.923" stalltimems="2.247" timestamp="2025-12-14T22:18:04.855" activeThreads="3">
  <mem-info id="602" free="4524552" total="14680064" percent="30">
    <mem type="nursery" free="4124168" total="6684672" percent="61">
      <mem type="allocate" free="4124168" total="4718592" percent="87" />
      <mem type="survivor" free="0" total="1966080" percent="0" />
    </mem>
    <mem type="tenure" free="400384" total="7995392" percent="5">
      <mem type="soa" free="0" total="7595008" percent="0" />
      <mem type="loa" free="400384" total="400384" percent="100" />
    </mem>
    <remembered-set count="270" />
  </mem-info>
</gc-end>
<cycle-end id="603" type="scavenge" contextid="596" timestamp="2025-12-14T22:18:04.856" />
<allocation-satisfied id="604" threadId="000000000082D900" bytesRequested="88" />
<af-end id="605" timestamp="2025-12-14T22:18:04.858" threadId="000000000082E378" success="true" from="nursery"/>
<exclusive-end id="606" timestamp="2025-12-14T22:18:04.859" durationms="14.599" />

<concurrent-end id="607" type="global mark" contextid="591" timestamp="2025-12-14T22:18:04.960">
<gc-op id="608" type="trace" timems="128.530" contextid="591" timestamp="2025-12-14T22:18:04.960">
  <trace bytesTraced="4032240" workStackOverflowCount="0" />
  <card-cleaning reason="card cleaning threshold reached" bytesTraced="2896" cardsCleaned="39" />
</gc-op>
</concurrent-end>

<exclusive-start id="609" timestamp="2025-12-14T22:18:04.962" intervalms="117.973">
  <response-info timems="0.060" idlems="0.060" threads="0" lastid="000000000082D900" lastname="Default Executor-thread-1" />
</exclusive-start>
<concurrent-global-final id="610" timestamp="2025-12-14T22:18:04.963" contextid="591" intervalms="700.158" >
  <concurrent-trace-info reason="card cleaning threshold reached" tracedByMutators="28928" tracedByHelpers="4006208" cardsCleaned="39" workStackOverflowCount="0" />
</concurrent-global-final>
<gc-start id="611" type="global" contextid="591" timestamp="2025-12-14T22:18:04.964">
  <mem-info id="612" free="400384" total="14680064" percent="2">
    <mem type="nursery" free="0" total="6684672" percent="0">
      <mem type="allocate" free="0" total="4718592" percent="0" />
      <mem type="survivor" free="0" total="1966080" percent="0" />
    </mem>
    <mem type="tenure" free="400384" total="7995392" percent="5">
      <mem type="soa" free="0" total="7595008" percent="0" />
      <mem type="loa" free="400384" total="400384" percent="100" />
    </mem>
    <remembered-set count="286" />
  </mem-info>
</gc-start>
<allocation-stats totalBytes="4075360" discardedBytes="48808" >
  <allocated-bytes non-tlh="16480" tlh="4058880" />
  <largest-consumer threadName="Default Executor-thread-1" threadId="000000000082D900" bytes="4075360" />
</allocation-stats>
<gc-op id="613" type="rs-scan" timems="3.236" contextid="591" timestamp="2025-12-14T22:18:04.968">
  <scan objectsFound="25096" bytesTraced="715128" workStackOverflowCount="0" />
</gc-op>
<gc-op id="614" type="card-cleaning" timems="0.958" contextid="591" timestamp="2025-12-14T22:18:04.970">
  <card-cleaning cardsCleaned="2" bytesTraced="1016" workStackOverflowCount="0" />
</gc-op>
<gc-op id="615" type="mark" timems="12.047" contextid="591" timestamp="2025-12-14T22:18:04.983">
  <trace-info objectcount="2883" scancount="1528" scanbytes="41380" />
  <finalization candidates="733" enqueued="0" />
  <ownableSynchronizers candidates="624" cleared="0" />
  <references type="soft" candidates="4480" cleared="0" enqueued="0" dynamicThreshold="9" maxThreshold="32" />
  <references type="weak" candidates="1242" cleared="0" enqueued="0" />
  <references type="phantom" candidates="124" cleared="0" enqueued="0" />
  <stringconstants candidates="12412" cleared="17"  />
  <object-monitors candidates="14" cleared="0"  />
</gc-op>
<gc-op id="616" type="classunload" timems="0.026" contextid="591" timestamp="2025-12-14T22:18:04.984">
  <classunload-info classloadercandidates="31" classloadersunloaded="0" classesunloaded="0" anonymousclassesunloaded="0" quiescems="0.000" setupms="0.026" scanms="0.000" postms="0.000" />
</gc-op>
<gc-op id="617" type="sweep" timems="1.698" contextid="591" timestamp="2025-12-14T22:18:04.986" />
<heap-resize id="618" type="expand" space="tenure" amount="2621440" count="1" timems="0.073" reason="insufficient free space following gc" timestamp="2025-12-14T22:18:04.987" />
<gc-end id="619" type="global" contextid="591" durationms="23.793" usertimems="12.793" systemtimems="28.352" stalltimems="71.288" timestamp="2025-12-14T22:18:04.988" activeThreads="7">
  <mem-info id="620" free="6251456" total="17301504" percent="36">
    <mem type="nursery" free="3065696" total="6684672" percent="45">
      <mem type="allocate" free="3065696" total="4718592" percent="64" />
      <mem type="survivor" free="0" total="1966080" percent="0" />
    </mem>
    <mem type="tenure" free="3185760" total="10616832" percent="30" micro-fragmented="174089" macro-fragmented="0">
      <mem type="soa" free="2654304" total="10085376" percent="26" />
      <mem type="loa" free="531456" total="531456" percent="100" />
    </mem>
    <remembered-set count="286" />
  </mem-info>
</gc-end>
<cycle-end id="621" type="global" contextid="591" timestamp="2025-12-14T22:18:04.989" />
<exclusive-end id="622" timestamp="2025-12-14T22:18:04.989" durationms="27.306" />

<exclusive-start id="623" timestamp="2025-12-14T22:18:05.069" intervalms="106.506">
  <response-info timems="0.098" idlems="0.098" threads="0" lastid="000000000082D900" lastname="Default Executor-thread-1" />
</exclusive-start>
<af-start id="624" threadId="000000000082E378" totalBytesRequested="8200" timestamp="2025-12-14T22:18:05.069" intervalms="224.504" type="nursery" />
<cycle-start id="625" type="scavenge" contextid="0" timestamp="2025-12-14T22:18:05.070" intervalms="224.425" />
<gc-start id="626" type="scavenge" contextid="625" timestamp="2025-12-14T22:18:05.071">
  <mem-info id="627" free="3183752" total="17301504" percent="18">
    <mem type="nursery" free="0" total="6684672" percent="0">
      <mem type="allocate" free="0" total="4718592" percent="0" />
      <mem type="survivor" free="0" total="1966080" percent="0" />
    </mem>
    <mem type="tenure" free="3183752" total="10616832" percent="29">
      <mem type="soa" free="2652296" total="10085376" percent="26" />
      <mem type="loa" free="531456" total="531456" percent="100" />
    </mem>
    <remembered-set count="346" />
  </mem-info>
</gc-start>
<allocation-stats totalBytes="3032680" discardedBytes="22160" >
  <allocated-bytes non-tlh="1216288" tlh="1816392" />
  <largest-consumer threadName="Default Executor-thread-1" threadId="000000000082D900" bytes="2997840" />
</allocation-stats>
<gc-op id="628" type="scavenge" timems="4.779" contextid="625" timestamp="2025-12-14T22:18:05.078">
  <scavenger-info tenureage="2" tenuremask="7004" tiltratio="70" />
  <memory-copied type="nursery" objects="27764" bytes="958248" bytesdiscarded="41944" />
  <memory-copied type="tenure" objects="6776" bytes="235120" bytesdiscarded="1448" />
  <finalization candidates="2" enqueued="2" />
  <ownableSynchronizers candidates="1252" cleared="1248" />
  <references type="weak" candidates="21" cleared="5" enqueued="5" />
  <references type="phantom" candidates="2" cleared="1" enqueued="1" />
  <object-monitors candidates="16" cleared="0"  />
</gc-op>
<gc-end id="629" type="scavenge" contextid="625" durationms="7.880" usertimems="5.676" systemtimems="4.763" stalltimems="5.388" timestamp="2025-12-14T22:18:05.079" activeThreads="3">
  <mem-info id="630" free="6716576" total="17301504" percent="38">
    <mem type="nursery" free="3849392" total="6684672" percent="57">
      <mem type="allocate" free="3849392" total="4849664" percent="79" />
      <mem type="survivor" free="0" total="1835008" percent="0" />
    </mem>
    <mem type="tenure" free="2867184" total="10616832" percent="27">
      <mem type="soa" free="2335728" total="10085376" percent="23" />
      <mem type="loa" free="531456" total="531456" percent="100" />
    </mem>
    <pending-finalizers system="2" default="0" reference="6" classloader="0" />
    <remembered-set count="344" />
  </mem-info>
</gc-end>
<cycle-end id="631" type="scavenge" contextid="625" timestamp="2025-12-14T22:18:05.080" />
<allocation-satisfied id="632" threadId="000000000082D900" bytesRequested="8200" />
<af-end id="633" timestamp="2025-12-14T22:18:05.081" threadId="000000000082E378" success="true" from="nursery"/>
<exclusive-end id="634" timestamp="2025-12-14T22:18:05.082" durationms="13.488" />

<exclusive-start id="635" timestamp="2025-12-14T22:18:05.171" intervalms="102.232">
  <response-info timems="0.064" idlems="0.064" threads="0" lastid="000000000082D900" lastname="Default Executor-thread-1" />
</exclusive-start>
<af-start id="636" threadId="000000000082E378" totalBytesRequested="16392" timestamp="2025-12-14T22:18:05.172" intervalms="102.410" type="nursery" />
<cycle-start id="637" type="scavenge" contextid="0" timestamp="2025-12-14T22:18:05.173" intervalms="102.506" />
<gc-start id="638" type="scavenge" contextid="637" timestamp="2025-12-14T22:18:05.174">
  <mem-info id="639" free="2867184" total="17301504" percent="16">
    <mem type="nursery" free="0" total="6684672" percent="0">
      <mem type="allocate" free="0" total="4849664" percent="0" />
      <mem type="survivor" free="0" total="1835008" percent="0" />
    </mem>
    <mem type="tenure" free="2867184" total="10616832" percent="27">
      <mem type="soa" free="2335728" total="10085376" percent="23" />
      <mem type="loa" free="531456" total="531456" percent="100" />
    </mem>
    <remembered-set count="382" />
  </mem-info>
</gc-start>
<allocation-stats totalBytes="3839792" discardedBytes="9600" >
  <allocated-bytes non-tlh="8200" tlh="3831592" />
  <largest-consumer threadName="Default Executor-thread-1" threadId="000000000082D900" bytes="3839792" />
</allocation-stats>
<gc-op id="640" type="scavenge" timems="3.898" contextid="637" timestamp="2025-12-14T22:18:05.179">
  <scavenger-info tenureage="12" tenuremask="7000" tiltratio="72" />
  <memory-copied type="nursery" objects="37719" bytes="1312952" bytesdiscarded="34312" />
  <ownableSynchronizers candidates="4" cleared="0" />
  <references type="weak" candidates="16" cleared="0" enqueued="0" />
  <references type="phantom" candidates="1" cleared="0" enqueued="0" />
  <object-monitors candidates="16" cleared="0"  />
</gc-op>
<gc-end id="641" type="scavenge" contextid="637" durationms="6.063" usertimems="9.334" systemtimems="0.000" stalltimems="2.775" timestamp="2025-12-14T22:18:05.180" activeThreads="3">
  <mem-info id="642" free="6172952" total="17301504" percent="35">
    <mem type="nursery" free="3305768" total="6684672" percent="49">
      <mem type="allocate" free="3305768" total="4653056" percent="71" />
      <mem type="survivor" free="0" total="2031616" percent="0" />
    </mem>
    <mem type="tenure" free="2867184" total="10616832" percent="27">
      <mem type="soa" free="2335728" total="10085376" percent="23" />
      <mem type="loa" free="531456" total="531456" percent="100" />
    </mem>
    <remembered-set count="323" />
  </mem-info>
</gc-end>
<cycle-end id="643" type="scavenge" contextid="637" timestamp="2025-12-14T22:18:05.180" />
<allocation-satisfied id="644" threadId="000000000082D900" bytesRequested="16392" />
<af-end id="645" timestamp="2025-12-14T22:18:05.182" threadId="000000000082E378" success="true" from="nursery"/>
<exclusive-end id="646" timestamp="2025-12-14T22:18:05.183" durationms="11.980" />

<exclusive-start id="647" timestamp="2025-12-14T22:18:05.248" intervalms="76.796">
  <response-info timems="0.059" idlems="0.059" threads="0" lastid="000000000082D900" lastname="Default Executor-thread-1" />
</exclusive-start>
<af-start id="648" threadId="000000000082E378" totalBytesRequested="16392" timestamp="2025-12-14T22:18:05.248" intervalms="76.615" type="nursery" />
<cycle-start id="649" type="scavenge" contextid="0" timestamp="2025-12-14T22:18:05.249" intervalms="76.691" />
<gc-start id="650" type="scavenge" contextid="649" timestamp="2025-12-14T22:18:05.250">
  <mem-info id="651" free="2867184" total="17301504" percent="16">
    <mem type="nursery" free="0" total="6684672" percent="0">
      <mem type="allocate" free="0" total="4653056" percent="0" />
      <mem type="survivor" free="0" total="2031616" percent="0" />
    </mem>
    <mem type="tenure" free="2867184" total="10616832" percent="27">
      <mem type="soa" free="2335728" total="10085376" percent="23" />
      <mem type="loa" free="531456" total="531456" percent="100" />
    </mem>
    <remembered-set count="340" />
  </mem-info>
</gc-start>
<allocation-stats totalBytes="3245160" discardedBytes="60608" >
  <allocated-bytes non-tlh="16392" tlh="3228768" />
  <largest-consumer threadName="Default Executor-thread-1" threadId="000000000082D900" bytes="3245160" />
</allocation-stats>
<gc-op id="652" type="scavenge" timems="5.451" contextid="649" timestamp="2025-12-14T22:18:05.257">
  <scavenger-info tenureage="2" tenuremask="700c" tiltratio="69" />
  <memory-copied type="nursery" objects="18382" bytes="652592" bytesdiscarded="73576" />
  <memory-copied type="tenure" objects="27744" bytes="953256" bytesdiscarded="952" />
  <ownableSynchronizers candidates="4" cleared="0" />
  <references type="phantom" candidates="1" cleared="0" enqueued="0" />
  <object-monitors candidates="16" cleared="0"  />
</gc-op>
<heap-resize id="653" type="expand" space="nursery" amount="393216" count="1" timems="0.064" reason="excessive time being spent scavenging" timestamp="2025-12-14T22:18:05.258" />
<gc-end id="654" type="scavenge" contextid="649" durationms="8.548" usertimems="12.742" systemtimems="0.096" stalltimems="4.098" timestamp="2025-12-14T22:18:05.259" activeThreads="3">
  <mem-info id="655" free="6155224" total="17694720" percent="34">
    <mem type="nursery" free="4254560" total="7077888" percent="60">
      <mem type="allocate" free="4254560" total="4980736" percent="85" />
      <mem type="survivor" free="0" total="2097152" percent="0" />
    </mem>
    <mem type="tenure" free="1900664" total="10616832" percent="17">
      <mem type="soa" free="1369208" total="10085376" percent="13" />
      <mem type="loa" free="531456" total="531456" percent="100" />
    </mem>
    <remembered-set count="345" />
  </mem-info>
</gc-end>
<cycle-end id="656" type="scavenge" contextid="649" timestamp="2025-12-14T22:18:05.260" />
<allocation-satisfied id="657" threadId="000000000082D900" bytesRequested="16392" />
<af-end id="658" timestamp="2025-12-14T22:18:05.261" threadId="000000000082E378" success="true" from="nursery"/>
<exclusive-end id="659" timestamp="2025-12-14T22:18:05.262" durationms="14.230" />

<concurrent-kickoff id="660" timestamp="2025-12-14T22:18:05.342">
  <kickoff reason="threshold reached" targetBytes="3835115" thresholdFreeBytes="531198"  remainingFree="514904" tenureFreeBytes="1900664" nurseryFreeBytes="514904" />
</concurrent-kickoff>
<exclusive-start id="661" timestamp="2025-12-14T22:18:05.343" intervalms="95.940">
  <response-info timems="0.118" idlems="0.118" threads="0" lastid="000000000082D900" lastname="Default Executor-thread-1" />
</exclusive-start>
<cycle-start id="662" type="global" contextid="0" timestamp="2025-12-14T22:18:05.344" intervalms="513.283" />
<concurrent-start id="663" type="global mark" contextid="662" timestamp="2025-12-14T22:18:05.345">
</concurrent-start>
<exclusive-end id="664" timestamp="2025-12-14T22:18:05.346" durationms="2.245" />

<exclusive-start id="665" timestamp="2025-12-14T22:18:05.363" intervalms="19.746">
  <response-info timems="0.072" idlems="0.072" threads="0" lastid="000000000082D900" lastname="Default Executor-thread-1" />
</exclusive-start>
<af-start id="666" threadId="000000000082E378" totalBytesRequested="16392" timestamp="2025-12-14T22:18:05.364" intervalms="115.815" type="nursery" />
<cycle-start id="667" type="scavenge" contextid="0" timestamp="2025-12-14T22:18:05.365" intervalms="115.662" />
<gc-start id="668" type="scavenge" contextid="667" timestamp="2025-12-14T22:18:05.366">
  <mem-info id="669" free="1900664" total="17694720" percent="10">
    <mem type="nursery" free="0" total="7077888" percent="0">
      <mem type="allocate" free="0" total="4980736" percent="0" />
      <mem type="survivor" free="0" total="2097152" percent="0" />
    </mem>
    <mem type="tenure" free="1900664" total="10616832" percent="17">
      <mem type="soa" free="1369208" total="10085376" percent="13" />
      <mem type="loa" free="531456" total="531456" percent="100" />
    </mem>
    <remembered-set count="407" />
  </mem-info>
</gc-start>
<allocation-stats totalBytes="4218432" discardedBytes="36128" >
  <allocated-bytes non-tlh="32784" tlh="4185648" />
  <largest-consumer threadName="Default Executor-thread-1" threadId="000000000082D900" bytes="4218432" />
</allocation-stats>
<gc-op id="670" type="scavenge" timems="3.569" contextid="667" timestamp="2025-12-14T22:18:05.371">
  <scavenger-info tenureage="12" tenuremask="7000" tiltratio="70" />
  <memory-copied type="nursery" objects="29428" bytes="1030440" bytesdiscarded="30144" />
  <references type="phantom" candidates="1" cleared="0" enqueued="0" />
  <object-monitors candidates="16" cleared="0"  />
</gc-op>
<gc-end id="671" type="scavenge" contextid="667" durationms="6.171" usertimems="8.701" systemtimems="0.000" stalltimems="2.556" timestamp="2025-12-14T22:18:05.372" activeThreads="3">
  <mem-info id="672" free="6017416" total="17694720" percent="34">
    <mem type="nursery" free="4116752" total="7077888" percent="58">
      <mem type="allocate" free="4116752" total="5177344" percent="79" />
      <mem type="survivor" free="0" total="1900544" percent="0" />
    </mem>
    <mem type="tenure" free="1900664" total="10616832" percent="17">
      <mem type="soa" free="1369208" total="10085376" percent="13" />
      <mem type="loa" free="531456" total="531456" percent="100" />
    </mem>
    <remembered-set count="407" />
  </mem-info>
</gc-end>
<cycle-end id="673" type="scavenge" contextid="667" timestamp="2025-12-14T22:18:05.373" />
<allocation-satisfied id="674" threadId="000000000082D900" bytesRequested="16392" />
<af-end id="675" timestamp="2025-12-14T22:18:05.375" threadId="000000000082E378" success="true" from="nursery"/>
<exclusive-end id="676" timestamp="2025-12-14T22:18:05.375" durationms="12.073" />

<exclusive-start id="677" timestamp="2025-12-14T22:18:05.474" intervalms="110.473">
  <response-info timems="0.089" idlems="0.089" threads="0" lastid="000000000082D900" lastname="Default Executor-thread-1" />
</exclusive-start>
<af-start id="678" threadId="000000000082E378" totalBytesRequested="16392" timestamp="2025-12-14T22:18:05.475" intervalms="110.440" type="nursery" />
<cycle-start id="679" type="scavenge" contextid="0" timestamp="2025-12-14T22:18:05.475" intervalms="110.534" />
<gc-start id="680" type="scavenge" contextid="679" timestamp="2025-12-14T22:18:05.476">
  <mem-info id="681" free="1900664" total="17694720" percent="10">
    <mem type="nursery" free="0" total="7077888" percent="0">
      <mem type="allocate" free="0" total="5177344" percent="0" />
      <mem type="survivor" free="0" total="1900544" percent="0" />
    </mem>
    <mem type="tenure" free="1900664" total="10616832" percent="17">
      <mem type="soa" free="1369208" total="10085376" percent="13" />
      <mem type="loa" free="531456" total="531456" percent="100" />
    </mem>
    <remembered-set count="467" />
  </mem-info>
</gc-start>
<allocation-stats totalBytes="4090192" discardedBytes="26560" >
  <allocated-bytes non-tlh="16392" tlh="4073800" />
  <largest-consumer threadName="Default Executor-thread-1" threadId="000000000082D900" bytes="4090192" />
</allocation-stats>
<gc-op id="682" type="scavenge" timems="3.680" contextid="679" timestamp="2025-12-14T22:18:05.481">
  <scavenger-info tenureage="3" tenuremask="7008" tiltratio="73" />
  <memory-copied type="nursery" objects="30258" bytes="1053560" bytesdiscarded="84088" />
  <memory-copied type="tenure" objects="9964" bytes="350704" bytesdiscarded="320" />
  <references type="phantom" candidates="1" cleared="0" enqueued="0" />
  <object-monitors candidates="16" cleared="0"  />
</gc-op>
<gc-end id="683" type="scavenge" contextid="679" durationms="6.025" usertimems="2.228" systemtimems="7.525" stalltimems="2.106" timestamp="2025-12-14T22:18:05.482" activeThreads="3">
  <mem-info id="684" free="5556848" total="17694720" percent="31">
    <mem type="nursery" free="4105224" total="7077888" percent="58">
      <mem type="allocate" free="4105224" total="5242880" percent="78" />
      <mem type="survivor" free="0" total="1835008" percent="0" />
    </mem>
    <mem type="tenure" free="1451624" total="10616832" percent="13">
      <mem type="soa" free="920168" total="10085376" percent="9" />
      <mem type="loa" free="531456" total="531456" percent="100" />
    </mem>
    <remembered-set count="418" />
  </mem-info>
</gc-end>
<cycle-end id="685" type="scavenge" contextid="679" timestamp="2025-12-14T22:18:05.483" />
<allocation-satisfied id="686" threadId="000000000082D900" bytesRequested="16392" />
<af-end id="687" timestamp="2025-12-14T22:18:05.485" threadId="000000000082E378" success="true" from="nursery"/>
<exclusive-end id="688" timestamp="2025-12-14T22:18:05.485" durationms="11.692" />

<exclusive-start id="689" timestamp="2025-12-14T22:18:05.574" intervalms="100.657">
  <response-info timems="0.063" idlems="0.063" threads="0" lastid="000000000082D900" lastname="Default Executor-thread-1" />
</exclusive-start>
<af-start id="690" threadId="000000000082E378" totalBytesRequested="8200" timestamp="2025-12-14T22:18:05.575" intervalms="100.667" type="nursery" />
<cycle-start id="691" type="scavenge" contextid="0" timestamp="2025-12-14T22:18:05.576" intervalms="100.564" />
<gc-start id="692" type="scavenge" contextid="691" timestamp="2025-12-14T22:18:05.577">
  <mem-info id="693" free="1451624" total="17694720" percent="8">
    <mem type="nursery" free="0" total="7077888" percent="0">
      <mem type="allocate" free="0" total="5242880" percent="0" />
      <mem type="survivor" free="0" total="1835008" percent="0" />
    </mem>
    <mem type="tenure" free="1451624" total="10616832" percent="13">
      <mem type="soa" free="920168" total="10085376" percent="9" />
      <mem type="loa" free="531456" total="531456" percent="100" />
    </mem>
    <remembered-set count="498" />
  </mem-info>
</gc-start>
<allocation-stats totalBytes="4098560" discardedBytes="6664" >
  <allocated-bytes non-tlh="16392" tlh="4082168" />
  <largest-consumer threadName="Default Executor-thread-1" threadId="000000000082D900" bytes="4078080" />
</allocation-stats>
<gc-op id="694" type="scavenge" timems="3.452" contextid="691" timestamp="2025-12-14T22:18:05.582">
  <scavenger-info tenureage="3" tenuremask="7008" tiltratio="74" />
  <memory-copied type="nursery" objects="32264" bytes="1144000" bytesdiscarded="125200" />
  <memory-copied type="tenure" objects="8407" bytes="292896" bytesdiscarded="64" />
  <ownableSynchronizers candidates="4" cleared="0" />
  <references type="weak" candidates="2" cleared="0" enqueued="0" />
  <references type="phantom" candidates="1" cleared="0" enqueued="0" />
  <object-monitors candidates="18" cleared="0"  />
</gc-op>
<heap-resize id="695" type="expand" space="nursery" amount="393216" count="1" timems="0.067" reason="excessive time being spent scavenging" timestamp="2025-12-14T22:18:05.583" />
<gc-end id="696" type="scavenge" contextid="691" durationms="6.964" usertimems="0.753" systemtimems="8.545" stalltimems="2.216" timestamp="2025-12-14T22:18:05.584" activeThreads="3">
  <mem-info id="697" free="5517664" total="18087936" percent="30">
    <mem type="nursery" free="4432376" total="7471104" percent="59">
      <mem type="allocate" free="4432376" total="5701632" percent="77" />
      <mem type="survivor" free="0" total="1769472" percent="0" />
    </mem>
    <mem type="tenure" free="1085288" total="10616832" percent="10">
      <mem type="soa" free="553832" total="10085376" percent="5" />
      <mem type="loa" free="531456" total="531456" percent="100" />
    </mem>
    <remembered-set count="404" />
  </mem-info>
</gc-end>
<cycle-end id="698" type="scavenge" contextid="691" timestamp="2025-12-14T22:18:05.585" />
<allocation-satisfied id="699" threadId="000000000082D900" bytesRequested="8200" />
<af-end id="700" timestamp="2025-12-14T22:18:05.587" threadId="000000000082E378" success="true" from="nursery"/>
<exclusive-end id="701" timestamp="2025-12-14T22:18:05.587" durationms="12.957" />

<concurrent-end id="702" type="global mark" contextid="662" timestamp="2025-12-14T22:18:05.588">
<gc-op id="703" type="trace" timems="243.303" contextid="662" timestamp="2025-12-14T22:18:05.588">
  <trace bytesTraced="4085676" workStackOverflowCount="0" />
  <card-cleaning reason="card cleaning threshold reached" bytesTraced="10832" cardsCleaned="159" />
</gc-op>
</concurrent-end>

<exclusive-start id="704" timestamp="2025-12-14T22:18:05.590" intervalms="15.371">
  <response-info timems="0.054" idlems="0.054" threads="0" lastid="000000000082D900" lastname="Default Executor-thread-1" />
</exclusive-start>
<concurrent-global-final id="705" timestamp="2025-12-14T22:18:05.590" contextid="662" intervalms="627.659" >
  <concurrent-trace-info reason="card cleaning threshold reached" tracedByMutators="374152" tracedByHelpers="3722356" cardsCleaned="159" workStackOverflowCount="0" />
</concurrent-global-final>
<gc-start id="706" type="global" contextid="662" timestamp="2025-12-14T22:18:05.591">
  <mem-info id="707" free="5374296" total="18087936" percent="29">
    <mem type="nursery" free="4289008" total="7471104" percent="57">
      <mem type="allocate" free="4289008" total="5701632" percent="75" />
      <mem type="survivor" free="0" total="1769472" percent="0" />
    </mem>
    <mem type="tenure" free="1085288" total="10616832" percent="10">
      <mem type="soa" free="553832" total="10085376" percent="5" />
      <mem type="loa" free="531456" total="531456" percent="100" />
    </mem>
    <remembered-set count="404" />
  </mem-info>
</gc-start>
<allocation-stats totalBytes="143368" discardedBytes="0" >
  <allocated-bytes non-tlh="8200" tlh="135168" />
  <largest-consumer threadName="Default Executor-thread-1" threadId="000000000082D900" bytes="143368" />
</allocation-stats>
<gc-op id="708" type="rs-scan" timems="2.957" contextid="662" timestamp="2025-12-14T22:18:05.596">
  <scan objectsFound="70780" bytesTraced="2011204" workStackOverflowCount="0" />
</gc-op>
<gc-op id="709" type="card-cleaning" timems="1.207" contextid="662" timestamp="2025-12-14T22:18:05.598">
  <card-cleaning cardsCleaned="8" bytesTraced="3624" workStackOverflowCount="0" />
</gc-op>
<gc-op id="710" type="mark" timems="5.348" contextid="662" timestamp="2025-12-14T22:18:05.604">
  <trace-info objectcount="168" scancount="162" scanbytes="3168" />
  <finalization candidates="733" enqueued="0" />
  <ownableSynchronizers candidates="632" cleared="2" />
  <references type="soft" candidates="4480" cleared="0" enqueued="0" dynamicThreshold="9" maxThreshold="32" />
  <references type="weak" candidates="1260" cleared="0" enqueued="0" />
  <references type="phantom" candidates="124" cleared="0" enqueued="0" />
  <stringconstants candidates="12399" cleared="0"  />
  <object-monitors candidates="18" cleared="0"  />
</gc-op>
<gc-op id="711" type="sweep" timems="1.874" contextid="662" timestamp="2025-12-14T22:18:05.606" />
<heap-resize id="712" type="expand" space="tenure" amount="2621440" count="1" timems="2.738" reason="insufficient free space following gc" timestamp="2025-12-14T22:18:05.610" />
<gc-end id="713" type="global" contextid="662" durationms="19.696" usertimems="18.641" systemtimems="20.506" stalltimems="38.012" timestamp="2025-12-14T22:18:05.611" activeThreads="8">
  <mem-info id="714" free="8509896" total="20709376" percent="41">
    <mem type="nursery" free="4531272" total="7471104" percent="60">
      <mem type="allocate" free="4531272" total="5701632" percent="79" />
      <mem type="survivor" free="0" total="1769472" percent="0" />
    </mem>
    <mem type="tenure" free="3978624" total="13238272" percent="30" micro-fragmented="244125" macro-fragmented="0">
      <mem type="soa" free="3316096" total="12575744" percent="26" />
      <mem type="loa" free="662528" total="662528" percent="100" />
    </mem>
    <remembered-set count="404" />
  </mem-info>
</gc-end>
<cycle-end id="715" type="global" contextid="662" timestamp="2025-12-14T22:18:05.612" />
<exclusive-end id="716" timestamp="2025-12-14T22:18:05.612" durationms="22.607" />

<exclusive-start id="717" timestamp="2025-12-14T22:18:05.701" intervalms="111.137">
  <response-info timems="0.063" idlems="0.063" threads="0" lastid="000000000082D900" lastname="Default Executor-thread-1" />
</exclusive-start>
<af-start id="718" threadId="000000000082E378" totalBytesRequested="14128" timestamp="2025-12-14T22:18:05.702" intervalms="126.421" type="nursery" />
<cycle-start id="719" type="scavenge" contextid="0" timestamp="2025-12-14T22:18:05.702" intervalms="126.489" />
<gc-start id="720" type="scavenge" contextid="719" timestamp="2025-12-14T22:18:05.703">
  <mem-info id="721" free="3978624" total="20709376" percent="19">
    <mem type="nursery" free="0" total="7471104" percent="0">
      <mem type="allocate" free="0" total="5701632" percent="0" />
      <mem type="survivor" free="0" total="1769472" percent="0" />
    </mem>
    <mem type="tenure" free="3978624" total="13238272" percent="30">
      <mem type="soa" free="3316096" total="12575744" percent="26" />
      <mem type="loa" free="662528" total="662528" percent="100" />
    </mem>
    <remembered-set count="460" />
  </mem-info>
</gc-start>
<allocation-stats totalBytes="4500088" discardedBytes="31184" >
  <allocated-bytes non-tlh="16392" tlh="4483696" />
  <largest-consumer threadName="Default Executor-thread-1" threadId="000000000082D900" bytes="4500088" />
</allocation-stats>
<gc-op id="722" type="scavenge" timems="4.031" contextid="719" timestamp="2025-12-14T22:18:05.709">
  <scavenger-info tenureage="3" tenuremask="7008" tiltratio="76" />
  <memory-copied type="nursery" objects="32581" bytes="1223888" bytesdiscarded="31456" />
  <memory-copied type="tenure" objects="11046" bytes="377632" bytesdiscarded="224" />
  <ownableSynchronizers candidates="1260" cleared="1256" />
  <references type="weak" candidates="2" cleared="0" enqueued="0" />
  <references type="phantom" candidates="1" cleared="0" enqueued="0" />
  <object-monitors candidates="18" cleared="0"  />
</gc-op>
<gc-end id="723" type="scavenge" contextid="719" durationms="6.722" usertimems="8.986" systemtimems="1.970" stalltimems="1.553" timestamp="2025-12-14T22:18:05.710" activeThreads="3">
  <mem-info id="724" free="7986320" total="20709376" percent="38">
    <mem type="nursery" free="4577336" total="7471104" percent="61">
      <mem type="allocate" free="4577336" total="5832704" percent="78" />
      <mem type="survivor" free="0" total="1638400" percent="0" />
    </mem>
    <mem type="tenure" free="3408984" total="13238272" percent="25">
      <mem type="soa" free="2746456" total="12575744" percent="21" />
      <mem type="loa" free="662528" total="662528" percent="100" />
    </mem>
    <remembered-set count="436" />
  </mem-info>
</gc-end>
<cycle-end id="725" type="scavenge" contextid="719" timestamp="2025-12-14T22:18:05.711" />
<allocation-satisfied id="726" threadId="000000000082D900" bytesRequested="14128" />
<af-end id="727" timestamp="2025-12-14T22:18:05.712" threadId="000000000082E378" success="true" from="nursery"/>
<exclusive-end id="728" timestamp="2025-12-14T22:18:05.713" durationms="12.211" />

<exclusive-start id="729" timestamp="2025-12-14T22:18:05.822" intervalms="120.748">
  <response-info timems="0.062" idlems="0.062" threads="0" lastid="000000000082D900" lastname="Default Executor-thread-1" />
</exclusive-start>
<af-start id="730" threadId="000000000082E378" totalBytesRequested="8200" timestamp="2025-12-14T22:18:05.823" intervalms="121.283" type="nursery" />
<cycle-start id="731" type="scavenge" contextid="0" timestamp="2025-12-14T22:18:05.824" intervalms="121.144" />
<gc-start id="732" type="scavenge" contextid="731" timestamp="2025-12-14T22:18:05.825">
  <mem-info id="733" free="3408984" total="20709376" percent="16">
    <mem type="nursery" free="0" total="7471104" percent="0">
      <mem type="allocate" free="0" total="5832704" percent="0" />
      <mem type="survivor" free="0" total="1638400" percent="0" />
    </mem>
    <mem type="tenure" free="3408984" total="13238272" percent="25">
      <mem type="soa" free="2746456" total="12575744" percent="21" />
      <mem type="loa" free="662528" total="662528" percent="100" />
    </mem>
    <remembered-set count="501" />
  </mem-info>
</gc-start>
<allocation-stats totalBytes="4550856" discardedBytes="26480" >
  <allocated-bytes non-tlh="14128" tlh="4536728" />
  <largest-consumer threadName="Default Executor-thread-1" threadId="000000000082D900" bytes="4550856" />
</allocation-stats>
<gc-op id="734" type="scavenge" timems="4.883" contextid="731" timestamp="2025-12-14T22:18:05.831">
  <scavenger-info tenureage="2" tenuremask="700c" tiltratio="78" />
  <memory-copied type="nursery" objects="22882" bytes="824960" bytesdiscarded="39904" />
  <memory-copied type="tenure" objects="21208" bytes="765392" bytesdiscarded="1888" />
  <ownableSynchronizers candidates="4" cleared="0" />
  <references type="phantom" candidates="1" cleared="0" enqueued="0" />
  <object-monitors candidates="18" cleared="0"  />
</gc-op>
<gc-end id="735" type="scavenge" contextid="731" durationms="7.673" usertimems="2.630" systemtimems="9.298" stalltimems="3.436" timestamp="2025-12-14T22:18:05.832" activeThreads="3">
  <mem-info id="736" free="7683904" total="20709376" percent="37">
    <mem type="nursery" free="4967832" total="7471104" percent="66">
      <mem type="allocate" free="4967832" total="5832704" percent="85" />
      <mem type="survivor" free="0" total="1638400" percent="0" />
    </mem>
    <mem type="tenure" free="2716072" total="13238272" percent="20">
      <mem type="soa" free="2053544" total="12575744" percent="16" />
      <mem type="loa" free="662528" total="662528" percent="100" />
    </mem>
    <remembered-set count="416" />
  </mem-info>
</gc-end>
<cycle-end id="737" type="scavenge" contextid="731" timestamp="2025-12-14T22:18:05.833" />
<allocation-satisfied id="738" threadId="000000000082D900" bytesRequested="8200" />
<af-end id="739" timestamp="2025-12-14T22:18:05.835" threadId="000000000082E378" success="true" from="nursery"/>
<exclusive-end id="740" timestamp="2025-12-14T22:18:05.836" durationms="14.088" />

<exclusive-start id="741" timestamp="2025-12-14T22:18:05.939" intervalms="117.505">
  <response-info timems="0.062" idlems="0.062" threads="0" lastid="000000000082D900" lastname="Default Executor-thread-1" />
</exclusive-start>
<af-start id="742" threadId="000000000082E378" totalBytesRequested="8200" timestamp="2025-12-14T22:18:05.940" intervalms="116.986" type="nursery" />
<cycle-start id="743" type="scavenge" contextid="0" timestamp="2025-12-14T22:18:05.941" intervalms="116.996" />
<gc-start id="744" type="scavenge" contextid="743" timestamp="2025-12-14T22:18:05.942">
  <mem-info id="745" free="2716072" total="20709376" percent="13">
    <mem type="nursery" free="0" total="7471104" percent="0">
      <mem type="allocate" free="0" total="5832704" percent="0" />
      <mem type="survivor" free="0" total="1638400" percent="0" />
    </mem>
    <mem type="tenure" free="2716072" total="13238272" percent="20">
      <mem type="soa" free="2053544" total="12575744" percent="16" />
      <mem type="loa" free="662528" total="662528" percent="100" />
    </mem>
    <remembered-set count="509" />
  </mem-info>
</gc-start>
<allocation-stats totalBytes="4949920" discardedBytes="17912" >
  <allocated-bytes non-tlh="8200" tlh="4941720" />
  <largest-consumer threadName="Default Executor-thread-1" threadId="000000000082D900" bytes="4949920" />
</allocation-stats>
<gc-op id="746" type="scavenge" timems="3.622" contextid="743" timestamp="2025-12-14T22:18:05.947">
  <scavenger-info tenureage="12" tenuremask="7000" tiltratio="78" />
  <memory-copied type="nursery" objects="35141" bytes="1275304" bytesdiscarded="37720" />
  <references type="phantom" candidates="1" cleared="0" enqueued="0" />
  <object-monitors candidates="18" cleared="0"  />
</gc-op>
<gc-end id="747" type="scavenge" contextid="743" durationms="5.786" usertimems="7.657" systemtimems="0.000" stalltimems="3.299" timestamp="2025-12-14T22:18:05.947" activeThreads="3">
  <mem-info id="748" free="6842528" total="20709376" percent="33">
    <mem type="nursery" free="4126456" total="7471104" percent="55">
      <mem type="allocate" free="4126456" total="5439488" percent="75" />
      <mem type="survivor" free="0" total="2031616" percent="0" />
    </mem>
    <mem type="tenure" free="2716072" total="13238272" percent="20">
      <mem type="soa" free="2053544" total="12575744" percent="16" />
      <mem type="loa" free="662528" total="662528" percent="100" />
    </mem>
    <remembered-set count="509" />
  </mem-info>
</gc-end>
<cycle-end id="749" type="scavenge" contextid="743" timestamp="2025-12-14T22:18:05.948" />
<allocation-satisfied id="750" threadId="000000000082D900" bytesRequested="8200" />
<af-end id="751" timestamp="2025-12-14T22:18:05.950" threadId="000000000082E378" success="true" from="nursery"/>
<exclusive-end id="752" timestamp="2025-12-14T22:18:05.951" durationms="11.734" />

<exclusive-start id="753" timestamp="2025-12-14T22:18:06.050" intervalms="111.117">
  <response-info timems="0.064" idlems="0.064" threads="0" lastid="000000000082D900" lastname="Default Executor-thread-1" />
</exclusive-start>
<af-start id="754" threadId="000000000082E378" totalBytesRequested="16392" timestamp="2025-12-14T22:18:06.051" intervalms="111.334" type="nursery" />
<cycle-start id="755" type="scavenge" contextid="0" timestamp="2025-12-14T22:18:06.052" intervalms="111.659" />
<gc-start id="756" type="scavenge" contextid="755" timestamp="2025-12-14T22:18:06.053">
  <mem-info id="757" free="2715216" total="20709376" percent="13">
    <mem type="nursery" free="0" total="7471104" percent="0">
      <mem type="allocate" free="0" total="5439488" percent="0" />
      <mem type="survivor" free="0" total="2031616" percent="0" />
    </mem>
    <mem type="tenure" free="2715216" total="13238272" percent="20">
      <mem type="soa" free="2052688" total="12575744" percent="16" />
      <mem type="loa" free="662528" total="662528" percent="100" />
    </mem>
    <remembered-set count="647" />
  </mem-info>
</gc-start>
<allocation-stats totalBytes="4099456" discardedBytes="27856" >
  <allocated-bytes non-tlh="9056" tlh="4090400" />
  <largest-consumer threadName="Default Executor-thread-1" threadId="000000000082D900" bytes="4037456" />
</allocation-stats>
<gc-op id="758" type="scavenge" timems="4.812" contextid="755" timestamp="2025-12-14T22:18:06.060">
  <scavenger-info tenureage="2" tenuremask="700c" tiltratio="72" />
  <memory-copied type="nursery" objects="22917" bytes="827024" bytesdiscarded="52288" />
  <memory-copied type="tenure" objects="22873" bytes="824616" bytesdiscarded="2056" />
  <finalization candidates="5" enqueued="5" />
  <ownableSynchronizers candidates="3" cleared="0" />
  <references type="weak" candidates="18" cleared="11" enqueued="11" />
  <references type="phantom" candidates="3" cleared="2" enqueued="2" />
  <object-monitors candidates="19" cleared="0"  />
</gc-op>
<heap-resize id="759" type="expand" space="nursery" amount="393216" count="1" timems="0.063" reason="excessive time being spent scavenging" timestamp="2025-12-14T22:18:06.061" />
<gc-end id="760" type="scavenge" contextid="755" durationms="7.958" usertimems="10.895" systemtimems="0.000" stalltimems="4.706" timestamp="2025-12-14T22:18:06.061" activeThreads="3">
  <mem-info id="761" free="6726752" total="21102592" percent="31">
    <mem type="nursery" free="4887808" total="7864320" percent="62">
      <mem type="allocate" free="4887808" total="5767168" percent="84" />
      <mem type="survivor" free="0" total="2097152" percent="0" />
    </mem>
    <mem type="tenure" free="1838944" total="13238272" percent="13">
      <mem type="soa" free="1176416" total="12575744" percent="9" />
      <mem type="loa" free="662528" total="662528" percent="100" />
    </mem>
    <pending-finalizers system="5" default="0" reference="13" classloader="0" />
    <remembered-set count="489" />
  </mem-info>
</gc-end>
<cycle-end id="762" type="scavenge" contextid="755" timestamp="2025-12-14T22:18:06.062" />
<allocation-satisfied id="763" threadId="000000000082D900" bytesRequested="16392" />
<af-end id="764" timestamp="2025-12-14T22:18:06.063" threadId="000000000082E378" success="true" from="nursery"/>
<exclusive-end id="765" timestamp="2025-12-14T22:18:06.064" durationms="13.505" />

<concurrent-kickoff id="766" timestamp="2025-12-14T22:18:06.150">
  <kickoff reason="threshold reached" targetBytes="4832264" thresholdFreeBytes="669442"  remainingFree="451840" tenureFreeBytes="1838648" nurseryFreeBytes="451840" />
</concurrent-kickoff>
<exclusive-start id="767" timestamp="2025-12-14T22:18:06.152" intervalms="101.477">
  <response-info timems="0.061" idlems="0.061" threads="0" lastid="000000000082D900" lastname="Default Executor-thread-1" />
</exclusive-start>
<cycle-start id="768" type="global" contextid="0" timestamp="2025-12-14T22:18:06.153" intervalms="808.336" />
<concurrent-start id="769" type="global mark" contextid="768" timestamp="2025-12-14T22:18:06.154">
</concurrent-start>
<exclusive-end id="770" timestamp="2025-12-14T22:18:06.155" durationms="2.996" />

<exclusive-start id="771" timestamp="2025-12-14T22:18:06.193" intervalms="41.482">
  <response-info timems="0.080" idlems="0.080" threads="0" lastid="000000000082D900" lastname="Default Executor-thread-1" />
</exclusive-start>
<af-start id="772" threadId="000000000082E378" totalBytesRequested="968" timestamp="2025-12-14T22:18:06.194" intervalms="142.942" type="nursery" />
<cycle-start id="773" type="scavenge" contextid="0" timestamp="2025-12-14T22:18:06.195" intervalms="142.797" />
<gc-start id="774" type="scavenge" contextid="773" timestamp="2025-12-14T22:18:06.196">
  <mem-info id="775" free="1814776" total="21102592" percent="8">
    <mem type="nursery" free="0" total="7864320" percent="0">
      <mem type="allocate" free="0" total="5767168" percent="0" />
      <mem type="survivor" free="0" total="2097152" percent="0" />
    </mem>
    <mem type="tenure" free="1814776" total="13238272" percent="13">
      <mem type="soa" free="1152248" total="12575744" percent="9" />
      <mem type="loa" free="662528" total="662528" percent="100" />
    </mem>
    <remembered-set count="947" />
  </mem-info>
</gc-start>
<allocation-stats totalBytes="4864616" discardedBytes="47360" >
  <allocated-bytes non-tlh="40560" tlh="4824056" />
  <largest-consumer threadName="Default Executor-thread-1" threadId="000000000082D900" bytes="4864616" />
</allocation-stats>
<gc-op id="776" type="scavenge" timems="3.675" contextid="773" timestamp="2025-12-14T22:18:06.202">
  <scavenger-info tenureage="2" tenuremask="7004" tiltratio="73" />
  <memory-copied type="nursery" objects="22730" bytes="845752" bytesdiscarded="21488" />
  <memory-copied type="tenure" objects="12259" bytes="450344" bytesdiscarded="584" />
  <ownableSynchronizers candidates="3" cleared="0" />
  <references type="soft" candidates="7" cleared="0" enqueued="0" dynamicThreshold="9" maxThreshold="32" />
  <references type="weak" candidates="44" cleared="21" enqueued="20" />
  <references type="phantom" candidates="1" cleared="0" enqueued="0" />
  <object-monitors candidates="19" cleared="0"  />
</gc-op>
<gc-end id="777" type="scavenge" contextid="773" durationms="6.380" usertimems="3.713" systemtimems="5.624" stalltimems="2.627" timestamp="2025-12-14T22:18:06.203" activeThreads="3">
  <mem-info id="778" free="6533592" total="21102592" percent="30">
    <mem type="nursery" free="5227536" total="7864320" percent="66">
      <mem type="allocate" free="5227536" total="6094848" percent="85" />
      <mem type="survivor" free="0" total="1769472" percent="0" />
    </mem>
    <mem type="tenure" free="1306056" total="13238272" percent="9">
      <mem type="soa" free="643528" total="12575744" percent="5" />
      <mem type="loa" free="662528" total="662528" percent="100" />
    </mem>
    <pending-finalizers system="0" default="0" reference="20" classloader="0" />
    <remembered-set count="735" />
  </mem-info>
</gc-end>
<cycle-end id="779" type="scavenge" contextid="773" timestamp="2025-12-14T22:18:06.203" />
<allocation-satisfied id="780" threadId="000000000082D900" bytesRequested="968" />
<af-end id="781" timestamp="2025-12-14T22:18:06.205" threadId="000000000082E378" success="true" from="nursery"/>
<exclusive-end id="782" timestamp="2025-12-14T22:18:06.206" durationms="12.683" />

<concurrent-end id="783" type="global mark" contextid="768" timestamp="2025-12-14T22:18:06.217">
<gc-op id="784" type="trace" timems="62.989" contextid="768" timestamp="2025-12-14T22:18:06.217">
  <trace bytesTraced="6790460" workStackOverflowCount="0" />
  <card-cleaning reason="card cleaning threshold reached" bytesTraced="45344" cardsCleaned="135" />
</gc-op>
</concurrent-end>

<exclusive-start id="785" timestamp="2025-12-14T22:18:06.219" intervalms="25.469">
  <response-info timems="0.115" idlems="0.115" threads="0" lastid="000000000082D900" lastname="Default Executor-thread-1" />
</exclusive-start>
<concurrent-global-final id="786" timestamp="2025-12-14T22:18:06.220" contextid="768" intervalms="629.312" >
  <concurrent-trace-info reason="card cleaning threshold reached" tracedByMutators="1597232" tracedByHelpers="5238572" cardsCleaned="135" workStackOverflowCount="0" />
</concurrent-global-final>
<gc-start id="787" type="global" contextid="768" timestamp="2025-12-14T22:18:06.221">
  <mem-info id="788" free="6085128" total="21102592" percent="28">
    <mem type="nursery" free="4780104" total="7864320" percent="60">
      <mem type="allocate" free="4780104" total="6094848" percent="78" />
      <mem type="survivor" free="0" total="1769472" percent="0" />
    </mem>
    <mem type="tenure" free="1305024" total="13238272" percent="9">
      <mem type="soa" free="642496" total="12575744" percent="5" />
      <mem type="loa" free="662528" total="662528" percent="100" />
    </mem>
    <remembered-set count="760" />
  </mem-info>
</gc-start>
<allocation-stats totalBytes="448368" discardedBytes="96" >
  <allocated-bytes non-tlh="2000" tlh="446368" />
  <largest-consumer threadName="Default Executor-thread-1" threadId="000000000082D900" bytes="448368" />
</allocation-stats>
<gc-op id="789" type="rs-scan" timems="5.388" contextid="768" timestamp="2025-12-14T22:18:06.228">
  <scan objectsFound="19065" bytesTraced="586164" workStackOverflowCount="0" />
</gc-op>
<gc-op id="790" type="card-cleaning" timems="1.626" contextid="768" timestamp="2025-12-14T22:18:06.230">
  <card-cleaning cardsCleaned="0" bytesTraced="0" workStackOverflowCount="0" />
</gc-op>
<gc-op id="791" type="mark" timems="7.885" contextid="768" timestamp="2025-12-14T22:18:06.239">
  <trace-info objectcount="1928" scancount="1353" scanbytes="37072" />
  <finalization candidates="733" enqueued="0" />
  <ownableSynchronizers candidates="633" cleared="4" />
  <references type="soft" candidates="4487" cleared="0" enqueued="0" dynamicThreshold="9" maxThreshold="32" />
  <references type="weak" candidates="1286" cleared="2" enqueued="2" />
  <references type="phantom" candidates="123" cleared="0" enqueued="0" />
  <stringconstants candidates="12624" cleared="0"  />
  <object-monitors candidates="19" cleared="0"  />
</gc-op>
<gc-op id="792" type="sweep" timems="3.298" contextid="768" timestamp="2025-12-14T22:18:06.243" />
<heap-resize id="793" type="expand" space="tenure" amount="3342336" count="1" timems="0.128" reason="insufficient free space following gc" timestamp="2025-12-14T22:18:06.245" />
<gc-end id="794" type="global" contextid="768" durationms="24.610" usertimems="18.907" systemtimems="37.347" stalltimems="80.031" timestamp="2025-12-14T22:18:06.246" activeThreads="10">
  <mem-info id="795" free="10148976" total="24444928" percent="41">
    <mem type="nursery" free="5146208" total="7864320" percent="65">
      <mem type="allocate" free="5146208" total="6094848" percent="84" />
      <mem type="survivor" free="0" total="1769472" percent="0" />
    </mem>
    <mem type="tenure" free="5002768" total="16580608" percent="30" micro-fragmented="215431" macro-fragmented="0">
      <mem type="soa" free="4173328" total="15751168" percent="26" />
      <mem type="loa" free="829440" total="829440" percent="100" />
    </mem>
    <pending-finalizers system="0" default="0" reference="2" classloader="0" />
    <remembered-set count="719" />
  </mem-info>
</gc-end>
<cycle-end id="796" type="global" contextid="768" timestamp="2025-12-14T22:18:06.249" />
<exclusive-end id="797" timestamp="2025-12-14T22:18:06.250" durationms="31.173" />

<exclusive-start id="798" timestamp="2025-12-14T22:18:06.346" intervalms="127.815">
  <response-info timems="0.073" idlems="0.073" threads="0" lastid="000000000082D900" lastname="Default Executor-thread-1" />
</exclusive-start>
<af-start id="799" threadId="000000000082E378" totalBytesRequested="40" timestamp="2025-12-14T22:18:06.347" intervalms="153.151" type="nursery" />
<cycle-start id="800" type="scavenge" contextid="0" timestamp="2025-12-14T22:18:06.348" intervalms="153.314" />
<gc-start id="801" type="scavenge" contextid="800" timestamp="2025-12-14T22:18:06.349">
  <mem-info id="802" free="4996672" total="24444928" percent="20">
    <mem type="nursery" free="0" total="7864320" percent="0">
      <mem type="allocate" free="0" total="6094848" percent="0" />
      <mem type="survivor" free="0" total="1769472" percent="0" />
    </mem>
    <mem type="tenure" free="4996672" total="16580608" percent="30">
      <mem type="soa" free="4167232" total="15751168" percent="26" />
      <mem type="loa" free="829440" total="829440" percent="100" />
    </mem>
    <remembered-set count="882" />
  </mem-info>
</gc-start>
<allocation-stats totalBytes="5151360" discardedBytes="944" >
  <allocated-bytes non-tlh="6096" tlh="5145264" />
  <largest-consumer threadName="Default Executor-thread-1" threadId="000000000082D900" bytes="5151360" />
</allocation-stats>
<gc-op id="803" type="scavenge" timems="5.196" contextid="800" timestamp="2025-12-14T22:18:06.357">
  <scavenger-info tenureage="2" tenuremask="7004" tiltratio="77" />
  <memory-copied type="nursery" objects="28599" bytes="941936" bytesdiscarded="59440" />
  <memory-copied type="tenure" objects="10583" bytes="365736" bytesdiscarded="952" />
  <finalization candidates="4" enqueued="4" />
  <ownableSynchronizers candidates="1255" cleared="1252" />
  <references type="soft" candidates="7" cleared="0" enqueued="0" dynamicThreshold="9" maxThreshold="32" />
  <references type="weak" candidates="45" cleared="17" enqueued="17" />
  <references type="phantom" candidates="1" cleared="1" enqueued="1" />
  <object-monitors candidates="19" cleared="0"  />
</gc-op>
<gc-end id="804" type="scavenge" contextid="800" durationms="8.965" usertimems="13.474" systemtimems="0.000" stalltimems="3.045" timestamp="2025-12-14T22:18:06.358" activeThreads="3">
  <mem-info id="805" free="9755312" total="24444928" percent="39">
    <mem type="nursery" free="5158912" total="7864320" percent="65">
      <mem type="allocate" free="5158912" total="6160384" percent="83" />
      <mem type="survivor" free="0" total="1703936" percent="0" />
    </mem>
    <mem type="tenure" free="4596400" total="16580608" percent="27">
      <mem type="soa" free="3766960" total="15751168" percent="23" />
      <mem type="loa" free="829440" total="829440" percent="100" />
    </mem>
    <pending-finalizers system="4" default="0" reference="18" classloader="0" />
    <remembered-set count="773" />
  </mem-info>
</gc-end>
<cycle-end id="806" type="scavenge" contextid="800" timestamp="2025-12-14T22:18:06.359" />
<allocation-satisfied id="807" threadId="000000000082D900" bytesRequested="40" />
<af-end id="808" timestamp="2025-12-14T22:18:06.361" threadId="000000000082E378" success="true" from="nursery"/>
<exclusive-end id="809" timestamp="2025-12-14T22:18:06.362" durationms="15.643" />

<exclusive-start id="810" timestamp="2025-12-14T22:18:06.415" intervalms="68.804">
  <response-info timems="0.120" idlems="0.120" threads="0" lastid="000000000082D900" lastname="Default Executor-thread-1" />
</exclusive-start>
<af-start id="811" threadId="000000000082E378" totalBytesRequested="48" timestamp="2025-12-14T22:18:06.416" intervalms="69.065" type="nursery" />
<cycle-start id="812" type="scavenge" contextid="0" timestamp="2025-12-14T22:18:06.417" intervalms="68.844" />
<gc-start id="813" type="scavenge" contextid="812" timestamp="2025-12-14T22:18:06.419">
  <mem-info id="814" free="4596400" total="24444928" percent="18">
    <mem type="nursery" free="0" total="7864320" percent="0">
      <mem type="allocate" free="0" total="6160384" percent="0" />
      <mem type="survivor" free="0" total="1703936" percent="0" />
    </mem>
    <mem type="tenure" free="4596400" total="16580608" percent="27">
      <mem type="soa" free="3766960" total="15751168" percent="23" />
      <mem type="loa" free="829440" total="829440" percent="100" />
    </mem>
    <remembered-set count="777" />
  </mem-info>
</gc-start>
<allocation-stats totalBytes="5158648" discardedBytes="264" >
  <allocated-bytes non-tlh="40" tlh="5158608" />
  <largest-consumer threadName="Default Executor-thread-1" threadId="000000000082D900" bytes="5158648" />
</allocation-stats>
<gc-op id="815" type="scavenge" timems="3.486" contextid="812" timestamp="2025-12-14T22:18:06.424">
  <scavenger-info tenureage="2" tenuremask="7004" tiltratio="78" />
  <memory-copied type="nursery" objects="17765" bytes="557896" bytesdiscarded="32688" />
  <memory-copied type="tenure" objects="12019" bytes="450312" bytesdiscarded="664" />
  <references type="weak" candidates="13" cleared="1" enqueued="1" />
  <object-monitors candidates="19" cleared="0"  />
</gc-op>
<heap-resize id="816" type="expand" space="nursery" amount="524288" count="1" timems="0.061" reason="excessive time being spent scavenging" timestamp="2025-12-14T22:18:06.425" />
<gc-end id="817" type="scavenge" contextid="812" durationms="7.874" usertimems="8.118" systemtimems="0.000" stalltimems="2.813" timestamp="2025-12-14T22:18:06.426" activeThreads="3">
  <mem-info id="818" free="10226608" total="24969216" percent="40">
    <mem type="nursery" free="6094080" total="8388608" percent="72">
      <mem type="allocate" free="6094080" total="6684672" percent="91" />
      <mem type="survivor" free="0" total="1703936" percent="0" />
    </mem>
    <mem type="tenure" free="4132528" total="16580608" percent="24">
      <mem type="soa" free="3303088" total="15751168" percent="20" />
      <mem type="loa" free="829440" total="829440" percent="100" />
    </mem>
    <pending-finalizers system="0" default="0" reference="1" classloader="0" />
    <remembered-set count="454" />
  </mem-info>
</gc-end>
<cycle-end id="819" type="scavenge" contextid="812" timestamp="2025-12-14T22:18:06.428" />
<allocation-satisfied id="820" threadId="000000000082D900" bytesRequested="48" />
<af-end id="821" timestamp="2025-12-14T22:18:06.433" threadId="000000000082E378" success="true" from="nursery"/>
<exclusive-end id="822" timestamp="2025-12-14T22:18:06.435" durationms="19.952" />

<exclusive-start id="823" timestamp="2025-12-14T22:18:06.471" intervalms="56.184">
  <response-info timems="0.072" idlems="0.072" threads="0" lastid="000000000082D900" lastname="Default Executor-thread-1" />
</exclusive-start>
<af-start id="824" threadId="000000000082E378" totalBytesRequested="32" timestamp="2025-12-14T22:18:06.472" intervalms="55.986" type="nursery" />
<cycle-start id="825" type="scavenge" contextid="0" timestamp="2025-12-14T22:18:06.473" intervalms="55.956" />
<gc-start id="826" type="scavenge" contextid="825" timestamp="2025-12-14T22:18:06.474">
  <mem-info id="827" free="4132528" total="24969216" percent="16">
    <mem type="nursery" free="0" total="8388608" percent="0">
      <mem type="allocate" free="0" total="6684672" percent="0" />
      <mem type="survivor" free="0" total="1703936" percent="0" />
    </mem>
    <mem type="tenure" free="4132528" total="16580608" percent="24">
      <mem type="soa" free="3303088" total="15751168" percent="20" />
      <mem type="loa" free="829440" total="829440" percent="100" />
    </mem>
    <remembered-set count="455" />
  </mem-info>
</gc-start>
<allocation-stats totalBytes="6093632" discardedBytes="448" >
  <allocated-bytes non-tlh="48" tlh="6093584" />
  <largest-consumer threadName="Default Executor-thread-1" threadId="000000000082D900" bytes="6093632" />
</allocation-stats>
<gc-op id="828" type="scavenge" timems="3.336" contextid="825" timestamp="2025-12-14T22:18:06.479">
  <scavenger-info tenureage="2" tenuremask="6004" tiltratio="79" />
  <memory-copied type="nursery" objects="2630" bytes="140688" bytesdiscarded="65904" />
  <memory-copied type="tenure" objects="16314" bytes="482832" bytesdiscarded="296" />
  <object-monitors candidates="19" cleared="0"  />
</gc-op>
<heap-resize id="829" type="expand" space="nursery" amount="393216" count="1" timems="0.075" reason="excessive time being spent scavenging" timestamp="2025-12-14T22:18:06.480" />
<gc-end id="830" type="scavenge" contextid="825" durationms="6.755" usertimems="8.662" systemtimems="0.000" stalltimems="2.030" timestamp="2025-12-14T22:18:06.481" activeThreads="3">
  <mem-info id="831" free="10646448" total="25362432" percent="41">
    <mem type="nursery" free="7002368" total="8781824" percent="79">
      <mem type="allocate" free="7002368" total="7208960" percent="97" />
      <mem type="survivor" free="0" total="1572864" percent="0" />
    </mem>
    <mem type="tenure" free="3644080" total="16580608" percent="21">
      <mem type="soa" free="2814640" total="15751168" percent="17" />
      <mem type="loa" free="829440" total="829440" percent="100" />
    </mem>
    <remembered-set count="310" />
  </mem-info>
</gc-end>
<cycle-end id="832" type="scavenge" contextid="825" timestamp="2025-12-14T22:18:06.482" />
<allocation-satisfied id="833" threadId="000000000082D900" bytesRequested="32" />
<af-end id="834" timestamp="2025-12-14T22:18:06.483" threadId="000000000082E378" success="true" from="nursery"/>
<exclusive-end id="835" timestamp="2025-12-14T22:18:06.484" durationms="12.319" />

<exclusive-start id="836" timestamp="2025-12-14T22:18:06.518" intervalms="46.764">
  <response-info timems="0.072" idlems="0.072" threads="0" lastid="00000000007DF500" lastname="Scheduled Executor-thread-1" />
</exclusive-start>
<af-start id="837" threadId="00000000007DFF78" totalBytesRequested="32" timestamp="2025-12-14T22:18:06.519" intervalms="47.018" type="nursery" />
<cycle-start id="838" type="scavenge" contextid="0" timestamp="2025-12-14T22:18:06.520" intervalms="47.040" />
<gc-start id="839" type="scavenge" contextid="838" timestamp="2025-12-14T22:18:06.521">
  <mem-info id="840" free="3644080" total="25362432" percent="14">
    <mem type="nursery" free="0" total="8781824" percent="0">
      <mem type="allocate" free="0" total="7208960" percent="0" />
      <mem type="survivor" free="0" total="1572864" percent="0" />
    </mem>
    <mem type="tenure" free="3644080" total="16580608" percent="21">
      <mem type="soa" free="2814640" total="15751168" percent="17" />
      <mem type="loa" free="829440" total="829440" percent="100" />
    </mem>
    <remembered-set count="314" />
  </mem-info>
</gc-start>
<allocation-stats totalBytes="7001680" discardedBytes="688" >
  <allocated-bytes non-tlh="32" tlh="7001648" />
  <largest-consumer threadName="Default Executor-thread-1" threadId="000000000082D900" bytes="7001680" />
</allocation-stats>
<gc-op id="841" type="scavenge" timems="1.514" contextid="838" timestamp="2025-12-14T22:18:06.524">
  <scavenger-info tenureage="2" tenuremask="4004" tiltratio="82" />
  <memory-copied type="nursery" objects="2532" bytes="128520" bytesdiscarded="27384" />
  <memory-copied type="tenure" objects="1223" bytes="67320" bytesdiscarded="560" />
  <object-monitors candidates="19" cleared="0"  />
</gc-op>
<gc-end id="842" type="scavenge" contextid="838" durationms="3.505" usertimems="2.443" systemtimems="0.000" stalltimems="1.543" timestamp="2025-12-14T22:18:06.525" activeThreads="3">
  <mem-info id="843" free="11011248" total="25362432" percent="43">
    <mem type="nursery" free="7446272" total="8781824" percent="84">
      <mem type="allocate" free="7446272" total="7602176" percent="97" />
      <mem type="survivor" free="0" total="1179648" percent="0" />
    </mem>
    <mem type="tenure" free="3564976" total="16580608" percent="21">
      <mem type="soa" free="2735536" total="15751168" percent="17" />
      <mem type="loa" free="829440" total="829440" percent="100" />
    </mem>
    <remembered-set count="299" />
  </mem-info>
</gc-end>
<cycle-end id="844" type="scavenge" contextid="838" timestamp="2025-12-14T22:18:06.526" />
<allocation-satisfied id="845" threadId="00000000007DF500" bytesRequested="32" />
<af-end id="846" timestamp="2025-12-14T22:18:06.527" threadId="00000000007DFF78" success="true" from="nursery"/>
<exclusive-end id="847" timestamp="2025-12-14T22:18:06.528" durationms="9.668" />

<exclusive-start id="848" timestamp="2025-12-14T22:18:06.563" intervalms="45.207">
  <response-info timems="0.090" idlems="0.090" threads="0" lastid="000000000082D900" lastname="Default Executor-thread-1" />
</exclusive-start>
<af-start id="849" threadId="000000000082E378" totalBytesRequested="40" timestamp="2025-12-14T22:18:06.564" intervalms="45.051" type="nursery" />
<cycle-start id="850" type="scavenge" contextid="0" timestamp="2025-12-14T22:18:06.565" intervalms="45.032" />
<gc-start id="851" type="scavenge" contextid="850" timestamp="2025-12-14T22:18:06.566">
  <mem-info id="852" free="3564976" total="25362432" percent="14">
    <mem type="nursery" free="0" total="8781824" percent="0">
      <mem type="allocate" free="0" total="7602176" percent="0" />
      <mem type="survivor" free="0" total="1179648" percent="0" />
    </mem>
    <mem type="tenure" free="3564976" total="16580608" percent="21">
      <mem type="soa" free="2735536" total="15751168" percent="17" />
      <mem type="loa" free="829440" total="829440" percent="100" />
    </mem>
    <remembered-set count="327" />
  </mem-info>
</gc-start>
<allocation-stats totalBytes="7445800" discardedBytes="472" >
  <allocated-bytes non-tlh="32" tlh="7445768" />
  <largest-consumer threadName="Default Executor-thread-1" threadId="000000000082D900" bytes="7425288" />
</allocation-stats>
<gc-op id="853" type="scavenge" timems="1.563" contextid="850" timestamp="2025-12-14T22:18:06.570">
  <scavenger-info tenureage="2" tenuremask="4004" tiltratio="86" />
  <memory-copied type="nursery" objects="2174" bytes="107944" bytesdiscarded="12632" />
  <memory-copied type="tenure" objects="1201" bytes="66280" bytesdiscarded="432" />
  <ownableSynchronizers candidates="2" cleared="0" />
  <object-monitors candidates="19" cleared="0"  />
</gc-op>
<heap-resize id="854" type="expand" space="nursery" amount="655360" count="1" timems="0.073" reason="excessive time being spent scavenging" timestamp="2025-12-14T22:18:06.571" />
<gc-end id="855" type="scavenge" contextid="850" durationms="5.552" usertimems="3.598" systemtimems="0.000" stalltimems="0.672" timestamp="2025-12-14T22:18:06.572" activeThreads="2">
  <mem-info id="856" free="11705264" total="26017792" percent="44">
    <mem type="nursery" free="8202496" total="9437184" percent="86">
      <mem type="allocate" free="8202496" total="8323072" percent="98" />
      <mem type="survivor" free="0" total="1114112" percent="0" />
    </mem>
    <mem type="tenure" free="3502768" total="16580608" percent="21">
      <mem type="soa" free="2673328" total="15751168" percent="16" />
      <mem type="loa" free="829440" total="829440" percent="100" />
    </mem>
    <remembered-set count="285" />
  </mem-info>
</gc-end>
<cycle-end id="857" type="scavenge" contextid="850" timestamp="2025-12-14T22:18:06.574" />
<allocation-satisfied id="858" threadId="000000000082D900" bytesRequested="40" />
<af-end id="859" timestamp="2025-12-14T22:18:06.575" threadId="000000000082E378" success="true" from="nursery"/>
<exclusive-end id="860" timestamp="2025-12-14T22:18:06.576" durationms="12.925" />

<exclusive-start id="861" timestamp="2025-12-14T22:18:06.622" intervalms="58.451">
  <response-info timems="0.077" idlems="0.077" threads="0" lastid="000000000082D900" lastname="Default Executor-thread-1" />
</exclusive-start>
<af-start id="862" threadId="000000000082E378" totalBytesRequested="16" timestamp="2025-12-14T22:18:06.623" intervalms="58.904" type="nursery" />
<cycle-start id="863" type="scavenge" contextid="0" timestamp="2025-12-14T22:18:06.624" intervalms="58.950" />
<gc-start id="864" type="scavenge" contextid="863" timestamp="2025-12-14T22:18:06.625">
  <mem-info id="865" free="3502768" total="26017792" percent="13">
    <mem type="nursery" free="0" total="9437184" percent="0">
      <mem type="allocate" free="0" total="8323072" percent="0" />
      <mem type="survivor" free="0" total="1114112" percent="0" />
    </mem>
    <mem type="tenure" free="3502768" total="16580608" percent="21">
      <mem type="soa" free="2673328" total="15751168" percent="16" />
      <mem type="loa" free="829440" total="829440" percent="100" />
    </mem>
    <remembered-set count="286" />
  </mem-info>
</gc-start>
<allocation-stats totalBytes="8202144" discardedBytes="352" >
  <allocated-bytes non-tlh="40" tlh="8202104" />
  <largest-consumer threadName="Default Executor-thread-1" threadId="000000000082D900" bytes="8202144" />
</allocation-stats>
<gc-op id="866" type="scavenge" timems="1.110" contextid="863" timestamp="2025-12-14T22:18:06.628">
  <scavenger-info tenureage="2" tenuremask="4004" tiltratio="88" />
  <memory-copied type="nursery" objects="1540" bytes="79264" bytesdiscarded="8288" />
  <memory-copied type="tenure" objects="1136" bytes="55664" bytesdiscarded="192" />
  <ownableSynchronizers candidates="2" cleared="0" />
  <object-monitors candidates="19" cleared="0"  />
</gc-op>
<gc-end id="867" type="scavenge" contextid="863" durationms="3.745" usertimems="2.397" systemtimems="0.288" stalltimems="0.515" timestamp="2025-12-14T22:18:06.629" activeThreads="2">
  <mem-info id="868" free="11804848" total="26017792" percent="45">
    <mem type="nursery" free="8366592" total="9437184" percent="88">
      <mem type="allocate" free="8366592" total="8454144" percent="98" />
      <mem type="survivor" free="0" total="983040" percent="0" />
    </mem>
    <mem type="tenure" free="3438256" total="16580608" percent="20">
      <mem type="soa" free="2608816" total="15751168" percent="16" />
      <mem type="loa" free="829440" total="829440" percent="100" />
    </mem>
    <remembered-set count="284" />
  </mem-info>
</gc-end>
<cycle-end id="869" type="scavenge" contextid="863" timestamp="2025-12-14T22:18:06.630" />
<allocation-satisfied id="870" threadId="000000000082D900" bytesRequested="16" />
<af-end id="871" timestamp="2025-12-14T22:18:06.631" threadId="000000000082E378" success="true" from="nursery"/>
<exclusive-end id="872" timestamp="2025-12-14T22:18:06.632" durationms="10.387" />

<exclusive-start id="873" timestamp="2025-12-14T22:18:06.670" intervalms="48.382">
  <response-info timems="0.076" idlems="0.076" threads="0" lastid="000000000082D900" lastname="Default Executor-thread-1" />
</exclusive-start>
<af-start id="874" threadId="000000000082E378" totalBytesRequested="24" timestamp="2025-12-14T22:18:06.671" intervalms="47.809" type="nursery" />
<cycle-start id="875" type="scavenge" contextid="0" timestamp="2025-12-14T22:18:06.672" intervalms="47.794" />
<gc-start id="876" type="scavenge" contextid="875" timestamp="2025-12-14T22:18:06.673">
  <mem-info id="877" free="3438056" total="26017792" percent="13">
    <mem type="nursery" free="0" total="9437184" percent="0">
      <mem type="allocate" free="0" total="8454144" percent="0" />
      <mem type="survivor" free="0" total="983040" percent="0" />
    </mem>
    <mem type="tenure" free="3438056" total="16580608" percent="20">
      <mem type="soa" free="2608616" total="15751168" percent="16" />
      <mem type="loa" free="829440" total="829440" percent="100" />
    </mem>
    <remembered-set count="309" />
  </mem-info>
</gc-start>
<allocation-stats totalBytes="8366280" discardedBytes="512" >
  <allocated-bytes non-tlh="216" tlh="8366064" />
  <largest-consumer threadName="Default Executor-thread-1" threadId="000000000082D900" bytes="8366280" />
</allocation-stats>
<gc-op id="878" type="scavenge" timems="1.556" contextid="875" timestamp="2025-12-14T22:18:06.676">
  <scavenger-info tenureage="2" tenuremask="4004" tiltratio="89" />
  <memory-copied type="nursery" objects="2514" bytes="98600" bytesdiscarded="36568" />
  <memory-copied type="tenure" objects="817" bytes="44792" bytesdiscarded="504" />
  <ownableSynchronizers candidates="2" cleared="0" />
  <object-monitors candidates="19" cleared="0"  />
</gc-op>
<heap-resize id="879" type="expand" space="nursery" amount="524288" count="1" timems="0.070" reason="excessive time being spent scavenging" timestamp="2025-12-14T22:18:06.676" />
<gc-end id="880" type="scavenge" contextid="875" durationms="4.554" usertimems="2.669" systemtimems="0.985" stalltimems="0.562" timestamp="2025-12-14T22:18:06.677" activeThreads="2">
  <mem-info id="881" free="12180456" total="26542080" percent="45">
    <mem type="nursery" free="8777728" total="9961472" percent="88">
      <mem type="allocate" free="8777728" total="8912896" percent="98" />
      <mem type="survivor" free="0" total="1048576" percent="0" />
    </mem>
    <mem type="tenure" free="3402728" total="16580608" percent="20">
      <mem type="soa" free="2573288" total="15751168" percent="16" />
      <mem type="loa" free="829440" total="829440" percent="100" />
    </mem>
    <remembered-set count="295" />
  </mem-info>
</gc-end>
<cycle-end id="882" type="scavenge" contextid="875" timestamp="2025-12-14T22:18:06.678" />
<allocation-satisfied id="883" threadId="000000000082D900" bytesRequested="24" />
<af-end id="884" timestamp="2025-12-14T22:18:06.680" threadId="000000000082E378" success="true" from="nursery"/>
<exclusive-end id="885" timestamp="2025-12-14T22:18:06.680" durationms="10.126" />

<exclusive-start id="886" timestamp="2025-12-14T22:18:06.726" intervalms="55.301">
  <response-info timems="0.071" idlems="0.071" threads="0" lastid="000000000082D900" lastname="Default Executor-thread-1" />
</exclusive-start>
<af-start id="887" threadId="000000000082E378" totalBytesRequested="56" timestamp="2025-12-14T22:18:06.727" intervalms="55.434" type="nursery" />
<cycle-start id="888" type="scavenge" contextid="0" timestamp="2025-12-14T22:18:06.728" intervalms="55.478" />
<gc-start id="889" type="scavenge" contextid="888" timestamp="2025-12-14T22:18:06.728">
  <mem-info id="890" free="3402728" total="26542080" percent="12">
    <mem type="nursery" free="0" total="9961472" percent="0">
      <mem type="allocate" free="0" total="8912896" percent="0" />
      <mem type="survivor" free="0" total="1048576" percent="0" />
    </mem>
    <mem type="tenure" free="3402728" total="16580608" percent="20">
      <mem type="soa" free="2573288" total="15751168" percent="16" />
      <mem type="loa" free="829440" total="829440" percent="100" />
    </mem>
    <remembered-set count="299" />
  </mem-info>
</gc-start>
<allocation-stats totalBytes="8777304" discardedBytes="424" >
  <allocated-bytes non-tlh="24" tlh="8777280" />
  <largest-consumer threadName="Default Executor-thread-1" threadId="000000000082D900" bytes="8777304" />
</allocation-stats>
<gc-op id="891" type="scavenge" timems="0.936" contextid="888" timestamp="2025-12-14T22:18:06.731">
  <scavenger-info tenureage="2" tenuremask="4004" tiltratio="89" />
  <memory-copied type="nursery" objects="2187" bytes="75672" bytesdiscarded="26472" />
  <memory-copied type="tenure" objects="537" bytes="27936" bytesdiscarded="8" />
  <object-monitors candidates="19" cleared="0"  />
</gc-op>
<gc-end id="892" type="scavenge" contextid="888" durationms="3.242" usertimems="1.339" systemtimems="0.490" stalltimems="0.220" timestamp="2025-12-14T22:18:06.732" activeThreads="2">
  <mem-info id="893" free="12184296" total="26542080" percent="45">
    <mem type="nursery" free="8810752" total="9961472" percent="88">
      <mem type="allocate" free="8810752" total="8912896" percent="98" />
      <mem type="survivor" free="0" total="1048576" percent="0" />
    </mem>
    <mem type="tenure" free="3373544" total="16580608" percent="20">
      <mem type="soa" free="2544104" total="15751168" percent="16" />
      <mem type="loa" free="829440" total="829440" percent="100" />
    </mem>
    <remembered-set count="296" />
  </mem-info>
</gc-end>
<cycle-end id="894" type="scavenge" contextid="888" timestamp="2025-12-14T22:18:06.733" />
<allocation-satisfied id="895" threadId="000000000082D900" bytesRequested="56" />
<af-end id="896" timestamp="2025-12-14T22:18:06.734" threadId="000000000082E378" success="true" from="nursery"/>
<exclusive-end id="897" timestamp="2025-12-14T22:18:06.735" durationms="9.279" />

<exclusive-start id="898" timestamp="2025-12-14T22:18:06.778" intervalms="52.320">
  <response-info timems="0.061" idlems="0.061" threads="0" lastid="000000000082D900" lastname="Default Executor-thread-1" />
</exclusive-start>
<af-start id="899" threadId="000000000082E378" totalBytesRequested="24" timestamp="2025-12-14T22:18:06.779" intervalms="52.240" type="nursery" />
<cycle-start id="900" type="scavenge" contextid="0" timestamp="2025-12-14T22:18:06.780" intervalms="52.249" />
<gc-start id="901" type="scavenge" contextid="900" timestamp="2025-12-14T22:18:06.781">
  <mem-info id="902" free="3373296" total="26542080" percent="12">
    <mem type="nursery" free="0" total="9961472" percent="0">
      <mem type="allocate" free="0" total="8912896" percent="0" />
      <mem type="survivor" free="0" total="1048576" percent="0" />
    </mem>
    <mem type="tenure" free="3373296" total="16580608" percent="20">
      <mem type="soa" free="2543856" total="15751168" percent="16" />
      <mem type="loa" free="829440" total="829440" percent="100" />
    </mem>
    <remembered-set count="307" />
  </mem-info>
</gc-start>
<allocation-stats totalBytes="8810480" discardedBytes="520" >
  <allocated-bytes non-tlh="304" tlh="8810176" />
  <largest-consumer threadName="Default Executor-thread-1" threadId="000000000082D900" bytes="8810480" />
</allocation-stats>
<gc-op id="903" type="scavenge" timems="1.187" contextid="900" timestamp="2025-12-14T22:18:06.784">
  <scavenger-info tenureage="2" tenuremask="4004" tiltratio="89" />
  <memory-copied type="nursery" objects="798" bytes="28040" bytesdiscarded="1136" />
  <memory-copied type="tenure" objects="1475" bytes="45776" bytesdiscarded="32" />
  <references type="weak" candidates="1" cleared="0" enqueued="0" />
  <object-monitors candidates="19" cleared="0"  />
</gc-op>
<heap-resize id="904" type="expand" space="nursery" amount="524288" count="1" timems="0.080" reason="excessive time being spent scavenging" timestamp="2025-12-14T22:18:06.785" />
<gc-end id="905" type="scavenge" contextid="900" durationms="4.704" usertimems="1.009" systemtimems="1.284" stalltimems="0.659" timestamp="2025-12-14T22:18:06.786" activeThreads="2">
  <mem-info id="906" free="12671984" total="27066368" percent="46">
    <mem type="nursery" free="9342464" total="10485760" percent="89">
      <mem type="allocate" free="9342464" total="9371648" percent="99" />
      <mem type="survivor" free="0" total="1114112" percent="0" />
    </mem>
    <mem type="tenure" free="3329520" total="16580608" percent="20">
      <mem type="soa" free="2500080" total="15751168" percent="15" />
      <mem type="loa" free="829440" total="829440" percent="100" />
    </mem>
    <remembered-set count="289" />
  </mem-info>
</gc-end>
<cycle-end id="907" type="scavenge" contextid="900" timestamp="2025-12-14T22:18:06.787" />
<allocation-satisfied id="908" threadId="000000000082D900" bytesRequested="24" />
<af-end id="909" timestamp="2025-12-14T22:18:06.788" threadId="000000000082E378" success="true" from="nursery"/>
<exclusive-end id="910" timestamp="2025-12-14T22:18:06.789" durationms="10.882" />

<exclusive-start id="911" timestamp="2025-12-14T22:18:06.840" intervalms="62.482">
  <response-info timems="0.074" idlems="0.074" threads="0" lastid="000000000082D900" lastname="Default Executor-thread-1" />
</exclusive-start>
<af-start id="912" threadId="000000000082E378" totalBytesRequested="24" timestamp="2025-12-14T22:18:06.841" intervalms="62.459" type="nursery" />
<cycle-start id="913" type="scavenge" contextid="0" timestamp="2025-12-14T22:18:06.842" intervalms="62.709" />
<gc-start id="914" type="scavenge" contextid="913" timestamp="2025-12-14T22:18:06.846">
  <mem-info id="915" free="3329520" total="27066368" percent="12">
    <mem type="nursery" free="0" total="10485760" percent="0">
      <mem type="allocate" free="0" total="9371648" percent="0" />
      <mem type="survivor" free="0" total="1114112" percent="0" />
    </mem>
    <mem type="tenure" free="3329520" total="16580608" percent="20">
      <mem type="soa" free="2500080" total="15751168" percent="15" />
      <mem type="loa" free="829440" total="829440" percent="100" />
    </mem>
    <remembered-set count="294" />
  </mem-info>
</gc-start>
<allocation-stats totalBytes="9341976" discardedBytes="488" >
  <allocated-bytes non-tlh="24" tlh="9341952" />
  <largest-consumer threadName="Default Executor-thread-1" threadId="000000000082D900" bytes="9341976" />
</allocation-stats>
<gc-op id="916" type="scavenge" timems="0.854" contextid="913" timestamp="2025-12-14T22:18:06.848">
  <scavenger-info tenureage="14" tenuremask="4000" tiltratio="89" />
  <memory-copied type="nursery" objects="1052" bytes="37536" bytesdiscarded="20832" />
  <references type="weak" candidates="1" cleared="0" enqueued="0" />
  <object-monitors candidates="19" cleared="0"  />
</gc-op>
<gc-end id="917" type="scavenge" contextid="913" durationms="3.175" usertimems="1.288" systemtimems="0.463" stalltimems="0.255" timestamp="2025-12-14T22:18:06.849" activeThreads="2">
  <mem-info id="918" free="12708336" total="27066368" percent="46">
    <mem type="nursery" free="9378816" total="10485760" percent="89">
      <mem type="allocate" free="9378816" total="9437184" percent="99" />
      <mem type="survivor" free="0" total="1048576" percent="0" />
    </mem>
    <mem type="tenure" free="3329520" total="16580608" percent="20">
      <mem type="soa" free="2500080" total="15751168" percent="15" />
      <mem type="loa" free="829440" total="829440" percent="100" />
    </mem>
    <remembered-set count="291" />
  </mem-info>
</gc-end>
<cycle-end id="919" type="scavenge" contextid="913" timestamp="2025-12-14T22:18:06.850" />
<allocation-satisfied id="920" threadId="000000000082D900" bytesRequested="24" />
<af-end id="921" timestamp="2025-12-14T22:18:06.852" threadId="000000000082E378" success="true" from="nursery"/>
<exclusive-end id="922" timestamp="2025-12-14T22:18:06.853" durationms="12.721" />

<exclusive-start id="923" timestamp="2025-12-14T22:18:06.913" intervalms="72.286">
  <response-info timems="0.095" idlems="0.095" threads="0" lastid="000000000082D900" lastname="Default Executor-thread-1" />
</exclusive-start>
<af-start id="924" threadId="000000000082E378" totalBytesRequested="24" timestamp="2025-12-14T22:18:06.914" intervalms="72.525" type="nursery" />
<cycle-start id="925" type="scavenge" contextid="0" timestamp="2025-12-14T22:18:06.915" intervalms="72.212" />
<gc-start id="926" type="scavenge" contextid="925" timestamp="2025-12-14T22:18:06.916">
  <mem-info id="927" free="3329256" total="27066368" percent="12">
    <mem type="nursery" free="0" total="10485760" percent="0">
      <mem type="allocate" free="0" total="9437184" percent="0" />
      <mem type="survivor" free="0" total="1048576" percent="0" />
    </mem>
    <mem type="tenure" free="3329256" total="16580608" percent="20">
      <mem type="soa" free="2499816" total="15751168" percent="15" />
      <mem type="loa" free="829440" total="829440" percent="100" />
    </mem>
    <remembered-set count="432" />
  </mem-info>
</gc-start>
<allocation-stats totalBytes="9378472" discardedBytes="608" >
  <allocated-bytes non-tlh="288" tlh="9378184" />
  <largest-consumer threadName="Default Executor-thread-1" threadId="000000000082D900" bytes="9378472" />
</allocation-stats>
<gc-op id="928" type="scavenge" timems="1.716" contextid="925" timestamp="2025-12-14T22:18:06.919">
  <scavenger-info tenureage="14" tenuremask="4000" tiltratio="90" />
  <memory-copied type="nursery" objects="4482" bytes="127128" bytesdiscarded="17520" />
  <references type="weak" candidates="4" cleared="3" enqueued="3" />
  <object-monitors candidates="19" cleared="0"  />
</gc-op>
<gc-end id="929" type="scavenge" contextid="925" durationms="4.477" usertimems="2.389" systemtimems="0.848" stalltimems="1.022" timestamp="2025-12-14T22:18:06.920" activeThreads="2">
  <mem-info id="930" free="12621792" total="27066368" percent="46">
    <mem type="nursery" free="9292536" total="10485760" percent="88">
      <mem type="allocate" free="9292536" total="9437184" percent="98" />
      <mem type="survivor" free="0" total="1048576" percent="0" />
    </mem>
    <mem type="tenure" free="3329256" total="16580608" percent="20">
      <mem type="soa" free="2499816" total="15751168" percent="15" />
      <mem type="loa" free="829440" total="829440" percent="100" />
    </mem>
    <pending-finalizers system="0" default="0" reference="3" classloader="0" />
    <remembered-set count="417" />
  </mem-info>
</gc-end>
<cycle-end id="931" type="scavenge" contextid="925" timestamp="2025-12-14T22:18:06.921" />
<allocation-satisfied id="932" threadId="000000000082D900" bytesRequested="24" />
<af-end id="933" timestamp="2025-12-14T22:18:06.923" threadId="000000000082E378" success="true" from="nursery"/>
<exclusive-end id="934" timestamp="2025-12-14T22:18:06.924" durationms="11.059" />

<exclusive-start id="935" timestamp="2025-12-14T22:18:06.979" intervalms="66.671">
  <response-info timems="0.087" idlems="0.087" threads="0" lastid="000000000082D900" lastname="Default Executor-thread-1" />
</exclusive-start>
<af-start id="936" threadId="000000000082E378" totalBytesRequested="32" timestamp="2025-12-14T22:18:06.980" intervalms="66.370" type="nursery" />
<cycle-start id="937" type="scavenge" contextid="0" timestamp="2025-12-14T22:18:06.981" intervalms="66.266" />
<gc-start id="938" type="scavenge" contextid="937" timestamp="2025-12-14T22:18:06.982">
  <mem-info id="939" free="3329256" total="27066368" percent="12">
    <mem type="nursery" free="0" total="10485760" percent="0">
      <mem type="allocate" free="0" total="9437184" percent="0" />
      <mem type="survivor" free="0" total="1048576" percent="0" />
    </mem>
    <mem type="tenure" free="3329256" total="16580608" percent="20">
      <mem type="soa" free="2499816" total="15751168" percent="15" />
      <mem type="loa" free="829440" total="829440" percent="100" />
    </mem>
    <remembered-set count="568" />
  </mem-info>
</gc-start>
<allocation-stats totalBytes="9291680" discardedBytes="856" >
  <allocated-bytes non-tlh="24" tlh="9291656" />
  <largest-consumer threadName="Default Executor-thread-1" threadId="000000000082D900" bytes="9291680" />
</allocation-stats>
<gc-op id="940" type="scavenge" timems="2.168" contextid="937" timestamp="2025-12-14T22:18:06.985">
  <scavenger-info tenureage="4" tenuremask="fff0" tiltratio="90" />
  <memory-copied type="nursery" objects="9392" bytes="257824" bytesdiscarded="14048" />
  <memory-copied type="tenure" objects="270" bytes="8192" bytesdiscarded="48" />
  <references type="weak" candidates="1" cleared="0" enqueued="0" />
  <object-monitors candidates="19" cleared="0"  />
</gc-op>
<heap-resize id="941" type="expand" space="nursery" amount="524288" count="1" timems="0.090" reason="excessive time being spent scavenging" timestamp="2025-12-14T22:18:06.987" />
<gc-end id="942" type="scavenge" contextid="937" durationms="5.790" usertimems="4.385" systemtimems="0.169" stalltimems="0.854" timestamp="2025-12-14T22:18:06.988" activeThreads="2">
  <mem-info id="943" free="12938728" total="27590656" percent="46">
    <mem type="nursery" free="9624064" total="11010048" percent="87">
      <mem type="allocate" free="9624064" total="9895936" percent="97" />
      <mem type="survivor" free="0" total="1114112" percent="0" />
    </mem>
    <mem type="tenure" free="3314664" total="16580608" percent="19">
      <mem type="soa" free="2485224" total="15751168" percent="15" />
      <mem type="loa" free="829440" total="829440" percent="100" />
    </mem>
    <remembered-set count="546" />
  </mem-info>
</gc-end>
<cycle-end id="944" type="scavenge" contextid="937" timestamp="2025-12-14T22:18:06.990" />
<allocation-satisfied id="945" threadId="000000000082D900" bytesRequested="32" />
<af-end id="946" timestamp="2025-12-14T22:18:06.992" threadId="000000000082E378" success="true" from="nursery"/>
<exclusive-end id="947" timestamp="2025-12-14T22:18:06.993" durationms="13.605" />

<exclusive-start id="948" timestamp="2025-12-14T22:18:07.047" intervalms="67.843">
  <response-info timems="0.072" idlems="0.072" threads="0" lastid="000000000082D900" lastname="Default Executor-thread-1" />
</exclusive-start>
<af-start id="949" threadId="000000000082E378" totalBytesRequested="72" timestamp="2025-12-14T22:18:07.048" intervalms="67.875" type="nursery" />
<cycle-start id="950" type="scavenge" contextid="0" timestamp="2025-12-14T22:18:07.049" intervalms="68.231" />
<gc-start id="951" type="scavenge" contextid="950" timestamp="2025-12-14T22:18:07.050">
  <mem-info id="952" free="3314664" total="27590656" percent="12">
    <mem type="nursery" free="0" total="11010048" percent="0">
      <mem type="allocate" free="0" total="9895936" percent="0" />
      <mem type="survivor" free="0" total="1114112" percent="0" />
    </mem>
    <mem type="tenure" free="3314664" total="16580608" percent="19">
      <mem type="soa" free="2485224" total="15751168" percent="15" />
      <mem type="loa" free="829440" total="829440" percent="100" />
    </mem>
    <remembered-set count="599" />
  </mem-info>
</gc-start>
<allocation-stats totalBytes="9623584" discardedBytes="480" >
  <allocated-bytes non-tlh="32" tlh="9623552" />
  <largest-consumer threadName="Default Executor-thread-1" threadId="000000000082D900" bytes="9603104" />
</allocation-stats>
<gc-op id="953" type="scavenge" timems="2.111" contextid="950" timestamp="2025-12-14T22:18:07.054">
  <scavenger-info tenureage="3" tenuremask="ffd8" tiltratio="89" />
  <memory-copied type="nursery" objects="11446" bytes="314760" bytesdiscarded="23160" />
  <memory-copied type="tenure" objects="274" bytes="10104" bytesdiscarded="8" />
  <ownableSynchronizers candidates="2" cleared="0" />
  <object-monitors candidates="19" cleared="0"  />
</gc-op>
<gc-end id="954" type="scavenge" contextid="950" durationms="4.717" usertimems="0.974" systemtimems="3.021" stalltimems="0.737" timestamp="2025-12-14T22:18:07.055" activeThreads="2">
  <mem-info id="955" free="12831208" total="27590656" percent="46">
    <mem type="nursery" free="9558016" total="11010048" percent="86">
      <mem type="allocate" free="9558016" total="9895936" percent="96" />
      <mem type="survivor" free="0" total="1114112" percent="0" />
    </mem>
    <mem type="tenure" free="3273192" total="16580608" percent="19">
      <mem type="soa" free="2443752" total="15751168" percent="15" />
      <mem type="loa" free="829440" total="829440" percent="100" />
    </mem>
    <remembered-set count="565" />
  </mem-info>
</gc-end>
<cycle-end id="956" type="scavenge" contextid="950" timestamp="2025-12-14T22:18:07.056" />
<allocation-satisfied id="957" threadId="000000000082D900" bytesRequested="72" />
<af-end id="958" timestamp="2025-12-14T22:18:07.058" threadId="000000000082E378" success="true" from="nursery"/>
<exclusive-end id="959" timestamp="2025-12-14T22:18:07.058" durationms="11.275" />

<exclusive-start id="960" timestamp="2025-12-14T22:18:07.104" intervalms="57.287">
  <response-info timems="0.080" idlems="0.080" threads="0" lastid="000000000082D900" lastname="Default Executor-thread-1" />
</exclusive-start>
<af-start id="961" threadId="000000000082E378" totalBytesRequested="64" timestamp="2025-12-14T22:18:07.105" intervalms="57.340" type="nursery" />
<cycle-start id="962" type="scavenge" contextid="0" timestamp="2025-12-14T22:18:07.106" intervalms="57.205" />
<gc-start id="963" type="scavenge" contextid="962" timestamp="2025-12-14T22:18:07.107">
  <mem-info id="964" free="3273192" total="27590656" percent="11">
    <mem type="nursery" free="0" total="11010048" percent="0">
      <mem type="allocate" free="0" total="9895936" percent="0" />
      <mem type="survivor" free="0" total="1114112" percent="0" />
    </mem>
    <mem type="tenure" free="3273192" total="16580608" percent="19">
      <mem type="soa" free="2443752" total="15751168" percent="15" />
      <mem type="loa" free="829440" total="829440" percent="100" />
    </mem>
    <remembered-set count="567" />
  </mem-info>
</gc-start>
<allocation-stats totalBytes="9557472" discardedBytes="544" >
  <allocated-bytes non-tlh="72" tlh="9557400" />
  <largest-consumer threadName="Default Executor-thread-1" threadId="000000000082D900" bytes="9557472" />
</allocation-stats>
<gc-op id="965" type="scavenge" timems="2.264" contextid="962" timestamp="2025-12-14T22:18:07.111">
  <scavenger-info tenureage="3" tenuremask="ffc8" tiltratio="89" />
  <memory-copied type="nursery" objects="7904" bytes="220160" bytesdiscarded="53248" />
  <memory-copied type="tenure" objects="3764" bytes="102320" bytesdiscarded="32" />
  <ownableSynchronizers candidates="2" cleared="0" />
  <object-monitors candidates="19" cleared="0"  />
</gc-op>
<heap-resize id="966" type="expand" space="nursery" amount="655360" count="1" timems="0.064" reason="excessive time being spent scavenging" timestamp="2025-12-14T22:18:07.112" />
<gc-end id="967" type="scavenge" contextid="962" durationms="5.490" usertimems="0.608" systemtimems="4.322" stalltimems="0.475" timestamp="2025-12-14T22:18:07.113" activeThreads="2">
  <mem-info id="968" free="13357288" total="28246016" percent="47">
    <mem type="nursery" free="10212352" total="11665408" percent="87">
      <mem type="allocate" free="10212352" total="10485760" percent="97" />
      <mem type="survivor" free="0" total="1179648" percent="0" />
    </mem>
    <mem type="tenure" free="3144936" total="16580608" percent="18">
      <mem type="soa" free="2315496" total="15751168" percent="14" />
      <mem type="loa" free="829440" total="829440" percent="100" />
    </mem>
    <remembered-set count="460" />
  </mem-info>
</gc-end>
<cycle-end id="969" type="scavenge" contextid="962" timestamp="2025-12-14T22:18:07.114" />
<allocation-satisfied id="970" threadId="000000000082D900" bytesRequested="64" />
<af-end id="971" timestamp="2025-12-14T22:18:07.115" threadId="000000000082E378" success="true" from="nursery"/>
<exclusive-end id="972" timestamp="2025-12-14T22:18:07.116" durationms="11.548" />

<exclusive-start id="973" timestamp="2025-12-14T22:18:07.164" intervalms="59.249">
  <response-info timems="0.097" idlems="0.097" threads="0" lastid="000000000082D900" lastname="Default Executor-thread-1" />
</exclusive-start>
<af-start id="974" threadId="000000000082E378" totalBytesRequested="72" timestamp="2025-12-14T22:18:07.165" intervalms="59.222" type="nursery" />
<cycle-start id="975" type="scavenge" contextid="0" timestamp="2025-12-14T22:18:07.165" intervalms="59.112" />
<gc-start id="976" type="scavenge" contextid="975" timestamp="2025-12-14T22:18:07.166">
  <mem-info id="977" free="3144936" total="28246016" percent="11">
    <mem type="nursery" free="0" total="11665408" percent="0">
      <mem type="allocate" free="0" total="10485760" percent="0" />
      <mem type="survivor" free="0" total="1179648" percent="0" />
    </mem>
    <mem type="tenure" free="3144936" total="16580608" percent="18">
      <mem type="soa" free="2315496" total="15751168" percent="14" />
      <mem type="loa" free="829440" total="829440" percent="100" />
    </mem>
    <remembered-set count="461" />
  </mem-info>
</gc-start>
<allocation-stats totalBytes="10211904" discardedBytes="448" >
  <allocated-bytes non-tlh="64" tlh="10211840" />
  <largest-consumer threadName="Default Executor-thread-1" threadId="000000000082D900" bytes="10211904" />
</allocation-stats>
<gc-op id="978" type="scavenge" timems="1.912" contextid="975" timestamp="2025-12-14T22:18:07.169">
  <scavenger-info tenureage="3" tenuremask="ffe8" tiltratio="89" />
  <memory-copied type="nursery" objects="3082" bytes="92920" bytesdiscarded="6920" />
  <memory-copied type="tenure" objects="5051" bytes="134872" bytesdiscarded="48" />
  <ownableSynchronizers candidates="2" cleared="0" />
  <object-monitors candidates="19" cleared="0"  />
</gc-op>
<gc-end id="979" type="scavenge" contextid="975" durationms="4.074" usertimems="3.897" systemtimems="0.000" stalltimems="0.770" timestamp="2025-12-14T22:18:07.170" activeThreads="2">
  <mem-info id="980" free="13383400" total="28246016" percent="47">
    <mem type="nursery" free="10385920" total="11665408" percent="89">
      <mem type="allocate" free="10385920" total="10485760" percent="99" />
      <mem type="survivor" free="0" total="1179648" percent="0" />
    </mem>
    <mem type="tenure" free="2997480" total="16580608" percent="18">
      <mem type="soa" free="2168040" total="15751168" percent="13" />
      <mem type="loa" free="829440" total="829440" percent="100" />
    </mem>
    <remembered-set count="324" />
  </mem-info>
</gc-end>
<cycle-end id="981" type="scavenge" contextid="975" timestamp="2025-12-14T22:18:07.171" />
<allocation-satisfied id="982" threadId="000000000082D900" bytesRequested="72" />
<af-end id="983" timestamp="2025-12-14T22:18:07.172" threadId="000000000082E378" success="true" from="nursery"/>
<exclusive-end id="984" timestamp="2025-12-14T22:18:07.173" durationms="9.644" />

<exclusive-start id="985" timestamp="2025-12-14T22:18:07.222" intervalms="58.738">
  <response-info timems="0.075" idlems="0.075" threads="0" lastid="000000000082D900" lastname="Default Executor-thread-1" />
</exclusive-start>
<af-start id="986" threadId="000000000082E378" totalBytesRequested="24" timestamp="2025-12-14T22:18:07.223" intervalms="58.662" type="nursery" />
<cycle-start id="987" type="scavenge" contextid="0" timestamp="2025-12-14T22:18:07.224" intervalms="58.702" />
<gc-start id="988" type="scavenge" contextid="987" timestamp="2025-12-14T22:18:07.225">
  <mem-info id="989" free="2997480" total="28246016" percent="10">
    <mem type="nursery" free="0" total="11665408" percent="0">
      <mem type="allocate" free="0" total="10485760" percent="0" />
      <mem type="survivor" free="0" total="1179648" percent="0" />
    </mem>
    <mem type="tenure" free="2997480" total="16580608" percent="18">
      <mem type="soa" free="2168040" total="15751168" percent="13" />
      <mem type="loa" free="829440" total="829440" percent="100" />
    </mem>
    <remembered-set count="326" />
  </mem-info>
</gc-start>
<allocation-stats totalBytes="10385376" discardedBytes="544" >
  <allocated-bytes non-tlh="72" tlh="10385304" />
  <largest-consumer threadName="Default Executor-thread-1" threadId="000000000082D900" bytes="10385376" />
</allocation-stats>
<gc-op id="990" type="scavenge" timems="1.481" contextid="987" timestamp="2025-12-14T22:18:07.228">
  <scavenger-info tenureage="3" tenuremask="ffe8" tiltratio="89" />
  <memory-copied type="nursery" objects="868" bytes="30304" bytesdiscarded="34208" />
  <memory-copied type="tenure" objects="2313" bytes="66768" bytesdiscarded="224" />
  <ownableSynchronizers candidates="2" cleared="0" />
  <object-monitors candidates="19" cleared="0"  />
</gc-op>
<heap-resize id="991" type="expand" space="nursery" amount="524288" count="1" timems="0.092" reason="excessive time being spent scavenging" timestamp="2025-12-14T22:18:07.229" />
<gc-end id="992" type="scavenge" contextid="987" durationms="4.553" usertimems="1.354" systemtimems="2.223" stalltimems="0.449" timestamp="2025-12-14T22:18:07.230" activeThreads="2">
  <mem-info id="993" free="13804520" total="28770304" percent="47">
    <mem type="nursery" free="10880000" total="12189696" percent="89">
      <mem type="allocate" free="10880000" total="10944512" percent="99" />
      <mem type="survivor" free="0" total="1245184" percent="0" />
    </mem>
    <mem type="tenure" free="2924520" total="16580608" percent="17">
      <mem type="soa" free="2095080" total="15751168" percent="13" />
      <mem type="loa" free="829440" total="829440" percent="100" />
    </mem>
    <remembered-set count="260" />
  </mem-info>
</gc-end>
<cycle-end id="994" type="scavenge" contextid="987" timestamp="2025-12-14T22:18:07.231" />
<allocation-satisfied id="995" threadId="000000000082D900" bytesRequested="24" />
<af-end id="996" timestamp="2025-12-14T22:18:07.232" threadId="000000000082E378" success="true" from="nursery"/>
<exclusive-end id="997" timestamp="2025-12-14T22:18:07.233" durationms="10.635" />

<exclusive-start id="998" timestamp="2025-12-14T22:18:07.289" intervalms="66.941">
  <response-info timems="0.074" idlems="0.074" threads="0" lastid="000000000082D900" lastname="Default Executor-thread-1" />
</exclusive-start>
<af-start id="999" threadId="000000000082E378" totalBytesRequested="56" timestamp="2025-12-14T22:18:07.290" intervalms="66.773" type="nursery" />
<cycle-start id="1000" type="scavenge" contextid="0" timestamp="2025-12-14T22:18:07.291" intervalms="66.732" />
<gc-start id="1001" type="scavenge" contextid="1000" timestamp="2025-12-14T22:18:07.292">
  <mem-info id="1002" free="2924520" total="28770304" percent="10">
    <mem type="nursery" free="0" total="12189696" percent="0">
      <mem type="allocate" free="0" total="10944512" percent="0" />
      <mem type="survivor" free="0" total="1245184" percent="0" />
    </mem>
    <mem type="tenure" free="2924520" total="16580608" percent="17">
      <mem type="soa" free="2095080" total="15751168" percent="13" />
      <mem type="loa" free="829440" total="829440" percent="100" />
    </mem>
    <remembered-set count="264" />
  </mem-info>
</gc-start>
<allocation-stats totalBytes="10879472" discardedBytes="528" >
  <allocated-bytes non-tlh="24" tlh="10879448" />
  <largest-consumer threadName="Default Executor-thread-1" threadId="000000000082D900" bytes="10879472" />
</allocation-stats>
<gc-op id="1003" type="scavenge" timems="0.925" contextid="1000" timestamp="2025-12-14T22:18:07.294">
  <scavenger-info tenureage="14" tenuremask="4000" tiltratio="89" />
  <memory-copied type="nursery" objects="1080" bytes="37224" bytesdiscarded="6552" />
  <object-monitors candidates="19" cleared="0"  />
</gc-op>
<gc-end id="1004" type="scavenge" contextid="1000" durationms="2.930" usertimems="1.386" systemtimems="0.373" stalltimems="0.273" timestamp="2025-12-14T22:18:07.295" activeThreads="2">
  <mem-info id="1005" free="13825256" total="28770304" percent="48">
    <mem type="nursery" free="10900736" total="12189696" percent="89">
      <mem type="allocate" free="10900736" total="10944512" percent="99" />
      <mem type="survivor" free="0" total="1245184" percent="0" />
    </mem>
    <mem type="tenure" free="2924520" total="16580608" percent="17">
      <mem type="soa" free="2095080" total="15751168" percent="13" />
      <mem type="loa" free="829440" total="829440" percent="100" />
    </mem>
    <remembered-set count="262" />
  </mem-info>
</gc-end>
<cycle-end id="1006" type="scavenge" contextid="1000" timestamp="2025-12-14T22:18:07.296" />
<allocation-satisfied id="1007" threadId="000000000082D900" bytesRequested="56" />
<af-end id="1008" timestamp="2025-12-14T22:18:07.298" threadId="000000000082E378" success="true" from="nursery"/>
<exclusive-end id="1009" timestamp="2025-12-14T22:18:07.298" durationms="9.049" />

<exclusive-start id="1010" timestamp="2025-12-14T22:18:07.383" intervalms="93.169">
  <response-info timems="0.067" idlems="0.067" threads="0" lastid="000000000082D900" lastname="Default Executor-thread-1" />
</exclusive-start>
<af-start id="1011" threadId="000000000082E378" totalBytesRequested="72" timestamp="2025-12-14T22:18:07.384" intervalms="93.443" type="nursery" />
<cycle-start id="1012" type="scavenge" contextid="0" timestamp="2025-12-14T22:18:07.384" intervalms="93.389" />
<gc-start id="1013" type="scavenge" contextid="1012" timestamp="2025-12-14T22:18:07.386">
  <mem-info id="1014" free="2924520" total="28770304" percent="10">
    <mem type="nursery" free="0" total="12189696" percent="0">
      <mem type="allocate" free="0" total="10944512" percent="0" />
      <mem type="survivor" free="0" total="1245184" percent="0" />
    </mem>
    <mem type="tenure" free="2924520" total="16580608" percent="17">
      <mem type="soa" free="2095080" total="15751168" percent="13" />
      <mem type="loa" free="829440" total="829440" percent="100" />
    </mem>
    <remembered-set count="285" />
  </mem-info>
</gc-start>
<allocation-stats totalBytes="10900008" discardedBytes="728" >
  <allocated-bytes non-tlh="56" tlh="10899952" />
  <largest-consumer threadName="Default Executor-thread-1" threadId="000000000082D900" bytes="10900008" />
</allocation-stats>
<gc-op id="1015" type="scavenge" timems="1.264" contextid="1012" timestamp="2025-12-14T22:18:07.388">
  <scavenger-info tenureage="4" tenuremask="4010" tiltratio="89" />
  <memory-copied type="nursery" objects="1205" bytes="39032" bytesdiscarded="4744" />
  <memory-copied type="tenure" objects="65" bytes="1944" bytesdiscarded="0" />
  <object-monitors candidates="19" cleared="0"  />
</gc-op>
<gc-end id="1016" type="scavenge" contextid="1012" durationms="4.054" usertimems="1.697" systemtimems="0.555" stalltimems="0.641" timestamp="2025-12-14T22:18:07.390" activeThreads="2">
  <mem-info id="1017" free="13825256" total="28770304" percent="48">
    <mem type="nursery" free="10900736" total="12189696" percent="89">
      <mem type="allocate" free="10900736" total="10944512" percent="99" />
      <mem type="survivor" free="0" total="1245184" percent="0" />
    </mem>
    <mem type="tenure" free="2924520" total="16580608" percent="17">
      <mem type="soa" free="2095080" total="15751168" percent="13" />
      <mem type="loa" free="829440" total="829440" percent="100" />
    </mem>
    <remembered-set count="272" />
  </mem-info>
</gc-end>
<cycle-end id="1018" type="scavenge" contextid="1012" timestamp="2025-12-14T22:18:07.391" />
<allocation-satisfied id="1019" threadId="000000000082D900" bytesRequested="72" />
<af-end id="1020" timestamp="2025-12-14T22:18:07.392" threadId="000000000082E378" success="true" from="nursery"/>
<exclusive-end id="1021" timestamp="2025-12-14T22:18:07.392" durationms="9.888" />

<exclusive-start id="1022" timestamp="2025-12-14T22:18:07.508" intervalms="125.919">
  <response-info timems="0.070" idlems="0.070" threads="0" lastid="000000000082D900" lastname="Default Executor-thread-1" />
</exclusive-start>
<af-start id="1023" threadId="000000000082E378" totalBytesRequested="24" timestamp="2025-12-14T22:18:07.509" intervalms="125.735" type="nursery" />
<cycle-start id="1024" type="scavenge" contextid="0" timestamp="2025-12-14T22:18:07.510" intervalms="125.773" />
<gc-start id="1025" type="scavenge" contextid="1024" timestamp="2025-12-14T22:18:07.511">
  <mem-info id="1026" free="2913760" total="28770304" percent="10">
    <mem type="nursery" free="0" total="12189696" percent="0">
      <mem type="allocate" free="0" total="10944512" percent="0" />
      <mem type="survivor" free="0" total="1245184" percent="0" />
    </mem>
    <mem type="tenure" free="2913760" total="16580608" percent="17">
      <mem type="soa" free="2084320" total="15751168" percent="13" />
      <mem type="loa" free="829440" total="829440" percent="100" />
    </mem>
    <remembered-set count="2907" />
  </mem-info>
</gc-start>
<allocation-stats totalBytes="10910672" discardedBytes="824" >
  <allocated-bytes non-tlh="10832" tlh="10899840" />
  <largest-consumer threadName="Default Executor-thread-1" threadId="000000000082D900" bytes="10906512" />
</allocation-stats>
<gc-op id="1027" type="scavenge" timems="3.051" contextid="1024" timestamp="2025-12-14T22:18:07.516">
  <scavenger-info tenureage="14" tenuremask="4000" tiltratio="89" />
  <memory-copied type="nursery" objects="25048" bytes="759304" bytesdiscarded="18472" />
  <references type="soft" candidates="2" cleared="0" enqueued="0" dynamicThreshold="9" maxThreshold="32" />
  <references type="weak" candidates="43" cleared="34" enqueued="34" />
  <object-monitors candidates="19" cleared="0"  />
</gc-op>
<gc-end id="1028" type="scavenge" contextid="1024" durationms="5.620" usertimems="1.622" systemtimems="4.630" stalltimems="0.567" timestamp="2025-12-14T22:18:07.517" activeThreads="2">
  <mem-info id="1029" free="12752512" total="28770304" percent="44">
    <mem type="nursery" free="9838752" total="12189696" percent="80">
      <mem type="allocate" free="9838752" total="10616832" percent="92" />
      <mem type="survivor" free="0" total="1572864" percent="0" />
    </mem>
    <mem type="tenure" free="2913760" total="16580608" percent="17">
      <mem type="soa" free="2084320" total="15751168" percent="13" />
      <mem type="loa" free="829440" total="829440" percent="100" />
    </mem>
    <pending-finalizers system="0" default="0" reference="34" classloader="0" />
    <remembered-set count="1863" />
  </mem-info>
</gc-end>
<cycle-end id="1030" type="scavenge" contextid="1024" timestamp="2025-12-14T22:18:07.518" />
<allocation-satisfied id="1031" threadId="000000000082D900" bytesRequested="24" />
<af-end id="1032" timestamp="2025-12-14T22:18:07.520" threadId="000000000082E378" success="true" from="nursery"/>
<exclusive-end id="1033" timestamp="2025-12-14T22:18:07.521" durationms="12.068" />

<exclusive-start id="1034" timestamp="2025-12-14T22:18:07.903" intervalms="394.013">
  <response-info timems="0.129" idlems="0.129" threads="0" lastid="000000000082D900" lastname="Default Executor-thread-1" />
</exclusive-start>
<af-start id="1035" threadId="000000000082E378" totalBytesRequested="48" timestamp="2025-12-14T22:18:07.903" intervalms="393.989" type="nursery" />
<cycle-start id="1036" type="scavenge" contextid="0" timestamp="2025-12-14T22:18:07.904" intervalms="393.835" />
<gc-start id="1037" type="scavenge" contextid="1036" timestamp="2025-12-14T22:18:07.905">
  <mem-info id="1038" free="2912360" total="28770304" percent="10">
    <mem type="nursery" free="0" total="12189696" percent="0">
      <mem type="allocate" free="0" total="10616832" percent="0" />
      <mem type="survivor" free="0" total="1572864" percent="0" />
    </mem>
    <mem type="tenure" free="2912360" total="16580608" percent="17">
      <mem type="soa" free="2082920" total="15751168" percent="13" />
      <mem type="loa" free="829440" total="829440" percent="100" />
    </mem>
    <remembered-set count="2304" />
  </mem-info>
</gc-start>
<allocation-stats totalBytes="9837776" discardedBytes="2376" >
  <allocated-bytes non-tlh="241752" tlh="9596024" />
  <largest-consumer threadName="Default Executor-thread-1" threadId="000000000082D900" bytes="9755840" />
</allocation-stats>
<gc-op id="1039" type="scavenge" timems="6.419" contextid="1036" timestamp="2025-12-14T22:18:07.914">
  <scavenger-info tenureage="4" tenuremask="ffd0" tiltratio="87" />
  <memory-copied type="nursery" objects="28723" bytes="1570760" bytesdiscarded="768" />
  <memory-copied type="tenure" objects="11351" bytes="330272" bytesdiscarded="136" />
  <copy-failed type="nursery" objects="11341" bytes="329768" />
  <ownableSynchronizers candidates="134" cleared="78" />
  <references type="soft" candidates="2" cleared="0" enqueued="0" dynamicThreshold="9" maxThreshold="32" />
  <references type="weak" candidates="23" cleared="9" enqueued="9" />
  <references type="phantom" candidates="82" cleared="0" enqueued="0" />
  <object-monitors candidates="19" cleared="0"  />
</gc-op>
<gc-end id="1040" type="scavenge" contextid="1036" durationms="9.537" usertimems="8.409" systemtimems="4.174" stalltimems="0.869" timestamp="2025-12-14T22:18:07.915" activeThreads="2">
  <mem-info id="1041" free="9413992" total="28770304" percent="32">
    <mem type="nursery" free="6815744" total="12189696" percent="55">
      <mem type="allocate" free="6815744" total="8388608" percent="81" />
      <mem type="survivor" free="0" total="3801088" percent="0" />
    </mem>
    <mem type="tenure" free="2598248" total="16580608" percent="15">
      <mem type="soa" free="1768808" total="15751168" percent="11" />
      <mem type="loa" free="829440" total="829440" percent="100" />
    </mem>
    <pending-finalizers system="0" default="0" reference="9" classloader="0" />
    <remembered-set count="2777" />
  </mem-info>
</gc-end>
<cycle-end id="1042" type="scavenge" contextid="1036" timestamp="2025-12-14T22:18:07.916" />
<allocation-satisfied id="1043" threadId="000000000082D900" bytesRequested="48" />
<af-end id="1044" timestamp="2025-12-14T22:18:07.917" threadId="000000000082E378" success="true" from="nursery"/>
<exclusive-end id="1045" timestamp="2025-12-14T22:18:07.918" durationms="15.398" />

<exclusive-start id="1046" timestamp="2025-12-14T22:18:08.031" intervalms="128.479">
  <response-info timems="0.070" idlems="0.070" threads="0" lastid="0000000000858500" lastname="Default Executor-thread-4" />
</exclusive-start>
<af-start id="1047" threadId="0000000000858F78" totalBytesRequested="16" timestamp="2025-12-14T22:18:08.032" intervalms="128.562" type="nursery" />
<cycle-start id="1048" type="scavenge" contextid="0" timestamp="2025-12-14T22:18:08.033" intervalms="128.882" />
<gc-start id="1049" type="scavenge" contextid="1048" timestamp="2025-12-14T22:18:08.034">
  <mem-info id="1050" free="2597880" total="28770304" percent="9">
    <mem type="nursery" free="0" total="12189696" percent="0">
      <mem type="allocate" free="0" total="8388608" percent="0" />
      <mem type="survivor" free="0" total="3801088" percent="0" />
    </mem>
    <mem type="tenure" free="2597880" total="16580608" percent="15">
      <mem type="soa" free="1768440" total="15751168" percent="11" />
      <mem type="loa" free="829440" total="829440" percent="100" />
    </mem>
    <remembered-set count="3014" />
  </mem-info>
</gc-start>
<allocation-stats totalBytes="6812992" discardedBytes="3120" >
  <allocated-bytes non-tlh="416" tlh="6812576" />
  <largest-consumer threadName="Default Executor-thread-1" threadId="000000000082D900" bytes="6735200" />
</allocation-stats>
<gc-op id="1051" type="scavenge" timems="5.842" contextid="1048" timestamp="2025-12-14T22:18:08.042">
  <scavenger-info tenureage="4" tenuremask="ffd0" tiltratio="68" />
  <memory-copied type="nursery" objects="47926" bytes="2770336" bytesdiscarded="7784" />
  <memory-copied type="tenure" objects="147" bytes="4528" bytesdiscarded="32" />
  <ownableSynchronizers candidates="226" cleared="102" />
  <references type="soft" candidates="2" cleared="0" enqueued="0" dynamicThreshold="9" maxThreshold="32" />
  <references type="weak" candidates="14" cleared="0" enqueued="0" />
  <references type="phantom" candidates="184" cleared="0" enqueued="0" />
  <object-monitors candidates="19" cleared="0"  />
</gc-op>
<heap-resize id="1052" type="expand" space="nursery" amount="524288" count="1" timems="0.111" reason="excessive time being spent scavenging" timestamp="2025-12-14T22:18:08.043" />
<gc-end id="1053" type="scavenge" contextid="1048" durationms="9.453" usertimems="10.368" systemtimems="0.687" stalltimems="1.350" timestamp="2025-12-14T22:18:08.043" activeThreads="2">
  <mem-info id="1054" free="7943800" total="29294592" percent="27">
    <mem type="nursery" free="5345920" total="12713984" percent="42">
      <mem type="allocate" free="5345920" total="8126464" percent="65" />
      <mem type="survivor" free="0" total="4587520" percent="0" />
    </mem>
    <mem type="tenure" free="2597880" total="16580608" percent="15">
      <mem type="soa" free="1768440" total="15751168" percent="11" />
      <mem type="loa" free="829440" total="829440" percent="100" />
    </mem>
    <remembered-set count="2803" />
  </mem-info>
</gc-end>
<cycle-end id="1055" type="scavenge" contextid="1048" timestamp="2025-12-14T22:18:08.044" />
<allocation-satisfied id="1056" threadId="0000000000858500" bytesRequested="16" />
<af-end id="1057" timestamp="2025-12-14T22:18:08.046" threadId="0000000000858F78" success="true" from="nursery"/>
<exclusive-end id="1058" timestamp="2025-12-14T22:18:08.046" durationms="15.456" />

<exclusive-start id="1059" timestamp="2025-12-14T22:18:08.102" intervalms="71.481">
  <response-info timems="0.089" idlems="0.058" threads="1" lastid="000000000002D300" lastname="JIT Compilation Thread-001" />
</exclusive-start>
<af-start id="1060" threadId="000000000082E378" totalBytesRequested="72" timestamp="2025-12-14T22:18:08.103" intervalms="71.358" type="nursery" />
<cycle-start id="1061" type="scavenge" contextid="0" timestamp="2025-12-14T22:18:08.104" intervalms="71.198" />
<gc-start id="1062" type="scavenge" contextid="1061" timestamp="2025-12-14T22:18:08.105">
  <mem-info id="1063" free="2597560" total="29294592" percent="8">
    <mem type="nursery" free="0" total="12713984" percent="0">
      <mem type="allocate" free="0" total="8126464" percent="0" />
      <mem type="survivor" free="0" total="4587520" percent="0" />
    </mem>
    <mem type="tenure" free="2597560" total="16580608" percent="15">
      <mem type="soa" free="1768120" total="15751168" percent="11" />
      <mem type="loa" free="829440" total="829440" percent="100" />
    </mem>
    <remembered-set count="3044" />
  </mem-info>
</gc-start>
<allocation-stats totalBytes="5344816" discardedBytes="1424" >
  <allocated-bytes non-tlh="236192" tlh="5108624" />
  <largest-consumer threadName="Default Executor-thread-1" threadId="000000000082D900" bytes="5283368" />
</allocation-stats>
<gc-op id="1064" type="scavenge" timems="6.734" contextid="1061" timestamp="2025-12-14T22:18:08.113">
  <scavenger-info tenureage="3" tenuremask="ff58" tiltratio="63" />
  <memory-copied type="nursery" objects="46009" bytes="3446288" bytesdiscarded="70968" />
  <memory-copied type="tenure" objects="13239" bytes="414440" bytesdiscarded="544" />
  <ownableSynchronizers candidates="201" cleared="47" />
  <references type="weak" candidates="6" cleared="0" enqueued="0" />
  <references type="phantom" candidates="229" cleared="0" enqueued="0" />
  <object-monitors candidates="20" cleared="0"  />
</gc-op>
<heap-resize id="1065" type="expand" space="nursery" amount="786432" count="1" timems="0.065" reason="excessive time being spent scavenging" timestamp="2025-12-14T22:18:08.114" />
<gc-end id="1066" type="scavenge" contextid="1061" durationms="10.278" usertimems="13.498" systemtimems="0.363" stalltimems="0.798" timestamp="2025-12-14T22:18:08.115" activeThreads="2">
  <mem-info id="1067" free="6807608" total="30081024" percent="22">
    <mem type="nursery" free="4671712" total="13500416" percent="34">
      <mem type="allocate" free="4671712" total="8192000" percent="57" />
      <mem type="survivor" free="0" total="5308416" percent="0" />
    </mem>
    <mem type="tenure" free="2135896" total="16580608" percent="12">
      <mem type="soa" free="1306456" total="15751168" percent="8" />
      <mem type="loa" free="829440" total="829440" percent="100" />
    </mem>
    <remembered-set count="720" />
  </mem-info>
</gc-end>
<cycle-end id="1068" type="scavenge" contextid="1061" timestamp="2025-12-14T22:18:08.116" />
<allocation-satisfied id="1069" threadId="000000000082D900" bytesRequested="72" />
<af-end id="1070" timestamp="2025-12-14T22:18:08.118" threadId="000000000082E378" success="true" from="nursery"/>
<exclusive-end id="1071" timestamp="2025-12-14T22:18:08.118" durationms="15.765" />

<exclusive-start id="1072" timestamp="2025-12-14T22:18:08.277" intervalms="174.992">
  <response-info timems="0.141" idlems="0.141" threads="0" lastid="000000000082D900" lastname="Default Executor-thread-1" />
</exclusive-start>
<af-start id="1073" threadId="000000000082E378" totalBytesRequested="48" timestamp="2025-12-14T22:18:08.278" intervalms="175.103" type="nursery" />
<cycle-start id="1074" type="scavenge" contextid="0" timestamp="2025-12-14T22:18:08.279" intervalms="175.085" />
<gc-start id="1075" type="scavenge" contextid="1074" timestamp="2025-12-14T22:18:08.280">
  <mem-info id="1076" free="2135736" total="30081024" percent="7">
    <mem type="nursery" free="0" total="13500416" percent="0">
      <mem type="allocate" free="0" total="8192000" percent="0" />
      <mem type="survivor" free="0" total="5308416" percent="0" />
    </mem>
    <mem type="tenure" free="2135736" total="16580608" percent="12">
      <mem type="soa" free="1306296" total="15751168" percent="8" />
      <mem type="loa" free="829440" total="829440" percent="100" />
    </mem>
    <remembered-set count="955" />
  </mem-info>
</gc-start>
<allocation-stats totalBytes="4669952" discardedBytes="1920" >
  <allocated-bytes non-tlh="232" tlh="4669720" />
  <largest-consumer threadName="Default Executor-thread-1" threadId="000000000082D900" bytes="4637192" />
</allocation-stats>
<gc-op id="1077" type="scavenge" timems="6.215" contextid="1074" timestamp="2025-12-14T22:18:08.288">
  <scavenger-info tenureage="3" tenuremask="ffc8" tiltratio="60" />
  <memory-copied type="nursery" objects="40081" bytes="2907480" bytesdiscarded="115528" />
  <memory-copied type="tenure" objects="14195" bytes="1110240" bytesdiscarded="240" />
  <ownableSynchronizers candidates="224" cleared="42" />
  <references type="weak" candidates="2" cleared="0" enqueued="0" />
  <references type="phantom" candidates="189" cleared="0" enqueued="0" />
  <object-monitors candidates="20" cleared="0"  />
</gc-op>
<gc-end id="1078" type="scavenge" contextid="1074" durationms="8.703" usertimems="15.760" systemtimems="1.086" stalltimems="2.871" timestamp="2025-12-14T22:18:08.289" activeThreads="3">
  <mem-info id="1079" free="6623232" total="30081024" percent="22">
    <mem type="nursery" free="5625216" total="13500416" percent="41">
      <mem type="allocate" free="5625216" total="8650752" percent="65" />
      <mem type="survivor" free="0" total="4849664" percent="0" />
    </mem>
    <mem type="tenure" free="998016" total="16580608" percent="6">
      <mem type="soa" free="168576" total="15751168" percent="1" />
      <mem type="loa" free="829440" total="829440" percent="100" />
    </mem>
    <remembered-set count="758" />
  </mem-info>
</gc-end>
<cycle-end id="1080" type="scavenge" contextid="1074" timestamp="2025-12-14T22:18:08.289" />
<allocation-satisfied id="1081" threadId="000000000082D900" bytesRequested="48" />
<af-end id="1082" timestamp="2025-12-14T22:18:08.291" threadId="000000000082E378" success="true" from="nursery"/>
<exclusive-end id="1083" timestamp="2025-12-14T22:18:08.291" durationms="14.031" />

<concurrent-kickoff id="1084" timestamp="2025-12-14T22:18:08.361">
  <kickoff reason="threshold reached" targetBytes="6517737" thresholdFreeBytes="903299"  remainingFree="804176" tenureFreeBytes="997968" nurseryFreeBytes="804176" />
</concurrent-kickoff>
<exclusive-start id="1085" timestamp="2025-12-14T22:18:08.362" intervalms="84.716">
  <response-info timems="0.062" idlems="0.062" threads="0" lastid="000000000082D900" lastname="Default Executor-thread-1" />
</exclusive-start>
<cycle-start id="1086" type="global" contextid="0" timestamp="2025-12-14T22:18:08.363" intervalms="2210.102" />
<concurrent-start id="1087" type="global mark" contextid="1086" timestamp="2025-12-14T22:18:08.363">
</concurrent-start>
<exclusive-end id="1088" timestamp="2025-12-14T22:18:08.364" durationms="2.164" />

<exclusive-start id="1089" timestamp="2025-12-14T22:18:08.392" intervalms="30.212">
  <response-info timems="0.103" idlems="0.103" threads="0" lastid="0000000000589A00" lastname="Framework Event Dispatcher: Equinox Container: a76135bd-505b-47" />
</exclusive-start>
<af-start id="1090" threadId="000000000058A478" totalBytesRequested="32" timestamp="2025-12-14T22:18:08.393" intervalms="114.999" type="nursery" />
<cycle-start id="1091" type="scavenge" contextid="0" timestamp="2025-12-14T22:18:08.394" intervalms="115.256" />
<gc-start id="1092" type="scavenge" contextid="1091" timestamp="2025-12-14T22:18:08.395">
  <mem-info id="1093" free="997968" total="30081024" percent="3">
    <mem type="nursery" free="0" total="13500416" percent="0">
      <mem type="allocate" free="0" total="8650752" percent="0" />
      <mem type="survivor" free="0" total="4849664" percent="0" />
    </mem>
    <mem type="tenure" free="997968" total="16580608" percent="6">
      <mem type="soa" free="168528" total="15751168" percent="1" />
      <mem type="loa" free="829440" total="829440" percent="100" />
    </mem>
    <remembered-set count="1050" />
  </mem-info>
</gc-start>
<allocation-stats totalBytes="5623784" discardedBytes="1480" >
  <allocated-bytes non-tlh="96" tlh="5623688" />
  <largest-consumer threadName="Default Executor-thread-1" threadId="000000000082D900" bytes="5570584" />
</allocation-stats>
<gc-op id="1094" type="scavenge" timems="10.660" contextid="1091" timestamp="2025-12-14T22:18:08.408">
  <scavenger-info tenureage="3" tenuremask="ffe8" tiltratio="64" />
  <memory-copied type="nursery" objects="34085" bytes="2486736" bytesdiscarded="225360" />
  <memory-copied type="tenure" objects="19371" bytes="1203896" bytesdiscarded="1768" />
  <ownableSynchronizers candidates="272" cleared="87" />
  <references type="weak" candidates="1" cleared="0" enqueued="0" />
  <references type="phantom" candidates="171" cleared="0" enqueued="0" />
  <object-monitors candidates="20" cleared="0"  />
  <heap-resize type="expand" space="tenure" amount="1179648" count="18" timems="2.767" reason="continue current collection" />
</gc-op>
<heap-resize id="1095" type="expand" space="nursery" amount="917504" count="1" timems="1.787" reason="excessive time being spent scavenging" timestamp="2025-12-14T22:18:08.411" />
<gc-end id="1096" type="scavenge" contextid="1091" durationms="16.970" usertimems="23.114" systemtimems="8.830" stalltimems="5.641" timestamp="2025-12-14T22:18:08.412" activeThreads="4">
  <mem-info id="1097" free="7677152" total="32178176" percent="23">
    <mem type="nursery" free="6788320" total="14417920" percent="47">
      <mem type="allocate" free="6788320" total="9502720" percent="71" />
      <mem type="survivor" free="0" total="4915200" percent="0" />
    </mem>
    <mem type="tenure" free="888832" total="17760256" percent="5">
      <mem type="soa" free="0" total="16871424" percent="0" />
      <mem type="loa" free="888832" total="888832" percent="100" />
    </mem>
    <remembered-set count="807" />
  </mem-info>
</gc-end>
<cycle-end id="1098" type="scavenge" contextid="1091" timestamp="2025-12-14T22:18:08.413" />
<allocation-satisfied id="1099" threadId="0000000000589A00" bytesRequested="32" />
<af-end id="1100" timestamp="2025-12-14T22:18:08.415" threadId="000000000058A478" success="true" from="nursery"/>
<exclusive-end id="1101" timestamp="2025-12-14T22:18:08.416" durationms="23.403" />

<concurrent-end id="1102" type="global mark" contextid="1086" timestamp="2025-12-14T22:18:08.425">
<gc-op id="1103" type="trace" timems="61.377" contextid="1086" timestamp="2025-12-14T22:18:08.425">
  <trace bytesTraced="8943676" workStackOverflowCount="0" />
  <card-cleaning reason="card cleaning threshold reached" bytesTraced="29900" cardsCleaned="103" />
</gc-op>
</concurrent-end>

<exclusive-start id="1104" timestamp="2025-12-14T22:18:08.426" intervalms="34.037">
  <response-info timems="0.141" idlems="0.141" threads="0" lastid="0000000000887500" lastname="Bundle File Closer" />
</exclusive-start>
<concurrent-global-final id="1105" timestamp="2025-12-14T22:18:08.427" contextid="1086" intervalms="2207.493" >
  <concurrent-trace-info reason="card cleaning threshold reached" tracedByMutators="4147820" tracedByHelpers="4825756" cardsCleaned="103" workStackOverflowCount="0" />
</concurrent-global-final>
<gc-start id="1106" type="global" contextid="1086" timestamp="2025-12-14T22:18:08.428">
  <mem-info id="1107" free="7521472" total="32178176" percent="23">
    <mem type="nursery" free="6632640" total="14417920" percent="46">
      <mem type="allocate" free="6632640" total="9502720" percent="69" />
      <mem type="survivor" free="0" total="4915200" percent="0" />
    </mem>
    <mem type="tenure" free="888832" total="17760256" percent="5">
      <mem type="soa" free="0" total="16871424" percent="0" />
      <mem type="loa" free="888832" total="888832" percent="100" />
    </mem>
    <remembered-set count="814" />
  </mem-info>
</gc-start>
<allocation-stats totalBytes="155680" discardedBytes="0" >
  <allocated-bytes non-tlh="32" tlh="155648" />
  <largest-consumer threadName="Default Executor-thread-1" threadId="000000000082D900" bytes="139264" />
</allocation-stats>
<gc-op id="1108" type="rs-scan" timems="4.568" contextid="1086" timestamp="2025-12-14T22:18:08.434">
  <scan objectsFound="35681" bytesTraced="1047452" workStackOverflowCount="0" />
</gc-op>
<gc-op id="1109" type="card-cleaning" timems="2.207" contextid="1086" timestamp="2025-12-14T22:18:08.437">
  <card-cleaning cardsCleaned="16" bytesTraced="11844" workStackOverflowCount="0" />
</gc-op>
<gc-op id="1110" type="mark" timems="10.252" contextid="1086" timestamp="2025-12-14T22:18:08.449">
  <trace-info objectcount="167" scancount="160" scanbytes="2960" />
  <finalization candidates="733" enqueued="0" />
  <ownableSynchronizers candidates="876" cleared="9" />
  <references type="soft" candidates="4488" cleared="0" enqueued="0" dynamicThreshold="9" maxThreshold="32" />
  <references type="weak" candidates="1310" cleared="0" enqueued="0" />
  <references type="phantom" candidates="354" cleared="0" enqueued="0" />
  <stringconstants candidates="12765" cleared="1"  />
  <object-monitors candidates="20" cleared="0"  />
</gc-op>
<gc-op id="1111" type="sweep" timems="4.995" contextid="1086" timestamp="2025-12-14T22:18:08.454" />
<heap-resize id="1112" type="expand" space="tenure" amount="4390912" count="1" timems="2.515" reason="insufficient free space following gc" timestamp="2025-12-14T22:18:08.458" />
<gc-end id="1113" type="global" contextid="1086" durationms="30.632" usertimems="28.129" systemtimems="36.602" stalltimems="168.250" timestamp="2025-12-14T22:18:08.459" activeThreads="15">
  <mem-info id="1114" free="13616504" total="36569088" percent="37">
    <mem type="nursery" free="6969544" total="14417920" percent="48">
      <mem type="allocate" free="6969544" total="9502720" percent="73" />
      <mem type="survivor" free="0" total="4915200" percent="0" />
    </mem>
    <mem type="tenure" free="6646960" total="22151168" percent="30" micro-fragmented="320385" macro-fragmented="0">
      <mem type="soa" free="5538992" total="21043200" percent="26" />
      <mem type="loa" free="1107968" total="1107968" percent="100" />
    </mem>
    <remembered-set count="807" />
  </mem-info>
</gc-end>
<cycle-end id="1115" type="global" contextid="1086" timestamp="2025-12-14T22:18:08.460" />
<exclusive-end id="1116" timestamp="2025-12-14T22:18:08.461" durationms="34.139" />

<exclusive-start id="1117" timestamp="2025-12-14T22:18:08.533" intervalms="106.849">
  <response-info timems="0.076" idlems="0.076" threads="0" lastid="000000000082D900" lastname="Default Executor-thread-1" />
</exclusive-start>
<af-start id="1118" threadId="000000000082E378" totalBytesRequested="136" timestamp="2025-12-14T22:18:08.534" intervalms="140.861" type="nursery" />
<cycle-start id="1119" type="scavenge" contextid="0" timestamp="2025-12-14T22:18:08.535" intervalms="140.605" />
<gc-start id="1120" type="scavenge" contextid="1119" timestamp="2025-12-14T22:18:08.536">
  <mem-info id="1121" free="6646896" total="36569088" percent="18">
    <mem type="nursery" free="0" total="14417920" percent="0">
      <mem type="allocate" free="0" total="9502720" percent="0" />
      <mem type="survivor" free="0" total="4915200" percent="0" />
    </mem>
    <mem type="tenure" free="6646896" total="22151168" percent="30">
      <mem type="soa" free="5538928" total="21043200" percent="26" />
      <mem type="loa" free="1107968" total="1107968" percent="100" />
    </mem>
    <remembered-set count="1231" />
  </mem-info>
</gc-start>
<allocation-stats totalBytes="6966632" discardedBytes="2976" >
  <allocated-bytes non-tlh="76760" tlh="6889872" />
  <largest-consumer threadName="Default Executor-thread-1" threadId="000000000082D900" bytes="6886576" />
</allocation-stats>
<gc-op id="1122" type="scavenge" timems="9.328" contextid="1119" timestamp="2025-12-14T22:18:08.547">
  <scavenger-info tenureage="2" tenuremask="ffec" tiltratio="65" />
  <memory-copied type="nursery" objects="33410" bytes="2038408" bytesdiscarded="116176" />
  <memory-copied type="tenure" objects="20609" bytes="1699456" bytesdiscarded="6872" />
  <ownableSynchronizers candidates="1792" cleared="1601" />
  <references type="weak" candidates="1" cleared="0" enqueued="0" />
  <references type="phantom" candidates="195" cleared="0" enqueued="0" />
  <object-monitors candidates="20" cleared="0"  />
</gc-op>
<heap-resize id="1123" type="expand" space="nursery" amount="524288" count="1" timems="0.135" reason="excessive time being spent scavenging" timestamp="2025-12-14T22:18:08.548" />
<gc-end id="1124" type="scavenge" contextid="1119" durationms="12.952" usertimems="22.666" systemtimems="3.442" stalltimems="4.304" timestamp="2025-12-14T22:18:08.549" activeThreads="4">
  <mem-info id="1125" free="13041768" total="37093376" percent="35">
    <mem type="nursery" free="8263040" total="14942208" percent="55">
      <mem type="allocate" free="8263040" total="10420224" percent="79" />
      <mem type="survivor" free="0" total="4521984" percent="0" />
    </mem>
    <mem type="tenure" free="4778728" total="22151168" percent="21">
      <mem type="soa" free="3670760" total="21043200" percent="17" />
      <mem type="loa" free="1107968" total="1107968" percent="100" />
    </mem>
    <remembered-set count="764" />
  </mem-info>
</gc-end>
<cycle-end id="1126" type="scavenge" contextid="1119" timestamp="2025-12-14T22:18:08.549" />
<allocation-satisfied id="1127" threadId="000000000082D900" bytesRequested="136" />
<af-end id="1128" timestamp="2025-12-14T22:18:08.551" threadId="000000000082E378" success="true" from="nursery"/>
<exclusive-end id="1129" timestamp="2025-12-14T22:18:08.551" durationms="18.128" />

<exclusive-start id="1130" timestamp="2025-12-14T22:18:08.804" intervalms="270.748">
  <response-info timems="0.059" idlems="0.059" threads="0" lastid="000000000082D900" lastname="Default Executor-thread-1" />
</exclusive-start>
<af-start id="1131" threadId="000000000082E378" totalBytesRequested="32" timestamp="2025-12-14T22:18:08.805" intervalms="270.868" type="nursery" />
<cycle-start id="1132" type="scavenge" contextid="0" timestamp="2025-12-14T22:18:08.806" intervalms="271.082" />
<gc-start id="1133" type="scavenge" contextid="1132" timestamp="2025-12-14T22:18:08.807">
  <mem-info id="1134" free="4778272" total="37093376" percent="12">
    <mem type="nursery" free="0" total="14942208" percent="0">
      <mem type="allocate" free="0" total="10420224" percent="0" />
      <mem type="survivor" free="0" total="4521984" percent="0" />
    </mem>
    <mem type="tenure" free="4778272" total="22151168" percent="21">
      <mem type="soa" free="3670304" total="21043200" percent="17" />
      <mem type="loa" free="1107968" total="1107968" percent="100" />
    </mem>
    <remembered-set count="1651" />
  </mem-info>
</gc-start>
<allocation-stats totalBytes="8261384" discardedBytes="2112" >
  <allocated-bytes non-tlh="167872" tlh="8093512" />
  <largest-consumer threadName="Default Executor-thread-1" threadId="000000000082D900" bytes="8175440" />
</allocation-stats>
<gc-op id="1135" type="scavenge" timems="4.336" contextid="1132" timestamp="2025-12-14T22:18:08.813">
  <scavenger-info tenureage="2" tenuremask="ffe4" tiltratio="69" />
  <memory-copied type="nursery" objects="33757" bytes="2361792" bytesdiscarded="81400" />
  <memory-copied type="tenure" objects="13446" bytes="786520" bytesdiscarded="3560" />
  <ownableSynchronizers candidates="256" cleared="75" />
  <references type="phantom" candidates="186" cleared="0" enqueued="0" />
  <object-monitors candidates="20" cleared="0"  />
</gc-op>
<gc-end id="1136" type="scavenge" contextid="1132" durationms="6.799" usertimems="16.436" systemtimems="0.000" stalltimems="5.621" timestamp="2025-12-14T22:18:08.814" activeThreads="5">
  <mem-info id="1137" free="12183664" total="37093376" percent="32">
    <mem type="nursery" free="8367792" total="14942208" percent="56">
      <mem type="allocate" free="8367792" total="10813440" percent="77" />
      <mem type="survivor" free="0" total="4128768" percent="0" />
    </mem>
    <mem type="tenure" free="3815872" total="22151168" percent="17">
      <mem type="soa" free="2707904" total="21043200" percent="12" />
      <mem type="loa" free="1107968" total="1107968" percent="100" />
    </mem>
    <remembered-set count="765" />
  </mem-info>
</gc-end>
<cycle-end id="1138" type="scavenge" contextid="1132" timestamp="2025-12-14T22:18:08.815" />
<allocation-satisfied id="1139" threadId="000000000082D900" bytesRequested="32" />
<af-end id="1140" timestamp="2025-12-14T22:18:08.816" threadId="000000000082E378" success="true" from="nursery"/>
<exclusive-end id="1141" timestamp="2025-12-14T22:18:08.817" durationms="12.588" />

<exclusive-start id="1142" timestamp="2025-12-14T22:18:09.075" intervalms="270.991">
  <response-info timems="0.060" idlems="0.060" threads="0" lastid="000000000082D900" lastname="Default Executor-thread-1" />
</exclusive-start>
<af-start id="1143" threadId="000000000082E378" totalBytesRequested="25528" timestamp="2025-12-14T22:18:09.076" intervalms="271.053" type="nursery" />
<cycle-start id="1144" type="scavenge" contextid="0" timestamp="2025-12-14T22:18:09.077" intervalms="270.896" />
<gc-start id="1145" type="scavenge" contextid="1144" timestamp="2025-12-14T22:18:09.078">
  <mem-info id="1146" free="3814640" total="37093376" percent="10">
    <mem type="nursery" free="0" total="14942208" percent="0">
      <mem type="allocate" free="0" total="10813440" percent="0" />
      <mem type="survivor" free="0" total="4128768" percent="0" />
    </mem>
    <mem type="tenure" free="3814640" total="22151168" percent="17">
      <mem type="soa" free="2706672" total="21043200" percent="12" />
      <mem type="loa" free="1107968" total="1107968" percent="100" />
    </mem>
    <remembered-set count="1100" />
  </mem-info>
</gc-start>
<allocation-stats totalBytes="8333976" discardedBytes="35048" >
  <allocated-bytes non-tlh="388560" tlh="7945416" />
  <largest-consumer threadName="Default Executor-thread-1" threadId="000000000082D900" bytes="8243952" />
</allocation-stats>
<gc-op id="1147" type="scavenge" timems="4.179" contextid="1144" timestamp="2025-12-14T22:18:09.084">
  <scavenger-info tenureage="11" tenuremask="7800" tiltratio="72" />
  <memory-copied type="nursery" objects="45940" bytes="3042600" bytesdiscarded="140152" />
  <ownableSynchronizers candidates="241" cleared="71" />
  <references type="phantom" candidates="254" cleared="0" enqueued="0" />
  <object-monitors candidates="20" cleared="0"  />
</gc-op>
<gc-end id="1148" type="scavenge" contextid="1144" durationms="6.686" usertimems="14.896" systemtimems="0.000" stalltimems="6.244" timestamp="2025-12-14T22:18:09.085" activeThreads="5">
  <mem-info id="1149" free="11048736" total="37093376" percent="29">
    <mem type="nursery" free="7234096" total="14942208" percent="48">
      <mem type="allocate" free="7234096" total="10420224" percent="69" />
      <mem type="survivor" free="0" total="4521984" percent="0" />
    </mem>
    <mem type="tenure" free="3814640" total="22151168" percent="17">
      <mem type="soa" free="2706672" total="21043200" percent="12" />
      <mem type="loa" free="1107968" total="1107968" percent="100" />
    </mem>
    <remembered-set count="932" />
  </mem-info>
</gc-end>
<cycle-end id="1150" type="scavenge" contextid="1144" timestamp="2025-12-14T22:18:09.085" />
<allocation-satisfied id="1151" threadId="000000000082D900" bytesRequested="25528" />
<af-end id="1152" timestamp="2025-12-14T22:18:09.087" threadId="000000000082E378" success="true" from="nursery"/>
<exclusive-end id="1153" timestamp="2025-12-14T22:18:09.087" durationms="12.457" />

<exclusive-start id="1154" timestamp="2025-12-14T22:18:09.245" intervalms="170.140">
  <response-info timems="0.079" idlems="0.079" threads="0" lastid="000000000082D900" lastname="Default Executor-thread-1" />
</exclusive-start>
<af-start id="1155" threadId="000000000082E378" totalBytesRequested="24" timestamp="2025-12-14T22:18:09.246" intervalms="170.046" type="nursery" />
<cycle-start id="1156" type="scavenge" contextid="0" timestamp="2025-12-14T22:18:09.247" intervalms="170.187" />
<gc-start id="1157" type="scavenge" contextid="1156" timestamp="2025-12-14T22:18:09.248">
  <mem-info id="1158" free="3813784" total="37093376" percent="10">
    <mem type="nursery" free="0" total="14942208" percent="0">
      <mem type="allocate" free="0" total="10420224" percent="0" />
      <mem type="survivor" free="0" total="4521984" percent="0" />
    </mem>
    <mem type="tenure" free="3813784" total="22151168" percent="17">
      <mem type="soa" free="2705816" total="21043200" percent="12" />
      <mem type="loa" free="1107968" total="1107968" percent="100" />
    </mem>
    <remembered-set count="1266" />
  </mem-info>
</gc-start>
<allocation-stats totalBytes="7233848" discardedBytes="1104" >
  <allocated-bytes non-tlh="141104" tlh="7092744" />
  <largest-consumer threadName="Default Executor-thread-1" threadId="000000000082D900" bytes="7168384" />
</allocation-stats>
<gc-op id="1159" type="scavenge" timems="4.853" contextid="1156" timestamp="2025-12-14T22:18:09.254">
  <scavenger-info tenureage="3" tenuremask="7808" tiltratio="69" />
  <memory-copied type="nursery" objects="41477" bytes="3170232" bytesdiscarded="296248" />
  <memory-copied type="tenure" objects="18120" bytes="854472" bytesdiscarded="1136" />
  <ownableSynchronizers candidates="305" cleared="78" />
  <references type="weak" candidates="2" cleared="1" enqueued="1" />
  <references type="phantom" candidates="222" cleared="0" enqueued="0" />
  <object-monitors candidates="20" cleared="0"  />
</gc-op>
<gc-end id="1160" type="scavenge" contextid="1156" durationms="7.320" usertimems="10.291" systemtimems="7.528" stalltimems="6.848" timestamp="2025-12-14T22:18:09.255" activeThreads="5">
  <mem-info id="1161" free="10226552" total="37093376" percent="27">
    <mem type="nursery" free="7278440" total="14942208" percent="48">
      <mem type="allocate" free="7278440" total="10747904" percent="67" />
      <mem type="survivor" free="0" total="4194304" percent="0" />
    </mem>
    <mem type="tenure" free="2948112" total="22151168" percent="13">
      <mem type="soa" free="1840144" total="21043200" percent="8" />
      <mem type="loa" free="1107968" total="1107968" percent="100" />
    </mem>
    <pending-finalizers system="0" default="0" reference="1" classloader="0" />
    <remembered-set count="1040" />
  </mem-info>
</gc-end>
<cycle-end id="1162" type="scavenge" contextid="1156" timestamp="2025-12-14T22:18:09.257" />
<allocation-satisfied id="1163" threadId="000000000082D900" bytesRequested="24" />
<af-end id="1164" timestamp="2025-12-14T22:18:09.258" threadId="000000000082E378" success="true" from="nursery"/>
<exclusive-end id="1165" timestamp="2025-12-14T22:18:09.259" durationms="14.269" />

<concurrent-kickoff id="1166" timestamp="2025-12-14T22:18:09.325">
  <kickoff reason="threshold reached" targetBytes="9170904" thresholdFreeBytes="1270182"  remainingFree="1245080" tenureFreeBytes="2948112" nurseryFreeBytes="1245080" />
</concurrent-kickoff>
<exclusive-start id="1167" timestamp="2025-12-14T22:18:09.326" intervalms="81.018">
  <response-info timems="0.063" idlems="0.063" threads="0" lastid="000000000082D900" lastname="Default Executor-thread-1" />
</exclusive-start>
<cycle-start id="1168" type="global" contextid="0" timestamp="2025-12-14T22:18:09.327" intervalms="963.935" />
<concurrent-start id="1169" type="global mark" contextid="1168" timestamp="2025-12-14T22:18:09.327">
</concurrent-start>
<exclusive-end id="1170" timestamp="2025-12-14T22:18:09.328" durationms="1.720" />

<exclusive-start id="1171" timestamp="2025-12-14T22:18:09.379" intervalms="53.122">
  <response-info timems="0.070" idlems="0.070" threads="0" lastid="000000000082D900" lastname="Default Executor-thread-1" />
</exclusive-start>
<af-start id="1172" threadId="000000000082E378" totalBytesRequested="24" timestamp="2025-12-14T22:18:09.380" intervalms="133.963" type="nursery" />
<percolate-collect id="1173" from="nursery" to="global" reason="concurrent mark exhausted" timestamp="2025-12-14T22:18:09.381"/>
<concurrent-end id="1174" type="global mark" contextid="1168" timestamp="2025-12-14T22:18:09.381">
<gc-op id="1175" type="trace" timems="51.822" contextid="1168" timestamp="2025-12-14T22:18:09.381">
  <trace bytesTraced="9905768" workStackOverflowCount="0" />
  <card-cleaning reason="card cleaning threshold reached" bytesTraced="13308" cardsCleaned="49" />
</gc-op>
</concurrent-end>

<gc-start id="1176" type="global" contextid="1168" timestamp="2025-12-14T22:18:09.383">
  <mem-info id="1177" free="2948112" total="37093376" percent="7">
    <mem type="nursery" free="0" total="14942208" percent="0">
      <mem type="allocate" free="0" total="10747904" percent="0" />
      <mem type="survivor" free="0" total="4194304" percent="0" />
    </mem>
    <mem type="tenure" free="2948112" total="22151168" percent="13">
      <mem type="soa" free="1840144" total="21043200" percent="8" />
      <mem type="loa" free="1107968" total="1107968" percent="100" />
    </mem>
    <remembered-set count="1419" />
  </mem-info>
</gc-start>
<allocation-stats totalBytes="7277704" discardedBytes="736" >
  <allocated-bytes non-tlh="208848" tlh="7068856" />
  <largest-consumer threadName="Default Executor-thread-1" threadId="000000000082D900" bytes="7183576" />
</allocation-stats>
<concurrent-halted id="1178" timestamp="2025-12-14T22:18:09.384">
  <halted state="Complete" status="exhausted" />
  <traced bytesTarget="9170904" bytesTotal="9919076" bytesByMutator="3766376" bytesByHelper="6152700" percent="108" />
  <cards cleaned="49" thresholdBytes="500374" />
</concurrent-halted>
<gc-op id="1179" type="rs-scan" timems="4.510" contextid="1168" timestamp="2025-12-14T22:18:09.389">
  <scan objectsFound="61541" bytesTraced="1783596" workStackOverflowCount="0" />
</gc-op>
<gc-op id="1180" type="card-cleaning" timems="1.858" contextid="1168" timestamp="2025-12-14T22:18:09.392">
  <card-cleaning cardsCleaned="34" bytesTraced="22924" workStackOverflowCount="0" />
</gc-op>
<gc-op id="1181" type="mark" timems="11.055" contextid="1168" timestamp="2025-12-14T22:18:09.404">
  <trace-info objectcount="230" scancount="203" scanbytes="4108" />
  <finalization candidates="733" enqueued="0" />
  <ownableSynchronizers candidates="1299" cleared="128" />
  <references type="soft" candidates="4488" cleared="0" enqueued="0" dynamicThreshold="9" maxThreshold="32" />
  <references type="weak" candidates="1312" cleared="0" enqueued="0" />
  <references type="phantom" candidates="351" cleared="0" enqueued="0" />
  <stringconstants candidates="12801" cleared="6"  />
  <object-monitors candidates="20" cleared="0"  />
</gc-op>
<gc-op id="1182" type="sweep" timems="3.930" contextid="1168" timestamp="2025-12-14T22:18:09.408" />
<heap-resize id="1183" type="expand" space="tenure" amount="1966080" count="1" timems="2.222" reason="insufficient free space following gc" timestamp="2025-12-14T22:18:09.411" />
<gc-end id="1184" type="global" contextid="1168" durationms="29.350" usertimems="18.741" systemtimems="43.545" stalltimems="179.505" timestamp="2025-12-14T22:18:09.412" activeThreads="17">
  <mem-info id="1185" free="13107592" total="39059456" percent="33">
    <mem type="nursery" free="5834408" total="14942208" percent="39">
      <mem type="allocate" free="5834408" total="10747904" percent="54" />
      <mem type="survivor" free="0" total="4194304" percent="0" />
    </mem>
    <mem type="tenure" free="7273184" total="24117248" percent="30" micro-fragmented="360031" macro-fragmented="75136">
      <mem type="soa" free="6066912" total="22910976" percent="26" />
      <mem type="loa" free="1206272" total="1206272" percent="100" />
    </mem>
    <remembered-set count="1279" />
  </mem-info>
</gc-end>
<cycle-end id="1186" type="global" contextid="1168" timestamp="2025-12-14T22:18:09.413" />
<allocation-satisfied id="1187" threadId="000000000082D900" bytesRequested="24" />
<af-end id="1188" timestamp="2025-12-14T22:18:09.414" threadId="000000000082E378" success="true" from="nursery"/>
<exclusive-end id="1189" timestamp="2025-12-14T22:18:09.415" durationms="35.766" />

<exclusive-start id="1190" timestamp="2025-12-14T22:18:09.445" intervalms="65.274">
  <response-info timems="0.064" idlems="0.064" threads="0" lastid="000000000082D900" lastname="Default Executor-thread-1" />
</exclusive-start>
<af-start id="1191" threadId="000000000082E378" totalBytesRequested="108632" timestamp="2025-12-14T22:18:09.446" intervalms="65.498" type="nursery" />
<cycle-start id="1192" type="scavenge" contextid="0" timestamp="2025-12-14T22:18:09.446" intervalms="199.362" />
<gc-start id="1193" type="scavenge" contextid="1192" timestamp="2025-12-14T22:18:09.447">
  <mem-info id="1194" free="9180496" total="39059456" percent="23">
    <mem type="nursery" free="1907432" total="14942208" percent="12">
      <mem type="allocate" free="1907432" total="10747904" percent="17" />
      <mem type="survivor" free="0" total="4194304" percent="0" />
    </mem>
    <mem type="tenure" free="7273064" total="24117248" percent="30">
      <mem type="soa" free="6066792" total="22910976" percent="26" />
      <mem type="loa" free="1206272" total="1206272" percent="100" />
    </mem>
    <remembered-set count="1430" />
  </mem-info>
</gc-start>
<allocation-stats totalBytes="3854856" discardedBytes="68632" >
  <allocated-bytes non-tlh="815296" tlh="3039560" />
  <largest-consumer threadName="Default Executor-thread-1" threadId="000000000082D900" bytes="3824680" />
</allocation-stats>
<gc-op id="1195" type="scavenge" timems="5.720" contextid="1192" timestamp="2025-12-14T22:18:09.455">
  <scavenger-info tenureage="2" tenuremask="780c" tiltratio="71" />
  <memory-copied type="nursery" objects="41029" bytes="3135472" bytesdiscarded="270592" />
  <memory-copied type="tenure" objects="26671" bytes="1214552" bytesdiscarded="5968" />
  <ownableSynchronizers candidates="2177" cleared="1914" />
  <references type="weak" candidates="1" cleared="0" enqueued="0" />
  <references type="phantom" candidates="247" cleared="0" enqueued="0" />
  <object-monitors candidates="20" cleared="0"  />
</gc-op>
<gc-end id="1196" type="scavenge" contextid="1192" durationms="8.541" usertimems="17.799" systemtimems="0.000" stalltimems="6.190" timestamp="2025-12-14T22:18:09.456" activeThreads="5">
  <mem-info id="1197" free="13526752" total="39059456" percent="34">
    <mem type="nursery" free="7535152" total="14942208" percent="50">
      <mem type="allocate" free="7535152" total="10944512" percent="68" />
      <mem type="survivor" free="0" total="3997696" percent="0" />
    </mem>
    <mem type="tenure" free="5991600" total="24117248" percent="24" macro-fragmented="2592282">
      <mem type="soa" free="4785328" total="22910976" percent="20" />
      <mem type="loa" free="1206272" total="1206272" percent="100" />
    </mem>
    <remembered-set count="1052" />
  </mem-info>
</gc-end>
<cycle-end id="1198" type="scavenge" contextid="1192" timestamp="2025-12-14T22:18:09.457" />
<allocation-satisfied id="1199" threadId="000000000082D900" bytesRequested="108632" />
<af-end id="1200" timestamp="2025-12-14T22:18:09.458" threadId="000000000082E378" success="true" from="nursery"/>
<exclusive-end id="1201" timestamp="2025-12-14T22:18:09.459" durationms="14.508" />

<exclusive-start id="1202" timestamp="2025-12-14T22:18:09.523" intervalms="78.051">
  <response-info timems="0.061" idlems="0.061" threads="0" lastid="000000000082D900" lastname="Default Executor-thread-1" />
</exclusive-start>
<af-start id="1203" threadId="000000000082E378" totalBytesRequested="80" timestamp="2025-12-14T22:18:09.524" intervalms="77.974" type="nursery" />
<cycle-start id="1204" type="scavenge" contextid="0" timestamp="2025-12-14T22:18:09.524" intervalms="77.809" />
<gc-start id="1205" type="scavenge" contextid="1204" timestamp="2025-12-14T22:18:09.526">
  <mem-info id="1206" free="5991456" total="39059456" percent="15">
    <mem type="nursery" free="0" total="14942208" percent="0">
      <mem type="allocate" free="0" total="10944512" percent="0" />
      <mem type="survivor" free="0" total="3997696" percent="0" />
    </mem>
    <mem type="tenure" free="5991456" total="24117248" percent="24">
      <mem type="soa" free="4785184" total="22910976" percent="20" />
      <mem type="loa" free="1206272" total="1206272" percent="100" />
    </mem>
    <remembered-set count="1485" />
  </mem-info>
</gc-start>
<allocation-stats totalBytes="7534568" discardedBytes="728" >
  <allocated-bytes non-tlh="108776" tlh="7425792" />
  <largest-consumer threadName="Default Executor-thread-1" threadId="000000000082D900" bytes="7456824" />
</allocation-stats>
<gc-op id="1207" type="scavenge" timems="4.536" contextid="1204" timestamp="2025-12-14T22:18:09.532">
  <scavenger-info tenureage="2" tenuremask="7804" tiltratio="73" />
  <memory-copied type="nursery" objects="44012" bytes="3093224" bytesdiscarded="193400" />
  <memory-copied type="tenure" objects="13498" bytes="801920" bytesdiscarded="1544" />
  <ownableSynchronizers candidates="326" cleared="96" />
  <references type="weak" candidates="2" cleared="0" enqueued="0" />
  <references type="phantom" candidates="264" cleared="0" enqueued="0" />
  <object-monitors candidates="20" cleared="0"  />
</gc-op>
<heap-resize id="1208" type="expand" space="nursery" amount="786432" count="1" timems="0.069" reason="excessive time being spent scavenging" timestamp="2025-12-14T22:18:09.533" />
<gc-end id="1209" type="scavenge" contextid="1204" durationms="8.090" usertimems="15.697" systemtimems="0.000" stalltimems="7.008" timestamp="2025-12-14T22:18:09.534" activeThreads="5">
  <mem-info id="1210" free="13305840" total="39845888" percent="33">
    <mem type="nursery" free="8178672" total="15728640" percent="51">
      <mem type="allocate" free="8178672" total="11468800" percent="71" />
      <mem type="survivor" free="0" total="4259840" percent="0" />
    </mem>
    <mem type="tenure" free="5127168" total="24117248" percent="21" macro-fragmented="0">
      <mem type="soa" free="3920896" total="22910976" percent="17" />
      <mem type="loa" free="1206272" total="1206272" percent="100" />
    </mem>
    <remembered-set count="1116" />
  </mem-info>
</gc-end>
<cycle-end id="1211" type="scavenge" contextid="1204" timestamp="2025-12-14T22:18:09.535" />
<allocation-satisfied id="1212" threadId="000000000082D900" bytesRequested="80" />
<af-end id="1213" timestamp="2025-12-14T22:18:09.536" threadId="000000000082E378" success="true" from="nursery"/>
<exclusive-end id="1214" timestamp="2025-12-14T22:18:09.537" durationms="14.690" />

<exclusive-start id="1215" timestamp="2025-12-14T22:18:09.699" intervalms="176.852">
  <response-info timems="0.093" idlems="0.093" threads="0" lastid="000000000082D900" lastname="Default Executor-thread-1" />
</exclusive-start>
<af-start id="1216" threadId="000000000082E378" totalBytesRequested="1040" timestamp="2025-12-14T22:18:09.701" intervalms="177.109" type="nursery" />
<cycle-start id="1217" type="scavenge" contextid="0" timestamp="2025-12-14T22:18:09.702" intervalms="177.388" />
<gc-start id="1218" type="scavenge" contextid="1217" timestamp="2025-12-14T22:18:09.703">
  <mem-info id="1219" free="5124880" total="39845888" percent="12">
    <mem type="nursery" free="0" total="15728640" percent="0">
      <mem type="allocate" free="0" total="11468800" percent="0" />
      <mem type="survivor" free="0" total="4259840" percent="0" />
    </mem>
    <mem type="tenure" free="5124880" total="24117248" percent="21">
      <mem type="soa" free="3918608" total="22910976" percent="17" />
      <mem type="loa" free="1206272" total="1206272" percent="100" />
    </mem>
    <remembered-set count="2314" />
  </mem-info>
</gc-start>
<allocation-stats totalBytes="8178144" discardedBytes="2816" >
  <allocated-bytes non-tlh="2368" tlh="8175776" />
  <largest-consumer threadName="Default Executor-thread-1" threadId="000000000082D900" bytes="8124808" />
</allocation-stats>
<gc-op id="1220" type="scavenge" timems="6.782" contextid="1217" timestamp="2025-12-14T22:18:09.711">
  <scavenger-info tenureage="2" tenuremask="7804" tiltratio="72" />
  <memory-copied type="nursery" objects="26237" bytes="1683368" bytesdiscarded="180072" />
  <memory-copied type="tenure" objects="27062" bytes="1801968" bytesdiscarded="1360" />
  <finalization candidates="8" enqueued="8" />
  <ownableSynchronizers candidates="208" cleared="18" />
  <references type="soft" candidates="8" cleared="0" enqueued="0" dynamicThreshold="9" maxThreshold="32" />
  <references type="weak" candidates="24" cleared="16" enqueued="16" />
  <references type="phantom" candidates="121" cleared="4" enqueued="4" />
  <object-monitors candidates="20" cleared="0"  />
</gc-op>
<gc-end id="1221" type="scavenge" contextid="1217" durationms="9.539" usertimems="31.592" systemtimems="0.000" stalltimems="12.937" timestamp="2025-12-14T22:18:09.712" activeThreads="5">
  <mem-info id="1222" free="12944512" total="39845888" percent="32">
    <mem type="nursery" free="9865304" total="15728640" percent="62">
      <mem type="allocate" free="9865304" total="11730944" percent="84" />
      <mem type="survivor" free="0" total="3997696" percent="0" />
    </mem>
    <mem type="tenure" free="3079208" total="24117248" percent="12" macro-fragmented="1973594">
      <mem type="soa" free="1872936" total="22910976" percent="8" />
      <mem type="loa" free="1206272" total="1206272" percent="100" />
    </mem>
    <pending-finalizers system="8" default="0" reference="20" classloader="0" />
    <remembered-set count="943" />
  </mem-info>
</gc-end>
<cycle-end id="1223" type="scavenge" contextid="1217" timestamp="2025-12-14T22:18:09.713" />
<allocation-satisfied id="1224" threadId="000000000082D900" bytesRequested="1040" />
<af-end id="1225" timestamp="2025-12-14T22:18:09.715" threadId="000000000082E378" success="true" from="nursery"/>
<exclusive-end id="1226" timestamp="2025-12-14T22:18:09.716" durationms="16.478" />

<concurrent-kickoff id="1227" timestamp="2025-12-14T22:18:09.869">
  <kickoff reason="threshold reached" targetBytes="10156433" thresholdFreeBytes="1406824"  remainingFree="1131592" tenureFreeBytes="3078280" nurseryFreeBytes="1131592" />
</concurrent-kickoff>
<exclusive-start id="1228" timestamp="2025-12-14T22:18:09.870" intervalms="170.651">
  <response-info timems="0.066" idlems="0.066" threads="0" lastid="000000000082D900" lastname="Default Executor-thread-1" />
</exclusive-start>
<cycle-start id="1229" type="global" contextid="0" timestamp="2025-12-14T22:18:09.872" intervalms="545.568" />
<concurrent-start id="1230" type="global mark" contextid="1229" timestamp="2025-12-14T22:18:09.873">
</concurrent-start>
<exclusive-end id="1231" timestamp="2025-12-14T22:18:09.874" durationms="3.706" />

<exclusive-start id="1232" timestamp="2025-12-14T22:18:09.901" intervalms="30.895">
  <response-info timems="0.110" idlems="0.110" threads="0" lastid="000000000082D900" lastname="Default Executor-thread-1" />
</exclusive-start>
<af-start id="1233" threadId="000000000082E378" totalBytesRequested="72" timestamp="2025-12-14T22:18:09.902" intervalms="201.348" type="nursery" />
<cycle-start id="1234" type="scavenge" contextid="0" timestamp="2025-12-14T22:18:09.903" intervalms="201.275" />
<gc-start id="1235" type="scavenge" contextid="1234" timestamp="2025-12-14T22:18:09.904">
  <mem-info id="1236" free="3078280" total="39845888" percent="7">
    <mem type="nursery" free="0" total="15728640" percent="0">
      <mem type="allocate" free="0" total="11730944" percent="0" />
      <mem type="survivor" free="0" total="3997696" percent="0" />
    </mem>
    <mem type="tenure" free="3078280" total="24117248" percent="12">
      <mem type="soa" free="1872008" total="22910976" percent="8" />
      <mem type="loa" free="1206272" total="1206272" percent="100" />
    </mem>
    <remembered-set count="1565" />
  </mem-info>
</gc-start>
<allocation-stats totalBytes="9863632" discardedBytes="2600" >
  <allocated-bytes non-tlh="1968" tlh="9861664" />
  <largest-consumer threadName="Default Executor-thread-1" threadId="000000000082D900" bytes="9863632" />
</allocation-stats>
<gc-op id="1237" type="scavenge" timems="4.018" contextid="1234" timestamp="2025-12-14T22:18:09.909">
  <scavenger-info tenureage="2" tenuremask="7804" tiltratio="74" />
  <memory-copied type="nursery" objects="13647" bytes="513336" bytesdiscarded="137464" />
  <memory-copied type="tenure" objects="16914" bytes="1278696" bytesdiscarded="1544" />
  <ownableSynchronizers candidates="79" cleared="0" />
  <references type="soft" candidates="8" cleared="0" enqueued="0" dynamicThreshold="9" maxThreshold="32" />
  <references type="weak" candidates="11" cleared="3" enqueued="3" />
  <references type="phantom" candidates="20" cleared="0" enqueued="0" />
  <object-monitors candidates="20" cleared="0"  />
</gc-op>
<gc-end id="1238" type="scavenge" contextid="1234" durationms="6.550" usertimems="7.716" systemtimems="5.224" stalltimems="7.051" timestamp="2025-12-14T22:18:09.910" activeThreads="5">
  <mem-info id="1239" free="13229192" total="39845888" percent="33">
    <mem type="nursery" free="11472800" total="15728640" percent="72">
      <mem type="allocate" free="11472800" total="12124160" percent="94" />
      <mem type="survivor" free="0" total="3604480" percent="0" />
    </mem>
    <mem type="tenure" free="1756392" total="24117248" percent="7" macro-fragmented="0">
      <mem type="soa" free="550120" total="22910976" percent="2" />
      <mem type="loa" free="1206272" total="1206272" percent="100" />
    </mem>
    <pending-finalizers system="0" default="0" reference="3" classloader="0" />
    <remembered-set count="736" />
  </mem-info>
</gc-end>
<cycle-end id="1240" type="scavenge" contextid="1234" timestamp="2025-12-14T22:18:09.911" />
<allocation-satisfied id="1241" threadId="000000000082D900" bytesRequested="72" />
<af-end id="1242" timestamp="2025-12-14T22:18:09.913" threadId="000000000082E378" success="true" from="nursery"/>
<exclusive-end id="1243" timestamp="2025-12-14T22:18:09.913" durationms="12.362" />

<concurrent-end id="1244" type="global mark" contextid="1229" timestamp="2025-12-14T22:18:09.939">
<gc-op id="1245" type="trace" timems="66.181" contextid="1229" timestamp="2025-12-14T22:18:09.939">
  <trace bytesTraced="12213428" workStackOverflowCount="0" />
  <card-cleaning reason="card cleaning threshold reached" bytesTraced="55412" cardsCleaned="142" />
</gc-op>
</concurrent-end>

<exclusive-start id="1246" timestamp="2025-12-14T22:18:09.941" intervalms="40.235">
  <response-info timems="0.070" idlems="0.070" threads="0" lastid="000000000082D900" lastname="Default Executor-thread-1" />
</exclusive-start>
<concurrent-global-final id="1247" timestamp="2025-12-14T22:18:09.942" contextid="1229" intervalms="1514.783" >
  <concurrent-trace-info reason="card cleaning threshold reached" tracedByMutators="3819344" tracedByHelpers="8449496" cardsCleaned="142" workStackOverflowCount="0" />
</concurrent-global-final>
<gc-start id="1248" type="global" contextid="1229" timestamp="2025-12-14T22:18:09.943">
  <mem-info id="1249" free="12024896" total="39845888" percent="30">
    <mem type="nursery" free="10268504" total="15728640" percent="65">
      <mem type="allocate" free="10268504" total="12124160" percent="84" />
      <mem type="survivor" free="0" total="3604480" percent="0" />
    </mem>
    <mem type="tenure" free="1756392" total="24117248" percent="7">
      <mem type="soa" free="550120" total="22910976" percent="2" />
      <mem type="loa" free="1206272" total="1206272" percent="100" />
    </mem>
    <remembered-set count="739" />
  </mem-info>
</gc-start>
<allocation-stats totalBytes="1203752" discardedBytes="544" >
  <allocated-bytes non-tlh="72" tlh="1203680" />
  <largest-consumer threadName="Default Executor-thread-1" threadId="000000000082D900" bytes="1203752" />
</allocation-stats>
<gc-op id="1250" type="rs-scan" timems="6.317" contextid="1229" timestamp="2025-12-14T22:18:09.951">
  <scan objectsFound="12195" bytesTraced="469176" workStackOverflowCount="0" />
</gc-op>
<gc-op id="1251" type="card-cleaning" timems="2.413" contextid="1229" timestamp="2025-12-14T22:18:09.954">
  <card-cleaning cardsCleaned="3" bytesTraced="1528" workStackOverflowCount="0" />
</gc-op>
<gc-op id="1252" type="mark" timems="11.834" contextid="1229" timestamp="2025-12-14T22:18:09.967">
  <trace-info objectcount="3300" scancount="3264" scanbytes="131984" />
  <finalization candidates="733" enqueued="0" />
  <ownableSynchronizers candidates="1277" cleared="2" />
  <references type="soft" candidates="4496" cleared="0" enqueued="0" dynamicThreshold="9" maxThreshold="32" />
  <references type="weak" candidates="1318" cleared="0" enqueued="0" />
  <references type="phantom" candidates="348" cleared="0" enqueued="0" />
  <stringconstants candidates="12812" cleared="1"  />
  <object-monitors candidates="20" cleared="1"  />
</gc-op>
<gc-op id="1253" type="sweep" timems="5.405" contextid="1229" timestamp="2025-12-14T22:18:09.973" />
<heap-resize id="1254" type="expand" space="tenure" amount="6619136" count="1" timems="0.490" reason="insufficient free space following gc" timestamp="2025-12-14T22:18:09.974" />
<gc-end id="1255" type="global" contextid="1229" durationms="31.848" usertimems="58.906" systemtimems="36.350" stalltimems="257.320" timestamp="2025-12-14T22:18:09.975" activeThreads="19">
  <mem-info id="1256" free="20651032" total="46465024" percent="44">
    <mem type="nursery" free="11414360" total="15728640" percent="72">
      <mem type="allocate" free="11414360" total="12124160" percent="94" />
      <mem type="survivor" free="0" total="3604480" percent="0" />
    </mem>
    <mem type="tenure" free="9236672" total="30736384" percent="30" micro-fragmented="454689" macro-fragmented="0">
      <mem type="soa" free="7699648" total="29199360" percent="26" />
      <mem type="loa" free="1537024" total="1537024" percent="100" />
    </mem>
    <remembered-set count="719" />
  </mem-info>
</gc-end>
<cycle-end id="1257" type="global" contextid="1229" timestamp="2025-12-14T22:18:09.975" />
<exclusive-end id="1258" timestamp="2025-12-14T22:18:09.976" durationms="34.881" />

<exclusive-start id="1259" timestamp="2025-12-14T22:18:10.120" intervalms="178.426">
  <response-info timems="0.063" idlems="0.063" threads="0" lastid="000000000082D900" lastname="Default Executor-thread-1" />
</exclusive-start>
<af-start id="1260" threadId="000000000082E378" totalBytesRequested="16" timestamp="2025-12-14T22:18:10.121" intervalms="218.606" type="nursery" />
<cycle-start id="1261" type="scavenge" contextid="0" timestamp="2025-12-14T22:18:10.121" intervalms="218.380" />
<gc-start id="1262" type="scavenge" contextid="1261" timestamp="2025-12-14T22:18:10.122">
  <mem-info id="1263" free="9236672" total="46465024" percent="19">
    <mem type="nursery" free="0" total="15728640" percent="0">
      <mem type="allocate" free="0" total="12124160" percent="0" />
      <mem type="survivor" free="0" total="3604480" percent="0" />
    </mem>
    <mem type="tenure" free="9236672" total="30736384" percent="30">
      <mem type="soa" free="7699648" total="29199360" percent="26" />
      <mem type="loa" free="1537024" total="1537024" percent="100" />
    </mem>
    <remembered-set count="1265" />
  </mem-info>
</gc-start>
<allocation-stats totalBytes="11409880" discardedBytes="4112" >
  <allocated-bytes non-tlh="28752" tlh="11381128" />
  <largest-consumer threadName="Default Executor-thread-1" threadId="000000000082D900" bytes="11389400" />
</allocation-stats>
<gc-op id="1264" type="scavenge" timems="3.358" contextid="1261" timestamp="2025-12-14T22:18:10.127">
  <scavenger-info tenureage="12" tenuremask="7000" tiltratio="77" />
  <memory-copied type="nursery" objects="22661" bytes="1201408" bytesdiscarded="47640" />
  <ownableSynchronizers candidates="2537" cleared="2522" />
  <references type="soft" candidates="8" cleared="0" enqueued="0" dynamicThreshold="9" maxThreshold="32" />
  <references type="weak" candidates="8" cleared="0" enqueued="0" />
  <references type="phantom" candidates="20" cleared="0" enqueued="0" />
  <object-monitors candidates="19" cleared="0"  />
</gc-op>
<gc-end id="1265" type="scavenge" contextid="1261" durationms="5.811" usertimems="9.234" systemtimems="0.000" stalltimems="7.860" timestamp="2025-12-14T22:18:10.128" activeThreads="5">
  <mem-info id="1266" free="20373368" total="46465024" percent="43">
    <mem type="nursery" free="11136696" total="15728640" percent="70">
      <mem type="allocate" free="11136696" total="12386304" percent="89" />
      <mem type="survivor" free="0" total="3342336" percent="0" />
    </mem>
    <mem type="tenure" free="9236672" total="30736384" percent="30" macro-fragmented="6450429">
      <mem type="soa" free="7699648" total="29199360" percent="26" />
      <mem type="loa" free="1537024" total="1537024" percent="100" />
    </mem>
    <remembered-set count="889" />
  </mem-info>
</gc-end>
<cycle-end id="1267" type="scavenge" contextid="1261" timestamp="2025-12-14T22:18:10.129" />
<allocation-satisfied id="1268" threadId="000000000082D900" bytesRequested="16" />
<af-end id="1269" timestamp="2025-12-14T22:18:10.130" threadId="000000000082E378" success="true" from="nursery"/>
<exclusive-end id="1270" timestamp="2025-12-14T22:18:10.130" durationms="10.770" />

<exclusive-start id="1271" timestamp="2025-12-14T22:18:10.265" intervalms="145.735">
  <response-info timems="0.063" idlems="0.063" threads="0" lastid="000000000082D900" lastname="Default Executor-thread-1" />
</exclusive-start>
<af-start id="1272" threadId="000000000082E378" totalBytesRequested="24" timestamp="2025-12-14T22:18:10.266" intervalms="145.807" type="nursery" />
<cycle-start id="1273" type="scavenge" contextid="0" timestamp="2025-12-14T22:18:10.267" intervalms="145.991" />
<gc-start id="1274" type="scavenge" contextid="1273" timestamp="2025-12-14T22:18:10.268">
  <mem-info id="1275" free="9236672" total="46465024" percent="19">
    <mem type="nursery" free="0" total="15728640" percent="0">
      <mem type="allocate" free="0" total="12386304" percent="0" />
      <mem type="survivor" free="0" total="3342336" percent="0" />
    </mem>
    <mem type="tenure" free="9236672" total="30736384" percent="30">
      <mem type="soa" free="7699648" total="29199360" percent="26" />
      <mem type="loa" free="1537024" total="1537024" percent="100" />
    </mem>
    <remembered-set count="1596" />
  </mem-info>
</gc-start>
<allocation-stats totalBytes="11133560" discardedBytes="3136" >
  <allocated-bytes non-tlh="16" tlh="11133544" />
  <largest-consumer threadName="Default Executor-thread-1" threadId="000000000082D900" bytes="11133560" />
</allocation-stats>
<gc-op id="1276" type="scavenge" timems="5.122" contextid="1273" timestamp="2025-12-14T22:18:10.275">
  <scavenger-info tenureage="13" tenuremask="6000" tiltratio="78" />
  <memory-copied type="nursery" objects="50438" bytes="2416232" bytesdiscarded="79696" />
  <ownableSynchronizers candidates="15" cleared="0" />
  <references type="soft" candidates="8" cleared="0" enqueued="0" dynamicThreshold="9" maxThreshold="32" />
  <references type="weak" candidates="8" cleared="0" enqueued="0" />
  <references type="phantom" candidates="20" cleared="0" enqueued="0" />
  <object-monitors candidates="19" cleared="0"  />
</gc-op>
<gc-end id="1277" type="scavenge" contextid="1273" durationms="7.880" usertimems="19.470" systemtimems="3.078" stalltimems="7.176" timestamp="2025-12-14T22:18:10.276" activeThreads="4">
  <mem-info id="1278" free="18143440" total="46465024" percent="39">
    <mem type="nursery" free="8906768" total="15728640" percent="56">
      <mem type="allocate" free="8906768" total="11403264" percent="78" />
      <mem type="survivor" free="0" total="4325376" percent="0" />
    </mem>
    <mem type="tenure" free="9236672" total="30736384" percent="30" macro-fragmented="6450429">
      <mem type="soa" free="7699648" total="29199360" percent="26" />
      <mem type="loa" free="1537024" total="1537024" percent="100" />
    </mem>
    <remembered-set count="1215" />
  </mem-info>
</gc-end>
<cycle-end id="1279" type="scavenge" contextid="1273" timestamp="2025-12-14T22:18:10.277" />
<allocation-satisfied id="1280" threadId="000000000082D900" bytesRequested="24" />
<af-end id="1281" timestamp="2025-12-14T22:18:10.279" threadId="000000000082E378" success="true" from="nursery"/>
<exclusive-end id="1282" timestamp="2025-12-14T22:18:10.279" durationms="13.995" />

<exclusive-start id="1283" timestamp="2025-12-14T22:18:10.340" intervalms="74.794">
  <response-info timems="0.071" idlems="0.071" threads="0" lastid="000000000082D900" lastname="Default Executor-thread-1" />
</exclusive-start>
<af-start id="1284" threadId="000000000082E378" totalBytesRequested="24" timestamp="2025-12-14T22:18:10.341" intervalms="74.741" type="nursery" />
<cycle-start id="1285" type="scavenge" contextid="0" timestamp="2025-12-14T22:18:10.342" intervalms="74.629" />
<gc-start id="1286" type="scavenge" contextid="1285" timestamp="2025-12-14T22:18:10.343">
  <mem-info id="1287" free="9236672" total="46465024" percent="19">
    <mem type="nursery" free="0" total="15728640" percent="0">
      <mem type="allocate" free="0" total="11403264" percent="0" />
      <mem type="survivor" free="0" total="4325376" percent="0" />
    </mem>
    <mem type="tenure" free="9236672" total="30736384" percent="30">
      <mem type="soa" free="7699648" total="29199360" percent="26" />
      <mem type="loa" free="1537024" total="1537024" percent="100" />
    </mem>
    <remembered-set count="1489" />
  </mem-info>
</gc-start>
<allocation-stats totalBytes="8905392" discardedBytes="1376" >
  <allocated-bytes non-tlh="24" tlh="8905368" />
  <largest-consumer threadName="Default Executor-thread-1" threadId="000000000082D900" bytes="8905392" />
</allocation-stats>
<gc-op id="1288" type="scavenge" timems="4.881" contextid="1285" timestamp="2025-12-14T22:18:10.349">
  <scavenger-info tenureage="13" tenuremask="6000" tiltratio="72" />
  <memory-copied type="nursery" objects="47649" bytes="2272424" bytesdiscarded="48104" />
  <ownableSynchronizers candidates="15" cleared="0" />
  <references type="soft" candidates="8" cleared="0" enqueued="0" dynamicThreshold="9" maxThreshold="32" />
  <references type="weak" candidates="8" cleared="0" enqueued="0" />
  <references type="phantom" candidates="20" cleared="0" enqueued="0" />
  <object-monitors candidates="19" cleared="0"  />
</gc-op>
<heap-resize id="1289" type="expand" space="nursery" amount="917504" count="1" timems="0.067" reason="excessive time being spent scavenging" timestamp="2025-12-14T22:18:10.350" />
<gc-end id="1290" type="scavenge" contextid="1285" durationms="8.323" usertimems="12.132" systemtimems="2.943" stalltimems="5.330" timestamp="2025-12-14T22:18:10.351" activeThreads="4">
  <mem-info id="1291" free="19236352" total="47382528" percent="40">
    <mem type="nursery" free="9999680" total="16646144" percent="60">
      <mem type="allocate" free="9999680" total="12320768" percent="81" />
      <mem type="survivor" free="0" total="4325376" percent="0" />
    </mem>
    <mem type="tenure" free="9236672" total="30736384" percent="30" macro-fragmented="4479464">
      <mem type="soa" free="7699648" total="29199360" percent="26" />
      <mem type="loa" free="1537024" total="1537024" percent="100" />
    </mem>
    <remembered-set count="1307" />
  </mem-info>
</gc-end>
<cycle-end id="1292" type="scavenge" contextid="1285" timestamp="2025-12-14T22:18:10.352" />
<allocation-satisfied id="1293" threadId="000000000082D900" bytesRequested="24" />
<af-end id="1294" timestamp="2025-12-14T22:18:10.354" threadId="000000000082E378" success="true" from="nursery"/>
<exclusive-end id="1295" timestamp="2025-12-14T22:18:10.355" durationms="14.689" />

<exclusive-start id="1296" timestamp="2025-12-14T22:18:10.423" intervalms="82.874">
  <response-info timems="0.076" idlems="0.076" threads="0" lastid="000000000082D900" lastname="Default Executor-thread-1" />
</exclusive-start>
<af-start id="1297" threadId="000000000082E378" totalBytesRequested="72" timestamp="2025-12-14T22:18:10.424" intervalms="82.902" type="nursery" />
<cycle-start id="1298" type="scavenge" contextid="0" timestamp="2025-12-14T22:18:10.425" intervalms="82.928" />
<gc-start id="1299" type="scavenge" contextid="1298" timestamp="2025-12-14T22:18:10.426">
  <mem-info id="1300" free="9236672" total="47382528" percent="19">
    <mem type="nursery" free="0" total="16646144" percent="0">
      <mem type="allocate" free="0" total="12320768" percent="0" />
      <mem type="survivor" free="0" total="4325376" percent="0" />
    </mem>
    <mem type="tenure" free="9236672" total="30736384" percent="30">
      <mem type="soa" free="7699648" total="29199360" percent="26" />
      <mem type="loa" free="1537024" total="1537024" percent="100" />
    </mem>
    <remembered-set count="1598" />
  </mem-info>
</gc-start>
<allocation-stats totalBytes="9995688" discardedBytes="3992" >
  <allocated-bytes non-tlh="24" tlh="9995664" />
  <largest-consumer threadName="Default Executor-thread-1" threadId="000000000082D900" bytes="9995688" />
</allocation-stats>
<gc-op id="1301" type="scavenge" timems="2.687" contextid="1298" timestamp="2025-12-14T22:18:10.430">
  <scavenger-info tenureage="5" tenuremask="6020" tiltratio="74" />
  <memory-copied type="nursery" objects="26792" bytes="1056936" bytesdiscarded="43680" />
  <memory-copied type="tenure" objects="7490" bytes="331024" bytesdiscarded="312" />
  <ownableSynchronizers candidates="15" cleared="0" />
  <object-monitors candidates="19" cleared="0"  />
</gc-op>
<gc-end id="1302" type="scavenge" contextid="1298" durationms="5.487" usertimems="12.249" systemtimems="2.999" stalltimems="1.850" timestamp="2025-12-14T22:18:10.431" activeThreads="4">
  <mem-info id="1303" free="20565032" total="47382528" percent="43">
    <mem type="nursery" free="11744440" total="16646144" percent="70">
      <mem type="allocate" free="11744440" total="12845056" percent="91" />
      <mem type="survivor" free="0" total="3801088" percent="0" />
    </mem>
    <mem type="tenure" free="8820592" total="30736384" percent="28" macro-fragmented="5375358">
      <mem type="soa" free="7283568" total="29199360" percent="24" />
      <mem type="loa" free="1537024" total="1537024" percent="100" />
    </mem>
    <remembered-set count="1183" />
  </mem-info>
</gc-end>
<cycle-end id="1304" type="scavenge" contextid="1298" timestamp="2025-12-14T22:18:10.432" />
<allocation-satisfied id="1305" threadId="000000000082D900" bytesRequested="72" />
<af-end id="1306" timestamp="2025-12-14T22:18:10.434" threadId="000000000082E378" success="true" from="nursery"/>
<exclusive-end id="1307" timestamp="2025-12-14T22:18:10.434" durationms="11.372" />

<exclusive-start id="1308" timestamp="2025-12-14T22:18:10.497" intervalms="74.323">
  <response-info timems="0.066" idlems="0.066" threads="0" lastid="000000000082D900" lastname="Default Executor-thread-1" />
</exclusive-start>
<af-start id="1309" threadId="000000000082E378" totalBytesRequested="48" timestamp="2025-12-14T22:18:10.498" intervalms="74.206" type="nursery" />
<cycle-start id="1310" type="scavenge" contextid="0" timestamp="2025-12-14T22:18:10.499" intervalms="74.262" />
<gc-start id="1311" type="scavenge" contextid="1310" timestamp="2025-12-14T22:18:10.500">
  <mem-info id="1312" free="8820480" total="47382528" percent="18">
    <mem type="nursery" free="0" total="16646144" percent="0">
      <mem type="allocate" free="0" total="12845056" percent="0" />
      <mem type="survivor" free="0" total="3801088" percent="0" />
    </mem>
    <mem type="tenure" free="8820480" total="30736384" percent="28">
      <mem type="soa" free="7283456" total="29199360" percent="24" />
      <mem type="loa" free="1537024" total="1537024" percent="100" />
    </mem>
    <remembered-set count="1452" />
  </mem-info>
</gc-start>
<allocation-stats totalBytes="11741712" discardedBytes="2840" >
  <allocated-bytes non-tlh="184" tlh="11741528" />
  <largest-consumer threadName="Default Executor-thread-1" threadId="000000000082D900" bytes="11737616" />
</allocation-stats>
<gc-op id="1313" type="scavenge" timems="3.989" contextid="1310" timestamp="2025-12-14T22:18:10.505">
  <scavenger-info tenureage="14" tenuremask="4000" tiltratio="77" />
  <memory-copied type="nursery" objects="35059" bytes="1576088" bytesdiscarded="48912" />
  <finalization candidates="1" enqueued="1" />
  <ownableSynchronizers candidates="2" cleared="0" />
  <object-monitors candidates="19" cleared="0"  />
</gc-op>
<heap-resize id="1314" type="expand" space="nursery" amount="917504" count="1" timems="0.076" reason="excessive time being spent scavenging" timestamp="2025-12-14T22:18:10.506" />
<gc-end id="1315" type="scavenge" contextid="1310" durationms="7.296" usertimems="13.666" systemtimems="1.400" stalltimems="6.890" timestamp="2025-12-14T22:18:10.507" activeThreads="4">
  <mem-info id="1316" free="21023576" total="48300032" percent="43">
    <mem type="nursery" free="12203096" total="17563648" percent="69">
      <mem type="allocate" free="12203096" total="13828096" percent="88" />
      <mem type="survivor" free="0" total="3735552" percent="0" />
    </mem>
    <mem type="tenure" free="8820480" total="30736384" percent="28" macro-fragmented="6450429">
      <mem type="soa" free="7283456" total="29199360" percent="24" />
      <mem type="loa" free="1537024" total="1537024" percent="100" />
    </mem>
    <pending-finalizers system="1" default="0" reference="0" classloader="0" />
    <remembered-set count="1258" />
  </mem-info>
</gc-end>
<cycle-end id="1317" type="scavenge" contextid="1310" timestamp="2025-12-14T22:18:10.508" />
<allocation-satisfied id="1318" threadId="000000000082D900" bytesRequested="48" />
<af-end id="1319" timestamp="2025-12-14T22:18:10.509" threadId="000000000082E378" success="true" from="nursery"/>
<exclusive-end id="1320" timestamp="2025-12-14T22:18:10.510" durationms="12.717" />

<exclusive-start id="1321" timestamp="2025-12-14T22:18:10.577" intervalms="79.406">
  <response-info timems="0.107" idlems="0.107" threads="0" lastid="000000000082D900" lastname="Default Executor-thread-1" />
</exclusive-start>
<af-start id="1322" threadId="000000000082E378" totalBytesRequested="632" timestamp="2025-12-14T22:18:10.578" intervalms="79.375" type="nursery" />
<cycle-start id="1323" type="scavenge" contextid="0" timestamp="2025-12-14T22:18:10.578" intervalms="79.340" />
<gc-start id="1324" type="scavenge" contextid="1323" timestamp="2025-12-14T22:18:10.579">
  <mem-info id="1325" free="8820480" total="48300032" percent="18">
    <mem type="nursery" free="0" total="17563648" percent="0">
      <mem type="allocate" free="0" total="13828096" percent="0" />
      <mem type="survivor" free="0" total="3735552" percent="0" />
    </mem>
    <mem type="tenure" free="8820480" total="30736384" percent="28">
      <mem type="soa" free="7283456" total="29199360" percent="24" />
      <mem type="loa" free="1537024" total="1537024" percent="100" />
    </mem>
    <remembered-set count="1587" />
  </mem-info>
</gc-start>
<allocation-stats totalBytes="12201056" discardedBytes="2040" >
  <allocated-bytes non-tlh="48" tlh="12201008" />
  <largest-consumer threadName="Default Executor-thread-1" threadId="000000000082D900" bytes="12180576" />
</allocation-stats>
<gc-op id="1326" type="scavenge" timems="2.544" contextid="1323" timestamp="2025-12-14T22:18:10.583">
  <scavenger-info tenureage="14" tenuremask="4000" tiltratio="78" />
  <memory-copied type="nursery" objects="31234" bytes="913064" bytesdiscarded="48584" />
  <ownableSynchronizers candidates="4" cleared="2" />
  <object-monitors candidates="19" cleared="0"  />
</gc-op>
<gc-end id="1327" type="scavenge" contextid="1323" durationms="4.648" usertimems="8.313" systemtimems="0.000" stalltimems="2.228" timestamp="2025-12-14T22:18:10.584" activeThreads="4">
  <mem-info id="1328" free="22145680" total="48300032" percent="45">
    <mem type="nursery" free="13325200" total="17563648" percent="75">
      <mem type="allocate" free="13325200" total="14286848" percent="93" />
      <mem type="survivor" free="0" total="3276800" percent="0" />
    </mem>
    <mem type="tenure" free="8820480" total="30736384" percent="28" macro-fragmented="6450429">
      <mem type="soa" free="7283456" total="29199360" percent="24" />
      <mem type="loa" free="1537024" total="1537024" percent="100" />
    </mem>
    <remembered-set count="1375" />
  </mem-info>
</gc-end>
<cycle-end id="1329" type="scavenge" contextid="1323" timestamp="2025-12-14T22:18:10.585" />
<allocation-satisfied id="1330" threadId="000000000082D900" bytesRequested="632" />
<af-end id="1331" timestamp="2025-12-14T22:18:10.586" threadId="000000000082E378" success="true" from="nursery"/>
<exclusive-end id="1332" timestamp="2025-12-14T22:18:10.587" durationms="9.736" />

<exclusive-start id="1333" timestamp="2025-12-14T22:18:10.635" intervalms="58.146">
  <response-info timems="0.082" idlems="0.082" threads="0" lastid="000000000082D900" lastname="Default Executor-thread-1" />
</exclusive-start>
<af-start id="1334" threadId="000000000082E378" totalBytesRequested="72" timestamp="2025-12-14T22:18:10.636" intervalms="58.363" type="nursery" />
<cycle-start id="1335" type="scavenge" contextid="0" timestamp="2025-12-14T22:18:10.637" intervalms="58.378" />
<gc-start id="1336" type="scavenge" contextid="1335" timestamp="2025-12-14T22:18:10.638">
  <mem-info id="1337" free="8820480" total="48300032" percent="18">
    <mem type="nursery" free="0" total="17563648" percent="0">
      <mem type="allocate" free="0" total="14286848" percent="0" />
      <mem type="survivor" free="0" total="3276800" percent="0" />
    </mem>
    <mem type="tenure" free="8820480" total="30736384" percent="28">
      <mem type="soa" free="7283456" total="29199360" percent="24" />
      <mem type="loa" free="1537024" total="1537024" percent="100" />
    </mem>
    <remembered-set count="1731" />
  </mem-info>
</gc-start>
<allocation-stats totalBytes="13321080" discardedBytes="4120" >
  <allocated-bytes non-tlh="632" tlh="13320448" />
  <largest-consumer threadName="Default Executor-thread-1" threadId="000000000082D900" bytes="13321080" />
</allocation-stats>
<gc-op id="1338" type="scavenge" timems="3.841" contextid="1335" timestamp="2025-12-14T22:18:10.643">
  <scavenger-info tenureage="14" tenuremask="4000" tiltratio="81" />
  <memory-copied type="nursery" objects="41417" bytes="1749992" bytesdiscarded="38464" />
  <ownableSynchronizers candidates="2" cleared="0" />
  <object-monitors candidates="19" cleared="0"  />
</gc-op>
<heap-resize id="1339" type="expand" space="nursery" amount="1179648" count="1" timems="0.070" reason="excessive time being spent scavenging" timestamp="2025-12-14T22:18:10.645" />
<gc-end id="1340" type="scavenge" contextid="1335" durationms="7.835" usertimems="9.820" systemtimems="1.426" stalltimems="4.927" timestamp="2025-12-14T22:18:10.646" activeThreads="4">
  <mem-info id="1341" free="22236376" total="49479680" percent="44">
    <mem type="nursery" free="13415896" total="18743296" percent="71">
      <mem type="allocate" free="13415896" total="15204352" percent="88" />
      <mem type="survivor" free="0" total="3538944" percent="0" />
    </mem>
    <mem type="tenure" free="8820480" total="30736384" percent="28" macro-fragmented="3732887">
      <mem type="soa" free="7283456" total="29199360" percent="24" />
      <mem type="loa" free="1537024" total="1537024" percent="100" />
    </mem>
    <remembered-set count="1498" />
  </mem-info>
</gc-end>
<cycle-end id="1342" type="scavenge" contextid="1335" timestamp="2025-12-14T22:18:10.647" />
<allocation-satisfied id="1343" threadId="000000000082D900" bytesRequested="72" />
<af-end id="1344" timestamp="2025-12-14T22:18:10.648" threadId="000000000082E378" success="true" from="nursery"/>
<exclusive-end id="1345" timestamp="2025-12-14T22:18:10.649" durationms="14.274" />

<exclusive-start id="1346" timestamp="2025-12-14T22:18:10.710" intervalms="75.265">
  <response-info timems="0.085" idlems="0.085" threads="0" lastid="000000000082D900" lastname="Default Executor-thread-1" />
</exclusive-start>
<af-start id="1347" threadId="000000000082E378" totalBytesRequested="24" timestamp="2025-12-14T22:18:10.711" intervalms="75.072" type="nursery" />
<cycle-start id="1348" type="scavenge" contextid="0" timestamp="2025-12-14T22:18:10.712" intervalms="75.125" />
<gc-start id="1349" type="scavenge" contextid="1348" timestamp="2025-12-14T22:18:10.713">
  <mem-info id="1350" free="8820480" total="49479680" percent="17">
    <mem type="nursery" free="0" total="18743296" percent="0">
      <mem type="allocate" free="0" total="15204352" percent="0" />
      <mem type="survivor" free="0" total="3538944" percent="0" />
    </mem>
    <mem type="tenure" free="8820480" total="30736384" percent="28">
      <mem type="soa" free="7283456" total="29199360" percent="24" />
      <mem type="loa" free="1537024" total="1537024" percent="100" />
    </mem>
    <remembered-set count="2074" />
  </mem-info>
</gc-start>
<allocation-stats totalBytes="13413496" discardedBytes="2400" >
  <allocated-bytes non-tlh="72" tlh="13413424" />
  <largest-consumer threadName="Default Executor-thread-1" threadId="000000000082D900" bytes="13413496" />
</allocation-stats>
<gc-op id="1351" type="scavenge" timems="3.577" contextid="1348" timestamp="2025-12-14T22:18:10.718">
  <scavenger-info tenureage="14" tenuremask="4000" tiltratio="81" />
  <memory-copied type="nursery" objects="40847" bytes="1180144" bytesdiscarded="37992" />
  <ownableSynchronizers candidates="2" cleared="0" />
  <object-monitors candidates="19" cleared="0"  />
</gc-op>
<heap-resize id="1352" type="expand" space="nursery" amount="786432" count="1" timems="0.074" reason="excessive time being spent scavenging" timestamp="2025-12-14T22:18:10.719" />
<gc-end id="1353" type="scavenge" contextid="1348" durationms="7.169" usertimems="11.216" systemtimems="0.000" stalltimems="3.141" timestamp="2025-12-14T22:18:10.720" activeThreads="4">
  <mem-info id="1354" free="23986336" total="50266112" percent="47">
    <mem type="nursery" free="15165856" total="19529728" percent="77">
      <mem type="allocate" free="15165856" total="16384000" percent="92" />
      <mem type="survivor" free="0" total="3145728" percent="0" />
    </mem>
    <mem type="tenure" free="8820480" total="30736384" percent="28" macro-fragmented="10920">
      <mem type="soa" free="7283456" total="29199360" percent="24" />
      <mem type="loa" free="1537024" total="1537024" percent="100" />
    </mem>
    <remembered-set count="1735" />
  </mem-info>
</gc-end>
<cycle-end id="1355" type="scavenge" contextid="1348" timestamp="2025-12-14T22:18:10.721" />
<allocation-satisfied id="1356" threadId="000000000082D900" bytesRequested="24" />
<af-end id="1357" timestamp="2025-12-14T22:18:10.723" threadId="000000000082E378" success="true" from="nursery"/>
<exclusive-end id="1358" timestamp="2025-12-14T22:18:10.724" durationms="13.630" />

<exclusive-start id="1359" timestamp="2025-12-14T22:18:10.785" intervalms="74.349">
  <response-info timems="0.073" idlems="0.073" threads="0" lastid="000000000082D900" lastname="Default Executor-thread-1" />
</exclusive-start>
<af-start id="1360" threadId="000000000082E378" totalBytesRequested="1040" timestamp="2025-12-14T22:18:10.785" intervalms="74.383" type="nursery" />
<cycle-start id="1361" type="scavenge" contextid="0" timestamp="2025-12-14T22:18:10.786" intervalms="74.285" />
<gc-start id="1362" type="scavenge" contextid="1361" timestamp="2025-12-14T22:18:10.787">
  <mem-info id="1363" free="8820480" total="50266112" percent="17">
    <mem type="nursery" free="0" total="19529728" percent="0">
      <mem type="allocate" free="0" total="16384000" percent="0" />
      <mem type="survivor" free="0" total="3145728" percent="0" />
    </mem>
    <mem type="tenure" free="8820480" total="30736384" percent="28">
      <mem type="soa" free="7283456" total="29199360" percent="24" />
      <mem type="loa" free="1537024" total="1537024" percent="100" />
    </mem>
    <remembered-set count="2251" />
  </mem-info>
</gc-start>
<allocation-stats totalBytes="15161416" discardedBytes="4440" >
  <allocated-bytes non-tlh="24" tlh="15161392" />
  <largest-consumer threadName="Default Executor-thread-1" threadId="000000000082D900" bytes="15161416" />
</allocation-stats>
<gc-op id="1364" type="scavenge" timems="4.663" contextid="1361" timestamp="2025-12-14T22:18:10.794">
  <scavenger-info tenureage="14" tenuremask="4000" tiltratio="83" />
  <memory-copied type="nursery" objects="52800" bytes="2352800" bytesdiscarded="90560" />
  <ownableSynchronizers candidates="2" cleared="0" />
  <object-monitors candidates="19" cleared="0"  />
</gc-op>
<heap-resize id="1365" type="expand" space="nursery" amount="917504" count="1" timems="0.065" reason="excessive time being spent scavenging" timestamp="2025-12-14T22:18:10.795" />
<gc-end id="1366" type="scavenge" contextid="1361" durationms="8.396" usertimems="10.629" systemtimems="3.994" stalltimems="3.541" timestamp="2025-12-14T22:18:10.796" activeThreads="4">
  <mem-info id="1367" free="22498976" total="51183616" percent="43">
    <mem type="nursery" free="13678496" total="20447232" percent="66">
      <mem type="allocate" free="13678496" total="16121856" percent="84" />
      <mem type="survivor" free="0" total="4325376" percent="0" />
    </mem>
    <mem type="tenure" free="8820480" total="30736384" percent="28" macro-fragmented="7700565">
      <mem type="soa" free="7283456" total="29199360" percent="24" />
      <mem type="loa" free="1537024" total="1537024" percent="100" />
    </mem>
    <remembered-set count="1932" />
  </mem-info>
</gc-end>
<cycle-end id="1368" type="scavenge" contextid="1361" timestamp="2025-12-14T22:18:10.797" />
<allocation-satisfied id="1369" threadId="000000000082D900" bytesRequested="1040" />
<af-end id="1370" timestamp="2025-12-14T22:18:10.798" threadId="000000000082E378" success="true" from="nursery"/>
<exclusive-end id="1371" timestamp="2025-12-14T22:18:10.799" durationms="14.423" />

<exclusive-start id="1372" timestamp="2025-12-14T22:18:10.837" intervalms="52.021">
  <response-info timems="0.092" idlems="0.092" threads="0" lastid="000000000082D900" lastname="Default Executor-thread-1" />
</exclusive-start>
<af-start id="1373" threadId="000000000082E378" totalBytesRequested="272" timestamp="2025-12-14T22:18:10.838" intervalms="52.223" type="nursery" />
<cycle-start id="1374" type="scavenge" contextid="0" timestamp="2025-12-14T22:18:10.839" intervalms="52.262" />
<gc-start id="1375" type="scavenge" contextid="1374" timestamp="2025-12-14T22:18:10.840">
  <mem-info id="1376" free="8820480" total="51183616" percent="17">
    <mem type="nursery" free="0" total="20447232" percent="0">
      <mem type="allocate" free="0" total="16121856" percent="0" />
      <mem type="survivor" free="0" total="4325376" percent="0" />
    </mem>
    <mem type="tenure" free="8820480" total="30736384" percent="28">
      <mem type="soa" free="7283456" total="29199360" percent="24" />
      <mem type="loa" free="1537024" total="1537024" percent="100" />
    </mem>
    <remembered-set count="2074" />
  </mem-info>
</gc-start>
<allocation-stats totalBytes="13675504" discardedBytes="2992" >
  <allocated-bytes non-tlh="1040" tlh="13674464" />
  <largest-consumer threadName="Default Executor-thread-1" threadId="000000000082D900" bytes="13675504" />
</allocation-stats>
<gc-op id="1377" type="scavenge" timems="4.119" contextid="1374" timestamp="2025-12-14T22:18:10.845">
  <scavenger-info tenureage="10" tenuremask="4400" tiltratio="78" />
  <memory-copied type="nursery" objects="48368" bytes="1935088" bytesdiscarded="28672" />
  <memory-copied type="tenure" objects="3535" bytes="97432" bytesdiscarded="32" />
  <ownableSynchronizers candidates="2" cleared="0" />
  <object-monitors candidates="19" cleared="0"  />
</gc-op>
<heap-resize id="1378" type="expand" space="nursery" amount="1310720" count="1" timems="0.080" reason="excessive time being spent scavenging" timestamp="2025-12-14T22:18:10.846" />
<gc-end id="1379" type="scavenge" contextid="1374" durationms="7.688" usertimems="19.099" systemtimems="3.758" stalltimems="2.323" timestamp="2025-12-14T22:18:10.847" activeThreads="4">
  <mem-info id="1380" free="24404680" total="52494336" percent="46">
    <mem type="nursery" free="15665424" total="21757952" percent="71">
      <mem type="allocate" free="15665424" total="17629184" percent="88" />
      <mem type="survivor" free="0" total="4128768" percent="0" />
    </mem>
    <mem type="tenure" free="8739256" total="30736384" percent="28" macro-fragmented="3732887">
      <mem type="soa" free="7202232" total="29199360" percent="24" />
      <mem type="loa" free="1537024" total="1537024" percent="100" />
    </mem>
    <remembered-set count="1823" />
  </mem-info>
</gc-end>
<cycle-end id="1381" type="scavenge" contextid="1374" timestamp="2025-12-14T22:18:10.848" />
<allocation-satisfied id="1382" threadId="000000000082D900" bytesRequested="272" />
<af-end id="1383" timestamp="2025-12-14T22:18:10.850" threadId="000000000082E378" success="true" from="nursery"/>
<exclusive-end id="1384" timestamp="2025-12-14T22:18:10.850" durationms="13.872" />

<exclusive-start id="1385" timestamp="2025-12-14T22:18:10.898" intervalms="61.150">
  <response-info timems="0.098" idlems="0.098" threads="0" lastid="000000000082D900" lastname="Default Executor-thread-1" />
</exclusive-start>
<af-start id="1386" threadId="000000000082E378" totalBytesRequested="16" timestamp="2025-12-14T22:18:10.899" intervalms="60.965" type="nursery" />
<cycle-start id="1387" type="scavenge" contextid="0" timestamp="2025-12-14T22:18:10.899" intervalms="60.856" />
<gc-start id="1388" type="scavenge" contextid="1387" timestamp="2025-12-14T22:18:10.900">
  <mem-info id="1389" free="8739256" total="52494336" percent="16">
    <mem type="nursery" free="0" total="21757952" percent="0">
      <mem type="allocate" free="0" total="17629184" percent="0" />
      <mem type="survivor" free="0" total="4128768" percent="0" />
    </mem>
    <mem type="tenure" free="8739256" total="30736384" percent="28">
      <mem type="soa" free="7202232" total="29199360" percent="24" />
      <mem type="loa" free="1537024" total="1537024" percent="100" />
    </mem>
    <remembered-set count="2009" />
  </mem-info>
</gc-start>
<allocation-stats totalBytes="15661280" discardedBytes="4144" >
  <allocated-bytes non-tlh="272" tlh="15661008" />
  <largest-consumer threadName="Default Executor-thread-1" threadId="000000000082D900" bytes="15661280" />
</allocation-stats>
<gc-op id="1390" type="scavenge" timems="5.629" contextid="1387" timestamp="2025-12-14T22:18:10.907">
  <scavenger-info tenureage="14" tenuremask="4000" tiltratio="81" />
  <memory-copied type="nursery" objects="74671" bytes="3372552" bytesdiscarded="44520" />
  <ownableSynchronizers candidates="2" cleared="0" />
  <object-monitors candidates="19" cleared="0"  />
</gc-op>
<heap-resize id="1391" type="expand" space="nursery" amount="1310720" count="1" timems="0.071" reason="excessive time being spent scavenging" timestamp="2025-12-14T22:18:10.908" />
<gc-end id="1392" type="scavenge" contextid="1387" durationms="8.979" usertimems="12.774" systemtimems="7.358" stalltimems="2.802" timestamp="2025-12-14T22:18:10.909" activeThreads="4">
  <mem-info id="1393" free="22492616" total="53805056" percent="41">
    <mem type="nursery" free="13753360" total="23068672" percent="59">
      <mem type="allocate" free="13753360" total="17170432" percent="80" />
      <mem type="survivor" free="0" total="5898240" percent="0" />
    </mem>
    <mem type="tenure" free="8739256" total="30736384" percent="28" macro-fragmented="5375358">
      <mem type="soa" free="7202232" total="29199360" percent="24" />
      <mem type="loa" free="1537024" total="1537024" percent="100" />
    </mem>
    <remembered-set count="1879" />
  </mem-info>
</gc-end>
<cycle-end id="1394" type="scavenge" contextid="1387" timestamp="2025-12-14T22:18:10.910" />
<allocation-satisfied id="1395" threadId="000000000082D900" bytesRequested="16" />
<af-end id="1396" timestamp="2025-12-14T22:18:10.912" threadId="000000000082E378" success="true" from="nursery"/>
<exclusive-end id="1397" timestamp="2025-12-14T22:18:10.912" durationms="14.489" />

<exclusive-start id="1398" timestamp="2025-12-14T22:18:11.056" intervalms="157.871">
  <response-info timems="0.073" idlems="0.073" threads="0" lastid="000000000082D900" lastname="Default Executor-thread-1" />
</exclusive-start>
<af-start id="1399" threadId="000000000082E378" totalBytesRequested="2064" timestamp="2025-12-14T22:18:11.056" intervalms="157.831" type="nursery" />
<cycle-start id="1400" type="scavenge" contextid="0" timestamp="2025-12-14T22:18:11.058" intervalms="158.151" />
<gc-start id="1401" type="scavenge" contextid="1400" timestamp="2025-12-14T22:18:11.059">
  <mem-info id="1402" free="8739256" total="53805056" percent="16">
    <mem type="nursery" free="0" total="23068672" percent="0">
      <mem type="allocate" free="0" total="17170432" percent="0" />
      <mem type="survivor" free="0" total="5898240" percent="0" />
    </mem>
    <mem type="tenure" free="8739256" total="30736384" percent="28">
      <mem type="soa" free="7202232" total="29199360" percent="24" />
      <mem type="loa" free="1537024" total="1537024" percent="100" />
    </mem>
    <remembered-set count="2173" />
  </mem-info>
</gc-start>
<allocation-stats totalBytes="13748520" discardedBytes="4840" >
  <allocated-bytes non-tlh="16" tlh="13748504" />
  <largest-consumer threadName="Default Executor-thread-1" threadId="000000000082D900" bytes="13748520" />
</allocation-stats>
<gc-op id="1403" type="scavenge" timems="5.121" contextid="1400" timestamp="2025-12-14T22:18:11.065">
  <scavenger-info tenureage="14" tenuremask="4000" tiltratio="74" />
  <memory-copied type="nursery" objects="54486" bytes="1685512" bytesdiscarded="56432" />
  <ownableSynchronizers candidates="2" cleared="0" />
  <object-monitors candidates="19" cleared="0"  />
</gc-op>
<gc-end id="1404" type="scavenge" contextid="1400" durationms="8.240" usertimems="15.210" systemtimems="0.000" stalltimems="8.677" timestamp="2025-12-14T22:18:11.067" activeThreads="5">
  <mem-info id="1405" free="24757568" total="53805056" percent="46">
    <mem type="nursery" free="16018312" total="23068672" percent="69">
      <mem type="allocate" free="16018312" total="17760256" percent="90" />
      <mem type="survivor" free="0" total="5308416" percent="0" />
    </mem>
    <mem type="tenure" free="8739256" total="30736384" percent="28" macro-fragmented="0">
      <mem type="soa" free="7202232" total="29199360" percent="24" />
      <mem type="loa" free="1537024" total="1537024" percent="100" />
    </mem>
    <remembered-set count="2002" />
  </mem-info>
</gc-end>
<cycle-end id="1406" type="scavenge" contextid="1400" timestamp="2025-12-14T22:18:11.068" />
<allocation-satisfied id="1407" threadId="000000000082D900" bytesRequested="2064" />
<af-end id="1408" timestamp="2025-12-14T22:18:11.069" threadId="000000000082E378" success="true" from="nursery"/>
<exclusive-end id="1409" timestamp="2025-12-14T22:18:11.070" durationms="14.792" />

<exclusive-start id="1410" timestamp="2025-12-14T22:18:11.144" intervalms="88.777">
  <response-info timems="0.072" idlems="0.072" threads="0" lastid="000000000082D900" lastname="Default Executor-thread-1" />
</exclusive-start>
<af-start id="1411" threadId="000000000082E378" totalBytesRequested="24" timestamp="2025-12-14T22:18:11.145" intervalms="88.788" type="nursery" />
<cycle-start id="1412" type="scavenge" contextid="0" timestamp="2025-12-14T22:18:11.146" intervalms="88.753" />
<gc-start id="1413" type="scavenge" contextid="1412" timestamp="2025-12-14T22:18:11.148">
  <mem-info id="1414" free="8739256" total="53805056" percent="16">
    <mem type="nursery" free="0" total="23068672" percent="0">
      <mem type="allocate" free="0" total="17760256" percent="0" />
      <mem type="survivor" free="0" total="5308416" percent="0" />
    </mem>
    <mem type="tenure" free="8739256" total="30736384" percent="28">
      <mem type="soa" free="7202232" total="29199360" percent="24" />
      <mem type="loa" free="1537024" total="1537024" percent="100" />
    </mem>
    <remembered-set count="2077" />
  </mem-info>
</gc-start>
<allocation-stats totalBytes="16013096" discardedBytes="5216" >
  <allocated-bytes non-tlh="2064" tlh="16011032" />
  <largest-consumer threadName="Default Executor-thread-1" threadId="000000000082D900" bytes="15992616" />
</allocation-stats>
<gc-op id="1415" type="scavenge" timems="4.639" contextid="1412" timestamp="2025-12-14T22:18:11.154">
  <scavenger-info tenureage="14" tenuremask="4000" tiltratio="76" />
  <memory-copied type="nursery" objects="51242" bytes="1513272" bytesdiscarded="61104" />
  <ownableSynchronizers candidates="4" cleared="2" />
  <object-monitors candidates="19" cleared="0"  />
</gc-op>
<heap-resize id="1416" type="expand" space="nursery" amount="1048576" count="1" timems="0.096" reason="excessive time being spent scavenging" timestamp="2025-12-14T22:18:11.155" />
<gc-end id="1417" type="scavenge" contextid="1412" durationms="8.094" usertimems="17.102" systemtimems="5.219" stalltimems="6.189" timestamp="2025-12-14T22:18:11.156" activeThreads="5">
  <mem-info id="1418" free="26366928" total="54853632" percent="48">
    <mem type="nursery" free="17627672" total="24117248" percent="73">
      <mem type="allocate" free="17627672" total="19202048" percent="91" />
      <mem type="survivor" free="0" total="4915200" percent="0" />
    </mem>
    <mem type="tenure" free="8739256" total="30736384" percent="28" macro-fragmented="7700565">
      <mem type="soa" free="7202232" total="29199360" percent="24" />
      <mem type="loa" free="1537024" total="1537024" percent="100" />
    </mem>
    <remembered-set count="2014" />
  </mem-info>
</gc-end>
<cycle-end id="1419" type="scavenge" contextid="1412" timestamp="2025-12-14T22:18:11.157" />
<allocation-satisfied id="1420" threadId="000000000082D900" bytesRequested="24" />
<af-end id="1421" timestamp="2025-12-14T22:18:11.158" threadId="000000000082E378" success="true" from="nursery"/>
<exclusive-end id="1422" timestamp="2025-12-14T22:18:11.159" durationms="14.173" />

<exclusive-start id="1423" timestamp="2025-12-14T22:18:11.222" intervalms="77.241">
  <response-info timems="0.071" idlems="0.071" threads="0" lastid="000000000082D900" lastname="Default Executor-thread-1" />
</exclusive-start>
<af-start id="1424" threadId="000000000082E378" totalBytesRequested="40" timestamp="2025-12-14T22:18:11.222" intervalms="77.154" type="nursery" />
<cycle-start id="1425" type="scavenge" contextid="0" timestamp="2025-12-14T22:18:11.223" intervalms="76.892" />
<gc-start id="1426" type="scavenge" contextid="1425" timestamp="2025-12-14T22:18:11.224">
  <mem-info id="1427" free="8739000" total="54853632" percent="15">
    <mem type="nursery" free="0" total="24117248" percent="0">
      <mem type="allocate" free="0" total="19202048" percent="0" />
      <mem type="survivor" free="0" total="4915200" percent="0" />
    </mem>
    <mem type="tenure" free="8739000" total="30736384" percent="28">
      <mem type="soa" free="7201976" total="29199360" percent="24" />
      <mem type="loa" free="1537024" total="1537024" percent="100" />
    </mem>
    <remembered-set count="2070" />
  </mem-info>
</gc-start>
<allocation-stats totalBytes="17620984" discardedBytes="6944" >
  <allocated-bytes non-tlh="280" tlh="17620704" />
  <largest-consumer threadName="Default Executor-thread-1" threadId="000000000082D900" bytes="17620984" />
</allocation-stats>
<gc-op id="1428" type="scavenge" timems="4.926" contextid="1425" timestamp="2025-12-14T22:18:11.230">
  <scavenger-info tenureage="6" tenuremask="7040" tiltratio="79" />
  <memory-copied type="nursery" objects="52441" bytes="2380632" bytesdiscarded="61776" />
  <memory-copied type="tenure" objects="15506" bytes="426472" bytesdiscarded="1384" />
  <ownableSynchronizers candidates="2" cleared="0" />
  <references type="weak" candidates="1" cleared="1" enqueued="1" />
  <object-monitors candidates="19" cleared="0"  />
</gc-op>
<heap-resize id="1429" type="expand" space="nursery" amount="1048576" count="1" timems="0.069" reason="excessive time being spent scavenging" timestamp="2025-12-14T22:18:11.231" />
<gc-end id="1430" type="scavenge" contextid="1425" durationms="7.984" usertimems="16.691" systemtimems="1.932" stalltimems="6.663" timestamp="2025-12-14T22:18:11.232" activeThreads="5">
  <mem-info id="1431" free="26274760" total="55902208" percent="47">
    <mem type="nursery" free="18004824" total="25165824" percent="71">
      <mem type="allocate" free="18004824" total="20447232" percent="88" />
      <mem type="survivor" free="0" total="4718592" percent="0" />
    </mem>
    <mem type="tenure" free="8269936" total="30736384" percent="26" macro-fragmented="5375358">
      <mem type="soa" free="6732912" total="29199360" percent="23" />
      <mem type="loa" free="1537024" total="1537024" percent="100" />
    </mem>
    <pending-finalizers system="0" default="0" reference="1" classloader="0" />
    <remembered-set count="1351" />
  </mem-info>
</gc-end>
<cycle-end id="1432" type="scavenge" contextid="1425" timestamp="2025-12-14T22:18:11.233" />
<allocation-satisfied id="1433" threadId="000000000082D900" bytesRequested="40" />
<af-end id="1434" timestamp="2025-12-14T22:18:11.234" threadId="000000000082E378" success="true" from="nursery"/>
<exclusive-end id="1435" timestamp="2025-12-14T22:18:11.235" durationms="13.087" />

<exclusive-start id="1436" timestamp="2025-12-14T22:18:11.284" intervalms="62.188">
  <response-info timems="0.339" idlems="0.217" threads="1" lastid="000000000002D300" lastname="JIT Compilation Thread-001" />
</exclusive-start>
<af-start id="1437" threadId="000000000082E378" totalBytesRequested="72" timestamp="2025-12-14T22:18:11.285" intervalms="62.309" type="nursery" />
<cycle-start id="1438" type="scavenge" contextid="0" timestamp="2025-12-14T22:18:11.286" intervalms="62.573" />
<gc-start id="1439" type="scavenge" contextid="1438" timestamp="2025-12-14T22:18:11.287">
  <mem-info id="1440" free="8269936" total="55902208" percent="14">
    <mem type="nursery" free="0" total="25165824" percent="0">
      <mem type="allocate" free="0" total="20447232" percent="0" />
      <mem type="survivor" free="0" total="4718592" percent="0" />
    </mem>
    <mem type="tenure" free="8269936" total="30736384" percent="26">
      <mem type="soa" free="6732912" total="29199360" percent="23" />
      <mem type="loa" free="1537024" total="1537024" percent="100" />
    </mem>
    <remembered-set count="1541" />
  </mem-info>
</gc-start>
<allocation-stats totalBytes="17995832" discardedBytes="8992" >
  <allocated-bytes non-tlh="40" tlh="17995792" />
  <largest-consumer threadName="Default Executor-thread-1" threadId="000000000082D900" bytes="17995832" />
</allocation-stats>
<gc-op id="1441" type="scavenge" timems="4.104" contextid="1438" timestamp="2025-12-14T22:18:11.292">
  <scavenger-info tenureage="10" tenuremask="5400" tiltratio="81" />
  <memory-copied type="nursery" objects="36116" bytes="1422632" bytesdiscarded="60120" />
  <memory-copied type="tenure" objects="5847" bytes="169736" bytesdiscarded="112" />
  <ownableSynchronizers candidates="2" cleared="0" />
  <object-monitors candidates="19" cleared="0"  />
</gc-op>
<heap-resize id="1442" type="expand" space="nursery" amount="1179648" count="1" timems="0.071" reason="excessive time being spent scavenging" timestamp="2025-12-14T22:18:11.293" />
<gc-end id="1443" type="scavenge" contextid="1438" durationms="7.601" usertimems="15.903" systemtimems="0.000" stalltimems="4.538" timestamp="2025-12-14T22:18:11.294" activeThreads="5">
  <mem-info id="1444" free="28415856" total="57081856" percent="49">
    <mem type="nursery" free="20406272" total="26345472" percent="77">
      <mem type="allocate" free="20406272" total="21889024" percent="93" />
      <mem type="survivor" free="0" total="4456448" percent="0" />
    </mem>
    <mem type="tenure" free="8009584" total="30736384" percent="26" macro-fragmented="3110739">
      <mem type="soa" free="6472560" total="29199360" percent="22" />
      <mem type="loa" free="1537024" total="1537024" percent="100" />
    </mem>
    <remembered-set count="1287" />
  </mem-info>
</gc-end>
<cycle-end id="1445" type="scavenge" contextid="1438" timestamp="2025-12-14T22:18:11.295" />
<allocation-satisfied id="1446" threadId="000000000082D900" bytesRequested="72" />
<af-end id="1447" timestamp="2025-12-14T22:18:11.297" threadId="000000000082E378" success="true" from="nursery"/>
<exclusive-end id="1448" timestamp="2025-12-14T22:18:11.298" durationms="14.004" />

<exclusive-start id="1449" timestamp="2025-12-14T22:18:11.556" intervalms="272.286">
  <response-info timems="0.304" idlems="0.249" threads="1" lastid="0000000000029600" lastname="JIT Compilation Thread-000" />
</exclusive-start>
<af-start id="1450" threadId="000000000082E378" totalBytesRequested="40" timestamp="2025-12-14T22:18:11.557" intervalms="272.408" type="nursery" />
<cycle-start id="1451" type="scavenge" contextid="0" timestamp="2025-12-14T22:18:11.558" intervalms="272.575" />
<gc-start id="1452" type="scavenge" contextid="1451" timestamp="2025-12-14T22:18:11.559">
  <mem-info id="1453" free="8007256" total="57081856" percent="14">
    <mem type="nursery" free="0" total="26345472" percent="0">
      <mem type="allocate" free="0" total="21889024" percent="0" />
      <mem type="survivor" free="0" total="4456448" percent="0" />
    </mem>
    <mem type="tenure" free="8007256" total="30736384" percent="26">
      <mem type="soa" free="6470232" total="29199360" percent="22" />
      <mem type="loa" free="1537024" total="1537024" percent="100" />
    </mem>
    <remembered-set count="2674" />
  </mem-info>
</gc-start>
<allocation-stats totalBytes="20404200" discardedBytes="4400" >
  <allocated-bytes non-tlh="2400" tlh="20401800" />
  <largest-consumer threadName="Default Executor-thread-1" threadId="000000000082D900" bytes="19835024" />
</allocation-stats>
<gc-op id="1454" type="scavenge" timems="6.192" contextid="1451" timestamp="2025-12-14T22:18:11.567">
  <scavenger-info tenureage="14" tenuremask="4000" tiltratio="83" />
  <memory-copied type="nursery" objects="80057" bytes="3747656" bytesdiscarded="39016" />
  <ownableSynchronizers candidates="2" cleared="0" />
  <references type="soft" candidates="1" cleared="0" enqueued="0" dynamicThreshold="9" maxThreshold="32" />
  <references type="weak" candidates="9" cleared="5" enqueued="5" />
  <references type="phantom" candidates="149" cleared="0" enqueued="0" />
  <object-monitors candidates="19" cleared="0"  />
</gc-op>
<gc-end id="1455" type="scavenge" contextid="1451" durationms="9.098" usertimems="21.974" systemtimems="0.303" stalltimems="9.958" timestamp="2025-12-14T22:18:11.569" activeThreads="5">
  <mem-info id="1456" free="23682768" total="57081856" percent="41">
    <mem type="nursery" free="15675512" total="26345472" percent="59">
      <mem type="allocate" free="15675512" total="19464192" percent="80" />
      <mem type="survivor" free="0" total="6881280" percent="0" />
    </mem>
    <mem type="tenure" free="8007256" total="30736384" percent="26" macro-fragmented="5266">
      <mem type="soa" free="6470232" total="29199360" percent="22" />
      <mem type="loa" free="1537024" total="1537024" percent="100" />
    </mem>
    <pending-finalizers system="0" default="0" reference="5" classloader="0" />
    <remembered-set count="1524" />
  </mem-info>
</gc-end>
<cycle-end id="1457" type="scavenge" contextid="1451" timestamp="2025-12-14T22:18:11.570" />
<allocation-satisfied id="1458" threadId="000000000082D900" bytesRequested="40" />
<af-end id="1459" timestamp="2025-12-14T22:18:11.571" threadId="000000000082E378" success="true" from="nursery"/>
<exclusive-end id="1460" timestamp="2025-12-14T22:18:11.572" durationms="15.867" />

<exclusive-start id="1461" timestamp="2025-12-14T22:18:11.782" intervalms="226.032">
  <response-info timems="0.074" idlems="0.074" threads="0" lastid="000000000082D900" lastname="Default Executor-thread-1" />
</exclusive-start>
<af-start id="1462" threadId="000000000082E378" totalBytesRequested="48" timestamp="2025-12-14T22:18:11.783" intervalms="225.862" type="nursery" />
<cycle-start id="1463" type="scavenge" contextid="0" timestamp="2025-12-14T22:18:11.784" intervalms="225.498" />
<gc-start id="1464" type="scavenge" contextid="1463" timestamp="2025-12-14T22:18:11.785">
  <mem-info id="1465" free="8006952" total="57081856" percent="14">
    <mem type="nursery" free="0" total="26345472" percent="0">
      <mem type="allocate" free="0" total="19464192" percent="0" />
      <mem type="survivor" free="0" total="6881280" percent="0" />
    </mem>
    <mem type="tenure" free="8006952" total="30736384" percent="26">
      <mem type="soa" free="6469928" total="29199360" percent="22" />
      <mem type="loa" free="1537024" total="1537024" percent="100" />
    </mem>
    <remembered-set count="2147" />
  </mem-info>
</gc-start>
<allocation-stats totalBytes="15674376" discardedBytes="1440" >
  <allocated-bytes non-tlh="344" tlh="15674032" />
  <largest-consumer threadName="Default Executor-thread-1" threadId="000000000082D900" bytes="15633432" />
</allocation-stats>
<gc-op id="1466" type="scavenge" timems="7.354" contextid="1463" timestamp="2025-12-14T22:18:11.794">
  <scavenger-info tenureage="14" tenuremask="4000" tiltratio="73" />
  <memory-copied type="nursery" objects="100109" bytes="5179640" bytesdiscarded="33816" />
  <ownableSynchronizers candidates="4" cleared="2" />
  <references type="soft" candidates="1" cleared="0" enqueued="0" dynamicThreshold="9" maxThreshold="32" />
  <references type="weak" candidates="3" cleared="0" enqueued="0" />
  <references type="phantom" candidates="221" cleared="0" enqueued="0" />
  <object-monitors candidates="19" cleared="0"  />
</gc-op>
<gc-end id="1467" type="scavenge" contextid="1463" durationms="10.059" usertimems="34.349" systemtimems="5.302" stalltimems="9.030" timestamp="2025-12-14T22:18:11.795" activeThreads="5">
  <mem-info id="1468" free="21140672" total="57081856" percent="37">
    <mem type="nursery" free="13133720" total="26345472" percent="49">
      <mem type="allocate" free="13133720" total="18350080" percent="71" />
      <mem type="survivor" free="0" total="7995392" percent="0" />
    </mem>
    <mem type="tenure" free="8006952" total="30736384" percent="26" macro-fragmented="7950592">
      <mem type="soa" free="6469928" total="29199360" percent="22" />
      <mem type="loa" free="1537024" total="1537024" percent="100" />
    </mem>
    <remembered-set count="1559" />
  </mem-info>
</gc-end>
<cycle-end id="1469" type="scavenge" contextid="1463" timestamp="2025-12-14T22:18:11.796" />
<allocation-satisfied id="1470" threadId="000000000082D900" bytesRequested="48" />
<af-end id="1471" timestamp="2025-12-14T22:18:11.798" threadId="000000000082E378" success="true" from="nursery"/>
<exclusive-end id="1472" timestamp="2025-12-14T22:18:11.799" durationms="16.834" />

<exclusive-start id="1473" timestamp="2025-12-14T22:18:12.117" intervalms="334.967">
  <response-info timems="0.065" idlems="0.065" threads="0" lastid="000000000082D900" lastname="Default Executor-thread-1" />
</exclusive-start>
<af-start id="1474" threadId="000000000082E378" totalBytesRequested="48" timestamp="2025-12-14T22:18:12.118" intervalms="334.885" type="nursery" />
<cycle-start id="1475" type="scavenge" contextid="0" timestamp="2025-12-14T22:18:12.119" intervalms="334.927" />
<gc-start id="1476" type="scavenge" contextid="1475" timestamp="2025-12-14T22:18:12.120">
  <mem-info id="1477" free="7998320" total="57081856" percent="14">
    <mem type="nursery" free="0" total="26345472" percent="0">
      <mem type="allocate" free="0" total="18350080" percent="0" />
      <mem type="survivor" free="0" total="7995392" percent="0" />
    </mem>
    <mem type="tenure" free="7998320" total="30736384" percent="26">
      <mem type="soa" free="6461296" total="29199360" percent="22" />
      <mem type="loa" free="1537024" total="1537024" percent="100" />
    </mem>
    <remembered-set count="2411" />
  </mem-info>
</gc-start>
<allocation-stats totalBytes="13141144" discardedBytes="1208" >
  <allocated-bytes non-tlh="179608" tlh="12961536" />
  <largest-consumer threadName="Default Executor-thread-1" threadId="000000000082D900" bytes="13108376" />
</allocation-stats>
<gc-op id="1478" type="scavenge" timems="9.166" contextid="1475" timestamp="2025-12-14T22:18:12.130">
  <scavenger-info tenureage="9" tenuremask="4200" tiltratio="69" />
  <memory-copied type="nursery" objects="110283" bytes="5115024" bytesdiscarded="29320" />
  <memory-copied type="tenure" objects="8409" bytes="237560" bytesdiscarded="40" />
  <ownableSynchronizers candidates="98" cleared="2" />
  <references type="soft" candidates="1" cleared="0" enqueued="0" dynamicThreshold="9" maxThreshold="32" />
  <references type="weak" candidates="347" cleared="10" enqueued="10" />
  <references type="phantom" candidates="242" cleared="0" enqueued="0" />
  <object-monitors candidates="19" cleared="0"  />
</gc-op>
<gc-end id="1479" type="scavenge" contextid="1475" durationms="11.805" usertimems="22.327" systemtimems="8.595" stalltimems="15.534" timestamp="2025-12-14T22:18:12.132" activeThreads="5">
  <mem-info id="1480" free="22034432" total="57081856" percent="38">
    <mem type="nursery" free="14447760" total="26345472" percent="54">
      <mem type="allocate" free="14447760" total="19595264" percent="73" />
      <mem type="survivor" free="0" total="6750208" percent="0" />
    </mem>
    <mem type="tenure" free="7586672" total="30736384" percent="24" macro-fragmented="2592282">
      <mem type="soa" free="6049648" total="29199360" percent="20" />
      <mem type="loa" free="1537024" total="1537024" percent="100" />
    </mem>
    <pending-finalizers system="0" default="0" reference="10" classloader="0" />
    <remembered-set count="1699" />
  </mem-info>
</gc-end>
<cycle-end id="1481" type="scavenge" contextid="1475" timestamp="2025-12-14T22:18:12.132" />
<allocation-satisfied id="1482" threadId="000000000082D900" bytesRequested="48" />
<af-end id="1483" timestamp="2025-12-14T22:18:12.134" threadId="000000000082E378" success="true" from="nursery"/>
<exclusive-end id="1484" timestamp="2025-12-14T22:18:12.134" durationms="17.177" />

<exclusive-start id="1485" timestamp="2025-12-14T22:18:12.445" intervalms="327.704">
  <response-info timems="0.082" idlems="0.082" threads="0" lastid="00000000005EC100" lastname="Equinox start level thread - Equinox Container: a76135bd-505b-4" />
</exclusive-start>
<af-start id="1486" threadId="00000000005ECB78" totalBytesRequested="24" timestamp="2025-12-14T22:18:12.446" intervalms="327.941" type="nursery" />
<cycle-start id="1487" type="scavenge" contextid="0" timestamp="2025-12-14T22:18:12.447" intervalms="328.015" />
<gc-start id="1488" type="scavenge" contextid="1487" timestamp="2025-12-14T22:18:12.448">
  <mem-info id="1489" free="7473600" total="57081856" percent="13">
    <mem type="nursery" free="0" total="26345472" percent="0">
      <mem type="allocate" free="0" total="19595264" percent="0" />
      <mem type="survivor" free="0" total="6750208" percent="0" />
    </mem>
    <mem type="tenure" free="7473600" total="30736384" percent="24">
      <mem type="soa" free="5936576" total="29199360" percent="20" />
      <mem type="loa" free="1537024" total="1537024" percent="100" />
    </mem>
    <remembered-set count="4872" />
  </mem-info>
</gc-start>
<allocation-stats totalBytes="14552776" discardedBytes="8056" >
  <allocated-bytes non-tlh="273648" tlh="14279128" />
  <largest-consumer threadName="Start Level: Equinox Container: a76135bd-505b-47bb-946e-e77858b80ca1" threadId="00000000005E4400" bytes="3521272" />
</allocation-stats>
<gc-op id="1490" type="scavenge" timems="11.823" contextid="1487" timestamp="2025-12-14T22:18:12.461">
  <scavenger-info tenureage="7" tenuremask="5080" tiltratio="74" />
  <memory-copied type="nursery" objects="154231" bytes="6466264" bytesdiscarded="49800" />
  <memory-copied type="tenure" objects="5555" bytes="159056" bytesdiscarded="72" />
  <finalization candidates="14" enqueued="14" />
  <ownableSynchronizers candidates="1734" cleared="667" />
  <references type="soft" candidates="448" cleared="0" enqueued="0" dynamicThreshold="9" maxThreshold="32" />
  <references type="weak" candidates="1004" cleared="405" enqueued="404" />
  <references type="phantom" candidates="284" cleared="3" enqueued="3" />
  <object-monitors candidates="22" cleared="0"  />
</gc-op>
<gc-end id="1491" type="scavenge" contextid="1487" durationms="14.514" usertimems="39.422" systemtimems="4.575" stalltimems="11.294" timestamp="2025-12-14T22:18:12.462" activeThreads="5">
  <mem-info id="1492" free="17804328" total="57081856" percent="31">
    <mem type="nursery" free="10707048" total="26345472" percent="40">
      <mem type="allocate" free="10707048" total="17235968" percent="62" />
      <mem type="survivor" free="0" total="9109504" percent="0" />
    </mem>
    <mem type="tenure" free="7097280" total="30736384" percent="23" macro-fragmented="3732887">
      <mem type="soa" free="5560256" total="29199360" percent="19" />
      <mem type="loa" free="1537024" total="1537024" percent="100" />
    </mem>
    <pending-finalizers system="14" default="0" reference="407" classloader="0" />
    <remembered-set count="3413" />
  </mem-info>
</gc-end>
<cycle-end id="1493" type="scavenge" contextid="1487" timestamp="2025-12-14T22:18:12.463" />
<allocation-satisfied id="1494" threadId="00000000005EC100" bytesRequested="24" />
<af-end id="1495" timestamp="2025-12-14T22:18:12.464" threadId="00000000005ECB78" success="true" from="nursery"/>
<exclusive-end id="1496" timestamp="2025-12-14T22:18:12.465" durationms="20.122" />

<exclusive-start id="1497" timestamp="2025-12-14T22:18:12.575" intervalms="130.514">
  <response-info timems="0.113" idlems="0.113" threads="0" lastid="000000000085B500" lastname="Default Executor-thread-3" />
</exclusive-start>
<af-start id="1498" threadId="000000000085BF78" totalBytesRequested="24" timestamp="2025-12-14T22:18:12.576" intervalms="130.240" type="nursery" />
<cycle-start id="1499" type="scavenge" contextid="0" timestamp="2025-12-14T22:18:12.577" intervalms="129.963" />
<gc-start id="1500" type="scavenge" contextid="1499" timestamp="2025-12-14T22:18:12.577">
  <mem-info id="1501" free="6870032" total="57081856" percent="12">
    <mem type="nursery" free="0" total="26345472" percent="0">
      <mem type="allocate" free="0" total="17235968" percent="0" />
      <mem type="survivor" free="0" total="9109504" percent="0" />
    </mem>
    <mem type="tenure" free="6870032" total="30736384" percent="22">
      <mem type="soa" free="5333008" total="29199360" percent="18" />
      <mem type="loa" free="1537024" total="1537024" percent="100" />
    </mem>
    <remembered-set count="6532" />
  </mem-info>
</gc-start>
<allocation-stats totalBytes="10928512" discardedBytes="5784" >
  <allocated-bytes non-tlh="540392" tlh="10388120" />
  <largest-consumer threadName="Equinox start level thread - Equinox Container: a76135bd-505b-47bb-946e-e77858b80ca1" threadId="00000000005F7B00" bytes="3942080" />
</allocation-stats>
<gc-op id="1502" type="scavenge" timems="10.494" contextid="1499" timestamp="2025-12-14T22:18:12.589">
  <scavenger-info tenureage="3" tenuremask="6038" tiltratio="65" />
  <memory-copied type="nursery" objects="112557" bytes="5131184" bytesdiscarded="74512" />
  <memory-copied type="tenure" objects="75675" bytes="2466032" bytesdiscarded="2376" />
  <finalization candidates="13" enqueued="13" />
  <ownableSynchronizers candidates="2452" cleared="637" />
  <references type="soft" candidates="1463" cleared="0" enqueued="0" dynamicThreshold="9" maxThreshold="32" />
  <references type="weak" candidates="1514" cleared="666" enqueued="662" />
  <references type="phantom" candidates="295" cleared="8" enqueued="8" />
  <object-monitors candidates="24" cleared="0"  />
</gc-op>
<heap-resize id="1503" type="expand" space="nursery" amount="1441792" count="1" timems="0.074" reason="excessive time being spent scavenging" timestamp="2025-12-14T22:18:12.590" />
<gc-end id="1504" type="scavenge" contextid="1499" durationms="13.475" usertimems="43.113" systemtimems="7.036" stalltimems="14.229" timestamp="2025-12-14T22:18:12.591" activeThreads="6">
  <mem-info id="1505" free="17550120" total="58523648" percent="29">
    <mem type="nursery" free="13129040" total="27787264" percent="47">
      <mem type="allocate" free="13129040" total="18350080" percent="71" />
      <mem type="survivor" free="0" total="9437184" percent="0" />
    </mem>
    <mem type="tenure" free="4421080" total="30736384" percent="14" macro-fragmented="3660398">
      <mem type="soa" free="2884056" total="29199360" percent="9" />
      <mem type="loa" free="1537024" total="1537024" percent="100" />
    </mem>
    <pending-finalizers system="13" default="0" reference="670" classloader="0" />
    <remembered-set count="6121" />
  </mem-info>
</gc-end>
<cycle-end id="1506" type="scavenge" contextid="1499" timestamp="2025-12-14T22:18:12.592" />
<allocation-satisfied id="1507" threadId="000000000085B500" bytesRequested="24" />
<af-end id="1508" timestamp="2025-12-14T22:18:12.593" threadId="000000000085BF78" success="true" from="nursery"/>
<exclusive-end id="1509" timestamp="2025-12-14T22:18:12.593" durationms="18.004" />

<exclusive-start id="1510" timestamp="2025-12-14T22:18:12.681" intervalms="105.361">
  <response-info timems="0.103" idlems="0.052" threads="2" lastid="00000000005F7B00" lastname="Equinox start level thread - Equinox Container: a76135bd-505b-4" />
</exclusive-start>
<af-start id="1511" threadId="0000000000600378" totalBytesRequested="80" timestamp="2025-12-14T22:18:12.681" intervalms="105.374" type="nursery" />
<cycle-start id="1512" type="scavenge" contextid="0" timestamp="2025-12-14T22:18:12.682" intervalms="105.390" />
<gc-start id="1513" type="scavenge" contextid="1512" timestamp="2025-12-14T22:18:12.683">
  <mem-info id="1514" free="4290968" total="58523648" percent="7">
    <mem type="nursery" free="0" total="27787264" percent="0">
      <mem type="allocate" free="0" total="18350080" percent="0" />
      <mem type="survivor" free="0" total="9437184" percent="0" />
    </mem>
    <mem type="tenure" free="4290968" total="30736384" percent="13">
      <mem type="soa" free="2753944" total="29199360" percent="9" />
      <mem type="loa" free="1537024" total="1537024" percent="100" />
    </mem>
    <remembered-set count="8666" />
  </mem-info>
</gc-start>
<allocation-stats totalBytes="13247824" discardedBytes="11328" >
  <allocated-bytes non-tlh="577880" tlh="12669944" />
  <largest-consumer threadName="Equinox start level thread - Equinox Container: a76135bd-505b-47bb-946e-e77858b80ca1" threadId="00000000005FF900" bytes="4084288" />
</allocation-stats>
<gc-op id="1515" type="scavenge" timems="9.206" contextid="1512" timestamp="2025-12-14T22:18:12.693">
  <scavenger-info tenureage="7" tenuremask="6c80" tiltratio="66" />
  <memory-copied type="nursery" objects="136958" bytes="6513752" bytesdiscarded="255368" />
  <memory-copied type="tenure" objects="6494" bytes="188976" bytesdiscarded="32" />
  <finalization candidates="7" enqueued="7" />
  <ownableSynchronizers candidates="2850" cleared="375" />
  <references type="soft" candidates="1993" cleared="0" enqueued="0" dynamicThreshold="9" maxThreshold="32" />
  <references type="weak" candidates="1632" cleared="453" enqueued="453" />
  <references type="phantom" candidates="279" cleared="5" enqueued="5" />
  <object-monitors candidates="35" cleared="8"  />
</gc-op>
<heap-resize id="1516" type="expand" space="nursery" amount="1310720" count="1" timems="0.069" reason="excessive time being spent scavenging" timestamp="2025-12-14T22:18:12.694" />
<gc-end id="1517" type="scavenge" contextid="1512" durationms="12.056" usertimems="44.012" systemtimems="0.797" stalltimems="21.200" timestamp="2025-12-14T22:18:12.695" activeThreads="7">
  <mem-info id="1518" free="15983344" total="59834368" percent="26">
    <mem type="nursery" free="12216920" total="29097984" percent="41">
      <mem type="allocate" free="12216920" total="19005440" percent="64" />
      <mem type="survivor" free="0" total="10092544" percent="0" />
    </mem>
    <mem type="tenure" free="3766424" total="30736384" percent="12" macro-fragmented="3660398">
      <mem type="soa" free="2229400" total="29199360" percent="7" />
      <mem type="loa" free="1537024" total="1537024" percent="100" />
    </mem>
    <pending-finalizers system="7" default="0" reference="458" classloader="0" />
    <remembered-set count="6891" />
  </mem-info>
</gc-end>
<cycle-end id="1519" type="scavenge" contextid="1512" timestamp="2025-12-14T22:18:12.696" />
<allocation-satisfied id="1520" threadId="00000000005FF900" bytesRequested="80" />
<af-end id="1521" timestamp="2025-12-14T22:18:12.697" threadId="0000000000600378" success="true" from="nursery"/>
<exclusive-end id="1522" timestamp="2025-12-14T22:18:12.698" durationms="17.048" />

<concurrent-kickoff id="1523" timestamp="2025-12-14T22:18:12.749">
  <kickoff reason="threshold reached" targetBytes="13452597" thresholdFreeBytes="1865710"  remainingFree="1825368" tenureFreeBytes="3722328" nurseryFreeBytes="1825368" />
</concurrent-kickoff>
<exclusive-start id="1524" timestamp="2025-12-14T22:18:12.750" intervalms="69.104">
  <response-info timems="0.070" idlems="0.052" threads="1" lastid="00000000005FF900" lastname="Equinox start level thread - Equinox Container: a76135bd-505b-4" />
</exclusive-start>
<cycle-start id="1525" type="global" contextid="0" timestamp="2025-12-14T22:18:12.750" intervalms="2878.094" />
<concurrent-start id="1526" type="global mark" contextid="1525" timestamp="2025-12-14T22:18:12.751">
</concurrent-start>
<exclusive-end id="1527" timestamp="2025-12-14T22:18:12.752" durationms="1.792" />

<concurrent-end id="1528" type="global mark" contextid="1525" timestamp="2025-12-14T22:18:12.779">
<gc-op id="1529" type="trace" timems="27.720" contextid="1525" timestamp="2025-12-14T22:18:12.779">
  <trace bytesTraced="14144460" workStackOverflowCount="0" />
  <card-cleaning reason="card cleaning threshold reached" bytesTraced="28324" cardsCleaned="88" />
</gc-op>
</concurrent-end>

<exclusive-start id="1530" timestamp="2025-12-14T22:18:12.780" intervalms="30.671">
  <response-info timems="0.140" idlems="0.140" threads="0" lastid="00000000005FF900" lastname="Equinox start level thread - Equinox Container: a76135bd-505b-4" />
</exclusive-start>
<concurrent-global-final id="1531" timestamp="2025-12-14T22:18:12.781" contextid="1525" intervalms="2839.174" >
  <concurrent-trace-info reason="card cleaning threshold reached" tracedByMutators="10044540" tracedByHelpers="4128244" cardsCleaned="88" workStackOverflowCount="0" />
</concurrent-global-final>
<gc-start id="1532" type="global" contextid="1525" timestamp="2025-12-14T22:18:12.782">
  <mem-info id="1533" free="3717728" total="59834368" percent="6">
    <mem type="nursery" free="0" total="29097984" percent="0">
      <mem type="allocate" free="0" total="19005440" percent="0" />
      <mem type="survivor" free="0" total="10092544" percent="0" />
    </mem>
    <mem type="tenure" free="3717728" total="30736384" percent="12">
      <mem type="soa" free="2180704" total="29199360" percent="7" />
      <mem type="loa" free="1537024" total="1537024" percent="100" />
    </mem>
    <remembered-set count="8119" />
  </mem-info>
</gc-start>
<allocation-stats totalBytes="12253320" discardedBytes="12296" >
  <allocated-bytes non-tlh="48776" tlh="12204544" />
  <largest-consumer threadName="Equinox start level thread - Equinox Container: a76135bd-505b-47bb-946e-e77858b80ca1" threadId="00000000005EC100" bytes="3629792" />
</allocation-stats>
<gc-op id="1534" type="rs-scan" timems="6.350" contextid="1525" timestamp="2025-12-14T22:18:12.790">
  <scan objectsFound="140324" bytesTraced="4692600" workStackOverflowCount="0" />
</gc-op>
<gc-op id="1535" type="card-cleaning" timems="2.089" contextid="1525" timestamp="2025-12-14T22:18:12.793">
  <card-cleaning cardsCleaned="40" bytesTraced="47708" workStackOverflowCount="0" />
</gc-op>
<gc-op id="1536" type="mark" timems="26.354" contextid="1525" timestamp="2025-12-14T22:18:12.820">
  <trace-info objectcount="4356" scancount="3915" scanbytes="122276" />
  <finalization candidates="736" enqueued="3" />
  <ownableSynchronizers candidates="4279" cleared="224" />
  <references type="soft" candidates="6739" cleared="0" enqueued="0" dynamicThreshold="9" maxThreshold="32" />
  <references type="weak" candidates="2978" cleared="267" enqueued="267" />
  <references type="phantom" candidates="325" cleared="1" enqueued="1" />
  <stringconstants candidates="17013" cleared="42"  />
  <object-monitors candidates="27" cleared="1"  />
</gc-op>
<gc-op id="1537" type="classunload" timems="0.045" contextid="1525" timestamp="2025-12-14T22:18:12.820">
  <classunload-info classloadercandidates="159" classloadersunloaded="0" classesunloaded="0" anonymousclassesunloaded="0" quiescems="0.000" setupms="0.044" scanms="0.000" postms="0.000" />
</gc-op>
<gc-op id="1538" type="sweep" timems="4.863" contextid="1525" timestamp="2025-12-14T22:18:12.826" />
<heap-resize id="1539" type="expand" space="tenure" amount="1900544" count="1" timems="0.563" reason="insufficient free space following gc" timestamp="2025-12-14T22:18:12.828" />
<gc-end id="1540" type="global" contextid="1525" durationms="46.235" usertimems="85.335" systemtimems="40.916" stalltimems="520.846" timestamp="2025-12-14T22:18:12.828" activeThreads="20">
  <mem-info id="1541" free="21750144" total="61734912" percent="35">
    <mem type="nursery" free="11913440" total="29097984" percent="40">
      <mem type="allocate" free="11913440" total="19005440" percent="62" />
      <mem type="survivor" free="0" total="10092544" percent="0" />
    </mem>
    <mem type="tenure" free="9836704" total="32636928" percent="30" micro-fragmented="682055" macro-fragmented="0">
      <mem type="soa" free="8204448" total="31004672" percent="26" />
      <mem type="loa" free="1632256" total="1632256" percent="100" />
    </mem>
    <pending-finalizers system="3" default="0" reference="268" classloader="0" />
    <remembered-set count="6999" />
  </mem-info>
</gc-end>
<cycle-end id="1542" type="global" contextid="1525" timestamp="2025-12-14T22:18:12.829" />
<exclusive-end id="1543" timestamp="2025-12-14T22:18:12.830" durationms="49.480" />

<exclusive-start id="1544" timestamp="2025-12-14T22:18:12.895" intervalms="114.084">
  <response-info timems="0.067" idlems="0.067" threads="0" lastid="00000000005EFE00" lastname="Equinox start level thread - Equinox Container: a76135bd-505b-4" />
</exclusive-start>
<af-start id="1545" threadId="00000000005F0878" totalBytesRequested="80" timestamp="2025-12-14T22:18:12.895" intervalms="213.861" type="nursery" />
<cycle-start id="1546" type="scavenge" contextid="0" timestamp="2025-12-14T22:18:12.896" intervalms="214.055" />
<gc-start id="1547" type="scavenge" contextid="1546" timestamp="2025-12-14T22:18:12.897">
  <mem-info id="1548" free="9743192" total="61734912" percent="15">
    <mem type="nursery" free="0" total="29097984" percent="0">
      <mem type="allocate" free="0" total="19005440" percent="0" />
      <mem type="survivor" free="0" total="10092544" percent="0" />
    </mem>
    <mem type="tenure" free="9743192" total="32636928" percent="29">
      <mem type="soa" free="8110936" total="31004672" percent="26" />
      <mem type="loa" free="1632256" total="1632256" percent="100" />
    </mem>
    <remembered-set count="8284" />
  </mem-info>
</gc-start>
<allocation-stats totalBytes="11899096" discardedBytes="87824" >
  <allocated-bytes non-tlh="656992" tlh="11242104" />
  <largest-consumer threadName="Equinox start level thread - Equinox Container: a76135bd-505b-47bb-946e-e77858b80ca1" threadId="00000000005EC100" bytes="4909016" />
</allocation-stats>
<gc-op id="1549" type="scavenge" timems="9.732" contextid="1546" timestamp="2025-12-14T22:18:12.908">
  <scavenger-info tenureage="12" tenuremask="7000" tiltratio="65" />
  <memory-copied type="nursery" objects="164124" bytes="7014880" bytesdiscarded="148872" />
  <finalization candidates="16" enqueued="16" />
  <ownableSynchronizers candidates="8460" cleared="5452" />
  <references type="soft" candidates="2414" cleared="0" enqueued="0" dynamicThreshold="9" maxThreshold="32" />
  <references type="weak" candidates="2001" cleared="414" enqueued="414" />
  <references type="phantom" candidates="275" cleared="1" enqueued="1" />
  <object-monitors candidates="26" cleared="1"  />
</gc-op>
<gc-end id="1550" type="scavenge" contextid="1546" durationms="12.512" usertimems="46.792" systemtimems="1.800" stalltimems="21.427" timestamp="2025-12-14T22:18:12.910" activeThreads="7">
  <mem-info id="1551" free="22214816" total="61734912" percent="35">
    <mem type="nursery" free="12471624" total="29097984" percent="42">
      <mem type="allocate" free="12471624" total="19660800" percent="63" />
      <mem type="survivor" free="0" total="9437184" percent="0" />
    </mem>
    <mem type="tenure" free="9743192" total="32636928" percent="29" macro-fragmented="0">
      <mem type="soa" free="8110936" total="31004672" percent="26" />
      <mem type="loa" free="1632256" total="1632256" percent="100" />
    </mem>
    <pending-finalizers system="16" default="0" reference="415" classloader="0" />
    <remembered-set count="5959" />
  </mem-info>
</gc-end>
<cycle-end id="1552" type="scavenge" contextid="1546" timestamp="2025-12-14T22:18:12.911" />
<allocation-satisfied id="1553" threadId="00000000005EFE00" bytesRequested="80" />
<af-end id="1554" timestamp="2025-12-14T22:18:12.912" threadId="00000000005F0878" success="true" from="nursery"/>
<exclusive-end id="1555" timestamp="2025-12-14T22:18:12.913" durationms="18.265" />

<exclusive-start id="1556" timestamp="2025-12-14T22:18:12.998" intervalms="103.213">
  <response-info timems="0.104" idlems="0.104" threads="0" lastid="00000000005EFE00" lastname="Equinox start level thread - Equinox Container: a76135bd-505b-4" />
</exclusive-start>
<af-start id="1557" threadId="00000000005F0878" totalBytesRequested="128" timestamp="2025-12-14T22:18:12.999" intervalms="103.257" type="nursery" />
<cycle-start id="1558" type="scavenge" contextid="0" timestamp="2025-12-14T22:18:12.999" intervalms="103.129" />
<gc-start id="1559" type="scavenge" contextid="1558" timestamp="2025-12-14T22:18:13.000">
  <mem-info id="1560" free="9621280" total="61734912" percent="15">
    <mem type="nursery" free="0" total="29097984" percent="0">
      <mem type="allocate" free="0" total="19660800" percent="0" />
      <mem type="survivor" free="0" total="9437184" percent="0" />
    </mem>
    <mem type="tenure" free="9621280" total="32636928" percent="29">
      <mem type="soa" free="7989024" total="31004672" percent="25" />
      <mem type="loa" free="1632256" total="1632256" percent="100" />
    </mem>
    <remembered-set count="8159" />
  </mem-info>
</gc-start>
<allocation-stats totalBytes="12581056" discardedBytes="1432" >
  <allocated-bytes non-tlh="110944" tlh="12470112" />
  <largest-consumer threadName="Equinox start level thread - Equinox Container: a76135bd-505b-47bb-946e-e77858b80ca1" threadId="00000000005EFE00" bytes="4264728" />
</allocation-stats>
<gc-op id="1561" type="scavenge" timems="12.406" contextid="1558" timestamp="2025-12-14T22:18:13.014">
  <scavenger-info tenureage="11" tenuremask="7800" tiltratio="67" />
  <memory-copied type="nursery" objects="197154" bytes="8203120" bytesdiscarded="63352" />
  <finalization candidates="27" enqueued="27" />
  <ownableSynchronizers candidates="4044" cleared="417" />
  <references type="soft" candidates="3213" cleared="0" enqueued="0" dynamicThreshold="9" maxThreshold="32" />
  <references type="weak" candidates="2336" cleared="347" enqueued="347" />
  <references type="phantom" candidates="289" cleared="10" enqueued="10" />
  <object-monitors candidates="26" cleared="0"  />
</gc-op>
<heap-resize id="1562" type="expand" space="nursery" amount="2228224" count="1" timems="0.080" reason="excessive time being spent scavenging" timestamp="2025-12-14T22:18:13.015" />
<gc-end id="1563" type="scavenge" contextid="1558" durationms="15.926" usertimems="57.528" systemtimems="8.213" stalltimems="23.117" timestamp="2025-12-14T22:18:13.016" activeThreads="7">
  <mem-info id="1564" free="20593208" total="63963136" percent="32">
    <mem type="nursery" free="10971928" total="31326208" percent="35">
      <mem type="allocate" free="10971928" total="19267584" percent="56" />
      <mem type="survivor" free="0" total="12058624" percent="0" />
    </mem>
    <mem type="tenure" free="9621280" total="32636928" percent="29" macro-fragmented="0">
      <mem type="soa" free="7989024" total="31004672" percent="25" />
      <mem type="loa" free="1632256" total="1632256" percent="100" />
    </mem>
    <pending-finalizers system="27" default="0" reference="357" classloader="0" />
    <remembered-set count="6793" />
  </mem-info>
</gc-end>
<cycle-end id="1565" type="scavenge" contextid="1558" timestamp="2025-12-14T22:18:13.017" />
<allocation-satisfied id="1566" threadId="00000000005EFE00" bytesRequested="128" />
<af-end id="1567" timestamp="2025-12-14T22:18:13.019" threadId="00000000005F0878" success="true" from="nursery"/>
<exclusive-end id="1568" timestamp="2025-12-14T22:18:13.019" durationms="21.461" />

<exclusive-start id="1569" timestamp="2025-12-14T22:18:13.141" intervalms="143.673">
  <response-info timems="0.068" idlems="0.068" threads="0" lastid="00000000005EFE00" lastname="Equinox start level thread - Equinox Container: a76135bd-505b-4" />
</exclusive-start>
<af-start id="1570" threadId="00000000005F0878" totalBytesRequested="88" timestamp="2025-12-14T22:18:13.142" intervalms="143.790" type="nursery" />
<cycle-start id="1571" type="scavenge" contextid="0" timestamp="2025-12-14T22:18:13.143" intervalms="143.822" />
<gc-start id="1572" type="scavenge" contextid="1571" timestamp="2025-12-14T22:18:13.144">
  <mem-info id="1573" free="9507416" total="63963136" percent="14">
    <mem type="nursery" free="0" total="31326208" percent="0">
      <mem type="allocate" free="0" total="19267584" percent="0" />
      <mem type="survivor" free="0" total="12058624" percent="0" />
    </mem>
    <mem type="tenure" free="9507416" total="32636928" percent="29">
      <mem type="soa" free="7875160" total="31004672" percent="25" />
      <mem type="loa" free="1632256" total="1632256" percent="100" />
    </mem>
    <remembered-set count="8376" />
  </mem-info>
</gc-start>
<allocation-stats totalBytes="11070008" discardedBytes="6304" >
  <allocated-bytes non-tlh="275440" tlh="10794568" />
  <largest-consumer threadName="Equinox start level thread - Equinox Container: a76135bd-505b-47bb-946e-e77858b80ca1" threadId="00000000005FF900" bytes="3722720" />
</allocation-stats>
<gc-op id="1574" type="scavenge" timems="12.142" contextid="1571" timestamp="2025-12-14T22:18:13.158">
  <scavenger-info tenureage="5" tenuremask="7c20" tiltratio="61" />
  <memory-copied type="nursery" objects="169116" bytes="7397576" bytesdiscarded="171336" />
  <memory-copied type="tenure" objects="47664" bytes="1568496" bytesdiscarded="1008" />
  <finalization candidates="44" enqueued="44" />
  <ownableSynchronizers candidates="4311" cleared="237" />
  <references type="soft" candidates="3189" cleared="0" enqueued="0" dynamicThreshold="9" maxThreshold="32" />
  <references type="weak" candidates="2371" cleared="420" enqueued="419" />
  <references type="phantom" candidates="316" cleared="40" enqueued="40" />
  <object-monitors candidates="26" cleared="0"  />
</gc-op>
<heap-resize id="1575" type="expand" space="nursery" amount="1441792" count="1" timems="0.076" reason="excessive time being spent scavenging" timestamp="2025-12-14T22:18:13.159" />
<gc-end id="1576" type="scavenge" contextid="1571" durationms="15.638" usertimems="63.586" systemtimems="1.066" stalltimems="33.185" timestamp="2025-12-14T22:18:13.160" activeThreads="8">
  <mem-info id="1577" free="21285672" total="65404928" percent="32">
    <mem type="nursery" free="13640464" total="32768000" percent="41">
      <mem type="allocate" free="13640464" total="21233664" percent="64" />
      <mem type="survivor" free="0" total="11534336" percent="0" />
    </mem>
    <mem type="tenure" free="7645208" total="32636928" percent="23" macro-fragmented="70224">
      <mem type="soa" free="6012952" total="31004672" percent="19" />
      <mem type="loa" free="1632256" total="1632256" percent="100" />
    </mem>
    <pending-finalizers system="44" default="0" reference="459" classloader="0" />
    <remembered-set count="7848" />
  </mem-info>
</gc-end>
<cycle-end id="1578" type="scavenge" contextid="1571" timestamp="2025-12-14T22:18:13.161" />
<allocation-satisfied id="1579" threadId="00000000005EFE00" bytesRequested="88" />
<af-end id="1580" timestamp="2025-12-14T22:18:13.162" threadId="00000000005F0878" success="true" from="nursery"/>
<exclusive-end id="1581" timestamp="2025-12-14T22:18:13.163" durationms="21.175" />

<exclusive-start id="1582" timestamp="2025-12-14T22:18:13.611" intervalms="469.291">
  <response-info timems="0.074" idlems="0.074" threads="0" lastid="0000000000795C00" lastname="Config-Thread-2" />
</exclusive-start>
<af-start id="1583" threadId="0000000000796678" totalBytesRequested="24" timestamp="2025-12-14T22:18:13.612" intervalms="469.347" type="nursery" />
<cycle-start id="1584" type="scavenge" contextid="0" timestamp="2025-12-14T22:18:13.613" intervalms="469.471" />
<gc-start id="1585" type="scavenge" contextid="1584" timestamp="2025-12-14T22:18:13.614">
  <mem-info id="1586" free="7321472" total="65404928" percent="11">
    <mem type="nursery" free="0" total="32768000" percent="0">
      <mem type="allocate" free="0" total="21233664" percent="0" />
      <mem type="survivor" free="0" total="11534336" percent="0" />
    </mem>
    <mem type="tenure" free="7321472" total="32636928" percent="22">
      <mem type="soa" free="5689216" total="31004672" percent="18" />
      <mem type="loa" free="1632256" total="1632256" percent="100" />
    </mem>
    <remembered-set count="12948" />
  </mem-info>
</gc-start>
<allocation-stats totalBytes="13933720" discardedBytes="13088" >
  <allocated-bytes non-tlh="597512" tlh="13336208" />
  <largest-consumer threadName="Start Level: Equinox Container: a76135bd-505b-47bb-946e-e77858b80ca1" threadId="00000000005E4400" bytes="5340096" />
</allocation-stats>
<gc-op id="1587" type="scavenge" timems="13.434" contextid="1584" timestamp="2025-12-14T22:18:13.629">
  <scavenger-info tenureage="4" tenuremask="7e30" tiltratio="64" />
  <memory-copied type="nursery" objects="140631" bytes="6509032" bytesdiscarded="156296" />
  <memory-copied type="tenure" objects="64653" bytes="2214152" bytesdiscarded="2000" />
  <finalization candidates="127" enqueued="127" />
  <ownableSynchronizers candidates="3945" cleared="263" />
  <references type="soft" candidates="2383" cleared="0" enqueued="0" dynamicThreshold="9" maxThreshold="32" />
  <references type="weak" candidates="2548" cleared="801" enqueued="800" />
  <references type="phantom" candidates="326" cleared="56" enqueued="56" />
  <object-monitors candidates="28" cleared="0"  />
</gc-op>
<gc-end id="1588" type="scavenge" contextid="1584" durationms="16.085" usertimems="63.850" systemtimems="11.990" stalltimems="33.830" timestamp="2025-12-14T22:18:13.630" activeThreads="8">
  <mem-info id="1589" free="20261560" total="65404928" percent="30">
    <mem type="nursery" free="15401064" total="32768000" percent="47">
      <mem type="allocate" free="15401064" total="22085632" percent="69" />
      <mem type="survivor" free="0" total="10682368" percent="0" />
    </mem>
    <mem type="tenure" free="4860496" total="32636928" percent="14" macro-fragmented="4610902">
      <mem type="soa" free="3228240" total="31004672" percent="10" />
      <mem type="loa" free="1632256" total="1632256" percent="100" />
    </mem>
    <pending-finalizers system="127" default="0" reference="856" classloader="0" />
    <remembered-set count="10394" />
  </mem-info>
</gc-end>
<cycle-end id="1590" type="scavenge" contextid="1584" timestamp="2025-12-14T22:18:13.631" />
<allocation-satisfied id="1591" threadId="0000000000795C00" bytesRequested="24" />
<af-end id="1592" timestamp="2025-12-14T22:18:13.632" threadId="0000000000796678" success="true" from="nursery"/>
<exclusive-end id="1593" timestamp="2025-12-14T22:18:13.633" durationms="22.317" />

<concurrent-kickoff id="1594" timestamp="2025-12-14T22:18:13.902">
  <kickoff reason="threshold reached" targetBytes="14469247" thresholdFreeBytes="2002520"  remainingFree="1780032" tenureFreeBytes="4706216" nurseryFreeBytes="1780032" />
</concurrent-kickoff>
<exclusive-start id="1595" timestamp="2025-12-14T22:18:13.903" intervalms="292.461">
  <response-info timems="0.095" idlems="0.095" threads="0" lastid="00000000005E4400" lastname="Start Level: Equinox Container: a76135bd-505b-47bb-946e-e77858b" />
</exclusive-start>
<cycle-start id="1596" type="global" contextid="0" timestamp="2025-12-14T22:18:13.904" intervalms="1153.418" />
<concurrent-start id="1597" type="global mark" contextid="1596" timestamp="2025-12-14T22:18:13.905">
</concurrent-start>
<exclusive-end id="1598" timestamp="2025-12-14T22:18:13.905" durationms="2.054" />

<concurrent-end id="1599" type="global mark" contextid="1596" timestamp="2025-12-14T22:18:14.003">
<gc-op id="1600" type="trace" timems="98.411" contextid="1596" timestamp="2025-12-14T22:18:14.003">
  <trace bytesTraced="17286668" workStackOverflowCount="0" />
  <card-cleaning reason="card cleaning threshold reached" bytesTraced="182660" cardsCleaned="588" />
</gc-op>
</concurrent-end>

<exclusive-start id="1601" timestamp="2025-12-14T22:18:14.004" intervalms="101.165">
  <response-info timems="0.077" idlems="0.077" threads="0" lastid="00000000005E4400" lastname="Start Level: Equinox Container: a76135bd-505b-47bb-946e-e77858b" />
</exclusive-start>
<concurrent-global-final id="1602" timestamp="2025-12-14T22:18:14.005" contextid="1596" intervalms="1223.930" >
  <concurrent-trace-info reason="card cleaning threshold reached" tracedByMutators="1854472" tracedByHelpers="15614856" cardsCleaned="588" workStackOverflowCount="0" />
</concurrent-global-final>
<gc-start id="1603" type="global" contextid="1596" timestamp="2025-12-14T22:18:14.006">
  <mem-info id="1604" free="5257808" total="65404928" percent="8">
    <mem type="nursery" free="612672" total="32768000" percent="1">
      <mem type="allocate" free="612672" total="22085632" percent="2" />
      <mem type="survivor" free="0" total="10682368" percent="0" />
    </mem>
    <mem type="tenure" free="4645136" total="32636928" percent="14">
      <mem type="soa" free="3012880" total="31004672" percent="9" />
      <mem type="loa" free="1632256" total="1632256" percent="100" />
    </mem>
    <remembered-set count="13635" />
  </mem-info>
</gc-start>
<allocation-stats totalBytes="14997544" discardedBytes="6208" >
  <allocated-bytes non-tlh="323688" tlh="14673856" />
  <largest-consumer threadName="Start Level: Equinox Container: a76135bd-505b-47bb-946e-e77858b80ca1" threadId="00000000005E4400" bytes="13406200" />
</allocation-stats>
<gc-op id="1605" type="rs-scan" timems="9.604" contextid="1596" timestamp="2025-12-14T22:18:14.017">
  <scan objectsFound="154906" bytesTraced="5513400" workStackOverflowCount="0" />
</gc-op>
<gc-op id="1606" type="card-cleaning" timems="2.344" contextid="1596" timestamp="2025-12-14T22:18:14.020">
  <card-cleaning cardsCleaned="0" bytesTraced="0" workStackOverflowCount="0" />
</gc-op>
<gc-op id="1607" type="mark" timems="29.026" contextid="1596" timestamp="2025-12-14T22:18:14.050">
  <trace-info objectcount="11232" scancount="10271" scanbytes="291760" />
  <finalization candidates="750" enqueued="16" />
  <ownableSynchronizers candidates="6387" cleared="140" />
  <references type="soft" candidates="9291" cleared="0" enqueued="0" dynamicThreshold="9" maxThreshold="32" />
  <references type="weak" candidates="9148" cleared="466" enqueued="459" />
  <references type="phantom" candidates="361" cleared="18" enqueued="18" />
  <stringconstants candidates="23460" cleared="50"  />
  <object-monitors candidates="28" cleared="0"  />
</gc-op>
<gc-op id="1608" type="classunload" timems="0.145" contextid="1596" timestamp="2025-12-14T22:18:14.051">
  <classunload-info classloadercandidates="268" classloadersunloaded="10" classesunloaded="0" anonymousclassesunloaded="0" quiescems="0.000" setupms="0.120" scanms="0.011" postms="0.012" />
</gc-op>
<gc-op id="1609" type="sweep" timems="4.179" contextid="1596" timestamp="2025-12-14T22:18:14.056" />
<heap-resize id="1610" type="expand" space="tenure" amount="6619136" count="1" timems="3.018" reason="insufficient free space following gc" timestamp="2025-12-14T22:18:14.060" />
<gc-end id="1611" type="global" contextid="1596" durationms="54.545" usertimems="104.011" systemtimems="62.802" stalltimems="552.780" timestamp="2025-12-14T22:18:14.061" activeThreads="20">
  <mem-info id="1612" free="25510736" total="72024064" percent="35">
    <mem type="nursery" free="13695288" total="32768000" percent="41">
      <mem type="allocate" free="13695288" total="22085632" percent="62" />
      <mem type="survivor" free="0" total="10682368" percent="0" />
    </mem>
    <mem type="tenure" free="11815448" total="39256064" percent="30" micro-fragmented="848995" macro-fragmented="0">
      <mem type="soa" free="9852440" total="37293056" percent="26" />
      <mem type="loa" free="1963008" total="1963008" percent="100" />
    </mem>
    <pending-finalizers system="16" default="0" reference="477" classloader="0" />
    <remembered-set count="12102" />
  </mem-info>
</gc-end>
<cycle-end id="1613" type="global" contextid="1596" timestamp="2025-12-14T22:18:14.062" />
<exclusive-end id="1614" timestamp="2025-12-14T22:18:14.062" durationms="57.941" />

<exclusive-start id="1615" timestamp="2025-12-14T22:18:14.912" intervalms="907.969">
  <response-info timems="0.094" idlems="0.094" threads="0" lastid="00000000005E4400" lastname="Start Level: Equinox Container: a76135bd-505b-47bb-946e-e77858b" />
</exclusive-start>
<af-start id="1616" threadId="00000000005E4E78" totalBytesRequested="8576" timestamp="2025-12-14T22:18:14.913" intervalms="1301.395" type="nursery" />
<cycle-start id="1617" type="scavenge" contextid="0" timestamp="2025-12-14T22:18:14.914" intervalms="1301.239" />
<gc-start id="1618" type="scavenge" contextid="1617" timestamp="2025-12-14T22:18:14.915">
  <mem-info id="1619" free="11465648" total="72024064" percent="15">
    <mem type="nursery" free="0" total="32768000" percent="0">
      <mem type="allocate" free="0" total="22085632" percent="0" />
      <mem type="survivor" free="0" total="10682368" percent="0" />
    </mem>
    <mem type="tenure" free="11465648" total="39256064" percent="29">
      <mem type="soa" free="9502640" total="37293056" percent="25" />
      <mem type="loa" free="1963008" total="1963008" percent="100" />
    </mem>
    <remembered-set count="16970" />
  </mem-info>
</gc-start>
<allocation-stats totalBytes="13941248" discardedBytes="77312" >
  <allocated-bytes non-tlh="1357936" tlh="12583312" />
  <largest-consumer threadName="Start Level: Equinox Container: a76135bd-505b-47bb-946e-e77858b80ca1" threadId="00000000005E4400" bytes="13731848" />
</allocation-stats>
<gc-op id="1620" type="scavenge" timems="12.008" contextid="1617" timestamp="2025-12-14T22:18:14.928">
  <scavenger-info tenureage="3" tenuremask="7f08" tiltratio="67" />
  <memory-copied type="nursery" objects="128036" bytes="6157208" bytesdiscarded="138776" />
  <memory-copied type="tenure" objects="49949" bytes="1993304" bytesdiscarded="1072" />
  <finalization candidates="31" enqueued="30" />
  <ownableSynchronizers candidates="13011" cleared="10062" />
  <references type="soft" candidates="2645" cleared="0" enqueued="0" dynamicThreshold="9" maxThreshold="32" />
  <references type="weak" candidates="9154" cleared="471" enqueued="466" />
  <references type="phantom" candidates="255" cleared="14" enqueued="14" />
  <object-monitors candidates="28" cleared="0"  />
</gc-op>
<gc-end id="1621" type="scavenge" contextid="1617" durationms="14.753" usertimems="69.471" systemtimems="6.703" stalltimems="33.632" timestamp="2025-12-14T22:18:14.929" activeThreads="9">
  <mem-info id="1622" free="25100144" total="72024064" percent="34">
    <mem type="nursery" free="16295480" total="32768000" percent="49">
      <mem type="allocate" free="16295480" total="22609920" percent="72" />
      <mem type="survivor" free="0" total="10158080" percent="0" />
    </mem>
    <mem type="tenure" free="8804664" total="39256064" percent="22" macro-fragmented="4479464">
      <mem type="soa" free="6841656" total="37293056" percent="18" />
      <mem type="loa" free="1963008" total="1963008" percent="100" />
    </mem>
    <pending-finalizers system="30" default="0" reference="480" classloader="0" />
    <remembered-set count="14218" />
  </mem-info>
</gc-end>
<cycle-end id="1623" type="scavenge" contextid="1617" timestamp="2025-12-14T22:18:14.930" />
<allocation-satisfied id="1624" threadId="00000000005E4400" bytesRequested="8576" />
<af-end id="1625" timestamp="2025-12-14T22:18:14.932" threadId="00000000005E4E78" success="true" from="nursery"/>
<exclusive-end id="1626" timestamp="2025-12-14T22:18:14.932" durationms="20.098" />

<exclusive-start id="1627" timestamp="2025-12-14T22:18:15.248" intervalms="335.821">
  <response-info timems="0.088" idlems="0.088" threads="0" lastid="00000000005E4400" lastname="Start Level: Equinox Container: a76135bd-505b-47bb-946e-e77858b" />
</exclusive-start>
<af-start id="1628" threadId="00000000005E4E78" totalBytesRequested="88" timestamp="2025-12-14T22:18:15.249" intervalms="336.109" type="nursery" />
<cycle-start id="1629" type="scavenge" contextid="0" timestamp="2025-12-14T22:18:15.250" intervalms="336.480" />
<gc-start id="1630" type="scavenge" contextid="1629" timestamp="2025-12-14T22:18:15.252">
  <mem-info id="1631" free="8779640" total="72024064" percent="12">
    <mem type="nursery" free="0" total="32768000" percent="0">
      <mem type="allocate" free="0" total="22609920" percent="0" />
      <mem type="survivor" free="0" total="10158080" percent="0" />
    </mem>
    <mem type="tenure" free="8779640" total="39256064" percent="22">
      <mem type="soa" free="6816632" total="37293056" percent="18" />
      <mem type="loa" free="1963008" total="1963008" percent="100" />
    </mem>
    <remembered-set count="15000" />
  </mem-info>
</gc-start>
<allocation-stats totalBytes="16319352" discardedBytes="1152" >
  <allocated-bytes non-tlh="33600" tlh="16285752" />
  <largest-consumer threadName="Start Level: Equinox Container: a76135bd-505b-47bb-946e-e77858b80ca1" threadId="00000000005E4400" bytes="16180160" />
</allocation-stats>
<gc-op id="1632" type="scavenge" timems="10.701" contextid="1629" timestamp="2025-12-14T22:18:15.265">
  <scavenger-info tenureage="9" tenuremask="7e00" tiltratio="69" />
  <memory-copied type="nursery" objects="136724" bytes="6950664" bytesdiscarded="104184" />
  <finalization candidates="48" enqueued="47" />
  <ownableSynchronizers candidates="2446" cleared="89" />
  <references type="soft" candidates="2729" cleared="0" enqueued="0" dynamicThreshold="9" maxThreshold="32" />
  <references type="weak" candidates="8945" cleared="151" enqueued="151" />
  <references type="phantom" candidates="294" cleared="20" enqueued="20" />
  <object-monitors candidates="28" cleared="0"  />
</gc-op>
<gc-end id="1633" type="scavenge" contextid="1629" durationms="13.865" usertimems="43.171" systemtimems="13.425" stalltimems="39.519" timestamp="2025-12-14T22:18:15.266" activeThreads="9">
  <mem-info id="1634" free="24446968" total="72024064" percent="33">
    <mem type="nursery" free="15667328" total="32768000" percent="47">
      <mem type="allocate" free="15667328" total="22740992" percent="68" />
      <mem type="survivor" free="0" total="10027008" percent="0" />
    </mem>
    <mem type="tenure" free="8779640" total="39256064" percent="22" macro-fragmented="3110739">
      <mem type="soa" free="6816632" total="37293056" percent="18" />
      <mem type="loa" free="1963008" total="1963008" percent="100" />
    </mem>
    <pending-finalizers system="47" default="0" reference="171" classloader="0" />
    <remembered-set count="12171" />
  </mem-info>
</gc-end>
<cycle-end id="1635" type="scavenge" contextid="1629" timestamp="2025-12-14T22:18:15.268" />
<allocation-satisfied id="1636" threadId="00000000005E4400" bytesRequested="88" />
<af-end id="1637" timestamp="2025-12-14T22:18:15.269" threadId="00000000005E4E78" success="true" from="nursery"/>
<exclusive-end id="1638" timestamp="2025-12-14T22:18:15.270" durationms="21.904" />

<exclusive-start id="1639" timestamp="2025-12-14T22:18:16.029" intervalms="780.731">
  <response-info timems="0.068" idlems="0.068" threads="0" lastid="00000000005E4400" lastname="Start Level: Equinox Container: a76135bd-505b-47bb-946e-e77858b" />
</exclusive-start>
<af-start id="1640" threadId="00000000005E4E78" totalBytesRequested="19960" timestamp="2025-12-14T22:18:16.030" intervalms="780.665" type="nursery" />
<cycle-start id="1641" type="scavenge" contextid="0" timestamp="2025-12-14T22:18:16.031" intervalms="780.464" />
<gc-start id="1642" type="scavenge" contextid="1641" timestamp="2025-12-14T22:18:16.033">
  <mem-info id="1643" free="8771952" total="72024064" percent="12">
    <mem type="nursery" free="0" total="32768000" percent="0">
      <mem type="allocate" free="0" total="22740992" percent="0" />
      <mem type="survivor" free="0" total="10027008" percent="0" />
    </mem>
    <mem type="tenure" free="8771952" total="39256064" percent="22">
      <mem type="soa" free="6808944" total="37293056" percent="18" />
      <mem type="loa" free="1963008" total="1963008" percent="100" />
    </mem>
    <remembered-set count="13032" />
  </mem-info>
</gc-start>
<allocation-stats totalBytes="15629176" discardedBytes="45840" >
  <allocated-bytes non-tlh="489984" tlh="15139192" />
  <largest-consumer threadName="Start Level: Equinox Container: a76135bd-505b-47bb-946e-e77858b80ca1" threadId="00000000005E4400" bytes="15539000" />
</allocation-stats>
<gc-op id="1644" type="scavenge" timems="10.856" contextid="1641" timestamp="2025-12-14T22:18:16.045">
  <scavenger-info tenureage="3" tenuremask="7f08" tiltratio="69" />
  <memory-copied type="nursery" objects="104187" bytes="5701320" bytesdiscarded="250200" />
  <memory-copied type="tenure" objects="39187" bytes="1297088" bytesdiscarded="928" />
  <finalization candidates="11" enqueued="10" />
  <ownableSynchronizers candidates="2408" cleared="5" />
  <references type="soft" candidates="1995" cleared="0" enqueued="0" dynamicThreshold="9" maxThreshold="32" />
  <references type="weak" candidates="8605" cleared="55" enqueued="55" />
  <references type="phantom" candidates="270" cleared="7" enqueued="7" />
  <object-monitors candidates="28" cleared="0"  />
</gc-op>
<gc-end id="1645" type="scavenge" contextid="1641" durationms="14.134" usertimems="46.012" systemtimems="12.492" stalltimems="28.215" timestamp="2025-12-14T22:18:16.047" activeThreads="8">
  <mem-info id="1646" free="24392144" total="72024064" percent="33">
    <mem type="nursery" free="17033312" total="32768000" percent="51">
      <mem type="allocate" free="17033312" total="23003136" percent="74" />
      <mem type="survivor" free="0" total="9764864" percent="0" />
    </mem>
    <mem type="tenure" free="7358832" total="39256064" percent="18" macro-fragmented="4479464">
      <mem type="soa" free="5395824" total="37293056" percent="14" />
      <mem type="loa" free="1963008" total="1963008" percent="100" />
    </mem>
    <pending-finalizers system="10" default="0" reference="62" classloader="0" />
    <remembered-set count="6815" />
  </mem-info>
</gc-end>
<cycle-end id="1647" type="scavenge" contextid="1641" timestamp="2025-12-14T22:18:16.048" />
<allocation-satisfied id="1648" threadId="00000000005E4400" bytesRequested="19960" />
<af-end id="1649" timestamp="2025-12-14T22:18:16.049" threadId="00000000005E4E78" success="true" from="nursery"/>
<exclusive-end id="1650" timestamp="2025-12-14T22:18:16.050" durationms="21.331" />

<exclusive-start id="1651" timestamp="2025-12-14T22:18:16.736" intervalms="706.850">
  <response-info timems="0.069" idlems="0.069" threads="0" lastid="00000000005E4400" lastname="Start Level: Equinox Container: a76135bd-505b-47bb-946e-e77858b" />
</exclusive-start>
<af-start id="1652" threadId="00000000005E4E78" totalBytesRequested="144" timestamp="2025-12-14T22:18:16.737" intervalms="706.760" type="nursery" />
<cycle-start id="1653" type="scavenge" contextid="0" timestamp="2025-12-14T22:18:16.738" intervalms="706.706" />
<gc-start id="1654" type="scavenge" contextid="1653" timestamp="2025-12-14T22:18:16.739">
  <mem-info id="1655" free="7253576" total="72024064" percent="10">
    <mem type="nursery" free="0" total="32768000" percent="0">
      <mem type="allocate" free="0" total="23003136" percent="0" />
      <mem type="survivor" free="0" total="9764864" percent="0" />
    </mem>
    <mem type="tenure" free="7253576" total="39256064" percent="18">
      <mem type="soa" free="5290568" total="37293056" percent="14" />
      <mem type="loa" free="1963008" total="1963008" percent="100" />
    </mem>
    <remembered-set count="8665" />
  </mem-info>
</gc-start>
<allocation-stats totalBytes="17133824" discardedBytes="4744" >
  <allocated-bytes non-tlh="125216" tlh="17008608" />
  <largest-consumer threadName="Start Level: Equinox Container: a76135bd-505b-47bb-946e-e77858b80ca1" threadId="00000000005E4400" bytes="16961992" />
</allocation-stats>
<gc-op id="1656" type="scavenge" timems="9.272" contextid="1653" timestamp="2025-12-14T22:18:16.749">
  <scavenger-info tenureage="8" tenuremask="7f00" tiltratio="70" />
  <memory-copied type="nursery" objects="117834" bytes="6361808" bytesdiscarded="195744" />
  <finalization candidates="4" enqueued="2" />
  <ownableSynchronizers candidates="2362" cleared="203" />
  <references type="soft" candidates="2383" cleared="0" enqueued="0" dynamicThreshold="9" maxThreshold="32" />
  <references type="weak" candidates="9025" cleared="361" enqueued="356" />
  <references type="phantom" candidates="286" cleared="7" enqueued="7" />
  <object-monitors candidates="28" cleared="0"  />
</gc-op>
<gc-end id="1657" type="scavenge" contextid="1653" durationms="12.406" usertimems="47.857" systemtimems="1.068" stalltimems="28.280" timestamp="2025-12-14T22:18:16.751" activeThreads="8">
  <mem-info id="1658" free="23875480" total="72024064" percent="33">
    <mem type="nursery" free="16621904" total="32768000" percent="50">
      <mem type="allocate" free="16621904" total="23199744" percent="71" />
      <mem type="survivor" free="0" total="9568256" percent="0" />
    </mem>
    <mem type="tenure" free="7253576" total="39256064" percent="18" macro-fragmented="0">
      <mem type="soa" free="5290568" total="37293056" percent="14" />
      <mem type="loa" free="1963008" total="1963008" percent="100" />
    </mem>
    <pending-finalizers system="2" default="0" reference="363" classloader="0" />
    <remembered-set count="8227" />
  </mem-info>
</gc-end>
<cycle-end id="1659" type="scavenge" contextid="1653" timestamp="2025-12-14T22:18:16.752" />
<allocation-satisfied id="1660" threadId="00000000005E4400" bytesRequested="144" />
<af-end id="1661" timestamp="2025-12-14T22:18:16.754" threadId="00000000005E4E78" success="true" from="nursery"/>
<exclusive-end id="1662" timestamp="2025-12-14T22:18:16.754" durationms="18.767" />

<exclusive-start id="1663" timestamp="2025-12-14T22:18:17.183" intervalms="446.966">
  <response-info timems="0.072" idlems="0.072" threads="0" lastid="00000000005FF900" lastname="Equinox start level thread - Equinox Container: a76135bd-505b-4" />
</exclusive-start>
<af-start id="1664" threadId="0000000000600378" totalBytesRequested="48" timestamp="2025-12-14T22:18:17.184" intervalms="446.982" type="nursery" />
<cycle-start id="1665" type="scavenge" contextid="0" timestamp="2025-12-14T22:18:17.184" intervalms="446.959" />
<gc-start id="1666" type="scavenge" contextid="1665" timestamp="2025-12-14T22:18:17.187">
  <mem-info id="1667" free="7153520" total="72024064" percent="9">
    <mem type="nursery" free="0" total="32768000" percent="0">
      <mem type="allocate" free="0" total="23199744" percent="0" />
      <mem type="survivor" free="0" total="9568256" percent="0" />
    </mem>
    <mem type="tenure" free="7153520" total="39256064" percent="18">
      <mem type="soa" free="5190512" total="37293056" percent="13" />
      <mem type="loa" free="1963008" total="1963008" percent="100" />
    </mem>
    <remembered-set count="10161" />
  </mem-info>
</gc-start>
<allocation-stats totalBytes="16710240" discardedBytes="11720" >
  <allocated-bytes non-tlh="118520" tlh="16591720" />
  <largest-consumer threadName="Start Level: Equinox Container: a76135bd-505b-47bb-946e-e77858b80ca1" threadId="00000000005E4400" bytes="11150248" />
</allocation-stats>
<gc-op id="1668" type="scavenge" timems="13.259" contextid="1665" timestamp="2025-12-14T22:18:17.202">
  <scavenger-info tenureage="4" tenuremask="7f10" tiltratio="70" />
  <memory-copied type="nursery" objects="69033" bytes="3850984" bytesdiscarded="397712" />
  <memory-copied type="tenure" objects="67459" bytes="2439504" bytesdiscarded="952" />
  <finalization candidates="9" enqueued="7" />
  <ownableSynchronizers candidates="2905" cleared="299" />
  <references type="soft" candidates="1384" cleared="0" enqueued="0" dynamicThreshold="9" maxThreshold="32" />
  <references type="weak" candidates="1133" cleared="398" enqueued="397" />
  <references type="phantom" candidates="311" cleared="11" enqueued="11" />
  <object-monitors candidates="32" cleared="3"  />
</gc-op>
<gc-end id="1669" type="scavenge" contextid="1665" durationms="16.247" usertimems="51.857" systemtimems="14.117" stalltimems="30.674" timestamp="2025-12-14T22:18:17.203" activeThreads="8">
  <mem-info id="1670" free="23780528" total="72024064" percent="33">
    <mem type="nursery" free="19265112" total="32768000" percent="58">
      <mem type="allocate" free="19265112" total="23527424" percent="81" />
      <mem type="survivor" free="0" total="9240576" percent="0" />
    </mem>
    <mem type="tenure" free="4515416" total="39256064" percent="11" macro-fragmented="0">
      <mem type="soa" free="2552408" total="37293056" percent="6" />
      <mem type="loa" free="1963008" total="1963008" percent="100" />
    </mem>
    <pending-finalizers system="7" default="0" reference="408" classloader="0" />
    <remembered-set count="6510" />
  </mem-info>
</gc-end>
<cycle-end id="1671" type="scavenge" contextid="1665" timestamp="2025-12-14T22:18:17.205" />
<allocation-satisfied id="1672" threadId="00000000005FF900" bytesRequested="48" />
<af-end id="1673" timestamp="2025-12-14T22:18:17.207" threadId="0000000000600378" success="true" from="nursery"/>
<exclusive-end id="1674" timestamp="2025-12-14T22:18:17.207" durationms="24.525" />

<concurrent-kickoff id="1675" timestamp="2025-12-14T22:18:17.619">
  <kickoff reason="threshold reached" targetBytes="18111521" thresholdFreeBytes="2505449"  remainingFree="2430552" tenureFreeBytes="4291872" nurseryFreeBytes="2430552" />
</concurrent-kickoff>
<exclusive-start id="1676" timestamp="2025-12-14T22:18:17.620" intervalms="437.147">
  <response-info timems="0.098" idlems="0.098" threads="0" lastid="0000000000859E00" lastname="Default Executor-thread-6" />
</exclusive-start>
<cycle-start id="1677" type="global" contextid="0" timestamp="2025-12-14T22:18:17.621" intervalms="3716.961" />
<concurrent-start id="1678" type="global mark" contextid="1677" timestamp="2025-12-14T22:18:17.622">
</concurrent-start>
<exclusive-end id="1679" timestamp="2025-12-14T22:18:17.623" durationms="3.043" />

<concurrent-end id="1680" type="global mark" contextid="1677" timestamp="2025-12-14T22:18:17.721">
<gc-op id="1681" type="trace" timems="99.495" contextid="1677" timestamp="2025-12-14T22:18:17.721">
  <trace bytesTraced="22550480" workStackOverflowCount="0" />
  <card-cleaning reason="card cleaning threshold reached" bytesTraced="83944" cardsCleaned="237" />
</gc-op>
</concurrent-end>

<exclusive-start id="1682" timestamp="2025-12-14T22:18:17.723" intervalms="103.006">
  <response-info timems="0.069" idlems="0.069" threads="0" lastid="0000000000859100" lastname="Default Executor-thread-5" />
</exclusive-start>
<concurrent-global-final id="1683" timestamp="2025-12-14T22:18:17.724" contextid="1677" intervalms="3718.396" >
  <concurrent-trace-info reason="card cleaning threshold reached" tracedByMutators="867452" tracedByHelpers="21766972" cardsCleaned="237" workStackOverflowCount="0" />
</concurrent-global-final>
<gc-start id="1684" type="global" contextid="1677" timestamp="2025-12-14T22:18:17.725">
  <mem-info id="1685" free="4332360" total="72024064" percent="6">
    <mem type="nursery" free="63064" total="32768000" percent="0">
      <mem type="allocate" free="63064" total="23527424" percent="0" />
      <mem type="survivor" free="0" total="9240576" percent="0" />
    </mem>
    <mem type="tenure" free="4269296" total="39256064" percent="10">
      <mem type="soa" free="2306288" total="37293056" percent="6" />
      <mem type="loa" free="1963008" total="1963008" percent="100" />
    </mem>
    <remembered-set count="10661" />
  </mem-info>
</gc-start>
<allocation-stats totalBytes="19360464" discardedBytes="87704" >
  <allocated-bytes non-tlh="817704" tlh="18542760" />
  <largest-consumer threadName="Equinox start level thread - Equinox Container: a76135bd-505b-47bb-946e-e77858b80ca1" threadId="00000000005FF900" bytes="9137168" />
</allocation-stats>
<gc-op id="1686" type="rs-scan" timems="7.914" contextid="1677" timestamp="2025-12-14T22:18:17.734">
  <scan objectsFound="78087" bytesTraced="2946780" workStackOverflowCount="0" />
</gc-op>
<gc-op id="1687" type="card-cleaning" timems="3.651" contextid="1677" timestamp="2025-12-14T22:18:17.738">
  <card-cleaning cardsCleaned="9" bytesTraced="38108" workStackOverflowCount="0" />
</gc-op>
<gc-op id="1688" type="mark" timems="31.596" contextid="1677" timestamp="2025-12-14T22:18:17.771">
  <trace-info objectcount="4405" scancount="4181" scanbytes="131776" />
  <finalization candidates="744" enqueued="20" />
  <ownableSynchronizers candidates="7964" cleared="33" />
  <references type="soft" candidates="11392" cleared="1304" enqueued="1287" dynamicThreshold="9" maxThreshold="32" />
  <references type="weak" candidates="13134" cleared="712" enqueued="712" />
  <references type="phantom" candidates="415" cleared="5" enqueued="5" />
  <stringconstants candidates="30629" cleared="34"  />
  <object-monitors candidates="160" cleared="94"  />
</gc-op>
<gc-op id="1689" type="classunload" timems="1.746" contextid="1677" timestamp="2025-12-14T22:18:17.773">
  <classunload-info classloadercandidates="366" classloadersunloaded="5" classesunloaded="5" anonymousclassesunloaded="0" quiescems="0.000" setupms="1.716" scanms="0.016" postms="0.013" />
</gc-op>
<gc-op id="1690" type="sweep" timems="6.034" contextid="1677" timestamp="2025-12-14T22:18:17.780" />
<heap-resize id="1691" type="expand" space="tenure" amount="8519680" count="1" timems="2.995" reason="insufficient free space following gc" timestamp="2025-12-14T22:18:17.784" />
<gc-end id="1692" type="global" contextid="1677" durationms="60.748" usertimems="110.361" systemtimems="52.636" stalltimems="599.544" timestamp="2025-12-14T22:18:17.785" activeThreads="20">
  <mem-info id="1693" free="32945128" total="80543744" percent="40">
    <mem type="nursery" free="18566872" total="32768000" percent="56">
      <mem type="allocate" free="18566872" total="23527424" percent="78" />
      <mem type="survivor" free="0" total="9240576" percent="0" />
    </mem>
    <mem type="tenure" free="14378256" total="47775744" percent="30" micro-fragmented="946561" macro-fragmented="0">
      <mem type="soa" free="11989264" total="45386752" percent="26" />
      <mem type="loa" free="2388992" total="2388992" percent="100" />
    </mem>
    <pending-finalizers system="20" default="0" reference="2004" classloader="0" />
    <remembered-set count="9116" />
  </mem-info>
</gc-end>
<cycle-end id="1694" type="global" contextid="1677" timestamp="2025-12-14T22:18:17.786" />
<exclusive-end id="1695" timestamp="2025-12-14T22:18:17.787" durationms="64.162" />

<exclusive-start id="1696" timestamp="2025-12-14T22:18:18.077" intervalms="354.575">
  <response-info timems="0.094" idlems="0.094" threads="0" lastid="000000000085B500" lastname="Default Executor-thread-3" />
</exclusive-start>
<af-start id="1697" threadId="000000000085BF78" totalBytesRequested="65544" timestamp="2025-12-14T22:18:18.078" intervalms="894.672" type="nursery" />
<cycle-start id="1698" type="scavenge" contextid="0" timestamp="2025-12-14T22:18:18.079" intervalms="894.609" />
<gc-start id="1699" type="scavenge" contextid="1698" timestamp="2025-12-14T22:18:18.080">
  <mem-info id="1700" free="14220032" total="80543744" percent="17">
    <mem type="nursery" free="63208" total="32768000" percent="0">
      <mem type="allocate" free="63208" total="23527424" percent="0" />
      <mem type="survivor" free="0" total="9240576" percent="0" />
    </mem>
    <mem type="tenure" free="14156824" total="47775744" percent="29">
      <mem type="soa" free="11767832" total="45386752" percent="25" />
      <mem type="loa" free="2388992" total="2388992" percent="100" />
    </mem>
    <remembered-set count="13783" />
  </mem-info>
</gc-start>
<allocation-stats totalBytes="18511760" discardedBytes="177160" >
  <allocated-bytes non-tlh="6658632" tlh="11853128" />
  <largest-consumer threadName="Default Executor-thread-3" threadId="000000000085B500" bytes="5314848" />
</allocation-stats>
<gc-op id="1701" type="scavenge" timems="9.639" contextid="1698" timestamp="2025-12-14T22:18:18.091">
  <scavenger-info tenureage="7" tenuremask="7f80" tiltratio="71" />
  <memory-copied type="nursery" objects="74343" bytes="4246672" bytesdiscarded="232712" />
  <memory-copied type="tenure" objects="17047" bytes="551792" bytesdiscarded="504" />
  <finalization candidates="22" enqueued="21" />
  <ownableSynchronizers candidates="14102" cleared="12276" />
  <references type="soft" candidates="1634" cleared="0" enqueued="0" dynamicThreshold="9" maxThreshold="32" />
  <references type="weak" candidates="1357" cleared="336" enqueued="336" />
  <references type="phantom" candidates="364" cleared="9" enqueued="9" />
  <object-monitors candidates="193" cleared="81"  />
</gc-op>
<gc-end id="1702" type="scavenge" contextid="1698" durationms="12.271" usertimems="45.494" systemtimems="1.426" stalltimems="31.361" timestamp="2025-12-14T22:18:18.092" activeThreads="8">
  <mem-info id="1703" free="33026488" total="80543744" percent="41">
    <mem type="nursery" free="19755408" total="32768000" percent="60">
      <mem type="allocate" free="19755408" total="24248320" percent="81" />
      <mem type="survivor" free="0" total="8519680" percent="0" />
    </mem>
    <mem type="tenure" free="13271080" total="47775744" percent="27" macro-fragmented="6450429">
      <mem type="soa" free="10882088" total="45386752" percent="23" />
      <mem type="loa" free="2388992" total="2388992" percent="100" />
    </mem>
    <pending-finalizers system="21" default="0" reference="345" classloader="0" />
    <remembered-set count="10714" />
  </mem-info>
</gc-end>
<cycle-end id="1704" type="scavenge" contextid="1698" timestamp="2025-12-14T22:18:18.093" />
<allocation-satisfied id="1705" threadId="000000000085B500" bytesRequested="65544" />
<af-end id="1706" timestamp="2025-12-14T22:18:18.096" threadId="000000000085BF78" success="true" from="nursery"/>
<exclusive-end id="1707" timestamp="2025-12-14T22:18:18.096" durationms="18.886" />

<exclusive-start id="1708" timestamp="2025-12-14T22:18:18.260" intervalms="182.638">
  <response-info timems="0.070" idlems="0.070" threads="0" lastid="000000000085B500" lastname="Default Executor-thread-3" />
</exclusive-start>
<af-start id="1709" threadId="000000000085BF78" totalBytesRequested="1272" timestamp="2025-12-14T22:18:18.261" intervalms="182.569" type="nursery" />
<cycle-start id="1710" type="scavenge" contextid="0" timestamp="2025-12-14T22:18:18.262" intervalms="182.601" />
<gc-start id="1711" type="scavenge" contextid="1710" timestamp="2025-12-14T22:18:18.263">
  <mem-info id="1712" free="13163624" total="80543744" percent="16">
    <mem type="nursery" free="0" total="32768000" percent="0">
      <mem type="allocate" free="0" total="24248320" percent="0" />
      <mem type="survivor" free="0" total="8519680" percent="0" />
    </mem>
    <mem type="tenure" free="13163624" total="47775744" percent="27">
      <mem type="soa" free="10774632" total="45386752" percent="23" />
      <mem type="loa" free="2388992" total="2388992" percent="100" />
    </mem>
    <remembered-set count="12371" />
  </mem-info>
</gc-start>
<allocation-stats totalBytes="19743208" discardedBytes="119200" >
  <allocated-bytes non-tlh="213528" tlh="19529680" />
  <largest-consumer threadName="Default Executor-thread-5" threadId="0000000000859100" bytes="5777680" />
</allocation-stats>
<gc-op id="1713" type="scavenge" timems="7.897" contextid="1710" timestamp="2025-12-14T22:18:18.272">
  <scavenger-info tenureage="8" tenuremask="7f00" tiltratio="74" />
  <memory-copied type="nursery" objects="83109" bytes="4743688" bytesdiscarded="114160" />
  <finalization candidates="8" enqueued="6" />
  <ownableSynchronizers candidates="1483" cleared="44" />
  <references type="soft" candidates="1685" cleared="0" enqueued="0" dynamicThreshold="9" maxThreshold="32" />
  <references type="weak" candidates="1583" cleared="372" enqueued="356" />
  <references type="phantom" candidates="373" cleared="3" enqueued="3" />
  <object-monitors candidates="144" cleared="27"  />
</gc-op>
<gc-end id="1714" type="scavenge" contextid="1710" durationms="9.901" usertimems="37.178" systemtimems="0.009" stalltimems="27.461" timestamp="2025-12-14T22:18:18.272" activeThreads="8">
  <mem-info id="1715" free="32934272" total="80543744" percent="40">
    <mem type="nursery" free="19770648" total="32768000" percent="60">
      <mem type="allocate" free="19770648" total="24641536" percent="80" />
      <mem type="survivor" free="0" total="8126464" percent="0" />
    </mem>
    <mem type="tenure" free="13163624" total="47775744" percent="27" macro-fragmented="6450429">
      <mem type="soa" free="10774632" total="45386752" percent="23" />
      <mem type="loa" free="2388992" total="2388992" percent="100" />
    </mem>
    <pending-finalizers system="6" default="0" reference="359" classloader="0" />
    <remembered-set count="11189" />
  </mem-info>
</gc-end>
<cycle-end id="1716" type="scavenge" contextid="1710" timestamp="2025-12-14T22:18:18.273" />
<allocation-satisfied id="1717" threadId="000000000085B500" bytesRequested="1272" />
<af-end id="1718" timestamp="2025-12-14T22:18:18.275" threadId="000000000085BF78" success="true" from="nursery"/>
<exclusive-end id="1719" timestamp="2025-12-14T22:18:18.275" durationms="15.078" />

<exclusive-start id="1720" timestamp="2025-12-14T22:18:18.649" intervalms="389.213">
  <response-info timems="0.324" idlems="0.191" threads="2" lastid="0000000000859E00" lastname="Default Executor-thread-6" />
</exclusive-start>
<af-start id="1721" threadId="0000000000858F78" totalBytesRequested="18176" timestamp="2025-12-14T22:18:18.650" intervalms="389.293" type="nursery" />
<cycle-start id="1722" type="scavenge" contextid="0" timestamp="2025-12-14T22:18:18.651" intervalms="389.220" />
<gc-start id="1723" type="scavenge" contextid="1722" timestamp="2025-12-14T22:18:18.652">
  <mem-info id="1724" free="13016320" total="80543744" percent="16">
    <mem type="nursery" free="0" total="32768000" percent="0">
      <mem type="allocate" free="0" total="24641536" percent="0" />
      <mem type="survivor" free="0" total="8126464" percent="0" />
    </mem>
    <mem type="tenure" free="13016320" total="47775744" percent="27">
      <mem type="soa" free="10627328" total="45386752" percent="23" />
      <mem type="loa" free="2388992" total="2388992" percent="100" />
    </mem>
    <remembered-set count="13683" />
  </mem-info>
</gc-start>
<allocation-stats totalBytes="19651640" discardedBytes="265560" >
  <allocated-bytes non-tlh="273800" tlh="19377840" />
  <largest-consumer threadName="Default Executor-thread-6" threadId="0000000000859E00" bytes="9234840" />
</allocation-stats>
<gc-op id="1725" type="scavenge" timems="8.963" contextid="1722" timestamp="2025-12-14T22:18:18.663">
  <scavenger-info tenureage="8" tenuremask="7f00" tiltratio="75" />
  <memory-copied type="nursery" objects="92639" bytes="5477536" bytesdiscarded="176328" />
  <finalization candidates="23" enqueued="20" />
  <ownableSynchronizers candidates="1520" cleared="10" />
  <references type="soft" candidates="1900" cleared="0" enqueued="0" dynamicThreshold="9" maxThreshold="32" />
  <references type="weak" candidates="2362" cleared="954" enqueued="936" />
  <references type="phantom" candidates="377" cleared="4" enqueued="4" />
  <object-monitors candidates="155" cleared="28"  />
</gc-op>
<gc-end id="1726" type="scavenge" contextid="1722" durationms="11.931" usertimems="35.661" systemtimems="5.265" stalltimems="21.775" timestamp="2025-12-14T22:18:18.664" activeThreads="7">
  <mem-info id="1727" free="32055792" total="80543744" percent="39">
    <mem type="nursery" free="19039472" total="32768000" percent="58">
      <mem type="allocate" free="19039472" total="24707072" percent="77" />
      <mem type="survivor" free="0" total="8060928" percent="0" />
    </mem>
    <mem type="tenure" free="13016320" total="47775744" percent="27" macro-fragmented="0">
      <mem type="soa" free="10627328" total="45386752" percent="23" />
      <mem type="loa" free="2388992" total="2388992" percent="100" />
    </mem>
    <pending-finalizers system="20" default="0" reference="940" classloader="0" />
    <remembered-set count="7579" />
  </mem-info>
</gc-end>
<cycle-end id="1728" type="scavenge" contextid="1722" timestamp="2025-12-14T22:18:18.665" />
<allocation-satisfied id="1729" threadId="0000000000858500" bytesRequested="18176" />
<af-end id="1730" timestamp="2025-12-14T22:18:18.667" threadId="0000000000858F78" success="true" from="nursery"/>
<exclusive-end id="1731" timestamp="2025-12-14T22:18:18.667" durationms="18.061" />

<exclusive-start id="1732" timestamp="2025-12-14T22:18:19.439" intervalms="789.746">
  <response-info timems="1.002" idlems="0.545" threads="3" lastid="0000000000859E00" lastname="Default Executor-thread-6" />
</exclusive-start>
<af-start id="1733" threadId="0000000000858278" totalBytesRequested="24" timestamp="2025-12-14T22:18:19.440" intervalms="789.855" type="nursery" />
<cycle-start id="1734" type="scavenge" contextid="0" timestamp="2025-12-14T22:18:19.441" intervalms="789.912" />
<gc-start id="1735" type="scavenge" contextid="1734" timestamp="2025-12-14T22:18:19.442">
  <mem-info id="1736" free="12833168" total="80543744" percent="15">
    <mem type="nursery" free="0" total="32768000" percent="0">
      <mem type="allocate" free="0" total="24707072" percent="0" />
      <mem type="survivor" free="0" total="8060928" percent="0" />
    </mem>
    <mem type="tenure" free="12833168" total="47775744" percent="26">
      <mem type="soa" free="10444176" total="45386752" percent="23" />
      <mem type="loa" free="2388992" total="2388992" percent="100" />
    </mem>
    <remembered-set count="11372" />
  </mem-info>
</gc-start>
<allocation-stats totalBytes="19212776" discardedBytes="8544" >
  <allocated-bytes non-tlh="560968" tlh="18651808" />
  <largest-consumer threadName="Default Executor-thread-6" threadId="0000000000859E00" bytes="7352016" />
</allocation-stats>
<gc-op id="1737" type="scavenge" timems="9.487" contextid="1734" timestamp="2025-12-14T22:18:19.453">
  <scavenger-info tenureage="4" tenuremask="7f10" tiltratio="75" />
  <memory-copied type="nursery" objects="88068" bytes="5112032" bytesdiscarded="87688" />
  <memory-copied type="tenure" objects="19457" bytes="987096" bytesdiscarded="520" />
  <finalization candidates="47" enqueued="44" />
  <ownableSynchronizers candidates="1594" cleared="16" />
  <references type="soft" candidates="2079" cleared="0" enqueued="0" dynamicThreshold="9" maxThreshold="32" />
  <references type="weak" candidates="2339" cleared="888" enqueued="882" />
  <references type="phantom" candidates="327" cleared="12" enqueued="12" />
  <object-monitors candidates="169" cleared="33"  />
</gc-op>
<gc-end id="1738" type="scavenge" contextid="1734" durationms="12.736" usertimems="40.288" systemtimems="6.749" stalltimems="20.573" timestamp="2025-12-14T22:18:19.455" activeThreads="7">
  <mem-info id="1739" free="31089400" total="80543744" percent="38">
    <mem type="nursery" free="19757984" total="32768000" percent="60">
      <mem type="allocate" free="19757984" total="24969216" percent="79" />
      <mem type="survivor" free="0" total="7798784" percent="0" />
    </mem>
    <mem type="tenure" free="11331416" total="47775744" percent="23" macro-fragmented="3732887">
      <mem type="soa" free="8942424" total="45386752" percent="19" />
      <mem type="loa" free="2388992" total="2388992" percent="100" />
    </mem>
    <pending-finalizers system="44" default="0" reference="894" classloader="0" />
    <remembered-set count="8881" />
  </mem-info>
</gc-end>
<cycle-end id="1740" type="scavenge" contextid="1734" timestamp="2025-12-14T22:18:19.456" />
<allocation-satisfied id="1741" threadId="0000000000857800" bytesRequested="24" />
<af-end id="1742" timestamp="2025-12-14T22:18:19.457" threadId="0000000000858278" success="true" from="nursery"/>
<exclusive-end id="1743" timestamp="2025-12-14T22:18:19.458" durationms="19.062" />

<exclusive-start id="1744" timestamp="2025-12-14T22:18:19.601" intervalms="161.864">
  <response-info timems="0.121" idlems="0.075" threads="1" lastid="0000000000859E00" lastname="Default Executor-thread-6" />
</exclusive-start>
<af-start id="1745" threadId="000000000085BF78" totalBytesRequested="5584" timestamp="2025-12-14T22:18:19.602" intervalms="161.725" type="nursery" />
<cycle-start id="1746" type="scavenge" contextid="0" timestamp="2025-12-14T22:18:19.603" intervalms="162.431" />
<gc-start id="1747" type="scavenge" contextid="1746" timestamp="2025-12-14T22:18:19.604">
  <mem-info id="1748" free="11223648" total="80543744" percent="13">
    <mem type="nursery" free="0" total="32768000" percent="0">
      <mem type="allocate" free="0" total="24969216" percent="0" />
      <mem type="survivor" free="0" total="7798784" percent="0" />
    </mem>
    <mem type="tenure" free="11223648" total="47775744" percent="23">
      <mem type="soa" free="8834656" total="45386752" percent="19" />
      <mem type="loa" free="2388992" total="2388992" percent="100" />
    </mem>
    <remembered-set count="10239" />
  </mem-info>
</gc-start>
<allocation-stats totalBytes="19608224" discardedBytes="257528" >
  <allocated-bytes non-tlh="369952" tlh="19238272" />
  <largest-consumer threadName="Default Executor-thread-3" threadId="000000000085B500" bytes="14912992" />
</allocation-stats>
<gc-op id="1749" type="scavenge" timems="10.064" contextid="1746" timestamp="2025-12-14T22:18:19.616">
  <scavenger-info tenureage="4" tenuremask="7f10" tiltratio="76" />
  <memory-copied type="nursery" objects="66141" bytes="3978928" bytesdiscarded="264704" />
  <memory-copied type="tenure" objects="26956" bytes="1733640" bytesdiscarded="3168" />
  <finalization candidates="28" enqueued="25" />
  <ownableSynchronizers candidates="1230" cleared="6" />
  <references type="soft" candidates="1521" cleared="0" enqueued="0" dynamicThreshold="9" maxThreshold="32" />
  <references type="weak" candidates="1355" cleared="407" enqueued="401" />
  <references type="phantom" candidates="179" cleared="14" enqueued="14" />
  <object-monitors candidates="140" cleared="4"  />
</gc-op>
<heap-resize id="1750" type="expand" space="nursery" amount="1572864" count="1" timems="0.073" reason="excessive time being spent scavenging" timestamp="2025-12-14T22:18:19.617" />
<gc-end id="1751" type="scavenge" contextid="1746" durationms="13.848" usertimems="35.427" systemtimems="5.199" stalltimems="25.836" timestamp="2025-12-14T22:18:19.618" activeThreads="7">
  <mem-info id="1752" free="31340872" total="82116608" percent="38">
    <mem type="nursery" free="22159208" total="34340864" percent="64">
      <mem type="allocate" free="22159208" total="26411008" percent="83" />
      <mem type="survivor" free="0" total="7929856" percent="0" />
    </mem>
    <mem type="tenure" free="9181664" total="47775744" percent="19" macro-fragmented="7950592">
      <mem type="soa" free="6792672" total="45386752" percent="14" />
      <mem type="loa" free="2388992" total="2388992" percent="100" />
    </mem>
    <pending-finalizers system="25" default="0" reference="415" classloader="0" />
    <remembered-set count="6959" />
  </mem-info>
</gc-end>
<cycle-end id="1753" type="scavenge" contextid="1746" timestamp="2025-12-14T22:18:19.619" />
<allocation-satisfied id="1754" threadId="000000000085B500" bytesRequested="5584" />
<af-end id="1755" timestamp="2025-12-14T22:18:19.621" threadId="000000000085BF78" success="true" from="nursery"/>
<exclusive-end id="1756" timestamp="2025-12-14T22:18:19.622" durationms="21.438" />

<exclusive-start id="1757" timestamp="2025-12-14T22:18:20.398" intervalms="797.269">
  <response-info timems="0.966" idlems="0.443" threads="2" lastid="0000000000029600" lastname="JIT Compilation Thread-000" />
</exclusive-start>
<af-start id="1758" threadId="00000000011E7178" totalBytesRequested="48" timestamp="2025-12-14T22:18:20.399" intervalms="797.345" type="nursery" />
<cycle-start id="1759" type="scavenge" contextid="0" timestamp="2025-12-14T22:18:20.400" intervalms="796.613" />
<gc-start id="1760" type="scavenge" contextid="1759" timestamp="2025-12-14T22:18:20.401">
  <mem-info id="1761" free="8970448" total="82116608" percent="10">
    <mem type="nursery" free="0" total="34340864" percent="0">
      <mem type="allocate" free="0" total="26411008" percent="0" />
      <mem type="survivor" free="0" total="7929856" percent="0" />
    </mem>
    <mem type="tenure" free="8970448" total="47775744" percent="18">
      <mem type="soa" free="6581456" total="45386752" percent="14" />
      <mem type="loa" free="2388992" total="2388992" percent="100" />
    </mem>
    <remembered-set count="10571" />
  </mem-info>
</gc-start>
<allocation-stats totalBytes="22310640" discardedBytes="59784" >
  <allocated-bytes non-tlh="384080" tlh="21926560" />
  <largest-consumer threadName="Default Executor-thread-6" threadId="0000000000859E00" bytes="13500184" />
</allocation-stats>
<gc-op id="1762" type="scavenge" timems="8.124" contextid="1759" timestamp="2025-12-14T22:18:20.410">
  <scavenger-info tenureage="8" tenuremask="7f00" tiltratio="76" />
  <memory-copied type="nursery" objects="85242" bytes="4998944" bytesdiscarded="103592" />
  <memory-copied type="tenure" objects="8117" bytes="348688" bytesdiscarded="208" />
  <finalization candidates="159" enqueued="146" />
  <ownableSynchronizers candidates="778" cleared="23" />
  <references type="soft" candidates="1870" cleared="0" enqueued="0" dynamicThreshold="9" maxThreshold="32" />
  <references type="weak" candidates="1730" cleared="611" enqueued="593" />
  <references type="phantom" candidates="268" cleared="63" enqueued="63" />
  <object-monitors candidates="136" cleared="0"  />
</gc-op>
<gc-end id="1763" type="scavenge" contextid="1759" durationms="11.223" usertimems="44.084" systemtimems="4.586" stalltimems="22.239" timestamp="2025-12-14T22:18:20.412" activeThreads="7">
  <mem-info id="1764" free="29846000" total="82116608" percent="36">
    <mem type="nursery" free="21692856" total="34340864" percent="63">
      <mem type="allocate" free="21692856" total="26804224" percent="80" />
      <mem type="survivor" free="0" total="7536640" percent="0" />
    </mem>
    <mem type="tenure" free="8153144" total="47775744" percent="17" macro-fragmented="0">
      <mem type="soa" free="5764152" total="45386752" percent="12" />
      <mem type="loa" free="2388992" total="2388992" percent="100" />
    </mem>
    <pending-finalizers system="127" default="19" reference="656" classloader="0" />
    <remembered-set count="7545" />
  </mem-info>
</gc-end>
<cycle-end id="1765" type="scavenge" contextid="1759" timestamp="2025-12-14T22:18:20.415" />
<allocation-satisfied id="1766" threadId="00000000011E6700" bytesRequested="48" />
<af-end id="1767" timestamp="2025-12-14T22:18:20.417" threadId="00000000011E7178" success="true" from="nursery"/>
<exclusive-end id="1768" timestamp="2025-12-14T22:18:20.417" durationms="19.334" />

<exclusive-start id="1769" timestamp="2025-12-14T22:18:20.863" intervalms="464.840">
  <response-info timems="0.069" idlems="0.069" threads="0" lastid="0000000000859E00" lastname="Default Executor-thread-6" />
</exclusive-start>
<af-start id="1770" threadId="000000000085A878" totalBytesRequested="1272" timestamp="2025-12-14T22:18:20.864" intervalms="464.947" type="nursery" />
<cycle-start id="1771" type="scavenge" contextid="0" timestamp="2025-12-14T22:18:20.865" intervalms="465.631" />
<gc-start id="1772" type="scavenge" contextid="1771" timestamp="2025-12-14T22:18:20.867">
  <mem-info id="1773" free="8134000" total="82116608" percent="9">
    <mem type="nursery" free="0" total="34340864" percent="0">
      <mem type="allocate" free="0" total="26804224" percent="0" />
      <mem type="survivor" free="0" total="7536640" percent="0" />
    </mem>
    <mem type="tenure" free="8134000" total="47775744" percent="17">
      <mem type="soa" free="5745008" total="45386752" percent="12" />
      <mem type="loa" free="2388992" total="2388992" percent="100" />
    </mem>
    <remembered-set count="7932" />
  </mem-info>
</gc-start>
<allocation-stats totalBytes="21695744" discardedBytes="16256" >
  <allocated-bytes non-tlh="19192" tlh="21676552" />
  <largest-consumer threadName="Default Executor-thread-6" threadId="0000000000859E00" bytes="19151096" />
</allocation-stats>
<gc-op id="1774" type="scavenge" timems="13.144" contextid="1771" timestamp="2025-12-14T22:18:20.882">
  <scavenger-info tenureage="4" tenuremask="7f30" tiltratio="78" />
  <memory-copied type="nursery" objects="103276" bytes="4970832" bytesdiscarded="95136" />
  <memory-copied type="tenure" objects="34500" bytes="2166384" bytesdiscarded="2088" />
  <finalization candidates="80" enqueued="45" />
  <ownableSynchronizers candidates="738" cleared="29" />
  <references type="soft" candidates="1246" cleared="0" enqueued="0" dynamicThreshold="9" maxThreshold="32" />
  <references type="weak" candidates="680" cleared="57" enqueued="56" />
  <references type="phantom" candidates="113" cleared="0" enqueued="0" />
  <object-monitors candidates="136" cleared="0"  />
</gc-op>
<gc-end id="1775" type="scavenge" contextid="1771" durationms="16.419" usertimems="62.231" systemtimems="12.945" stalltimems="25.423" timestamp="2025-12-14T22:18:20.883" activeThreads="7">
  <mem-info id="1776" free="28028336" total="82116608" percent="34">
    <mem type="nursery" free="21994536" total="34340864" percent="64">
      <mem type="allocate" free="21994536" total="27066368" percent="81" />
      <mem type="survivor" free="0" total="7274496" percent="0" />
    </mem>
    <mem type="tenure" free="6033800" total="47775744" percent="12" macro-fragmented="3660398">
      <mem type="soa" free="3644808" total="45386752" percent="8" />
      <mem type="loa" free="2388992" total="2388992" percent="100" />
    </mem>
    <pending-finalizers system="0" default="45" reference="56" classloader="0" />
    <remembered-set count="5350" />
  </mem-info>
</gc-end>
<cycle-end id="1777" type="scavenge" contextid="1771" timestamp="2025-12-14T22:18:20.884" />
<allocation-satisfied id="1778" threadId="0000000000859E00" bytesRequested="1272" />
<af-end id="1779" timestamp="2025-12-14T22:18:20.886" threadId="000000000085A878" success="true" from="nursery"/>
<exclusive-end id="1780" timestamp="2025-12-14T22:18:20.887" durationms="23.962" />

<concurrent-kickoff id="1781" timestamp="2025-12-14T22:18:21.248">
  <kickoff reason="threshold reached" targetBytes="23105217" thresholdFreeBytes="3194903"  remainingFree="2774832" tenureFreeBytes="6026128" nurseryFreeBytes="2774832" />
</concurrent-kickoff>
<exclusive-start id="1782" timestamp="2025-12-14T22:18:21.249" intervalms="386.053">
  <response-info timems="0.155" idlems="0.155" threads="0" lastid="0000000000859E00" lastname="Default Executor-thread-6" />
</exclusive-start>
<cycle-start id="1783" type="global" contextid="0" timestamp="2025-12-14T22:18:21.250" intervalms="3629.040" />
<concurrent-start id="1784" type="global mark" contextid="1783" timestamp="2025-12-14T22:18:21.251">
</concurrent-start>
<exclusive-end id="1785" timestamp="2025-12-14T22:18:21.251" durationms="2.258" />

<exclusive-start id="1786" timestamp="2025-12-14T22:18:21.342" intervalms="92.550">
  <response-info timems="0.077" idlems="0.077" threads="0" lastid="0000000000859E00" lastname="Default Executor-thread-6" />
</exclusive-start>
<af-start id="1787" threadId="000000000085A878" totalBytesRequested="88" timestamp="2025-12-14T22:18:21.343" intervalms="478.503" type="nursery" />
<cycle-start id="1788" type="scavenge" contextid="0" timestamp="2025-12-14T22:18:21.343" intervalms="477.909" />
<gc-start id="1789" type="scavenge" contextid="1788" timestamp="2025-12-14T22:18:21.345">
  <mem-info id="1790" free="6026128" total="82116608" percent="7">
    <mem type="nursery" free="0" total="34340864" percent="0">
      <mem type="allocate" free="0" total="27066368" percent="0" />
      <mem type="survivor" free="0" total="7274496" percent="0" />
    </mem>
    <mem type="tenure" free="6026128" total="47775744" percent="12">
      <mem type="soa" free="3637136" total="45386752" percent="8" />
      <mem type="loa" free="2388992" total="2388992" percent="100" />
    </mem>
    <remembered-set count="5499" />
  </mem-info>
</gc-start>
<allocation-stats totalBytes="21999504" discardedBytes="2704" >
  <allocated-bytes non-tlh="8944" tlh="21990560" />
  <largest-consumer threadName="Default Executor-thread-6" threadId="0000000000859E00" bytes="21766056" />
</allocation-stats>
<gc-op id="1791" type="scavenge" timems="11.130" contextid="1788" timestamp="2025-12-14T22:18:21.358">
  <scavenger-info tenureage="8" tenuremask="7f00" tiltratio="78" />
  <memory-copied type="nursery" objects="142710" bytes="6454592" bytesdiscarded="67600" />
  <finalization candidates="126" enqueued="79" />
  <ownableSynchronizers candidates="271" cleared="23" />
  <references type="soft" candidates="1248" cleared="0" enqueued="0" dynamicThreshold="9" maxThreshold="32" />
  <references type="weak" candidates="680" cleared="52" enqueued="52" />
  <references type="phantom" candidates="104" cleared="1" enqueued="1" />
  <object-monitors candidates="136" cleared="0"  />
</gc-op>
<gc-end id="1792" type="scavenge" contextid="1788" durationms="13.908" usertimems="60.214" systemtimems="8.645" stalltimems="27.607" timestamp="2025-12-14T22:18:21.359" activeThreads="7">
  <mem-info id="1793" free="24464088" total="82116608" percent="29">
    <mem type="nursery" free="18437960" total="34340864" percent="53">
      <mem type="allocate" free="18437960" total="24969216" percent="73" />
      <mem type="survivor" free="0" total="9371648" percent="0" />
    </mem>
    <mem type="tenure" free="6026128" total="47775744" percent="12" macro-fragmented="4610902">
      <mem type="soa" free="3637136" total="45386752" percent="8" />
      <mem type="loa" free="2388992" total="2388992" percent="100" />
    </mem>
    <pending-finalizers system="2" default="77" reference="53" classloader="0" />
    <remembered-set count="2810" />
  </mem-info>
</gc-end>
<cycle-end id="1794" type="scavenge" contextid="1788" timestamp="2025-12-14T22:18:21.360" />
<allocation-satisfied id="1795" threadId="0000000000859E00" bytesRequested="88" />
<af-end id="1796" timestamp="2025-12-14T22:18:21.361" threadId="000000000085A878" success="true" from="nursery"/>
<exclusive-end id="1797" timestamp="2025-12-14T22:18:21.362" durationms="20.815" />

<concurrent-end id="1798" type="global mark" contextid="1783" timestamp="2025-12-14T22:18:21.363">
<gc-op id="1799" type="trace" timems="112.767" contextid="1783" timestamp="2025-12-14T22:18:21.363">
  <trace bytesTraced="25934812" workStackOverflowCount="0" />
  <card-cleaning reason="card cleaning threshold reached" bytesTraced="3712" cardsCleaned="8" />
</gc-op>
</concurrent-end>

<exclusive-start id="1800" timestamp="2025-12-14T22:18:21.365" intervalms="23.832">
  <response-info timems="0.068" idlems="0.068" threads="0" lastid="0000000000859E00" lastname="Default Executor-thread-6" />
</exclusive-start>
<concurrent-global-final id="1801" timestamp="2025-12-14T22:18:21.366" contextid="1783" intervalms="3642.750" >
  <concurrent-trace-info reason="card cleaning threshold reached" tracedByMutators="8663228" tracedByHelpers="17275296" cardsCleaned="8" workStackOverflowCount="0" />
</concurrent-global-final>
<gc-start id="1802" type="global" contextid="1783" timestamp="2025-12-14T22:18:21.367">
  <mem-info id="1803" free="24205952" total="82116608" percent="29">
    <mem type="nursery" free="18179824" total="34340864" percent="52">
      <mem type="allocate" free="18179824" total="24969216" percent="72" />
      <mem type="survivor" free="0" total="9371648" percent="0" />
    </mem>
    <mem type="tenure" free="6026128" total="47775744" percent="12">
      <mem type="soa" free="3637136" total="45386752" percent="8" />
      <mem type="loa" free="2388992" total="2388992" percent="100" />
    </mem>
    <remembered-set count="2818" />
  </mem-info>
</gc-start>
<allocation-stats totalBytes="258136" discardedBytes="0" >
  <allocated-bytes non-tlh="88" tlh="258048" />
  <largest-consumer threadName="Default Executor-thread-6" threadId="0000000000859E00" bytes="258136" />
</allocation-stats>
<gc-op id="1804" type="rs-scan" timems="10.457" contextid="1783" timestamp="2025-12-14T22:18:21.379">
  <scan objectsFound="95853" bytesTraced="3215008" workStackOverflowCount="0" />
</gc-op>
<gc-op id="1805" type="card-cleaning" timems="5.764" contextid="1783" timestamp="2025-12-14T22:18:21.386">
  <card-cleaning cardsCleaned="483" bytesTraced="857144" workStackOverflowCount="0" />
</gc-op>
<gc-op id="1806" type="mark" timems="14.025" contextid="1783" timestamp="2025-12-14T22:18:21.401">
  <trace-info objectcount="9845" scancount="9190" scanbytes="278080" />
  <finalization candidates="773" enqueued="0" />
  <ownableSynchronizers candidates="8338" cleared="8" />
  <references type="soft" candidates="11659" cleared="300" enqueued="294" dynamicThreshold="9" maxThreshold="32" />
  <references type="weak" candidates="13583" cleared="0" enqueued="0" />
  <references type="phantom" candidates="441" cleared="0" enqueued="0" />
  <stringconstants candidates="37027" cleared="154"  />
  <object-monitors candidates="136" cleared="28"  />
</gc-op>
<gc-op id="1807" type="sweep" timems="4.484" contextid="1783" timestamp="2025-12-14T22:18:21.406" />
<heap-resize id="1808" type="expand" space="tenure" amount="9240576" count="1" timems="2.202" reason="insufficient free space following gc" timestamp="2025-12-14T22:18:21.410" />
<gc-end id="1809" type="global" contextid="1783" durationms="43.233" usertimems="143.053" systemtimems="50.055" stalltimems="269.954" timestamp="2025-12-14T22:18:21.411" activeThreads="20">
  <mem-info id="1810" free="35824408" total="91357184" percent="39">
    <mem type="nursery" free="18687464" total="34340864" percent="54">
      <mem type="allocate" free="18687464" total="24969216" percent="74" />
      <mem type="survivor" free="0" total="9371648" percent="0" />
    </mem>
    <mem type="tenure" free="17136944" total="57016320" percent="30" micro-fragmented="1250832" macro-fragmented="2160235">
      <mem type="soa" free="14286128" total="54165504" percent="26" />
      <mem type="loa" free="2850816" total="2850816" percent="100" />
    </mem>
    <pending-finalizers system="0" default="0" reference="294" classloader="0" />
    <remembered-set count="2677" />
  </mem-info>
</gc-end>
<cycle-end id="1811" type="global" contextid="1783" timestamp="2025-12-14T22:18:21.412" />
<exclusive-end id="1812" timestamp="2025-12-14T22:18:21.412" durationms="46.819" />

<exclusive-start id="1813" timestamp="2025-12-14T22:18:21.699" intervalms="333.385">
  <response-info timems="0.085" idlems="0.085" threads="0" lastid="0000000000859E00" lastname="Default Executor-thread-6" />
</exclusive-start>
<af-start id="1814" threadId="000000000085A878" totalBytesRequested="4176" timestamp="2025-12-14T22:18:21.700" intervalms="357.211" type="nursery" />
<cycle-start id="1815" type="scavenge" contextid="0" timestamp="2025-12-14T22:18:21.701" intervalms="357.469" />
<gc-start id="1816" type="scavenge" contextid="1815" timestamp="2025-12-14T22:18:21.702">
  <mem-info id="1817" free="17060936" total="91357184" percent="18">
    <mem type="nursery" free="0" total="34340864" percent="0">
      <mem type="allocate" free="0" total="24969216" percent="0" />
      <mem type="survivor" free="0" total="9371648" percent="0" />
    </mem>
    <mem type="tenure" free="17060936" total="57016320" percent="29">
      <mem type="soa" free="14210120" total="54165504" percent="26" />
      <mem type="loa" free="2850816" total="2850816" percent="100" />
    </mem>
    <remembered-set count="4022" />
  </mem-info>
</gc-start>
<allocation-stats totalBytes="18685320" discardedBytes="39808" >
  <allocated-bytes non-tlh="82768" tlh="18602552" />
  <largest-consumer threadName="Default Executor-thread-6" threadId="0000000000859E00" bytes="18611592" />
</allocation-stats>
<gc-op id="1818" type="scavenge" timems="11.548" contextid="1815" timestamp="2025-12-14T22:18:21.716">
  <scavenger-info tenureage="8" tenuremask="7f00" tiltratio="72" />
  <memory-copied type="nursery" objects="147089" bytes="7140464" bytesdiscarded="92416" />
  <finalization candidates="141" enqueued="94" />
  <ownableSynchronizers candidates="16421" cleared="16171" />
  <references type="soft" candidates="1369" cleared="0" enqueued="0" dynamicThreshold="9" maxThreshold="32" />
  <references type="weak" candidates="786" cleared="110" enqueued="110" />
  <references type="phantom" candidates="163" cleared="1" enqueued="1" />
  <object-monitors candidates="108" cleared="0"  />
</gc-op>
<gc-end id="1819" type="scavenge" contextid="1815" durationms="14.651" usertimems="78.033" systemtimems="0.000" stalltimems="28.234" timestamp="2025-12-14T22:18:21.717" activeThreads="7">
  <mem-info id="1820" free="34524136" total="91357184" percent="37">
    <mem type="nursery" free="17463200" total="34340864" percent="50">
      <mem type="allocate" free="17463200" total="24707072" percent="70" />
      <mem type="survivor" free="0" total="9633792" percent="0" />
    </mem>
    <mem type="tenure" free="17060936" total="57016320" percent="29" macro-fragmented="9288619">
      <mem type="soa" free="14210120" total="54165504" percent="26" />
      <mem type="loa" free="2850816" total="2850816" percent="100" />
    </mem>
    <pending-finalizers system="2" default="92" reference="111" classloader="0" />
    <remembered-set count="3443" />
  </mem-info>
</gc-end>
<cycle-end id="1821" type="scavenge" contextid="1815" timestamp="2025-12-14T22:18:21.718" />
<allocation-satisfied id="1822" threadId="0000000000859E00" bytesRequested="4176" />
<af-end id="1823" timestamp="2025-12-14T22:18:21.720" threadId="000000000085A878" success="true" from="nursery"/>
<exclusive-end id="1824" timestamp="2025-12-14T22:18:21.721" durationms="21.819" />

<exclusive-start id="1825" timestamp="2025-12-14T22:18:22.000" intervalms="301.559">
  <response-info timems="0.075" idlems="0.075" threads="0" lastid="0000000000859E00" lastname="Default Executor-thread-6" />
</exclusive-start>
<af-start id="1826" threadId="000000000085A878" totalBytesRequested="680" timestamp="2025-12-14T22:18:22.001" intervalms="301.595" type="nursery" />
<cycle-start id="1827" type="scavenge" contextid="0" timestamp="2025-12-14T22:18:22.002" intervalms="301.538" />
<gc-start id="1828" type="scavenge" contextid="1827" timestamp="2025-12-14T22:18:22.003">
  <mem-info id="1829" free="16973960" total="91357184" percent="18">
    <mem type="nursery" free="0" total="34340864" percent="0">
      <mem type="allocate" free="0" total="24707072" percent="0" />
      <mem type="survivor" free="0" total="9633792" percent="0" />
    </mem>
    <mem type="tenure" free="16973960" total="57016320" percent="29">
      <mem type="soa" free="14123144" total="54165504" percent="26" />
      <mem type="loa" free="2850816" total="2850816" percent="100" />
    </mem>
    <remembered-set count="5204" />
  </mem-info>
</gc-start>
<allocation-stats totalBytes="17520144" discardedBytes="5088" >
  <allocated-bytes non-tlh="556616" tlh="16963528" />
  <largest-consumer threadName="Default Executor-thread-6" threadId="0000000000859E00" bytes="17266240" />
</allocation-stats>
<gc-op id="1830" type="scavenge" timems="10.496" contextid="1827" timestamp="2025-12-14T22:18:22.015">
  <scavenger-info tenureage="3" tenuremask="7f18" tiltratio="71" />
  <memory-copied type="nursery" objects="67105" bytes="4869464" bytesdiscarded="159592" />
  <memory-copied type="tenure" objects="69984" bytes="3135056" bytesdiscarded="4048" />
  <finalization candidates="110" enqueued="63" />
  <ownableSynchronizers candidates="284" cleared="11" />
  <references type="soft" candidates="1611" cleared="0" enqueued="0" dynamicThreshold="9" maxThreshold="32" />
  <references type="weak" candidates="1460" cleared="276" enqueued="276" />
  <references type="phantom" candidates="155" cleared="9" enqueued="9" />
  <object-monitors candidates="108" cleared="1"  />
</gc-op>
<gc-end id="1831" type="scavenge" contextid="1827" durationms="13.191" usertimems="42.087" systemtimems="5.538" stalltimems="26.817" timestamp="2025-12-14T22:18:22.017" activeThreads="7">
  <mem-info id="1832" free="33559944" total="91357184" percent="36">
    <mem type="nursery" free="19803224" total="34340864" percent="57">
      <mem type="allocate" free="19803224" total="24838144" percent="79" />
      <mem type="survivor" free="0" total="9502720" percent="0" />
    </mem>
    <mem type="tenure" free="13756720" total="57016320" percent="24" macro-fragmented="11880901">
      <mem type="soa" free="10905904" total="54165504" percent="20" />
      <mem type="loa" free="2850816" total="2850816" percent="100" />
    </mem>
    <pending-finalizers system="17" default="46" reference="285" classloader="0" />
    <remembered-set count="4501" />
  </mem-info>
</gc-end>
<cycle-end id="1833" type="scavenge" contextid="1827" timestamp="2025-12-14T22:18:22.018" />
<allocation-satisfied id="1834" threadId="0000000000859E00" bytesRequested="680" />
<af-end id="1835" timestamp="2025-12-14T22:18:22.019" threadId="000000000085A878" success="true" from="nursery"/>
<exclusive-end id="1836" timestamp="2025-12-14T22:18:22.020" durationms="19.809" />

<exclusive-start id="1837" timestamp="2025-12-14T22:18:22.460" intervalms="459.561">
  <response-info timems="0.074" idlems="0.074" threads="0" lastid="00000000005EFE00" lastname="Equinox start level thread - Equinox Container: a76135bd-505b-4" />
</exclusive-start>
<af-start id="1838" threadId="00000000005F0878" totalBytesRequested="24" timestamp="2025-12-14T22:18:22.461" intervalms="459.542" type="nursery" />
<cycle-start id="1839" type="scavenge" contextid="0" timestamp="2025-12-14T22:18:22.462" intervalms="459.534" />
<gc-start id="1840" type="scavenge" contextid="1839" timestamp="2025-12-14T22:18:22.463">
  <mem-info id="1841" free="13586808" total="91357184" percent="14">
    <mem type="nursery" free="0" total="34340864" percent="0">
      <mem type="allocate" free="0" total="24838144" percent="0" />
      <mem type="survivor" free="0" total="9502720" percent="0" />
    </mem>
    <mem type="tenure" free="13586808" total="57016320" percent="23">
      <mem type="soa" free="10735992" total="54165504" percent="19" />
      <mem type="loa" free="2850816" total="2850816" percent="100" />
    </mem>
    <remembered-set count="6642" />
  </mem-info>
</gc-start>
<allocation-stats totalBytes="19967088" discardedBytes="6048" >
  <allocated-bytes non-tlh="170592" tlh="19796496" />
  <largest-consumer threadName="Default Executor-thread-6" threadId="0000000000859E00" bytes="19922032" />
</allocation-stats>
<gc-op id="1842" type="scavenge" timems="7.272" contextid="1839" timestamp="2025-12-14T22:18:22.473">
  <scavenger-info tenureage="8" tenuremask="7f00" tiltratio="72" />
  <memory-copied type="nursery" objects="85004" bytes="5627008" bytesdiscarded="83712" />
  <finalization candidates="51" enqueued="36" />
  <ownableSynchronizers candidates="358" cleared="21" />
  <references type="soft" candidates="1757" cleared="0" enqueued="0" dynamicThreshold="9" maxThreshold="32" />
  <references type="weak" candidates="2203" cleared="800" enqueued="799" />
  <references type="phantom" candidates="182" cleared="18" enqueued="18" />
  <object-monitors candidates="107" cleared="0"  />
</gc-op>
<gc-end id="1843" type="scavenge" contextid="1839" durationms="10.611" usertimems="31.353" systemtimems="1.025" stalltimems="19.198" timestamp="2025-12-14T22:18:22.474" activeThreads="7">
  <mem-info id="1844" free="33037312" total="91357184" percent="36">
    <mem type="nursery" free="19450504" total="34340864" percent="56">
      <mem type="allocate" free="19450504" total="25165824" percent="77" />
      <mem type="survivor" free="0" total="9175040" percent="0" />
    </mem>
    <mem type="tenure" free="13586808" total="57016320" percent="23" macro-fragmented="0">
      <mem type="soa" free="10735992" total="54165504" percent="19" />
      <mem type="loa" free="2850816" total="2850816" percent="100" />
    </mem>
    <pending-finalizers system="36" default="0" reference="817" classloader="0" />
    <remembered-set count="5660" />
  </mem-info>
</gc-end>
<cycle-end id="1845" type="scavenge" contextid="1839" timestamp="2025-12-14T22:18:22.475" />
<allocation-satisfied id="1846" threadId="00000000005EFE00" bytesRequested="24" />
<af-end id="1847" timestamp="2025-12-14T22:18:22.477" threadId="00000000005F0878" success="true" from="nursery"/>
<exclusive-end id="1848" timestamp="2025-12-14T22:18:22.478" durationms="17.676" />

<exclusive-start id="1849" timestamp="2025-12-14T22:18:22.697" intervalms="237.190">
  <response-info timems="0.101" idlems="0.101" threads="0" lastid="0000000000857800" lastname="Default Executor-thread-2" />
</exclusive-start>
<af-start id="1850" threadId="0000000000858278" totalBytesRequested="328" timestamp="2025-12-14T22:18:22.698" intervalms="237.494" type="nursery" />
<cycle-start id="1851" type="scavenge" contextid="0" timestamp="2025-12-14T22:18:22.699" intervalms="237.427" />
<gc-start id="1852" type="scavenge" contextid="1851" timestamp="2025-12-14T22:18:22.701">
  <mem-info id="1853" free="13550056" total="91357184" percent="14">
    <mem type="nursery" free="0" total="34340864" percent="0">
      <mem type="allocate" free="0" total="25165824" percent="0" />
      <mem type="survivor" free="0" total="9175040" percent="0" />
    </mem>
    <mem type="tenure" free="13550056" total="57016320" percent="23">
      <mem type="soa" free="10699240" total="54165504" percent="19" />
      <mem type="loa" free="2850816" total="2850816" percent="100" />
    </mem>
    <remembered-set count="6735" />
  </mem-info>
</gc-start>
<allocation-stats totalBytes="19451576" discardedBytes="35680" >
  <allocated-bytes non-tlh="338880" tlh="19112696" />
  <largest-consumer threadName="Default Executor-thread-6" threadId="0000000000859E00" bytes="7330104" />
</allocation-stats>
<gc-op id="1854" type="scavenge" timems="13.726" contextid="1851" timestamp="2025-12-14T22:18:22.716">
  <scavenger-info tenureage="4" tenuremask="7f10" tiltratio="73" />
  <memory-copied type="nursery" objects="71577" bytes="5462112" bytesdiscarded="203456" />
  <memory-copied type="tenure" objects="42959" bytes="1745584" bytesdiscarded="1056" />
  <finalization candidates="83" enqueued="45" />
  <ownableSynchronizers candidates="645" cleared="188" />
  <references type="soft" candidates="1157" cleared="0" enqueued="0" dynamicThreshold="9" maxThreshold="32" />
  <references type="weak" candidates="1603" cleared="296" enqueued="284" />
  <references type="phantom" candidates="242" cleared="34" enqueued="34" />
  <object-monitors candidates="115" cleared="6"  />
</gc-op>
<heap-resize id="1855" type="expand" space="nursery" amount="1310720" count="1" timems="0.085" reason="excessive time being spent scavenging" timestamp="2025-12-14T22:18:22.717" />
<gc-end id="1856" type="scavenge" contextid="1851" durationms="17.858" usertimems="33.552" systemtimems="8.979" stalltimems="42.359" timestamp="2025-12-14T22:18:22.719" activeThreads="6">
  <mem-info id="1857" free="32528032" total="92667904" percent="35">
    <mem type="nursery" free="20871896" total="35651584" percent="58">
      <mem type="allocate" free="20871896" total="26542080" percent="78" />
      <mem type="survivor" free="0" total="9109504" percent="0" />
    </mem>
    <mem type="tenure" free="11656136" total="57016320" percent="20" macro-fragmented="5375358">
      <mem type="soa" free="8805320" total="54165504" percent="16" />
      <mem type="loa" free="2850816" total="2850816" percent="100" />
    </mem>
    <pending-finalizers system="3" default="42" reference="318" classloader="0" />
    <remembered-set count="4263" />
  </mem-info>
</gc-end>
<cycle-end id="1858" type="scavenge" contextid="1851" timestamp="2025-12-14T22:18:22.720" />
<allocation-satisfied id="1859" threadId="0000000000857800" bytesRequested="328" />
<af-end id="1860" timestamp="2025-12-14T22:18:22.721" threadId="0000000000858278" success="true" from="nursery"/>
<exclusive-end id="1861" timestamp="2025-12-14T22:18:22.722" durationms="25.028" />

<exclusive-start id="1862" timestamp="2025-12-14T22:18:22.781" intervalms="83.544">
  <response-info timems="0.134" idlems="0.087" threads="1" lastid="0000000000858500" lastname="Default Executor-thread-4" />
</exclusive-start>
<af-start id="1863" threadId="000000000085A878" totalBytesRequested="24" timestamp="2025-12-14T22:18:22.782" intervalms="83.214" type="nursery" />
<cycle-start id="1864" type="scavenge" contextid="0" timestamp="2025-12-14T22:18:22.783" intervalms="83.548" />
<gc-start id="1865" type="scavenge" contextid="1864" timestamp="2025-12-14T22:18:22.784">
  <mem-info id="1866" free="11655176" total="92667904" percent="12">
    <mem type="nursery" free="0" total="35651584" percent="0">
      <mem type="allocate" free="0" total="26542080" percent="0" />
      <mem type="survivor" free="0" total="9109504" percent="0" />
    </mem>
    <mem type="tenure" free="11655176" total="57016320" percent="20">
      <mem type="soa" free="8804360" total="54165504" percent="16" />
      <mem type="loa" free="2850816" total="2850816" percent="100" />
    </mem>
    <remembered-set count="4509" />
  </mem-info>
</gc-start>
<allocation-stats totalBytes="20841424" discardedBytes="31432" >
  <allocated-bytes non-tlh="303208" tlh="20538216" />
  <largest-consumer threadName="Default Executor-thread-6" threadId="0000000000859E00" bytes="9981920" />
</allocation-stats>
<gc-op id="1867" type="scavenge" timems="8.643" contextid="1864" timestamp="2025-12-14T22:18:22.794">
  <scavenger-info tenureage="8" tenuremask="7f00" tiltratio="74" />
  <memory-copied type="nursery" objects="82377" bytes="6772000" bytesdiscarded="125616" />
  <memory-copied type="tenure" objects="4845" bytes="551160" bytesdiscarded="16" />
  <finalization candidates="121" enqueued="97" />
  <ownableSynchronizers candidates="518" cleared="77" />
  <references type="soft" candidates="958" cleared="0" enqueued="0" dynamicThreshold="9" maxThreshold="32" />
  <references type="weak" candidates="1305" cleared="41" enqueued="41" />
  <references type="phantom" candidates="243" cleared="0" enqueued="0" />
  <object-monitors candidates="109" cleared="0"  />
</gc-op>
<heap-resize id="1868" type="expand" space="nursery" amount="2359296" count="1" timems="0.099" reason="excessive time being spent scavenging" timestamp="2025-12-14T22:18:22.795" />
<gc-end id="1869" type="scavenge" contextid="1864" durationms="12.176" usertimems="32.842" systemtimems="0.000" stalltimems="11.927" timestamp="2025-12-14T22:18:22.796" activeThreads="5">
  <mem-info id="1870" free="31461536" total="95027200" percent="33">
    <mem type="nursery" free="20688560" total="38010880" percent="54">
      <mem type="allocate" free="20688560" total="27590656" percent="74" />
      <mem type="survivor" free="0" total="10420224" percent="0" />
    </mem>
    <mem type="tenure" free="10772976" total="57016320" percent="18" macro-fragmented="6450429">
      <mem type="soa" free="7922160" total="54165504" percent="14" />
      <mem type="loa" free="2850816" total="2850816" percent="100" />
    </mem>
    <pending-finalizers system="0" default="97" reference="41" classloader="0" />
    <remembered-set count="2548" />
  </mem-info>
</gc-end>
<cycle-end id="1871" type="scavenge" contextid="1864" timestamp="2025-12-14T22:18:22.797" />
<allocation-satisfied id="1872" threadId="0000000000859E00" bytesRequested="24" />
<af-end id="1873" timestamp="2025-12-14T22:18:22.799" threadId="000000000085A878" success="true" from="nursery"/>
<exclusive-end id="1874" timestamp="2025-12-14T22:18:22.799" durationms="18.753" />

<exclusive-start id="1875" timestamp="2025-12-14T22:18:22.853" intervalms="72.498">
  <response-info timems="0.299" idlems="0.206" threads="2" lastid="000000000085B500" lastname="Default Executor-thread-3" />
</exclusive-start>
<af-start id="1876" threadId="000000000149A578" totalBytesRequested="48" timestamp="2025-12-14T22:18:22.854" intervalms="72.396" type="nursery" />
<cycle-start id="1877" type="scavenge" contextid="0" timestamp="2025-12-14T22:18:22.855" intervalms="71.839" />
<gc-start id="1878" type="scavenge" contextid="1877" timestamp="2025-12-14T22:18:22.856">
  <mem-info id="1879" free="10772648" total="95027200" percent="11">
    <mem type="nursery" free="0" total="38010880" percent="0">
      <mem type="allocate" free="0" total="27590656" percent="0" />
      <mem type="survivor" free="0" total="10420224" percent="0" />
    </mem>
    <mem type="tenure" free="10772648" total="57016320" percent="18">
      <mem type="soa" free="7921832" total="54165504" percent="14" />
      <mem type="loa" free="2850816" total="2850816" percent="100" />
    </mem>
    <remembered-set count="2847" />
  </mem-info>
</gc-start>
<allocation-stats totalBytes="20651616" discardedBytes="37272" >
  <allocated-bytes non-tlh="451864" tlh="20199752" />
  <largest-consumer threadName="Default Executor-thread-6" threadId="0000000000859E00" bytes="8014000" />
</allocation-stats>
<gc-op id="1880" type="scavenge" timems="9.344" contextid="1877" timestamp="2025-12-14T22:18:22.866">
  <scavenger-info tenureage="4" tenuremask="7f10" tiltratio="72" />
  <memory-copied type="nursery" objects="74100" bytes="5672048" bytesdiscarded="142840" />
  <memory-copied type="tenure" objects="11828" bytes="1707256" bytesdiscarded="1288" />
  <finalization candidates="348" enqueued="323" />
  <ownableSynchronizers candidates="363" cleared="11" />
  <references type="soft" candidates="333" cleared="0" enqueued="0" dynamicThreshold="9" maxThreshold="32" />
  <references type="weak" candidates="461" cleared="9" enqueued="9" />
  <references type="phantom" candidates="169" cleared="0" enqueued="0" />
  <object-monitors candidates="109" cleared="0"  />
</gc-op>
<heap-resize id="1881" type="expand" space="nursery" amount="2883584" count="1" timems="0.072" reason="excessive time being spent scavenging" timestamp="2025-12-14T22:18:22.867" />
<gc-end id="1882" type="scavenge" contextid="1877" durationms="12.311" usertimems="32.575" systemtimems="1.248" stalltimems="14.346" timestamp="2025-12-14T22:18:22.868" activeThreads="5">
  <mem-info id="1883" free="33674072" total="97910784" percent="34">
    <mem type="nursery" free="24851760" total="40894464" percent="60">
      <mem type="allocate" free="24851760" total="30670848" percent="81" />
      <mem type="survivor" free="0" total="10223616" percent="0" />
    </mem>
    <mem type="tenure" free="8822312" total="57016320" percent="15" macro-fragmented="7967640">
      <mem type="soa" free="5971496" total="54165504" percent="11" />
      <mem type="loa" free="2850816" total="2850816" percent="100" />
    </mem>
    <pending-finalizers system="0" default="323" reference="9" classloader="0" />
    <remembered-set count="1897" />
  </mem-info>
</gc-end>
<cycle-end id="1884" type="scavenge" contextid="1877" timestamp="2025-12-14T22:18:22.869" />
<allocation-satisfied id="1885" threadId="0000000001499B00" bytesRequested="48" />
<af-end id="1886" timestamp="2025-12-14T22:18:22.870" threadId="000000000149A578" success="true" from="nursery"/>
<exclusive-end id="1887" timestamp="2025-12-14T22:18:22.871" durationms="17.598" />

<exclusive-start id="1888" timestamp="2025-12-14T22:18:22.929" intervalms="75.354">
  <response-info timems="0.100" idlems="0.100" threads="0" lastid="000000000085B500" lastname="Default Executor-thread-3" />
</exclusive-start>
<af-start id="1889" threadId="000000000085BF78" totalBytesRequested="16" timestamp="2025-12-14T22:18:22.929" intervalms="75.277" type="nursery" />
<cycle-start id="1890" type="scavenge" contextid="0" timestamp="2025-12-14T22:18:22.930" intervalms="75.273" />
<gc-start id="1891" type="scavenge" contextid="1890" timestamp="2025-12-14T22:18:22.931">
  <mem-info id="1892" free="8818272" total="97910784" percent="9">
    <mem type="nursery" free="0" total="40894464" percent="0">
      <mem type="allocate" free="0" total="30670848" percent="0" />
      <mem type="survivor" free="0" total="10223616" percent="0" />
    </mem>
    <mem type="tenure" free="8818272" total="57016320" percent="15">
      <mem type="soa" free="5967456" total="54165504" percent="11" />
      <mem type="loa" free="2850816" total="2850816" percent="100" />
    </mem>
    <remembered-set count="2048" />
  </mem-info>
</gc-start>
<allocation-stats totalBytes="24831960" discardedBytes="23840" >
  <allocated-bytes non-tlh="177448" tlh="24654512" />
  <largest-consumer threadName="Default Executor-thread-5" threadId="0000000000859100" bytes="5462888" />
</allocation-stats>
<gc-op id="1893" type="scavenge" timems="10.510" contextid="1890" timestamp="2025-12-14T22:18:22.943">
  <scavenger-info tenureage="4" tenuremask="7f10" tiltratio="75" />
  <memory-copied type="nursery" objects="85306" bytes="7064032" bytesdiscarded="353968" />
  <memory-copied type="tenure" objects="14344" bytes="637864" bytesdiscarded="808" />
  <finalization candidates="512" enqueued="487" />
  <ownableSynchronizers candidates="334" cleared="5" />
  <references type="soft" candidates="193" cleared="0" enqueued="0" dynamicThreshold="9" maxThreshold="32" />
  <references type="weak" candidates="307" cleared="47" enqueued="47" />
  <references type="phantom" candidates="155" cleared="2" enqueued="2" />
  <object-monitors candidates="109" cleared="0"  />
</gc-op>
<heap-resize id="1894" type="expand" space="nursery" amount="3276800" count="1" timems="0.077" reason="excessive time being spent scavenging" timestamp="2025-12-14T22:18:22.944" />
<gc-end id="1895" type="scavenge" contextid="1890" durationms="13.579" usertimems="36.693" systemtimems="3.416" stalltimems="11.341" timestamp="2025-12-14T22:18:22.945" activeThreads="5">
  <mem-info id="1896" free="33422728" total="101187584" percent="33">
    <mem type="nursery" free="25608776" total="44171264" percent="57">
      <mem type="allocate" free="25608776" total="33030144" percent="77" />
      <mem type="survivor" free="0" total="11141120" percent="0" />
    </mem>
    <mem type="tenure" free="7813952" total="57016320" percent="13" macro-fragmented="4479464">
      <mem type="soa" free="4963136" total="54165504" percent="9" />
      <mem type="loa" free="2850816" total="2850816" percent="100" />
    </mem>
    <pending-finalizers system="6" default="481" reference="49" classloader="0" />
    <remembered-set count="1130" />
  </mem-info>
</gc-end>
<cycle-end id="1897" type="scavenge" contextid="1890" timestamp="2025-12-14T22:18:22.945" />
<allocation-satisfied id="1898" threadId="000000000085B500" bytesRequested="16" />
<af-end id="1899" timestamp="2025-12-14T22:18:22.947" threadId="000000000085BF78" success="true" from="nursery"/>
<exclusive-end id="1900" timestamp="2025-12-14T22:18:22.947" durationms="18.883" />

<exclusive-start id="1901" timestamp="2025-12-14T22:18:23.001" intervalms="72.021">
  <response-info timems="0.095" idlems="0.095" threads="0" lastid="0000000000859E00" lastname="Default Executor-thread-6" />
</exclusive-start>
<af-start id="1902" threadId="000000000085A878" totalBytesRequested="80" timestamp="2025-12-14T22:18:23.001" intervalms="72.010" type="nursery" />
<cycle-start id="1903" type="scavenge" contextid="0" timestamp="2025-12-14T22:18:23.002" intervalms="71.915" />
<gc-start id="1904" type="scavenge" contextid="1903" timestamp="2025-12-14T22:18:23.003">
  <mem-info id="1905" free="7813952" total="101187584" percent="7">
    <mem type="nursery" free="0" total="44171264" percent="0">
      <mem type="allocate" free="0" total="33030144" percent="0" />
      <mem type="survivor" free="0" total="11141120" percent="0" />
    </mem>
    <mem type="tenure" free="7813952" total="57016320" percent="13">
      <mem type="soa" free="4963136" total="54165504" percent="9" />
      <mem type="loa" free="2850816" total="2850816" percent="100" />
    </mem>
    <remembered-set count="1207" />
  </mem-info>
</gc-start>
<allocation-stats totalBytes="25421664" discardedBytes="187112" >
  <allocated-bytes non-tlh="581112" tlh="24840552" />
  <largest-consumer threadName="Default Executor-thread-2" threadId="0000000000857800" bytes="7047560" />
</allocation-stats>
<gc-op id="1906" type="scavenge" timems="10.213" contextid="1903" timestamp="2025-12-14T22:18:23.014">
  <scavenger-info tenureage="8" tenuremask="7f00" tiltratio="74" />
  <memory-copied type="nursery" objects="89223" bytes="7492336" bytesdiscarded="269016" />
  <finalization candidates="500" enqueued="475" />
  <ownableSynchronizers candidates="183" cleared="0" />
  <references type="soft" candidates="193" cleared="0" enqueued="0" dynamicThreshold="9" maxThreshold="32" />
  <references type="weak" candidates="298" cleared="39" enqueued="39" />
  <references type="phantom" candidates="160" cleared="8" enqueued="8" />
  <object-monitors candidates="109" cleared="0"  />
</gc-op>
<heap-resize id="1907" type="expand" space="nursery" amount="3670016" count="1" timems="0.083" reason="excessive time being spent scavenging" timestamp="2025-12-14T22:18:23.015" />
<gc-end id="1908" type="scavenge" contextid="1903" durationms="13.379" usertimems="25.239" systemtimems="12.419" stalltimems="27.428" timestamp="2025-12-14T22:18:23.016" activeThreads="6">
  <mem-info id="1909" free="37076656" total="104857600" percent="35">
    <mem type="nursery" free="29262704" total="47841280" percent="61">
      <mem type="allocate" free="29262704" total="37027840" percent="79" />
      <mem type="survivor" free="0" total="10813440" percent="0" />
    </mem>
    <mem type="tenure" free="7813952" total="57016320" percent="13" macro-fragmented="2592282">
      <mem type="soa" free="4963136" total="54165504" percent="9" />
      <mem type="loa" free="2850816" total="2850816" percent="100" />
    </mem>
    <pending-finalizers system="0" default="475" reference="47" classloader="0" />
    <remembered-set count="1138" />
  </mem-info>
</gc-end>
<cycle-end id="1910" type="scavenge" contextid="1903" timestamp="2025-12-14T22:18:23.017" />
<allocation-satisfied id="1911" threadId="0000000000859E00" bytesRequested="80" />
<af-end id="1912" timestamp="2025-12-14T22:18:23.019" threadId="000000000085A878" success="true" from="nursery"/>
<exclusive-end id="1913" timestamp="2025-12-14T22:18:23.019" durationms="18.863" />

<exclusive-start id="1914" timestamp="2025-12-14T22:18:23.069" intervalms="68.045">
  <response-info timems="0.638" idlems="0.472" threads="2" lastid="000000000085B500" lastname="Default Executor-thread-3" />
</exclusive-start>
<af-start id="1915" threadId="0000000000858278" totalBytesRequested="64" timestamp="2025-12-14T22:18:23.070" intervalms="68.260" type="nursery" />
<cycle-start id="1916" type="scavenge" contextid="0" timestamp="2025-12-14T22:18:23.070" intervalms="68.357" />
<gc-start id="1917" type="scavenge" contextid="1916" timestamp="2025-12-14T22:18:23.071">
  <mem-info id="1918" free="7813952" total="104857600" percent="7">
    <mem type="nursery" free="0" total="47841280" percent="0">
      <mem type="allocate" free="0" total="37027840" percent="0" />
      <mem type="survivor" free="0" total="10813440" percent="0" />
    </mem>
    <mem type="tenure" free="7813952" total="57016320" percent="13">
      <mem type="soa" free="4963136" total="54165504" percent="9" />
      <mem type="loa" free="2850816" total="2850816" percent="100" />
    </mem>
    <remembered-set count="1185" />
  </mem-info>
</gc-start>
<allocation-stats totalBytes="29178688" discardedBytes="84016" >
  <allocated-bytes non-tlh="36976" tlh="29141712" />
  <largest-consumer threadName="Default Executor-thread-5" threadId="0000000000859100" bytes="6549400" />
</allocation-stats>
<gc-op id="1919" type="scavenge" timems="12.022" contextid="1916" timestamp="2025-12-14T22:18:23.085">
  <scavenger-info tenureage="4" tenuremask="7f30" tiltratio="77" />
  <memory-copied type="nursery" objects="53227" bytes="5306608" bytesdiscarded="253856" />
  <memory-copied type="tenure" objects="42724" bytes="2877328" bytesdiscarded="1008" />
  <finalization candidates="513" enqueued="488" />
  <ownableSynchronizers candidates="183" cleared="0" />
  <references type="soft" candidates="8" cleared="0" enqueued="0" dynamicThreshold="9" maxThreshold="32" />
  <references type="weak" candidates="54" cleared="13" enqueued="13" />
  <references type="phantom" candidates="31" cleared="0" enqueued="0" />
  <object-monitors candidates="109" cleared="0"  />
</gc-op>
<heap-resize id="1920" type="expand" space="nursery" amount="4587520" count="1" timems="2.415" reason="excessive time being spent scavenging" timestamp="2025-12-14T22:18:23.088" />
<gc-end id="1921" type="scavenge" contextid="1916" durationms="17.356" usertimems="35.210" systemtimems="18.077" stalltimems="23.905" timestamp="2025-12-14T22:18:23.089" activeThreads="6">
  <mem-info id="1922" free="41109520" total="109445120" percent="37">
    <mem type="nursery" free="36119488" total="52428800" percent="68">
      <mem type="allocate" free="36119488" total="41680896" percent="86" />
      <mem type="survivor" free="0" total="10747904" percent="0" />
    </mem>
    <mem type="tenure" free="4990032" total="57016320" percent="8" macro-fragmented="2291916">
      <mem type="soa" free="2139216" total="54165504" percent="3" />
      <mem type="loa" free="2850816" total="2850816" percent="100" />
    </mem>
    <pending-finalizers system="0" default="488" reference="13" classloader="0" />
    <remembered-set count="2952" />
  </mem-info>
</gc-end>
<cycle-end id="1923" type="scavenge" contextid="1916" timestamp="2025-12-14T22:18:23.090" />
<allocation-satisfied id="1924" threadId="0000000000857800" bytesRequested="64" />
<af-end id="1925" timestamp="2025-12-14T22:18:23.092" threadId="0000000000858278" success="true" from="nursery"/>
<exclusive-end id="1926" timestamp="2025-12-14T22:18:23.092" durationms="23.729" />

<concurrent-kickoff id="1927" timestamp="2025-12-14T22:18:23.157">
  <kickoff reason="threshold reached" targetBytes="28227196" thresholdFreeBytes="3907040"  remainingFree="3792256" tenureFreeBytes="4990032" nurseryFreeBytes="3792256" />
</concurrent-kickoff>
<exclusive-start id="1928" timestamp="2025-12-14T22:18:23.158" intervalms="89.828">
  <response-info timems="0.247" idlems="0.182" threads="1" lastid="0000000000857800" lastname="Default Executor-thread-2" />
</exclusive-start>
<cycle-start id="1929" type="global" contextid="0" timestamp="2025-12-14T22:18:23.159" intervalms="1909.311" />
<concurrent-start id="1930" type="global mark" contextid="1929" timestamp="2025-12-14T22:18:23.160">
</concurrent-start>
<exclusive-end id="1931" timestamp="2025-12-14T22:18:23.160" durationms="1.827" />

<exclusive-start id="1932" timestamp="2025-12-14T22:18:23.194" intervalms="35.323">
  <response-info timems="0.112" idlems="0.112" threads="0" lastid="0000000000859100" lastname="Default Executor-thread-5" />
</exclusive-start>
<af-start id="1933" threadId="0000000000859B78" totalBytesRequested="40" timestamp="2025-12-14T22:18:23.194" intervalms="124.969" type="nursery" />
<cycle-start id="1934" type="scavenge" contextid="0" timestamp="2025-12-14T22:18:23.195" intervalms="124.908" />
<gc-start id="1935" type="scavenge" contextid="1934" timestamp="2025-12-14T22:18:23.196">
  <mem-info id="1936" free="4990032" total="109445120" percent="4">
    <mem type="nursery" free="0" total="52428800" percent="0">
      <mem type="allocate" free="0" total="41680896" percent="0" />
      <mem type="survivor" free="0" total="10747904" percent="0" />
    </mem>
    <mem type="tenure" free="4990032" total="57016320" percent="8">
      <mem type="soa" free="2139216" total="54165504" percent="3" />
      <mem type="loa" free="2850816" total="2850816" percent="100" />
    </mem>
    <remembered-set count="3196" />
  </mem-info>
</gc-start>
<allocation-stats totalBytes="36023920" discardedBytes="95568" >
  <allocated-bytes non-tlh="299784" tlh="35724136" />
  <largest-consumer threadName="Default Executor-thread-2" threadId="0000000000857800" bytes="7376648" />
</allocation-stats>
<gc-op id="1937" type="scavenge" timems="8.229" contextid="1934" timestamp="2025-12-14T22:18:23.206">
  <scavenger-info tenureage="8" tenuremask="7f00" tiltratio="79" />
  <memory-copied type="nursery" objects="64127" bytes="6632232" bytesdiscarded="201408" />
  <finalization candidates="704" enqueued="701" />
  <ownableSynchronizers candidates="6" cleared="0" />
  <references type="soft" candidates="8" cleared="0" enqueued="0" dynamicThreshold="9" maxThreshold="32" />
  <references type="weak" candidates="46" cleared="7" enqueued="7" />
  <references type="phantom" candidates="81" cleared="8" enqueued="8" />
  <object-monitors candidates="109" cleared="0"  />
</gc-op>
<heap-resize id="1938" type="expand" space="nursery" amount="1966080" count="1" timems="0.097" reason="excessive time being spent scavenging" timestamp="2025-12-14T22:18:23.207" />
<gc-end id="1939" type="scavenge" contextid="1934" durationms="11.224" usertimems="14.157" systemtimems="16.715" stalltimems="22.138" timestamp="2025-12-14T22:18:23.207" activeThreads="6">
  <mem-info id="1940" free="42321752" total="111411200" percent="37">
    <mem type="nursery" free="37331720" total="54394880" percent="68">
      <mem type="allocate" free="37331720" total="44171264" percent="84" />
      <mem type="survivor" free="0" total="10223616" percent="0" />
    </mem>
    <mem type="tenure" free="4990032" total="57016320" percent="8" macro-fragmented="4392478">
      <mem type="soa" free="2139216" total="54165504" percent="3" />
      <mem type="loa" free="2850816" total="2850816" percent="100" />
    </mem>
    <pending-finalizers system="0" default="701" reference="15" classloader="0" />
    <remembered-set count="3007" />
  </mem-info>
</gc-end>
<cycle-end id="1941" type="scavenge" contextid="1934" timestamp="2025-12-14T22:18:23.208" />
<allocation-satisfied id="1942" threadId="0000000000859100" bytesRequested="40" />
<af-end id="1943" timestamp="2025-12-14T22:18:23.209" threadId="0000000000859B78" success="true" from="nursery"/>
<exclusive-end id="1944" timestamp="2025-12-14T22:18:23.210" durationms="16.195" />

<concurrent-end id="1945" type="global mark" contextid="1929" timestamp="2025-12-14T22:18:23.211">
<gc-op id="1946" type="trace" timems="51.097" contextid="1929" timestamp="2025-12-14T22:18:23.211">
  <trace bytesTraced="30931340" workStackOverflowCount="0" />
  <card-cleaning reason="card cleaning threshold reached" bytesTraced="16044" cardsCleaned="35" />
</gc-op>
</concurrent-end>

<exclusive-start id="1947" timestamp="2025-12-14T22:18:23.212" intervalms="18.536">
  <response-info timems="0.081" idlems="0.060" threads="1" lastid="000000000085B500" lastname="Default Executor-thread-3" />
</exclusive-start>
<concurrent-global-final id="1948" timestamp="2025-12-14T22:18:23.213" contextid="1929" intervalms="1846.984" >
  <concurrent-trace-info reason="card cleaning threshold reached" tracedByMutators="24453152" tracedByHelpers="6494232" cardsCleaned="35" workStackOverflowCount="0" />
</concurrent-global-final>
<gc-start id="1949" type="global" contextid="1929" timestamp="2025-12-14T22:18:23.214">
  <mem-info id="1950" free="41166640" total="111411200" percent="36">
    <mem type="nursery" free="36176608" total="54394880" percent="66">
      <mem type="allocate" free="36176608" total="44171264" percent="81" />
      <mem type="survivor" free="0" total="10223616" percent="0" />
    </mem>
    <mem type="tenure" free="4990032" total="57016320" percent="8">
      <mem type="soa" free="2139216" total="54165504" percent="3" />
      <mem type="loa" free="2850816" total="2850816" percent="100" />
    </mem>
    <remembered-set count="3019" />
  </mem-info>
</gc-start>
<allocation-stats totalBytes="1155080" discardedBytes="32" >
  <allocated-bytes non-tlh="40" tlh="1155040" />
  <largest-consumer threadName="Default Executor-thread-5" threadId="0000000000859100" bytes="348192" />
</allocation-stats>
<gc-op id="1951" type="rs-scan" timems="7.995" contextid="1929" timestamp="2025-12-14T22:18:23.223">
  <scan objectsFound="40361" bytesTraced="1772564" workStackOverflowCount="0" />
</gc-op>
<gc-op id="1952" type="card-cleaning" timems="2.468" contextid="1929" timestamp="2025-12-14T22:18:23.227">
  <card-cleaning cardsCleaned="135" bytesTraced="68184" workStackOverflowCount="0" />
</gc-op>
<gc-op id="1953" type="mark" timems="36.400" contextid="1929" timestamp="2025-12-14T22:18:23.264">
  <trace-info objectcount="9650" scancount="8497" scanbytes="436508" />
  <finalization candidates="821" enqueued="24" />
  <ownableSynchronizers candidates="8674" cleared="17" />
  <references type="soft" candidates="12311" cleared="0" enqueued="0" dynamicThreshold="9" maxThreshold="32" />
  <references type="weak" candidates="14880" cleared="2" enqueued="2" />
  <references type="phantom" candidates="423" cleared="0" enqueued="0" />
  <stringconstants candidates="38576" cleared="184"  />
  <object-monitors candidates="109" cleared="9"  />
</gc-op>
<gc-op id="1954" type="classunload" timems="2.751" contextid="1929" timestamp="2025-12-14T22:18:23.267">
  <classunload-info classloadercandidates="414" classloadersunloaded="1" classesunloaded="17" anonymousclassesunloaded="16" quiescems="0.000" setupms="2.657" scanms="0.078" postms="0.015" />
</gc-op>
<gc-op id="1955" type="sweep" timems="5.046" contextid="1929" timestamp="2025-12-14T22:18:23.273" />
<heap-resize id="1956" type="expand" space="tenure" amount="12255232" count="1" timems="2.584" reason="insufficient free space following gc" timestamp="2025-12-14T22:18:23.277" />
<gc-end id="1957" type="global" contextid="1929" durationms="63.719" usertimems="146.900" systemtimems="49.910" stalltimems="668.250" timestamp="2025-12-14T22:18:23.278" activeThreads="20">
  <mem-info id="1958" free="61484520" total="123666432" percent="49">
    <mem type="nursery" free="40660832" total="54394880" percent="74">
      <mem type="allocate" free="40660832" total="44171264" percent="92" />
      <mem type="survivor" free="0" total="10223616" percent="0" />
    </mem>
    <mem type="tenure" free="20823688" total="69271552" percent="30" micro-fragmented="1556344" macro-fragmented="0">
      <mem type="soa" free="17359496" total="65807360" percent="26" />
      <mem type="loa" free="3464192" total="3464192" percent="100" />
    </mem>
    <pending-finalizers system="0" default="24" reference="2" classloader="0" />
    <remembered-set count="3007" />
  </mem-info>
</gc-end>
<cycle-end id="1959" type="global" contextid="1929" timestamp="2025-12-14T22:18:23.279" />
<exclusive-end id="1960" timestamp="2025-12-14T22:18:23.280" durationms="67.574" />

<exclusive-start id="1961" timestamp="2025-12-14T22:18:23.355" intervalms="143.036">
  <response-info timems="0.131" idlems="0.131" threads="0" lastid="0000000000857800" lastname="Default Executor-thread-2" />
</exclusive-start>
<af-start id="1962" threadId="0000000000858278" totalBytesRequested="520" timestamp="2025-12-14T22:18:23.356" intervalms="161.779" type="nursery" />
<cycle-start id="1963" type="scavenge" contextid="0" timestamp="2025-12-14T22:18:23.357" intervalms="162.134" />
<gc-start id="1964" type="scavenge" contextid="1963" timestamp="2025-12-14T22:18:23.359">
  <mem-info id="1965" free="20817352" total="123666432" percent="16">
    <mem type="nursery" free="0" total="54394880" percent="0">
      <mem type="allocate" free="0" total="44171264" percent="0" />
      <mem type="survivor" free="0" total="10223616" percent="0" />
    </mem>
    <mem type="tenure" free="20817352" total="69271552" percent="30">
      <mem type="soa" free="17353160" total="65807360" percent="26" />
      <mem type="loa" free="3464192" total="3464192" percent="100" />
    </mem>
    <remembered-set count="3346" />
  </mem-info>
</gc-start>
<allocation-stats totalBytes="40609120" discardedBytes="52504" >
  <allocated-bytes non-tlh="582496" tlh="40026624" />
  <largest-consumer threadName="Default Executor-thread-3" threadId="000000000085B500" bytes="10954936" />
</allocation-stats>
<gc-op id="1966" type="scavenge" timems="9.829" contextid="1963" timestamp="2025-12-14T22:18:23.370">
  <scavenger-info tenureage="4" tenuremask="7f10" tiltratio="81" />
  <memory-copied type="nursery" objects="46947" bytes="7888208" bytesdiscarded="133576" />
  <memory-copied type="tenure" objects="25239" bytes="1074408" bytesdiscarded="7424" />
  <finalization candidates="775" enqueued="774" />
  <ownableSynchronizers candidates="17308" cleared="17302" />
  <references type="soft" candidates="8" cleared="0" enqueued="0" dynamicThreshold="9" maxThreshold="32" />
  <references type="weak" candidates="43" cleared="28" enqueued="28" />
  <references type="phantom" candidates="106" cleared="0" enqueued="0" />
  <object-monitors candidates="100" cleared="0"  />
</gc-op>
<gc-end id="1967" type="scavenge" contextid="1963" durationms="12.259" usertimems="37.763" systemtimems="7.693" stalltimems="15.344" timestamp="2025-12-14T22:18:23.371" activeThreads="6">
  <mem-info id="1968" free="54790152" total="123666432" percent="44">
    <mem type="nursery" free="35295752" total="54394880" percent="64">
      <mem type="allocate" free="35295752" total="43319296" percent="81" />
      <mem type="survivor" free="0" total="11075584" percent="0" />
    </mem>
    <mem type="tenure" free="19494400" total="69271552" percent="28" macro-fragmented="13375613">
      <mem type="soa" free="16030208" total="65807360" percent="24" />
      <mem type="loa" free="3464192" total="3464192" percent="100" />
    </mem>
    <pending-finalizers system="0" default="774" reference="28" classloader="0" />
    <remembered-set count="3544" />
  </mem-info>
</gc-end>
<cycle-end id="1969" type="scavenge" contextid="1963" timestamp="2025-12-14T22:18:23.372" />
<allocation-satisfied id="1970" threadId="0000000000857800" bytesRequested="520" />
<af-end id="1971" timestamp="2025-12-14T22:18:23.373" threadId="0000000000858278" success="true" from="nursery"/>
<exclusive-end id="1972" timestamp="2025-12-14T22:18:23.374" durationms="18.428" />

<exclusive-start id="1973" timestamp="2025-12-14T22:18:23.431" intervalms="76.073">
  <response-info timems="0.084" idlems="0.084" threads="0" lastid="0000000000857800" lastname="Default Executor-thread-2" />
</exclusive-start>
<af-start id="1974" threadId="0000000000858278" totalBytesRequested="4192" timestamp="2025-12-14T22:18:23.432" intervalms="75.979" type="nursery" />
<cycle-start id="1975" type="scavenge" contextid="0" timestamp="2025-12-14T22:18:23.433" intervalms="75.864" />
<gc-start id="1976" type="scavenge" contextid="1975" timestamp="2025-12-14T22:18:23.434">
  <mem-info id="1977" free="19489056" total="123666432" percent="15">
    <mem type="nursery" free="0" total="54394880" percent="0">
      <mem type="allocate" free="0" total="43319296" percent="0" />
      <mem type="survivor" free="0" total="11075584" percent="0" />
    </mem>
    <mem type="tenure" free="19489056" total="69271552" percent="28">
      <mem type="soa" free="16024864" total="65807360" percent="24" />
      <mem type="loa" free="3464192" total="3464192" percent="100" />
    </mem>
    <remembered-set count="3865" />
  </mem-info>
</gc-start>
<allocation-stats totalBytes="35218848" discardedBytes="82248" >
  <allocated-bytes non-tlh="5864" tlh="35212984" />
  <largest-consumer threadName="Default Executor-thread-2" threadId="0000000000857800" bytes="10047776" />
</allocation-stats>
<gc-op id="1978" type="scavenge" timems="7.724" contextid="1975" timestamp="2025-12-14T22:18:23.443">
  <scavenger-info tenureage="8" tenuremask="7f00" tiltratio="79" />
  <memory-copied type="nursery" objects="63246" bytes="9236800" bytesdiscarded="181000" />
  <finalization candidates="1260" enqueued="1260" />
  <ownableSynchronizers candidates="14" cleared="2" />
  <references type="soft" candidates="26" cleared="0" enqueued="0" dynamicThreshold="9" maxThreshold="32" />
  <references type="weak" candidates="68" cleared="47" enqueued="47" />
  <references type="phantom" candidates="128" cleared="12" enqueued="12" />
  <object-monitors candidates="100" cleared="0"  />
</gc-op>
<heap-resize id="1979" type="expand" space="nursery" amount="4325376" count="1" timems="2.266" reason="excessive time being spent scavenging" timestamp="2025-12-14T22:18:23.446" />
<gc-end id="1980" type="scavenge" contextid="1975" durationms="14.302" usertimems="36.933" systemtimems="1.526" stalltimems="20.218" timestamp="2025-12-14T22:18:23.448" activeThreads="7">
  <mem-info id="1981" free="55027000" total="127991808" percent="42">
    <mem type="nursery" free="35537944" total="58720256" percent="60">
      <mem type="allocate" free="35537944" total="44957696" percent="79" />
      <mem type="survivor" free="0" total="13762560" percent="0" />
    </mem>
    <mem type="tenure" free="19489056" total="69271552" percent="28" macro-fragmented="39552">
      <mem type="soa" free="16024864" total="65807360" percent="24" />
      <mem type="loa" free="3464192" total="3464192" percent="100" />
    </mem>
    <pending-finalizers system="0" default="1260" reference="59" classloader="0" />
    <remembered-set count="3644" />
  </mem-info>
</gc-end>
<cycle-end id="1982" type="scavenge" contextid="1975" timestamp="2025-12-14T22:18:23.451" />
<allocation-satisfied id="1983" threadId="0000000000857800" bytesRequested="4192" />
<af-end id="1984" timestamp="2025-12-14T22:18:23.453" threadId="0000000000858278" success="true" from="nursery"/>
<exclusive-end id="1985" timestamp="2025-12-14T22:18:23.454" durationms="22.231" />

<exclusive-start id="1986" timestamp="2025-12-14T22:18:23.533" intervalms="101.881">
  <response-info timems="0.108" idlems="0.108" threads="0" lastid="000000000085B500" lastname="Default Executor-thread-3" />
</exclusive-start>
<af-start id="1987" threadId="000000000085BF78" totalBytesRequested="9496" timestamp="2025-12-14T22:18:23.534" intervalms="101.794" type="nursery" />
<cycle-start id="1988" type="scavenge" contextid="0" timestamp="2025-12-14T22:18:23.535" intervalms="101.661" />
<gc-start id="1989" type="scavenge" contextid="1988" timestamp="2025-12-14T22:18:23.536">
  <mem-info id="1990" free="19482496" total="127991808" percent="15">
    <mem type="nursery" free="0" total="58720256" percent="0">
      <mem type="allocate" free="0" total="44957696" percent="0" />
      <mem type="survivor" free="0" total="13762560" percent="0" />
    </mem>
    <mem type="tenure" free="19482496" total="69271552" percent="28">
      <mem type="soa" free="16018304" total="65807360" percent="24" />
      <mem type="loa" free="3464192" total="3464192" percent="100" />
    </mem>
    <remembered-set count="4159" />
  </mem-info>
</gc-start>
<allocation-stats totalBytes="35485320" discardedBytes="59184" >
  <allocated-bytes non-tlh="18952" tlh="35466368" />
  <largest-consumer threadName="Default Executor-thread-6" threadId="0000000000859E00" bytes="17476280" />
</allocation-stats>
<gc-op id="1991" type="scavenge" timems="12.344" contextid="1988" timestamp="2025-12-14T22:18:23.550">
  <scavenger-info tenureage="7" tenuremask="7f80" tiltratio="76" />
  <memory-copied type="nursery" objects="61003" bytes="7386880" bytesdiscarded="278696" />
  <memory-copied type="tenure" objects="7456" bytes="416696" bytesdiscarded="1864" />
  <finalization candidates="529" enqueued="528" />
  <ownableSynchronizers candidates="28" cleared="9" />
  <references type="soft" candidates="49" cleared="0" enqueued="0" dynamicThreshold="9" maxThreshold="32" />
  <references type="weak" candidates="104" cleared="80" enqueued="80" />
  <references type="phantom" candidates="112" cleared="0" enqueued="0" />
  <object-monitors candidates="100" cleared="0"  />
</gc-op>
<heap-resize id="1992" type="expand" space="nursery" amount="3801088" count="1" timems="0.082" reason="excessive time being spent scavenging" timestamp="2025-12-14T22:18:23.551" />
<gc-end id="1993" type="scavenge" contextid="1988" durationms="15.848" usertimems="42.329" systemtimems="9.055" stalltimems="18.334" timestamp="2025-12-14T22:18:23.552" activeThreads="7">
  <mem-info id="1994" free="60478040" total="131792896" percent="45">
    <mem type="nursery" free="41485536" total="62521344" percent="66">
      <mem type="allocate" free="41485536" total="49152000" percent="84" />
      <mem type="survivor" free="0" total="13369344" percent="0" />
    </mem>
    <mem type="tenure" free="18992504" total="69271552" percent="27" macro-fragmented="0">
      <mem type="soa" free="15528312" total="65807360" percent="23" />
      <mem type="loa" free="3464192" total="3464192" percent="100" />
    </mem>
    <pending-finalizers system="0" default="528" reference="80" classloader="0" />
    <remembered-set count="3464" />
  </mem-info>
</gc-end>
<cycle-end id="1995" type="scavenge" contextid="1988" timestamp="2025-12-14T22:18:23.553" />
<allocation-satisfied id="1996" threadId="000000000085B500" bytesRequested="9496" />
<af-end id="1997" timestamp="2025-12-14T22:18:23.554" threadId="000000000085BF78" success="true" from="nursery"/>
<exclusive-end id="1998" timestamp="2025-12-14T22:18:23.555" durationms="21.378" />

<exclusive-start id="1999" timestamp="2025-12-14T22:18:23.669" intervalms="135.551">
  <response-info timems="0.342" idlems="0.333" threads="1" lastid="0000000000859E00" lastname="Default Executor-thread-6" />
</exclusive-start>
<af-start id="2000" threadId="000000000085BF78" totalBytesRequested="1040" timestamp="2025-12-14T22:18:23.670" intervalms="135.612" type="nursery" />
<cycle-start id="2001" type="scavenge" contextid="0" timestamp="2025-12-14T22:18:23.670" intervalms="135.558" />
<gc-start id="2002" type="scavenge" contextid="2001" timestamp="2025-12-14T22:18:23.671">
  <mem-info id="2003" free="18964032" total="131792896" percent="14">
    <mem type="nursery" free="0" total="62521344" percent="0">
      <mem type="allocate" free="0" total="49152000" percent="0" />
      <mem type="survivor" free="0" total="13369344" percent="0" />
    </mem>
    <mem type="tenure" free="18964032" total="69271552" percent="27">
      <mem type="soa" free="15499840" total="65807360" percent="23" />
      <mem type="loa" free="3464192" total="3464192" percent="100" />
    </mem>
    <remembered-set count="4486" />
  </mem-info>
</gc-start>
<allocation-stats totalBytes="41404176" discardedBytes="107704" >
  <allocated-bytes non-tlh="44040" tlh="41360136" />
  <largest-consumer threadName="Default Executor-thread-5" threadId="0000000000859100" bytes="14447384" />
</allocation-stats>
<gc-op id="2004" type="scavenge" timems="10.590" contextid="2001" timestamp="2025-12-14T22:18:23.683">
  <scavenger-info tenureage="8" tenuremask="7f00" tiltratio="78" />
  <memory-copied type="nursery" objects="139276" bytes="10752256" bytesdiscarded="216416" />
  <finalization candidates="378" enqueued="377" />
  <ownableSynchronizers candidates="62" cleared="38" />
  <references type="soft" candidates="140" cleared="0" enqueued="0" dynamicThreshold="9" maxThreshold="32" />
  <references type="weak" candidates="283" cleared="212" enqueued="212" />
  <references type="phantom" candidates="138" cleared="8" enqueued="8" />
  <object-monitors candidates="100" cleared="0"  />
</gc-op>
<heap-resize id="2005" type="expand" space="nursery" amount="2621440" count="1" timems="0.080" reason="excessive time being spent scavenging" timestamp="2025-12-14T22:18:23.684" />
<gc-end id="2006" type="scavenge" contextid="2001" durationms="13.774" usertimems="54.953" systemtimems="3.057" stalltimems="28.849" timestamp="2025-12-14T22:18:23.685" activeThreads="8">
  <mem-info id="2007" free="55900704" total="134414336" percent="41">
    <mem type="nursery" free="36936672" total="65142784" percent="56">
      <mem type="allocate" free="36936672" total="47906816" percent="77" />
      <mem type="survivor" free="0" total="17235968" percent="0" />
    </mem>
    <mem type="tenure" free="18964032" total="69271552" percent="27" macro-fragmented="11146344">
      <mem type="soa" free="15499840" total="65807360" percent="23" />
      <mem type="loa" free="3464192" total="3464192" percent="100" />
    </mem>
    <pending-finalizers system="19" default="358" reference="220" classloader="0" />
    <remembered-set count="4027" />
  </mem-info>
</gc-end>
<cycle-end id="2008" type="scavenge" contextid="2001" timestamp="2025-12-14T22:18:23.686" />
<allocation-satisfied id="2009" threadId="000000000085B500" bytesRequested="1040" />
<af-end id="2010" timestamp="2025-12-14T22:18:23.687" threadId="000000000085BF78" success="true" from="nursery"/>
<exclusive-end id="2011" timestamp="2025-12-14T22:18:23.688" durationms="19.042" />

<exclusive-start id="2012" timestamp="2025-12-14T22:18:23.771" intervalms="101.750">
  <response-info timems="0.553" idlems="0.430" threads="4" lastid="0000000000857800" lastname="Default Executor-thread-2" />
</exclusive-start>
<af-start id="2013" threadId="000000000085BF78" totalBytesRequested="53624" timestamp="2025-12-14T22:18:23.771" intervalms="101.772" type="nursery" />
<cycle-start id="2014" type="scavenge" contextid="0" timestamp="2025-12-14T22:18:23.772" intervalms="101.918" />
<gc-start id="2015" type="scavenge" contextid="2014" timestamp="2025-12-14T22:18:23.773">
  <mem-info id="2016" free="18947888" total="134414336" percent="14">
    <mem type="nursery" free="0" total="65142784" percent="0">
      <mem type="allocate" free="0" total="47906816" percent="0" />
      <mem type="survivor" free="0" total="17235968" percent="0" />
    </mem>
    <mem type="tenure" free="18947888" total="69271552" percent="27">
      <mem type="soa" free="15483696" total="65807360" percent="23" />
      <mem type="loa" free="3464192" total="3464192" percent="100" />
    </mem>
    <remembered-set count="4288" />
  </mem-info>
</gc-start>
<allocation-stats totalBytes="36617232" discardedBytes="334848" >
  <allocated-bytes non-tlh="118752" tlh="36498480" />
  <largest-consumer threadName="Default Executor-thread-5" threadId="0000000000859100" bytes="12173096" />
</allocation-stats>
<gc-op id="2017" type="scavenge" timems="16.267" contextid="2014" timestamp="2025-12-14T22:18:23.791">
  <scavenger-info tenureage="4" tenuremask="7f10" tiltratio="73" />
  <memory-copied type="nursery" objects="149487" bytes="12702024" bytesdiscarded="384624" />
  <memory-copied type="tenure" objects="11456" bytes="1447488" bytesdiscarded="4488" />
  <finalization candidates="870" enqueued="868" />
  <ownableSynchronizers candidates="28" cleared="3" />
  <references type="soft" candidates="154" cleared="0" enqueued="0" dynamicThreshold="9" maxThreshold="32" />
  <references type="weak" candidates="182" cleared="94" enqueued="94" />
  <references type="phantom" candidates="107" cleared="9" enqueued="9" />
  <object-monitors candidates="100" cleared="0"  />
</gc-op>
<heap-resize id="2018" type="expand" space="nursery" amount="5242880" count="1" timems="0.086" reason="excessive time being spent scavenging" timestamp="2025-12-14T22:18:23.792" />
<gc-end id="2019" type="scavenge" contextid="2014" durationms="19.169" usertimems="79.224" systemtimems="9.072" stalltimems="28.786" timestamp="2025-12-14T22:18:23.793" activeThreads="8">
  <mem-info id="2020" free="55160024" total="139657216" percent="39">
    <mem type="nursery" free="37963944" total="70385664" percent="53">
      <mem type="allocate" free="37963944" total="51052544" percent="74" />
      <mem type="survivor" free="0" total="19333120" percent="0" />
    </mem>
    <mem type="tenure" free="17196080" total="69271552" percent="24" macro-fragmented="16486352">
      <mem type="soa" free="13731888" total="65807360" percent="20" />
      <mem type="loa" free="3464192" total="3464192" percent="100" />
    </mem>
    <pending-finalizers system="18" default="850" reference="103" classloader="0" />
    <remembered-set count="6768" />
  </mem-info>
</gc-end>
<cycle-end id="2021" type="scavenge" contextid="2014" timestamp="2025-12-14T22:18:23.793" />
<allocation-satisfied id="2022" threadId="000000000085B500" bytesRequested="53624" />
<af-end id="2023" timestamp="2025-12-14T22:18:23.795" threadId="000000000085BF78" success="true" from="nursery"/>
<exclusive-end id="2024" timestamp="2025-12-14T22:18:23.796" durationms="25.504" />

<exclusive-start id="2025" timestamp="2025-12-14T22:18:23.872" intervalms="101.332">
  <response-info timems="0.093" idlems="0.091" threads="1" lastid="0000000000859100" lastname="Default Executor-thread-5" />
</exclusive-start>
<af-start id="2026" threadId="0000000000858278" totalBytesRequested="4072" timestamp="2025-12-14T22:18:23.873" intervalms="101.302" type="nursery" />
<cycle-start id="2027" type="scavenge" contextid="0" timestamp="2025-12-14T22:18:23.874" intervalms="101.218" />
<gc-start id="2028" type="scavenge" contextid="2027" timestamp="2025-12-14T22:18:23.875">
  <mem-info id="2029" free="17181112" total="139657216" percent="12">
    <mem type="nursery" free="0" total="70385664" percent="0">
      <mem type="allocate" free="0" total="51052544" percent="0" />
      <mem type="survivor" free="0" total="19333120" percent="0" />
    </mem>
    <mem type="tenure" free="17181112" total="69271552" percent="24">
      <mem type="soa" free="13716920" total="65807360" percent="20" />
      <mem type="loa" free="3464192" total="3464192" percent="100" />
    </mem>
    <remembered-set count="6980" />
  </mem-info>
</gc-start>
<allocation-stats totalBytes="37812408" discardedBytes="166504" >
  <allocated-bytes non-tlh="240464" tlh="37571944" />
  <largest-consumer threadName="Default Executor-thread-2" threadId="0000000000857800" bytes="12520456" />
</allocation-stats>
<gc-op id="2030" type="scavenge" timems="14.475" contextid="2027" timestamp="2025-12-14T22:18:23.890">
  <scavenger-info tenureage="6" tenuremask="7fc0" tiltratio="72" />
  <memory-copied type="nursery" objects="141300" bytes="13473200" bytesdiscarded="240304" />
  <memory-copied type="tenure" objects="17336" bytes="1436112" bytesdiscarded="1456" />
  <finalization candidates="975" enqueued="973" />
  <ownableSynchronizers candidates="28" cleared="0" />
  <references type="soft" candidates="163" cleared="0" enqueued="0" dynamicThreshold="9" maxThreshold="32" />
  <references type="weak" candidates="184" cleared="91" enqueued="91" />
  <references type="phantom" candidates="45" cleared="4" enqueued="4" />
  <object-monitors candidates="100" cleared="0"  />
</gc-op>
<heap-resize id="2031" type="expand" space="nursery" amount="5505024" count="1" timems="0.077" reason="excessive time being spent scavenging" timestamp="2025-12-14T22:18:23.891" />
<gc-end id="2032" type="scavenge" contextid="2027" durationms="17.714" usertimems="78.449" systemtimems="6.976" stalltimems="63.075" timestamp="2025-12-14T22:18:23.892" activeThreads="10">
  <mem-info id="2033" free="58197880" total="145162240" percent="40">
    <mem type="nursery" free="43038264" total="75890688" percent="56">
      <mem type="allocate" free="43038264" total="56754176" percent="75" />
      <mem type="survivor" free="0" total="19136512" percent="0" />
    </mem>
    <mem type="tenure" free="15159616" total="69271552" percent="21" macro-fragmented="5375358">
      <mem type="soa" free="11695424" total="65807360" percent="17" />
      <mem type="loa" free="3464192" total="3464192" percent="100" />
    </mem>
    <pending-finalizers system="9" default="964" reference="95" classloader="0" />
    <remembered-set count="3787" />
  </mem-info>
</gc-end>
<cycle-end id="2034" type="scavenge" contextid="2027" timestamp="2025-12-14T22:18:23.893" />
<allocation-satisfied id="2035" threadId="0000000000857800" bytesRequested="4072" />
<af-end id="2036" timestamp="2025-12-14T22:18:23.895" threadId="0000000000858278" success="true" from="nursery"/>
<exclusive-end id="2037" timestamp="2025-12-14T22:18:23.895" durationms="23.330" />

<exclusive-start id="2038" timestamp="2025-12-14T22:18:23.971" intervalms="98.939">
  <response-info timems="0.081" idlems="0.042" threads="1" lastid="0000000000859100" lastname="Default Executor-thread-5" />
</exclusive-start>
<af-start id="2039" threadId="0000000000858278" totalBytesRequested="1168" timestamp="2025-12-14T22:18:23.972" intervalms="98.837" type="nursery" />
<cycle-start id="2040" type="scavenge" contextid="0" timestamp="2025-12-14T22:18:23.972" intervalms="98.792" />
<gc-start id="2041" type="scavenge" contextid="2040" timestamp="2025-12-14T22:18:23.973">
  <mem-info id="2042" free="15140224" total="145162240" percent="10">
    <mem type="nursery" free="0" total="75890688" percent="0">
      <mem type="allocate" free="0" total="56754176" percent="0" />
      <mem type="survivor" free="0" total="19136512" percent="0" />
    </mem>
    <mem type="tenure" free="15140224" total="69271552" percent="21">
      <mem type="soa" free="11676032" total="65807360" percent="17" />
      <mem type="loa" free="3464192" total="3464192" percent="100" />
    </mem>
    <remembered-set count="4037" />
  </mem-info>
</gc-start>
<allocation-stats totalBytes="43022368" discardedBytes="35288" >
  <allocated-bytes non-tlh="23464" tlh="42998904" />
  <largest-consumer threadName="Default Executor-thread-2" threadId="0000000000857800" bytes="14414352" />
</allocation-stats>
<gc-op id="2043" type="scavenge" timems="21.387" contextid="2040" timestamp="2025-12-14T22:18:23.996">
  <scavenger-info tenureage="5" tenuremask="7f20" tiltratio="74" />
  <memory-copied type="nursery" objects="146449" bytes="14196240" bytesdiscarded="338200" />
  <memory-copied type="tenure" objects="9039" bytes="664088" bytesdiscarded="1312" />
  <finalization candidates="1199" enqueued="1199" />
  <ownableSynchronizers candidates="28" cleared="0" />
  <references type="soft" candidates="155" cleared="0" enqueued="0" dynamicThreshold="9" maxThreshold="32" />
  <references type="weak" candidates="197" cleared="95" enqueued="95" />
  <references type="phantom" candidates="38" cleared="11" enqueued="11" />
  <object-monitors candidates="100" cleared="0"  />
</gc-op>
<heap-resize id="2044" type="expand" space="nursery" amount="8519680" count="1" timems="0.107" reason="excessive time being spent scavenging" timestamp="2025-12-14T22:18:23.998" />
<gc-end id="2045" type="scavenge" contextid="2040" durationms="26.117" usertimems="81.078" systemtimems="33.124" stalltimems="56.450" timestamp="2025-12-14T22:18:23.999" activeThreads="10">
  <mem-info id="2046" free="63598576" total="153681920" percent="41">
    <mem type="nursery" free="49426016" total="84410368" percent="58">
      <mem type="allocate" free="49426016" total="63963136" percent="77" />
      <mem type="survivor" free="0" total="20447232" percent="0" />
    </mem>
    <mem type="tenure" free="14172560" total="69271552" percent="20" macro-fragmented="0">
      <mem type="soa" free="10708368" total="65807360" percent="16" />
      <mem type="loa" free="3464192" total="3464192" percent="100" />
    </mem>
    <pending-finalizers system="21" default="1178" reference="106" classloader="0" />
    <remembered-set count="3869" />
  </mem-info>
</gc-end>
<cycle-end id="2047" type="scavenge" contextid="2040" timestamp="2025-12-14T22:18:24.000" />
<allocation-satisfied id="2048" threadId="0000000000857800" bytesRequested="1168" />
<af-end id="2049" timestamp="2025-12-14T22:18:24.002" threadId="0000000000858278" success="true" from="nursery"/>
<exclusive-end id="2050" timestamp="2025-12-14T22:18:24.003" durationms="31.759" />

<exclusive-start id="2051" timestamp="2025-12-14T22:18:24.113" intervalms="142.437">
  <response-info timems="0.107" idlems="0.107" threads="0" lastid="0000000000858500" lastname="Default Executor-thread-4" />
</exclusive-start>
<af-start id="2052" threadId="0000000000858F78" totalBytesRequested="110248" timestamp="2025-12-14T22:18:24.115" intervalms="143.359" type="nursery" />
<cycle-start id="2053" type="scavenge" contextid="0" timestamp="2025-12-14T22:18:24.116" intervalms="143.521" />
<gc-start id="2054" type="scavenge" contextid="2053" timestamp="2025-12-14T22:18:24.117">
  <mem-info id="2055" free="14140272" total="153681920" percent="9">
    <mem type="nursery" free="0" total="84410368" percent="0">
      <mem type="allocate" free="0" total="63963136" percent="0" />
      <mem type="survivor" free="0" total="20447232" percent="0" />
    </mem>
    <mem type="tenure" free="14140272" total="69271552" percent="20">
      <mem type="soa" free="10676080" total="65807360" percent="16" />
      <mem type="loa" free="3464192" total="3464192" percent="100" />
    </mem>
    <remembered-set count="4582" />
  </mem-info>
</gc-start>
<allocation-stats totalBytes="49406040" discardedBytes="52264" >
  <allocated-bytes non-tlh="33456" tlh="49372584" />
  <largest-consumer threadName="Default Executor-thread-5" threadId="0000000000859100" bytes="15535176" />
</allocation-stats>
<gc-op id="2056" type="scavenge" timems="12.711" contextid="2053" timestamp="2025-12-14T22:18:24.131">
  <scavenger-info tenureage="5" tenuremask="7f20" tiltratio="75" />
  <memory-copied type="nursery" objects="152093" bytes="11706552" bytesdiscarded="542216" />
  <memory-copied type="tenure" objects="13127" bytes="1564152" bytesdiscarded="1376" />
  <finalization candidates="1339" enqueued="1316" />
  <ownableSynchronizers candidates="21" cleared="0" />
  <references type="soft" candidates="178" cleared="0" enqueued="0" dynamicThreshold="9" maxThreshold="32" />
  <references type="weak" candidates="314" cleared="193" enqueued="193" />
  <references type="phantom" candidates="88" cleared="49" enqueued="49" />
  <object-monitors candidates="100" cleared="0"  />
</gc-op>
<heap-resize id="2057" type="expand" space="nursery" amount="4456448" count="1" timems="0.107" reason="excessive time being spent scavenging" timestamp="2025-12-14T22:18:24.133" />
<gc-end id="2058" type="scavenge" contextid="2053" durationms="16.387" usertimems="76.878" systemtimems="4.601" stalltimems="57.072" timestamp="2025-12-14T22:18:24.134" activeThreads="11">
  <mem-info id="2059" free="69828632" total="158138368" percent="44">
    <mem type="nursery" free="57411640" total="88866816" percent="64">
      <mem type="allocate" free="57411640" total="69664768" percent="82" />
      <mem type="survivor" free="0" total="19202048" percent="0" />
    </mem>
    <mem type="tenure" free="12416992" total="69271552" percent="17" macro-fragmented="7740516">
      <mem type="soa" free="8952800" total="65807360" percent="13" />
      <mem type="loa" free="3464192" total="3464192" percent="100" />
    </mem>
    <pending-finalizers system="12" default="1304" reference="242" classloader="0" />
    <remembered-set count="2949" />
  </mem-info>
</gc-end>
<cycle-end id="2060" type="scavenge" contextid="2053" timestamp="2025-12-14T22:18:24.135" />
<allocation-satisfied id="2061" threadId="0000000000858500" bytesRequested="110248" />
<af-end id="2062" timestamp="2025-12-14T22:18:24.137" threadId="0000000000858F78" success="true" from="nursery"/>
<exclusive-end id="2063" timestamp="2025-12-14T22:18:24.137" durationms="24.065" />

<exclusive-start id="2064" timestamp="2025-12-14T22:18:24.254" intervalms="140.692">
  <response-info timems="0.100" idlems="0.100" threads="0" lastid="000000000085B500" lastname="Default Executor-thread-3" />
</exclusive-start>
<af-start id="2065" threadId="000000000085BF78" totalBytesRequested="4640" timestamp="2025-12-14T22:18:24.255" intervalms="139.867" type="nursery" />
<cycle-start id="2066" type="scavenge" contextid="0" timestamp="2025-12-14T22:18:24.256" intervalms="139.730" />
<gc-start id="2067" type="scavenge" contextid="2066" timestamp="2025-12-14T22:18:24.257">
  <mem-info id="2068" free="12398280" total="158138368" percent="7">
    <mem type="nursery" free="0" total="88866816" percent="0">
      <mem type="allocate" free="0" total="69664768" percent="0" />
      <mem type="survivor" free="0" total="19202048" percent="0" />
    </mem>
    <mem type="tenure" free="12398280" total="69271552" percent="17">
      <mem type="soa" free="8934088" total="65807360" percent="13" />
      <mem type="loa" free="3464192" total="3464192" percent="100" />
    </mem>
    <remembered-set count="3536" />
  </mem-info>
</gc-start>
<allocation-stats totalBytes="57392832" discardedBytes="37520" >
  <allocated-bytes non-tlh="660704" tlh="56732128" />
  <largest-consumer threadName="Default Executor-thread-3" threadId="000000000085B500" bytes="16174376" />
</allocation-stats>
<gc-op id="2069" type="scavenge" timems="14.145" contextid="2066" timestamp="2025-12-14T22:18:24.272">
  <scavenger-info tenureage="5" tenuremask="7f20" tiltratio="78" />
  <memory-copied type="nursery" objects="136440" bytes="9791160" bytesdiscarded="225992" />
  <memory-copied type="tenure" objects="64748" bytes="3011752" bytesdiscarded="672" />
  <finalization candidates="897" enqueued="854" />
  <ownableSynchronizers candidates="23" cleared="4" />
  <references type="soft" candidates="118" cleared="0" enqueued="0" dynamicThreshold="9" maxThreshold="32" />
  <references type="weak" candidates="399" cleared="314" enqueued="314" />
  <references type="phantom" candidates="122" cleared="41" enqueued="41" />
  <object-monitors candidates="100" cleared="0"  />
</gc-op>
<heap-resize id="2070" type="expand" space="nursery" amount="4587520" count="1" timems="0.079" reason="excessive time being spent scavenging" timestamp="2025-12-14T22:18:24.273" />
<gc-end id="2071" type="scavenge" contextid="2066" durationms="17.239" usertimems="78.329" systemtimems="19.088" stalltimems="41.248" timestamp="2025-12-14T22:18:24.274" activeThreads="10">
  <mem-info id="2072" free="74242352" total="162725888" percent="45">
    <mem type="nursery" free="65005696" total="93454336" percent="69">
      <mem type="allocate" free="65005696" total="75038720" percent="86" />
      <mem type="survivor" free="0" total="18415616" percent="0" />
    </mem>
    <mem type="tenure" free="9236656" total="69271552" percent="13" macro-fragmented="3732887">
      <mem type="soa" free="5772464" total="65807360" percent="8" />
      <mem type="loa" free="3464192" total="3464192" percent="100" />
    </mem>
    <pending-finalizers system="4" default="850" reference="355" classloader="0" />
    <remembered-set count="2294" />
  </mem-info>
</gc-end>
<cycle-end id="2073" type="scavenge" contextid="2066" timestamp="2025-12-14T22:18:24.275" />
<allocation-satisfied id="2074" threadId="000000000085B500" bytesRequested="4640" />
<af-end id="2075" timestamp="2025-12-14T22:18:24.276" threadId="000000000085BF78" success="true" from="nursery"/>
<exclusive-end id="2076" timestamp="2025-12-14T22:18:24.277" durationms="22.918" />

<exclusive-start id="2077" timestamp="2025-12-14T22:18:24.431" intervalms="176.895">
  <response-info timems="0.081" idlems="0.081" threads="0" lastid="0000000000859100" lastname="Default Executor-thread-5" />
</exclusive-start>
<af-start id="2078" threadId="0000000000859B78" totalBytesRequested="24" timestamp="2025-12-14T22:18:24.432" intervalms="177.012" type="nursery" />
<cycle-start id="2079" type="scavenge" contextid="0" timestamp="2025-12-14T22:18:24.433" intervalms="176.999" />
<gc-start id="2080" type="scavenge" contextid="2079" timestamp="2025-12-14T22:18:24.434">
  <mem-info id="2081" free="9209792" total="162725888" percent="5">
    <mem type="nursery" free="0" total="93454336" percent="0">
      <mem type="allocate" free="0" total="75038720" percent="0" />
      <mem type="survivor" free="0" total="18415616" percent="0" />
    </mem>
    <mem type="tenure" free="9209792" total="69271552" percent="13">
      <mem type="soa" free="5745600" total="65807360" percent="8" />
      <mem type="loa" free="3464192" total="3464192" percent="100" />
    </mem>
    <remembered-set count="3321" />
  </mem-info>
</gc-start>
<allocation-stats totalBytes="65014064" discardedBytes="18496" >
  <allocated-bytes non-tlh="264624" tlh="64749440" />
  <largest-consumer threadName="Default Executor-thread-3" threadId="000000000085B500" bytes="19304720" />
</allocation-stats>
<gc-op id="2082" type="scavenge" timems="14.515" contextid="2079" timestamp="2025-12-14T22:18:24.449">
  <scavenger-info tenureage="8" tenuremask="7f00" tiltratio="80" />
  <memory-copied type="nursery" objects="167638" bytes="8476984" bytesdiscarded="202064" />
  <finalization candidates="401" enqueued="329" />
  <ownableSynchronizers candidates="90" cleared="18" />
  <references type="soft" candidates="197" cleared="0" enqueued="0" dynamicThreshold="9" maxThreshold="32" />
  <references type="weak" candidates="444" cleared="323" enqueued="323" />
  <references type="phantom" candidates="159" cleared="131" enqueued="131" />
  <object-monitors candidates="102" cleared="1"  />
</gc-op>
<heap-resize id="2083" type="expand" space="nursery" amount="3801088" count="1" timems="0.206" reason="excessive time being spent scavenging" timestamp="2025-12-14T22:18:24.451" />
<gc-end id="2084" type="scavenge" contextid="2079" durationms="17.787" usertimems="86.869" systemtimems="5.053" stalltimems="82.001" timestamp="2025-12-14T22:18:24.451" activeThreads="11">
  <mem-info id="2085" free="80667792" total="166526976" percent="48">
    <mem type="nursery" free="71458000" total="97255424" percent="73">
      <mem type="allocate" free="71458000" total="80150528" percent="89" />
      <mem type="survivor" free="0" total="17104896" percent="0" />
    </mem>
    <mem type="tenure" free="9209792" total="69271552" percent="13" macro-fragmented="8486097">
      <mem type="soa" free="5745600" total="65807360" percent="8" />
      <mem type="loa" free="3464192" total="3464192" percent="100" />
    </mem>
    <pending-finalizers system="11" default="318" reference="454" classloader="0" />
    <remembered-set count="2666" />
  </mem-info>
</gc-end>
<cycle-end id="2086" type="scavenge" contextid="2079" timestamp="2025-12-14T22:18:24.452" />
<allocation-satisfied id="2087" threadId="0000000000859100" bytesRequested="24" />
<af-end id="2088" timestamp="2025-12-14T22:18:24.454" threadId="0000000000859B78" success="true" from="nursery"/>
<exclusive-end id="2089" timestamp="2025-12-14T22:18:24.455" durationms="24.107" />

<exclusive-start id="2090" timestamp="2025-12-14T22:18:24.611" intervalms="179.754">
  <response-info timems="0.518" idlems="0.251" threads="2" lastid="0000000000029600" lastname="JIT Compilation Thread-000" />
</exclusive-start>
<af-start id="2091" threadId="00000000017D8278" totalBytesRequested="16" timestamp="2025-12-14T22:18:24.612" intervalms="179.776" type="nursery" />
<cycle-start id="2092" type="scavenge" contextid="0" timestamp="2025-12-14T22:18:24.613" intervalms="180.072" />
<gc-start id="2093" type="scavenge" contextid="2092" timestamp="2025-12-14T22:18:24.614">
  <mem-info id="2094" free="9178800" total="166526976" percent="5">
    <mem type="nursery" free="0" total="97255424" percent="0">
      <mem type="allocate" free="0" total="80150528" percent="0" />
      <mem type="survivor" free="0" total="17104896" percent="0" />
    </mem>
    <mem type="tenure" free="9178800" total="69271552" percent="13">
      <mem type="soa" free="5714608" total="65807360" percent="8" />
      <mem type="loa" free="3464192" total="3464192" percent="100" />
    </mem>
    <remembered-set count="3554" />
  </mem-info>
</gc-start>
<allocation-stats totalBytes="71392456" discardedBytes="96536" >
  <allocated-bytes non-tlh="729608" tlh="70662848" />
  <largest-consumer threadName="Default Executor-thread-2" threadId="0000000000857800" bytes="20133984" />
</allocation-stats>
<gc-op id="2095" type="scavenge" timems="20.038" contextid="2092" timestamp="2025-12-14T22:18:24.635">
  <scavenger-info tenureage="8" tenuremask="7f00" tiltratio="82" />
  <memory-copied type="nursery" objects="210306" bytes="12632144" bytesdiscarded="194592" />
  <finalization candidates="126" enqueued="53" />
  <ownableSynchronizers candidates="179" cleared="59" />
  <references type="soft" candidates="472" cleared="0" enqueued="0" dynamicThreshold="9" maxThreshold="32" />
  <references type="weak" candidates="632" cleared="368" enqueued="368" />
  <references type="phantom" candidates="176" cleared="3" enqueued="3" />
  <object-monitors candidates="101" cleared="0"  />
</gc-op>
<heap-resize id="2096" type="expand" space="nursery" amount="5242880" count="1" timems="0.071" reason="excessive time being spent scavenging" timestamp="2025-12-14T22:18:24.636" />
<gc-end id="2097" type="scavenge" contextid="2092" durationms="23.401" usertimems="95.466" systemtimems="16.760" stalltimems="72.925" timestamp="2025-12-14T22:18:24.637" activeThreads="10">
  <mem-info id="2098" free="77801856" total="171769856" percent="45">
    <mem type="nursery" free="68623056" total="102498304" percent="66">
      <mem type="allocate" free="68623056" total="81461248" percent="84" />
      <mem type="survivor" free="0" total="21037056" percent="0" />
    </mem>
    <mem type="tenure" free="9178800" total="69271552" percent="13" macro-fragmented="7967640">
      <mem type="soa" free="5714608" total="65807360" percent="8" />
      <mem type="loa" free="3464192" total="3464192" percent="100" />
    </mem>
    <pending-finalizers system="6" default="47" reference="371" classloader="0" />
    <remembered-set count="3132" />
  </mem-info>
</gc-end>
<cycle-end id="2099" type="scavenge" contextid="2092" timestamp="2025-12-14T22:18:24.638" />
<allocation-satisfied id="2100" threadId="00000000017D7800" bytesRequested="16" />
<af-end id="2101" timestamp="2025-12-14T22:18:24.640" threadId="00000000017D8278" success="true" from="nursery"/>
<exclusive-end id="2102" timestamp="2025-12-14T22:18:24.640" durationms="29.628" />

<exclusive-start id="2103" timestamp="2025-12-14T22:18:24.770" intervalms="159.379">
  <response-info timems="0.086" idlems="0.086" threads="0" lastid="0000000000858500" lastname="Default Executor-thread-4" />
</exclusive-start>
<af-start id="2104" threadId="0000000000858F78" totalBytesRequested="22984" timestamp="2025-12-14T22:18:24.771" intervalms="159.261" type="nursery" />
<cycle-start id="2105" type="scavenge" contextid="0" timestamp="2025-12-14T22:18:24.772" intervalms="159.222" />
<gc-start id="2106" type="scavenge" contextid="2105" timestamp="2025-12-14T22:18:24.773">
  <mem-info id="2107" free="9157304" total="171769856" percent="5">
    <mem type="nursery" free="0" total="102498304" percent="0">
      <mem type="allocate" free="0" total="81461248" percent="0" />
      <mem type="survivor" free="0" total="21037056" percent="0" />
    </mem>
    <mem type="tenure" free="9157304" total="69271552" percent="13">
      <mem type="soa" free="5693112" total="65807360" percent="8" />
      <mem type="loa" free="3464192" total="3464192" percent="100" />
    </mem>
    <remembered-set count="3826" />
  </mem-info>
</gc-start>
<allocation-stats totalBytes="68568800" discardedBytes="75752" >
  <allocated-bytes non-tlh="518472" tlh="68050328" />
  <largest-consumer threadName="Default Executor-thread-3" threadId="000000000085B500" bytes="22085184" />
</allocation-stats>
<gc-op id="2108" type="scavenge" timems="15.518" contextid="2105" timestamp="2025-12-14T22:18:24.790">
  <scavenger-info tenureage="7" tenuremask="7f80" tiltratio="79" />
  <memory-copied type="nursery" objects="197102" bytes="13343816" bytesdiscarded="189328" />
  <memory-copied type="tenure" objects="34446" bytes="1358664" bytesdiscarded="560" />
  <finalization candidates="765" enqueued="688" />
  <ownableSynchronizers candidates="277" cleared="72" />
  <references type="soft" candidates="638" cleared="0" enqueued="0" dynamicThreshold="9" maxThreshold="32" />
  <references type="weak" candidates="701" cleared="365" enqueued="365" />
  <references type="phantom" candidates="262" cleared="48" enqueued="48" />
  <object-monitors candidates="103" cleared="1"  />
</gc-op>
<heap-resize id="2109" type="expand" space="nursery" amount="5373952" count="1" timems="0.074" reason="excessive time being spent scavenging" timestamp="2025-12-14T22:18:24.791" />
<gc-end id="2110" type="scavenge" contextid="2105" durationms="18.921" usertimems="90.532" systemtimems="12.356" stalltimems="66.075" timestamp="2025-12-14T22:18:24.792" activeThreads="11">
  <mem-info id="2111" free="83511120" total="177143808" percent="47">
    <mem type="nursery" free="75450360" total="107872256" percent="69">
      <mem type="allocate" free="75450360" total="88997888" percent="84" />
      <mem type="survivor" free="0" total="18874368" percent="0" />
    </mem>
    <mem type="tenure" free="8060760" total="69271552" percent="11" macro-fragmented="0">
      <mem type="soa" free="4596568" total="65807360" percent="6" />
      <mem type="loa" free="3464192" total="3464192" percent="100" />
    </mem>
    <pending-finalizers system="2" default="686" reference="413" classloader="0" />
    <remembered-set count="3399" />
  </mem-info>
</gc-end>
<cycle-end id="2112" type="scavenge" contextid="2105" timestamp="2025-12-14T22:18:24.793" />
<allocation-satisfied id="2113" threadId="0000000000858500" bytesRequested="22984" />
<af-end id="2114" timestamp="2025-12-14T22:18:24.794" threadId="0000000000858F78" success="true" from="nursery"/>
<exclusive-end id="2115" timestamp="2025-12-14T22:18:24.795" durationms="25.118" />

<concurrent-kickoff id="2116" timestamp="2025-12-14T22:18:24.990">
  <kickoff reason="threshold reached" targetBytes="34930616" thresholdFreeBytes="4755900"  remainingFree="4679672" tenureFreeBytes="8035776" nurseryFreeBytes="4679672" />
</concurrent-kickoff>
<exclusive-start id="2117" timestamp="2025-12-14T22:18:24.993" intervalms="222.821">
  <response-info timems="0.465" idlems="0.207" threads="4" lastid="0000000001499B00" lastname="ClassloaderMapProcessingThread-9" />
</exclusive-start>
<cycle-start id="2118" type="global" contextid="0" timestamp="2025-12-14T22:18:24.994" intervalms="1834.461" />
<concurrent-start id="2119" type="global mark" contextid="2118" timestamp="2025-12-14T22:18:24.994">
</concurrent-start>
<exclusive-end id="2120" timestamp="2025-12-14T22:18:24.995" durationms="1.995" />

<concurrent-end id="2121" type="global mark" contextid="2118" timestamp="2025-12-14T22:18:25.046">
<gc-op id="2122" type="trace" timems="52.246" contextid="2118" timestamp="2025-12-14T22:18:25.046">
  <trace bytesTraced="37572892" workStackOverflowCount="0" />
  <card-cleaning reason="card cleaning threshold reached" bytesTraced="17140" cardsCleaned="46" />
</gc-op>
</concurrent-end>

<exclusive-start id="2123" timestamp="2025-12-14T22:18:25.048" intervalms="55.301">
  <response-info timems="0.107" idlems="0.107" threads="0" lastid="0000000000857800" lastname="Default Executor-thread-2" />
</exclusive-start>
<concurrent-global-final id="2124" timestamp="2025-12-14T22:18:25.050" contextid="2118" intervalms="1836.427" >
  <concurrent-trace-info reason="card cleaning threshold reached" tracedByMutators="28532140" tracedByHelpers="9057892" cardsCleaned="46" workStackOverflowCount="0" />
</concurrent-global-final>
<gc-start id="2125" type="global" contextid="2118" timestamp="2025-12-14T22:18:25.051">
  <mem-info id="2126" free="8551968" total="177143808" percent="4">
    <mem type="nursery" free="518136" total="107872256" percent="0">
      <mem type="allocate" free="518136" total="88997888" percent="0" />
      <mem type="survivor" free="0" total="18874368" percent="0" />
    </mem>
    <mem type="tenure" free="8033832" total="69271552" percent="11">
      <mem type="soa" free="4569640" total="65807360" percent="6" />
      <mem type="loa" free="3464192" total="3464192" percent="100" />
    </mem>
    <remembered-set count="4387" />
  </mem-info>
</gc-start>
<allocation-stats totalBytes="74716296" discardedBytes="242856" >
  <allocated-bytes non-tlh="49912" tlh="74666384" />
  <largest-consumer threadName="Default Executor-thread-4" threadId="0000000000858500" bytes="31299232" />
</allocation-stats>
<gc-op id="2127" type="rs-scan" timems="9.986" contextid="2118" timestamp="2025-12-14T22:18:25.063">
  <scan objectsFound="247596" bytesTraced="9260028" workStackOverflowCount="0" />
</gc-op>
<gc-op id="2128" type="card-cleaning" timems="2.576" contextid="2118" timestamp="2025-12-14T22:18:25.066">
  <card-cleaning cardsCleaned="7" bytesTraced="7636" workStackOverflowCount="0" />
</gc-op>
<gc-op id="2129" type="mark" timems="33.983" contextid="2118" timestamp="2025-12-14T22:18:25.101">
  <trace-info objectcount="21063" scancount="16371" scanbytes="849248" />
  <finalization candidates="2268" enqueued="1368" />
  <ownableSynchronizers candidates="9864" cleared="793" />
  <references type="soft" candidates="13504" cleared="5" enqueued="4" dynamicThreshold="9" maxThreshold="32" />
  <references type="weak" candidates="15680" cleared="265" enqueued="265" />
  <references type="phantom" candidates="530" cleared="0" enqueued="0" />
  <stringconstants candidates="39844" cleared="10"  />
  <object-monitors candidates="104" cleared="0"  />
</gc-op>
<gc-op id="2130" type="classunload" timems="0.089" contextid="2118" timestamp="2025-12-14T22:18:25.102">
  <classunload-info classloadercandidates="438" classloadersunloaded="0" classesunloaded="0" anonymousclassesunloaded="0" quiescems="0.000" setupms="0.089" scanms="0.000" postms="0.000" />
</gc-op>
<gc-op id="2131" type="sweep" timems="4.939" contextid="2118" timestamp="2025-12-14T22:18:25.108" />
<heap-resize id="2132" type="expand" space="tenure" amount="10813440" count="1" timems="2.660" reason="insufficient free space following gc" timestamp="2025-12-14T22:18:25.111" />
<gc-end id="2133" type="global" contextid="2118" durationms="61.297" usertimems="161.317" systemtimems="68.535" stalltimems="614.408" timestamp="2025-12-14T22:18:25.112" activeThreads="20">
  <mem-info id="2134" free="89258840" total="187957248" percent="47">
    <mem type="nursery" free="65196352" total="107872256" percent="60">
      <mem type="allocate" free="65196352" total="88997888" percent="73" />
      <mem type="survivor" free="0" total="18874368" percent="0" />
    </mem>
    <mem type="tenure" free="24062488" total="80084992" percent="30" micro-fragmented="1671813" macro-fragmented="0">
      <mem type="soa" free="20057624" total="76080128" percent="26" />
      <mem type="loa" free="4004864" total="4004864" percent="100" />
    </mem>
    <pending-finalizers system="2" default="1366" reference="269" classloader="0" />
    <remembered-set count="3854" />
  </mem-info>
</gc-end>
<cycle-end id="2135" type="global" contextid="2118" timestamp="2025-12-14T22:18:25.113" />
<exclusive-end id="2136" timestamp="2025-12-14T22:18:25.114" durationms="65.807" />

<exclusive-start id="2137" timestamp="2025-12-14T22:18:25.400" intervalms="351.463">
  <response-info timems="0.231" idlems="0.186" threads="1" lastid="0000000000858500" lastname="Default Executor-thread-4" />
</exclusive-start>
<af-start id="2138" threadId="000000000085A878" totalBytesRequested="24" timestamp="2025-12-14T22:18:25.400" intervalms="629.574" type="nursery" />
<cycle-start id="2139" type="scavenge" contextid="0" timestamp="2025-12-14T22:18:25.401" intervalms="629.425" />
<gc-start id="2140" type="scavenge" contextid="2139" timestamp="2025-12-14T22:18:25.403">
  <mem-info id="2141" free="23970608" total="187957248" percent="12">
    <mem type="nursery" free="0" total="107872256" percent="0">
      <mem type="allocate" free="0" total="88997888" percent="0" />
      <mem type="survivor" free="0" total="18874368" percent="0" />
    </mem>
    <mem type="tenure" free="23970608" total="80084992" percent="29">
      <mem type="soa" free="19965744" total="76080128" percent="26" />
      <mem type="loa" free="4004864" total="4004864" percent="100" />
    </mem>
    <remembered-set count="4848" />
  </mem-info>
</gc-start>
<allocation-stats totalBytes="63868360" discardedBytes="1104328" >
  <allocated-bytes non-tlh="19973472" tlh="43894888" />
  <largest-consumer threadName="Default Executor-thread-4" threadId="0000000000858500" bytes="39888320" />
</allocation-stats>
<gc-op id="2142" type="scavenge" timems="27.753" contextid="2139" timestamp="2025-12-14T22:18:25.434">
  <scavenger-info tenureage="6" tenuremask="7f40" tiltratio="82" />
  <memory-copied type="nursery" objects="344870" bytes="18824008" bytesdiscarded="23192" />
  <memory-copied type="tenure" objects="15769" bytes="4618624" bytesdiscarded="51928" />
  <copy-failed type="nursery" objects="9025" bytes="4050800" />
  <finalization candidates="2050" enqueued="1947" />
  <ownableSynchronizers candidates="18144" cleared="17673" />
  <references type="soft" candidates="1249" cleared="0" enqueued="0" dynamicThreshold="9" maxThreshold="32" />
  <references type="weak" candidates="925" cleared="299" enqueued="299" />
  <references type="phantom" candidates="422" cleared="178" enqueued="178" />
  <object-monitors candidates="210" cleared="98"  />
</gc-op>
<gc-end id="2143" type="scavenge" contextid="2139" durationms="33.253" usertimems="147.098" systemtimems="32.691" stalltimems="67.048" timestamp="2025-12-14T22:18:25.436" activeThreads="11">
  <mem-info id="2144" free="67937080" total="187957248" percent="36">
    <mem type="nursery" free="48758784" total="107872256" percent="45">
      <mem type="allocate" free="48758784" total="67633152" percent="72" />
      <mem type="survivor" free="0" total="40239104" percent="0" />
    </mem>
    <mem type="tenure" free="19178296" total="80084992" percent="23" macro-fragmented="0">
      <mem type="soa" free="15173432" total="76080128" percent="19" />
      <mem type="loa" free="4004864" total="4004864" percent="100" />
    </mem>
    <pending-finalizers system="65" default="1882" reference="477" classloader="0" />
    <remembered-set count="5680" />
  </mem-info>
</gc-end>
<cycle-end id="2145" type="scavenge" contextid="2139" timestamp="2025-12-14T22:18:25.437" />
<allocation-satisfied id="2146" threadId="0000000000859E00" bytesRequested="24" />
<af-end id="2147" timestamp="2025-12-14T22:18:25.439" threadId="000000000085A878" success="true" from="nursery"/>
<exclusive-end id="2148" timestamp="2025-12-14T22:18:25.439" durationms="39.542" />

<exclusive-start id="2149" timestamp="2025-12-14T22:18:25.674" intervalms="274.041">
  <response-info timems="0.142" idlems="0.085" threads="1" lastid="0000000000858500" lastname="Default Executor-thread-4" />
</exclusive-start>
<af-start id="2150" threadId="000000000085A878" totalBytesRequested="24" timestamp="2025-12-14T22:18:25.675" intervalms="274.119" type="nursery" />
<cycle-start id="2151" type="scavenge" contextid="0" timestamp="2025-12-14T22:18:25.675" intervalms="274.119" />
<gc-start id="2152" type="scavenge" contextid="2151" timestamp="2025-12-14T22:18:25.677">
  <mem-info id="2153" free="19172616" total="187957248" percent="10">
    <mem type="nursery" free="0" total="107872256" percent="0">
      <mem type="allocate" free="0" total="67633152" percent="0" />
      <mem type="survivor" free="0" total="40239104" percent="0" />
    </mem>
    <mem type="tenure" free="19172616" total="80084992" percent="23">
      <mem type="soa" free="15167752" total="76080128" percent="19" />
      <mem type="loa" free="4004864" total="4004864" percent="100" />
    </mem>
    <remembered-set count="5851" />
  </mem-info>
</gc-start>
<allocation-stats totalBytes="48756920" discardedBytes="7544" >
  <allocated-bytes non-tlh="5704" tlh="48751216" />
  <largest-consumer threadName="Default Executor-thread-4" threadId="0000000000858500" bytes="34423720" />
</allocation-stats>
<gc-op id="2154" type="scavenge" timems="23.388" contextid="2151" timestamp="2025-12-14T22:18:25.701">
  <scavenger-info tenureage="8" tenuremask="7f00" tiltratio="62" />
  <memory-copied type="nursery" objects="443148" bytes="25143056" bytesdiscarded="434392" />
  <memory-copied type="tenure" objects="4967" bytes="251584" bytesdiscarded="2184" />
  <finalization candidates="1409" enqueued="1306" />
  <ownableSynchronizers candidates="1491" cleared="1040" />
  <references type="soft" candidates="1278" cleared="0" enqueued="0" dynamicThreshold="9" maxThreshold="32" />
  <references type="weak" candidates="762" cleared="23" enqueued="23" />
  <references type="phantom" candidates="244" cleared="0" enqueued="0" />
  <object-monitors candidates="112" cleared="0"  />
</gc-op>
<heap-resize id="2155" type="expand" space="nursery" amount="5505024" count="1" timems="0.156" reason="excessive time being spent scavenging" timestamp="2025-12-14T22:18:25.703" />
<gc-end id="2156" type="scavenge" contextid="2151" durationms="27.357" usertimems="180.567" systemtimems="11.167" stalltimems="111.471" timestamp="2025-12-14T22:18:25.704" activeThreads="13">
  <mem-info id="2157" free="69444096" total="193462272" percent="35">
    <mem type="nursery" free="50742744" total="113377280" percent="44">
      <mem type="allocate" free="50742744" total="76349440" percent="66" />
      <mem type="survivor" free="0" total="37027840" percent="0" />
    </mem>
    <mem type="tenure" free="18701352" total="80084992" percent="23" macro-fragmented="17108500">
      <mem type="soa" free="14696488" total="76080128" percent="19" />
      <mem type="loa" free="4004864" total="4004864" percent="100" />
    </mem>
    <pending-finalizers system="1" default="1305" reference="23" classloader="0" />
    <remembered-set count="5403" />
  </mem-info>
</gc-end>
<cycle-end id="2158" type="scavenge" contextid="2151" timestamp="2025-12-14T22:18:25.705" />
<allocation-satisfied id="2159" threadId="0000000000859E00" bytesRequested="24" />
<af-end id="2160" timestamp="2025-12-14T22:18:25.706" threadId="000000000085A878" success="true" from="nursery"/>
<exclusive-end id="2161" timestamp="2025-12-14T22:18:25.707" durationms="33.362" />

<exclusive-start id="2162" timestamp="2025-12-14T22:18:25.940" intervalms="266.254">
  <response-info timems="0.149" idlems="0.149" threads="0" lastid="0000000000858500" lastname="Default Executor-thread-4" />
</exclusive-start>
<af-start id="2163" threadId="0000000000858F78" totalBytesRequested="1448" timestamp="2025-12-14T22:18:25.941" intervalms="266.097" type="nursery" />
<cycle-start id="2164" type="scavenge" contextid="0" timestamp="2025-12-14T22:18:25.942" intervalms="266.099" />
<gc-start id="2165" type="scavenge" contextid="2164" timestamp="2025-12-14T22:18:25.943">
  <mem-info id="2166" free="18638536" total="193462272" percent="9">
    <mem type="nursery" free="0" total="113377280" percent="0">
      <mem type="allocate" free="0" total="76349440" percent="0" />
      <mem type="survivor" free="0" total="37027840" percent="0" />
    </mem>
    <mem type="tenure" free="18638536" total="80084992" percent="23">
      <mem type="soa" free="14633672" total="76080128" percent="19" />
      <mem type="loa" free="4004864" total="4004864" percent="100" />
    </mem>
    <remembered-set count="6570" />
  </mem-info>
</gc-start>
<allocation-stats totalBytes="50790912" discardedBytes="14648" >
  <allocated-bytes non-tlh="62840" tlh="50728072" />
  <largest-consumer threadName="Default Executor-thread-4" threadId="0000000000858500" bytes="33172736" />
</allocation-stats>
<gc-op id="2167" type="scavenge" timems="30.193" contextid="2164" timestamp="2025-12-14T22:18:25.974">
  <scavenger-info tenureage="7" tenuremask="7f80" tiltratio="67" />
  <memory-copied type="nursery" objects="479861" bytes="25403120" bytesdiscarded="787912" />
  <memory-copied type="tenure" objects="20552" bytes="1018272" bytesdiscarded="2064" />
  <finalization candidates="1826" enqueued="1723" />
  <ownableSynchronizers candidates="2928" cleared="2520" />
  <references type="soft" candidates="1355" cleared="0" enqueued="0" dynamicThreshold="9" maxThreshold="32" />
  <references type="weak" candidates="853" cleared="84" enqueued="84" />
  <references type="phantom" candidates="248" cleared="7" enqueued="7" />
  <object-monitors candidates="120" cleared="7"  />
</gc-op>
<heap-resize id="2168" type="expand" space="nursery" amount="6029312" count="1" timems="0.121" reason="excessive time being spent scavenging" timestamp="2025-12-14T22:18:25.975" />
<gc-end id="2169" type="scavenge" contextid="2164" durationms="33.537" usertimems="210.239" systemtimems="18.281" stalltimems="94.322" timestamp="2025-12-14T22:18:25.976" activeThreads="13">
  <mem-info id="2170" free="75413120" total="199491584" percent="37">
    <mem type="nursery" free="58988744" total="119406592" percent="49">
      <mem type="allocate" free="58988744" total="85196800" percent="69" />
      <mem type="survivor" free="0" total="34209792" percent="0" />
    </mem>
    <mem type="tenure" free="16424376" total="80084992" percent="20" macro-fragmented="9288619">
      <mem type="soa" free="12419512" total="76080128" percent="16" />
      <mem type="loa" free="4004864" total="4004864" percent="100" />
    </mem>
    <pending-finalizers system="13" default="1710" reference="91" classloader="0" />
    <remembered-set count="7385" />
  </mem-info>
</gc-end>
<cycle-end id="2171" type="scavenge" contextid="2164" timestamp="2025-12-14T22:18:25.977" />
<allocation-satisfied id="2172" threadId="0000000000858500" bytesRequested="1448" />
<af-end id="2173" timestamp="2025-12-14T22:18:25.979" threadId="0000000000858F78" success="true" from="nursery"/>
<exclusive-end id="2174" timestamp="2025-12-14T22:18:25.979" durationms="39.534" />

<exclusive-start id="2175" timestamp="2025-12-14T22:18:26.232" intervalms="291.834">
  <response-info timems="0.164" idlems="0.164" threads="0" lastid="0000000000859E00" lastname="Default Executor-thread-6" />
</exclusive-start>
<af-start id="2176" threadId="000000000085A878" totalBytesRequested="40" timestamp="2025-12-14T22:18:26.233" intervalms="292.079" type="nursery" />
<cycle-start id="2177" type="scavenge" contextid="0" timestamp="2025-12-14T22:18:26.234" intervalms="292.316" />
<gc-start id="2178" type="scavenge" contextid="2177" timestamp="2025-12-14T22:18:26.235">
  <mem-info id="2179" free="16404136" total="199491584" percent="8">
    <mem type="nursery" free="0" total="119406592" percent="0">
      <mem type="allocate" free="0" total="85196800" percent="0" />
      <mem type="survivor" free="0" total="34209792" percent="0" />
    </mem>
    <mem type="tenure" free="16404136" total="80084992" percent="20">
      <mem type="soa" free="12399272" total="76080128" percent="16" />
      <mem type="loa" free="4004864" total="4004864" percent="100" />
    </mem>
    <remembered-set count="7688" />
  </mem-info>
</gc-start>
<allocation-stats totalBytes="58977640" discardedBytes="31344" >
  <allocated-bytes non-tlh="21688" tlh="58955952" />
  <largest-consumer threadName="Default Executor-thread-4" threadId="0000000000858500" bytes="29016816" />
</allocation-stats>
<gc-op id="2180" type="scavenge" timems="26.548" contextid="2177" timestamp="2025-12-14T22:18:26.264">
  <scavenger-info tenureage="4" tenuremask="7fb0" tiltratio="71" />
  <memory-copied type="nursery" objects="400261" bytes="21048168" bytesdiscarded="580888" />
  <memory-copied type="tenure" objects="110347" bytes="6768280" bytesdiscarded="6208" />
  <finalization candidates="1357" enqueued="1276" />
  <ownableSynchronizers candidates="4311" cleared="3862" />
  <references type="soft" candidates="957" cleared="0" enqueued="0" dynamicThreshold="9" maxThreshold="32" />
  <references type="weak" candidates="628" cleared="86" enqueued="86" />
  <references type="phantom" candidates="55" cleared="8" enqueued="8" />
  <object-monitors candidates="113" cleared="0"  />
</gc-op>
<heap-resize id="2181" type="expand" space="nursery" amount="5373952" count="1" timems="0.077" reason="excessive time being spent scavenging" timestamp="2025-12-14T22:18:26.265" />
<gc-end id="2182" type="scavenge" contextid="2177" durationms="30.631" usertimems="239.912" systemtimems="18.541" stalltimems="132.272" timestamp="2025-12-14T22:18:26.266" activeThreads="16">
  <mem-info id="2183" free="79227848" total="204865536" percent="38">
    <mem type="nursery" free="69324744" total="124780544" percent="55">
      <mem type="allocate" free="69324744" total="90963968" percent="76" />
      <mem type="survivor" free="0" total="33816576" percent="0" />
    </mem>
    <mem type="tenure" free="9903104" total="80084992" percent="12" macro-fragmented="77944">
      <mem type="soa" free="5898240" total="76080128" percent="7" />
      <mem type="loa" free="4004864" total="4004864" percent="100" />
    </mem>
    <pending-finalizers system="9" default="1267" reference="94" classloader="0" />
    <remembered-set count="12667" />
  </mem-info>
</gc-end>
<cycle-end id="2184" type="scavenge" contextid="2177" timestamp="2025-12-14T22:18:26.267" />
<allocation-satisfied id="2185" threadId="0000000000859E00" bytesRequested="40" />
<af-end id="2186" timestamp="2025-12-14T22:18:26.268" threadId="000000000085A878" success="true" from="nursery"/>
<exclusive-end id="2187" timestamp="2025-12-14T22:18:26.269" durationms="37.065" />

<concurrent-kickoff id="2188" timestamp="2025-12-14T22:18:26.550">
  <kickoff reason="threshold reached" targetBytes="41004491" thresholdFreeBytes="5581304"  remainingFree="5541832" tenureFreeBytes="9881624" nurseryFreeBytes="5541832" />
</concurrent-kickoff>
<exclusive-start id="2189" timestamp="2025-12-14T22:18:26.552" intervalms="319.852">
  <response-info timems="0.149" idlems="0.113" threads="1" lastid="0000000000858500" lastname="Default Executor-thread-4" />
</exclusive-start>
<cycle-start id="2190" type="global" contextid="0" timestamp="2025-12-14T22:18:26.552" intervalms="1558.782" />
<concurrent-start id="2191" type="global mark" contextid="2190" timestamp="2025-12-14T22:18:26.553">
</concurrent-start>
<exclusive-end id="2192" timestamp="2025-12-14T22:18:26.554" durationms="2.415" />

<concurrent-end id="2193" type="global mark" contextid="2190" timestamp="2025-12-14T22:18:26.626">
<gc-op id="2194" type="trace" timems="72.545" contextid="2190" timestamp="2025-12-14T22:18:26.626">
  <trace bytesTraced="41336848" workStackOverflowCount="0" />
  <card-cleaning reason="card cleaning threshold reached" bytesTraced="15752" cardsCleaned="44" />
</gc-op>
</concurrent-end>

<exclusive-start id="2195" timestamp="2025-12-14T22:18:26.629" intervalms="77.169">
  <response-info timems="0.401" idlems="0.256" threads="1" lastid="0000000000031000" lastname="JIT Compilation Thread-002" />
</exclusive-start>
<concurrent-global-final id="2196" timestamp="2025-12-14T22:18:26.630" contextid="2190" intervalms="1579.886" >
  <concurrent-trace-info reason="card cleaning threshold reached" tracedByMutators="32407892" tracedByHelpers="8944708" cardsCleaned="44" workStackOverflowCount="0" />
</concurrent-global-final>
<gc-start id="2197" type="global" contextid="2190" timestamp="2025-12-14T22:18:26.631">
  <mem-info id="2198" free="9881624" total="204865536" percent="4">
    <mem type="nursery" free="0" total="124780544" percent="0">
      <mem type="allocate" free="0" total="90963968" percent="0" />
      <mem type="survivor" free="0" total="33816576" percent="0" />
    </mem>
    <mem type="tenure" free="9881624" total="80084992" percent="12">
      <mem type="soa" free="5876760" total="76080128" percent="7" />
      <mem type="loa" free="4004864" total="4004864" percent="100" />
    </mem>
    <remembered-set count="13345" />
  </mem-info>
</gc-start>
<allocation-stats totalBytes="69318072" discardedBytes="28152" >
  <allocated-bytes non-tlh="21520" tlh="69296552" />
  <largest-consumer threadName="Default Executor-thread-4" threadId="0000000000858500" bytes="27133776" />
</allocation-stats>
<gc-op id="2199" type="rs-scan" timems="12.588" contextid="2190" timestamp="2025-12-14T22:18:26.645">
  <scan objectsFound="412516" bytesTraced="15986516" workStackOverflowCount="0" />
</gc-op>
<gc-op id="2200" type="card-cleaning" timems="4.080" contextid="2190" timestamp="2025-12-14T22:18:26.650">
  <card-cleaning cardsCleaned="32" bytesTraced="34180" workStackOverflowCount="0" />
</gc-op>
<gc-op id="2201" type="mark" timems="18.522" contextid="2190" timestamp="2025-12-14T22:18:26.669">
  <trace-info objectcount="21074" scancount="16677" scanbytes="901788" />
  <finalization candidates="2133" enqueued="1234" />
  <ownableSynchronizers candidates="16177" cleared="7085" />
  <references type="soft" candidates="14181" cleared="2" enqueued="2" dynamicThreshold="9" maxThreshold="32" />
  <references type="weak" candidates="15912" cleared="107" enqueued="107" />
  <references type="phantom" candidates="556" cleared="4" enqueued="4" />
  <stringconstants candidates="40541" cleared="28"  />
  <object-monitors candidates="113" cleared="7"  />
</gc-op>
<gc-op id="2202" type="sweep" timems="6.672" contextid="2190" timestamp="2025-12-14T22:18:26.677" />
<heap-resize id="2203" type="expand" space="tenure" amount="12255232" count="1" timems="2.290" reason="insufficient free space following gc" timestamp="2025-12-14T22:18:26.680" />
<gc-end id="2204" type="global" contextid="2190" durationms="50.425" usertimems="260.096" systemtimems="27.865" stalltimems="372.040" timestamp="2025-12-14T22:18:26.681" activeThreads="20">
  <mem-info id="2205" free="95433336" total="217120768" percent="43">
    <mem type="nursery" free="67727664" total="124780544" percent="54">
      <mem type="allocate" free="67727664" total="90963968" percent="74" />
      <mem type="survivor" free="0" total="33816576" percent="0" />
    </mem>
    <mem type="tenure" free="27705672" total="92340224" percent="30" micro-fragmented="1841212" macro-fragmented="0">
      <mem type="soa" free="23088456" total="87723008" percent="26" />
      <mem type="loa" free="4617216" total="4617216" percent="100" />
    </mem>
    <pending-finalizers system="11" default="1223" reference="113" classloader="0" />
    <remembered-set count="12078" />
  </mem-info>
</gc-end>
<cycle-end id="2206" type="global" contextid="2190" timestamp="2025-12-14T22:18:26.682" />
<exclusive-end id="2207" timestamp="2025-12-14T22:18:26.683" durationms="54.079" />

<exclusive-start id="2208" timestamp="2025-12-14T22:18:26.998" intervalms="369.175">
  <response-info timems="0.249" idlems="0.171" threads="1" lastid="0000000000859100" lastname="Default Executor-thread-5" />
</exclusive-start>
<af-start id="2209" threadId="0000000000858F78" totalBytesRequested="400" timestamp="2025-12-14T22:18:26.999" intervalms="766.019" type="nursery" />
<cycle-start id="2210" type="scavenge" contextid="0" timestamp="2025-12-14T22:18:27.000" intervalms="766.007" />
<gc-start id="2211" type="scavenge" contextid="2210" timestamp="2025-12-14T22:18:27.001">
  <mem-info id="2212" free="27625080" total="217120768" percent="12">
    <mem type="nursery" free="0" total="124780544" percent="0">
      <mem type="allocate" free="0" total="90963968" percent="0" />
      <mem type="survivor" free="0" total="33816576" percent="0" />
    </mem>
    <mem type="tenure" free="27625080" total="92340224" percent="29">
      <mem type="soa" free="23007864" total="87723008" percent="26" />
      <mem type="loa" free="4617216" total="4617216" percent="100" />
    </mem>
    <remembered-set count="14142" />
  </mem-info>
</gc-start>
<allocation-stats totalBytes="66689656" discardedBytes="986448" >
  <allocated-bytes non-tlh="13254672" tlh="53434984" />
  <largest-consumer threadName="Default Executor-thread-4" threadId="0000000000858500" bytes="42260832" />
</allocation-stats>
<gc-op id="2213" type="scavenge" timems="30.778" contextid="2210" timestamp="2025-12-14T22:18:27.033">
  <scavenger-info tenureage="7" tenuremask="7f80" tiltratio="72" />
  <memory-copied type="nursery" objects="241412" bytes="18616720" bytesdiscarded="460632" />
  <memory-copied type="tenure" objects="26780" bytes="1552688" bytesdiscarded="5472" />
  <finalization candidates="1729" enqueued="1671" />
  <ownableSynchronizers candidates="18280" cleared="18036" />
  <references type="soft" candidates="1530" cleared="0" enqueued="0" dynamicThreshold="9" maxThreshold="32" />
  <references type="weak" candidates="581" cleared="259" enqueued="248" />
  <references type="phantom" candidates="87" cleared="11" enqueued="11" />
  <object-monitors candidates="112" cleared="2"  />
</gc-op>
<gc-end id="2214" type="scavenge" contextid="2210" durationms="33.880" usertimems="200.341" systemtimems="40.286" stalltimems="143.356" timestamp="2025-12-14T22:18:27.035" activeThreads="17">
  <mem-info id="2215" free="100025968" total="217120768" percent="46">
    <mem type="nursery" free="74631224" total="124780544" percent="59">
      <mem type="allocate" free="74631224" total="93716480" percent="79" />
      <mem type="survivor" free="0" total="31064064" percent="0" />
    </mem>
    <mem type="tenure" free="25394744" total="92340224" percent="27" macro-fragmented="0">
      <mem type="soa" free="20777528" total="87723008" percent="23" />
      <mem type="loa" free="4617216" total="4617216" percent="100" />
    </mem>
    <pending-finalizers system="47" default="1624" reference="259" classloader="0" />
    <remembered-set count="16101" />
  </mem-info>
</gc-end>
<cycle-end id="2216" type="scavenge" contextid="2210" timestamp="2025-12-14T22:18:27.036" />
<allocation-satisfied id="2217" threadId="0000000000858500" bytesRequested="400" />
<af-end id="2218" timestamp="2025-12-14T22:18:27.038" threadId="0000000000858F78" success="true" from="nursery"/>
<exclusive-end id="2219" timestamp="2025-12-14T22:18:27.038" durationms="40.340" />

<exclusive-start id="2220" timestamp="2025-12-14T22:18:27.336" intervalms="338.075">
  <response-info timems="0.076" idlems="0.076" threads="0" lastid="0000000000858500" lastname="Default Executor-thread-4" />
</exclusive-start>
<af-start id="2221" threadId="0000000000858F78" totalBytesRequested="88" timestamp="2025-12-14T22:18:27.337" intervalms="337.963" type="nursery" />
<cycle-start id="2222" type="scavenge" contextid="0" timestamp="2025-12-14T22:18:27.338" intervalms="337.642" />
<gc-start id="2223" type="scavenge" contextid="2222" timestamp="2025-12-14T22:18:27.338">
  <mem-info id="2224" free="25329256" total="217120768" percent="11">
    <mem type="nursery" free="0" total="124780544" percent="0">
      <mem type="allocate" free="0" total="93716480" percent="0" />
      <mem type="survivor" free="0" total="31064064" percent="0" />
    </mem>
    <mem type="tenure" free="25329256" total="92340224" percent="27">
      <mem type="soa" free="20712040" total="87723008" percent="23" />
      <mem type="loa" free="4617216" total="4617216" percent="100" />
    </mem>
    <remembered-set count="18019" />
  </mem-info>
</gc-start>
<allocation-stats totalBytes="74538704" discardedBytes="158008" >
  <allocated-bytes non-tlh="65888" tlh="74472816" />
  <largest-consumer threadName="Default Executor-thread-4" threadId="0000000000858500" bytes="49054600" />
</allocation-stats>
<gc-op id="2225" type="scavenge" timems="17.047" contextid="2222" timestamp="2025-12-14T22:18:27.357">
  <scavenger-info tenureage="7" tenuremask="7f80" tiltratio="75" />
  <memory-copied type="nursery" objects="263223" bytes="21388904" bytesdiscarded="473128" />
  <finalization candidates="1813" enqueued="1785" />
  <ownableSynchronizers candidates="279" cleared="33" />
  <references type="soft" candidates="1547" cleared="0" enqueued="0" dynamicThreshold="9" maxThreshold="32" />
  <references type="weak" candidates="861" cleared="444" enqueued="434" />
  <references type="phantom" candidates="226" cleared="86" enqueued="86" />
  <object-monitors candidates="111" cleared="0"  />
</gc-op>
<gc-end id="2226" type="scavenge" contextid="2222" durationms="19.767" usertimems="127.373" systemtimems="12.369" stalltimems="175.269" timestamp="2025-12-14T22:18:27.358" activeThreads="20">
  <mem-info id="2227" free="97367224" total="217120768" percent="44">
    <mem type="nursery" free="72037968" total="124780544" percent="57">
      <mem type="allocate" free="72037968" total="93913088" percent="76" />
      <mem type="survivor" free="0" total="30867456" percent="0" />
    </mem>
    <mem type="tenure" free="25329256" total="92340224" percent="27" macro-fragmented="7740516">
      <mem type="soa" free="20712040" total="87723008" percent="23" />
      <mem type="loa" free="4617216" total="4617216" percent="100" />
    </mem>
    <pending-finalizers system="5" default="1780" reference="520" classloader="0" />
    <remembered-set count="17042" />
  </mem-info>
</gc-end>
<cycle-end id="2228" type="scavenge" contextid="2222" timestamp="2025-12-14T22:18:27.359" />
<allocation-satisfied id="2229" threadId="0000000000858500" bytesRequested="88" />
<af-end id="2230" timestamp="2025-12-14T22:18:27.361" threadId="0000000000858F78" success="true" from="nursery"/>
<exclusive-end id="2231" timestamp="2025-12-14T22:18:27.361" durationms="25.162" />

<exclusive-start id="2232" timestamp="2025-12-14T22:18:27.567" intervalms="231.464">
  <response-info timems="0.074" idlems="0.074" threads="0" lastid="0000000000858500" lastname="Default Executor-thread-4" />
</exclusive-start>
<af-start id="2233" threadId="0000000000858F78" totalBytesRequested="32776" timestamp="2025-12-14T22:18:27.568" intervalms="231.504" type="nursery" />
<cycle-start id="2234" type="scavenge" contextid="0" timestamp="2025-12-14T22:18:27.569" intervalms="231.654" />
<gc-start id="2235" type="scavenge" contextid="2234" timestamp="2025-12-14T22:18:27.570">
  <mem-info id="2236" free="25248968" total="217120768" percent="11">
    <mem type="nursery" free="0" total="124780544" percent="0">
      <mem type="allocate" free="0" total="93913088" percent="0" />
      <mem type="survivor" free="0" total="30867456" percent="0" />
    </mem>
    <mem type="tenure" free="25248968" total="92340224" percent="27">
      <mem type="soa" free="20631752" total="87723008" percent="23" />
      <mem type="loa" free="4617216" total="4617216" percent="100" />
    </mem>
    <remembered-set count="18854" />
  </mem-info>
</gc-start>
<allocation-stats totalBytes="71801448" discardedBytes="314544" >
  <allocated-bytes non-tlh="78112" tlh="71723336" />
  <largest-consumer threadName="Default Executor-thread-4" threadId="0000000000858500" bytes="35581784" />
</allocation-stats>
<gc-op id="2237" type="scavenge" timems="17.200" contextid="2234" timestamp="2025-12-14T22:18:27.589">
  <scavenger-info tenureage="7" tenuremask="7f80" tiltratio="75" />
  <memory-copied type="nursery" objects="300966" bytes="24045256" bytesdiscarded="615912" />
  <finalization candidates="1143" enqueued="1115" />
  <ownableSynchronizers candidates="298" cleared="18" />
  <references type="soft" candidates="1560" cleared="0" enqueued="0" dynamicThreshold="9" maxThreshold="32" />
  <references type="weak" candidates="926" cleared="471" enqueued="471" />
  <references type="phantom" candidates="212" cleared="4" enqueued="4" />
  <object-monitors candidates="111" cleared="0"  />
</gc-op>
<heap-resize id="2238" type="expand" space="nursery" amount="6029312" count="1" timems="0.074" reason="excessive time being spent scavenging" timestamp="2025-12-14T22:18:27.589" />
<gc-end id="2239" type="scavenge" contextid="2234" durationms="20.236" usertimems="137.771" systemtimems="12.411" stalltimems="130.727" timestamp="2025-12-14T22:18:27.590" activeThreads="17">
  <mem-info id="2240" free="97106448" total="223150080" percent="43">
    <mem type="nursery" free="71857480" total="130809856" percent="54">
      <mem type="allocate" free="71857480" total="96534528" percent="74" />
      <mem type="survivor" free="0" total="34275328" percent="0" />
    </mem>
    <mem type="tenure" free="25248968" total="92340224" percent="27" macro-fragmented="0">
      <mem type="soa" free="20631752" total="87723008" percent="23" />
      <mem type="loa" free="4617216" total="4617216" percent="100" />
    </mem>
    <pending-finalizers system="19" default="1096" reference="475" classloader="0" />
    <remembered-set count="17106" />
  </mem-info>
</gc-end>
<cycle-end id="2241" type="scavenge" contextid="2234" timestamp="2025-12-14T22:18:27.591" />
<allocation-satisfied id="2242" threadId="0000000000858500" bytesRequested="32776" />
<af-end id="2243" timestamp="2025-12-14T22:18:27.593" threadId="0000000000858F78" success="true" from="nursery"/>
<exclusive-end id="2244" timestamp="2025-12-14T22:18:27.593" durationms="25.691" />

<exclusive-start id="2245" timestamp="2025-12-14T22:18:28.065" intervalms="497.209">
  <response-info timems="0.091" idlems="0.091" threads="0" lastid="0000000000858500" lastname="Default Executor-thread-4" />
</exclusive-start>
<af-start id="2246" threadId="0000000000858F78" totalBytesRequested="24" timestamp="2025-12-14T22:18:28.066" intervalms="497.509" type="nursery" />
<cycle-start id="2247" type="scavenge" contextid="0" timestamp="2025-12-14T22:18:28.067" intervalms="497.569" />
<gc-start id="2248" type="scavenge" contextid="2247" timestamp="2025-12-14T22:18:28.068">
  <mem-info id="2249" free="25084432" total="223150080" percent="11">
    <mem type="nursery" free="0" total="130809856" percent="0">
      <mem type="allocate" free="0" total="96534528" percent="0" />
      <mem type="survivor" free="0" total="34275328" percent="0" />
    </mem>
    <mem type="tenure" free="25084432" total="92340224" percent="27">
      <mem type="soa" free="20467216" total="87723008" percent="23" />
      <mem type="loa" free="4617216" total="4617216" percent="100" />
    </mem>
    <remembered-set count="20299" />
  </mem-info>
</gc-start>
<allocation-stats totalBytes="72001296" discardedBytes="18480" >
  <allocated-bytes non-tlh="1479536" tlh="70521760" />
  <largest-consumer threadName="Default Executor-thread-4" threadId="0000000000858500" bytes="42000344" />
</allocation-stats>
<gc-op id="2250" type="scavenge" timems="22.242" contextid="2247" timestamp="2025-12-14T22:18:28.092">
  <scavenger-info tenureage="7" tenuremask="7f80" tiltratio="73" />
  <memory-copied type="nursery" objects="330200" bytes="24025192" bytesdiscarded="663080" />
  <memory-copied type="tenure" objects="76017" bytes="3517584" bytesdiscarded="8304" />
  <finalization candidates="274" enqueued="246" />
  <ownableSynchronizers candidates="425" cleared="111" />
  <references type="soft" candidates="1640" cleared="0" enqueued="0" dynamicThreshold="9" maxThreshold="32" />
  <references type="weak" candidates="1241" cleared="753" enqueued="733" />
  <references type="phantom" candidates="209" cleared="41" enqueued="41" />
  <object-monitors candidates="111" cleared="0"  />
</gc-op>
<gc-end id="2251" type="scavenge" contextid="2247" durationms="24.715" usertimems="185.429" systemtimems="16.043" stalltimems="135.658" timestamp="2025-12-14T22:18:28.093" activeThreads="16">
  <mem-info id="2252" free="96738872" total="223150080" percent="43">
    <mem type="nursery" free="75704112" total="130809856" percent="57">
      <mem type="allocate" free="75704112" total="100401152" percent="75" />
      <mem type="survivor" free="0" total="30408704" percent="0" />
    </mem>
    <mem type="tenure" free="21034760" total="92340224" percent="22" macro-fragmented="16050736">
      <mem type="soa" free="16417544" total="87723008" percent="18" />
      <mem type="loa" free="4617216" total="4617216" percent="100" />
    </mem>
    <pending-finalizers system="77" default="169" reference="774" classloader="0" />
    <remembered-set count="15494" />
  </mem-info>
</gc-end>
<cycle-end id="2253" type="scavenge" contextid="2247" timestamp="2025-12-14T22:18:28.094" />
<allocation-satisfied id="2254" threadId="0000000000858500" bytesRequested="24" />
<af-end id="2255" timestamp="2025-12-14T22:18:28.095" threadId="0000000000858F78" success="true" from="nursery"/>
<exclusive-end id="2256" timestamp="2025-12-14T22:18:28.096" durationms="31.424" />

<exclusive-start id="2257" timestamp="2025-12-14T22:18:28.428" intervalms="363.433">
  <response-info timems="0.075" idlems="0.075" threads="0" lastid="0000000000858500" lastname="Default Executor-thread-4" />
</exclusive-start>
<af-start id="2258" threadId="0000000000858F78" totalBytesRequested="6376" timestamp="2025-12-14T22:18:28.429" intervalms="363.513" type="nursery" />
<cycle-start id="2259" type="scavenge" contextid="0" timestamp="2025-12-14T22:18:28.430" intervalms="363.451" />
<gc-start id="2260" type="scavenge" contextid="2259" timestamp="2025-12-14T22:18:28.431">
  <mem-info id="2261" free="20973392" total="223150080" percent="9">
    <mem type="nursery" free="0" total="130809856" percent="0">
      <mem type="allocate" free="0" total="100401152" percent="0" />
      <mem type="survivor" free="0" total="30408704" percent="0" />
    </mem>
    <mem type="tenure" free="20973392" total="92340224" percent="22">
      <mem type="soa" free="16356176" total="87723008" percent="18" />
      <mem type="loa" free="4617216" total="4617216" percent="100" />
    </mem>
    <remembered-set count="16426" />
  </mem-info>
</gc-start>
<allocation-stats totalBytes="75715488" discardedBytes="49992" >
  <allocated-bytes non-tlh="61392" tlh="75654096" />
  <largest-consumer threadName="Default Executor-thread-4" threadId="0000000000858500" bytes="63455024" />
</allocation-stats>
<gc-op id="2262" type="scavenge" timems="25.423" contextid="2259" timestamp="2025-12-14T22:18:28.458">
  <scavenger-info tenureage="4" tenuremask="7f90" tiltratio="76" />
  <memory-copied type="nursery" objects="355181" bytes="27706144" bytesdiscarded="470376" />
  <memory-copied type="tenure" objects="81404" bytes="5311296" bytesdiscarded="4912" />
  <finalization candidates="1895" enqueued="1893" />
  <ownableSynchronizers candidates="193" cleared="10" />
  <references type="soft" candidates="1015" cleared="0" enqueued="0" dynamicThreshold="9" maxThreshold="32" />
  <references type="weak" candidates="827" cleared="453" enqueued="453" />
  <references type="phantom" candidates="205" cleared="25" enqueued="25" />
  <object-monitors candidates="111" cleared="0"  />
</gc-op>
<heap-resize id="2263" type="expand" space="nursery" amount="4849664" count="1" timems="0.083" reason="excessive time being spent scavenging" timestamp="2025-12-14T22:18:28.459" />
<gc-end id="2264" type="scavenge" contextid="2259" durationms="28.768" usertimems="195.524" systemtimems="24.442" stalltimems="185.650" timestamp="2025-12-14T22:18:28.460" activeThreads="16">
  <mem-info id="2265" free="84858976" total="227999744" percent="37">
    <mem type="nursery" free="68875488" total="135659520" percent="50">
      <mem type="allocate" free="68875488" total="97058816" percent="70" />
      <mem type="survivor" free="0" total="38600704" percent="0" />
    </mem>
    <mem type="tenure" free="15983488" total="92340224" percent="17" macro-fragmented="13738626">
      <mem type="soa" free="11366272" total="87723008" percent="12" />
      <mem type="loa" free="4617216" total="4617216" percent="100" />
    </mem>
    <pending-finalizers system="59" default="1834" reference="478" classloader="0" />
    <remembered-set count="19224" />
  </mem-info>
</gc-end>
<cycle-end id="2266" type="scavenge" contextid="2259" timestamp="2025-12-14T22:18:28.462" />
<allocation-satisfied id="2267" threadId="0000000000858500" bytesRequested="6376" />
<af-end id="2268" timestamp="2025-12-14T22:18:28.463" threadId="0000000000858F78" success="true" from="nursery"/>
<exclusive-end id="2269" timestamp="2025-12-14T22:18:28.464" durationms="35.898" />

<exclusive-start id="2270" timestamp="2025-12-14T22:18:28.787" intervalms="359.165">
  <response-info timems="0.496" idlems="0.289" threads="1" lastid="0000000000859E00" lastname="Default Executor-thread-6" />
</exclusive-start>
<af-start id="2271" threadId="0000000000858F78" totalBytesRequested="1160" timestamp="2025-12-14T22:18:28.788" intervalms="358.986" type="nursery" />
<cycle-start id="2272" type="scavenge" contextid="0" timestamp="2025-12-14T22:18:28.789" intervalms="359.114" />
<gc-start id="2273" type="scavenge" contextid="2272" timestamp="2025-12-14T22:18:28.790">
  <mem-info id="2274" free="15903272" total="227999744" percent="6">
    <mem type="nursery" free="0" total="135659520" percent="0">
      <mem type="allocate" free="0" total="97058816" percent="0" />
      <mem type="survivor" free="0" total="38600704" percent="0" />
    </mem>
    <mem type="tenure" free="15903272" total="92340224" percent="17">
      <mem type="soa" free="11286056" total="87723008" percent="12" />
      <mem type="loa" free="4617216" total="4617216" percent="100" />
    </mem>
    <remembered-set count="20955" />
  </mem-info>
</gc-start>
<allocation-stats totalBytes="68937928" discardedBytes="17776" >
  <allocated-bytes non-tlh="86592" tlh="68851336" />
  <largest-consumer threadName="Default Executor-thread-4" threadId="0000000000858500" bytes="61530320" />
</allocation-stats>
<gc-op id="2275" type="scavenge" timems="29.297" contextid="2272" timestamp="2025-12-14T22:18:28.821">
  <scavenger-info tenureage="3" tenuremask="7f88" tiltratio="71" />
  <memory-copied type="nursery" objects="293584" bytes="23102456" bytesdiscarded="319328" />
  <memory-copied type="tenure" objects="75949" bytes="7381112" bytesdiscarded="6376" />
  <finalization candidates="1725" enqueued="1723" />
  <ownableSynchronizers candidates="196" cleared="39" />
  <references type="soft" candidates="950" cleared="0" enqueued="0" dynamicThreshold="9" maxThreshold="32" />
  <references type="weak" candidates="580" cleared="215" enqueued="215" />
  <references type="phantom" candidates="128" cleared="11" enqueued="11" />
  <object-monitors candidates="111" cleared="0"  />
</gc-op>
<heap-resize id="2276" type="expand" space="nursery" amount="5111808" count="1" timems="0.076" reason="excessive time being spent scavenging" timestamp="2025-12-14T22:18:28.823" />
<gc-end id="2277" type="scavenge" contextid="2272" durationms="33.425" usertimems="172.365" systemtimems="33.814" stalltimems="126.097" timestamp="2025-12-14T22:18:28.824" activeThreads="15">
  <mem-info id="2278" free="87626464" total="233111552" percent="37">
    <mem type="nursery" free="79202824" total="140771328" percent="56">
      <mem type="allocate" free="79202824" total="102629376" percent="77" />
      <mem type="survivor" free="0" total="38141952" percent="0" />
    </mem>
    <mem type="tenure" free="8423640" total="92340224" percent="9" macro-fragmented="8212351">
      <mem type="soa" free="3806424" total="87723008" percent="4" />
      <mem type="loa" free="4617216" total="4617216" percent="100" />
    </mem>
    <pending-finalizers system="49" default="1674" reference="226" classloader="0" />
    <remembered-set count="11366" />
  </mem-info>
</gc-end>
<cycle-end id="2279" type="scavenge" contextid="2272" timestamp="2025-12-14T22:18:28.825" />
<allocation-satisfied id="2280" threadId="0000000000858500" bytesRequested="1160" />
<af-end id="2281" timestamp="2025-12-14T22:18:28.827" threadId="0000000000858F78" success="true" from="nursery"/>
<exclusive-end id="2282" timestamp="2025-12-14T22:18:28.828" durationms="41.044" />

<concurrent-kickoff id="2283" timestamp="2025-12-14T22:18:29.116">
  <kickoff reason="threshold reached" targetBytes="47354489" thresholdFreeBytes="6396394"  remainingFree="5671432" tenureFreeBytes="8399304" nurseryFreeBytes="5671432" />
</concurrent-kickoff>
<exclusive-start id="2284" timestamp="2025-12-14T22:18:29.118" intervalms="330.610">
  <response-info timems="0.070" idlems="0.070" threads="0" lastid="0000000000858500" lastname="Default Executor-thread-4" />
</exclusive-start>
<cycle-start id="2285" type="global" contextid="0" timestamp="2025-12-14T22:18:29.119" intervalms="2566.179" />
<concurrent-start id="2286" type="global mark" contextid="2285" timestamp="2025-12-14T22:18:29.119">
</concurrent-start>
<exclusive-end id="2287" timestamp="2025-12-14T22:18:29.120" durationms="2.032" />

<exclusive-start id="2288" timestamp="2025-12-14T22:18:29.219" intervalms="101.162">
  <response-info timems="0.083" idlems="0.083" threads="0" lastid="0000000000859E00" lastname="Default Executor-thread-6" />
</exclusive-start>
<af-start id="2289" threadId="000000000085A878" totalBytesRequested="352" timestamp="2025-12-14T22:18:29.220" intervalms="431.839" type="nursery" />
<cycle-start id="2290" type="scavenge" contextid="0" timestamp="2025-12-14T22:18:29.221" intervalms="431.618" />
<gc-start id="2291" type="scavenge" contextid="2290" timestamp="2025-12-14T22:18:29.222">
  <mem-info id="2292" free="8396808" total="233111552" percent="3">
    <mem type="nursery" free="0" total="140771328" percent="0">
      <mem type="allocate" free="0" total="102629376" percent="0" />
      <mem type="survivor" free="0" total="38141952" percent="0" />
    </mem>
    <mem type="tenure" free="8396808" total="92340224" percent="9">
      <mem type="soa" free="3779592" total="87723008" percent="4" />
      <mem type="loa" free="4617216" total="4617216" percent="100" />
    </mem>
    <remembered-set count="12108" />
  </mem-info>
</gc-start>
<allocation-stats totalBytes="79216936" discardedBytes="12720" >
  <allocated-bytes non-tlh="27992" tlh="79188944" />
  <largest-consumer threadName="Default Executor-thread-4" threadId="0000000000858500" bytes="68961688" />
</allocation-stats>
<gc-op id="2293" type="scavenge" timems="29.018" contextid="2290" timestamp="2025-12-14T22:18:29.253">
  <scavenger-info tenureage="3" tenuremask="7f88" tiltratio="72" />
  <memory-copied type="nursery" objects="195883" bytes="19525264" bytesdiscarded="629000" />
  <memory-copied type="tenure" objects="129399" bytes="7087872" bytesdiscarded="3040" />
  <finalization candidates="2759" enqueued="2757" />
  <ownableSynchronizers candidates="221" cleared="64" />
  <references type="soft" candidates="280" cleared="0" enqueued="0" dynamicThreshold="9" maxThreshold="32" />
  <references type="weak" candidates="417" cleared="142" enqueued="142" />
  <references type="phantom" candidates="90" cleared="9" enqueued="9" />
  <object-monitors candidates="111" cleared="0"  />
  <heap-resize type="expand" space="tenure" amount="3145728" count="12" timems="4.598" reason="continue current collection" />
</gc-op>
<gc-end id="2294" type="scavenge" contextid="2290" durationms="31.605" usertimems="163.334" systemtimems="42.723" stalltimems="175.622" timestamp="2025-12-14T22:18:29.254" activeThreads="16">
  <mem-info id="2295" free="90434808" total="236257280" percent="38">
    <mem type="nursery" free="85548536" total="140771328" percent="60">
      <mem type="allocate" free="85548536" total="105709568" percent="80" />
      <mem type="survivor" free="0" total="35061760" percent="0" />
    </mem>
    <mem type="tenure" free="4886272" total="95485952" percent="5" macro-fragmented="3732887">
      <mem type="soa" free="111360" total="90711040" percent="0" />
      <mem type="loa" free="4774912" total="4774912" percent="100" />
    </mem>
    <pending-finalizers system="18" default="2739" reference="151" classloader="0" />
    <remembered-set count="8542" />
  </mem-info>
</gc-end>
<cycle-end id="2296" type="scavenge" contextid="2290" timestamp="2025-12-14T22:18:29.255" />
<allocation-satisfied id="2297" threadId="0000000000859E00" bytesRequested="352" />
<af-end id="2298" timestamp="2025-12-14T22:18:29.256" threadId="000000000085A878" success="true" from="nursery"/>
<exclusive-end id="2299" timestamp="2025-12-14T22:18:29.257" durationms="38.032" />

<concurrent-end id="2300" type="global mark" contextid="2285" timestamp="2025-12-14T22:18:29.258">
<gc-op id="2301" type="trace" timems="138.874" contextid="2285" timestamp="2025-12-14T22:18:29.258">
  <trace bytesTraced="44698900" workStackOverflowCount="0" />
  <card-cleaning reason="card cleaning threshold reached" bytesTraced="49788" cardsCleaned="98" />
</gc-op>
</concurrent-end>

<exclusive-start id="2302" timestamp="2025-12-14T22:18:29.260" intervalms="40.674">
  <response-info timems="0.074" idlems="0.074" threads="0" lastid="0000000000859E00" lastname="Default Executor-thread-6" />
</exclusive-start>
<concurrent-global-final id="2303" timestamp="2025-12-14T22:18:29.260" contextid="2285" intervalms="2630.832" >
  <concurrent-trace-info reason="card cleaning threshold reached" tracedByMutators="24241724" tracedByHelpers="20506964" cardsCleaned="98" workStackOverflowCount="0" />
</concurrent-global-final>
<gc-start id="2304" type="global" contextid="2285" timestamp="2025-12-14T22:18:29.262">
  <mem-info id="2305" free="89721752" total="236257280" percent="37">
    <mem type="nursery" free="84835480" total="140771328" percent="60">
      <mem type="allocate" free="84835480" total="105709568" percent="80" />
      <mem type="survivor" free="0" total="35061760" percent="0" />
    </mem>
    <mem type="tenure" free="4886272" total="95485952" percent="5">
      <mem type="soa" free="111360" total="90711040" percent="0" />
      <mem type="loa" free="4774912" total="4774912" percent="100" />
    </mem>
    <pending-finalizers system="18" default="816" reference="0" classloader="0" />
    <remembered-set count="8558" />
  </mem-info>
</gc-start>
<allocation-stats totalBytes="713056" discardedBytes="0" >
  <allocated-bytes non-tlh="352" tlh="712704" />
  <largest-consumer threadName="Default Executor-thread-4" threadId="0000000000858500" bytes="524288" />
</allocation-stats>
<heap-resize id="2306" type="loa contract" space="tenure" amount="955392" count="1" timems="0.000" reason="contract underutilized loa" timestamp="2025-12-14T22:18:29.263" />
<gc-op id="2307" type="rs-scan" timems="11.801" contextid="2285" timestamp="2025-12-14T22:18:29.276">
  <scan objectsFound="128146" bytesTraced="7175092" workStackOverflowCount="0" />
</gc-op>
<gc-op id="2308" type="card-cleaning" timems="13.269" contextid="2285" timestamp="2025-12-14T22:18:29.290">
  <card-cleaning cardsCleaned="1073" bytesTraced="14145192" workStackOverflowCount="0" />
</gc-op>
<gc-op id="2309" type="mark" timems="31.255" contextid="2285" timestamp="2025-12-14T22:18:29.322">
  <trace-info objectcount="24477" scancount="19947" scanbytes="668956" />
  <finalization candidates="912" enqueued="10" />
  <ownableSynchronizers candidates="9203" cleared="105" />
  <references type="soft" candidates="15598" cleared="0" enqueued="0" dynamicThreshold="9" maxThreshold="32" />
  <references type="weak" candidates="15744" cleared="0" enqueued="0" />
  <references type="phantom" candidates="388" cleared="0" enqueued="0" />
  <stringconstants candidates="44862" cleared="49"  />
  <object-monitors candidates="111" cleared="4"  />
</gc-op>
<gc-op id="2310" type="classunload" timems="2.955" contextid="2285" timestamp="2025-12-14T22:18:29.326">
  <classunload-info classloadercandidates="473" classloadersunloaded="1" classesunloaded="2" anonymousclassesunloaded="2" quiescems="0.000" setupms="2.881" scanms="0.068" postms="0.005" />
</gc-op>
<gc-op id="2311" type="sweep" timems="5.548" contextid="2285" timestamp="2025-12-14T22:18:29.332" />
<heap-resize id="2312" type="expand" space="tenure" amount="25755648" count="1" timems="2.623" reason="insufficient free space following gc" timestamp="2025-12-14T22:18:29.336" />
<heap-resize id="2313" type="loa contract" space="tenure" amount="3637248" count="1" timems="0.000" reason="contract to meet minimum soa" timestamp="2025-12-14T22:18:29.337" />
<gc-end id="2314" type="global" contextid="2285" durationms="76.093" usertimems="273.918" systemtimems="84.229" stalltimems="565.816" timestamp="2025-12-14T22:18:29.338" activeThreads="20">
  <mem-info id="2315" free="129259824" total="262012928" percent="49">
    <mem type="nursery" free="92850360" total="140771328" percent="65">
      <mem type="allocate" free="92850360" total="105709568" percent="87" />
      <mem type="survivor" free="0" total="35061760" percent="0" />
    </mem>
    <mem type="tenure" free="36409464" total="121241600" percent="30" micro-fragmented="2102406" macro-fragmented="0">
      <mem type="soa" free="35197048" total="120029184" percent="29" />
      <mem type="loa" free="1212416" total="1212416" percent="100" />
    </mem>
    <pending-finalizers system="18" default="826" reference="0" classloader="0" />
    <remembered-set count="8227" />
  </mem-info>
</gc-end>
<cycle-end id="2316" type="global" contextid="2285" timestamp="2025-12-14T22:18:29.339" />
<exclusive-end id="2317" timestamp="2025-12-14T22:18:29.340" durationms="80.145" />

<exclusive-start id="2318" timestamp="2025-12-14T22:18:29.689" intervalms="429.110">
  <response-info timems="1.358" idlems="0.742" threads="1" lastid="0000000000857800" lastname="Default Executor-thread-2" />
</exclusive-start>
<af-start id="2319" threadId="0000000000858F78" totalBytesRequested="32" timestamp="2025-12-14T22:18:29.690" intervalms="469.516" type="nursery" />
<cycle-start id="2320" type="scavenge" contextid="0" timestamp="2025-12-14T22:18:29.691" intervalms="469.979" />
<gc-start id="2321" type="scavenge" contextid="2320" timestamp="2025-12-14T22:18:29.692">
  <mem-info id="2322" free="36326832" total="262012928" percent="13">
    <mem type="nursery" free="0" total="140771328" percent="0">
      <mem type="allocate" free="0" total="105709568" percent="0" />
      <mem type="survivor" free="0" total="35061760" percent="0" />
    </mem>
    <mem type="tenure" free="36326832" total="121241600" percent="29">
      <mem type="soa" free="35114416" total="120029184" percent="29" />
      <mem type="loa" free="1212416" total="1212416" percent="100" />
    </mem>
    <remembered-set count="9826" />
  </mem-info>
</gc-start>
<allocation-stats totalBytes="92880664" discardedBytes="45488" >
  <allocated-bytes non-tlh="425480" tlh="92455184" />
  <largest-consumer threadName="Default Executor-thread-4" threadId="0000000000858500" bytes="72296104" />
</allocation-stats>
<gc-op id="2323" type="scavenge" timems="15.926" contextid="2320" timestamp="2025-12-14T22:18:29.710">
  <scavenger-info tenureage="7" tenuremask="7f80" tiltratio="75" />
  <memory-copied type="nursery" objects="233755" bytes="22444352" bytesdiscarded="540768" />
  <finalization candidates="3479" enqueued="3478" />
  <ownableSynchronizers candidates="18266" cleared="18142" />
  <references type="soft" candidates="429" cleared="0" enqueued="0" dynamicThreshold="9" maxThreshold="32" />
  <references type="weak" candidates="919" cleared="406" enqueued="398" />
  <references type="phantom" candidates="151" cleared="64" enqueued="64" />
  <object-monitors candidates="109" cleared="0"  />
</gc-op>
<gc-end id="2324" type="scavenge" contextid="2320" durationms="18.837" usertimems="115.833" systemtimems="16.524" stalltimems="130.668" timestamp="2025-12-14T22:18:29.711" activeThreads="17">
  <mem-info id="2325" free="119765952" total="262012928" percent="45">
    <mem type="nursery" free="83439120" total="140771328" percent="59">
      <mem type="allocate" free="83439120" total="106430464" percent="78" />
      <mem type="survivor" free="0" total="34340864" percent="0" />
    </mem>
    <mem type="tenure" free="36326832" total="121241600" percent="29" macro-fragmented="19260884">
      <mem type="soa" free="35114416" total="120029184" percent="29" />
      <mem type="loa" free="1212416" total="1212416" percent="100" />
    </mem>
    <pending-finalizers system="97" default="3381" reference="462" classloader="0" />
    <remembered-set count="8290" />
  </mem-info>
</gc-end>
<cycle-end id="2326" type="scavenge" contextid="2320" timestamp="2025-12-14T22:18:29.712" />
<allocation-satisfied id="2327" threadId="0000000000858500" bytesRequested="32" />
<af-end id="2328" timestamp="2025-12-14T22:18:29.713" threadId="0000000000858F78" success="true" from="nursery"/>
<exclusive-end id="2329" timestamp="2025-12-14T22:18:29.714" durationms="25.422" />

<exclusive-start id="2330" timestamp="2025-12-14T22:18:29.979" intervalms="290.048">
  <response-info timems="0.285" idlems="0.232" threads="1" lastid="0000000000857800" lastname="Default Executor-thread-2" />
</exclusive-start>
<af-start id="2331" threadId="0000000000858F78" totalBytesRequested="2088" timestamp="2025-12-14T22:18:29.980" intervalms="290.233" type="nursery" />
<cycle-start id="2332" type="scavenge" contextid="0" timestamp="2025-12-14T22:18:29.981" intervalms="289.760" />
<gc-start id="2333" type="scavenge" contextid="2332" timestamp="2025-12-14T22:18:29.982">
  <mem-info id="2334" free="36267160" total="262012928" percent="13">
    <mem type="nursery" free="0" total="140771328" percent="0">
      <mem type="allocate" free="0" total="106430464" percent="0" />
      <mem type="survivor" free="0" total="34340864" percent="0" />
    </mem>
    <mem type="tenure" free="36267160" total="121241600" percent="29">
      <mem type="soa" free="35054744" total="120029184" percent="29" />
      <mem type="loa" free="1212416" total="1212416" percent="100" />
    </mem>
    <remembered-set count="9530" />
  </mem-info>
</gc-start>
<allocation-stats totalBytes="83477536" discardedBytes="20528" >
  <allocated-bytes non-tlh="58976" tlh="83418560" />
  <largest-consumer threadName="Default Executor-thread-4" threadId="0000000000858500" bytes="59119488" />
</allocation-stats>
<gc-op id="2335" type="scavenge" timems="21.039" contextid="2332" timestamp="2025-12-14T22:18:30.005">
  <scavenger-info tenureage="7" tenuremask="7f80" tiltratio="75" />
  <memory-copied type="nursery" objects="219486" bytes="19716896" bytesdiscarded="581576" />
  <memory-copied type="tenure" objects="29101" bytes="1700656" bytesdiscarded="7848" />
  <finalization candidates="2325" enqueued="2323" />
  <ownableSynchronizers candidates="201" cleared="21" />
  <references type="soft" candidates="512" cleared="0" enqueued="0" dynamicThreshold="9" maxThreshold="32" />
  <references type="weak" candidates="1205" cleared="445" enqueued="444" />
  <references type="phantom" candidates="109" cleared="5" enqueued="5" />
  <object-monitors candidates="109" cleared="0"  />
</gc-op>
<heap-resize id="2336" type="expand" space="nursery" amount="6815744" count="1" timems="0.129" reason="excessive time being spent scavenging" timestamp="2025-12-14T22:18:30.006" />
<gc-end id="2337" type="scavenge" contextid="2332" durationms="25.391" usertimems="118.882" systemtimems="23.832" stalltimems="168.661" timestamp="2025-12-14T22:18:30.008" activeThreads="15">
  <mem-info id="2338" free="126770776" total="268828672" percent="47">
    <mem type="nursery" free="92681056" total="147587072" percent="62">
      <mem type="allocate" free="92681056" total="112984064" percent="82" />
      <mem type="survivor" free="0" total="34603008" percent="0" />
    </mem>
    <mem type="tenure" free="34089720" total="121241600" percent="28" macro-fragmented="27735676">
      <mem type="soa" free="32877304" total="120029184" percent="27" />
      <mem type="loa" free="1212416" total="1212416" percent="100" />
    </mem>
    <pending-finalizers system="8" default="2315" reference="449" classloader="0" />
    <remembered-set count="6191" />
  </mem-info>
</gc-end>
<cycle-end id="2339" type="scavenge" contextid="2332" timestamp="2025-12-14T22:18:30.009" />
<allocation-satisfied id="2340" threadId="0000000000858500" bytesRequested="2088" />
<af-end id="2341" timestamp="2025-12-14T22:18:30.010" threadId="0000000000858F78" success="true" from="nursery"/>
<exclusive-end id="2342" timestamp="2025-12-14T22:18:30.011" durationms="32.516" />

<exclusive-start id="2343" timestamp="2025-12-14T22:18:30.448" intervalms="468.894">
  <response-info timems="0.084" idlems="0.084" threads="0" lastid="0000000000858500" lastname="Default Executor-thread-4" />
</exclusive-start>
<af-start id="2344" threadId="0000000000858F78" totalBytesRequested="1040" timestamp="2025-12-14T22:18:30.449" intervalms="469.018" type="nursery" />
<cycle-start id="2345" type="scavenge" contextid="0" timestamp="2025-12-14T22:18:30.450" intervalms="469.125" />
<gc-start id="2346" type="scavenge" contextid="2345" timestamp="2025-12-14T22:18:30.452">
  <mem-info id="2347" free="34055008" total="268828672" percent="12">
    <mem type="nursery" free="0" total="147587072" percent="0">
      <mem type="allocate" free="0" total="112984064" percent="0" />
      <mem type="survivor" free="0" total="34603008" percent="0" />
    </mem>
    <mem type="tenure" free="34055008" total="121241600" percent="28">
      <mem type="soa" free="32842592" total="120029184" percent="27" />
      <mem type="loa" free="1212416" total="1212416" percent="100" />
    </mem>
    <remembered-set count="7618" />
  </mem-info>
</gc-start>
<allocation-stats totalBytes="92699192" discardedBytes="13736" >
  <allocated-bytes non-tlh="33960" tlh="92665232" />
  <largest-consumer threadName="Default Executor-thread-4" threadId="0000000000858500" bytes="88798136" />
</allocation-stats>
<gc-op id="2348" type="scavenge" timems="14.121" contextid="2345" timestamp="2025-12-14T22:18:30.467">
  <scavenger-info tenureage="7" tenuremask="7f80" tiltratio="76" />
  <memory-copied type="nursery" objects="241337" bytes="18445600" bytesdiscarded="306232" />
  <finalization candidates="1646" enqueued="1646" />
  <ownableSynchronizers candidates="196" cleared="55" />
  <references type="soft" candidates="730" cleared="0" enqueued="0" dynamicThreshold="9" maxThreshold="32" />
  <references type="weak" candidates="1060" cleared="187" enqueued="186" />
  <references type="phantom" candidates="192" cleared="2" enqueued="2" />
  <object-monitors candidates="109" cleared="0"  />
</gc-op>
<gc-end id="2349" type="scavenge" contextid="2345" durationms="16.909" usertimems="84.304" systemtimems="15.752" stalltimems="79.810" timestamp="2025-12-14T22:18:30.468" activeThreads="13">
  <mem-info id="2350" free="131554944" total="268828672" percent="48">
    <mem type="nursery" free="97499936" total="147587072" percent="66">
      <mem type="allocate" free="97499936" total="116260864" percent="83" />
      <mem type="survivor" free="0" total="31326208" percent="0" />
    </mem>
    <mem type="tenure" free="34055008" total="121241600" percent="28" macro-fragmented="27735676">
      <mem type="soa" free="32842592" total="120029184" percent="27" />
      <mem type="loa" free="1212416" total="1212416" percent="100" />
    </mem>
    <pending-finalizers system="4" default="1642" reference="188" classloader="0" />
    <remembered-set count="6295" />
  </mem-info>
</gc-end>
<cycle-end id="2351" type="scavenge" contextid="2345" timestamp="2025-12-14T22:18:30.470" />
<allocation-satisfied id="2352" threadId="0000000000858500" bytesRequested="1040" />
<af-end id="2353" timestamp="2025-12-14T22:18:30.471" threadId="0000000000858F78" success="true" from="nursery"/>
<exclusive-end id="2354" timestamp="2025-12-14T22:18:30.472" durationms="24.264" />

<exclusive-start id="2355" timestamp="2025-12-14T22:18:30.791" intervalms="343.640">
  <response-info timems="0.084" idlems="0.084" threads="0" lastid="0000000000858500" lastname="Default Executor-thread-4" />
</exclusive-start>
<af-start id="2356" threadId="0000000000858F78" totalBytesRequested="24" timestamp="2025-12-14T22:18:30.792" intervalms="343.433" type="nursery" />
<cycle-start id="2357" type="scavenge" contextid="0" timestamp="2025-12-14T22:18:30.793" intervalms="343.352" />
<gc-start id="2358" type="scavenge" contextid="2357" timestamp="2025-12-14T22:18:30.795">
  <mem-info id="2359" free="34052560" total="268828672" percent="12">
    <mem type="nursery" free="0" total="147587072" percent="0">
      <mem type="allocate" free="0" total="116260864" percent="0" />
      <mem type="survivor" free="0" total="31326208" percent="0" />
    </mem>
    <mem type="tenure" free="34052560" total="121241600" percent="28">
      <mem type="soa" free="32840144" total="120029184" percent="27" />
      <mem type="loa" free="1212416" total="1212416" percent="100" />
    </mem>
    <remembered-set count="6583" />
  </mem-info>
</gc-start>
<allocation-stats totalBytes="97489680" discardedBytes="12704" >
  <allocated-bytes non-tlh="3488" tlh="97486192" />
  <largest-consumer threadName="Default Executor-thread-4" threadId="0000000000858500" bytes="97010600" />
</allocation-stats>
<gc-op id="2360" type="scavenge" timems="14.304" contextid="2357" timestamp="2025-12-14T22:18:30.811">
  <scavenger-info tenureage="7" tenuremask="7f80" tiltratio="78" />
  <memory-copied type="nursery" objects="244518" bytes="15924848" bytesdiscarded="335232" />
  <finalization candidates="4" enqueued="4" />
  <ownableSynchronizers candidates="215" cleared="74" />
  <references type="soft" candidates="730" cleared="0" enqueued="0" dynamicThreshold="9" maxThreshold="32" />
  <references type="weak" candidates="922" cleared="50" enqueued="50" />
  <references type="phantom" candidates="190" cleared="0" enqueued="0" />
  <object-monitors candidates="109" cleared="0"  />
</gc-op>
<gc-end id="2361" type="scavenge" contextid="2357" durationms="17.085" usertimems="74.425" systemtimems="19.611" stalltimems="76.274" timestamp="2025-12-14T22:18:30.812" activeThreads="12">
  <mem-info id="2362" free="135688704" total="268828672" percent="50">
    <mem type="nursery" free="101636144" total="147587072" percent="68">
      <mem type="allocate" free="101636144" total="117899264" percent="86" />
      <mem type="survivor" free="0" total="29687808" percent="0" />
    </mem>
    <mem type="tenure" free="34052560" total="121241600" percent="28" macro-fragmented="23113062">
      <mem type="soa" free="32840144" total="120029184" percent="27" />
      <mem type="loa" free="1212416" total="1212416" percent="100" />
    </mem>
    <pending-finalizers system="0" default="4" reference="50" classloader="0" />
    <remembered-set count="5931" />
  </mem-info>
</gc-end>
<cycle-end id="2363" type="scavenge" contextid="2357" timestamp="2025-12-14T22:18:30.814" />
<allocation-satisfied id="2364" threadId="0000000000858500" bytesRequested="24" />
<af-end id="2365" timestamp="2025-12-14T22:18:30.815" threadId="0000000000858F78" success="true" from="nursery"/>
<exclusive-end id="2366" timestamp="2025-12-14T22:18:30.816" durationms="24.245" />

<exclusive-start id="2367" timestamp="2025-12-14T22:18:31.881" intervalms="1089.980">
  <response-info timems="0.114" idlems="0.114" threads="0" lastid="0000000000859100" lastname="Default Executor-thread-5" />
</exclusive-start>
<af-start id="2368" threadId="0000000000859B78" totalBytesRequested="48" timestamp="2025-12-14T22:18:31.883" intervalms="1090.262" type="nursery" />
<cycle-start id="2369" type="scavenge" contextid="0" timestamp="2025-12-14T22:18:31.883" intervalms="1090.329" />
<gc-start id="2370" type="scavenge" contextid="2369" timestamp="2025-12-14T22:18:31.886">
  <mem-info id="2371" free="34035104" total="268828672" percent="12">
    <mem type="nursery" free="0" total="147587072" percent="0">
      <mem type="allocate" free="0" total="117899264" percent="0" />
      <mem type="survivor" free="0" total="29687808" percent="0" />
    </mem>
    <mem type="tenure" free="34035104" total="121241600" percent="28">
      <mem type="soa" free="32822688" total="120029184" percent="27" />
      <mem type="loa" free="1212416" total="1212416" percent="100" />
    </mem>
    <remembered-set count="36127" />
  </mem-info>
</gc-start>
<allocation-stats totalBytes="101638664" discardedBytes="14936" >
  <allocated-bytes non-tlh="438840" tlh="101199824" />
  <largest-consumer threadName="Default Executor-thread-4" threadId="0000000000858500" bytes="84896424" />
</allocation-stats>
<gc-op id="2372" type="scavenge" timems="20.756" contextid="2369" timestamp="2025-12-14T22:18:31.908">
  <scavenger-info tenureage="5" tenuremask="7fa0" tiltratio="79" />
  <memory-copied type="nursery" objects="283344" bytes="15207104" bytesdiscarded="129872" />
  <memory-copied type="tenure" objects="119218" bytes="5635320" bytesdiscarded="22312" />
  <finalization candidates="576" enqueued="576" />
  <ownableSynchronizers candidates="4490" cleared="4241" />
  <references type="soft" candidates="688" cleared="0" enqueued="0" dynamicThreshold="9" maxThreshold="32" />
  <references type="weak" candidates="1320" cleared="434" enqueued="434" />
  <references type="phantom" candidates="759" cleared="568" enqueued="568" />
  <object-monitors candidates="110" cleared="0"  />
</gc-op>
<gc-end id="2373" type="scavenge" contextid="2369" durationms="23.797" usertimems="138.145" systemtimems="13.630" stalltimems="79.390" timestamp="2025-12-14T22:18:31.910" activeThreads="11">
  <mem-info id="2374" free="132818784" total="268828672" percent="49">
    <mem type="nursery" free="104552072" total="147587072" percent="70">
      <mem type="allocate" free="104552072" total="119930880" percent="87" />
      <mem type="survivor" free="0" total="27656192" percent="0" />
    </mem>
    <mem type="tenure" free="28266712" total="121241600" percent="23" macro-fragmented="23113062">
      <mem type="soa" free="27054296" total="120029184" percent="22" />
      <mem type="loa" free="1212416" total="1212416" percent="100" />
    </mem>
    <pending-finalizers system="0" default="576" reference="1002" classloader="0" />
    <remembered-set count="22931" />
  </mem-info>
</gc-end>
<cycle-end id="2375" type="scavenge" contextid="2369" timestamp="2025-12-14T22:18:31.911" />
<allocation-satisfied id="2376" threadId="0000000000859100" bytesRequested="48" />
<af-end id="2377" timestamp="2025-12-14T22:18:31.913" threadId="0000000000859B78" success="true" from="nursery"/>
<exclusive-end id="2378" timestamp="2025-12-14T22:18:31.913" durationms="31.927" />

<exclusive-start id="2379" timestamp="2025-12-14T22:18:33.115" intervalms="1233.847">
  <response-info timems="0.352" idlems="0.177" threads="1" lastid="000000000004BA00" lastname="IProfiler" />
</exclusive-start>
<af-start id="2380" threadId="0000000000858278" totalBytesRequested="72" timestamp="2025-12-14T22:18:33.116" intervalms="1233.652" type="nursery" />
<cycle-start id="2381" type="scavenge" contextid="0" timestamp="2025-12-14T22:18:33.117" intervalms="1233.774" />
<gc-start id="2382" type="scavenge" contextid="2381" timestamp="2025-12-14T22:18:33.118">
  <mem-info id="2383" free="28200352" total="268828672" percent="10">
    <mem type="nursery" free="0" total="147587072" percent="0">
      <mem type="allocate" free="0" total="119930880" percent="0" />
      <mem type="survivor" free="0" total="27656192" percent="0" />
    </mem>
    <mem type="tenure" free="28200352" total="121241600" percent="23">
      <mem type="soa" free="26987936" total="120029184" percent="22" />
      <mem type="loa" free="1212416" total="1212416" percent="100" />
    </mem>
    <remembered-set count="24318" />
  </mem-info>
</gc-start>
<allocation-stats totalBytes="104590960" discardedBytes="27472" >
  <allocated-bytes non-tlh="791320" tlh="103799640" />
  <largest-consumer threadName="Default Executor-thread-2" threadId="0000000000857800" bytes="37884768" />
</allocation-stats>
<gc-op id="2384" type="scavenge" timems="14.510" contextid="2381" timestamp="2025-12-14T22:18:33.135">
  <scavenger-info tenureage="7" tenuremask="7f80" tiltratio="81" />
  <memory-copied type="nursery" objects="244385" bytes="15095504" bytesdiscarded="110296" />
  <memory-copied type="tenure" objects="15352" bytes="1215048" bytesdiscarded="2600" />
  <finalization candidates="455" enqueued="455" />
  <ownableSynchronizers candidates="17921" cleared="17631" />
  <references type="soft" candidates="788" cleared="0" enqueued="0" dynamicThreshold="9" maxThreshold="32" />
  <references type="weak" candidates="1403" cleared="527" enqueued="519" />
  <references type="phantom" candidates="638" cleared="429" enqueued="429" />
  <object-monitors candidates="114" cleared="4"  />
</gc-op>
<gc-end id="2385" type="scavenge" contextid="2381" durationms="17.733" usertimems="80.509" systemtimems="22.354" stalltimems="56.856" timestamp="2025-12-14T22:18:33.136" activeThreads="11">
  <mem-info id="2386" free="133057288" total="268828672" percent="49">
    <mem type="nursery" free="106398560" total="147587072" percent="72">
      <mem type="allocate" free="106398560" total="121634816" percent="87" />
      <mem type="survivor" free="0" total="25952256" percent="0" />
    </mem>
    <mem type="tenure" free="26658728" total="121241600" percent="21" macro-fragmented="6450429">
      <mem type="soa" free="25446312" total="120029184" percent="21" />
      <mem type="loa" free="1212416" total="1212416" percent="100" />
    </mem>
    <pending-finalizers system="6" default="449" reference="948" classloader="0" />
    <remembered-set count="23330" />
  </mem-info>
</gc-end>
<cycle-end id="2387" type="scavenge" contextid="2381" timestamp="2025-12-14T22:18:33.137" />
<allocation-satisfied id="2388" threadId="0000000000857800" bytesRequested="72" />
<af-end id="2389" timestamp="2025-12-14T22:18:33.139" threadId="0000000000858278" success="true" from="nursery"/>
<exclusive-end id="2390" timestamp="2025-12-14T22:18:33.140" durationms="24.571" />

<exclusive-start id="2391" timestamp="2025-12-14T22:18:36.119" intervalms="3003.905">
  <response-info timems="0.085" idlems="0.085" threads="0" lastid="00000000017D7800" lastname="Connection worker" />
</exclusive-start>
<af-start id="2392" threadId="00000000017D8278" totalBytesRequested="1384" timestamp="2025-12-14T22:18:36.120" intervalms="3004.130" type="nursery" />
<cycle-start id="2393" type="scavenge" contextid="0" timestamp="2025-12-14T22:18:36.122" intervalms="3004.283" />
<gc-start id="2394" type="scavenge" contextid="2393" timestamp="2025-12-14T22:18:36.123">
  <mem-info id="2395" free="26200712" total="268828672" percent="9">
    <mem type="nursery" free="0" total="147587072" percent="0">
      <mem type="allocate" free="0" total="121634816" percent="0" />
      <mem type="survivor" free="0" total="25952256" percent="0" />
    </mem>
    <mem type="tenure" free="26200712" total="121241600" percent="21">
      <mem type="soa" free="24988296" total="120029184" percent="20" />
      <mem type="loa" free="1212416" total="1212416" percent="100" />
    </mem>
    <remembered-set count="32451" />
  </mem-info>
</gc-start>
<allocation-stats totalBytes="106802064" discardedBytes="54512" >
  <allocated-bytes non-tlh="9432456" tlh="97369608" />
  <largest-consumer threadName="Connection worker" threadId="00000000017D7800" bytes="85328728" />
</allocation-stats>
<gc-op id="2396" type="scavenge" timems="17.045" contextid="2393" timestamp="2025-12-14T22:18:36.142">
  <scavenger-info tenureage="7" tenuremask="7f80" tiltratio="82" />
  <memory-copied type="nursery" objects="271562" bytes="25877192" bytesdiscarded="59992" />
  <memory-copied type="tenure" objects="26627" bytes="2125200" bytesdiscarded="6144" />
  <copy-failed type="nursery" objects="26627" bytes="2126120" />
  <finalization candidates="617" enqueued="612" />
  <ownableSynchronizers candidates="664" cleared="312" />
  <references type="soft" candidates="1563" cleared="0" enqueued="0" dynamicThreshold="9" maxThreshold="32" />
  <references type="weak" candidates="6121" cleared="5006" enqueued="4935" />
  <references type="phantom" candidates="1244" cleared="46" enqueued="46" />
  <object-monitors candidates="145" cleared="0"  />
</gc-op>
<gc-end id="2397" type="scavenge" contextid="2393" durationms="21.405" usertimems="109.539" systemtimems="18.391" stalltimems="57.248" timestamp="2025-12-14T22:18:36.144" activeThreads="11">
  <mem-info id="2398" free="94925904" total="268828672" percent="35">
    <mem type="nursery" free="70844416" total="147587072" percent="48">
      <mem type="allocate" free="70844416" total="96796672" percent="73" />
      <mem type="survivor" free="0" total="50790400" percent="0" />
    </mem>
    <mem type="tenure" free="24081488" total="121241600" percent="19" macro-fragmented="168253">
      <mem type="soa" free="22869072" total="120029184" percent="19" />
      <mem type="loa" free="1212416" total="1212416" percent="100" />
    </mem>
    <pending-finalizers system="93" default="519" reference="4981" classloader="0" />
    <remembered-set count="41139" />
  </mem-info>
</gc-end>
<cycle-end id="2399" type="scavenge" contextid="2393" timestamp="2025-12-14T22:18:36.146" />
<allocation-satisfied id="2400" threadId="00000000017D7800" bytesRequested="1384" />
<af-end id="2401" timestamp="2025-12-14T22:18:36.147" threadId="00000000017D8278" success="true" from="nursery"/>
<exclusive-end id="2402" timestamp="2025-12-14T22:18:36.148" durationms="28.853" />

<exclusive-start id="2403" timestamp="2025-12-14T22:19:30.741" intervalms="54621.713">
  <response-info timems="0.465" idlems="0.257" threads="1" lastid="0000000001826C00" lastname="Default Executor-thread-15" />
</exclusive-start>
<af-start id="2404" threadId="000000000184AE78" totalBytesRequested="456" timestamp="2025-12-14T22:19:30.742" intervalms="54621.364" type="nursery" />
<cycle-start id="2405" type="scavenge" contextid="0" timestamp="2025-12-14T22:19:30.743" intervalms="54621.329" />
<gc-start id="2406" type="scavenge" contextid="2405" timestamp="2025-12-14T22:19:30.745">
  <mem-info id="2407" free="23815024" total="268828672" percent="8">
    <mem type="nursery" free="0" total="147587072" percent="0">
      <mem type="allocate" free="0" total="96796672" percent="0" />
      <mem type="survivor" free="0" total="50790400" percent="0" />
    </mem>
    <mem type="tenure" free="23815024" total="121241600" percent="19">
      <mem type="soa" free="22602608" total="120029184" percent="18" />
      <mem type="loa" free="1212416" total="1212416" percent="100" />
    </mem>
    <remembered-set count="44721" />
  </mem-info>
</gc-start>
<allocation-stats totalBytes="71013584" discardedBytes="97296" >
  <allocated-bytes non-tlh="694400" tlh="70319184" />
  <largest-consumer threadName="Connection worker" threadId="00000000017D7800" bytes="26880968" />
</allocation-stats>
<gc-op id="2408" type="scavenge" timems="13.532" contextid="2405" timestamp="2025-12-14T22:19:30.759">
  <scavenger-info tenureage="5" tenuremask="7fa0" tiltratio="65" />
  <memory-copied type="nursery" objects="224588" bytes="21417296" bytesdiscarded="249080" />
  <memory-copied type="tenure" objects="48367" bytes="4740712" bytesdiscarded="4224" />
  <finalization candidates="200" enqueued="192" />
  <ownableSynchronizers candidates="5089" cleared="4733" />
  <references type="soft" candidates="1548" cleared="0" enqueued="0" dynamicThreshold="9" maxThreshold="32" />
  <references type="weak" candidates="3265" cleared="2305" enqueued="2292" />
  <references type="phantom" candidates="1135" cleared="54" enqueued="54" />
  <object-monitors candidates="146" cleared="0"  />
</gc-op>
<gc-end id="2409" type="scavenge" contextid="2405" durationms="37.340" usertimems="101.092" systemtimems="13.531" stalltimems="29.056" timestamp="2025-12-14T22:19:30.782" activeThreads="11">
  <mem-info id="2410" free="97044488" total="268828672" percent="36">
    <mem type="nursery" free="78327520" total="147587072" percent="53">
      <mem type="allocate" free="78327520" total="100007936" percent="78" />
      <mem type="survivor" free="0" total="47579136" percent="0" />
    </mem>
    <mem type="tenure" free="18716968" total="121241600" percent="15" macro-fragmented="13375613">
      <mem type="soa" free="17504552" total="120029184" percent="14" />
      <mem type="loa" free="1212416" total="1212416" percent="100" />
    </mem>
    <pending-finalizers system="150" default="42" reference="2346" classloader="0" />
    <remembered-set count="45317" />
  </mem-info>
</gc-end>
<cycle-end id="2411" type="scavenge" contextid="2405" timestamp="2025-12-14T22:19:30.783" />
<allocation-satisfied id="2412" threadId="000000000184A400" bytesRequested="456" />
<af-end id="2413" timestamp="2025-12-14T22:19:30.784" threadId="000000000184AE78" success="true" from="nursery"/>
<exclusive-end id="2414" timestamp="2025-12-14T22:19:30.784" durationms="43.338" />

<exclusive-start id="2415" timestamp="2025-12-14T22:19:31.682" intervalms="941.553">
  <response-info timems="0.082" idlems="0.082" threads="0" lastid="0000000001827800" lastname="Default Executor-thread-17" />
</exclusive-start>
<af-start id="2416" threadId="0000000001828278" totalBytesRequested="16" timestamp="2025-12-14T22:19:31.683" intervalms="941.294" type="nursery" />
<cycle-start id="2417" type="scavenge" contextid="0" timestamp="2025-12-14T22:19:31.684" intervalms="940.748" />
<gc-start id="2418" type="scavenge" contextid="2417" timestamp="2025-12-14T22:19:31.685">
  <mem-info id="2419" free="18684768" total="268828672" percent="6">
    <mem type="nursery" free="0" total="147587072" percent="0">
      <mem type="allocate" free="0" total="100007936" percent="0" />
      <mem type="survivor" free="0" total="47579136" percent="0" />
    </mem>
    <mem type="tenure" free="18684768" total="121241600" percent="15">
      <mem type="soa" free="17472352" total="120029184" percent="14" />
      <mem type="loa" free="1212416" total="1212416" percent="100" />
    </mem>
    <remembered-set count="46562" />
  </mem-info>
</gc-start>
<allocation-stats totalBytes="78345352" discardedBytes="14368" >
  <allocated-bytes non-tlh="425888" tlh="77919464" />
  <largest-consumer threadName="Default Executor-thread-10" threadId="000000000184A400" bytes="57658544" />
</allocation-stats>
<gc-op id="2420" type="scavenge" timems="11.538" contextid="2417" timestamp="2025-12-14T22:19:31.697">
  <scavenger-info tenureage="4" tenuremask="7f90" tiltratio="67" />
  <memory-copied type="nursery" objects="164366" bytes="19542048" bytesdiscarded="510176" />
  <memory-copied type="tenure" objects="120434" bytes="5768192" bytesdiscarded="4568" />
  <finalization candidates="102" enqueued="94" />
  <ownableSynchronizers candidates="3722" cleared="3272" />
  <references type="soft" candidates="1480" cleared="0" enqueued="0" dynamicThreshold="9" maxThreshold="32" />
  <references type="weak" candidates="1393" cleared="476" enqueued="456" />
  <references type="phantom" candidates="1189" cleared="0" enqueued="0" />
  <object-monitors candidates="156" cleared="6"  />
</gc-op>
<gc-end id="2421" type="scavenge" contextid="2417" durationms="49.902" usertimems="112.887" systemtimems="2.663" stalltimems="39.734" timestamp="2025-12-14T22:19:31.734" activeThreads="13">
  <mem-info id="2422" free="97358568" total="268828672" percent="36">
    <mem type="nursery" free="84131816" total="147587072" percent="57">
      <mem type="allocate" free="84131816" total="104202240" percent="80" />
      <mem type="survivor" free="0" total="43384832" percent="0" />
    </mem>
    <mem type="tenure" free="13226752" total="121241600" percent="10" macro-fragmented="6450429">
      <mem type="soa" free="12014336" total="120029184" percent="10" />
      <mem type="loa" free="1212416" total="1212416" percent="100" />
    </mem>
    <pending-finalizers system="0" default="94" reference="456" classloader="0" />
    <remembered-set count="16688" />
  </mem-info>
</gc-end>
<cycle-end id="2423" type="scavenge" contextid="2417" timestamp="2025-12-14T22:19:31.735" />
<allocation-satisfied id="2424" threadId="0000000001827800" bytesRequested="16" />
<af-end id="2425" timestamp="2025-12-14T22:19:31.736" threadId="0000000001828278" success="true" from="nursery"/>
<exclusive-end id="2426" timestamp="2025-12-14T22:19:31.737" durationms="54.511" />

<concurrent-kickoff id="2427" timestamp="2025-12-14T22:20:12.222">
  <kickoff reason="threshold reached" targetBytes="61221462" thresholdFreeBytes="8306538"  remainingFree="7850536" tenureFreeBytes="12826776" nurseryFreeBytes="7850536" />
</concurrent-kickoff>
<exclusive-start id="2428" timestamp="2025-12-14T22:20:12.227" intervalms="40544.856">
  <response-info timems="0.124" idlems="0.124" threads="0" lastid="0000000000859100" lastname="Default Executor-thread-5" />
</exclusive-start>
<cycle-start id="2429" type="global" contextid="0" timestamp="2025-12-14T22:20:12.229" intervalms="103110.009" />
<concurrent-start id="2430" type="global mark" contextid="2429" timestamp="2025-12-14T22:20:12.230">
</concurrent-start>
<exclusive-end id="2431" timestamp="2025-12-14T22:20:12.231" durationms="3.780" />

<concurrent-end id="2432" type="global mark" contextid="2429" timestamp="2025-12-14T22:20:12.394">
<gc-op id="2433" type="trace" timems="164.650" contextid="2429" timestamp="2025-12-14T22:20:12.394">
  <trace bytesTraced="64104608" workStackOverflowCount="0" />
  <card-cleaning reason="card cleaning threshold reached" bytesTraced="22360" cardsCleaned="128" />
</gc-op>
</concurrent-end>

<exclusive-start id="2434" timestamp="2025-12-14T22:20:12.397" intervalms="169.791">
  <response-info timems="0.158" idlems="0.158" threads="0" lastid="0000000000859100" lastname="Default Executor-thread-5" />
</exclusive-start>
<concurrent-global-final id="2435" timestamp="2025-12-14T22:20:12.398" contextid="2429" intervalms="103137.950" >
  <concurrent-trace-info reason="card cleaning threshold reached" tracedByMutators="19837272" tracedByHelpers="44289696" cardsCleaned="128" workStackOverflowCount="0" />
</concurrent-global-final>
<gc-start id="2436" type="global" contextid="2429" timestamp="2025-12-14T22:20:12.401">
  <mem-info id="2437" free="13467944" total="268828672" percent="5">
    <mem type="nursery" free="653864" total="147587072" percent="0">
      <mem type="allocate" free="653864" total="104202240" percent="0" />
      <mem type="survivor" free="0" total="43384832" percent="0" />
    </mem>
    <mem type="tenure" free="12814080" total="121241600" percent="10">
      <mem type="soa" free="11601664" total="120029184" percent="9" />
      <mem type="loa" free="1212416" total="1212416" percent="100" />
    </mem>
    <remembered-set count="22838" />
  </mem-info>
</gc-start>
<allocation-stats totalBytes="83014904" discardedBytes="875720" >
  <allocated-bytes non-tlh="2144168" tlh="80870736" />
  <largest-consumer threadName="Default Executor-thread-5" threadId="0000000000859100" bytes="39241888" />
</allocation-stats>
<gc-op id="2438" type="rs-scan" timems="10.422" contextid="2429" timestamp="2025-12-14T22:20:12.414">
  <scan objectsFound="152451" bytesTraced="7661476" workStackOverflowCount="0" />
</gc-op>
<gc-op id="2439" type="card-cleaning" timems="1.857" contextid="2429" timestamp="2025-12-14T22:20:12.416">
  <card-cleaning cardsCleaned="0" bytesTraced="0" workStackOverflowCount="0" />
</gc-op>
<gc-op id="2440" type="mark" timems="76.561" contextid="2429" timestamp="2025-12-14T22:20:12.494">
  <trace-info objectcount="47389" scancount="41221" scanbytes="1229644" />
  <finalization candidates="1011" enqueued="100" />
  <ownableSynchronizers candidates="13035" cleared="3487" />
  <references type="soft" candidates="17759" cleared="8" enqueued="8" dynamicThreshold="9" maxThreshold="32" />
  <references type="weak" candidates="18792" cleared="1186" enqueued="1163" />
  <references type="phantom" candidates="1618" cleared="251" enqueued="251" />
  <stringconstants candidates="53427" cleared="137"  />
  <object-monitors candidates="152" cleared="4"  />
</gc-op>
<gc-op id="2441" type="classunload" timems="2.890" contextid="2429" timestamp="2025-12-14T22:20:12.497">
  <classunload-info classloadercandidates="536" classloadersunloaded="4" classesunloaded="3" anonymousclassesunloaded="0" quiescems="0.000" setupms="2.786" scanms="0.035" postms="0.068" />
</gc-op>
<gc-op id="2442" type="sweep" timems="6.310" contextid="2429" timestamp="2025-12-14T22:20:12.505" />
<heap-resize id="2443" type="expand" space="tenure" amount="9895936" count="1" timems="2.600" reason="insufficient free space following gc" timestamp="2025-12-14T22:20:12.508" />
<gc-end id="2444" type="global" contextid="2429" durationms="219.986" usertimems="289.410" systemtimems="71.371" stalltimems="1407.750" timestamp="2025-12-14T22:20:12.621" activeThreads="20">
  <mem-info id="2445" free="120905256" total="278724608" percent="43">
    <mem type="nursery" free="81538488" total="147587072" percent="55">
      <mem type="allocate" free="81538488" total="104202240" percent="78" />
      <mem type="survivor" free="0" total="43384832" percent="0" />
    </mem>
    <mem type="tenure" free="39366768" total="131137536" percent="30" micro-fragmented="3345997" macro-fragmented="0">
      <mem type="soa" free="38055024" total="129825792" percent="29" />
      <mem type="loa" free="1311744" total="1311744" percent="100" />
    </mem>
    <pending-finalizers system="74" default="26" reference="1422" classloader="0" />
    <remembered-set count="18783" />
  </mem-info>
</gc-end>
<cycle-end id="2446" type="global" contextid="2429" timestamp="2025-12-14T22:20:12.622" />
<exclusive-end id="2447" timestamp="2025-12-14T22:20:12.623" durationms="225.581" />

<exclusive-start id="2448" timestamp="2025-12-14T22:20:15.105" intervalms="2708.114">
  <response-info timems="0.081" idlems="0.081" threads="0" lastid="0000000001829100" lastname="Default Executor-thread-13" />
</exclusive-start>
<af-start id="2449" threadId="0000000001829B78" totalBytesRequested="24" timestamp="2025-12-14T22:20:15.106" intervalms="43422.856" type="nursery" />
<cycle-start id="2450" type="scavenge" contextid="0" timestamp="2025-12-14T22:20:15.107" intervalms="43422.980" />
<gc-start id="2451" type="scavenge" contextid="2450" timestamp="2025-12-14T22:20:15.108">
  <mem-info id="2452" free="39100528" total="278724608" percent="14">
    <mem type="nursery" free="0" total="147587072" percent="0">
      <mem type="allocate" free="0" total="104202240" percent="0" />
      <mem type="survivor" free="0" total="43384832" percent="0" />
    </mem>
    <mem type="tenure" free="39100528" total="131137536" percent="29">
      <mem type="soa" free="37788784" total="129825792" percent="29" />
      <mem type="loa" free="1311744" total="1311744" percent="100" />
    </mem>
    <remembered-set count="23453" />
  </mem-info>
</gc-start>
<allocation-stats totalBytes="80258008" discardedBytes="1505520" >
  <allocated-bytes non-tlh="11747480" tlh="68510528" />
  <largest-consumer threadName="Default Executor-thread-5" threadId="0000000000859100" bytes="50653736" />
</allocation-stats>
<gc-op id="2453" type="scavenge" timems="21.002" contextid="2450" timestamp="2025-12-14T22:20:15.131">
  <scavenger-info tenureage="3" tenuremask="7f88" tiltratio="70" />
  <memory-copied type="nursery" objects="178555" bytes="10485088" bytesdiscarded="482280" />
  <memory-copied type="tenure" objects="57950" bytes="13371944" bytesdiscarded="55568" />
  <finalization candidates="80" enqueued="70" />
  <ownableSynchronizers candidates="18983" cleared="18524" />
  <references type="soft" candidates="1241" cleared="0" enqueued="0" dynamicThreshold="9" maxThreshold="32" />
  <references type="weak" candidates="2215" cleared="676" enqueued="670" />
  <references type="phantom" candidates="552" cleared="205" enqueued="205" />
  <object-monitors candidates="202" cleared="39"  />
</gc-op>
<gc-end id="2454" type="scavenge" contextid="2450" durationms="29.274" usertimems="127.079" systemtimems="19.847" stalltimems="114.541" timestamp="2025-12-14T22:20:15.137" activeThreads="14">
  <mem-info id="2455" free="122637544" total="278724608" percent="43">
    <mem type="nursery" free="97088120" total="147587072" percent="65">
      <mem type="allocate" free="97088120" total="108068864" percent="89" />
      <mem type="survivor" free="0" total="39518208" percent="0" />
    </mem>
    <mem type="tenure" free="25549424" total="131137536" percent="19" macro-fragmented="0">
      <mem type="soa" free="24237680" total="129825792" percent="18" />
      <mem type="loa" free="1311744" total="1311744" percent="100" />
    </mem>
    <pending-finalizers system="70" default="0" reference="875" classloader="0" />
    <remembered-set count="13483" />
  </mem-info>
</gc-end>
<cycle-end id="2456" type="scavenge" contextid="2450" timestamp="2025-12-14T22:20:15.138" />
<allocation-satisfied id="2457" threadId="0000000001829100" bytesRequested="24" />
<af-end id="2458" timestamp="2025-12-14T22:20:15.140" threadId="0000000001829B78" success="true" from="nursery"/>
<exclusive-end id="2459" timestamp="2025-12-14T22:20:15.140" durationms="35.023" />

<exclusive-start id="2460" timestamp="2025-12-14T22:20:15.989" intervalms="883.868">
  <response-info timems="0.127" idlems="0.127" threads="0" lastid="00000000017B7200" lastname="Default Executor-thread-24" />
</exclusive-start>
<af-start id="2461" threadId="00000000017B7C78" totalBytesRequested="32" timestamp="2025-12-14T22:20:15.990" intervalms="883.862" type="nursery" />
<cycle-start id="2462" type="scavenge" contextid="0" timestamp="2025-12-14T22:20:15.990" intervalms="883.765" />
<gc-start id="2463" type="scavenge" contextid="2462" timestamp="2025-12-14T22:20:15.991">
  <mem-info id="2464" free="25368712" total="278724608" percent="9">
    <mem type="nursery" free="0" total="147587072" percent="0">
      <mem type="allocate" free="0" total="108068864" percent="0" />
      <mem type="survivor" free="0" total="39518208" percent="0" />
    </mem>
    <mem type="tenure" free="25368712" total="131137536" percent="19">
      <mem type="soa" free="24056968" total="129825792" percent="18" />
      <mem type="loa" free="1311744" total="1311744" percent="100" />
    </mem>
    <remembered-set count="16287" />
  </mem-info>
</gc-start>
<allocation-stats totalBytes="97239656" discardedBytes="19080" >
  <allocated-bytes non-tlh="170640" tlh="97069016" />
  <largest-consumer threadName="Default Executor-thread-13" threadId="0000000001829100" bytes="71348480" />
</allocation-stats>
<gc-op id="2465" type="scavenge" timems="12.769" contextid="2462" timestamp="2025-12-14T22:20:16.005">
  <scavenger-info tenureage="8" tenuremask="7f00" tiltratio="73" />
  <memory-copied type="nursery" objects="176884" bytes="10990400" bytesdiscarded="415520" />
  <finalization candidates="505" enqueued="499" />
  <ownableSynchronizers candidates="731" cleared="289" />
  <references type="soft" candidates="1976" cleared="0" enqueued="0" dynamicThreshold="9" maxThreshold="32" />
  <references type="weak" candidates="3967" cleared="2209" enqueued="2199" />
  <references type="phantom" candidates="619" cleared="254" enqueued="254" />
  <object-monitors candidates="163" cleared="0"  />
</gc-op>
<gc-end id="2466" type="scavenge" contextid="2462" durationms="15.385" usertimems="62.700" systemtimems="16.581" stalltimems="90.903" timestamp="2025-12-14T22:20:16.007" activeThreads="14">
  <mem-info id="2467" free="127065328" total="278724608" percent="45">
    <mem type="nursery" free="101696616" total="147587072" percent="68">
      <mem type="allocate" free="101696616" total="113115136" percent="89" />
      <mem type="survivor" free="0" total="34471936" percent="0" />
    </mem>
    <mem type="tenure" free="25368712" total="131137536" percent="19" macro-fragmented="11146344">
      <mem type="soa" free="24056968" total="129825792" percent="18" />
      <mem type="loa" free="1311744" total="1311744" percent="100" />
    </mem>
    <pending-finalizers system="86" default="413" reference="2453" classloader="0" />
    <remembered-set count="15797" />
  </mem-info>
</gc-end>
<cycle-end id="2468" type="scavenge" contextid="2462" timestamp="2025-12-14T22:20:16.008" />
<allocation-satisfied id="2469" threadId="00000000017B7200" bytesRequested="32" />
<af-end id="2470" timestamp="2025-12-14T22:20:16.009" threadId="00000000017B7C78" success="true" from="nursery"/>
<exclusive-end id="2471" timestamp="2025-12-14T22:20:16.010" durationms="20.934" />

<exclusive-start id="2472" timestamp="2025-12-14T22:20:16.544" intervalms="554.651">
  <response-info timems="0.232" idlems="0.232" threads="0" lastid="00000000017B9E00" lastname="Default Executor-thread-37" />
</exclusive-start>
<af-start id="2473" threadId="00000000017BA878" totalBytesRequested="72" timestamp="2025-12-14T22:20:16.544" intervalms="554.649" type="nursery" />
<cycle-start id="2474" type="scavenge" contextid="0" timestamp="2025-12-14T22:20:16.545" intervalms="554.706" />
<gc-start id="2475" type="scavenge" contextid="2474" timestamp="2025-12-14T22:20:16.546">
  <mem-info id="2476" free="25254400" total="278724608" percent="9">
    <mem type="nursery" free="0" total="147587072" percent="0">
      <mem type="allocate" free="0" total="113115136" percent="0" />
      <mem type="survivor" free="0" total="34471936" percent="0" />
    </mem>
    <mem type="tenure" free="25254400" total="131137536" percent="19">
      <mem type="soa" free="23942656" total="129825792" percent="18" />
      <mem type="loa" free="1311744" total="1311744" percent="100" />
    </mem>
    <remembered-set count="17655" />
  </mem-info>
</gc-start>
<allocation-stats totalBytes="101770944" discardedBytes="34888" >
  <allocated-bytes non-tlh="109248" tlh="101661696" />
  <largest-consumer threadName="Default Executor-thread-3" threadId="000000000085B500" bytes="40518256" />
</allocation-stats>
<gc-op id="2477" type="scavenge" timems="7.635" contextid="2474" timestamp="2025-12-14T22:20:16.555">
  <scavenger-info tenureage="9" tenuremask="7e00" tiltratio="76" />
  <memory-copied type="nursery" objects="195633" bytes="11399496" bytesdiscarded="279608" />
  <finalization candidates="206" enqueued="200" />
  <ownableSynchronizers candidates="721" cleared="137" />
  <references type="soft" candidates="2709" cleared="0" enqueued="0" dynamicThreshold="9" maxThreshold="32" />
  <references type="weak" candidates="2925" cleared="708" enqueued="702" />
  <references type="phantom" candidates="539" cleared="167" enqueued="167" />
  <object-monitors candidates="186" cleared="18"  />
</gc-op>
<gc-end id="2478" type="scavenge" contextid="2474" durationms="9.597" usertimems="45.371" systemtimems="8.242" stalltimems="32.621" timestamp="2025-12-14T22:20:16.556" activeThreads="12">
  <mem-info id="2479" free="130606424" total="278724608" percent="46">
    <mem type="nursery" free="105352024" total="147587072" percent="71">
      <mem type="allocate" free="105352024" total="117047296" percent="90" />
      <mem type="survivor" free="0" total="30539776" percent="0" />
    </mem>
    <mem type="tenure" free="25254400" total="131137536" percent="19" macro-fragmented="9288619">
      <mem type="soa" free="23942656" total="129825792" percent="18" />
      <mem type="loa" free="1311744" total="1311744" percent="100" />
    </mem>
    <pending-finalizers system="200" default="0" reference="869" classloader="0" />
    <remembered-set count="10191" />
  </mem-info>
</gc-end>
<cycle-end id="2480" type="scavenge" contextid="2474" timestamp="2025-12-14T22:20:16.557" />
<allocation-satisfied id="2481" threadId="00000000017B9E00" bytesRequested="72" />
<af-end id="2482" timestamp="2025-12-14T22:20:16.558" threadId="00000000017BA878" success="true" from="nursery"/>
<exclusive-end id="2483" timestamp="2025-12-14T22:20:16.558" durationms="14.662" />

<exclusive-start id="2484" timestamp="2025-12-14T22:20:51.348" intervalms="34804.119">
  <response-info timems="0.075" idlems="0.075" threads="0" lastid="00000000017B6600" lastname="Default Executor-thread-23" />
</exclusive-start>
<af-start id="2485" threadId="00000000017B7078" totalBytesRequested="24" timestamp="2025-12-14T22:20:51.349" intervalms="34804.512" type="nursery" />
<cycle-start id="2486" type="scavenge" contextid="0" timestamp="2025-12-14T22:20:51.350" intervalms="34804.884" />
<gc-start id="2487" type="scavenge" contextid="2486" timestamp="2025-12-14T22:20:51.351">
  <mem-info id="2488" free="25212528" total="278724608" percent="9">
    <mem type="nursery" free="0" total="147587072" percent="0">
      <mem type="allocate" free="0" total="117047296" percent="0" />
      <mem type="survivor" free="0" total="30539776" percent="0" />
    </mem>
    <mem type="tenure" free="25212528" total="131137536" percent="19">
      <mem type="soa" free="23900784" total="129825792" percent="18" />
      <mem type="loa" free="1311744" total="1311744" percent="100" />
    </mem>
    <remembered-set count="11367" />
  </mem-info>
</gc-start>
<allocation-stats totalBytes="105282920" discardedBytes="110976" >
  <allocated-bytes non-tlh="815640" tlh="104467280" />
  <largest-consumer threadName="Default Executor-thread-16" threadId="000000000182C100" bytes="42454680" />
</allocation-stats>
<gc-op id="2489" type="scavenge" timems="29.731" contextid="2486" timestamp="2025-12-14T22:20:51.383">
  <scavenger-info tenureage="10" tenuremask="7c00" tiltratio="79" />
  <memory-copied type="nursery" objects="190765" bytes="10110552" bytesdiscarded="201080" />
  <finalization candidates="12" enqueued="7" />
  <ownableSynchronizers candidates="3823" cleared="3191" />
  <references type="soft" candidates="2928" cleared="0" enqueued="0" dynamicThreshold="9" maxThreshold="32" />
  <references type="weak" candidates="3225" cleared="293" enqueued="288" />
  <references type="phantom" candidates="385" cleared="9" enqueued="9" />
  <object-monitors candidates="170" cleared="0"  />
</gc-op>
<gc-end id="2490" type="scavenge" contextid="2486" durationms="45.024" usertimems="69.272" systemtimems="1.914" stalltimems="163.690" timestamp="2025-12-14T22:20:51.396" activeThreads="11">
  <mem-info id="2491" free="135207624" total="278724608" percent="48">
    <mem type="nursery" free="109995096" total="147587072" percent="74">
      <mem type="allocate" free="109995096" total="120324096" percent="91" />
      <mem type="survivor" free="0" total="27262976" percent="0" />
    </mem>
    <mem type="tenure" free="25212528" total="131137536" percent="19" macro-fragmented="16050736">
      <mem type="soa" free="23900784" total="129825792" percent="18" />
      <mem type="loa" free="1311744" total="1311744" percent="100" />
    </mem>
    <pending-finalizers system="7" default="0" reference="297" classloader="0" />
    <remembered-set count="9283" />
  </mem-info>
</gc-end>
<cycle-end id="2492" type="scavenge" contextid="2486" timestamp="2025-12-14T22:20:51.398" />
<allocation-satisfied id="2493" threadId="00000000017B6600" bytesRequested="24" />
<af-end id="2494" timestamp="2025-12-14T22:20:51.400" threadId="00000000017B7078" success="true" from="nursery"/>
<exclusive-end id="2495" timestamp="2025-12-14T22:20:51.400" durationms="52.342" />

<exclusive-start id="2496" timestamp="2025-12-14T22:23:56.214" intervalms="184866.197">
  <response-info timems="0.069" idlems="0.069" threads="0" lastid="0000000001826C00" lastname="Default Executor-thread-15" />
</exclusive-start>
<af-start id="2497" threadId="0000000001827678" totalBytesRequested="24" timestamp="2025-12-14T22:23:56.216" intervalms="184866.749" type="nursery" />
<cycle-start id="2498" type="scavenge" contextid="0" timestamp="2025-12-14T22:23:56.217" intervalms="184866.816" />
<gc-start id="2499" type="scavenge" contextid="2498" timestamp="2025-12-14T22:23:56.218">
  <mem-info id="2500" free="25211224" total="278724608" percent="9">
    <mem type="nursery" free="0" total="147587072" percent="0">
      <mem type="allocate" free="0" total="120324096" percent="0" />
      <mem type="survivor" free="0" total="27262976" percent="0" />
    </mem>
    <mem type="tenure" free="25211224" total="131137536" percent="19">
      <mem type="soa" free="23899480" total="129825792" percent="18" />
      <mem type="loa" free="1311744" total="1311744" percent="100" />
    </mem>
    <remembered-set count="9717" />
  </mem-info>
</gc-start>
<allocation-stats totalBytes="109956336" discardedBytes="40064" >
  <allocated-bytes non-tlh="460192" tlh="109496144" />
  <largest-consumer threadName="Timer-7" threadId="000000000100B800" bytes="22203440" />
</allocation-stats>
<gc-op id="2501" type="scavenge" timems="11.723" contextid="2498" timestamp="2025-12-14T22:23:56.231">
  <scavenger-info tenureage="11" tenuremask="7800" tiltratio="81" />
  <memory-copied type="nursery" objects="191703" bytes="10167304" bytesdiscarded="155576" />
  <finalization candidates="7" enqueued="2" />
  <ownableSynchronizers candidates="16121" cleared="15492" />
  <references type="soft" candidates="2929" cleared="0" enqueued="0" dynamicThreshold="9" maxThreshold="32" />
  <references type="weak" candidates="3182" cleared="5" enqueued="2" />
  <references type="phantom" candidates="530" cleared="153" enqueued="153" />
  <object-monitors candidates="170" cleared="0"  />
</gc-op>
<gc-end id="2502" type="scavenge" contextid="2498" durationms="49.231" usertimems="60.529" systemtimems="17.166" stalltimems="40.676" timestamp="2025-12-14T22:23:56.267" activeThreads="11">
  <mem-info id="2503" free="138079728" total="278724608" percent="49">
    <mem type="nursery" free="112868504" total="147587072" percent="76">
      <mem type="allocate" free="112868504" total="123207680" percent="91" />
      <mem type="survivor" free="0" total="24379392" percent="0" />
    </mem>
    <mem type="tenure" free="25211224" total="131137536" percent="19" macro-fragmented="0">
      <mem type="soa" free="23899480" total="129825792" percent="18" />
      <mem type="loa" free="1311744" total="1311744" percent="100" />
    </mem>
    <pending-finalizers system="2" default="0" reference="155" classloader="0" />
    <remembered-set count="8480" />
  </mem-info>
</gc-end>
<cycle-end id="2504" type="scavenge" contextid="2498" timestamp="2025-12-14T22:23:56.268" />
<allocation-satisfied id="2505" threadId="0000000001826C00" bytesRequested="24" />
<af-end id="2506" timestamp="2025-12-14T22:23:56.269" threadId="0000000001827678" success="true" from="nursery"/>
<exclusive-end id="2507" timestamp="2025-12-14T22:23:56.269" durationms="55.375" />

<exclusive-start id="2508" timestamp="2025-12-14T22:26:08.357" intervalms="132142.752">
  <response-info timems="0.145" idlems="0.145" threads="0" lastid="00000000017B9E00" lastname="Default Executor-thread-37" />
</exclusive-start>
<af-start id="2509" threadId="00000000017BA878" totalBytesRequested="16" timestamp="2025-12-14T22:26:08.359" intervalms="132143.262" type="nursery" />
<cycle-start id="2510" type="scavenge" contextid="0" timestamp="2025-12-14T22:26:08.361" intervalms="132144.715" />
<gc-start id="2511" type="scavenge" contextid="2510" timestamp="2025-12-14T22:26:08.364">
  <mem-info id="2512" free="25200928" total="278724608" percent="9">
    <mem type="nursery" free="0" total="147587072" percent="0">
      <mem type="allocate" free="0" total="123207680" percent="0" />
      <mem type="survivor" free="0" total="24379392" percent="0" />
    </mem>
    <mem type="tenure" free="25200928" total="131137536" percent="19">
      <mem type="soa" free="23889184" total="129825792" percent="18" />
      <mem type="loa" free="1311744" total="1311744" percent="100" />
    </mem>
    <remembered-set count="9338" />
  </mem-info>
</gc-start>
<allocation-stats totalBytes="112601096" discardedBytes="276952" >
  <allocated-bytes non-tlh="9568" tlh="112591528" />
  <largest-consumer threadName="Timer-7" threadId="000000000100B800" bytes="16719520" />
</allocation-stats>
<gc-op id="2513" type="scavenge" timems="18.603" contextid="2510" timestamp="2025-12-14T22:26:08.386">
  <scavenger-info tenureage="5" tenuremask="72e0" tiltratio="83" />
  <memory-copied type="nursery" objects="66410" bytes="3444416" bytesdiscarded="854768" />
  <memory-copied type="tenure" objects="133311" bytes="7197336" bytesdiscarded="51176" />
  <finalization candidates="14" enqueued="8" />
  <ownableSynchronizers candidates="12205" cleared="11552" />
  <references type="soft" candidates="1697" cleared="0" enqueued="0" dynamicThreshold="9" maxThreshold="32" />
  <references type="weak" candidates="1965" cleared="45" enqueued="19" />
  <references type="phantom" candidates="792" cleared="707" enqueued="707" />
  <object-monitors candidates="178" cleared="2"  />
</gc-op>
<gc-end id="2514" type="scavenge" contextid="2510" durationms="76.851" usertimems="139.638" systemtimems="0.000" stalltimems="43.926" timestamp="2025-12-14T22:26:08.441" activeThreads="12">
  <mem-info id="2515" free="139205544" total="278724608" percent="49">
    <mem type="nursery" free="121260944" total="147587072" percent="82">
      <mem type="allocate" free="121260944" total="125566976" percent="96" />
      <mem type="survivor" free="0" total="22020096" percent="0" />
    </mem>
    <mem type="tenure" free="17944600" total="131137536" percent="13" macro-fragmented="6450429">
      <mem type="soa" free="16632856" total="129825792" percent="12" />
      <mem type="loa" free="1311744" total="1311744" percent="100" />
    </mem>
    <pending-finalizers system="6" default="2" reference="726" classloader="0" />
    <remembered-set count="3722" />
  </mem-info>
</gc-end>
<cycle-end id="2516" type="scavenge" contextid="2510" timestamp="2025-12-14T22:26:08.442" />
<allocation-satisfied id="2517" threadId="00000000017B9E00" bytesRequested="16" />
<af-end id="2518" timestamp="2025-12-14T22:26:08.443" threadId="00000000017BA878" success="true" from="nursery"/>
<exclusive-end id="2519" timestamp="2025-12-14T22:26:08.444" durationms="87.208" />

<concurrent-kickoff id="2520" timestamp="2025-12-14T22:29:16.932">
  <kickoff reason="threshold reached" targetBytes="66994913" thresholdFreeBytes="9126777"  remainingFree="8739728" tenureFreeBytes="17943104" nurseryFreeBytes="8739728" />
</concurrent-kickoff>
<exclusive-start id="2521" timestamp="2025-12-14T22:29:16.940" intervalms="188583.271">
  <response-info timems="0.137" idlems="0.137" threads="0" lastid="000000000100B800" lastname="Timer-7" />
</exclusive-start>
<cycle-start id="2522" type="global" contextid="0" timestamp="2025-12-14T22:29:16.942" intervalms="544712.976" />
<concurrent-start id="2523" type="global mark" contextid="2522" timestamp="2025-12-14T22:29:16.943">
</concurrent-start>
<exclusive-end id="2524" timestamp="2025-12-14T22:29:16.945" durationms="4.893" />

<concurrent-end id="2525" type="global mark" contextid="2522" timestamp="2025-12-14T22:29:26.804">
<gc-op id="2526" type="trace" timems="9861.313" contextid="2522" timestamp="2025-12-14T22:29:26.804">
  <trace bytesTraced="69993536" workStackOverflowCount="0" />
  <card-cleaning reason="card cleaning threshold reached" bytesTraced="72512" cardsCleaned="184" />
</gc-op>
</concurrent-end>

<exclusive-start id="2527" timestamp="2025-12-14T22:29:26.807" intervalms="9867.434">
  <response-info timems="0.092" idlems="0.092" threads="0" lastid="0000000000858500" lastname="Default Executor-thread-4" />
</exclusive-start>
<concurrent-global-final id="2528" timestamp="2025-12-14T22:29:26.809" contextid="2522" intervalms="554410.661" >
  <concurrent-trace-info reason="card cleaning threshold reached" tracedByMutators="244832" tracedByHelpers="69821216" cardsCleaned="184" workStackOverflowCount="0" />
</concurrent-global-final>
<gc-start id="2529" type="global" contextid="2522" timestamp="2025-12-14T22:29:26.812">
  <mem-info id="2530" free="21300688" total="278724608" percent="7">
    <mem type="nursery" free="3357584" total="147587072" percent="2">
      <mem type="allocate" free="3357584" total="125566976" percent="2" />
      <mem type="survivor" free="0" total="22020096" percent="0" />
    </mem>
    <mem type="tenure" free="17943104" total="131137536" percent="13">
      <mem type="soa" free="16631360" total="129825792" percent="12" />
      <mem type="loa" free="1311744" total="1311744" percent="100" />
    </mem>
    <remembered-set count="4385" />
  </mem-info>
</gc-start>
<allocation-stats totalBytes="117872416" discardedBytes="31680" >
  <allocated-bytes non-tlh="752" tlh="117871664" />
  <largest-consumer threadName="Timer-7" threadId="000000000100B800" bytes="24001504" />
</allocation-stats>
<gc-op id="2531" type="rs-scan" timems="4.407" contextid="2522" timestamp="2025-12-14T22:29:26.817">
  <scan objectsFound="61400" bytesTraced="4189156" workStackOverflowCount="0" />
</gc-op>
<gc-op id="2532" type="card-cleaning" timems="1.136" contextid="2522" timestamp="2025-12-14T22:29:26.819">
  <card-cleaning cardsCleaned="141" bytesTraced="206292" workStackOverflowCount="0" />
</gc-op>
<gc-op id="2533" type="mark" timems="14.153" contextid="2522" timestamp="2025-12-14T22:29:26.833">
  <trace-info objectcount="5211" scancount="4928" scanbytes="154764" />
  <finalization candidates="913" enqueued="3" />
  <ownableSynchronizers candidates="26467" cleared="16677" />
  <references type="soft" candidates="19522" cleared="1379" enqueued="1374" dynamicThreshold="9" maxThreshold="32" />
  <references type="weak" candidates="19958" cleared="21" enqueued="17" />
  <references type="phantom" candidates="1645" cleared="153" enqueued="153" />
  <stringconstants candidates="56634" cleared="157"  />
  <object-monitors candidates="176" cleared="5"  />
</gc-op>
<gc-op id="2534" type="classunload" timems="4.370" contextid="2522" timestamp="2025-12-14T22:29:26.838">
  <classunload-info classloadercandidates="621" classloadersunloaded="11" classesunloaded="6" anonymousclassesunloaded="2" quiescems="0.000" setupms="4.053" scanms="0.181" postms="0.134" />
</gc-op>
<gc-op id="2535" type="sweep" timems="4.000" contextid="2522" timestamp="2025-12-14T22:29:26.843" />
<heap-resize id="2536" type="expand" space="tenure" amount="29360128" count="1" timems="1.157" reason="insufficient free space following gc" timestamp="2025-12-14T22:29:26.845" />
<gc-end id="2537" type="global" contextid="2522" durationms="68.682" usertimems="135.334" systemtimems="11.576" stalltimems="227.525" timestamp="2025-12-14T22:29:26.880" activeThreads="20">
  <mem-info id="2538" free="170377280" total="308084736" percent="55">
    <mem type="nursery" free="122208976" total="147587072" percent="82">
      <mem type="allocate" free="122208976" total="125566976" percent="97" />
      <mem type="survivor" free="0" total="22020096" percent="0" />
    </mem>
    <mem type="tenure" free="48168304" total="160497664" percent="30" micro-fragmented="3842956" macro-fragmented="0">
      <mem type="soa" free="46562672" total="158892032" percent="29" />
      <mem type="loa" free="1605632" total="1605632" percent="100" />
    </mem>
    <pending-finalizers system="3" default="0" reference="1544" classloader="0" />
    <remembered-set count="4008" />
  </mem-info>
</gc-end>
<cycle-end id="2539" type="global" contextid="2522" timestamp="2025-12-14T22:29:26.881" />
<exclusive-end id="2540" timestamp="2025-12-14T22:29:26.881" durationms="73.977" />

<exclusive-start id="2541" timestamp="2025-12-14T22:33:00.011" intervalms="213203.665">
  <response-info timems="0.675" idlems="0.469" threads="1" lastid="00000000017C6D00" lastname="Default Executor-thread-22" />
</exclusive-start>
<af-start id="2542" threadId="000000000182CB78" totalBytesRequested="16" timestamp="2025-12-14T22:33:00.014" intervalms="411655.009" type="nursery" />
<cycle-start id="2543" type="scavenge" contextid="0" timestamp="2025-12-14T22:33:00.016" intervalms="411654.362" />
<gc-start id="2544" type="scavenge" contextid="2543" timestamp="2025-12-14T22:33:00.018">
  <mem-info id="2545" free="48163512" total="308084736" percent="15">
    <mem type="nursery" free="0" total="147587072" percent="0">
      <mem type="allocate" free="0" total="125566976" percent="0" />
      <mem type="survivor" free="0" total="22020096" percent="0" />
    </mem>
    <mem type="tenure" free="48163512" total="160497664" percent="30">
      <mem type="soa" free="46557880" total="158892032" percent="29" />
      <mem type="loa" free="1605632" total="1605632" percent="100" />
    </mem>
    <remembered-set count="5906" />
  </mem-info>
</gc-start>
<allocation-stats totalBytes="122151352" discardedBytes="60200" >
  <allocated-bytes non-tlh="49200" tlh="122102152" />
  <largest-consumer threadName="Timer-7" threadId="000000000100B800" bytes="25844800" />
</allocation-stats>
<gc-op id="2546" type="scavenge" timems="25.492" contextid="2543" timestamp="2025-12-14T22:33:00.046">
  <scavenger-info tenureage="4" tenuremask="6030" tiltratio="85" />
  <memory-copied type="nursery" objects="20846" bytes="1106016" bytesdiscarded="750944" />
  <memory-copied type="tenure" objects="38394" bytes="1962944" bytesdiscarded="18488" />
  <finalization candidates="6" enqueued="5" />
  <ownableSynchronizers candidates="37215" cleared="36903" />
  <references type="soft" candidates="223" cleared="0" enqueued="0" dynamicThreshold="9" maxThreshold="32" />
  <references type="weak" candidates="1301" cleared="8" enqueued="1" />
  <references type="phantom" candidates="483" cleared="451" enqueued="451" />
  <object-monitors candidates="171" cleared="0"  />
</gc-op>
<gc-end id="2547" type="scavenge" contextid="2543" durationms="41.982" usertimems="47.519" systemtimems="12.612" stalltimems="96.060" timestamp="2025-12-14T22:33:00.060" activeThreads="13">
  <mem-info id="2548" free="172930824" total="308084736" percent="56">
    <mem type="nursery" free="127246072" total="147587072" percent="86">
      <mem type="allocate" free="127246072" total="129105920" percent="98" />
      <mem type="survivor" free="0" total="18481152" percent="0" />
    </mem>
    <mem type="tenure" free="45684752" total="160497664" percent="28" macro-fragmented="39939376">
      <mem type="soa" free="44079120" total="158892032" percent="27" />
      <mem type="loa" free="1605632" total="1605632" percent="100" />
    </mem>
    <pending-finalizers system="5" default="0" reference="452" classloader="0" />
    <remembered-set count="3323" />
  </mem-info>
</gc-end>
<cycle-end id="2549" type="scavenge" contextid="2543" timestamp="2025-12-14T22:33:00.062" />
<allocation-satisfied id="2550" threadId="000000000182C100" bytesRequested="16" />
<af-end id="2551" timestamp="2025-12-14T22:33:00.064" threadId="000000000182CB78" success="true" from="nursery"/>
<exclusive-end id="2552" timestamp="2025-12-14T22:33:00.064" durationms="53.327" />

<exclusive-start id="2553" timestamp="2025-12-14T22:36:14.274" intervalms="194262.438">
  <response-info timems="0.102" idlems="0.102" threads="0" lastid="00000000017C6D00" lastname="Default Executor-thread-22" />
</exclusive-start>
<af-start id="2554" threadId="00000000017C7778" totalBytesRequested="48" timestamp="2025-12-14T22:36:14.275" intervalms="194260.728" type="nursery" />
<cycle-start id="2555" type="scavenge" contextid="0" timestamp="2025-12-14T22:36:14.277" intervalms="194260.668" />
<gc-start id="2556" type="scavenge" contextid="2555" timestamp="2025-12-14T22:36:14.278">
  <mem-info id="2557" free="45683648" total="308084736" percent="14">
    <mem type="nursery" free="0" total="147587072" percent="0">
      <mem type="allocate" free="0" total="129105920" percent="0" />
      <mem type="survivor" free="0" total="18481152" percent="0" />
    </mem>
    <mem type="tenure" free="45683648" total="160497664" percent="28">
      <mem type="soa" free="44078016" total="158892032" percent="27" />
      <mem type="loa" free="1605632" total="1605632" percent="100" />
    </mem>
    <remembered-set count="4448" />
  </mem-info>
</gc-start>
<allocation-stats totalBytes="127129432" discardedBytes="117744" >
  <allocated-bytes non-tlh="1120" tlh="127128312" />
  <largest-consumer threadName="Timer-7" threadId="000000000100B800" bytes="24455648" />
</allocation-stats>
<gc-op id="2558" type="scavenge" timems="18.892" contextid="2555" timestamp="2025-12-14T22:36:14.298">
  <scavenger-info tenureage="13" tenuremask="6000" tiltratio="87" />
  <memory-copied type="nursery" objects="17821" bytes="975608" bytesdiscarded="552744" />
  <memory-copied type="tenure" objects="1935" bytes="91472" bytesdiscarded="0" />
  <finalization candidates="4" enqueued="4" />
  <ownableSynchronizers candidates="16449" cleared="16313" />
  <references type="soft" candidates="223" cleared="0" enqueued="0" dynamicThreshold="9" maxThreshold="32" />
  <references type="weak" candidates="1332" cleared="5" enqueued="1" />
  <references type="phantom" candidates="219" cleared="187" enqueued="187" />
  <object-monitors candidates="171" cleared="0"  />
</gc-op>
<gc-end id="2559" type="scavenge" contextid="2555" durationms="32.482" usertimems="18.662" systemtimems="4.533" stalltimems="88.452" timestamp="2025-12-14T22:36:14.311" activeThreads="14">
  <mem-info id="2560" free="176308568" total="308084736" percent="57">
    <mem type="nursery" free="130982808" total="147587072" percent="88">
      <mem type="allocate" free="130982808" total="132513792" percent="98" />
      <mem type="survivor" free="0" total="15073280" percent="0" />
    </mem>
    <mem type="tenure" free="45325760" total="160497664" percent="28" macro-fragmented="39939376">
      <mem type="soa" free="43720128" total="158892032" percent="27" />
      <mem type="loa" free="1605632" total="1605632" percent="100" />
    </mem>
    <pending-finalizers system="4" default="0" reference="188" classloader="0" />
    <remembered-set count="3031" />
  </mem-info>
</gc-end>
<cycle-end id="2561" type="scavenge" contextid="2555" timestamp="2025-12-14T22:36:14.312" />
<allocation-satisfied id="2562" threadId="00000000017C6D00" bytesRequested="48" />
<af-end id="2563" timestamp="2025-12-14T22:36:14.313" threadId="00000000017C7778" success="true" from="nursery"/>
<exclusive-end id="2564" timestamp="2025-12-14T22:36:14.314" durationms="39.950" />

<exclusive-start id="2565" timestamp="2025-12-14T22:39:35.535" intervalms="201261.573">
  <response-info timems="0.200" idlems="0.200" threads="0" lastid="0000000001827800" lastname="Default Executor-thread-17" />
</exclusive-start>
<af-start id="2566" threadId="0000000001828278" totalBytesRequested="176" timestamp="2025-12-14T22:39:35.536" intervalms="201261.862" type="nursery" />
<cycle-start id="2567" type="scavenge" contextid="0" timestamp="2025-12-14T22:39:35.538" intervalms="201261.177" />
<gc-start id="2568" type="scavenge" contextid="2567" timestamp="2025-12-14T22:39:35.539">
  <mem-info id="2569" free="45325024" total="308084736" percent="14">
    <mem type="nursery" free="0" total="147587072" percent="0">
      <mem type="allocate" free="0" total="132513792" percent="0" />
      <mem type="survivor" free="0" total="15073280" percent="0" />
    </mem>
    <mem type="tenure" free="45325024" total="160497664" percent="28">
      <mem type="soa" free="43719392" total="158892032" percent="27" />
      <mem type="loa" free="1605632" total="1605632" percent="100" />
    </mem>
    <remembered-set count="4139" />
  </mem-info>
</gc-start>
<allocation-stats totalBytes="130940016" discardedBytes="43528" >
  <allocated-bytes non-tlh="784" tlh="130939232" />
  <largest-consumer threadName="Timer-7" threadId="000000000100B800" bytes="25807016" />
</allocation-stats>
<gc-op id="2570" type="scavenge" timems="10.309" contextid="2567" timestamp="2025-12-14T22:39:35.551">
  <scavenger-info tenureage="4" tenuremask="fff0" tiltratio="89" />
  <memory-copied type="nursery" objects="5389" bytes="410344" bytesdiscarded="605808" />
  <memory-copied type="tenure" objects="12713" bytes="577136" bytesdiscarded="128" />
  <finalization candidates="1" enqueued="0" />
  <ownableSynchronizers candidates="17003" cleared="16867" />
  <references type="soft" candidates="8" cleared="0" enqueued="0" dynamicThreshold="9" maxThreshold="32" />
  <references type="weak" candidates="340" cleared="5" enqueued="2" />
  <references type="phantom" candidates="157" cleared="146" enqueued="146" />
  <object-monitors candidates="171" cleared="0"  />
</gc-op>
<gc-end id="2571" type="scavenge" contextid="2567" durationms="28.811" usertimems="6.291" systemtimems="20.117" stalltimems="101.298" timestamp="2025-12-14T22:39:35.568" activeThreads="15">
  <mem-info id="2572" free="176353928" total="308084736" percent="57">
    <mem type="nursery" free="131759400" total="147587072" percent="89">
      <mem type="allocate" free="131759400" total="132775936" percent="99" />
      <mem type="survivor" free="0" total="14811136" percent="0" />
    </mem>
    <mem type="tenure" free="44594528" total="160497664" percent="27" macro-fragmented="39939376">
      <mem type="soa" free="42988896" total="158892032" percent="27" />
      <mem type="loa" free="1605632" total="1605632" percent="100" />
    </mem>
    <pending-finalizers system="0" default="0" reference="148" classloader="0" />
    <remembered-set count="1199" />
  </mem-info>
</gc-end>
<cycle-end id="2573" type="scavenge" contextid="2567" timestamp="2025-12-14T22:39:35.569" />
<allocation-satisfied id="2574" threadId="0000000001827800" bytesRequested="176" />
<af-end id="2575" timestamp="2025-12-14T22:39:35.570" threadId="0000000001828278" success="true" from="nursery"/>
<exclusive-end id="2576" timestamp="2025-12-14T22:39:35.570" durationms="35.111" />

<exclusive-start id="2577" timestamp="2025-12-14T22:43:30.279" intervalms="234744.058">
  <response-info timems="0.227" idlems="0.227" threads="0" lastid="0000000001815800" lastname="Default Executor-thread-41" />
</exclusive-start>
<af-start id="2578" threadId="0000000001816278" totalBytesRequested="120" timestamp="2025-12-14T22:43:30.281" intervalms="234744.471" type="nursery" />
<cycle-start id="2579" type="scavenge" contextid="0" timestamp="2025-12-14T22:43:30.283" intervalms="234745.443" />
<gc-start id="2580" type="scavenge" contextid="2579" timestamp="2025-12-14T22:43:30.286">
  <mem-info id="2581" free="44593056" total="308084736" percent="14">
    <mem type="nursery" free="0" total="147587072" percent="0">
      <mem type="allocate" free="0" total="132775936" percent="0" />
      <mem type="survivor" free="0" total="14811136" percent="0" />
    </mem>
    <mem type="tenure" free="44593056" total="160497664" percent="27">
      <mem type="soa" free="42987424" total="158892032" percent="27" />
      <mem type="loa" free="1605632" total="1605632" percent="100" />
    </mem>
    <remembered-set count="1465" />
  </mem-info>
</gc-start>
<allocation-stats totalBytes="131717688" discardedBytes="43184" >
  <allocated-bytes non-tlh="1648" tlh="131716040" />
  <largest-consumer threadName="Timer-7" threadId="000000000100B800" bytes="27673384" />
</allocation-stats>
<gc-op id="2582" type="scavenge" timems="30.894" contextid="2579" timestamp="2025-12-14T22:43:30.319">
  <scavenger-info tenureage="7" tenuremask="ff80" tiltratio="89" />
  <memory-copied type="nursery" objects="6566" bytes="474992" bytesdiscarded="778256" />
  <finalization candidates="5" enqueued="4" />
  <ownableSynchronizers candidates="19791" cleared="19709" />
  <references type="soft" candidates="8" cleared="0" enqueued="0" dynamicThreshold="9" maxThreshold="32" />
  <references type="weak" candidates="404" cleared="7" enqueued="2" />
  <references type="phantom" candidates="313" cleared="304" enqueued="304" />
  <object-monitors candidates="191" cleared="9"  />
</gc-op>
<gc-end id="2583" type="scavenge" contextid="2579" durationms="40.978" usertimems="11.015" systemtimems="5.280" stalltimems="289.967" timestamp="2025-12-14T22:43:30.327" activeThreads="12">
  <mem-info id="2584" free="176115000" total="308084736" percent="57">
    <mem type="nursery" free="131521944" total="147587072" percent="89">
      <mem type="allocate" free="131521944" total="132775936" percent="99" />
      <mem type="survivor" free="0" total="14811136" percent="0" />
    </mem>
    <mem type="tenure" free="44593056" total="160497664" percent="27" macro-fragmented="39939376">
      <mem type="soa" free="42987424" total="158892032" percent="27" />
      <mem type="loa" free="1605632" total="1605632" percent="100" />
    </mem>
    <pending-finalizers system="4" default="0" reference="306" classloader="0" />
    <remembered-set count="1223" />
  </mem-info>
</gc-end>
<cycle-end id="2585" type="scavenge" contextid="2579" timestamp="2025-12-14T22:43:30.329" />
<allocation-satisfied id="2586" threadId="0000000001815800" bytesRequested="120" />
<af-end id="2587" timestamp="2025-12-14T22:43:30.331" threadId="0000000001816278" success="true" from="nursery"/>
<exclusive-end id="2588" timestamp="2025-12-14T22:43:30.331" durationms="52.115" />

<exclusive-start id="2589" timestamp="2025-12-14T22:47:02.178" intervalms="211898.454">
  <response-info timems="0.215" idlems="0.215" threads="0" lastid="000000000085B500" lastname="Default Executor-thread-3" />
</exclusive-start>
<af-start id="2590" threadId="000000000085BF78" totalBytesRequested="24" timestamp="2025-12-14T22:47:02.179" intervalms="211898.529" type="nursery" />
<cycle-start id="2591" type="scavenge" contextid="0" timestamp="2025-12-14T22:47:02.182" intervalms="211898.400" />
<gc-start id="2592" type="scavenge" contextid="2591" timestamp="2025-12-14T22:47:02.184">
  <mem-info id="2593" free="44592320" total="308084736" percent="14">
    <mem type="nursery" free="0" total="147587072" percent="0">
      <mem type="allocate" free="0" total="132775936" percent="0" />
      <mem type="survivor" free="0" total="14811136" percent="0" />
    </mem>
    <mem type="tenure" free="44592320" total="160497664" percent="27">
      <mem type="soa" free="42986688" total="158892032" percent="27" />
      <mem type="loa" free="1605632" total="1605632" percent="100" />
    </mem>
    <remembered-set count="2047" />
  </mem-info>
</gc-start>
<allocation-stats totalBytes="131466696" discardedBytes="55984" >
  <allocated-bytes non-tlh="263064" tlh="131203632" />
  <largest-consumer threadName="Timer-7" threadId="000000000100B800" bytes="28386024" />
</allocation-stats>
<gc-op id="2594" type="scavenge" timems="13.862" contextid="2591" timestamp="2025-12-14T22:47:02.201">
  <scavenger-info tenureage="4" tenuremask="fff0" tiltratio="89" />
  <memory-copied type="nursery" objects="7125" bytes="315576" bytesdiscarded="298816" />
  <memory-copied type="tenure" objects="1155" bytes="239760" bytesdiscarded="8" />
  <finalization candidates="3" enqueued="2" />
  <ownableSynchronizers candidates="17854" cleared="17762" />
  <references type="soft" candidates="1" cleared="0" enqueued="0" dynamicThreshold="9" maxThreshold="32" />
  <references type="weak" candidates="737" cleared="10" enqueued="7" />
  <references type="phantom" candidates="157" cleared="152" enqueued="152" />
  <object-monitors candidates="202" cleared="8"  />
</gc-op>
<gc-end id="2595" type="scavenge" contextid="2591" durationms="36.395" usertimems="18.952" systemtimems="8.933" stalltimems="60.025" timestamp="2025-12-14T22:47:02.220" activeThreads="9">
  <mem-info id="2596" free="176526888" total="308084736" percent="57">
    <mem type="nursery" free="132160000" total="147587072" percent="89">
      <mem type="allocate" free="132160000" total="132775936" percent="99" />
      <mem type="survivor" free="0" total="14811136" percent="0" />
    </mem>
    <mem type="tenure" free="44366888" total="160497664" percent="27" macro-fragmented="39939376">
      <mem type="soa" free="42761256" total="158892032" percent="26" />
      <mem type="loa" free="1605632" total="1605632" percent="100" />
    </mem>
    <pending-finalizers system="2" default="0" reference="159" classloader="0" />
    <remembered-set count="1058" />
  </mem-info>
</gc-end>
<cycle-end id="2597" type="scavenge" contextid="2591" timestamp="2025-12-14T22:47:02.222" />
<allocation-satisfied id="2598" threadId="000000000085B500" bytesRequested="24" />
<af-end id="2599" timestamp="2025-12-14T22:47:02.224" threadId="000000000085BF78" success="true" from="nursery"/>
<exclusive-end id="2600" timestamp="2025-12-14T22:47:02.225" durationms="47.412" />

<exclusive-start id="2601" timestamp="2025-12-14T22:50:57.177" intervalms="234999.825">
  <response-info timems="0.075" idlems="0.075" threads="0" lastid="00000000017F3800" lastname="Default Executor-thread-45" />
</exclusive-start>
<af-start id="2602" threadId="00000000017F4278" totalBytesRequested="152" timestamp="2025-12-14T22:50:57.179" intervalms="234999.943" type="nursery" />
<cycle-start id="2603" type="scavenge" contextid="0" timestamp="2025-12-14T22:50:57.182" intervalms="235000.131" />
<gc-start id="2604" type="scavenge" contextid="2603" timestamp="2025-12-14T22:50:57.184">
  <mem-info id="2605" free="44365304" total="308084736" percent="14">
    <mem type="nursery" free="0" total="147587072" percent="0">
      <mem type="allocate" free="0" total="132775936" percent="0" />
      <mem type="survivor" free="0" total="14811136" percent="0" />
    </mem>
    <mem type="tenure" free="44365304" total="160497664" percent="27">
      <mem type="soa" free="42759672" total="158892032" percent="26" />
      <mem type="loa" free="1605632" total="1605632" percent="100" />
    </mem>
    <remembered-set count="1304" />
  </mem-info>
</gc-start>
<allocation-stats totalBytes="132120144" discardedBytes="41440" >
  <allocated-bytes non-tlh="1608" tlh="132118536" />
  <largest-consumer threadName="Timer-7" threadId="000000000100B800" bytes="28571560" />
</allocation-stats>
<gc-op id="2606" type="scavenge" timems="23.845" contextid="2603" timestamp="2025-12-14T22:50:57.211">
  <scavenger-info tenureage="7" tenuremask="ff80" tiltratio="89" />
  <memory-copied type="nursery" objects="7659" bytes="361472" bytesdiscarded="139512" />
  <finalization candidates="5" enqueued="4" />
  <ownableSynchronizers candidates="19837" cleared="19741" />
  <references type="soft" candidates="1" cleared="0" enqueued="0" dynamicThreshold="9" maxThreshold="32" />
  <references type="weak" candidates="760" cleared="6" enqueued="1" />
  <references type="phantom" candidates="313" cleared="304" enqueued="304" />
  <object-monitors candidates="194" cleared="0"  />
</gc-op>
<gc-end id="2607" type="scavenge" contextid="2603" durationms="37.311" usertimems="18.948" systemtimems="8.596" stalltimems="69.072" timestamp="2025-12-14T22:50:57.221" activeThreads="8">
  <mem-info id="2608" free="176639712" total="308084736" percent="57">
    <mem type="nursery" free="132274408" total="147587072" percent="89">
      <mem type="allocate" free="132274408" total="132775936" percent="99" />
      <mem type="survivor" free="0" total="14811136" percent="0" />
    </mem>
    <mem type="tenure" free="44365304" total="160497664" percent="27" macro-fragmented="39939376">
      <mem type="soa" free="42759672" total="158892032" percent="26" />
      <mem type="loa" free="1605632" total="1605632" percent="100" />
    </mem>
    <pending-finalizers system="4" default="0" reference="305" classloader="0" />
    <remembered-set count="1040" />
  </mem-info>
</gc-end>
<cycle-end id="2609" type="scavenge" contextid="2603" timestamp="2025-12-14T22:50:57.224" />
<allocation-satisfied id="2610" threadId="00000000017F3800" bytesRequested="152" />
<af-end id="2611" timestamp="2025-12-14T22:50:57.228" threadId="00000000017F4278" success="true" from="nursery"/>
<exclusive-end id="2612" timestamp="2025-12-14T22:50:57.230" durationms="52.705" />

<exclusive-start id="2613" timestamp="2025-12-14T22:54:44.696" intervalms="227518.030">
  <response-info timems="0.130" idlems="0.130" threads="0" lastid="00000000001D0800" lastname="VM Runtime State Listener" />
</exclusive-start>
<sys-start reason="vm idle" id="2614" timestamp="2025-12-14T22:54:44.698" intervalms="2206299.770" />
<cycle-start id="2615" type="global" contextid="0" timestamp="2025-12-14T22:54:44.700" intervalms="1527758.232" />
<gc-start id="2616" type="global" contextid="2615" timestamp="2025-12-14T22:54:44.702">
  <mem-info id="2617" free="47889040" total="308084736" percent="15">
    <mem type="nursery" free="3524840" total="147587072" percent="2">
      <mem type="allocate" free="3524840" total="132775936" percent="2" />
      <mem type="survivor" free="0" total="14811136" percent="0" />
    </mem>
    <mem type="tenure" free="44364200" total="160497664" percent="27">
      <mem type="soa" free="42758568" total="158892032" percent="26" />
      <mem type="loa" free="1605632" total="1605632" percent="100" />
    </mem>
    <remembered-set count="1271" />
  </mem-info>
</gc-start>
<allocation-stats totalBytes="128711928" discardedBytes="38744" >
  <allocated-bytes non-tlh="1256" tlh="128710672" />
  <largest-consumer threadName="Timer-7" threadId="000000000100B800" bytes="28585048" />
</allocation-stats>
<gc-op id="2618" type="mark" timems="122.671" contextid="2615" timestamp="2025-12-14T22:54:44.826">
  <trace-info objectcount="2217457" scancount="1916810" scanbytes="71961652" />
  <finalization candidates="915" enqueued="4" />
  <ownableSynchronizers candidates="28909" cleared="19107" />
  <references type="soft" candidates="18134" cleared="1310" enqueued="1304" dynamicThreshold="9" maxThreshold="32" />
  <references type="weak" candidates="19615" cleared="196" enqueued="183" />
  <references type="phantom" candidates="1781" cleared="304" enqueued="304" />
  <stringconstants candidates="56491" cleared="674"  />
  <object-monitors candidates="194" cleared="23"  />
</gc-op>
<gc-op id="2619" type="classunload" timems="0.119" contextid="2615" timestamp="2025-12-14T22:54:44.827">
  <classunload-info classloadercandidates="613" classloadersunloaded="0" classesunloaded="0" anonymousclassesunloaded="0" quiescems="0.000" setupms="0.118" scanms="0.000" postms="0.000" />
</gc-op>
<gc-op id="2620" type="sweep" timems="5.991" contextid="2615" timestamp="2025-12-14T22:54:44.834" />
<mem-info id="2621" free="177908000" total="308084736" percent="57">
  <mem type="nursery" free="132096664" total="147587072" percent="89">
    <mem type="allocate" free="132096664" total="132775936" percent="99" />
    <mem type="survivor" free="0" total="14811136" percent="0" />
  </mem>
  <mem type="tenure" free="45811336" total="160497664" percent="28" micro-fragmented="4104814" macro-fragmented="0">
    <mem type="soa" free="44205704" total="158892032" percent="27" />
    <mem type="loa" free="1605632" total="1605632" percent="100" />
  </mem>
  <pending-finalizers system="4" default="0" reference="1791" classloader="0" />
  <remembered-set count="1048" />
</mem-info>
<gc-op id="2622" type="compact" timems="269.513" contextid="2615" timestamp="2025-12-14T22:54:45.105">
  <compact-info movecount="2210459" movebytes="110361416" reason="compact on aggressive collection" />
</gc-op>
<gc-end id="2623" type="global" contextid="2615" durationms="412.238" usertimems="2841.234" systemtimems="0.000" stalltimems="906.455" timestamp="2025-12-14T22:54:45.114" activeThreads="20">
  <mem-info id="2624" free="182590800" total="308084736" percent="59">
    <mem type="nursery" free="132417256" total="147587072" percent="89">
      <mem type="allocate" free="132417256" total="132775936" percent="99" />
      <mem type="survivor" free="0" total="14811136" percent="0" />
    </mem>
    <mem type="tenure" free="50173544" total="160497664" percent="31">
      <mem type="soa" free="48567912" total="158892032" percent="30" />
      <mem type="loa" free="1605632" total="1605632" percent="100" />
    </mem>
    <pending-finalizers system="4" default="0" reference="1791" classloader="0" />
    <remembered-set count="1048" />
  </mem-info>
</gc-end>
<cycle-end id="2625" type="global" contextid="2615" timestamp="2025-12-14T22:54:45.115" />
<sys-end id="2626" timestamp="2025-12-14T22:54:45.116" />
<exclusive-end id="2627" timestamp="2025-12-14T22:54:45.116" durationms="420.681" />

<heap-resize id="2628" type="release free pages" space="tenure" amount="50139136" count="1" timems="1.276" reason="idle" timestamp="2025-12-14T22:54:45.118" />
<exclusive-start id="2629" timestamp="2025-12-14T22:58:21.462" intervalms="216766.647">
  <response-info timems="0.068" idlems="0.068" threads="0" lastid="000000000181EE00" lastname="Default Executor-thread-14" />
</exclusive-start>
<af-start id="2630" threadId="000000000181F878" totalBytesRequested="112" timestamp="2025-12-14T22:58:21.464" intervalms="444284.230" type="nursery" />
<cycle-start id="2631" type="scavenge" contextid="0" timestamp="2025-12-14T22:58:21.465" intervalms="444283.447" />
<gc-start id="2632" type="scavenge" contextid="2631" timestamp="2025-12-14T22:58:21.467">
  <mem-info id="2633" free="50172256" total="308084736" percent="16">
    <mem type="nursery" free="0" total="147587072" percent="0">
      <mem type="allocate" free="0" total="132775936" percent="0" />
      <mem type="survivor" free="0" total="14811136" percent="0" />
    </mem>
    <mem type="tenure" free="50172256" total="160497664" percent="31">
      <mem type="soa" free="48566624" total="158892032" percent="30" />
      <mem type="loa" free="1605632" total="1605632" percent="100" />
    </mem>
    <remembered-set count="3899" />
  </mem-info>
</gc-start>
<allocation-stats totalBytes="132383032" discardedBytes="35512" >
  <allocated-bytes non-tlh="1288" tlh="132381744" />
  <largest-consumer threadName="Timer-7" threadId="000000000100B800" bytes="27880368" />
</allocation-stats>
<gc-op id="2634" type="scavenge" timems="9.221" contextid="2631" timestamp="2025-12-14T22:58:21.479">
  <scavenger-info tenureage="4" tenuremask="fff0" tiltratio="89" />
  <memory-copied type="nursery" objects="6876" bytes="338368" bytesdiscarded="240928" />
  <memory-copied type="tenure" objects="263" bytes="17072" bytesdiscarded="0" />
  <finalization candidates="3" enqueued="3" />
  <ownableSynchronizers candidates="37668" cleared="37583" />
  <references type="soft" candidates="1" cleared="0" enqueued="0" dynamicThreshold="10" maxThreshold="32" />
  <references type="weak" candidates="841" cleared="6" enqueued="3" />
  <references type="phantom" candidates="163" cleared="154" enqueued="154" />
  <object-monitors candidates="171" cleared="0"  />
</gc-op>
<gc-end id="2635" type="scavenge" contextid="2631" durationms="21.804" usertimems="14.848" systemtimems="0.000" stalltimems="21.316" timestamp="2025-12-14T22:58:21.489" activeThreads="8">
  <mem-info id="2636" free="182300000" total="308084736" percent="59">
    <mem type="nursery" free="132196096" total="147587072" percent="89">
      <mem type="allocate" free="132196096" total="132775936" percent="99" />
      <mem type="survivor" free="0" total="14811136" percent="0" />
    </mem>
    <mem type="tenure" free="50103904" total="160497664" percent="31" macro-fragmented="39939376">
      <mem type="soa" free="48498272" total="158892032" percent="30" />
      <mem type="loa" free="1605632" total="1605632" percent="100" />
    </mem>
    <pending-finalizers system="3" default="0" reference="157" classloader="0" />
    <remembered-set count="2372" />
  </mem-info>
</gc-end>
<cycle-end id="2637" type="scavenge" contextid="2631" timestamp="2025-12-14T22:58:21.490" />
<allocation-satisfied id="2638" threadId="000000000181EE00" bytesRequested="112" />
<af-end id="2639" timestamp="2025-12-14T22:58:21.492" threadId="000000000181F878" success="true" from="nursery"/>
<exclusive-end id="2640" timestamp="2025-12-14T22:58:21.493" durationms="30.681" />

<exclusive-start id="2641" timestamp="2025-12-14T23:02:00.233" intervalms="218770.785">
  <response-info timems="0.084" idlems="0.084" threads="0" lastid="0000000001845C00" lastname="Default Executor-thread-25" />
</exclusive-start>
<af-start id="2642" threadId="0000000001846678" totalBytesRequested="24" timestamp="2025-12-14T23:02:00.234" intervalms="218770.350" type="nursery" />
<cycle-start id="2643" type="scavenge" contextid="0" timestamp="2025-12-14T23:02:00.236" intervalms="218770.469" />
<gc-start id="2644" type="scavenge" contextid="2643" timestamp="2025-12-14T23:02:00.237">
  <mem-info id="2645" free="50102432" total="308084736" percent="16">
    <mem type="nursery" free="0" total="147587072" percent="0">
      <mem type="allocate" free="0" total="132775936" percent="0" />
      <mem type="survivor" free="0" total="14811136" percent="0" />
    </mem>
    <mem type="tenure" free="50102432" total="160497664" percent="31">
      <mem type="soa" free="48496800" total="158892032" percent="30" />
      <mem type="loa" free="1605632" total="1605632" percent="100" />
    </mem>
    <remembered-set count="3279" />
  </mem-info>
</gc-start>
<allocation-stats totalBytes="132155016" discardedBytes="42552" >
  <allocated-bytes non-tlh="1584" tlh="132153432" />
  <largest-consumer threadName="Timer-7" threadId="000000000100B800" bytes="25910496" />
</allocation-stats>
<gc-op id="2646" type="scavenge" timems="12.477" contextid="2643" timestamp="2025-12-14T23:02:00.251">
  <scavenger-info tenureage="7" tenuremask="ff80" tiltratio="89" />
  <memory-copied type="nursery" objects="7594" bytes="372784" bytesdiscarded="100856" />
  <finalization candidates="5" enqueued="5" />
  <ownableSynchronizers candidates="18461" cleared="18370" />
  <references type="soft" candidates="1" cleared="0" enqueued="0" dynamicThreshold="10" maxThreshold="32" />
  <references type="weak" candidates="854" cleared="7" enqueued="1" />
  <references type="phantom" candidates="347" cleared="335" enqueued="335" />
  <object-monitors candidates="171" cleared="0"  />
</gc-op>
<gc-end id="2647" type="scavenge" contextid="2643" durationms="23.323" usertimems="6.605" systemtimems="6.008" stalltimems="40.517" timestamp="2025-12-14T23:02:00.261" activeThreads="8">
  <mem-info id="2648" free="182404248" total="308084736" percent="59">
    <mem type="nursery" free="132301816" total="147587072" percent="89">
      <mem type="allocate" free="132301816" total="132775936" percent="99" />
      <mem type="survivor" free="0" total="14811136" percent="0" />
    </mem>
    <mem type="tenure" free="50102432" total="160497664" percent="31" macro-fragmented="27173">
      <mem type="soa" free="48496800" total="158892032" percent="30" />
      <mem type="loa" free="1605632" total="1605632" percent="100" />
    </mem>
    <pending-finalizers system="5" default="0" reference="336" classloader="0" />
    <remembered-set count="2422" />
  </mem-info>
</gc-end>
<cycle-end id="2649" type="scavenge" contextid="2643" timestamp="2025-12-14T23:02:00.261" />
<allocation-satisfied id="2650" threadId="0000000001845C00" bytesRequested="24" />
<af-end id="2651" timestamp="2025-12-14T23:02:00.262" threadId="0000000001846678" success="true" from="nursery"/>
<exclusive-end id="2652" timestamp="2025-12-14T23:02:00.262" durationms="29.277" />

<exclusive-start id="2653" timestamp="2025-12-14T23:04:19.724" intervalms="139491.491">
  <response-info timems="0.074" idlems="0.074" threads="0" lastid="0000000001847500" lastname="Framework stop - Equinox Container: a76135bd-505b-47bb-946e-e77" />
</exclusive-start>
<af-start id="2654" threadId="0000000001847F78" totalBytesRequested="88" timestamp="2025-12-14T23:04:19.726" intervalms="139491.761" type="nursery" />
<cycle-start id="2655" type="scavenge" contextid="0" timestamp="2025-12-14T23:04:19.727" intervalms="139491.837" />
<gc-start id="2656" type="scavenge" contextid="2655" timestamp="2025-12-14T23:04:19.730">
  <mem-info id="2657" free="49893904" total="308084736" percent="16">
    <mem type="nursery" free="0" total="147587072" percent="0">
      <mem type="allocate" free="0" total="132775936" percent="0" />
      <mem type="survivor" free="0" total="14811136" percent="0" />
    </mem>
    <mem type="tenure" free="49893904" total="160497664" percent="31">
      <mem type="soa" free="48288272" total="158892032" percent="30" />
      <mem type="loa" free="1605632" total="1605632" percent="100" />
    </mem>
    <remembered-set count="14989" />
  </mem-info>
</gc-start>
<allocation-stats totalBytes="132450552" discardedBytes="59792" >
  <allocated-bytes non-tlh="698960" tlh="131751592" />
  <largest-consumer threadName="Framework stop - Equinox Container: a76135bd-505b-47bb-946e-e77858b80ca1" threadId="0000000001847500" bytes="34491936" />
</allocation-stats>
<gc-op id="2658" type="scavenge" timems="13.665" contextid="2655" timestamp="2025-12-14T23:04:19.746">
  <scavenger-info tenureage="3" tenuremask="ffe8" tiltratio="89" />
  <memory-copied type="nursery" objects="26647" bytes="1858328" bytesdiscarded="480248" />
  <memory-copied type="tenure" objects="316" bytes="44632" bytesdiscarded="0" />
  <finalization candidates="10" enqueued="10" />
  <ownableSynchronizers candidates="11906" cleared="11777" />
  <references type="soft" candidates="1604" cleared="0" enqueued="0" dynamicThreshold="10" maxThreshold="32" />
  <references type="weak" candidates="1157" cleared="243" enqueued="215" />
  <references type="phantom" candidates="219" cleared="152" enqueued="152" />
  <object-monitors candidates="182" cleared="0"  />
</gc-op>
<gc-end id="2659" type="scavenge" contextid="2655" durationms="61.091" usertimems="23.361" systemtimems="17.546" stalltimems="37.510" timestamp="2025-12-14T23:04:19.791" activeThreads="8">
  <mem-info id="2660" free="180141832" total="308084736" percent="58">
    <mem type="nursery" free="130431240" total="147587072" percent="88">
      <mem type="allocate" free="130431240" total="132775936" percent="98" />
      <mem type="survivor" free="0" total="14811136" percent="0" />
    </mem>
    <mem type="tenure" free="49710592" total="160497664" percent="30" macro-fragmented="23113062">
      <mem type="soa" free="48104960" total="158892032" percent="30" />
      <mem type="loa" free="1605632" total="1605632" percent="100" />
    </mem>
    <pending-finalizers system="10" default="0" reference="367" classloader="0" />
    <remembered-set count="7353" />
  </mem-info>
</gc-end>
<cycle-end id="2661" type="scavenge" contextid="2655" timestamp="2025-12-14T23:04:19.792" />
<allocation-satisfied id="2662" threadId="0000000001847500" bytesRequested="88" />
<af-end id="2663" timestamp="2025-12-14T23:04:19.794" threadId="0000000001847F78" success="true" from="nursery"/>
<exclusive-end id="2664" timestamp="2025-12-14T23:04:19.794" durationms="69.797" />

</verbosegc>

