<?xml version="1.0" ?>

<verbosegc xmlns="http://www.ibm.com/j9/verbosegc" version="266a8c6f5_CMPRSS">

<initialized id="1" timestamp="2025-12-12T00:30:38.381">
  <attribute name="gcPolicy" value="-Xgcpolicy:gencon" />
  <attribute name="maxHeapSize" value="0xf7440000" />
  <attribute name="initialHeapSize" value="0x800000" />
  <attribute name="compressedRefs" value="true" />
  <attribute name="compressedRefsDisplacement" value="0x0" />
  <attribute name="compressedRefsShift" value="0x3" />
  <attribute name="pageSize" value="0x1000" />
  <attribute name="pageType" value="not used" />
  <attribute name="requestedPageSize" value="0x1000" />
  <attribute name="requestedPageType" value="not used" />
  <attribute name="gcthreads" value="20" />
  <attribute name="gcthreads Concurrent Mark" value="1" />
  <attribute name="packetListSplit" value="3" />
  <attribute name="cacheListSplit" value="3" />
  <attribute name="splitFreeListSplitAmount" value="3" />
  <attribute name="numaNodes" value="0" />
  <system>
    <attribute name="physicalMemory" value="16593879040" />
    <attribute name="addressablePhysicalMemory" value="16593879040" />
    <attribute name="container memory limit set" value="false" />
    <attribute name="numCPUs" value="20" />
    <attribute name="numCPUs active" value="20" />
    <attribute name="architecture" value="amd64" />
    <attribute name="os" value="Linux" />
    <attribute name="osVersion" value="6.6.87.2-microsoft-standard-WSL2" />
  </system>
  <vmargs>
    <vmarg name="-Xoptionsfile=/opt/java/openjdk/lib/options.default" />
    <vmarg name="-Xlockword:mode=default,noLockword=java/lang/String,noLockword=java/util/MapEntry,noLockword=java/util/HashMap$Entry,noLockword..." />
    <vmarg name="-XX:+EnsureHashed:java/lang/Class,java/lang/Thread" />
    <vmarg name="-Xjcl:jclse29" />
    <vmarg name="-Dcom.ibm.oti.vm.bootstrap.library.path=/opt/java/openjdk/lib/default:/opt/java/openjdk/lib" />
    <vmarg name="-Dsun.boot.library.path=/opt/java/openjdk/lib/default:/opt/java/openjdk/lib" />
    <vmarg name="-Djava.library.path=/opt/java/openjdk/lib/default:/opt/java/openjdk/lib:/usr/lib64:/usr/lib" />
    <vmarg name="-Djava.home=/opt/java/openjdk" />
    <vmarg name="-Duser.dir=/opt/ibm/wlp/output/defaultServer" />
    <vmarg name="-XX:+IgnoreUnrecognizedVMOptions" />
    <vmarg name="-XX:+PortableSharedCache" />
    <vmarg name="-XX:+IdleTuningGcOnIdle" />
    <vmarg name="-Xshareclasses:name=openj9_system_scc,cacheDir=/opt/java/.scc,readonly,nonFatal" />
    <vmarg name="-Xverbosegclog:/logs/verbosegc.%seq.log,10,1024" />
    <vmarg name="-Djdk.nativePBKDF2=true" />
    <vmarg name="-XX:+IgnoreUnrecognizedVMOptions" />
    <vmarg name="-XX:+IdleTuningGcOnIdle" />
    <vmarg name="-Xshareclasses:name=openj9_system_scc,cacheDir=/opt/java/.scc,readonly,nonFatal" />
    <vmarg name="-Dosgi.checkConfiguration=false" />
    <vmarg name="-Djdk.nativePBKDF2=true" />
    <vmarg name="-XX:+IgnoreUnrecognizedVMOptions" />
    <vmarg name="-XX:+IdleTuningGcOnIdle" />
    <vmarg name="-Xshareclasses:name=openj9_system_scc,cacheDir=/opt/java/.scc,readonly,nonFatal" />
    <vmarg name="-Dosgi.checkConfiguration=false" />
    <vmarg name="-javaagent:/opt/ibm/wlp/bin/tools/ws-javaagent.jar" />
    <vmarg name="-Djava.awt.headless=true" />
    <vmarg name="-Djdk.attach.allowAttachSelf=true" />
    <vmarg name="-Xbootclasspath/a:/opt/ibm/zosconnect/lib/icu4j-71.1.jar:/opt/ibm/zosconnect/lib/icu4j-charset-71.1.jar" />
    <vmarg name="--add-exports=java.base/sun.security.action=ALL-UNNAMED" />
    <vmarg name="--add-exports=java.naming/com.sun.jndi.ldap=ALL-UNNAMED" />
    <vmarg name="--add-exports=java.naming/com.sun.jndi.url.ldap=ALL-UNNAMED" />
    <vmarg name="--add-exports=jdk.naming.dns/com.sun.jndi.dns=ALL-UNNAMED" />
    <vmarg name="--add-exports=jdk.naming.dns/com.sun.jndi.url.dns=ALL-UNNAMED" />
    <vmarg name="--add-exports=java.security.jgss/sun.security.krb5.internal=ALL-UNNAMED" />
    <vmarg name="--add-exports=jdk.attach/sun.tools.attach=ALL-UNNAMED" />
    <vmarg name="--add-opens=java.base/java.util=ALL-UNNAMED" />
    <vmarg name="--add-opens=java.base/java.lang=ALL-UNNAMED" />
    <vmarg name="--add-opens=java.base/java.util.concurrent=ALL-UNNAMED" />
    <vmarg name="--add-opens=java.base/java.io=ALL-UNNAMED" />
    <vmarg name="--add-opens=java.base/java.nio=ALL-UNNAMED" />
    <vmarg name="--add-opens=java.base/sun.nio.ch=ALL-UNNAMED" />
    <vmarg name="--add-opens=java.naming/javax.naming.spi=ALL-UNNAMED" />
    <vmarg name="--add-opens=java.naming/com.sun.naming.internal=ALL-UNNAMED" />
    <vmarg name="--add-opens=jdk.naming.rmi/com.sun.jndi.url.rmi=ALL-UNNAMED" />
    <vmarg name="--add-opens=java.naming/javax.naming=ALL-UNNAMED" />
    <vmarg name="--add-opens=java.rmi/java.rmi=ALL-UNNAMED" />
    <vmarg name="--add-opens=java.sql/java.sql=ALL-UNNAMED" />
    <vmarg name="--add-opens=java.management/javax.management=ALL-UNNAMED" />
    <vmarg name="--add-opens=java.base/java.lang.reflect=ALL-UNNAMED" />
    <vmarg name="--add-opens=java.desktop/java.awt.image=ALL-UNNAMED" />
    <vmarg name="--add-opens=java.base/java.security=ALL-UNNAMED" />
    <vmarg name="--add-opens=java.base/java.net=ALL-UNNAMED" />
    <vmarg name="--add-opens=java.base/java.text=ALL-UNNAMED" />
    <vmarg name="--add-opens=java.base/sun.net.www.protocol.https=ALL-UNNAMED" />
    <vmarg name="--add-exports=jdk.management.agent/jdk.internal.agent=ALL-UNNAMED" />
    <vmarg name="--add-exports=java.base/jdk.internal.vm=ALL-UNNAMED" />
    <vmarg name="-Djava.class.path=/opt/ibm/wlp/bin/tools/ws-server.jar" />
    <vmarg name="-Dsun.java.command=/opt/ibm/wlp/bin/tools/ws-server.jar defaultServer --clean" />
    <vmarg name="-Dsun.java.launcher=SUN_STANDARD" />
  </vmargs>
</initialized>

<exclusive-start id="2" timestamp="2025-12-12T00:30:38.802" intervalms="421.352">
  <response-info timems="0.037" idlems="0.037" threads="0" lastid="0000000000025A00" lastname="main" />
</exclusive-start>
<af-start id="3" threadId="0000000000026478" totalBytesRequested="8200" timestamp="2025-12-12T00:30:38.804" intervalms="423.084" type="nursery" />
<cycle-start id="4" type="scavenge" contextid="0" timestamp="2025-12-12T00:30:38.804" intervalms="423.821" />
<gc-start id="5" type="scavenge" contextid="4" timestamp="2025-12-12T00:30:38.805">
  <mem-info id="6" free="6072872" total="8388608" percent="72">
    <mem type="nursery" free="0" total="2097152" percent="0">
      <mem type="allocate" free="0" total="1048576" percent="0" />
      <mem type="survivor" free="0" total="1048576" percent="0" />
    </mem>
    <mem type="tenure" free="6072872" total="6291456" percent="96">
      <mem type="soa" free="5757480" total="5976064" percent="96" />
      <mem type="loa" free="315392" total="315392" percent="100" />
    </mem>
    <remembered-set count="3062" />
  </mem-info>
</gc-start>
<allocation-stats totalBytes="1261704" discardedBytes="5456" >
  <allocated-bytes non-tlh="234976" tlh="1026728" />
  <largest-consumer threadName="main" threadId="0000000000025A00" bytes="1175688" />
</allocation-stats>
<gc-op id="7" type="scavenge" timems="2.345" contextid="4" timestamp="2025-12-12T00:30:38.808">
  <scavenger-info tenureage="2" tenuremask="fffc" tiltratio="50" />
  <memory-copied type="nursery" objects="10198" bytes="475696" bytesdiscarded="82528" />
  <finalization candidates="170" enqueued="106" />
  <ownableSynchronizers candidates="1" cleared="0" />
  <references type="soft" candidates="18" cleared="0" enqueued="0" dynamicThreshold="32" maxThreshold="32" />
  <references type="weak" candidates="126" cleared="26" enqueued="26" />
  <references type="phantom" candidates="24" cleared="5" enqueued="5" />
  <object-monitors candidates="1" cleared="0"  />
</gc-op>
<gc-end id="8" type="scavenge" contextid="4" durationms="4.390" usertimems="0.917" systemtimems="4.227" stalltimems="4.353" timestamp="2025-12-12T00:30:38.809" activeThreads="4">
  <mem-info id="9" free="6562024" total="8388608" percent="78">
    <mem type="nursery" free="489152" total="2097152" percent="23">
      <mem type="allocate" free="489152" total="1048576" percent="46" />
      <mem type="survivor" free="0" total="1048576" percent="0" />
    </mem>
    <mem type="tenure" free="6072872" total="6291456" percent="96">
      <mem type="soa" free="5757480" total="5976064" percent="96" />
      <mem type="loa" free="315392" total="315392" percent="100" />
    </mem>
    <pending-finalizers system="106" default="0" reference="31" classloader="0" />
    <remembered-set count="3062" />
  </mem-info>
</gc-end>
<cycle-end id="10" type="scavenge" contextid="4" timestamp="2025-12-12T00:30:38.810" />
<allocation-satisfied id="11" threadId="0000000000025A00" bytesRequested="8200" />
<af-end id="12" timestamp="2025-12-12T00:30:38.811" threadId="0000000000026478" success="true" from="nursery"/>
<exclusive-end id="13" timestamp="2025-12-12T00:30:38.811" durationms="9.618" />

<exclusive-start id="14" timestamp="2025-12-12T00:30:38.876" intervalms="74.026">
  <response-info timems="0.081" idlems="0.081" threads="0" lastid="0000000000025A00" lastname="main" />
</exclusive-start>
<af-start id="15" threadId="0000000000026478" totalBytesRequested="13408" timestamp="2025-12-12T00:30:38.877" intervalms="72.956" type="nursery" />
<cycle-start id="16" type="scavenge" contextid="0" timestamp="2025-12-12T00:30:38.877" intervalms="72.940" />
<gc-start id="17" type="scavenge" contextid="16" timestamp="2025-12-12T00:30:38.878">
  <mem-info id="18" free="6024544" total="8388608" percent="71">
    <mem type="nursery" free="0" total="2097152" percent="0">
      <mem type="allocate" free="0" total="1048576" percent="0" />
      <mem type="survivor" free="0" total="1048576" percent="0" />
    </mem>
    <mem type="tenure" free="6024544" total="6291456" percent="95">
      <mem type="soa" free="5709152" total="5976064" percent="95" />
      <mem type="loa" free="315392" total="315392" percent="100" />
    </mem>
    <remembered-set count="3906" />
  </mem-info>
</gc-start>
<allocation-stats totalBytes="530880" discardedBytes="6600" >
  <allocated-bytes non-tlh="56528" tlh="474352" />
  <largest-consumer threadName="main" threadId="0000000000025A00" bytes="460136" />
</allocation-stats>
<gc-op id="19" type="scavenge" timems="1.607" contextid="16" timestamp="2025-12-12T00:30:38.881">
  <scavenger-info tenureage="5" tenuremask="7fe0" tiltratio="50" />
  <memory-copied type="nursery" objects="11551" bytes="520752" bytesdiscarded="39944" />
  <finalization candidates="119" enqueued="35" />
  <ownableSynchronizers candidates="1" cleared="0" />
  <references type="soft" candidates="39" cleared="0" enqueued="0" dynamicThreshold="32" maxThreshold="32" />
  <references type="weak" candidates="208" cleared="84" enqueued="84" />
  <references type="phantom" candidates="21" cleared="3" enqueued="3" />
  <object-monitors candidates="1" cleared="0"  />
</gc-op>
<gc-end id="20" type="scavenge" contextid="16" durationms="3.444" usertimems="1.866" systemtimems="1.736" stalltimems="1.411" timestamp="2025-12-12T00:30:38.881" activeThreads="3">
  <mem-info id="21" free="6511120" total="8388608" percent="77">
    <mem type="nursery" free="486576" total="2097152" percent="23">
      <mem type="allocate" free="486576" total="1048576" percent="46" />
      <mem type="survivor" free="0" total="1048576" percent="0" />
    </mem>
    <mem type="tenure" free="6024544" total="6291456" percent="95">
      <mem type="soa" free="5709152" total="5976064" percent="95" />
      <mem type="loa" free="315392" total="315392" percent="100" />
    </mem>
    <pending-finalizers system="35" default="0" reference="87" classloader="0" />
    <remembered-set count="3906" />
  </mem-info>
</gc-end>
<cycle-end id="22" type="scavenge" contextid="16" timestamp="2025-12-12T00:30:38.882" />
<allocation-satisfied id="23" threadId="0000000000025A00" bytesRequested="13408" />
<af-end id="24" timestamp="2025-12-12T00:30:38.883" threadId="0000000000026478" success="true" from="nursery"/>
<exclusive-end id="25" timestamp="2025-12-12T00:30:38.884" durationms="7.913" />

<exclusive-start id="26" timestamp="2025-12-12T00:30:38.915" intervalms="38.783">
  <response-info timems="0.047" idlems="0.047" threads="0" lastid="0000000000025A00" lastname="main" />
</exclusive-start>
<af-start id="27" threadId="0000000000026478" totalBytesRequested="10704" timestamp="2025-12-12T00:30:38.915" intervalms="38.787" type="nursery" />
<cycle-start id="28" type="scavenge" contextid="0" timestamp="2025-12-12T00:30:38.916" intervalms="38.739" />
<gc-start id="29" type="scavenge" contextid="28" timestamp="2025-12-12T00:30:38.917">
  <mem-info id="30" free="6015488" total="8388608" percent="71">
    <mem type="nursery" free="0" total="2097152" percent="0">
      <mem type="allocate" free="0" total="1048576" percent="0" />
      <mem type="survivor" free="0" total="1048576" percent="0" />
    </mem>
    <mem type="tenure" free="6015488" total="6291456" percent="95">
      <mem type="soa" free="5700096" total="5976064" percent="95" />
      <mem type="loa" free="315392" total="315392" percent="100" />
    </mem>
    <remembered-set count="4016" />
  </mem-info>
</gc-start>
<allocation-stats totalBytes="474256" discardedBytes="21376" >
  <allocated-bytes non-tlh="22464" tlh="451792" />
  <largest-consumer threadName="main" threadId="0000000000025A00" bytes="474256" />
</allocation-stats>
<gc-op id="31" type="scavenge" timems="3.559" contextid="28" timestamp="2025-12-12T00:30:38.922">
  <scavenger-info tenureage="4" tenuremask="7ff0" tiltratio="50" />
  <memory-copied type="nursery" objects="11867" bytes="532560" bytesdiscarded="36912" />
  <finalization candidates="86" enqueued="1" />
  <ownableSynchronizers candidates="1" cleared="0" />
  <references type="soft" candidates="41" cleared="0" enqueued="0" dynamicThreshold="32" maxThreshold="32" />
  <references type="weak" candidates="176" cleared="51" enqueued="51" />
  <references type="phantom" candidates="19" cleared="1" enqueued="1" />
  <object-monitors candidates="1" cleared="0"  />
</gc-op>
<heap-resize id="32" type="expand" space="nursery" amount="262144" count="1" timems="0.085" reason="excessive time being spent scavenging" timestamp="2025-12-12T00:30:38.923" />
<gc-end id="33" type="scavenge" contextid="28" durationms="7.029" usertimems="2.150" systemtimems="5.960" stalltimems="2.526" timestamp="2025-12-12T00:30:38.924" activeThreads="3">
  <mem-info id="34" free="6624376" total="8650752" percent="76">
    <mem type="nursery" free="608888" total="2359296" percent="25">
      <mem type="allocate" free="608888" total="1179648" percent="51" />
      <mem type="survivor" free="0" total="1179648" percent="0" />
    </mem>
    <mem type="tenure" free="6015488" total="6291456" percent="95">
      <mem type="soa" free="5700096" total="5976064" percent="95" />
      <mem type="loa" free="315392" total="315392" percent="100" />
    </mem>
    <pending-finalizers system="1" default="0" reference="52" classloader="0" />
    <remembered-set count="1755" />
  </mem-info>
</gc-end>
<cycle-end id="35" type="scavenge" contextid="28" timestamp="2025-12-12T00:30:38.924" />
<allocation-satisfied id="36" threadId="0000000000025A00" bytesRequested="10704" />
<af-end id="37" timestamp="2025-12-12T00:30:38.926" threadId="0000000000026478" success="true" from="nursery"/>
<exclusive-end id="38" timestamp="2025-12-12T00:30:38.926" durationms="11.741" />

<exclusive-start id="39" timestamp="2025-12-12T00:30:39.062" intervalms="146.877">
  <response-info timems="0.036" idlems="0.036" threads="0" lastid="0000000000025A00" lastname="main" />
</exclusive-start>
<af-start id="40" threadId="0000000000026478" totalBytesRequested="112" timestamp="2025-12-12T00:30:39.062" intervalms="146.890" type="nursery" />
<cycle-start id="41" type="scavenge" contextid="0" timestamp="2025-12-12T00:30:39.063" intervalms="146.727" />
<gc-start id="42" type="scavenge" contextid="41" timestamp="2025-12-12T00:30:39.063">
  <mem-info id="43" free="5999664" total="8650752" percent="69">
    <mem type="nursery" free="0" total="2359296" percent="0">
      <mem type="allocate" free="0" total="1179648" percent="0" />
      <mem type="survivor" free="0" total="1179648" percent="0" />
    </mem>
    <mem type="tenure" free="5999664" total="6291456" percent="95">
      <mem type="soa" free="5684272" total="5976064" percent="95" />
      <mem type="loa" free="315392" total="315392" percent="100" />
    </mem>
    <remembered-set count="1971" />
  </mem-info>
</gc-start>
<allocation-stats totalBytes="623912" discardedBytes="800" >
  <allocated-bytes non-tlh="26528" tlh="597384" />
  <largest-consumer threadName="main" threadId="0000000000025A00" bytes="623912" />
</allocation-stats>
<gc-op id="44" type="scavenge" timems="2.273" contextid="41" timestamp="2025-12-12T00:30:39.067">
  <scavenger-info tenureage="3" tenuremask="fff8" tiltratio="50" />
  <memory-copied type="nursery" objects="2643" bytes="95552" bytesdiscarded="30952" />
  <memory-copied type="tenure" objects="9961" bytes="464008" bytesdiscarded="240" />
  <finalization candidates="128" enqueued="26" />
  <ownableSynchronizers candidates="3" cleared="0" />
  <references type="soft" candidates="39" cleared="0" enqueued="0" dynamicThreshold="32" maxThreshold="32" />
  <references type="weak" candidates="100" cleared="55" enqueued="55" />
  <references type="phantom" candidates="4" cleared="3" enqueued="3" />
  <object-monitors candidates="1" cleared="0"  />
</gc-op>
<gc-end id="45" type="scavenge" contextid="41" durationms="4.146" usertimems="2.329" systemtimems="2.601" stalltimems="2.335" timestamp="2025-12-12T00:30:39.067" activeThreads="3">
  <mem-info id="46" free="6530568" total="8650752" percent="75">
    <mem type="nursery" free="1052928" total="2359296" percent="44">
      <mem type="allocate" free="1052928" total="1179648" percent="89" />
      <mem type="survivor" free="0" total="1179648" percent="0" />
    </mem>
    <mem type="tenure" free="5477640" total="6291456" percent="87">
      <mem type="soa" free="5162248" total="5976064" percent="86" />
      <mem type="loa" free="315392" total="315392" percent="100" />
    </mem>
    <pending-finalizers system="26" default="0" reference="58" classloader="0" />
    <remembered-set count="514" />
  </mem-info>
</gc-end>
<cycle-end id="47" type="scavenge" contextid="41" timestamp="2025-12-12T00:30:39.068" />
<allocation-satisfied id="48" threadId="0000000000025A00" bytesRequested="112" />
<af-end id="49" timestamp="2025-12-12T00:30:39.069" threadId="0000000000026478" success="true" from="nursery"/>
<exclusive-end id="50" timestamp="2025-12-12T00:30:39.070" durationms="8.312" />

<exclusive-start id="51" timestamp="2025-12-12T00:30:39.493" intervalms="431.178">
  <response-info timems="0.152" idlems="0.152" threads="0" lastid="0000000000025A00" lastname="main" />
</exclusive-start>
<af-start id="52" threadId="0000000000026478" totalBytesRequested="152" timestamp="2025-12-12T00:30:39.493" intervalms="431.102" type="nursery" />
<cycle-start id="53" type="scavenge" contextid="0" timestamp="2025-12-12T00:30:39.494" intervalms="431.241" />
<gc-start id="54" type="scavenge" contextid="53" timestamp="2025-12-12T00:30:39.495">
  <mem-info id="55" free="5477640" total="8650752" percent="63">
    <mem type="nursery" free="0" total="2359296" percent="0">
      <mem type="allocate" free="0" total="1179648" percent="0" />
      <mem type="survivor" free="0" total="1179648" percent="0" />
    </mem>
    <mem type="tenure" free="5477640" total="6291456" percent="87">
      <mem type="soa" free="5162248" total="5976064" percent="86" />
      <mem type="loa" free="315392" total="315392" percent="100" />
    </mem>
    <remembered-set count="514" />
  </mem-info>
</gc-start>
<allocation-stats totalBytes="1052224" discardedBytes="704" >
  <allocated-bytes non-tlh="112" tlh="1052112" />
  <largest-consumer threadName="main" threadId="0000000000025A00" bytes="1052224" />
</allocation-stats>
<gc-op id="56" type="scavenge" timems="1.744" contextid="53" timestamp="2025-12-12T00:30:39.497">
  <scavenger-info tenureage="3" tenuremask="fff8" tiltratio="50" />
  <memory-copied type="nursery" objects="1510" bytes="64296" bytesdiscarded="23184" />
  <memory-copied type="tenure" objects="1230" bytes="44440" bytesdiscarded="32" />
  <finalization candidates="38" enqueued="0" />
  <ownableSynchronizers candidates="2" cleared="0" />
  <references type="soft" candidates="18" cleared="0" enqueued="0" dynamicThreshold="32" maxThreshold="32" />
  <references type="weak" candidates="20" cleared="0" enqueued="0" />
  <references type="phantom" candidates="1" cleared="0" enqueued="0" />
  <object-monitors candidates="1" cleared="0"  />
</gc-op>
<gc-end id="57" type="scavenge" contextid="53" durationms="3.456" usertimems="1.385" systemtimems="1.699" stalltimems="2.539" timestamp="2025-12-12T00:30:39.498" activeThreads="3">
  <mem-info id="58" free="6525960" total="8650752" percent="75">
    <mem type="nursery" free="1092096" total="2359296" percent="46">
      <mem type="allocate" free="1092096" total="1179648" percent="92" />
      <mem type="survivor" free="0" total="1179648" percent="0" />
    </mem>
    <mem type="tenure" free="5433864" total="6291456" percent="86">
      <mem type="soa" free="5118472" total="5976064" percent="85" />
      <mem type="loa" free="315392" total="315392" percent="100" />
    </mem>
    <remembered-set count="372" />
  </mem-info>
</gc-end>
<cycle-end id="59" type="scavenge" contextid="53" timestamp="2025-12-12T00:30:39.499" />
<allocation-satisfied id="60" threadId="0000000000025A00" bytesRequested="152" />
<af-end id="61" timestamp="2025-12-12T00:30:39.500" threadId="0000000000026478" success="true" from="nursery"/>
<exclusive-end id="62" timestamp="2025-12-12T00:30:39.500" durationms="7.582" />

<exclusive-start id="63" timestamp="2025-12-12T00:30:39.708" intervalms="214.900">
  <response-info timems="0.181" idlems="0.124" threads="1" lastid="0000000000029600" lastname="JIT Compilation Thread-000" />
</exclusive-start>
<af-start id="64" threadId="0000000000026478" totalBytesRequested="482208" timestamp="2025-12-12T00:30:39.708" intervalms="214.882" type="nursery" />
<cycle-start id="65" type="scavenge" contextid="0" timestamp="2025-12-12T00:30:39.709" intervalms="215.076" />
<gc-start id="66" type="scavenge" contextid="65" timestamp="2025-12-12T00:30:39.710">
  <mem-info id="67" free="5529800" total="8650752" percent="63">
    <mem type="nursery" free="158056" total="2359296" percent="6">
      <mem type="allocate" free="158056" total="1179648" percent="13" />
      <mem type="survivor" free="0" total="1179648" percent="0" />
    </mem>
    <mem type="tenure" free="5371744" total="6291456" percent="85">
      <mem type="soa" free="5056352" total="5976064" percent="84" />
      <mem type="loa" free="315392" total="315392" percent="100" />
    </mem>
    <remembered-set count="1408" />
  </mem-info>
</gc-start>
<allocation-stats totalBytes="994720" discardedBytes="1440" >
  <allocated-bytes non-tlh="62272" tlh="932448" />
  <largest-consumer threadName="main" threadId="0000000000025A00" bytes="994720" />
</allocation-stats>
<gc-op id="68" type="scavenge" timems="1.277" contextid="65" timestamp="2025-12-12T00:30:39.712">
  <scavenger-info tenureage="3" tenuremask="ffe8" tiltratio="50" />
  <memory-copied type="nursery" objects="7224" bytes="331832" bytesdiscarded="33424" />
  <memory-copied type="tenure" objects="459" bytes="16400" bytesdiscarded="0" />
  <finalization candidates="95" enqueued="46" />
  <ownableSynchronizers candidates="2" cleared="0" />
  <references type="soft" candidates="77" cleared="0" enqueued="0" dynamicThreshold="32" maxThreshold="32" />
  <references type="weak" candidates="88" cleared="34" enqueued="34" />
  <references type="phantom" candidates="12" cleared="7" enqueued="7" />
  <object-monitors candidates="1" cleared="0"  />
</gc-op>
<gc-end id="69" type="scavenge" contextid="65" durationms="3.334" usertimems="0.000" systemtimems="2.404" stalltimems="0.432" timestamp="2025-12-12T00:30:39.713" activeThreads="2">
  <mem-info id="70" free="6165064" total="8650752" percent="71">
    <mem type="nursery" free="814056" total="2359296" percent="34">
      <mem type="allocate" free="814056" total="1179648" percent="69" />
      <mem type="survivor" free="0" total="1179648" percent="0" />
    </mem>
    <mem type="tenure" free="5351008" total="6291456" percent="85">
      <mem type="soa" free="5035616" total="5976064" percent="84" />
      <mem type="loa" free="315392" total="315392" percent="100" />
    </mem>
    <pending-finalizers system="46" default="0" reference="41" classloader="0" />
    <remembered-set count="1197" />
  </mem-info>
</gc-end>
<cycle-end id="71" type="scavenge" contextid="65" timestamp="2025-12-12T00:30:39.714" />
<allocation-satisfied id="72" threadId="0000000000025A00" bytesRequested="482208" />
<af-end id="73" timestamp="2025-12-12T00:30:39.715" threadId="0000000000026478" success="true" from="nursery"/>
<exclusive-end id="74" timestamp="2025-12-12T00:30:39.716" durationms="8.207" />

<exclusive-start id="75" timestamp="2025-12-12T00:30:39.734" intervalms="26.339">
  <response-info timems="0.061" idlems="0.061" threads="0" lastid="0000000000025A00" lastname="main" />
</exclusive-start>
<af-start id="76" threadId="0000000000026478" totalBytesRequested="16392" timestamp="2025-12-12T00:30:39.735" intervalms="26.745" type="nursery" />
<cycle-start id="77" type="scavenge" contextid="0" timestamp="2025-12-12T00:30:39.736" intervalms="26.609" />
<gc-start id="78" type="scavenge" contextid="77" timestamp="2025-12-12T00:30:39.737">
  <mem-info id="79" free="5298936" total="8650752" percent="61">
    <mem type="nursery" free="0" total="2359296" percent="0">
      <mem type="allocate" free="0" total="1179648" percent="0" />
      <mem type="survivor" free="0" total="1179648" percent="0" />
    </mem>
    <mem type="tenure" free="5298936" total="6291456" percent="84">
      <mem type="soa" free="4983544" total="5976064" percent="83" />
      <mem type="loa" free="315392" total="315392" percent="100" />
    </mem>
    <remembered-set count="2161" />
  </mem-info>
</gc-start>
<allocation-stats totalBytes="852592" discardedBytes="13536" >
  <allocated-bytes non-tlh="598008" tlh="254584" />
  <largest-consumer threadName="main" threadId="0000000000025A00" bytes="852592" />
</allocation-stats>
<gc-op id="80" type="scavenge" timems="1.692" contextid="77" timestamp="2025-12-12T00:30:39.739">
  <scavenger-info tenureage="5" tenuremask="ffe0" tiltratio="50" />
  <memory-copied type="nursery" objects="8067" bytes="955792" bytesdiscarded="71808" />
  <finalization candidates="55" enqueued="4" />
  <ownableSynchronizers candidates="2" cleared="0" />
  <references type="soft" candidates="88" cleared="0" enqueued="0" dynamicThreshold="32" maxThreshold="32" />
  <references type="weak" candidates="59" cleared="1" enqueued="1" />
  <references type="phantom" candidates="9" cleared="1" enqueued="1" />
  <object-monitors candidates="1" cleared="0"  />
</gc-op>
<heap-resize id="81" type="expand" space="nursery" amount="262144" count="1" timems="0.075" reason="excessive time being spent scavenging" timestamp="2025-12-12T00:30:39.740" />
<gc-end id="82" type="scavenge" contextid="77" durationms="4.427" usertimems="3.834" systemtimems="0.000" stalltimems="0.460" timestamp="2025-12-12T00:30:39.741" activeThreads="2">
  <mem-info id="83" free="5581776" total="8912896" percent="62">
    <mem type="nursery" free="282840" total="2621440" percent="10">
      <mem type="allocate" free="282840" total="1310720" percent="21" />
      <mem type="survivor" free="0" total="1310720" percent="0" />
    </mem>
    <mem type="tenure" free="5298936" total="6291456" percent="84">
      <mem type="soa" free="4983544" total="5976064" percent="83" />
      <mem type="loa" free="315392" total="315392" percent="100" />
    </mem>
    <pending-finalizers system="4" default="0" reference="2" classloader="0" />
    <remembered-set count="2154" />
  </mem-info>
</gc-end>
<cycle-end id="84" type="scavenge" contextid="77" timestamp="2025-12-12T00:30:39.742" />
<allocation-satisfied id="85" threadId="0000000000025A00" bytesRequested="16392" />
<af-end id="86" timestamp="2025-12-12T00:30:39.743" threadId="0000000000026478" success="true" from="nursery"/>
<exclusive-end id="87" timestamp="2025-12-12T00:30:39.743" durationms="9.147" />

<exclusive-start id="88" timestamp="2025-12-12T00:30:39.766" intervalms="32.146">
  <response-info timems="0.051" idlems="0.051" threads="0" lastid="0000000000025A00" lastname="main" />
</exclusive-start>
<af-start id="89" threadId="0000000000026478" totalBytesRequested="24" timestamp="2025-12-12T00:30:39.767" intervalms="31.853" type="nursery" />
<cycle-start id="90" type="scavenge" contextid="0" timestamp="2025-12-12T00:30:39.768" intervalms="31.841" />
<gc-start id="91" type="scavenge" contextid="90" timestamp="2025-12-12T00:30:39.768">
  <mem-info id="92" free="5296872" total="8912896" percent="59">
    <mem type="nursery" free="0" total="2621440" percent="0">
      <mem type="allocate" free="0" total="1310720" percent="0" />
      <mem type="survivor" free="0" total="1310720" percent="0" />
    </mem>
    <mem type="tenure" free="5296872" total="6291456" percent="84">
      <mem type="soa" free="4981480" total="5976064" percent="83" />
      <mem type="loa" free="315392" total="315392" percent="100" />
    </mem>
    <remembered-set count="2192" />
  </mem-info>
</gc-start>
<allocation-stats totalBytes="283920" discardedBytes="984" >
  <allocated-bytes non-tlh="18456" tlh="265464" />
  <largest-consumer threadName="main" threadId="0000000000025A00" bytes="283920" />
</allocation-stats>
<gc-op id="93" type="scavenge" timems="2.472" contextid="90" timestamp="2025-12-12T00:30:39.772">
  <scavenger-info tenureage="3" tenuremask="fff8" tiltratio="50" />
  <memory-copied type="nursery" objects="9765" bytes="1013736" bytesdiscarded="23960" />
  <memory-copied type="tenure" objects="446" bytes="15080" bytesdiscarded="0" />
  <finalization candidates="51" enqueued="0" />
  <ownableSynchronizers candidates="2" cleared="0" />
  <references type="soft" candidates="72" cleared="0" enqueued="0" dynamicThreshold="32" maxThreshold="32" />
  <references type="weak" candidates="55" cleared="16" enqueued="16" />
  <references type="phantom" candidates="6" cleared="0" enqueued="0" />
  <object-monitors candidates="1" cleared="0"  />
</gc-op>
<heap-resize id="94" type="expand" space="nursery" amount="262144" count="1" timems="0.108" reason="excessive time being spent scavenging" timestamp="2025-12-12T00:30:39.773" />
<gc-end id="95" type="scavenge" contextid="90" durationms="5.603" usertimems="5.149" systemtimems="0.000" stalltimems="0.367" timestamp="2025-12-12T00:30:39.774" activeThreads="2">
  <mem-info id="96" free="5686152" total="9175040" percent="61">
    <mem type="nursery" free="403872" total="2883584" percent="14">
      <mem type="allocate" free="403872" total="1441792" percent="28" />
      <mem type="survivor" free="0" total="1441792" percent="0" />
    </mem>
    <mem type="tenure" free="5282280" total="6291456" percent="83">
      <mem type="soa" free="4966888" total="5976064" percent="83" />
      <mem type="loa" free="315392" total="315392" percent="100" />
    </mem>
    <pending-finalizers system="0" default="0" reference="16" classloader="0" />
    <remembered-set count="1196" />
  </mem-info>
</gc-end>
<cycle-end id="97" type="scavenge" contextid="90" timestamp="2025-12-12T00:30:39.775" />
<allocation-satisfied id="98" threadId="0000000000025A00" bytesRequested="24" />
<af-end id="99" timestamp="2025-12-12T00:30:39.776" threadId="0000000000026478" success="true" from="nursery"/>
<exclusive-end id="100" timestamp="2025-12-12T00:30:39.776" durationms="10.101" />

<exclusive-start id="101" timestamp="2025-12-12T00:30:39.779" intervalms="12.558">
  <response-info timems="0.046" idlems="0.046" threads="0" lastid="0000000000025A00" lastname="main" />
</exclusive-start>
<af-start id="102" threadId="0000000000026478" totalBytesRequested="64" timestamp="2025-12-12T00:30:39.779" intervalms="12.492" type="nursery" />
<cycle-start id="103" type="scavenge" contextid="0" timestamp="2025-12-12T00:30:39.780" intervalms="12.528" />
<gc-start id="104" type="scavenge" contextid="103" timestamp="2025-12-12T00:30:39.781">
  <mem-info id="105" free="5282048" total="9175040" percent="57">
    <mem type="nursery" free="0" total="2883584" percent="0">
      <mem type="allocate" free="0" total="1441792" percent="0" />
      <mem type="survivor" free="0" total="1441792" percent="0" />
    </mem>
    <mem type="tenure" free="5282048" total="6291456" percent="83">
      <mem type="soa" free="4966656" total="5976064" percent="83" />
      <mem type="loa" free="315392" total="315392" percent="100" />
    </mem>
    <remembered-set count="1201" />
  </mem-info>
</gc-start>
<allocation-stats totalBytes="403984" discardedBytes="120" >
  <allocated-bytes non-tlh="256" tlh="403728" />
  <largest-consumer threadName="main" threadId="0000000000025A00" bytes="403984" />
</allocation-stats>
<gc-op id="106" type="scavenge" timems="1.625" contextid="103" timestamp="2025-12-12T00:30:39.783">
  <scavenger-info tenureage="3" tenuremask="fff8" tiltratio="50" />
  <memory-copied type="nursery" objects="5388" bytes="810064" bytesdiscarded="49752" />
  <memory-copied type="tenure" objects="6196" bytes="270816" bytesdiscarded="104" />
  <finalization candidates="34" enqueued="0" />
  <references type="soft" candidates="11" cleared="0" enqueued="0" dynamicThreshold="32" maxThreshold="32" />
  <references type="weak" candidates="6" cleared="2" enqueued="2" />
  <references type="phantom" candidates="4" cleared="0" enqueued="0" />
  <object-monitors candidates="1" cleared="0"  />
</gc-op>
<heap-resize id="107" type="expand" space="nursery" amount="524288" count="1" timems="0.079" reason="excessive time being spent scavenging" timestamp="2025-12-12T00:30:39.784" />
<gc-end id="108" type="scavenge" contextid="103" durationms="4.150" usertimems="3.210" systemtimems="0.000" stalltimems="0.612" timestamp="2025-12-12T00:30:39.785" activeThreads="2">
  <mem-info id="109" free="5828928" total="9699328" percent="60">
    <mem type="nursery" free="844088" total="3407872" percent="24">
      <mem type="allocate" free="844088" total="1703936" percent="49" />
      <mem type="survivor" free="0" total="1703936" percent="0" />
    </mem>
    <mem type="tenure" free="4984840" total="6291456" percent="79">
      <mem type="soa" free="4669448" total="5976064" percent="78" />
      <mem type="loa" free="315392" total="315392" percent="100" />
    </mem>
    <pending-finalizers system="0" default="0" reference="2" classloader="0" />
    <remembered-set count="181" />
  </mem-info>
</gc-end>
<cycle-end id="110" type="scavenge" contextid="103" timestamp="2025-12-12T00:30:39.785" />
<allocation-satisfied id="111" threadId="0000000000025A00" bytesRequested="64" />
<af-end id="112" timestamp="2025-12-12T00:30:39.787" threadId="0000000000026478" success="true" from="nursery"/>
<exclusive-end id="113" timestamp="2025-12-12T00:30:39.787" durationms="8.618" />

<exclusive-start id="114" timestamp="2025-12-12T00:30:39.825" intervalms="45.853">
  <response-info timems="0.181" idlems="0.181" threads="0" lastid="0000000000025A00" lastname="main" />
</exclusive-start>
<af-start id="115" threadId="0000000000026478" totalBytesRequested="36344" timestamp="2025-12-12T00:30:39.826" intervalms="46.627" type="nursery" />
<cycle-start id="116" type="scavenge" contextid="0" timestamp="2025-12-12T00:30:39.827" intervalms="47.185" />
<gc-start id="117" type="scavenge" contextid="116" timestamp="2025-12-12T00:30:39.828">
  <mem-info id="118" free="4965024" total="9699328" percent="51">
    <mem type="nursery" free="0" total="3407872" percent="0">
      <mem type="allocate" free="0" total="1703936" percent="0" />
      <mem type="survivor" free="0" total="1703936" percent="0" />
    </mem>
    <mem type="tenure" free="4965024" total="6291456" percent="78">
      <mem type="soa" free="4649632" total="5976064" percent="77" />
      <mem type="loa" free="315392" total="315392" percent="100" />
    </mem>
    <remembered-set count="481" />
  </mem-info>
</gc-start>
<allocation-stats totalBytes="848840" discardedBytes="15064" >
  <allocated-bytes non-tlh="113624" tlh="735216" />
  <largest-consumer threadName="main" threadId="0000000000025A00" bytes="848840" />
</allocation-stats>
<gc-op id="119" type="scavenge" timems="1.310" contextid="116" timestamp="2025-12-12T00:30:39.830">
  <scavenger-info tenureage="2" tenuremask="fffc" tiltratio="50" />
  <memory-copied type="nursery" objects="1115" bytes="31600" bytesdiscarded="23976" />
  <memory-copied type="tenure" objects="984" bytes="626928" bytesdiscarded="24" />
  <finalization candidates="42" enqueued="26" />
  <references type="soft" candidates="15" cleared="0" enqueued="0" dynamicThreshold="32" maxThreshold="32" />
  <references type="weak" candidates="48" cleared="34" enqueued="34" />
  <references type="phantom" candidates="4" cleared="4" enqueued="4" />
  <object-monitors candidates="1" cleared="0"  />
</gc-op>
<gc-end id="120" type="scavenge" contextid="116" durationms="3.129" usertimems="2.444" systemtimems="0.000" stalltimems="0.825" timestamp="2025-12-12T00:30:39.831" activeThreads="2">
  <mem-info id="121" free="6302944" total="9699328" percent="64">
    <mem type="nursery" free="1975552" total="3407872" percent="57">
      <mem type="allocate" free="1975552" total="2031616" percent="97" />
      <mem type="survivor" free="0" total="1376256" percent="0" />
    </mem>
    <mem type="tenure" free="4327392" total="6291456" percent="68">
      <mem type="soa" free="4012000" total="5976064" percent="67" />
      <mem type="loa" free="315392" total="315392" percent="100" />
    </mem>
    <pending-finalizers system="26" default="0" reference="38" classloader="0" />
    <remembered-set count="402" />
  </mem-info>
</gc-end>
<cycle-end id="122" type="scavenge" contextid="116" timestamp="2025-12-12T00:30:39.832" />
<allocation-satisfied id="123" threadId="0000000000025A00" bytesRequested="36344" />
<af-end id="124" timestamp="2025-12-12T00:30:39.833" threadId="0000000000026478" success="true" from="nursery"/>
<exclusive-end id="125" timestamp="2025-12-12T00:30:39.833" durationms="8.907" />

<exclusive-start id="126" timestamp="2025-12-12T00:30:39.896" intervalms="71.035">
  <response-info timems="0.135" idlems="0.135" threads="0" lastid="0000000000025A00" lastname="main" />
</exclusive-start>
<af-start id="127" threadId="0000000000026478" totalBytesRequested="1104" timestamp="2025-12-12T00:30:39.896" intervalms="70.430" type="nursery" />
<cycle-start id="128" type="scavenge" contextid="0" timestamp="2025-12-12T00:30:39.897" intervalms="69.942" />
<gc-start id="129" type="scavenge" contextid="128" timestamp="2025-12-12T00:30:39.898">
  <mem-info id="130" free="4257688" total="9699328" percent="43">
    <mem type="nursery" free="0" total="3407872" percent="0">
      <mem type="allocate" free="0" total="2031616" percent="0" />
      <mem type="survivor" free="0" total="1376256" percent="0" />
    </mem>
    <mem type="tenure" free="4257688" total="6291456" percent="67">
      <mem type="soa" free="3942296" total="5976064" percent="65" />
      <mem type="loa" free="315392" total="315392" percent="100" />
    </mem>
    <remembered-set count="1264" />
  </mem-info>
</gc-start>
<allocation-stats totalBytes="2043176" discardedBytes="2080" >
  <allocated-bytes non-tlh="236136" tlh="1807040" />
  <largest-consumer threadName="main" threadId="0000000000025A00" bytes="2043176" />
</allocation-stats>
<gc-op id="131" type="scavenge" timems="1.370" contextid="128" timestamp="2025-12-12T00:30:39.900">
  <scavenger-info tenureage="3" tenuremask="fff8" tiltratio="59" />
  <memory-copied type="nursery" objects="4199" bytes="292232" bytesdiscarded="19192" />
  <finalization candidates="206" enqueued="126" />
  <ownableSynchronizers candidates="2" cleared="0" />
  <references type="soft" candidates="59" cleared="0" enqueued="0" dynamicThreshold="32" maxThreshold="32" />
  <references type="weak" candidates="229" cleared="140" enqueued="140" />
  <references type="phantom" candidates="14" cleared="5" enqueued="5" />
  <object-monitors candidates="1" cleared="0"  />
</gc-op>
<gc-end id="132" type="scavenge" contextid="128" durationms="3.208" usertimems="1.255" systemtimems="1.049" stalltimems="0.526" timestamp="2025-12-12T00:30:39.901" activeThreads="2">
  <mem-info id="133" free="6108288" total="9699328" percent="62">
    <mem type="nursery" free="1850600" total="3407872" percent="54">
      <mem type="allocate" free="1850600" total="2162688" percent="85" />
      <mem type="survivor" free="0" total="1245184" percent="0" />
    </mem>
    <mem type="tenure" free="4257688" total="6291456" percent="67">
      <mem type="soa" free="3942296" total="5976064" percent="65" />
      <mem type="loa" free="315392" total="315392" percent="100" />
    </mem>
    <pending-finalizers system="126" default="0" reference="145" classloader="0" />
    <remembered-set count="1249" />
  </mem-info>
</gc-end>
<cycle-end id="134" type="scavenge" contextid="128" timestamp="2025-12-12T00:30:39.902" />
<allocation-satisfied id="135" threadId="0000000000025A00" bytesRequested="1104" />
<af-end id="136" timestamp="2025-12-12T00:30:39.903" threadId="0000000000026478" success="true" from="nursery"/>
<exclusive-end id="137" timestamp="2025-12-12T00:30:39.904" durationms="8.263" />

<exclusive-start id="138" timestamp="2025-12-12T00:30:40.022" intervalms="126.030">
  <response-info timems="0.485" idlems="0.284" threads="1" lastid="0000000000029600" lastname="JIT Compilation Thread-000" />
</exclusive-start>
<af-start id="139" threadId="0000000000026478" totalBytesRequested="24" timestamp="2025-12-12T00:30:40.023" intervalms="126.177" type="nursery" />
<cycle-start id="140" type="scavenge" contextid="0" timestamp="2025-12-12T00:30:40.023" intervalms="126.132" />
<gc-start id="141" type="scavenge" contextid="140" timestamp="2025-12-12T00:30:40.024">
  <mem-info id="142" free="4053784" total="9699328" percent="41">
    <mem type="nursery" free="0" total="3407872" percent="0">
      <mem type="allocate" free="0" total="2162688" percent="0" />
      <mem type="survivor" free="0" total="1245184" percent="0" />
    </mem>
    <mem type="tenure" free="4053784" total="6291456" percent="64">
      <mem type="soa" free="3738392" total="5976064" percent="62" />
      <mem type="loa" free="315392" total="315392" percent="100" />
    </mem>
    <remembered-set count="4031" />
  </mem-info>
</gc-start>
<allocation-stats totalBytes="2052912" discardedBytes="1592" >
  <allocated-bytes non-tlh="205008" tlh="1847904" />
  <largest-consumer threadName="main" threadId="0000000000025A00" bytes="2048816" />
</allocation-stats>
<gc-op id="143" type="scavenge" timems="4.481" contextid="140" timestamp="2025-12-12T00:30:40.031">
  <scavenger-info tenureage="3" tenuremask="fff8" tiltratio="63" />
  <memory-copied type="nursery" objects="19178" bytes="854760" bytesdiscarded="13880" />
  <memory-copied type="tenure" objects="6" bytes="208" bytesdiscarded="0" />
  <finalization candidates="366" enqueued="188" />
  <ownableSynchronizers candidates="9" cleared="0" />
  <references type="soft" candidates="843" cleared="0" enqueued="0" dynamicThreshold="32" maxThreshold="32" />
  <references type="weak" candidates="528" cleared="292" enqueued="292" />
  <references type="phantom" candidates="51" cleared="37" enqueued="37" />
  <object-monitors candidates="5" cleared="0"  />
</gc-op>
<heap-resize id="144" type="expand" space="nursery" amount="131072" count="1" timems="0.051" reason="excessive time being spent scavenging" timestamp="2025-12-12T00:30:40.032" />
<gc-end id="145" type="scavenge" contextid="140" durationms="8.446" usertimems="8.583" systemtimems="0.304" stalltimems="0.709" timestamp="2025-12-12T00:30:40.033" activeThreads="2">
  <mem-info id="146" free="4883136" total="9830400" percent="49">
    <mem type="nursery" free="899240" total="3538944" percent="25">
      <mem type="allocate" free="899240" total="1769472" percent="50" />
      <mem type="survivor" free="0" total="1769472" percent="0" />
    </mem>
    <mem type="tenure" free="3983896" total="6291456" percent="63">
      <mem type="soa" free="3668504" total="5976064" percent="61" />
      <mem type="loa" free="315392" total="315392" percent="100" />
    </mem>
    <pending-finalizers system="188" default="0" reference="329" classloader="0" />
    <remembered-set count="3778" />
  </mem-info>
</gc-end>
<cycle-end id="147" type="scavenge" contextid="140" timestamp="2025-12-12T00:30:40.034" />
<allocation-satisfied id="148" threadId="0000000000025A00" bytesRequested="24" />
<af-end id="149" timestamp="2025-12-12T00:30:40.035" threadId="0000000000026478" success="true" from="nursery"/>
<exclusive-end id="150" timestamp="2025-12-12T00:30:40.036" durationms="14.092" />

<exclusive-start id="151" timestamp="2025-12-12T00:30:40.081" intervalms="59.656">
  <response-info timems="0.047" idlems="0.047" threads="0" lastid="0000000000025A00" lastname="main" />
</exclusive-start>
<af-start id="152" threadId="0000000000026478" totalBytesRequested="16392" timestamp="2025-12-12T00:30:40.082" intervalms="59.475" type="nursery" />
<cycle-start id="153" type="scavenge" contextid="0" timestamp="2025-12-12T00:30:40.083" intervalms="59.370" />
<gc-start id="154" type="scavenge" contextid="153" timestamp="2025-12-12T00:30:40.083">
  <mem-info id="155" free="3963888" total="9830400" percent="40">
    <mem type="nursery" free="0" total="3538944" percent="0">
      <mem type="allocate" free="0" total="1769472" percent="0" />
      <mem type="survivor" free="0" total="1769472" percent="0" />
    </mem>
    <mem type="tenure" free="3963888" total="6291456" percent="63">
      <mem type="soa" free="3648496" total="5976064" percent="61" />
      <mem type="loa" free="315392" total="315392" percent="100" />
    </mem>
    <remembered-set count="4187" />
  </mem-info>
</gc-start>
<allocation-stats totalBytes="907840" discardedBytes="11408" >
  <allocated-bytes non-tlh="20032" tlh="887808" />
  <largest-consumer threadName="main" threadId="0000000000025A00" bytes="903744" />
</allocation-stats>
<gc-op id="156" type="scavenge" timems="5.743" contextid="153" timestamp="2025-12-12T00:30:40.091">
  <scavenger-info tenureage="2" tenuremask="7ffc" tiltratio="50" />
  <memory-copied type="nursery" objects="22249" bytes="847664" bytesdiscarded="22608" />
  <memory-copied type="tenure" objects="3506" bytes="264040" bytesdiscarded="112" />
  <finalization candidates="190" enqueued="6" />
  <ownableSynchronizers candidates="9" cleared="0" />
  <references type="soft" candidates="3416" cleared="0" enqueued="0" dynamicThreshold="32" maxThreshold="32" />
  <references type="weak" candidates="189" cleared="38" enqueued="37" />
  <references type="phantom" candidates="9" cleared="2" enqueued="2" />
  <object-monitors candidates="5" cleared="0"  />
</gc-op>
<heap-resize id="157" type="expand" space="nursery" amount="262144" count="1" timems="0.071" reason="excessive time being spent scavenging" timestamp="2025-12-12T00:30:40.092" />
<gc-end id="158" type="scavenge" contextid="153" durationms="9.002" usertimems="6.998" systemtimems="3.326" stalltimems="0.730" timestamp="2025-12-12T00:30:40.092" activeThreads="2">
  <mem-info id="159" free="5000936" total="10092544" percent="49">
    <mem type="nursery" free="1357376" total="3801088" percent="35">
      <mem type="allocate" free="1357376" total="2228224" percent="60" />
      <mem type="survivor" free="0" total="1572864" percent="0" />
    </mem>
    <mem type="tenure" free="3643560" total="6291456" percent="57">
      <mem type="soa" free="3328168" total="5976064" percent="55" />
      <mem type="loa" free="315392" total="315392" percent="100" />
    </mem>
    <pending-finalizers system="6" default="0" reference="39" classloader="0" />
    <remembered-set count="3341" />
  </mem-info>
</gc-end>
<cycle-end id="160" type="scavenge" contextid="153" timestamp="2025-12-12T00:30:40.093" />
<allocation-satisfied id="161" threadId="0000000000025A00" bytesRequested="16392" />
<af-end id="162" timestamp="2025-12-12T00:30:40.095" threadId="0000000000026478" success="true" from="nursery"/>
<exclusive-end id="163" timestamp="2025-12-12T00:30:40.095" durationms="14.238" />

<exclusive-start id="164" timestamp="2025-12-12T00:30:40.161" intervalms="79.667">
  <response-info timems="0.060" idlems="0.060" threads="0" lastid="0000000000025A00" lastname="main" />
</exclusive-start>
<af-start id="165" threadId="0000000000026478" totalBytesRequested="40" timestamp="2025-12-12T00:30:40.162" intervalms="79.611" type="nursery" />
<cycle-start id="166" type="scavenge" contextid="0" timestamp="2025-12-12T00:30:40.162" intervalms="79.696" />
<gc-start id="167" type="scavenge" contextid="166" timestamp="2025-12-12T00:30:40.164">
  <mem-info id="168" free="3556640" total="10092544" percent="35">
    <mem type="nursery" free="0" total="3801088" percent="0">
      <mem type="allocate" free="0" total="2228224" percent="0" />
      <mem type="survivor" free="0" total="1572864" percent="0" />
    </mem>
    <mem type="tenure" free="3556640" total="6291456" percent="56">
      <mem type="soa" free="3241248" total="5976064" percent="54" />
      <mem type="loa" free="315392" total="315392" percent="100" />
    </mem>
    <remembered-set count="4522" />
  </mem-info>
</gc-start>
<allocation-stats totalBytes="1443720" discardedBytes="576" >
  <allocated-bytes non-tlh="103312" tlh="1340408" />
  <largest-consumer threadName="main" threadId="0000000000025A00" bytes="1443720" />
</allocation-stats>
<gc-op id="169" type="scavenge" timems="3.406" contextid="166" timestamp="2025-12-12T00:30:40.168">
  <scavenger-info tenureage="1" tenuremask="7ffe" tiltratio="58" />
  <memory-copied type="nursery" objects="8690" bytes="305672" bytesdiscarded="31848" />
  <memory-copied type="tenure" objects="21660" bytes="798528" bytesdiscarded="736" />
  <finalization candidates="147" enqueued="28" />
  <ownableSynchronizers candidates="18" cleared="0" />
  <references type="soft" candidates="56" cleared="0" enqueued="0" dynamicThreshold="32" maxThreshold="32" />
  <references type="weak" candidates="315" cleared="296" enqueued="296" />
  <references type="phantom" candidates="12" cleared="10" enqueued="10" />
  <object-monitors candidates="5" cleared="0"  />
</gc-op>
<gc-end id="170" type="scavenge" contextid="166" durationms="5.455" usertimems="8.692" systemtimems="0.000" stalltimems="2.652" timestamp="2025-12-12T00:30:40.169" activeThreads="3">
  <mem-info id="171" free="4969536" total="10092544" percent="49">
    <mem type="nursery" free="2218048" total="3801088" percent="58">
      <mem type="allocate" free="2218048" total="2555904" percent="86" />
      <mem type="survivor" free="0" total="1245184" percent="0" />
    </mem>
    <mem type="tenure" free="2751488" total="6291456" percent="43">
      <mem type="soa" free="2436096" total="5976064" percent="40" />
      <mem type="loa" free="315392" total="315392" percent="100" />
    </mem>
    <pending-finalizers system="28" default="0" reference="306" classloader="0" />
    <remembered-set count="1702" />
  </mem-info>
</gc-end>
<cycle-end id="172" type="scavenge" contextid="166" timestamp="2025-12-12T00:30:40.170" />
<allocation-satisfied id="173" threadId="0000000000025A00" bytesRequested="40" />
<af-end id="174" timestamp="2025-12-12T00:30:40.171" threadId="0000000000026478" success="true" from="nursery"/>
<exclusive-end id="175" timestamp="2025-12-12T00:30:40.171" durationms="10.523" />

<exclusive-start id="176" timestamp="2025-12-12T00:30:40.246" intervalms="85.452">
  <response-info timems="0.209" idlems="0.209" threads="0" lastid="000000000058C500" lastname="kernel-command-listener" />
</exclusive-start>
<af-start id="177" threadId="000000000058CF78" totalBytesRequested="1032" timestamp="2025-12-12T00:30:40.247" intervalms="85.462" type="nursery" />
<cycle-start id="178" type="scavenge" contextid="0" timestamp="2025-12-12T00:30:40.248" intervalms="85.538" />
<gc-start id="179" type="scavenge" contextid="178" timestamp="2025-12-12T00:30:40.249">
  <mem-info id="180" free="2664784" total="10092544" percent="26">
    <mem type="nursery" free="0" total="3801088" percent="0">
      <mem type="allocate" free="0" total="2555904" percent="0" />
      <mem type="survivor" free="0" total="1245184" percent="0" />
    </mem>
    <mem type="tenure" free="2664784" total="6291456" percent="42">
      <mem type="soa" free="2349392" total="5976064" percent="39" />
      <mem type="loa" free="315392" total="315392" percent="100" />
    </mem>
    <remembered-set count="2846" />
  </mem-info>
</gc-start>
<allocation-stats totalBytes="2301472" discardedBytes="3280" >
  <allocated-bytes non-tlh="125432" tlh="2176040" />
  <largest-consumer threadName="main" threadId="0000000000025A00" bytes="2212040" />
</allocation-stats>
<gc-op id="181" type="scavenge" timems="2.154" contextid="178" timestamp="2025-12-12T00:30:40.252">
  <scavenger-info tenureage="1" tenuremask="7ffe" tiltratio="67" />
  <memory-copied type="nursery" objects="12152" bytes="379512" bytesdiscarded="33536" />
  <memory-copied type="tenure" objects="5417" bytes="167400" bytesdiscarded="80" />
  <finalization candidates="297" enqueued="179" />
  <ownableSynchronizers candidates="23" cleared="3" />
  <references type="soft" candidates="91" cleared="0" enqueued="0" dynamicThreshold="32" maxThreshold="32" />
  <references type="weak" candidates="500" cleared="363" enqueued="363" />
  <references type="phantom" candidates="28" cleared="27" enqueued="27" />
  <object-monitors candidates="5" cleared="0"  />
</gc-op>
<gc-end id="182" type="scavenge" contextid="178" durationms="4.062" usertimems="4.825" systemtimems="0.000" stalltimems="1.963" timestamp="2025-12-12T00:30:40.253" activeThreads="3">
  <mem-info id="183" free="4782160" total="10092544" percent="47">
    <mem type="nursery" free="2338560" total="3801088" percent="61">
      <mem type="allocate" free="2338560" total="2752512" percent="84" />
      <mem type="survivor" free="0" total="1048576" percent="0" />
    </mem>
    <mem type="tenure" free="2443600" total="6291456" percent="38">
      <mem type="soa" free="2128208" total="5976064" percent="35" />
      <mem type="loa" free="315392" total="315392" percent="100" />
    </mem>
    <pending-finalizers system="179" default="0" reference="390" classloader="0" />
    <remembered-set count="2430" />
  </mem-info>
</gc-end>
<cycle-end id="184" type="scavenge" contextid="178" timestamp="2025-12-12T00:30:40.253" />
<allocation-satisfied id="185" threadId="000000000058C500" bytesRequested="1032" />
<af-end id="186" timestamp="2025-12-12T00:30:40.255" threadId="000000000058CF78" success="true" from="nursery"/>
<exclusive-end id="187" timestamp="2025-12-12T00:30:40.255" durationms="8.816" />

<exclusive-start id="188" timestamp="2025-12-12T00:30:40.332" intervalms="85.254">
  <response-info timems="0.047" idlems="0.047" threads="0" lastid="0000000000025A00" lastname="main" />
</exclusive-start>
<af-start id="189" threadId="0000000000026478" totalBytesRequested="8200" timestamp="2025-12-12T00:30:40.332" intervalms="85.262" type="nursery" />
<cycle-start id="190" type="scavenge" contextid="0" timestamp="2025-12-12T00:30:40.333" intervalms="85.070" />
<gc-start id="191" type="scavenge" contextid="190" timestamp="2025-12-12T00:30:40.334">
  <mem-info id="192" free="2421208" total="10092544" percent="23">
    <mem type="nursery" free="0" total="3801088" percent="0">
      <mem type="allocate" free="0" total="2752512" percent="0" />
      <mem type="survivor" free="0" total="1048576" percent="0" />
    </mem>
    <mem type="tenure" free="2421208" total="6291456" percent="38">
      <mem type="soa" free="2105816" total="5976064" percent="35" />
      <mem type="loa" free="315392" total="315392" percent="100" />
    </mem>
    <remembered-set count="2737" />
  </mem-info>
</gc-start>
<allocation-stats totalBytes="2340968" discardedBytes="19984" >
  <allocated-bytes non-tlh="353512" tlh="1987456" />
  <largest-consumer threadName="main" threadId="0000000000025A00" bytes="2220808" />
</allocation-stats>
<gc-op id="193" type="scavenge" timems="2.112" contextid="190" timestamp="2025-12-12T00:30:40.337">
  <scavenger-info tenureage="1" tenuremask="7ffe" tiltratio="72" />
  <memory-copied type="nursery" objects="4724" bytes="194472" bytesdiscarded="59344" />
  <memory-copied type="tenure" objects="10550" bytes="320808" bytesdiscarded="128" />
  <finalization candidates="113" enqueued="6" />
  <ownableSynchronizers candidates="11" cleared="0" />
  <references type="soft" candidates="19" cleared="0" enqueued="0" dynamicThreshold="32" maxThreshold="32" />
  <references type="weak" candidates="72" cleared="58" enqueued="58" />
  <references type="phantom" candidates="6" cleared="3" enqueued="3" />
  <object-monitors candidates="5" cleared="0"  />
</gc-op>
<gc-end id="194" type="scavenge" contextid="190" durationms="3.806" usertimems="3.580" systemtimems="1.797" stalltimems="1.472" timestamp="2025-12-12T00:30:40.337" activeThreads="3">
  <mem-info id="195" free="4619464" total="10092544" percent="45">
    <mem type="nursery" free="2563840" total="3801088" percent="67">
      <mem type="allocate" free="2563840" total="2818048" percent="90" />
      <mem type="survivor" free="0" total="983040" percent="0" />
    </mem>
    <mem type="tenure" free="2055624" total="6291456" percent="32">
      <mem type="soa" free="1740232" total="5976064" percent="29" />
      <mem type="loa" free="315392" total="315392" percent="100" />
    </mem>
    <pending-finalizers system="6" default="0" reference="61" classloader="0" />
    <remembered-set count="1463" />
  </mem-info>
</gc-end>
<cycle-end id="196" type="scavenge" contextid="190" timestamp="2025-12-12T00:30:40.338" />
<allocation-satisfied id="197" threadId="0000000000025A00" bytesRequested="8200" />
<af-end id="198" timestamp="2025-12-12T00:30:40.339" threadId="0000000000026478" success="true" from="nursery"/>
<exclusive-end id="199" timestamp="2025-12-12T00:30:40.340" durationms="8.346" />

<exclusive-start id="200" timestamp="2025-12-12T00:30:40.415" intervalms="83.642">
  <response-info timems="0.042" idlems="0.042" threads="0" lastid="0000000000025A00" lastname="main" />
</exclusive-start>
<af-start id="201" threadId="0000000000026478" totalBytesRequested="265032" timestamp="2025-12-12T00:30:40.416" intervalms="83.509" type="nursery" />
<cycle-start id="202" type="scavenge" contextid="0" timestamp="2025-12-12T00:30:40.417" intervalms="83.584" />
<gc-start id="203" type="scavenge" contextid="202" timestamp="2025-12-12T00:30:40.417">
  <mem-info id="204" free="2055152" total="10092544" percent="20">
    <mem type="nursery" free="0" total="3801088" percent="0">
      <mem type="allocate" free="0" total="2818048" percent="0" />
      <mem type="survivor" free="0" total="983040" percent="0" />
    </mem>
    <mem type="tenure" free="2055152" total="6291456" percent="32">
      <mem type="soa" free="1739760" total="5976064" percent="29" />
      <mem type="loa" free="315392" total="315392" percent="100" />
    </mem>
    <remembered-set count="1481" />
  </mem-info>
</gc-start>
<allocation-stats totalBytes="2526056" discardedBytes="38256" >
  <allocated-bytes non-tlh="326536" tlh="2199520" />
  <largest-consumer threadName="main" threadId="0000000000025A00" bytes="2526056" />
</allocation-stats>
<gc-op id="205" type="scavenge" timems="2.234" contextid="202" timestamp="2025-12-12T00:30:40.421">
  <scavenger-info tenureage="2" tenuremask="7ffc" tiltratio="74" />
  <memory-copied type="nursery" objects="5117" bytes="204824" bytesdiscarded="33896" />
  <finalization candidates="4" enqueued="0" />
  <ownableSynchronizers candidates="1" cleared="0" />
  <references type="soft" candidates="19" cleared="0" enqueued="0" dynamicThreshold="32" maxThreshold="32" />
  <references type="weak" candidates="14" cleared="0" enqueued="0" />
  <references type="phantom" candidates="2" cleared="0" enqueued="0" />
  <object-monitors candidates="5" cleared="0"  />
</gc-op>
<gc-end id="206" type="scavenge" contextid="202" durationms="4.150" usertimems="0.000" systemtimems="3.947" stalltimems="3.378" timestamp="2025-12-12T00:30:40.421" activeThreads="3">
  <mem-info id="207" free="4765424" total="10092544" percent="47">
    <mem type="nursery" free="2710272" total="3801088" percent="71">
      <mem type="allocate" free="2710272" total="2949120" percent="91" />
      <mem type="survivor" free="0" total="851968" percent="0" />
    </mem>
    <mem type="tenure" free="2055152" total="6291456" percent="32">
      <mem type="soa" free="1739760" total="5976064" percent="29" />
      <mem type="loa" free="315392" total="315392" percent="100" />
    </mem>
    <remembered-set count="440" />
  </mem-info>
</gc-end>
<cycle-end id="208" type="scavenge" contextid="202" timestamp="2025-12-12T00:30:40.422" />
<allocation-satisfied id="209" threadId="0000000000025A00" bytesRequested="265032" />
<af-end id="210" timestamp="2025-12-12T00:30:40.423" threadId="0000000000026478" success="true" from="nursery"/>
<exclusive-end id="211" timestamp="2025-12-12T00:30:40.424" durationms="8.255" />

<exclusive-start id="212" timestamp="2025-12-12T00:30:40.487" intervalms="71.658">
  <response-info timems="0.072" idlems="0.072" threads="0" lastid="0000000000025A00" lastname="main" />
</exclusive-start>
<af-start id="213" threadId="0000000000026478" totalBytesRequested="7192" timestamp="2025-12-12T00:30:40.488" intervalms="71.978" type="nursery" />
<cycle-start id="214" type="scavenge" contextid="0" timestamp="2025-12-12T00:30:40.489" intervalms="72.115" />
<gc-start id="215" type="scavenge" contextid="214" timestamp="2025-12-12T00:30:40.489">
  <mem-info id="216" free="2054920" total="10092544" percent="20">
    <mem type="nursery" free="0" total="3801088" percent="0">
      <mem type="allocate" free="0" total="2949120" percent="0" />
      <mem type="survivor" free="0" total="851968" percent="0" />
    </mem>
    <mem type="tenure" free="2054920" total="6291456" percent="32">
      <mem type="soa" free="1739528" total="5976064" percent="29" />
      <mem type="loa" free="315392" total="315392" percent="100" />
    </mem>
    <remembered-set count="452" />
  </mem-info>
</gc-start>
<allocation-stats totalBytes="2646752" discardedBytes="63752" >
  <allocated-bytes non-tlh="525424" tlh="2121328" />
  <largest-consumer threadName="main" threadId="0000000000025A00" bytes="2646752" />
</allocation-stats>
<gc-op id="217" type="scavenge" timems="1.498" contextid="214" timestamp="2025-12-12T00:30:40.492">
  <scavenger-info tenureage="3" tenuremask="7ff8" tiltratio="77" />
  <memory-copied type="nursery" objects="5547" bytes="220336" bytesdiscarded="28368" />
  <finalization candidates="4" enqueued="0" />
  <ownableSynchronizers candidates="1" cleared="0" />
  <references type="soft" candidates="19" cleared="0" enqueued="0" dynamicThreshold="32" maxThreshold="32" />
  <references type="weak" candidates="14" cleared="0" enqueued="0" />
  <references type="phantom" candidates="2" cleared="0" enqueued="0" />
  <object-monitors candidates="5" cleared="0"  />
</gc-op>
<gc-end id="218" type="scavenge" contextid="214" durationms="3.379" usertimems="1.875" systemtimems="0.969" stalltimems="1.891" timestamp="2025-12-12T00:30:40.493" activeThreads="3">
  <mem-info id="219" free="4886280" total="10092544" percent="48">
    <mem type="nursery" free="2831360" total="3801088" percent="74">
      <mem type="allocate" free="2831360" total="3080192" percent="91" />
      <mem type="survivor" free="0" total="720896" percent="0" />
    </mem>
    <mem type="tenure" free="2054920" total="6291456" percent="32">
      <mem type="soa" free="1739528" total="5976064" percent="29" />
      <mem type="loa" free="315392" total="315392" percent="100" />
    </mem>
    <remembered-set count="234" />
  </mem-info>
</gc-end>
<cycle-end id="220" type="scavenge" contextid="214" timestamp="2025-12-12T00:30:40.493" />
<allocation-satisfied id="221" threadId="0000000000025A00" bytesRequested="7192" />
<af-end id="222" timestamp="2025-12-12T00:30:40.495" threadId="0000000000026478" success="true" from="nursery"/>
<exclusive-end id="223" timestamp="2025-12-12T00:30:40.496" durationms="8.892" />

<exclusive-start id="224" timestamp="2025-12-12T00:30:40.564" intervalms="77.050">
  <response-info timems="0.046" idlems="0.046" threads="0" lastid="0000000000025A00" lastname="main" />
</exclusive-start>
<af-start id="225" threadId="0000000000026478" totalBytesRequested="132480" timestamp="2025-12-12T00:30:40.565" intervalms="76.759" type="nursery" />
<cycle-start id="226" type="scavenge" contextid="0" timestamp="2025-12-12T00:30:40.565" intervalms="76.444" />
<gc-start id="227" type="scavenge" contextid="226" timestamp="2025-12-12T00:30:40.566">
  <mem-info id="228" free="2063784" total="10092544" percent="20">
    <mem type="nursery" free="9056" total="3801088" percent="0">
      <mem type="allocate" free="9056" total="3080192" percent="0" />
      <mem type="survivor" free="0" total="720896" percent="0" />
    </mem>
    <mem type="tenure" free="2054728" total="6291456" percent="32">
      <mem type="soa" free="1739336" total="5976064" percent="29" />
      <mem type="loa" free="315392" total="315392" percent="100" />
    </mem>
    <remembered-set count="245" />
  </mem-info>
</gc-start>
<allocation-stats totalBytes="2771104" discardedBytes="51392" >
  <allocated-bytes non-tlh="587496" tlh="2183608" />
  <largest-consumer threadName="main" threadId="0000000000025A00" bytes="2771104" />
</allocation-stats>
<gc-op id="229" type="scavenge" timems="1.451" contextid="226" timestamp="2025-12-12T00:30:40.568">
  <scavenger-info tenureage="3" tenuremask="7ff8" tiltratio="81" />
  <memory-copied type="nursery" objects="1449" bytes="50472" bytesdiscarded="47056" />
  <memory-copied type="tenure" objects="4578" bytes="185952" bytesdiscarded="120" />
  <finalization candidates="4" enqueued="0" />
  <ownableSynchronizers candidates="1" cleared="0" />
  <references type="phantom" candidates="2" cleared="0" enqueued="0" />
  <object-monitors candidates="5" cleared="0"  />
</gc-op>
<gc-end id="230" type="scavenge" contextid="226" durationms="3.270" usertimems="1.958" systemtimems="1.017" stalltimems="0.460" timestamp="2025-12-12T00:30:40.569" activeThreads="2">
  <mem-info id="231" free="4906312" total="10092544" percent="48">
    <mem type="nursery" free="3048192" total="3801088" percent="80">
      <mem type="allocate" free="3048192" total="3145728" percent="96" />
      <mem type="survivor" free="0" total="655360" percent="0" />
    </mem>
    <mem type="tenure" free="1858120" total="6291456" percent="29">
      <mem type="soa" free="1542728" total="5976064" percent="25" />
      <mem type="loa" free="315392" total="315392" percent="100" />
    </mem>
    <remembered-set count="153" />
  </mem-info>
</gc-end>
<cycle-end id="232" type="scavenge" contextid="226" timestamp="2025-12-12T00:30:40.570" />
<allocation-satisfied id="233" threadId="0000000000025A00" bytesRequested="132480" />
<af-end id="234" timestamp="2025-12-12T00:30:40.571" threadId="0000000000026478" success="true" from="nursery"/>
<exclusive-end id="235" timestamp="2025-12-12T00:30:40.571" durationms="7.340" />

<exclusive-start id="236" timestamp="2025-12-12T00:30:40.658" intervalms="93.615">
  <response-info timems="0.049" idlems="0.049" threads="0" lastid="0000000000025A00" lastname="main" />
</exclusive-start>
<af-start id="237" threadId="0000000000026478" totalBytesRequested="4424" timestamp="2025-12-12T00:30:40.658" intervalms="93.809" type="nursery" />
<cycle-start id="238" type="scavenge" contextid="0" timestamp="2025-12-12T00:30:40.660" intervalms="95.325" />
<gc-start id="239" type="scavenge" contextid="238" timestamp="2025-12-12T00:30:40.661">
  <mem-info id="240" free="1857784" total="10092544" percent="18">
    <mem type="nursery" free="0" total="3801088" percent="0">
      <mem type="allocate" free="0" total="3145728" percent="0" />
      <mem type="survivor" free="0" total="655360" percent="0" />
    </mem>
    <mem type="tenure" free="1857784" total="6291456" percent="29">
      <mem type="soa" free="1542392" total="5976064" percent="25" />
      <mem type="loa" free="315392" total="315392" percent="100" />
    </mem>
    <remembered-set count="233" />
  </mem-info>
</gc-start>
<allocation-stats totalBytes="3007464" discardedBytes="41064" >
  <allocated-bytes non-tlh="374312" tlh="2633152" />
  <largest-consumer threadName="main" threadId="0000000000025A00" bytes="3007464" />
</allocation-stats>
<gc-op id="241" type="scavenge" timems="0.749" contextid="238" timestamp="2025-12-12T00:30:40.663">
  <scavenger-info tenureage="5" tenuremask="7fe0" tiltratio="82" />
  <memory-copied type="nursery" objects="2036" bytes="72272" bytesdiscarded="27560" />
  <references type="phantom" candidates="2" cleared="0" enqueued="0" />
  <object-monitors candidates="5" cleared="0"  />
</gc-op>
<gc-end id="242" type="scavenge" contextid="238" durationms="2.463" usertimems="0.000" systemtimems="1.390" stalltimems="0.481" timestamp="2025-12-12T00:30:40.664" activeThreads="2">
  <mem-info id="243" free="5034744" total="10092544" percent="49">
    <mem type="nursery" free="3176960" total="3801088" percent="83">
      <mem type="allocate" free="3176960" total="3276800" percent="96" />
      <mem type="survivor" free="0" total="524288" percent="0" />
    </mem>
    <mem type="tenure" free="1857784" total="6291456" percent="29">
      <mem type="soa" free="1542392" total="5976064" percent="25" />
      <mem type="loa" free="315392" total="315392" percent="100" />
    </mem>
    <remembered-set count="159" />
  </mem-info>
</gc-end>
<cycle-end id="244" type="scavenge" contextid="238" timestamp="2025-12-12T00:30:40.664" />
<allocation-satisfied id="245" threadId="0000000000025A00" bytesRequested="4424" />
<af-end id="246" timestamp="2025-12-12T00:30:40.665" threadId="0000000000026478" success="true" from="nursery"/>
<exclusive-end id="247" timestamp="2025-12-12T00:30:40.665" durationms="7.886" />

<exclusive-start id="248" timestamp="2025-12-12T00:30:40.723" intervalms="65.648">
  <response-info timems="0.191" idlems="0.191" threads="0" lastid="0000000000025A00" lastname="main" />
</exclusive-start>
<af-start id="249" threadId="0000000000026478" totalBytesRequested="167280" timestamp="2025-12-12T00:30:40.725" intervalms="66.392" type="nursery" />
<cycle-start id="250" type="scavenge" contextid="0" timestamp="2025-12-12T00:30:40.726" intervalms="65.626" />
<gc-start id="251" type="scavenge" contextid="250" timestamp="2025-12-12T00:30:40.727">
  <mem-info id="252" free="1964160" total="10092544" percent="19">
    <mem type="nursery" free="106432" total="3801088" percent="2">
      <mem type="allocate" free="106432" total="3276800" percent="3" />
      <mem type="survivor" free="0" total="524288" percent="0" />
    </mem>
    <mem type="tenure" free="1857728" total="6291456" percent="29">
      <mem type="soa" free="1542336" total="5976064" percent="25" />
      <mem type="loa" free="315392" total="315392" percent="100" />
    </mem>
    <remembered-set count="199" />
  </mem-info>
</gc-start>
<allocation-stats totalBytes="2902000" discardedBytes="168584" >
  <allocated-bytes non-tlh="903952" tlh="1998048" />
  <largest-consumer threadName="main" threadId="0000000000025A00" bytes="2902000" />
</allocation-stats>
<gc-op id="253" type="scavenge" timems="1.953" contextid="250" timestamp="2025-12-12T00:30:40.731">
  <scavenger-info tenureage="6" tenuremask="7fc0" tiltratio="86" />
  <memory-copied type="nursery" objects="2356" bytes="82936" bytesdiscarded="10752" />
  <references type="phantom" candidates="2" cleared="0" enqueued="0" />
  <object-monitors candidates="5" cleared="0"  />
</gc-op>
<heap-resize id="254" type="expand" space="nursery" amount="262144" count="1" timems="0.070" reason="excessive time being spent scavenging" timestamp="2025-12-12T00:30:40.732" />
<gc-end id="255" type="scavenge" contextid="250" durationms="5.714" usertimems="0.000" systemtimems="3.796" stalltimems="0.778" timestamp="2025-12-12T00:30:40.733" activeThreads="2">
  <mem-info id="256" free="5302976" total="10354688" percent="51">
    <mem type="nursery" free="3445248" total="4063232" percent="84">
      <mem type="allocate" free="3445248" total="3538944" percent="97" />
      <mem type="survivor" free="0" total="524288" percent="0" />
    </mem>
    <mem type="tenure" free="1857728" total="6291456" percent="29">
      <mem type="soa" free="1542336" total="5976064" percent="25" />
      <mem type="loa" free="315392" total="315392" percent="100" />
    </mem>
    <remembered-set count="156" />
  </mem-info>
</gc-end>
<cycle-end id="257" type="scavenge" contextid="250" timestamp="2025-12-12T00:30:40.733" />
<allocation-satisfied id="258" threadId="0000000000025A00" bytesRequested="167280" />
<af-end id="259" timestamp="2025-12-12T00:30:40.735" threadId="0000000000026478" success="true" from="nursery"/>
<exclusive-end id="260" timestamp="2025-12-12T00:30:40.736" durationms="12.755" />

<exclusive-start id="261" timestamp="2025-12-12T00:30:40.885" intervalms="161.278">
  <response-info timems="0.056" idlems="0.056" threads="0" lastid="0000000000025A00" lastname="main" />
</exclusive-start>
<af-start id="262" threadId="0000000000026478" totalBytesRequested="5408" timestamp="2025-12-12T00:30:40.885" intervalms="160.522" type="nursery" />
<cycle-start id="263" type="scavenge" contextid="0" timestamp="2025-12-12T00:30:40.886" intervalms="160.141" />
<gc-start id="264" type="scavenge" contextid="263" timestamp="2025-12-12T00:30:40.887">
  <mem-info id="265" free="1857480" total="10354688" percent="17">
    <mem type="nursery" free="0" total="4063232" percent="0">
      <mem type="allocate" free="0" total="3538944" percent="0" />
      <mem type="survivor" free="0" total="524288" percent="0" />
    </mem>
    <mem type="tenure" free="1857480" total="6291456" percent="29">
      <mem type="soa" free="1542088" total="5976064" percent="25" />
      <mem type="loa" free="315392" total="315392" percent="100" />
    </mem>
    <remembered-set count="233" />
  </mem-info>
</gc-start>
<allocation-stats totalBytes="3428704" discardedBytes="16792" >
  <allocated-bytes non-tlh="598048" tlh="2830656" />
  <largest-consumer threadName="main" threadId="0000000000025A00" bytes="3428704" />
</allocation-stats>
<gc-op id="266" type="scavenge" timems="1.735" contextid="263" timestamp="2025-12-12T00:30:40.893">
  <scavenger-info tenureage="3" tenuremask="7fb8" tiltratio="87" />
  <memory-copied type="nursery" objects="1583" bytes="71976" bytesdiscarded="21712" />
  <memory-copied type="tenure" objects="1400" bytes="46888" bytesdiscarded="32" />
  <references type="weak" candidates="1" cleared="0" enqueued="0" />
  <references type="phantom" candidates="4" cleared="0" enqueued="0" />
  <object-monitors candidates="5" cleared="0"  />
</gc-op>
<gc-end id="267" type="scavenge" contextid="263" durationms="6.386" usertimems="1.996" systemtimems="1.066" stalltimems="1.072" timestamp="2025-12-12T00:30:40.894" activeThreads="2">
  <mem-info id="268" free="5339080" total="10354688" percent="51">
    <mem type="nursery" free="3510784" total="4063232" percent="86">
      <mem type="allocate" free="3510784" total="3604480" percent="97" />
      <mem type="survivor" free="0" total="458752" percent="0" />
    </mem>
    <mem type="tenure" free="1828296" total="6291456" percent="29">
      <mem type="soa" free="1512904" total="5976064" percent="25" />
      <mem type="loa" free="315392" total="315392" percent="100" />
    </mem>
    <remembered-set count="216" />
  </mem-info>
</gc-end>
<cycle-end id="269" type="scavenge" contextid="263" timestamp="2025-12-12T00:30:40.895" />
<allocation-satisfied id="270" threadId="0000000000025A00" bytesRequested="5408" />
<af-end id="271" timestamp="2025-12-12T00:30:40.896" threadId="0000000000026478" success="true" from="nursery"/>
<exclusive-end id="272" timestamp="2025-12-12T00:30:40.897" durationms="12.133" />

<exclusive-start id="273" timestamp="2025-12-12T00:30:40.959" intervalms="73.977">
  <response-info timems="0.086" idlems="0.086" threads="0" lastid="0000000000025A00" lastname="main" />
</exclusive-start>
<af-start id="274" threadId="0000000000026478" totalBytesRequested="362824" timestamp="2025-12-12T00:30:40.959" intervalms="73.886" type="nursery" />
<cycle-start id="275" type="scavenge" contextid="0" timestamp="2025-12-12T00:30:40.960" intervalms="73.812" />
<gc-start id="276" type="scavenge" contextid="275" timestamp="2025-12-12T00:30:40.961">
  <mem-info id="277" free="1828248" total="10354688" percent="17">
    <mem type="nursery" free="0" total="4063232" percent="0">
      <mem type="allocate" free="0" total="3604480" percent="0" />
      <mem type="survivor" free="0" total="458752" percent="0" />
    </mem>
    <mem type="tenure" free="1828248" total="6291456" percent="29">
      <mem type="soa" free="1512856" total="5976064" percent="25" />
      <mem type="loa" free="315392" total="315392" percent="100" />
    </mem>
    <remembered-set count="269" />
  </mem-info>
</gc-start>
<allocation-stats totalBytes="3306288" discardedBytes="204544" >
  <allocated-bytes non-tlh="1169256" tlh="2137032" />
  <largest-consumer threadName="main" threadId="0000000000025A00" bytes="3306288" />
</allocation-stats>
<gc-op id="278" type="scavenge" timems="1.246" contextid="275" timestamp="2025-12-12T00:30:40.964">
  <scavenger-info tenureage="3" tenuremask="ff88" tiltratio="88" />
  <memory-copied type="nursery" objects="1281" bytes="43240" bytesdiscarded="18960" />
  <memory-copied type="tenure" objects="615" bytes="24488" bytesdiscarded="480" />
  <references type="phantom" candidates="2" cleared="0" enqueued="0" />
  <object-monitors candidates="5" cleared="0"  />
</gc-op>
<gc-end id="279" type="scavenge" contextid="275" durationms="3.737" usertimems="0.000" systemtimems="2.025" stalltimems="0.646" timestamp="2025-12-12T00:30:40.965" activeThreads="2">
  <mem-info id="280" free="5326992" total="10354688" percent="51">
    <mem type="nursery" free="3542272" total="4063232" percent="87">
      <mem type="allocate" free="3542272" total="3604480" percent="98" />
      <mem type="survivor" free="0" total="458752" percent="0" />
    </mem>
    <mem type="tenure" free="1784720" total="6291456" percent="28">
      <mem type="soa" free="1469328" total="5976064" percent="24" />
      <mem type="loa" free="315392" total="315392" percent="100" />
    </mem>
    <remembered-set count="228" />
  </mem-info>
</gc-end>
<cycle-end id="281" type="scavenge" contextid="275" timestamp="2025-12-12T00:30:40.965" />
<allocation-satisfied id="282" threadId="0000000000025A00" bytesRequested="362824" />
<af-end id="283" timestamp="2025-12-12T00:30:40.967" threadId="0000000000026478" success="true" from="nursery"/>
<exclusive-end id="284" timestamp="2025-12-12T00:30:40.967" durationms="8.944" />

<exclusive-start id="285" timestamp="2025-12-12T00:30:41.102" intervalms="143.666">
  <response-info timems="0.065" idlems="0.065" threads="0" lastid="0000000000025A00" lastname="main" />
</exclusive-start>
<af-start id="286" threadId="0000000000026478" totalBytesRequested="29624" timestamp="2025-12-12T00:30:41.103" intervalms="144.051" type="nursery" />
<cycle-start id="287" type="scavenge" contextid="0" timestamp="2025-12-12T00:30:41.104" intervalms="144.127" />
<gc-start id="288" type="scavenge" contextid="287" timestamp="2025-12-12T00:30:41.105">
  <mem-info id="289" free="1784616" total="10354688" percent="17">
    <mem type="nursery" free="0" total="4063232" percent="0">
      <mem type="allocate" free="0" total="3604480" percent="0" />
      <mem type="survivor" free="0" total="458752" percent="0" />
    </mem>
    <mem type="tenure" free="1784616" total="6291456" percent="28">
      <mem type="soa" free="1469224" total="5976064" percent="24" />
      <mem type="loa" free="315392" total="315392" percent="100" />
    </mem>
    <remembered-set count="355" />
  </mem-info>
</gc-start>
<allocation-stats totalBytes="3398512" discardedBytes="143864" >
  <allocated-bytes non-tlh="603256" tlh="2795256" />
  <largest-consumer threadName="main" threadId="0000000000025A00" bytes="3398512" />
</allocation-stats>
<gc-op id="290" type="scavenge" timems="1.652" contextid="287" timestamp="2025-12-12T00:30:41.109">
  <scavenger-info tenureage="3" tenuremask="ffe8" tiltratio="88" />
  <memory-copied type="nursery" objects="1647" bytes="63304" bytesdiscarded="7344" />
  <memory-copied type="tenure" objects="317" bytes="10592" bytesdiscarded="0" />
  <references type="phantom" candidates="2" cleared="0" enqueued="0" />
  <object-monitors candidates="5" cleared="0"  />
</gc-op>
<gc-end id="291" type="scavenge" contextid="287" durationms="4.825" usertimems="1.620" systemtimems="0.891" stalltimems="1.006" timestamp="2025-12-12T00:30:41.110" activeThreads="2">
  <mem-info id="292" free="5318440" total="10354688" percent="51">
    <mem type="nursery" free="3533824" total="4063232" percent="86">
      <mem type="allocate" free="3533824" total="3604480" percent="98" />
      <mem type="survivor" free="0" total="458752" percent="0" />
    </mem>
    <mem type="tenure" free="1784616" total="6291456" percent="28">
      <mem type="soa" free="1469224" total="5976064" percent="24" />
      <mem type="loa" free="315392" total="315392" percent="100" />
    </mem>
    <remembered-set count="220" />
  </mem-info>
</gc-end>
<cycle-end id="293" type="scavenge" contextid="287" timestamp="2025-12-12T00:30:41.111" />
<allocation-satisfied id="294" threadId="0000000000025A00" bytesRequested="29624" />
<af-end id="295" timestamp="2025-12-12T00:30:41.112" threadId="0000000000026478" success="true" from="nursery"/>
<exclusive-end id="296" timestamp="2025-12-12T00:30:41.113" durationms="11.014" />

<exclusive-start id="297" timestamp="2025-12-12T00:30:41.242" intervalms="139.518">
  <response-info timems="0.043" idlems="0.043" threads="0" lastid="0000000000025A00" lastname="main" />
</exclusive-start>
<af-start id="298" threadId="0000000000026478" totalBytesRequested="452056" timestamp="2025-12-12T00:30:41.243" intervalms="139.571" type="nursery" />
<cycle-start id="299" type="scavenge" contextid="0" timestamp="2025-12-12T00:30:41.246" intervalms="141.474" />
<gc-start id="300" type="scavenge" contextid="299" timestamp="2025-12-12T00:30:41.249">
  <mem-info id="301" free="2172560" total="10354688" percent="20">
    <mem type="nursery" free="388096" total="4063232" percent="9">
      <mem type="allocate" free="388096" total="3604480" percent="10" />
      <mem type="survivor" free="0" total="458752" percent="0" />
    </mem>
    <mem type="tenure" free="1784464" total="6291456" percent="28">
      <mem type="soa" free="1469072" total="5976064" percent="24" />
      <mem type="loa" free="315392" total="315392" percent="100" />
    </mem>
    <remembered-set count="311" />
  </mem-info>
</gc-start>
<allocation-stats totalBytes="3107464" discardedBytes="38416" >
  <allocated-bytes non-tlh="412736" tlh="2694728" />
  <largest-consumer threadName="main" threadId="0000000000025A00" bytes="3107464" />
</allocation-stats>
<gc-op id="302" type="scavenge" timems="1.027" contextid="299" timestamp="2025-12-12T00:30:41.256">
  <scavenger-info tenureage="3" tenuremask="ffe8" tiltratio="88" />
  <memory-copied type="nursery" objects="1617" bytes="62112" bytesdiscarded="35416" />
  <memory-copied type="tenure" objects="610" bytes="20624" bytesdiscarded="24" />
  <references type="phantom" candidates="2" cleared="0" enqueued="0" />
  <object-monitors candidates="5" cleared="0"  />
</gc-op>
<heap-resize id="303" type="expand" space="nursery" amount="262144" count="1" timems="0.063" reason="excessive time being spent scavenging" timestamp="2025-12-12T00:30:41.259" />
<gc-end id="304" type="scavenge" contextid="299" durationms="13.199" usertimems="1.374" systemtimems="0.747" stalltimems="0.385" timestamp="2025-12-12T00:30:41.262" activeThreads="2">
  <mem-info id="305" free="5458832" total="10616832" percent="51">
    <mem type="nursery" free="3703552" total="4325376" percent="85">
      <mem type="allocate" free="3703552" total="3801088" percent="97" />
      <mem type="survivor" free="0" total="524288" percent="0" />
    </mem>
    <mem type="tenure" free="1755280" total="6291456" percent="27">
      <mem type="soa" free="1439888" total="5976064" percent="24" />
      <mem type="loa" free="315392" total="315392" percent="100" />
    </mem>
    <remembered-set count="226" />
  </mem-info>
</gc-end>
<cycle-end id="306" type="scavenge" contextid="299" timestamp="2025-12-12T00:30:41.266" />
<allocation-satisfied id="307" threadId="0000000000025A00" bytesRequested="452056" />
<af-end id="308" timestamp="2025-12-12T00:30:41.273" threadId="0000000000026478" success="true" from="nursery"/>
<exclusive-end id="309" timestamp="2025-12-12T00:30:41.277" durationms="35.454" />

<exclusive-start id="310" timestamp="2025-12-12T00:30:41.388" intervalms="146.138">
  <response-info timems="0.062" idlems="0.062" threads="0" lastid="0000000000025A00" lastname="main" />
</exclusive-start>
<af-start id="311" threadId="0000000000026478" totalBytesRequested="163416" timestamp="2025-12-12T00:30:41.391" intervalms="148.079" type="nursery" />
<cycle-start id="312" type="scavenge" contextid="0" timestamp="2025-12-12T00:30:41.393" intervalms="147.776" />
<gc-start id="313" type="scavenge" contextid="312" timestamp="2025-12-12T00:30:41.397">
  <mem-info id="314" free="1877544" total="10616832" percent="17">
    <mem type="nursery" free="122264" total="4325376" percent="2">
      <mem type="allocate" free="122264" total="3801088" percent="3" />
      <mem type="survivor" free="0" total="524288" percent="0" />
    </mem>
    <mem type="tenure" free="1755280" total="6291456" percent="27">
      <mem type="soa" free="1439888" total="5976064" percent="24" />
      <mem type="loa" free="315392" total="315392" percent="100" />
    </mem>
    <remembered-set count="301" />
  </mem-info>
</gc-start>
<allocation-stats totalBytes="3538304" discardedBytes="42984" >
  <allocated-bytes non-tlh="1167344" tlh="2370960" />
  <largest-consumer threadName="main" threadId="0000000000025A00" bytes="3538304" />
</allocation-stats>
<gc-op id="315" type="scavenge" timems="0.795" contextid="312" timestamp="2025-12-12T00:30:41.406">
  <scavenger-info tenureage="3" tenuremask="ffe8" tiltratio="87" />
  <memory-copied type="nursery" objects="1798" bytes="68136" bytesdiscarded="14800" />
  <memory-copied type="tenure" objects="329" bytes="11032" bytesdiscarded="648" />
  <references type="phantom" candidates="2" cleared="0" enqueued="0" />
  <object-monitors candidates="5" cleared="0"  />
</gc-op>
<gc-end id="316" type="scavenge" contextid="312" durationms="12.137" usertimems="1.081" systemtimems="0.596" stalltimems="0.255" timestamp="2025-12-12T00:30:41.409" activeThreads="2">
  <mem-info id="317" free="5538960" total="10616832" percent="52">
    <mem type="nursery" free="3783680" total="4325376" percent="87">
      <mem type="allocate" free="3783680" total="3866624" percent="97" />
      <mem type="survivor" free="0" total="458752" percent="0" />
    </mem>
    <mem type="tenure" free="1755280" total="6291456" percent="27">
      <mem type="soa" free="1439888" total="5976064" percent="24" />
      <mem type="loa" free="315392" total="315392" percent="100" />
    </mem>
    <remembered-set count="222" />
  </mem-info>
</gc-end>
<cycle-end id="318" type="scavenge" contextid="312" timestamp="2025-12-12T00:30:41.413" />
<allocation-satisfied id="319" threadId="0000000000025A00" bytesRequested="163416" />
<af-end id="320" timestamp="2025-12-12T00:30:41.422" threadId="0000000000026478" success="true" from="nursery"/>
<exclusive-end id="321" timestamp="2025-12-12T00:30:41.426" durationms="38.011" />

<exclusive-start id="322" timestamp="2025-12-12T00:30:41.555" intervalms="167.576">
  <response-info timems="0.047" idlems="0.047" threads="0" lastid="0000000000025A00" lastname="main" />
</exclusive-start>
<af-start id="323" threadId="0000000000026478" totalBytesRequested="8200" timestamp="2025-12-12T00:30:41.556" intervalms="165.425" type="nursery" />
<cycle-start id="324" type="scavenge" contextid="0" timestamp="2025-12-12T00:30:41.557" intervalms="163.604" />
<gc-start id="325" type="scavenge" contextid="324" timestamp="2025-12-12T00:30:41.558">
  <mem-info id="326" free="1755280" total="10616832" percent="16">
    <mem type="nursery" free="0" total="4325376" percent="0">
      <mem type="allocate" free="0" total="3866624" percent="0" />
      <mem type="survivor" free="0" total="458752" percent="0" />
    </mem>
    <mem type="tenure" free="1755280" total="6291456" percent="27">
      <mem type="soa" free="1439888" total="5976064" percent="24" />
      <mem type="loa" free="315392" total="315392" percent="100" />
    </mem>
    <remembered-set count="330" />
  </mem-info>
</gc-start>
<allocation-stats totalBytes="3713464" discardedBytes="70216" >
  <allocated-bytes non-tlh="625752" tlh="3087712" />
  <largest-consumer threadName="main" threadId="0000000000025A00" bytes="3713464" />
</allocation-stats>
<gc-op id="327" type="scavenge" timems="1.211" contextid="324" timestamp="2025-12-12T00:30:41.560">
  <scavenger-info tenureage="3" tenuremask="ffe8" tiltratio="89" />
  <memory-copied type="nursery" objects="1863" bytes="267632" bytesdiscarded="25504" />
  <memory-copied type="tenure" objects="687" bytes="30752" bytesdiscarded="0" />
  <references type="phantom" candidates="3" cleared="0" enqueued="0" />
  <object-monitors candidates="5" cleared="0"  />
</gc-op>
<gc-end id="328" type="scavenge" contextid="324" durationms="3.227" usertimems="1.328" systemtimems="0.748" stalltimems="0.568" timestamp="2025-12-12T00:30:41.561" activeThreads="2">
  <mem-info id="329" free="5227888" total="10616832" percent="49">
    <mem type="nursery" free="3507936" total="4325376" percent="81">
      <mem type="allocate" free="3507936" total="3801088" percent="92" />
      <mem type="survivor" free="0" total="524288" percent="0" />
    </mem>
    <mem type="tenure" free="1719952" total="6291456" percent="27">
      <mem type="soa" free="1404560" total="5976064" percent="23" />
      <mem type="loa" free="315392" total="315392" percent="100" />
    </mem>
    <remembered-set count="242" />
  </mem-info>
</gc-end>
<cycle-end id="330" type="scavenge" contextid="324" timestamp="2025-12-12T00:30:41.562" />
<allocation-satisfied id="331" threadId="0000000000025A00" bytesRequested="8200" />
<af-end id="332" timestamp="2025-12-12T00:30:41.563" threadId="0000000000026478" success="true" from="nursery"/>
<exclusive-end id="333" timestamp="2025-12-12T00:30:41.563" durationms="7.856" />

<exclusive-start id="334" timestamp="2025-12-12T00:30:41.673" intervalms="117.899">
  <response-info timems="0.084" idlems="0.084" threads="0" lastid="0000000000025A00" lastname="main" />
</exclusive-start>
<af-start id="335" threadId="0000000000026478" totalBytesRequested="1032" timestamp="2025-12-12T00:30:41.674" intervalms="117.631" type="nursery" />
<cycle-start id="336" type="scavenge" contextid="0" timestamp="2025-12-12T00:30:41.675" intervalms="118.002" />
<gc-start id="337" type="scavenge" contextid="336" timestamp="2025-12-12T00:30:41.676">
  <mem-info id="338" free="1719912" total="10616832" percent="16">
    <mem type="nursery" free="0" total="4325376" percent="0">
      <mem type="allocate" free="0" total="3801088" percent="0" />
      <mem type="survivor" free="0" total="524288" percent="0" />
    </mem>
    <mem type="tenure" free="1719912" total="6291456" percent="27">
      <mem type="soa" free="1404520" total="5976064" percent="23" />
      <mem type="loa" free="315392" total="315392" percent="100" />
    </mem>
    <remembered-set count="367" />
  </mem-info>
</gc-start>
<allocation-stats totalBytes="3495032" discardedBytes="12944" >
  <allocated-bytes non-tlh="8240" tlh="3486792" />
  <largest-consumer threadName="main" threadId="0000000000025A00" bytes="3495032" />
</allocation-stats>
<gc-op id="339" type="scavenge" timems="0.816" contextid="336" timestamp="2025-12-12T00:30:41.678">
  <scavenger-info tenureage="3" tenuremask="ffe8" tiltratio="87" />
  <memory-copied type="nursery" objects="2140" bytes="94104" bytesdiscarded="18008" />
  <memory-copied type="tenure" objects="580" bytes="19432" bytesdiscarded="16" />
  <references type="phantom" candidates="3" cleared="0" enqueued="0" />
  <object-monitors candidates="5" cleared="0"  />
</gc-op>
<gc-end id="340" type="scavenge" contextid="336" durationms="2.911" usertimems="0.000" systemtimems="1.645" stalltimems="0.479" timestamp="2025-12-12T00:30:41.679" activeThreads="2">
  <mem-info id="341" free="5381992" total="10616832" percent="50">
    <mem type="nursery" free="3688960" total="4325376" percent="85">
      <mem type="allocate" free="3688960" total="3801088" percent="97" />
      <mem type="survivor" free="0" total="524288" percent="0" />
    </mem>
    <mem type="tenure" free="1693032" total="6291456" percent="26">
      <mem type="soa" free="1377640" total="5976064" percent="23" />
      <mem type="loa" free="315392" total="315392" percent="100" />
    </mem>
    <remembered-set count="256" />
  </mem-info>
</gc-end>
<cycle-end id="342" type="scavenge" contextid="336" timestamp="2025-12-12T00:30:41.679" />
<allocation-satisfied id="343" threadId="0000000000025A00" bytesRequested="1032" />
<af-end id="344" timestamp="2025-12-12T00:30:41.681" threadId="0000000000026478" success="true" from="nursery"/>
<exclusive-end id="345" timestamp="2025-12-12T00:30:41.681" durationms="7.946" />

<exclusive-start id="346" timestamp="2025-12-12T00:30:41.795" intervalms="121.375">
  <response-info timems="0.040" idlems="0.040" threads="0" lastid="0000000000025A00" lastname="main" />
</exclusive-start>
<af-start id="347" threadId="0000000000026478" totalBytesRequested="8200" timestamp="2025-12-12T00:30:41.795" intervalms="121.481" type="nursery" />
<cycle-start id="348" type="scavenge" contextid="0" timestamp="2025-12-12T00:30:41.797" intervalms="121.642" />
<gc-start id="349" type="scavenge" contextid="348" timestamp="2025-12-12T00:30:41.797">
  <mem-info id="350" free="1693032" total="10616832" percent="15">
    <mem type="nursery" free="0" total="4325376" percent="0">
      <mem type="allocate" free="0" total="3801088" percent="0" />
      <mem type="survivor" free="0" total="524288" percent="0" />
    </mem>
    <mem type="tenure" free="1693032" total="6291456" percent="26">
      <mem type="soa" free="1377640" total="5976064" percent="23" />
      <mem type="loa" free="315392" total="315392" percent="100" />
    </mem>
    <remembered-set count="381" />
  </mem-info>
</gc-start>
<allocation-stats totalBytes="3610152" discardedBytes="78808" >
  <allocated-bytes non-tlh="481040" tlh="3129112" />
  <largest-consumer threadName="main" threadId="0000000000025A00" bytes="3610152" />
</allocation-stats>
<gc-op id="351" type="scavenge" timems="1.006" contextid="348" timestamp="2025-12-12T00:30:41.800">
  <scavenger-info tenureage="3" tenuremask="ffe8" tiltratio="87" />
  <memory-copied type="nursery" objects="2303" bytes="80104" bytesdiscarded="17416" />
  <memory-copied type="tenure" objects="510" bytes="17056" bytesdiscarded="0" />
  <references type="phantom" candidates="3" cleared="0" enqueued="0" />
  <object-monitors candidates="5" cleared="0"  />
</gc-op>
<gc-end id="352" type="scavenge" contextid="348" durationms="4.291" usertimems="1.416" systemtimems="0.820" stalltimems="0.454" timestamp="2025-12-12T00:30:41.802" activeThreads="2">
  <mem-info id="353" free="5462120" total="10616832" percent="51">
    <mem type="nursery" free="3769088" total="4325376" percent="87">
      <mem type="allocate" free="3769088" total="3866624" percent="97" />
      <mem type="survivor" free="0" total="458752" percent="0" />
    </mem>
    <mem type="tenure" free="1693032" total="6291456" percent="26">
      <mem type="soa" free="1377640" total="5976064" percent="23" />
      <mem type="loa" free="315392" total="315392" percent="100" />
    </mem>
    <remembered-set count="282" />
  </mem-info>
</gc-end>
<cycle-end id="354" type="scavenge" contextid="348" timestamp="2025-12-12T00:30:41.803" />
<allocation-satisfied id="355" threadId="0000000000025A00" bytesRequested="8200" />
<af-end id="356" timestamp="2025-12-12T00:30:41.804" threadId="0000000000026478" success="true" from="nursery"/>
<exclusive-end id="357" timestamp="2025-12-12T00:30:41.805" durationms="10.048" />

<exclusive-start id="358" timestamp="2025-12-12T00:30:41.907" intervalms="112.259">
  <response-info timems="0.041" idlems="0.041" threads="0" lastid="0000000000025A00" lastname="main" />
</exclusive-start>
<af-start id="359" threadId="0000000000026478" totalBytesRequested="7104" timestamp="2025-12-12T00:30:41.908" intervalms="112.153" type="nursery" />
<cycle-start id="360" type="scavenge" contextid="0" timestamp="2025-12-12T00:30:41.908" intervalms="111.633" />
<gc-start id="361" type="scavenge" contextid="360" timestamp="2025-12-12T00:30:41.909">
  <mem-info id="362" free="1692936" total="10616832" percent="15">
    <mem type="nursery" free="0" total="4325376" percent="0">
      <mem type="allocate" free="0" total="3866624" percent="0" />
      <mem type="survivor" free="0" total="458752" percent="0" />
    </mem>
    <mem type="tenure" free="1692936" total="6291456" percent="26">
      <mem type="soa" free="1377544" total="5976064" percent="23" />
      <mem type="loa" free="315392" total="315392" percent="100" />
    </mem>
    <remembered-set count="454" />
  </mem-info>
</gc-start>
<allocation-stats totalBytes="3667560" discardedBytes="101624" >
  <allocated-bytes non-tlh="801200" tlh="2866360" />
  <largest-consumer threadName="main" threadId="0000000000025A00" bytes="3667560" />
</allocation-stats>
<gc-op id="363" type="scavenge" timems="0.767" contextid="360" timestamp="2025-12-12T00:30:41.911">
  <scavenger-info tenureage="3" tenuremask="ffe8" tiltratio="89" />
  <memory-copied type="nursery" objects="2283" bytes="92368" bytesdiscarded="11304" />
  <memory-copied type="tenure" objects="719" bytes="24184" bytesdiscarded="24" />
  <references type="phantom" candidates="2" cleared="0" enqueued="0" />
  <object-monitors candidates="5" cleared="0"  />
</gc-op>
<gc-end id="364" type="scavenge" contextid="360" durationms="2.788" usertimems="0.806" systemtimems="0.470" stalltimems="0.349" timestamp="2025-12-12T00:30:41.912" activeThreads="2">
  <mem-info id="365" free="5435144" total="10616832" percent="51">
    <mem type="nursery" free="3762944" total="4325376" percent="86">
      <mem type="allocate" free="3762944" total="3866624" percent="97" />
      <mem type="survivor" free="0" total="458752" percent="0" />
    </mem>
    <mem type="tenure" free="1672200" total="6291456" percent="26">
      <mem type="soa" free="1356808" total="5976064" percent="22" />
      <mem type="loa" free="315392" total="315392" percent="100" />
    </mem>
    <remembered-set count="248" />
  </mem-info>
</gc-end>
<cycle-end id="366" type="scavenge" contextid="360" timestamp="2025-12-12T00:30:41.913" />
<allocation-satisfied id="367" threadId="0000000000025A00" bytesRequested="7104" />
<af-end id="368" timestamp="2025-12-12T00:30:41.914" threadId="0000000000026478" success="true" from="nursery"/>
<exclusive-end id="369" timestamp="2025-12-12T00:30:41.915" durationms="7.574" />

<exclusive-start id="370" timestamp="2025-12-12T00:30:42.053" intervalms="146.018">
  <response-info timems="0.045" idlems="0.045" threads="0" lastid="0000000000025A00" lastname="main" />
</exclusive-start>
<af-start id="371" threadId="0000000000026478" totalBytesRequested="123016" timestamp="2025-12-12T00:30:42.054" intervalms="146.043" type="nursery" />
<cycle-start id="372" type="scavenge" contextid="0" timestamp="2025-12-12T00:30:42.055" intervalms="146.240" />
<gc-start id="373" type="scavenge" contextid="372" timestamp="2025-12-12T00:30:42.055">
  <mem-info id="374" free="1672200" total="10616832" percent="15">
    <mem type="nursery" free="0" total="4325376" percent="0">
      <mem type="allocate" free="0" total="3866624" percent="0" />
      <mem type="survivor" free="0" total="458752" percent="0" />
    </mem>
    <mem type="tenure" free="1672200" total="6291456" percent="26">
      <mem type="soa" free="1356808" total="5976064" percent="22" />
      <mem type="loa" free="315392" total="315392" percent="100" />
    </mem>
    <remembered-set count="354" />
  </mem-info>
</gc-start>
<allocation-stats totalBytes="3693800" discardedBytes="69144" >
  <allocated-bytes non-tlh="238824" tlh="3454976" />
  <largest-consumer threadName="main" threadId="0000000000025A00" bytes="3693800" />
</allocation-stats>
<gc-op id="375" type="scavenge" timems="0.831" contextid="372" timestamp="2025-12-12T00:30:42.057">
  <scavenger-info tenureage="3" tenuremask="ffe8" tiltratio="89" />
  <memory-copied type="nursery" objects="2207" bytes="89680" bytesdiscarded="13744" />
  <memory-copied type="tenure" objects="796" bytes="26864" bytesdiscarded="0" />
  <references type="phantom" candidates="2" cleared="0" enqueued="0" />
  <object-monitors candidates="5" cleared="0"  />
</gc-op>
<gc-end id="376" type="scavenge" contextid="372" durationms="2.926" usertimems="1.039" systemtimems="0.607" stalltimems="0.440" timestamp="2025-12-12T00:30:42.058" activeThreads="2">
  <mem-info id="377" free="5435392" total="10616832" percent="51">
    <mem type="nursery" free="3763192" total="4325376" percent="87">
      <mem type="allocate" free="3763192" total="3866624" percent="97" />
      <mem type="survivor" free="0" total="458752" percent="0" />
    </mem>
    <mem type="tenure" free="1672200" total="6291456" percent="26">
      <mem type="soa" free="1356808" total="5976064" percent="22" />
      <mem type="loa" free="315392" total="315392" percent="100" />
    </mem>
    <remembered-set count="246" />
  </mem-info>
</gc-end>
<cycle-end id="378" type="scavenge" contextid="372" timestamp="2025-12-12T00:30:42.059" />
<allocation-satisfied id="379" threadId="0000000000025A00" bytesRequested="123016" />
<af-end id="380" timestamp="2025-12-12T00:30:42.060" threadId="0000000000026478" success="true" from="nursery"/>
<exclusive-end id="381" timestamp="2025-12-12T00:30:42.061" durationms="7.711" />

<exclusive-start id="382" timestamp="2025-12-12T00:30:42.170" intervalms="116.694">
  <response-info timems="0.080" idlems="0.080" threads="0" lastid="0000000000025A00" lastname="main" />
</exclusive-start>
<af-start id="383" threadId="0000000000026478" totalBytesRequested="4104" timestamp="2025-12-12T00:30:42.171" intervalms="116.989" type="nursery" />
<cycle-start id="384" type="scavenge" contextid="0" timestamp="2025-12-12T00:30:42.172" intervalms="117.164" />
<gc-start id="385" type="scavenge" contextid="384" timestamp="2025-12-12T00:30:42.173">
  <mem-info id="386" free="1672200" total="10616832" percent="15">
    <mem type="nursery" free="0" total="4325376" percent="0">
      <mem type="allocate" free="0" total="3866624" percent="0" />
      <mem type="survivor" free="0" total="458752" percent="0" />
    </mem>
    <mem type="tenure" free="1672200" total="6291456" percent="26">
      <mem type="soa" free="1356808" total="5976064" percent="22" />
      <mem type="loa" free="315392" total="315392" percent="100" />
    </mem>
    <remembered-set count="347" />
  </mem-info>
</gc-start>
<allocation-stats totalBytes="3665792" discardedBytes="97400" >
  <allocated-bytes non-tlh="594584" tlh="3071208" />
  <largest-consumer threadName="main" threadId="0000000000025A00" bytes="3665792" />
</allocation-stats>
<gc-op id="387" type="scavenge" timems="0.744" contextid="384" timestamp="2025-12-12T00:30:42.175">
  <scavenger-info tenureage="3" tenuremask="ffe8" tiltratio="89" />
  <memory-copied type="nursery" objects="2231" bytes="121264" bytesdiscarded="17480" />
  <memory-copied type="tenure" objects="727" bytes="24424" bytesdiscarded="0" />
  <references type="phantom" candidates="3" cleared="0" enqueued="0" />
  <object-monitors candidates="5" cleared="0"  />
</gc-op>
<gc-end id="388" type="scavenge" contextid="384" durationms="2.597" usertimems="0.000" systemtimems="1.684" stalltimems="0.260" timestamp="2025-12-12T00:30:42.175" activeThreads="2">
  <mem-info id="389" free="5367040" total="10616832" percent="50">
    <mem type="nursery" free="3727864" total="4325376" percent="86">
      <mem type="allocate" free="3727864" total="3866624" percent="96" />
      <mem type="survivor" free="0" total="458752" percent="0" />
    </mem>
    <mem type="tenure" free="1639176" total="6291456" percent="26">
      <mem type="soa" free="1323784" total="5976064" percent="22" />
      <mem type="loa" free="315392" total="315392" percent="100" />
    </mem>
    <remembered-set count="246" />
  </mem-info>
</gc-end>
<cycle-end id="390" type="scavenge" contextid="384" timestamp="2025-12-12T00:30:42.176" />
<allocation-satisfied id="391" threadId="0000000000025A00" bytesRequested="4104" />
<af-end id="392" timestamp="2025-12-12T00:30:42.177" threadId="0000000000026478" success="true" from="nursery"/>
<exclusive-end id="393" timestamp="2025-12-12T00:30:42.177" durationms="7.841" />

<exclusive-start id="394" timestamp="2025-12-12T00:30:42.294" intervalms="124.820">
  <response-info timems="0.056" idlems="0.056" threads="0" lastid="0000000000025A00" lastname="main" />
</exclusive-start>
<af-start id="395" threadId="0000000000026478" totalBytesRequested="8200" timestamp="2025-12-12T00:30:42.295" intervalms="124.594" type="nursery" />
<cycle-start id="396" type="scavenge" contextid="0" timestamp="2025-12-12T00:30:42.296" intervalms="124.495" />
<gc-start id="397" type="scavenge" contextid="396" timestamp="2025-12-12T00:30:42.297">
  <mem-info id="398" free="1639080" total="10616832" percent="15">
    <mem type="nursery" free="0" total="4325376" percent="0">
      <mem type="allocate" free="0" total="3866624" percent="0" />
      <mem type="survivor" free="0" total="458752" percent="0" />
    </mem>
    <mem type="tenure" free="1639080" total="6291456" percent="26">
      <mem type="soa" free="1323688" total="5976064" percent="22" />
      <mem type="loa" free="315392" total="315392" percent="100" />
    </mem>
    <remembered-set count="360" />
  </mem-info>
</gc-start>
<allocation-stats totalBytes="3688648" discardedBytes="39312" >
  <allocated-bytes non-tlh="156760" tlh="3531888" />
  <largest-consumer threadName="main" threadId="0000000000025A00" bytes="3688648" />
</allocation-stats>
<gc-op id="399" type="scavenge" timems="0.829" contextid="396" timestamp="2025-12-12T00:30:42.299">
  <scavenger-info tenureage="3" tenuremask="ffe8" tiltratio="89" />
  <memory-copied type="nursery" objects="2149" bytes="75952" bytesdiscarded="27712" />
  <memory-copied type="tenure" objects="739" bytes="40184" bytesdiscarded="0" />
  <references type="phantom" candidates="3" cleared="0" enqueued="0" />
  <object-monitors candidates="5" cleared="0"  />
</gc-op>
<gc-end id="400" type="scavenge" contextid="396" durationms="2.660" usertimems="0.000" systemtimems="1.523" stalltimems="0.331" timestamp="2025-12-12T00:30:42.300" activeThreads="2">
  <mem-info id="401" free="5369000" total="10616832" percent="50">
    <mem type="nursery" free="3762944" total="4325376" percent="86">
      <mem type="allocate" free="3762944" total="3866624" percent="97" />
      <mem type="survivor" free="0" total="458752" percent="0" />
    </mem>
    <mem type="tenure" free="1606056" total="6291456" percent="25">
      <mem type="soa" free="1290664" total="5976064" percent="21" />
      <mem type="loa" free="315392" total="315392" percent="100" />
    </mem>
    <remembered-set count="256" />
  </mem-info>
</gc-end>
<cycle-end id="402" type="scavenge" contextid="396" timestamp="2025-12-12T00:30:42.300" />
<allocation-satisfied id="403" threadId="0000000000025A00" bytesRequested="8200" />
<af-end id="404" timestamp="2025-12-12T00:30:42.301" threadId="0000000000026478" success="true" from="nursery"/>
<exclusive-end id="405" timestamp="2025-12-12T00:30:42.302" durationms="7.510" />

<exclusive-start id="406" timestamp="2025-12-12T00:30:42.420" intervalms="125.186">
  <response-info timems="0.049" idlems="0.049" threads="0" lastid="0000000000025A00" lastname="main" />
</exclusive-start>
<af-start id="407" threadId="0000000000026478" totalBytesRequested="8256" timestamp="2025-12-12T00:30:42.420" intervalms="125.026" type="nursery" />
<cycle-start id="408" type="scavenge" contextid="0" timestamp="2025-12-12T00:30:42.421" intervalms="124.771" />
<gc-start id="409" type="scavenge" contextid="408" timestamp="2025-12-12T00:30:42.422">
  <mem-info id="410" free="1606056" total="10616832" percent="15">
    <mem type="nursery" free="0" total="4325376" percent="0">
      <mem type="allocate" free="0" total="3866624" percent="0" />
      <mem type="survivor" free="0" total="458752" percent="0" />
    </mem>
    <mem type="tenure" free="1606056" total="6291456" percent="25">
      <mem type="soa" free="1290664" total="5976064" percent="21" />
      <mem type="loa" free="315392" total="315392" percent="100" />
    </mem>
    <remembered-set count="387" />
  </mem-info>
</gc-start>
<allocation-stats totalBytes="3719808" discardedBytes="43136" >
  <allocated-bytes non-tlh="470568" tlh="3249240" />
  <largest-consumer threadName="main" threadId="0000000000025A00" bytes="3719808" />
</allocation-stats>
<gc-op id="411" type="scavenge" timems="1.047" contextid="408" timestamp="2025-12-12T00:30:42.425">
  <scavenger-info tenureage="3" tenuremask="ffe8" tiltratio="89" />
  <memory-copied type="nursery" objects="2150" bytes="84680" bytesdiscarded="25136" />
  <memory-copied type="tenure" objects="720" bytes="24176" bytesdiscarded="0" />
  <references type="phantom" candidates="3" cleared="0" enqueued="0" />
  <object-monitors candidates="5" cleared="0"  />
</gc-op>
<gc-end id="412" type="scavenge" contextid="408" durationms="3.323" usertimems="1.323" systemtimems="0.788" stalltimems="0.375" timestamp="2025-12-12T00:30:42.425" activeThreads="2">
  <mem-info id="413" free="5329832" total="10616832" percent="50">
    <mem type="nursery" free="3756800" total="4325376" percent="86">
      <mem type="allocate" free="3756800" total="3866624" percent="97" />
      <mem type="survivor" free="0" total="458752" percent="0" />
    </mem>
    <mem type="tenure" free="1573032" total="6291456" percent="25">
      <mem type="soa" free="1257640" total="5976064" percent="21" />
      <mem type="loa" free="315392" total="315392" percent="100" />
    </mem>
    <remembered-set count="286" />
  </mem-info>
</gc-end>
<cycle-end id="414" type="scavenge" contextid="408" timestamp="2025-12-12T00:30:42.426" />
<allocation-satisfied id="415" threadId="0000000000025A00" bytesRequested="8256" />
<af-end id="416" timestamp="2025-12-12T00:30:42.427" threadId="0000000000026478" success="true" from="nursery"/>
<exclusive-end id="417" timestamp="2025-12-12T00:30:42.428" durationms="7.944" />

<exclusive-start id="418" timestamp="2025-12-12T00:30:42.557" intervalms="137.486">
  <response-info timems="0.050" idlems="0.050" threads="0" lastid="0000000000025A00" lastname="main" />
</exclusive-start>
<af-start id="419" threadId="0000000000026478" totalBytesRequested="856" timestamp="2025-12-12T00:30:42.558" intervalms="137.485" type="nursery" />
<cycle-start id="420" type="scavenge" contextid="0" timestamp="2025-12-12T00:30:42.558" intervalms="137.357" />
<gc-start id="421" type="scavenge" contextid="420" timestamp="2025-12-12T00:30:42.559">
  <mem-info id="422" free="1572976" total="10616832" percent="14">
    <mem type="nursery" free="0" total="4325376" percent="0">
      <mem type="allocate" free="0" total="3866624" percent="0" />
      <mem type="survivor" free="0" total="458752" percent="0" />
    </mem>
    <mem type="tenure" free="1572976" total="6291456" percent="25">
      <mem type="soa" free="1257584" total="5976064" percent="21" />
      <mem type="loa" free="315392" total="315392" percent="100" />
    </mem>
    <remembered-set count="425" />
  </mem-info>
</gc-start>
<allocation-stats totalBytes="3741056" discardedBytes="15800" >
  <allocated-bytes non-tlh="273368" tlh="3467688" />
  <largest-consumer threadName="main" threadId="0000000000025A00" bytes="3741056" />
</allocation-stats>
<gc-op id="423" type="scavenge" timems="1.000" contextid="420" timestamp="2025-12-12T00:30:42.562">
  <scavenger-info tenureage="2" tenuremask="ffec" tiltratio="89" />
  <memory-copied type="nursery" objects="1572" bytes="94752" bytesdiscarded="31040" />
  <memory-copied type="tenure" objects="1376" bytes="46016" bytesdiscarded="48" />
  <references type="phantom" candidates="2" cleared="0" enqueued="0" />
  <object-monitors candidates="5" cleared="0"  />
</gc-op>
<gc-end id="424" type="scavenge" contextid="420" durationms="3.065" usertimems="1.416" systemtimems="0.857" stalltimems="0.312" timestamp="2025-12-12T00:30:42.562" activeThreads="2">
  <mem-info id="425" free="5266184" total="10616832" percent="49">
    <mem type="nursery" free="3740824" total="4325376" percent="86">
      <mem type="allocate" free="3740824" total="3866624" percent="96" />
      <mem type="survivor" free="0" total="458752" percent="0" />
    </mem>
    <mem type="tenure" free="1525360" total="6291456" percent="24">
      <mem type="soa" free="1209968" total="5976064" percent="20" />
      <mem type="loa" free="315392" total="315392" percent="100" />
    </mem>
    <remembered-set count="255" />
  </mem-info>
</gc-end>
<cycle-end id="426" type="scavenge" contextid="420" timestamp="2025-12-12T00:30:42.563" />
<allocation-satisfied id="427" threadId="0000000000025A00" bytesRequested="856" />
<af-end id="428" timestamp="2025-12-12T00:30:42.564" threadId="0000000000026478" success="true" from="nursery"/>
<exclusive-end id="429" timestamp="2025-12-12T00:30:42.565" durationms="7.673" />

<exclusive-start id="430" timestamp="2025-12-12T00:30:42.676" intervalms="119.310">
  <response-info timems="0.057" idlems="0.057" threads="0" lastid="0000000000025A00" lastname="main" />
</exclusive-start>
<af-start id="431" threadId="0000000000026478" totalBytesRequested="40" timestamp="2025-12-12T00:30:42.677" intervalms="119.523" type="nursery" />
<cycle-start id="432" type="scavenge" contextid="0" timestamp="2025-12-12T00:30:42.678" intervalms="119.701" />
<gc-start id="433" type="scavenge" contextid="432" timestamp="2025-12-12T00:30:42.679">
  <mem-info id="434" free="1508528" total="10616832" percent="14">
    <mem type="nursery" free="0" total="4325376" percent="0">
      <mem type="allocate" free="0" total="3866624" percent="0" />
      <mem type="survivor" free="0" total="458752" percent="0" />
    </mem>
    <mem type="tenure" free="1508528" total="6291456" percent="23">
      <mem type="soa" free="1193136" total="5976064" percent="19" />
      <mem type="loa" free="315392" total="315392" percent="100" />
    </mem>
    <remembered-set count="1153" />
  </mem-info>
</gc-start>
<allocation-stats totalBytes="3756392" discardedBytes="1264" >
  <allocated-bytes non-tlh="256792" tlh="3499600" />
  <largest-consumer threadName="main" threadId="0000000000025A00" bytes="3752296" />
</allocation-stats>
<gc-op id="435" type="scavenge" timems="2.876" contextid="432" timestamp="2025-12-12T00:30:42.683">
  <scavenger-info tenureage="2" tenuremask="ffec" tiltratio="89" />
  <memory-copied type="nursery" objects="6483" bytes="457608" bytesdiscarded="152" />
  <memory-copied type="tenure" objects="3816" bytes="154616" bytesdiscarded="8" />
  <copy-failed type="nursery" objects="3076" bytes="129856" />
  <finalization candidates="97" enqueued="57" />
  <ownableSynchronizers candidates="83" cleared="46" />
  <references type="soft" candidates="19" cleared="0" enqueued="0" dynamicThreshold="32" maxThreshold="32" />
  <references type="weak" candidates="75" cleared="52" enqueued="52" />
  <references type="phantom" candidates="69" cleared="19" enqueued="19" />
  <object-monitors candidates="6" cleared="0"  />
</gc-op>
<gc-end id="436" type="scavenge" contextid="432" durationms="5.767" usertimems="0.973" systemtimems="4.718" stalltimems="0.810" timestamp="2025-12-12T00:30:42.685" activeThreads="2">
  <mem-info id="437" free="3803824" total="10616832" percent="35">
    <mem type="nursery" free="2490368" total="4325376" percent="57">
      <mem type="allocate" free="2490368" total="2949120" percent="84" />
      <mem type="survivor" free="0" total="1376256" percent="0" />
    </mem>
    <mem type="tenure" free="1313456" total="6291456" percent="20">
      <mem type="soa" free="998064" total="5976064" percent="16" />
      <mem type="loa" free="315392" total="315392" percent="100" />
    </mem>
    <pending-finalizers system="57" default="0" reference="71" classloader="0" />
    <remembered-set count="1004" />
  </mem-info>
</gc-end>
<cycle-end id="438" type="scavenge" contextid="432" timestamp="2025-12-12T00:30:42.685" />
<allocation-satisfied id="439" threadId="0000000000025A00" bytesRequested="40" />
<af-end id="440" timestamp="2025-12-12T00:30:42.687" threadId="0000000000026478" success="true" from="nursery"/>
<exclusive-end id="441" timestamp="2025-12-12T00:30:42.688" durationms="11.801" />

<exclusive-start id="442" timestamp="2025-12-12T00:30:42.745" intervalms="68.252">
  <response-info timems="0.354" idlems="0.210" threads="1" lastid="0000000000029600" lastname="JIT Compilation Thread-000" />
</exclusive-start>
<af-start id="443" threadId="0000000000026478" totalBytesRequested="32" timestamp="2025-12-12T00:30:42.746" intervalms="68.287" type="nursery" />
<cycle-start id="444" type="scavenge" contextid="0" timestamp="2025-12-12T00:30:42.746" intervalms="68.350" />
<gc-start id="445" type="scavenge" contextid="444" timestamp="2025-12-12T00:30:42.747">
  <mem-info id="446" free="1310456" total="10616832" percent="12">
    <mem type="nursery" free="0" total="4325376" percent="0">
      <mem type="allocate" free="0" total="2949120" percent="0" />
      <mem type="survivor" free="0" total="1376256" percent="0" />
    </mem>
    <mem type="tenure" free="1310456" total="6291456" percent="20">
      <mem type="soa" free="995064" total="5976064" percent="16" />
      <mem type="loa" free="315392" total="315392" percent="100" />
    </mem>
    <remembered-set count="1227" />
  </mem-info>
</gc-start>
<allocation-stats totalBytes="2492728" discardedBytes="640" >
  <allocated-bytes non-tlh="3040" tlh="2489688" />
  <largest-consumer threadName="main" threadId="0000000000025A00" bytes="2488632" />
</allocation-stats>
<gc-op id="447" type="scavenge" timems="2.664" contextid="444" timestamp="2025-12-12T00:30:42.752">
  <scavenger-info tenureage="2" tenuremask="fff4" tiltratio="68" />
  <memory-copied type="nursery" objects="12050" bytes="729800" bytesdiscarded="45080" />
  <memory-copied type="tenure" objects="233" bytes="5776" bytesdiscarded="0" />
  <finalization candidates="30" enqueued="0" />
  <ownableSynchronizers candidates="75" cleared="27" />
  <references type="soft" candidates="19" cleared="0" enqueued="0" dynamicThreshold="32" maxThreshold="32" />
  <references type="weak" candidates="38" cleared="15" enqueued="15" />
  <references type="phantom" candidates="74" cleared="0" enqueued="0" />
  <object-monitors candidates="6" cleared="0"  />
</gc-op>
<heap-resize id="448" type="expand" space="nursery" amount="262144" count="1" timems="0.054" reason="excessive time being spent scavenging" timestamp="2025-12-12T00:30:42.753" />
<gc-end id="449" type="scavenge" contextid="444" durationms="5.742" usertimems="5.388" systemtimems="0.000" stalltimems="0.748" timestamp="2025-12-12T00:30:42.753" activeThreads="2">
  <mem-info id="450" free="3809456" total="10878976" percent="35">
    <mem type="nursery" free="2499000" total="4587520" percent="54">
      <mem type="allocate" free="2499000" total="3276800" percent="76" />
      <mem type="survivor" free="0" total="1310720" percent="0" />
    </mem>
    <mem type="tenure" free="1310456" total="6291456" percent="20">
      <mem type="soa" free="995064" total="5976064" percent="16" />
      <mem type="loa" free="315392" total="315392" percent="100" />
    </mem>
    <pending-finalizers system="0" default="0" reference="15" classloader="0" />
    <remembered-set count="1015" />
  </mem-info>
</gc-end>
<cycle-end id="451" type="scavenge" contextid="444" timestamp="2025-12-12T00:30:42.754" />
<allocation-satisfied id="452" threadId="0000000000025A00" bytesRequested="32" />
<af-end id="453" timestamp="2025-12-12T00:30:42.756" threadId="0000000000026478" success="true" from="nursery"/>
<exclusive-end id="454" timestamp="2025-12-12T00:30:42.756" durationms="11.616" />

<exclusive-start id="455" timestamp="2025-12-12T00:30:42.797" intervalms="52.264">
  <response-info timems="0.052" idlems="0.052" threads="0" lastid="0000000000025A00" lastname="main" />
</exclusive-start>
<af-start id="456" threadId="0000000000026478" totalBytesRequested="8208" timestamp="2025-12-12T00:30:42.798" intervalms="52.848" type="nursery" />
<cycle-start id="457" type="scavenge" contextid="0" timestamp="2025-12-12T00:30:42.799" intervalms="52.988" />
<gc-start id="458" type="scavenge" contextid="457" timestamp="2025-12-12T00:30:42.800">
  <mem-info id="459" free="1308824" total="10878976" percent="12">
    <mem type="nursery" free="0" total="4587520" percent="0">
      <mem type="allocate" free="0" total="3276800" percent="0" />
      <mem type="survivor" free="0" total="1310720" percent="0" />
    </mem>
    <mem type="tenure" free="1308824" total="6291456" percent="20">
      <mem type="soa" free="993432" total="5976064" percent="16" />
      <mem type="loa" free="315392" total="315392" percent="100" />
    </mem>
    <remembered-set count="1068" />
  </mem-info>
</gc-start>
<allocation-stats totalBytes="2495136" discardedBytes="5496" >
  <allocated-bytes non-tlh="1664" tlh="2493472" />
  <largest-consumer threadName="main" threadId="0000000000025A00" bytes="2495136" />
</allocation-stats>
<gc-op id="460" type="scavenge" timems="4.692" contextid="457" timestamp="2025-12-12T00:30:42.807">
  <scavenger-info tenureage="2" tenuremask="fff4" tiltratio="71" />
  <memory-copied type="nursery" objects="7592" bytes="346928" bytesdiscarded="105832" />
  <memory-copied type="tenure" objects="5725" bytes="435712" bytesdiscarded="1112" />
  <finalization candidates="54" enqueued="12" />
  <ownableSynchronizers candidates="48" cleared="0" />
  <references type="weak" candidates="5" cleared="2" enqueued="2" />
  <references type="phantom" candidates="25" cleared="1" enqueued="1" />
  <object-monitors candidates="6" cleared="0"  />
</gc-op>
<heap-resize id="461" type="expand" space="nursery" amount="393216" count="1" timems="0.058" reason="excessive time being spent scavenging" timestamp="2025-12-12T00:30:42.809" />
<gc-end id="462" type="scavenge" contextid="457" durationms="9.746" usertimems="7.068" systemtimems="1.611" stalltimems="0.840" timestamp="2025-12-12T00:30:42.810" activeThreads="2">
  <mem-info id="463" free="4189432" total="11272192" percent="37">
    <mem type="nursery" free="3282232" total="4980736" percent="65">
      <mem type="allocate" free="3282232" total="3735552" percent="87" />
      <mem type="survivor" free="0" total="1245184" percent="0" />
    </mem>
    <mem type="tenure" free="907200" total="6291456" percent="14">
      <mem type="soa" free="591808" total="5976064" percent="9" />
      <mem type="loa" free="315392" total="315392" percent="100" />
    </mem>
    <pending-finalizers system="12" default="0" reference="3" classloader="0" />
    <remembered-set count="409" />
  </mem-info>
</gc-end>
<cycle-end id="464" type="scavenge" contextid="457" timestamp="2025-12-12T00:30:42.811" />
<allocation-satisfied id="465" threadId="0000000000025A00" bytesRequested="8208" />
<af-end id="466" timestamp="2025-12-12T00:30:42.812" threadId="0000000000026478" success="true" from="nursery"/>
<exclusive-end id="467" timestamp="2025-12-12T00:30:42.813" durationms="15.889" />

<concurrent-kickoff id="468" timestamp="2025-12-12T00:30:42.894">
  <kickoff reason="threshold reached" targetBytes="1867303" thresholdFreeBytes="258780"  remainingFree="177464" tenureFreeBytes="856064" nurseryFreeBytes="177464" />
</concurrent-kickoff>
<exclusive-start id="469" timestamp="2025-12-12T00:30:42.895" intervalms="97.848">
  <response-info timems="0.210" idlems="0.138" threads="1" lastid="00000000005EFE00" lastname="Equinox start level thread - Equinox Container: 356586b1-a9ff-4" />
</exclusive-start>
<cycle-start id="470" type="global" contextid="0" timestamp="2025-12-12T00:30:42.896" intervalms="4515.872" />
<concurrent-start id="471" type="global mark" contextid="470" timestamp="2025-12-12T00:30:42.897">
</concurrent-start>
<exclusive-end id="472" timestamp="2025-12-12T00:30:42.898" durationms="2.724" />

<concurrent-end id="473" type="global mark" contextid="470" timestamp="2025-12-12T00:30:42.921">
<gc-op id="474" type="trace" timems="24.044" contextid="470" timestamp="2025-12-12T00:30:42.921">
  <trace bytesTraced="2669008" workStackOverflowCount="0" />
  <card-cleaning reason="card cleaning threshold reached" bytesTraced="11032" cardsCleaned="76" />
</gc-op>
</concurrent-end>

<exclusive-start id="475" timestamp="2025-12-12T00:30:42.924" intervalms="29.416">
  <response-info timems="0.272" idlems="0.272" threads="0" lastid="00000000005ECE00" lastname="Equinox start level thread - Equinox Container: 356586b1-a9ff-4" />
</exclusive-start>
<concurrent-global-final id="476" timestamp="2025-12-12T00:30:42.927" contextid="470" intervalms="4546.763" >
  <concurrent-trace-info reason="card cleaning threshold reached" tracedByMutators="117476" tracedByHelpers="2562564" cardsCleaned="76" workStackOverflowCount="0" />
</concurrent-global-final>
<gc-start id="477" type="global" contextid="470" timestamp="2025-12-12T00:30:42.928">
  <mem-info id="478" free="908904" total="11272192" percent="8">
    <mem type="nursery" free="87352" total="4980736" percent="1">
      <mem type="allocate" free="87352" total="3735552" percent="2" />
      <mem type="survivor" free="0" total="1245184" percent="0" />
    </mem>
    <mem type="tenure" free="821552" total="6291456" percent="13">
      <mem type="soa" free="506160" total="5976064" percent="8" />
      <mem type="loa" free="315392" total="315392" percent="100" />
    </mem>
    <remembered-set count="1896" />
  </mem-info>
</gc-start>
<allocation-stats totalBytes="3276920" discardedBytes="3608" >
  <allocated-bytes non-tlh="93856" tlh="3183064" />
  <largest-consumer threadName="main" threadId="0000000000025A00" bytes="1780360" />
</allocation-stats>
<gc-op id="479" type="rs-scan" timems="3.852" contextid="470" timestamp="2025-12-12T00:30:42.935">
  <scan objectsFound="9169" bytesTraced="346700" workStackOverflowCount="0" />
</gc-op>
<gc-op id="480" type="card-cleaning" timems="1.055" contextid="470" timestamp="2025-12-12T00:30:42.937">
  <card-cleaning cardsCleaned="19" bytesTraced="11644" workStackOverflowCount="0" />
</gc-op>
<gc-op id="481" type="mark" timems="7.160" contextid="470" timestamp="2025-12-12T00:30:42.949">
  <trace-info objectcount="2684" scancount="2048" scanbytes="63596" />
  <finalization candidates="846" enqueued="218" />
  <ownableSynchronizers candidates="99" cleared="1" />
  <references type="soft" candidates="3851" cleared="0" enqueued="0" dynamicThreshold="32" maxThreshold="32" />
  <references type="weak" candidates="1058" cleared="284" enqueued="284" />
  <references type="phantom" candidates="136" cleared="17" enqueued="17" />
  <stringconstants candidates="9771" cleared="48"  />
  <object-monitors candidates="14" cleared="7"  />
</gc-op>
<gc-op id="482" type="classunload" timems="0.194" contextid="470" timestamp="2025-12-12T00:30:42.953">
  <classunload-info classloadercandidates="15" classloadersunloaded="0" classesunloaded="0" anonymousclassesunloaded="0" quiescems="0.000" setupms="0.190" scanms="0.001" postms="0.002" />
</gc-op>
<gc-op id="483" type="sweep" timems="0.920" contextid="470" timestamp="2025-12-12T00:30:42.958" />
<heap-resize id="484" type="expand" space="tenure" amount="1048576" count="1" timems="0.077" reason="insufficient free space following gc" timestamp="2025-12-12T00:30:42.960" />
<gc-end id="485" type="global" contextid="470" durationms="33.446" usertimems="23.997" systemtimems="3.838" stalltimems="24.939" timestamp="2025-12-12T00:30:42.962" activeThreads="5">
  <mem-info id="486" free="5239216" total="12320768" percent="42">
    <mem type="nursery" free="2990288" total="4980736" percent="60">
      <mem type="allocate" free="2990288" total="3735552" percent="80" />
      <mem type="survivor" free="0" total="1245184" percent="0" />
    </mem>
    <mem type="tenure" free="2248928" total="7340032" percent="30" micro-fragmented="106526" macro-fragmented="0">
      <mem type="soa" free="1881312" total="6972416" percent="26" />
      <mem type="loa" free="367616" total="367616" percent="100" />
    </mem>
    <pending-finalizers system="218" default="0" reference="301" classloader="0" />
    <remembered-set count="1735" />
  </mem-info>
</gc-end>
<cycle-end id="487" type="global" contextid="470" timestamp="2025-12-12T00:30:42.963" />
<exclusive-end id="488" timestamp="2025-12-12T00:30:42.964" durationms="39.597" />

<exclusive-start id="489" timestamp="2025-12-12T00:30:43.156" intervalms="231.845">
  <response-info timems="0.070" idlems="0.070" threads="0" lastid="00000000005ECE00" lastname="Equinox start level thread - Equinox Container: 356586b1-a9ff-4" />
</exclusive-start>
<af-start id="490" threadId="00000000005ED878" totalBytesRequested="24" timestamp="2025-12-12T00:30:43.157" intervalms="358.585" type="nursery" />
<cycle-start id="491" type="scavenge" contextid="0" timestamp="2025-12-12T00:30:43.158" intervalms="358.219" />
<gc-start id="492" type="scavenge" contextid="491" timestamp="2025-12-12T00:30:43.158">
  <mem-info id="493" free="1986424" total="12320768" percent="16">
    <mem type="nursery" free="0" total="4980736" percent="0">
      <mem type="allocate" free="0" total="3735552" percent="0" />
      <mem type="survivor" free="0" total="1245184" percent="0" />
    </mem>
    <mem type="tenure" free="1986424" total="7340032" percent="27">
      <mem type="soa" free="1618808" total="6972416" percent="23" />
      <mem type="loa" free="367616" total="367616" percent="100" />
    </mem>
    <remembered-set count="4991" />
  </mem-info>
</gc-start>
<allocation-stats totalBytes="3203688" discardedBytes="22616" >
  <allocated-bytes non-tlh="545656" tlh="2658032" />
  <largest-consumer threadName="Equinox start level thread - Equinox Container: 356586b1-a9ff-4751-809e-f03e88ee3e51" threadId="00000000005ECE00" bytes="1613816" />
</allocation-stats>
<gc-op id="494" type="scavenge" timems="3.602" contextid="491" timestamp="2025-12-12T00:30:43.164">
  <scavenger-info tenureage="2" tenuremask="fff4" tiltratio="75" />
  <memory-copied type="nursery" objects="19197" bytes="759360" bytesdiscarded="22120" />
  <memory-copied type="tenure" objects="3935" bytes="223360" bytesdiscarded="768" />
  <finalization candidates="393" enqueued="145" />
  <ownableSynchronizers candidates="283" cleared="172" />
  <references type="soft" candidates="270" cleared="0" enqueued="0" dynamicThreshold="9" maxThreshold="32" />
  <references type="weak" candidates="977" cleared="597" enqueued="593" />
  <references type="phantom" candidates="35" cleared="30" enqueued="30" />
  <object-monitors candidates="10" cleared="0"  />
</gc-op>
<gc-end id="495" type="scavenge" contextid="491" durationms="6.050" usertimems="4.839" systemtimems="2.678" stalltimems="0.549" timestamp="2025-12-12T00:30:43.164" activeThreads="2">
  <mem-info id="496" free="4355232" total="12320768" percent="35">
    <mem type="nursery" free="2754448" total="4980736" percent="55">
      <mem type="allocate" free="2754448" total="3538944" percent="77" />
      <mem type="survivor" free="0" total="1441792" percent="0" />
    </mem>
    <mem type="tenure" free="1600784" total="7340032" percent="21">
      <mem type="soa" free="1233168" total="6972416" percent="17" />
      <mem type="loa" free="367616" total="367616" percent="100" />
    </mem>
    <pending-finalizers system="145" default="0" reference="623" classloader="0" />
    <remembered-set count="4700" />
  </mem-info>
</gc-end>
<cycle-end id="497" type="scavenge" contextid="491" timestamp="2025-12-12T00:30:43.165" />
<allocation-satisfied id="498" threadId="00000000005ECE00" bytesRequested="24" />
<af-end id="499" timestamp="2025-12-12T00:30:43.166" threadId="00000000005ED878" success="true" from="nursery"/>
<exclusive-end id="500" timestamp="2025-12-12T00:30:43.167" durationms="10.596" />

<exclusive-start id="501" timestamp="2025-12-12T00:30:43.226" intervalms="69.758">
  <response-info timems="0.191" idlems="0.191" threads="0" lastid="0000000000795F00" lastname="Config-Thread-2" />
</exclusive-start>
<af-start id="502" threadId="0000000000796978" totalBytesRequested="72" timestamp="2025-12-12T00:30:43.227" intervalms="69.584" type="nursery" />
<cycle-start id="503" type="scavenge" contextid="0" timestamp="2025-12-12T00:30:43.228" intervalms="69.944" />
<gc-start id="504" type="scavenge" contextid="503" timestamp="2025-12-12T00:30:43.228">
  <mem-info id="505" free="1570976" total="12320768" percent="12">
    <mem type="nursery" free="0" total="4980736" percent="0">
      <mem type="allocate" free="0" total="3538944" percent="0" />
      <mem type="survivor" free="0" total="1441792" percent="0" />
    </mem>
    <mem type="tenure" free="1570976" total="7340032" percent="21">
      <mem type="soa" free="1203360" total="6972416" percent="17" />
      <mem type="loa" free="367616" total="367616" percent="100" />
    </mem>
    <remembered-set count="5189" />
  </mem-info>
</gc-start>
<allocation-stats totalBytes="2776480" discardedBytes="7776" >
  <allocated-bytes non-tlh="29832" tlh="2746648" />
  <largest-consumer threadName="Equinox start level thread - Equinox Container: 356586b1-a9ff-4751-809e-f03e88ee3e51" threadId="00000000005EC100" bytes="2286672" />
</allocation-stats>
<gc-op id="506" type="scavenge" timems="2.732" contextid="503" timestamp="2025-12-12T00:30:43.232">
  <scavenger-info tenureage="4" tenuremask="fff0" tiltratio="71" />
  <memory-copied type="nursery" objects="21345" bytes="858664" bytesdiscarded="3448" />
  <finalization candidates="255" enqueued="4" />
  <ownableSynchronizers candidates="129" cleared="10" />
  <references type="soft" candidates="284" cleared="0" enqueued="0" dynamicThreshold="9" maxThreshold="32" />
  <references type="weak" candidates="596" cleared="153" enqueued="153" />
  <references type="phantom" candidates="9" cleared="3" enqueued="3" />
  <object-monitors candidates="11" cleared="0"  />
</gc-op>
<gc-end id="507" type="scavenge" contextid="503" durationms="5.027" usertimems="5.746" systemtimems="0.000" stalltimems="0.431" timestamp="2025-12-12T00:30:43.233" activeThreads="2">
  <mem-info id="508" free="4442496" total="12320768" percent="36">
    <mem type="nursery" free="2871520" total="4980736" percent="57">
      <mem type="allocate" free="2871520" total="3735552" percent="76" />
      <mem type="survivor" free="0" total="1245184" percent="0" />
    </mem>
    <mem type="tenure" free="1570976" total="7340032" percent="21">
      <mem type="soa" free="1203360" total="6972416" percent="17" />
      <mem type="loa" free="367616" total="367616" percent="100" />
    </mem>
    <pending-finalizers system="4" default="0" reference="156" classloader="0" />
    <remembered-set count="5111" />
  </mem-info>
</gc-end>
<cycle-end id="509" type="scavenge" contextid="503" timestamp="2025-12-12T00:30:43.234" />
<allocation-satisfied id="510" threadId="0000000000795F00" bytesRequested="72" />
<af-end id="511" timestamp="2025-12-12T00:30:43.235" threadId="0000000000796978" success="true" from="nursery"/>
<exclusive-end id="512" timestamp="2025-12-12T00:30:43.236" durationms="9.968" />

<exclusive-start id="513" timestamp="2025-12-12T00:30:43.276" intervalms="50.283">
  <response-info timems="0.050" idlems="0.050" threads="0" lastid="00000000005EFE00" lastname="Equinox start level thread - Equinox Container: 356586b1-a9ff-4" />
</exclusive-start>
<af-start id="514" threadId="00000000005F0878" totalBytesRequested="16" timestamp="2025-12-12T00:30:43.277" intervalms="50.203" type="nursery" />
<cycle-start id="515" type="scavenge" contextid="0" timestamp="2025-12-12T00:30:43.277" intervalms="49.842" />
<gc-start id="516" type="scavenge" contextid="515" timestamp="2025-12-12T00:30:43.278">
  <mem-info id="517" free="1541024" total="12320768" percent="12">
    <mem type="nursery" free="0" total="4980736" percent="0">
      <mem type="allocate" free="0" total="3735552" percent="0" />
      <mem type="survivor" free="0" total="1245184" percent="0" />
    </mem>
    <mem type="tenure" free="1541024" total="7340032" percent="20">
      <mem type="soa" free="1173408" total="6972416" percent="16" />
      <mem type="loa" free="367616" total="367616" percent="100" />
    </mem>
    <remembered-set count="5603" />
  </mem-info>
</gc-start>
<allocation-stats totalBytes="2899072" discardedBytes="2400" >
  <allocated-bytes non-tlh="62808" tlh="2836264" />
  <largest-consumer threadName="Equinox start level thread - Equinox Container: 356586b1-a9ff-4751-809e-f03e88ee3e51" threadId="00000000005ECE00" bytes="1189032" />
</allocation-stats>
<gc-op id="518" type="scavenge" timems="3.856" contextid="515" timestamp="2025-12-12T00:30:43.283">
  <scavenger-info tenureage="3" tenuremask="fff8" tiltratio="75" />
  <memory-copied type="nursery" objects="29697" bytes="1182416" bytesdiscarded="28408" />
  <memory-copied type="tenure" objects="131" bytes="3592" bytesdiscarded="0" />
  <finalization candidates="256" enqueued="5" />
  <ownableSynchronizers candidates="598" cleared="228" />
  <references type="soft" candidates="425" cleared="0" enqueued="0" dynamicThreshold="9" maxThreshold="32" />
  <references type="weak" candidates="652" cleared="159" enqueued="159" />
  <references type="phantom" candidates="7" cleared="1" enqueued="1" />
  <object-monitors candidates="13" cleared="1"  />
</gc-op>
<heap-resize id="519" type="expand" space="nursery" amount="393216" count="1" timems="0.051" reason="excessive time being spent scavenging" timestamp="2025-12-12T00:30:43.284" />
<gc-end id="520" type="scavenge" contextid="515" durationms="6.654" usertimems="6.124" systemtimems="1.388" stalltimems="0.703" timestamp="2025-12-12T00:30:43.285" activeThreads="2">
  <mem-info id="521" free="3707248" total="12713984" percent="29">
    <mem type="nursery" free="2193104" total="5373952" percent="40">
      <mem type="allocate" free="2193104" total="3407872" percent="64" />
      <mem type="survivor" free="0" total="1966080" percent="0" />
    </mem>
    <mem type="tenure" free="1514144" total="7340032" percent="20">
      <mem type="soa" free="1146528" total="6972416" percent="16" />
      <mem type="loa" free="367616" total="367616" percent="100" />
    </mem>
    <pending-finalizers system="5" default="0" reference="160" classloader="0" />
    <remembered-set count="2060" />
  </mem-info>
</gc-end>
<cycle-end id="522" type="scavenge" contextid="515" timestamp="2025-12-12T00:30:43.286" />
<allocation-satisfied id="523" threadId="00000000005EFE00" bytesRequested="16" />
<af-end id="524" timestamp="2025-12-12T00:30:43.288" threadId="00000000005F0878" success="true" from="nursery"/>
<exclusive-end id="525" timestamp="2025-12-12T00:30:43.288" durationms="12.244" />

<exclusive-start id="526" timestamp="2025-12-12T00:30:43.387" intervalms="110.630">
  <response-info timems="0.053" idlems="0.053" threads="0" lastid="0000000000831C00" lastname="Default Executor-thread-1" />
</exclusive-start>
<af-start id="527" threadId="0000000000832678" totalBytesRequested="16392" timestamp="2025-12-12T00:30:43.388" intervalms="110.799" type="nursery" />
<cycle-start id="528" type="scavenge" contextid="0" timestamp="2025-12-12T00:30:43.388" intervalms="110.959" />
<gc-start id="529" type="scavenge" contextid="528" timestamp="2025-12-12T00:30:43.389">
  <mem-info id="530" free="1450328" total="12713984" percent="11">
    <mem type="nursery" free="0" total="5373952" percent="0">
      <mem type="allocate" free="0" total="3407872" percent="0" />
      <mem type="survivor" free="0" total="1966080" percent="0" />
    </mem>
    <mem type="tenure" free="1450328" total="7340032" percent="19">
      <mem type="soa" free="1082712" total="6972416" percent="15" />
      <mem type="loa" free="367616" total="367616" percent="100" />
    </mem>
    <remembered-set count="2973" />
  </mem-info>
</gc-start>
<allocation-stats totalBytes="2239248" discardedBytes="17672" >
  <allocated-bytes non-tlh="63832" tlh="2175416" />
  <largest-consumer threadName="Equinox start level thread - Equinox Container: 356586b1-a9ff-4751-809e-f03e88ee3e51" threadId="00000000005EFE00" bytes="958584" />
</allocation-stats>
<gc-op id="531" type="scavenge" timems="4.736" contextid="528" timestamp="2025-12-12T00:30:43.395">
  <scavenger-info tenureage="5" tenuremask="ffe0" tiltratio="63" />
  <memory-copied type="nursery" objects="40561" bytes="1589096" bytesdiscarded="26856" />
  <finalization candidates="247" enqueued="8" />
  <ownableSynchronizers candidates="599" cleared="65" />
  <references type="soft" candidates="684" cleared="0" enqueued="0" dynamicThreshold="9" maxThreshold="32" />
  <references type="weak" candidates="905" cleared="296" enqueued="295" />
  <references type="phantom" candidates="11" cleared="4" enqueued="4" />
  <object-monitors candidates="15" cleared="1"  />
</gc-op>
<gc-end id="532" type="scavenge" contextid="528" durationms="7.002" usertimems="9.331" systemtimems="0.429" stalltimems="0.498" timestamp="2025-12-12T00:30:43.396" activeThreads="2">
  <mem-info id="533" free="2844240" total="12713984" percent="22">
    <mem type="nursery" free="1393912" total="5373952" percent="25">
      <mem type="allocate" free="1393912" total="3014656" percent="46" />
      <mem type="survivor" free="0" total="2359296" percent="0" />
    </mem>
    <mem type="tenure" free="1450328" total="7340032" percent="19">
      <mem type="soa" free="1082712" total="6972416" percent="15" />
      <mem type="loa" free="367616" total="367616" percent="100" />
    </mem>
    <pending-finalizers system="8" default="0" reference="299" classloader="0" />
    <remembered-set count="2591" />
  </mem-info>
</gc-end>
<cycle-end id="534" type="scavenge" contextid="528" timestamp="2025-12-12T00:30:43.397" />
<allocation-satisfied id="535" threadId="0000000000831C00" bytesRequested="16392" />
<af-end id="536" timestamp="2025-12-12T00:30:43.398" threadId="0000000000832678" success="true" from="nursery"/>
<exclusive-end id="537" timestamp="2025-12-12T00:30:43.399" durationms="11.951" />

<exclusive-start id="538" timestamp="2025-12-12T00:30:43.421" intervalms="34.182">
  <response-info timems="0.046" idlems="0.046" threads="0" lastid="0000000000831C00" lastname="Default Executor-thread-1" />
</exclusive-start>
<af-start id="539" threadId="0000000000832678" totalBytesRequested="16392" timestamp="2025-12-12T00:30:43.422" intervalms="34.044" type="nursery" />
<cycle-start id="540" type="scavenge" contextid="0" timestamp="2025-12-12T00:30:43.423" intervalms="34.945" />
<gc-start id="541" type="scavenge" contextid="540" timestamp="2025-12-12T00:30:43.425">
  <mem-info id="542" free="1450064" total="12713984" percent="11">
    <mem type="nursery" free="0" total="5373952" percent="0">
      <mem type="allocate" free="0" total="3014656" percent="0" />
      <mem type="survivor" free="0" total="2359296" percent="0" />
    </mem>
    <mem type="tenure" free="1450064" total="7340032" percent="19">
      <mem type="soa" free="1082448" total="6972416" percent="15" />
      <mem type="loa" free="367616" total="367616" percent="100" />
    </mem>
    <remembered-set count="2602" />
  </mem-info>
</gc-start>
<allocation-stats totalBytes="1365952" discardedBytes="28224" >
  <allocated-bytes non-tlh="16656" tlh="1349296" />
  <largest-consumer threadName="Default Executor-thread-1" threadId="0000000000831C00" bytes="1361856" />
</allocation-stats>
<gc-op id="543" type="scavenge" timems="4.730" contextid="540" timestamp="2025-12-12T00:30:43.430">
  <scavenger-info tenureage="3" tenuremask="fff8" tiltratio="56" />
  <memory-copied type="nursery" objects="23458" bytes="896216" bytesdiscarded="39904" />
  <memory-copied type="tenure" objects="19972" bytes="806408" bytesdiscarded="200" />
  <finalization candidates="239" enqueued="0" />
  <ownableSynchronizers candidates="534" cleared="0" />
  <references type="soft" candidates="400" cleared="0" enqueued="0" dynamicThreshold="9" maxThreshold="32" />
  <references type="weak" candidates="172" cleared="1" enqueued="1" />
  <references type="phantom" candidates="2" cleared="0" enqueued="0" />
  <object-monitors candidates="14" cleared="0"  />
</gc-op>
<heap-resize id="544" type="expand" space="nursery" amount="655360" count="1" timems="0.042" reason="excessive time being spent scavenging" timestamp="2025-12-12T00:30:43.431" />
<gc-end id="545" type="scavenge" contextid="540" durationms="7.198" usertimems="12.693" systemtimems="0.153" stalltimems="2.019" timestamp="2025-12-12T00:30:43.432" activeThreads="3">
  <mem-info id="546" free="2997144" total="13369344" percent="22">
    <mem type="nursery" free="2469208" total="6029312" percent="40">
      <mem type="allocate" free="2469208" total="3407872" percent="72" />
      <mem type="survivor" free="0" total="2621440" percent="0" />
    </mem>
    <mem type="tenure" free="527936" total="7340032" percent="7">
      <mem type="soa" free="160320" total="6972416" percent="2" />
      <mem type="loa" free="367616" total="367616" percent="100" />
    </mem>
    <pending-finalizers system="0" default="0" reference="1" classloader="0" />
    <remembered-set count="1353" />
  </mem-info>
</gc-end>
<cycle-end id="547" type="scavenge" contextid="540" timestamp="2025-12-12T00:30:43.432" />
<allocation-satisfied id="548" threadId="0000000000831C00" bytesRequested="16392" />
<af-end id="549" timestamp="2025-12-12T00:30:43.434" threadId="0000000000832678" success="true" from="nursery"/>
<exclusive-end id="550" timestamp="2025-12-12T00:30:43.434" durationms="13.372" />

<concurrent-kickoff id="551" timestamp="2025-12-12T00:30:43.465">
  <kickoff reason="threshold reached" targetBytes="2348332" thresholdFreeBytes="325567"  remainingFree="265560" tenureFreeBytes="527888" nurseryFreeBytes="265560" />
</concurrent-kickoff>
<exclusive-start id="552" timestamp="2025-12-12T00:30:43.466" intervalms="45.328">
  <response-info timems="0.038" idlems="0.038" threads="0" lastid="0000000000831C00" lastname="Default Executor-thread-1" />
</exclusive-start>
<cycle-start id="553" type="global" contextid="0" timestamp="2025-12-12T00:30:43.467" intervalms="570.826" />
<concurrent-start id="554" type="global mark" contextid="553" timestamp="2025-12-12T00:30:43.468">
</concurrent-start>
<exclusive-end id="555" timestamp="2025-12-12T00:30:43.469" durationms="2.451" />

<exclusive-start id="556" timestamp="2025-12-12T00:30:43.479" intervalms="12.752">
  <response-info timems="0.076" idlems="0.076" threads="0" lastid="0000000000831C00" lastname="Default Executor-thread-1" />
</exclusive-start>
<af-start id="557" threadId="0000000000832678" totalBytesRequested="8200" timestamp="2025-12-12T00:30:43.480" intervalms="58.288" type="nursery" />
<cycle-start id="558" type="scavenge" contextid="0" timestamp="2025-12-12T00:30:43.481" intervalms="57.535" />
<gc-start id="559" type="scavenge" contextid="558" timestamp="2025-12-12T00:30:43.482">
  <mem-info id="560" free="527888" total="13369344" percent="3">
    <mem type="nursery" free="0" total="6029312" percent="0">
      <mem type="allocate" free="0" total="3407872" percent="0" />
      <mem type="survivor" free="0" total="2621440" percent="0" />
    </mem>
    <mem type="tenure" free="527888" total="7340032" percent="7">
      <mem type="soa" free="160272" total="6972416" percent="2" />
      <mem type="loa" free="367616" total="367616" percent="100" />
    </mem>
    <remembered-set count="1354" />
  </mem-info>
</gc-start>
<allocation-stats totalBytes="2452280" discardedBytes="16976" >
  <allocated-bytes non-tlh="16440" tlh="2435840" />
  <largest-consumer threadName="Default Executor-thread-1" threadId="0000000000831C00" bytes="2452280" />
</allocation-stats>
<gc-op id="561" type="scavenge" timems="3.369" contextid="558" timestamp="2025-12-12T00:30:43.487">
  <scavenger-info tenureage="3" tenuremask="ffc8" tiltratio="56" />
  <memory-copied type="nursery" objects="21084" bytes="769800" bytesdiscarded="48328" />
  <memory-copied type="tenure" objects="8818" bytes="345648" bytesdiscarded="136" />
  <ownableSynchronizers candidates="416" cleared="0" />
  <references type="soft" candidates="259" cleared="0" enqueued="0" dynamicThreshold="9" maxThreshold="32" />
  <references type="weak" candidates="117" cleared="0" enqueued="0" />
  <references type="phantom" candidates="1" cleared="0" enqueued="0" />
  <object-monitors candidates="14" cleared="0"  />
  <heap-resize type="expand" space="tenure" amount="327680" count="5" timems="0.198" reason="continue current collection" />
</gc-op>
<heap-resize id="562" type="expand" space="nursery" amount="393216" count="1" timems="0.144" reason="excessive time being spent scavenging" timestamp="2025-12-12T00:30:43.489" />
<gc-end id="563" type="scavenge" contextid="558" durationms="7.543" usertimems="10.322" systemtimems="0.000" stalltimems="3.567" timestamp="2025-12-12T00:30:43.489" activeThreads="4">
  <mem-info id="564" free="3848152" total="14090240" percent="27">
    <mem type="nursery" free="3440856" total="6422528" percent="53">
      <mem type="allocate" free="3440856" total="4259840" percent="80" />
      <mem type="survivor" free="0" total="2162688" percent="0" />
    </mem>
    <mem type="tenure" free="407296" total="7667712" percent="5">
      <mem type="soa" free="23296" total="7283712" percent="0" />
      <mem type="loa" free="384000" total="384000" percent="100" />
    </mem>
    <remembered-set count="674" />
  </mem-info>
</gc-end>
<cycle-end id="565" type="scavenge" contextid="558" timestamp="2025-12-12T00:30:43.490" />
<allocation-satisfied id="566" threadId="0000000000831C00" bytesRequested="8200" />
<af-end id="567" timestamp="2025-12-12T00:30:43.491" threadId="0000000000832678" success="true" from="nursery"/>
<exclusive-end id="568" timestamp="2025-12-12T00:30:43.492" durationms="12.830" />

<concurrent-end id="569" type="global mark" contextid="553" timestamp="2025-12-12T00:30:43.566">
<gc-op id="570" type="trace" timems="97.835" contextid="553" timestamp="2025-12-12T00:30:43.566">
  <trace bytesTraced="3777596" workStackOverflowCount="0" />
  <card-cleaning reason="card cleaning threshold reached" bytesTraced="19904" cardsCleaned="52" />
</gc-op>
</concurrent-end>

<exclusive-start id="571" timestamp="2025-12-12T00:30:43.567" intervalms="88.108">
  <response-info timems="0.054" idlems="0.054" threads="0" lastid="0000000000831C00" lastname="Default Executor-thread-1" />
</exclusive-start>
<concurrent-global-final id="572" timestamp="2025-12-12T00:30:43.568" contextid="553" intervalms="640.425" >
  <concurrent-trace-info reason="card cleaning threshold reached" tracedByMutators="187232" tracedByHelpers="3610268" cardsCleaned="52" workStackOverflowCount="0" />
</concurrent-global-final>
<gc-start id="573" type="global" contextid="553" timestamp="2025-12-12T00:30:43.569">
  <mem-info id="574" free="407296" total="14090240" percent="2">
    <mem type="nursery" free="0" total="6422528" percent="0">
      <mem type="allocate" free="0" total="4259840" percent="0" />
      <mem type="survivor" free="0" total="2162688" percent="0" />
    </mem>
    <mem type="tenure" free="407296" total="7667712" percent="5">
      <mem type="soa" free="23296" total="7283712" percent="0" />
      <mem type="loa" free="384000" total="384000" percent="100" />
    </mem>
    <remembered-set count="674" />
  </mem-info>
</gc-start>
<allocation-stats totalBytes="3423768" discardedBytes="17088" >
  <allocated-bytes non-tlh="8200" tlh="3415568" />
  <largest-consumer threadName="Default Executor-thread-1" threadId="0000000000831C00" bytes="3423768" />
</allocation-stats>
<gc-op id="575" type="rs-scan" timems="2.273" contextid="553" timestamp="2025-12-12T00:30:43.572">
  <scan objectsFound="22615" bytesTraced="722908" workStackOverflowCount="0" />
</gc-op>
<gc-op id="576" type="card-cleaning" timems="1.492" contextid="553" timestamp="2025-12-12T00:30:43.575">
  <card-cleaning cardsCleaned="2" bytesTraced="768" workStackOverflowCount="0" />
</gc-op>
<gc-op id="577" type="mark" timems="7.871" contextid="553" timestamp="2025-12-12T00:30:43.584">
  <trace-info objectcount="3830" scancount="2128" scanbytes="57768" />
  <finalization candidates="733" enqueued="0" />
  <ownableSynchronizers candidates="620" cleared="0" />
  <references type="soft" candidates="4480" cleared="0" enqueued="0" dynamicThreshold="9" maxThreshold="32" />
  <references type="weak" candidates="1241" cleared="0" enqueued="0" />
  <references type="phantom" candidates="124" cleared="0" enqueued="0" />
  <stringconstants candidates="12410" cleared="19"  />
  <object-monitors candidates="14" cleared="0"  />
</gc-op>
<gc-op id="578" type="classunload" timems="0.016" contextid="553" timestamp="2025-12-12T00:30:43.585">
  <classunload-info classloadercandidates="31" classloadersunloaded="0" classesunloaded="0" anonymousclassesunloaded="0" quiescems="0.000" setupms="0.015" scanms="0.000" postms="0.000" />
</gc-op>
<gc-op id="579" type="sweep" timems="1.274" contextid="553" timestamp="2025-12-12T00:30:43.587" />
<heap-resize id="580" type="expand" space="tenure" amount="2162688" count="1" timems="0.088" reason="insufficient free space following gc" timestamp="2025-12-12T00:30:43.587" />
<gc-end id="581" type="global" contextid="553" durationms="19.465" usertimems="15.382" systemtimems="10.852" stalltimems="38.363" timestamp="2025-12-12T00:30:43.588" activeThreads="6">
  <mem-info id="582" free="5546976" total="16252928" percent="34">
    <mem type="nursery" free="2560320" total="6422528" percent="39">
      <mem type="allocate" free="2560320" total="4259840" percent="60" />
      <mem type="survivor" free="0" total="2162688" percent="0" />
    </mem>
    <mem type="tenure" free="2986656" total="9830400" percent="30" micro-fragmented="145444" macro-fragmented="0">
      <mem type="soa" free="2495136" total="9338880" percent="26" />
      <mem type="loa" free="491520" total="491520" percent="100" />
    </mem>
    <remembered-set count="671" />
  </mem-info>
</gc-end>
<cycle-end id="583" type="global" contextid="553" timestamp="2025-12-12T00:30:43.589" />
<exclusive-end id="584" timestamp="2025-12-12T00:30:43.589" durationms="22.253" />

<exclusive-start id="585" timestamp="2025-12-12T00:30:43.640" intervalms="73.054">
  <response-info timems="0.140" idlems="0.140" threads="0" lastid="0000000000831C00" lastname="Default Executor-thread-1" />
</exclusive-start>
<af-start id="586" threadId="0000000000832678" totalBytesRequested="16392" timestamp="2025-12-12T00:30:43.641" intervalms="161.569" type="nursery" />
<cycle-start id="587" type="scavenge" contextid="0" timestamp="2025-12-12T00:30:43.642" intervalms="161.502" />
<gc-start id="588" type="scavenge" contextid="587" timestamp="2025-12-12T00:30:43.643">
  <mem-info id="589" free="2986656" total="16252928" percent="18">
    <mem type="nursery" free="0" total="6422528" percent="0">
      <mem type="allocate" free="0" total="4259840" percent="0" />
      <mem type="survivor" free="0" total="2162688" percent="0" />
    </mem>
    <mem type="tenure" free="2986656" total="9830400" percent="30">
      <mem type="soa" free="2495136" total="9338880" percent="26" />
      <mem type="loa" free="491520" total="491520" percent="100" />
    </mem>
    <remembered-set count="671" />
  </mem-info>
</gc-start>
<allocation-stats totalBytes="2539232" discardedBytes="11144" >
  <allocated-bytes non-tlh="959032" tlh="1580200" />
  <largest-consumer threadName="Default Executor-thread-1" threadId="0000000000831C00" bytes="2539232" />
</allocation-stats>
<gc-op id="590" type="scavenge" timems="3.437" contextid="587" timestamp="2025-12-12T00:30:43.648">
  <scavenger-info tenureage="3" tenuremask="7008" tiltratio="66" />
  <memory-copied type="nursery" objects="25436" bytes="896592" bytesdiscarded="70296" />
  <memory-copied type="tenure" objects="11262" bytes="414120" bytesdiscarded="360" />
  <ownableSynchronizers candidates="1073" cleared="906" />
  <references type="phantom" candidates="1" cleared="0" enqueued="0" />
  <object-monitors candidates="14" cleared="0"  />
</gc-op>
<gc-end id="591" type="scavenge" contextid="587" durationms="5.591" usertimems="9.701" systemtimems="0.000" stalltimems="3.734" timestamp="2025-12-12T00:30:43.649" activeThreads="4">
  <mem-info id="592" free="6092080" total="16252928" percent="37">
    <mem type="nursery" free="3555088" total="6422528" percent="55">
      <mem type="allocate" free="3555088" total="4521984" percent="78" />
      <mem type="survivor" free="0" total="1900544" percent="0" />
    </mem>
    <mem type="tenure" free="2536992" total="9830400" percent="25">
      <mem type="soa" free="2045472" total="9338880" percent="21" />
      <mem type="loa" free="491520" total="491520" percent="100" />
    </mem>
    <remembered-set count="228" />
  </mem-info>
</gc-end>
<cycle-end id="593" type="scavenge" contextid="587" timestamp="2025-12-12T00:30:43.650" />
<allocation-satisfied id="594" threadId="0000000000831C00" bytesRequested="16392" />
<af-end id="595" timestamp="2025-12-12T00:30:43.651" threadId="0000000000832678" success="true" from="nursery"/>
<exclusive-end id="596" timestamp="2025-12-12T00:30:43.651" durationms="11.121" />

<exclusive-start id="597" timestamp="2025-12-12T00:30:43.715" intervalms="74.324">
  <response-info timems="0.184" idlems="0.184" threads="0" lastid="0000000000831C00" lastname="Default Executor-thread-1" />
</exclusive-start>
<af-start id="598" threadId="0000000000832678" totalBytesRequested="16392" timestamp="2025-12-12T00:30:43.716" intervalms="74.223" type="nursery" />
<cycle-start id="599" type="scavenge" contextid="0" timestamp="2025-12-12T00:30:43.717" intervalms="74.333" />
<gc-start id="600" type="scavenge" contextid="599" timestamp="2025-12-12T00:30:43.717">
  <mem-info id="601" free="2536992" total="16252928" percent="15">
    <mem type="nursery" free="0" total="6422528" percent="0">
      <mem type="allocate" free="0" total="4521984" percent="0" />
      <mem type="survivor" free="0" total="1900544" percent="0" />
    </mem>
    <mem type="tenure" free="2536992" total="9830400" percent="25">
      <mem type="soa" free="2045472" total="9338880" percent="21" />
      <mem type="loa" free="491520" total="491520" percent="100" />
    </mem>
    <remembered-set count="232" />
  </mem-info>
</gc-start>
<allocation-stats totalBytes="3554056" discardedBytes="1032" >
  <allocated-bytes non-tlh="16392" tlh="3537664" />
  <largest-consumer threadName="Default Executor-thread-1" threadId="0000000000831C00" bytes="3554056" />
</allocation-stats>
<gc-op id="602" type="scavenge" timems="2.581" contextid="599" timestamp="2025-12-12T00:30:43.722">
  <scavenger-info tenureage="3" tenuremask="7008" tiltratio="70" />
  <memory-copied type="nursery" objects="31293" bytes="1087896" bytesdiscarded="90560" />
  <memory-copied type="tenure" objects="3362" bytes="126960" bytesdiscarded="144" />
  <references type="phantom" candidates="1" cleared="0" enqueued="0" />
  <object-monitors candidates="14" cleared="0"  />
</gc-op>
<gc-end id="603" type="scavenge" contextid="599" durationms="5.174" usertimems="5.603" systemtimems="0.556" stalltimems="4.123" timestamp="2025-12-12T00:30:43.723" activeThreads="4">
  <mem-info id="604" free="5805624" total="16252928" percent="35">
    <mem type="nursery" free="3409056" total="6422528" percent="53">
      <mem type="allocate" free="3409056" total="4587520" percent="74" />
      <mem type="survivor" free="0" total="1835008" percent="0" />
    </mem>
    <mem type="tenure" free="2396568" total="9830400" percent="24">
      <mem type="soa" free="1905048" total="9338880" percent="20" />
      <mem type="loa" free="491520" total="491520" percent="100" />
    </mem>
    <remembered-set count="268" />
  </mem-info>
</gc-end>
<cycle-end id="605" type="scavenge" contextid="599" timestamp="2025-12-12T00:30:43.723" />
<allocation-satisfied id="606" threadId="0000000000831C00" bytesRequested="16392" />
<af-end id="607" timestamp="2025-12-12T00:30:43.725" threadId="0000000000832678" success="true" from="nursery"/>
<exclusive-end id="608" timestamp="2025-12-12T00:30:43.725" durationms="10.781" />

<exclusive-start id="609" timestamp="2025-12-12T00:30:43.784" intervalms="69.887">
  <response-info timems="0.052" idlems="0.052" threads="0" lastid="0000000000831C00" lastname="Default Executor-thread-1" />
</exclusive-start>
<af-start id="610" threadId="0000000000832678" totalBytesRequested="16392" timestamp="2025-12-12T00:30:43.785" intervalms="69.390" type="nursery" />
<cycle-start id="611" type="scavenge" contextid="0" timestamp="2025-12-12T00:30:43.786" intervalms="69.116" />
<gc-start id="612" type="scavenge" contextid="611" timestamp="2025-12-12T00:30:43.786">
  <mem-info id="613" free="2396568" total="16252928" percent="14">
    <mem type="nursery" free="0" total="6422528" percent="0">
      <mem type="allocate" free="0" total="4587520" percent="0" />
      <mem type="survivor" free="0" total="1835008" percent="0" />
    </mem>
    <mem type="tenure" free="2396568" total="9830400" percent="24">
      <mem type="soa" free="1905048" total="9338880" percent="20" />
      <mem type="loa" free="491520" total="491520" percent="100" />
    </mem>
    <remembered-set count="276" />
  </mem-info>
</gc-start>
<allocation-stats totalBytes="3380952" discardedBytes="28104" >
  <allocated-bytes non-tlh="16392" tlh="3364560" />
  <largest-consumer threadName="Default Executor-thread-1" threadId="0000000000831C00" bytes="3380952" />
</allocation-stats>
<gc-op id="614" type="scavenge" timems="3.870" contextid="611" timestamp="2025-12-12T00:30:43.792">
  <scavenger-info tenureage="3" tenuremask="7008" tiltratio="71" />
  <memory-copied type="nursery" objects="33764" bytes="1169248" bytesdiscarded="43016" />
  <memory-copied type="tenure" objects="6445" bytes="225592" bytesdiscarded="384" />
  <references type="phantom" candidates="1" cleared="0" enqueued="0" />
  <object-monitors candidates="14" cleared="0"  />
</gc-op>
<heap-resize id="615" type="expand" space="nursery" amount="393216" count="1" timems="0.075" reason="excessive time being spent scavenging" timestamp="2025-12-12T00:30:43.793" />
<gc-end id="616" type="scavenge" contextid="611" durationms="7.332" usertimems="4.751" systemtimems="4.349" stalltimems="3.048" timestamp="2025-12-12T00:30:43.794" activeThreads="3">
  <mem-info id="617" free="5904936" total="16646144" percent="35">
    <mem type="nursery" free="3834000" total="6815744" percent="56">
      <mem type="allocate" free="3834000" total="5046272" percent="75" />
      <mem type="survivor" free="0" total="1769472" percent="0" />
    </mem>
    <mem type="tenure" free="2070936" total="9830400" percent="21">
      <mem type="soa" free="1579416" total="9338880" percent="16" />
      <mem type="loa" free="491520" total="491520" percent="100" />
    </mem>
    <remembered-set count="268" />
  </mem-info>
</gc-end>
<cycle-end id="618" type="scavenge" contextid="611" timestamp="2025-12-12T00:30:43.795" />
<allocation-satisfied id="619" threadId="0000000000831C00" bytesRequested="16392" />
<af-end id="620" timestamp="2025-12-12T00:30:43.796" threadId="0000000000832678" success="true" from="nursery"/>
<exclusive-end id="621" timestamp="2025-12-12T00:30:43.796" durationms="12.037" />

<exclusive-start id="622" timestamp="2025-12-12T00:30:43.879" intervalms="94.995">
  <response-info timems="0.265" idlems="0.265" threads="0" lastid="0000000000831C00" lastname="Default Executor-thread-1" />
</exclusive-start>
<af-start id="623" threadId="0000000000832678" totalBytesRequested="16392" timestamp="2025-12-12T00:30:43.880" intervalms="95.245" type="nursery" />
<cycle-start id="624" type="scavenge" contextid="0" timestamp="2025-12-12T00:30:43.881" intervalms="95.662" />
<gc-start id="625" type="scavenge" contextid="624" timestamp="2025-12-12T00:30:43.883">
  <mem-info id="626" free="2069600" total="16646144" percent="12">
    <mem type="nursery" free="0" total="6815744" percent="0">
      <mem type="allocate" free="0" total="5046272" percent="0" />
      <mem type="survivor" free="0" total="1769472" percent="0" />
    </mem>
    <mem type="tenure" free="2069600" total="9830400" percent="21">
      <mem type="soa" free="1578080" total="9338880" percent="16" />
      <mem type="loa" free="491520" total="491520" percent="100" />
    </mem>
    <remembered-set count="338" />
  </mem-info>
</gc-start>
<allocation-stats totalBytes="3795504" discardedBytes="39832" >
  <allocated-bytes non-tlh="17728" tlh="3777776" />
  <largest-consumer threadName="Default Executor-thread-1" threadId="0000000000831C00" bytes="3757512" />
</allocation-stats>
<gc-op id="627" type="scavenge" timems="7.305" contextid="624" timestamp="2025-12-12T00:30:43.892">
  <scavenger-info tenureage="3" tenuremask="7008" tiltratio="74" />
  <memory-copied type="nursery" objects="27920" bytes="986112" bytesdiscarded="58448" />
  <memory-copied type="tenure" objects="15614" bytes="530072" bytesdiscarded="368" />
  <finalization candidates="2" enqueued="2" />
  <ownableSynchronizers candidates="4" cleared="0" />
  <references type="weak" candidates="21" cleared="5" enqueued="5" />
  <references type="phantom" candidates="2" cleared="1" enqueued="1" />
  <object-monitors candidates="16" cleared="0"  />
</gc-op>
<heap-resize id="628" type="expand" space="nursery" amount="393216" count="1" timems="0.063" reason="excessive time being spent scavenging" timestamp="2025-12-12T00:30:43.893" />
<gc-end id="629" type="scavenge" contextid="624" durationms="11.214" usertimems="10.724" systemtimems="5.046" stalltimems="6.052" timestamp="2025-12-12T00:30:43.894" activeThreads="3">
  <mem-info id="630" free="5882144" total="17039360" percent="34">
    <mem type="nursery" free="4394848" total="7208960" percent="60">
      <mem type="allocate" free="4394848" total="5439488" percent="80" />
      <mem type="survivor" free="0" total="1769472" percent="0" />
    </mem>
    <mem type="tenure" free="1487296" total="9830400" percent="15">
      <mem type="soa" free="995776" total="9338880" percent="10" />
      <mem type="loa" free="491520" total="491520" percent="100" />
    </mem>
    <pending-finalizers system="2" default="0" reference="6" classloader="0" />
    <remembered-set count="370" />
  </mem-info>
</gc-end>
<cycle-end id="631" type="scavenge" contextid="624" timestamp="2025-12-12T00:30:43.895" />
<allocation-satisfied id="632" threadId="0000000000831C00" bytesRequested="16392" />
<af-end id="633" timestamp="2025-12-12T00:30:43.897" threadId="0000000000832678" success="true" from="nursery"/>
<exclusive-end id="634" timestamp="2025-12-12T00:30:43.898" durationms="18.376" />

<concurrent-kickoff id="635" timestamp="2025-12-12T00:30:43.981">
  <kickoff reason="threshold reached" targetBytes="3452841" thresholdFreeBytes="478446"  remainingFree="458584" tenureFreeBytes="1487296" nurseryFreeBytes="458584" />
</concurrent-kickoff>
<exclusive-start id="636" timestamp="2025-12-12T00:30:43.982" intervalms="102.526">
  <response-info timems="0.053" idlems="0.053" threads="0" lastid="0000000000831C00" lastname="Default Executor-thread-1" />
</exclusive-start>
<cycle-start id="637" type="global" contextid="0" timestamp="2025-12-12T00:30:43.983" intervalms="515.421" />
<concurrent-start id="638" type="global mark" contextid="637" timestamp="2025-12-12T00:30:43.983">
</concurrent-start>
<exclusive-end id="639" timestamp="2025-12-12T00:30:43.984" durationms="1.996" />

<exclusive-start id="640" timestamp="2025-12-12T00:30:44.000" intervalms="18.413">
  <response-info timems="0.154" idlems="0.154" threads="0" lastid="0000000000831C00" lastname="Default Executor-thread-1" />
</exclusive-start>
<af-start id="641" threadId="0000000000832678" totalBytesRequested="16392" timestamp="2025-12-12T00:30:44.001" intervalms="120.646" type="nursery" />
<cycle-start id="642" type="scavenge" contextid="0" timestamp="2025-12-12T00:30:44.002" intervalms="120.171" />
<gc-start id="643" type="scavenge" contextid="642" timestamp="2025-12-12T00:30:44.002">
  <mem-info id="644" free="1487296" total="17039360" percent="8">
    <mem type="nursery" free="0" total="7208960" percent="0">
      <mem type="allocate" free="0" total="5439488" percent="0" />
      <mem type="survivor" free="0" total="1769472" percent="0" />
    </mem>
    <mem type="tenure" free="1487296" total="9830400" percent="15">
      <mem type="soa" free="995776" total="9338880" percent="10" />
      <mem type="loa" free="491520" total="491520" percent="100" />
    </mem>
    <remembered-set count="417" />
  </mem-info>
</gc-start>
<allocation-stats totalBytes="4361392" discardedBytes="33456" >
  <allocated-bytes non-tlh="32784" tlh="4328608" />
  <largest-consumer threadName="Default Executor-thread-1" threadId="0000000000831C00" bytes="4361392" />
</allocation-stats>
<gc-op id="645" type="scavenge" timems="3.012" contextid="642" timestamp="2025-12-12T00:30:44.006">
  <scavenger-info tenureage="3" tenuremask="7008" tiltratio="75" />
  <memory-copied type="nursery" objects="30146" bytes="1057208" bytesdiscarded="28160" />
  <memory-copied type="tenure" objects="9221" bytes="319272" bytesdiscarded="344" />
  <ownableSynchronizers candidates="4" cleared="0" />
  <references type="weak" candidates="16" cleared="0" enqueued="0" />
  <references type="phantom" candidates="1" cleared="0" enqueued="0" />
  <object-monitors candidates="16" cleared="0"  />
</gc-op>
<gc-end id="646" type="scavenge" contextid="642" durationms="5.305" usertimems="5.336" systemtimems="2.013" stalltimems="1.743" timestamp="2025-12-12T00:30:44.008" activeThreads="3">
  <mem-info id="647" free="5687792" total="17039360" percent="33">
    <mem type="nursery" free="4550704" total="7208960" percent="63">
      <mem type="allocate" free="4550704" total="5636096" percent="80" />
      <mem type="survivor" free="0" total="1572864" percent="0" />
    </mem>
    <mem type="tenure" free="1137088" total="9830400" percent="11">
      <mem type="soa" free="645568" total="9338880" percent="6" />
      <mem type="loa" free="491520" total="491520" percent="100" />
    </mem>
    <remembered-set count="418" />
  </mem-info>
</gc-end>
<cycle-end id="648" type="scavenge" contextid="642" timestamp="2025-12-12T00:30:44.009" />
<allocation-satisfied id="649" threadId="0000000000831C00" bytesRequested="16392" />
<af-end id="650" timestamp="2025-12-12T00:30:44.010" threadId="0000000000832678" success="true" from="nursery"/>
<exclusive-end id="651" timestamp="2025-12-12T00:30:44.010" durationms="10.035" />

<exclusive-start id="652" timestamp="2025-12-12T00:30:44.084" intervalms="83.207">
  <response-info timems="0.064" idlems="0.064" threads="0" lastid="0000000000831C00" lastname="Default Executor-thread-1" />
</exclusive-start>
<af-start id="653" threadId="0000000000832678" totalBytesRequested="16392" timestamp="2025-12-12T00:30:44.084" intervalms="83.219" type="nursery" />
<percolate-collect id="654" from="nursery" to="global" reason="concurrent mark exhausted" timestamp="2025-12-12T00:30:44.085"/>
<concurrent-end id="655" type="global mark" contextid="637" timestamp="2025-12-12T00:30:44.085">
<gc-op id="656" type="trace" timems="100.213" contextid="637" timestamp="2025-12-12T00:30:44.085">
  <trace bytesTraced="4069288" workStackOverflowCount="0" />
  <card-cleaning reason="card cleaning threshold reached" bytesTraced="3876" cardsCleaned="54" />
</gc-op>
</concurrent-end>

<gc-start id="657" type="global" contextid="637" timestamp="2025-12-12T00:30:44.087">
  <mem-info id="658" free="1137088" total="17039360" percent="6">
    <mem type="nursery" free="0" total="7208960" percent="0">
      <mem type="allocate" free="0" total="5636096" percent="0" />
      <mem type="survivor" free="0" total="1572864" percent="0" />
    </mem>
    <mem type="tenure" free="1137088" total="9830400" percent="11">
      <mem type="soa" free="645568" total="9338880" percent="6" />
      <mem type="loa" free="491520" total="491520" percent="100" />
    </mem>
    <remembered-set count="486" />
  </mem-info>
</gc-start>
<allocation-stats totalBytes="4453592" discardedBytes="97112" >
  <allocated-bytes non-tlh="16392" tlh="4437200" />
  <largest-consumer threadName="Default Executor-thread-1" threadId="0000000000831C00" bytes="4453592" />
</allocation-stats>
<concurrent-halted id="659" timestamp="2025-12-12T00:30:44.088">
  <halted state="Complete" status="exhausted" />
  <traced bytesTarget="3452841" bytesTotal="4073164" bytesByMutator="18336" bytesByHelper="4054828" percent="117" />
  <cards cleaned="54" thresholdBytes="188478" />
</concurrent-halted>
<gc-op id="660" type="rs-scan" timems="2.455" contextid="637" timestamp="2025-12-12T00:30:44.091">
  <scan objectsFound="60609" bytesTraced="1727292" workStackOverflowCount="0" />
</gc-op>
<gc-op id="661" type="card-cleaning" timems="0.882" contextid="637" timestamp="2025-12-12T00:30:44.093">
  <card-cleaning cardsCleaned="4" bytesTraced="1456" workStackOverflowCount="0" />
</gc-op>
<gc-op id="662" type="mark" timems="3.514" contextid="637" timestamp="2025-12-12T00:30:44.097">
  <trace-info objectcount="177" scancount="170" scanbytes="3504" />
  <finalization candidates="733" enqueued="0" />
  <ownableSynchronizers candidates="624" cleared="2" />
  <references type="soft" candidates="4480" cleared="0" enqueued="0" dynamicThreshold="9" maxThreshold="32" />
  <references type="weak" candidates="1257" cleared="0" enqueued="0" />
  <references type="phantom" candidates="124" cleared="0" enqueued="0" />
  <stringconstants candidates="12395" cleared="0"  />
  <object-monitors candidates="16" cleared="0"  />
</gc-op>
<gc-op id="663" type="sweep" timems="1.055" contextid="637" timestamp="2025-12-12T00:30:44.098" />
<heap-resize id="664" type="expand" space="tenure" amount="2293760" count="1" timems="0.070" reason="insufficient free space following gc" timestamp="2025-12-12T00:30:44.099" />
<gc-end id="665" type="global" contextid="637" durationms="12.408" usertimems="24.548" systemtimems="0.000" stalltimems="22.299" timestamp="2025-12-12T00:30:44.100" activeThreads="8">
  <mem-info id="666" free="7053768" total="19333120" percent="36">
    <mem type="nursery" free="3391096" total="7208960" percent="47">
      <mem type="allocate" free="3391096" total="5636096" percent="60" />
      <mem type="survivor" free="0" total="1572864" percent="0" />
    </mem>
    <mem type="tenure" free="3662672" total="12124160" percent="30" micro-fragmented="139580" macro-fragmented="0">
      <mem type="soa" free="3056464" total="11517952" percent="26" />
      <mem type="loa" free="606208" total="606208" percent="100" />
    </mem>
    <remembered-set count="473" />
  </mem-info>
</gc-end>
<cycle-end id="667" type="global" contextid="637" timestamp="2025-12-12T00:30:44.100" />
<allocation-satisfied id="668" threadId="0000000000831C00" bytesRequested="16392" />
<af-end id="669" timestamp="2025-12-12T00:30:44.101" threadId="0000000000832678" success="true" from="nursery"/>
<exclusive-end id="670" timestamp="2025-12-12T00:30:44.102" durationms="18.249" />

<exclusive-start id="671" timestamp="2025-12-12T00:30:44.153" intervalms="69.453">
  <response-info timems="0.047" idlems="0.047" threads="0" lastid="0000000000831C00" lastname="Default Executor-thread-1" />
</exclusive-start>
<af-start id="672" threadId="0000000000832678" totalBytesRequested="16392" timestamp="2025-12-12T00:30:44.154" intervalms="69.551" type="nursery" />
<cycle-start id="673" type="scavenge" contextid="0" timestamp="2025-12-12T00:30:44.154" intervalms="152.660" />
<gc-start id="674" type="scavenge" contextid="673" timestamp="2025-12-12T00:30:44.155">
  <mem-info id="675" free="3674240" total="19333120" percent="19">
    <mem type="nursery" free="11568" total="7208960" percent="0">
      <mem type="allocate" free="11568" total="5636096" percent="0" />
      <mem type="survivor" free="0" total="1572864" percent="0" />
    </mem>
    <mem type="tenure" free="3662672" total="12124160" percent="30">
      <mem type="soa" free="3056464" total="11517952" percent="26" />
      <mem type="loa" free="606208" total="606208" percent="100" />
    </mem>
    <remembered-set count="559" />
  </mem-info>
</gc-start>
<allocation-stats totalBytes="3329056" discardedBytes="37528" >
  <allocated-bytes non-tlh="1343872" tlh="1985184" />
  <largest-consumer threadName="Default Executor-thread-1" threadId="0000000000831C00" bytes="3329056" />
</allocation-stats>
<gc-op id="676" type="scavenge" timems="2.474" contextid="673" timestamp="2025-12-12T00:30:44.158">
  <scavenger-info tenureage="3" tenuremask="7008" tiltratio="78" />
  <memory-copied type="nursery" objects="40899" bytes="1444328" bytesdiscarded="128520" />
  <memory-copied type="tenure" objects="9682" bytes="328696" bytesdiscarded="368" />
  <copy-failed type="nursery" objects="766" bytes="25856" />
  <ownableSynchronizers candidates="1244" cleared="1240" />
  <references type="weak" candidates="16" cleared="0" enqueued="0" />
  <references type="phantom" candidates="1" cleared="0" enqueued="0" />
  <object-monitors candidates="16" cleared="0"  />
</gc-op>
<gc-end id="677" type="scavenge" contextid="673" durationms="4.336" usertimems="4.676" systemtimems="1.741" stalltimems="1.137" timestamp="2025-12-12T00:30:44.159" activeThreads="3">
  <mem-info id="678" free="6325296" total="19333120" percent="32">
    <mem type="nursery" free="3276800" total="7208960" percent="45">
      <mem type="allocate" free="3276800" total="4849664" percent="67" />
      <mem type="survivor" free="0" total="2359296" percent="0" />
    </mem>
    <mem type="tenure" free="3048496" total="12124160" percent="25">
      <mem type="soa" free="2442288" total="11517952" percent="21" />
      <mem type="loa" free="606208" total="606208" percent="100" />
    </mem>
    <remembered-set count="505" />
  </mem-info>
</gc-end>
<cycle-end id="679" type="scavenge" contextid="673" timestamp="2025-12-12T00:30:44.160" />
<allocation-satisfied id="680" threadId="0000000000831C00" bytesRequested="16392" />
<af-end id="681" timestamp="2025-12-12T00:30:44.161" threadId="0000000000832678" success="true" from="nursery"/>
<exclusive-end id="682" timestamp="2025-12-12T00:30:44.162" durationms="8.620" />

<exclusive-start id="683" timestamp="2025-12-12T00:30:44.199" intervalms="45.989">
  <response-info timems="0.047" idlems="0.047" threads="0" lastid="0000000000831C00" lastname="Default Executor-thread-1" />
</exclusive-start>
<af-start id="684" threadId="0000000000832678" totalBytesRequested="8200" timestamp="2025-12-12T00:30:44.200" intervalms="45.853" type="nursery" />
<cycle-start id="685" type="scavenge" contextid="0" timestamp="2025-12-12T00:30:44.200" intervalms="46.111" />
<gc-start id="686" type="scavenge" contextid="685" timestamp="2025-12-12T00:30:44.201">
  <mem-info id="687" free="3048496" total="19333120" percent="15">
    <mem type="nursery" free="0" total="7208960" percent="0">
      <mem type="allocate" free="0" total="4849664" percent="0" />
      <mem type="survivor" free="0" total="2359296" percent="0" />
    </mem>
    <mem type="tenure" free="3048496" total="12124160" percent="25">
      <mem type="soa" free="2442288" total="11517952" percent="21" />
      <mem type="loa" free="606208" total="606208" percent="100" />
    </mem>
    <remembered-set count="540" />
  </mem-info>
</gc-start>
<allocation-stats totalBytes="3244232" discardedBytes="32568" >
  <allocated-bytes non-tlh="16392" tlh="3227840" />
  <largest-consumer threadName="Default Executor-thread-1" threadId="0000000000831C00" bytes="3244232" />
</allocation-stats>
<gc-op id="688" type="scavenge" timems="2.731" contextid="685" timestamp="2025-12-12T00:30:44.205">
  <scavenger-info tenureage="3" tenuremask="7008" tiltratio="67" />
  <memory-copied type="nursery" objects="39355" bytes="1395056" bytesdiscarded="153128" />
  <memory-copied type="tenure" objects="9583" bytes="338800" bytesdiscarded="752" />
  <ownableSynchronizers candidates="2" cleared="0" />
  <references type="phantom" candidates="1" cleared="0" enqueued="0" />
  <object-monitors candidates="16" cleared="0"  />
</gc-op>
<heap-resize id="689" type="expand" space="nursery" amount="393216" count="1" timems="0.051" reason="excessive time being spent scavenging" timestamp="2025-12-12T00:30:44.206" />
<gc-end id="690" type="scavenge" contextid="685" durationms="5.585" usertimems="5.792" systemtimems="2.152" stalltimems="0.740" timestamp="2025-12-12T00:30:44.207" activeThreads="3">
  <mem-info id="691" free="6242800" total="19726336" percent="31">
    <mem type="nursery" free="3629152" total="7602176" percent="47">
      <mem type="allocate" free="3629152" total="5177344" percent="70" />
      <mem type="survivor" free="0" total="2424832" percent="0" />
    </mem>
    <mem type="tenure" free="2613648" total="12124160" percent="21">
      <mem type="soa" free="2007440" total="11517952" percent="17" />
      <mem type="loa" free="606208" total="606208" percent="100" />
    </mem>
    <remembered-set count="491" />
  </mem-info>
</gc-end>
<cycle-end id="692" type="scavenge" contextid="685" timestamp="2025-12-12T00:30:44.208" />
<allocation-satisfied id="693" threadId="0000000000831C00" bytesRequested="8200" />
<af-end id="694" timestamp="2025-12-12T00:30:44.209" threadId="0000000000832678" success="true" from="nursery"/>
<exclusive-end id="695" timestamp="2025-12-12T00:30:44.210" durationms="10.831" />

<exclusive-start id="696" timestamp="2025-12-12T00:30:44.269" intervalms="70.043">
  <response-info timems="0.091" idlems="0.091" threads="0" lastid="0000000000831C00" lastname="Default Executor-thread-1" />
</exclusive-start>
<af-start id="697" threadId="0000000000832678" totalBytesRequested="8200" timestamp="2025-12-12T00:30:44.270" intervalms="70.207" type="nursery" />
<cycle-start id="698" type="scavenge" contextid="0" timestamp="2025-12-12T00:30:44.271" intervalms="70.618" />
<gc-start id="699" type="scavenge" contextid="698" timestamp="2025-12-12T00:30:44.272">
  <mem-info id="700" free="2613648" total="19726336" percent="13">
    <mem type="nursery" free="0" total="7602176" percent="0">
      <mem type="allocate" free="0" total="5177344" percent="0" />
      <mem type="survivor" free="0" total="2424832" percent="0" />
    </mem>
    <mem type="tenure" free="2613648" total="12124160" percent="21">
      <mem type="soa" free="2007440" total="11517952" percent="17" />
      <mem type="loa" free="606208" total="606208" percent="100" />
    </mem>
    <remembered-set count="522" />
  </mem-info>
</gc-start>
<allocation-stats totalBytes="3579136" discardedBytes="50016" >
  <allocated-bytes non-tlh="8200" tlh="3570936" />
  <largest-consumer threadName="Default Executor-thread-1" threadId="0000000000831C00" bytes="3579136" />
</allocation-stats>
<gc-op id="701" type="scavenge" timems="4.523" contextid="698" timestamp="2025-12-12T00:30:44.278">
  <scavenger-info tenureage="3" tenuremask="7008" tiltratio="68" />
  <memory-copied type="nursery" objects="37140" bytes="1335160" bytesdiscarded="22440" />
  <memory-copied type="tenure" objects="11248" bytes="384128" bytesdiscarded="80" />
  <references type="phantom" candidates="1" cleared="0" enqueued="0" />
  <object-monitors candidates="16" cleared="0"  />
</gc-op>
<heap-resize id="702" type="expand" space="nursery" amount="393216" count="1" timems="0.073" reason="excessive time being spent scavenging" timestamp="2025-12-12T00:30:44.279" />
<gc-end id="703" type="scavenge" contextid="698" durationms="8.031" usertimems="7.884" systemtimems="3.991" stalltimems="2.886" timestamp="2025-12-12T00:30:44.280" activeThreads="3">
  <mem-info id="704" free="6503016" total="20119552" percent="32">
    <mem type="nursery" free="4344024" total="7995392" percent="54">
      <mem type="allocate" free="4344024" total="5701632" percent="76" />
      <mem type="survivor" free="0" total="2293760" percent="0" />
    </mem>
    <mem type="tenure" free="2158992" total="12124160" percent="17">
      <mem type="soa" free="1552784" total="11517952" percent="13" />
      <mem type="loa" free="606208" total="606208" percent="100" />
    </mem>
    <remembered-set count="481" />
  </mem-info>
</gc-end>
<cycle-end id="705" type="scavenge" contextid="698" timestamp="2025-12-12T00:30:44.281" />
<allocation-satisfied id="706" threadId="0000000000831C00" bytesRequested="8200" />
<af-end id="707" timestamp="2025-12-12T00:30:44.282" threadId="0000000000832678" success="true" from="nursery"/>
<exclusive-end id="708" timestamp="2025-12-12T00:30:44.283" durationms="13.745" />

<exclusive-start id="709" timestamp="2025-12-12T00:30:44.350" intervalms="81.294">
  <response-info timems="0.045" idlems="0.045" threads="0" lastid="0000000000831C00" lastname="Default Executor-thread-1" />
</exclusive-start>
<af-start id="710" threadId="0000000000832678" totalBytesRequested="16392" timestamp="2025-12-12T00:30:44.351" intervalms="81.221" type="nursery" />
<cycle-start id="711" type="scavenge" contextid="0" timestamp="2025-12-12T00:30:44.352" intervalms="80.746" />
<gc-start id="712" type="scavenge" contextid="711" timestamp="2025-12-12T00:30:44.352">
  <mem-info id="713" free="2158992" total="20119552" percent="10">
    <mem type="nursery" free="0" total="7995392" percent="0">
      <mem type="allocate" free="0" total="5701632" percent="0" />
      <mem type="survivor" free="0" total="2293760" percent="0" />
    </mem>
    <mem type="tenure" free="2158992" total="12124160" percent="17">
      <mem type="soa" free="1552784" total="11517952" percent="13" />
      <mem type="loa" free="606208" total="606208" percent="100" />
    </mem>
    <remembered-set count="568" />
  </mem-info>
</gc-start>
<allocation-stats totalBytes="4333864" discardedBytes="10160" >
  <allocated-bytes non-tlh="8200" tlh="4325664" />
  <largest-consumer threadName="Default Executor-thread-1" threadId="0000000000831C00" bytes="4321576" />
</allocation-stats>
<gc-op id="714" type="scavenge" timems="3.897" contextid="711" timestamp="2025-12-12T00:30:44.358">
  <scavenger-info tenureage="2" tenuremask="700c" tiltratio="71" />
  <memory-copied type="nursery" objects="20059" bytes="728992" bytesdiscarded="179680" />
  <memory-copied type="tenure" objects="28096" bytes="1010504" bytesdiscarded="1208" />
  <ownableSynchronizers candidates="4" cleared="0" />
  <references type="weak" candidates="2" cleared="0" enqueued="0" />
  <references type="phantom" candidates="1" cleared="0" enqueued="0" />
  <object-monitors candidates="18" cleared="0"  />
</gc-op>
<gc-end id="715" type="scavenge" contextid="711" durationms="5.974" usertimems="10.297" systemtimems="0.000" stalltimems="2.094" timestamp="2025-12-12T00:30:44.358" activeThreads="3">
  <mem-info id="716" free="6179064" total="20119552" percent="30">
    <mem type="nursery" free="4989512" total="7995392" percent="62">
      <mem type="allocate" free="4989512" total="5898240" percent="84" />
      <mem type="survivor" free="0" total="2097152" percent="0" />
    </mem>
    <mem type="tenure" free="1189552" total="12124160" percent="9">
      <mem type="soa" free="583344" total="11517952" percent="5" />
      <mem type="loa" free="606208" total="606208" percent="100" />
    </mem>
    <remembered-set count="397" />
  </mem-info>
</gc-end>
<cycle-end id="717" type="scavenge" contextid="711" timestamp="2025-12-12T00:30:44.359" />
<allocation-satisfied id="718" threadId="0000000000831C00" bytesRequested="16392" />
<af-end id="719" timestamp="2025-12-12T00:30:44.361" threadId="0000000000832678" success="true" from="nursery"/>
<exclusive-end id="720" timestamp="2025-12-12T00:30:44.361" durationms="11.004" />

<concurrent-kickoff id="721" timestamp="2025-12-12T00:30:44.431">
  <kickoff reason="threshold reached" targetBytes="4396255" thresholdFreeBytes="609181"  remainingFree="401984" tenureFreeBytes="1189552" nurseryFreeBytes="401984" />
</concurrent-kickoff>
<exclusive-start id="722" timestamp="2025-12-12T00:30:44.432" intervalms="81.789">
  <response-info timems="0.059" idlems="0.059" threads="0" lastid="0000000000831C00" lastname="Default Executor-thread-1" />
</exclusive-start>
<cycle-start id="723" type="global" contextid="0" timestamp="2025-12-12T00:30:44.433" intervalms="450.110" />
<concurrent-start id="724" type="global mark" contextid="723" timestamp="2025-12-12T00:30:44.433">
</concurrent-start>
<exclusive-end id="725" timestamp="2025-12-12T00:30:44.434" durationms="1.885" />

<exclusive-start id="726" timestamp="2025-12-12T00:30:44.446" intervalms="14.291">
  <response-info timems="0.063" idlems="0.063" threads="0" lastid="0000000000831C00" lastname="Default Executor-thread-1" />
</exclusive-start>
<af-start id="727" threadId="0000000000832678" totalBytesRequested="8200" timestamp="2025-12-12T00:30:44.447" intervalms="96.178" type="nursery" />
<cycle-start id="728" type="scavenge" contextid="0" timestamp="2025-12-12T00:30:44.448" intervalms="96.234" />
<gc-start id="729" type="scavenge" contextid="728" timestamp="2025-12-12T00:30:44.449">
  <mem-info id="730" free="1189552" total="20119552" percent="5">
    <mem type="nursery" free="0" total="7995392" percent="0">
      <mem type="allocate" free="0" total="5898240" percent="0" />
      <mem type="survivor" free="0" total="2097152" percent="0" />
    </mem>
    <mem type="tenure" free="1189552" total="12124160" percent="9">
      <mem type="soa" free="583344" total="11517952" percent="5" />
      <mem type="loa" free="606208" total="606208" percent="100" />
    </mem>
    <remembered-set count="496" />
  </mem-info>
</gc-start>
<allocation-stats totalBytes="4917408" discardedBytes="72104" >
  <allocated-bytes non-tlh="16392" tlh="4901016" />
  <largest-consumer threadName="Default Executor-thread-1" threadId="0000000000831C00" bytes="4917408" />
</allocation-stats>
<gc-op id="731" type="scavenge" timems="3.084" contextid="728" timestamp="2025-12-12T00:30:44.454">
  <scavenger-info tenureage="2" tenuremask="7004" tiltratio="73" />
  <memory-copied type="nursery" objects="23331" bytes="846808" bytesdiscarded="28104" />
  <memory-copied type="tenure" objects="9033" bytes="324232" bytesdiscarded="520" />
  <ownableSynchronizers candidates="4" cleared="0" />
  <references type="weak" candidates="2" cleared="0" enqueued="0" />
  <references type="phantom" candidates="1" cleared="0" enqueued="0" />
  <object-monitors candidates="18" cleared="0"  />
</gc-op>
<heap-resize id="732" type="expand" space="nursery" amount="393216" count="1" timems="0.382" reason="excessive time being spent scavenging" timestamp="2025-12-12T00:30:44.455" />
<gc-end id="733" type="scavenge" contextid="728" durationms="7.296" usertimems="6.608" systemtimems="2.502" stalltimems="1.453" timestamp="2025-12-12T00:30:44.456" activeThreads="3">
  <mem-info id="734" free="6291312" total="20512768" percent="30">
    <mem type="nursery" free="5482056" total="8388608" percent="65">
      <mem type="allocate" free="5482056" total="6356992" percent="86" />
      <mem type="survivor" free="0" total="2031616" percent="0" />
    </mem>
    <mem type="tenure" free="809256" total="12124160" percent="6">
      <mem type="soa" free="203048" total="11517952" percent="1" />
      <mem type="loa" free="606208" total="606208" percent="100" />
    </mem>
    <remembered-set count="435" />
  </mem-info>
</gc-end>
<cycle-end id="735" type="scavenge" contextid="728" timestamp="2025-12-12T00:30:44.457" />
<allocation-satisfied id="736" threadId="0000000000831C00" bytesRequested="8200" />
<af-end id="737" timestamp="2025-12-12T00:30:44.458" threadId="0000000000832678" success="true" from="nursery"/>
<exclusive-end id="738" timestamp="2025-12-12T00:30:44.459" durationms="12.357" />

<exclusive-start id="739" timestamp="2025-12-12T00:30:44.547" intervalms="100.394">
  <response-info timems="0.194" idlems="0.194" threads="0" lastid="0000000000831C00" lastname="Default Executor-thread-1" />
</exclusive-start>
<af-start id="740" threadId="0000000000832678" totalBytesRequested="8200" timestamp="2025-12-12T00:30:44.548" intervalms="100.714" type="nursery" />
<percolate-collect id="741" from="nursery" to="global" reason="concurrent mark exhausted" timestamp="2025-12-12T00:30:44.549"/>
<concurrent-end id="742" type="global mark" contextid="723" timestamp="2025-12-12T00:30:44.550">
<gc-op id="743" type="trace" timems="113.219" contextid="723" timestamp="2025-12-12T00:30:44.550">
  <trace bytesTraced="6367756" workStackOverflowCount="0" />
  <card-cleaning reason="card cleaning threshold reached" bytesTraced="30100" cardsCleaned="110" />
</gc-op>
</concurrent-end>

<gc-start id="744" type="global" contextid="723" timestamp="2025-12-12T00:30:44.551">
  <mem-info id="745" free="808960" total="20512768" percent="3">
    <mem type="nursery" free="0" total="8388608" percent="0">
      <mem type="allocate" free="0" total="6356992" percent="0" />
      <mem type="survivor" free="0" total="2031616" percent="0" />
    </mem>
    <mem type="tenure" free="808960" total="12124160" percent="6">
      <mem type="soa" free="202752" total="11517952" percent="1" />
      <mem type="loa" free="606208" total="606208" percent="100" />
    </mem>
    <remembered-set count="560" />
  </mem-info>
</gc-start>
<allocation-stats totalBytes="5443456" discardedBytes="38896" >
  <allocated-bytes non-tlh="8496" tlh="5434960" />
  <largest-consumer threadName="Default Executor-thread-1" threadId="0000000000831C00" bytes="5443456" />
</allocation-stats>
<concurrent-halted id="746" timestamp="2025-12-12T00:30:44.552">
  <halted state="Complete" status="exhausted" />
  <traced bytesTarget="4381485" bytesTotal="6397856" bytesByMutator="1215516" bytesByHelper="5182340" percent="146" />
  <cards cleaned="110" thresholdBytes="239980" />
</concurrent-halted>
<gc-op id="747" type="rs-scan" timems="3.500" contextid="723" timestamp="2025-12-12T00:30:44.557">
  <scan objectsFound="18202" bytesTraced="536508" workStackOverflowCount="0" />
</gc-op>
<gc-op id="748" type="card-cleaning" timems="1.657" contextid="723" timestamp="2025-12-12T00:30:44.559">
  <card-cleaning cardsCleaned="8" bytesTraced="332528" workStackOverflowCount="0" />
</gc-op>
<gc-op id="749" type="mark" timems="5.415" contextid="723" timestamp="2025-12-12T00:30:44.565">
  <trace-info objectcount="170" scancount="164" scanbytes="3224" />
  <finalization candidates="733" enqueued="0" />
  <ownableSynchronizers candidates="626" cleared="2" />
  <references type="soft" candidates="4480" cleared="0" enqueued="0" dynamicThreshold="9" maxThreshold="32" />
  <references type="weak" candidates="1259" cleared="0" enqueued="0" />
  <references type="phantom" candidates="124" cleared="0" enqueued="0" />
  <stringconstants candidates="12400" cleared="0"  />
  <object-monitors candidates="18" cleared="0"  />
</gc-op>
<gc-op id="750" type="sweep" timems="1.884" contextid="723" timestamp="2025-12-12T00:30:44.568" />
<heap-resize id="751" type="expand" space="tenure" amount="3407872" count="1" timems="1.854" reason="insufficient free space following gc" timestamp="2025-12-12T00:30:44.571" />
<gc-end id="752" type="global" contextid="723" durationms="20.228" usertimems="27.206" systemtimems="11.230" stalltimems="38.420" timestamp="2025-12-12T00:30:44.571" activeThreads="9">
  <mem-info id="753" free="8748232" total="23920640" percent="36">
    <mem type="nursery" free="4067288" total="8388608" percent="48">
      <mem type="allocate" free="4067288" total="6356992" percent="63" />
      <mem type="survivor" free="0" total="2031616" percent="0" />
    </mem>
    <mem type="tenure" free="4680944" total="15532032" percent="30" micro-fragmented="158721" macro-fragmented="0">
      <mem type="soa" free="3903728" total="14754816" percent="26" />
      <mem type="loa" free="777216" total="777216" percent="100" />
    </mem>
    <remembered-set count="556" />
  </mem-info>
</gc-end>
<cycle-end id="754" type="global" contextid="723" timestamp="2025-12-12T00:30:44.572" />
<allocation-satisfied id="755" threadId="0000000000831C00" bytesRequested="8200" />
<af-end id="756" timestamp="2025-12-12T00:30:44.573" threadId="0000000000832678" success="true" from="nursery"/>
<exclusive-end id="757" timestamp="2025-12-12T00:30:44.574" durationms="27.182" />

<exclusive-start id="758" timestamp="2025-12-12T00:30:44.625" intervalms="77.968">
  <response-info timems="0.054" idlems="0.054" threads="0" lastid="0000000000831C00" lastname="Default Executor-thread-1" />
</exclusive-start>
<af-start id="759" threadId="0000000000832678" totalBytesRequested="48" timestamp="2025-12-12T00:30:44.625" intervalms="77.478" type="nursery" />
<cycle-start id="760" type="scavenge" contextid="0" timestamp="2025-12-12T00:30:44.626" intervalms="178.255" />
<gc-start id="761" type="scavenge" contextid="760" timestamp="2025-12-12T00:30:44.627">
  <mem-info id="762" free="4650440" total="23920640" percent="19">
    <mem type="nursery" free="0" total="8388608" percent="0">
      <mem type="allocate" free="0" total="6356992" percent="0" />
      <mem type="survivor" free="0" total="2031616" percent="0" />
    </mem>
    <mem type="tenure" free="4650440" total="15532032" percent="29">
      <mem type="soa" free="3873224" total="14754816" percent="26" />
      <mem type="loa" free="777216" total="777216" percent="100" />
    </mem>
    <remembered-set count="1052" />
  </mem-info>
</gc-start>
<allocation-stats totalBytes="4060584" discardedBytes="24752" >
  <allocated-bytes non-tlh="1299344" tlh="2761240" />
  <largest-consumer threadName="Default Executor-thread-1" threadId="0000000000831C00" bytes="4060584" />
</allocation-stats>
<gc-op id="763" type="scavenge" timems="3.474" contextid="760" timestamp="2025-12-12T00:30:44.632">
  <scavenger-info tenureage="12" tenuremask="7000" tiltratio="75" />
  <memory-copied type="nursery" objects="49454" bytes="1762560" bytesdiscarded="25128" />
  <finalization candidates="4" enqueued="4" />
  <ownableSynchronizers candidates="1244" cleared="1240" />
  <references type="soft" candidates="7" cleared="0" enqueued="0" dynamicThreshold="9" maxThreshold="32" />
  <references type="weak" candidates="68" cleared="39" enqueued="38" />
  <references type="phantom" candidates="1" cleared="1" enqueued="1" />
  <object-monitors candidates="18" cleared="0"  />
</gc-op>
<gc-end id="764" type="scavenge" contextid="760" durationms="5.562" usertimems="8.082" systemtimems="0.000" stalltimems="2.479" timestamp="2025-12-12T00:30:44.633" activeThreads="3">
  <mem-info id="765" free="8171016" total="23920640" percent="34">
    <mem type="nursery" free="3520576" total="8388608" percent="41">
      <mem type="allocate" free="3520576" total="5308416" percent="66" />
      <mem type="survivor" free="0" total="3080192" percent="0" />
    </mem>
    <mem type="tenure" free="4650440" total="15532032" percent="29">
      <mem type="soa" free="3873224" total="14754816" percent="26" />
      <mem type="loa" free="777216" total="777216" percent="100" />
    </mem>
    <pending-finalizers system="4" default="0" reference="39" classloader="0" />
    <remembered-set count="932" />
  </mem-info>
</gc-end>
<cycle-end id="766" type="scavenge" contextid="760" timestamp="2025-12-12T00:30:44.634" />
<allocation-satisfied id="767" threadId="0000000000831C00" bytesRequested="48" />
<af-end id="768" timestamp="2025-12-12T00:30:44.635" threadId="0000000000832678" success="true" from="nursery"/>
<exclusive-end id="769" timestamp="2025-12-12T00:30:44.636" durationms="11.075" />

<exclusive-start id="770" timestamp="2025-12-12T00:30:44.684" intervalms="59.387">
  <response-info timems="0.115" idlems="0.115" threads="0" lastid="0000000000831C00" lastname="Default Executor-thread-1" />
</exclusive-start>
<af-start id="771" threadId="0000000000832678" totalBytesRequested="32" timestamp="2025-12-12T00:30:44.685" intervalms="59.489" type="nursery" />
<cycle-start id="772" type="scavenge" contextid="0" timestamp="2025-12-12T00:30:44.686" intervalms="59.369" />
<gc-start id="773" type="scavenge" contextid="772" timestamp="2025-12-12T00:30:44.686">
  <mem-info id="774" free="4649944" total="23920640" percent="19">
    <mem type="nursery" free="0" total="8388608" percent="0">
      <mem type="allocate" free="0" total="5308416" percent="0" />
      <mem type="survivor" free="0" total="3080192" percent="0" />
    </mem>
    <mem type="tenure" free="4649944" total="15532032" percent="29">
      <mem type="soa" free="3872728" total="14754816" percent="26" />
      <mem type="loa" free="777216" total="777216" percent="100" />
    </mem>
    <remembered-set count="1013" />
  </mem-info>
</gc-start>
<allocation-stats totalBytes="3520992" discardedBytes="80" >
  <allocated-bytes non-tlh="544" tlh="3520448" />
  <largest-consumer threadName="Default Executor-thread-1" threadId="0000000000831C00" bytes="3520992" />
</allocation-stats>
<gc-op id="775" type="scavenge" timems="3.774" contextid="772" timestamp="2025-12-12T00:30:44.691">
  <scavenger-info tenureage="2" tenuremask="780c" tiltratio="63" />
  <memory-copied type="nursery" objects="37565" bytes="1247024" bytesdiscarded="84928" />
  <memory-copied type="tenure" objects="23316" bytes="846288" bytesdiscarded="1592" />
  <ownableSynchronizers candidates="4" cleared="0" />
  <references type="soft" candidates="7" cleared="0" enqueued="0" dynamicThreshold="9" maxThreshold="32" />
  <references type="weak" candidates="30" cleared="2" enqueued="2" />
  <object-monitors candidates="18" cleared="0"  />
</gc-op>
<heap-resize id="776" type="expand" space="nursery" amount="393216" count="1" timems="0.105" reason="excessive time being spent scavenging" timestamp="2025-12-12T00:30:44.692" />
<gc-end id="777" type="scavenge" contextid="772" durationms="6.125" usertimems="4.683" systemtimems="5.880" stalltimems="1.383" timestamp="2025-12-12T00:30:44.692" activeThreads="3">
  <mem-info id="778" free="8159032" total="24313856" percent="33">
    <mem type="nursery" free="4369656" total="8781824" percent="49">
      <mem type="allocate" free="4369656" total="5701632" percent="76" />
      <mem type="survivor" free="0" total="3080192" percent="0" />
    </mem>
    <mem type="tenure" free="3789376" total="15532032" percent="24">
      <mem type="soa" free="3012160" total="14754816" percent="20" />
      <mem type="loa" free="777216" total="777216" percent="100" />
    </mem>
    <pending-finalizers system="0" default="0" reference="2" classloader="0" />
    <remembered-set count="867" />
  </mem-info>
</gc-end>
<cycle-end id="779" type="scavenge" contextid="772" timestamp="2025-12-12T00:30:44.693" />
<allocation-satisfied id="780" threadId="0000000000831C00" bytesRequested="32" />
<af-end id="781" timestamp="2025-12-12T00:30:44.694" threadId="0000000000832678" success="true" from="nursery"/>
<exclusive-end id="782" timestamp="2025-12-12T00:30:44.695" durationms="10.644" />

<exclusive-start id="783" timestamp="2025-12-12T00:30:44.738" intervalms="54.262">
  <response-info timems="0.088" idlems="0.088" threads="0" lastid="0000000000831C00" lastname="Default Executor-thread-1" />
</exclusive-start>
<af-start id="784" threadId="0000000000832678" totalBytesRequested="24" timestamp="2025-12-12T00:30:44.739" intervalms="54.359" type="nursery" />
<cycle-start id="785" type="scavenge" contextid="0" timestamp="2025-12-12T00:30:44.740" intervalms="54.189" />
<gc-start id="786" type="scavenge" contextid="785" timestamp="2025-12-12T00:30:44.740">
  <mem-info id="787" free="3789376" total="24313856" percent="15">
    <mem type="nursery" free="0" total="8781824" percent="0">
      <mem type="allocate" free="0" total="5701632" percent="0" />
      <mem type="survivor" free="0" total="3080192" percent="0" />
    </mem>
    <mem type="tenure" free="3789376" total="15532032" percent="24">
      <mem type="soa" free="3012160" total="14754816" percent="20" />
      <mem type="loa" free="777216" total="777216" percent="100" />
    </mem>
    <remembered-set count="868" />
  </mem-info>
</gc-start>
<allocation-stats totalBytes="4369488" discardedBytes="168" >
  <allocated-bytes non-tlh="32" tlh="4369456" />
  <largest-consumer threadName="Default Executor-thread-1" threadId="0000000000831C00" bytes="4369488" />
</allocation-stats>
<gc-op id="788" type="scavenge" timems="2.525" contextid="785" timestamp="2025-12-12T00:30:44.744">
  <scavenger-info tenureage="2" tenuremask="7804" tiltratio="64" />
  <memory-copied type="nursery" objects="12812" bytes="389256" bytesdiscarded="49272" />
  <memory-copied type="tenure" objects="25903" bytes="907544" bytesdiscarded="1352" />
  <references type="weak" candidates="1" cleared="0" enqueued="0" />
  <object-monitors candidates="18" cleared="0"  />
</gc-op>
<gc-end id="789" type="scavenge" contextid="785" durationms="4.107" usertimems="1.017" systemtimems="5.594" stalltimems="1.075" timestamp="2025-12-12T00:30:44.744" activeThreads="3">
  <mem-info id="790" free="8566688" total="24313856" percent="35">
    <mem type="nursery" free="5721856" total="8781824" percent="65">
      <mem type="allocate" free="5721856" total="6160384" percent="92" />
      <mem type="survivor" free="0" total="2621440" percent="0" />
    </mem>
    <mem type="tenure" free="2844832" total="15532032" percent="18">
      <mem type="soa" free="2067616" total="14754816" percent="14" />
      <mem type="loa" free="777216" total="777216" percent="100" />
    </mem>
    <remembered-set count="359" />
  </mem-info>
</gc-end>
<cycle-end id="791" type="scavenge" contextid="785" timestamp="2025-12-12T00:30:44.745" />
<allocation-satisfied id="792" threadId="0000000000831C00" bytesRequested="24" />
<af-end id="793" timestamp="2025-12-12T00:30:44.746" threadId="0000000000832678" success="true" from="nursery"/>
<exclusive-end id="794" timestamp="2025-12-12T00:30:44.746" durationms="7.930" />

<exclusive-start id="795" timestamp="2025-12-12T00:30:44.765" intervalms="26.875">
  <response-info timems="0.175" idlems="0.175" threads="0" lastid="0000000000831C00" lastname="Default Executor-thread-1" />
</exclusive-start>
<af-start id="796" threadId="0000000000832678" totalBytesRequested="24" timestamp="2025-12-12T00:30:44.766" intervalms="26.854" type="nursery" />
<cycle-start id="797" type="scavenge" contextid="0" timestamp="2025-12-12T00:30:44.767" intervalms="27.096" />
<gc-start id="798" type="scavenge" contextid="797" timestamp="2025-12-12T00:30:44.768">
  <mem-info id="799" free="2844832" total="24313856" percent="11">
    <mem type="nursery" free="0" total="8781824" percent="0">
      <mem type="allocate" free="0" total="6160384" percent="0" />
      <mem type="survivor" free="0" total="2621440" percent="0" />
    </mem>
    <mem type="tenure" free="2844832" total="15532032" percent="18">
      <mem type="soa" free="2067616" total="14754816" percent="14" />
      <mem type="loa" free="777216" total="777216" percent="100" />
    </mem>
    <remembered-set count="372" />
  </mem-info>
</gc-start>
<allocation-stats totalBytes="5721528" discardedBytes="328" >
  <allocated-bytes non-tlh="24" tlh="5721504" />
  <largest-consumer threadName="Default Executor-thread-1" threadId="0000000000831C00" bytes="5721528" />
</allocation-stats>
<gc-op id="800" type="scavenge" timems="2.455" contextid="797" timestamp="2025-12-12T00:30:44.771">
  <scavenger-info tenureage="2" tenuremask="7004" tiltratio="70" />
  <memory-copied type="nursery" objects="3373" bytes="127008" bytesdiscarded="25056" />
  <memory-copied type="tenure" objects="11528" bytes="334680" bytesdiscarded="472" />
  <object-monitors candidates="18" cleared="0"  />
</gc-op>
<heap-resize id="801" type="expand" space="nursery" amount="917504" count="1" timems="0.075" reason="excessive time being spent scavenging" timestamp="2025-12-12T00:30:44.772" />
<gc-end id="802" type="scavenge" contextid="797" durationms="7.247" usertimems="6.254" systemtimems="0.000" stalltimems="1.497" timestamp="2025-12-12T00:30:44.775" activeThreads="3">
  <mem-info id="803" free="9552288" total="25231360" percent="37">
    <mem type="nursery" free="7056896" total="9699328" percent="72">
      <mem type="allocate" free="7056896" total="7208960" percent="97" />
      <mem type="survivor" free="0" total="2490368" percent="0" />
    </mem>
    <mem type="tenure" free="2495392" total="15532032" percent="16">
      <mem type="soa" free="1718176" total="14754816" percent="11" />
      <mem type="loa" free="777216" total="777216" percent="100" />
    </mem>
    <remembered-set count="326" />
  </mem-info>
</gc-end>
<cycle-end id="804" type="scavenge" contextid="797" timestamp="2025-12-12T00:30:44.776" />
<allocation-satisfied id="805" threadId="0000000000831C00" bytesRequested="24" />
<af-end id="806" timestamp="2025-12-12T00:30:44.777" threadId="0000000000832678" success="true" from="nursery"/>
<exclusive-end id="807" timestamp="2025-12-12T00:30:44.777" durationms="12.032" />

<exclusive-start id="808" timestamp="2025-12-12T00:30:44.800" intervalms="34.579">
  <response-info timems="0.069" idlems="0.069" threads="0" lastid="0000000000831C00" lastname="Default Executor-thread-1" />
</exclusive-start>
<af-start id="809" threadId="0000000000832678" totalBytesRequested="24" timestamp="2025-12-12T00:30:44.801" intervalms="34.486" type="nursery" />
<cycle-start id="810" type="scavenge" contextid="0" timestamp="2025-12-12T00:30:44.801" intervalms="34.519" />
<gc-start id="811" type="scavenge" contextid="810" timestamp="2025-12-12T00:30:44.802">
  <mem-info id="812" free="2494088" total="25231360" percent="9">
    <mem type="nursery" free="0" total="9699328" percent="0">
      <mem type="allocate" free="0" total="7208960" percent="0" />
      <mem type="survivor" free="0" total="2490368" percent="0" />
    </mem>
    <mem type="tenure" free="2494088" total="15532032" percent="16">
      <mem type="soa" free="1716872" total="14754816" percent="11" />
      <mem type="loa" free="777216" total="777216" percent="100" />
    </mem>
    <remembered-set count="380" />
  </mem-info>
</gc-start>
<allocation-stats totalBytes="7057504" discardedBytes="696" >
  <allocated-bytes non-tlh="1328" tlh="7056176" />
  <largest-consumer threadName="Default Executor-thread-1" threadId="0000000000831C00" bytes="7015976" />
</allocation-stats>
<gc-op id="813" type="scavenge" timems="1.696" contextid="810" timestamp="2025-12-12T00:30:44.805">
  <scavenger-info tenureage="2" tenuremask="6004" tiltratio="74" />
  <memory-copied type="nursery" objects="3186" bytes="107872" bytesdiscarded="35720" />
  <memory-copied type="tenure" objects="1114" bytes="49160" bytesdiscarded="72" />
  <finalization candidates="5" enqueued="5" />
  <references type="weak" candidates="18" cleared="11" enqueued="11" />
  <references type="phantom" candidates="2" cleared="2" enqueued="2" />
  <object-monitors candidates="18" cleared="0"  />
</gc-op>
<heap-resize id="814" type="expand" space="nursery" amount="524288" count="1" timems="0.046" reason="excessive time being spent scavenging" timestamp="2025-12-12T00:30:44.806" />
<gc-end id="815" type="scavenge" contextid="810" durationms="4.701" usertimems="2.629" systemtimems="0.000" stalltimems="2.654" timestamp="2025-12-12T00:30:44.807" activeThreads="3">
  <mem-info id="816" free="10564232" total="25755648" percent="41">
    <mem type="nursery" free="8113920" total="10223616" percent="79">
      <mem type="allocate" free="8113920" total="8257536" percent="98" />
      <mem type="survivor" free="0" total="1966080" percent="0" />
    </mem>
    <mem type="tenure" free="2450312" total="15532032" percent="15">
      <mem type="soa" free="1673096" total="14754816" percent="11" />
      <mem type="loa" free="777216" total="777216" percent="100" />
    </mem>
    <pending-finalizers system="5" default="0" reference="13" classloader="0" />
    <remembered-set count="364" />
  </mem-info>
</gc-end>
<cycle-end id="817" type="scavenge" contextid="810" timestamp="2025-12-12T00:30:44.808" />
<allocation-satisfied id="818" threadId="0000000000831C00" bytesRequested="24" />
<af-end id="819" timestamp="2025-12-12T00:30:44.809" threadId="0000000000832678" success="true" from="nursery"/>
<exclusive-end id="820" timestamp="2025-12-12T00:30:44.810" durationms="10.201" />

<concurrent-kickoff id="821" timestamp="2025-12-12T00:30:44.845">
  <kickoff reason="threshold reached" targetBytes="6102666" thresholdFreeBytes="845295"  remainingFree="732928" tenureFreeBytes="2450048" nurseryFreeBytes="732928" />
</concurrent-kickoff>
<exclusive-start id="822" timestamp="2025-12-12T00:30:44.847" intervalms="46.640">
  <response-info timems="0.144" idlems="0.144" threads="0" lastid="0000000000831C00" lastname="Default Executor-thread-1" />
</exclusive-start>
<cycle-start id="823" type="global" contextid="0" timestamp="2025-12-12T00:30:44.847" intervalms="414.448" />
<concurrent-start id="824" type="global mark" contextid="823" timestamp="2025-12-12T00:30:44.848">
</concurrent-start>
<exclusive-end id="825" timestamp="2025-12-12T00:30:44.848" durationms="1.943" />

<exclusive-start id="826" timestamp="2025-12-12T00:30:44.854" intervalms="6.988">
  <response-info timems="0.122" idlems="0.122" threads="0" lastid="0000000000831C00" lastname="Default Executor-thread-1" />
</exclusive-start>
<af-start id="827" threadId="0000000000832678" totalBytesRequested="72" timestamp="2025-12-12T00:30:44.855" intervalms="53.947" type="nursery" />
<cycle-start id="828" type="scavenge" contextid="0" timestamp="2025-12-12T00:30:44.855" intervalms="54.039" />
<gc-start id="829" type="scavenge" contextid="828" timestamp="2025-12-12T00:30:44.856">
  <mem-info id="830" free="2450048" total="25755648" percent="9">
    <mem type="nursery" free="0" total="10223616" percent="0">
      <mem type="allocate" free="0" total="8257536" percent="0" />
      <mem type="survivor" free="0" total="1966080" percent="0" />
    </mem>
    <mem type="tenure" free="2450048" total="15532032" percent="15">
      <mem type="soa" free="1672832" total="14754816" percent="11" />
      <mem type="loa" free="777216" total="777216" percent="100" />
    </mem>
    <remembered-set count="621" />
  </mem-info>
</gc-start>
<allocation-stats totalBytes="8113488" discardedBytes="696" >
  <allocated-bytes non-tlh="288" tlh="8113200" />
  <largest-consumer threadName="Default Executor-thread-1" threadId="0000000000831C00" bytes="8101200" />
</allocation-stats>
<gc-op id="831" type="scavenge" timems="1.123" contextid="828" timestamp="2025-12-12T00:30:44.858">
  <scavenger-info tenureage="2" tenuremask="4004" tiltratio="80" />
  <memory-copied type="nursery" objects="7318" bytes="202424" bytesdiscarded="51760" />
  <memory-copied type="tenure" objects="1472" bytes="44272" bytesdiscarded="64" />
  <ownableSynchronizers candidates="3" cleared="0" />
  <references type="weak" candidates="11" cleared="3" enqueued="3" />
  <object-monitors candidates="19" cleared="0"  />
</gc-op>
<gc-end id="832" type="scavenge" contextid="828" durationms="3.574" usertimems="2.482" systemtimems="0.000" stalltimems="0.225" timestamp="2025-12-12T00:30:44.860" activeThreads="2">
  <mem-info id="833" free="10843776" total="25755648" percent="42">
    <mem type="nursery" free="8462080" total="10223616" percent="82">
      <mem type="allocate" free="8462080" total="8716288" percent="97" />
      <mem type="survivor" free="0" total="1507328" percent="0" />
    </mem>
    <mem type="tenure" free="2381696" total="15532032" percent="15">
      <mem type="soa" free="1604480" total="14754816" percent="10" />
      <mem type="loa" free="777216" total="777216" percent="100" />
    </mem>
    <pending-finalizers system="0" default="0" reference="3" classloader="0" />
    <remembered-set count="584" />
  </mem-info>
</gc-end>
<cycle-end id="834" type="scavenge" contextid="828" timestamp="2025-12-12T00:30:44.861" />
<allocation-satisfied id="835" threadId="0000000000831C00" bytesRequested="72" />
<af-end id="836" timestamp="2025-12-12T00:30:44.867" threadId="0000000000832678" success="true" from="nursery"/>
<exclusive-end id="837" timestamp="2025-12-12T00:30:44.868" durationms="14.836" />

<exclusive-start id="838" timestamp="2025-12-12T00:30:44.907" intervalms="53.464">
  <response-info timems="0.081" idlems="0.081" threads="0" lastid="0000000000831C00" lastname="Default Executor-thread-1" />
</exclusive-start>
<af-start id="839" threadId="0000000000832678" totalBytesRequested="24" timestamp="2025-12-12T00:30:44.908" intervalms="53.111" type="nursery" />
<percolate-collect id="840" from="nursery" to="global" reason="concurrent mark exhausted" timestamp="2025-12-12T00:30:44.908"/>
<concurrent-end id="841" type="global mark" contextid="823" timestamp="2025-12-12T00:30:44.909">
<gc-op id="842" type="trace" timems="59.085" contextid="823" timestamp="2025-12-12T00:30:44.909">
  <trace bytesTraced="7706824" workStackOverflowCount="0" />
  <card-cleaning reason="card cleaning threshold reached" bytesTraced="40480" cardsCleaned="117" />
</gc-op>
</concurrent-end>

<gc-start id="843" type="global" contextid="823" timestamp="2025-12-12T00:30:44.910">
  <mem-info id="844" free="2381696" total="25755648" percent="9">
    <mem type="nursery" free="0" total="10223616" percent="0">
      <mem type="allocate" free="0" total="8716288" percent="0" />
      <mem type="survivor" free="0" total="1507328" percent="0" />
    </mem>
    <mem type="tenure" free="2381696" total="15532032" percent="15">
      <mem type="soa" free="1604480" total="14754816" percent="10" />
      <mem type="loa" free="777216" total="777216" percent="100" />
    </mem>
    <remembered-set count="648" />
  </mem-info>
</gc-start>
<allocation-stats totalBytes="8461392" discardedBytes="688" >
  <allocated-bytes non-tlh="72" tlh="8461320" />
  <largest-consumer threadName="Default Executor-thread-1" threadId="0000000000831C00" bytes="8461392" />
</allocation-stats>
<concurrent-halted id="845" timestamp="2025-12-12T00:30:44.911">
  <halted state="Complete" status="exhausted" />
  <traced bytesTarget="6102666" bytesTotal="7747304" bytesByMutator="3350696" bytesByHelper="4396608" percent="126" />
  <cards cleaned="117" thresholdBytes="332995" />
</concurrent-halted>
<gc-op id="846" type="rs-scan" timems="4.906" contextid="823" timestamp="2025-12-12T00:30:44.917">
  <scan objectsFound="7631" bytesTraced="233848" workStackOverflowCount="0" />
</gc-op>
<gc-op id="847" type="card-cleaning" timems="1.509" contextid="823" timestamp="2025-12-12T00:30:44.919">
  <card-cleaning cardsCleaned="0" bytesTraced="0" workStackOverflowCount="0" />
</gc-op>
<gc-op id="848" type="mark" timems="8.515" contextid="823" timestamp="2025-12-12T00:30:44.929">
  <trace-info objectcount="552" scancount="546" scanbytes="17164" />
  <finalization candidates="733" enqueued="0" />
  <ownableSynchronizers candidates="627" cleared="2" />
  <references type="soft" candidates="4486" cleared="0" enqueued="0" dynamicThreshold="9" maxThreshold="32" />
  <references type="weak" candidates="1295" cleared="0" enqueued="0" />
  <references type="phantom" candidates="123" cleared="0" enqueued="0" />
  <stringconstants candidates="12662" cleared="0"  />
  <object-monitors candidates="19" cleared="0"  />
</gc-op>
<gc-op id="849" type="sweep" timems="2.488" contextid="823" timestamp="2025-12-12T00:30:44.932" />
<heap-resize id="850" type="expand" space="tenure" amount="2883584" count="1" timems="0.076" reason="insufficient free space following gc" timestamp="2025-12-12T00:30:44.933" />
<gc-end id="851" type="global" contextid="823" durationms="23.945" usertimems="21.278" systemtimems="23.808" stalltimems="91.839" timestamp="2025-12-12T00:30:44.934" activeThreads="12">
  <mem-info id="852" free="13773088" total="28639232" percent="48">
    <mem type="nursery" free="8237328" total="10223616" percent="80">
      <mem type="allocate" free="8237328" total="8716288" percent="94" />
      <mem type="survivor" free="0" total="1507328" percent="0" />
    </mem>
    <mem type="tenure" free="5535760" total="18415616" percent="30" micro-fragmented="165785" macro-fragmented="0">
      <mem type="soa" free="4614160" total="17494016" percent="26" />
      <mem type="loa" free="921600" total="921600" percent="100" />
    </mem>
    <remembered-set count="633" />
  </mem-info>
</gc-end>
<cycle-end id="853" type="global" contextid="823" timestamp="2025-12-12T00:30:44.935" />
<allocation-satisfied id="854" threadId="0000000000831C00" bytesRequested="24" />
<af-end id="855" timestamp="2025-12-12T00:30:44.936" threadId="0000000000832678" success="true" from="nursery"/>
<exclusive-end id="856" timestamp="2025-12-12T00:30:44.937" durationms="29.939" />

<exclusive-start id="857" timestamp="2025-12-12T00:30:44.975" intervalms="67.706">
  <response-info timems="0.077" idlems="0.077" threads="0" lastid="0000000000831C00" lastname="Default Executor-thread-1" />
</exclusive-start>
<af-start id="858" threadId="0000000000832678" totalBytesRequested="24" timestamp="2025-12-12T00:30:44.975" intervalms="67.746" type="nursery" />
<cycle-start id="859" type="scavenge" contextid="0" timestamp="2025-12-12T00:30:44.976" intervalms="121.017" />
<gc-start id="860" type="scavenge" contextid="859" timestamp="2025-12-12T00:30:44.977">
  <mem-info id="861" free="5535760" total="28639232" percent="19">
    <mem type="nursery" free="0" total="10223616" percent="0">
      <mem type="allocate" free="0" total="8716288" percent="0" />
      <mem type="survivor" free="0" total="1507328" percent="0" />
    </mem>
    <mem type="tenure" free="5535760" total="18415616" percent="30">
      <mem type="soa" free="4614160" total="17494016" percent="26" />
      <mem type="loa" free="921600" total="921600" percent="100" />
    </mem>
    <remembered-set count="658" />
  </mem-info>
</gc-start>
<allocation-stats totalBytes="8235040" discardedBytes="2288" >
  <allocated-bytes non-tlh="24" tlh="8235016" />
  <largest-consumer threadName="Default Executor-thread-1" threadId="0000000000831C00" bytes="8235040" />
</allocation-stats>
<gc-op id="862" type="scavenge" timems="1.735" contextid="859" timestamp="2025-12-12T00:30:44.980">
  <scavenger-info tenureage="14" tenuremask="4000" tiltratio="85" />
  <memory-copied type="nursery" objects="12339" bytes="341656" bytesdiscarded="61536" />
  <ownableSynchronizers candidates="1247" cleared="1244" />
  <references type="weak" candidates="8" cleared="0" enqueued="0" />
  <object-monitors candidates="19" cleared="0"  />
</gc-op>
<gc-end id="863" type="scavenge" contextid="859" durationms="3.729" usertimems="2.596" systemtimems="0.904" stalltimems="0.639" timestamp="2025-12-12T00:30:44.981" activeThreads="2">
  <mem-info id="864" free="13979920" total="28639232" percent="48">
    <mem type="nursery" free="8444160" total="10223616" percent="82">
      <mem type="allocate" free="8444160" total="8847360" percent="95" />
      <mem type="survivor" free="0" total="1376256" percent="0" />
    </mem>
    <mem type="tenure" free="5535760" total="18415616" percent="30">
      <mem type="soa" free="4614160" total="17494016" percent="26" />
      <mem type="loa" free="921600" total="921600" percent="100" />
    </mem>
    <remembered-set count="599" />
  </mem-info>
</gc-end>
<cycle-end id="865" type="scavenge" contextid="859" timestamp="2025-12-12T00:30:44.982" />
<allocation-satisfied id="866" threadId="0000000000831C00" bytesRequested="24" />
<af-end id="867" timestamp="2025-12-12T00:30:44.983" threadId="0000000000832678" success="true" from="nursery"/>
<exclusive-end id="868" timestamp="2025-12-12T00:30:44.983" durationms="8.777" />

<exclusive-start id="869" timestamp="2025-12-12T00:30:45.014" intervalms="39.337">
  <response-info timems="0.117" idlems="0.117" threads="0" lastid="0000000000831C00" lastname="Default Executor-thread-1" />
</exclusive-start>
<af-start id="870" threadId="0000000000832678" totalBytesRequested="24" timestamp="2025-12-12T00:30:45.015" intervalms="39.602" type="nursery" />
<cycle-start id="871" type="scavenge" contextid="0" timestamp="2025-12-12T00:30:45.016" intervalms="39.281" />
<gc-start id="872" type="scavenge" contextid="871" timestamp="2025-12-12T00:30:45.016">
  <mem-info id="873" free="5535760" total="28639232" percent="19">
    <mem type="nursery" free="0" total="10223616" percent="0">
      <mem type="allocate" free="0" total="8847360" percent="0" />
      <mem type="survivor" free="0" total="1376256" percent="0" />
    </mem>
    <mem type="tenure" free="5535760" total="18415616" percent="30">
      <mem type="soa" free="4614160" total="17494016" percent="26" />
      <mem type="loa" free="921600" total="921600" percent="100" />
    </mem>
    <remembered-set count="600" />
  </mem-info>
</gc-start>
<allocation-stats totalBytes="8443960" discardedBytes="200" >
  <allocated-bytes non-tlh="24" tlh="8443936" />
  <largest-consumer threadName="Default Executor-thread-1" threadId="0000000000831C00" bytes="8443960" />
</allocation-stats>
<gc-op id="874" type="scavenge" timems="2.180" contextid="871" timestamp="2025-12-12T00:30:45.020">
  <scavenger-info tenureage="14" tenuremask="4000" tiltratio="86" />
  <memory-copied type="nursery" objects="12527" bytes="348384" bytesdiscarded="20248" />
  <ownableSynchronizers candidates="3" cleared="0" />
  <references type="weak" candidates="8" cleared="0" enqueued="0" />
  <object-monitors candidates="19" cleared="0"  />
</gc-op>
<heap-resize id="875" type="expand" space="nursery" amount="655360" count="1" timems="0.180" reason="excessive time being spent scavenging" timestamp="2025-12-12T00:30:45.021" />
<gc-end id="876" type="scavenge" contextid="871" durationms="5.926" usertimems="4.599" systemtimems="0.000" stalltimems="0.853" timestamp="2025-12-12T00:30:45.022" activeThreads="2">
  <mem-info id="877" free="14735376" total="29294592" percent="50">
    <mem type="nursery" free="9199616" total="10878976" percent="84">
      <mem type="allocate" free="9199616" total="9568256" percent="96" />
      <mem type="survivor" free="0" total="1310720" percent="0" />
    </mem>
    <mem type="tenure" free="5535760" total="18415616" percent="30">
      <mem type="soa" free="4614160" total="17494016" percent="26" />
      <mem type="loa" free="921600" total="921600" percent="100" />
    </mem>
    <remembered-set count="595" />
  </mem-info>
</gc-end>
<cycle-end id="878" type="scavenge" contextid="871" timestamp="2025-12-12T00:30:45.023" />
<allocation-satisfied id="879" threadId="0000000000831C00" bytesRequested="24" />
<af-end id="880" timestamp="2025-12-12T00:30:45.025" threadId="0000000000832678" success="true" from="nursery"/>
<exclusive-end id="881" timestamp="2025-12-12T00:30:45.025" durationms="11.265" />

<exclusive-start id="882" timestamp="2025-12-12T00:30:45.057" intervalms="42.902">
  <response-info timems="0.336" idlems="0.336" threads="0" lastid="0000000000831C00" lastname="Default Executor-thread-1" />
</exclusive-start>
<af-start id="883" threadId="0000000000832678" totalBytesRequested="24" timestamp="2025-12-12T00:30:45.058" intervalms="43.329" type="nursery" />
<cycle-start id="884" type="scavenge" contextid="0" timestamp="2025-12-12T00:30:45.060" intervalms="44.243" />
<gc-start id="885" type="scavenge" contextid="884" timestamp="2025-12-12T00:30:45.061">
  <mem-info id="886" free="5535760" total="29294592" percent="18">
    <mem type="nursery" free="0" total="10878976" percent="0">
      <mem type="allocate" free="0" total="9568256" percent="0" />
      <mem type="survivor" free="0" total="1310720" percent="0" />
    </mem>
    <mem type="tenure" free="5535760" total="18415616" percent="30">
      <mem type="soa" free="4614160" total="17494016" percent="26" />
      <mem type="loa" free="921600" total="921600" percent="100" />
    </mem>
    <remembered-set count="596" />
  </mem-info>
</gc-start>
<allocation-stats totalBytes="9199272" discardedBytes="344" >
  <allocated-bytes non-tlh="24" tlh="9199248" />
  <largest-consumer threadName="Default Executor-thread-1" threadId="0000000000831C00" bytes="9199272" />
</allocation-stats>
<gc-op id="887" type="scavenge" timems="1.822" contextid="884" timestamp="2025-12-12T00:30:45.064">
  <scavenger-info tenureage="3" tenuremask="4008" tiltratio="87" />
  <memory-copied type="nursery" objects="6167" bytes="178832" bytesdiscarded="12400" />
  <memory-copied type="tenure" objects="6521" bytes="175264" bytesdiscarded="328" />
  <ownableSynchronizers candidates="3" cleared="0" />
  <references type="weak" candidates="7" cleared="0" enqueued="0" />
  <object-monitors candidates="19" cleared="0"  />
</gc-op>
<heap-resize id="888" type="expand" space="nursery" amount="524288" count="1" timems="0.047" reason="excessive time being spent scavenging" timestamp="2025-12-12T00:30:45.065" />
<gc-end id="889" type="scavenge" contextid="884" durationms="4.460" usertimems="0.000" systemtimems="3.470" stalltimems="0.691" timestamp="2025-12-12T00:30:45.066" activeThreads="2">
  <mem-info id="890" free="15365704" total="29818880" percent="51">
    <mem type="nursery" free="10032384" total="11403264" percent="87">
      <mem type="allocate" free="10032384" total="10223616" percent="98" />
      <mem type="survivor" free="0" total="1179648" percent="0" />
    </mem>
    <mem type="tenure" free="5333320" total="18415616" percent="28">
      <mem type="soa" free="4411720" total="17494016" percent="25" />
      <mem type="loa" free="921600" total="921600" percent="100" />
    </mem>
    <remembered-set count="398" />
  </mem-info>
</gc-end>
<cycle-end id="891" type="scavenge" contextid="884" timestamp="2025-12-12T00:30:45.066" />
<allocation-satisfied id="892" threadId="0000000000831C00" bytesRequested="24" />
<af-end id="893" timestamp="2025-12-12T00:30:45.068" threadId="0000000000832678" success="true" from="nursery"/>
<exclusive-end id="894" timestamp="2025-12-12T00:30:45.068" durationms="11.371" />

<exclusive-start id="895" timestamp="2025-12-12T00:30:45.100" intervalms="43.427">
  <response-info timems="0.224" idlems="0.224" threads="0" lastid="0000000000831C00" lastname="Default Executor-thread-1" />
</exclusive-start>
<af-start id="896" threadId="0000000000832678" totalBytesRequested="72" timestamp="2025-12-12T00:30:45.101" intervalms="42.768" type="nursery" />
<cycle-start id="897" type="scavenge" contextid="0" timestamp="2025-12-12T00:30:45.102" intervalms="41.954" />
<gc-start id="898" type="scavenge" contextid="897" timestamp="2025-12-12T00:30:45.103">
  <mem-info id="899" free="5333320" total="29818880" percent="17">
    <mem type="nursery" free="0" total="11403264" percent="0">
      <mem type="allocate" free="0" total="10223616" percent="0" />
      <mem type="survivor" free="0" total="1179648" percent="0" />
    </mem>
    <mem type="tenure" free="5333320" total="18415616" percent="28">
      <mem type="soa" free="4411720" total="17494016" percent="25" />
      <mem type="loa" free="921600" total="921600" percent="100" />
    </mem>
    <remembered-set count="399" />
  </mem-info>
</gc-start>
<allocation-stats totalBytes="10031960" discardedBytes="424" >
  <allocated-bytes non-tlh="24" tlh="10031936" />
  <largest-consumer threadName="Default Executor-thread-1" threadId="0000000000831C00" bytes="10031960" />
</allocation-stats>
<gc-op id="900" type="scavenge" timems="1.219" contextid="897" timestamp="2025-12-12T00:30:45.105">
  <scavenger-info tenureage="3" tenuremask="4008" tiltratio="89" />
  <memory-copied type="nursery" objects="1299" bytes="43744" bytesdiscarded="24608" />
  <memory-copied type="tenure" objects="4965" bytes="139168" bytesdiscarded="120" />
  <references type="weak" candidates="7" cleared="0" enqueued="0" />
  <object-monitors candidates="19" cleared="0"  />
</gc-op>
<heap-resize id="901" type="expand" space="nursery" amount="524288" count="1" timems="0.170" reason="excessive time being spent scavenging" timestamp="2025-12-12T00:30:45.107" />
<gc-end id="902" type="scavenge" contextid="897" durationms="4.541" usertimems="0.000" systemtimems="2.565" stalltimems="0.434" timestamp="2025-12-12T00:30:45.107" activeThreads="2">
  <mem-info id="903" free="15786632" total="30343168" percent="52">
    <mem type="nursery" free="10614016" total="11927552" percent="88">
      <mem type="allocate" free="10614016" total="10682368" percent="99" />
      <mem type="survivor" free="0" total="1245184" percent="0" />
    </mem>
    <mem type="tenure" free="5172616" total="18415616" percent="28">
      <mem type="soa" free="4251016" total="17494016" percent="24" />
      <mem type="loa" free="921600" total="921600" percent="100" />
    </mem>
    <remembered-set count="312" />
  </mem-info>
</gc-end>
<cycle-end id="904" type="scavenge" contextid="897" timestamp="2025-12-12T00:30:45.108" />
<allocation-satisfied id="905" threadId="0000000000831C00" bytesRequested="72" />
<af-end id="906" timestamp="2025-12-12T00:30:45.109" threadId="0000000000832678" success="true" from="nursery"/>
<exclusive-end id="907" timestamp="2025-12-12T00:30:45.110" durationms="9.466" />

<exclusive-start id="908" timestamp="2025-12-12T00:30:45.143" intervalms="43.110">
  <response-info timems="0.073" idlems="0.073" threads="0" lastid="0000000000831C00" lastname="Default Executor-thread-1" />
</exclusive-start>
<af-start id="909" threadId="0000000000832678" totalBytesRequested="40" timestamp="2025-12-12T00:30:45.144" intervalms="43.117" type="nursery" />
<cycle-start id="910" type="scavenge" contextid="0" timestamp="2025-12-12T00:30:45.145" intervalms="42.973" />
<gc-start id="911" type="scavenge" contextid="910" timestamp="2025-12-12T00:30:45.146">
  <mem-info id="912" free="5172616" total="30343168" percent="17">
    <mem type="nursery" free="0" total="11927552" percent="0">
      <mem type="allocate" free="0" total="10682368" percent="0" />
      <mem type="survivor" free="0" total="1245184" percent="0" />
    </mem>
    <mem type="tenure" free="5172616" total="18415616" percent="28">
      <mem type="soa" free="4251016" total="17494016" percent="24" />
      <mem type="loa" free="921600" total="921600" percent="100" />
    </mem>
    <remembered-set count="315" />
  </mem-info>
</gc-start>
<allocation-stats totalBytes="10613504" discardedBytes="512" >
  <allocated-bytes non-tlh="72" tlh="10613432" />
  <largest-consumer threadName="Default Executor-thread-1" threadId="0000000000831C00" bytes="10613504" />
</allocation-stats>
<gc-op id="913" type="scavenge" timems="0.958" contextid="910" timestamp="2025-12-12T00:30:45.148">
  <scavenger-info tenureage="3" tenuremask="4048" tiltratio="89" />
  <memory-copied type="nursery" objects="811" bytes="28112" bytesdiscarded="27952" />
  <memory-copied type="tenure" objects="733" bytes="23440" bytesdiscarded="24" />
  <object-monitors candidates="19" cleared="0"  />
</gc-op>
<gc-end id="914" type="scavenge" contextid="910" durationms="2.627" usertimems="1.157" systemtimems="0.398" stalltimems="0.325" timestamp="2025-12-12T00:30:45.148" activeThreads="2">
  <mem-info id="915" free="15778184" total="30343168" percent="51">
    <mem type="nursery" free="10626304" total="11927552" percent="89">
      <mem type="allocate" free="10626304" total="10682368" percent="99" />
      <mem type="survivor" free="0" total="1245184" percent="0" />
    </mem>
    <mem type="tenure" free="5151880" total="18415616" percent="27">
      <mem type="soa" free="4230280" total="17494016" percent="24" />
      <mem type="loa" free="921600" total="921600" percent="100" />
    </mem>
    <remembered-set count="273" />
  </mem-info>
</gc-end>
<cycle-end id="916" type="scavenge" contextid="910" timestamp="2025-12-12T00:30:45.149" />
<allocation-satisfied id="917" threadId="0000000000831C00" bytesRequested="40" />
<af-end id="918" timestamp="2025-12-12T00:30:45.150" threadId="0000000000832678" success="true" from="nursery"/>
<exclusive-end id="919" timestamp="2025-12-12T00:30:45.150" durationms="6.656" />

<exclusive-start id="920" timestamp="2025-12-12T00:30:45.181" intervalms="37.481">
  <response-info timems="0.088" idlems="0.088" threads="0" lastid="0000000000831C00" lastname="Default Executor-thread-1" />
</exclusive-start>
<af-start id="921" threadId="0000000000832678" totalBytesRequested="24" timestamp="2025-12-12T00:30:45.182" intervalms="37.513" type="nursery" />
<cycle-start id="922" type="scavenge" contextid="0" timestamp="2025-12-12T00:30:45.183" intervalms="37.692" />
<gc-start id="923" type="scavenge" contextid="922" timestamp="2025-12-12T00:30:45.183">
  <mem-info id="924" free="5151880" total="30343168" percent="16">
    <mem type="nursery" free="0" total="11927552" percent="0">
      <mem type="allocate" free="0" total="10682368" percent="0" />
      <mem type="survivor" free="0" total="1245184" percent="0" />
    </mem>
    <mem type="tenure" free="5151880" total="18415616" percent="27">
      <mem type="soa" free="4230280" total="17494016" percent="24" />
      <mem type="loa" free="921600" total="921600" percent="100" />
    </mem>
    <remembered-set count="285" />
  </mem-info>
</gc-start>
<allocation-stats totalBytes="10625528" discardedBytes="776" >
  <allocated-bytes non-tlh="40" tlh="10625488" />
  <largest-consumer threadName="Default Executor-thread-1" threadId="0000000000831C00" bytes="10625528" />
</allocation-stats>
<gc-op id="925" type="scavenge" timems="0.556" contextid="922" timestamp="2025-12-12T00:30:45.185">
  <scavenger-info tenureage="5" tenuremask="ff60" tiltratio="89" />
  <memory-copied type="nursery" objects="698" bytes="22792" bytesdiscarded="6392" />
  <object-monitors candidates="19" cleared="0"  />
</gc-op>
<gc-end id="926" type="scavenge" contextid="922" durationms="2.174" usertimems="1.065" systemtimems="0.000" stalltimems="0.151" timestamp="2025-12-12T00:30:45.186" activeThreads="2">
  <mem-info id="927" free="15805064" total="30343168" percent="52">
    <mem type="nursery" free="10653184" total="11927552" percent="89">
      <mem type="allocate" free="10653184" total="10682368" percent="99" />
      <mem type="survivor" free="0" total="1245184" percent="0" />
    </mem>
    <mem type="tenure" free="5151880" total="18415616" percent="27">
      <mem type="soa" free="4230280" total="17494016" percent="24" />
      <mem type="loa" free="921600" total="921600" percent="100" />
    </mem>
    <remembered-set count="264" />
  </mem-info>
</gc-end>
<cycle-end id="928" type="scavenge" contextid="922" timestamp="2025-12-12T00:30:45.186" />
<allocation-satisfied id="929" threadId="0000000000831C00" bytesRequested="24" />
<af-end id="930" timestamp="2025-12-12T00:30:45.187" threadId="0000000000832678" success="true" from="nursery"/>
<exclusive-end id="931" timestamp="2025-12-12T00:30:45.188" durationms="6.825" />

<exclusive-start id="932" timestamp="2025-12-12T00:30:45.250" intervalms="69.125">
  <response-info timems="0.046" idlems="0.046" threads="0" lastid="0000000000831C00" lastname="Default Executor-thread-1" />
</exclusive-start>
<af-start id="933" threadId="0000000000832678" totalBytesRequested="24" timestamp="2025-12-12T00:30:45.251" intervalms="68.969" type="nursery" />
<cycle-start id="934" type="scavenge" contextid="0" timestamp="2025-12-12T00:30:45.251" intervalms="68.730" />
<gc-start id="935" type="scavenge" contextid="934" timestamp="2025-12-12T00:30:45.252">
  <mem-info id="936" free="5142288" total="30343168" percent="16">
    <mem type="nursery" free="0" total="11927552" percent="0">
      <mem type="allocate" free="0" total="10682368" percent="0" />
      <mem type="survivor" free="0" total="1245184" percent="0" />
    </mem>
    <mem type="tenure" free="5142288" total="18415616" percent="27">
      <mem type="soa" free="4220688" total="17494016" percent="24" />
      <mem type="loa" free="921600" total="921600" percent="100" />
    </mem>
    <remembered-set count="2899" />
  </mem-info>
</gc-start>
<allocation-stats totalBytes="10661920" discardedBytes="856" >
  <allocated-bytes non-tlh="9616" tlh="10652304" />
  <largest-consumer threadName="Default Executor-thread-1" threadId="0000000000831C00" bytes="10661920" />
</allocation-stats>
<gc-op id="937" type="scavenge" timems="2.170" contextid="934" timestamp="2025-12-12T00:30:45.255">
  <scavenger-info tenureage="5" tenuremask="ffe0" tiltratio="89" />
  <memory-copied type="nursery" objects="12552" bytes="355288" bytesdiscarded="27016" />
  <references type="soft" candidates="2" cleared="0" enqueued="0" dynamicThreshold="9" maxThreshold="32" />
  <references type="weak" candidates="35" cleared="28" enqueued="28" />
  <object-monitors candidates="19" cleared="0"  />
</gc-op>
<heap-resize id="938" type="expand" space="nursery" amount="524288" count="1" timems="0.042" reason="excessive time being spent scavenging" timestamp="2025-12-12T00:30:45.256" />
<gc-end id="939" type="scavenge" contextid="934" durationms="4.736" usertimems="4.513" systemtimems="0.000" stalltimems="0.235" timestamp="2025-12-12T00:30:45.257" activeThreads="2">
  <mem-info id="940" free="15900936" total="30867456" percent="51">
    <mem type="nursery" free="10758648" total="12451840" percent="86">
      <mem type="allocate" free="10758648" total="11141120" percent="96" />
      <mem type="survivor" free="0" total="1310720" percent="0" />
    </mem>
    <mem type="tenure" free="5142288" total="18415616" percent="27">
      <mem type="soa" free="4220688" total="17494016" percent="24" />
      <mem type="loa" free="921600" total="921600" percent="100" />
    </mem>
    <pending-finalizers system="0" default="0" reference="28" classloader="0" />
    <remembered-set count="1852" />
  </mem-info>
</gc-end>
<cycle-end id="941" type="scavenge" contextid="934" timestamp="2025-12-12T00:30:45.257" />
<allocation-satisfied id="942" threadId="0000000000831C00" bytesRequested="24" />
<af-end id="943" timestamp="2025-12-12T00:30:45.258" threadId="0000000000832678" success="true" from="nursery"/>
<exclusive-end id="944" timestamp="2025-12-12T00:30:45.259" durationms="8.576" />

<exclusive-start id="945" timestamp="2025-12-12T00:30:45.531" intervalms="281.072">
  <response-info timems="0.071" idlems="0.071" threads="0" lastid="0000000000831C00" lastname="Default Executor-thread-1" />
</exclusive-start>
<af-start id="946" threadId="0000000000832678" totalBytesRequested="16392" timestamp="2025-12-12T00:30:45.532" intervalms="281.001" type="nursery" />
<cycle-start id="947" type="scavenge" contextid="0" timestamp="2025-12-12T00:30:45.532" intervalms="281.070" />
<gc-start id="948" type="scavenge" contextid="947" timestamp="2025-12-12T00:30:45.535">
  <mem-info id="949" free="5139784" total="30867456" percent="16">
    <mem type="nursery" free="0" total="12451840" percent="0">
      <mem type="allocate" free="0" total="11141120" percent="0" />
      <mem type="survivor" free="0" total="1310720" percent="0" />
    </mem>
    <mem type="tenure" free="5139784" total="18415616" percent="27">
      <mem type="soa" free="4218184" total="17494016" percent="24" />
      <mem type="loa" free="921600" total="921600" percent="100" />
    </mem>
    <remembered-set count="2255" />
  </mem-info>
</gc-start>
<allocation-stats totalBytes="10641664" discardedBytes="119488" >
  <allocated-bytes non-tlh="242856" tlh="10398808" />
  <largest-consumer threadName="Default Executor-thread-1" threadId="0000000000831C00" bytes="10588336" />
</allocation-stats>
<gc-op id="950" type="scavenge" timems="3.708" contextid="947" timestamp="2025-12-12T00:30:45.540">
  <scavenger-info tenureage="4" tenuremask="ffd0" tiltratio="89" />
  <memory-copied type="nursery" objects="27194" bytes="1309304" bytesdiscarded="400" />
  <memory-copied type="tenure" objects="8685" bytes="283128" bytesdiscarded="144" />
  <copy-failed type="nursery" objects="8675" bytes="282688" />
  <ownableSynchronizers candidates="94" cleared="54" />
  <references type="weak" candidates="15" cleared="0" enqueued="0" />
  <references type="phantom" candidates="59" cleared="0" enqueued="0" />
  <object-monitors candidates="19" cleared="0"  />
</gc-op>
<gc-end id="951" type="scavenge" contextid="947" durationms="6.632" usertimems="8.017" systemtimems="0.000" stalltimems="0.383" timestamp="2025-12-12T00:30:45.541" activeThreads="2">
  <mem-info id="952" free="12457792" total="30867456" percent="40">
    <mem type="nursery" free="7602176" total="12451840" percent="61">
      <mem type="allocate" free="7602176" total="8912896" percent="85" />
      <mem type="survivor" free="0" total="3538944" percent="0" />
    </mem>
    <mem type="tenure" free="4855616" total="18415616" percent="26">
      <mem type="soa" free="3934016" total="17494016" percent="22" />
      <mem type="loa" free="921600" total="921600" percent="100" />
    </mem>
    <remembered-set count="2542" />
  </mem-info>
</gc-end>
<cycle-end id="953" type="scavenge" contextid="947" timestamp="2025-12-12T00:30:45.542" />
<allocation-satisfied id="954" threadId="0000000000831C00" bytesRequested="16392" />
<af-end id="955" timestamp="2025-12-12T00:30:45.543" threadId="0000000000832678" success="true" from="nursery"/>
<exclusive-end id="956" timestamp="2025-12-12T00:30:45.544" durationms="12.518" />

<exclusive-start id="957" timestamp="2025-12-12T00:30:45.641" intervalms="110.053">
  <response-info timems="0.316" idlems="0.316" threads="0" lastid="0000000000831C00" lastname="Default Executor-thread-1" />
</exclusive-start>
<af-start id="958" threadId="0000000000832678" totalBytesRequested="4104" timestamp="2025-12-12T00:30:45.642" intervalms="110.516" type="nursery" />
<cycle-start id="959" type="scavenge" contextid="0" timestamp="2025-12-12T00:30:45.643" intervalms="110.582" />
<gc-start id="960" type="scavenge" contextid="959" timestamp="2025-12-12T00:30:45.644">
  <mem-info id="961" free="4855344" total="30867456" percent="15">
    <mem type="nursery" free="0" total="12451840" percent="0">
      <mem type="allocate" free="0" total="8912896" percent="0" />
      <mem type="survivor" free="0" total="3538944" percent="0" />
    </mem>
    <mem type="tenure" free="4855344" total="18415616" percent="26">
      <mem type="soa" free="3933744" total="17494016" percent="22" />
      <mem type="loa" free="921600" total="921600" percent="100" />
    </mem>
    <remembered-set count="2812" />
  </mem-info>
</gc-start>
<allocation-stats totalBytes="7598488" discardedBytes="3960" >
  <allocated-bytes non-tlh="16664" tlh="7581824" />
  <largest-consumer threadName="Default Executor-thread-1" threadId="0000000000831C00" bytes="7524792" />
</allocation-stats>
<gc-op id="962" type="scavenge" timems="4.299" contextid="959" timestamp="2025-12-12T00:30:45.650">
  <scavenger-info tenureage="3" tenuremask="ffd8" tiltratio="71" />
  <memory-copied type="nursery" objects="47100" bytes="2652488" bytesdiscarded="42824" />
  <memory-copied type="tenure" objects="55" bytes="1616" bytesdiscarded="0" />
  <ownableSynchronizers candidates="220" cleared="108" />
  <references type="weak" candidates="15" cleared="0" enqueued="0" />
  <references type="phantom" candidates="167" cleared="0" enqueued="0" />
  <object-monitors candidates="19" cleared="0"  />
</gc-op>
<gc-end id="963" type="scavenge" contextid="959" durationms="7.010" usertimems="5.623" systemtimems="3.267" stalltimems="0.521" timestamp="2025-12-12T00:30:45.651" activeThreads="2">
  <mem-info id="964" free="10218768" total="30867456" percent="33">
    <mem type="nursery" free="5363424" total="12451840" percent="43">
      <mem type="allocate" free="5363424" total="8060928" percent="66" />
      <mem type="survivor" free="0" total="4390912" percent="0" />
    </mem>
    <mem type="tenure" free="4855344" total="18415616" percent="26">
      <mem type="soa" free="3933744" total="17494016" percent="22" />
      <mem type="loa" free="921600" total="921600" percent="100" />
    </mem>
    <remembered-set count="2566" />
  </mem-info>
</gc-end>
<cycle-end id="965" type="scavenge" contextid="959" timestamp="2025-12-12T00:30:45.652" />
<allocation-satisfied id="966" threadId="0000000000831C00" bytesRequested="4104" />
<af-end id="967" timestamp="2025-12-12T00:30:45.654" threadId="0000000000832678" success="true" from="nursery"/>
<exclusive-end id="968" timestamp="2025-12-12T00:30:45.654" durationms="13.007" />

<exclusive-start id="969" timestamp="2025-12-12T00:30:45.714" intervalms="73.257">
  <response-info timems="0.103" idlems="0.103" threads="0" lastid="0000000000831C00" lastname="Default Executor-thread-1" />
</exclusive-start>
<af-start id="970" threadId="0000000000832678" totalBytesRequested="8200" timestamp="2025-12-12T00:30:45.715" intervalms="73.010" type="nursery" />
<cycle-start id="971" type="scavenge" contextid="0" timestamp="2025-12-12T00:30:45.716" intervalms="73.004" />
<gc-start id="972" type="scavenge" contextid="971" timestamp="2025-12-12T00:30:45.717">
  <mem-info id="973" free="4855080" total="30867456" percent="15">
    <mem type="nursery" free="0" total="12451840" percent="0">
      <mem type="allocate" free="0" total="8060928" percent="0" />
      <mem type="survivor" free="0" total="4390912" percent="0" />
    </mem>
    <mem type="tenure" free="4855080" total="18415616" percent="26">
      <mem type="soa" free="3933480" total="17494016" percent="22" />
      <mem type="loa" free="921600" total="921600" percent="100" />
    </mem>
    <remembered-set count="2788" />
  </mem-info>
</gc-start>
<allocation-stats totalBytes="5359144" discardedBytes="4544" >
  <allocated-bytes non-tlh="240224" tlh="5118920" />
  <largest-consumer threadName="Default Executor-thread-1" threadId="0000000000831C00" bytes="5322288" />
</allocation-stats>
<gc-op id="974" type="scavenge" timems="6.663" contextid="971" timestamp="2025-12-12T00:30:45.724">
  <scavenger-info tenureage="3" tenuremask="ff48" tiltratio="64" />
  <memory-copied type="nursery" objects="52271" bytes="3589592" bytesdiscarded="13920" />
  <memory-copied type="tenure" objects="6533" bytes="166144" bytesdiscarded="72" />
  <ownableSynchronizers candidates="187" cleared="45" />
  <references type="weak" candidates="8" cleared="0" enqueued="0" />
  <references type="phantom" candidates="212" cleared="0" enqueued="0" />
  <object-monitors candidates="19" cleared="0"  />
</gc-op>
<heap-resize id="975" type="expand" space="nursery" amount="1048576" count="1" timems="0.125" reason="excessive time being spent scavenging" timestamp="2025-12-12T00:30:45.728" />
<gc-end id="976" type="scavenge" contextid="971" durationms="11.657" usertimems="13.451" systemtimems="0.000" stalltimems="0.463" timestamp="2025-12-12T00:30:45.728" activeThreads="2">
  <mem-info id="977" free="8683024" total="31916032" percent="27">
    <mem type="nursery" free="4061416" total="13500416" percent="30">
      <mem type="allocate" free="4061416" total="7667712" percent="52" />
      <mem type="survivor" free="0" total="5832704" percent="0" />
    </mem>
    <mem type="tenure" free="4621608" total="18415616" percent="25">
      <mem type="soa" free="3700008" total="17494016" percent="21" />
      <mem type="loa" free="921600" total="921600" percent="100" />
    </mem>
    <remembered-set count="883" />
  </mem-info>
</gc-end>
<cycle-end id="978" type="scavenge" contextid="971" timestamp="2025-12-12T00:30:45.730" />
<allocation-satisfied id="979" threadId="0000000000831C00" bytesRequested="8200" />
<af-end id="980" timestamp="2025-12-12T00:30:45.731" threadId="0000000000832678" success="true" from="nursery"/>
<exclusive-end id="981" timestamp="2025-12-12T00:30:45.732" durationms="17.516" />

<exclusive-start id="982" timestamp="2025-12-12T00:30:45.834" intervalms="119.446">
  <response-info timems="0.045" idlems="0.045" threads="0" lastid="0000000000831C00" lastname="Default Executor-thread-1" />
</exclusive-start>
<af-start id="983" threadId="0000000000832678" totalBytesRequested="16392" timestamp="2025-12-12T00:30:45.835" intervalms="119.271" type="nursery" />
<cycle-start id="984" type="scavenge" contextid="0" timestamp="2025-12-12T00:30:45.835" intervalms="119.108" />
<gc-start id="985" type="scavenge" contextid="984" timestamp="2025-12-12T00:30:45.837">
  <mem-info id="986" free="4621392" total="31916032" percent="14">
    <mem type="nursery" free="0" total="13500416" percent="0">
      <mem type="allocate" free="0" total="7667712" percent="0" />
      <mem type="survivor" free="0" total="5832704" percent="0" />
    </mem>
    <mem type="tenure" free="4621392" total="18415616" percent="25">
      <mem type="soa" free="3699792" total="17494016" percent="21" />
      <mem type="loa" free="921600" total="921600" percent="100" />
    </mem>
    <remembered-set count="1069" />
  </mem-info>
</gc-start>
<allocation-stats totalBytes="4055136" discardedBytes="6496" >
  <allocated-bytes non-tlh="8416" tlh="4046720" />
  <largest-consumer threadName="Default Executor-thread-1" threadId="0000000000831C00" bytes="4010088" />
</allocation-stats>
<gc-op id="987" type="scavenge" timems="10.083" contextid="984" timestamp="2025-12-12T00:30:45.848">
  <scavenger-info tenureage="3" tenuremask="ffe8" tiltratio="56" />
  <memory-copied type="nursery" objects="39084" bytes="2956336" bytesdiscarded="20664" />
  <memory-copied type="tenure" objects="20548" bytes="1127184" bytesdiscarded="816" />
  <ownableSynchronizers candidates="199" cleared="35" />
  <references type="weak" candidates="3" cleared="0" enqueued="0" />
  <references type="phantom" candidates="187" cleared="0" enqueued="0" />
  <object-monitors candidates="20" cleared="0"  />
</gc-op>
<heap-resize id="988" type="expand" space="nursery" amount="786432" count="1" timems="0.055" reason="excessive time being spent scavenging" timestamp="2025-12-12T00:30:45.850" />
<gc-end id="989" type="scavenge" contextid="984" durationms="13.561" usertimems="20.181" systemtimems="0.000" stalltimems="0.481" timestamp="2025-12-12T00:30:45.850" activeThreads="2">
  <mem-info id="990" free="9193960" total="32702464" percent="28">
    <mem type="nursery" free="5736800" total="14286848" percent="40">
      <mem type="allocate" free="5736800" total="8716288" percent="65" />
      <mem type="survivor" free="0" total="5570560" percent="0" />
    </mem>
    <mem type="tenure" free="3457160" total="18415616" percent="18">
      <mem type="soa" free="2535560" total="17494016" percent="14" />
      <mem type="loa" free="921600" total="921600" percent="100" />
    </mem>
    <remembered-set count="696" />
  </mem-info>
</gc-end>
<cycle-end id="991" type="scavenge" contextid="984" timestamp="2025-12-12T00:30:45.851" />
<allocation-satisfied id="992" threadId="0000000000831C00" bytesRequested="16392" />
<af-end id="993" timestamp="2025-12-12T00:30:45.852" threadId="0000000000832678" success="true" from="nursery"/>
<exclusive-end id="994" timestamp="2025-12-12T00:30:45.853" durationms="18.694" />

<exclusive-start id="995" timestamp="2025-12-12T00:30:45.923" intervalms="89.323">
  <response-info timems="0.122" idlems="0.122" threads="0" lastid="0000000000831C00" lastname="Default Executor-thread-1" />
</exclusive-start>
<af-start id="996" threadId="0000000000832678" totalBytesRequested="48" timestamp="2025-12-12T00:30:45.924" intervalms="89.514" type="nursery" />
<cycle-start id="997" type="scavenge" contextid="0" timestamp="2025-12-12T00:30:45.925" intervalms="89.699" />
<gc-start id="998" type="scavenge" contextid="997" timestamp="2025-12-12T00:30:45.927">
  <mem-info id="999" free="3457016" total="32702464" percent="10">
    <mem type="nursery" free="0" total="14286848" percent="0">
      <mem type="allocate" free="0" total="8716288" percent="0" />
      <mem type="survivor" free="0" total="5570560" percent="0" />
    </mem>
    <mem type="tenure" free="3457016" total="18415616" percent="18">
      <mem type="soa" free="2535416" total="17494016" percent="14" />
      <mem type="loa" free="921600" total="921600" percent="100" />
    </mem>
    <remembered-set count="1025" />
  </mem-info>
</gc-start>
<allocation-stats totalBytes="5735280" discardedBytes="1664" >
  <allocated-bytes non-tlh="16536" tlh="5718744" />
  <largest-consumer threadName="Default Executor-thread-1" threadId="0000000000831C00" bytes="5657488" />
</allocation-stats>
<gc-op id="1000" type="scavenge" timems="5.188" contextid="997" timestamp="2025-12-12T00:30:45.935">
  <scavenger-info tenureage="2" tenuremask="ffec" tiltratio="61" />
  <memory-copied type="nursery" objects="21688" bytes="1327096" bytesdiscarded="125016" />
  <memory-copied type="tenure" objects="31661" bytes="2451688" bytesdiscarded="1920" />
  <ownableSynchronizers candidates="280" cleared="90" />
  <references type="weak" candidates="2" cleared="0" enqueued="0" />
  <references type="phantom" candidates="123" cleared="0" enqueued="0" />
  <object-monitors candidates="20" cleared="0"  />
</gc-op>
<heap-resize id="1001" type="expand" space="nursery" amount="917504" count="1" timems="0.125" reason="excessive time being spent scavenging" timestamp="2025-12-12T00:30:45.937" />
<gc-end id="1002" type="scavenge" contextid="997" durationms="10.417" usertimems="8.053" systemtimems="5.666" stalltimems="2.230" timestamp="2025-12-12T00:30:45.938" activeThreads="3">
  <mem-info id="1003" free="9535776" total="33619968" percent="28">
    <mem type="nursery" free="8507696" total="15204352" percent="55">
      <mem type="allocate" free="8507696" total="9961472" percent="85" />
      <mem type="survivor" free="0" total="5242880" percent="0" />
    </mem>
    <mem type="tenure" free="1028080" total="18415616" percent="5">
      <mem type="soa" free="106480" total="17494016" percent="0" />
      <mem type="loa" free="921600" total="921600" percent="100" />
    </mem>
    <remembered-set count="671" />
  </mem-info>
</gc-end>
<cycle-end id="1004" type="scavenge" contextid="997" timestamp="2025-12-12T00:30:45.939" />
<allocation-satisfied id="1005" threadId="0000000000831C00" bytesRequested="48" />
<af-end id="1006" timestamp="2025-12-12T00:30:45.941" threadId="0000000000832678" success="true" from="nursery"/>
<exclusive-end id="1007" timestamp="2025-12-12T00:30:45.942" durationms="18.464" />

<concurrent-kickoff id="1008" timestamp="2025-12-12T00:30:46.016">
  <kickoff reason="threshold reached" targetBytes="7610591" thresholdFreeBytes="1054977"  remainingFree="1028400" tenureFreeBytes="1028016" nurseryFreeBytes="1028400" />
</concurrent-kickoff>
<exclusive-start id="1009" timestamp="2025-12-12T00:30:46.018" intervalms="94.707">
  <response-info timems="0.088" idlems="0.088" threads="0" lastid="0000000000831C00" lastname="Default Executor-thread-1" />
</exclusive-start>
<cycle-start id="1010" type="global" contextid="0" timestamp="2025-12-12T00:30:46.019" intervalms="1171.456" />
<concurrent-start id="1011" type="global mark" contextid="1010" timestamp="2025-12-12T00:30:46.019">
</concurrent-start>
<exclusive-end id="1012" timestamp="2025-12-12T00:30:46.020" durationms="2.131" />

<exclusive-start id="1013" timestamp="2025-12-12T00:30:46.053" intervalms="34.615">
  <response-info timems="0.115" idlems="0.115" threads="0" lastid="0000000000831C00" lastname="Default Executor-thread-1" />
</exclusive-start>
<af-start id="1014" threadId="0000000000832678" totalBytesRequested="48" timestamp="2025-12-12T00:30:46.053" intervalms="129.368" type="nursery" />
<cycle-start id="1015" type="scavenge" contextid="0" timestamp="2025-12-12T00:30:46.054" intervalms="129.422" />
<gc-start id="1016" type="scavenge" contextid="1015" timestamp="2025-12-12T00:30:46.055">
  <mem-info id="1017" free="1028016" total="33619968" percent="3">
    <mem type="nursery" free="0" total="15204352" percent="0">
      <mem type="allocate" free="0" total="9961472" percent="0" />
      <mem type="survivor" free="0" total="5242880" percent="0" />
    </mem>
    <mem type="tenure" free="1028016" total="18415616" percent="5">
      <mem type="soa" free="106416" total="17494016" percent="0" />
      <mem type="loa" free="921600" total="921600" percent="100" />
    </mem>
    <remembered-set count="1215" />
  </mem-info>
</gc-start>
<allocation-stats totalBytes="8506216" discardedBytes="1544" >
  <allocated-bytes non-tlh="132592" tlh="8373624" />
  <largest-consumer threadName="Default Executor-thread-1" threadId="0000000000831C00" bytes="8413552" />
</allocation-stats>
<gc-op id="1018" type="scavenge" timems="4.957" contextid="1015" timestamp="2025-12-12T00:30:46.061">
  <scavenger-info tenureage="5" tenuremask="ffe0" tiltratio="65" />
  <memory-copied type="nursery" objects="44343" bytes="2762792" bytesdiscarded="26936" />
  <ownableSynchronizers candidates="312" cleared="135" />
  <references type="weak" candidates="2" cleared="0" enqueued="0" />
  <references type="phantom" candidates="258" cleared="0" enqueued="0" />
  <object-monitors candidates="20" cleared="0"  />
</gc-op>
<gc-end id="1019" type="scavenge" contextid="1015" durationms="8.298" usertimems="13.953" systemtimems="0.491" stalltimems="1.859" timestamp="2025-12-12T00:30:46.063" activeThreads="3">
  <mem-info id="1020" free="8458456" total="33619968" percent="25">
    <mem type="nursery" free="7430440" total="15204352" percent="48">
      <mem type="allocate" free="7430440" total="10223616" percent="72" />
      <mem type="survivor" free="0" total="4980736" percent="0" />
    </mem>
    <mem type="tenure" free="1028016" total="18415616" percent="5">
      <mem type="soa" free="106416" total="17494016" percent="0" />
      <mem type="loa" free="921600" total="921600" percent="100" />
    </mem>
    <remembered-set count="950" />
  </mem-info>
</gc-end>
<cycle-end id="1021" type="scavenge" contextid="1015" timestamp="2025-12-12T00:30:46.065" />
<allocation-satisfied id="1022" threadId="0000000000831C00" bytesRequested="48" />
<af-end id="1023" timestamp="2025-12-12T00:30:46.067" threadId="0000000000832678" success="true" from="nursery"/>
<exclusive-end id="1024" timestamp="2025-12-12T00:30:46.067" durationms="14.880" />

<concurrent-end id="1025" type="global mark" contextid="1010" timestamp="2025-12-12T00:30:46.088">
<gc-op id="1026" type="trace" timems="68.721" contextid="1010" timestamp="2025-12-12T00:30:46.088">
  <trace bytesTraced="9250408" workStackOverflowCount="0" />
  <card-cleaning reason="card cleaning threshold reached" bytesTraced="45116" cardsCleaned="135" />
</gc-op>
</concurrent-end>

<exclusive-start id="1027" timestamp="2025-12-12T00:30:46.090" intervalms="37.502">
  <response-info timems="0.116" idlems="0.116" threads="0" lastid="0000000000831C00" lastname="Default Executor-thread-1" />
</exclusive-start>
<concurrent-global-final id="1028" timestamp="2025-12-12T00:30:46.091" contextid="1010" intervalms="2522.936" >
  <concurrent-trace-info reason="card cleaning threshold reached" tracedByMutators="2078656" tracedByHelpers="7216868" cardsCleaned="135" workStackOverflowCount="0" />
</concurrent-global-final>
<gc-start id="1029" type="global" contextid="1010" timestamp="2025-12-12T00:30:46.092">
  <mem-info id="1030" free="7934096" total="33619968" percent="23">
    <mem type="nursery" free="6906104" total="15204352" percent="45">
      <mem type="allocate" free="6906104" total="10223616" percent="67" />
      <mem type="survivor" free="0" total="4980736" percent="0" />
    </mem>
    <mem type="tenure" free="1027992" total="18415616" percent="5">
      <mem type="soa" free="106392" total="17494016" percent="0" />
      <mem type="loa" free="921600" total="921600" percent="100" />
    </mem>
    <remembered-set count="967" />
  </mem-info>
</gc-start>
<allocation-stats totalBytes="524272" discardedBytes="88" >
  <allocated-bytes non-tlh="72" tlh="524200" />
  <largest-consumer threadName="Default Executor-thread-1" threadId="0000000000831C00" bytes="503792" />
</allocation-stats>
<gc-op id="1031" type="rs-scan" timems="5.716" contextid="1010" timestamp="2025-12-12T00:30:46.099">
  <scan objectsFound="39902" bytesTraced="1197720" workStackOverflowCount="0" />
</gc-op>
<gc-op id="1032" type="card-cleaning" timems="1.837" contextid="1010" timestamp="2025-12-12T00:30:46.101">
  <card-cleaning cardsCleaned="14" bytesTraced="10360" workStackOverflowCount="0" />
</gc-op>
<gc-op id="1033" type="mark" timems="11.316" contextid="1010" timestamp="2025-12-12T00:30:46.114">
  <trace-info objectcount="226" scancount="200" scanbytes="4024" />
  <finalization candidates="733" enqueued="0" />
  <ownableSynchronizers candidates="954" cleared="11" />
  <references type="soft" candidates="4488" cleared="0" enqueued="0" dynamicThreshold="9" maxThreshold="32" />
  <references type="weak" candidates="1326" cleared="15" enqueued="15" />
  <references type="phantom" candidates="356" cleared="0" enqueued="0" />
  <stringconstants candidates="12761" cleared="1"  />
  <object-monitors candidates="20" cleared="0"  />
</gc-op>
<gc-op id="1034" type="sweep" timems="2.942" contextid="1010" timestamp="2025-12-12T00:30:46.118" />
<heap-resize id="1035" type="expand" space="tenure" amount="4063232" count="1" timems="0.175" reason="insufficient free space following gc" timestamp="2025-12-12T00:30:46.119" />
<gc-end id="1036" type="global" contextid="1010" durationms="28.296" usertimems="30.348" systemtimems="37.182" stalltimems="162.932" timestamp="2025-12-12T00:30:46.120" activeThreads="16">
  <mem-info id="1037" free="14100768" total="37683200" percent="37">
    <mem type="nursery" free="7346704" total="15204352" percent="48">
      <mem type="allocate" free="7346704" total="10223616" percent="71" />
      <mem type="survivor" free="0" total="4980736" percent="0" />
    </mem>
    <mem type="tenure" free="6754064" total="22478848" percent="30" micro-fragmented="243773" macro-fragmented="0">
      <mem type="soa" free="5629712" total="21354496" percent="26" />
      <mem type="loa" free="1124352" total="1124352" percent="100" />
    </mem>
    <pending-finalizers system="0" default="0" reference="15" classloader="0" />
    <remembered-set count="953" />
  </mem-info>
</gc-end>
<cycle-end id="1038" type="global" contextid="1010" timestamp="2025-12-12T00:30:46.121" />
<exclusive-end id="1039" timestamp="2025-12-12T00:30:46.122" durationms="31.588" />

<exclusive-start id="1040" timestamp="2025-12-12T00:30:46.391" intervalms="301.282">
  <response-info timems="0.115" idlems="0.115" threads="0" lastid="0000000000831C00" lastname="Default Executor-thread-1" />
</exclusive-start>
<af-start id="1041" threadId="0000000000832678" totalBytesRequested="2216" timestamp="2025-12-12T00:30:46.392" intervalms="338.799" type="nursery" />
<cycle-start id="1042" type="scavenge" contextid="0" timestamp="2025-12-12T00:30:46.393" intervalms="338.732" />
<gc-start id="1043" type="scavenge" contextid="1042" timestamp="2025-12-12T00:30:46.394">
  <mem-info id="1044" free="6753568" total="37683200" percent="17">
    <mem type="nursery" free="0" total="15204352" percent="0">
      <mem type="allocate" free="0" total="10223616" percent="0" />
      <mem type="survivor" free="0" total="4980736" percent="0" />
    </mem>
    <mem type="tenure" free="6753568" total="22478848" percent="30">
      <mem type="soa" free="5629216" total="21354496" percent="26" />
      <mem type="loa" free="1124352" total="1124352" percent="100" />
    </mem>
    <remembered-set count="1559" />
  </mem-info>
</gc-start>
<allocation-stats totalBytes="7324672" discardedBytes="22232" >
  <allocated-bytes non-tlh="243672" tlh="7081000" />
  <largest-consumer threadName="Default Executor-thread-1" threadId="0000000000831C00" bytes="7257176" />
</allocation-stats>
<gc-op id="1045" type="scavenge" timems="19.093" contextid="1042" timestamp="2025-12-12T00:30:46.415">
  <scavenger-info tenureage="2" tenuremask="fffc" tiltratio="67" />
  <memory-copied type="nursery" objects="36895" bytes="2574136" bytesdiscarded="129256" />
  <memory-copied type="tenure" objects="21406" bytes="1130688" bytesdiscarded="4736" />
  <ownableSynchronizers candidates="1991" cleared="1770" />
  <references type="phantom" candidates="207" cleared="0" enqueued="0" />
  <object-monitors candidates="20" cleared="0"  />
</gc-op>
<heap-resize id="1046" type="expand" space="nursery" amount="786432" count="1" timems="0.106" reason="excessive time being spent scavenging" timestamp="2025-12-12T00:30:46.423" />
<gc-end id="1047" type="scavenge" contextid="1042" durationms="32.595" usertimems="22.173" systemtimems="10.098" stalltimems="1.871" timestamp="2025-12-12T00:30:46.426" activeThreads="3">
  <mem-info id="1048" free="13959000" total="38469632" percent="36">
    <mem type="nursery" free="8369456" total="15990784" percent="52">
      <mem type="allocate" free="8369456" total="11075584" percent="75" />
      <mem type="survivor" free="0" total="4915200" percent="0" />
    </mem>
    <mem type="tenure" free="5589544" total="22478848" percent="24">
      <mem type="soa" free="4465192" total="21354496" percent="20" />
      <mem type="loa" free="1124352" total="1124352" percent="100" />
    </mem>
    <remembered-set count="790" />
  </mem-info>
</gc-end>
<cycle-end id="1049" type="scavenge" contextid="1042" timestamp="2025-12-12T00:30:46.429" />
<allocation-satisfied id="1050" threadId="0000000000831C00" bytesRequested="2216" />
<af-end id="1051" timestamp="2025-12-12T00:30:46.435" threadId="0000000000832678" success="true" from="nursery"/>
<exclusive-end id="1052" timestamp="2025-12-12T00:30:46.437" durationms="45.400" />

<exclusive-start id="1053" timestamp="2025-12-12T00:30:46.753" intervalms="361.368">
  <response-info timems="0.083" idlems="0.083" threads="0" lastid="0000000000831C00" lastname="Default Executor-thread-1" />
</exclusive-start>
<af-start id="1054" threadId="0000000000832678" totalBytesRequested="10080" timestamp="2025-12-12T00:30:46.753" intervalms="361.243" type="nursery" />
<cycle-start id="1055" type="scavenge" contextid="0" timestamp="2025-12-12T00:30:46.754" intervalms="361.290" />
<gc-start id="1056" type="scavenge" contextid="1055" timestamp="2025-12-12T00:30:46.755">
  <mem-info id="1057" free="5588312" total="38469632" percent="14">
    <mem type="nursery" free="0" total="15990784" percent="0">
      <mem type="allocate" free="0" total="11075584" percent="0" />
      <mem type="survivor" free="0" total="4915200" percent="0" />
    </mem>
    <mem type="tenure" free="5588312" total="22478848" percent="24">
      <mem type="soa" free="4463960" total="21354496" percent="20" />
      <mem type="loa" free="1124352" total="1124352" percent="100" />
    </mem>
    <remembered-set count="1114" />
  </mem-info>
</gc-start>
<allocation-stats totalBytes="8331512" discardedBytes="39176" >
  <allocated-bytes non-tlh="3448" tlh="8328064" />
  <largest-consumer threadName="Default Executor-thread-1" threadId="0000000000831C00" bytes="8278392" />
</allocation-stats>
<gc-op id="1058" type="scavenge" timems="5.860" contextid="1055" timestamp="2025-12-12T00:30:46.763">
  <scavenger-info tenureage="2" tenuremask="7804" tiltratio="69" />
  <memory-copied type="nursery" objects="26634" bytes="1804920" bytesdiscarded="38528" />
  <memory-copied type="tenure" objects="22518" bytes="1430472" bytesdiscarded="1936" />
  <ownableSynchronizers candidates="253" cleared="69" />
  <references type="phantom" candidates="140" cleared="0" enqueued="0" />
  <object-monitors candidates="20" cleared="0"  />
</gc-op>
<gc-end id="1059" type="scavenge" contextid="1055" durationms="8.224" usertimems="4.465" systemtimems="12.538" stalltimems="1.220" timestamp="2025-12-12T00:30:46.764" activeThreads="3">
  <mem-info id="1060" free="13781112" total="38469632" percent="35">
    <mem type="nursery" free="9754552" total="15990784" percent="61">
      <mem type="allocate" free="9754552" total="11599872" percent="84" />
      <mem type="survivor" free="0" total="4390912" percent="0" />
    </mem>
    <mem type="tenure" free="4026560" total="22478848" percent="17">
      <mem type="soa" free="2902208" total="21354496" percent="13" />
      <mem type="loa" free="1124352" total="1124352" percent="100" />
    </mem>
    <remembered-set count="758" />
  </mem-info>
</gc-end>
<cycle-end id="1061" type="scavenge" contextid="1055" timestamp="2025-12-12T00:30:46.764" />
<allocation-satisfied id="1062" threadId="0000000000831C00" bytesRequested="10080" />
<af-end id="1063" timestamp="2025-12-12T00:30:46.766" threadId="0000000000832678" success="true" from="nursery"/>
<exclusive-end id="1064" timestamp="2025-12-12T00:30:46.767" durationms="14.723" />

<concurrent-kickoff id="1065" timestamp="2025-12-12T00:30:46.914">
  <kickoff reason="threshold reached" targetBytes="9681422" thresholdFreeBytes="1341253"  remainingFree="1241144" tenureFreeBytes="4025704" nurseryFreeBytes="1241144" />
</concurrent-kickoff>
<exclusive-start id="1066" timestamp="2025-12-12T00:30:46.915" intervalms="162.522">
  <response-info timems="0.141" idlems="0.141" threads="0" lastid="0000000000831C00" lastname="Default Executor-thread-1" />
</exclusive-start>
<cycle-start id="1067" type="global" contextid="0" timestamp="2025-12-12T00:30:46.916" intervalms="897.261" />
<concurrent-start id="1068" type="global mark" contextid="1067" timestamp="2025-12-12T00:30:46.917">
</concurrent-start>
<exclusive-end id="1069" timestamp="2025-12-12T00:30:46.917" durationms="2.018" />

<exclusive-start id="1070" timestamp="2025-12-12T00:30:46.946" intervalms="30.636">
  <response-info timems="0.106" idlems="0.106" threads="0" lastid="0000000000831C00" lastname="Default Executor-thread-1" />
</exclusive-start>
<af-start id="1071" threadId="0000000000832678" totalBytesRequested="40" timestamp="2025-12-12T00:30:46.947" intervalms="193.417" type="nursery" />
<cycle-start id="1072" type="scavenge" contextid="0" timestamp="2025-12-12T00:30:46.948" intervalms="193.538" />
<gc-start id="1073" type="scavenge" contextid="1072" timestamp="2025-12-12T00:30:46.951">
  <mem-info id="1074" free="4025704" total="38469632" percent="10">
    <mem type="nursery" free="0" total="15990784" percent="0">
      <mem type="allocate" free="0" total="11599872" percent="0" />
      <mem type="survivor" free="0" total="4390912" percent="0" />
    </mem>
    <mem type="tenure" free="4025704" total="22478848" percent="17">
      <mem type="soa" free="2901352" total="21354496" percent="13" />
      <mem type="loa" free="1124352" total="1124352" percent="100" />
    </mem>
    <remembered-set count="1353" />
  </mem-info>
</gc-start>
<allocation-stats totalBytes="9753512" discardedBytes="1896" >
  <allocated-bytes non-tlh="125656" tlh="9627856" />
  <largest-consumer threadName="Default Executor-thread-1" threadId="0000000000831C00" bytes="9663608" />
</allocation-stats>
<gc-op id="1075" type="scavenge" timems="4.446" contextid="1072" timestamp="2025-12-12T00:30:46.958">
  <scavenger-info tenureage="11" tenuremask="7800" tiltratio="72" />
  <memory-copied type="nursery" objects="46306" bytes="3650088" bytesdiscarded="243976" />
  <ownableSynchronizers candidates="299" cleared="122" />
  <references type="weak" candidates="2" cleared="1" enqueued="1" />
  <references type="phantom" candidates="261" cleared="0" enqueued="0" />
  <object-monitors candidates="20" cleared="0"  />
</gc-op>
<gc-end id="1076" type="scavenge" contextid="1072" durationms="7.480" usertimems="12.542" systemtimems="2.820" stalltimems="3.440" timestamp="2025-12-12T00:30:46.959" activeThreads="4">
  <mem-info id="1077" free="9761944" total="38469632" percent="25">
    <mem type="nursery" free="5736240" total="15990784" percent="35">
      <mem type="allocate" free="5736240" total="9633792" percent="59" />
      <mem type="survivor" free="0" total="6356992" percent="0" />
    </mem>
    <mem type="tenure" free="4025704" total="22478848" percent="17">
      <mem type="soa" free="2901352" total="21354496" percent="13" />
      <mem type="loa" free="1124352" total="1124352" percent="100" />
    </mem>
    <pending-finalizers system="0" default="0" reference="1" classloader="0" />
    <remembered-set count="1101" />
  </mem-info>
</gc-end>
<cycle-end id="1078" type="scavenge" contextid="1072" timestamp="2025-12-12T00:30:46.960" />
<allocation-satisfied id="1079" threadId="0000000000831C00" bytesRequested="40" />
<af-end id="1080" timestamp="2025-12-12T00:30:46.961" threadId="0000000000832678" success="true" from="nursery"/>
<exclusive-end id="1081" timestamp="2025-12-12T00:30:46.962" durationms="16.146" />

<concurrent-end id="1082" type="global mark" contextid="1067" timestamp="2025-12-12T00:30:46.979">
<gc-op id="1083" type="trace" timems="62.610" contextid="1067" timestamp="2025-12-12T00:30:46.979">
  <trace bytesTraced="9934932" workStackOverflowCount="0" />
  <card-cleaning reason="card cleaning threshold reached" bytesTraced="34676" cardsCleaned="150" />
</gc-op>
</concurrent-end>

<exclusive-start id="1084" timestamp="2025-12-12T00:30:46.983" intervalms="36.738">
  <response-info timems="0.367" idlems="0.367" threads="0" lastid="0000000000831C00" lastname="Default Executor-thread-1" />
</exclusive-start>
<concurrent-global-final id="1085" timestamp="2025-12-12T00:30:46.984" contextid="1067" intervalms="892.868" >
  <concurrent-trace-info reason="card cleaning threshold reached" tracedByMutators="2007624" tracedByHelpers="7961984" cardsCleaned="150" workStackOverflowCount="0" />
</concurrent-global-final>
<gc-start id="1086" type="global" contextid="1067" timestamp="2025-12-12T00:30:46.985">
  <mem-info id="1087" free="8909936" total="38469632" percent="23">
    <mem type="nursery" free="4884232" total="15990784" percent="30">
      <mem type="allocate" free="4884232" total="9633792" percent="50" />
      <mem type="survivor" free="0" total="6356992" percent="0" />
    </mem>
    <mem type="tenure" free="4025704" total="22478848" percent="17">
      <mem type="soa" free="2901352" total="21354496" percent="13" />
      <mem type="loa" free="1124352" total="1124352" percent="100" />
    </mem>
    <remembered-set count="1116" />
  </mem-info>
</gc-start>
<allocation-stats totalBytes="851984" discardedBytes="24" >
  <allocated-bytes non-tlh="40" tlh="851944" />
  <largest-consumer threadName="Default Executor-thread-1" threadId="0000000000831C00" bytes="831504" />
</allocation-stats>
<gc-op id="1088" type="rs-scan" timems="3.740" contextid="1067" timestamp="2025-12-12T00:30:46.990">
  <scan objectsFound="52455" bytesTraced="1530812" workStackOverflowCount="0" />
</gc-op>
<gc-op id="1089" type="card-cleaning" timems="1.975" contextid="1067" timestamp="2025-12-12T00:30:46.993">
  <card-cleaning cardsCleaned="1" bytesTraced="560" workStackOverflowCount="0" />
</gc-op>
<gc-op id="1090" type="mark" timems="11.819" contextid="1067" timestamp="2025-12-12T00:30:47.006">
  <trace-info objectcount="1290" scancount="1018" scanbytes="28128" />
  <finalization candidates="733" enqueued="0" />
  <ownableSynchronizers candidates="1126" cleared="9" />
  <references type="soft" candidates="4488" cleared="0" enqueued="0" dynamicThreshold="9" maxThreshold="32" />
  <references type="weak" candidates="1310" cleared="0" enqueued="0" />
  <references type="phantom" candidates="372" cleared="0" enqueued="0" />
  <stringconstants candidates="12797" cleared="6"  />
  <object-monitors candidates="20" cleared="0"  />
</gc-op>
<gc-op id="1091" type="sweep" timems="4.515" contextid="1067" timestamp="2025-12-12T00:30:47.011" />
<heap-resize id="1092" type="expand" space="tenure" amount="1769472" count="1" timems="0.428" reason="insufficient free space following gc" timestamp="2025-12-12T00:30:47.014" />
<gc-end id="1093" type="global" contextid="1067" durationms="30.784" usertimems="36.517" systemtimems="27.207" stalltimems="225.666" timestamp="2025-12-12T00:30:47.016" activeThreads="18">
  <mem-info id="1094" free="13074504" total="40239104" percent="32">
    <mem type="nursery" free="5791024" total="15990784" percent="36">
      <mem type="allocate" free="5791024" total="9633792" percent="60" />
      <mem type="survivor" free="0" total="6356992" percent="0" />
    </mem>
    <mem type="tenure" free="7283480" total="24248320" percent="30" micro-fragmented="280915" macro-fragmented="0">
      <mem type="soa" free="6071064" total="23035904" percent="26" />
      <mem type="loa" free="1212416" total="1212416" percent="100" />
    </mem>
    <remembered-set count="1092" />
  </mem-info>
</gc-end>
<cycle-end id="1095" type="global" contextid="1067" timestamp="2025-12-12T00:30:47.017" />
<exclusive-end id="1096" timestamp="2025-12-12T00:30:47.017" durationms="34.849" />

<exclusive-start id="1097" timestamp="2025-12-12T00:30:47.080" intervalms="97.730">
  <response-info timems="0.160" idlems="0.160" threads="0" lastid="0000000000589A00" lastname="Framework Event Dispatcher: Equinox Container: 356586b1-a9ff-47" />
</exclusive-start>
<af-start id="1098" threadId="000000000058A478" totalBytesRequested="80" timestamp="2025-12-12T00:30:47.084" intervalms="136.856" type="nursery" />
<cycle-start id="1099" type="scavenge" contextid="0" timestamp="2025-12-12T00:30:47.088" intervalms="140.494" />
<gc-start id="1100" type="scavenge" contextid="1099" timestamp="2025-12-12T00:30:47.093">
  <mem-info id="1101" free="7283480" total="40239104" percent="18">
    <mem type="nursery" free="0" total="15990784" percent="0">
      <mem type="allocate" free="0" total="9633792" percent="0" />
      <mem type="survivor" free="0" total="6356992" percent="0" />
    </mem>
    <mem type="tenure" free="7283480" total="24248320" percent="30">
      <mem type="soa" free="6071064" total="23035904" percent="26" />
      <mem type="loa" free="1212416" total="1212416" percent="100" />
    </mem>
    <remembered-set count="1318" />
  </mem-info>
</gc-start>
<allocation-stats totalBytes="5785488" discardedBytes="5040" >
  <allocated-bytes non-tlh="243888" tlh="5541600" />
  <largest-consumer threadName="Default Executor-thread-1" threadId="0000000000831C00" bytes="5734744" />
</allocation-stats>
<gc-op id="1102" type="scavenge" timems="7.919" contextid="1099" timestamp="2025-12-12T00:30:47.104">
  <scavenger-info tenureage="2" tenuremask="7c0c" tiltratio="60" />
  <memory-copied type="nursery" objects="33665" bytes="2640920" bytesdiscarded="192336" />
  <memory-copied type="tenure" objects="26053" bytes="1321936" bytesdiscarded="3072" />
  <ownableSynchronizers candidates="2194" cleared="1955" />
  <references type="phantom" candidates="215" cleared="0" enqueued="0" />
  <object-monitors candidates="20" cleared="0"  />
</gc-op>
<heap-resize id="1103" type="expand" space="nursery" amount="786432" count="1" timems="0.198" reason="excessive time being spent scavenging" timestamp="2025-12-12T00:30:47.107" />
<gc-end id="1104" type="scavenge" contextid="1099" durationms="14.732" usertimems="16.968" systemtimems="8.433" stalltimems="7.474" timestamp="2025-12-12T00:30:47.108" activeThreads="4">
  <mem-info id="1105" free="13583872" total="41025536" percent="33">
    <mem type="nursery" free="7649632" total="16777216" percent="45">
      <mem type="allocate" free="7649632" total="10485760" percent="72" />
      <mem type="survivor" free="0" total="6291456" percent="0" />
    </mem>
    <mem type="tenure" free="5934240" total="24248320" percent="24">
      <mem type="soa" free="4721824" total="23035904" percent="20" />
      <mem type="loa" free="1212416" total="1212416" percent="100" />
    </mem>
    <remembered-set count="906" />
  </mem-info>
</gc-end>
<cycle-end id="1106" type="scavenge" contextid="1099" timestamp="2025-12-12T00:30:47.109" />
<allocation-satisfied id="1107" threadId="0000000000589A00" bytesRequested="80" />
<af-end id="1108" timestamp="2025-12-12T00:30:47.111" threadId="000000000058A478" success="true" from="nursery"/>
<exclusive-end id="1109" timestamp="2025-12-12T00:30:47.112" durationms="31.259" />

<exclusive-start id="1110" timestamp="2025-12-12T00:30:47.205" intervalms="124.282">
  <response-info timems="0.137" idlems="0.137" threads="0" lastid="0000000000831C00" lastname="Default Executor-thread-1" />
</exclusive-start>
<af-start id="1111" threadId="0000000000832678" totalBytesRequested="8200" timestamp="2025-12-12T00:30:47.206" intervalms="122.319" type="nursery" />
<cycle-start id="1112" type="scavenge" contextid="0" timestamp="2025-12-12T00:30:47.208" intervalms="119.256" />
<gc-start id="1113" type="scavenge" contextid="1112" timestamp="2025-12-12T00:30:47.209">
  <mem-info id="1114" free="5934120" total="41025536" percent="14">
    <mem type="nursery" free="0" total="16777216" percent="0">
      <mem type="allocate" free="0" total="10485760" percent="0" />
      <mem type="survivor" free="0" total="6291456" percent="0" />
    </mem>
    <mem type="tenure" free="5934120" total="24248320" percent="24">
      <mem type="soa" free="4721704" total="23035904" percent="20" />
      <mem type="loa" free="1212416" total="1212416" percent="100" />
    </mem>
    <remembered-set count="1455" />
  </mem-info>
</gc-start>
<allocation-stats totalBytes="7641592" discardedBytes="8160" >
  <allocated-bytes non-tlh="200" tlh="7641392" />
  <largest-consumer threadName="Default Executor-thread-1" threadId="0000000000831C00" bytes="7576008" />
</allocation-stats>
<gc-op id="1115" type="scavenge" timems="8.649" contextid="1112" timestamp="2025-12-12T00:30:47.220">
  <scavenger-info tenureage="2" tenuremask="7c04" tiltratio="62" />
  <memory-copied type="nursery" objects="31830" bytes="2179800" bytesdiscarded="81392" />
  <memory-copied type="tenure" objects="19402" bytes="1838808" bytesdiscarded="2216" />
  <ownableSynchronizers candidates="273" cleared="75" />
  <references type="weak" candidates="2" cleared="0" enqueued="0" />
  <references type="phantom" candidates="171" cleared="0" enqueued="0" />
  <object-monitors candidates="20" cleared="0"  />
</gc-op>
<heap-resize id="1116" type="expand" space="nursery" amount="786432" count="1" timems="0.185" reason="excessive time being spent scavenging" timestamp="2025-12-12T00:30:47.221" />
<gc-end id="1117" type="scavenge" contextid="1112" durationms="13.658" usertimems="22.527" systemtimems="1.991" stalltimems="7.980" timestamp="2025-12-12T00:30:47.223" activeThreads="4">
  <mem-info id="1118" free="13567464" total="41811968" percent="32">
    <mem type="nursery" free="9598552" total="17563648" percent="54">
      <mem type="allocate" free="9598552" total="11862016" percent="80" />
      <mem type="survivor" free="0" total="5701632" percent="0" />
    </mem>
    <mem type="tenure" free="3968912" total="24248320" percent="16">
      <mem type="soa" free="2756496" total="23035904" percent="11" />
      <mem type="loa" free="1212416" total="1212416" percent="100" />
    </mem>
    <remembered-set count="910" />
  </mem-info>
</gc-end>
<cycle-end id="1119" type="scavenge" contextid="1112" timestamp="2025-12-12T00:30:47.224" />
<allocation-satisfied id="1120" threadId="0000000000831C00" bytesRequested="8200" />
<af-end id="1121" timestamp="2025-12-12T00:30:47.225" threadId="0000000000832678" success="true" from="nursery"/>
<exclusive-end id="1122" timestamp="2025-12-12T00:30:47.226" durationms="21.279" />

<concurrent-kickoff id="1123" timestamp="2025-12-12T00:30:47.364">
  <kickoff reason="threshold reached" targetBytes="10513506" thresholdFreeBytes="1456845"  remainingFree="1377880" tenureFreeBytes="3966576" nurseryFreeBytes="1377880" />
</concurrent-kickoff>
<exclusive-start id="1124" timestamp="2025-12-12T00:30:47.366" intervalms="161.141">
  <response-info timems="0.148" idlems="0.148" threads="0" lastid="0000000000831C00" lastname="Default Executor-thread-1" />
</exclusive-start>
<cycle-start id="1125" type="global" contextid="0" timestamp="2025-12-12T00:30:47.367" intervalms="450.697" />
<concurrent-start id="1126" type="global mark" contextid="1125" timestamp="2025-12-12T00:30:47.367">
</concurrent-start>
<exclusive-end id="1127" timestamp="2025-12-12T00:30:47.368" durationms="2.719" />

<exclusive-start id="1128" timestamp="2025-12-12T00:30:47.416" intervalms="49.799">
  <response-info timems="0.124" idlems="0.124" threads="0" lastid="0000000000831C00" lastname="Default Executor-thread-1" />
</exclusive-start>
<af-start id="1129" threadId="0000000000832678" totalBytesRequested="1040" timestamp="2025-12-12T00:30:47.417" intervalms="210.470" type="nursery" />
<cycle-start id="1130" type="scavenge" contextid="0" timestamp="2025-12-12T00:30:47.417" intervalms="209.897" />
<gc-start id="1131" type="scavenge" contextid="1130" timestamp="2025-12-12T00:30:47.419">
  <mem-info id="1132" free="3966576" total="41811968" percent="9">
    <mem type="nursery" free="0" total="17563648" percent="0">
      <mem type="allocate" free="0" total="11862016" percent="0" />
      <mem type="survivor" free="0" total="5701632" percent="0" />
    </mem>
    <mem type="tenure" free="3966576" total="24248320" percent="16">
      <mem type="soa" free="2754160" total="23035904" percent="11" />
      <mem type="loa" free="1212416" total="1212416" percent="100" />
    </mem>
    <remembered-set count="2239" />
  </mem-info>
</gc-start>
<allocation-stats totalBytes="9598088" discardedBytes="2800" >
  <allocated-bytes non-tlh="10536" tlh="9587552" />
  <largest-consumer threadName="Default Executor-thread-1" threadId="0000000000831C00" bytes="9520336" />
</allocation-stats>
<gc-op id="1133" type="scavenge" timems="6.158" contextid="1130" timestamp="2025-12-12T00:30:47.427">
  <scavenger-info tenureage="2" tenuremask="7c04" tiltratio="67" />
  <memory-copied type="nursery" objects="33627" bytes="2290312" bytesdiscarded="117768" />
  <memory-copied type="tenure" objects="14154" bytes="799776" bytesdiscarded="1520" />
  <finalization candidates="8" enqueued="8" />
  <ownableSynchronizers candidates="232" cleared="69" />
  <references type="soft" candidates="8" cleared="0" enqueued="0" dynamicThreshold="9" maxThreshold="32" />
  <references type="weak" candidates="24" cleared="16" enqueued="16" />
  <references type="phantom" candidates="153" cleared="4" enqueued="4" />
  <object-monitors candidates="20" cleared="0"  />
</gc-op>
<gc-end id="1134" type="scavenge" contextid="1130" durationms="9.578" usertimems="19.121" systemtimems="1.008" stalltimems="5.137" timestamp="2025-12-12T00:30:47.428" activeThreads="4">
  <mem-info id="1135" free="12975752" total="41811968" percent="31">
    <mem type="nursery" free="10172128" total="17563648" percent="57">
      <mem type="allocate" free="10172128" total="12582912" percent="80" />
      <mem type="survivor" free="0" total="4980736" percent="0" />
    </mem>
    <mem type="tenure" free="2803624" total="24248320" percent="11">
      <mem type="soa" free="1591208" total="23035904" percent="6" />
      <mem type="loa" free="1212416" total="1212416" percent="100" />
    </mem>
    <pending-finalizers system="8" default="0" reference="20" classloader="0" />
    <remembered-set count="1069" />
  </mem-info>
</gc-end>
<cycle-end id="1136" type="scavenge" contextid="1130" timestamp="2025-12-12T00:30:47.430" />
<allocation-satisfied id="1137" threadId="0000000000831C00" bytesRequested="1040" />
<af-end id="1138" timestamp="2025-12-12T00:30:47.432" threadId="0000000000832678" success="true" from="nursery"/>
<exclusive-end id="1139" timestamp="2025-12-12T00:30:47.432" durationms="16.864" />

<concurrent-end id="1140" type="global mark" contextid="1125" timestamp="2025-12-12T00:30:47.441">
<gc-op id="1141" type="trace" timems="73.252" contextid="1125" timestamp="2025-12-12T00:30:47.441">
  <trace bytesTraced="11596832" workStackOverflowCount="0" />
  <card-cleaning reason="card cleaning threshold reached" bytesTraced="208824" cardsCleaned="542" />
</gc-op>
</concurrent-end>

<exclusive-start id="1142" timestamp="2025-12-12T00:30:47.442" intervalms="26.837">
  <response-info timems="0.136" idlems="0.136" threads="0" lastid="0000000000831C00" lastname="Default Executor-thread-1" />
</exclusive-start>
<concurrent-global-final id="1143" timestamp="2025-12-12T00:30:47.443" contextid="1125" intervalms="459.633" >
  <concurrent-trace-info reason="card cleaning threshold reached" tracedByMutators="4517592" tracedByHelpers="7288064" cardsCleaned="542" workStackOverflowCount="0" />
</concurrent-global-final>
<gc-start id="1144" type="global" contextid="1125" timestamp="2025-12-12T00:30:47.445">
  <mem-info id="1145" free="12397176" total="41811968" percent="29">
    <mem type="nursery" free="9593552" total="17563648" percent="54">
      <mem type="allocate" free="9593552" total="12582912" percent="76" />
      <mem type="survivor" free="0" total="4980736" percent="0" />
    </mem>
    <mem type="tenure" free="2803624" total="24248320" percent="11">
      <mem type="soa" free="1591208" total="23035904" percent="6" />
      <mem type="loa" free="1212416" total="1212416" percent="100" />
    </mem>
    <remembered-set count="1077" />
  </mem-info>
</gc-start>
<allocation-stats totalBytes="574664" discardedBytes="3912" >
  <allocated-bytes non-tlh="1040" tlh="573624" />
  <largest-consumer threadName="Default Executor-thread-1" threadId="0000000000831C00" bytes="574664" />
</allocation-stats>
<gc-op id="1146" type="rs-scan" timems="6.054" contextid="1125" timestamp="2025-12-12T00:30:47.452">
  <scan objectsFound="29236" bytesTraced="950216" workStackOverflowCount="0" />
</gc-op>
<gc-op id="1147" type="card-cleaning" timems="2.419" contextid="1125" timestamp="2025-12-12T00:30:47.456">
  <card-cleaning cardsCleaned="4" bytesTraced="1760" workStackOverflowCount="0" />
</gc-op>
<gc-op id="1148" type="mark" timems="9.483" contextid="1125" timestamp="2025-12-12T00:30:47.466">
  <trace-info objectcount="1297" scancount="1264" scanbytes="80956" />
  <finalization candidates="733" enqueued="0" />
  <ownableSynchronizers candidates="1273" cleared="2" />
  <references type="soft" candidates="4496" cleared="0" enqueued="0" dynamicThreshold="9" maxThreshold="32" />
  <references type="weak" candidates="1317" cleared="0" enqueued="0" />
  <references type="phantom" candidates="349" cleared="0" enqueued="0" />
  <stringconstants candidates="12803" cleared="1"  />
  <object-monitors candidates="20" cleared="0"  />
</gc-op>
<gc-op id="1149" type="sweep" timems="3.295" contextid="1125" timestamp="2025-12-12T00:30:47.470" />
<heap-resize id="1150" type="expand" space="tenure" amount="3932160" count="1" timems="1.615" reason="insufficient free space following gc" timestamp="2025-12-12T00:30:47.472" />
<gc-end id="1151" type="global" contextid="1125" durationms="28.666" usertimems="20.888" systemtimems="40.931" stalltimems="180.721" timestamp="2025-12-12T00:30:47.473" activeThreads="19">
  <mem-info id="1152" free="18810848" total="45744128" percent="41">
    <mem type="nursery" free="10327120" total="17563648" percent="58">
      <mem type="allocate" free="10327120" total="12582912" percent="82" />
      <mem type="survivor" free="0" total="4980736" percent="0" />
    </mem>
    <mem type="tenure" free="8483728" total="28180480" percent="30" micro-fragmented="395233" macro-fragmented="0">
      <mem type="soa" free="7074704" total="26771456" percent="26" />
      <mem type="loa" free="1409024" total="1409024" percent="100" />
    </mem>
    <remembered-set count="1057" />
  </mem-info>
</gc-end>
<cycle-end id="1153" type="global" contextid="1125" timestamp="2025-12-12T00:30:47.474" />
<exclusive-end id="1154" timestamp="2025-12-12T00:30:47.475" durationms="32.453" />

<exclusive-start id="1155" timestamp="2025-12-12T00:30:47.578" intervalms="135.377">
  <response-info timems="0.106" idlems="0.106" threads="0" lastid="0000000000831C00" lastname="Default Executor-thread-1" />
</exclusive-start>
<af-start id="1156" threadId="0000000000832678" totalBytesRequested="272" timestamp="2025-12-12T00:30:47.579" intervalms="162.148" type="nursery" />
<cycle-start id="1157" type="scavenge" contextid="0" timestamp="2025-12-12T00:30:47.580" intervalms="162.273" />
<gc-start id="1158" type="scavenge" contextid="1157" timestamp="2025-12-12T00:30:47.580">
  <mem-info id="1159" free="8483728" total="45744128" percent="18">
    <mem type="nursery" free="0" total="17563648" percent="0">
      <mem type="allocate" free="0" total="12582912" percent="0" />
      <mem type="survivor" free="0" total="4980736" percent="0" />
    </mem>
    <mem type="tenure" free="8483728" total="28180480" percent="30">
      <mem type="soa" free="7074704" total="26771456" percent="26" />
      <mem type="loa" free="1409024" total="1409024" percent="100" />
    </mem>
    <remembered-set count="1714" />
  </mem-info>
</gc-start>
<allocation-stats totalBytes="10318536" discardedBytes="8584" >
  <allocated-bytes non-tlh="36976" tlh="10281560" />
  <largest-consumer threadName="Default Executor-thread-1" threadId="0000000000831C00" bytes="10318536" />
</allocation-stats>
<gc-op id="1160" type="scavenge" timems="3.552" contextid="1157" timestamp="2025-12-12T00:30:47.585">
  <scavenger-info tenureage="2" tenuremask="7c04" tiltratio="71" />
  <memory-copied type="nursery" objects="21161" bytes="1026592" bytesdiscarded="130600" />
  <memory-copied type="tenure" objects="17632" bytes="1375784" bytesdiscarded="6808" />
  <ownableSynchronizers candidates="2542" cleared="2442" />
  <references type="soft" candidates="8" cleared="0" enqueued="0" dynamicThreshold="9" maxThreshold="32" />
  <references type="weak" candidates="8" cleared="0" enqueued="0" />
  <references type="phantom" candidates="71" cleared="0" enqueued="0" />
  <object-monitors candidates="20" cleared="0"  />
</gc-op>
<gc-end id="1161" type="scavenge" contextid="1157" durationms="6.801" usertimems="10.667" systemtimems="0.000" stalltimems="3.756" timestamp="2025-12-12T00:30:47.587" activeThreads="4">
  <mem-info id="1162" free="18765464" total="45744128" percent="41">
    <mem type="nursery" free="11883232" total="17563648" percent="67">
      <mem type="allocate" free="11883232" total="13041664" percent="91" />
      <mem type="survivor" free="0" total="4521984" percent="0" />
    </mem>
    <mem type="tenure" free="6882232" total="28180480" percent="24">
      <mem type="soa" free="5473208" total="26771456" percent="20" />
      <mem type="loa" free="1409024" total="1409024" percent="100" />
    </mem>
    <remembered-set count="810" />
  </mem-info>
</gc-end>
<cycle-end id="1163" type="scavenge" contextid="1157" timestamp="2025-12-12T00:30:47.588" />
<allocation-satisfied id="1164" threadId="0000000000831C00" bytesRequested="272" />
<af-end id="1165" timestamp="2025-12-12T00:30:47.590" threadId="0000000000832678" success="true" from="nursery"/>
<exclusive-end id="1166" timestamp="2025-12-12T00:30:47.590" durationms="12.647" />

<exclusive-start id="1167" timestamp="2025-12-12T00:30:47.677" intervalms="99.522">
  <response-info timems="0.054" idlems="0.054" threads="0" lastid="0000000000831C00" lastname="Default Executor-thread-1" />
</exclusive-start>
<af-start id="1168" threadId="0000000000832678" totalBytesRequested="8208" timestamp="2025-12-12T00:30:47.678" intervalms="99.361" type="nursery" />
<cycle-start id="1169" type="scavenge" contextid="0" timestamp="2025-12-12T00:30:47.679" intervalms="99.234" />
<gc-start id="1170" type="scavenge" contextid="1169" timestamp="2025-12-12T00:30:47.680">
  <mem-info id="1171" free="6882232" total="45744128" percent="15">
    <mem type="nursery" free="0" total="17563648" percent="0">
      <mem type="allocate" free="0" total="13041664" percent="0" />
      <mem type="survivor" free="0" total="4521984" percent="0" />
    </mem>
    <mem type="tenure" free="6882232" total="28180480" percent="24">
      <mem type="soa" free="5473208" total="26771456" percent="20" />
      <mem type="loa" free="1409024" total="1409024" percent="100" />
    </mem>
    <remembered-set count="1316" />
  </mem-info>
</gc-start>
<allocation-stats totalBytes="11875936" discardedBytes="7296" >
  <allocated-bytes non-tlh="272" tlh="11875664" />
  <largest-consumer threadName="Default Executor-thread-1" threadId="0000000000831C00" bytes="11875936" />
</allocation-stats>
<gc-op id="1172" type="scavenge" timems="2.652" contextid="1169" timestamp="2025-12-12T00:30:47.684">
  <scavenger-info tenureage="11" tenuremask="7800" tiltratio="74" />
  <memory-copied type="nursery" objects="33224" bytes="1753864" bytesdiscarded="37976" />
  <ownableSynchronizers candidates="49" cleared="0" />
  <references type="soft" candidates="8" cleared="0" enqueued="0" dynamicThreshold="9" maxThreshold="32" />
  <references type="weak" candidates="8" cleared="0" enqueued="0" />
  <references type="phantom" candidates="71" cleared="0" enqueued="0" />
  <object-monitors candidates="20" cleared="0"  />
</gc-op>
<gc-end id="1173" type="scavenge" contextid="1169" durationms="5.088" usertimems="7.788" systemtimems="0.000" stalltimems="2.898" timestamp="2025-12-12T00:30:47.685" activeThreads="4">
  <mem-info id="1174" free="18392960" total="45744128" percent="40">
    <mem type="nursery" free="11510728" total="17563648" percent="65">
      <mem type="allocate" free="11510728" total="13303808" percent="86" />
      <mem type="survivor" free="0" total="4259840" percent="0" />
    </mem>
    <mem type="tenure" free="6882232" total="28180480" percent="24">
      <mem type="soa" free="5473208" total="26771456" percent="20" />
      <mem type="loa" free="1409024" total="1409024" percent="100" />
    </mem>
    <remembered-set count="954" />
  </mem-info>
</gc-end>
<cycle-end id="1175" type="scavenge" contextid="1169" timestamp="2025-12-12T00:30:47.686" />
<allocation-satisfied id="1176" threadId="0000000000831C00" bytesRequested="8208" />
<af-end id="1177" timestamp="2025-12-12T00:30:47.688" threadId="0000000000832678" success="true" from="nursery"/>
<exclusive-end id="1178" timestamp="2025-12-12T00:30:47.688" durationms="10.930" />

<exclusive-start id="1179" timestamp="2025-12-12T00:30:47.848" intervalms="170.362">
  <response-info timems="0.181" idlems="0.181" threads="0" lastid="0000000000831C00" lastname="Default Executor-thread-1" />
</exclusive-start>
<af-start id="1180" threadId="0000000000832678" totalBytesRequested="24" timestamp="2025-12-12T00:30:47.848" intervalms="170.381" type="nursery" />
<cycle-start id="1181" type="scavenge" contextid="0" timestamp="2025-12-12T00:30:47.849" intervalms="170.444" />
<gc-start id="1182" type="scavenge" contextid="1181" timestamp="2025-12-12T00:30:47.850">
  <mem-info id="1183" free="6881600" total="45744128" percent="15">
    <mem type="nursery" free="0" total="17563648" percent="0">
      <mem type="allocate" free="0" total="13303808" percent="0" />
      <mem type="survivor" free="0" total="4259840" percent="0" />
    </mem>
    <mem type="tenure" free="6881600" total="28180480" percent="24">
      <mem type="soa" free="5472576" total="26771456" percent="20" />
      <mem type="loa" free="1409024" total="1409024" percent="100" />
    </mem>
    <remembered-set count="1811" />
  </mem-info>
</gc-start>
<allocation-stats totalBytes="11509048" discardedBytes="2312" >
  <allocated-bytes non-tlh="8840" tlh="11500208" />
  <largest-consumer threadName="Default Executor-thread-1" threadId="0000000000831C00" bytes="11492664" />
</allocation-stats>
<gc-op id="1184" type="scavenge" timems="8.039" contextid="1181" timestamp="2025-12-12T00:30:47.860">
  <scavenger-info tenureage="11" tenuremask="7800" tiltratio="75" />
  <memory-copied type="nursery" objects="77826" bytes="3668152" bytesdiscarded="49560" />
  <ownableSynchronizers candidates="51" cleared="2" />
  <references type="soft" candidates="8" cleared="0" enqueued="0" dynamicThreshold="9" maxThreshold="32" />
  <references type="weak" candidates="10" cleared="2" enqueued="2" />
  <references type="phantom" candidates="71" cleared="0" enqueued="0" />
  <object-monitors candidates="20" cleared="0"  />
</gc-op>
<heap-resize id="1185" type="expand" space="nursery" amount="655360" count="1" timems="0.101" reason="excessive time being spent scavenging" timestamp="2025-12-12T00:30:47.861" />
<gc-end id="1186" type="scavenge" contextid="1181" durationms="11.410" usertimems="20.053" systemtimems="5.176" stalltimems="7.222" timestamp="2025-12-12T00:30:47.862" activeThreads="4">
  <mem-info id="1187" free="14696968" total="46399488" percent="31">
    <mem type="nursery" free="7815368" total="18219008" percent="42">
      <mem type="allocate" free="7815368" total="11534336" percent="67" />
      <mem type="survivor" free="0" total="6684672" percent="0" />
    </mem>
    <mem type="tenure" free="6881600" total="28180480" percent="24">
      <mem type="soa" free="5472576" total="26771456" percent="20" />
      <mem type="loa" free="1409024" total="1409024" percent="100" />
    </mem>
    <pending-finalizers system="0" default="0" reference="2" classloader="0" />
    <remembered-set count="1308" />
  </mem-info>
</gc-end>
<cycle-end id="1188" type="scavenge" contextid="1181" timestamp="2025-12-12T00:30:47.863" />
<allocation-satisfied id="1189" threadId="0000000000831C00" bytesRequested="24" />
<af-end id="1190" timestamp="2025-12-12T00:30:47.864" threadId="0000000000832678" success="true" from="nursery"/>
<exclusive-end id="1191" timestamp="2025-12-12T00:30:47.865" durationms="17.155" />

<exclusive-start id="1192" timestamp="2025-12-12T00:30:47.939" intervalms="91.270">
  <response-info timems="0.128" idlems="0.128" threads="0" lastid="0000000000831C00" lastname="Default Executor-thread-1" />
</exclusive-start>
<af-start id="1193" threadId="0000000000832678" totalBytesRequested="2064" timestamp="2025-12-12T00:30:47.940" intervalms="91.355" type="nursery" />
<cycle-start id="1194" type="scavenge" contextid="0" timestamp="2025-12-12T00:30:47.941" intervalms="92.110" />
<gc-start id="1195" type="scavenge" contextid="1194" timestamp="2025-12-12T00:30:47.943">
  <mem-info id="1196" free="6881304" total="46399488" percent="14">
    <mem type="nursery" free="0" total="18219008" percent="0">
      <mem type="allocate" free="0" total="11534336" percent="0" />
      <mem type="survivor" free="0" total="6684672" percent="0" />
    </mem>
    <mem type="tenure" free="6881304" total="28180480" percent="24">
      <mem type="soa" free="5472280" total="26771456" percent="20" />
      <mem type="loa" free="1409024" total="1409024" percent="100" />
    </mem>
    <remembered-set count="1500" />
  </mem-info>
</gc-start>
<allocation-stats totalBytes="7813344" discardedBytes="2320" >
  <allocated-bytes non-tlh="320" tlh="7813024" />
  <largest-consumer threadName="Default Executor-thread-1" threadId="0000000000831C00" bytes="7813344" />
</allocation-stats>
<gc-op id="1197" type="scavenge" timems="3.386" contextid="1194" timestamp="2025-12-12T00:30:47.947">
  <scavenger-info tenureage="4" tenuremask="7c10" tiltratio="63" />
  <memory-copied type="nursery" objects="25222" bytes="993512" bytesdiscarded="38240" />
  <memory-copied type="tenure" objects="13840" bytes="720608" bytesdiscarded="408" />
  <ownableSynchronizers candidates="49" cleared="0" />
  <references type="weak" candidates="1" cleared="1" enqueued="1" />
  <object-monitors candidates="20" cleared="0"  />
</gc-op>
<gc-end id="1198" type="scavenge" contextid="1194" durationms="5.671" usertimems="7.105" systemtimems="3.803" stalltimems="2.670" timestamp="2025-12-12T00:30:47.948" activeThreads="4">
  <mem-info id="1199" free="17301936" total="46399488" percent="37">
    <mem type="nursery" free="11157944" total="18219008" percent="61">
      <mem type="allocate" free="11157944" total="12189696" percent="91" />
      <mem type="survivor" free="0" total="6029312" percent="0" />
    </mem>
    <mem type="tenure" free="6143992" total="28180480" percent="21">
      <mem type="soa" free="4734968" total="26771456" percent="17" />
      <mem type="loa" free="1409024" total="1409024" percent="100" />
    </mem>
    <pending-finalizers system="0" default="0" reference="1" classloader="0" />
    <remembered-set count="1108" />
  </mem-info>
</gc-end>
<cycle-end id="1200" type="scavenge" contextid="1194" timestamp="2025-12-12T00:30:47.949" />
<allocation-satisfied id="1201" threadId="0000000000831C00" bytesRequested="2064" />
<af-end id="1202" timestamp="2025-12-12T00:30:47.950" threadId="0000000000832678" success="true" from="nursery"/>
<exclusive-end id="1203" timestamp="2025-12-12T00:30:47.951" durationms="11.703" />

<exclusive-start id="1204" timestamp="2025-12-12T00:30:48.034" intervalms="94.849">
  <response-info timems="0.092" idlems="0.092" threads="0" lastid="0000000000831C00" lastname="Default Executor-thread-1" />
</exclusive-start>
<af-start id="1205" threadId="0000000000832678" totalBytesRequested="4112" timestamp="2025-12-12T00:30:48.035" intervalms="94.810" type="nursery" />
<cycle-start id="1206" type="scavenge" contextid="0" timestamp="2025-12-12T00:30:48.036" intervalms="94.142" />
<gc-start id="1207" type="scavenge" contextid="1206" timestamp="2025-12-12T00:30:48.037">
  <mem-info id="1208" free="6143992" total="46399488" percent="13">
    <mem type="nursery" free="0" total="18219008" percent="0">
      <mem type="allocate" free="0" total="12189696" percent="0" />
      <mem type="survivor" free="0" total="6029312" percent="0" />
    </mem>
    <mem type="tenure" free="6143992" total="28180480" percent="21">
      <mem type="soa" free="4734968" total="26771456" percent="17" />
      <mem type="loa" free="1409024" total="1409024" percent="100" />
    </mem>
    <remembered-set count="1521" />
  </mem-info>
</gc-start>
<allocation-stats totalBytes="11151784" discardedBytes="6160" >
  <allocated-bytes non-tlh="2064" tlh="11149720" />
  <largest-consumer threadName="Default Executor-thread-1" threadId="0000000000831C00" bytes="11151784" />
</allocation-stats>
<gc-op id="1209" type="scavenge" timems="2.439" contextid="1206" timestamp="2025-12-12T00:30:48.040">
  <scavenger-info tenureage="11" tenuremask="7800" tiltratio="66" />
  <memory-copied type="nursery" objects="26335" bytes="900104" bytesdiscarded="38928" />
  <ownableSynchronizers candidates="2" cleared="0" />
  <object-monitors candidates="20" cleared="0"  />
</gc-op>
<gc-end id="1210" type="scavenge" contextid="1206" durationms="4.958" usertimems="3.560" systemtimems="3.987" stalltimems="2.285" timestamp="2025-12-12T00:30:48.041" activeThreads="4">
  <mem-info id="1211" free="18312160" total="46399488" percent="39">
    <mem type="nursery" free="12168168" total="18219008" percent="66">
      <mem type="allocate" free="12168168" total="13107200" percent="92" />
      <mem type="survivor" free="0" total="5111808" percent="0" />
    </mem>
    <mem type="tenure" free="6143992" total="28180480" percent="21">
      <mem type="soa" free="4734968" total="26771456" percent="17" />
      <mem type="loa" free="1409024" total="1409024" percent="100" />
    </mem>
    <remembered-set count="1236" />
  </mem-info>
</gc-end>
<cycle-end id="1212" type="scavenge" contextid="1206" timestamp="2025-12-12T00:30:48.042" />
<allocation-satisfied id="1213" threadId="0000000000831C00" bytesRequested="4112" />
<af-end id="1214" timestamp="2025-12-12T00:30:48.043" threadId="0000000000832678" success="true" from="nursery"/>
<exclusive-end id="1215" timestamp="2025-12-12T00:30:48.044" durationms="10.330" />

<exclusive-start id="1216" timestamp="2025-12-12T00:30:48.115" intervalms="80.800">
  <response-info timems="0.051" idlems="0.051" threads="0" lastid="0000000000831C00" lastname="Default Executor-thread-1" />
</exclusive-start>
<af-start id="1217" threadId="0000000000832678" totalBytesRequested="4312" timestamp="2025-12-12T00:30:48.115" intervalms="80.564" type="nursery" />
<cycle-start id="1218" type="scavenge" contextid="0" timestamp="2025-12-12T00:30:48.116" intervalms="80.257" />
<gc-start id="1219" type="scavenge" contextid="1218" timestamp="2025-12-12T00:30:48.117">
  <mem-info id="1220" free="6143992" total="46399488" percent="13">
    <mem type="nursery" free="0" total="18219008" percent="0">
      <mem type="allocate" free="0" total="13107200" percent="0" />
      <mem type="survivor" free="0" total="5111808" percent="0" />
    </mem>
    <mem type="tenure" free="6143992" total="28180480" percent="21">
      <mem type="soa" free="4734968" total="26771456" percent="17" />
      <mem type="loa" free="1409024" total="1409024" percent="100" />
    </mem>
    <remembered-set count="1420" />
  </mem-info>
</gc-start>
<allocation-stats totalBytes="12163168" discardedBytes="5000" >
  <allocated-bytes non-tlh="4112" tlh="12159056" />
  <largest-consumer threadName="Default Executor-thread-1" threadId="0000000000831C00" bytes="12163168" />
</allocation-stats>
<gc-op id="1221" type="scavenge" timems="2.848" contextid="1218" timestamp="2025-12-12T00:30:48.121">
  <scavenger-info tenureage="12" tenuremask="7000" tiltratio="71" />
  <memory-copied type="nursery" objects="28124" bytes="826656" bytesdiscarded="26592" />
  <ownableSynchronizers candidates="2" cleared="0" />
  <object-monitors candidates="20" cleared="0"  />
</gc-op>
<heap-resize id="1222" type="expand" space="nursery" amount="786432" count="1" timems="0.085" reason="excessive time being spent scavenging" timestamp="2025-12-12T00:30:48.122" />
<gc-end id="1223" type="scavenge" contextid="1218" durationms="6.006" usertimems="8.447" systemtimems="0.000" stalltimems="2.951" timestamp="2025-12-12T00:30:48.123" activeThreads="4">
  <mem-info id="1224" free="19774200" total="47185920" percent="41">
    <mem type="nursery" free="13630208" total="19005440" percent="71">
      <mem type="allocate" free="13630208" total="14483456" percent="94" />
      <mem type="survivor" free="0" total="4521984" percent="0" />
    </mem>
    <mem type="tenure" free="6143992" total="28180480" percent="21">
      <mem type="soa" free="4734968" total="26771456" percent="17" />
      <mem type="loa" free="1409024" total="1409024" percent="100" />
    </mem>
    <remembered-set count="1285" />
  </mem-info>
</gc-end>
<cycle-end id="1225" type="scavenge" contextid="1218" timestamp="2025-12-12T00:30:48.124" />
<allocation-satisfied id="1226" threadId="0000000000831C00" bytesRequested="4312" />
<af-end id="1227" timestamp="2025-12-12T00:30:48.125" threadId="0000000000832678" success="true" from="nursery"/>
<exclusive-end id="1228" timestamp="2025-12-12T00:30:48.126" durationms="11.684" />

<exclusive-start id="1229" timestamp="2025-12-12T00:30:48.201" intervalms="86.821">
  <response-info timems="0.082" idlems="0.082" threads="0" lastid="0000000000831C00" lastname="Default Executor-thread-1" />
</exclusive-start>
<af-start id="1230" threadId="0000000000832678" totalBytesRequested="16" timestamp="2025-12-12T00:30:48.202" intervalms="87.236" type="nursery" />
<cycle-start id="1231" type="scavenge" contextid="0" timestamp="2025-12-12T00:30:48.203" intervalms="87.326" />
<gc-start id="1232" type="scavenge" contextid="1231" timestamp="2025-12-12T00:30:48.204">
  <mem-info id="1233" free="6143880" total="47185920" percent="13">
    <mem type="nursery" free="0" total="19005440" percent="0">
      <mem type="allocate" free="0" total="14483456" percent="0" />
      <mem type="survivor" free="0" total="4521984" percent="0" />
    </mem>
    <mem type="tenure" free="6143880" total="28180480" percent="21">
      <mem type="soa" free="4734856" total="26771456" percent="17" />
      <mem type="loa" free="1409024" total="1409024" percent="100" />
    </mem>
    <remembered-set count="1665" />
  </mem-info>
</gc-start>
<allocation-stats totalBytes="13623648" discardedBytes="6672" >
  <allocated-bytes non-tlh="4424" tlh="13619224" />
  <largest-consumer threadName="Default Executor-thread-1" threadId="0000000000831C00" bytes="13623648" />
</allocation-stats>
<gc-op id="1234" type="scavenge" timems="2.713" contextid="1231" timestamp="2025-12-12T00:30:48.208">
  <scavenger-info tenureage="13" tenuremask="6000" tiltratio="76" />
  <memory-copied type="nursery" objects="34446" bytes="1302368" bytesdiscarded="37024" />
  <finalization candidates="1" enqueued="1" />
  <ownableSynchronizers candidates="2" cleared="0" />
  <object-monitors candidates="20" cleared="0"  />
</gc-op>
<gc-end id="1235" type="scavenge" contextid="1231" durationms="4.714" usertimems="8.074" systemtimems="0.000" stalltimems="2.845" timestamp="2025-12-12T00:30:48.209" activeThreads="4">
  <mem-info id="1236" free="19943304" total="47185920" percent="42">
    <mem type="nursery" free="13799424" total="19005440" percent="72">
      <mem type="allocate" free="13799424" total="15138816" percent="91" />
      <mem type="survivor" free="0" total="3866624" percent="0" />
    </mem>
    <mem type="tenure" free="6143880" total="28180480" percent="21">
      <mem type="soa" free="4734856" total="26771456" percent="17" />
      <mem type="loa" free="1409024" total="1409024" percent="100" />
    </mem>
    <pending-finalizers system="1" default="0" reference="0" classloader="0" />
    <remembered-set count="1439" />
  </mem-info>
</gc-end>
<cycle-end id="1237" type="scavenge" contextid="1231" timestamp="2025-12-12T00:30:48.209" />
<allocation-satisfied id="1238" threadId="0000000000831C00" bytesRequested="16" />
<af-end id="1239" timestamp="2025-12-12T00:30:48.211" threadId="0000000000832678" success="true" from="nursery"/>
<exclusive-end id="1240" timestamp="2025-12-12T00:30:48.211" durationms="9.764" />

<exclusive-start id="1241" timestamp="2025-12-12T00:30:48.261" intervalms="59.672">
  <response-info timems="0.197" idlems="0.197" threads="0" lastid="0000000000831C00" lastname="Default Executor-thread-1" />
</exclusive-start>
<af-start id="1242" threadId="0000000000832678" totalBytesRequested="8208" timestamp="2025-12-12T00:30:48.262" intervalms="59.714" type="nursery" />
<cycle-start id="1243" type="scavenge" contextid="0" timestamp="2025-12-12T00:30:48.263" intervalms="59.481" />
<gc-start id="1244" type="scavenge" contextid="1243" timestamp="2025-12-12T00:30:48.263">
  <mem-info id="1245" free="6143880" total="47185920" percent="13">
    <mem type="nursery" free="0" total="19005440" percent="0">
      <mem type="allocate" free="0" total="15138816" percent="0" />
      <mem type="survivor" free="0" total="3866624" percent="0" />
    </mem>
    <mem type="tenure" free="6143880" total="28180480" percent="21">
      <mem type="soa" free="4734856" total="26771456" percent="17" />
      <mem type="loa" free="1409024" total="1409024" percent="100" />
    </mem>
    <remembered-set count="1786" />
  </mem-info>
</gc-start>
<allocation-stats totalBytes="13792312" discardedBytes="7112" >
  <allocated-bytes non-tlh="16" tlh="13792296" />
  <largest-consumer threadName="Default Executor-thread-1" threadId="0000000000831C00" bytes="13792312" />
</allocation-stats>
<gc-op id="1246" type="scavenge" timems="3.073" contextid="1243" timestamp="2025-12-12T00:30:48.268">
  <scavenger-info tenureage="14" tenuremask="4000" tiltratio="79" />
  <memory-copied type="nursery" objects="35646" bytes="1115632" bytesdiscarded="41936" />
  <ownableSynchronizers candidates="2" cleared="0" />
  <object-monitors candidates="20" cleared="0"  />
</gc-op>
<heap-resize id="1247" type="expand" space="nursery" amount="917504" count="1" timems="0.071" reason="excessive time being spent scavenging" timestamp="2025-12-12T00:30:48.269" />
<gc-end id="1248" type="scavenge" contextid="1243" durationms="5.986" usertimems="8.803" systemtimems="0.000" stalltimems="3.795" timestamp="2025-12-12T00:30:48.269" activeThreads="4">
  <mem-info id="1249" free="21239240" total="48103424" percent="44">
    <mem type="nursery" free="15095360" total="19922944" percent="75">
      <mem type="allocate" free="15095360" total="16252928" percent="92" />
      <mem type="survivor" free="0" total="3670016" percent="0" />
    </mem>
    <mem type="tenure" free="6143880" total="28180480" percent="21">
      <mem type="soa" free="4734856" total="26771456" percent="17" />
      <mem type="loa" free="1409024" total="1409024" percent="100" />
    </mem>
    <remembered-set count="1527" />
  </mem-info>
</gc-end>
<cycle-end id="1250" type="scavenge" contextid="1243" timestamp="2025-12-12T00:30:48.270" />
<allocation-satisfied id="1251" threadId="0000000000831C00" bytesRequested="8208" />
<af-end id="1252" timestamp="2025-12-12T00:30:48.272" threadId="0000000000832678" success="true" from="nursery"/>
<exclusive-end id="1253" timestamp="2025-12-12T00:30:48.272" durationms="11.050" />

<exclusive-start id="1254" timestamp="2025-12-12T00:30:48.344" intervalms="82.925">
  <response-info timems="0.069" idlems="0.069" threads="0" lastid="0000000000831C00" lastname="Default Executor-thread-1" />
</exclusive-start>
<af-start id="1255" threadId="0000000000832678" totalBytesRequested="40" timestamp="2025-12-12T00:30:48.345" intervalms="82.605" type="nursery" />
<cycle-start id="1256" type="scavenge" contextid="0" timestamp="2025-12-12T00:30:48.345" intervalms="82.685" />
<gc-start id="1257" type="scavenge" contextid="1256" timestamp="2025-12-12T00:30:48.346">
  <mem-info id="1258" free="6143880" total="48103424" percent="12">
    <mem type="nursery" free="0" total="19922944" percent="0">
      <mem type="allocate" free="0" total="16252928" percent="0" />
      <mem type="survivor" free="0" total="3670016" percent="0" />
    </mem>
    <mem type="tenure" free="6143880" total="28180480" percent="21">
      <mem type="soa" free="4734856" total="26771456" percent="17" />
      <mem type="loa" free="1409024" total="1409024" percent="100" />
    </mem>
    <remembered-set count="2223" />
  </mem-info>
</gc-start>
<allocation-stats totalBytes="15090496" discardedBytes="4864" >
  <allocated-bytes non-tlh="8208" tlh="15082288" />
  <largest-consumer threadName="Default Executor-thread-1" threadId="0000000000831C00" bytes="15078208" />
</allocation-stats>
<gc-op id="1259" type="scavenge" timems="3.844" contextid="1256" timestamp="2025-12-12T00:30:48.351">
  <scavenger-info tenureage="14" tenuremask="4000" tiltratio="81" />
  <memory-copied type="nursery" objects="66485" bytes="3075144" bytesdiscarded="30296" />
  <ownableSynchronizers candidates="4" cleared="2" />
  <object-monitors candidates="20" cleared="0"  />
</gc-op>
<gc-end id="1260" type="scavenge" contextid="1256" durationms="6.216" usertimems="13.128" systemtimems="0.000" stalltimems="2.220" timestamp="2025-12-12T00:30:48.352" activeThreads="4">
  <mem-info id="1261" free="17259752" total="48103424" percent="35">
    <mem type="nursery" free="11115872" total="19922944" percent="55">
      <mem type="allocate" free="11115872" total="14221312" percent="78" />
      <mem type="survivor" free="0" total="5701632" percent="0" />
    </mem>
    <mem type="tenure" free="6143880" total="28180480" percent="21">
      <mem type="soa" free="4734856" total="26771456" percent="17" />
      <mem type="loa" free="1409024" total="1409024" percent="100" />
    </mem>
    <remembered-set count="1832" />
  </mem-info>
</gc-end>
<cycle-end id="1262" type="scavenge" contextid="1256" timestamp="2025-12-12T00:30:48.353" />
<allocation-satisfied id="1263" threadId="0000000000831C00" bytesRequested="40" />
<af-end id="1264" timestamp="2025-12-12T00:30:48.354" threadId="0000000000832678" success="true" from="nursery"/>
<exclusive-end id="1265" timestamp="2025-12-12T00:30:48.355" durationms="10.728" />

<exclusive-start id="1266" timestamp="2025-12-12T00:30:48.401" intervalms="56.754">
  <response-info timems="0.133" idlems="0.133" threads="0" lastid="0000000000831C00" lastname="Default Executor-thread-1" />
</exclusive-start>
<af-start id="1267" threadId="0000000000832678" totalBytesRequested="24" timestamp="2025-12-12T00:30:48.403" intervalms="57.993" type="nursery" />
<cycle-start id="1268" type="scavenge" contextid="0" timestamp="2025-12-12T00:30:48.403" intervalms="57.982" />
<gc-start id="1269" type="scavenge" contextid="1268" timestamp="2025-12-12T00:30:48.404">
  <mem-info id="1270" free="6143784" total="48103424" percent="12">
    <mem type="nursery" free="0" total="19922944" percent="0">
      <mem type="allocate" free="0" total="14221312" percent="0" />
      <mem type="survivor" free="0" total="5701632" percent="0" />
    </mem>
    <mem type="tenure" free="6143784" total="28180480" percent="21">
      <mem type="soa" free="4734760" total="26771456" percent="17" />
      <mem type="loa" free="1409024" total="1409024" percent="100" />
    </mem>
    <remembered-set count="2162" />
  </mem-info>
</gc-start>
<allocation-stats totalBytes="11112808" discardedBytes="3160" >
  <allocated-bytes non-tlh="136" tlh="11112672" />
  <largest-consumer threadName="Default Executor-thread-1" threadId="0000000000831C00" bytes="11100432" />
</allocation-stats>
<gc-op id="1271" type="scavenge" timems="5.403" contextid="1268" timestamp="2025-12-12T00:30:48.410">
  <scavenger-info tenureage="14" tenuremask="4000" tiltratio="71" />
  <memory-copied type="nursery" objects="61806" bytes="2399904" bytesdiscarded="71600" />
  <ownableSynchronizers candidates="2" cleared="0" />
  <object-monitors candidates="20" cleared="0"  />
</gc-op>
<heap-resize id="1272" type="expand" space="nursery" amount="1441792" count="1" timems="0.112" reason="excessive time being spent scavenging" timestamp="2025-12-12T00:30:48.412" />
<gc-end id="1273" type="scavenge" contextid="1268" durationms="8.454" usertimems="16.146" systemtimems="0.000" stalltimems="5.010" timestamp="2025-12-12T00:30:48.412" activeThreads="4">
  <mem-info id="1274" free="19335384" total="49545216" percent="39">
    <mem type="nursery" free="13191600" total="21364736" percent="61">
      <mem type="allocate" free="13191600" total="15663104" percent="84" />
      <mem type="survivor" free="0" total="5701632" percent="0" />
    </mem>
    <mem type="tenure" free="6143784" total="28180480" percent="21">
      <mem type="soa" free="4734760" total="26771456" percent="17" />
      <mem type="loa" free="1409024" total="1409024" percent="100" />
    </mem>
    <remembered-set count="1939" />
  </mem-info>
</gc-end>
<cycle-end id="1275" type="scavenge" contextid="1268" timestamp="2025-12-12T00:30:48.414" />
<allocation-satisfied id="1276" threadId="0000000000831C00" bytesRequested="24" />
<af-end id="1277" timestamp="2025-12-12T00:30:48.415" threadId="0000000000832678" success="true" from="nursery"/>
<exclusive-end id="1278" timestamp="2025-12-12T00:30:48.416" durationms="14.787" />

<exclusive-start id="1279" timestamp="2025-12-12T00:30:48.477" intervalms="76.470">
  <response-info timems="0.210" idlems="0.210" threads="0" lastid="0000000000831C00" lastname="Default Executor-thread-1" />
</exclusive-start>
<af-start id="1280" threadId="0000000000832678" totalBytesRequested="6144" timestamp="2025-12-12T00:30:48.478" intervalms="75.358" type="nursery" />
<cycle-start id="1281" type="scavenge" contextid="0" timestamp="2025-12-12T00:30:48.479" intervalms="75.456" />
<gc-start id="1282" type="scavenge" contextid="1281" timestamp="2025-12-12T00:30:48.480">
  <mem-info id="1283" free="6143784" total="49545216" percent="12">
    <mem type="nursery" free="0" total="21364736" percent="0">
      <mem type="allocate" free="0" total="15663104" percent="0" />
      <mem type="survivor" free="0" total="5701632" percent="0" />
    </mem>
    <mem type="tenure" free="6143784" total="28180480" percent="21">
      <mem type="soa" free="4734760" total="26771456" percent="17" />
      <mem type="loa" free="1409024" total="1409024" percent="100" />
    </mem>
    <remembered-set count="2064" />
  </mem-info>
</gc-start>
<allocation-stats totalBytes="13179032" discardedBytes="12568" >
  <allocated-bytes non-tlh="24" tlh="13179008" />
  <largest-consumer threadName="Default Executor-thread-1" threadId="0000000000831C00" bytes="13179032" />
</allocation-stats>
<gc-op id="1284" type="scavenge" timems="2.871" contextid="1281" timestamp="2025-12-12T00:30:48.484">
  <scavenger-info tenureage="10" tenuremask="4400" tiltratio="73" />
  <memory-copied type="nursery" objects="43710" bytes="1262632" bytesdiscarded="39896" />
  <memory-copied type="tenure" objects="3844" bytes="106016" bytesdiscarded="80" />
  <ownableSynchronizers candidates="2" cleared="0" />
  <object-monitors candidates="20" cleared="0"  />
</gc-op>
<gc-end id="1285" type="scavenge" contextid="1281" durationms="5.196" usertimems="9.964" systemtimems="0.000" stalltimems="1.640" timestamp="2025-12-12T00:30:48.485" activeThreads="4">
  <mem-info id="1286" free="21188904" total="49545216" percent="42">
    <mem type="nursery" free="15212544" total="21364736" percent="71">
      <mem type="allocate" free="15212544" total="16515072" percent="92" />
      <mem type="survivor" free="0" total="4849664" percent="0" />
    </mem>
    <mem type="tenure" free="5976360" total="28180480" percent="21">
      <mem type="soa" free="4567336" total="26771456" percent="17" />
      <mem type="loa" free="1409024" total="1409024" percent="100" />
    </mem>
    <remembered-set count="1816" />
  </mem-info>
</gc-end>
<cycle-end id="1287" type="scavenge" contextid="1281" timestamp="2025-12-12T00:30:48.486" />
<allocation-satisfied id="1288" threadId="0000000000831C00" bytesRequested="6144" />
<af-end id="1289" timestamp="2025-12-12T00:30:48.487" threadId="0000000000832678" success="true" from="nursery"/>
<exclusive-end id="1290" timestamp="2025-12-12T00:30:48.488" durationms="10.529" />

<exclusive-start id="1291" timestamp="2025-12-12T00:30:48.553" intervalms="76.022">
  <response-info timems="0.144" idlems="0.144" threads="0" lastid="0000000000831C00" lastname="Default Executor-thread-1" />
</exclusive-start>
<af-start id="1292" threadId="0000000000832678" totalBytesRequested="72" timestamp="2025-12-12T00:30:48.554" intervalms="76.224" type="nursery" />
<cycle-start id="1293" type="scavenge" contextid="0" timestamp="2025-12-12T00:30:48.555" intervalms="76.279" />
<gc-start id="1294" type="scavenge" contextid="1293" timestamp="2025-12-12T00:30:48.556">
  <mem-info id="1295" free="5976360" total="49545216" percent="12">
    <mem type="nursery" free="0" total="21364736" percent="0">
      <mem type="allocate" free="0" total="16515072" percent="0" />
      <mem type="survivor" free="0" total="4849664" percent="0" />
    </mem>
    <mem type="tenure" free="5976360" total="28180480" percent="21">
      <mem type="soa" free="4567336" total="26771456" percent="17" />
      <mem type="loa" free="1409024" total="1409024" percent="100" />
    </mem>
    <remembered-set count="2013" />
  </mem-info>
</gc-start>
<allocation-stats totalBytes="15208280" discardedBytes="4264" >
  <allocated-bytes non-tlh="6144" tlh="15202136" />
  <largest-consumer threadName="Default Executor-thread-1" threadId="0000000000831C00" bytes="15208280" />
</allocation-stats>
<gc-op id="1296" type="scavenge" timems="4.344" contextid="1293" timestamp="2025-12-12T00:30:48.562">
  <scavenger-info tenureage="14" tenuremask="4000" tiltratio="77" />
  <memory-copied type="nursery" objects="59560" bytes="2884640" bytesdiscarded="42160" />
  <ownableSynchronizers candidates="2" cleared="0" />
  <object-monitors candidates="20" cleared="0"  />
</gc-op>
<heap-resize id="1297" type="expand" space="nursery" amount="1179648" count="1" timems="0.085" reason="excessive time being spent scavenging" timestamp="2025-12-12T00:30:48.563" />
<gc-end id="1298" type="scavenge" contextid="1293" durationms="7.581" usertimems="14.219" systemtimems="0.492" stalltimems="2.569" timestamp="2025-12-12T00:30:48.564" activeThreads="4">
  <mem-info id="1299" free="19826776" total="50724864" percent="39">
    <mem type="nursery" free="13850416" total="22544384" percent="61">
      <mem type="allocate" free="13850416" total="16777216" percent="82" />
      <mem type="survivor" free="0" total="5767168" percent="0" />
    </mem>
    <mem type="tenure" free="5976360" total="28180480" percent="21">
      <mem type="soa" free="4567336" total="26771456" percent="17" />
      <mem type="loa" free="1409024" total="1409024" percent="100" />
    </mem>
    <remembered-set count="1875" />
  </mem-info>
</gc-end>
<cycle-end id="1300" type="scavenge" contextid="1293" timestamp="2025-12-12T00:30:48.565" />
<allocation-satisfied id="1301" threadId="0000000000831C00" bytesRequested="72" />
<af-end id="1302" timestamp="2025-12-12T00:30:48.566" threadId="0000000000832678" success="true" from="nursery"/>
<exclusive-end id="1303" timestamp="2025-12-12T00:30:48.567" durationms="13.791" />

<exclusive-start id="1304" timestamp="2025-12-12T00:30:48.682" intervalms="128.284">
  <response-info timems="0.045" idlems="0.045" threads="0" lastid="0000000000831C00" lastname="Default Executor-thread-1" />
</exclusive-start>
<af-start id="1305" threadId="0000000000832678" totalBytesRequested="24" timestamp="2025-12-12T00:30:48.682" intervalms="127.946" type="nursery" />
<cycle-start id="1306" type="scavenge" contextid="0" timestamp="2025-12-12T00:30:48.683" intervalms="127.874" />
<gc-start id="1307" type="scavenge" contextid="1306" timestamp="2025-12-12T00:30:48.684">
  <mem-info id="1308" free="5976360" total="50724864" percent="11">
    <mem type="nursery" free="0" total="22544384" percent="0">
      <mem type="allocate" free="0" total="16777216" percent="0" />
      <mem type="survivor" free="0" total="5767168" percent="0" />
    </mem>
    <mem type="tenure" free="5976360" total="28180480" percent="21">
      <mem type="soa" free="4567336" total="26771456" percent="17" />
      <mem type="loa" free="1409024" total="1409024" percent="100" />
    </mem>
    <remembered-set count="2196" />
  </mem-info>
</gc-start>
<allocation-stats totalBytes="13848136" discardedBytes="2280" >
  <allocated-bytes non-tlh="72" tlh="13848064" />
  <largest-consumer threadName="Default Executor-thread-1" threadId="0000000000831C00" bytes="13848136" />
</allocation-stats>
<gc-op id="1309" type="scavenge" timems="4.103" contextid="1306" timestamp="2025-12-12T00:30:48.690">
  <scavenger-info tenureage="14" tenuremask="4000" tiltratio="74" />
  <memory-copied type="nursery" objects="53888" bytes="1652752" bytesdiscarded="28208" />
  <ownableSynchronizers candidates="2" cleared="0" />
  <object-monitors candidates="20" cleared="0"  />
</gc-op>
<gc-end id="1310" type="scavenge" contextid="1306" durationms="6.952" usertimems="9.787" systemtimems="3.420" stalltimems="2.774" timestamp="2025-12-12T00:30:48.691" activeThreads="4">
  <mem-info id="1311" free="21727976" total="50724864" percent="42">
    <mem type="nursery" free="15751616" total="22544384" percent="69">
      <mem type="allocate" free="15751616" total="17432576" percent="90" />
      <mem type="survivor" free="0" total="5111808" percent="0" />
    </mem>
    <mem type="tenure" free="5976360" total="28180480" percent="21">
      <mem type="soa" free="4567336" total="26771456" percent="17" />
      <mem type="loa" free="1409024" total="1409024" percent="100" />
    </mem>
    <remembered-set count="1996" />
  </mem-info>
</gc-end>
<cycle-end id="1312" type="scavenge" contextid="1306" timestamp="2025-12-12T00:30:48.692" />
<allocation-satisfied id="1313" threadId="0000000000831C00" bytesRequested="24" />
<af-end id="1314" timestamp="2025-12-12T00:30:48.693" threadId="0000000000832678" success="true" from="nursery"/>
<exclusive-end id="1315" timestamp="2025-12-12T00:30:48.694" durationms="12.314" />

<exclusive-start id="1316" timestamp="2025-12-12T00:30:48.757" intervalms="75.434">
  <response-info timems="0.108" idlems="0.108" threads="0" lastid="0000000000831C00" lastname="Default Executor-thread-1" />
</exclusive-start>
<af-start id="1317" threadId="0000000000832678" totalBytesRequested="272" timestamp="2025-12-12T00:30:48.759" intervalms="76.455" type="nursery" />
<cycle-start id="1318" type="scavenge" contextid="0" timestamp="2025-12-12T00:30:48.760" intervalms="76.761" />
<gc-start id="1319" type="scavenge" contextid="1318" timestamp="2025-12-12T00:30:48.761">
  <mem-info id="1320" free="5976360" total="50724864" percent="11">
    <mem type="nursery" free="0" total="22544384" percent="0">
      <mem type="allocate" free="0" total="17432576" percent="0" />
      <mem type="survivor" free="0" total="5111808" percent="0" />
    </mem>
    <mem type="tenure" free="5976360" total="28180480" percent="21">
      <mem type="soa" free="4567336" total="26771456" percent="17" />
      <mem type="loa" free="1409024" total="1409024" percent="100" />
    </mem>
    <remembered-set count="2067" />
  </mem-info>
</gc-start>
<allocation-stats totalBytes="15746120" discardedBytes="5496" >
  <allocated-bytes non-tlh="24" tlh="15746096" />
  <largest-consumer threadName="Default Executor-thread-1" threadId="0000000000831C00" bytes="15746120" />
</allocation-stats>
<gc-op id="1321" type="scavenge" timems="3.759" contextid="1318" timestamp="2025-12-12T00:30:48.766">
  <scavenger-info tenureage="12" tenuremask="5000" tiltratio="77" />
  <memory-copied type="nursery" objects="47565" bytes="1418904" bytesdiscarded="24424" />
  <memory-copied type="tenure" objects="4060" bytes="114712" bytesdiscarded="16" />
  <ownableSynchronizers candidates="2" cleared="0" />
  <object-monitors candidates="20" cleared="0"  />
</gc-op>
<heap-resize id="1322" type="expand" space="nursery" amount="1048576" count="1" timems="0.143" reason="excessive time being spent scavenging" timestamp="2025-12-12T00:30:48.767" />
<gc-end id="1323" type="scavenge" contextid="1318" durationms="7.002" usertimems="12.467" systemtimems="0.000" stalltimems="2.416" timestamp="2025-12-12T00:30:48.768" activeThreads="4">
  <mem-info id="1324" free="23300392" total="51773440" percent="45">
    <mem type="nursery" free="17365504" total="23592960" percent="73">
      <mem type="allocate" free="17365504" total="18808832" percent="92" />
      <mem type="survivor" free="0" total="4784128" percent="0" />
    </mem>
    <mem type="tenure" free="5934888" total="28180480" percent="21">
      <mem type="soa" free="4525864" total="26771456" percent="16" />
      <mem type="loa" free="1409024" total="1409024" percent="100" />
    </mem>
    <remembered-set count="1867" />
  </mem-info>
</gc-end>
<cycle-end id="1325" type="scavenge" contextid="1318" timestamp="2025-12-12T00:30:48.768" />
<allocation-satisfied id="1326" threadId="0000000000831C00" bytesRequested="272" />
<af-end id="1327" timestamp="2025-12-12T00:30:48.770" threadId="0000000000832678" success="true" from="nursery"/>
<exclusive-end id="1328" timestamp="2025-12-12T00:30:48.770" durationms="13.387" />

<exclusive-start id="1329" timestamp="2025-12-12T00:30:48.822" intervalms="65.223">
  <response-info timems="0.125" idlems="0.125" threads="0" lastid="0000000000831C00" lastname="Default Executor-thread-1" />
</exclusive-start>
<af-start id="1330" threadId="0000000000832678" totalBytesRequested="1040" timestamp="2025-12-12T00:30:48.824" intervalms="64.856" type="nursery" />
<cycle-start id="1331" type="scavenge" contextid="0" timestamp="2025-12-12T00:30:48.824" intervalms="64.544" />
<gc-start id="1332" type="scavenge" contextid="1331" timestamp="2025-12-12T00:30:48.825">
  <mem-info id="1333" free="5934632" total="51773440" percent="11">
    <mem type="nursery" free="0" total="23592960" percent="0">
      <mem type="allocate" free="0" total="18808832" percent="0" />
      <mem type="survivor" free="0" total="4784128" percent="0" />
    </mem>
    <mem type="tenure" free="5934632" total="28180480" percent="21">
      <mem type="soa" free="4525608" total="26771456" percent="16" />
      <mem type="loa" free="1409024" total="1409024" percent="100" />
    </mem>
    <remembered-set count="1925" />
  </mem-info>
</gc-start>
<allocation-stats totalBytes="17361984" discardedBytes="3776" >
  <allocated-bytes non-tlh="528" tlh="17361456" />
  <largest-consumer threadName="Default Executor-thread-1" threadId="0000000000831C00" bytes="17349696" />
</allocation-stats>
<gc-op id="1334" type="scavenge" timems="4.543" contextid="1331" timestamp="2025-12-12T00:30:48.831">
  <scavenger-info tenureage="6" tenuremask="5a40" tiltratio="79" />
  <memory-copied type="nursery" objects="31599" bytes="1259656" bytesdiscarded="117416" />
  <memory-copied type="tenure" objects="17958" bytes="496104" bytesdiscarded="536" />
  <ownableSynchronizers candidates="4" cleared="2" />
  <references type="weak" candidates="1" cleared="1" enqueued="1" />
  <object-monitors candidates="20" cleared="0"  />
</gc-op>
<heap-resize id="1335" type="expand" space="nursery" amount="1179648" count="1" timems="0.090" reason="excessive time being spent scavenging" timestamp="2025-12-12T00:30:48.832" />
<gc-end id="1336" type="scavenge" contextid="1331" durationms="8.175" usertimems="8.231" systemtimems="5.266" stalltimems="4.069" timestamp="2025-12-12T00:30:48.834" activeThreads="4">
  <mem-info id="1337" free="24682232" total="52953088" percent="46">
    <mem type="nursery" free="19266768" total="24772608" percent="77">
      <mem type="allocate" free="19266768" total="20643840" percent="93" />
      <mem type="survivor" free="0" total="4128768" percent="0" />
    </mem>
    <mem type="tenure" free="5415464" total="28180480" percent="19">
      <mem type="soa" free="4006440" total="26771456" percent="14" />
      <mem type="loa" free="1409024" total="1409024" percent="100" />
    </mem>
    <pending-finalizers system="0" default="0" reference="1" classloader="0" />
    <remembered-set count="1128" />
  </mem-info>
</gc-end>
<cycle-end id="1338" type="scavenge" contextid="1331" timestamp="2025-12-12T00:30:48.835" />
<allocation-satisfied id="1339" threadId="0000000000831C00" bytesRequested="1040" />
<af-end id="1340" timestamp="2025-12-12T00:30:48.837" threadId="0000000000832678" success="true" from="nursery"/>
<exclusive-end id="1341" timestamp="2025-12-12T00:30:48.837" durationms="15.184" />

<exclusive-start id="1342" timestamp="2025-12-12T00:30:48.893" intervalms="70.705">
  <response-info timems="0.159" idlems="0.159" threads="0" lastid="0000000000831C00" lastname="Default Executor-thread-1" />
</exclusive-start>
<af-start id="1343" threadId="0000000000832678" totalBytesRequested="1040" timestamp="2025-12-12T00:30:48.895" intervalms="71.600" type="nursery" />
<cycle-start id="1344" type="scavenge" contextid="0" timestamp="2025-12-12T00:30:48.897" intervalms="72.727" />
<gc-start id="1345" type="scavenge" contextid="1344" timestamp="2025-12-12T00:30:48.901">
  <mem-info id="1346" free="5415464" total="52953088" percent="10">
    <mem type="nursery" free="0" total="24772608" percent="0">
      <mem type="allocate" free="0" total="20643840" percent="0" />
      <mem type="survivor" free="0" total="4128768" percent="0" />
    </mem>
    <mem type="tenure" free="5415464" total="28180480" percent="19">
      <mem type="soa" free="4006440" total="26771456" percent="14" />
      <mem type="loa" free="1409024" total="1409024" percent="100" />
    </mem>
    <remembered-set count="1326" />
  </mem-info>
</gc-start>
<allocation-stats totalBytes="19257416" discardedBytes="9352" >
  <allocated-bytes non-tlh="1040" tlh="19256376" />
  <largest-consumer threadName="Default Executor-thread-1" threadId="0000000000831C00" bytes="19257416" />
</allocation-stats>
<gc-op id="1347" type="scavenge" timems="3.044" contextid="1344" timestamp="2025-12-12T00:30:48.906">
  <scavenger-info tenureage="8" tenuremask="4b00" tiltratio="83" />
  <memory-copied type="nursery" objects="22825" bytes="995616" bytesdiscarded="36528" />
  <memory-copied type="tenure" objects="10043" bytes="290192" bytesdiscarded="40" />
  <ownableSynchronizers candidates="2" cleared="0" />
  <object-monitors candidates="20" cleared="0"  />
</gc-op>
<heap-resize id="1348" type="expand" space="nursery" amount="1048576" count="1" timems="0.251" reason="excessive time being spent scavenging" timestamp="2025-12-12T00:30:48.909" />
<gc-end id="1349" type="scavenge" contextid="1344" durationms="9.906" usertimems="7.885" systemtimems="2.140" stalltimems="2.871" timestamp="2025-12-12T00:30:48.911" activeThreads="4">
  <mem-info id="1350" free="26267992" total="54001664" percent="48">
    <mem type="nursery" free="21119024" total="25821184" percent="81">
      <mem type="allocate" free="21119024" total="22151168" percent="95" />
      <mem type="survivor" free="0" total="3670016" percent="0" />
    </mem>
    <mem type="tenure" free="5148968" total="28180480" percent="18">
      <mem type="soa" free="3739944" total="26771456" percent="13" />
      <mem type="loa" free="1409024" total="1409024" percent="100" />
    </mem>
    <remembered-set count="803" />
  </mem-info>
</gc-end>
<cycle-end id="1351" type="scavenge" contextid="1344" timestamp="2025-12-12T00:30:48.912" />
<allocation-satisfied id="1352" threadId="0000000000831C00" bytesRequested="1040" />
<af-end id="1353" timestamp="2025-12-12T00:30:48.916" threadId="0000000000832678" success="true" from="nursery"/>
<exclusive-end id="1354" timestamp="2025-12-12T00:30:48.917" durationms="23.759" />

<exclusive-start id="1355" timestamp="2025-12-12T00:30:49.189" intervalms="295.785">
  <response-info timems="0.092" idlems="0.092" threads="0" lastid="0000000000831C00" lastname="Default Executor-thread-1" />
</exclusive-start>
<af-start id="1356" threadId="0000000000832678" totalBytesRequested="64" timestamp="2025-12-12T00:30:49.191" intervalms="296.168" type="nursery" />
<cycle-start id="1357" type="scavenge" contextid="0" timestamp="2025-12-12T00:30:49.193" intervalms="296.248" />
<gc-start id="1358" type="scavenge" contextid="1357" timestamp="2025-12-12T00:30:49.196">
  <mem-info id="1359" free="5146640" total="54001664" percent="9">
    <mem type="nursery" free="0" total="25821184" percent="0">
      <mem type="allocate" free="0" total="22151168" percent="0" />
      <mem type="survivor" free="0" total="3670016" percent="0" />
    </mem>
    <mem type="tenure" free="5146640" total="28180480" percent="18">
      <mem type="soa" free="3737616" total="26771456" percent="13" />
      <mem type="loa" free="1409024" total="1409024" percent="100" />
    </mem>
    <remembered-set count="2226" />
  </mem-info>
</gc-start>
<allocation-stats totalBytes="21117680" discardedBytes="3672" >
  <allocated-bytes non-tlh="243696" tlh="20873984" />
  <largest-consumer threadName="Default Executor-thread-1" threadId="0000000000831C00" bytes="20548504" />
</allocation-stats>
<gc-op id="1360" type="scavenge" timems="7.990" contextid="1357" timestamp="2025-12-12T00:30:49.207">
  <scavenger-info tenureage="14" tenuremask="4000" tiltratio="85" />
  <memory-copied type="nursery" objects="68495" bytes="3643072" bytesdiscarded="24992" />
  <memory-copied type="tenure" objects="1398" bytes="44576" bytesdiscarded="208" />
  <copy-failed type="nursery" objects="1398" bytes="44576" />
  <ownableSynchronizers candidates="2" cleared="0" />
  <references type="soft" candidates="1" cleared="0" enqueued="0" dynamicThreshold="9" maxThreshold="32" />
  <references type="weak" candidates="8" cleared="5" enqueued="5" />
  <references type="phantom" candidates="153" cleared="0" enqueued="0" />
  <object-monitors candidates="20" cleared="0"  />
</gc-op>
<gc-end id="1361" type="scavenge" contextid="1357" durationms="14.801" usertimems="20.310" systemtimems="5.143" stalltimems="7.182" timestamp="2025-12-12T00:30:49.211" activeThreads="4">
  <mem-info id="1362" free="19338768" total="54001664" percent="35">
    <mem type="nursery" free="14221312" total="25821184" percent="55">
      <mem type="allocate" free="14221312" total="17891328" percent="79" />
      <mem type="survivor" free="0" total="7929856" percent="0" />
    </mem>
    <mem type="tenure" free="5117456" total="28180480" percent="18">
      <mem type="soa" free="3708432" total="26771456" percent="13" />
      <mem type="loa" free="1409024" total="1409024" percent="100" />
    </mem>
    <pending-finalizers system="0" default="0" reference="5" classloader="0" />
    <remembered-set count="1684" />
  </mem-info>
</gc-end>
<cycle-end id="1363" type="scavenge" contextid="1357" timestamp="2025-12-12T00:30:49.213" />
<allocation-satisfied id="1364" threadId="0000000000831C00" bytesRequested="64" />
<af-end id="1365" timestamp="2025-12-12T00:30:49.216" threadId="0000000000832678" success="true" from="nursery"/>
<exclusive-end id="1366" timestamp="2025-12-12T00:30:49.217" durationms="28.103" />

<exclusive-start id="1367" timestamp="2025-12-12T00:30:49.449" intervalms="260.714">
  <response-info timems="0.073" idlems="0.073" threads="0" lastid="0000000000831C00" lastname="Default Executor-thread-1" />
</exclusive-start>
<af-start id="1368" threadId="0000000000832678" totalBytesRequested="24" timestamp="2025-12-12T00:30:49.450" intervalms="258.777" type="nursery" />
<cycle-start id="1369" type="scavenge" contextid="0" timestamp="2025-12-12T00:30:49.451" intervalms="257.488" />
<gc-start id="1370" type="scavenge" contextid="1369" timestamp="2025-12-12T00:30:49.452">
  <mem-info id="1371" free="5117152" total="54001664" percent="9">
    <mem type="nursery" free="0" total="25821184" percent="0">
      <mem type="allocate" free="0" total="17891328" percent="0" />
      <mem type="survivor" free="0" total="7929856" percent="0" />
    </mem>
    <mem type="tenure" free="5117152" total="28180480" percent="18">
      <mem type="soa" free="3708128" total="26771456" percent="13" />
      <mem type="loa" free="1409024" total="1409024" percent="100" />
    </mem>
    <remembered-set count="2276" />
  </mem-info>
</gc-start>
<allocation-stats totalBytes="14219928" discardedBytes="1688" >
  <allocated-bytes non-tlh="368" tlh="14219560" />
  <largest-consumer threadName="Default Executor-thread-1" threadId="0000000000831C00" bytes="14183080" />
</allocation-stats>
<gc-op id="1372" type="scavenge" timems="7.184" contextid="1369" timestamp="2025-12-12T00:30:49.460">
  <scavenger-info tenureage="5" tenuremask="4120" tiltratio="69" />
  <memory-copied type="nursery" objects="81972" bytes="4428536" bytesdiscarded="93408" />
  <memory-copied type="tenure" objects="6770" bytes="192968" bytesdiscarded="64" />
  <ownableSynchronizers candidates="4" cleared="2" />
  <references type="soft" candidates="1" cleared="0" enqueued="0" dynamicThreshold="9" maxThreshold="32" />
  <references type="weak" candidates="3" cleared="0" enqueued="0" />
  <references type="phantom" candidates="225" cleared="0" enqueued="0" />
  <object-monitors candidates="20" cleared="0"  />
</gc-op>
<gc-end id="1373" type="scavenge" contextid="1369" durationms="10.029" usertimems="21.371" systemtimems="2.140" stalltimems="5.702" timestamp="2025-12-12T00:30:49.462" activeThreads="4">
  <mem-info id="1374" free="19329928" total="54001664" percent="35">
    <mem type="nursery" free="14546088" total="25821184" percent="56">
      <mem type="allocate" free="14546088" total="19070976" percent="76" />
      <mem type="survivor" free="0" total="6750208" percent="0" />
    </mem>
    <mem type="tenure" free="4783840" total="28180480" percent="16">
      <mem type="soa" free="3374816" total="26771456" percent="12" />
      <mem type="loa" free="1409024" total="1409024" percent="100" />
    </mem>
    <remembered-set count="1479" />
  </mem-info>
</gc-end>
<cycle-end id="1375" type="scavenge" contextid="1369" timestamp="2025-12-12T00:30:49.463" />
<allocation-satisfied id="1376" threadId="0000000000831C00" bytesRequested="24" />
<af-end id="1377" timestamp="2025-12-12T00:30:49.464" threadId="0000000000832678" success="true" from="nursery"/>
<exclusive-end id="1378" timestamp="2025-12-12T00:30:49.465" durationms="15.509" />

<exclusive-start id="1379" timestamp="2025-12-12T00:30:49.816" intervalms="366.924">
  <response-info timems="0.059" idlems="0.059" threads="0" lastid="0000000000831C00" lastname="Default Executor-thread-1" />
</exclusive-start>
<af-start id="1380" threadId="0000000000832678" totalBytesRequested="8200" timestamp="2025-12-12T00:30:49.817" intervalms="367.044" type="nursery" />
<cycle-start id="1381" type="scavenge" contextid="0" timestamp="2025-12-12T00:30:49.818" intervalms="367.093" />
<gc-start id="1382" type="scavenge" contextid="1381" timestamp="2025-12-12T00:30:49.819">
  <mem-info id="1383" free="4773408" total="54001664" percent="8">
    <mem type="nursery" free="0" total="25821184" percent="0">
      <mem type="allocate" free="0" total="19070976" percent="0" />
      <mem type="survivor" free="0" total="6750208" percent="0" />
    </mem>
    <mem type="tenure" free="4773408" total="28180480" percent="16">
      <mem type="soa" free="3364384" total="26771456" percent="12" />
      <mem type="loa" free="1409024" total="1409024" percent="100" />
    </mem>
    <remembered-set count="2357" />
  </mem-info>
</gc-start>
<allocation-stats totalBytes="14546312" discardedBytes="10208" >
  <allocated-bytes non-tlh="219280" tlh="14327032" />
  <largest-consumer threadName="Default Executor-thread-1" threadId="0000000000831C00" bytes="14538120" />
</allocation-stats>
<gc-op id="1384" type="scavenge" timems="5.724" contextid="1381" timestamp="2025-12-12T00:30:49.826">
  <scavenger-info tenureage="3" tenuremask="4188" tiltratio="73" />
  <memory-copied type="nursery" objects="91588" bytes="4575072" bytesdiscarded="88408" />
  <memory-copied type="tenure" objects="9974" bytes="291952" bytesdiscarded="32" />
  <ownableSynchronizers candidates="103" cleared="0" />
  <references type="soft" candidates="1" cleared="0" enqueued="0" dynamicThreshold="9" maxThreshold="32" />
  <references type="weak" candidates="354" cleared="14" enqueued="14" />
  <references type="phantom" candidates="243" cleared="0" enqueued="0" />
  <object-monitors candidates="20" cleared="0"  />
</gc-op>
<gc-end id="1385" type="scavenge" contextid="1381" durationms="8.017" usertimems="18.126" systemtimems="0.393" stalltimems="4.569" timestamp="2025-12-12T00:30:49.827" activeThreads="4">
  <mem-info id="1386" free="19549160" total="54001664" percent="36">
    <mem type="nursery" free="15125192" total="25821184" percent="58">
      <mem type="allocate" free="15125192" total="19791872" percent="76" />
      <mem type="survivor" free="0" total="6029312" percent="0" />
    </mem>
    <mem type="tenure" free="4423968" total="28180480" percent="15">
      <mem type="soa" free="3014944" total="26771456" percent="11" />
      <mem type="loa" free="1409024" total="1409024" percent="100" />
    </mem>
    <pending-finalizers system="0" default="0" reference="14" classloader="0" />
    <remembered-set count="1723" />
  </mem-info>
</gc-end>
<cycle-end id="1387" type="scavenge" contextid="1381" timestamp="2025-12-12T00:30:49.828" />
<allocation-satisfied id="1388" threadId="0000000000831C00" bytesRequested="8200" />
<af-end id="1389" timestamp="2025-12-12T00:30:49.829" threadId="0000000000832678" success="true" from="nursery"/>
<exclusive-end id="1390" timestamp="2025-12-12T00:30:49.830" durationms="13.725" />

<exclusive-start id="1391" timestamp="2025-12-12T00:30:50.178" intervalms="361.322">
  <response-info timems="0.808" idlems="0.432" threads="1" lastid="0000000000031000" lastname="JIT Compilation Thread-002" />
</exclusive-start>
<af-start id="1392" threadId="00000000005F0878" totalBytesRequested="64" timestamp="2025-12-12T00:30:50.179" intervalms="361.425" type="nursery" />
<cycle-start id="1393" type="scavenge" contextid="0" timestamp="2025-12-12T00:30:50.180" intervalms="361.702" />
<gc-start id="1394" type="scavenge" contextid="1393" timestamp="2025-12-12T00:30:50.181">
  <mem-info id="1395" free="4294680" total="54001664" percent="7">
    <mem type="nursery" free="0" total="25821184" percent="0">
      <mem type="allocate" free="0" total="19791872" percent="0" />
      <mem type="survivor" free="0" total="6029312" percent="0" />
    </mem>
    <mem type="tenure" free="4294680" total="28180480" percent="15">
      <mem type="soa" free="2885656" total="26771456" percent="10" />
      <mem type="loa" free="1409024" total="1409024" percent="100" />
    </mem>
    <remembered-set count="5115" />
  </mem-info>
</gc-start>
<allocation-stats totalBytes="15247584" discardedBytes="6896" >
  <allocated-bytes non-tlh="354848" tlh="14892736" />
  <largest-consumer threadName="Equinox start level thread - Equinox Container: 356586b1-a9ff-4751-809e-f03e88ee3e51" threadId="00000000005EC100" bytes="3554624" />
</allocation-stats>
<gc-op id="1396" type="scavenge" timems="10.249" contextid="1393" timestamp="2025-12-12T00:30:50.193">
  <scavenger-info tenureage="14" tenuremask="4000" tiltratio="76" />
  <memory-copied type="nursery" objects="139421" bytes="6013640" bytesdiscarded="2312" />
  <memory-copied type="tenure" objects="6232" bytes="243128" bytesdiscarded="256" />
  <copy-failed type="nursery" objects="6232" bytes="243552" />
  <finalization candidates="22" enqueued="22" />
  <ownableSynchronizers candidates="1946" cleared="713" />
  <references type="soft" candidates="568" cleared="0" enqueued="0" dynamicThreshold="9" maxThreshold="32" />
  <references type="weak" candidates="1094" cleared="456" enqueued="455" />
  <references type="phantom" candidates="286" cleared="8" enqueued="8" />
  <object-monitors candidates="23" cleared="0"  />
</gc-op>
<gc-end id="1397" type="scavenge" contextid="1393" durationms="13.343" usertimems="35.490" systemtimems="0.549" stalltimems="4.268" timestamp="2025-12-12T00:30:50.194" activeThreads="4">
  <mem-info id="1398" free="13934872" total="54001664" percent="25">
    <mem type="nursery" free="9895936" total="25821184" percent="38">
      <mem type="allocate" free="9895936" total="15925248" percent="62" />
      <mem type="survivor" free="0" total="9895936" percent="0" />
    </mem>
    <mem type="tenure" free="4038936" total="28180480" percent="14">
      <mem type="soa" free="2629912" total="26771456" percent="9" />
      <mem type="loa" free="1409024" total="1409024" percent="100" />
    </mem>
    <pending-finalizers system="22" default="0" reference="463" classloader="0" />
    <remembered-set count="6318" />
  </mem-info>
</gc-end>
<cycle-end id="1399" type="scavenge" contextid="1393" timestamp="2025-12-12T00:30:50.195" />
<allocation-satisfied id="1400" threadId="00000000005EFE00" bytesRequested="64" />
<af-end id="1401" timestamp="2025-12-12T00:30:50.196" threadId="00000000005F0878" success="true" from="nursery"/>
<exclusive-end id="1402" timestamp="2025-12-12T00:30:50.197" durationms="19.151" />

<exclusive-start id="1403" timestamp="2025-12-12T00:30:50.311" intervalms="133.542">
  <response-info timems="0.184" idlems="0.184" threads="0" lastid="00000000005F3B00" lastname="Equinox start level thread - Equinox Container: 356586b1-a9ff-4" />
</exclusive-start>
<af-start id="1404" threadId="00000000005F4578" totalBytesRequested="16" timestamp="2025-12-12T00:30:50.312" intervalms="133.402" type="nursery" />
<cycle-start id="1405" type="scavenge" contextid="0" timestamp="2025-12-12T00:30:50.313" intervalms="133.388" />
<gc-start id="1406" type="scavenge" contextid="1405" timestamp="2025-12-12T00:30:50.314">
  <mem-info id="1407" free="3871904" total="54001664" percent="7">
    <mem type="nursery" free="0" total="25821184" percent="0">
      <mem type="allocate" free="0" total="15925248" percent="0" />
      <mem type="survivor" free="0" total="9895936" percent="0" />
    </mem>
    <mem type="tenure" free="3871904" total="28180480" percent="13">
      <mem type="soa" free="2462880" total="26771456" percent="9" />
      <mem type="loa" free="1409024" total="1409024" percent="100" />
    </mem>
    <remembered-set count="8691" />
  </mem-info>
</gc-start>
<allocation-stats totalBytes="10047560" discardedBytes="15408" >
  <allocated-bytes non-tlh="480216" tlh="9567344" />
  <largest-consumer threadName="Equinox start level thread - Equinox Container: 356586b1-a9ff-4751-809e-f03e88ee3e51" threadId="00000000005EC100" bytes="2954152" />
</allocation-stats>
<gc-op id="1408" type="scavenge" timems="11.472" contextid="1405" timestamp="2025-12-12T00:30:50.327">
  <scavenger-info tenureage="3" tenuremask="6018" tiltratio="61" />
  <memory-copied type="nursery" objects="106801" bytes="5099752" bytesdiscarded="128000" />
  <memory-copied type="tenure" objects="61636" bytes="1998816" bytesdiscarded="416" />
  <finalization candidates="9" enqueued="9" />
  <ownableSynchronizers candidates="2530" cleared="599" />
  <references type="soft" candidates="1274" cleared="0" enqueued="0" dynamicThreshold="9" maxThreshold="32" />
  <references type="weak" candidates="1449" cleared="505" enqueued="504" />
  <references type="phantom" candidates="289" cleared="5" enqueued="5" />
  <object-monitors candidates="40" cleared="12"  />
</gc-op>
<heap-resize id="1409" type="expand" space="nursery" amount="1441792" count="1" timems="0.091" reason="excessive time being spent scavenging" timestamp="2025-12-12T00:30:50.328" />
<gc-end id="1410" type="scavenge" contextid="1405" durationms="15.135" usertimems="48.497" systemtimems="0.000" stalltimems="9.408" timestamp="2025-12-12T00:30:50.329" activeThreads="5">
  <mem-info id="1411" free="13763664" total="55443456" percent="24">
    <mem type="nursery" free="12059056" total="27262976" percent="44">
      <mem type="allocate" free="12059056" total="17301504" percent="69" />
      <mem type="survivor" free="0" total="9961472" percent="0" />
    </mem>
    <mem type="tenure" free="1704608" total="28180480" percent="6">
      <mem type="soa" free="295584" total="26771456" percent="1" />
      <mem type="loa" free="1409024" total="1409024" percent="100" />
    </mem>
    <pending-finalizers system="9" default="0" reference="509" classloader="0" />
    <remembered-set count="5798" />
  </mem-info>
</gc-end>
<cycle-end id="1412" type="scavenge" contextid="1405" timestamp="2025-12-12T00:30:50.330" />
<allocation-satisfied id="1413" threadId="00000000005F3B00" bytesRequested="16" />
<af-end id="1414" timestamp="2025-12-12T00:30:50.332" threadId="00000000005F4578" success="true" from="nursery"/>
<exclusive-end id="1415" timestamp="2025-12-12T00:30:50.332" durationms="21.290" />

<concurrent-kickoff id="1416" timestamp="2025-12-12T00:30:50.411">
  <kickoff reason="threshold reached" targetBytes="12526037" thresholdFreeBytes="1737476"  remainingFree="1642928" tenureFreeBytes="1606688" nurseryFreeBytes="1642928" />
</concurrent-kickoff>
<exclusive-start id="1417" timestamp="2025-12-12T00:30:50.413" intervalms="101.717">
  <response-info timems="1.401" idlems="0.779" threads="1" lastid="00000000005ECE00" lastname="Equinox start level thread - Equinox Container: 356586b1-a9ff-4" />
</exclusive-start>
<cycle-start id="1418" type="global" contextid="0" timestamp="2025-12-12T00:30:50.414" intervalms="3047.369" />
<concurrent-start id="1419" type="global mark" contextid="1418" timestamp="2025-12-12T00:30:50.415">
</concurrent-start>
<exclusive-end id="1420" timestamp="2025-12-12T00:30:50.416" durationms="2.640" />

<concurrent-end id="1421" type="global mark" contextid="1418" timestamp="2025-12-12T00:30:50.446">
<gc-op id="1422" type="trace" timems="30.922" contextid="1418" timestamp="2025-12-12T00:30:50.446">
  <trace bytesTraced="14120316" workStackOverflowCount="0" />
  <card-cleaning reason="card cleaning threshold reached" bytesTraced="31464" cardsCleaned="76" />
</gc-op>
</concurrent-end>

<exclusive-start id="1423" timestamp="2025-12-12T00:30:50.448" intervalms="35.013">
  <response-info timems="0.598" idlems="0.351" threads="1" lastid="00000000005ECE00" lastname="Equinox start level thread - Equinox Container: 356586b1-a9ff-4" />
</exclusive-start>
<concurrent-global-final id="1424" timestamp="2025-12-12T00:30:50.449" contextid="1418" intervalms="3005.376" >
  <concurrent-trace-info reason="card cleaning threshold reached" tracedByMutators="9072240" tracedByHelpers="5079540" cardsCleaned="76" workStackOverflowCount="0" />
</concurrent-global-final>
<gc-start id="1425" type="global" contextid="1418" timestamp="2025-12-12T00:30:50.450">
  <mem-info id="1426" free="1657264" total="55443456" percent="2">
    <mem type="nursery" free="53680" total="27262976" percent="0">
      <mem type="allocate" free="53680" total="17301504" percent="0" />
      <mem type="survivor" free="0" total="9961472" percent="0" />
    </mem>
    <mem type="tenure" free="1603584" total="28180480" percent="5">
      <mem type="soa" free="194560" total="26771456" percent="0" />
      <mem type="loa" free="1409024" total="1409024" percent="100" />
    </mem>
    <remembered-set count="7907" />
  </mem-info>
</gc-start>
<allocation-stats totalBytes="12102656" discardedBytes="3744" >
  <allocated-bytes non-tlh="548784" tlh="11553872" />
  <largest-consumer threadName="Equinox start level thread - Equinox Container: 356586b1-a9ff-4751-809e-f03e88ee3e51" threadId="00000000005EFE00" bytes="4501856" />
</allocation-stats>
<gc-op id="1427" type="rs-scan" timems="4.592" contextid="1418" timestamp="2025-12-12T00:30:50.455">
  <scan objectsFound="119366" bytesTraced="3980800" workStackOverflowCount="0" />
</gc-op>
<gc-op id="1428" type="card-cleaning" timems="1.867" contextid="1418" timestamp="2025-12-12T00:30:50.458">
  <card-cleaning cardsCleaned="12" bytesTraced="38792" workStackOverflowCount="0" />
</gc-op>
<gc-op id="1429" type="mark" timems="22.145" contextid="1418" timestamp="2025-12-12T00:30:50.481">
  <trace-info objectcount="3568" scancount="3206" scanbytes="101880" />
  <finalization candidates="738" enqueued="5" />
  <ownableSynchronizers candidates="3912" cleared="278" />
  <references type="soft" candidates="6165" cleared="0" enqueued="0" dynamicThreshold="9" maxThreshold="32" />
  <references type="weak" candidates="2913" cleared="422" enqueued="422" />
  <references type="phantom" candidates="322" cleared="1" enqueued="1" />
  <stringconstants candidates="15894" cleared="42"  />
  <object-monitors candidates="29" cleared="2"  />
</gc-op>
<gc-op id="1430" type="classunload" timems="0.064" contextid="1418" timestamp="2025-12-12T00:30:50.482">
  <classunload-info classloadercandidates="124" classloadersunloaded="0" classesunloaded="0" anonymousclassesunloaded="0" quiescems="0.000" setupms="0.063" scanms="0.000" postms="0.000" />
</gc-op>
<gc-op id="1431" type="sweep" timems="5.140" contextid="1418" timestamp="2025-12-12T00:30:50.488" />
<heap-resize id="1432" type="expand" space="tenure" amount="4259840" count="1" timems="2.654" reason="insufficient free space following gc" timestamp="2025-12-12T00:30:50.492" />
<gc-end id="1433" type="global" contextid="1418" durationms="45.961" usertimems="69.782" systemtimems="38.820" stalltimems="433.542" timestamp="2025-12-12T00:30:50.496" activeThreads="20">
  <mem-info id="1434" free="19876392" total="59703296" percent="33">
    <mem type="nursery" free="10144024" total="27262976" percent="37">
      <mem type="allocate" free="10144024" total="17301504" percent="58" />
      <mem type="survivor" free="0" total="9961472" percent="0" />
    </mem>
    <mem type="tenure" free="9732368" total="32440320" percent="30" micro-fragmented="615188" macro-fragmented="0">
      <mem type="soa" free="8110352" total="30818304" percent="26" />
      <mem type="loa" free="1622016" total="1622016" percent="100" />
    </mem>
    <pending-finalizers system="5" default="0" reference="423" classloader="0" />
    <remembered-set count="6673" />
  </mem-info>
</gc-end>
<cycle-end id="1435" type="global" contextid="1418" timestamp="2025-12-12T00:30:50.497" />
<exclusive-end id="1436" timestamp="2025-12-12T00:30:50.498" durationms="49.749" />

<exclusive-start id="1437" timestamp="2025-12-12T00:30:50.557" intervalms="108.920">
  <response-info timems="0.109" idlems="0.109" threads="0" lastid="00000000005F3B00" lastname="Equinox start level thread - Equinox Container: 356586b1-a9ff-4" />
</exclusive-start>
<af-start id="1438" threadId="00000000005F4578" totalBytesRequested="80" timestamp="2025-12-12T00:30:50.558" intervalms="245.760" type="nursery" />
<cycle-start id="1439" type="scavenge" contextid="0" timestamp="2025-12-12T00:30:50.559" intervalms="245.719" />
<gc-start id="1440" type="scavenge" contextid="1439" timestamp="2025-12-12T00:30:50.560">
  <mem-info id="1441" free="9694408" total="59703296" percent="16">
    <mem type="nursery" free="0" total="27262976" percent="0">
      <mem type="allocate" free="0" total="17301504" percent="0" />
      <mem type="survivor" free="0" total="9961472" percent="0" />
    </mem>
    <mem type="tenure" free="9694408" total="32440320" percent="29">
      <mem type="soa" free="8072392" total="30818304" percent="26" />
      <mem type="loa" free="1622016" total="1622016" percent="100" />
    </mem>
    <remembered-set count="7485" />
  </mem-info>
</gc-start>
<allocation-stats totalBytes="10096664" discardedBytes="72352" >
  <allocated-bytes non-tlh="447752" tlh="9648912" />
  <largest-consumer threadName="Equinox start level thread - Equinox Container: 356586b1-a9ff-4751-809e-f03e88ee3e51" threadId="00000000005EFE00" bytes="3785424" />
</allocation-stats>
<gc-op id="1442" type="scavenge" timems="9.593" contextid="1439" timestamp="2025-12-12T00:30:50.571">
  <scavenger-info tenureage="13" tenuremask="6000" tiltratio="63" />
  <memory-copied type="nursery" objects="140429" bytes="6035560" bytesdiscarded="89040" />
  <ownableSynchronizers candidates="5343" cleared="2712" />
  <references type="soft" candidates="1843" cleared="0" enqueued="0" dynamicThreshold="9" maxThreshold="32" />
  <references type="weak" candidates="1477" cleared="167" enqueued="167" />
  <references type="phantom" candidates="274" cleared="0" enqueued="0" />
  <object-monitors candidates="27" cleared="0"  />
</gc-op>
<gc-end id="1443" type="scavenge" contextid="1439" durationms="11.922" usertimems="45.591" systemtimems="0.292" stalltimems="10.390" timestamp="2025-12-12T00:30:50.572" activeThreads="6">
  <mem-info id="1444" free="21963528" total="59703296" percent="36">
    <mem type="nursery" free="12269120" total="27262976" percent="45">
      <mem type="allocate" free="12269120" total="18415616" percent="66" />
      <mem type="survivor" free="0" total="8847360" percent="0" />
    </mem>
    <mem type="tenure" free="9694408" total="32440320" percent="29">
      <mem type="soa" free="8072392" total="30818304" percent="26" />
      <mem type="loa" free="1622016" total="1622016" percent="100" />
    </mem>
    <pending-finalizers system="0" default="0" reference="167" classloader="0" />
    <remembered-set count="5946" />
  </mem-info>
</gc-end>
<cycle-end id="1445" type="scavenge" contextid="1439" timestamp="2025-12-12T00:30:50.573" />
<allocation-satisfied id="1446" threadId="00000000005F3B00" bytesRequested="80" />
<af-end id="1447" timestamp="2025-12-12T00:30:50.575" threadId="00000000005F4578" success="true" from="nursery"/>
<exclusive-end id="1448" timestamp="2025-12-12T00:30:50.575" durationms="18.399" />

<exclusive-start id="1449" timestamp="2025-12-12T00:30:50.675" intervalms="118.446">
  <response-info timems="0.113" idlems="0.113" threads="0" lastid="00000000005F3B00" lastname="Equinox start level thread - Equinox Container: 356586b1-a9ff-4" />
</exclusive-start>
<af-start id="1450" threadId="00000000005F4578" totalBytesRequested="48" timestamp="2025-12-12T00:30:50.676" intervalms="118.568" type="nursery" />
<cycle-start id="1451" type="scavenge" contextid="0" timestamp="2025-12-12T00:30:50.677" intervalms="118.710" />
<gc-start id="1452" type="scavenge" contextid="1451" timestamp="2025-12-12T00:30:50.679">
  <mem-info id="1453" free="9554216" total="59703296" percent="16">
    <mem type="nursery" free="0" total="27262976" percent="0">
      <mem type="allocate" free="0" total="18415616" percent="0" />
      <mem type="survivor" free="0" total="8847360" percent="0" />
    </mem>
    <mem type="tenure" free="9554216" total="32440320" percent="29">
      <mem type="soa" free="7932200" total="30818304" percent="25" />
      <mem type="loa" free="1622016" total="1622016" percent="100" />
    </mem>
    <remembered-set count="7815" />
  </mem-info>
</gc-start>
<allocation-stats totalBytes="12381208" discardedBytes="8384" >
  <allocated-bytes non-tlh="120552" tlh="12260656" />
  <largest-consumer threadName="Equinox start level thread - Equinox Container: 356586b1-a9ff-4751-809e-f03e88ee3e51" threadId="00000000005EC100" bytes="5471648" />
</allocation-stats>
<gc-op id="1454" type="scavenge" timems="12.176" contextid="1451" timestamp="2025-12-12T00:30:50.693">
  <scavenger-info tenureage="12" tenuremask="7000" tiltratio="67" />
  <memory-copied type="nursery" objects="159304" bytes="6638368" bytesdiscarded="68760" />
  <finalization candidates="22" enqueued="22" />
  <ownableSynchronizers candidates="3230" cleared="248" />
  <references type="soft" candidates="2151" cleared="0" enqueued="0" dynamicThreshold="9" maxThreshold="32" />
  <references type="weak" candidates="2127" cleared="554" enqueued="554" />
  <references type="phantom" candidates="280" cleared="4" enqueued="4" />
  <object-monitors candidates="27" cleared="1"  />
</gc-op>
<heap-resize id="1455" type="expand" space="nursery" amount="1703936" count="1" timems="0.078" reason="excessive time being spent scavenging" timestamp="2025-12-12T00:30:50.694" />
<gc-end id="1456" type="scavenge" contextid="1451" durationms="15.628" usertimems="58.984" systemtimems="3.448" stalltimems="20.840" timestamp="2025-12-12T00:30:50.695" activeThreads="7">
  <mem-info id="1457" free="22221944" total="61407232" percent="36">
    <mem type="nursery" free="12667728" total="28966912" percent="43">
      <mem type="allocate" free="12667728" total="19398656" percent="65" />
      <mem type="survivor" free="0" total="9568256" percent="0" />
    </mem>
    <mem type="tenure" free="9554216" total="32440320" percent="29">
      <mem type="soa" free="7932200" total="30818304" percent="25" />
      <mem type="loa" free="1622016" total="1622016" percent="100" />
    </mem>
    <pending-finalizers system="22" default="0" reference="558" classloader="0" />
    <remembered-set count="6378" />
  </mem-info>
</gc-end>
<cycle-end id="1458" type="scavenge" contextid="1451" timestamp="2025-12-12T00:30:50.696" />
<allocation-satisfied id="1459" threadId="00000000005F3B00" bytesRequested="48" />
<af-end id="1460" timestamp="2025-12-12T00:30:50.697" threadId="00000000005F4578" success="true" from="nursery"/>
<exclusive-end id="1461" timestamp="2025-12-12T00:30:50.698" durationms="22.738" />

<exclusive-start id="1462" timestamp="2025-12-12T00:30:50.811" intervalms="136.217">
  <response-info timems="0.096" idlems="0.050" threads="1" lastid="00000000005EFE00" lastname="Equinox start level thread - Equinox Container: 356586b1-a9ff-4" />
</exclusive-start>
<af-start id="1463" threadId="00000000005ECB78" totalBytesRequested="80" timestamp="2025-12-12T00:30:50.812" intervalms="136.191" type="nursery" />
<cycle-start id="1464" type="scavenge" contextid="0" timestamp="2025-12-12T00:30:50.813" intervalms="135.998" />
<gc-start id="1465" type="scavenge" contextid="1464" timestamp="2025-12-12T00:30:50.814">
  <mem-info id="1466" free="9422376" total="61407232" percent="15">
    <mem type="nursery" free="0" total="28966912" percent="0">
      <mem type="allocate" free="0" total="19398656" percent="0" />
      <mem type="survivor" free="0" total="9568256" percent="0" />
    </mem>
    <mem type="tenure" free="9422376" total="32440320" percent="29">
      <mem type="soa" free="7800360" total="30818304" percent="25" />
      <mem type="loa" free="1622016" total="1622016" percent="100" />
    </mem>
    <remembered-set count="8572" />
  </mem-info>
</gc-start>
<allocation-stats totalBytes="12789376" discardedBytes="2016" >
  <allocated-bytes non-tlh="290992" tlh="12498384" />
  <largest-consumer threadName="Equinox start level thread - Equinox Container: 356586b1-a9ff-4751-809e-f03e88ee3e51" threadId="00000000005EFE00" bytes="5124560" />
</allocation-stats>
<gc-op id="1467" type="scavenge" timems="15.087" contextid="1464" timestamp="2025-12-12T00:30:50.831">
  <scavenger-info tenureage="3" tenuremask="7808" tiltratio="66" />
  <memory-copied type="nursery" objects="157997" bytes="6700256" bytesdiscarded="59648" />
  <memory-copied type="tenure" objects="29764" bytes="959784" bytesdiscarded="920" />
  <finalization candidates="20" enqueued="20" />
  <ownableSynchronizers candidates="3904" cleared="365" />
  <references type="soft" candidates="2097" cleared="0" enqueued="0" dynamicThreshold="9" maxThreshold="32" />
  <references type="weak" candidates="1896" cleared="374" enqueued="371" />
  <references type="phantom" candidates="283" cleared="8" enqueued="8" />
  <object-monitors candidates="27" cleared="0"  />
</gc-op>
<heap-resize id="1468" type="expand" space="nursery" amount="1703936" count="1" timems="0.108" reason="excessive time being spent scavenging" timestamp="2025-12-12T00:30:50.832" />
<gc-end id="1469" type="scavenge" contextid="1464" durationms="18.341" usertimems="70.793" systemtimems="13.936" stalltimems="21.955" timestamp="2025-12-12T00:30:50.833" activeThreads="7">
  <mem-info id="1470" free="22870280" total="63111168" percent="36">
    <mem type="nursery" free="14842784" total="30670848" percent="48">
      <mem type="allocate" free="14842784" total="21626880" percent="68" />
      <mem type="survivor" free="0" total="9043968" percent="0" />
    </mem>
    <mem type="tenure" free="8027496" total="32440320" percent="24">
      <mem type="soa" free="6405480" total="30818304" percent="20" />
      <mem type="loa" free="1622016" total="1622016" percent="100" />
    </mem>
    <pending-finalizers system="20" default="0" reference="379" classloader="0" />
    <remembered-set count="9644" />
  </mem-info>
</gc-end>
<cycle-end id="1471" type="scavenge" contextid="1464" timestamp="2025-12-12T00:30:50.834" />
<allocation-satisfied id="1472" threadId="00000000005EC100" bytesRequested="80" />
<af-end id="1473" timestamp="2025-12-12T00:30:50.835" threadId="00000000005ECB78" success="true" from="nursery"/>
<exclusive-end id="1474" timestamp="2025-12-12T00:30:50.835" durationms="23.937" />

<exclusive-start id="1475" timestamp="2025-12-12T00:30:51.032" intervalms="220.983">
  <response-info timems="0.062" idlems="0.062" threads="0" lastid="00000000005EC100" lastname="Equinox start level thread - Equinox Container: 356586b1-a9ff-4" />
</exclusive-start>
<af-start id="1476" threadId="00000000005ECB78" totalBytesRequested="176" timestamp="2025-12-12T00:30:51.033" intervalms="220.778" type="nursery" />
<cycle-start id="1477" type="scavenge" contextid="0" timestamp="2025-12-12T00:30:51.034" intervalms="220.576" />
<gc-start id="1478" type="scavenge" contextid="1477" timestamp="2025-12-12T00:30:51.035">
  <mem-info id="1479" free="7840904" total="63111168" percent="12">
    <mem type="nursery" free="0" total="30670848" percent="0">
      <mem type="allocate" free="0" total="21626880" percent="0" />
      <mem type="survivor" free="0" total="9043968" percent="0" />
    </mem>
    <mem type="tenure" free="7840904" total="32440320" percent="24">
      <mem type="soa" free="6218888" total="30818304" percent="20" />
      <mem type="loa" free="1622016" total="1622016" percent="100" />
    </mem>
    <remembered-set count="12508" />
  </mem-info>
</gc-start>
<allocation-stats totalBytes="15020264" discardedBytes="6872" >
  <allocated-bytes non-tlh="293064" tlh="14727200" />
  <largest-consumer threadName="Equinox start level thread - Equinox Container: 356586b1-a9ff-4751-809e-f03e88ee3e51" threadId="00000000005EC100" bytes="4665152" />
</allocation-stats>
<gc-op id="1480" type="scavenge" timems="10.089" contextid="1477" timestamp="2025-12-12T00:30:51.047">
  <scavenger-info tenureage="10" tenuremask="7c00" tiltratio="70" />
  <memory-copied type="nursery" objects="189100" bytes="8100400" bytesdiscarded="85224" />
  <memory-copied type="tenure" objects="31" bytes="536" bytesdiscarded="0" />
  <finalization candidates="52" enqueued="52" />
  <ownableSynchronizers candidates="3794" cleared="314" />
  <references type="soft" candidates="3206" cleared="0" enqueued="0" dynamicThreshold="9" maxThreshold="32" />
  <references type="weak" candidates="2582" cleared="605" enqueued="604" />
  <references type="phantom" candidates="329" cleared="43" enqueued="43" />
  <object-monitors candidates="27" cleared="0"  />
</gc-op>
<gc-end id="1481" type="scavenge" contextid="1477" durationms="12.336" usertimems="52.079" systemtimems="2.922" stalltimems="26.349" timestamp="2025-12-12T00:30:51.047" activeThreads="8">
  <mem-info id="1482" free="19149264" total="63111168" percent="30">
    <mem type="nursery" free="11315104" total="30670848" percent="36">
      <mem type="allocate" free="11315104" total="19529728" percent="57" />
      <mem type="survivor" free="0" total="11141120" percent="0" />
    </mem>
    <mem type="tenure" free="7834160" total="32440320" percent="24">
      <mem type="soa" free="6212144" total="30818304" percent="20" />
      <mem type="loa" free="1622016" total="1622016" percent="100" />
    </mem>
    <pending-finalizers system="52" default="0" reference="647" classloader="0" />
    <remembered-set count="11087" />
  </mem-info>
</gc-end>
<cycle-end id="1483" type="scavenge" contextid="1477" timestamp="2025-12-12T00:30:51.048" />
<allocation-satisfied id="1484" threadId="00000000005EC100" bytesRequested="176" />
<af-end id="1485" timestamp="2025-12-12T00:30:51.050" threadId="00000000005ECB78" success="true" from="nursery"/>
<exclusive-end id="1486" timestamp="2025-12-12T00:30:51.050" durationms="17.629" />

<exclusive-start id="1487" timestamp="2025-12-12T00:30:51.329" intervalms="296.675">
  <response-info timems="0.053" idlems="0.053" threads="0" lastid="00000000005E4400" lastname="Start Level: Equinox Container: 356586b1-a9ff-4751-809e-f03e88e" />
</exclusive-start>
<af-start id="1488" threadId="00000000005E4E78" totalBytesRequested="488" timestamp="2025-12-12T00:30:51.330" intervalms="296.487" type="nursery" />
<cycle-start id="1489" type="scavenge" contextid="0" timestamp="2025-12-12T00:30:51.331" intervalms="296.690" />
<gc-start id="1490" type="scavenge" contextid="1489" timestamp="2025-12-12T00:30:51.331">
  <mem-info id="1491" free="7570456" total="63111168" percent="11">
    <mem type="nursery" free="0" total="30670848" percent="0">
      <mem type="allocate" free="0" total="19529728" percent="0" />
      <mem type="survivor" free="0" total="11141120" percent="0" />
    </mem>
    <mem type="tenure" free="7570456" total="32440320" percent="23">
      <mem type="soa" free="5948440" total="30818304" percent="19" />
      <mem type="loa" free="1622016" total="1622016" percent="100" />
    </mem>
    <remembered-set count="15439" />
  </mem-info>
</gc-start>
<allocation-stats totalBytes="11564600" discardedBytes="11232" >
  <allocated-bytes non-tlh="551984" tlh="11012616" />
  <largest-consumer threadName="Start Level: Equinox Container: 356586b1-a9ff-4751-809e-f03e88ee3e51" threadId="00000000005E4400" bytes="4839504" />
</allocation-stats>
<gc-op id="1492" type="scavenge" timems="9.560" contextid="1489" timestamp="2025-12-12T00:30:51.342">
  <scavenger-info tenureage="3" tenuremask="7ec8" tiltratio="63" />
  <memory-copied type="nursery" objects="132418" bytes="6022992" bytesdiscarded="364424" />
  <memory-copied type="tenure" objects="87763" bytes="3112688" bytesdiscarded="3344" />
  <finalization candidates="125" enqueued="125" />
  <ownableSynchronizers candidates="4077" cleared="210" />
  <references type="soft" candidates="2788" cleared="0" enqueued="0" dynamicThreshold="9" maxThreshold="32" />
  <references type="weak" candidates="2043" cleared="644" enqueued="643" />
  <references type="phantom" candidates="276" cleared="55" enqueued="55" />
  <object-monitors candidates="29" cleared="0"  />
</gc-op>
<gc-end id="1493" type="scavenge" contextid="1489" durationms="11.831" usertimems="50.615" systemtimems="1.801" stalltimems="19.815" timestamp="2025-12-12T00:30:51.343" activeThreads="8">
  <mem-info id="1494" free="17417864" total="63111168" percent="27">
    <mem type="nursery" free="13318984" total="30670848" percent="43">
      <mem type="allocate" free="13318984" total="19726336" percent="67" />
      <mem type="survivor" free="0" total="10944512" percent="0" />
    </mem>
    <mem type="tenure" free="4098880" total="32440320" percent="12">
      <mem type="soa" free="2476864" total="30818304" percent="8" />
      <mem type="loa" free="1622016" total="1622016" percent="100" />
    </mem>
    <pending-finalizers system="125" default="0" reference="698" classloader="0" />
    <remembered-set count="10307" />
  </mem-info>
</gc-end>
<cycle-end id="1495" type="scavenge" contextid="1489" timestamp="2025-12-12T00:30:51.344" />
<allocation-satisfied id="1496" threadId="00000000005E4400" bytesRequested="488" />
<af-end id="1497" timestamp="2025-12-12T00:30:51.346" threadId="00000000005E4E78" success="true" from="nursery"/>
<exclusive-end id="1498" timestamp="2025-12-12T00:30:51.346" durationms="17.000" />

<concurrent-kickoff id="1499" timestamp="2025-12-12T00:30:51.485">
  <kickoff reason="threshold reached" targetBytes="14782962" thresholdFreeBytes="2049977"  remainingFree="1967576" tenureFreeBytes="3959280" nurseryFreeBytes="1967576" />
</concurrent-kickoff>
<exclusive-start id="1500" timestamp="2025-12-12T00:30:51.486" intervalms="157.143">
  <response-info timems="0.065" idlems="0.065" threads="0" lastid="00000000005E4400" lastname="Start Level: Equinox Container: 356586b1-a9ff-4751-809e-f03e88e" />
</exclusive-start>
<cycle-start id="1501" type="global" contextid="0" timestamp="2025-12-12T00:30:51.487" intervalms="1073.075" />
<concurrent-start id="1502" type="global mark" contextid="1501" timestamp="2025-12-12T00:30:51.488">
</concurrent-start>
<exclusive-end id="1503" timestamp="2025-12-12T00:30:51.488" durationms="1.916" />

<concurrent-end id="1504" type="global mark" contextid="1501" timestamp="2025-12-12T00:30:51.534">
<gc-op id="1505" type="trace" timems="46.468" contextid="1501" timestamp="2025-12-12T00:30:51.534">
  <trace bytesTraced="17495340" workStackOverflowCount="0" />
  <card-cleaning reason="card cleaning threshold reached" bytesTraced="32676" cardsCleaned="88" />
</gc-op>
</concurrent-end>

<exclusive-start id="1506" timestamp="2025-12-12T00:30:51.536" intervalms="49.315">
  <response-info timems="0.077" idlems="0.077" threads="0" lastid="00000000005E4400" lastname="Start Level: Equinox Container: 356586b1-a9ff-4751-809e-f03e88e" />
</exclusive-start>
<concurrent-global-final id="1507" timestamp="2025-12-12T00:30:51.537" contextid="1501" intervalms="1088.009" >
  <concurrent-trace-info reason="card cleaning threshold reached" tracedByMutators="4090376" tracedByHelpers="13437640" cardsCleaned="88" workStackOverflowCount="0" />
</concurrent-global-final>
<gc-start id="1508" type="global" contextid="1501" timestamp="2025-12-12T00:30:51.537">
  <mem-info id="1509" free="4605208" total="63111168" percent="7">
    <mem type="nursery" free="648664" total="30670848" percent="2">
      <mem type="allocate" free="648664" total="19726336" percent="3" />
      <mem type="survivor" free="0" total="10944512" percent="0" />
    </mem>
    <mem type="tenure" free="3956544" total="32440320" percent="12">
      <mem type="soa" free="2334528" total="30818304" percent="7" />
      <mem type="loa" free="1622016" total="1622016" percent="100" />
    </mem>
    <remembered-set count="12725" />
  </mem-info>
</gc-start>
<allocation-stats totalBytes="12793104" discardedBytes="19552" >
  <allocated-bytes non-tlh="196976" tlh="12596128" />
  <largest-consumer threadName="Start Level: Equinox Container: 356586b1-a9ff-4751-809e-f03e88ee3e51" threadId="00000000005E4400" bytes="11217624" />
</allocation-stats>
<gc-op id="1510" type="rs-scan" timems="4.818" contextid="1501" timestamp="2025-12-12T00:30:51.544">
  <scan objectsFound="138960" bytesTraced="4925360" workStackOverflowCount="0" />
</gc-op>
<gc-op id="1511" type="card-cleaning" timems="2.442" contextid="1501" timestamp="2025-12-12T00:30:51.548">
  <card-cleaning cardsCleaned="4" bytesTraced="1496" workStackOverflowCount="0" />
</gc-op>
<gc-op id="1512" type="mark" timems="23.041" contextid="1501" timestamp="2025-12-12T00:30:51.572">
  <trace-info objectcount="10862" scancount="9967" scanbytes="252320" />
  <finalization candidates="748" enqueued="18" />
  <ownableSynchronizers candidates="6420" cleared="179" />
  <references type="soft" candidates="9245" cleared="1265" enqueued="1249" dynamicThreshold="9" maxThreshold="32" />
  <references type="weak" candidates="4445" cleared="367" enqueued="360" />
  <references type="phantom" candidates="354" cleared="12" enqueued="12" />
  <stringconstants candidates="22625" cleared="57"  />
  <object-monitors candidates="29" cleared="0"  />
</gc-op>
<gc-op id="1513" type="classunload" timems="1.153" contextid="1501" timestamp="2025-12-12T00:30:51.574">
  <classunload-info classloadercandidates="267" classloadersunloaded="15" classesunloaded="5" anonymousclassesunloaded="0" quiescems="0.000" setupms="1.120" scanms="0.020" postms="0.012" />
</gc-op>
<gc-op id="1514" type="sweep" timems="3.953" contextid="1501" timestamp="2025-12-12T00:30:51.578" />
<heap-resize id="1515" type="expand" space="tenure" amount="6946816" count="1" timems="2.018" reason="insufficient free space following gc" timestamp="2025-12-12T00:30:51.582" />
<gc-end id="1516" type="global" contextid="1501" durationms="46.042" usertimems="84.660" systemtimems="25.037" stalltimems="421.470" timestamp="2025-12-12T00:30:51.583" activeThreads="20">
  <mem-info id="1517" free="24248824" total="70057984" percent="34">
    <mem type="nursery" free="12416848" total="30670848" percent="40">
      <mem type="allocate" free="12416848" total="19726336" percent="62" />
      <mem type="survivor" free="0" total="10944512" percent="0" />
    </mem>
    <mem type="tenure" free="11831976" total="39387136" percent="30" micro-fragmented="883571" macro-fragmented="0">
      <mem type="soa" free="9861800" total="37416960" percent="26" />
      <mem type="loa" free="1970176" total="1970176" percent="100" />
    </mem>
    <pending-finalizers system="18" default="0" reference="1621" classloader="0" />
    <remembered-set count="11204" />
  </mem-info>
</gc-end>
<cycle-end id="1518" type="global" contextid="1501" timestamp="2025-12-12T00:30:51.584" />
<exclusive-end id="1519" timestamp="2025-12-12T00:30:51.585" durationms="49.265" />

<exclusive-start id="1520" timestamp="2025-12-12T00:30:52.182" intervalms="646.102">
  <response-info timems="0.059" idlems="0.059" threads="0" lastid="0000000000589A00" lastname="Framework Event Dispatcher: Equinox Container: 356586b1-a9ff-47" />
</exclusive-start>
<af-start id="1521" threadId="000000000058A478" totalBytesRequested="72" timestamp="2025-12-12T00:30:52.183" intervalms="852.816" type="nursery" />
<cycle-start id="1522" type="scavenge" contextid="0" timestamp="2025-12-12T00:30:52.183" intervalms="852.627" />
<gc-start id="1523" type="scavenge" contextid="1522" timestamp="2025-12-12T00:30:52.185">
  <mem-info id="1524" free="11448936" total="70057984" percent="16">
    <mem type="nursery" free="0" total="30670848" percent="0">
      <mem type="allocate" free="0" total="19726336" percent="0" />
      <mem type="survivor" free="0" total="10944512" percent="0" />
    </mem>
    <mem type="tenure" free="11448936" total="39387136" percent="29">
      <mem type="soa" free="9478760" total="37416960" percent="25" />
      <mem type="loa" free="1970176" total="1970176" percent="100" />
    </mem>
    <remembered-set count="17886" />
  </mem-info>
</gc-start>
<allocation-stats totalBytes="12669016" discardedBytes="93344" >
  <allocated-bytes non-tlh="1727248" tlh="10941768" />
  <largest-consumer threadName="Start Level: Equinox Container: 356586b1-a9ff-4751-809e-f03e88ee3e51" threadId="00000000005E4400" bytes="12452768" />
</allocation-stats>
<gc-op id="1525" type="scavenge" timems="8.738" contextid="1522" timestamp="2025-12-12T00:30:52.195">
  <scavenger-info tenureage="3" tenuremask="7f08" tiltratio="64" />
  <memory-copied type="nursery" objects="139718" bytes="6201200" bytesdiscarded="164008" />
  <memory-copied type="tenure" objects="26504" bytes="1337688" bytesdiscarded="464" />
  <finalization candidates="29" enqueued="28" />
  <ownableSynchronizers candidates="12783" cleared="9886" />
  <references type="soft" candidates="3045" cleared="0" enqueued="0" dynamicThreshold="9" maxThreshold="32" />
  <references type="weak" candidates="9251" cleared="498" enqueued="495" />
  <references type="phantom" candidates="212" cleared="18" enqueued="18" />
  <object-monitors candidates="29" cleared="0"  />
</gc-op>
<gc-end id="1526" type="scavenge" contextid="1522" durationms="11.484" usertimems="46.522" systemtimems="0.261" stalltimems="19.562" timestamp="2025-12-12T00:30:52.196" activeThreads="8">
  <mem-info id="1527" free="23398736" total="70057984" percent="33">
    <mem type="nursery" free="13932128" total="30670848" percent="45">
      <mem type="allocate" free="13932128" total="20316160" percent="68" />
      <mem type="survivor" free="0" total="10354688" percent="0" />
    </mem>
    <mem type="tenure" free="9466608" total="39387136" percent="24">
      <mem type="soa" free="7496432" total="37416960" percent="20" />
      <mem type="loa" free="1970176" total="1970176" percent="100" />
    </mem>
    <pending-finalizers system="28" default="0" reference="513" classloader="0" />
    <remembered-set count="15487" />
  </mem-info>
</gc-end>
<cycle-end id="1528" type="scavenge" contextid="1522" timestamp="2025-12-12T00:30:52.197" />
<allocation-satisfied id="1529" threadId="0000000000589A00" bytesRequested="72" />
<af-end id="1530" timestamp="2025-12-12T00:30:52.198" threadId="000000000058A478" success="true" from="nursery"/>
<exclusive-end id="1531" timestamp="2025-12-12T00:30:52.199" durationms="16.896" />

<exclusive-start id="1532" timestamp="2025-12-12T00:30:52.482" intervalms="300.552">
  <response-info timems="0.116" idlems="0.116" threads="0" lastid="00000000005E4400" lastname="Start Level: Equinox Container: 356586b1-a9ff-4751-809e-f03e88e" />
</exclusive-start>
<af-start id="1533" threadId="00000000005E4E78" totalBytesRequested="80" timestamp="2025-12-12T00:30:52.483" intervalms="300.506" type="nursery" />
<cycle-start id="1534" type="scavenge" contextid="0" timestamp="2025-12-12T00:30:52.484" intervalms="300.729" />
<gc-start id="1535" type="scavenge" contextid="1534" timestamp="2025-12-12T00:30:52.485">
  <mem-info id="1536" free="9409808" total="70057984" percent="13">
    <mem type="nursery" free="0" total="30670848" percent="0">
      <mem type="allocate" free="0" total="20316160" percent="0" />
      <mem type="survivor" free="0" total="10354688" percent="0" />
    </mem>
    <mem type="tenure" free="9409808" total="39387136" percent="23">
      <mem type="soa" free="7439632" total="37416960" percent="19" />
      <mem type="loa" free="1970176" total="1970176" percent="100" />
    </mem>
    <remembered-set count="16686" />
  </mem-info>
</gc-start>
<allocation-stats totalBytes="13987464" discardedBytes="1464" >
  <allocated-bytes non-tlh="56872" tlh="13930592" />
  <largest-consumer threadName="Start Level: Equinox Container: 356586b1-a9ff-4751-809e-f03e88ee3e51" threadId="00000000005E4400" bytes="13844128" />
</allocation-stats>
<gc-op id="1537" type="scavenge" timems="9.097" contextid="1534" timestamp="2025-12-12T00:30:52.495">
  <scavenger-info tenureage="3" tenuremask="7f88" tiltratio="66" />
  <memory-copied type="nursery" objects="120096" bytes="6133792" bytesdiscarded="241472" />
  <memory-copied type="tenure" objects="31250" bytes="1102712" bytesdiscarded="128" />
  <finalization candidates="5" enqueued="4" />
  <ownableSynchronizers candidates="2749" cleared="150" />
  <references type="soft" candidates="2147" cleared="0" enqueued="0" dynamicThreshold="9" maxThreshold="32" />
  <references type="weak" candidates="8554" cleared="156" enqueued="154" />
  <references type="phantom" candidates="244" cleared="2" enqueued="2" />
  <object-monitors candidates="29" cleared="0"  />
</gc-op>
<gc-end id="1538" type="scavenge" contextid="1534" durationms="10.849" usertimems="34.830" systemtimems="12.728" stalltimems="22.831" timestamp="2025-12-12T00:30:52.496" activeThreads="8">
  <mem-info id="1539" free="22337384" total="70057984" percent="31">
    <mem type="nursery" free="14449208" total="30670848" percent="47">
      <mem type="allocate" free="14449208" total="20840448" percent="69" />
      <mem type="survivor" free="0" total="9830400" percent="0" />
    </mem>
    <mem type="tenure" free="7888176" total="39387136" percent="20">
      <mem type="soa" free="5918000" total="37416960" percent="15" />
      <mem type="loa" free="1970176" total="1970176" percent="100" />
    </mem>
    <pending-finalizers system="4" default="0" reference="156" classloader="0" />
    <remembered-set count="13192" />
  </mem-info>
</gc-end>
<cycle-end id="1540" type="scavenge" contextid="1534" timestamp="2025-12-12T00:30:52.497" />
<allocation-satisfied id="1541" threadId="00000000005E4400" bytesRequested="80" />
<af-end id="1542" timestamp="2025-12-12T00:30:52.498" threadId="00000000005E4E78" success="true" from="nursery"/>
<exclusive-end id="1543" timestamp="2025-12-12T00:30:52.499" durationms="16.420" />

<exclusive-start id="1544" timestamp="2025-12-12T00:30:52.695" intervalms="213.176">
  <response-info timems="0.047" idlems="0.047" threads="0" lastid="00000000005E4400" lastname="Start Level: Equinox Container: 356586b1-a9ff-4751-809e-f03e88e" />
</exclusive-start>
<af-start id="1545" threadId="00000000005E4E78" totalBytesRequested="8200" timestamp="2025-12-12T00:30:52.696" intervalms="213.349" type="nursery" />
<cycle-start id="1546" type="scavenge" contextid="0" timestamp="2025-12-12T00:30:52.697" intervalms="213.203" />
<gc-start id="1547" type="scavenge" contextid="1546" timestamp="2025-12-12T00:30:52.698">
  <mem-info id="1548" free="7873112" total="70057984" percent="11">
    <mem type="nursery" free="0" total="30670848" percent="0">
      <mem type="allocate" free="0" total="20840448" percent="0" />
      <mem type="survivor" free="0" total="9830400" percent="0" />
    </mem>
    <mem type="tenure" free="7873112" total="39387136" percent="19">
      <mem type="soa" free="5902936" total="37416960" percent="15" />
      <mem type="loa" free="1970176" total="1970176" percent="100" />
    </mem>
    <remembered-set count="13928" />
  </mem-info>
</gc-start>
<allocation-stats totalBytes="14359680" discardedBytes="104592" >
  <allocated-bytes non-tlh="15144" tlh="14344536" />
  <largest-consumer threadName="Start Level: Equinox Container: 356586b1-a9ff-4751-809e-f03e88ee3e51" threadId="00000000005E4400" bytes="14294144" />
</allocation-stats>
<gc-op id="1549" type="scavenge" timems="10.681" contextid="1546" timestamp="2025-12-12T00:30:52.710">
  <scavenger-info tenureage="3" tenuremask="7f88" tiltratio="67" />
  <memory-copied type="nursery" objects="56179" bytes="4163632" bytesdiscarded="354816" />
  <memory-copied type="tenure" objects="69675" bytes="2297904" bytesdiscarded="704" />
  <finalization candidates="54" enqueued="53" />
  <ownableSynchronizers candidates="1968" cleared="2" />
  <references type="soft" candidates="1160" cleared="0" enqueued="0" dynamicThreshold="9" maxThreshold="32" />
  <references type="weak" candidates="7962" cleared="125" enqueued="125" />
  <references type="phantom" candidates="284" cleared="24" enqueued="24" />
  <object-monitors candidates="29" cleared="0"  />
</gc-op>
<gc-end id="1550" type="scavenge" contextid="1546" durationms="12.738" usertimems="38.113" systemtimems="12.584" stalltimems="25.988" timestamp="2025-12-12T00:30:52.711" activeThreads="8">
  <mem-info id="1551" free="22495632" total="70057984" percent="32">
    <mem type="nursery" free="16772944" total="30670848" percent="54">
      <mem type="allocate" free="16772944" total="21299200" percent="78" />
      <mem type="survivor" free="0" total="9371648" percent="0" />
    </mem>
    <mem type="tenure" free="5722688" total="39387136" percent="14">
      <mem type="soa" free="3752512" total="37416960" percent="10" />
      <mem type="loa" free="1970176" total="1970176" percent="100" />
    </mem>
    <pending-finalizers system="53" default="0" reference="149" classloader="0" />
    <remembered-set count="3250" />
  </mem-info>
</gc-end>
<cycle-end id="1552" type="scavenge" contextid="1546" timestamp="2025-12-12T00:30:52.712" />
<allocation-satisfied id="1553" threadId="00000000005E4400" bytesRequested="8200" />
<af-end id="1554" timestamp="2025-12-12T00:30:52.713" threadId="00000000005E4E78" success="true" from="nursery"/>
<exclusive-end id="1555" timestamp="2025-12-12T00:30:52.713" durationms="17.810" />

<concurrent-kickoff id="1556" timestamp="2025-12-12T00:30:53.297">
  <kickoff reason="threshold reached" targetBytes="18585615" thresholdFreeBytes="2575006"  remainingFree="2518864" tenureFreeBytes="5695032" nurseryFreeBytes="2518864" />
</concurrent-kickoff>
<exclusive-start id="1557" timestamp="2025-12-12T00:30:53.298" intervalms="602.307">
  <response-info timems="0.050" idlems="0.050" threads="0" lastid="00000000005E4400" lastname="Start Level: Equinox Container: 356586b1-a9ff-4751-809e-f03e88e" />
</exclusive-start>
<cycle-start id="1558" type="global" contextid="0" timestamp="2025-12-12T00:30:53.298" intervalms="1811.224" />
<concurrent-start id="1559" type="global mark" contextid="1558" timestamp="2025-12-12T00:30:53.299">
</concurrent-start>
<exclusive-end id="1560" timestamp="2025-12-12T00:30:53.300" durationms="1.787" />

<concurrent-end id="1561" type="global mark" contextid="1558" timestamp="2025-12-12T00:30:53.367">
<gc-op id="1562" type="trace" timems="68.287" contextid="1558" timestamp="2025-12-12T00:30:53.367">
  <trace bytesTraced="21459328" workStackOverflowCount="0" />
  <card-cleaning reason="card cleaning threshold reached" bytesTraced="36676" cardsCleaned="83" />
</gc-op>
</concurrent-end>

<exclusive-start id="1563" timestamp="2025-12-12T00:30:53.368" intervalms="70.739">
  <response-info timems="0.198" idlems="0.198" threads="0" lastid="00000000005E4400" lastname="Start Level: Equinox Container: 356586b1-a9ff-4751-809e-f03e88e" />
</exclusive-start>
<concurrent-global-final id="1564" timestamp="2025-12-12T00:30:53.369" contextid="1558" intervalms="1832.489" >
  <concurrent-trace-info reason="card cleaning threshold reached" tracedByMutators="5720468" tracedByHelpers="15775536" cardsCleaned="83" workStackOverflowCount="0" />
</concurrent-global-final>
<gc-start id="1565" type="global" contextid="1558" timestamp="2025-12-12T00:30:53.370">
  <mem-info id="1566" free="6277408" total="70057984" percent="8">
    <mem type="nursery" free="593744" total="30670848" percent="1">
      <mem type="allocate" free="593744" total="21299200" percent="2" />
      <mem type="survivor" free="0" total="9371648" percent="0" />
    </mem>
    <mem type="tenure" free="5683664" total="39387136" percent="14">
      <mem type="soa" free="3713488" total="37416960" percent="9" />
      <mem type="loa" free="1970176" total="1970176" percent="100" />
    </mem>
    <remembered-set count="4491" />
  </mem-info>
</gc-start>
<allocation-stats totalBytes="16194496" discardedBytes="23728" >
  <allocated-bytes non-tlh="529432" tlh="15665064" />
  <largest-consumer threadName="Start Level: Equinox Container: 356586b1-a9ff-4751-809e-f03e88ee3e51" threadId="00000000005E4400" bytes="16088032" />
</allocation-stats>
<gc-op id="1567" type="rs-scan" timems="3.229" contextid="1558" timestamp="2025-12-12T00:30:53.374">
  <scan objectsFound="63769" bytesTraced="2463476" workStackOverflowCount="0" />
</gc-op>
<gc-op id="1568" type="card-cleaning" timems="1.369" contextid="1558" timestamp="2025-12-12T00:30:53.377">
  <card-cleaning cardsCleaned="3" bytesTraced="1040" workStackOverflowCount="0" />
</gc-op>
<gc-op id="1569" type="mark" timems="24.248" contextid="1558" timestamp="2025-12-12T00:30:53.402">
  <trace-info objectcount="4039" scancount="3832" scanbytes="109464" />
  <finalization candidates="733" enqueued="10" />
  <ownableSynchronizers candidates="6883" cleared="59" />
  <references type="soft" candidates="8802" cleared="349" enqueued="343" dynamicThreshold="9" maxThreshold="32" />
  <references type="weak" candidates="12034" cleared="187" enqueued="186" />
  <references type="phantom" candidates="337" cleared="3" enqueued="3" />
  <stringconstants candidates="27379" cleared="41"  />
  <object-monitors candidates="29" cleared="0"  />
</gc-op>
<gc-op id="1570" type="classunload" timems="6.382" contextid="1558" timestamp="2025-12-12T00:30:53.411">
  <classunload-info classloadercandidates="355" classloadersunloaded="0" classesunloaded="4" anonymousclassesunloaded="4" quiescems="0.000" setupms="6.140" scanms="0.240" postms="0.002" />
</gc-op>
<gc-op id="1571" type="sweep" timems="6.898" contextid="1558" timestamp="2025-12-12T00:30:53.422" />
<heap-resize id="1572" type="expand" space="tenure" amount="6356992" count="1" timems="2.690" reason="insufficient free space following gc" timestamp="2025-12-12T00:30:53.428" />
<gc-end id="1573" type="global" contextid="1558" durationms="59.585" usertimems="65.722" systemtimems="41.153" stalltimems="530.383" timestamp="2025-12-12T00:30:53.430" activeThreads="20">
  <mem-info id="1574" free="30076104" total="76414976" percent="39">
    <mem type="nursery" free="16346112" total="30670848" percent="53">
      <mem type="allocate" free="16346112" total="21299200" percent="76" />
      <mem type="survivor" free="0" total="9371648" percent="0" />
    </mem>
    <mem type="tenure" free="13729992" total="45744128" percent="30" micro-fragmented="964034" macro-fragmented="0">
      <mem type="soa" free="11442376" total="43456512" percent="26" />
      <mem type="loa" free="2287616" total="2287616" percent="100" />
    </mem>
    <pending-finalizers system="10" default="0" reference="532" classloader="0" />
    <remembered-set count="4190" />
  </mem-info>
</gc-end>
<cycle-end id="1575" type="global" contextid="1558" timestamp="2025-12-12T00:30:53.430" />
<exclusive-end id="1576" timestamp="2025-12-12T00:30:53.431" durationms="62.625" />

<exclusive-start id="1577" timestamp="2025-12-12T00:30:53.959" intervalms="590.897">
  <response-info timems="0.050" idlems="0.050" threads="0" lastid="00000000005E4400" lastname="Start Level: Equinox Container: 356586b1-a9ff-4751-809e-f03e88e" />
</exclusive-start>
<af-start id="1578" threadId="00000000005E4E78" totalBytesRequested="14304" timestamp="2025-12-12T00:30:53.960" intervalms="1263.552" type="nursery" />
<cycle-start id="1579" type="scavenge" contextid="0" timestamp="2025-12-12T00:30:53.961" intervalms="1263.365" />
<gc-start id="1580" type="scavenge" contextid="1579" timestamp="2025-12-12T00:30:53.961">
  <mem-info id="1581" free="13613544" total="76414976" percent="17">
    <mem type="nursery" free="0" total="30670848" percent="0">
      <mem type="allocate" free="0" total="21299200" percent="0" />
      <mem type="survivor" free="0" total="9371648" percent="0" />
    </mem>
    <mem type="tenure" free="13613544" total="45744128" percent="29">
      <mem type="soa" free="11325928" total="43456512" percent="26" />
      <mem type="loa" free="2287616" total="2287616" percent="100" />
    </mem>
    <remembered-set count="6633" />
  </mem-info>
</gc-start>
<allocation-stats totalBytes="16335568" discardedBytes="105720" >
  <allocated-bytes non-tlh="2097624" tlh="14237944" />
  <largest-consumer threadName="Start Level: Equinox Container: 356586b1-a9ff-4751-809e-f03e88ee3e51" threadId="00000000005E4400" bytes="15352720" />
</allocation-stats>
<gc-op id="1582" type="scavenge" timems="5.320" contextid="1579" timestamp="2025-12-12T00:30:53.968">
  <scavenger-info tenureage="2" tenuremask="7f84" tiltratio="69" />
  <memory-copied type="nursery" objects="69582" bytes="4577336" bytesdiscarded="82528" />
  <memory-copied type="tenure" objects="11748" bytes="380488" bytesdiscarded="384" />
  <finalization candidates="10" enqueued="9" />
  <ownableSynchronizers candidates="13248" cleared="11855" />
  <references type="soft" candidates="1382" cleared="0" enqueued="0" dynamicThreshold="9" maxThreshold="32" />
  <references type="weak" candidates="8360" cleared="355" enqueued="350" />
  <references type="phantom" candidates="310" cleared="11" enqueued="11" />
  <object-monitors candidates="35" cleared="5"  />
</gc-op>
<gc-end id="1583" type="scavenge" contextid="1579" durationms="7.122" usertimems="15.173" systemtimems="10.489" stalltimems="16.551" timestamp="2025-12-12T00:30:53.968" activeThreads="8">
  <mem-info id="1584" free="30154944" total="76414976" percent="39">
    <mem type="nursery" free="17217864" total="30670848" percent="56">
      <mem type="allocate" free="17217864" total="21889024" percent="78" />
      <mem type="survivor" free="0" total="8781824" percent="0" />
    </mem>
    <mem type="tenure" free="12937080" total="45744128" percent="28">
      <mem type="soa" free="10649464" total="43456512" percent="24" />
      <mem type="loa" free="2287616" total="2287616" percent="100" />
    </mem>
    <pending-finalizers system="9" default="0" reference="361" classloader="0" />
    <remembered-set count="5395" />
  </mem-info>
</gc-end>
<cycle-end id="1585" type="scavenge" contextid="1579" timestamp="2025-12-12T00:30:53.969" />
<allocation-satisfied id="1586" threadId="00000000005E4400" bytesRequested="14304" />
<af-end id="1587" timestamp="2025-12-12T00:30:53.970" threadId="00000000005E4E78" success="true" from="nursery"/>
<exclusive-end id="1588" timestamp="2025-12-12T00:30:53.971" durationms="11.288" />

<exclusive-start id="1589" timestamp="2025-12-12T00:30:54.262" intervalms="302.309">
  <response-info timems="0.045" idlems="0.045" threads="0" lastid="00000000005F3B00" lastname="Equinox start level thread - Equinox Container: 356586b1-a9ff-4" />
</exclusive-start>
<af-start id="1590" threadId="00000000005F4578" totalBytesRequested="18120" timestamp="2025-12-12T00:30:54.263" intervalms="302.560" type="nursery" />
<cycle-start id="1591" type="scavenge" contextid="0" timestamp="2025-12-12T00:30:54.263" intervalms="302.576" />
<gc-start id="1592" type="scavenge" contextid="1591" timestamp="2025-12-12T00:30:54.264">
  <mem-info id="1593" free="12746496" total="76414976" percent="16">
    <mem type="nursery" free="0" total="30670848" percent="0">
      <mem type="allocate" free="0" total="21889024" percent="0" />
      <mem type="survivor" free="0" total="8781824" percent="0" />
    </mem>
    <mem type="tenure" free="12746496" total="45744128" percent="27">
      <mem type="soa" free="10458880" total="43456512" percent="24" />
      <mem type="loa" free="2287616" total="2287616" percent="100" />
    </mem>
    <remembered-set count="8873" />
  </mem-info>
</gc-start>
<allocation-stats totalBytes="17240736" discardedBytes="166256" >
  <allocated-bytes non-tlh="567184" tlh="16673552" />
  <largest-consumer threadName="Equinox start level thread - Equinox Container: 356586b1-a9ff-4751-809e-f03e88ee3e51" threadId="00000000005F3B00" bytes="8598920" />
</allocation-stats>
<gc-op id="1594" type="scavenge" timems="6.361" contextid="1591" timestamp="2025-12-12T00:30:54.272">
  <scavenger-info tenureage="7" tenuremask="7f80" tiltratio="71" />
  <memory-copied type="nursery" objects="88723" bytes="4657320" bytesdiscarded="66512" />
  <finalization candidates="2" enqueued="1" />
  <ownableSynchronizers candidates="1936" cleared="201" />
  <references type="soft" candidates="2103" cleared="0" enqueued="0" dynamicThreshold="9" maxThreshold="32" />
  <references type="weak" candidates="8658" cleared="499" enqueued="499" />
  <references type="phantom" candidates="312" cleared="1" enqueued="1" />
  <object-monitors candidates="30" cleared="0"  />
</gc-op>
<gc-end id="1595" type="scavenge" contextid="1591" durationms="8.913" usertimems="14.194" systemtimems="11.922" stalltimems="15.889" timestamp="2025-12-12T00:30:54.273" activeThreads="7">
  <mem-info id="1596" free="30489168" total="76414976" percent="39">
    <mem type="nursery" free="17742672" total="30670848" percent="57">
      <mem type="allocate" free="17742672" total="22478848" percent="78" />
      <mem type="survivor" free="0" total="8192000" percent="0" />
    </mem>
    <mem type="tenure" free="12746496" total="45744128" percent="27">
      <mem type="soa" free="10458880" total="43456512" percent="24" />
      <mem type="loa" free="2287616" total="2287616" percent="100" />
    </mem>
    <pending-finalizers system="1" default="0" reference="500" classloader="0" />
    <remembered-set count="8265" />
  </mem-info>
</gc-end>
<cycle-end id="1597" type="scavenge" contextid="1591" timestamp="2025-12-12T00:30:54.274" />
<allocation-satisfied id="1598" threadId="00000000005F3B00" bytesRequested="18120" />
<af-end id="1599" timestamp="2025-12-12T00:30:54.275" threadId="00000000005F4578" success="true" from="nursery"/>
<exclusive-end id="1600" timestamp="2025-12-12T00:30:54.275" durationms="13.716" />

<exclusive-start id="1601" timestamp="2025-12-12T00:30:54.576" intervalms="314.202">
  <response-info timems="0.175" idlems="0.175" threads="0" lastid="000000000085E100" lastname="Default Executor-thread-6" />
</exclusive-start>
<af-start id="1602" threadId="000000000085EB78" totalBytesRequested="42448" timestamp="2025-12-12T00:30:54.577" intervalms="314.344" type="nursery" />
<cycle-start id="1603" type="scavenge" contextid="0" timestamp="2025-12-12T00:30:54.578" intervalms="314.493" />
<gc-start id="1604" type="scavenge" contextid="1603" timestamp="2025-12-12T00:30:54.579">
  <mem-info id="1605" free="12511760" total="76414976" percent="16">
    <mem type="nursery" free="0" total="30670848" percent="0">
      <mem type="allocate" free="0" total="22478848" percent="0" />
      <mem type="survivor" free="0" total="8192000" percent="0" />
    </mem>
    <mem type="tenure" free="12511760" total="45744128" percent="27">
      <mem type="soa" free="10224144" total="43456512" percent="23" />
      <mem type="loa" free="2287616" total="2287616" percent="100" />
    </mem>
    <remembered-set count="11913" />
  </mem-info>
</gc-start>
<allocation-stats totalBytes="17510352" discardedBytes="462608" >
  <allocated-bytes non-tlh="511736" tlh="16998616" />
  <largest-consumer threadName="Default Executor-thread-3" threadId="000000000085F900" bytes="5326312" />
</allocation-stats>
<gc-op id="1606" type="scavenge" timems="9.416" contextid="1603" timestamp="2025-12-12T00:30:54.589">
  <scavenger-info tenureage="5" tenuremask="7fa0" tiltratio="73" />
  <memory-copied type="nursery" objects="62675" bytes="4129792" bytesdiscarded="138720" />
  <memory-copied type="tenure" objects="34863" bytes="1356992" bytesdiscarded="752" />
  <finalization candidates="13" enqueued="12" />
  <ownableSynchronizers candidates="1892" cleared="7" />
  <references type="soft" candidates="1431" cleared="0" enqueued="0" dynamicThreshold="9" maxThreshold="32" />
  <references type="weak" candidates="1545" cleared="630" enqueued="630" />
  <references type="phantom" candidates="358" cleared="6" enqueued="6" />
  <object-monitors candidates="227" cleared="135"  />
</gc-op>
<gc-end id="1607" type="scavenge" contextid="1603" durationms="11.815" usertimems="41.535" systemtimems="0.000" stalltimems="11.877" timestamp="2025-12-12T00:30:54.591" activeThreads="6">
  <mem-info id="1608" free="29674744" total="76414976" percent="38">
    <mem type="nursery" free="18657616" total="30670848" percent="60">
      <mem type="allocate" free="18657616" total="22937600" percent="81" />
      <mem type="survivor" free="0" total="7733248" percent="0" />
    </mem>
    <mem type="tenure" free="11017128" total="45744128" percent="24">
      <mem type="soa" free="8729512" total="43456512" percent="20" />
      <mem type="loa" free="2287616" total="2287616" percent="100" />
    </mem>
    <pending-finalizers system="12" default="0" reference="636" classloader="0" />
    <remembered-set count="8340" />
  </mem-info>
</gc-end>
<cycle-end id="1609" type="scavenge" contextid="1603" timestamp="2025-12-12T00:30:54.592" />
<allocation-satisfied id="1610" threadId="000000000085E100" bytesRequested="42448" />
<af-end id="1611" timestamp="2025-12-12T00:30:54.593" threadId="000000000085EB78" success="true" from="nursery"/>
<exclusive-end id="1612" timestamp="2025-12-12T00:30:54.595" durationms="18.841" />

<exclusive-start id="1613" timestamp="2025-12-12T00:30:54.747" intervalms="170.792">
  <response-info timems="0.197" idlems="0.139" threads="1" lastid="000000000085E100" lastname="Default Executor-thread-6" />
</exclusive-start>
<af-start id="1614" threadId="000000000085DF78" totalBytesRequested="2184" timestamp="2025-12-12T00:30:54.747" intervalms="170.545" type="nursery" />
<cycle-start id="1615" type="scavenge" contextid="0" timestamp="2025-12-12T00:30:54.748" intervalms="170.484" />
<gc-start id="1616" type="scavenge" contextid="1615" timestamp="2025-12-12T00:30:54.749">
  <mem-info id="1617" free="10925720" total="76414976" percent="14">
    <mem type="nursery" free="0" total="30670848" percent="0">
      <mem type="allocate" free="0" total="22937600" percent="0" />
      <mem type="survivor" free="0" total="7733248" percent="0" />
    </mem>
    <mem type="tenure" free="10925720" total="45744128" percent="23">
      <mem type="soa" free="8638104" total="43456512" percent="19" />
      <mem type="loa" free="2287616" total="2287616" percent="100" />
    </mem>
    <remembered-set count="9934" />
  </mem-info>
</gc-start>
<allocation-stats totalBytes="18394416" discardedBytes="354608" >
  <allocated-bytes non-tlh="264944" tlh="18129472" />
  <largest-consumer threadName="Default Executor-thread-3" threadId="000000000085F900" bytes="6052312" />
</allocation-stats>
<gc-op id="1618" type="scavenge" timems="6.173" contextid="1615" timestamp="2025-12-12T00:30:54.756">
  <scavenger-info tenureage="7" tenuremask="7f80" tiltratio="74" />
  <memory-copied type="nursery" objects="70110" bytes="4560200" bytesdiscarded="96648" />
  <finalization candidates="18" enqueued="18" />
  <ownableSynchronizers candidates="1257" cleared="1" />
  <references type="soft" candidates="1471" cleared="0" enqueued="0" dynamicThreshold="9" maxThreshold="32" />
  <references type="weak" candidates="1175" cleared="203" enqueued="203" />
  <references type="phantom" candidates="363" cleared="8" enqueued="8" />
  <object-monitors candidates="156" cleared="49"  />
</gc-op>
<gc-end id="1619" type="scavenge" contextid="1615" durationms="8.276" usertimems="20.741" systemtimems="7.516" stalltimems="13.408" timestamp="2025-12-12T00:30:54.757" activeThreads="7">
  <mem-info id="1620" free="29524048" total="76414976" percent="38">
    <mem type="nursery" free="18598328" total="30670848" percent="60">
      <mem type="allocate" free="18598328" total="23265280" percent="79" />
      <mem type="survivor" free="0" total="7405568" percent="0" />
    </mem>
    <mem type="tenure" free="10925720" total="45744128" percent="23">
      <mem type="soa" free="8638104" total="43456512" percent="19" />
      <mem type="loa" free="2287616" total="2287616" percent="100" />
    </mem>
    <pending-finalizers system="18" default="0" reference="211" classloader="0" />
    <remembered-set count="7740" />
  </mem-info>
</gc-end>
<cycle-end id="1621" type="scavenge" contextid="1615" timestamp="2025-12-12T00:30:54.758" />
<allocation-satisfied id="1622" threadId="000000000085D500" bytesRequested="2184" />
<af-end id="1623" timestamp="2025-12-12T00:30:54.760" threadId="000000000085DF78" success="true" from="nursery"/>
<exclusive-end id="1624" timestamp="2025-12-12T00:30:54.760" durationms="13.516" />

<exclusive-start id="1625" timestamp="2025-12-12T00:30:54.957" intervalms="209.903">
  <response-info timems="0.055" idlems="0.055" threads="0" lastid="000000000085D500" lastname="Default Executor-thread-5" />
</exclusive-start>
<af-start id="1626" threadId="000000000085DF78" totalBytesRequested="1040" timestamp="2025-12-12T00:30:54.957" intervalms="209.729" type="nursery" />
<cycle-start id="1627" type="scavenge" contextid="0" timestamp="2025-12-12T00:30:54.958" intervalms="209.709" />
<gc-start id="1628" type="scavenge" contextid="1627" timestamp="2025-12-12T00:30:54.959">
  <mem-info id="1629" free="10778056" total="76414976" percent="14">
    <mem type="nursery" free="0" total="30670848" percent="0">
      <mem type="allocate" free="0" total="23265280" percent="0" />
      <mem type="survivor" free="0" total="7405568" percent="0" />
    </mem>
    <mem type="tenure" free="10778056" total="45744128" percent="23">
      <mem type="soa" free="8490440" total="43456512" percent="19" />
      <mem type="loa" free="2287616" total="2287616" percent="100" />
    </mem>
    <remembered-set count="10267" />
  </mem-info>
</gc-start>
<allocation-stats totalBytes="18532600" discardedBytes="213392" >
  <allocated-bytes non-tlh="292736" tlh="18239864" />
  <largest-consumer threadName="Default Executor-thread-5" threadId="000000000085D500" bytes="5152360" />
</allocation-stats>
<gc-op id="1630" type="scavenge" timems="9.545" contextid="1627" timestamp="2025-12-12T00:30:54.969">
  <scavenger-info tenureage="4" tenuremask="7f90" tiltratio="75" />
  <memory-copied type="nursery" objects="60488" bytes="4072400" bytesdiscarded="166704" />
  <memory-copied type="tenure" objects="26011" bytes="1193584" bytesdiscarded="544" />
  <finalization candidates="12" enqueued="10" />
  <ownableSynchronizers candidates="1392" cleared="52" />
  <references type="soft" candidates="1120" cleared="0" enqueued="0" dynamicThreshold="9" maxThreshold="32" />
  <references type="weak" candidates="1413" cleared="459" enqueued="440" />
  <references type="phantom" candidates="289" cleared="5" enqueued="5" />
  <object-monitors candidates="139" cleared="23"  />
</gc-op>
<heap-resize id="1631" type="expand" space="nursery" amount="1179648" count="1" timems="0.076" reason="excessive time being spent scavenging" timestamp="2025-12-12T00:30:54.970" />
<gc-end id="1632" type="scavenge" contextid="1627" durationms="12.708" usertimems="34.780" systemtimems="5.308" stalltimems="30.035" timestamp="2025-12-12T00:30:54.971" activeThreads="7">
  <mem-info id="1633" free="29658200" total="77594624" percent="38">
    <mem type="nursery" free="20197560" total="31850496" percent="63">
      <mem type="allocate" free="20197560" total="24444928" percent="82" />
      <mem type="survivor" free="0" total="7405568" percent="0" />
    </mem>
    <mem type="tenure" free="9460640" total="45744128" percent="20">
      <mem type="soa" free="7173024" total="43456512" percent="16" />
      <mem type="loa" free="2287616" total="2287616" percent="100" />
    </mem>
    <pending-finalizers system="10" default="0" reference="445" classloader="0" />
    <remembered-set count="6492" />
  </mem-info>
</gc-end>
<cycle-end id="1634" type="scavenge" contextid="1627" timestamp="2025-12-12T00:30:54.972" />
<allocation-satisfied id="1635" threadId="000000000085D500" bytesRequested="1040" />
<af-end id="1636" timestamp="2025-12-12T00:30:54.974" threadId="000000000085DF78" success="true" from="nursery"/>
<exclusive-end id="1637" timestamp="2025-12-12T00:30:54.974" durationms="17.539" />

<exclusive-start id="1638" timestamp="2025-12-12T00:30:56.234" intervalms="1277.177">
  <response-info timems="0.148" idlems="0.102" threads="1" lastid="000000000085C800" lastname="Default Executor-thread-4" />
</exclusive-start>
<af-start id="1639" threadId="000000000085EB78" totalBytesRequested="16" timestamp="2025-12-12T00:30:56.234" intervalms="1277.295" type="nursery" />
<cycle-start id="1640" type="scavenge" contextid="0" timestamp="2025-12-12T00:30:56.235" intervalms="1277.232" />
<gc-start id="1641" type="scavenge" contextid="1640" timestamp="2025-12-12T00:30:56.236">
  <mem-info id="1642" free="9323296" total="77594624" percent="12">
    <mem type="nursery" free="0" total="31850496" percent="0">
      <mem type="allocate" free="0" total="24444928" percent="0" />
      <mem type="survivor" free="0" total="7405568" percent="0" />
    </mem>
    <mem type="tenure" free="9323296" total="45744128" percent="20">
      <mem type="soa" free="7035680" total="43456512" percent="16" />
      <mem type="loa" free="2287616" total="2287616" percent="100" />
    </mem>
    <remembered-set count="8727" />
  </mem-info>
</gc-start>
<allocation-stats totalBytes="20307712" discardedBytes="27192" >
  <allocated-bytes non-tlh="458224" tlh="19849488" />
  <largest-consumer threadName="Default Executor-thread-5" threadId="000000000085D500" bytes="9208104" />
</allocation-stats>
<gc-op id="1643" type="scavenge" timems="4.911" contextid="1640" timestamp="2025-12-12T00:30:56.242">
  <scavenger-info tenureage="4" tenuremask="7f90" tiltratio="76" />
  <memory-copied type="nursery" objects="44866" bytes="3249312" bytesdiscarded="249152" />
  <memory-copied type="tenure" objects="18884" bytes="1022968" bytesdiscarded="408" />
  <finalization candidates="18" enqueued="16" />
  <ownableSynchronizers candidates="901" cleared="11" />
  <references type="soft" candidates="632" cleared="0" enqueued="0" dynamicThreshold="9" maxThreshold="32" />
  <references type="weak" candidates="2107" cleared="1140" enqueued="1121" />
  <references type="phantom" candidates="241" cleared="2" enqueued="2" />
  <object-monitors candidates="168" cleared="40"  />
</gc-op>
<gc-end id="1644" type="scavenge" contextid="1640" durationms="6.524" usertimems="21.390" systemtimems="0.000" stalltimems="13.547" timestamp="2025-12-12T00:30:56.242" activeThreads="7">
  <mem-info id="1645" free="29685104" total="77594624" percent="38">
    <mem type="nursery" free="21662224" total="31850496" percent="68">
      <mem type="allocate" free="21662224" total="25165824" percent="86" />
      <mem type="survivor" free="0" total="6684672" percent="0" />
    </mem>
    <mem type="tenure" free="8022880" total="45744128" percent="17">
      <mem type="soa" free="5735264" total="43456512" percent="13" />
      <mem type="loa" free="2287616" total="2287616" percent="100" />
    </mem>
    <pending-finalizers system="16" default="0" reference="1123" classloader="0" />
    <remembered-set count="6339" />
  </mem-info>
</gc-end>
<cycle-end id="1646" type="scavenge" contextid="1640" timestamp="2025-12-12T00:30:56.243" />
<allocation-satisfied id="1647" threadId="000000000085E100" bytesRequested="16" />
<af-end id="1648" timestamp="2025-12-12T00:30:56.244" threadId="000000000085EB78" success="true" from="nursery"/>
<exclusive-end id="1649" timestamp="2025-12-12T00:30:56.245" durationms="11.012" />

<exclusive-start id="1650" timestamp="2025-12-12T00:30:56.484" intervalms="250.598">
  <response-info timems="0.274" idlems="0.274" threads="0" lastid="000000000085C800" lastname="Default Executor-thread-4" />
</exclusive-start>
<af-start id="1651" threadId="000000000085D278" totalBytesRequested="10016" timestamp="2025-12-12T00:30:56.486" intervalms="251.164" type="nursery" />
<cycle-start id="1652" type="scavenge" contextid="0" timestamp="2025-12-12T00:30:56.487" intervalms="251.512" />
<gc-start id="1653" type="scavenge" contextid="1652" timestamp="2025-12-12T00:30:56.487">
  <mem-info id="1654" free="7808528" total="77594624" percent="10">
    <mem type="nursery" free="0" total="31850496" percent="0">
      <mem type="allocate" free="0" total="25165824" percent="0" />
      <mem type="survivor" free="0" total="6684672" percent="0" />
    </mem>
    <mem type="tenure" free="7808528" total="45744128" percent="17">
      <mem type="soa" free="5520912" total="43456512" percent="12" />
      <mem type="loa" free="2287616" total="2287616" percent="100" />
    </mem>
    <remembered-set count="10650" />
  </mem-info>
</gc-start>
<allocation-stats totalBytes="21775056" discardedBytes="101520" >
  <allocated-bytes non-tlh="1289152" tlh="20485904" />
  <largest-consumer threadName="Default Executor-thread-4" threadId="000000000085C800" bytes="10495160" />
</allocation-stats>
<gc-op id="1655" type="scavenge" timems="7.064" contextid="1652" timestamp="2025-12-12T00:30:56.496">
  <scavenger-info tenureage="7" tenuremask="7f80" tiltratio="79" />
  <memory-copied type="nursery" objects="53121" bytes="4078888" bytesdiscarded="194704" />
  <memory-copied type="tenure" objects="5015" bytes="161168" bytesdiscarded="24" />
  <finalization candidates="71" enqueued="69" />
  <ownableSynchronizers candidates="465" cleared="14" />
  <references type="soft" candidates="1135" cleared="0" enqueued="0" dynamicThreshold="9" maxThreshold="32" />
  <references type="weak" candidates="1750" cleared="668" enqueued="658" />
  <references type="phantom" candidates="304" cleared="26" enqueued="26" />
  <object-monitors candidates="150" cleared="17"  />
</gc-op>
<gc-end id="1656" type="scavenge" contextid="1652" durationms="10.273" usertimems="12.978" systemtimems="15.077" stalltimems="10.858" timestamp="2025-12-12T00:30:56.498" activeThreads="6">
  <mem-info id="1657" free="28321632" total="77594624" percent="36">
    <mem type="nursery" free="21018448" total="31850496" percent="65">
      <mem type="allocate" free="21018448" total="25296896" percent="83" />
      <mem type="survivor" free="0" total="6553600" percent="0" />
    </mem>
    <mem type="tenure" free="7303184" total="45744128" percent="15">
      <mem type="soa" free="5015568" total="43456512" percent="11" />
      <mem type="loa" free="2287616" total="2287616" percent="100" />
    </mem>
    <pending-finalizers system="69" default="0" reference="684" classloader="0" />
    <remembered-set count="6789" />
  </mem-info>
</gc-end>
<cycle-end id="1658" type="scavenge" contextid="1652" timestamp="2025-12-12T00:30:56.499" />
<allocation-satisfied id="1659" threadId="000000000085C800" bytesRequested="10016" />
<af-end id="1660" timestamp="2025-12-12T00:30:56.503" threadId="000000000085D278" success="true" from="nursery"/>
<exclusive-end id="1661" timestamp="2025-12-12T00:30:56.504" durationms="19.820" />

<exclusive-start id="1662" timestamp="2025-12-12T00:30:56.856" intervalms="371.637">
  <response-info timems="0.131" idlems="0.131" threads="0" lastid="000000000085D500" lastname="Default Executor-thread-5" />
</exclusive-start>
<af-start id="1663" threadId="000000000085DF78" totalBytesRequested="58320" timestamp="2025-12-12T00:30:56.867" intervalms="381.216" type="nursery" />
<cycle-start id="1664" type="scavenge" contextid="0" timestamp="2025-12-12T00:30:56.871" intervalms="384.308" />
<gc-start id="1665" type="scavenge" contextid="1664" timestamp="2025-12-12T00:30:56.872">
  <mem-info id="1666" free="7121320" total="77594624" percent="9">
    <mem type="nursery" free="0" total="31850496" percent="0">
      <mem type="allocate" free="0" total="25296896" percent="0" />
      <mem type="survivor" free="0" total="6553600" percent="0" />
    </mem>
    <mem type="tenure" free="7121320" total="45744128" percent="15">
      <mem type="soa" free="4833704" total="43456512" percent="11" />
      <mem type="loa" free="2287616" total="2287616" percent="100" />
    </mem>
    <remembered-set count="9634" />
  </mem-info>
</gc-start>
<allocation-stats totalBytes="20972920" discardedBytes="227392" >
  <allocated-bytes non-tlh="191880" tlh="20781040" />
  <largest-consumer threadName="Default Executor-thread-4" threadId="000000000085C800" bytes="15532696" />
</allocation-stats>
<gc-op id="1667" type="scavenge" timems="5.859" contextid="1664" timestamp="2025-12-12T00:30:56.879">
  <scavenger-info tenureage="4" tenuremask="7f90" tiltratio="79" />
  <memory-copied type="nursery" objects="58072" bytes="4090696" bytesdiscarded="100152" />
  <memory-copied type="tenure" objects="6986" bytes="471760" bytesdiscarded="552" />
  <finalization candidates="121" enqueued="117" />
  <ownableSynchronizers candidates="450" cleared="5" />
  <references type="soft" candidates="1636" cleared="0" enqueued="0" dynamicThreshold="9" maxThreshold="32" />
  <references type="weak" candidates="1649" cleared="458" enqueued="451" />
  <references type="phantom" candidates="332" cleared="57" enqueued="57" />
  <object-monitors candidates="133" cleared="0"  />
</gc-op>
<gc-end id="1668" type="scavenge" contextid="1664" durationms="9.768" usertimems="25.983" systemtimems="0.000" stalltimems="10.119" timestamp="2025-12-12T00:30:56.882" activeThreads="6">
  <mem-info id="1669" free="27807376" total="77594624" percent="35">
    <mem type="nursery" free="21362872" total="31850496" percent="67">
      <mem type="allocate" free="21362872" total="25559040" percent="83" />
      <mem type="survivor" free="0" total="6291456" percent="0" />
    </mem>
    <mem type="tenure" free="6444504" total="45744128" percent="14">
      <mem type="soa" free="4156888" total="43456512" percent="9" />
      <mem type="loa" free="2287616" total="2287616" percent="100" />
    </mem>
    <pending-finalizers system="117" default="0" reference="508" classloader="0" />
    <remembered-set count="8196" />
  </mem-info>
</gc-end>
<cycle-end id="1670" type="scavenge" contextid="1664" timestamp="2025-12-12T00:30:56.883" />
<allocation-satisfied id="1671" threadId="000000000085D500" bytesRequested="58320" />
<af-end id="1672" timestamp="2025-12-12T00:30:56.884" threadId="000000000085DF78" success="true" from="nursery"/>
<exclusive-end id="1673" timestamp="2025-12-12T00:30:56.885" durationms="29.200" />

<exclusive-start id="1674" timestamp="2025-12-12T00:30:57.507" intervalms="650.726">
  <response-info timems="0.107" idlems="0.107" threads="0" lastid="000000000085D500" lastname="Default Executor-thread-5" />
</exclusive-start>
<af-start id="1675" threadId="000000000085DF78" totalBytesRequested="56" timestamp="2025-12-12T00:30:57.508" intervalms="641.123" type="nursery" />
<cycle-start id="1676" type="scavenge" contextid="0" timestamp="2025-12-12T00:30:57.509" intervalms="637.969" />
<gc-start id="1677" type="scavenge" contextid="1676" timestamp="2025-12-12T00:30:57.512">
  <mem-info id="1678" free="6362968" total="77594624" percent="8">
    <mem type="nursery" free="0" total="31850496" percent="0">
      <mem type="allocate" free="0" total="25559040" percent="0" />
      <mem type="survivor" free="0" total="6291456" percent="0" />
    </mem>
    <mem type="tenure" free="6362968" total="45744128" percent="13">
      <mem type="soa" free="4075352" total="43456512" percent="9" />
      <mem type="loa" free="2287616" total="2287616" percent="100" />
    </mem>
    <remembered-set count="9733" />
  </mem-info>
</gc-start>
<allocation-stats totalBytes="21396568" discardedBytes="47840" >
  <allocated-bytes non-tlh="307136" tlh="21089432" />
  <largest-consumer threadName="Default Executor-thread-5" threadId="000000000085D500" bytes="18122584" />
</allocation-stats>
<gc-op id="1679" type="scavenge" timems="9.671" contextid="1676" timestamp="2025-12-12T00:30:57.525">
  <scavenger-info tenureage="4" tenuremask="7fd0" tiltratio="80" />
  <memory-copied type="nursery" objects="77043" bytes="4241328" bytesdiscarded="89744" />
  <memory-copied type="tenure" objects="21408" bytes="1832200" bytesdiscarded="1784" />
  <finalization candidates="70" enqueued="48" />
  <ownableSynchronizers candidates="555" cleared="29" />
  <references type="soft" candidates="1434" cleared="0" enqueued="0" dynamicThreshold="9" maxThreshold="32" />
  <references type="weak" candidates="1155" cleared="425" enqueued="413" />
  <references type="phantom" candidates="125" cleared="6" enqueued="6" />
  <object-monitors candidates="134" cleared="0"  />
</gc-op>
<gc-end id="1680" type="scavenge" contextid="1676" durationms="13.647" usertimems="34.728" systemtimems="8.585" stalltimems="10.922" timestamp="2025-12-12T00:30:57.525" activeThreads="6">
  <mem-info id="1681" free="25780232" total="77594624" percent="33">
    <mem type="nursery" free="21418472" total="31850496" percent="67">
      <mem type="allocate" free="21418472" total="25755648" percent="83" />
      <mem type="survivor" free="0" total="6094848" percent="0" />
    </mem>
    <mem type="tenure" free="4361760" total="45744128" percent="9">
      <mem type="soa" free="2074144" total="43456512" percent="4" />
      <mem type="loa" free="2287616" total="2287616" percent="100" />
    </mem>
    <pending-finalizers system="10" default="38" reference="419" classloader="0" />
    <remembered-set count="6014" />
  </mem-info>
</gc-end>
<cycle-end id="1682" type="scavenge" contextid="1676" timestamp="2025-12-12T00:30:57.527" />
<allocation-satisfied id="1683" threadId="000000000085D500" bytesRequested="56" />
<af-end id="1684" timestamp="2025-12-12T00:30:57.528" threadId="000000000085DF78" success="true" from="nursery"/>
<exclusive-end id="1685" timestamp="2025-12-12T00:30:57.529" durationms="21.934" />

<concurrent-kickoff id="1686" timestamp="2025-12-12T00:30:57.822">
  <kickoff reason="threshold reached" targetBytes="22254064" thresholdFreeBytes="3081742"  remainingFree="2843056" tenureFreeBytes="4361760" nurseryFreeBytes="2843056" />
</concurrent-kickoff>
<exclusive-start id="1687" timestamp="2025-12-12T00:30:57.823" intervalms="316.066">
  <response-info timems="0.057" idlems="0.057" threads="0" lastid="000000000085D500" lastname="Default Executor-thread-5" />
</exclusive-start>
<cycle-start id="1688" type="global" contextid="0" timestamp="2025-12-12T00:30:57.824" intervalms="4525.271" />
<concurrent-start id="1689" type="global mark" contextid="1688" timestamp="2025-12-12T00:30:57.824">
</concurrent-start>
<exclusive-end id="1690" timestamp="2025-12-12T00:30:57.825" durationms="2.024" />

<concurrent-end id="1691" type="global mark" contextid="1688" timestamp="2025-12-12T00:30:57.948">
<gc-op id="1692" type="trace" timems="124.002" contextid="1688" timestamp="2025-12-12T00:30:57.948">
  <trace bytesTraced="25707124" workStackOverflowCount="0" />
  <card-cleaning reason="card cleaning threshold reached" bytesTraced="9528" cardsCleaned="20" />
</gc-op>
</concurrent-end>

<exclusive-start id="1693" timestamp="2025-12-12T00:30:57.950" intervalms="127.263">
  <response-info timems="0.112" idlems="0.112" threads="0" lastid="000000000085D500" lastname="Default Executor-thread-5" />
</exclusive-start>
<concurrent-global-final id="1694" timestamp="2025-12-12T00:30:57.951" contextid="1688" intervalms="4581.786" >
  <concurrent-trace-info reason="card cleaning threshold reached" tracedByMutators="4689816" tracedByHelpers="21026836" cardsCleaned="20" workStackOverflowCount="0" />
</concurrent-global-final>
<gc-start id="1695" type="global" contextid="1688" timestamp="2025-12-12T00:30:57.952">
  <mem-info id="1696" free="4361736" total="77594624" percent="5">
    <mem type="nursery" free="0" total="31850496" percent="0">
      <mem type="allocate" free="0" total="25755648" percent="0" />
      <mem type="survivor" free="0" total="6094848" percent="0" />
    </mem>
    <mem type="tenure" free="4361736" total="45744128" percent="9">
      <mem type="soa" free="2074120" total="43456512" percent="4" />
      <mem type="loa" free="2287616" total="2287616" percent="100" />
    </mem>
    <remembered-set count="6121" />
  </mem-info>
</gc-start>
<allocation-stats totalBytes="21415464" discardedBytes="3032" >
  <allocated-bytes non-tlh="80" tlh="21415384" />
  <largest-consumer threadName="Default Executor-thread-5" threadId="000000000085D500" bytes="21153328" />
</allocation-stats>
<gc-op id="1697" type="rs-scan" timems="5.590" contextid="1688" timestamp="2025-12-12T00:30:57.959">
  <scan objectsFound="99263" bytesTraced="3473412" workStackOverflowCount="0" />
</gc-op>
<gc-op id="1698" type="card-cleaning" timems="2.325" contextid="1688" timestamp="2025-12-12T00:30:57.962">
  <card-cleaning cardsCleaned="19" bytesTraced="618216" workStackOverflowCount="0" />
</gc-op>
<gc-op id="1699" type="mark" timems="25.438" contextid="1688" timestamp="2025-12-12T00:30:57.988">
  <trace-info objectcount="13056" scancount="12211" scanbytes="356704" />
  <finalization candidates="829" enqueued="57" />
  <ownableSynchronizers candidates="8320" cleared="42" />
  <references type="soft" candidates="11243" cleared="0" enqueued="0" dynamicThreshold="9" maxThreshold="32" />
  <references type="weak" candidates="13600" cleared="30" enqueued="30" />
  <references type="phantom" candidates="446" cleared="0" enqueued="0" />
  <stringconstants candidates="36831" cleared="258"  />
  <object-monitors candidates="134" cleared="31"  />
</gc-op>
<gc-op id="1700" type="classunload" timems="3.463" contextid="1688" timestamp="2025-12-12T00:30:57.993">
  <classunload-info classloadercandidates="398" classloadersunloaded="0" classesunloaded="13" anonymousclassesunloaded="13" quiescems="0.000" setupms="3.319" scanms="0.141" postms="0.002" />
</gc-op>
<gc-op id="1701" type="sweep" timems="5.494" contextid="1688" timestamp="2025-12-12T00:30:58.000" />
<heap-resize id="1702" type="expand" space="tenure" amount="10551296" count="1" timems="2.053" reason="insufficient free space following gc" timestamp="2025-12-12T00:30:58.004" />
<gc-end id="1703" type="global" contextid="1688" durationms="53.379" usertimems="85.312" systemtimems="64.124" stalltimems="470.959" timestamp="2025-12-12T00:30:58.005" activeThreads="20">
  <mem-info id="1704" free="32162504" total="88145920" percent="36">
    <mem type="nursery" free="15245840" total="31850496" percent="47">
      <mem type="allocate" free="15245840" total="25755648" percent="59" />
      <mem type="survivor" free="0" total="6094848" percent="0" />
    </mem>
    <mem type="tenure" free="16916664" total="56295424" percent="30" micro-fragmented="1303714" macro-fragmented="0">
      <mem type="soa" free="14101688" total="53480448" percent="26" />
      <mem type="loa" free="2814976" total="2814976" percent="100" />
    </mem>
    <pending-finalizers system="0" default="57" reference="30" classloader="0" />
    <remembered-set count="5212" />
  </mem-info>
</gc-end>
<cycle-end id="1705" type="global" contextid="1688" timestamp="2025-12-12T00:30:58.007" />
<exclusive-end id="1706" timestamp="2025-12-12T00:30:58.007" durationms="57.186" />

<exclusive-start id="1707" timestamp="2025-12-12T00:30:58.216" intervalms="265.788">
  <response-info timems="0.114" idlems="0.114" threads="0" lastid="000000000085D500" lastname="Default Executor-thread-5" />
</exclusive-start>
<af-start id="1708" threadId="000000000085DF78" totalBytesRequested="32" timestamp="2025-12-12T00:30:58.217" intervalms="708.657" type="nursery" />
<cycle-start id="1709" type="scavenge" contextid="0" timestamp="2025-12-12T00:30:58.217" intervalms="708.594" />
<gc-start id="1710" type="scavenge" contextid="1709" timestamp="2025-12-12T00:30:58.218">
  <mem-info id="1711" free="16900336" total="88145920" percent="19">
    <mem type="nursery" free="0" total="31850496" percent="0">
      <mem type="allocate" free="0" total="25755648" percent="0" />
      <mem type="survivor" free="0" total="6094848" percent="0" />
    </mem>
    <mem type="tenure" free="16900336" total="56295424" percent="30">
      <mem type="soa" free="14085360" total="53480448" percent="26" />
      <mem type="loa" free="2814976" total="2814976" percent="100" />
    </mem>
    <remembered-set count="5352" />
  </mem-info>
</gc-start>
<allocation-stats totalBytes="14960152" discardedBytes="253352" >
  <allocated-bytes non-tlh="3327032" tlh="11633120" />
  <largest-consumer threadName="Default Executor-thread-5" threadId="000000000085D500" bytes="14947128" />
</allocation-stats>
<gc-op id="1712" type="scavenge" timems="9.739" contextid="1709" timestamp="2025-12-12T00:30:58.229">
  <scavenger-info tenureage="4" tenuremask="7f90" tiltratio="80" />
  <memory-copied type="nursery" objects="135235" bytes="6060272" bytesdiscarded="27112" />
  <memory-copied type="tenure" objects="10553" bytes="714552" bytesdiscarded="2792" />
  <copy-failed type="nursery" objects="4116" bytes="156304" />
  <finalization candidates="95" enqueued="48" />
  <ownableSynchronizers candidates="16565" cleared="16274" />
  <references type="soft" candidates="1203" cleared="0" enqueued="0" dynamicThreshold="9" maxThreshold="32" />
  <references type="weak" candidates="608" cleared="36" enqueued="36" />
  <references type="phantom" candidates="101" cleared="1" enqueued="1" />
  <object-monitors candidates="103" cleared="0"  />
</gc-op>
<gc-end id="1713" type="scavenge" contextid="1709" durationms="11.653" usertimems="39.436" systemtimems="1.246" stalltimems="16.546" timestamp="2025-12-12T00:30:58.230" activeThreads="6">
  <mem-info id="1714" free="31615112" total="88145920" percent="35">
    <mem type="nursery" free="15597568" total="31850496" percent="48">
      <mem type="allocate" free="15597568" total="21692416" percent="71" />
      <mem type="survivor" free="0" total="10158080" percent="0" />
    </mem>
    <mem type="tenure" free="16017544" total="56295424" percent="28">
      <mem type="soa" free="13202568" total="53480448" percent="24" />
      <mem type="loa" free="2814976" total="2814976" percent="100" />
    </mem>
    <pending-finalizers system="2" default="46" reference="37" classloader="0" />
    <remembered-set count="4900" />
  </mem-info>
</gc-end>
<cycle-end id="1715" type="scavenge" contextid="1709" timestamp="2025-12-12T00:30:58.231" />
<allocation-satisfied id="1716" threadId="000000000085D500" bytesRequested="32" />
<af-end id="1717" timestamp="2025-12-12T00:30:58.232" threadId="000000000085DF78" success="true" from="nursery"/>
<exclusive-end id="1718" timestamp="2025-12-12T00:30:58.233" durationms="17.111" />

<exclusive-start id="1719" timestamp="2025-12-12T00:30:58.418" intervalms="201.706">
  <response-info timems="0.121" idlems="0.121" threads="0" lastid="000000000085D500" lastname="Default Executor-thread-5" />
</exclusive-start>
<af-start id="1720" threadId="000000000085DF78" totalBytesRequested="24" timestamp="2025-12-12T00:30:58.418" intervalms="201.827" type="nursery" />
<cycle-start id="1721" type="scavenge" contextid="0" timestamp="2025-12-12T00:30:58.419" intervalms="201.813" />
<gc-start id="1722" type="scavenge" contextid="1721" timestamp="2025-12-12T00:30:58.421">
  <mem-info id="1723" free="15973160" total="88145920" percent="18">
    <mem type="nursery" free="0" total="31850496" percent="0">
      <mem type="allocate" free="0" total="21692416" percent="0" />
      <mem type="survivor" free="0" total="10158080" percent="0" />
    </mem>
    <mem type="tenure" free="15973160" total="56295424" percent="28">
      <mem type="soa" free="13158184" total="53480448" percent="24" />
      <mem type="loa" free="2814976" total="2814976" percent="100" />
    </mem>
    <remembered-set count="5857" />
  </mem-info>
</gc-start>
<allocation-stats totalBytes="15634168" discardedBytes="1800" >
  <allocated-bytes non-tlh="38432" tlh="15595736" />
  <largest-consumer threadName="Default Executor-thread-5" threadId="000000000085D500" bytes="15613688" />
</allocation-stats>
<gc-op id="1724" type="scavenge" timems="5.817" contextid="1721" timestamp="2025-12-12T00:30:58.428">
  <scavenger-info tenureage="7" tenuremask="7f80" tiltratio="68" />
  <memory-copied type="nursery" objects="141845" bytes="6886392" bytesdiscarded="37784" />
  <finalization candidates="141" enqueued="94" />
  <ownableSynchronizers candidates="221" cleared="0" />
  <references type="soft" candidates="1324" cleared="0" enqueued="0" dynamicThreshold="9" maxThreshold="32" />
  <references type="weak" candidates="730" cleared="111" enqueued="111" />
  <references type="phantom" candidates="159" cleared="1" enqueued="1" />
  <object-monitors candidates="103" cleared="0"  />
</gc-op>
<gc-end id="1725" type="scavenge" contextid="1721" durationms="8.165" usertimems="21.878" systemtimems="2.662" stalltimems="10.840" timestamp="2025-12-12T00:30:58.429" activeThreads="6">
  <mem-info id="1726" free="31318456" total="88145920" percent="35">
    <mem type="nursery" free="15345296" total="31850496" percent="48">
      <mem type="allocate" free="15345296" total="22282240" percent="68" />
      <mem type="survivor" free="0" total="9568256" percent="0" />
    </mem>
    <mem type="tenure" free="15973160" total="56295424" percent="28">
      <mem type="soa" free="13158184" total="53480448" percent="24" />
      <mem type="loa" free="2814976" total="2814976" percent="100" />
    </mem>
    <pending-finalizers system="2" default="92" reference="112" classloader="0" />
    <remembered-set count="4977" />
  </mem-info>
</gc-end>
<cycle-end id="1727" type="scavenge" contextid="1721" timestamp="2025-12-12T00:30:58.430" />
<allocation-satisfied id="1728" threadId="000000000085D500" bytesRequested="24" />
<af-end id="1729" timestamp="2025-12-12T00:30:58.431" threadId="000000000085DF78" success="true" from="nursery"/>
<exclusive-end id="1730" timestamp="2025-12-12T00:30:58.432" durationms="14.267" />

<exclusive-start id="1731" timestamp="2025-12-12T00:30:58.610" intervalms="192.269">
  <response-info timems="0.092" idlems="0.092" threads="0" lastid="000000000085D500" lastname="Default Executor-thread-5" />
</exclusive-start>
<af-start id="1732" threadId="000000000085DF78" totalBytesRequested="24" timestamp="2025-12-12T00:30:58.611" intervalms="192.458" type="nursery" />
<cycle-start id="1733" type="scavenge" contextid="0" timestamp="2025-12-12T00:30:58.612" intervalms="192.488" />
<gc-start id="1734" type="scavenge" contextid="1733" timestamp="2025-12-12T00:30:58.613">
  <mem-info id="1735" free="15894856" total="88145920" percent="18">
    <mem type="nursery" free="0" total="31850496" percent="0">
      <mem type="allocate" free="0" total="22282240" percent="0" />
      <mem type="survivor" free="0" total="9568256" percent="0" />
    </mem>
    <mem type="tenure" free="15894856" total="56295424" percent="28">
      <mem type="soa" free="13079880" total="53480448" percent="24" />
      <mem type="loa" free="2814976" total="2814976" percent="100" />
    </mem>
    <remembered-set count="6669" />
  </mem-info>
</gc-start>
<allocation-stats totalBytes="15400808" discardedBytes="3432" >
  <allocated-bytes non-tlh="541176" tlh="14859632" />
  <largest-consumer threadName="Default Executor-thread-5" threadId="000000000085D500" bytes="15343464" />
</allocation-stats>
<gc-op id="1736" type="scavenge" timems="6.945" contextid="1733" timestamp="2025-12-12T00:30:58.621">
  <scavenger-info tenureage="3" tenuremask="7fe8" tiltratio="69" />
  <memory-copied type="nursery" objects="77785" bytes="4948008" bytesdiscarded="56976" />
  <memory-copied type="tenure" objects="51118" bytes="2708264" bytesdiscarded="4608" />
  <finalization candidates="110" enqueued="63" />
  <ownableSynchronizers candidates="244" cleared="12" />
  <references type="soft" candidates="1290" cleared="0" enqueued="0" dynamicThreshold="9" maxThreshold="32" />
  <references type="weak" candidates="1294" cleared="255" enqueued="255" />
  <references type="phantom" candidates="156" cleared="9" enqueued="9" />
  <object-monitors candidates="103" cleared="0"  />
</gc-op>
<gc-end id="1737" type="scavenge" contextid="1733" durationms="9.309" usertimems="25.844" systemtimems="3.534" stalltimems="13.133" timestamp="2025-12-12T00:30:58.622" activeThreads="6">
  <mem-info id="1738" free="30605704" total="88145920" percent="34">
    <mem type="nursery" free="17465688" total="31850496" percent="54">
      <mem type="allocate" free="17465688" total="22478848" percent="77" />
      <mem type="survivor" free="0" total="9371648" percent="0" />
    </mem>
    <mem type="tenure" free="13140016" total="56295424" percent="23">
      <mem type="soa" free="10325040" total="53480448" percent="19" />
      <mem type="loa" free="2814976" total="2814976" percent="100" />
    </mem>
    <pending-finalizers system="17" default="46" reference="264" classloader="0" />
    <remembered-set count="4979" />
  </mem-info>
</gc-end>
<cycle-end id="1739" type="scavenge" contextid="1733" timestamp="2025-12-12T00:30:58.623" />
<allocation-satisfied id="1740" threadId="000000000085D500" bytesRequested="24" />
<af-end id="1741" timestamp="2025-12-12T00:30:58.625" threadId="000000000085DF78" success="true" from="nursery"/>
<exclusive-end id="1742" timestamp="2025-12-12T00:30:58.625" durationms="15.340" />

<exclusive-start id="1743" timestamp="2025-12-12T00:30:58.873" intervalms="262.707">
  <response-info timems="0.112" idlems="0.112" threads="0" lastid="000000000085D500" lastname="Default Executor-thread-5" />
</exclusive-start>
<af-start id="1744" threadId="000000000085DF78" totalBytesRequested="19936" timestamp="2025-12-12T00:30:58.874" intervalms="263.185" type="nursery" />
<cycle-start id="1745" type="scavenge" contextid="0" timestamp="2025-12-12T00:30:58.875" intervalms="263.120" />
<gc-start id="1746" type="scavenge" contextid="1745" timestamp="2025-12-12T00:30:58.876">
  <mem-info id="1747" free="12994280" total="88145920" percent="14">
    <mem type="nursery" free="0" total="31850496" percent="0">
      <mem type="allocate" free="0" total="22478848" percent="0" />
      <mem type="survivor" free="0" total="9371648" percent="0" />
    </mem>
    <mem type="tenure" free="12994280" total="56295424" percent="23">
      <mem type="soa" free="10179304" total="53480448" percent="19" />
      <mem type="loa" free="2814976" total="2814976" percent="100" />
    </mem>
    <remembered-set count="6992" />
  </mem-info>
</gc-start>
<allocation-stats totalBytes="17576896" discardedBytes="34528" >
  <allocated-bytes non-tlh="153960" tlh="17422936" />
  <largest-consumer threadName="Default Executor-thread-5" threadId="000000000085D500" bytes="17319312" />
</allocation-stats>
<gc-op id="1748" type="scavenge" timems="6.744" contextid="1745" timestamp="2025-12-12T00:30:58.885">
  <scavenger-info tenureage="5" tenuremask="7fe0" tiltratio="70" />
  <memory-copied type="nursery" objects="81804" bytes="5252216" bytesdiscarded="54824" />
  <memory-copied type="tenure" objects="13060" bytes="462864" bytesdiscarded="688" />
  <finalization candidates="44" enqueued="16" />
  <ownableSynchronizers candidates="200" cleared="22" />
  <references type="soft" candidates="828" cleared="0" enqueued="0" dynamicThreshold="9" maxThreshold="32" />
  <references type="weak" candidates="1771" cleared="715" enqueued="714" />
  <references type="phantom" candidates="178" cleared="8" enqueued="8" />
  <object-monitors candidates="103" cleared="0"  />
</gc-op>
<gc-end id="1749" type="scavenge" contextid="1745" durationms="9.100" usertimems="28.105" systemtimems="0.000" stalltimems="12.585" timestamp="2025-12-12T00:30:58.885" activeThreads="6">
  <mem-info id="1750" free="29921672" total="88145920" percent="33">
    <mem type="nursery" free="17689768" total="31850496" percent="55">
      <mem type="allocate" free="17689768" total="23003136" percent="76" />
      <mem type="survivor" free="0" total="8847360" percent="0" />
    </mem>
    <mem type="tenure" free="12231904" total="56295424" percent="21">
      <mem type="soa" free="9416928" total="53480448" percent="17" />
      <mem type="loa" free="2814976" total="2814976" percent="100" />
    </mem>
    <pending-finalizers system="16" default="0" reference="722" classloader="0" />
    <remembered-set count="5503" />
  </mem-info>
</gc-end>
<cycle-end id="1751" type="scavenge" contextid="1745" timestamp="2025-12-12T00:30:58.887" />
<allocation-satisfied id="1752" threadId="000000000085D500" bytesRequested="19936" />
<af-end id="1753" timestamp="2025-12-12T00:30:58.888" threadId="000000000085DF78" success="true" from="nursery"/>
<exclusive-end id="1754" timestamp="2025-12-12T00:30:58.889" durationms="16.431" />

<exclusive-start id="1755" timestamp="2025-12-12T00:30:59.189" intervalms="316.677">
  <response-info timems="0.068" idlems="0.068" threads="0" lastid="000000000085C800" lastname="Default Executor-thread-4" />
</exclusive-start>
<af-start id="1756" threadId="000000000085D278" totalBytesRequested="56" timestamp="2025-12-12T00:30:59.190" intervalms="315.833" type="nursery" />
<cycle-start id="1757" type="scavenge" contextid="0" timestamp="2025-12-12T00:30:59.191" intervalms="315.884" />
<gc-start id="1758" type="scavenge" contextid="1757" timestamp="2025-12-12T00:30:59.192">
  <mem-info id="1759" free="12169568" total="88145920" percent="13">
    <mem type="nursery" free="0" total="31850496" percent="0">
      <mem type="allocate" free="0" total="23003136" percent="0" />
      <mem type="survivor" free="0" total="8847360" percent="0" />
    </mem>
    <mem type="tenure" free="12169568" total="56295424" percent="21">
      <mem type="soa" free="9354592" total="53480448" percent="17" />
      <mem type="loa" free="2814976" total="2814976" percent="100" />
    </mem>
    <remembered-set count="6896" />
  </mem-info>
</gc-start>
<allocation-stats totalBytes="17650704" discardedBytes="101400" >
  <allocated-bytes non-tlh="384376" tlh="17266328" />
  <largest-consumer threadName="Default Executor-thread-5" threadId="000000000085D500" bytes="8904176" />
</allocation-stats>
<gc-op id="1760" type="scavenge" timems="10.609" contextid="1757" timestamp="2025-12-12T00:30:59.204">
  <scavenger-info tenureage="3" tenuremask="7fd8" tiltratio="72" />
  <memory-copied type="nursery" objects="53130" bytes="4350928" bytesdiscarded="364416" />
  <memory-copied type="tenure" objects="52927" bytes="2733560" bytesdiscarded="1048" />
  <finalization candidates="108" enqueued="59" />
  <ownableSynchronizers candidates="352" cleared="118" />
  <references type="soft" candidates="837" cleared="0" enqueued="0" dynamicThreshold="9" maxThreshold="32" />
  <references type="weak" candidates="1543" cleared="394" enqueued="382" />
  <references type="phantom" candidates="241" cleared="41" enqueued="41" />
  <object-monitors candidates="111" cleared="5"  />
</gc-op>
<gc-end id="1761" type="scavenge" contextid="1757" durationms="12.455" usertimems="34.754" systemtimems="2.814" stalltimems="17.826" timestamp="2025-12-12T00:30:59.205" activeThreads="6">
  <mem-info id="1762" free="28256720" total="88145920" percent="32">
    <mem type="nursery" free="18742648" total="31850496" percent="58">
      <mem type="allocate" free="18742648" total="23461888" percent="79" />
      <mem type="survivor" free="0" total="8388608" percent="0" />
    </mem>
    <mem type="tenure" free="9514072" total="56295424" percent="16">
      <mem type="soa" free="6699096" total="53480448" percent="12" />
      <mem type="loa" free="2814976" total="2814976" percent="100" />
    </mem>
    <pending-finalizers system="23" default="36" reference="423" classloader="0" />
    <remembered-set count="3397" />
  </mem-info>
</gc-end>
<cycle-end id="1763" type="scavenge" contextid="1757" timestamp="2025-12-12T00:30:59.206" />
<allocation-satisfied id="1764" threadId="000000000085C800" bytesRequested="56" />
<af-end id="1765" timestamp="2025-12-12T00:30:59.207" threadId="000000000085D278" success="true" from="nursery"/>
<exclusive-end id="1766" timestamp="2025-12-12T00:30:59.207" durationms="18.052" />

<exclusive-start id="1767" timestamp="2025-12-12T00:30:59.275" intervalms="86.065">
  <response-info timems="0.200" idlems="0.112" threads="2" lastid="000000000085E100" lastname="Default Executor-thread-6" />
</exclusive-start>
<af-start id="1768" threadId="000000000085C678" totalBytesRequested="24" timestamp="2025-12-12T00:30:59.276" intervalms="86.065" type="nursery" />
<cycle-start id="1769" type="scavenge" contextid="0" timestamp="2025-12-12T00:30:59.277" intervalms="86.091" />
<gc-start id="1770" type="scavenge" contextid="1769" timestamp="2025-12-12T00:30:59.278">
  <mem-info id="1771" free="9512248" total="88145920" percent="10">
    <mem type="nursery" free="0" total="31850496" percent="0">
      <mem type="allocate" free="0" total="23461888" percent="0" />
      <mem type="survivor" free="0" total="8388608" percent="0" />
    </mem>
    <mem type="tenure" free="9512248" total="56295424" percent="16">
      <mem type="soa" free="6697272" total="53480448" percent="12" />
      <mem type="loa" free="2814976" total="2814976" percent="100" />
    </mem>
    <remembered-set count="3654" />
  </mem-info>
</gc-start>
<allocation-stats totalBytes="18688184" discardedBytes="56288" >
  <allocated-bytes non-tlh="264040" tlh="18424144" />
  <largest-consumer threadName="Default Executor-thread-4" threadId="000000000085C800" bytes="5571008" />
</allocation-stats>
<gc-op id="1772" type="scavenge" timems="9.790" contextid="1769" timestamp="2025-12-12T00:30:59.289">
  <scavenger-info tenureage="3" tenuremask="7fc8" tiltratio="73" />
  <memory-copied type="nursery" objects="63877" bytes="4250888" bytesdiscarded="205424" />
  <memory-copied type="tenure" objects="8430" bytes="1564608" bytesdiscarded="1320" />
  <finalization candidates="201" enqueued="177" />
  <ownableSynchronizers candidates="411" cleared="104" />
  <references type="soft" candidates="211" cleared="0" enqueued="0" dynamicThreshold="9" maxThreshold="32" />
  <references type="weak" candidates="438" cleared="51" enqueued="51" />
  <references type="phantom" candidates="134" cleared="3" enqueued="3" />
  <object-monitors candidates="108" cleared="2"  />
</gc-op>
<heap-resize id="1773" type="expand" space="nursery" amount="2883584" count="1" timems="0.112" reason="excessive time being spent scavenging" timestamp="2025-12-12T00:30:59.292" />
<gc-end id="1774" type="scavenge" contextid="1769" durationms="15.905" usertimems="25.058" systemtimems="8.381" stalltimems="34.671" timestamp="2025-12-12T00:30:59.294" activeThreads="7">
  <mem-info id="1775" free="29369152" total="91029504" percent="32">
    <mem type="nursery" free="21754296" total="34734080" percent="62">
      <mem type="allocate" free="21754296" total="26214400" percent="82" />
      <mem type="survivor" free="0" total="8519680" percent="0" />
    </mem>
    <mem type="tenure" free="7614856" total="56295424" percent="13">
      <mem type="soa" free="4799880" total="53480448" percent="8" />
      <mem type="loa" free="2814976" total="2814976" percent="100" />
    </mem>
    <pending-finalizers system="0" default="177" reference="54" classloader="0" />
    <remembered-set count="2261" />
  </mem-info>
</gc-end>
<cycle-end id="1776" type="scavenge" contextid="1769" timestamp="2025-12-12T00:30:59.296" />
<allocation-satisfied id="1777" threadId="000000000085BC00" bytesRequested="24" />
<af-end id="1778" timestamp="2025-12-12T00:30:59.298" threadId="000000000085C678" success="true" from="nursery"/>
<exclusive-end id="1779" timestamp="2025-12-12T00:30:59.299" durationms="24.139" />

<concurrent-kickoff id="1780" timestamp="2025-12-12T00:30:59.334">
  <kickoff reason="threshold reached" targetBytes="28204576" thresholdFreeBytes="3903945"  remainingFree="3760568" tenureFreeBytes="7614696" nurseryFreeBytes="3760568" />
</concurrent-kickoff>
<exclusive-start id="1781" timestamp="2025-12-12T00:30:59.337" intervalms="61.932">
  <response-info timems="1.697" idlems="1.135" threads="2" lastid="000000000085BC00" lastname="Default Executor-thread-2" />
</exclusive-start>
<cycle-start id="1782" type="global" contextid="0" timestamp="2025-12-12T00:30:59.339" intervalms="1515.660" />
<concurrent-start id="1783" type="global mark" contextid="1782" timestamp="2025-12-12T00:30:59.340">
</concurrent-start>
<exclusive-end id="1784" timestamp="2025-12-12T00:30:59.340" durationms="3.267" />

<exclusive-start id="1785" timestamp="2025-12-12T00:30:59.378" intervalms="41.136">
  <response-info timems="1.384" idlems="0.574" threads="3" lastid="000000000085E100" lastname="Default Executor-thread-6" />
</exclusive-start>
<af-start id="1786" threadId="000000000085D278" totalBytesRequested="31408" timestamp="2025-12-12T00:30:59.380" intervalms="104.250" type="nursery" />
<cycle-start id="1787" type="scavenge" contextid="0" timestamp="2025-12-12T00:30:59.381" intervalms="104.257" />
<gc-start id="1788" type="scavenge" contextid="1787" timestamp="2025-12-12T00:30:59.382">
  <mem-info id="1789" free="7614696" total="91029504" percent="8">
    <mem type="nursery" free="0" total="34734080" percent="0">
      <mem type="allocate" free="0" total="26214400" percent="0" />
      <mem type="survivor" free="0" total="8519680" percent="0" />
    </mem>
    <mem type="tenure" free="7614696" total="56295424" percent="13">
      <mem type="soa" free="4799720" total="53480448" percent="8" />
      <mem type="loa" free="2814976" total="2814976" percent="100" />
    </mem>
    <remembered-set count="2343" />
  </mem-info>
</gc-start>
<allocation-stats totalBytes="21702576" discardedBytes="51880" >
  <allocated-bytes non-tlh="120416" tlh="21582160" />
  <largest-consumer threadName="Default Executor-thread-2" threadId="000000000085BC00" bytes="4778824" />
</allocation-stats>
<gc-op id="1790" type="scavenge" timems="7.949" contextid="1787" timestamp="2025-12-12T00:30:59.391">
  <scavenger-info tenureage="6" tenuremask="7fc0" tiltratio="75" />
  <memory-copied type="nursery" objects="72000" bytes="6279800" bytesdiscarded="159120" />
  <finalization candidates="455" enqueued="430" />
  <ownableSynchronizers candidates="358" cleared="36" />
  <references type="soft" candidates="211" cleared="0" enqueued="0" dynamicThreshold="9" maxThreshold="32" />
  <references type="weak" candidates="411" cleared="15" enqueued="15" />
  <references type="phantom" candidates="133" cleared="0" enqueued="0" />
  <object-monitors candidates="106" cleared="0"  />
</gc-op>
<heap-resize id="1791" type="expand" space="nursery" amount="1441792" count="1" timems="0.057" reason="excessive time being spent scavenging" timestamp="2025-12-12T00:30:59.391" />
<gc-end id="1792" type="scavenge" contextid="1787" durationms="9.962" usertimems="18.141" systemtimems="11.945" stalltimems="18.761" timestamp="2025-12-12T00:30:59.392" activeThreads="6">
  <mem-info id="1793" free="27058616" total="92471296" percent="29">
    <mem type="nursery" free="19443920" total="36175872" percent="53">
      <mem type="allocate" free="19443920" total="25886720" percent="75" />
      <mem type="survivor" free="0" total="10289152" percent="0" />
    </mem>
    <mem type="tenure" free="7614696" total="56295424" percent="13">
      <mem type="soa" free="4799720" total="53480448" percent="8" />
      <mem type="loa" free="2814976" total="2814976" percent="100" />
    </mem>
    <pending-finalizers system="0" default="430" reference="15" classloader="0" />
    <remembered-set count="1666" />
  </mem-info>
</gc-end>
<cycle-end id="1794" type="scavenge" contextid="1787" timestamp="2025-12-12T00:30:59.392" />
<allocation-satisfied id="1795" threadId="000000000085C800" bytesRequested="31408" />
<af-end id="1796" timestamp="2025-12-12T00:30:59.394" threadId="000000000085D278" success="true" from="nursery"/>
<exclusive-end id="1797" timestamp="2025-12-12T00:30:59.394" durationms="16.105" />

<concurrent-end id="1798" type="global mark" contextid="1782" timestamp="2025-12-12T00:30:59.395">
<gc-op id="1799" type="trace" timems="55.344" contextid="1782" timestamp="2025-12-12T00:30:59.395">
  <trace bytesTraced="29303456" workStackOverflowCount="0" />
  <card-cleaning reason="card cleaning threshold reached" bytesTraced="52280" cardsCleaned="62" />
</gc-op>
</concurrent-end>

<exclusive-start id="1800" timestamp="2025-12-12T00:30:59.397" intervalms="18.630">
  <response-info timems="0.128" idlems="0.128" threads="0" lastid="000000000085F900" lastname="Default Executor-thread-3" />
</exclusive-start>
<concurrent-global-final id="1801" timestamp="2025-12-12T00:30:59.398" contextid="1782" intervalms="1446.856" >
  <concurrent-trace-info reason="card cleaning threshold reached" tracedByMutators="24004288" tracedByHelpers="5351448" cardsCleaned="62" workStackOverflowCount="0" />
</concurrent-global-final>
<gc-start id="1802" type="global" contextid="1782" timestamp="2025-12-12T00:30:59.399">
  <mem-info id="1803" free="25937672" total="92471296" percent="28">
    <mem type="nursery" free="18322976" total="36175872" percent="50">
      <mem type="allocate" free="18322976" total="25886720" percent="70" />
      <mem type="survivor" free="0" total="10289152" percent="0" />
    </mem>
    <mem type="tenure" free="7614696" total="56295424" percent="13">
      <mem type="soa" free="4799720" total="53480448" percent="8" />
      <mem type="loa" free="2814976" total="2814976" percent="100" />
    </mem>
    <remembered-set count="1674" />
  </mem-info>
</gc-start>
<allocation-stats totalBytes="1109400" discardedBytes="11544" >
  <allocated-bytes non-tlh="31408" tlh="1077992" />
  <largest-consumer threadName="ClassloaderMapProcessingThread-9" threadId="00000000014BCB00" bytes="319432" />
</allocation-stats>
<gc-op id="1804" type="rs-scan" timems="4.996" contextid="1782" timestamp="2025-12-12T00:30:59.405">
  <scan objectsFound="52676" bytesTraced="1887996" workStackOverflowCount="0" />
</gc-op>
<gc-op id="1805" type="card-cleaning" timems="3.212" contextid="1782" timestamp="2025-12-12T00:30:59.409">
  <card-cleaning cardsCleaned="201" bytesTraced="112420" workStackOverflowCount="0" />
</gc-op>
<gc-op id="1806" type="mark" timems="25.118" contextid="1782" timestamp="2025-12-12T00:30:59.438">
  <trace-info objectcount="6894" scancount="6141" scanbytes="307680" />
  <finalization candidates="804" enqueued="7" />
  <ownableSynchronizers candidates="8608" cleared="7" />
  <references type="soft" candidates="12189" cleared="0" enqueued="0" dynamicThreshold="9" maxThreshold="32" />
  <references type="weak" candidates="14846" cleared="8" enqueued="8" />
  <references type="phantom" candidates="413" cleared="0" enqueued="0" />
  <stringconstants candidates="38290" cleared="65"  />
  <object-monitors candidates="106" cleared="13"  />
</gc-op>
<gc-op id="1807" type="classunload" timems="5.172" contextid="1782" timestamp="2025-12-12T00:30:59.443">
  <classunload-info classloadercandidates="413" classloadersunloaded="1" classesunloaded="1" anonymousclassesunloaded="0" quiescems="0.000" setupms="4.961" scanms="0.123" postms="0.087" />
</gc-op>
<gc-op id="1808" type="sweep" timems="4.435" contextid="1782" timestamp="2025-12-12T00:30:59.449" />
<heap-resize id="1809" type="expand" space="tenure" amount="9175040" count="1" timems="3.159" reason="insufficient free space following gc" timestamp="2025-12-12T00:30:59.453" />
<gc-end id="1810" type="global" contextid="1782" durationms="55.441" usertimems="70.557" systemtimems="62.182" stalltimems="482.709" timestamp="2025-12-12T00:30:59.454" activeThreads="20">
  <mem-info id="1811" free="41184960" total="101646336" percent="40">
    <mem type="nursery" free="21532888" total="36175872" percent="59">
      <mem type="allocate" free="21532888" total="25886720" percent="83" />
      <mem type="survivor" free="0" total="10289152" percent="0" />
    </mem>
    <mem type="tenure" free="19652072" total="65470464" percent="30" micro-fragmented="1589673" macro-fragmented="0">
      <mem type="soa" free="16378344" total="62196736" percent="26" />
      <mem type="loa" free="3273728" total="3273728" percent="100" />
    </mem>
    <pending-finalizers system="0" default="7" reference="8" classloader="0" />
    <remembered-set count="1604" />
  </mem-info>
</gc-end>
<cycle-end id="1812" type="global" contextid="1782" timestamp="2025-12-12T00:30:59.456" />
<exclusive-end id="1813" timestamp="2025-12-12T00:30:59.456" durationms="59.501" />

<exclusive-start id="1814" timestamp="2025-12-12T00:30:59.504" intervalms="106.820">
  <response-info timems="0.219" idlems="0.151" threads="3" lastid="000000000085C800" lastname="Default Executor-thread-4" />
</exclusive-start>
<af-start id="1815" threadId="00000000014BD578" totalBytesRequested="40" timestamp="2025-12-12T00:30:59.504" intervalms="124.067" type="nursery" />
<cycle-start id="1816" type="scavenge" contextid="0" timestamp="2025-12-12T00:30:59.505" intervalms="123.839" />
<gc-start id="1817" type="scavenge" contextid="1816" timestamp="2025-12-12T00:30:59.506">
  <mem-info id="1818" free="19646048" total="101646336" percent="19">
    <mem type="nursery" free="0" total="36175872" percent="0">
      <mem type="allocate" free="0" total="25886720" percent="0" />
      <mem type="survivor" free="0" total="10289152" percent="0" />
    </mem>
    <mem type="tenure" free="19646048" total="65470464" percent="30">
      <mem type="soa" free="16372320" total="62196736" percent="26" />
      <mem type="loa" free="3273728" total="3273728" percent="100" />
    </mem>
    <remembered-set count="1760" />
  </mem-info>
</gc-start>
<allocation-stats totalBytes="21429016" discardedBytes="106048" >
  <allocated-bytes non-tlh="1393560" tlh="20035456" />
  <largest-consumer threadName="Default Executor-thread-4" threadId="000000000085C800" bytes="5401760" />
</allocation-stats>
<gc-op id="1819" type="scavenge" timems="6.973" contextid="1816" timestamp="2025-12-12T00:30:59.514">
  <scavenger-info tenureage="4" tenuremask="7fd0" tiltratio="71" />
  <memory-copied type="nursery" objects="62978" bytes="5586336" bytesdiscarded="192944" />
  <memory-copied type="tenure" objects="15664" bytes="696440" bytesdiscarded="3096" />
  <finalization candidates="460" enqueued="435" />
  <ownableSynchronizers candidates="16900" cleared="16580" />
  <references type="soft" candidates="134" cleared="0" enqueued="0" dynamicThreshold="9" maxThreshold="32" />
  <references type="weak" candidates="247" cleared="17" enqueued="17" />
  <references type="phantom" candidates="124" cleared="8" enqueued="8" />
  <object-monitors candidates="93" cleared="0"  />
</gc-op>
<gc-end id="1820" type="scavenge" contextid="1816" durationms="9.376" usertimems="25.106" systemtimems="4.196" stalltimems="12.534" timestamp="2025-12-12T00:30:59.515" activeThreads="6">
  <mem-info id="1821" free="39836200" total="101646336" percent="39">
    <mem type="nursery" free="20955568" total="36175872" percent="57">
      <mem type="allocate" free="20955568" total="26738688" percent="78" />
      <mem type="survivor" free="0" total="9437184" percent="0" />
    </mem>
    <mem type="tenure" free="18880632" total="65470464" percent="28">
      <mem type="soa" free="15606904" total="62196736" percent="25" />
      <mem type="loa" free="3273728" total="3273728" percent="100" />
    </mem>
    <pending-finalizers system="0" default="435" reference="25" classloader="0" />
    <remembered-set count="991" />
  </mem-info>
</gc-end>
<cycle-end id="1822" type="scavenge" contextid="1816" timestamp="2025-12-12T00:30:59.516" />
<allocation-satisfied id="1823" threadId="00000000014BCB00" bytesRequested="40" />
<af-end id="1824" timestamp="2025-12-12T00:30:59.518" threadId="00000000014BD578" success="true" from="nursery"/>
<exclusive-end id="1825" timestamp="2025-12-12T00:30:59.518" durationms="14.565" />

<exclusive-start id="1826" timestamp="2025-12-12T00:30:59.550" intervalms="46.405">
  <response-info timems="0.387" idlems="0.248" threads="4" lastid="000000000085C800" lastname="Default Executor-thread-4" />
</exclusive-start>
<af-start id="1827" threadId="00000000014BD578" totalBytesRequested="160" timestamp="2025-12-12T00:30:59.551" intervalms="46.578" type="nursery" />
<cycle-start id="1828" type="scavenge" contextid="0" timestamp="2025-12-12T00:30:59.552" intervalms="46.927" />
<gc-start id="1829" type="scavenge" contextid="1828" timestamp="2025-12-12T00:30:59.553">
  <mem-info id="1830" free="18880312" total="101646336" percent="18">
    <mem type="nursery" free="0" total="36175872" percent="0">
      <mem type="allocate" free="0" total="26738688" percent="0" />
      <mem type="survivor" free="0" total="9437184" percent="0" />
    </mem>
    <mem type="tenure" free="18880312" total="65470464" percent="28">
      <mem type="soa" free="15606584" total="62196736" percent="25" />
      <mem type="loa" free="3273728" total="3273728" percent="100" />
    </mem>
    <remembered-set count="1084" />
  </mem-info>
</gc-start>
<allocation-stats totalBytes="20881936" discardedBytes="73952" >
  <allocated-bytes non-tlh="360" tlh="20881576" />
  <largest-consumer threadName="ClassloaderMapProcessingThread-9" threadId="00000000014BCB00" bytes="5426200" />
</allocation-stats>
<gc-op id="1831" type="scavenge" timems="6.829" contextid="1828" timestamp="2025-12-12T00:30:59.561">
  <scavenger-info tenureage="6" tenuremask="7fc0" tiltratio="73" />
  <memory-copied type="nursery" objects="86244" bytes="6585424" bytesdiscarded="281688" />
  <finalization candidates="374" enqueued="350" />
  <ownableSynchronizers candidates="171" cleared="2" />
  <references type="soft" candidates="134" cleared="0" enqueued="0" dynamicThreshold="9" maxThreshold="32" />
  <references type="weak" candidates="239" cleared="5" enqueued="5" />
  <references type="phantom" candidates="123" cleared="0" enqueued="0" />
  <object-monitors candidates="93" cleared="0"  />
</gc-op>
<heap-resize id="1832" type="expand" space="nursery" amount="4063232" count="1" timems="0.100" reason="excessive time being spent scavenging" timestamp="2025-12-12T00:30:59.562" />
<gc-end id="1833" type="scavenge" contextid="1828" durationms="10.171" usertimems="12.356" systemtimems="14.108" stalltimems="14.030" timestamp="2025-12-12T00:30:59.563" activeThreads="6">
  <mem-info id="1834" free="41697736" total="105709568" percent="39">
    <mem type="nursery" free="22817424" total="40239104" percent="56">
      <mem type="allocate" free="22817424" total="29687808" percent="76" />
      <mem type="survivor" free="0" total="10551296" percent="0" />
    </mem>
    <mem type="tenure" free="18880312" total="65470464" percent="28">
      <mem type="soa" free="15606584" total="62196736" percent="25" />
      <mem type="loa" free="3273728" total="3273728" percent="100" />
    </mem>
    <pending-finalizers system="0" default="350" reference="5" classloader="0" />
    <remembered-set count="1018" />
  </mem-info>
</gc-end>
<cycle-end id="1835" type="scavenge" contextid="1828" timestamp="2025-12-12T00:30:59.564" />
<allocation-satisfied id="1836" threadId="00000000014BCB00" bytesRequested="160" />
<af-end id="1837" timestamp="2025-12-12T00:30:59.565" threadId="00000000014BD578" success="true" from="nursery"/>
<exclusive-end id="1838" timestamp="2025-12-12T00:30:59.566" durationms="15.503" />

<exclusive-start id="1839" timestamp="2025-12-12T00:30:59.606" intervalms="55.992">
  <response-info timems="0.176" idlems="0.176" threads="0" lastid="00000000014BCB00" lastname="ClassloaderMapProcessingThread-9" />
</exclusive-start>
<af-start id="1840" threadId="00000000014BD578" totalBytesRequested="56" timestamp="2025-12-12T00:30:59.607" intervalms="56.359" type="nursery" />
<cycle-start id="1841" type="scavenge" contextid="0" timestamp="2025-12-12T00:30:59.608" intervalms="56.293" />
<gc-start id="1842" type="scavenge" contextid="1841" timestamp="2025-12-12T00:30:59.609">
  <mem-info id="1843" free="18880312" total="105709568" percent="17">
    <mem type="nursery" free="0" total="40239104" percent="0">
      <mem type="allocate" free="0" total="29687808" percent="0" />
      <mem type="survivor" free="0" total="10551296" percent="0" />
    </mem>
    <mem type="tenure" free="18880312" total="65470464" percent="28">
      <mem type="soa" free="15606584" total="62196736" percent="25" />
      <mem type="loa" free="3273728" total="3273728" percent="100" />
    </mem>
    <remembered-set count="1077" />
  </mem-info>
</gc-start>
<allocation-stats totalBytes="22761856" discardedBytes="55568" >
  <allocated-bytes non-tlh="55752" tlh="22706104" />
  <largest-consumer threadName="ClassloaderMapProcessingThread-9" threadId="00000000014BCB00" bytes="5332144" />
</allocation-stats>
<gc-op id="1844" type="scavenge" timems="19.852" contextid="1841" timestamp="2025-12-12T00:30:59.631">
  <scavenger-info tenureage="4" tenuremask="7ff0" tiltratio="73" />
  <memory-copied type="nursery" objects="51443" bytes="4602904" bytesdiscarded="311352" />
  <memory-copied type="tenure" objects="40287" bytes="2632744" bytesdiscarded="6288" />
  <finalization candidates="436" enqueued="412" />
  <ownableSynchronizers candidates="169" cleared="0" />
  <references type="soft" candidates="2" cleared="0" enqueued="0" dynamicThreshold="9" maxThreshold="32" />
  <references type="weak" candidates="35" cleared="5" enqueued="5" />
  <references type="phantom" candidates="29" cleared="8" enqueued="8" />
  <object-monitors candidates="93" cleared="0"  />
</gc-op>
<heap-resize id="1845" type="expand" space="nursery" amount="6422528" count="1" timems="0.119" reason="excessive time being spent scavenging" timestamp="2025-12-12T00:30:59.632" />
<gc-end id="1846" type="scavenge" contextid="1841" durationms="23.236" usertimems="50.452" systemtimems="11.729" stalltimems="12.239" timestamp="2025-12-12T00:30:59.632" activeThreads="6">
  <mem-info id="1847" free="47020904" total="112132096" percent="41">
    <mem type="nursery" free="31129136" total="46661632" percent="66">
      <mem type="allocate" free="31129136" total="36044800" percent="86" />
      <mem type="survivor" free="0" total="10616832" percent="0" />
    </mem>
    <mem type="tenure" free="15891768" total="65470464" percent="24">
      <mem type="soa" free="12618040" total="62196736" percent="20" />
      <mem type="loa" free="3273728" total="3273728" percent="100" />
    </mem>
    <pending-finalizers system="0" default="412" reference="13" classloader="0" />
    <remembered-set count="3799" />
  </mem-info>
</gc-end>
<cycle-end id="1848" type="scavenge" contextid="1841" timestamp="2025-12-12T00:30:59.633" />
<allocation-satisfied id="1849" threadId="00000000014BCB00" bytesRequested="56" />
<af-end id="1850" timestamp="2025-12-12T00:30:59.635" threadId="00000000014BD578" success="true" from="nursery"/>
<exclusive-end id="1851" timestamp="2025-12-12T00:30:59.635" durationms="29.239" />

<exclusive-start id="1852" timestamp="2025-12-12T00:30:59.692" intervalms="85.593">
  <response-info timems="0.496" idlems="0.249" threads="4" lastid="000000000085E100" lastname="Default Executor-thread-6" />
</exclusive-start>
<af-start id="1853" threadId="00000000014BD578" totalBytesRequested="40" timestamp="2025-12-12T00:30:59.693" intervalms="85.583" type="nursery" />
<cycle-start id="1854" type="scavenge" contextid="0" timestamp="2025-12-12T00:30:59.694" intervalms="85.437" />
<gc-start id="1855" type="scavenge" contextid="1854" timestamp="2025-12-12T00:30:59.695">
  <mem-info id="1856" free="15891768" total="112132096" percent="14">
    <mem type="nursery" free="0" total="46661632" percent="0">
      <mem type="allocate" free="0" total="36044800" percent="0" />
      <mem type="survivor" free="0" total="10616832" percent="0" />
    </mem>
    <mem type="tenure" free="15891768" total="65470464" percent="24">
      <mem type="soa" free="12618040" total="62196736" percent="20" />
      <mem type="loa" free="3273728" total="3273728" percent="100" />
    </mem>
    <remembered-set count="4048" />
  </mem-info>
</gc-start>
<allocation-stats totalBytes="31021872" discardedBytes="107264" >
  <allocated-bytes non-tlh="187272" tlh="30834600" />
  <largest-consumer threadName="Default Executor-thread-2" threadId="000000000085BC00" bytes="7212312" />
</allocation-stats>
<gc-op id="1857" type="scavenge" timems="5.580" contextid="1854" timestamp="2025-12-12T00:30:59.701">
  <scavenger-info tenureage="6" tenuremask="7fc0" tiltratio="77" />
  <memory-copied type="nursery" objects="62365" bytes="6299392" bytesdiscarded="234616" />
  <finalization candidates="614" enqueued="611" />
  <ownableSynchronizers candidates="35" cleared="0" />
  <references type="soft" candidates="2" cleared="0" enqueued="0" dynamicThreshold="9" maxThreshold="32" />
  <references type="weak" candidates="33" cleared="1" enqueued="1" />
  <references type="phantom" candidates="70" cleared="0" enqueued="0" />
  <object-monitors candidates="94" cleared="0"  />
</gc-op>
<heap-resize id="1858" type="expand" space="nursery" amount="2359296" count="1" timems="0.084" reason="excessive time being spent scavenging" timestamp="2025-12-12T00:30:59.702" />
<gc-end id="1859" type="scavenge" contextid="1854" durationms="8.152" usertimems="16.177" systemtimems="7.489" stalltimems="21.595" timestamp="2025-12-12T00:30:59.703" activeThreads="8">
  <mem-info id="1860" free="48085672" total="114491392" percent="41">
    <mem type="nursery" free="32193904" total="49020928" percent="65">
      <mem type="allocate" free="32193904" total="38731776" percent="83" />
      <mem type="survivor" free="0" total="10289152" percent="0" />
    </mem>
    <mem type="tenure" free="15891768" total="65470464" percent="24">
      <mem type="soa" free="12618040" total="62196736" percent="20" />
      <mem type="loa" free="3273728" total="3273728" percent="100" />
    </mem>
    <pending-finalizers system="0" default="611" reference="1" classloader="0" />
    <remembered-set count="3852" />
  </mem-info>
</gc-end>
<cycle-end id="1861" type="scavenge" contextid="1854" timestamp="2025-12-12T00:30:59.704" />
<allocation-satisfied id="1862" threadId="00000000014BCB00" bytesRequested="40" />
<af-end id="1863" timestamp="2025-12-12T00:30:59.706" threadId="00000000014BD578" success="true" from="nursery"/>
<exclusive-end id="1864" timestamp="2025-12-12T00:30:59.706" durationms="14.506" />

<exclusive-start id="1865" timestamp="2025-12-12T00:30:59.747" intervalms="55.401">
  <response-info timems="0.271" idlems="0.206" threads="1" lastid="000000000085D500" lastname="Default Executor-thread-5" />
</exclusive-start>
<af-start id="1866" threadId="000000000085C678" totalBytesRequested="1712" timestamp="2025-12-12T00:30:59.749" intervalms="56.271" type="nursery" />
<cycle-start id="1867" type="scavenge" contextid="0" timestamp="2025-12-12T00:30:59.751" intervalms="57.793" />
<gc-start id="1868" type="scavenge" contextid="1867" timestamp="2025-12-12T00:30:59.752">
  <mem-info id="1869" free="15891768" total="114491392" percent="13">
    <mem type="nursery" free="0" total="49020928" percent="0">
      <mem type="allocate" free="0" total="38731776" percent="0" />
      <mem type="survivor" free="0" total="10289152" percent="0" />
    </mem>
    <mem type="tenure" free="15891768" total="65470464" percent="24">
      <mem type="soa" free="12618040" total="62196736" percent="20" />
      <mem type="loa" free="3273728" total="3273728" percent="100" />
    </mem>
    <remembered-set count="3967" />
  </mem-info>
</gc-start>
<allocation-stats totalBytes="32136272" discardedBytes="57632" >
  <allocated-bytes non-tlh="231416" tlh="31904856" />
  <largest-consumer threadName="Default Executor-thread-3" threadId="000000000085F900" bytes="8851904" />
</allocation-stats>
<gc-op id="1870" type="scavenge" timems="8.257" contextid="1867" timestamp="2025-12-12T00:30:59.762">
  <scavenger-info tenureage="6" tenuremask="7fc0" tiltratio="79" />
  <memory-copied type="nursery" objects="65020" bytes="7116528" bytesdiscarded="264624" />
  <finalization candidates="604" enqueued="602" />
  <ownableSynchronizers candidates="35" cleared="0" />
  <references type="soft" candidates="2" cleared="0" enqueued="0" dynamicThreshold="9" maxThreshold="32" />
  <references type="weak" candidates="71" cleared="40" enqueued="40" />
  <references type="phantom" candidates="82" cleared="12" enqueued="12" />
  <object-monitors candidates="94" cleared="0"  />
</gc-op>
<heap-resize id="1871" type="expand" space="nursery" amount="4456448" count="1" timems="0.076" reason="excessive time being spent scavenging" timestamp="2025-12-12T00:30:59.764" />
<gc-end id="1872" type="scavenge" contextid="1867" durationms="12.620" usertimems="33.876" systemtimems="1.007" stalltimems="24.499" timestamp="2025-12-12T00:30:59.765" activeThreads="7">
  <mem-info id="1873" free="51238016" total="118947840" percent="43">
    <mem type="nursery" free="35346248" total="53477376" percent="66">
      <mem type="allocate" free="35346248" total="42729472" percent="82" />
      <mem type="survivor" free="0" total="10747904" percent="0" />
    </mem>
    <mem type="tenure" free="15891768" total="65470464" percent="24">
      <mem type="soa" free="12618040" total="62196736" percent="20" />
      <mem type="loa" free="3273728" total="3273728" percent="100" />
    </mem>
    <pending-finalizers system="0" default="602" reference="52" classloader="0" />
    <remembered-set count="3863" />
  </mem-info>
</gc-end>
<cycle-end id="1874" type="scavenge" contextid="1867" timestamp="2025-12-12T00:30:59.766" />
<allocation-satisfied id="1875" threadId="000000000085BC00" bytesRequested="1712" />
<af-end id="1876" timestamp="2025-12-12T00:30:59.767" threadId="000000000085C678" success="true" from="nursery"/>
<exclusive-end id="1877" timestamp="2025-12-12T00:30:59.767" durationms="19.796" />

<exclusive-start id="1878" timestamp="2025-12-12T00:30:59.818" intervalms="71.131">
  <response-info timems="0.287" idlems="0.287" threads="0" lastid="000000000085C800" lastname="Default Executor-thread-4" />
</exclusive-start>
<af-start id="1879" threadId="000000000085D278" totalBytesRequested="2152" timestamp="2025-12-12T00:30:59.819" intervalms="70.351" type="nursery" />
<cycle-start id="1880" type="scavenge" contextid="0" timestamp="2025-12-12T00:30:59.821" intervalms="69.247" />
<gc-start id="1881" type="scavenge" contextid="1880" timestamp="2025-12-12T00:30:59.822">
  <mem-info id="1882" free="15891768" total="118947840" percent="13">
    <mem type="nursery" free="0" total="53477376" percent="0">
      <mem type="allocate" free="0" total="42729472" percent="0" />
      <mem type="survivor" free="0" total="10747904" percent="0" />
    </mem>
    <mem type="tenure" free="15891768" total="65470464" percent="24">
      <mem type="soa" free="12618040" total="62196736" percent="20" />
      <mem type="loa" free="3273728" total="3273728" percent="100" />
    </mem>
    <remembered-set count="4195" />
  </mem-info>
</gc-start>
<allocation-stats totalBytes="35242056" discardedBytes="104192" >
  <allocated-bytes non-tlh="122536" tlh="35119520" />
  <largest-consumer threadName="Default Executor-thread-3" threadId="000000000085F900" bytes="11280520" />
</allocation-stats>
<gc-op id="1883" type="scavenge" timems="7.895" contextid="1880" timestamp="2025-12-12T00:30:59.831">
  <scavenger-info tenureage="6" tenuremask="7fc0" tiltratio="79" />
  <memory-copied type="nursery" objects="75502" bytes="8938824" bytesdiscarded="277256" />
  <memory-copied type="tenure" objects="6622" bytes="305448" bytesdiscarded="168" />
  <finalization candidates="1060" enqueued="1057" />
  <ownableSynchronizers candidates="35" cleared="0" />
  <references type="soft" candidates="2" cleared="0" enqueued="0" dynamicThreshold="9" maxThreshold="32" />
  <references type="weak" candidates="40" cleared="15" enqueued="15" />
  <references type="phantom" candidates="117" cleared="0" enqueued="0" />
  <object-monitors candidates="95" cleared="0"  />
</gc-op>
<heap-resize id="1884" type="expand" space="nursery" amount="3932160" count="1" timems="0.070" reason="excessive time being spent scavenging" timestamp="2025-12-12T00:30:59.832" />
<gc-end id="1885" type="scavenge" contextid="1880" durationms="10.579" usertimems="28.257" systemtimems="4.842" stalltimems="14.464" timestamp="2025-12-12T00:30:59.833" activeThreads="6">
  <mem-info id="1886" free="50018232" total="122880000" percent="40">
    <mem type="nursery" free="34623360" total="57409536" percent="60">
      <mem type="allocate" free="34623360" total="43843584" percent="78" />
      <mem type="survivor" free="0" total="13565952" percent="0" />
    </mem>
    <mem type="tenure" free="15394872" total="65470464" percent="23">
      <mem type="soa" free="12121144" total="62196736" percent="19" />
      <mem type="loa" free="3273728" total="3273728" percent="100" />
    </mem>
    <pending-finalizers system="0" default="1057" reference="15" classloader="0" />
    <remembered-set count="4273" />
  </mem-info>
</gc-end>
<cycle-end id="1887" type="scavenge" contextid="1880" timestamp="2025-12-12T00:30:59.834" />
<allocation-satisfied id="1888" threadId="000000000085C800" bytesRequested="2152" />
<af-end id="1889" timestamp="2025-12-12T00:30:59.836" threadId="000000000085D278" success="true" from="nursery"/>
<exclusive-end id="1890" timestamp="2025-12-12T00:30:59.836" durationms="17.889" />

<exclusive-start id="1891" timestamp="2025-12-12T00:30:59.913" intervalms="94.377">
  <response-info timems="0.132" idlems="0.132" threads="0" lastid="00000000011D8100" lastname="zip file reaper" />
</exclusive-start>
<af-start id="1892" threadId="00000000011D8B78" totalBytesRequested="24" timestamp="2025-12-12T00:30:59.914" intervalms="94.145" type="nursery" />
<cycle-start id="1893" type="scavenge" contextid="0" timestamp="2025-12-12T00:30:59.914" intervalms="93.657" />
<gc-start id="1894" type="scavenge" contextid="1893" timestamp="2025-12-12T00:30:59.915">
  <mem-info id="1895" free="15376640" total="122880000" percent="12">
    <mem type="nursery" free="0" total="57409536" percent="0">
      <mem type="allocate" free="0" total="43843584" percent="0" />
      <mem type="survivor" free="0" total="13565952" percent="0" />
    </mem>
    <mem type="tenure" free="15376640" total="65470464" percent="23">
      <mem type="soa" free="12102912" total="62196736" percent="19" />
      <mem type="loa" free="3273728" total="3273728" percent="100" />
    </mem>
    <remembered-set count="5061" />
  </mem-info>
</gc-start>
<allocation-stats totalBytes="34472128" discardedBytes="169464" >
  <allocated-bytes non-tlh="129016" tlh="34343112" />
  <largest-consumer threadName="Default Executor-thread-3" threadId="000000000085F900" bytes="15236104" />
</allocation-stats>
<gc-op id="1896" type="scavenge" timems="12.981" contextid="1893" timestamp="2025-12-12T00:30:59.929">
  <scavenger-info tenureage="5" tenuremask="7fe0" tiltratio="76" />
  <memory-copied type="nursery" objects="60799" bytes="9286656" bytesdiscarded="153912" />
  <memory-copied type="tenure" objects="12053" bytes="781104" bytesdiscarded="352" />
  <finalization candidates="1164" enqueued="1164" />
  <ownableSynchronizers candidates="9" cleared="5" />
  <references type="soft" candidates="4" cleared="0" enqueued="0" dynamicThreshold="9" maxThreshold="32" />
  <references type="weak" candidates="139" cleared="111" enqueued="111" />
  <references type="phantom" candidates="130" cleared="4" enqueued="4" />
  <object-monitors candidates="95" cleared="0"  />
</gc-op>
<heap-resize id="1897" type="expand" space="nursery" amount="4194304" count="1" timems="0.127" reason="excessive time being spent scavenging" timestamp="2025-12-12T00:30:59.931" />
<gc-end id="1898" type="scavenge" contextid="1893" durationms="16.349" usertimems="43.578" systemtimems="9.450" stalltimems="15.760" timestamp="2025-12-12T00:30:59.931" activeThreads="6">
  <mem-info id="1899" free="53222936" total="127074304" percent="41">
    <mem type="nursery" free="39120408" total="61603840" percent="63">
      <mem type="allocate" free="39120408" total="48562176" percent="80" />
      <mem type="survivor" free="0" total="13041664" percent="0" />
    </mem>
    <mem type="tenure" free="14102528" total="65470464" percent="21">
      <mem type="soa" free="10828800" total="62196736" percent="17" />
      <mem type="loa" free="3273728" total="3273728" percent="100" />
    </mem>
    <pending-finalizers system="10" default="1154" reference="115" classloader="0" />
    <remembered-set count="4310" />
  </mem-info>
</gc-end>
<cycle-end id="1900" type="scavenge" contextid="1893" timestamp="2025-12-12T00:30:59.933" />
<allocation-satisfied id="1901" threadId="00000000011D8100" bytesRequested="24" />
<af-end id="1902" timestamp="2025-12-12T00:30:59.935" threadId="00000000011D8B78" success="true" from="nursery"/>
<exclusive-end id="1903" timestamp="2025-12-12T00:30:59.935" durationms="22.738" />

<exclusive-start id="1904" timestamp="2025-12-12T00:31:00.045" intervalms="132.795">
  <response-info timems="0.533" idlems="0.310" threads="1" lastid="000000000085E100" lastname="Default Executor-thread-6" />
</exclusive-start>
<af-start id="1905" threadId="0000000000860378" totalBytesRequested="40" timestamp="2025-12-12T00:31:00.047" intervalms="133.376" type="nursery" />
<cycle-start id="1906" type="scavenge" contextid="0" timestamp="2025-12-12T00:31:00.048" intervalms="133.407" />
<gc-start id="1907" type="scavenge" contextid="1906" timestamp="2025-12-12T00:31:00.049">
  <mem-info id="1908" free="14078520" total="127074304" percent="11">
    <mem type="nursery" free="0" total="61603840" percent="0">
      <mem type="allocate" free="0" total="48562176" percent="0" />
      <mem type="survivor" free="0" total="13041664" percent="0" />
    </mem>
    <mem type="tenure" free="14078520" total="65470464" percent="21">
      <mem type="soa" free="10804792" total="62196736" percent="17" />
      <mem type="loa" free="3273728" total="3273728" percent="100" />
    </mem>
    <remembered-set count="5362" />
  </mem-info>
</gc-start>
<allocation-stats totalBytes="39124752" discardedBytes="19664" >
  <allocated-bytes non-tlh="24032" tlh="39100720" />
  <largest-consumer threadName="Default Executor-thread-2" threadId="000000000085BC00" bytes="14665992" />
</allocation-stats>
<gc-op id="1909" type="scavenge" timems="8.018" contextid="1906" timestamp="2025-12-12T00:31:00.058">
  <scavenger-info tenureage="6" tenuremask="7fc0" tiltratio="78" />
  <memory-copied type="nursery" objects="124238" bytes="9392400" bytesdiscarded="198512" />
  <finalization candidates="178" enqueued="178" />
  <ownableSynchronizers candidates="56" cleared="39" />
  <references type="soft" candidates="37" cleared="0" enqueued="0" dynamicThreshold="9" maxThreshold="32" />
  <references type="weak" candidates="329" cleared="218" enqueued="218" />
  <references type="phantom" candidates="163" cleared="22" enqueued="22" />
  <object-monitors candidates="95" cleared="0"  />
</gc-op>
<gc-end id="1910" type="scavenge" contextid="1906" durationms="10.148" usertimems="40.649" systemtimems="0.000" stalltimems="15.619" timestamp="2025-12-12T00:31:00.059" activeThreads="7">
  <mem-info id="1911" free="54227840" total="127074304" percent="42">
    <mem type="nursery" free="40149320" total="61603840" percent="65">
      <mem type="allocate" free="40149320" total="49741824" percent="80" />
      <mem type="survivor" free="0" total="11862016" percent="0" />
    </mem>
    <mem type="tenure" free="14078520" total="65470464" percent="21">
      <mem type="soa" free="10804792" total="62196736" percent="17" />
      <mem type="loa" free="3273728" total="3273728" percent="100" />
    </mem>
    <pending-finalizers system="41" default="137" reference="240" classloader="0" />
    <remembered-set count="5088" />
  </mem-info>
</gc-end>
<cycle-end id="1912" type="scavenge" contextid="1906" timestamp="2025-12-12T00:31:00.061" />
<allocation-satisfied id="1913" threadId="000000000085F900" bytesRequested="40" />
<af-end id="1914" timestamp="2025-12-12T00:31:00.063" threadId="0000000000860378" success="true" from="nursery"/>
<exclusive-end id="1915" timestamp="2025-12-12T00:31:00.064" durationms="18.769" />

<exclusive-start id="1916" timestamp="2025-12-12T00:31:00.130" intervalms="84.680">
  <response-info timems="0.113" idlems="0.076" threads="2" lastid="000000000085BC00" lastname="Default Executor-thread-2" />
</exclusive-start>
<af-start id="1917" threadId="0000000000860378" totalBytesRequested="928" timestamp="2025-12-12T00:31:00.131" intervalms="84.077" type="nursery" />
<cycle-start id="1918" type="scavenge" contextid="0" timestamp="2025-12-12T00:31:00.132" intervalms="84.368" />
<gc-start id="1919" type="scavenge" contextid="1918" timestamp="2025-12-12T00:31:00.134">
  <mem-info id="1920" free="14073816" total="127074304" percent="11">
    <mem type="nursery" free="0" total="61603840" percent="0">
      <mem type="allocate" free="0" total="49741824" percent="0" />
      <mem type="survivor" free="0" total="11862016" percent="0" />
    </mem>
    <mem type="tenure" free="14073816" total="65470464" percent="21">
      <mem type="soa" free="10800088" total="62196736" percent="17" />
      <mem type="loa" free="3273728" total="3273728" percent="100" />
    </mem>
    <remembered-set count="5630" />
  </mem-info>
</gc-start>
<allocation-stats totalBytes="40097656" discardedBytes="56368" >
  <allocated-bytes non-tlh="12944" tlh="40084712" />
  <largest-consumer threadName="Default Executor-thread-3" threadId="000000000085F900" bytes="12236936" />
</allocation-stats>
<gc-op id="1921" type="scavenge" timems="8.875" contextid="1918" timestamp="2025-12-12T00:31:00.144">
  <scavenger-info tenureage="6" tenuremask="7fc0" tiltratio="80" />
  <memory-copied type="nursery" objects="151684" bytes="11822288" bytesdiscarded="37600" />
  <memory-copied type="tenure" objects="6516" bytes="1625904" bytesdiscarded="5728" />
  <copy-failed type="nursery" objects="1619" bytes="1399968" />
  <finalization candidates="913" enqueued="912" />
  <ownableSynchronizers candidates="56" cleared="7" />
  <references type="soft" candidates="81" cleared="0" enqueued="0" dynamicThreshold="9" maxThreshold="32" />
  <references type="weak" candidates="166" cleared="44" enqueued="41" />
  <references type="phantom" candidates="178" cleared="20" enqueued="20" />
  <object-monitors candidates="95" cleared="0"  />
</gc-op>
<heap-resize id="1922" type="expand" space="nursery" amount="5111808" count="1" timems="0.055" reason="excessive time being spent scavenging" timestamp="2025-12-12T00:31:00.145" />
<gc-end id="1923" type="scavenge" contextid="1918" durationms="11.574" usertimems="35.100" systemtimems="9.540" stalltimems="16.794" timestamp="2025-12-12T00:31:00.146" activeThreads="7">
  <mem-info id="1924" free="44265648" total="132186112" percent="33">
    <mem type="nursery" free="31916032" total="66715648" percent="47">
      <mem type="allocate" free="31916032" total="43778048" percent="72" />
      <mem type="survivor" free="0" total="22937600" percent="0" />
    </mem>
    <mem type="tenure" free="12349616" total="65470464" percent="18">
      <mem type="soa" free="9075888" total="62196736" percent="14" />
      <mem type="loa" free="3273728" total="3273728" percent="100" />
    </mem>
    <pending-finalizers system="23" default="889" reference="61" classloader="0" />
    <remembered-set count="4877" />
  </mem-info>
</gc-end>
<cycle-end id="1925" type="scavenge" contextid="1918" timestamp="2025-12-12T00:31:00.147" />
<allocation-satisfied id="1926" threadId="000000000085F900" bytesRequested="928" />
<af-end id="1927" timestamp="2025-12-12T00:31:00.148" threadId="0000000000860378" success="true" from="nursery"/>
<exclusive-end id="1928" timestamp="2025-12-12T00:31:00.149" durationms="18.423" />

<exclusive-start id="1929" timestamp="2025-12-12T00:31:00.193" intervalms="62.510">
  <response-info timems="0.429" idlems="0.256" threads="1" lastid="000000000085BC00" lastname="Default Executor-thread-2" />
</exclusive-start>
<af-start id="1930" threadId="0000000000860378" totalBytesRequested="3880" timestamp="2025-12-12T00:31:00.194" intervalms="62.502" type="nursery" />
<cycle-start id="1931" type="scavenge" contextid="0" timestamp="2025-12-12T00:31:00.195" intervalms="62.667" />
<gc-start id="1932" type="scavenge" contextid="1931" timestamp="2025-12-12T00:31:00.196">
  <mem-info id="1933" free="12349616" total="132186112" percent="9">
    <mem type="nursery" free="0" total="66715648" percent="0">
      <mem type="allocate" free="0" total="43778048" percent="0" />
      <mem type="survivor" free="0" total="22937600" percent="0" />
    </mem>
    <mem type="tenure" free="12349616" total="65470464" percent="18">
      <mem type="soa" free="9075888" total="62196736" percent="14" />
      <mem type="loa" free="3273728" total="3273728" percent="100" />
    </mem>
    <remembered-set count="4995" />
  </mem-info>
</gc-start>
<allocation-stats totalBytes="31801840" discardedBytes="114192" >
  <allocated-bytes non-tlh="201056" tlh="31600784" />
  <largest-consumer threadName="Default Executor-thread-3" threadId="000000000085F900" bytes="9437888" />
</allocation-stats>
<gc-op id="1934" type="scavenge" timems="9.608" contextid="1931" timestamp="2025-12-12T00:31:00.207">
  <scavenger-info tenureage="6" tenuremask="7fc0" tiltratio="65" />
  <memory-copied type="nursery" objects="149205" bytes="12552296" bytesdiscarded="443176" />
  <memory-copied type="tenure" objects="5676" bytes="857184" bytesdiscarded="1016" />
  <finalization candidates="585" enqueued="584" />
  <ownableSynchronizers candidates="53" cleared="3" />
  <references type="soft" candidates="81" cleared="0" enqueued="0" dynamicThreshold="9" maxThreshold="32" />
  <references type="weak" candidates="141" cleared="19" enqueued="19" />
  <references type="phantom" candidates="113" cleared="0" enqueued="0" />
  <object-monitors candidates="95" cleared="0"  />
</gc-op>
<heap-resize id="1935" type="expand" space="nursery" amount="6029312" count="1" timems="0.078" reason="excessive time being spent scavenging" timestamp="2025-12-12T00:31:00.208" />
<gc-end id="1936" type="scavenge" contextid="1931" durationms="12.470" usertimems="47.380" systemtimems="0.250" stalltimems="20.699" timestamp="2025-12-12T00:31:00.208" activeThreads="7">
  <mem-info id="1937" free="49043160" total="138215424" percent="35">
    <mem type="nursery" free="37661752" total="72744960" percent="51">
      <mem type="allocate" free="37661752" total="50659328" percent="74" />
      <mem type="survivor" free="0" total="22085632" percent="0" />
    </mem>
    <mem type="tenure" free="11381408" total="65470464" percent="17">
      <mem type="soa" free="8107680" total="62196736" percent="13" />
      <mem type="loa" free="3273728" total="3273728" percent="100" />
    </mem>
    <pending-finalizers system="0" default="584" reference="19" classloader="0" />
    <remembered-set count="4839" />
  </mem-info>
</gc-end>
<cycle-end id="1938" type="scavenge" contextid="1931" timestamp="2025-12-12T00:31:00.209" />
<allocation-satisfied id="1939" threadId="000000000085F900" bytesRequested="3880" />
<af-end id="1940" timestamp="2025-12-12T00:31:00.211" threadId="0000000000860378" success="true" from="nursery"/>
<exclusive-end id="1941" timestamp="2025-12-12T00:31:00.211" durationms="18.335" />

<exclusive-start id="1942" timestamp="2025-12-12T00:31:00.259" intervalms="65.764">
  <response-info timems="0.152" idlems="0.113" threads="1" lastid="000000000085BC00" lastname="Default Executor-thread-2" />
</exclusive-start>
<af-start id="1943" threadId="000000000085D278" totalBytesRequested="4104" timestamp="2025-12-12T00:31:00.259" intervalms="65.710" type="nursery" />
<cycle-start id="1944" type="scavenge" contextid="0" timestamp="2025-12-12T00:31:00.260" intervalms="65.137" />
<gc-start id="1945" type="scavenge" contextid="1944" timestamp="2025-12-12T00:31:00.263">
  <mem-info id="1946" free="11377432" total="138215424" percent="8">
    <mem type="nursery" free="0" total="72744960" percent="0">
      <mem type="allocate" free="0" total="50659328" percent="0" />
      <mem type="survivor" free="0" total="22085632" percent="0" />
    </mem>
    <mem type="tenure" free="11377432" total="65470464" percent="17">
      <mem type="soa" free="8103704" total="62196736" percent="13" />
      <mem type="loa" free="3273728" total="3273728" percent="100" />
    </mem>
    <remembered-set count="5010" />
  </mem-info>
</gc-start>
<allocation-stats totalBytes="37592024" discardedBytes="73704" >
  <allocated-bytes non-tlh="16056" tlh="37575968" />
  <largest-consumer threadName="Default Executor-thread-3" threadId="000000000085F900" bytes="12438776" />
</allocation-stats>
<gc-op id="1947" type="scavenge" timems="21.398" contextid="1944" timestamp="2025-12-12T00:31:00.286">
  <scavenger-info tenureage="3" tenuremask="7fd8" tiltratio="69" />
  <memory-copied type="nursery" objects="75873" bytes="9985280" bytesdiscarded="242456" />
  <memory-copied type="tenure" objects="85102" bytes="5235888" bytesdiscarded="2576" />
  <finalization candidates="1032" enqueued="1032" />
  <ownableSynchronizers candidates="53" cleared="2" />
  <references type="soft" candidates="79" cleared="0" enqueued="0" dynamicThreshold="9" maxThreshold="32" />
  <references type="weak" candidates="85" cleared="63" enqueued="60" />
  <references type="phantom" candidates="66" cleared="0" enqueued="0" />
  <object-monitors candidates="95" cleared="0"  />
</gc-op>
<heap-resize id="1948" type="expand" space="nursery" amount="11534336" count="1" timems="0.080" reason="excessive time being spent scavenging" timestamp="2025-12-12T00:31:00.287" />
<gc-end id="1949" type="scavenge" contextid="1944" durationms="24.486" usertimems="56.737" systemtimems="31.982" stalltimems="24.114" timestamp="2025-12-12T00:31:00.288" activeThreads="7">
  <mem-info id="1950" free="57948680" total="149749760" percent="38">
    <mem type="nursery" free="51701824" total="84279296" percent="61">
      <mem type="allocate" free="51701824" total="61931520" percent="83" />
      <mem type="survivor" free="0" total="22347776" percent="0" />
    </mem>
    <mem type="tenure" free="6246856" total="65470464" percent="9">
      <mem type="soa" free="2973128" total="62196736" percent="4" />
      <mem type="loa" free="3273728" total="3273728" percent="100" />
    </mem>
    <pending-finalizers system="0" default="1032" reference="60" classloader="0" />
    <remembered-set count="5726" />
  </mem-info>
</gc-end>
<cycle-end id="1951" type="scavenge" contextid="1944" timestamp="2025-12-12T00:31:00.289" />
<allocation-satisfied id="1952" threadId="000000000085C800" bytesRequested="4104" />
<af-end id="1953" timestamp="2025-12-12T00:31:00.290" threadId="000000000085D278" success="true" from="nursery"/>
<exclusive-end id="1954" timestamp="2025-12-12T00:31:00.290" durationms="31.880" />

<concurrent-kickoff id="1955" timestamp="2025-12-12T00:31:00.378">
  <kickoff reason="threshold reached" targetBytes="33066404" thresholdFreeBytes="4550933"  remainingFree="4487232" tenureFreeBytes="6243104" nurseryFreeBytes="4487232" />
</concurrent-kickoff>
<exclusive-start id="1956" timestamp="2025-12-12T00:31:00.380" intervalms="121.171">
  <response-info timems="0.114" idlems="0.114" threads="0" lastid="000000000085BC00" lastname="Default Executor-thread-2" />
</exclusive-start>
<cycle-start id="1957" type="global" contextid="0" timestamp="2025-12-12T00:31:00.380" intervalms="1040.993" />
<concurrent-start id="1958" type="global mark" contextid="1957" timestamp="2025-12-12T00:31:00.381">
</concurrent-start>
<exclusive-end id="1959" timestamp="2025-12-12T00:31:00.381" durationms="1.854" />

<exclusive-start id="1960" timestamp="2025-12-12T00:31:00.437" intervalms="56.893">
  <response-info timems="0.168" idlems="0.168" threads="0" lastid="000000000085BC00" lastname="Default Executor-thread-2" />
</exclusive-start>
<af-start id="1961" threadId="000000000085C678" totalBytesRequested="5104" timestamp="2025-12-12T00:31:00.438" intervalms="178.386" type="nursery" />
<cycle-start id="1962" type="scavenge" contextid="0" timestamp="2025-12-12T00:31:00.439" intervalms="178.627" />
<gc-start id="1963" type="scavenge" contextid="1962" timestamp="2025-12-12T00:31:00.440">
  <mem-info id="1964" free="6242896" total="149749760" percent="4">
    <mem type="nursery" free="0" total="84279296" percent="0">
      <mem type="allocate" free="0" total="61931520" percent="0" />
      <mem type="survivor" free="0" total="22347776" percent="0" />
    </mem>
    <mem type="tenure" free="6242896" total="65470464" percent="9">
      <mem type="soa" free="2969168" total="62196736" percent="4" />
      <mem type="loa" free="3273728" total="3273728" percent="100" />
    </mem>
    <remembered-set count="6025" />
  </mem-info>
</gc-start>
<allocation-stats totalBytes="51628768" discardedBytes="77016" >
  <allocated-bytes non-tlh="8064" tlh="51620704" />
  <largest-consumer threadName="Default Executor-thread-2" threadId="000000000085BC00" bytes="16178656" />
</allocation-stats>
<gc-op id="1965" type="scavenge" timems="17.461" contextid="1962" timestamp="2025-12-12T00:31:00.459">
  <scavenger-info tenureage="6" tenuremask="7fc0" tiltratio="73" />
  <memory-copied type="nursery" objects="84715" bytes="10233960" bytesdiscarded="430704" />
  <memory-copied type="tenure" objects="11771" bytes="1264072" bytesdiscarded="1072" />
  <finalization candidates="1628" enqueued="1607" />
  <ownableSynchronizers candidates="39" cleared="0" />
  <references type="soft" candidates="81" cleared="0" enqueued="0" dynamicThreshold="9" maxThreshold="32" />
  <references type="weak" candidates="137" cleared="104" enqueued="103" />
  <references type="phantom" candidates="72" cleared="37" enqueued="37" />
  <object-monitors candidates="95" cleared="0"  />
</gc-op>
<heap-resize id="1966" type="expand" space="nursery" amount="4456448" count="1" timems="0.282" reason="excessive time being spent scavenging" timestamp="2025-12-12T00:31:00.460" />
<gc-end id="1967" type="scavenge" contextid="1962" durationms="22.638" usertimems="43.517" systemtimems="20.979" stalltimems="101.994" timestamp="2025-12-12T00:31:00.463" activeThreads="9">
  <mem-info id="1968" free="63632712" total="154206208" percent="41">
    <mem type="nursery" free="59062016" total="88735744" percent="66">
      <mem type="allocate" free="59062016" total="69730304" percent="84" />
      <mem type="survivor" free="0" total="19005440" percent="0" />
    </mem>
    <mem type="tenure" free="4570696" total="65470464" percent="6">
      <mem type="soa" free="1296968" total="62196736" percent="2" />
      <mem type="loa" free="3273728" total="3273728" percent="100" />
    </mem>
    <pending-finalizers system="0" default="1607" reference="140" classloader="0" />
    <remembered-set count="2156" />
  </mem-info>
</gc-end>
<cycle-end id="1969" type="scavenge" contextid="1962" timestamp="2025-12-12T00:31:00.466" />
<allocation-satisfied id="1970" threadId="000000000085BC00" bytesRequested="5104" />
<af-end id="1971" timestamp="2025-12-12T00:31:00.469" threadId="000000000085C678" success="true" from="nursery"/>
<exclusive-end id="1972" timestamp="2025-12-12T00:31:00.469" durationms="32.724" />

<concurrent-end id="1973" type="global mark" contextid="1957" timestamp="2025-12-12T00:31:00.478">
<gc-op id="1974" type="trace" timems="97.680" contextid="1957" timestamp="2025-12-12T00:31:00.478">
  <trace bytesTraced="37322844" workStackOverflowCount="0" />
  <card-cleaning reason="card cleaning threshold reached" bytesTraced="342032" cardsCleaned="535" />
</gc-op>
</concurrent-end>

<exclusive-start id="1975" timestamp="2025-12-12T00:31:00.480" intervalms="43.870">
  <response-info timems="0.086" idlems="0.086" threads="0" lastid="000000000085D500" lastname="Default Executor-thread-5" />
</exclusive-start>
<concurrent-global-final id="1976" timestamp="2025-12-12T00:31:00.481" contextid="1957" intervalms="1083.357" >
  <concurrent-trace-info reason="card cleaning threshold reached" tracedByMutators="26447164" tracedByHelpers="11217712" cardsCleaned="535" workStackOverflowCount="0" />
</concurrent-global-final>
<gc-start id="1977" type="global" contextid="1957" timestamp="2025-12-12T00:31:00.483">
  <mem-info id="1978" free="59416920" total="154206208" percent="38">
    <mem type="nursery" free="54846224" total="88735744" percent="61">
      <mem type="allocate" free="54846224" total="69730304" percent="78" />
      <mem type="survivor" free="0" total="19005440" percent="0" />
    </mem>
    <mem type="tenure" free="4570696" total="65470464" percent="6">
      <mem type="soa" free="1296968" total="62196736" percent="2" />
      <mem type="loa" free="3273728" total="3273728" percent="100" />
    </mem>
    <remembered-set count="2173" />
  </mem-info>
</gc-start>
<allocation-stats totalBytes="4161888" discardedBytes="53904" >
  <allocated-bytes non-tlh="5104" tlh="4156784" />
  <largest-consumer threadName="Default Executor-thread-2" threadId="000000000085BC00" bytes="1594440" />
</allocation-stats>
<gc-op id="1979" type="rs-scan" timems="6.961" contextid="1957" timestamp="2025-12-12T00:31:00.491">
  <scan objectsFound="58398" bytesTraced="2519504" workStackOverflowCount="0" />
</gc-op>
<gc-op id="1980" type="card-cleaning" timems="2.305" contextid="1957" timestamp="2025-12-12T00:31:00.494">
  <card-cleaning cardsCleaned="9" bytesTraced="7740" workStackOverflowCount="0" />
</gc-op>
<gc-op id="1981" type="mark" timems="27.999" contextid="1957" timestamp="2025-12-12T00:31:00.523">
  <trace-info objectcount="9549" scancount="7903" scanbytes="341544" />
  <finalization candidates="943" enqueued="126" />
  <ownableSynchronizers candidates="8660" cleared="35" />
  <references type="soft" candidates="12302" cleared="5" enqueued="4" dynamicThreshold="9" maxThreshold="32" />
  <references type="weak" candidates="14990" cleared="5" enqueued="5" />
  <references type="phantom" candidates="401" cleared="3" enqueued="3" />
  <stringconstants candidates="38620" cleared="18"  />
  <object-monitors candidates="95" cleared="0"  />
</gc-op>
<gc-op id="1982" type="classunload" timems="0.099" contextid="1957" timestamp="2025-12-12T00:31:00.524">
  <classunload-info classloadercandidates="418" classloadersunloaded="0" classesunloaded="0" anonymousclassesunloaded="0" quiescems="0.000" setupms="0.099" scanms="0.000" postms="0.000" />
</gc-op>
<gc-op id="1983" type="sweep" timems="4.216" contextid="1957" timestamp="2025-12-12T00:31:00.529" />
<heap-resize id="1984" type="expand" space="tenure" amount="13762560" count="1" timems="2.744" reason="insufficient free space following gc" timestamp="2025-12-12T00:31:00.533" />
<gc-end id="1985" type="global" contextid="1957" durationms="51.259" usertimems="72.187" systemtimems="74.559" stalltimems="497.608" timestamp="2025-12-12T00:31:00.534" activeThreads="20">
  <mem-info id="1986" free="88508192" total="167968768" percent="52">
    <mem type="nursery" free="64703600" total="88735744" percent="72">
      <mem type="allocate" free="64703600" total="69730304" percent="92" />
      <mem type="survivor" free="0" total="19005440" percent="0" />
    </mem>
    <mem type="tenure" free="23804592" total="79233024" percent="30" micro-fragmented="1714537" macro-fragmented="0">
      <mem type="soa" free="19842736" total="75271168" percent="26" />
      <mem type="loa" free="3961856" total="3961856" percent="100" />
    </mem>
    <pending-finalizers system="0" default="126" reference="12" classloader="0" />
    <remembered-set count="1886" />
  </mem-info>
</gc-end>
<cycle-end id="1987" type="global" contextid="1957" timestamp="2025-12-12T00:31:00.535" />
<exclusive-end id="1988" timestamp="2025-12-12T00:31:00.535" durationms="55.009" />

<exclusive-start id="1989" timestamp="2025-12-12T00:31:00.654" intervalms="173.401">
  <response-info timems="0.128" idlems="0.124" threads="1" lastid="000000000085D500" lastname="Default Executor-thread-5" />
</exclusive-start>
<af-start id="1990" threadId="000000000085C678" totalBytesRequested="8200" timestamp="2025-12-12T00:31:00.655" intervalms="217.156" type="nursery" />
<cycle-start id="1991" type="scavenge" contextid="0" timestamp="2025-12-12T00:31:00.656" intervalms="217.071" />
<gc-start id="1992" type="scavenge" contextid="1991" timestamp="2025-12-12T00:31:00.657">
  <mem-info id="1993" free="23803440" total="167968768" percent="14">
    <mem type="nursery" free="0" total="88735744" percent="0">
      <mem type="allocate" free="0" total="69730304" percent="0" />
      <mem type="survivor" free="0" total="19005440" percent="0" />
    </mem>
    <mem type="tenure" free="23803440" total="79233024" percent="30">
      <mem type="soa" free="19841584" total="75271168" percent="26" />
      <mem type="loa" free="3961856" total="3961856" percent="100" />
    </mem>
    <remembered-set count="2329" />
  </mem-info>
</gc-start>
<allocation-stats totalBytes="64626000" discardedBytes="64344" >
  <allocated-bytes non-tlh="1599480" tlh="63026520" />
  <largest-consumer threadName="Default Executor-thread-3" threadId="000000000085F900" bytes="22382960" />
</allocation-stats>
<gc-op id="1994" type="scavenge" timems="15.429" contextid="1991" timestamp="2025-12-12T00:31:00.675">
  <scavenger-info tenureage="6" tenuremask="7fc0" tiltratio="78" />
  <memory-copied type="nursery" objects="144249" bytes="11853256" bytesdiscarded="224864" />
  <finalization candidates="1229" enqueued="1182" />
  <ownableSynchronizers candidates="17241" cleared="17201" />
  <references type="soft" candidates="81" cleared="0" enqueued="0" dynamicThreshold="9" maxThreshold="32" />
  <references type="weak" candidates="127" cleared="85" enqueued="85" />
  <references type="phantom" candidates="153" cleared="52" enqueued="52" />
  <object-monitors candidates="95" cleared="0"  />
</gc-op>
<heap-resize id="1995" type="expand" space="nursery" amount="3276800" count="1" timems="0.057" reason="excessive time being spent scavenging" timestamp="2025-12-12T00:31:00.675" />
<gc-end id="1996" type="scavenge" contextid="1991" durationms="19.028" usertimems="58.483" systemtimems="24.230" stalltimems="26.964" timestamp="2025-12-12T00:31:00.676" activeThreads="8">
  <mem-info id="1997" free="85306656" total="171245568" percent="49">
    <mem type="nursery" free="61503216" total="92012544" percent="66">
      <mem type="allocate" free="61503216" total="73596928" percent="83" />
      <mem type="survivor" free="0" total="18415616" percent="0" />
    </mem>
    <mem type="tenure" free="23803440" total="79233024" percent="30">
      <mem type="soa" free="19841584" total="75271168" percent="26" />
      <mem type="loa" free="3961856" total="3961856" percent="100" />
    </mem>
    <pending-finalizers system="0" default="1182" reference="137" classloader="0" />
    <remembered-set count="2073" />
  </mem-info>
</gc-end>
<cycle-end id="1998" type="scavenge" contextid="1991" timestamp="2025-12-12T00:31:00.678" />
<allocation-satisfied id="1999" threadId="000000000085BC00" bytesRequested="8200" />
<af-end id="2000" timestamp="2025-12-12T00:31:00.679" threadId="000000000085C678" success="true" from="nursery"/>
<exclusive-end id="2001" timestamp="2025-12-12T00:31:00.680" durationms="25.834" />

<exclusive-start id="2002" timestamp="2025-12-12T00:31:00.804" intervalms="149.944">
  <response-info timems="0.080" idlems="0.080" threads="0" lastid="000000000085BC00" lastname="Default Executor-thread-2" />
</exclusive-start>
<af-start id="2003" threadId="000000000085C678" totalBytesRequested="6464" timestamp="2025-12-12T00:31:00.804" intervalms="149.702" type="nursery" />
<cycle-start id="2004" type="scavenge" contextid="0" timestamp="2025-12-12T00:31:00.805" intervalms="149.577" />
<gc-start id="2005" type="scavenge" contextid="2004" timestamp="2025-12-12T00:31:00.807">
  <mem-info id="2006" free="23797480" total="171245568" percent="13">
    <mem type="nursery" free="0" total="92012544" percent="0">
      <mem type="allocate" free="0" total="73596928" percent="0" />
      <mem type="survivor" free="0" total="18415616" percent="0" />
    </mem>
    <mem type="tenure" free="23797480" total="79233024" percent="30">
      <mem type="soa" free="19835624" total="75271168" percent="26" />
      <mem type="loa" free="3961856" total="3961856" percent="100" />
    </mem>
    <remembered-set count="2650" />
  </mem-info>
</gc-start>
<allocation-stats totalBytes="61489320" discardedBytes="18488" >
  <allocated-bytes non-tlh="12792" tlh="61476528" />
  <largest-consumer threadName="Default Executor-thread-3" threadId="000000000085F900" bytes="24068400" />
</allocation-stats>
<gc-op id="2007" type="scavenge" timems="11.140" contextid="2004" timestamp="2025-12-12T00:31:00.820">
  <scavenger-info tenureage="6" tenuremask="7fc0" tiltratio="79" />
  <memory-copied type="nursery" objects="174711" bytes="9356136" bytesdiscarded="135624" />
  <finalization candidates="273" enqueued="201" />
  <ownableSynchronizers candidates="104" cleared="39" />
  <references type="soft" candidates="99" cleared="0" enqueued="0" dynamicThreshold="9" maxThreshold="32" />
  <references type="weak" candidates="163" cleared="122" enqueued="122" />
  <references type="phantom" candidates="110" cleared="82" enqueued="82" />
  <object-monitors candidates="98" cleared="2"  />
</gc-op>
<heap-resize id="2008" type="expand" space="nursery" amount="4063232" count="1" timems="0.048" reason="excessive time being spent scavenging" timestamp="2025-12-12T00:31:00.820" />
<gc-end id="2009" type="scavenge" contextid="2004" durationms="13.797" usertimems="45.550" systemtimems="8.286" stalltimems="46.944" timestamp="2025-12-12T00:31:00.821" activeThreads="9">
  <mem-info id="2010" free="92412192" total="175308800" percent="52">
    <mem type="nursery" free="68614712" total="96075776" percent="71">
      <mem type="allocate" free="68614712" total="78118912" percent="87" />
      <mem type="survivor" free="0" total="17956864" percent="0" />
    </mem>
    <mem type="tenure" free="23797480" total="79233024" percent="30">
      <mem type="soa" free="19835624" total="75271168" percent="26" />
      <mem type="loa" free="3961856" total="3961856" percent="100" />
    </mem>
    <pending-finalizers system="0" default="201" reference="204" classloader="0" />
    <remembered-set count="2320" />
  </mem-info>
</gc-end>
<cycle-end id="2011" type="scavenge" contextid="2004" timestamp="2025-12-12T00:31:00.822" />
<allocation-satisfied id="2012" threadId="000000000085BC00" bytesRequested="6464" />
<af-end id="2013" timestamp="2025-12-12T00:31:00.823" threadId="000000000085C678" success="true" from="nursery"/>
<exclusive-end id="2014" timestamp="2025-12-12T00:31:00.824" durationms="20.300" />

<exclusive-start id="2015" timestamp="2025-12-12T00:31:00.914" intervalms="109.826">
  <response-info timems="0.071" idlems="0.071" threads="0" lastid="000000000085D500" lastname="Default Executor-thread-5" />
</exclusive-start>
<af-start id="2016" threadId="000000000085DF78" totalBytesRequested="65544" timestamp="2025-12-12T00:31:00.914" intervalms="109.686" type="nursery" />
<cycle-start id="2017" type="scavenge" contextid="0" timestamp="2025-12-12T00:31:00.915" intervalms="110.156" />
<gc-start id="2018" type="scavenge" contextid="2017" timestamp="2025-12-12T00:31:00.918">
  <mem-info id="2019" free="23789584" total="175308800" percent="13">
    <mem type="nursery" free="0" total="96075776" percent="0">
      <mem type="allocate" free="0" total="78118912" percent="0" />
      <mem type="survivor" free="0" total="17956864" percent="0" />
    </mem>
    <mem type="tenure" free="23789584" total="79233024" percent="30">
      <mem type="soa" free="19827728" total="75271168" percent="26" />
      <mem type="loa" free="3961856" total="3961856" percent="100" />
    </mem>
    <remembered-set count="2737" />
  </mem-info>
</gc-start>
<allocation-stats totalBytes="68539776" discardedBytes="80728" >
  <allocated-bytes non-tlh="482520" tlh="68057256" />
  <largest-consumer threadName="Default Executor-thread-2" threadId="000000000085BC00" bytes="16681672" />
</allocation-stats>
<gc-op id="2020" type="scavenge" timems="14.812" contextid="2017" timestamp="2025-12-12T00:31:00.935">
  <scavenger-info tenureage="6" tenuremask="7fc0" tiltratio="81" />
  <memory-copied type="nursery" objects="156567" bytes="11361208" bytesdiscarded="125544" />
  <memory-copied type="tenure" objects="35910" bytes="1397192" bytesdiscarded="2832" />
  <finalization candidates="273" enqueued="197" />
  <ownableSynchronizers candidates="94" cleared="16" />
  <references type="soft" candidates="85" cleared="0" enqueued="0" dynamicThreshold="9" maxThreshold="32" />
  <references type="weak" candidates="332" cleared="204" enqueued="204" />
  <references type="phantom" candidates="250" cleared="72" enqueued="72" />
  <object-monitors candidates="100" cleared="3"  />
</gc-op>
<heap-resize id="2021" type="expand" space="nursery" amount="7208960" count="1" timems="0.088" reason="excessive time being spent scavenging" timestamp="2025-12-12T00:31:00.936" />
<gc-end id="2022" type="scavenge" contextid="2017" durationms="17.827" usertimems="37.911" systemtimems="38.821" stalltimems="23.875" timestamp="2025-12-12T00:31:00.936" activeThreads="8">
  <mem-info id="2023" free="95784152" total="182517760" percent="52">
    <mem type="nursery" free="73503752" total="103284736" percent="71">
      <mem type="allocate" free="73503752" total="85000192" percent="86" />
      <mem type="survivor" free="0" total="18284544" percent="0" />
    </mem>
    <mem type="tenure" free="22280400" total="79233024" percent="28">
      <mem type="soa" free="18318544" total="75271168" percent="24" />
      <mem type="loa" free="3961856" total="3961856" percent="100" />
    </mem>
    <pending-finalizers system="0" default="197" reference="276" classloader="0" />
    <remembered-set count="2283" />
  </mem-info>
</gc-end>
<cycle-end id="2024" type="scavenge" contextid="2017" timestamp="2025-12-12T00:31:00.937" />
<allocation-satisfied id="2025" threadId="000000000085D500" bytesRequested="65544" />
<af-end id="2026" timestamp="2025-12-12T00:31:00.939" threadId="000000000085DF78" success="true" from="nursery"/>
<exclusive-end id="2027" timestamp="2025-12-12T00:31:00.940" durationms="25.998" />

<exclusive-start id="2028" timestamp="2025-12-12T00:31:01.065" intervalms="151.906">
  <response-info timems="0.323" idlems="0.323" threads="0" lastid="000000000085D500" lastname="Default Executor-thread-5" />
</exclusive-start>
<af-start id="2029" threadId="000000000085DF78" totalBytesRequested="1840" timestamp="2025-12-12T00:31:01.066" intervalms="151.984" type="nursery" />
<cycle-start id="2030" type="scavenge" contextid="0" timestamp="2025-12-12T00:31:01.067" intervalms="151.547" />
<gc-start id="2031" type="scavenge" contextid="2030" timestamp="2025-12-12T00:31:01.068">
  <mem-info id="2032" free="22270184" total="182517760" percent="12">
    <mem type="nursery" free="0" total="103284736" percent="0">
      <mem type="allocate" free="0" total="85000192" percent="0" />
      <mem type="survivor" free="0" total="18284544" percent="0" />
    </mem>
    <mem type="tenure" free="22270184" total="79233024" percent="28">
      <mem type="soa" free="18308328" total="75271168" percent="24" />
      <mem type="loa" free="3961856" total="3961856" percent="100" />
    </mem>
    <remembered-set count="2784" />
  </mem-info>
</gc-start>
<allocation-stats totalBytes="73475896" discardedBytes="38072" >
  <allocated-bytes non-tlh="75760" tlh="73400136" />
  <largest-consumer threadName="ClassloaderMapProcessingThread-9" threadId="00000000014BCB00" bytes="24397192" />
</allocation-stats>
<gc-op id="2033" type="scavenge" timems="12.518" contextid="2030" timestamp="2025-12-12T00:31:01.082">
  <scavenger-info tenureage="6" tenuremask="7fc0" tiltratio="82" />
  <memory-copied type="nursery" objects="151014" bytes="12894456" bytesdiscarded="276792" />
  <memory-copied type="tenure" objects="3104" bytes="213632" bytesdiscarded="1352" />
  <finalization candidates="969" enqueued="888" />
  <ownableSynchronizers candidates="102" cleared="28" />
  <references type="soft" candidates="109" cleared="0" enqueued="0" dynamicThreshold="9" maxThreshold="32" />
  <references type="weak" candidates="303" cleared="142" enqueued="142" />
  <references type="phantom" candidates="209" cleared="11" enqueued="11" />
  <object-monitors candidates="106" cleared="7"  />
</gc-op>
<heap-resize id="2034" type="expand" space="nursery" amount="4587520" count="1" timems="0.083" reason="excessive time being spent scavenging" timestamp="2025-12-12T00:31:01.083" />
<gc-end id="2035" type="scavenge" contextid="2030" durationms="15.799" usertimems="56.943" systemtimems="5.497" stalltimems="51.006" timestamp="2025-12-12T00:31:01.084" activeThreads="9">
  <mem-info id="2036" free="97930792" total="187105280" percent="52">
    <mem type="nursery" free="76147560" total="107872256" percent="70">
      <mem type="allocate" free="76147560" total="89325568" percent="85" />
      <mem type="survivor" free="0" total="18546688" percent="0" />
    </mem>
    <mem type="tenure" free="21783232" total="79233024" percent="27">
      <mem type="soa" free="17821376" total="75271168" percent="23" />
      <mem type="loa" free="3961856" total="3961856" percent="100" />
    </mem>
    <pending-finalizers system="6" default="882" reference="153" classloader="0" />
    <remembered-set count="2589" />
  </mem-info>
</gc-end>
<cycle-end id="2037" type="scavenge" contextid="2030" timestamp="2025-12-12T00:31:01.084" />
<allocation-satisfied id="2038" threadId="000000000085D500" bytesRequested="1840" />
<af-end id="2039" timestamp="2025-12-12T00:31:01.086" threadId="000000000085DF78" success="true" from="nursery"/>
<exclusive-end id="2040" timestamp="2025-12-12T00:31:01.086" durationms="20.551" />

<exclusive-start id="2041" timestamp="2025-12-12T00:31:01.283" intervalms="217.779">
  <response-info timems="0.084" idlems="0.084" threads="0" lastid="000000000085BC00" lastname="Default Executor-thread-2" />
</exclusive-start>
<af-start id="2042" threadId="000000000085C678" totalBytesRequested="1464" timestamp="2025-12-12T00:31:01.285" intervalms="218.371" type="nursery" />
<cycle-start id="2043" type="scavenge" contextid="0" timestamp="2025-12-12T00:31:01.285" intervalms="218.387" />
<gc-start id="2044" type="scavenge" contextid="2043" timestamp="2025-12-12T00:31:01.287">
  <mem-info id="2045" free="21713992" total="187105280" percent="11">
    <mem type="nursery" free="0" total="107872256" percent="0">
      <mem type="allocate" free="0" total="89325568" percent="0" />
      <mem type="survivor" free="0" total="18546688" percent="0" />
    </mem>
    <mem type="tenure" free="21713992" total="79233024" percent="27">
      <mem type="soa" free="17752136" total="75271168" percent="23" />
      <mem type="loa" free="3961856" total="3961856" percent="100" />
    </mem>
    <remembered-set count="3498" />
  </mem-info>
</gc-start>
<allocation-stats totalBytes="76136768" discardedBytes="74208" >
  <allocated-bytes non-tlh="65256" tlh="76071512" />
  <largest-consumer threadName="Default Executor-thread-5" threadId="000000000085D500" bytes="50291448" />
</allocation-stats>
<gc-op id="2046" type="scavenge" timems="14.356" contextid="2043" timestamp="2025-12-12T00:31:01.302">
  <scavenger-info tenureage="6" tenuremask="7fc0" tiltratio="82" />
  <memory-copied type="nursery" objects="187990" bytes="18468960" bytesdiscarded="60656" />
  <memory-copied type="tenure" objects="12126" bytes="2681992" bytesdiscarded="17176" />
  <copy-failed type="nursery" objects="6031" bytes="2350648" />
  <finalization candidates="2586" enqueued="2483" />
  <ownableSynchronizers candidates="113" cleared="29" />
  <references type="soft" candidates="182" cleared="0" enqueued="0" dynamicThreshold="9" maxThreshold="32" />
  <references type="weak" candidates="507" cleared="297" enqueued="297" />
  <references type="phantom" candidates="432" cleared="227" enqueued="227" />
  <object-monitors candidates="234" cleared="131"  />
</gc-op>
<gc-end id="2047" type="scavenge" contextid="2043" durationms="16.859" usertimems="66.006" systemtimems="11.513" stalltimems="27.412" timestamp="2025-12-12T00:31:01.304" activeThreads="8">
  <mem-info id="2048" free="72397640" total="187105280" percent="38">
    <mem type="nursery" free="53673984" total="107872256" percent="49">
      <mem type="allocate" free="53673984" total="72220672" percent="74" />
      <mem type="survivor" free="0" total="35651584" percent="0" />
    </mem>
    <mem type="tenure" free="18723656" total="79233024" percent="23">
      <mem type="soa" free="14761800" total="75271168" percent="19" />
      <mem type="loa" free="3961856" total="3961856" percent="100" />
    </mem>
    <pending-finalizers system="159" default="2324" reference="524" classloader="0" />
    <remembered-set count="4532" />
  </mem-info>
</gc-end>
<cycle-end id="2049" type="scavenge" contextid="2043" timestamp="2025-12-12T00:31:01.304" />
<allocation-satisfied id="2050" threadId="000000000085BC00" bytesRequested="1464" />
<af-end id="2051" timestamp="2025-12-12T00:31:01.306" threadId="000000000085C678" success="true" from="nursery"/>
<exclusive-end id="2052" timestamp="2025-12-12T00:31:01.306" durationms="22.940" />

<exclusive-start id="2053" timestamp="2025-12-12T00:31:01.432" intervalms="149.120">
  <response-info timems="0.121" idlems="0.121" threads="0" lastid="000000000085BC00" lastname="Default Executor-thread-2" />
</exclusive-start>
<af-start id="2054" threadId="000000000085C678" totalBytesRequested="14000" timestamp="2025-12-12T00:31:01.433" intervalms="148.707" type="nursery" />
<cycle-start id="2055" type="scavenge" contextid="0" timestamp="2025-12-12T00:31:01.434" intervalms="149.101" />
<gc-start id="2056" type="scavenge" contextid="2055" timestamp="2025-12-12T00:31:01.436">
  <mem-info id="2057" free="18667184" total="187105280" percent="9">
    <mem type="nursery" free="0" total="107872256" percent="0">
      <mem type="allocate" free="0" total="72220672" percent="0" />
      <mem type="survivor" free="0" total="35651584" percent="0" />
    </mem>
    <mem type="tenure" free="18667184" total="79233024" percent="23">
      <mem type="soa" free="14705328" total="75271168" percent="19" />
      <mem type="loa" free="3961856" total="3961856" percent="100" />
    </mem>
    <remembered-set count="5403" />
  </mem-info>
</gc-start>
<allocation-stats totalBytes="53696984" discardedBytes="33472" >
  <allocated-bytes non-tlh="57936" tlh="53639048" />
  <largest-consumer threadName="Default Executor-thread-5" threadId="000000000085D500" bytes="35240536" />
</allocation-stats>
<gc-op id="2058" type="scavenge" timems="12.115" contextid="2055" timestamp="2025-12-12T00:31:01.449">
  <scavenger-info tenureage="6" tenuremask="7fc0" tiltratio="66" />
  <memory-copied type="nursery" objects="200724" bytes="18815104" bytesdiscarded="501000" />
  <memory-copied type="tenure" objects="16631" bytes="1122416" bytesdiscarded="1840" />
  <finalization candidates="1612" enqueued="1508" />
  <ownableSynchronizers candidates="99" cleared="15" />
  <references type="soft" candidates="257" cleared="0" enqueued="0" dynamicThreshold="9" maxThreshold="32" />
  <references type="weak" candidates="592" cleared="344" enqueued="344" />
  <references type="phantom" candidates="237" cleared="20" enqueued="20" />
  <object-monitors candidates="218" cleared="106"  />
</gc-op>
<heap-resize id="2059" type="expand" space="nursery" amount="6553600" count="1" timems="0.070" reason="excessive time being spent scavenging" timestamp="2025-12-12T00:31:01.450" />
<gc-end id="2060" type="scavenge" contextid="2055" durationms="14.881" usertimems="71.843" systemtimems="0.177" stalltimems="38.366" timestamp="2025-12-12T00:31:01.451" activeThreads="9">
  <mem-info id="2061" free="76560728" total="193658880" percent="39">
    <mem type="nursery" free="59382632" total="114425856" percent="51">
      <mem type="allocate" free="59382632" total="78708736" percent="75" />
      <mem type="survivor" free="0" total="35717120" percent="0" />
    </mem>
    <mem type="tenure" free="17178096" total="79233024" percent="21">
      <mem type="soa" free="13216240" total="75271168" percent="17" />
      <mem type="loa" free="3961856" total="3961856" percent="100" />
    </mem>
    <pending-finalizers system="32" default="1476" reference="364" classloader="0" />
    <remembered-set count="5984" />
  </mem-info>
</gc-end>
<cycle-end id="2062" type="scavenge" contextid="2055" timestamp="2025-12-12T00:31:01.452" />
<allocation-satisfied id="2063" threadId="000000000085BC00" bytesRequested="14000" />
<af-end id="2064" timestamp="2025-12-12T00:31:01.453" threadId="000000000085C678" success="true" from="nursery"/>
<exclusive-end id="2065" timestamp="2025-12-12T00:31:01.454" durationms="21.196" />

<exclusive-start id="2066" timestamp="2025-12-12T00:31:01.609" intervalms="176.258">
  <response-info timems="0.138" idlems="0.138" threads="0" lastid="000000000085D500" lastname="Default Executor-thread-5" />
</exclusive-start>
<af-start id="2067" threadId="000000000085DF78" totalBytesRequested="32640" timestamp="2025-12-12T00:31:01.609" intervalms="176.251" type="nursery" />
<cycle-start id="2068" type="scavenge" contextid="0" timestamp="2025-12-12T00:31:01.610" intervalms="175.925" />
<gc-start id="2069" type="scavenge" contextid="2068" timestamp="2025-12-12T00:31:01.611">
  <mem-info id="2070" free="17111512" total="193658880" percent="8">
    <mem type="nursery" free="0" total="114425856" percent="0">
      <mem type="allocate" free="0" total="78708736" percent="0" />
      <mem type="survivor" free="0" total="35717120" percent="0" />
    </mem>
    <mem type="tenure" free="17111512" total="79233024" percent="21">
      <mem type="soa" free="13149656" total="75271168" percent="17" />
      <mem type="loa" free="3961856" total="3961856" percent="100" />
    </mem>
    <remembered-set count="7519" />
  </mem-info>
</gc-start>
<allocation-stats totalBytes="59311496" discardedBytes="137720" >
  <allocated-bytes non-tlh="100088" tlh="59211408" />
  <largest-consumer threadName="Default Executor-thread-5" threadId="000000000085D500" bytes="40298520" />
</allocation-stats>
<gc-op id="2071" type="scavenge" timems="23.847" contextid="2068" timestamp="2025-12-12T00:31:01.636">
  <scavenger-info tenureage="6" tenuremask="7fc0" tiltratio="68" />
  <memory-copied type="nursery" objects="210282" bytes="18425568" bytesdiscarded="305552" />
  <memory-copied type="tenure" objects="49868" bytes="2240440" bytesdiscarded="2160" />
  <finalization candidates="2108" enqueued="2025" />
  <ownableSynchronizers candidates="307" cleared="18" />
  <references type="soft" candidates="559" cleared="0" enqueued="0" dynamicThreshold="9" maxThreshold="32" />
  <references type="weak" candidates="954" cleared="546" enqueued="546" />
  <references type="phantom" candidates="264" cleared="15" enqueued="15" />
  <object-monitors candidates="166" cleared="44"  />
</gc-op>
<heap-resize id="2072" type="expand" space="nursery" amount="7208960" count="1" timems="3.370" reason="excessive time being spent scavenging" timestamp="2025-12-12T00:31:01.641" />
<gc-end id="2073" type="scavenge" contextid="2068" durationms="30.192" usertimems="106.804" systemtimems="39.058" stalltimems="35.070" timestamp="2025-12-12T00:31:01.642" activeThreads="9">
  <mem-info id="2074" free="83843104" total="200867840" percent="41">
    <mem type="nursery" free="69268856" total="121634816" percent="56">
      <mem type="allocate" free="69268856" total="88014848" percent="78" />
      <mem type="survivor" free="0" total="33619968" percent="0" />
    </mem>
    <mem type="tenure" free="14574248" total="79233024" percent="18">
      <mem type="soa" free="10612392" total="75271168" percent="14" />
      <mem type="loa" free="3961856" total="3961856" percent="100" />
    </mem>
    <pending-finalizers system="28" default="1997" reference="561" classloader="0" />
    <remembered-set count="10467" />
  </mem-info>
</gc-end>
<cycle-end id="2075" type="scavenge" contextid="2068" timestamp="2025-12-12T00:31:01.643" />
<allocation-satisfied id="2076" threadId="000000000085D500" bytesRequested="32640" />
<af-end id="2077" timestamp="2025-12-12T00:31:01.644" threadId="000000000085DF78" success="true" from="nursery"/>
<exclusive-end id="2078" timestamp="2025-12-12T00:31:01.645" durationms="36.131" />

<exclusive-start id="2079" timestamp="2025-12-12T00:31:01.916" intervalms="307.296">
  <response-info timems="0.143" idlems="0.143" threads="0" lastid="000000000085F900" lastname="Default Executor-thread-3" />
</exclusive-start>
<af-start id="2080" threadId="0000000000860378" totalBytesRequested="12408" timestamp="2025-12-12T00:31:01.917" intervalms="307.214" type="nursery" />
<cycle-start id="2081" type="scavenge" contextid="0" timestamp="2025-12-12T00:31:01.918" intervalms="307.273" />
<gc-start id="2082" type="scavenge" contextid="2081" timestamp="2025-12-12T00:31:01.919">
  <mem-info id="2083" free="14509544" total="200867840" percent="7">
    <mem type="nursery" free="0" total="121634816" percent="0">
      <mem type="allocate" free="0" total="88014848" percent="0" />
      <mem type="survivor" free="0" total="33619968" percent="0" />
    </mem>
    <mem type="tenure" free="14509544" total="79233024" percent="18">
      <mem type="soa" free="10547688" total="75271168" percent="14" />
      <mem type="loa" free="3961856" total="3961856" percent="100" />
    </mem>
    <remembered-set count="11836" />
  </mem-info>
</gc-start>
<allocation-stats totalBytes="69234656" discardedBytes="98904" >
  <allocated-bytes non-tlh="691824" tlh="68542832" />
  <largest-consumer threadName="Default Executor-thread-5" threadId="000000000085D500" bytes="49792440" />
</allocation-stats>
<gc-op id="2084" type="scavenge" timems="20.160" contextid="2081" timestamp="2025-12-12T00:31:01.940">
  <scavenger-info tenureage="5" tenuremask="7fe0" tiltratio="72" />
  <memory-copied type="nursery" objects="266956" bytes="19353040" bytesdiscarded="628376" />
  <memory-copied type="tenure" objects="38697" bytes="4283624" bytesdiscarded="2528" />
  <finalization candidates="2321" enqueued="2265" />
  <ownableSynchronizers candidates="1246" cleared="904" />
  <references type="soft" candidates="1227" cleared="0" enqueued="0" dynamicThreshold="9" maxThreshold="32" />
  <references type="weak" candidates="689" cleared="200" enqueued="200" />
  <references type="phantom" candidates="124" cleared="23" enqueued="23" />
  <object-monitors candidates="159" cleared="33"  />
</gc-op>
<gc-end id="2085" type="scavenge" contextid="2081" durationms="22.505" usertimems="133.572" systemtimems="16.888" stalltimems="70.588" timestamp="2025-12-12T00:31:01.941" activeThreads="12">
  <mem-info id="2086" free="81544976" total="200867840" percent="40">
    <mem type="nursery" free="71296912" total="121634816" percent="58">
      <mem type="allocate" free="71296912" total="91291648" percent="78" />
      <mem type="survivor" free="0" total="30343168" percent="0" />
    </mem>
    <mem type="tenure" free="10248064" total="79233024" percent="12">
      <mem type="soa" free="6286208" total="75271168" percent="8" />
      <mem type="loa" free="3961856" total="3961856" percent="100" />
    </mem>
    <pending-finalizers system="34" default="2231" reference="223" classloader="0" />
    <remembered-set count="11871" />
  </mem-info>
</gc-end>
<cycle-end id="2087" type="scavenge" contextid="2081" timestamp="2025-12-12T00:31:01.942" />
<allocation-satisfied id="2088" threadId="000000000085F900" bytesRequested="12408" />
<af-end id="2089" timestamp="2025-12-12T00:31:01.943" threadId="0000000000860378" success="true" from="nursery"/>
<exclusive-end id="2090" timestamp="2025-12-12T00:31:01.944" durationms="27.820" />

<concurrent-kickoff id="2091" timestamp="2025-12-12T00:31:02.126">
  <kickoff reason="threshold reached" targetBytes="41130465" thresholdFreeBytes="5674197"  remainingFree="5191568" tenureFreeBytes="10198456" nurseryFreeBytes="5191568" />
</concurrent-kickoff>
<exclusive-start id="2092" timestamp="2025-12-12T00:31:02.130" intervalms="214.056">
  <response-info timems="0.161" idlems="0.156" threads="1" lastid="000000000085D500" lastname="Default Executor-thread-5" />
</exclusive-start>
<cycle-start id="2093" type="global" contextid="0" timestamp="2025-12-12T00:31:02.131" intervalms="1750.481" />
<concurrent-start id="2094" type="global mark" contextid="2093" timestamp="2025-12-12T00:31:02.131">
</concurrent-start>
<exclusive-end id="2095" timestamp="2025-12-12T00:31:02.132" durationms="1.671" />

<exclusive-start id="2096" timestamp="2025-12-12T00:31:02.189" intervalms="58.558">
  <response-info timems="0.176" idlems="0.176" threads="0" lastid="000000000085BC00" lastname="Default Executor-thread-2" />
</exclusive-start>
<af-start id="2097" threadId="000000000085C678" totalBytesRequested="24" timestamp="2025-12-12T00:31:02.189" intervalms="272.796" type="nursery" />
<cycle-start id="2098" type="scavenge" contextid="0" timestamp="2025-12-12T00:31:02.190" intervalms="272.685" />
<gc-start id="2099" type="scavenge" contextid="2098" timestamp="2025-12-12T00:31:02.191">
  <mem-info id="2100" free="10197496" total="200867840" percent="5">
    <mem type="nursery" free="0" total="121634816" percent="0">
      <mem type="allocate" free="0" total="91291648" percent="0" />
      <mem type="survivor" free="0" total="30343168" percent="0" />
    </mem>
    <mem type="tenure" free="10197496" total="79233024" percent="12">
      <mem type="soa" free="6235640" total="75271168" percent="8" />
      <mem type="loa" free="3961856" total="3961856" percent="100" />
    </mem>
    <remembered-set count="12833" />
  </mem-info>
</gc-start>
<allocation-stats totalBytes="71289120" discardedBytes="58360" >
  <allocated-bytes non-tlh="62976" tlh="71226144" />
  <largest-consumer threadName="Default Executor-thread-5" threadId="000000000085D500" bytes="50562424" />
</allocation-stats>
<gc-op id="2101" type="scavenge" timems="16.641" contextid="2098" timestamp="2025-12-12T00:31:02.214">
  <scavenger-info tenureage="6" tenuremask="7fc0" tiltratio="75" />
  <memory-copied type="nursery" objects="357744" bytes="23812912" bytesdiscarded="507592" />
  <finalization candidates="2032" enqueued="2005" />
  <ownableSynchronizers candidates="1205" cleared="854" />
  <references type="soft" candidates="1408" cleared="0" enqueued="0" dynamicThreshold="9" maxThreshold="32" />
  <references type="weak" candidates="857" cleared="237" enqueued="237" />
  <references type="phantom" candidates="135" cleared="17" enqueued="17" />
  <object-monitors candidates="235" cleared="102"  />
</gc-op>
<heap-resize id="2102" type="expand" space="nursery" amount="6291456" count="1" timems="2.482" reason="excessive time being spent scavenging" timestamp="2025-12-12T00:31:02.217" />
<gc-end id="2103" type="scavenge" contextid="2098" durationms="26.790" usertimems="118.567" systemtimems="16.283" stalltimems="79.607" timestamp="2025-12-12T00:31:02.218" activeThreads="13">
  <mem-info id="2104" free="77866528" total="207159296" percent="37">
    <mem type="nursery" free="67669032" total="127926272" percent="52">
      <mem type="allocate" free="67669032" total="92012544" percent="73" />
      <mem type="survivor" free="0" total="35913728" percent="0" />
    </mem>
    <mem type="tenure" free="10197496" total="79233024" percent="12">
      <mem type="soa" free="6235640" total="75271168" percent="8" />
      <mem type="loa" free="3961856" total="3961856" percent="100" />
    </mem>
    <pending-finalizers system="45" default="1960" reference="254" classloader="0" />
    <remembered-set count="11913" />
  </mem-info>
</gc-end>
<cycle-end id="2105" type="scavenge" contextid="2098" timestamp="2025-12-12T00:31:02.220" />
<allocation-satisfied id="2106" threadId="000000000085BC00" bytesRequested="24" />
<af-end id="2107" timestamp="2025-12-12T00:31:02.221" threadId="000000000085C678" success="true" from="nursery"/>
<exclusive-end id="2108" timestamp="2025-12-12T00:31:02.221" durationms="32.627" />

<exclusive-start id="2109" timestamp="2025-12-12T00:31:02.443" intervalms="254.828">
  <response-info timems="0.206" idlems="0.206" threads="0" lastid="000000000085E100" lastname="Default Executor-thread-6" />
</exclusive-start>
<af-start id="2110" threadId="000000000085EB78" totalBytesRequested="40" timestamp="2025-12-12T00:31:02.444" intervalms="254.687" type="nursery" />
<percolate-collect id="2111" from="nursery" to="global" reason="concurrent mark exhausted" timestamp="2025-12-12T00:31:02.445"/>
<concurrent-end id="2112" type="global mark" contextid="2093" timestamp="2025-12-12T00:31:02.445">
<gc-op id="2113" type="trace" timems="311.974" contextid="2093" timestamp="2025-12-12T00:31:02.445">
  <trace bytesTraced="40794216" workStackOverflowCount="0" />
  <card-cleaning reason="card cleaning threshold reached" bytesTraced="202512" cardsCleaned="687" />
</gc-op>
</concurrent-end>

<gc-start id="2114" type="global" contextid="2093" timestamp="2025-12-12T00:31:02.448">
  <mem-info id="2115" free="10134816" total="207159296" percent="4">
    <mem type="nursery" free="0" total="127926272" percent="0">
      <mem type="allocate" free="0" total="92012544" percent="0" />
      <mem type="survivor" free="0" total="35913728" percent="0" />
    </mem>
    <mem type="tenure" free="10134816" total="79233024" percent="12">
      <mem type="soa" free="6172960" total="75271168" percent="8" />
      <mem type="loa" free="3961856" total="3961856" percent="100" />
    </mem>
    <remembered-set count="13060" />
  </mem-info>
</gc-start>
<allocation-stats totalBytes="67720328" discardedBytes="11384" >
  <allocated-bytes non-tlh="62704" tlh="67657624" />
  <largest-consumer threadName="Default Executor-thread-5" threadId="000000000085D500" bytes="45668824" />
</allocation-stats>
<heap-resize id="2116" type="loa contract" space="tenure" amount="791552" count="1" timems="0.000" reason="contract underutilized loa" timestamp="2025-12-12T00:31:02.450" />
<concurrent-halted id="2117" timestamp="2025-12-12T00:31:02.450">
  <halted state="Complete" status="exhausted" />
  <traced bytesTarget="41123959" bytesTotal="40996728" bytesByMutator="29626872" bytesByHelper="11369856" percent="99" />
  <cards cleaned="687" thresholdBytes="2235289" />
</concurrent-halted>
<gc-op id="2118" type="rs-scan" timems="7.195" contextid="2093" timestamp="2025-12-12T00:31:02.458">
  <scan objectsFound="346254" bytesTraced="14451012" workStackOverflowCount="0" />
</gc-op>
<gc-op id="2119" type="card-cleaning" timems="1.953" contextid="2093" timestamp="2025-12-12T00:31:02.461">
  <card-cleaning cardsCleaned="29" bytesTraced="19248" workStackOverflowCount="0" />
</gc-op>
<gc-op id="2120" type="mark" timems="25.737" contextid="2093" timestamp="2025-12-12T00:31:02.488">
  <trace-info objectcount="17734" scancount="12816" scanbytes="408056" />
  <finalization candidates="2439" enqueued="1541" />
  <ownableSynchronizers candidates="11853" cleared="2900" />
  <references type="soft" candidates="13956" cleared="2" enqueued="2" dynamicThreshold="9" maxThreshold="32" />
  <references type="weak" candidates="15812" cleared="102" enqueued="102" />
  <references type="phantom" candidates="601" cleared="9" enqueued="9" />
  <stringconstants candidates="40495" cleared="39"  />
  <object-monitors candidates="164" cleared="37"  />
</gc-op>
<gc-op id="2121" type="classunload" timems="2.582" contextid="2093" timestamp="2025-12-12T00:31:02.491">
  <classunload-info classloadercandidates="447" classloadersunloaded="1" classesunloaded="4" anonymousclassesunloaded="3" quiescems="0.000" setupms="2.503" scanms="0.066" postms="0.011" />
</gc-op>
<gc-op id="2122" type="sweep" timems="5.353" contextid="2093" timestamp="2025-12-12T00:31:02.497" />
<heap-resize id="2123" type="expand" space="tenure" amount="10878976" count="1" timems="1.911" reason="insufficient free space following gc" timestamp="2025-12-12T00:31:02.500" />
<heap-resize id="2124" type="loa contract" space="tenure" amount="2703360" count="1" timems="0.000" reason="contract to meet minimum soa" timestamp="2025-12-12T00:31:02.501" />
<gc-end id="2125" type="global" contextid="2093" durationms="53.330" usertimems="156.013" systemtimems="55.722" stalltimems="450.746" timestamp="2025-12-12T00:31:02.501" activeThreads="20">
  <mem-info id="2126" free="92127576" total="218038272" percent="42">
    <mem type="nursery" free="65072136" total="127926272" percent="50">
      <mem type="allocate" free="65072136" total="92012544" percent="70" />
      <mem type="survivor" free="0" total="35913728" percent="0" />
    </mem>
    <mem type="tenure" free="27055440" total="90112000" percent="30" micro-fragmented="1814792" macro-fragmented="0">
      <mem type="soa" free="26154320" total="89210880" percent="29" />
      <mem type="loa" free="901120" total="901120" percent="100" />
    </mem>
    <pending-finalizers system="14" default="1527" reference="113" classloader="0" />
    <remembered-set count="11229" />
  </mem-info>
</gc-end>
<cycle-end id="2127" type="global" contextid="2093" timestamp="2025-12-12T00:31:02.503" />
<allocation-satisfied id="2128" threadId="000000000085E100" bytesRequested="40" />
<af-end id="2129" timestamp="2025-12-12T00:31:02.504" threadId="000000000085EB78" success="true" from="nursery"/>
<exclusive-end id="2130" timestamp="2025-12-12T00:31:02.504" durationms="61.109" />

<exclusive-start id="2131" timestamp="2025-12-12T00:31:02.670" intervalms="226.153">
  <response-info timems="0.149" idlems="0.149" threads="0" lastid="000000000085D500" lastname="Default Executor-thread-5" />
</exclusive-start>
<af-start id="2132" threadId="000000000085DF78" totalBytesRequested="264" timestamp="2025-12-12T00:31:02.670" intervalms="226.015" type="nursery" />
<cycle-start id="2133" type="scavenge" contextid="0" timestamp="2025-12-12T00:31:02.671" intervalms="480.771" />
<gc-start id="2134" type="scavenge" contextid="2133" timestamp="2025-12-12T00:31:02.672">
  <mem-info id="2135" free="27029256" total="218038272" percent="12">
    <mem type="nursery" free="0" total="127926272" percent="0">
      <mem type="allocate" free="0" total="92012544" percent="0" />
      <mem type="survivor" free="0" total="35913728" percent="0" />
    </mem>
    <mem type="tenure" free="27029256" total="90112000" percent="29">
      <mem type="soa" free="26128136" total="89210880" percent="29" />
      <mem type="loa" free="901120" total="901120" percent="100" />
    </mem>
    <remembered-set count="11673" />
  </mem-info>
</gc-start>
<allocation-stats totalBytes="64559904" discardedBytes="479976" >
  <allocated-bytes non-tlh="6907240" tlh="57652664" />
  <largest-consumer threadName="Default Executor-thread-5" threadId="000000000085D500" bytes="27789696" />
</allocation-stats>
<gc-op id="2136" type="scavenge" timems="15.201" contextid="2133" timestamp="2025-12-12T00:31:02.689">
  <scavenger-info tenureage="6" tenuremask="7fc0" tiltratio="71" />
  <memory-copied type="nursery" objects="436978" bytes="23516448" bytesdiscarded="320336" />
  <memory-copied type="tenure" objects="20471" bytes="1353152" bytesdiscarded="7248" />
  <finalization candidates="1244" enqueued="1217" />
  <ownableSynchronizers candidates="26200" cleared="25888" />
  <references type="soft" candidates="1692" cleared="0" enqueued="0" dynamicThreshold="9" maxThreshold="32" />
  <references type="weak" candidates="827" cleared="93" enqueued="93" />
  <references type="phantom" candidates="136" cleared="8" enqueued="8" />
  <object-monitors candidates="152" cleared="14"  />
</gc-op>
<gc-end id="2137" type="scavenge" contextid="2133" durationms="17.403" usertimems="120.985" systemtimems="5.978" stalltimems="45.647" timestamp="2025-12-12T00:31:02.689" activeThreads="12">
  <mem-info id="2138" free="98915712" total="218038272" percent="45">
    <mem type="nursery" free="73598448" total="127926272" percent="57">
      <mem type="allocate" free="73598448" total="97452032" percent="75" />
      <mem type="survivor" free="0" total="30474240" percent="0" />
    </mem>
    <mem type="tenure" free="25317264" total="90112000" percent="28">
      <mem type="soa" free="24416144" total="89210880" percent="27" />
      <mem type="loa" free="901120" total="901120" percent="100" />
    </mem>
    <pending-finalizers system="15" default="1202" reference="101" classloader="0" />
    <remembered-set count="12283" />
  </mem-info>
</gc-end>
<cycle-end id="2139" type="scavenge" contextid="2133" timestamp="2025-12-12T00:31:02.690" />
<allocation-satisfied id="2140" threadId="000000000085D500" bytesRequested="264" />
<af-end id="2141" timestamp="2025-12-12T00:31:02.691" threadId="000000000085DF78" success="true" from="nursery"/>
<exclusive-end id="2142" timestamp="2025-12-12T00:31:02.692" durationms="22.376" />

<exclusive-start id="2143" timestamp="2025-12-12T00:31:02.992" intervalms="322.606">
  <response-info timems="0.047" idlems="0.047" threads="0" lastid="000000000085D500" lastname="Default Executor-thread-5" />
</exclusive-start>
<af-start id="2144" threadId="000000000085DF78" totalBytesRequested="56" timestamp="2025-12-12T00:31:02.993" intervalms="322.520" type="nursery" />
<cycle-start id="2145" type="scavenge" contextid="0" timestamp="2025-12-12T00:31:02.993" intervalms="322.486" />
<gc-start id="2146" type="scavenge" contextid="2145" timestamp="2025-12-12T00:31:02.995">
  <mem-info id="2147" free="25243560" total="218038272" percent="11">
    <mem type="nursery" free="0" total="127926272" percent="0">
      <mem type="allocate" free="0" total="97452032" percent="0" />
      <mem type="survivor" free="0" total="30474240" percent="0" />
    </mem>
    <mem type="tenure" free="25243560" total="90112000" percent="28">
      <mem type="soa" free="24342440" total="89210880" percent="27" />
      <mem type="loa" free="901120" total="901120" percent="100" />
    </mem>
    <remembered-set count="14637" />
  </mem-info>
</gc-start>
<allocation-stats totalBytes="73651920" discardedBytes="16760" >
  <allocated-bytes non-tlh="70496" tlh="73581424" />
  <largest-consumer threadName="Default Executor-thread-5" threadId="000000000085D500" bytes="44673360" />
</allocation-stats>
<gc-op id="2148" type="scavenge" timems="12.837" contextid="2145" timestamp="2025-12-12T00:31:03.009">
  <scavenger-info tenureage="6" tenuremask="7fc0" tiltratio="76" />
  <memory-copied type="nursery" objects="310321" bytes="22417168" bytesdiscarded="220192" />
  <memory-copied type="tenure" objects="33249" bytes="1882208" bytesdiscarded="4912" />
  <finalization candidates="273" enqueued="249" />
  <ownableSynchronizers candidates="416" cleared="145" />
  <references type="soft" candidates="1970" cleared="0" enqueued="0" dynamicThreshold="9" maxThreshold="32" />
  <references type="weak" candidates="872" cleared="415" enqueued="395" />
  <references type="phantom" candidates="306" cleared="96" enqueued="96" />
  <object-monitors candidates="172" cleared="42"  />
</gc-op>
<gc-end id="2149" type="scavenge" contextid="2145" durationms="15.006" usertimems="102.823" systemtimems="3.285" stalltimems="57.136" timestamp="2025-12-12T00:31:03.010" activeThreads="13">
  <mem-info id="2150" free="98117456" total="218038272" percent="45">
    <mem type="nursery" free="75061808" total="127926272" percent="58">
      <mem type="allocate" free="75061808" total="97714176" percent="76" />
      <mem type="survivor" free="0" total="30212096" percent="0" />
    </mem>
    <mem type="tenure" free="23055648" total="90112000" percent="25">
      <mem type="soa" free="22154528" total="89210880" percent="24" />
      <mem type="loa" free="901120" total="901120" percent="100" />
    </mem>
    <pending-finalizers system="52" default="197" reference="491" classloader="0" />
    <remembered-set count="10205" />
  </mem-info>
</gc-end>
<cycle-end id="2151" type="scavenge" contextid="2145" timestamp="2025-12-12T00:31:03.012" />
<allocation-satisfied id="2152" threadId="000000000085D500" bytesRequested="56" />
<af-end id="2153" timestamp="2025-12-12T00:31:03.013" threadId="000000000085DF78" success="true" from="nursery"/>
<exclusive-end id="2154" timestamp="2025-12-12T00:31:03.014" durationms="21.435" />

<exclusive-start id="2155" timestamp="2025-12-12T00:31:03.356" intervalms="363.555">
  <response-info timems="0.056" idlems="0.056" threads="0" lastid="000000000085D500" lastname="Default Executor-thread-5" />
</exclusive-start>
<af-start id="2156" threadId="000000000085DF78" totalBytesRequested="26784" timestamp="2025-12-12T00:31:03.357" intervalms="363.891" type="nursery" />
<cycle-start id="2157" type="scavenge" contextid="0" timestamp="2025-12-12T00:31:03.357" intervalms="363.990" />
<gc-start id="2158" type="scavenge" contextid="2157" timestamp="2025-12-12T00:31:03.358">
  <mem-info id="2159" free="23055456" total="218038272" percent="10">
    <mem type="nursery" free="0" total="127926272" percent="0">
      <mem type="allocate" free="0" total="97714176" percent="0" />
      <mem type="survivor" free="0" total="30212096" percent="0" />
    </mem>
    <mem type="tenure" free="23055456" total="90112000" percent="25">
      <mem type="soa" free="22154336" total="89210880" percent="24" />
      <mem type="loa" free="901120" total="901120" percent="100" />
    </mem>
    <remembered-set count="10641" />
  </mem-info>
</gc-start>
<allocation-stats totalBytes="75051264" discardedBytes="10736" >
  <allocated-bytes non-tlh="248" tlh="75051016" />
  <largest-consumer threadName="Default Executor-thread-5" threadId="000000000085D500" bytes="73826576" />
</allocation-stats>
<gc-op id="2160" type="scavenge" timems="16.715" contextid="2157" timestamp="2025-12-12T00:31:03.377">
  <scavenger-info tenureage="6" tenuremask="7fc0" tiltratio="76" />
  <memory-copied type="nursery" objects="421440" bytes="29963184" bytesdiscarded="239136" />
  <memory-copied type="tenure" objects="21258" bytes="2901288" bytesdiscarded="19616" />
  <copy-failed type="nursery" objects="3555" bytes="1867808" />
  <finalization candidates="1888" enqueued="1888" />
  <ownableSynchronizers candidates="308" cleared="12" />
  <references type="soft" candidates="1893" cleared="0" enqueued="0" dynamicThreshold="9" maxThreshold="32" />
  <references type="weak" candidates="464" cleared="27" enqueued="27" />
  <references type="phantom" candidates="143" cleared="0" enqueued="0" />
  <object-monitors candidates="130" cleared="0"  />
</gc-op>
<gc-end id="2161" type="scavenge" contextid="2157" durationms="18.785" usertimems="118.188" systemtimems="2.290" stalltimems="84.432" timestamp="2025-12-12T00:31:03.377" activeThreads="13">
  <mem-info id="2162" free="66732408" total="218038272" percent="30">
    <mem type="nursery" free="46530560" total="127926272" percent="36">
      <mem type="allocate" free="46530560" total="76742656" percent="60" />
      <mem type="survivor" free="0" total="51183616" percent="0" />
    </mem>
    <mem type="tenure" free="20201848" total="90112000" percent="22">
      <mem type="soa" free="19300728" total="89210880" percent="21" />
      <mem type="loa" free="901120" total="901120" percent="100" />
    </mem>
    <pending-finalizers system="0" default="1888" reference="27" classloader="0" />
    <remembered-set count="12132" />
  </mem-info>
</gc-end>
<cycle-end id="2163" type="scavenge" contextid="2157" timestamp="2025-12-12T00:31:03.378" />
<allocation-satisfied id="2164" threadId="000000000085D500" bytesRequested="26784" />
<af-end id="2165" timestamp="2025-12-12T00:31:03.379" threadId="000000000085DF78" success="true" from="nursery"/>
<exclusive-end id="2166" timestamp="2025-12-12T00:31:03.380" durationms="23.963" />

<exclusive-start id="2167" timestamp="2025-12-12T00:31:03.520" intervalms="164.365">
  <response-info timems="0.107" idlems="0.107" threads="0" lastid="000000000085D500" lastname="Default Executor-thread-5" />
</exclusive-start>
<af-start id="2168" threadId="000000000085DF78" totalBytesRequested="4240" timestamp="2025-12-12T00:31:03.521" intervalms="164.464" type="nursery" />
<cycle-start id="2169" type="scavenge" contextid="0" timestamp="2025-12-12T00:31:03.522" intervalms="164.569" />
<gc-start id="2170" type="scavenge" contextid="2169" timestamp="2025-12-12T00:31:03.523">
  <mem-info id="2171" free="20201848" total="218038272" percent="9">
    <mem type="nursery" free="0" total="127926272" percent="0">
      <mem type="allocate" free="0" total="76742656" percent="0" />
      <mem type="survivor" free="0" total="51183616" percent="0" />
    </mem>
    <mem type="tenure" free="20201848" total="90112000" percent="22">
      <mem type="soa" free="19300728" total="89210880" percent="21" />
      <mem type="loa" free="901120" total="901120" percent="100" />
    </mem>
    <remembered-set count="12193" />
  </mem-info>
</gc-start>
<allocation-stats totalBytes="46419080" discardedBytes="111480" >
  <allocated-bytes non-tlh="26784" tlh="46392296" />
  <largest-consumer threadName="Default Executor-thread-5" threadId="000000000085D500" bytes="45931752" />
</allocation-stats>
<gc-op id="2172" type="scavenge" timems="17.510" contextid="2169" timestamp="2025-12-12T00:31:03.542">
  <scavenger-info tenureage="5" tenuremask="7fe0" tiltratio="59" />
  <memory-copied type="nursery" objects="331661" bytes="25829456" bytesdiscarded="648184" />
  <memory-copied type="tenure" objects="96995" bytes="5810248" bytesdiscarded="3928" />
  <finalization candidates="1279" enqueued="1279" />
  <ownableSynchronizers candidates="297" cleared="2" />
  <references type="soft" candidates="875" cleared="0" enqueued="0" dynamicThreshold="9" maxThreshold="32" />
  <references type="weak" candidates="318" cleared="16" enqueued="16" />
  <references type="phantom" candidates="115" cleared="0" enqueued="0" />
  <object-monitors candidates="130" cleared="0"  />
</gc-op>
<heap-resize id="2173" type="expand" space="nursery" amount="8650752" count="1" timems="0.060" reason="excessive time being spent scavenging" timestamp="2025-12-12T00:31:03.544" />
<gc-end id="2174" type="scavenge" contextid="2169" durationms="21.797" usertimems="121.900" systemtimems="7.324" stalltimems="68.523" timestamp="2025-12-12T00:31:03.545" activeThreads="13">
  <mem-info id="2175" free="71990320" total="226689024" percent="31">
    <mem type="nursery" free="57927416" total="136577024" percent="42">
      <mem type="allocate" free="57927416" total="84410368" percent="68" />
      <mem type="survivor" free="0" total="52166656" percent="0" />
    </mem>
    <mem type="tenure" free="14062904" total="90112000" percent="15">
      <mem type="soa" free="13161784" total="89210880" percent="14" />
      <mem type="loa" free="901120" total="901120" percent="100" />
    </mem>
    <pending-finalizers system="0" default="1279" reference="16" classloader="0" />
    <remembered-set count="12672" />
  </mem-info>
</gc-end>
<cycle-end id="2176" type="scavenge" contextid="2169" timestamp="2025-12-12T00:31:03.546" />
<allocation-satisfied id="2177" threadId="000000000085D500" bytesRequested="4240" />
<af-end id="2178" timestamp="2025-12-12T00:31:03.548" threadId="000000000085DF78" success="true" from="nursery"/>
<exclusive-end id="2179" timestamp="2025-12-12T00:31:03.549" durationms="28.769" />

<exclusive-start id="2180" timestamp="2025-12-12T00:31:03.760" intervalms="239.892">
  <response-info timems="0.066" idlems="0.066" threads="0" lastid="000000000085D500" lastname="Default Executor-thread-5" />
</exclusive-start>
<af-start id="2181" threadId="000000000085DF78" totalBytesRequested="2336" timestamp="2025-12-12T00:31:03.761" intervalms="239.862" type="nursery" />
<cycle-start id="2182" type="scavenge" contextid="0" timestamp="2025-12-12T00:31:03.762" intervalms="239.730" />
<gc-start id="2183" type="scavenge" contextid="2182" timestamp="2025-12-12T00:31:03.763">
  <mem-info id="2184" free="14061256" total="226689024" percent="6">
    <mem type="nursery" free="0" total="136577024" percent="0">
      <mem type="allocate" free="0" total="84410368" percent="0" />
      <mem type="survivor" free="0" total="52166656" percent="0" />
    </mem>
    <mem type="tenure" free="14061256" total="90112000" percent="15">
      <mem type="soa" free="13160136" total="89210880" percent="14" />
      <mem type="loa" free="901120" total="901120" percent="100" />
    </mem>
    <remembered-set count="12886" />
  </mem-info>
</gc-start>
<allocation-stats totalBytes="57845008" discardedBytes="84056" >
  <allocated-bytes non-tlh="5888" tlh="57839120" />
  <largest-consumer threadName="Default Executor-thread-5" threadId="000000000085D500" bytes="57509136" />
</allocation-stats>
<gc-op id="2185" type="scavenge" timems="25.867" contextid="2182" timestamp="2025-12-12T00:31:03.790">
  <scavenger-info tenureage="3" tenuremask="7ff8" tiltratio="61" />
  <memory-copied type="nursery" objects="166513" bytes="16317560" bytesdiscarded="803864" />
  <memory-copied type="tenure" objects="185172" bytes="13210616" bytesdiscarded="10672" />
  <finalization candidates="2108" enqueued="2107" />
  <ownableSynchronizers candidates="118" cleared="29" />
  <references type="weak" candidates="79" cleared="36" enqueued="36" />
  <references type="phantom" candidates="41" cleared="0" enqueued="0" />
  <object-monitors candidates="130" cleared="0"  />
</gc-op>
<heap-resize id="2186" type="expand" space="nursery" amount="6946816" count="1" timems="0.050" reason="excessive time being spent scavenging" timestamp="2025-12-12T00:31:03.791" />
<gc-end id="2187" type="scavenge" contextid="2182" durationms="29.275" usertimems="150.652" systemtimems="9.886" stalltimems="126.114" timestamp="2025-12-12T00:31:03.792" activeThreads="14">
  <mem-info id="2188" free="79618440" total="233635840" percent="34">
    <mem type="nursery" free="78620312" total="143523840" percent="54">
      <mem type="allocate" free="78620312" total="95748096" percent="82" />
      <mem type="survivor" free="0" total="47775744" percent="0" />
    </mem>
    <mem type="tenure" free="998128" total="90112000" percent="1">
      <mem type="soa" free="97008" total="89210880" percent="0" />
      <mem type="loa" free="901120" total="901120" percent="100" />
    </mem>
    <pending-finalizers system="0" default="2107" reference="36" classloader="0" />
    <remembered-set count="1910" />
  </mem-info>
</gc-end>
<cycle-end id="2189" type="scavenge" contextid="2182" timestamp="2025-12-12T00:31:03.793" />
<allocation-satisfied id="2190" threadId="000000000085D500" bytesRequested="2336" />
<af-end id="2191" timestamp="2025-12-12T00:31:03.795" threadId="000000000085DF78" success="true" from="nursery"/>
<exclusive-end id="2192" timestamp="2025-12-12T00:31:03.795" durationms="35.300" />

<concurrent-kickoff id="2193" timestamp="2025-12-12T00:31:04.045">
  <kickoff reason="threshold reached" targetBytes="46757172" thresholdFreeBytes="6458989"  remainingFree="5584536" tenureFreeBytes="998128" nurseryFreeBytes="5584536" />
</concurrent-kickoff>
<exclusive-start id="2194" timestamp="2025-12-12T00:31:04.048" intervalms="287.985">
  <response-info timems="0.087" idlems="0.087" threads="0" lastid="000000000085D500" lastname="Default Executor-thread-5" />
</exclusive-start>
<cycle-start id="2195" type="global" contextid="0" timestamp="2025-12-12T00:31:04.049" intervalms="1918.124" />
<concurrent-start id="2196" type="global mark" contextid="2195" timestamp="2025-12-12T00:31:04.050">
</concurrent-start>
<exclusive-end id="2197" timestamp="2025-12-12T00:31:04.051" durationms="2.722" />

<exclusive-start id="2198" timestamp="2025-12-12T00:31:04.164" intervalms="115.990">
  <response-info timems="0.061" idlems="0.061" threads="0" lastid="000000000085D500" lastname="Default Executor-thread-5" />
</exclusive-start>
<af-start id="2199" threadId="000000000085DF78" totalBytesRequested="72" timestamp="2025-12-12T00:31:04.165" intervalms="403.806" type="nursery" />
<cycle-start id="2200" type="scavenge" contextid="0" timestamp="2025-12-12T00:31:04.166" intervalms="403.748" />
<gc-start id="2201" type="scavenge" contextid="2200" timestamp="2025-12-12T00:31:04.166">
  <mem-info id="2202" free="998128" total="233635840" percent="0">
    <mem type="nursery" free="0" total="143523840" percent="0">
      <mem type="allocate" free="0" total="95748096" percent="0" />
      <mem type="survivor" free="0" total="47775744" percent="0" />
    </mem>
    <mem type="tenure" free="998128" total="90112000" percent="1">
      <mem type="soa" free="97008" total="89210880" percent="0" />
      <mem type="loa" free="901120" total="901120" percent="100" />
    </mem>
    <remembered-set count="2255" />
  </mem-info>
</gc-start>
<allocation-stats totalBytes="78610928" discardedBytes="9384" >
  <allocated-bytes non-tlh="2336" tlh="78608592" />
  <largest-consumer threadName="Default Executor-thread-5" threadId="000000000085D500" bytes="78262992" />
</allocation-stats>
<gc-op id="2203" type="scavenge" timems="22.515" contextid="2200" timestamp="2025-12-12T00:31:04.190">
  <scavenger-info tenureage="4" tenuremask="7ff0" tiltratio="66" />
  <memory-copied type="nursery" objects="197543" bytes="20261752" bytesdiscarded="493008" />
  <finalization candidates="3243" enqueued="3242" />
  <ownableSynchronizers candidates="55" cleared="18" />
  <references type="weak" candidates="79" cleared="19" enqueued="19" />
  <references type="phantom" candidates="10" cleared="0" enqueued="0" />
  <object-monitors candidates="130" cleared="0"  />
</gc-op>
<gc-end id="2204" type="scavenge" contextid="2200" durationms="24.510" usertimems="68.335" systemtimems="51.804" stalltimems="178.720" timestamp="2025-12-12T00:31:04.191" activeThreads="15">
  <mem-info id="2205" free="81362344" total="233635840" percent="34">
    <mem type="nursery" free="80364216" total="143523840" percent="55">
      <mem type="allocate" free="80364216" total="101122048" percent="79" />
      <mem type="survivor" free="0" total="42401792" percent="0" />
    </mem>
    <mem type="tenure" free="998128" total="90112000" percent="1">
      <mem type="soa" free="97008" total="89210880" percent="0" />
      <mem type="loa" free="901120" total="901120" percent="100" />
    </mem>
    <pending-finalizers system="0" default="3242" reference="19" classloader="0" />
    <remembered-set count="1993" />
  </mem-info>
</gc-end>
<cycle-end id="2206" type="scavenge" contextid="2200" timestamp="2025-12-12T00:31:04.192" />
<allocation-satisfied id="2207" threadId="000000000085D500" bytesRequested="72" />
<af-end id="2208" timestamp="2025-12-12T00:31:04.193" threadId="000000000085DF78" success="true" from="nursery"/>
<exclusive-end id="2209" timestamp="2025-12-12T00:31:04.194" durationms="29.980" />

<concurrent-end id="2210" type="global mark" contextid="2195" timestamp="2025-12-12T00:31:04.195">
<gc-op id="2211" type="trace" timems="144.918" contextid="2195" timestamp="2025-12-12T00:31:04.195">
  <trace bytesTraced="57833016" workStackOverflowCount="0" />
  <card-cleaning reason="card cleaning threshold reached" bytesTraced="23416" cardsCleaned="61" />
</gc-op>
</concurrent-end>

<exclusive-start id="2212" timestamp="2025-12-12T00:31:04.196" intervalms="31.867">
  <response-info timems="0.063" idlems="0.063" threads="0" lastid="000000000085D500" lastname="Default Executor-thread-5" />
</exclusive-start>
<concurrent-global-final id="2213" timestamp="2025-12-12T00:31:04.196" contextid="2195" intervalms="3715.271" >
  <concurrent-trace-info reason="card cleaning threshold reached" tracedByMutators="25433364" tracedByHelpers="32423068" cardsCleaned="61" workStackOverflowCount="0" />
</concurrent-global-final>
<gc-start id="2214" type="global" contextid="2195" timestamp="2025-12-12T00:31:04.197">
  <mem-info id="2215" free="80797024" total="233635840" percent="34">
    <mem type="nursery" free="79798896" total="143523840" percent="55">
      <mem type="allocate" free="79798896" total="101122048" percent="78" />
      <mem type="survivor" free="0" total="42401792" percent="0" />
    </mem>
    <mem type="tenure" free="998128" total="90112000" percent="1">
      <mem type="soa" free="97008" total="89210880" percent="0" />
      <mem type="loa" free="901120" total="901120" percent="100" />
    </mem>
    <pending-finalizers system="0" default="1006" reference="0" classloader="0" />
    <remembered-set count="1997" />
  </mem-info>
</gc-start>
<allocation-stats totalBytes="565320" discardedBytes="0" >
  <allocated-bytes non-tlh="72" tlh="565248" />
  <largest-consumer threadName="Default Executor-thread-5" threadId="000000000085D500" bytes="524360" />
</allocation-stats>
<gc-op id="2216" type="rs-scan" timems="6.242" contextid="2195" timestamp="2025-12-12T00:31:04.204">
  <scan objectsFound="143567" bytesTraced="5286652" workStackOverflowCount="0" />
</gc-op>
<gc-op id="2217" type="card-cleaning" timems="1.869" contextid="2195" timestamp="2025-12-12T00:31:04.207">
  <card-cleaning cardsCleaned="75" bytesTraced="72620" workStackOverflowCount="0" />
</gc-op>
<gc-op id="2218" type="mark" timems="26.635" contextid="2195" timestamp="2025-12-12T00:31:04.235">
  <trace-info objectcount="22698" scancount="17676" scanbytes="863768" />
  <finalization candidates="899" enqueued="0" />
  <ownableSynchronizers candidates="8929" cleared="40" />
  <references type="soft" candidates="14425" cleared="0" enqueued="0" dynamicThreshold="9" maxThreshold="32" />
  <references type="weak" candidates="15606" cleared="4" enqueued="4" />
  <references type="phantom" candidates="392" cleared="1" enqueued="1" />
  <stringconstants candidates="41086" cleared="26"  />
  <object-monitors candidates="130" cleared="9"  />
</gc-op>
<gc-op id="2219" type="classunload" timems="1.433" contextid="2195" timestamp="2025-12-12T00:31:04.237">
  <classunload-info classloadercandidates="449" classloadersunloaded="2" classesunloaded="2" anonymousclassesunloaded="0" quiescems="0.000" setupms="1.401" scanms="0.014" postms="0.018" />
</gc-op>
<gc-op id="2220" type="sweep" timems="3.448" contextid="2195" timestamp="2025-12-12T00:31:04.241" />
<heap-resize id="2221" type="expand" space="tenure" amount="28508160" count="1" timems="1.721" reason="insufficient free space following gc" timestamp="2025-12-12T00:31:04.244" />
<gc-end id="2222" type="global" contextid="2195" durationms="47.318" usertimems="104.410" systemtimems="45.311" stalltimems="466.222" timestamp="2025-12-12T00:31:04.244" activeThreads="20">
  <mem-info id="2223" free="124481136" total="262144000" percent="47">
    <mem type="nursery" free="88860992" total="143523840" percent="61">
      <mem type="allocate" free="88860992" total="101122048" percent="87" />
      <mem type="survivor" free="0" total="42401792" percent="0" />
    </mem>
    <mem type="tenure" free="35620144" total="118620160" percent="30" micro-fragmented="1922951" macro-fragmented="0">
      <mem type="soa" free="34433328" total="117433344" percent="29" />
      <mem type="loa" free="1186816" total="1186816" percent="100" />
    </mem>
    <pending-finalizers system="0" default="1006" reference="5" classloader="0" />
    <remembered-set count="1202" />
  </mem-info>
</gc-end>
<cycle-end id="2224" type="global" contextid="2195" timestamp="2025-12-12T00:31:04.245" />
<exclusive-end id="2225" timestamp="2025-12-12T00:31:04.246" durationms="49.946" />

<exclusive-start id="2226" timestamp="2025-12-12T00:31:04.509" intervalms="313.406">
  <response-info timems="0.082" idlems="0.082" threads="0" lastid="000000000085D500" lastname="Default Executor-thread-5" />
</exclusive-start>
<af-start id="2227" threadId="000000000085DF78" totalBytesRequested="264" timestamp="2025-12-12T00:31:04.510" intervalms="345.351" type="nursery" />
<cycle-start id="2228" type="scavenge" contextid="0" timestamp="2025-12-12T00:31:04.511" intervalms="345.361" />
<gc-start id="2229" type="scavenge" contextid="2228" timestamp="2025-12-12T00:31:04.512">
  <mem-info id="2230" free="35620144" total="262144000" percent="13">
    <mem type="nursery" free="0" total="143523840" percent="0">
      <mem type="allocate" free="0" total="101122048" percent="0" />
      <mem type="survivor" free="0" total="42401792" percent="0" />
    </mem>
    <mem type="tenure" free="35620144" total="118620160" percent="30">
      <mem type="soa" free="34433328" total="117433344" percent="29" />
      <mem type="loa" free="1186816" total="1186816" percent="100" />
    </mem>
    <remembered-set count="1366" />
  </mem-info>
</gc-start>
<allocation-stats totalBytes="88834624" discardedBytes="25200" >
  <allocated-bytes non-tlh="580544" tlh="88254080" />
  <largest-consumer threadName="Default Executor-thread-5" threadId="000000000085D500" bytes="88466552" />
</allocation-stats>
<gc-op id="2231" type="scavenge" timems="14.437" contextid="2228" timestamp="2025-12-12T00:31:04.528">
  <scavenger-info tenureage="4" tenuremask="7ff0" tiltratio="70" />
  <memory-copied type="nursery" objects="113974" bytes="18785544" bytesdiscarded="453480" />
  <memory-copied type="tenure" objects="120445" bytes="4874184" bytesdiscarded="8256" />
  <finalization candidates="3857" enqueued="3857" />
  <ownableSynchronizers candidates="17802" cleared="17765" />
  <references type="weak" candidates="64" cleared="9" enqueued="9" />
  <references type="phantom" candidates="9" cleared="0" enqueued="0" />
  <object-monitors candidates="121" cleared="0"  />
</gc-op>
<gc-end id="2232" type="scavenge" contextid="2228" durationms="18.208" usertimems="89.788" systemtimems="6.525" stalltimems="100.442" timestamp="2025-12-12T00:31:04.530" activeThreads="14">
  <mem-info id="2233" free="115821152" total="262144000" percent="44">
    <mem type="nursery" free="85354400" total="143523840" percent="59">
      <mem type="allocate" free="85354400" total="104595456" percent="81" />
      <mem type="survivor" free="0" total="38928384" percent="0" />
    </mem>
    <mem type="tenure" free="30466752" total="118620160" percent="25">
      <mem type="soa" free="29279936" total="117433344" percent="24" />
      <mem type="loa" free="1186816" total="1186816" percent="100" />
    </mem>
    <pending-finalizers system="0" default="3857" reference="9" classloader="0" />
    <remembered-set count="1038" />
  </mem-info>
</gc-end>
<cycle-end id="2234" type="scavenge" contextid="2228" timestamp="2025-12-12T00:31:04.531" />
<allocation-satisfied id="2235" threadId="000000000085D500" bytesRequested="264" />
<af-end id="2236" timestamp="2025-12-12T00:31:04.532" threadId="000000000085DF78" success="true" from="nursery"/>
<exclusive-end id="2237" timestamp="2025-12-12T00:31:04.533" durationms="23.761" />

<exclusive-start id="2238" timestamp="2025-12-12T00:31:04.900" intervalms="390.332">
  <response-info timems="0.242" idlems="0.242" threads="0" lastid="000000000085D500" lastname="Default Executor-thread-5" />
</exclusive-start>
<af-start id="2239" threadId="000000000085DF78" totalBytesRequested="208" timestamp="2025-12-12T00:31:04.900" intervalms="390.195" type="nursery" />
<cycle-start id="2240" type="scavenge" contextid="0" timestamp="2025-12-12T00:31:04.901" intervalms="390.154" />
<gc-start id="2241" type="scavenge" contextid="2240" timestamp="2025-12-12T00:31:04.902">
  <mem-info id="2242" free="30466608" total="262144000" percent="11">
    <mem type="nursery" free="0" total="143523840" percent="0">
      <mem type="allocate" free="0" total="104595456" percent="0" />
      <mem type="survivor" free="0" total="38928384" percent="0" />
    </mem>
    <mem type="tenure" free="30466608" total="118620160" percent="25">
      <mem type="soa" free="29279792" total="117433344" percent="24" />
      <mem type="loa" free="1186816" total="1186816" percent="100" />
    </mem>
    <remembered-set count="2238" />
  </mem-info>
</gc-start>
<allocation-stats totalBytes="85342048" discardedBytes="12496" >
  <allocated-bytes non-tlh="408" tlh="85341640" />
  <largest-consumer threadName="Default Executor-thread-5" threadId="000000000085D500" bytes="85162104" />
</allocation-stats>
<gc-op id="2243" type="scavenge" timems="10.830" contextid="2240" timestamp="2025-12-12T00:31:04.914">
  <scavenger-info tenureage="4" tenuremask="7ff0" tiltratio="72" />
  <memory-copied type="nursery" objects="87986" bytes="9313104" bytesdiscarded="395896" />
  <memory-copied type="tenure" objects="8992" bytes="821896" bytesdiscarded="3024" />
  <finalization candidates="1276" enqueued="1276" />
  <ownableSynchronizers candidates="84" cleared="46" />
  <references type="weak" candidates="134" cleared="78" enqueued="78" />
  <references type="phantom" candidates="86" cleared="0" enqueued="0" />
  <object-monitors candidates="121" cleared="0"  />
</gc-op>
<gc-end id="2244" type="scavenge" contextid="2240" durationms="13.122" usertimems="33.036" systemtimems="12.159" stalltimems="87.071" timestamp="2025-12-12T00:31:04.915" activeThreads="12">
  <mem-info id="2245" free="127325456" total="262144000" percent="48">
    <mem type="nursery" free="97960744" total="143523840" percent="68">
      <mem type="allocate" free="97960744" total="107675648" percent="90" />
      <mem type="survivor" free="0" total="35848192" percent="0" />
    </mem>
    <mem type="tenure" free="29364712" total="118620160" percent="24">
      <mem type="soa" free="28177896" total="117433344" percent="23" />
      <mem type="loa" free="1186816" total="1186816" percent="100" />
    </mem>
    <pending-finalizers system="0" default="1276" reference="78" classloader="0" />
    <remembered-set count="1622" />
  </mem-info>
</gc-end>
<cycle-end id="2246" type="scavenge" contextid="2240" timestamp="2025-12-12T00:31:04.916" />
<allocation-satisfied id="2247" threadId="000000000085D500" bytesRequested="208" />
<af-end id="2248" timestamp="2025-12-12T00:31:04.917" threadId="000000000085DF78" success="true" from="nursery"/>
<exclusive-end id="2249" timestamp="2025-12-12T00:31:04.918" durationms="18.158" />

<exclusive-start id="2250" timestamp="2025-12-12T00:31:05.464" intervalms="564.116">
  <response-info timems="0.056" idlems="0.056" threads="0" lastid="000000000085D500" lastname="Default Executor-thread-5" />
</exclusive-start>
<af-start id="2251" threadId="000000000085DF78" totalBytesRequested="520" timestamp="2025-12-12T00:31:05.464" intervalms="564.063" type="nursery" />
<cycle-start id="2252" type="scavenge" contextid="0" timestamp="2025-12-12T00:31:05.465" intervalms="564.006" />
<gc-start id="2253" type="scavenge" contextid="2252" timestamp="2025-12-12T00:31:05.467">
  <mem-info id="2254" free="29362664" total="262144000" percent="11">
    <mem type="nursery" free="0" total="143523840" percent="0">
      <mem type="allocate" free="0" total="107675648" percent="0" />
      <mem type="survivor" free="0" total="35848192" percent="0" />
    </mem>
    <mem type="tenure" free="29362664" total="118620160" percent="24">
      <mem type="soa" free="28175848" total="117433344" percent="23" />
      <mem type="loa" free="1186816" total="1186816" percent="100" />
    </mem>
    <remembered-set count="1907" />
  </mem-info>
</gc-start>
<allocation-stats totalBytes="97947256" discardedBytes="15536" >
  <allocated-bytes non-tlh="2256" tlh="97945000" />
  <largest-consumer threadName="Default Executor-thread-5" threadId="000000000085D500" bytes="97401144" />
</allocation-stats>
<gc-op id="2255" type="scavenge" timems="6.825" contextid="2252" timestamp="2025-12-12T00:31:05.475">
  <scavenger-info tenureage="5" tenuremask="7fe0" tiltratio="75" />
  <memory-copied type="nursery" objects="86065" bytes="8338064" bytesdiscarded="136040" />
  <finalization candidates="29" enqueued="29" />
  <ownableSynchronizers candidates="116" cleared="77" />
  <references type="weak" candidates="102" cleared="46" enqueued="46" />
  <references type="phantom" candidates="118" cleared="25" enqueued="25" />
  <object-monitors candidates="121" cleared="0"  />
</gc-op>
<gc-end id="2256" type="scavenge" contextid="2252" durationms="8.677" usertimems="32.401" systemtimems="3.236" stalltimems="24.362" timestamp="2025-12-12T00:31:05.476" activeThreads="9">
  <mem-info id="2257" free="133412344" total="262144000" percent="50">
    <mem type="nursery" free="104049680" total="143523840" percent="72">
      <mem type="allocate" free="104049680" total="112525312" percent="92" />
      <mem type="survivor" free="0" total="30998528" percent="0" />
    </mem>
    <mem type="tenure" free="29362664" total="118620160" percent="24">
      <mem type="soa" free="28175848" total="117433344" percent="23" />
      <mem type="loa" free="1186816" total="1186816" percent="100" />
    </mem>
    <pending-finalizers system="0" default="29" reference="71" classloader="0" />
    <remembered-set count="1763" />
  </mem-info>
</gc-end>
<cycle-end id="2258" type="scavenge" contextid="2252" timestamp="2025-12-12T00:31:05.476" />
<allocation-satisfied id="2259" threadId="000000000085D500" bytesRequested="520" />
<af-end id="2260" timestamp="2025-12-12T00:31:05.478" threadId="000000000085DF78" success="true" from="nursery"/>
<exclusive-end id="2261" timestamp="2025-12-12T00:31:05.478" durationms="14.392" />

<exclusive-start id="2262" timestamp="2025-12-12T00:31:06.796" intervalms="1332.424">
  <response-info timems="0.086" idlems="0.086" threads="0" lastid="000000000085E100" lastname="Default Executor-thread-6" />
</exclusive-start>
<af-start id="2263" threadId="000000000085EB78" totalBytesRequested="24" timestamp="2025-12-12T00:31:06.797" intervalms="1332.350" type="nursery" />
<cycle-start id="2264" type="scavenge" contextid="0" timestamp="2025-12-12T00:31:06.797" intervalms="1332.277" />
<gc-start id="2265" type="scavenge" contextid="2264" timestamp="2025-12-12T00:31:06.799">
  <mem-info id="2266" free="29332904" total="262144000" percent="11">
    <mem type="nursery" free="0" total="143523840" percent="0">
      <mem type="allocate" free="0" total="112525312" percent="0" />
      <mem type="survivor" free="0" total="30998528" percent="0" />
    </mem>
    <mem type="tenure" free="29332904" total="118620160" percent="24">
      <mem type="soa" free="28146088" total="117433344" percent="23" />
      <mem type="loa" free="1186816" total="1186816" percent="100" />
    </mem>
    <remembered-set count="3028" />
  </mem-info>
</gc-start>
<allocation-stats totalBytes="104062512" discardedBytes="16184" >
  <allocated-bytes non-tlh="29536" tlh="104032976" />
  <largest-consumer threadName="Default Executor-thread-5" threadId="000000000085D500" bytes="82673800" />
</allocation-stats>
<gc-op id="2267" type="scavenge" timems="12.178" contextid="2264" timestamp="2025-12-12T00:31:06.812">
  <scavenger-info tenureage="6" tenuremask="7fc0" tiltratio="78" />
  <memory-copied type="nursery" objects="230183" bytes="13332200" bytesdiscarded="125072" />
  <finalization candidates="551" enqueued="551" />
  <ownableSynchronizers candidates="8039" cleared="7890" />
  <references type="soft" candidates="160" cleared="0" enqueued="0" dynamicThreshold="9" maxThreshold="32" />
  <references type="weak" candidates="627" cleared="432" enqueued="432" />
  <references type="phantom" candidates="646" cleared="543" enqueued="543" />
  <object-monitors candidates="126" cleared="0"  />
</gc-op>
<gc-end id="2268" type="scavenge" contextid="2264" durationms="15.822" usertimems="71.234" systemtimems="0.000" stalltimems="27.552" timestamp="2025-12-12T00:31:06.815" activeThreads="8">
  <mem-info id="2269" free="130000536" total="262144000" percent="49">
    <mem type="nursery" free="100667632" total="143523840" percent="70">
      <mem type="allocate" free="100667632" total="114163712" percent="88" />
      <mem type="survivor" free="0" total="29360128" percent="0" />
    </mem>
    <mem type="tenure" free="29332904" total="118620160" percent="24">
      <mem type="soa" free="28146088" total="117433344" percent="23" />
      <mem type="loa" free="1186816" total="1186816" percent="100" />
    </mem>
    <pending-finalizers system="0" default="551" reference="975" classloader="0" />
    <remembered-set count="2725" />
  </mem-info>
</gc-end>
<cycle-end id="2270" type="scavenge" contextid="2264" timestamp="2025-12-12T00:31:06.816" />
<allocation-satisfied id="2271" threadId="000000000085E100" bytesRequested="24" />
<af-end id="2272" timestamp="2025-12-12T00:31:06.817" threadId="000000000085EB78" success="true" from="nursery"/>
<exclusive-end id="2273" timestamp="2025-12-12T00:31:06.817" durationms="21.434" />

<exclusive-start id="2274" timestamp="2025-12-12T00:31:08.041" intervalms="1245.205">
  <response-info timems="0.079" idlems="0.079" threads="0" lastid="000000000085BC00" lastname="Default Executor-thread-2" />
</exclusive-start>
<af-start id="2275" threadId="000000000085C678" totalBytesRequested="20152" timestamp="2025-12-12T00:31:08.043" intervalms="1245.841" type="nursery" />
<cycle-start id="2276" type="scavenge" contextid="0" timestamp="2025-12-12T00:31:08.044" intervalms="1246.499" />
<gc-start id="2277" type="scavenge" contextid="2276" timestamp="2025-12-12T00:31:08.053">
  <mem-info id="2278" free="29192912" total="262144000" percent="11">
    <mem type="nursery" free="0" total="143523840" percent="0">
      <mem type="allocate" free="0" total="114163712" percent="0" />
      <mem type="survivor" free="0" total="29360128" percent="0" />
    </mem>
    <mem type="tenure" free="29192912" total="118620160" percent="24">
      <mem type="soa" free="28006096" total="117433344" percent="23" />
      <mem type="loa" free="1186816" total="1186816" percent="100" />
    </mem>
    <remembered-set count="4789" />
  </mem-info>
</gc-start>
<allocation-stats totalBytes="100786464" discardedBytes="21160" >
  <allocated-bytes non-tlh="140016" tlh="100646448" />
  <largest-consumer threadName="Default Executor-thread-2" threadId="000000000085BC00" bytes="53201792" />
</allocation-stats>
<gc-op id="2279" type="scavenge" timems="14.063" contextid="2276" timestamp="2025-12-12T00:31:08.068">
  <scavenger-info tenureage="5" tenuremask="7fe0" tiltratio="79" />
  <memory-copied type="nursery" objects="137173" bytes="8900080" bytesdiscarded="102816" />
  <memory-copied type="tenure" objects="31729" bytes="2808344" bytesdiscarded="11720" />
  <finalization candidates="332" enqueued="332" />
  <ownableSynchronizers candidates="14037" cleared="13910" />
  <references type="soft" candidates="283" cleared="0" enqueued="0" dynamicThreshold="9" maxThreshold="32" />
  <references type="weak" candidates="914" cleared="729" enqueued="723" />
  <references type="phantom" candidates="389" cleared="287" enqueued="287" />
  <object-monitors candidates="136" cleared="10"  />
</gc-op>
<gc-end id="2280" type="scavenge" contextid="2276" durationms="16.790" usertimems="54.117" systemtimems="17.343" stalltimems="41.152" timestamp="2025-12-12T00:31:08.070" activeThreads="8">
  <mem-info id="2281" free="134162528" total="262144000" percent="51">
    <mem type="nursery" free="107695824" total="143523840" percent="75">
      <mem type="allocate" free="107695824" total="116719616" percent="92" />
      <mem type="survivor" free="0" total="26804224" percent="0" />
    </mem>
    <mem type="tenure" free="26466704" total="118620160" percent="22">
      <mem type="soa" free="25279888" total="117433344" percent="21" />
      <mem type="loa" free="1186816" total="1186816" percent="100" />
    </mem>
    <pending-finalizers system="43" default="289" reference="1010" classloader="0" />
    <remembered-set count="5451" />
  </mem-info>
</gc-end>
<cycle-end id="2282" type="scavenge" contextid="2276" timestamp="2025-12-12T00:31:08.071" />
<allocation-satisfied id="2283" threadId="000000000085BC00" bytesRequested="20152" />
<af-end id="2284" timestamp="2025-12-12T00:31:08.072" threadId="000000000085C678" success="true" from="nursery"/>
<exclusive-end id="2285" timestamp="2025-12-12T00:31:08.073" durationms="31.451" />

<exclusive-start id="2286" timestamp="2025-12-12T00:31:10.972" intervalms="2930.740">
  <response-info timems="0.337" idlems="0.337" threads="0" lastid="0000000000831C00" lastname="Default Executor-thread-1" />
</exclusive-start>
<af-start id="2287" threadId="0000000000832678" totalBytesRequested="7544" timestamp="2025-12-12T00:31:10.973" intervalms="2930.570" type="nursery" />
<cycle-start id="2288" type="scavenge" contextid="0" timestamp="2025-12-12T00:31:10.975" intervalms="2930.821" />
<gc-start id="2289" type="scavenge" contextid="2288" timestamp="2025-12-12T00:31:10.977">
  <mem-info id="2290" free="25905264" total="262144000" percent="9">
    <mem type="nursery" free="0" total="143523840" percent="0">
      <mem type="allocate" free="0" total="116719616" percent="0" />
      <mem type="survivor" free="0" total="26804224" percent="0" />
    </mem>
    <mem type="tenure" free="25905264" total="118620160" percent="21">
      <mem type="soa" free="24718448" total="117433344" percent="21" />
      <mem type="loa" free="1186816" total="1186816" percent="100" />
    </mem>
    <remembered-set count="46017" />
  </mem-info>
</gc-start>
<allocation-stats totalBytes="108107904" discardedBytes="147096" >
  <allocated-bytes non-tlh="9953912" tlh="98153992" />
  <largest-consumer threadName="Default Executor-thread-2" threadId="000000000085BC00" bytes="42231800" />
</allocation-stats>
<gc-op id="2291" type="scavenge" timems="27.519" contextid="2288" timestamp="2025-12-12T00:31:11.006">
  <scavenger-info tenureage="7" tenuremask="7f80" tiltratio="81" />
  <memory-copied type="nursery" objects="243783" bytes="21227448" bytesdiscarded="288680" />
  <finalization candidates="794" enqueued="788" />
  <ownableSynchronizers candidates="624" cleared="327" />
  <references type="soft" candidates="1122" cleared="0" enqueued="0" dynamicThreshold="9" maxThreshold="32" />
  <references type="weak" candidates="5704" cleared="4706" enqueued="4689" />
  <references type="phantom" candidates="925" cleared="208" enqueued="208" />
  <object-monitors candidates="203" cleared="33"  />
</gc-op>
<gc-end id="2292" type="scavenge" contextid="2288" durationms="32.123" usertimems="156.395" systemtimems="6.565" stalltimems="32.731" timestamp="2025-12-12T00:31:11.009" activeThreads="7">
  <mem-info id="2293" free="109224832" total="262144000" percent="41">
    <mem type="nursery" free="83319568" total="143523840" percent="58">
      <mem type="allocate" free="83319568" total="104857600" percent="79" />
      <mem type="survivor" free="0" total="38666240" percent="0" />
    </mem>
    <mem type="tenure" free="25905264" total="118620160" percent="21">
      <mem type="soa" free="24718448" total="117433344" percent="21" />
      <mem type="loa" free="1186816" total="1186816" percent="100" />
    </mem>
    <pending-finalizers system="109" default="679" reference="4897" classloader="0" />
    <remembered-set count="32473" />
  </mem-info>
</gc-end>
<cycle-end id="2294" type="scavenge" contextid="2288" timestamp="2025-12-12T00:31:11.011" />
<allocation-satisfied id="2295" threadId="0000000000831C00" bytesRequested="7544" />
<af-end id="2296" timestamp="2025-12-12T00:31:11.013" threadId="0000000000832678" success="true" from="nursery"/>
<exclusive-end id="2297" timestamp="2025-12-12T00:31:11.013" durationms="41.166" />

<exclusive-start id="2298" timestamp="2025-12-12T00:31:13.110" intervalms="2137.867">
  <response-info timems="0.523" idlems="0.523" threads="0" lastid="0000000001919D00" lastname="Default Executor-thread-33" />
</exclusive-start>
<af-start id="2299" threadId="000000000191A778" totalBytesRequested="9824" timestamp="2025-12-12T00:31:13.116" intervalms="2142.837" type="nursery" />
<cycle-start id="2300" type="scavenge" contextid="0" timestamp="2025-12-12T00:31:13.117" intervalms="2142.414" />
<gc-start id="2301" type="scavenge" contextid="2300" timestamp="2025-12-12T00:31:13.119">
  <mem-info id="2302" free="25539936" total="262144000" percent="9">
    <mem type="nursery" free="0" total="143523840" percent="0">
      <mem type="allocate" free="0" total="104857600" percent="0" />
      <mem type="survivor" free="0" total="38666240" percent="0" />
    </mem>
    <mem type="tenure" free="25539936" total="118620160" percent="21">
      <mem type="soa" free="24353120" total="117433344" percent="20" />
      <mem type="loa" free="1186816" total="1186816" percent="100" />
    </mem>
    <remembered-set count="37891" />
  </mem-info>
</gc-start>
<allocation-stats totalBytes="83416024" discardedBytes="268872" >
  <allocated-bytes non-tlh="2759328" tlh="80656696" />
  <largest-consumer threadName="Connection worker" threadId="0000000000735500" bytes="48696064" />
</allocation-stats>
<gc-op id="2303" type="scavenge" timems="19.594" contextid="2300" timestamp="2025-12-12T00:31:13.141">
  <scavenger-info tenureage="7" tenuremask="7f80" tiltratio="73" />
  <memory-copied type="nursery" objects="296340" bytes="25639672" bytesdiscarded="281104" />
  <finalization candidates="78" enqueued="71" />
  <ownableSynchronizers candidates="446" cleared="144" />
  <references type="soft" candidates="1605" cleared="0" enqueued="0" dynamicThreshold="9" maxThreshold="32" />
  <references type="weak" candidates="3082" cleared="1716" enqueued="1654" />
  <references type="phantom" candidates="1431" cleared="219" enqueued="219" />
  <object-monitors candidates="244" cleared="74"  />
</gc-op>
<gc-end id="2304" type="scavenge" contextid="2300" durationms="22.847" usertimems="140.189" systemtimems="2.739" stalltimems="33.314" timestamp="2025-12-12T00:31:13.142" activeThreads="9">
  <mem-info id="2305" free="105573000" total="262144000" percent="40">
    <mem type="nursery" free="80033064" total="143523840" percent="55">
      <mem type="allocate" free="80033064" total="105971712" percent="75" />
      <mem type="survivor" free="0" total="37552128" percent="0" />
    </mem>
    <mem type="tenure" free="25539936" total="118620160" percent="21">
      <mem type="soa" free="24353120" total="117433344" percent="20" />
      <mem type="loa" free="1186816" total="1186816" percent="100" />
    </mem>
    <pending-finalizers system="71" default="0" reference="1873" classloader="0" />
    <remembered-set count="35969" />
  </mem-info>
</gc-end>
<cycle-end id="2306" type="scavenge" contextid="2300" timestamp="2025-12-12T00:31:13.144" />
<allocation-satisfied id="2307" threadId="0000000001919D00" bytesRequested="9824" />
<af-end id="2308" timestamp="2025-12-12T00:31:13.147" threadId="000000000191A778" success="true" from="nursery"/>
<exclusive-end id="2309" timestamp="2025-12-12T00:31:13.149" durationms="39.518" />

<exclusive-start id="2310" timestamp="2025-12-12T00:31:14.122" intervalms="1011.760">
  <response-info timems="0.192" idlems="0.192" threads="0" lastid="0000000001919D00" lastname="Default Executor-thread-33" />
</exclusive-start>
<af-start id="2311" threadId="000000000191A778" totalBytesRequested="18176" timestamp="2025-12-12T00:31:14.123" intervalms="1006.902" type="nursery" />
<cycle-start id="2312" type="scavenge" contextid="0" timestamp="2025-12-12T00:31:14.124" intervalms="1006.763" />
<gc-start id="2313" type="scavenge" contextid="2312" timestamp="2025-12-12T00:31:14.127">
  <mem-info id="2314" free="25195704" total="262144000" percent="9">
    <mem type="nursery" free="0" total="143523840" percent="0">
      <mem type="allocate" free="0" total="105971712" percent="0" />
      <mem type="survivor" free="0" total="37552128" percent="0" />
    </mem>
    <mem type="tenure" free="25195704" total="118620160" percent="21">
      <mem type="soa" free="24008888" total="117433344" percent="20" />
      <mem type="loa" free="1186816" total="1186816" percent="100" />
    </mem>
    <remembered-set count="40506" />
  </mem-info>
</gc-start>
<allocation-stats totalBytes="80348744" discardedBytes="25608" >
  <allocated-bytes non-tlh="4218864" tlh="76129880" />
  <largest-consumer threadName="Default Executor-thread-33" threadId="0000000001919D00" bytes="57009728" />
</allocation-stats>
<gc-op id="2315" type="scavenge" timems="19.493" contextid="2312" timestamp="2025-12-12T00:31:14.148">
  <scavenger-info tenureage="5" tenuremask="7fa0" tiltratio="73" />
  <memory-copied type="nursery" objects="279545" bytes="23602648" bytesdiscarded="106240" />
  <memory-copied type="tenure" objects="37583" bytes="3501032" bytesdiscarded="5056" />
  <finalization candidates="129" enqueued="121" />
  <ownableSynchronizers candidates="461" cleared="116" />
  <references type="soft" candidates="1940" cleared="0" enqueued="0" dynamicThreshold="9" maxThreshold="32" />
  <references type="weak" candidates="3850" cleared="2381" enqueued="2380" />
  <references type="phantom" candidates="1290" cleared="67" enqueued="67" />
  <object-monitors candidates="170" cleared="1"  />
</gc-op>
<gc-end id="2316" type="scavenge" contextid="2312" durationms="23.899" usertimems="104.801" systemtimems="28.351" stalltimems="52.304" timestamp="2025-12-12T00:31:14.150" activeThreads="11">
  <mem-info id="2317" free="104605392" total="262144000" percent="39">
    <mem type="nursery" free="83358664" total="143523840" percent="58">
      <mem type="allocate" free="83358664" total="107085824" percent="77" />
      <mem type="survivor" free="0" total="36438016" percent="0" />
    </mem>
    <mem type="tenure" free="21246728" total="118620160" percent="17">
      <mem type="soa" free="20059912" total="117433344" percent="17" />
      <mem type="loa" free="1186816" total="1186816" percent="100" />
    </mem>
    <pending-finalizers system="104" default="17" reference="2447" classloader="0" />
    <remembered-set count="33974" />
  </mem-info>
</gc-end>
<cycle-end id="2318" type="scavenge" contextid="2312" timestamp="2025-12-12T00:31:14.152" />
<allocation-satisfied id="2319" threadId="0000000001919D00" bytesRequested="18176" />
<af-end id="2320" timestamp="2025-12-12T00:31:14.153" threadId="000000000191A778" success="true" from="nursery"/>
<exclusive-end id="2321" timestamp="2025-12-12T00:31:14.154" durationms="32.247" />

<exclusive-start id="2322" timestamp="2025-12-12T00:31:18.027" intervalms="3904.918">
  <response-info timems="0.113" idlems="0.113" threads="0" lastid="0000000001872200" lastname="Default Executor-thread-17" />
</exclusive-start>
<af-start id="2323" threadId="0000000001872C78" totalBytesRequested="8208" timestamp="2025-12-12T00:31:18.027" intervalms="3904.609" type="nursery" />
<cycle-start id="2324" type="scavenge" contextid="0" timestamp="2025-12-12T00:31:18.028" intervalms="3904.548" />
<gc-start id="2325" type="scavenge" contextid="2324" timestamp="2025-12-12T00:31:18.030">
  <mem-info id="2326" free="20985376" total="262144000" percent="8">
    <mem type="nursery" free="0" total="143523840" percent="0">
      <mem type="allocate" free="0" total="107085824" percent="0" />
      <mem type="survivor" free="0" total="36438016" percent="0" />
    </mem>
    <mem type="tenure" free="20985376" total="118620160" percent="17">
      <mem type="soa" free="19798560" total="117433344" percent="16" />
      <mem type="loa" free="1186816" total="1186816" percent="100" />
    </mem>
    <remembered-set count="38815" />
  </mem-info>
</gc-start>
<allocation-stats totalBytes="83526640" discardedBytes="93376" >
  <allocated-bytes non-tlh="476720" tlh="83049920" />
  <largest-consumer threadName="Default Executor-thread-17" threadId="0000000001872200" bytes="35572840" />
</allocation-stats>
<gc-op id="2327" type="scavenge" timems="16.590" contextid="2324" timestamp="2025-12-12T00:31:18.048">
  <scavenger-info tenureage="5" tenuremask="7fa0" tiltratio="74" />
  <memory-copied type="nursery" objects="222930" bytes="21163912" bytesdiscarded="424336" />
  <memory-copied type="tenure" objects="71412" bytes="3981768" bytesdiscarded="5992" />
  <finalization candidates="146" enqueued="137" />
  <ownableSynchronizers candidates="775" cleared="391" />
  <references type="soft" candidates="2192" cleared="0" enqueued="0" dynamicThreshold="9" maxThreshold="32" />
  <references type="weak" candidates="2985" cleared="1049" enqueued="1040" />
  <references type="phantom" candidates="1507" cleared="247" enqueued="247" />
  <object-monitors candidates="224" cleared="42"  />
</gc-op>
<gc-end id="2328" type="scavenge" contextid="2324" durationms="20.418" usertimems="109.838" systemtimems="10.301" stalltimems="73.518" timestamp="2025-12-12T00:31:18.050" activeThreads="12">
  <mem-info id="2329" free="104324712" total="262144000" percent="39">
    <mem type="nursery" free="86925920" total="143523840" percent="60">
      <mem type="allocate" free="86925920" total="108527616" percent="80" />
      <mem type="survivor" free="0" total="34996224" percent="0" />
    </mem>
    <mem type="tenure" free="17398792" total="118620160" percent="14">
      <mem type="soa" free="16211976" total="117433344" percent="13" />
      <mem type="loa" free="1186816" total="1186816" percent="100" />
    </mem>
    <pending-finalizers system="120" default="17" reference="1287" classloader="0" />
    <remembered-set count="34126" />
  </mem-info>
</gc-end>
<cycle-end id="2330" type="scavenge" contextid="2324" timestamp="2025-12-12T00:31:18.051" />
<allocation-satisfied id="2331" threadId="0000000001872200" bytesRequested="8208" />
<af-end id="2332" timestamp="2025-12-12T00:31:18.052" threadId="0000000001872C78" success="true" from="nursery"/>
<exclusive-end id="2333" timestamp="2025-12-12T00:31:18.053" durationms="26.330" />

<exclusive-start id="2334" timestamp="2025-12-12T00:31:18.942" intervalms="915.831">
  <response-info timems="0.189" idlems="0.189" threads="0" lastid="000000000085BC00" lastname="Default Executor-thread-2" />
</exclusive-start>
<af-start id="2335" threadId="000000000085C678" totalBytesRequested="32" timestamp="2025-12-12T00:31:18.944" intervalms="916.088" type="nursery" />
<cycle-start id="2336" type="scavenge" contextid="0" timestamp="2025-12-12T00:31:18.945" intervalms="916.156" />
<gc-start id="2337" type="scavenge" contextid="2336" timestamp="2025-12-12T00:31:18.947">
  <mem-info id="2338" free="17147680" total="262144000" percent="6">
    <mem type="nursery" free="0" total="143523840" percent="0">
      <mem type="allocate" free="0" total="108527616" percent="0" />
      <mem type="survivor" free="0" total="34996224" percent="0" />
    </mem>
    <mem type="tenure" free="17147680" total="118620160" percent="14">
      <mem type="soa" free="15960864" total="117433344" percent="13" />
      <mem type="loa" free="1186816" total="1186816" percent="100" />
    </mem>
    <remembered-set count="37785" />
  </mem-info>
</gc-start>
<allocation-stats totalBytes="87143912" discardedBytes="33120" >
  <allocated-bytes non-tlh="259320" tlh="86884592" />
  <largest-consumer threadName="Default Executor-thread-17" threadId="0000000001872200" bytes="42286880" />
</allocation-stats>
<gc-op id="2339" type="scavenge" timems="34.149" contextid="2336" timestamp="2025-12-12T00:31:18.982">
  <scavenger-info tenureage="3" tenuremask="7f98" tiltratio="75" />
  <memory-copied type="nursery" objects="78768" bytes="5089168" bytesdiscarded="476464" />
  <memory-copied type="tenure" objects="165336" bytes="17108928" bytesdiscarded="7960" />
  <finalization candidates="531" enqueued="519" />
  <ownableSynchronizers candidates="528" cleared="183" />
  <references type="soft" candidates="1907" cleared="0" enqueued="0" dynamicThreshold="9" maxThreshold="32" />
  <references type="weak" candidates="3325" cleared="2234" enqueued="2225" />
  <references type="phantom" candidates="457" cleared="304" enqueued="304" />
  <object-monitors candidates="182" cleared="0"  />
  <heap-resize type="expand" space="tenure" amount="1310720" count="5" timems="1.527" reason="continue current collection" />
</gc-op>
<gc-end id="2340" type="scavenge" contextid="2336" durationms="36.671" usertimems="121.890" systemtimems="46.987" stalltimems="91.074" timestamp="2025-12-12T00:31:18.983" activeThreads="12">
  <mem-info id="2341" free="106083680" total="263454720" percent="40">
    <mem type="nursery" free="104724320" total="143523840" percent="72">
      <mem type="allocate" free="104724320" total="110297088" percent="94" />
      <mem type="survivor" free="0" total="33226752" percent="0" />
    </mem>
    <mem type="tenure" free="1359360" total="119930880" percent="1">
      <mem type="soa" free="159232" total="118730752" percent="0" />
      <mem type="loa" free="1200128" total="1200128" percent="100" />
    </mem>
    <pending-finalizers system="186" default="333" reference="2529" classloader="0" />
    <remembered-set count="11558" />
  </mem-info>
</gc-end>
<cycle-end id="2342" type="scavenge" contextid="2336" timestamp="2025-12-12T00:31:18.984" />
<allocation-satisfied id="2343" threadId="000000000085BC00" bytesRequested="32" />
<af-end id="2344" timestamp="2025-12-12T00:31:18.985" threadId="000000000085C678" success="true" from="nursery"/>
<exclusive-end id="2345" timestamp="2025-12-12T00:31:18.986" durationms="43.733" />

<concurrent-kickoff id="2346" timestamp="2025-12-12T00:31:20.899">
  <kickoff reason="threshold reached" targetBytes="65034633" thresholdFreeBytes="8977091"  remainingFree="8869696" tenureFreeBytes="1210904" nurseryFreeBytes="8869696" />
</concurrent-kickoff>
<exclusive-start id="2347" timestamp="2025-12-12T00:31:20.903" intervalms="1960.759">
  <response-info timems="0.204" idlems="0.204" threads="0" lastid="000000000085F900" lastname="Default Executor-thread-3" />
</exclusive-start>
<cycle-start id="2348" type="global" contextid="0" timestamp="2025-12-12T00:31:20.904" intervalms="16855.241" />
<concurrent-start id="2349" type="global mark" contextid="2348" timestamp="2025-12-12T00:31:20.905">
</concurrent-start>
<exclusive-end id="2350" timestamp="2025-12-12T00:31:20.906" durationms="2.411" />

<concurrent-end id="2351" type="global mark" contextid="2348" timestamp="2025-12-12T00:31:21.069">
<gc-op id="2352" type="trace" timems="163.987" contextid="2348" timestamp="2025-12-12T00:31:21.069">
  <trace bytesTraced="63662796" workStackOverflowCount="0" />
  <card-cleaning reason="card cleaning threshold reached" bytesTraced="24992" cardsCleaned="71" />
</gc-op>
</concurrent-end>

<exclusive-start id="2353" timestamp="2025-12-12T00:31:21.072" intervalms="169.298">
  <response-info timems="0.089" idlems="0.089" threads="0" lastid="0000000001871600" lastname="Default Executor-thread-8" />
</exclusive-start>
<concurrent-global-final id="2354" timestamp="2025-12-12T00:31:21.073" contextid="2348" intervalms="16876.948" >
  <concurrent-trace-info reason="card cleaning threshold reached" tracedByMutators="33985220" tracedByHelpers="29702568" cardsCleaned="71" workStackOverflowCount="0" />
</concurrent-global-final>
<gc-start id="2355" type="global" contextid="2348" timestamp="2025-12-12T00:31:21.075">
  <mem-info id="2356" free="1211328" total="263454720" percent="0">
    <mem type="nursery" free="5952" total="143523840" percent="0">
      <mem type="allocate" free="5952" total="110297088" percent="0" />
      <mem type="survivor" free="0" total="33226752" percent="0" />
    </mem>
    <mem type="tenure" free="1205376" total="119930880" percent="1">
      <mem type="soa" free="5248" total="118730752" percent="0" />
      <mem type="loa" free="1200128" total="1200128" percent="100" />
    </mem>
    <remembered-set count="14952" />
  </mem-info>
</gc-start>
<allocation-stats totalBytes="104824112" discardedBytes="48240" >
  <allocated-bytes non-tlh="154016" tlh="104670096" />
  <largest-consumer threadName="Default Executor-thread-12" threadId="0000000001935000" bytes="41389624" />
</allocation-stats>
<gc-op id="2357" type="rs-scan" timems="8.434" contextid="2348" timestamp="2025-12-12T00:31:21.085">
  <scan objectsFound="127358" bytesTraced="4898552" workStackOverflowCount="0" />
</gc-op>
<gc-op id="2358" type="card-cleaning" timems="2.326" contextid="2348" timestamp="2025-12-12T00:31:21.088">
  <card-cleaning cardsCleaned="0" bytesTraced="0" workStackOverflowCount="0" />
</gc-op>
<gc-op id="2359" type="mark" timems="37.030" contextid="2348" timestamp="2025-12-12T00:31:21.126">
  <trace-info objectcount="57439" scancount="52816" scanbytes="2381368" />
  <finalization candidates="1084" enqueued="176" />
  <ownableSynchronizers candidates="9725" cleared="326" />
  <references type="soft" candidates="18332" cleared="8" enqueued="8" dynamicThreshold="9" maxThreshold="32" />
  <references type="weak" candidates="19016" cleared="912" enqueued="902" />
  <references type="phantom" candidates="1536" cleared="43" enqueued="43" />
  <stringconstants candidates="55225" cleared="142"  />
  <object-monitors candidates="186" cleared="11"  />
</gc-op>
<gc-op id="2360" type="classunload" timems="0.382" contextid="2348" timestamp="2025-12-12T00:31:21.127">
  <classunload-info classloadercandidates="497" classloadersunloaded="6" classesunloaded="0" anonymousclassesunloaded="0" quiescems="0.000" setupms="0.340" scanms="0.017" postms="0.024" />
</gc-op>
<gc-op id="2361" type="sweep" timems="5.029" contextid="2348" timestamp="2025-12-12T00:31:21.133" />
<heap-resize id="2362" type="expand" space="tenure" amount="29884416" count="1" timems="1.917" reason="insufficient free space following gc" timestamp="2025-12-12T00:31:21.136" />
<gc-end id="2363" type="global" contextid="2348" durationms="62.831" usertimems="228.831" systemtimems="40.206" stalltimems="605.336" timestamp="2025-12-12T00:31:21.138" activeThreads="20">
  <mem-info id="2364" free="145279272" total="293339136" percent="49">
    <mem type="nursery" free="100295904" total="143523840" percent="69">
      <mem type="allocate" free="100295904" total="110297088" percent="90" />
      <mem type="survivor" free="0" total="33226752" percent="0" />
    </mem>
    <mem type="tenure" free="44983368" total="149815296" percent="30" micro-fragmented="3253781" macro-fragmented="0">
      <mem type="soa" free="43484232" total="148316160" percent="29" />
      <mem type="loa" free="1499136" total="1499136" percent="100" />
    </mem>
    <pending-finalizers system="108" default="68" reference="953" classloader="0" />
    <remembered-set count="12278" />
  </mem-info>
</gc-end>
<cycle-end id="2365" type="global" contextid="2348" timestamp="2025-12-12T00:31:21.139" />
<exclusive-end id="2366" timestamp="2025-12-12T00:31:21.140" durationms="67.704" />

<exclusive-start id="2367" timestamp="2025-12-12T00:31:40.766" intervalms="19693.564">
  <response-info timems="0.166" idlems="0.166" threads="0" lastid="0000000000555500" lastname="Active Thread: Equinox Container: 356586b1-a9ff-4751-809e-f03e8" />
</exclusive-start>
<af-start id="2368" threadId="0000000000555F78" totalBytesRequested="16" timestamp="2025-12-12T00:31:40.767" intervalms="21823.252" type="nursery" />
<cycle-start id="2369" type="scavenge" contextid="0" timestamp="2025-12-12T00:31:40.768" intervalms="21823.493" />
<gc-start id="2370" type="scavenge" contextid="2369" timestamp="2025-12-12T00:31:40.770">
  <mem-info id="2371" free="44830440" total="293339136" percent="15">
    <mem type="nursery" free="0" total="143523840" percent="0">
      <mem type="allocate" free="0" total="110297088" percent="0" />
      <mem type="survivor" free="0" total="33226752" percent="0" />
    </mem>
    <mem type="tenure" free="44830440" total="149815296" percent="29">
      <mem type="soa" free="43331304" total="148316160" percent="29" />
      <mem type="loa" free="1499136" total="1499136" percent="100" />
    </mem>
    <remembered-set count="14402" />
  </mem-info>
</gc-start>
<allocation-stats totalBytes="100242288" discardedBytes="177992" >
  <allocated-bytes non-tlh="2842224" tlh="97400064" />
  <largest-consumer threadName="Default Executor-thread-12" threadId="0000000001935000" bytes="42605552" />
</allocation-stats>
<gc-op id="2372" type="scavenge" timems="21.465" contextid="2369" timestamp="2025-12-12T00:31:40.793">
  <scavenger-info tenureage="8" tenuremask="7f00" tiltratio="76" />
  <memory-copied type="nursery" objects="160249" bytes="7393936" bytesdiscarded="114768" />
  <finalization candidates="67" enqueued="64" />
  <ownableSynchronizers candidates="20535" cleared="20134" />
  <references type="soft" candidates="2851" cleared="0" enqueued="0" dynamicThreshold="9" maxThreshold="32" />
  <references type="weak" candidates="2664" cleared="851" enqueued="846" />
  <references type="phantom" candidates="314" cleared="41" enqueued="41" />
  <object-monitors candidates="177" cleared="0"  />
</gc-op>
<gc-end id="2373" type="scavenge" contextid="2369" durationms="35.916" usertimems="111.156" systemtimems="17.658" stalltimems="84.582" timestamp="2025-12-12T00:31:40.806" activeThreads="14">
  <mem-info id="2374" free="151801632" total="293339136" percent="51">
    <mem type="nursery" free="106971192" total="143523840" percent="74">
      <mem type="allocate" free="106971192" total="114491392" percent="93" />
      <mem type="survivor" free="0" total="29032448" percent="0" />
    </mem>
    <mem type="tenure" free="44830440" total="149815296" percent="29" macro-fragmented="23113062">
      <mem type="soa" free="43331304" total="148316160" percent="29" />
      <mem type="loa" free="1499136" total="1499136" percent="100" />
    </mem>
    <pending-finalizers system="64" default="0" reference="887" classloader="0" />
    <remembered-set count="11168" />
  </mem-info>
</gc-end>
<cycle-end id="2375" type="scavenge" contextid="2369" timestamp="2025-12-12T00:31:40.808" />
<allocation-satisfied id="2376" threadId="0000000000555500" bytesRequested="16" />
<af-end id="2377" timestamp="2025-12-12T00:31:40.809" threadId="0000000000555F78" success="true" from="nursery"/>
<exclusive-end id="2378" timestamp="2025-12-12T00:31:40.810" durationms="43.942" />

<exclusive-start id="2379" timestamp="2025-12-12T00:32:18.110" intervalms="37343.799">
  <response-info timems="0.222" idlems="0.222" threads="0" lastid="000000000085E100" lastname="weld-preloader-5" />
</exclusive-start>
<af-start id="2380" threadId="000000000085EB78" totalBytesRequested="32" timestamp="2025-12-12T00:32:18.111" intervalms="37344.034" type="nursery" />
<cycle-start id="2381" type="scavenge" contextid="0" timestamp="2025-12-12T00:32:18.112" intervalms="37344.269" />
<gc-start id="2382" type="scavenge" contextid="2381" timestamp="2025-12-12T00:32:18.114">
  <mem-info id="2383" free="44796200" total="293339136" percent="15">
    <mem type="nursery" free="0" total="143523840" percent="0">
      <mem type="allocate" free="0" total="114491392" percent="0" />
      <mem type="survivor" free="0" total="29032448" percent="0" />
    </mem>
    <mem type="tenure" free="44796200" total="149815296" percent="29">
      <mem type="soa" free="43297064" total="148316160" percent="29" />
      <mem type="loa" free="1499136" total="1499136" percent="100" />
    </mem>
    <remembered-set count="12664" />
  </mem-info>
</gc-start>
<allocation-stats totalBytes="106961904" discardedBytes="42776" >
  <allocated-bytes non-tlh="917664" tlh="106044240" />
  <largest-consumer threadName="Default Executor-thread-25" threadId="00000000018F7A00" bytes="77869280" />
</allocation-stats>
<gc-op id="2384" type="scavenge" timems="19.163" contextid="2381" timestamp="2025-12-12T00:32:18.134">
  <scavenger-info tenureage="9" tenuremask="7e00" tiltratio="79" />
  <memory-copied type="nursery" objects="198869" bytes="9530544" bytesdiscarded="190288" />
  <finalization candidates="129" enqueued="125" />
  <ownableSynchronizers candidates="3948" cleared="3401" />
  <references type="soft" candidates="2922" cleared="0" enqueued="0" dynamicThreshold="9" maxThreshold="32" />
  <references type="weak" candidates="3121" cleared="516" enqueued="510" />
  <references type="phantom" candidates="320" cleared="14" enqueued="14" />
  <object-monitors candidates="203" cleared="3"  />
</gc-op>
<gc-end id="2385" type="scavenge" contextid="2381" durationms="150.374" usertimems="189.685" systemtimems="56.797" stalltimems="100.747" timestamp="2025-12-12T00:32:18.264" activeThreads="15">
  <mem-info id="2386" free="152491616" total="293339136" percent="51">
    <mem type="nursery" free="107695416" total="143523840" percent="75">
      <mem type="allocate" free="107695416" total="117440512" percent="91" />
      <mem type="survivor" free="0" total="26083328" percent="0" />
    </mem>
    <mem type="tenure" free="44796200" total="149815296" percent="29" macro-fragmented="0">
      <mem type="soa" free="43297064" total="148316160" percent="29" />
      <mem type="loa" free="1499136" total="1499136" percent="100" />
    </mem>
    <pending-finalizers system="13" default="112" reference="524" classloader="0" />
    <remembered-set count="10469" />
  </mem-info>
</gc-end>
<cycle-end id="2387" type="scavenge" contextid="2381" timestamp="2025-12-12T00:32:18.266" />
<allocation-satisfied id="2388" threadId="000000000085E100" bytesRequested="32" />
<af-end id="2389" timestamp="2025-12-12T00:32:18.267" threadId="000000000085EB78" success="true" from="nursery"/>
<exclusive-end id="2390" timestamp="2025-12-12T00:32:18.268" durationms="158.350" />

<exclusive-start id="2391" timestamp="2025-12-12T00:32:21.831" intervalms="3720.831">
  <response-info timems="1.055" idlems="1.055" threads="0" lastid="000000000185CF00" lastname="Default Executor-thread-43" />
</exclusive-start>
<af-start id="2392" threadId="000000000185D978" totalBytesRequested="24" timestamp="2025-12-12T00:32:21.840" intervalms="3728.694" type="nursery" />
<cycle-start id="2393" type="scavenge" contextid="0" timestamp="2025-12-12T00:32:21.843" intervalms="3730.906" />
<gc-start id="2394" type="scavenge" contextid="2393" timestamp="2025-12-12T00:32:21.853">
  <mem-info id="2395" free="44549160" total="293339136" percent="15">
    <mem type="nursery" free="0" total="143523840" percent="0">
      <mem type="allocate" free="0" total="117440512" percent="0" />
      <mem type="survivor" free="0" total="26083328" percent="0" />
    </mem>
    <mem type="tenure" free="44549160" total="149815296" percent="29">
      <mem type="soa" free="43050024" total="148316160" percent="29" />
      <mem type="loa" free="1499136" total="1499136" percent="100" />
    </mem>
    <remembered-set count="15161" />
  </mem-info>
</gc-start>
<allocation-stats totalBytes="107756560" discardedBytes="116016" >
  <allocated-bytes non-tlh="430344" tlh="107326216" />
  <largest-consumer threadName="Default Executor-thread-25" threadId="00000000018F7A00" bytes="45209008" />
</allocation-stats>
<gc-op id="2396" type="scavenge" timems="24.441" contextid="2393" timestamp="2025-12-12T00:32:21.884">
  <scavenger-info tenureage="10" tenuremask="7c00" tiltratio="81" />
  <memory-copied type="nursery" objects="236685" bytes="12521992" bytesdiscarded="450608" />
  <finalization candidates="170" enqueued="166" />
  <ownableSynchronizers candidates="3580" cleared="2938" />
  <references type="soft" candidates="3888" cleared="0" enqueued="0" dynamicThreshold="9" maxThreshold="32" />
  <references type="weak" candidates="3633" cleared="722" enqueued="690" />
  <references type="phantom" candidates="421" cleared="89" enqueued="89" />
  <object-monitors candidates="209" cleared="9"  />
</gc-op>
<gc-end id="2397" type="scavenge" contextid="2393" durationms="165.526" usertimems="198.928" systemtimems="35.953" stalltimems="245.051" timestamp="2025-12-12T00:32:22.018" activeThreads="15">
  <mem-info id="2398" free="150310880" total="293339136" percent="51">
    <mem type="nursery" free="105761720" total="143523840" percent="73">
      <mem type="allocate" free="105761720" total="118751232" percent="89" />
      <mem type="survivor" free="0" total="24772608" percent="0" />
    </mem>
    <mem type="tenure" free="44549160" total="149815296" percent="29" macro-fragmented="16050736">
      <mem type="soa" free="43050024" total="148316160" percent="29" />
      <mem type="loa" free="1499136" total="1499136" percent="100" />
    </mem>
    <pending-finalizers system="138" default="28" reference="779" classloader="0" />
    <remembered-set count="11693" />
  </mem-info>
</gc-end>
<cycle-end id="2399" type="scavenge" contextid="2393" timestamp="2025-12-12T00:32:22.020" />
<allocation-satisfied id="2400" threadId="000000000185CF00" bytesRequested="24" />
<af-end id="2401" timestamp="2025-12-12T00:32:22.022" threadId="000000000185D978" success="true" from="nursery"/>
<exclusive-end id="2402" timestamp="2025-12-12T00:32:22.022" durationms="191.684" />

<exclusive-start id="2403" timestamp="2025-12-12T00:32:22.533" intervalms="702.779">
  <response-info timems="0.102" idlems="0.102" threads="0" lastid="0000000001874600" lastname="Default Executor-thread-18" />
</exclusive-start>
<af-start id="2404" threadId="0000000001875078" totalBytesRequested="24" timestamp="2025-12-12T00:32:22.534" intervalms="694.535" type="nursery" />
<cycle-start id="2405" type="scavenge" contextid="0" timestamp="2025-12-12T00:32:22.535" intervalms="691.857" />
<gc-start id="2406" type="scavenge" contextid="2405" timestamp="2025-12-12T00:32:22.537">
  <mem-info id="2407" free="44549056" total="293339136" percent="15">
    <mem type="nursery" free="0" total="143523840" percent="0">
      <mem type="allocate" free="0" total="118751232" percent="0" />
      <mem type="survivor" free="0" total="24772608" percent="0" />
    </mem>
    <mem type="tenure" free="44549056" total="149815296" percent="29">
      <mem type="soa" free="43049920" total="148316160" percent="29" />
      <mem type="loa" free="1499136" total="1499136" percent="100" />
    </mem>
    <remembered-set count="11810" />
  </mem-info>
</gc-start>
<allocation-stats totalBytes="105758856" discardedBytes="2968" >
  <allocated-bytes non-tlh="32904" tlh="105725952" />
  <largest-consumer threadName="Default Executor-thread-43" threadId="000000000185CF00" bytes="103547160" />
</allocation-stats>
<gc-op id="2408" type="scavenge" timems="59.204" contextid="2405" timestamp="2025-12-12T00:32:22.598">
  <scavenger-info tenureage="10" tenuremask="7c00" tiltratio="82" />
  <memory-copied type="nursery" objects="262492" bytes="13145624" bytesdiscarded="160320" />
  <finalization candidates="4" enqueued="0" />
  <ownableSynchronizers candidates="699" cleared="57" />
  <references type="soft" candidates="3888" cleared="0" enqueued="0" dynamicThreshold="9" maxThreshold="32" />
  <references type="weak" candidates="2919" cleared="2" enqueued="1" />
  <references type="phantom" candidates="332" cleared="0" enqueued="0" />
  <object-monitors candidates="200" cleared="0"  />
</gc-op>
<heap-resize id="2409" type="expand" space="nursery" amount="6553600" count="1" timems="0.063" reason="excessive time being spent scavenging" timestamp="2025-12-12T00:32:22.598" />
<gc-end id="2410" type="scavenge" contextid="2405" durationms="69.756" usertimems="76.047" systemtimems="22.489" stalltimems="67.052" timestamp="2025-12-12T00:32:22.606" activeThreads="11">
  <mem-info id="2411" free="157058280" total="299892736" percent="52">
    <mem type="nursery" free="112509224" total="150077440" percent="74">
      <mem type="allocate" free="112509224" total="125829120" percent="89" />
      <mem type="survivor" free="0" total="24248320" percent="0" />
    </mem>
    <mem type="tenure" free="44549056" total="149815296" percent="29" macro-fragmented="13104">
      <mem type="soa" free="43049920" total="148316160" percent="29" />
      <mem type="loa" free="1499136" total="1499136" percent="100" />
    </mem>
    <pending-finalizers system="0" default="0" reference="1" classloader="0" />
    <remembered-set count="11249" />
  </mem-info>
</gc-end>
<cycle-end id="2412" type="scavenge" contextid="2405" timestamp="2025-12-12T00:32:22.608" />
<allocation-satisfied id="2413" threadId="0000000001874600" bytesRequested="24" />
<af-end id="2414" timestamp="2025-12-12T00:32:22.609" threadId="0000000001875078" success="true" from="nursery"/>
<exclusive-end id="2415" timestamp="2025-12-12T00:32:22.610" durationms="76.825" />

<exclusive-start id="2416" timestamp="2025-12-12T00:33:45.046" intervalms="82512.357">
  <response-info timems="0.292" idlems="0.292" threads="0" lastid="00000000018B0900" lastname="Default Executor-thread-63" />
</exclusive-start>
<af-start id="2417" threadId="00000000018B1378" totalBytesRequested="32" timestamp="2025-12-12T00:33:45.051" intervalms="82516.644" type="nursery" />
<cycle-start id="2418" type="scavenge" contextid="0" timestamp="2025-12-12T00:33:45.054" intervalms="82518.564" />
<gc-start id="2419" type="scavenge" contextid="2418" timestamp="2025-12-12T00:33:45.057">
  <mem-info id="2420" free="44534552" total="299892736" percent="14">
    <mem type="nursery" free="0" total="150077440" percent="0">
      <mem type="allocate" free="0" total="125829120" percent="0" />
      <mem type="survivor" free="0" total="24248320" percent="0" />
    </mem>
    <mem type="tenure" free="44534552" total="149815296" percent="29">
      <mem type="soa" free="43035416" total="148316160" percent="29" />
      <mem type="loa" free="1499136" total="1499136" percent="100" />
    </mem>
    <remembered-set count="12364" />
  </mem-info>
</gc-start>
<allocation-stats totalBytes="112465968" discardedBytes="51832" >
  <allocated-bytes non-tlh="1221224" tlh="111244744" />
  <largest-consumer threadName="Default Executor-thread-43" threadId="000000000185CF00" bytes="41700440" />
</allocation-stats>
<gc-op id="2421" type="scavenge" timems="33.069" contextid="2418" timestamp="2025-12-12T00:33:45.094">
  <scavenger-info tenureage="3" tenuremask="7c18" tiltratio="83" />
  <memory-copied type="nursery" objects="109783" bytes="5649384" bytesdiscarded="571104" />
  <memory-copied type="tenure" objects="91762" bytes="5123496" bytesdiscarded="39376" />
  <finalization candidates="8" enqueued="4" />
  <ownableSynchronizers candidates="7625" cleared="6953" />
  <references type="soft" candidates="2791" cleared="0" enqueued="0" dynamicThreshold="9" maxThreshold="32" />
  <references type="weak" candidates="1871" cleared="49" enqueued="40" />
  <references type="phantom" candidates="374" cleared="199" enqueued="199" />
  <object-monitors candidates="222" cleared="14"  />
</gc-op>
<gc-end id="2422" type="scavenge" contextid="2418" durationms="127.941" usertimems="247.761" systemtimems="60.439" stalltimems="192.795" timestamp="2025-12-12T00:33:45.185" activeThreads="17">
  <mem-info id="2423" free="161305632" total="299892736" percent="53">
    <mem type="nursery" free="122025136" total="150077440" percent="81">
      <mem type="allocate" free="122025136" total="128253952" percent="95" />
      <mem type="survivor" free="0" total="21823488" percent="0" />
    </mem>
    <mem type="tenure" free="39280496" total="149815296" percent="26" macro-fragmented="16050736">
      <mem type="soa" free="37781360" total="148316160" percent="25" />
      <mem type="loa" free="1499136" total="1499136" percent="100" />
    </mem>
    <pending-finalizers system="4" default="0" reference="239" classloader="0" />
    <remembered-set count="6430" />
  </mem-info>
</gc-end>
<cycle-end id="2424" type="scavenge" contextid="2418" timestamp="2025-12-12T00:33:45.186" />
<allocation-satisfied id="2425" threadId="00000000018B0900" bytesRequested="32" />
<af-end id="2426" timestamp="2025-12-12T00:33:45.187" threadId="00000000018B1378" success="true" from="nursery"/>
<exclusive-end id="2427" timestamp="2025-12-12T00:33:45.188" durationms="142.199" />

<exclusive-start id="2428" timestamp="2025-12-12T00:35:35.572" intervalms="110525.734">
  <response-info timems="0.209" idlems="0.209" threads="0" lastid="00000000018B0900" lastname="Default Executor-thread-63" />
</exclusive-start>
<af-start id="2429" threadId="00000000018B1378" totalBytesRequested="1880" timestamp="2025-12-12T00:35:35.574" intervalms="110523.014" type="nursery" />
<cycle-start id="2430" type="scavenge" contextid="0" timestamp="2025-12-12T00:35:35.576" intervalms="110522.070" />
<gc-start id="2431" type="scavenge" contextid="2430" timestamp="2025-12-12T00:35:35.580">
  <mem-info id="2432" free="39114048" total="299892736" percent="13">
    <mem type="nursery" free="0" total="150077440" percent="0">
      <mem type="allocate" free="0" total="128253952" percent="0" />
      <mem type="survivor" free="0" total="21823488" percent="0" />
    </mem>
    <mem type="tenure" free="39114048" total="149815296" percent="26">
      <mem type="soa" free="37614912" total="148316160" percent="25" />
      <mem type="loa" free="1499136" total="1499136" percent="100" />
    </mem>
    <remembered-set count="9474" />
  </mem-info>
</gc-start>
<allocation-stats totalBytes="121956200" discardedBytes="205448" >
  <allocated-bytes non-tlh="333200" tlh="121623000" />
  <largest-consumer threadName="Default Executor-thread-63" threadId="00000000018B0900" bytes="36939792" />
</allocation-stats>
<gc-op id="2433" type="scavenge" timems="48.992" contextid="2430" timestamp="2025-12-12T00:35:35.637">
  <scavenger-info tenureage="6" tenuremask="79c0" tiltratio="85" />
  <memory-copied type="nursery" objects="80625" bytes="4343592" bytesdiscarded="525504" />
  <memory-copied type="tenure" objects="44861" bytes="2151232" bytesdiscarded="13440" />
  <finalization candidates="22" enqueued="19" />
  <ownableSynchronizers candidates="9720" cleared="9368" />
  <references type="soft" candidates="1225" cleared="0" enqueued="0" dynamicThreshold="9" maxThreshold="32" />
  <references type="weak" candidates="2086" cleared="606" enqueued="595" />
  <references type="phantom" candidates="625" cleared="488" enqueued="488" />
  <object-monitors candidates="212" cleared="0"  />
</gc-op>
<gc-end id="2434" type="scavenge" contextid="2430" durationms="252.249" usertimems="192.912" systemtimems="62.959" stalltimems="536.628" timestamp="2025-12-12T00:35:35.832" activeThreads="16">
  <mem-info id="2435" free="162925928" total="299892736" percent="54">
    <mem type="nursery" free="126329536" total="150077440" percent="84">
      <mem type="allocate" free="126329536" total="131203072" percent="96" />
      <mem type="survivor" free="0" total="18874368" percent="0" />
    </mem>
    <mem type="tenure" free="36596392" total="149815296" percent="24" macro-fragmented="27735676">
      <mem type="soa" free="35097256" total="148316160" percent="23" />
      <mem type="loa" free="1499136" total="1499136" percent="100" />
    </mem>
    <pending-finalizers system="19" default="0" reference="1083" classloader="0" />
    <remembered-set count="4028" />
  </mem-info>
</gc-end>
<cycle-end id="2436" type="scavenge" contextid="2430" timestamp="2025-12-12T00:35:35.836" />
<allocation-satisfied id="2437" threadId="00000000018B0900" bytesRequested="1880" />
<af-end id="2438" timestamp="2025-12-12T00:35:35.837" threadId="00000000018B1378" success="true" from="nursery"/>
<exclusive-end id="2439" timestamp="2025-12-12T00:35:35.838" durationms="266.248" />

<exclusive-start id="2440" timestamp="2025-12-12T00:37:07.491" intervalms="91919.499">
  <response-info timems="0.066" idlems="0.066" threads="0" lastid="00000000018F6100" lastname="Default Executor-thread-98" />
</exclusive-start>
<af-start id="2441" threadId="00000000018F6B78" totalBytesRequested="2056" timestamp="2025-12-12T00:37:07.493" intervalms="91919.632" type="nursery" />
<cycle-start id="2442" type="scavenge" contextid="0" timestamp="2025-12-12T00:37:07.496" intervalms="91920.437" />
<gc-start id="2443" type="scavenge" contextid="2442" timestamp="2025-12-12T00:37:07.500">
  <mem-info id="2444" free="36430584" total="299892736" percent="12">
    <mem type="nursery" free="0" total="150077440" percent="0">
      <mem type="allocate" free="0" total="131203072" percent="0" />
      <mem type="survivor" free="0" total="18874368" percent="0" />
    </mem>
    <mem type="tenure" free="36430584" total="149815296" percent="24">
      <mem type="soa" free="34931448" total="148316160" percent="23" />
      <mem type="loa" free="1499136" total="1499136" percent="100" />
    </mem>
    <remembered-set count="7149" />
  </mem-info>
</gc-start>
<allocation-stats totalBytes="121626576" discardedBytes="4868024" >
  <allocated-bytes non-tlh="14421536" tlh="107205040" />
  <largest-consumer threadName="Default Executor-thread-63" threadId="00000000018B0900" bytes="14594176" />
</allocation-stats>
<gc-op id="2445" type="scavenge" timems="50.356" contextid="2442" timestamp="2025-12-12T00:37:07.553">
  <scavenger-info tenureage="12" tenuremask="7000" tiltratio="87" />
  <memory-copied type="nursery" objects="87340" bytes="18639856" bytesdiscarded="219368" />
  <memory-copied type="tenure" objects="108" bytes="16773984" bytesdiscarded="0" />
  <copy-failed type="nursery" objects="108" bytes="16773984" />
  <finalization candidates="15" enqueued="14" />
  <ownableSynchronizers candidates="8030" cleared="7752" />
  <references type="soft" candidates="1257" cleared="0" enqueued="0" dynamicThreshold="9" maxThreshold="32" />
  <references type="weak" candidates="2341" cleared="503" enqueued="502" />
  <references type="phantom" candidates="153" cleared="9" enqueued="9" />
  <object-monitors candidates="240" cleared="12"  />
</gc-op>
<gc-end id="2446" type="scavenge" contextid="2442" durationms="119.577" usertimems="99.811" systemtimems="68.933" stalltimems="330.860" timestamp="2025-12-12T00:37:07.619" activeThreads="12">
  <mem-info id="2447" free="75830128" total="299892736" percent="25">
    <mem type="nursery" free="56173528" total="150077440" percent="37">
      <mem type="allocate" free="56173528" total="75038720" percent="74" />
      <mem type="survivor" free="0" total="75038720" percent="0" />
    </mem>
    <mem type="tenure" free="19656600" total="149815296" percent="13" macro-fragmented="97368">
      <mem type="soa" free="18157464" total="148316160" percent="12" />
      <mem type="loa" free="1499136" total="1499136" percent="100" />
    </mem>
    <pending-finalizers system="14" default="0" reference="511" classloader="0" />
    <remembered-set count="6252" />
  </mem-info>
</gc-end>
<cycle-end id="2448" type="scavenge" contextid="2442" timestamp="2025-12-12T00:37:07.622" />
<allocation-satisfied id="2449" threadId="00000000018F6100" bytesRequested="2056" />
<af-end id="2450" timestamp="2025-12-12T00:37:07.624" threadId="00000000018F6B78" success="true" from="nursery"/>
<exclusive-end id="2451" timestamp="2025-12-12T00:37:07.624" durationms="133.319" />

<concurrent-kickoff id="2452" timestamp="2025-12-12T00:38:03.531">
  <kickoff reason="threshold reached" targetBytes="80905698" thresholdFreeBytes="11159240"  remainingFree="11152320" tenureFreeBytes="19656208" nurseryFreeBytes="11152320" />
</concurrent-kickoff>
<exclusive-start id="2453" timestamp="2025-12-12T00:38:03.538" intervalms="56047.360">
  <response-info timems="0.208" idlems="0.208" threads="0" lastid="000000000191C200" lastname="Default Executor-thread-49" />
</exclusive-start>
<cycle-start id="2454" type="global" contextid="0" timestamp="2025-12-12T00:38:03.541" intervalms="402636.707" />
<concurrent-start id="2455" type="global mark" contextid="2454" timestamp="2025-12-12T00:38:03.543">
</concurrent-start>
<exclusive-end id="2456" timestamp="2025-12-12T00:38:03.547" durationms="8.791" />

<concurrent-end id="2457" type="global mark" contextid="2454" timestamp="2025-12-12T00:38:16.679">
<gc-op id="2458" type="trace" timems="13135.667" contextid="2454" timestamp="2025-12-12T00:38:16.679">
  <trace bytesTraced="68872288" workStackOverflowCount="0" />
  <card-cleaning reason="card cleaning threshold reached" bytesTraced="63328" cardsCleaned="193" />
</gc-op>
</concurrent-end>

<exclusive-start id="2459" timestamp="2025-12-12T00:38:16.683" intervalms="13145.039">
  <response-info timems="0.372" idlems="0.372" threads="0" lastid="00000000026E4800" lastname="Default Executor-thread-60" />
</exclusive-start>
<concurrent-global-final id="2460" timestamp="2025-12-12T00:38:16.687" contextid="2454" intervalms="415614.067" >
  <concurrent-trace-info reason="card cleaning threshold reached" tracedByMutators="744600" tracedByHelpers="68191016" cardsCleaned="193" workStackOverflowCount="0" />
</concurrent-global-final>
<gc-start id="2461" type="global" contextid="2454" timestamp="2025-12-12T00:38:16.691">
  <mem-info id="2462" free="20462032" total="299892736" percent="6">
    <mem type="nursery" free="805824" total="150077440" percent="0">
      <mem type="allocate" free="805824" total="75038720" percent="1" />
      <mem type="survivor" free="0" total="75038720" percent="0" />
    </mem>
    <mem type="tenure" free="19656208" total="149815296" percent="13">
      <mem type="soa" free="18157072" total="148316160" percent="12" />
      <mem type="loa" free="1499136" total="1499136" percent="100" />
    </mem>
    <remembered-set count="6956" />
  </mem-info>
</gc-start>
<allocation-stats totalBytes="55233712" discardedBytes="134384" >
  <allocated-bytes non-tlh="68000" tlh="55165712" />
  <largest-consumer threadName="Timer-7" threadId="0000000000FF2300" bytes="12963960" />
</allocation-stats>
<gc-op id="2463" type="rs-scan" timems="4.764" contextid="2454" timestamp="2025-12-12T00:38:16.699">
  <scan objectsFound="75455" bytesTraced="2936896" workStackOverflowCount="0" />
</gc-op>
<gc-op id="2464" type="card-cleaning" timems="1.765" contextid="2454" timestamp="2025-12-12T00:38:16.703">
  <card-cleaning cardsCleaned="62" bytesTraced="58000" workStackOverflowCount="0" />
</gc-op>
<gc-op id="2465" type="mark" timems="37.111" contextid="2454" timestamp="2025-12-12T00:38:16.742">
  <trace-info objectcount="11949" scancount="11391" scanbytes="346512" />
  <finalization candidates="909" enqueued="1" />
  <ownableSynchronizers candidates="15587" cleared="5856" />
  <references type="soft" candidates="19680" cleared="1156" enqueued="1152" dynamicThreshold="9" maxThreshold="32" />
  <references type="weak" candidates="19687" cleared="175" enqueued="173" />
  <references type="phantom" candidates="1460" cleared="4" enqueued="4" />
  <stringconstants candidates="58790" cleared="194"  />
  <object-monitors candidates="228" cleared="40"  />
</gc-op>
<gc-op id="2466" type="classunload" timems="3.293" contextid="2454" timestamp="2025-12-12T00:38:16.747">
  <classunload-info classloadercandidates="594" classloadersunloaded="7" classesunloaded="2" anonymousclassesunloaded="0" quiescems="0.000" setupms="3.206" scanms="0.032" postms="0.054" />
</gc-op>
<gc-op id="2467" type="sweep" timems="3.999" contextid="2454" timestamp="2025-12-12T00:38:16.752" />
<heap-resize id="2468" type="expand" space="tenure" amount="31653888" count="1" timems="0.675" reason="insufficient free space following gc" timestamp="2025-12-12T00:38:16.753" />
<gc-end id="2469" type="global" contextid="2454" durationms="79.201" usertimems="182.910" systemtimems="28.516" stalltimems="506.054" timestamp="2025-12-12T00:38:16.770" activeThreads="20">
  <mem-info id="2470" free="110819520" total="331546624" percent="33">
    <mem type="nursery" free="56372440" total="150077440" percent="37">
      <mem type="allocate" free="56372440" total="75038720" percent="75" />
      <mem type="survivor" free="0" total="75038720" percent="0" />
    </mem>
    <mem type="tenure" free="54447080" total="181469184" percent="30" micro-fragmented="3719847" macro-fragmented="0">
      <mem type="soa" free="52631528" total="179653632" percent="29" />
      <mem type="loa" free="1815552" total="1815552" percent="100" />
    </mem>
    <pending-finalizers system="1" default="0" reference="1329" classloader="0" />
    <remembered-set count="5907" />
  </mem-info>
</gc-end>
<cycle-end id="2471" type="global" contextid="2454" timestamp="2025-12-12T00:38:16.771" />
<exclusive-end id="2472" timestamp="2025-12-12T00:38:16.771" durationms="87.947" />

<exclusive-start id="2473" timestamp="2025-12-12T00:39:06.648" intervalms="49963.994">
  <response-info timems="0.273" idlems="0.273" threads="0" lastid="0000000001935000" lastname="Default Executor-thread-12" />
</exclusive-start>
<af-start id="2474" threadId="0000000001935A78" totalBytesRequested="2056" timestamp="2025-12-12T00:39:06.652" intervalms="119158.668" type="nursery" />
<cycle-start id="2475" type="scavenge" contextid="0" timestamp="2025-12-12T00:39:06.662" intervalms="119165.425" />
<gc-start id="2476" type="scavenge" contextid="2475" timestamp="2025-12-12T00:39:06.668">
  <mem-info id="2477" free="54437160" total="331546624" percent="16">
    <mem type="nursery" free="0" total="150077440" percent="0">
      <mem type="allocate" free="0" total="75038720" percent="0" />
      <mem type="survivor" free="0" total="75038720" percent="0" />
    </mem>
    <mem type="tenure" free="54437160" total="181469184" percent="29">
      <mem type="soa" free="52621608" total="179653632" percent="29" />
      <mem type="loa" free="1815552" total="1815552" percent="100" />
    </mem>
    <remembered-set count="8179" />
  </mem-info>
</gc-start>
<allocation-stats totalBytes="56252912" discardedBytes="126480" >
  <allocated-bytes non-tlh="421352" tlh="55831560" />
  <largest-consumer threadName="Timer-7" threadId="0000000000FF2300" bytes="7864672" />
</allocation-stats>
<gc-op id="2478" type="scavenge" timems="37.231" contextid="2475" timestamp="2025-12-12T00:39:06.709">
  <scavenger-info tenureage="4" tenuremask="fff0" tiltratio="50" />
  <memory-copied type="nursery" objects="60071" bytes="16628976" bytesdiscarded="498680" />
  <memory-copied type="tenure" objects="36604" bytes="2408512" bytesdiscarded="21048" />
  <finalization candidates="6" enqueued="4" />
  <ownableSynchronizers candidates="23637" cleared="23331" />
  <references type="soft" candidates="283" cleared="0" enqueued="0" dynamicThreshold="9" maxThreshold="32" />
  <references type="weak" candidates="1613" cleared="38" enqueued="16" />
  <references type="phantom" candidates="575" cleared="486" enqueued="486" />
  <object-monitors candidates="191" cleared="0"  />
</gc-op>
<gc-end id="2479" type="scavenge" contextid="2475" durationms="106.619" usertimems="167.465" systemtimems="25.146" stalltimems="161.754" timestamp="2025-12-12T00:39:06.774" activeThreads="11">
  <mem-info id="2480" free="110151784" total="331546624" percent="33">
    <mem type="nursery" free="58169768" total="150077440" percent="38">
      <mem type="allocate" free="58169768" total="75300864" percent="77" />
      <mem type="survivor" free="0" total="74776576" percent="0" />
    </mem>
    <mem type="tenure" free="51982016" total="181469184" percent="28" macro-fragmented="61448">
      <mem type="soa" free="50166464" total="179653632" percent="27" />
      <mem type="loa" free="1815552" total="1815552" percent="100" />
    </mem>
    <pending-finalizers system="2" default="2" reference="502" classloader="0" />
    <remembered-set count="5062" />
  </mem-info>
</gc-end>
<cycle-end id="2481" type="scavenge" contextid="2475" timestamp="2025-12-12T00:39:06.778" />
<allocation-satisfied id="2482" threadId="0000000001935000" bytesRequested="2056" />
<af-end id="2483" timestamp="2025-12-12T00:39:06.779" threadId="0000000001935A78" success="true" from="nursery"/>
<exclusive-end id="2484" timestamp="2025-12-12T00:39:06.780" durationms="132.714" />

<exclusive-start id="2485" timestamp="2025-12-12T00:40:05.438" intervalms="58790.410">
  <response-info timems="0.167" idlems="0.167" threads="0" lastid="0000000000795F00" lastname="Default Executor-thread-68" />
</exclusive-start>
<af-start id="2486" threadId="0000000000796978" totalBytesRequested="176" timestamp="2025-12-12T00:40:05.440" intervalms="58787.762" type="nursery" />
<cycle-start id="2487" type="scavenge" contextid="0" timestamp="2025-12-12T00:40:05.443" intervalms="58781.346" />
<gc-start id="2488" type="scavenge" contextid="2487" timestamp="2025-12-12T00:40:05.445">
  <mem-info id="2489" free="51957872" total="331546624" percent="15">
    <mem type="nursery" free="0" total="150077440" percent="0">
      <mem type="allocate" free="0" total="75300864" percent="0" />
      <mem type="survivor" free="0" total="74776576" percent="0" />
    </mem>
    <mem type="tenure" free="51957872" total="181469184" percent="28">
      <mem type="soa" free="50142320" total="179653632" percent="27" />
      <mem type="loa" free="1815552" total="1815552" percent="100" />
    </mem>
    <remembered-set count="6188" />
  </mem-info>
</gc-start>
<allocation-stats totalBytes="58110208" discardedBytes="77088" >
  <allocated-bytes non-tlh="85136" tlh="58025072" />
  <largest-consumer threadName="Timer-7" threadId="0000000000FF2300" bytes="10454304" />
</allocation-stats>
<gc-op id="2490" type="scavenge" timems="67.347" contextid="2487" timestamp="2025-12-12T00:40:05.516">
  <scavenger-info tenureage="2" tenuremask="ff84" tiltratio="50" />
  <memory-copied type="nursery" objects="40992" bytes="2141936" bytesdiscarded="548208" />
  <memory-copied type="tenure" objects="9924" bytes="14466944" bytesdiscarded="7744" />
  <finalization candidates="5" enqueued="4" />
  <ownableSynchronizers candidates="5285" cleared="5148" />
  <references type="soft" candidates="373" cleared="0" enqueued="0" dynamicThreshold="9" maxThreshold="32" />
  <references type="weak" candidates="1306" cleared="81" enqueued="80" />
  <references type="phantom" candidates="102" cleared="8" enqueued="8" />
  <object-monitors candidates="191" cleared="0"  />
</gc-op>
<gc-end id="2491" type="scavenge" contextid="2487" durationms="125.364" usertimems="64.244" systemtimems="40.276" stalltimems="166.724" timestamp="2025-12-12T00:40:05.571" activeThreads="11">
  <mem-info id="2492" free="120863416" total="331546624" percent="36">
    <mem type="nursery" free="83422288" total="150077440" percent="55">
      <mem type="allocate" free="83422288" total="86114304" percent="96" />
      <mem type="survivor" free="0" total="63963136" percent="0" />
    </mem>
    <mem type="tenure" free="37441128" total="181469184" percent="20" macro-fragmented="16050736">
      <mem type="soa" free="35625576" total="179653632" percent="19" />
      <mem type="loa" free="1815552" total="1815552" percent="100" />
    </mem>
    <pending-finalizers system="4" default="0" reference="88" classloader="0" />
    <remembered-set count="4414" />
  </mem-info>
</gc-end>
<cycle-end id="2493" type="scavenge" contextid="2487" timestamp="2025-12-12T00:40:05.574" />
<allocation-satisfied id="2494" threadId="0000000000795F00" bytesRequested="176" />
<af-end id="2495" timestamp="2025-12-12T00:40:05.576" threadId="0000000000796978" success="true" from="nursery"/>
<exclusive-end id="2496" timestamp="2025-12-12T00:40:05.576" durationms="138.365" />

<exclusive-start id="2497" timestamp="2025-12-12T00:41:00.744" intervalms="55306.297">
  <response-info timems="0.203" idlems="0.203" threads="0" lastid="000000000198DA00" lastname="Default Executor-thread-55" />
</exclusive-start>
<af-start id="2498" threadId="000000000198E478" totalBytesRequested="8200" timestamp="2025-12-12T00:41:00.752" intervalms="55312.015" type="nursery" />
<cycle-start id="2499" type="scavenge" contextid="0" timestamp="2025-12-12T00:41:00.757" intervalms="55314.102" />
<gc-start id="2500" type="scavenge" contextid="2499" timestamp="2025-12-12T00:41:00.762">
  <mem-info id="2501" free="37410576" total="331546624" percent="11">
    <mem type="nursery" free="0" total="150077440" percent="0">
      <mem type="allocate" free="0" total="86114304" percent="0" />
      <mem type="survivor" free="0" total="63963136" percent="0" />
    </mem>
    <mem type="tenure" free="37410576" total="181469184" percent="20">
      <mem type="soa" free="35595024" total="179653632" percent="19" />
      <mem type="loa" free="1815552" total="1815552" percent="100" />
    </mem>
    <remembered-set count="6230" />
  </mem-info>
</gc-start>
<allocation-stats totalBytes="83372496" discardedBytes="72248" >
  <allocated-bytes non-tlh="859968" tlh="82512528" />
  <largest-consumer threadName="Default Executor-thread-55" threadId="000000000198DA00" bytes="22392312" />
</allocation-stats>
<gc-op id="2502" type="scavenge" timems="15.891" contextid="2499" timestamp="2025-12-12T00:41:00.785">
  <scavenger-info tenureage="5" tenuremask="ffe0" tiltratio="57" />
  <memory-copied type="nursery" objects="51433" bytes="3068264" bytesdiscarded="249072" />
  <memory-copied type="tenure" objects="21281" bytes="671936" bytesdiscarded="3016" />
  <finalization candidates="59" enqueued="56" />
  <ownableSynchronizers candidates="4366" cleared="4197" />
  <references type="soft" candidates="391" cleared="0" enqueued="0" dynamicThreshold="9" maxThreshold="32" />
  <references type="weak" candidates="1322" cleared="229" enqueued="215" />
  <references type="phantom" candidates="348" cleared="187" enqueued="187" />
  <object-monitors candidates="212" cleared="12"  />
</gc-op>
<gc-end id="2503" type="scavenge" contextid="2499" durationms="95.051" usertimems="62.173" systemtimems="24.933" stalltimems="96.599" timestamp="2025-12-12T00:41:00.857" activeThreads="13">
  <mem-info id="2504" free="131268208" total="331546624" percent="39">
    <mem type="nursery" free="94587776" total="150077440" percent="63">
      <mem type="allocate" free="94587776" total="97910784" percent="96" />
      <mem type="survivor" free="0" total="52166656" percent="0" />
    </mem>
    <mem type="tenure" free="36680432" total="181469184" percent="20" macro-fragmented="0">
      <mem type="soa" free="34864880" total="179653632" percent="19" />
      <mem type="loa" free="1815552" total="1815552" percent="100" />
    </mem>
    <pending-finalizers system="10" default="46" reference="402" classloader="0" />
    <remembered-set count="3818" />
  </mem-info>
</gc-end>
<cycle-end id="2505" type="scavenge" contextid="2499" timestamp="2025-12-12T00:41:00.859" />
<allocation-satisfied id="2506" threadId="000000000198DA00" bytesRequested="8200" />
<af-end id="2507" timestamp="2025-12-12T00:41:00.864" threadId="000000000198E478" success="true" from="nursery"/>
<exclusive-end id="2508" timestamp="2025-12-12T00:41:00.865" durationms="121.263" />

<exclusive-start id="2509" timestamp="2025-12-12T00:41:45.081" intervalms="44336.994">
  <response-info timems="0.181" idlems="0.181" threads="0" lastid="00000000015AAC00" lastname="Default Executor-thread-123" />
</exclusive-start>
<af-start id="2510" threadId="00000000015AB678" totalBytesRequested="24" timestamp="2025-12-12T00:41:45.086" intervalms="44333.922" type="nursery" />
<cycle-start id="2511" type="scavenge" contextid="0" timestamp="2025-12-12T00:41:45.088" intervalms="44331.065" />
<gc-start id="2512" type="scavenge" contextid="2511" timestamp="2025-12-12T00:41:45.091">
  <mem-info id="2513" free="36638848" total="331546624" percent="11">
    <mem type="nursery" free="0" total="150077440" percent="0">
      <mem type="allocate" free="0" total="97910784" percent="0" />
      <mem type="survivor" free="0" total="52166656" percent="0" />
    </mem>
    <mem type="tenure" free="36638848" total="181469184" percent="20">
      <mem type="soa" free="34823296" total="179653632" percent="19" />
      <mem type="loa" free="1815552" total="1815552" percent="100" />
    </mem>
    <remembered-set count="5332" />
  </mem-info>
</gc-start>
<allocation-stats totalBytes="94557376" discardedBytes="62280" >
  <allocated-bytes non-tlh="367784" tlh="94189592" />
  <largest-consumer threadName="Timer-7" threadId="0000000000FF2300" bytes="7078984" />
</allocation-stats>
<gc-op id="2514" type="scavenge" timems="61.443" contextid="2511" timestamp="2025-12-12T00:41:45.155">
  <scavenger-info tenureage="4" tenuremask="ff90" tiltratio="65" />
  <memory-copied type="nursery" objects="94621" bytes="5435784" bytesdiscarded="187680" />
  <finalization candidates="52" enqueued="49" />
  <ownableSynchronizers candidates="7331" cleared="6975" />
  <references type="soft" candidates="598" cleared="0" enqueued="0" dynamicThreshold="9" maxThreshold="32" />
  <references type="weak" candidates="2036" cleared="555" enqueued="528" />
  <references type="phantom" candidates="282" cleared="102" enqueued="102" />
  <object-monitors candidates="249" cleared="39"  />
</gc-op>
<gc-end id="2515" type="scavenge" contextid="2511" durationms="282.959" usertimems="136.422" systemtimems="42.425" stalltimems="58.968" timestamp="2025-12-12T00:41:45.374" activeThreads="10">
  <mem-info id="2516" free="137434864" total="331546624" percent="41">
    <mem type="nursery" free="100796016" total="150077440" percent="67">
      <mem type="allocate" free="100796016" total="106430464" percent="94" />
      <mem type="survivor" free="0" total="43646976" percent="0" />
    </mem>
    <mem type="tenure" free="36638848" total="181469184" percent="20" macro-fragmented="61448">
      <mem type="soa" free="34823296" total="179653632" percent="19" />
      <mem type="loa" free="1815552" total="1815552" percent="100" />
    </mem>
    <pending-finalizers system="1" default="48" reference="630" classloader="0" />
    <remembered-set count="4311" />
  </mem-info>
</gc-end>
<cycle-end id="2517" type="scavenge" contextid="2511" timestamp="2025-12-12T00:41:45.378" />
<allocation-satisfied id="2518" threadId="00000000015AAC00" bytesRequested="24" />
<af-end id="2519" timestamp="2025-12-12T00:41:45.381" threadId="00000000015AB678" success="true" from="nursery"/>
<exclusive-end id="2520" timestamp="2025-12-12T00:41:45.382" durationms="300.804" />

<exclusive-start id="2521" timestamp="2025-12-12T00:43:26.867" intervalms="101785.722">
  <response-info timems="0.498" idlems="0.498" threads="0" lastid="00000000005F3B00" lastname="Default Executor-thread-40" />
</exclusive-start>
<af-start id="2522" threadId="00000000005F4578" totalBytesRequested="392" timestamp="2025-12-12T00:43:26.872" intervalms="101786.035" type="nursery" />
<cycle-start id="2523" type="scavenge" contextid="0" timestamp="2025-12-12T00:43:26.874" intervalms="101786.401" />
<gc-start id="2524" type="scavenge" contextid="2523" timestamp="2025-12-12T00:43:26.877">
  <mem-info id="2525" free="36638328" total="331546624" percent="11">
    <mem type="nursery" free="0" total="150077440" percent="0">
      <mem type="allocate" free="0" total="106430464" percent="0" />
      <mem type="survivor" free="0" total="43646976" percent="0" />
    </mem>
    <mem type="tenure" free="36638328" total="181469184" percent="20">
      <mem type="soa" free="34822776" total="179653632" percent="19" />
      <mem type="loa" free="1815552" total="1815552" percent="100" />
    </mem>
    <remembered-set count="5698" />
  </mem-info>
</gc-start>
<allocation-stats totalBytes="100719824" discardedBytes="76712" >
  <allocated-bytes non-tlh="770712" tlh="99949112" />
  <largest-consumer threadName="Timer-7" threadId="0000000000FF2300" bytes="17477696" />
</allocation-stats>
<gc-op id="2526" type="scavenge" timems="30.982" contextid="2523" timestamp="2025-12-12T00:43:26.910">
  <scavenger-info tenureage="5" tenuremask="ffa0" tiltratio="70" />
  <memory-copied type="nursery" objects="86146" bytes="5276704" bytesdiscarded="695200" />
  <finalization candidates="6" enqueued="1" />
  <ownableSynchronizers candidates="8517" cleared="8239" />
  <references type="soft" candidates="604" cleared="0" enqueued="0" dynamicThreshold="9" maxThreshold="32" />
  <references type="weak" candidates="1945" cleared="111" enqueued="79" />
  <references type="phantom" candidates="197" cleared="5" enqueued="5" />
  <object-monitors candidates="233" cleared="24"  />
</gc-op>
<gc-end id="2527" type="scavenge" contextid="2523" durationms="112.078" usertimems="66.652" systemtimems="33.453" stalltimems="161.536" timestamp="2025-12-12T00:43:26.989" activeThreads="16">
  <mem-info id="2528" free="144431024" total="331546624" percent="43">
    <mem type="nursery" free="107792696" total="150077440" percent="71">
      <mem type="allocate" free="107792696" total="113770496" percent="94" />
      <mem type="survivor" free="0" total="36306944" percent="0" />
    </mem>
    <mem type="tenure" free="36638328" total="181469184" percent="20" macro-fragmented="0">
      <mem type="soa" free="34822776" total="179653632" percent="19" />
      <mem type="loa" free="1815552" total="1815552" percent="100" />
    </mem>
    <pending-finalizers system="1" default="0" reference="84" classloader="0" />
    <remembered-set count="4030" />
  </mem-info>
</gc-end>
<cycle-end id="2529" type="scavenge" contextid="2523" timestamp="2025-12-12T00:43:26.993" />
<allocation-satisfied id="2530" threadId="00000000005F3B00" bytesRequested="392" />
<af-end id="2531" timestamp="2025-12-12T00:43:26.995" threadId="00000000005F4578" success="true" from="nursery"/>
<exclusive-end id="2532" timestamp="2025-12-12T00:43:26.996" durationms="129.125" />

<exclusive-start id="2533" timestamp="2025-12-12T00:44:07.949" intervalms="41082.171">
  <response-info timems="0.282" idlems="0.282" threads="0" lastid="0000000001868D00" lastname="Default Executor-thread-94" />
</exclusive-start>
<af-start id="2534" threadId="0000000001869778" totalBytesRequested="144" timestamp="2025-12-12T00:44:07.952" intervalms="41079.804" type="nursery" />
<cycle-start id="2535" type="scavenge" contextid="0" timestamp="2025-12-12T00:44:07.954" intervalms="41079.414" />
<gc-start id="2536" type="scavenge" contextid="2535" timestamp="2025-12-12T00:44:07.957">
  <mem-info id="2537" free="36609016" total="331546624" percent="11">
    <mem type="nursery" free="0" total="150077440" percent="0">
      <mem type="allocate" free="0" total="113770496" percent="0" />
      <mem type="survivor" free="0" total="36306944" percent="0" />
    </mem>
    <mem type="tenure" free="36609016" total="181469184" percent="20">
      <mem type="soa" free="34793464" total="179653632" percent="19" />
      <mem type="loa" free="1815552" total="1815552" percent="100" />
    </mem>
    <remembered-set count="5555" />
  </mem-info>
</gc-start>
<allocation-stats totalBytes="107739792" discardedBytes="78520" >
  <allocated-bytes non-tlh="320936" tlh="107418856" />
  <largest-consumer threadName="Default Executor-thread-40" threadId="00000000005F3B00" bytes="47954040" />
</allocation-stats>
<gc-op id="2538" type="scavenge" timems="36.750" contextid="2535" timestamp="2025-12-12T00:44:07.999">
  <scavenger-info tenureage="5" tenuremask="ffe0" tiltratio="75" />
  <memory-copied type="nursery" objects="94765" bytes="5415680" bytesdiscarded="237808" />
  <memory-copied type="tenure" objects="11813" bytes="771400" bytesdiscarded="7352" />
  <finalization candidates="100" enqueued="94" />
  <ownableSynchronizers candidates="6694" cleared="6338" />
  <references type="soft" candidates="583" cleared="0" enqueued="0" dynamicThreshold="9" maxThreshold="32" />
  <references type="weak" candidates="1891" cleared="534" enqueued="498" />
  <references type="phantom" candidates="170" cleared="0" enqueued="0" />
  <object-monitors candidates="220" cleared="9"  />
</gc-op>
<heap-resize id="2539" type="contract" space="nursery" amount="1572864" count="1" timems="0.529" reason="insufficient time being spent scavenging" timestamp="2025-12-12T00:44:08.004" />
<gc-end id="2540" type="scavenge" contextid="2535" durationms="232.348" usertimems="130.811" systemtimems="57.352" stalltimems="173.544" timestamp="2025-12-12T00:44:08.189" activeThreads="17">
  <mem-info id="2541" free="148942984" total="329973760" percent="45">
    <mem type="nursery" free="113086240" total="148504576" percent="76">
      <mem type="allocate" free="113086240" total="118751232" percent="95" />
      <mem type="survivor" free="0" total="29753344" percent="0" />
    </mem>
    <mem type="tenure" free="35856744" total="181469184" percent="19" macro-fragmented="16050736">
      <mem type="soa" free="34041192" total="179653632" percent="18" />
      <mem type="loa" free="1815552" total="1815552" percent="100" />
    </mem>
    <pending-finalizers system="0" default="94" reference="498" classloader="0" />
    <remembered-set count="2353" />
  </mem-info>
</gc-end>
<cycle-end id="2542" type="scavenge" contextid="2535" timestamp="2025-12-12T00:44:08.191" />
<allocation-satisfied id="2543" threadId="0000000001868D00" bytesRequested="144" />
<af-end id="2544" timestamp="2025-12-12T00:44:08.193" threadId="0000000001869778" success="true" from="nursery"/>
<exclusive-end id="2545" timestamp="2025-12-12T00:44:08.194" durationms="244.873" />

<exclusive-start id="2546" timestamp="2025-12-12T00:44:42.609" intervalms="34660.278">
  <response-info timems="0.240" idlems="0.240" threads="0" lastid="0000000000555500" lastname="Active Thread: Equinox Container: 356586b1-a9ff-4751-809e-f03e8" />
</exclusive-start>
<af-start id="2547" threadId="0000000000555F78" totalBytesRequested="128" timestamp="2025-12-12T00:44:42.614" intervalms="34661.963" type="nursery" />
<cycle-start id="2548" type="scavenge" contextid="0" timestamp="2025-12-12T00:44:42.618" intervalms="34664.132" />
<gc-start id="2549" type="scavenge" contextid="2548" timestamp="2025-12-12T00:44:42.623">
  <mem-info id="2550" free="35823472" total="329973760" percent="10">
    <mem type="nursery" free="0" total="148504576" percent="0">
      <mem type="allocate" free="0" total="118751232" percent="0" />
      <mem type="survivor" free="0" total="29753344" percent="0" />
    </mem>
    <mem type="tenure" free="35823472" total="181469184" percent="19">
      <mem type="soa" free="34007920" total="179653632" percent="18" />
      <mem type="loa" free="1815552" total="1815552" percent="100" />
    </mem>
    <remembered-set count="3816" />
  </mem-info>
</gc-start>
<allocation-stats totalBytes="112988680" discardedBytes="122568" >
  <allocated-bytes non-tlh="90704" tlh="112897976" />
  <largest-consumer threadName="Default Executor-thread-14" threadId="000000000191DA00" bytes="56629824" />
</allocation-stats>
<gc-op id="2551" type="scavenge" timems="128.048" contextid="2548" timestamp="2025-12-12T00:44:42.759">
  <scavenger-info tenureage="4" tenuremask="feb0" tiltratio="79" />
  <memory-copied type="nursery" objects="138545" bytes="6618624" bytesdiscarded="225464" />
  <memory-copied type="tenure" objects="28151" bytes="1371448" bytesdiscarded="18200" />
  <finalization candidates="103" enqueued="95" />
  <ownableSynchronizers candidates="6359" cleared="5930" />
  <references type="soft" candidates="585" cleared="0" enqueued="0" dynamicThreshold="9" maxThreshold="32" />
  <references type="weak" candidates="1781" cleared="561" enqueued="523" />
  <references type="phantom" candidates="97" cleared="3" enqueued="3" />
  <object-monitors candidates="219" cleared="8"  />
</gc-op>
<gc-end id="2552" type="scavenge" contextid="2548" durationms="480.496" usertimems="355.982" systemtimems="241.302" stalltimems="457.913" timestamp="2025-12-12T00:44:43.103" activeThreads="18">
  <mem-info id="2553" free="149769032" total="329973760" percent="45">
    <mem type="nursery" free="115368072" total="148504576" percent="77">
      <mem type="allocate" free="115368072" total="122224640" percent="94" />
      <mem type="survivor" free="0" total="26279936" percent="0" />
    </mem>
    <mem type="tenure" free="34400960" total="181469184" percent="18" macro-fragmented="23113062">
      <mem type="soa" free="32585408" total="179653632" percent="18" />
      <mem type="loa" free="1815552" total="1815552" percent="100" />
    </mem>
    <pending-finalizers system="1" default="94" reference="526" classloader="0" />
    <remembered-set count="2334" />
  </mem-info>
</gc-end>
<cycle-end id="2554" type="scavenge" contextid="2548" timestamp="2025-12-12T00:44:43.105" />
<allocation-satisfied id="2555" threadId="0000000000555500" bytesRequested="128" />
<af-end id="2556" timestamp="2025-12-12T00:44:43.107" threadId="0000000000555F78" success="true" from="nursery"/>
<exclusive-end id="2557" timestamp="2025-12-12T00:44:43.107" durationms="498.068" />

<exclusive-start id="2558" timestamp="2025-12-12T00:45:23.907" intervalms="41297.789">
  <response-info timems="0.627" idlems="0.627" threads="0" lastid="0000000000FF2300" lastname="Timer-7" />
</exclusive-start>
<af-start id="2559" threadId="0000000000FF2D78" totalBytesRequested="32" timestamp="2025-12-12T00:45:23.909" intervalms="41295.671" type="nursery" />
<cycle-start id="2560" type="scavenge" contextid="0" timestamp="2025-12-12T00:45:23.912" intervalms="41294.465" />
<gc-start id="2561" type="scavenge" contextid="2560" timestamp="2025-12-12T00:45:23.919">
  <mem-info id="2562" free="34368112" total="329973760" percent="10">
    <mem type="nursery" free="0" total="148504576" percent="0">
      <mem type="allocate" free="0" total="122224640" percent="0" />
      <mem type="survivor" free="0" total="26279936" percent="0" />
    </mem>
    <mem type="tenure" free="34368112" total="181469184" percent="18">
      <mem type="soa" free="32552560" total="179653632" percent="18" />
      <mem type="loa" free="1815552" total="1815552" percent="100" />
    </mem>
    <remembered-set count="4118" />
  </mem-info>
</gc-start>
<allocation-stats totalBytes="115300168" discardedBytes="95536" >
  <allocated-bytes non-tlh="683200" tlh="114616968" />
  <largest-consumer threadName="Default Executor-thread-60" threadId="00000000026E4800" bytes="56859984" />
</allocation-stats>
<gc-op id="2563" type="scavenge" timems="30.104" contextid="2560" timestamp="2025-12-12T00:45:23.953">
  <scavenger-info tenureage="4" tenuremask="ff90" tiltratio="82" />
  <memory-copied type="nursery" objects="129939" bytes="5184960" bytesdiscarded="350288" />
  <memory-copied type="tenure" objects="15053" bytes="1910496" bytesdiscarded="7760" />
  <finalization candidates="103" enqueued="96" />
  <ownableSynchronizers candidates="6912" cleared="6410" />
  <references type="soft" candidates="564" cleared="0" enqueued="0" dynamicThreshold="9" maxThreshold="32" />
  <references type="weak" candidates="1574" cleared="559" enqueued="521" />
  <references type="phantom" candidates="34" cleared="3" enqueued="3" />
  <object-monitors candidates="217" cleared="5"  />
</gc-op>
<gc-end id="2564" type="scavenge" contextid="2560" durationms="47.640" usertimems="162.611" systemtimems="31.892" stalltimems="373.058" timestamp="2025-12-12T00:45:23.965" activeThreads="20">
  <mem-info id="2565" free="152747688" total="329973760" percent="46">
    <mem type="nursery" free="120281904" total="148504576" percent="80">
      <mem type="allocate" free="120281904" total="125829120" percent="95" />
      <mem type="survivor" free="0" total="22675456" percent="0" />
    </mem>
    <mem type="tenure" free="32465784" total="181469184" percent="17" macro-fragmented="27735676">
      <mem type="soa" free="30650232" total="179653632" percent="17" />
      <mem type="loa" free="1815552" total="1815552" percent="100" />
    </mem>
    <pending-finalizers system="2" default="94" reference="524" classloader="0" />
    <remembered-set count="2353" />
  </mem-info>
</gc-end>
<cycle-end id="2566" type="scavenge" contextid="2560" timestamp="2025-12-12T00:45:23.968" />
<allocation-satisfied id="2567" threadId="0000000000FF2300" bytesRequested="32" />
<af-end id="2568" timestamp="2025-12-12T00:45:23.969" threadId="0000000000FF2D78" success="true" from="nursery"/>
<exclusive-end id="2569" timestamp="2025-12-12T00:45:23.970" durationms="63.108" />

<exclusive-start id="2570" timestamp="2025-12-12T00:46:11.796" intervalms="47889.142">
  <response-info timems="0.149" idlems="0.149" threads="0" lastid="0000000001D4E600" lastname="Default Executor-thread-175" />
</exclusive-start>
<af-start id="2571" threadId="0000000001D4F078" totalBytesRequested="496" timestamp="2025-12-12T00:46:11.797" intervalms="47888.233" type="nursery" />
<cycle-start id="2572" type="scavenge" contextid="0" timestamp="2025-12-12T00:46:11.801" intervalms="47888.422" />
<gc-start id="2573" type="scavenge" contextid="2572" timestamp="2025-12-12T00:46:11.805">
  <mem-info id="2574" free="32434744" total="329973760" percent="9">
    <mem type="nursery" free="0" total="148504576" percent="0">
      <mem type="allocate" free="0" total="125829120" percent="0" />
      <mem type="survivor" free="0" total="22675456" percent="0" />
    </mem>
    <mem type="tenure" free="32434744" total="181469184" percent="17">
      <mem type="soa" free="30619192" total="179653632" percent="17" />
      <mem type="loa" free="1815552" total="1815552" percent="100" />
    </mem>
    <remembered-set count="4214" />
  </mem-info>
</gc-start>
<allocation-stats totalBytes="120261752" discardedBytes="46680" >
  <allocated-bytes non-tlh="714776" tlh="119546976" />
  <largest-consumer threadName="Default Executor-thread-40" threadId="00000000005F3B00" bytes="56260344" />
</allocation-stats>
<gc-op id="2575" type="scavenge" timems="43.768" contextid="2572" timestamp="2025-12-12T00:46:11.855">
  <scavenger-info tenureage="4" tenuremask="ffd0" tiltratio="84" />
  <memory-copied type="nursery" objects="142434" bytes="5577424" bytesdiscarded="220232" />
  <memory-copied type="tenure" objects="23740" bytes="904672" bytesdiscarded="3112" />
  <finalization candidates="104" enqueued="95" />
  <ownableSynchronizers candidates="7362" cleared="6865" />
  <references type="soft" candidates="731" cleared="0" enqueued="0" dynamicThreshold="9" maxThreshold="32" />
  <references type="weak" candidates="1153" cleared="556" enqueued="519" />
  <references type="phantom" candidates="27" cleared="3" enqueued="3" />
  <object-monitors candidates="218" cleared="6"  />
</gc-op>
<gc-end id="2576" type="scavenge" contextid="2572" durationms="172.156" usertimems="195.810" systemtimems="45.603" stalltimems="239.729" timestamp="2025-12-12T00:46:11.977" activeThreads="15">
  <mem-info id="2577" free="154270200" total="329973760" percent="46">
    <mem type="nursery" free="123098512" total="148504576" percent="82">
      <mem type="allocate" free="123098512" total="128909312" percent="95" />
      <mem type="survivor" free="0" total="19595264" percent="0" />
    </mem>
    <mem type="tenure" free="31171688" total="181469184" percent="17" macro-fragmented="27735676">
      <mem type="soa" free="29356136" total="179653632" percent="16" />
      <mem type="loa" free="1815552" total="1815552" percent="100" />
    </mem>
    <pending-finalizers system="1" default="94" reference="522" classloader="0" />
    <remembered-set count="2496" />
  </mem-info>
</gc-end>
<cycle-end id="2578" type="scavenge" contextid="2572" timestamp="2025-12-12T00:46:11.979" />
<allocation-satisfied id="2579" threadId="0000000001D4E600" bytesRequested="496" />
<af-end id="2580" timestamp="2025-12-12T00:46:11.981" threadId="0000000001D4F078" success="true" from="nursery"/>
<exclusive-end id="2581" timestamp="2025-12-12T00:46:11.982" durationms="185.677" />

<exclusive-start id="2582" timestamp="2025-12-12T00:47:02.764" intervalms="50967.805">
  <response-info timems="0.233" idlems="0.233" threads="0" lastid="000000000194C500" lastname="Default Executor-thread-141" />
</exclusive-start>
<af-start id="2583" threadId="000000000194CF78" totalBytesRequested="464" timestamp="2025-12-12T00:47:02.765" intervalms="50967.655" type="nursery" />
<cycle-start id="2584" type="scavenge" contextid="0" timestamp="2025-12-12T00:47:02.769" intervalms="50968.313" />
<gc-start id="2585" type="scavenge" contextid="2584" timestamp="2025-12-12T00:47:02.775">
  <mem-info id="2586" free="31145056" total="329973760" percent="9">
    <mem type="nursery" free="0" total="148504576" percent="0">
      <mem type="allocate" free="0" total="128909312" percent="0" />
      <mem type="survivor" free="0" total="19595264" percent="0" />
    </mem>
    <mem type="tenure" free="31145056" total="181469184" percent="17">
      <mem type="soa" free="29329504" total="179653632" percent="16" />
      <mem type="loa" free="1815552" total="1815552" percent="100" />
    </mem>
    <remembered-set count="4740" />
  </mem-info>
</gc-start>
<allocation-stats totalBytes="123068704" discardedBytes="56440" >
  <allocated-bytes non-tlh="354832" tlh="122713872" />
  <largest-consumer threadName="Default Executor-thread-165" threadId="0000000001AFC900" bytes="56515808" />
</allocation-stats>
<gc-op id="2587" type="scavenge" timems="29.037" contextid="2584" timestamp="2025-12-12T00:47:02.808">
  <scavenger-info tenureage="3" tenuremask="ffc8" tiltratio="86" />
  <memory-copied type="nursery" objects="156101" bytes="5964032" bytesdiscarded="281752" />
  <memory-copied type="tenure" objects="43079" bytes="1725456" bytesdiscarded="968" />
  <finalization candidates="105" enqueued="96" />
  <ownableSynchronizers candidates="7702" cleared="7111" />
  <references type="soft" candidates="732" cleared="0" enqueued="0" dynamicThreshold="9" maxThreshold="32" />
  <references type="weak" candidates="1165" cleared="555" enqueued="519" />
  <references type="phantom" candidates="87" cleared="65" enqueued="65" />
  <object-monitors candidates="219" cleared="5"  />
</gc-op>
<gc-end id="2588" type="scavenge" contextid="2584" durationms="124.363" usertimems="135.625" systemtimems="39.488" stalltimems="163.893" timestamp="2025-12-12T00:47:02.899" activeThreads="15">
  <mem-info id="2589" free="154307040" total="329973760" percent="46">
    <mem type="nursery" free="124942776" total="148504576" percent="84">
      <mem type="allocate" free="124942776" total="131203072" percent="95" />
      <mem type="survivor" free="0" total="17301504" percent="0" />
    </mem>
    <mem type="tenure" free="29364264" total="181469184" percent="16" macro-fragmented="13375613">
      <mem type="soa" free="27548712" total="179653632" percent="15" />
      <mem type="loa" free="1815552" total="1815552" percent="100" />
    </mem>
    <pending-finalizers system="2" default="94" reference="584" classloader="0" />
    <remembered-set count="2572" />
  </mem-info>
</gc-end>
<cycle-end id="2590" type="scavenge" contextid="2584" timestamp="2025-12-12T00:47:02.900" />
<allocation-satisfied id="2591" threadId="000000000194C500" bytesRequested="464" />
<af-end id="2592" timestamp="2025-12-12T00:47:02.905" threadId="000000000194CF78" success="true" from="nursery"/>
<exclusive-end id="2593" timestamp="2025-12-12T00:47:02.907" durationms="142.707" />

<exclusive-start id="2594" timestamp="2025-12-12T00:47:56.662" intervalms="53897.511">
  <response-info timems="0.185" idlems="0.185" threads="0" lastid="0000000000795F00" lastname="Default Executor-thread-68" />
</exclusive-start>
<af-start id="2595" threadId="0000000000796978" totalBytesRequested="784" timestamp="2025-12-12T00:47:56.666" intervalms="53900.789" type="nursery" />
<cycle-start id="2596" type="scavenge" contextid="0" timestamp="2025-12-12T00:47:56.669" intervalms="53899.751" />
<gc-start id="2597" type="scavenge" contextid="2596" timestamp="2025-12-12T00:47:56.672">
  <mem-info id="2598" free="29336848" total="329973760" percent="8">
    <mem type="nursery" free="0" total="148504576" percent="0">
      <mem type="allocate" free="0" total="131203072" percent="0" />
      <mem type="survivor" free="0" total="17301504" percent="0" />
    </mem>
    <mem type="tenure" free="29336848" total="181469184" percent="16">
      <mem type="soa" free="27521296" total="179653632" percent="15" />
      <mem type="loa" free="1815552" total="1815552" percent="100" />
    </mem>
    <remembered-set count="4459" />
  </mem-info>
</gc-start>
<allocation-stats totalBytes="124906920" discardedBytes="63272" >
  <allocated-bytes non-tlh="355584" tlh="124551336" />
  <largest-consumer threadName="Default Executor-thread-126" threadId="0000000001D4B600" bytes="56670984" />
</allocation-stats>
<gc-op id="2599" type="scavenge" timems="23.048" contextid="2596" timestamp="2025-12-12T00:47:56.698">
  <scavenger-info tenureage="3" tenuremask="ffe8" tiltratio="88" />
  <memory-copied type="nursery" objects="146643" bytes="5550544" bytesdiscarded="353072" />
  <memory-copied type="tenure" objects="49065" bytes="2018832" bytesdiscarded="2472" />
  <finalization candidates="104" enqueued="95" />
  <ownableSynchronizers candidates="7968" cleared="7302" />
  <references type="soft" candidates="554" cleared="0" enqueued="0" dynamicThreshold="9" maxThreshold="32" />
  <references type="weak" candidates="1051" cleared="553" enqueued="514" />
  <references type="phantom" candidates="189" cleared="171" enqueued="171" />
  <object-monitors candidates="219" cleared="3"  />
</gc-op>
<gc-end id="2600" type="scavenge" contextid="2596" durationms="82.722" usertimems="79.407" systemtimems="26.338" stalltimems="118.318" timestamp="2025-12-12T00:47:56.754" activeThreads="14">
  <mem-info id="2601" free="154663584" total="329973760" percent="46">
    <mem type="nursery" free="127251024" total="148504576" percent="85">
      <mem type="allocate" free="127251024" total="133169152" percent="95" />
      <mem type="survivor" free="0" total="15335424" percent="0" />
    </mem>
    <mem type="tenure" free="27412560" total="181469184" percent="15" macro-fragmented="23113062">
      <mem type="soa" free="25597008" total="179653632" percent="14" />
      <mem type="loa" free="1815552" total="1815552" percent="100" />
    </mem>
    <pending-finalizers system="1" default="94" reference="685" classloader="0" />
    <remembered-set count="2403" />
  </mem-info>
</gc-end>
<cycle-end id="2602" type="scavenge" contextid="2596" timestamp="2025-12-12T00:47:56.756" />
<allocation-satisfied id="2603" threadId="0000000000795F00" bytesRequested="784" />
<af-end id="2604" timestamp="2025-12-12T00:47:56.757" threadId="0000000000796978" success="true" from="nursery"/>
<exclusive-end id="2605" timestamp="2025-12-12T00:47:56.758" durationms="96.747" />

<exclusive-start id="2606" timestamp="2025-12-12T00:48:44.687" intervalms="48024.914">
  <response-info timems="0.374" idlems="0.374" threads="0" lastid="0000000001B00B00" lastname="Default Executor-thread-179" />
</exclusive-start>
<af-start id="2607" threadId="0000000001B01578" totalBytesRequested="408" timestamp="2025-12-12T00:48:44.689" intervalms="48023.306" type="nursery" />
<cycle-start id="2608" type="scavenge" contextid="0" timestamp="2025-12-12T00:48:44.691" intervalms="48022.252" />
<gc-start id="2609" type="scavenge" contextid="2608" timestamp="2025-12-12T00:48:44.701">
  <mem-info id="2610" free="27387840" total="329973760" percent="8">
    <mem type="nursery" free="0" total="148504576" percent="0">
      <mem type="allocate" free="0" total="133169152" percent="0" />
      <mem type="survivor" free="0" total="15335424" percent="0" />
    </mem>
    <mem type="tenure" free="27387840" total="181469184" percent="15">
      <mem type="soa" free="25572288" total="179653632" percent="14" />
      <mem type="loa" free="1815552" total="1815552" percent="100" />
    </mem>
    <remembered-set count="4089" />
  </mem-info>
</gc-start>
<allocation-stats totalBytes="127221584" discardedBytes="54160" >
  <allocated-bytes non-tlh="615360" tlh="126606224" />
  <largest-consumer threadName="Default Executor-thread-150" threadId="00000000022BD000" bytes="56355528" />
</allocation-stats>
<gc-op id="2611" type="scavenge" timems="29.062" contextid="2608" timestamp="2025-12-12T00:48:44.732">
  <scavenger-info tenureage="3" tenuremask="ffa8" tiltratio="89" />
  <memory-copied type="nursery" objects="145581" bytes="5594576" bytesdiscarded="209736" />
  <memory-copied type="tenure" objects="35176" bytes="1268096" bytesdiscarded="456" />
  <finalization candidates="104" enqueued="95" />
  <ownableSynchronizers candidates="7458" cleared="6906" />
  <references type="soft" candidates="558" cleared="0" enqueued="0" dynamicThreshold="9" maxThreshold="32" />
  <references type="weak" candidates="1095" cleared="556" enqueued="518" />
  <references type="phantom" candidates="24" cleared="3" enqueued="3" />
  <object-monitors candidates="223" cleared="6"  />
</gc-op>
<gc-end id="2612" type="scavenge" contextid="2608" durationms="91.869" usertimems="102.628" systemtimems="52.424" stalltimems="158.896" timestamp="2025-12-12T00:48:44.792" activeThreads="13">
  <mem-info id="2613" free="153695640" total="329973760" percent="46">
    <mem type="nursery" free="127809296" total="148504576" percent="86">
      <mem type="allocate" free="127809296" total="133627904" percent="95" />
      <mem type="survivor" free="0" total="14876672" percent="0" />
    </mem>
    <mem type="tenure" free="25886344" total="181469184" percent="14" macro-fragmented="23113062">
      <mem type="soa" free="24070792" total="179653632" percent="13" />
      <mem type="loa" free="1815552" total="1815552" percent="100" />
    </mem>
    <pending-finalizers system="1" default="94" reference="521" classloader="0" />
    <remembered-set count="2341" />
  </mem-info>
</gc-end>
<cycle-end id="2614" type="scavenge" contextid="2608" timestamp="2025-12-12T00:48:44.795" />
<allocation-satisfied id="2615" threadId="0000000001B00B00" bytesRequested="408" />
<af-end id="2616" timestamp="2025-12-12T00:48:44.797" threadId="0000000001B01578" success="true" from="nursery"/>
<exclusive-end id="2617" timestamp="2025-12-12T00:48:44.798" durationms="111.466" />

<exclusive-start id="2618" timestamp="2025-12-12T00:49:33.222" intervalms="48535.383">
  <response-info timems="0.082" idlems="0.082" threads="0" lastid="0000000000831C00" lastname="Default Executor-thread-159" />
</exclusive-start>
<af-start id="2619" threadId="0000000000832678" totalBytesRequested="16392" timestamp="2025-12-12T00:49:33.222" intervalms="48533.116" type="nursery" />
<cycle-start id="2620" type="scavenge" contextid="0" timestamp="2025-12-12T00:49:33.223" intervalms="48532.085" />
<gc-start id="2621" type="scavenge" contextid="2620" timestamp="2025-12-12T00:49:33.225">
  <mem-info id="2622" free="25861376" total="329973760" percent="7">
    <mem type="nursery" free="0" total="148504576" percent="0">
      <mem type="allocate" free="0" total="133627904" percent="0" />
      <mem type="survivor" free="0" total="14876672" percent="0" />
    </mem>
    <mem type="tenure" free="25861376" total="181469184" percent="14">
      <mem type="soa" free="24045824" total="179653632" percent="13" />
      <mem type="loa" free="1815552" total="1815552" percent="100" />
    </mem>
    <remembered-set count="4001" />
  </mem-info>
</gc-start>
<allocation-stats totalBytes="127792360" discardedBytes="41904" >
  <allocated-bytes non-tlh="353080" tlh="127439280" />
  <largest-consumer threadName="Default Executor-thread-101" threadId="0000000001919D00" bytes="56596536" />
</allocation-stats>
<gc-op id="2623" type="scavenge" timems="30.026" contextid="2620" timestamp="2025-12-12T00:49:33.257">
  <scavenger-info tenureage="3" tenuremask="ffe8" tiltratio="89" />
  <memory-copied type="nursery" objects="121544" bytes="4763888" bytesdiscarded="134504" />
  <memory-copied type="tenure" objects="35396" bytes="1440296" bytesdiscarded="488" />
  <finalization candidates="104" enqueued="95" />
  <ownableSynchronizers candidates="7481" cleared="6994" />
  <references type="soft" candidates="552" cleared="0" enqueued="0" dynamicThreshold="9" maxThreshold="32" />
  <references type="weak" candidates="979" cleared="565" enqueued="518" />
  <references type="phantom" candidates="22" cleared="3" enqueued="3" />
  <object-monitors candidates="222" cleared="7"  />
</gc-op>
<gc-end id="2624" type="scavenge" contextid="2620" durationms="84.638" usertimems="103.347" systemtimems="2.300" stalltimems="67.568" timestamp="2025-12-12T00:49:33.310" activeThreads="12">
  <mem-info id="2625" free="153190264" total="329973760" percent="46">
    <mem type="nursery" free="128718208" total="148504576" percent="86">
      <mem type="allocate" free="128718208" total="133627904" percent="96" />
      <mem type="survivor" free="0" total="14876672" percent="0" />
    </mem>
    <mem type="tenure" free="24472056" total="181469184" percent="13" macro-fragmented="7740516">
      <mem type="soa" free="22656504" total="179653632" percent="12" />
      <mem type="loa" free="1815552" total="1815552" percent="100" />
    </mem>
    <pending-finalizers system="1" default="94" reference="521" classloader="0" />
    <remembered-set count="2265" />
  </mem-info>
</gc-end>
<cycle-end id="2626" type="scavenge" contextid="2620" timestamp="2025-12-12T00:49:33.312" />
<allocation-satisfied id="2627" threadId="0000000000831C00" bytesRequested="16392" />
<af-end id="2628" timestamp="2025-12-12T00:49:33.315" threadId="0000000000832678" success="true" from="nursery"/>
<exclusive-end id="2629" timestamp="2025-12-12T00:49:33.316" durationms="94.477" />

<exclusive-start id="2630" timestamp="2025-12-12T00:50:26.965" intervalms="53742.712">
  <response-info timems="0.100" idlems="0.100" threads="0" lastid="0000000001933700" lastname="Default Executor-thread-34" />
</exclusive-start>
<af-start id="2631" threadId="0000000001934178" totalBytesRequested="32" timestamp="2025-12-12T00:50:26.967" intervalms="53744.237" type="nursery" />
<cycle-start id="2632" type="scavenge" contextid="0" timestamp="2025-12-12T00:50:26.972" intervalms="53748.399" />
<gc-start id="2633" type="scavenge" contextid="2632" timestamp="2025-12-12T00:50:26.977">
  <mem-info id="2634" free="24445656" total="329973760" percent="7">
    <mem type="nursery" free="0" total="148504576" percent="0">
      <mem type="allocate" free="0" total="133627904" percent="0" />
      <mem type="survivor" free="0" total="14876672" percent="0" />
    </mem>
    <mem type="tenure" free="24445656" total="181469184" percent="13">
      <mem type="soa" free="22630104" total="179653632" percent="12" />
      <mem type="loa" free="1815552" total="1815552" percent="100" />
    </mem>
    <remembered-set count="4225" />
  </mem-info>
</gc-start>
<allocation-stats totalBytes="128702016" discardedBytes="42592" >
  <allocated-bytes non-tlh="468800" tlh="128233216" />
  <largest-consumer threadName="Default Executor-thread-175" threadId="0000000001D4E600" bytes="56581824" />
</allocation-stats>
<gc-op id="2635" type="scavenge" timems="37.604" contextid="2632" timestamp="2025-12-12T00:50:27.020">
  <scavenger-info tenureage="3" tenuremask="ffe8" tiltratio="89" />
  <memory-copied type="nursery" objects="128314" bytes="4943456" bytesdiscarded="209872" />
  <memory-copied type="tenure" objects="35375" bytes="1436584" bytesdiscarded="2264" />
  <finalization candidates="104" enqueued="95" />
  <ownableSynchronizers candidates="7802" cleared="7314" />
  <references type="soft" candidates="549" cleared="0" enqueued="0" dynamicThreshold="9" maxThreshold="32" />
  <references type="weak" candidates="940" cleared="560" enqueued="520" />
  <references type="phantom" candidates="51" cleared="31" enqueued="31" />
  <object-monitors candidates="218" cleared="3"  />
</gc-op>
<gc-end id="2636" type="scavenge" contextid="2632" durationms="146.645" usertimems="101.543" systemtimems="59.003" stalltimems="250.418" timestamp="2025-12-12T00:50:27.124" activeThreads="15">
  <mem-info id="2637" free="151604976" total="329973760" percent="45">
    <mem type="nursery" free="128462984" total="148504576" percent="86">
      <mem type="allocate" free="128462984" total="133627904" percent="96" />
      <mem type="survivor" free="0" total="14876672" percent="0" />
    </mem>
    <mem type="tenure" free="23141992" total="181469184" percent="12" macro-fragmented="16050736">
      <mem type="soa" free="21326440" total="179653632" percent="11" />
      <mem type="loa" free="1815552" total="1815552" percent="100" />
    </mem>
    <pending-finalizers system="1" default="94" reference="551" classloader="0" />
    <remembered-set count="2323" />
  </mem-info>
</gc-end>
<cycle-end id="2638" type="scavenge" contextid="2632" timestamp="2025-12-12T00:50:27.129" />
<allocation-satisfied id="2639" threadId="0000000001933700" bytesRequested="32" />
<af-end id="2640" timestamp="2025-12-12T00:50:27.131" threadId="0000000001934178" success="true" from="nursery"/>
<exclusive-end id="2641" timestamp="2025-12-12T00:50:27.132" durationms="167.493" />

<exclusive-start id="2642" timestamp="2025-12-12T00:51:15.266" intervalms="48301.708">
  <response-info timems="0.529" idlems="0.529" threads="0" lastid="0000000000555500" lastname="Active Thread: Equinox Container: 356586b1-a9ff-4751-809e-f03e8" />
</exclusive-start>
<af-start id="2643" threadId="0000000000555F78" totalBytesRequested="8200" timestamp="2025-12-12T00:51:15.268" intervalms="48301.844" type="nursery" />
<cycle-start id="2644" type="scavenge" contextid="0" timestamp="2025-12-12T00:51:15.270" intervalms="48298.517" />
<gc-start id="2645" type="scavenge" contextid="2644" timestamp="2025-12-12T00:51:15.275">
  <mem-info id="2646" free="23114464" total="329973760" percent="7">
    <mem type="nursery" free="0" total="148504576" percent="0">
      <mem type="allocate" free="0" total="133627904" percent="0" />
      <mem type="survivor" free="0" total="14876672" percent="0" />
    </mem>
    <mem type="tenure" free="23114464" total="181469184" percent="12">
      <mem type="soa" free="21298912" total="179653632" percent="11" />
      <mem type="loa" free="1815552" total="1815552" percent="100" />
    </mem>
    <remembered-set count="4235" />
  </mem-info>
</gc-start>
<allocation-stats totalBytes="128433168" discardedBytes="57344" >
  <allocated-bytes non-tlh="584640" tlh="127848528" />
  <largest-consumer threadName="Default Executor-thread-179" threadId="0000000001B00B00" bytes="57360792" />
</allocation-stats>
<gc-op id="2647" type="scavenge" timems="61.014" contextid="2644" timestamp="2025-12-12T00:51:15.339">
  <scavenger-info tenureage="3" tenuremask="ffe8" tiltratio="89" />
  <memory-copied type="nursery" objects="128304" bytes="4933240" bytesdiscarded="186752" />
  <memory-copied type="tenure" objects="35294" bytes="1367880" bytesdiscarded="976" />
  <finalization candidates="104" enqueued="95" />
  <ownableSynchronizers candidates="7396" cleared="6907" />
  <references type="soft" candidates="547" cleared="0" enqueued="0" dynamicThreshold="9" maxThreshold="32" />
  <references type="weak" candidates="911" cleared="559" enqueued="520" />
  <references type="phantom" candidates="51" cleared="31" enqueued="31" />
  <object-monitors candidates="224" cleared="9"  />
</gc-op>
<gc-end id="2648" type="scavenge" contextid="2644" durationms="201.701" usertimems="135.296" systemtimems="77.288" stalltimems="209.042" timestamp="2025-12-12T00:51:15.477" activeThreads="14">
  <mem-info id="2649" free="150197624" total="329973760" percent="45">
    <mem type="nursery" free="128495928" total="148504576" percent="86">
      <mem type="allocate" free="128495928" total="133627904" percent="96" />
      <mem type="survivor" free="0" total="14876672" percent="0" />
    </mem>
    <mem type="tenure" free="21701696" total="181469184" percent="11" macro-fragmented="19260884">
      <mem type="soa" free="19886144" total="179653632" percent="11" />
      <mem type="loa" free="1815552" total="1815552" percent="100" />
    </mem>
    <pending-finalizers system="1" default="94" reference="551" classloader="0" />
    <remembered-set count="2341" />
  </mem-info>
</gc-end>
<cycle-end id="2650" type="scavenge" contextid="2644" timestamp="2025-12-12T00:51:15.478" />
<allocation-satisfied id="2651" threadId="0000000000555500" bytesRequested="8200" />
<af-end id="2652" timestamp="2025-12-12T00:51:15.483" threadId="0000000000555F78" success="true" from="nursery"/>
<exclusive-end id="2653" timestamp="2025-12-12T00:51:15.484" durationms="218.133" />

<exclusive-start id="2654" timestamp="2025-12-12T00:52:15.859" intervalms="60592.887">
  <response-info timems="0.190" idlems="0.190" threads="0" lastid="000000000085C800" lastname="Default Executor-thread-4" />
</exclusive-start>
<af-start id="2655" threadId="000000000085D278" totalBytesRequested="864" timestamp="2025-12-12T00:52:15.863" intervalms="60594.496" type="nursery" />
<cycle-start id="2656" type="scavenge" contextid="0" timestamp="2025-12-12T00:52:15.868" intervalms="60598.043" />
<gc-start id="2657" type="scavenge" contextid="2656" timestamp="2025-12-12T00:52:15.874">
  <mem-info id="2658" free="21675552" total="329973760" percent="6">
    <mem type="nursery" free="0" total="148504576" percent="0">
      <mem type="allocate" free="0" total="133627904" percent="0" />
      <mem type="survivor" free="0" total="14876672" percent="0" />
    </mem>
    <mem type="tenure" free="21675552" total="181469184" percent="11">
      <mem type="soa" free="19860000" total="179653632" percent="11" />
      <mem type="loa" free="1815552" total="1815552" percent="100" />
    </mem>
    <remembered-set count="4295" />
  </mem-info>
</gc-start>
<allocation-stats totalBytes="128409200" discardedBytes="112872" >
  <allocated-bytes non-tlh="427576" tlh="127981624" />
  <largest-consumer threadName="Default Executor-thread-49" threadId="000000000191C200" bytes="57636088" />
</allocation-stats>
<gc-op id="2659" type="scavenge" timems="44.254" contextid="2656" timestamp="2025-12-12T00:52:15.927">
  <scavenger-info tenureage="3" tenuremask="4008" tiltratio="89" />
  <memory-copied type="nursery" objects="128262" bytes="4912168" bytesdiscarded="688152" />
  <memory-copied type="tenure" objects="35535" bytes="1375960" bytesdiscarded="320" />
  <finalization candidates="104" enqueued="95" />
  <ownableSynchronizers candidates="8238" cleared="7749" />
  <references type="soft" candidates="543" cleared="0" enqueued="0" dynamicThreshold="9" maxThreshold="32" />
  <references type="weak" candidates="910" cleared="559" enqueued="521" />
  <references type="phantom" candidates="21" cleared="3" enqueued="3" />
  <object-monitors candidates="221" cleared="5"  />
</gc-op>
<gc-end id="2660" type="scavenge" contextid="2656" durationms="157.395" usertimems="114.291" systemtimems="56.410" stalltimems="230.113" timestamp="2025-12-12T00:52:16.031" activeThreads="16">
  <mem-info id="2661" free="148346520" total="329973760" percent="44">
    <mem type="nursery" free="128015504" total="148504576" percent="86">
      <mem type="allocate" free="128015504" total="133627904" percent="95" />
      <mem type="survivor" free="0" total="14876672" percent="0" />
    </mem>
    <mem type="tenure" free="20331016" total="181469184" percent="11" macro-fragmented="13375613">
      <mem type="soa" free="18515464" total="179653632" percent="10" />
      <mem type="loa" free="1815552" total="1815552" percent="100" />
    </mem>
    <pending-finalizers system="1" default="94" reference="524" classloader="0" />
    <remembered-set count="2269" />
  </mem-info>
</gc-end>
<cycle-end id="2662" type="scavenge" contextid="2656" timestamp="2025-12-12T00:52:16.037" />
<allocation-satisfied id="2663" threadId="000000000085C800" bytesRequested="864" />
<af-end id="2664" timestamp="2025-12-12T00:52:16.043" threadId="000000000085D278" success="true" from="nursery"/>
<exclusive-end id="2665" timestamp="2025-12-12T00:52:16.045" durationms="185.394" />

<exclusive-start id="2666" timestamp="2025-12-12T00:53:08.893" intervalms="53034.337">
  <response-info timems="0.215" idlems="0.215" threads="0" lastid="0000000000FF2300" lastname="Timer-7" />
</exclusive-start>
<af-start id="2667" threadId="0000000000FF2D78" totalBytesRequested="3840" timestamp="2025-12-12T00:53:08.896" intervalms="53033.416" type="nursery" />
<cycle-start id="2668" type="scavenge" contextid="0" timestamp="2025-12-12T00:53:08.900" intervalms="53031.628" />
<gc-start id="2669" type="scavenge" contextid="2668" timestamp="2025-12-12T00:53:08.905">
  <mem-info id="2670" free="20302048" total="329973760" percent="6">
    <mem type="nursery" free="0" total="148504576" percent="0">
      <mem type="allocate" free="0" total="133627904" percent="0" />
      <mem type="survivor" free="0" total="14876672" percent="0" />
    </mem>
    <mem type="tenure" free="20302048" total="181469184" percent="11">
      <mem type="soa" free="18486496" total="179653632" percent="10" />
      <mem type="loa" free="1815552" total="1815552" percent="100" />
    </mem>
    <remembered-set count="4272" />
  </mem-info>
</gc-start>
<allocation-stats totalBytes="127936288" discardedBytes="108184" >
  <allocated-bytes non-tlh="539864" tlh="127396424" />
  <largest-consumer threadName="Default Executor-thread-151" threadId="00000000018F6E00" bytes="56812760" />
</allocation-stats>
<gc-op id="2671" type="scavenge" timems="29.480" contextid="2668" timestamp="2025-12-12T00:53:08.937">
  <scavenger-info tenureage="3" tenuremask="4008" tiltratio="89" />
  <memory-copied type="nursery" objects="120958" bytes="4613392" bytesdiscarded="202368" />
  <memory-copied type="tenure" objects="43207" bytes="1680480" bytesdiscarded="1408" />
  <finalization candidates="104" enqueued="95" />
  <ownableSynchronizers candidates="8025" cleared="7537" />
  <references type="soft" candidates="558" cleared="0" enqueued="0" dynamicThreshold="9" maxThreshold="32" />
  <references type="weak" candidates="948" cleared="615" enqueued="566" />
  <references type="phantom" candidates="129" cleared="115" enqueued="115" />
  <object-monitors candidates="223" cleared="6"  />
</gc-op>
<gc-end id="2672" type="scavenge" contextid="2668" durationms="72.558" usertimems="178.438" systemtimems="46.753" stalltimems="219.769" timestamp="2025-12-12T00:53:08.978" activeThreads="16">
  <mem-info id="2673" free="147540344" total="329973760" percent="44">
    <mem type="nursery" free="128800192" total="148504576" percent="86">
      <mem type="allocate" free="128800192" total="133627904" percent="96" />
      <mem type="survivor" free="0" total="14876672" percent="0" />
    </mem>
    <mem type="tenure" free="18740152" total="181469184" percent="10" macro-fragmented="7740516">
      <mem type="soa" free="16924600" total="179653632" percent="9" />
      <mem type="loa" free="1815552" total="1815552" percent="100" />
    </mem>
    <pending-finalizers system="1" default="94" reference="681" classloader="0" />
    <remembered-set count="2298" />
  </mem-info>
</gc-end>
<cycle-end id="2674" type="scavenge" contextid="2668" timestamp="2025-12-12T00:53:08.980" />
<allocation-satisfied id="2675" threadId="0000000000FF2300" bytesRequested="3840" />
<af-end id="2676" timestamp="2025-12-12T00:53:08.983" threadId="0000000000FF2D78" success="true" from="nursery"/>
<exclusive-end id="2677" timestamp="2025-12-12T00:53:08.983" durationms="89.890" />

<exclusive-start id="2678" timestamp="2025-12-12T00:54:18.722" intervalms="69828.415">
  <response-info timems="0.078" idlems="0.078" threads="0" lastid="000000000191DA00" lastname="Default Executor-thread-14" />
</exclusive-start>
<af-start id="2679" threadId="000000000191E478" totalBytesRequested="152" timestamp="2025-12-12T00:54:18.726" intervalms="69829.419" type="nursery" />
<cycle-start id="2680" type="scavenge" contextid="0" timestamp="2025-12-12T00:54:18.729" intervalms="69828.772" />
<gc-start id="2681" type="scavenge" contextid="2680" timestamp="2025-12-12T00:54:18.731">
  <mem-info id="2682" free="18716480" total="329973760" percent="5">
    <mem type="nursery" free="0" total="148504576" percent="0">
      <mem type="allocate" free="0" total="133627904" percent="0" />
      <mem type="survivor" free="0" total="14876672" percent="0" />
    </mem>
    <mem type="tenure" free="18716480" total="181469184" percent="10">
      <mem type="soa" free="16900928" total="179653632" percent="9" />
      <mem type="loa" free="1815552" total="1815552" percent="100" />
    </mem>
    <remembered-set count="3884" />
  </mem-info>
</gc-start>
<allocation-stats totalBytes="128785472" discardedBytes="38392" >
  <allocated-bytes non-tlh="781224" tlh="128004248" />
  <largest-consumer threadName="Default Executor-thread-98" threadId="00000000018F6100" bytes="56770288" />
</allocation-stats>
<gc-op id="2683" type="scavenge" timems="31.922" contextid="2680" timestamp="2025-12-12T00:54:18.766">
  <scavenger-info tenureage="14" tenuremask="4000" tiltratio="89" />
  <memory-copied type="nursery" objects="179706" bytes="6688008" bytesdiscarded="121416" />
  <finalization candidates="103" enqueued="95" />
  <ownableSynchronizers candidates="9089" cleared="8541" />
  <references type="soft" candidates="734" cleared="0" enqueued="0" dynamicThreshold="9" maxThreshold="32" />
  <references type="weak" candidates="979" cleared="539" enqueued="512" />
  <references type="phantom" candidates="19" cleared="3" enqueued="3" />
  <object-monitors candidates="224" cleared="6"  />
</gc-op>
<gc-end id="2684" type="scavenge" contextid="2680" durationms="76.034" usertimems="51.949" systemtimems="29.235" stalltimems="54.556" timestamp="2025-12-12T00:54:18.807" activeThreads="14">
  <mem-info id="2685" free="145519048" total="329973760" percent="44">
    <mem type="nursery" free="126802568" total="148504576" percent="85">
      <mem type="allocate" free="126802568" total="133627904" percent="94" />
      <mem type="survivor" free="0" total="14876672" percent="0" />
    </mem>
    <mem type="tenure" free="18716480" total="181469184" percent="10" macro-fragmented="16050736">
      <mem type="soa" free="16900928" total="179653632" percent="9" />
      <mem type="loa" free="1815552" total="1815552" percent="100" />
    </mem>
    <pending-finalizers system="1" default="94" reference="515" classloader="0" />
    <remembered-set count="2393" />
  </mem-info>
</gc-end>
<cycle-end id="2686" type="scavenge" contextid="2680" timestamp="2025-12-12T00:54:18.810" />
<allocation-satisfied id="2687" threadId="000000000191DA00" bytesRequested="152" />
<af-end id="2688" timestamp="2025-12-12T00:54:18.811" threadId="000000000191E478" success="true" from="nursery"/>
<exclusive-end id="2689" timestamp="2025-12-12T00:54:18.812" durationms="90.588" />

<exclusive-start id="2690" timestamp="2025-12-12T00:57:49.191" intervalms="210468.687">
  <response-info timems="0.271" idlems="0.271" threads="0" lastid="0000000001838300" lastname="Default Executor-thread-51" />
</exclusive-start>
<af-start id="2691" threadId="0000000001838D78" totalBytesRequested="4104" timestamp="2025-12-12T00:57:49.193" intervalms="210467.595" type="nursery" />
<cycle-start id="2692" type="scavenge" contextid="0" timestamp="2025-12-12T00:57:49.196" intervalms="210467.558" />
<gc-start id="2693" type="scavenge" contextid="2692" timestamp="2025-12-12T00:57:49.200">
  <mem-info id="2694" free="18715008" total="329973760" percent="5">
    <mem type="nursery" free="0" total="148504576" percent="0">
      <mem type="allocate" free="0" total="133627904" percent="0" />
      <mem type="survivor" free="0" total="14876672" percent="0" />
    </mem>
    <mem type="tenure" free="18715008" total="181469184" percent="10">
      <mem type="soa" free="16899456" total="179653632" percent="9" />
      <mem type="loa" free="1815552" total="1815552" percent="100" />
    </mem>
    <remembered-set count="2791" />
  </mem-info>
</gc-start>
<allocation-stats totalBytes="126761864" discardedBytes="42176" >
  <allocated-bytes non-tlh="1624" tlh="126760240" />
  <largest-consumer threadName="Timer-7" threadId="0000000000FF2300" bytes="32601600" />
</allocation-stats>
<gc-op id="2695" type="scavenge" timems="42.145" contextid="2692" timestamp="2025-12-12T00:57:49.246">
  <scavenger-info tenureage="4" tenuremask="4010" tiltratio="89" />
  <memory-copied type="nursery" objects="136860" bytes="5102160" bytesdiscarded="381240" />
  <memory-copied type="tenure" objects="35416" bytes="1362704" bytesdiscarded="480" />
  <finalization candidates="11" enqueued="2" />
  <ownableSynchronizers candidates="18243" cleared="17687" />
  <references type="soft" candidates="555" cleared="0" enqueued="0" dynamicThreshold="9" maxThreshold="32" />
  <references type="weak" candidates="380" cleared="6" enqueued="1" />
  <references type="phantom" candidates="313" cleared="296" enqueued="296" />
  <object-monitors candidates="218" cleared="0"  />
</gc-op>
<gc-end id="2696" type="scavenge" contextid="2692" durationms="57.356" usertimems="109.121" systemtimems="19.333" stalltimems="268.395" timestamp="2025-12-12T00:57:49.257" activeThreads="19">
  <mem-info id="2697" free="145240960" total="329973760" percent="44">
    <mem type="nursery" free="128138176" total="148504576" percent="86">
      <mem type="allocate" free="128138176" total="133627904" percent="95" />
      <mem type="survivor" free="0" total="14876672" percent="0" />
    </mem>
    <mem type="tenure" free="17102784" total="181469184" percent="9" macro-fragmented="3657">
      <mem type="soa" free="15287232" total="179653632" percent="8" />
      <mem type="loa" free="1815552" total="1815552" percent="100" />
    </mem>
    <pending-finalizers system="2" default="0" reference="297" classloader="0" />
    <remembered-set count="1906" />
  </mem-info>
</gc-end>
<cycle-end id="2698" type="scavenge" contextid="2692" timestamp="2025-12-12T00:57:49.259" />
<allocation-satisfied id="2699" threadId="0000000001838300" bytesRequested="4104" />
<af-end id="2700" timestamp="2025-12-12T00:57:49.261" threadId="0000000001838D78" success="true" from="nursery"/>
<exclusive-end id="2701" timestamp="2025-12-12T00:57:49.262" durationms="70.969" />

<exclusive-start id="2702" timestamp="2025-12-12T01:01:23.908" intervalms="214717.165">
  <response-info timems="0.157" idlems="0.157" threads="0" lastid="0000000000FF2300" lastname="Timer-7" />
</exclusive-start>
<af-start id="2703" threadId="0000000000FF2D78" totalBytesRequested="1184" timestamp="2025-12-12T01:01:23.910" intervalms="214716.485" type="nursery" />
<cycle-start id="2704" type="scavenge" contextid="0" timestamp="2025-12-12T01:01:23.912" intervalms="214715.829" />
<gc-start id="2705" type="scavenge" contextid="2704" timestamp="2025-12-12T01:01:23.918">
  <mem-info id="2706" free="17101312" total="329973760" percent="5">
    <mem type="nursery" free="0" total="148504576" percent="0">
      <mem type="allocate" free="0" total="133627904" percent="0" />
      <mem type="survivor" free="0" total="14876672" percent="0" />
    </mem>
    <mem type="tenure" free="17101312" total="181469184" percent="9">
      <mem type="soa" free="15285760" total="179653632" percent="8" />
      <mem type="loa" free="1815552" total="1815552" percent="100" />
    </mem>
    <remembered-set count="2190" />
  </mem-info>
</gc-start>
<allocation-stats totalBytes="128093256" discardedBytes="46392" >
  <allocated-bytes non-tlh="5576" tlh="128087680" />
  <largest-consumer threadName="Timer-7" threadId="0000000000FF2300" bytes="32676272" />
</allocation-stats>
<gc-op id="2707" type="scavenge" timems="54.832" contextid="2704" timestamp="2025-12-12T01:01:23.978">
  <scavenger-info tenureage="3" tenuremask="4018" tiltratio="89" />
  <memory-copied type="nursery" objects="65710" bytes="2382712" bytesdiscarded="654992" />
  <memory-copied type="tenure" objects="71428" bytes="2744880" bytesdiscarded="5048" />
  <finalization candidates="11" enqueued="4" />
  <ownableSynchronizers candidates="18494" cleared="18030" />
  <references type="soft" candidates="179" cleared="0" enqueued="0" dynamicThreshold="9" maxThreshold="32" />
  <references type="weak" candidates="192" cleared="6" enqueued="1" />
  <references type="phantom" candidates="310" cleared="304" enqueued="304" />
  <object-monitors candidates="238" cleared="11"  />
</gc-op>
<gc-end id="2708" type="scavenge" contextid="2704" durationms="70.005" usertimems="120.403" systemtimems="37.178" stalltimems="350.878" timestamp="2025-12-12T01:01:23.988" activeThreads="19">
  <mem-info id="2709" free="144968240" total="329973760" percent="43">
    <mem type="nursery" free="130586992" total="148504576" percent="87">
      <mem type="allocate" free="130586992" total="133627904" percent="97" />
      <mem type="survivor" free="0" total="14876672" percent="0" />
    </mem>
    <mem type="tenure" free="14381248" total="181469184" percent="7" macro-fragmented="6450429">
      <mem type="soa" free="12565696" total="179653632" percent="6" />
      <mem type="loa" free="1815552" total="1815552" percent="100" />
    </mem>
    <pending-finalizers system="4" default="0" reference="305" classloader="0" />
    <remembered-set count="1258" />
  </mem-info>
</gc-end>
<cycle-end id="2710" type="scavenge" contextid="2704" timestamp="2025-12-12T01:01:23.992" />
<allocation-satisfied id="2711" threadId="0000000000FF2300" bytesRequested="1184" />
<af-end id="2712" timestamp="2025-12-12T01:01:23.994" threadId="0000000000FF2D78" success="true" from="nursery"/>
<exclusive-end id="2713" timestamp="2025-12-12T01:01:23.995" durationms="87.697" />

<exclusive-start id="2714" timestamp="2025-12-12T01:05:03.176" intervalms="219267.979">
  <response-info timems="0.309" idlems="0.309" threads="0" lastid="0000000001D4FF00" lastname="Default Executor-thread-133" />
</exclusive-start>
<af-start id="2715" threadId="0000000001D50978" totalBytesRequested="24" timestamp="2025-12-12T01:05:03.179" intervalms="219268.931" type="nursery" />
<cycle-start id="2716" type="scavenge" contextid="0" timestamp="2025-12-12T01:05:03.181" intervalms="219268.786" />
<gc-start id="2717" type="scavenge" contextid="2716" timestamp="2025-12-12T01:05:03.184">
  <mem-info id="2718" free="14380512" total="329973760" percent="4">
    <mem type="nursery" free="0" total="148504576" percent="0">
      <mem type="allocate" free="0" total="133627904" percent="0" />
      <mem type="survivor" free="0" total="14876672" percent="0" />
    </mem>
    <mem type="tenure" free="14380512" total="181469184" percent="7">
      <mem type="soa" free="12564960" total="179653632" percent="6" />
      <mem type="loa" free="1815552" total="1815552" percent="100" />
    </mem>
    <remembered-set count="1470" />
  </mem-info>
</gc-start>
<allocation-stats totalBytes="130548432" discardedBytes="39296" >
  <allocated-bytes non-tlh="1920" tlh="130546512" />
  <largest-consumer threadName="Timer-7" threadId="0000000000FF2300" bytes="34617952" />
</allocation-stats>
<gc-op id="2719" type="scavenge" timems="24.560" contextid="2716" timestamp="2025-12-12T01:05:03.211">
  <scavenger-info tenureage="3" tenuremask="4008" tiltratio="89" />
  <memory-copied type="nursery" objects="3937" bytes="186512" bytesdiscarded="569288" />
  <memory-copied type="tenure" objects="61479" bytes="2193744" bytesdiscarded="1088" />
  <finalization candidates="5" enqueued="3" />
  <ownableSynchronizers candidates="18612" cleared="18361" />
  <references type="soft" candidates="1" cleared="0" enqueued="0" dynamicThreshold="9" maxThreshold="32" />
  <references type="weak" candidates="90" cleared="4" enqueued="1" />
  <references type="phantom" candidates="157" cleared="154" enqueued="154" />
  <object-monitors candidates="227" cleared="0"  />
</gc-op>
<gc-end id="2720" type="scavenge" contextid="2716" durationms="31.706" usertimems="25.098" systemtimems="21.734" stalltimems="163.014" timestamp="2025-12-12T01:05:03.216" activeThreads="20">
  <mem-info id="2721" free="145136992" total="329973760" percent="43">
    <mem type="nursery" free="132871928" total="148504576" percent="89">
      <mem type="allocate" free="132871928" total="133627904" percent="99" />
      <mem type="survivor" free="0" total="14876672" percent="0" />
    </mem>
    <mem type="tenure" free="12265064" total="181469184" percent="6" macro-fragmented="18870">
      <mem type="soa" free="10449512" total="179653632" percent="5" />
      <mem type="loa" free="1815552" total="1815552" percent="100" />
    </mem>
    <pending-finalizers system="3" default="0" reference="155" classloader="0" />
    <remembered-set count="844" />
  </mem-info>
</gc-end>
<cycle-end id="2722" type="scavenge" contextid="2716" timestamp="2025-12-12T01:05:03.217" />
<allocation-satisfied id="2723" threadId="0000000001D4FF00" bytesRequested="24" />
<af-end id="2724" timestamp="2025-12-12T01:05:03.219" threadId="0000000001D50978" success="true" from="nursery"/>
<exclusive-end id="2725" timestamp="2025-12-12T01:05:03.221" durationms="44.974" />

