<?xml version="1.0" ?>

<verbosegc xmlns="http://www.ibm.com/j9/verbosegc" version="266a8c6f5_CMPRSS">

<initialized id="1" timestamp="2025-12-12T03:59:31.826">
  <attribute name="gcPolicy" value="-Xgcpolicy:gencon" />
  <attribute name="maxHeapSize" value="0xf7440000" />
  <attribute name="initialHeapSize" value="0x800000" />
  <attribute name="compressedRefs" value="true" />
  <attribute name="compressedRefsDisplacement" value="0x0" />
  <attribute name="compressedRefsShift" value="0x3" />
  <attribute name="pageSize" value="0x1000" />
  <attribute name="pageType" value="not used" />
  <attribute name="requestedPageSize" value="0x1000" />
  <attribute name="requestedPageType" value="not used" />
  <attribute name="gcthreads" value="20" />
  <attribute name="gcthreads Concurrent Mark" value="1" />
  <attribute name="packetListSplit" value="3" />
  <attribute name="cacheListSplit" value="3" />
  <attribute name="splitFreeListSplitAmount" value="3" />
  <attribute name="numaNodes" value="0" />
  <system>
    <attribute name="physicalMemory" value="16593899520" />
    <attribute name="addressablePhysicalMemory" value="16593899520" />
    <attribute name="container memory limit set" value="false" />
    <attribute name="numCPUs" value="20" />
    <attribute name="numCPUs active" value="20" />
    <attribute name="architecture" value="amd64" />
    <attribute name="os" value="Linux" />
    <attribute name="osVersion" value="6.6.87.2-microsoft-standard-WSL2" />
  </system>
  <vmargs>
    <vmarg name="-Xoptionsfile=/opt/java/openjdk/lib/options.default" />
    <vmarg name="-Xlockword:mode=default,noLockword=java/lang/String,noLockword=java/util/MapEntry,noLockword=java/util/HashMap$Entry,noLockword..." />
    <vmarg name="-XX:+EnsureHashed:java/lang/Class,java/lang/Thread" />
    <vmarg name="-Xjcl:jclse29" />
    <vmarg name="-Dcom.ibm.oti.vm.bootstrap.library.path=/opt/java/openjdk/lib/default:/opt/java/openjdk/lib" />
    <vmarg name="-Dsun.boot.library.path=/opt/java/openjdk/lib/default:/opt/java/openjdk/lib" />
    <vmarg name="-Djava.library.path=/opt/java/openjdk/lib/default:/opt/java/openjdk/lib:/usr/lib64:/usr/lib" />
    <vmarg name="-Djava.home=/opt/java/openjdk" />
    <vmarg name="-Duser.dir=/opt/ibm/wlp/output/defaultServer" />
    <vmarg name="-XX:+IgnoreUnrecognizedVMOptions" />
    <vmarg name="-XX:+PortableSharedCache" />
    <vmarg name="-XX:+IdleTuningGcOnIdle" />
    <vmarg name="-Xshareclasses:name=openj9_system_scc,cacheDir=/opt/java/.scc,readonly,nonFatal" />
    <vmarg name="-Xverbosegclog:/logs/verbosegc.%seq.log,10,1024" />
    <vmarg name="-Djdk.nativePBKDF2=true" />
    <vmarg name="-XX:+IgnoreUnrecognizedVMOptions" />
    <vmarg name="-XX:+IdleTuningGcOnIdle" />
    <vmarg name="-Xshareclasses:name=openj9_system_scc,cacheDir=/opt/java/.scc,readonly,nonFatal" />
    <vmarg name="-Dosgi.checkConfiguration=false" />
    <vmarg name="-Djdk.nativePBKDF2=true" />
    <vmarg name="-XX:+IgnoreUnrecognizedVMOptions" />
    <vmarg name="-XX:+IdleTuningGcOnIdle" />
    <vmarg name="-Xshareclasses:name=openj9_system_scc,cacheDir=/opt/java/.scc,readonly,nonFatal" />
    <vmarg name="-Dosgi.checkConfiguration=false" />
    <vmarg name="-javaagent:/opt/ibm/wlp/bin/tools/ws-javaagent.jar" />
    <vmarg name="-Djava.awt.headless=true" />
    <vmarg name="-Djdk.attach.allowAttachSelf=true" />
    <vmarg name="-Xbootclasspath/a:/opt/ibm/zosconnect/lib/icu4j-71.1.jar:/opt/ibm/zosconnect/lib/icu4j-charset-71.1.jar" />
    <vmarg name="--add-exports=java.base/sun.security.action=ALL-UNNAMED" />
    <vmarg name="--add-exports=java.naming/com.sun.jndi.ldap=ALL-UNNAMED" />
    <vmarg name="--add-exports=java.naming/com.sun.jndi.url.ldap=ALL-UNNAMED" />
    <vmarg name="--add-exports=jdk.naming.dns/com.sun.jndi.dns=ALL-UNNAMED" />
    <vmarg name="--add-exports=jdk.naming.dns/com.sun.jndi.url.dns=ALL-UNNAMED" />
    <vmarg name="--add-exports=java.security.jgss/sun.security.krb5.internal=ALL-UNNAMED" />
    <vmarg name="--add-exports=jdk.attach/sun.tools.attach=ALL-UNNAMED" />
    <vmarg name="--add-opens=java.base/java.util=ALL-UNNAMED" />
    <vmarg name="--add-opens=java.base/java.lang=ALL-UNNAMED" />
    <vmarg name="--add-opens=java.base/java.util.concurrent=ALL-UNNAMED" />
    <vmarg name="--add-opens=java.base/java.io=ALL-UNNAMED" />
    <vmarg name="--add-opens=java.base/java.nio=ALL-UNNAMED" />
    <vmarg name="--add-opens=java.base/sun.nio.ch=ALL-UNNAMED" />
    <vmarg name="--add-opens=java.naming/javax.naming.spi=ALL-UNNAMED" />
    <vmarg name="--add-opens=java.naming/com.sun.naming.internal=ALL-UNNAMED" />
    <vmarg name="--add-opens=jdk.naming.rmi/com.sun.jndi.url.rmi=ALL-UNNAMED" />
    <vmarg name="--add-opens=java.naming/javax.naming=ALL-UNNAMED" />
    <vmarg name="--add-opens=java.rmi/java.rmi=ALL-UNNAMED" />
    <vmarg name="--add-opens=java.sql/java.sql=ALL-UNNAMED" />
    <vmarg name="--add-opens=java.management/javax.management=ALL-UNNAMED" />
    <vmarg name="--add-opens=java.base/java.lang.reflect=ALL-UNNAMED" />
    <vmarg name="--add-opens=java.desktop/java.awt.image=ALL-UNNAMED" />
    <vmarg name="--add-opens=java.base/java.security=ALL-UNNAMED" />
    <vmarg name="--add-opens=java.base/java.net=ALL-UNNAMED" />
    <vmarg name="--add-opens=java.base/java.text=ALL-UNNAMED" />
    <vmarg name="--add-opens=java.base/sun.net.www.protocol.https=ALL-UNNAMED" />
    <vmarg name="--add-exports=jdk.management.agent/jdk.internal.agent=ALL-UNNAMED" />
    <vmarg name="--add-exports=java.base/jdk.internal.vm=ALL-UNNAMED" />
    <vmarg name="-Djava.class.path=/opt/ibm/wlp/bin/tools/ws-server.jar" />
    <vmarg name="-Dsun.java.command=/opt/ibm/wlp/bin/tools/ws-server.jar defaultServer --clean" />
    <vmarg name="-Dsun.java.launcher=SUN_STANDARD" />
  </vmargs>
</initialized>

<exclusive-start id="2" timestamp="2025-12-12T03:59:32.077" intervalms="251.726">
  <response-info timems="0.022" idlems="0.022" threads="0" lastid="0000000000025A00" lastname="main" />
</exclusive-start>
<af-start id="3" threadId="0000000000026478" totalBytesRequested="8200" timestamp="2025-12-12T03:59:32.078" intervalms="252.519" type="nursery" />
<cycle-start id="4" type="scavenge" contextid="0" timestamp="2025-12-12T03:59:32.079" intervalms="253.052" />
<gc-start id="5" type="scavenge" contextid="4" timestamp="2025-12-12T03:59:32.079">
  <mem-info id="6" free="6072872" total="8388608" percent="72">
    <mem type="nursery" free="0" total="2097152" percent="0">
      <mem type="allocate" free="0" total="1048576" percent="0" />
      <mem type="survivor" free="0" total="1048576" percent="0" />
    </mem>
    <mem type="tenure" free="6072872" total="6291456" percent="96">
      <mem type="soa" free="5757480" total="5976064" percent="96" />
      <mem type="loa" free="315392" total="315392" percent="100" />
    </mem>
    <remembered-set count="3062" />
  </mem-info>
</gc-start>
<allocation-stats totalBytes="1261656" discardedBytes="5504" >
  <allocated-bytes non-tlh="234976" tlh="1026680" />
  <largest-consumer threadName="main" threadId="0000000000025A00" bytes="1175640" />
</allocation-stats>
<gc-op id="7" type="scavenge" timems="1.208" contextid="4" timestamp="2025-12-12T03:59:32.081">
  <scavenger-info tenureage="2" tenuremask="fffc" tiltratio="50" />
  <memory-copied type="nursery" objects="10198" bytes="475696" bytesdiscarded="31528" />
  <finalization candidates="170" enqueued="106" />
  <ownableSynchronizers candidates="1" cleared="0" />
  <references type="soft" candidates="18" cleared="0" enqueued="0" dynamicThreshold="32" maxThreshold="32" />
  <references type="weak" candidates="126" cleared="26" enqueued="26" />
  <references type="phantom" candidates="24" cleared="5" enqueued="5" />
  <object-monitors candidates="1" cleared="0"  />
</gc-op>
<gc-end id="8" type="scavenge" contextid="4" durationms="2.769" usertimems="1.456" systemtimems="1.355" stalltimems="2.294" timestamp="2025-12-12T03:59:32.082" activeThreads="4">
  <mem-info id="9" free="6613024" total="8388608" percent="78">
    <mem type="nursery" free="540152" total="2097152" percent="25">
      <mem type="allocate" free="540152" total="1048576" percent="51" />
      <mem type="survivor" free="0" total="1048576" percent="0" />
    </mem>
    <mem type="tenure" free="6072872" total="6291456" percent="96">
      <mem type="soa" free="5757480" total="5976064" percent="96" />
      <mem type="loa" free="315392" total="315392" percent="100" />
    </mem>
    <pending-finalizers system="106" default="0" reference="31" classloader="0" />
    <remembered-set count="3062" />
  </mem-info>
</gc-end>
<cycle-end id="10" type="scavenge" contextid="4" timestamp="2025-12-12T03:59:32.082" />
<allocation-satisfied id="11" threadId="0000000000025A00" bytesRequested="8200" />
<af-end id="12" timestamp="2025-12-12T03:59:32.083" threadId="0000000000026478" success="true" from="nursery"/>
<exclusive-end id="13" timestamp="2025-12-12T03:59:32.084" durationms="6.324" />

<exclusive-start id="14" timestamp="2025-12-12T03:59:32.105" intervalms="27.528">
  <response-info timems="0.032" idlems="0.032" threads="0" lastid="0000000000025A00" lastname="main" />
</exclusive-start>
<af-start id="15" threadId="0000000000026478" totalBytesRequested="11456" timestamp="2025-12-12T03:59:32.105" intervalms="27.279" type="nursery" />
<cycle-start id="16" type="scavenge" contextid="0" timestamp="2025-12-12T03:59:32.106" intervalms="27.344" />
<gc-start id="17" type="scavenge" contextid="16" timestamp="2025-12-12T03:59:32.106">
  <mem-info id="18" free="6023664" total="8388608" percent="71">
    <mem type="nursery" free="0" total="2097152" percent="0">
      <mem type="allocate" free="0" total="1048576" percent="0" />
      <mem type="survivor" free="0" total="1048576" percent="0" />
    </mem>
    <mem type="tenure" free="6023664" total="6291456" percent="95">
      <mem type="soa" free="5708272" total="5976064" percent="95" />
      <mem type="loa" free="315392" total="315392" percent="100" />
    </mem>
    <remembered-set count="3917" />
  </mem-info>
</gc-start>
<allocation-stats totalBytes="582040" discardedBytes="7320" >
  <allocated-bytes non-tlh="57408" tlh="524632" />
  <largest-consumer threadName="main" threadId="0000000000025A00" bytes="511296" />
</allocation-stats>
<gc-op id="19" type="scavenge" timems="1.336" contextid="16" timestamp="2025-12-12T03:59:32.109">
  <scavenger-info tenureage="5" tenuremask="7fe0" tiltratio="50" />
  <memory-copied type="nursery" objects="11632" bytes="523400" bytesdiscarded="55904" />
  <finalization candidates="121" enqueued="36" />
  <ownableSynchronizers candidates="1" cleared="0" />
  <references type="soft" candidates="41" cleared="0" enqueued="0" dynamicThreshold="32" maxThreshold="32" />
  <references type="weak" candidates="217" cleared="92" enqueued="92" />
  <references type="phantom" candidates="22" cleared="4" enqueued="4" />
  <object-monitors candidates="1" cleared="0"  />
</gc-op>
<heap-resize id="20" type="expand" space="nursery" amount="131072" count="1" timems="0.031" reason="excessive time being spent scavenging" timestamp="2025-12-12T03:59:32.110" />
<gc-end id="21" type="scavenge" contextid="16" durationms="3.655" usertimems="3.009" systemtimems="0.056" stalltimems="1.392" timestamp="2025-12-12T03:59:32.110" activeThreads="3">
  <mem-info id="22" free="6557152" total="8519680" percent="76">
    <mem type="nursery" free="533488" total="2228224" percent="23">
      <mem type="allocate" free="533488" total="1114112" percent="47" />
      <mem type="survivor" free="0" total="1114112" percent="0" />
    </mem>
    <mem type="tenure" free="6023664" total="6291456" percent="95">
      <mem type="soa" free="5708272" total="5976064" percent="95" />
      <mem type="loa" free="315392" total="315392" percent="100" />
    </mem>
    <pending-finalizers system="36" default="0" reference="96" classloader="0" />
    <remembered-set count="3917" />
  </mem-info>
</gc-end>
<cycle-end id="23" type="scavenge" contextid="16" timestamp="2025-12-12T03:59:32.111" />
<allocation-satisfied id="24" threadId="0000000000025A00" bytesRequested="11456" />
<af-end id="25" timestamp="2025-12-12T03:59:32.112" threadId="0000000000026478" success="true" from="nursery"/>
<exclusive-end id="26" timestamp="2025-12-12T03:59:32.112" durationms="7.280" />

<exclusive-start id="27" timestamp="2025-12-12T03:59:32.129" intervalms="24.564">
  <response-info timems="0.033" idlems="0.033" threads="0" lastid="0000000000025A00" lastname="main" />
</exclusive-start>
<af-start id="28" threadId="0000000000026478" totalBytesRequested="1032" timestamp="2025-12-12T03:59:32.130" intervalms="24.705" type="nursery" />
<cycle-start id="29" type="scavenge" contextid="0" timestamp="2025-12-12T03:59:32.131" intervalms="24.781" />
<gc-start id="30" type="scavenge" contextid="29" timestamp="2025-12-12T03:59:32.131">
  <mem-info id="31" free="6012256" total="8519680" percent="70">
    <mem type="nursery" free="0" total="2228224" percent="0">
      <mem type="allocate" free="0" total="1114112" percent="0" />
      <mem type="survivor" free="0" total="1114112" percent="0" />
    </mem>
    <mem type="tenure" free="6012256" total="6291456" percent="95">
      <mem type="soa" free="5696864" total="5976064" percent="95" />
      <mem type="loa" free="315392" total="315392" percent="100" />
    </mem>
    <remembered-set count="4073" />
  </mem-info>
</gc-start>
<allocation-stats totalBytes="513944" discardedBytes="30952" >
  <allocated-bytes non-tlh="22864" tlh="491080" />
  <largest-consumer threadName="main" threadId="0000000000025A00" bytes="513944" />
</allocation-stats>
<gc-op id="32" type="scavenge" timems="1.465" contextid="29" timestamp="2025-12-12T03:59:32.134">
  <scavenger-info tenureage="4" tenuremask="7ff0" tiltratio="50" />
  <memory-copied type="nursery" objects="11957" bytes="535184" bytesdiscarded="32952" />
  <finalization candidates="88" enqueued="2" />
  <ownableSynchronizers candidates="2" cleared="0" />
  <references type="soft" candidates="43" cleared="0" enqueued="0" dynamicThreshold="32" maxThreshold="32" />
  <references type="weak" candidates="186" cleared="55" enqueued="55" />
  <references type="phantom" candidates="18" cleared="0" enqueued="0" />
  <object-monitors candidates="1" cleared="0"  />
</gc-op>
<heap-resize id="33" type="expand" space="nursery" amount="131072" count="1" timems="0.035" reason="excessive time being spent scavenging" timestamp="2025-12-12T03:59:32.134" />
<gc-end id="34" type="scavenge" contextid="29" durationms="3.548" usertimems="3.210" systemtimems="0.000" stalltimems="1.724" timestamp="2025-12-12T03:59:32.135" activeThreads="3">
  <mem-info id="35" free="6622496" total="8650752" percent="76">
    <mem type="nursery" free="610240" total="2359296" percent="25">
      <mem type="allocate" free="610240" total="1179648" percent="51" />
      <mem type="survivor" free="0" total="1179648" percent="0" />
    </mem>
    <mem type="tenure" free="6012256" total="6291456" percent="95">
      <mem type="soa" free="5696864" total="5976064" percent="95" />
      <mem type="loa" free="315392" total="315392" percent="100" />
    </mem>
    <pending-finalizers system="2" default="0" reference="55" classloader="0" />
    <remembered-set count="1812" />
  </mem-info>
</gc-end>
<cycle-end id="36" type="scavenge" contextid="29" timestamp="2025-12-12T03:59:32.135" />
<allocation-satisfied id="37" threadId="0000000000025A00" bytesRequested="1032" />
<af-end id="38" timestamp="2025-12-12T03:59:32.136" threadId="0000000000026478" success="true" from="nursery"/>
<exclusive-end id="39" timestamp="2025-12-12T03:59:32.136" durationms="7.141" />

<exclusive-start id="40" timestamp="2025-12-12T03:59:32.176" intervalms="46.693">
  <response-info timems="0.033" idlems="0.033" threads="0" lastid="0000000000025A00" lastname="main" />
</exclusive-start>
<af-start id="41" threadId="0000000000026478" totalBytesRequested="32" timestamp="2025-12-12T03:59:32.177" intervalms="46.570" type="nursery" />
<cycle-start id="42" type="scavenge" contextid="0" timestamp="2025-12-12T03:59:32.178" intervalms="47.049" />
<gc-start id="43" type="scavenge" contextid="42" timestamp="2025-12-12T03:59:32.179">
  <mem-info id="44" free="5999664" total="8650752" percent="69">
    <mem type="nursery" free="0" total="2359296" percent="0">
      <mem type="allocate" free="0" total="1179648" percent="0" />
      <mem type="survivor" free="0" total="1179648" percent="0" />
    </mem>
    <mem type="tenure" free="5999664" total="6291456" percent="95">
      <mem type="soa" free="5684272" total="5976064" percent="95" />
      <mem type="loa" free="315392" total="315392" percent="100" />
    </mem>
    <remembered-set count="1971" />
  </mem-info>
</gc-start>
<allocation-stats totalBytes="622320" discardedBytes="512" >
  <allocated-bytes non-tlh="13624" tlh="608696" />
  <largest-consumer threadName="main" threadId="0000000000025A00" bytes="622320" />
</allocation-stats>
<gc-op id="45" type="scavenge" timems="1.371" contextid="42" timestamp="2025-12-12T03:59:32.182">
  <scavenger-info tenureage="3" tenuremask="fff8" tiltratio="50" />
  <memory-copied type="nursery" objects="2499" bytes="89632" bytesdiscarded="122888" />
  <memory-copied type="tenure" objects="9962" bytes="464032" bytesdiscarded="128" />
  <finalization candidates="126" enqueued="24" />
  <ownableSynchronizers candidates="3" cleared="0" />
  <references type="soft" candidates="39" cleared="0" enqueued="0" dynamicThreshold="32" maxThreshold="32" />
  <references type="weak" candidates="87" cleared="42" enqueued="42" />
  <references type="phantom" candidates="4" cleared="3" enqueued="3" />
  <object-monitors candidates="1" cleared="0"  />
</gc-op>
<gc-end id="46" type="scavenge" contextid="42" durationms="3.616" usertimems="1.945" systemtimems="1.377" stalltimems="0.856" timestamp="2025-12-12T03:59:32.183" activeThreads="3">
  <mem-info id="47" free="6414336" total="8650752" percent="74">
    <mem type="nursery" free="966912" total="2359296" percent="40">
      <mem type="allocate" free="966912" total="1179648" percent="81" />
      <mem type="survivor" free="0" total="1179648" percent="0" />
    </mem>
    <mem type="tenure" free="5447424" total="6291456" percent="86">
      <mem type="soa" free="5132032" total="5976064" percent="85" />
      <mem type="loa" free="315392" total="315392" percent="100" />
    </mem>
    <pending-finalizers system="24" default="0" reference="45" classloader="0" />
    <remembered-set count="510" />
  </mem-info>
</gc-end>
<cycle-end id="48" type="scavenge" contextid="42" timestamp="2025-12-12T03:59:32.183" />
<allocation-satisfied id="49" threadId="0000000000025A00" bytesRequested="32" />
<af-end id="50" timestamp="2025-12-12T03:59:32.184" threadId="0000000000026478" success="true" from="nursery"/>
<exclusive-end id="51" timestamp="2025-12-12T03:59:32.185" durationms="8.821" />

<exclusive-start id="52" timestamp="2025-12-12T03:59:32.230" intervalms="53.667">
  <response-info timems="0.057" idlems="0.057" threads="0" lastid="0000000000025A00" lastname="main" />
</exclusive-start>
<af-start id="53" threadId="0000000000026478" totalBytesRequested="112" timestamp="2025-12-12T03:59:32.230" intervalms="53.761" type="nursery" />
<cycle-start id="54" type="scavenge" contextid="0" timestamp="2025-12-12T03:59:32.231" intervalms="53.223" />
<gc-start id="55" type="scavenge" contextid="54" timestamp="2025-12-12T03:59:32.232">
  <mem-info id="56" free="5447424" total="8650752" percent="62">
    <mem type="nursery" free="0" total="2359296" percent="0">
      <mem type="allocate" free="0" total="1179648" percent="0" />
      <mem type="survivor" free="0" total="1179648" percent="0" />
    </mem>
    <mem type="tenure" free="5447424" total="6291456" percent="86">
      <mem type="soa" free="5132032" total="5976064" percent="85" />
      <mem type="loa" free="315392" total="315392" percent="100" />
    </mem>
    <remembered-set count="510" />
  </mem-info>
</gc-start>
<allocation-stats totalBytes="965576" discardedBytes="1336" >
  <allocated-bytes non-tlh="32" tlh="965544" />
  <largest-consumer threadName="main" threadId="0000000000025A00" bytes="965576" />
</allocation-stats>
<gc-op id="57" type="scavenge" timems="1.369" contextid="54" timestamp="2025-12-12T03:59:32.234">
  <scavenger-info tenureage="3" tenuremask="fff8" tiltratio="50" />
  <memory-copied type="nursery" objects="1139" bytes="41808" bytesdiscarded="16496" />
  <memory-copied type="tenure" objects="1278" bytes="46080" bytesdiscarded="0" />
  <finalization candidates="38" enqueued="0" />
  <ownableSynchronizers candidates="2" cleared="0" />
  <references type="soft" candidates="16" cleared="0" enqueued="0" dynamicThreshold="32" maxThreshold="32" />
  <references type="weak" candidates="19" cleared="0" enqueued="0" />
  <references type="phantom" candidates="1" cleared="0" enqueued="0" />
  <object-monitors candidates="1" cleared="0"  />
</gc-op>
<gc-end id="58" type="scavenge" contextid="54" durationms="2.663" usertimems="1.164" systemtimems="1.025" stalltimems="2.160" timestamp="2025-12-12T03:59:32.234" activeThreads="3">
  <mem-info id="59" free="6524928" total="8650752" percent="75">
    <mem type="nursery" free="1121280" total="2359296" percent="47">
      <mem type="allocate" free="1121280" total="1179648" percent="95" />
      <mem type="survivor" free="0" total="1179648" percent="0" />
    </mem>
    <mem type="tenure" free="5403648" total="6291456" percent="85">
      <mem type="soa" free="5088256" total="5976064" percent="85" />
      <mem type="loa" free="315392" total="315392" percent="100" />
    </mem>
    <remembered-set count="312" />
  </mem-info>
</gc-end>
<cycle-end id="60" type="scavenge" contextid="54" timestamp="2025-12-12T03:59:32.235" />
<allocation-satisfied id="61" threadId="0000000000025A00" bytesRequested="112" />
<af-end id="62" timestamp="2025-12-12T03:59:32.236" threadId="0000000000026478" success="true" from="nursery"/>
<exclusive-end id="63" timestamp="2025-12-12T03:59:32.236" durationms="6.515" />

<exclusive-start id="64" timestamp="2025-12-12T03:59:32.269" intervalms="39.253">
  <response-info timems="0.181" idlems="0.141" threads="1" lastid="0000000000029600" lastname="JIT Compilation Thread-000" />
</exclusive-start>
<af-start id="65" threadId="0000000000026478" totalBytesRequested="482208" timestamp="2025-12-12T03:59:32.270" intervalms="39.256" type="nursery" />
<cycle-start id="66" type="scavenge" contextid="0" timestamp="2025-12-12T03:59:32.270" intervalms="39.070" />
<gc-start id="67" type="scavenge" contextid="66" timestamp="2025-12-12T03:59:32.270">
  <mem-info id="68" free="5598440" total="8650752" percent="64">
    <mem type="nursery" free="256912" total="2359296" percent="10">
      <mem type="allocate" free="256912" total="1179648" percent="21" />
      <mem type="survivor" free="0" total="1179648" percent="0" />
    </mem>
    <mem type="tenure" free="5341528" total="6291456" percent="84">
      <mem type="soa" free="5026136" total="5976064" percent="84" />
      <mem type="loa" free="315392" total="315392" percent="100" />
    </mem>
    <remembered-set count="1348" />
  </mem-info>
</gc-start>
<allocation-stats totalBytes="925456" discardedBytes="1032" >
  <allocated-bytes non-tlh="62232" tlh="863224" />
  <largest-consumer threadName="main" threadId="0000000000025A00" bytes="925456" />
</allocation-stats>
<gc-op id="69" type="scavenge" timems="0.841" contextid="66" timestamp="2025-12-12T03:59:32.272">
  <scavenger-info tenureage="3" tenuremask="ffe8" tiltratio="50" />
  <memory-copied type="nursery" objects="7149" bytes="329384" bytesdiscarded="28928" />
  <memory-copied type="tenure" objects="485" bytes="17184" bytesdiscarded="8" />
  <finalization candidates="94" enqueued="46" />
  <ownableSynchronizers candidates="2" cleared="0" />
  <references type="soft" candidates="75" cleared="0" enqueued="0" dynamicThreshold="32" maxThreshold="32" />
  <references type="weak" candidates="81" cleared="34" enqueued="34" />
  <references type="phantom" candidates="12" cleared="7" enqueued="7" />
  <object-monitors candidates="1" cleared="0"  />
</gc-op>
<heap-resize id="70" type="expand" space="nursery" amount="131072" count="1" timems="0.032" reason="excessive time being spent scavenging" timestamp="2025-12-12T03:59:32.273" />
<gc-end id="71" type="scavenge" contextid="66" durationms="2.969" usertimems="1.698" systemtimems="0.000" stalltimems="0.266" timestamp="2025-12-12T03:59:32.273" activeThreads="2">
  <mem-info id="72" free="6207328" total="8781824" percent="70">
    <mem type="nursery" free="886536" total="2490368" percent="35">
      <mem type="allocate" free="886536" total="1245184" percent="71" />
      <mem type="survivor" free="0" total="1245184" percent="0" />
    </mem>
    <mem type="tenure" free="5320792" total="6291456" percent="84">
      <mem type="soa" free="5005400" total="5976064" percent="83" />
      <mem type="loa" free="315392" total="315392" percent="100" />
    </mem>
    <pending-finalizers system="46" default="0" reference="41" classloader="0" />
    <remembered-set count="1194" />
  </mem-info>
</gc-end>
<cycle-end id="73" type="scavenge" contextid="66" timestamp="2025-12-12T03:59:32.274" />
<allocation-satisfied id="74" threadId="0000000000025A00" bytesRequested="482208" />
<af-end id="75" timestamp="2025-12-12T03:59:32.275" threadId="0000000000026478" success="true" from="nursery"/>
<exclusive-end id="76" timestamp="2025-12-12T03:59:32.276" durationms="6.598" />

<exclusive-start id="77" timestamp="2025-12-12T03:59:32.283" intervalms="13.813">
  <response-info timems="0.031" idlems="0.031" threads="0" lastid="0000000000025A00" lastname="main" />
</exclusive-start>
<af-start id="78" threadId="0000000000026478" totalBytesRequested="11512" timestamp="2025-12-12T03:59:32.283" intervalms="13.750" type="nursery" />
<cycle-start id="79" type="scavenge" contextid="0" timestamp="2025-12-12T03:59:32.284" intervalms="13.884" />
<gc-start id="80" type="scavenge" contextid="79" timestamp="2025-12-12T03:59:32.284">
  <mem-info id="81" free="5267712" total="8781824" percent="59">
    <mem type="nursery" free="0" total="2490368" percent="0">
      <mem type="allocate" free="0" total="1245184" percent="0" />
      <mem type="survivor" free="0" total="1245184" percent="0" />
    </mem>
    <mem type="tenure" free="5267712" total="6291456" percent="83">
      <mem type="soa" free="4952320" total="5976064" percent="82" />
      <mem type="loa" free="315392" total="315392" percent="100" />
    </mem>
    <remembered-set count="2180" />
  </mem-info>
</gc-start>
<allocation-stats totalBytes="917792" discardedBytes="21824" >
  <allocated-bytes non-tlh="609648" tlh="308144" />
  <largest-consumer threadName="main" threadId="0000000000025A00" bytes="917792" />
</allocation-stats>
<gc-op id="82" type="scavenge" timems="0.929" contextid="79" timestamp="2025-12-12T03:59:32.286">
  <scavenger-info tenureage="5" tenuremask="ffe0" tiltratio="50" />
  <memory-copied type="nursery" objects="7581" bytes="912200" bytesdiscarded="24656" />
  <finalization candidates="54" enqueued="4" />
  <ownableSynchronizers candidates="1" cleared="0" />
  <references type="soft" candidates="86" cleared="0" enqueued="0" dynamicThreshold="32" maxThreshold="32" />
  <references type="weak" candidates="56" cleared="4" enqueued="4" />
  <references type="phantom" candidates="8" cleared="1" enqueued="1" />
  <object-monitors candidates="1" cleared="0"  />
</gc-op>
<heap-resize id="83" type="expand" space="nursery" amount="262144" count="1" timems="0.043" reason="excessive time being spent scavenging" timestamp="2025-12-12T03:59:32.287" />
<gc-end id="84" type="scavenge" contextid="79" durationms="2.920" usertimems="1.596" systemtimems="0.000" stalltimems="0.440" timestamp="2025-12-12T03:59:32.287" activeThreads="2">
  <mem-info id="85" free="5706832" total="9043968" percent="63">
    <mem type="nursery" free="439120" total="2752512" percent="15">
      <mem type="allocate" free="439120" total="1376256" percent="31" />
      <mem type="survivor" free="0" total="1376256" percent="0" />
    </mem>
    <mem type="tenure" free="5267712" total="6291456" percent="83">
      <mem type="soa" free="4952320" total="5976064" percent="82" />
      <mem type="loa" free="315392" total="315392" percent="100" />
    </mem>
    <pending-finalizers system="4" default="0" reference="5" classloader="0" />
    <remembered-set count="2171" />
  </mem-info>
</gc-end>
<cycle-end id="86" type="scavenge" contextid="79" timestamp="2025-12-12T03:59:32.288" />
<allocation-satisfied id="87" threadId="0000000000025A00" bytesRequested="11512" />
<af-end id="88" timestamp="2025-12-12T03:59:32.289" threadId="0000000000026478" success="true" from="nursery"/>
<exclusive-end id="89" timestamp="2025-12-12T03:59:32.289" durationms="6.721" />

<exclusive-start id="90" timestamp="2025-12-12T03:59:32.302" intervalms="19.103">
  <response-info timems="0.054" idlems="0.054" threads="0" lastid="0000000000025A00" lastname="main" />
</exclusive-start>
<af-start id="91" threadId="0000000000026478" totalBytesRequested="64" timestamp="2025-12-12T03:59:32.303" intervalms="19.219" type="nursery" />
<cycle-start id="92" type="scavenge" contextid="0" timestamp="2025-12-12T03:59:32.303" intervalms="19.122" />
<gc-start id="93" type="scavenge" contextid="92" timestamp="2025-12-12T03:59:32.303">
  <mem-info id="94" free="5266656" total="9043968" percent="58">
    <mem type="nursery" free="0" total="2752512" percent="0">
      <mem type="allocate" free="0" total="1376256" percent="0" />
      <mem type="survivor" free="0" total="1376256" percent="0" />
    </mem>
    <mem type="tenure" free="5266656" total="6291456" percent="83">
      <mem type="soa" free="4951264" total="5976064" percent="82" />
      <mem type="loa" free="315392" total="315392" percent="100" />
    </mem>
    <remembered-set count="2187" />
  </mem-info>
</gc-start>
<allocation-stats totalBytes="439336" discardedBytes="840" >
  <allocated-bytes non-tlh="12568" tlh="426768" />
  <largest-consumer threadName="main" threadId="0000000000025A00" bytes="439336" />
</allocation-stats>
<gc-op id="95" type="scavenge" timems="1.334" contextid="92" timestamp="2025-12-12T03:59:32.306">
  <scavenger-info tenureage="3" tenuremask="fff8" tiltratio="50" />
  <memory-copied type="nursery" objects="11938" bytes="1104240" bytesdiscarded="29048" />
  <memory-copied type="tenure" objects="371" bytes="12632" bytesdiscarded="0" />
  <finalization candidates="50" enqueued="0" />
  <ownableSynchronizers candidates="1" cleared="0" />
  <references type="soft" candidates="72" cleared="0" enqueued="0" dynamicThreshold="32" maxThreshold="32" />
  <references type="weak" candidates="52" cleared="13" enqueued="13" />
  <references type="phantom" candidates="6" cleared="0" enqueued="0" />
  <object-monitors candidates="1" cleared="0"  />
</gc-op>
<heap-resize id="96" type="expand" space="nursery" amount="262144" count="1" timems="0.071" reason="excessive time being spent scavenging" timestamp="2025-12-12T03:59:32.306" />
<gc-end id="97" type="scavenge" contextid="92" durationms="3.559" usertimems="0.000" systemtimems="2.519" stalltimems="0.451" timestamp="2025-12-12T03:59:32.307" activeThreads="2">
  <mem-info id="98" free="5625880" total="9306112" percent="60">
    <mem type="nursery" free="373816" total="3014656" percent="12">
      <mem type="allocate" free="373816" total="1507328" percent="24" />
      <mem type="survivor" free="0" total="1507328" percent="0" />
    </mem>
    <mem type="tenure" free="5252064" total="6291456" percent="83">
      <mem type="soa" free="4936672" total="5976064" percent="82" />
      <mem type="loa" free="315392" total="315392" percent="100" />
    </mem>
    <pending-finalizers system="0" default="0" reference="13" classloader="0" />
    <remembered-set count="1195" />
  </mem-info>
</gc-end>
<cycle-end id="99" type="scavenge" contextid="92" timestamp="2025-12-12T03:59:32.308" />
<allocation-satisfied id="100" threadId="0000000000025A00" bytesRequested="64" />
<af-end id="101" timestamp="2025-12-12T03:59:32.309" threadId="0000000000026478" success="true" from="nursery"/>
<exclusive-end id="102" timestamp="2025-12-12T03:59:32.309" durationms="7.196" />

<exclusive-start id="103" timestamp="2025-12-12T03:59:32.311" intervalms="8.825">
  <response-info timems="0.028" idlems="0.028" threads="0" lastid="0000000000025A00" lastname="main" />
</exclusive-start>
<af-start id="104" threadId="0000000000026478" totalBytesRequested="24" timestamp="2025-12-12T03:59:32.311" intervalms="8.700" type="nursery" />
<cycle-start id="105" type="scavenge" contextid="0" timestamp="2025-12-12T03:59:32.312" intervalms="8.788" />
<gc-start id="106" type="scavenge" contextid="105" timestamp="2025-12-12T03:59:32.312">
  <mem-info id="107" free="5251832" total="9306112" percent="56">
    <mem type="nursery" free="0" total="3014656" percent="0">
      <mem type="allocate" free="0" total="1507328" percent="0" />
      <mem type="survivor" free="0" total="1507328" percent="0" />
    </mem>
    <mem type="tenure" free="5251832" total="6291456" percent="83">
      <mem type="soa" free="4936440" total="5976064" percent="82" />
      <mem type="loa" free="315392" total="315392" percent="100" />
    </mem>
    <remembered-set count="1200" />
  </mem-info>
</gc-start>
<allocation-stats totalBytes="373960" discardedBytes="88" >
  <allocated-bytes non-tlh="296" tlh="373664" />
  <largest-consumer threadName="main" threadId="0000000000025A00" bytes="373960" />
</allocation-stats>
<gc-op id="108" type="scavenge" timems="1.191" contextid="105" timestamp="2025-12-12T03:59:32.315">
  <scavenger-info tenureage="2" tenuremask="fffc" tiltratio="50" />
  <memory-copied type="nursery" objects="7846" bytes="297432" bytesdiscarded="32560" />
  <memory-copied type="tenure" objects="7177" bytes="897632" bytesdiscarded="696" />
  <finalization candidates="34" enqueued="0" />
  <references type="weak" candidates="2" cleared="2" enqueued="2" />
  <object-monitors candidates="1" cleared="0"  />
</gc-op>
<heap-resize id="109" type="expand" space="nursery" amount="524288" count="1" timems="0.028" reason="excessive time being spent scavenging" timestamp="2025-12-12T03:59:32.315" />
<gc-end id="110" type="scavenge" contextid="105" durationms="3.414" usertimems="2.215" systemtimems="0.000" stalltimems="0.384" timestamp="2025-12-12T03:59:32.316" activeThreads="2">
  <mem-info id="111" free="5724456" total="9830400" percent="58">
    <mem type="nursery" free="1439480" total="3538944" percent="40">
      <mem type="allocate" free="1439480" total="1769472" percent="81" />
      <mem type="survivor" free="0" total="1769472" percent="0" />
    </mem>
    <mem type="tenure" free="4284976" total="6291456" percent="68">
      <mem type="soa" free="3969584" total="5976064" percent="66" />
      <mem type="loa" free="315392" total="315392" percent="100" />
    </mem>
    <pending-finalizers system="0" default="0" reference="2" classloader="0" />
    <remembered-set count="111" />
  </mem-info>
</gc-end>
<cycle-end id="112" type="scavenge" contextid="105" timestamp="2025-12-12T03:59:32.316" />
<allocation-satisfied id="113" threadId="0000000000025A00" bytesRequested="24" />
<af-end id="114" timestamp="2025-12-12T03:59:32.317" threadId="0000000000026478" success="true" from="nursery"/>
<exclusive-end id="115" timestamp="2025-12-12T03:59:32.318" durationms="7.215" />

<exclusive-start id="116" timestamp="2025-12-12T03:59:32.344" intervalms="33.289">
  <response-info timems="0.027" idlems="0.027" threads="0" lastid="0000000000025A00" lastname="main" />
</exclusive-start>
<af-start id="117" threadId="0000000000026478" totalBytesRequested="40" timestamp="2025-12-12T03:59:32.345" intervalms="33.271" type="nursery" />
<cycle-start id="118" type="scavenge" contextid="0" timestamp="2025-12-12T03:59:32.345" intervalms="33.235" />
<gc-start id="119" type="scavenge" contextid="118" timestamp="2025-12-12T03:59:32.346">
  <mem-info id="120" free="4211864" total="9830400" percent="42">
    <mem type="nursery" free="0" total="3538944" percent="0">
      <mem type="allocate" free="0" total="1769472" percent="0" />
      <mem type="survivor" free="0" total="1769472" percent="0" />
    </mem>
    <mem type="tenure" free="4211864" total="6291456" percent="66">
      <mem type="soa" free="3896472" total="5976064" percent="65" />
      <mem type="loa" free="315392" total="315392" percent="100" />
    </mem>
    <remembered-set count="1027" />
  </mem-info>
</gc-start>
<allocation-stats totalBytes="1511592" discardedBytes="1000" >
  <allocated-bytes non-tlh="166880" tlh="1344712" />
  <largest-consumer threadName="main" threadId="0000000000025A00" bytes="1511592" />
</allocation-stats>
<gc-op id="121" type="scavenge" timems="0.531" contextid="118" timestamp="2025-12-12T03:59:32.347">
  <scavenger-info tenureage="3" tenuremask="fff8" tiltratio="50" />
  <memory-copied type="nursery" objects="2024" bytes="60288" bytesdiscarded="18288" />
  <finalization candidates="46" enqueued="30" />
  <ownableSynchronizers candidates="1" cleared="0" />
  <references type="soft" candidates="21" cleared="0" enqueued="0" dynamicThreshold="32" maxThreshold="32" />
  <references type="weak" candidates="107" cleared="86" enqueued="86" />
  <references type="phantom" candidates="6" cleared="5" enqueued="5" />
  <object-monitors candidates="1" cleared="0"  />
</gc-op>
<gc-end id="122" type="scavenge" contextid="118" durationms="1.869" usertimems="0.000" systemtimems="0.787" stalltimems="0.326" timestamp="2025-12-12T03:59:32.347" activeThreads="2">
  <mem-info id="123" free="6229912" total="9830400" percent="63">
    <mem type="nursery" free="2018048" total="3538944" percent="57">
      <mem type="allocate" free="2018048" total="2097152" percent="96" />
      <mem type="survivor" free="0" total="1441792" percent="0" />
    </mem>
    <mem type="tenure" free="4211864" total="6291456" percent="66">
      <mem type="soa" free="3896472" total="5976064" percent="65" />
      <mem type="loa" free="315392" total="315392" percent="100" />
    </mem>
    <pending-finalizers system="30" default="0" reference="91" classloader="0" />
    <remembered-set count="1011" />
  </mem-info>
</gc-end>
<cycle-end id="124" type="scavenge" contextid="118" timestamp="2025-12-12T03:59:32.348" />
<allocation-satisfied id="125" threadId="0000000000025A00" bytesRequested="40" />
<af-end id="126" timestamp="2025-12-12T03:59:32.349" threadId="0000000000026478" success="true" from="nursery"/>
<exclusive-end id="127" timestamp="2025-12-12T03:59:32.349" durationms="5.342" />

<exclusive-start id="128" timestamp="2025-12-12T03:59:32.395" intervalms="51.350">
  <response-info timems="0.032" idlems="0.032" threads="0" lastid="0000000000025A00" lastname="main" />
</exclusive-start>
<af-start id="129" threadId="0000000000026478" totalBytesRequested="136" timestamp="2025-12-12T03:59:32.396" intervalms="51.430" type="nursery" />
<cycle-start id="130" type="scavenge" contextid="0" timestamp="2025-12-12T03:59:32.397" intervalms="51.630" />
<gc-start id="131" type="scavenge" contextid="130" timestamp="2025-12-12T03:59:32.397">
  <mem-info id="132" free="4095032" total="9830400" percent="41">
    <mem type="nursery" free="0" total="3538944" percent="0">
      <mem type="allocate" free="0" total="2097152" percent="0" />
      <mem type="survivor" free="0" total="1441792" percent="0" />
    </mem>
    <mem type="tenure" free="4095032" total="6291456" percent="65">
      <mem type="soa" free="3779640" total="5976064" percent="63" />
      <mem type="loa" free="315392" total="315392" percent="100" />
    </mem>
    <remembered-set count="2653" />
  </mem-info>
</gc-start>
<allocation-stats totalBytes="2132584" discardedBytes="2296" >
  <allocated-bytes non-tlh="210616" tlh="1921968" />
  <largest-consumer threadName="main" threadId="0000000000025A00" bytes="2132584" />
</allocation-stats>
<gc-op id="133" type="scavenge" timems="1.349" contextid="130" timestamp="2025-12-12T03:59:32.400">
  <scavenger-info tenureage="4" tenuremask="fff0" tiltratio="59" />
  <memory-copied type="nursery" objects="9328" bytes="491816" bytesdiscarded="33720" />
  <finalization candidates="386" enqueued="246" />
  <ownableSynchronizers candidates="5" cleared="0" />
  <references type="soft" candidates="466" cleared="0" enqueued="0" dynamicThreshold="32" maxThreshold="32" />
  <references type="weak" candidates="434" cleared="254" enqueued="254" />
  <references type="phantom" candidates="36" cleared="22" enqueued="22" />
  <object-monitors candidates="4" cleared="0"  />
</gc-op>
<heap-resize id="134" type="expand" space="nursery" amount="131072" count="1" timems="0.026" reason="excessive time being spent scavenging" timestamp="2025-12-12T03:59:32.401" />
<gc-end id="135" type="scavenge" contextid="130" durationms="3.957" usertimems="2.132" systemtimems="0.000" stalltimems="0.760" timestamp="2025-12-12T03:59:32.401" activeThreads="2">
  <mem-info id="136" free="5862032" total="9961472" percent="58">
    <mem type="nursery" free="1767000" total="3670016" percent="48">
      <mem type="allocate" free="1767000" total="2293760" percent="77" />
      <mem type="survivor" free="0" total="1376256" percent="0" />
    </mem>
    <mem type="tenure" free="4095032" total="6291456" percent="65">
      <mem type="soa" free="3779640" total="5976064" percent="63" />
      <mem type="loa" free="315392" total="315392" percent="100" />
    </mem>
    <pending-finalizers system="246" default="0" reference="276" classloader="0" />
    <remembered-set count="2628" />
  </mem-info>
</gc-end>
<cycle-end id="137" type="scavenge" contextid="130" timestamp="2025-12-12T03:59:32.402" />
<allocation-satisfied id="138" threadId="0000000000025A00" bytesRequested="136" />
<af-end id="139" timestamp="2025-12-12T03:59:32.407" threadId="0000000000026478" success="true" from="nursery"/>
<exclusive-end id="140" timestamp="2025-12-12T03:59:32.408" durationms="12.500" />

<exclusive-start id="141" timestamp="2025-12-12T03:59:32.465" intervalms="70.055">
  <response-info timems="0.036" idlems="0.036" threads="0" lastid="0000000000025A00" lastname="main" />
</exclusive-start>
<af-start id="142" threadId="0000000000026478" totalBytesRequested="8200" timestamp="2025-12-12T03:59:32.466" intervalms="70.092" type="nursery" />
<cycle-start id="143" type="scavenge" contextid="0" timestamp="2025-12-12T03:59:32.467" intervalms="69.960" />
<gc-start id="144" type="scavenge" contextid="143" timestamp="2025-12-12T03:59:32.467">
  <mem-info id="145" free="3971544" total="9961472" percent="39">
    <mem type="nursery" free="0" total="3670016" percent="0">
      <mem type="allocate" free="0" total="2293760" percent="0" />
      <mem type="survivor" free="0" total="1376256" percent="0" />
    </mem>
    <mem type="tenure" free="3971544" total="6291456" percent="63">
      <mem type="soa" free="3656152" total="5976064" percent="61" />
      <mem type="loa" free="315392" total="315392" percent="100" />
    </mem>
    <remembered-set count="4435" />
  </mem-info>
</gc-start>
<allocation-stats totalBytes="1889728" discardedBytes="760" >
  <allocated-bytes non-tlh="123624" tlh="1766104" />
  <largest-consumer threadName="main" threadId="0000000000025A00" bytes="1885632" />
</allocation-stats>
<gc-op id="146" type="scavenge" timems="2.219" contextid="143" timestamp="2025-12-12T03:59:32.471">
  <scavenger-info tenureage="4" tenuremask="7ff0" tiltratio="62" />
  <memory-copied type="nursery" objects="26217" bytes="1100560" bytesdiscarded="21496" />
  <memory-copied type="tenure" objects="14" bytes="504" bytesdiscarded="0" />
  <finalization candidates="254" enqueued="70" />
  <ownableSynchronizers candidates="9" cleared="0" />
  <references type="soft" candidates="3475" cleared="0" enqueued="0" dynamicThreshold="32" maxThreshold="32" />
  <references type="weak" candidates="404" cleared="164" enqueued="163" />
  <references type="phantom" candidates="37" cleared="21" enqueued="21" />
  <object-monitors candidates="5" cleared="0"  />
</gc-op>
<gc-end id="147" type="scavenge" contextid="143" durationms="4.100" usertimems="2.386" systemtimems="1.398" stalltimems="1.079" timestamp="2025-12-12T03:59:32.471" activeThreads="2">
  <mem-info id="148" free="4683128" total="9961472" percent="47">
    <mem type="nursery" free="711584" total="3670016" percent="19">
      <mem type="allocate" free="711584" total="1835008" percent="38" />
      <mem type="survivor" free="0" total="1835008" percent="0" />
    </mem>
    <mem type="tenure" free="3971544" total="6291456" percent="63">
      <mem type="soa" free="3656152" total="5976064" percent="61" />
      <mem type="loa" free="315392" total="315392" percent="100" />
    </mem>
    <pending-finalizers system="70" default="0" reference="184" classloader="0" />
    <remembered-set count="3607" />
  </mem-info>
</gc-end>
<cycle-end id="149" type="scavenge" contextid="143" timestamp="2025-12-12T03:59:32.472" />
<allocation-satisfied id="150" threadId="0000000000025A00" bytesRequested="8200" />
<af-end id="151" timestamp="2025-12-12T03:59:32.473" threadId="0000000000026478" success="true" from="nursery"/>
<exclusive-end id="152" timestamp="2025-12-12T03:59:32.474" durationms="8.305" />

<exclusive-start id="153" timestamp="2025-12-12T03:59:32.494" intervalms="29.074">
  <response-info timems="0.061" idlems="0.061" threads="0" lastid="0000000000025A00" lastname="main" />
</exclusive-start>
<af-start id="154" threadId="0000000000026478" totalBytesRequested="8200" timestamp="2025-12-12T03:59:32.495" intervalms="29.030" type="nursery" />
<cycle-start id="155" type="scavenge" contextid="0" timestamp="2025-12-12T03:59:32.496" intervalms="29.044" />
<gc-start id="156" type="scavenge" contextid="155" timestamp="2025-12-12T03:59:32.496">
  <mem-info id="157" free="3921088" total="9961472" percent="39">
    <mem type="nursery" free="0" total="3670016" percent="0">
      <mem type="allocate" free="0" total="1835008" percent="0" />
      <mem type="survivor" free="0" total="1835008" percent="0" />
    </mem>
    <mem type="tenure" free="3921088" total="6291456" percent="62">
      <mem type="soa" free="3605696" total="5976064" percent="60" />
      <mem type="loa" free="315392" total="315392" percent="100" />
    </mem>
    <remembered-set count="4315" />
  </mem-info>
</gc-start>
<allocation-stats totalBytes="759568" discardedBytes="2472" >
  <allocated-bytes non-tlh="58656" tlh="700912" />
  <largest-consumer threadName="main" threadId="0000000000025A00" bytes="759568" />
</allocation-stats>
<gc-op id="158" type="scavenge" timems="1.983" contextid="155" timestamp="2025-12-12T03:59:32.499">
  <scavenger-info tenureage="3" tenuremask="7ff8" tiltratio="50" />
  <memory-copied type="nursery" objects="26360" bytes="1104008" bytesdiscarded="13320" />
  <memory-copied type="tenure" objects="1642" bytes="47488" bytesdiscarded="16" />
  <finalization candidates="217" enqueued="20" />
  <ownableSynchronizers candidates="11" cleared="0" />
  <references type="soft" candidates="3500" cleared="0" enqueued="0" dynamicThreshold="32" maxThreshold="32" />
  <references type="weak" candidates="382" cleared="145" enqueued="145" />
  <references type="phantom" candidates="23" cleared="8" enqueued="8" />
  <object-monitors candidates="5" cleared="0"  />
</gc-op>
<heap-resize id="159" type="expand" space="nursery" amount="262144" count="1" timems="0.027" reason="excessive time being spent scavenging" timestamp="2025-12-12T03:59:32.500" />
<gc-end id="160" type="scavenge" contextid="155" durationms="4.186" usertimems="3.892" systemtimems="0.000" stalltimems="0.308" timestamp="2025-12-12T03:59:32.500" activeThreads="2">
  <mem-info id="161" free="4973256" total="10223616" percent="48">
    <mem type="nursery" free="1175568" total="3932160" percent="29">
      <mem type="allocate" free="1175568" total="2293760" percent="51" />
      <mem type="survivor" free="0" total="1638400" percent="0" />
    </mem>
    <mem type="tenure" free="3797688" total="6291456" percent="60">
      <mem type="soa" free="3482296" total="5976064" percent="58" />
      <mem type="loa" free="315392" total="315392" percent="100" />
    </mem>
    <pending-finalizers system="20" default="0" reference="153" classloader="0" />
    <remembered-set count="3065" />
  </mem-info>
</gc-end>
<cycle-end id="162" type="scavenge" contextid="155" timestamp="2025-12-12T03:59:32.501" />
<allocation-satisfied id="163" threadId="0000000000025A00" bytesRequested="8200" />
<af-end id="164" timestamp="2025-12-12T03:59:32.502" threadId="0000000000026478" success="true" from="nursery"/>
<exclusive-end id="165" timestamp="2025-12-12T03:59:32.502" durationms="8.042" />

<exclusive-start id="166" timestamp="2025-12-12T03:59:32.526" intervalms="31.092">
  <response-info timems="0.032" idlems="0.032" threads="0" lastid="0000000000025A00" lastname="main" />
</exclusive-start>
<af-start id="167" threadId="0000000000026478" totalBytesRequested="24" timestamp="2025-12-12T03:59:32.526" intervalms="31.097" type="nursery" />
<cycle-start id="168" type="scavenge" contextid="0" timestamp="2025-12-12T03:59:32.527" intervalms="31.055" />
<gc-start id="169" type="scavenge" contextid="168" timestamp="2025-12-12T03:59:32.527">
  <mem-info id="170" free="3753720" total="10223616" percent="36">
    <mem type="nursery" free="0" total="3932160" percent="0">
      <mem type="allocate" free="0" total="2293760" percent="0" />
      <mem type="survivor" free="0" total="1638400" percent="0" />
    </mem>
    <mem type="tenure" free="3753720" total="6291456" percent="59">
      <mem type="soa" free="3438328" total="5976064" percent="57" />
      <mem type="loa" free="315392" total="315392" percent="100" />
    </mem>
    <remembered-set count="3622" />
  </mem-info>
</gc-start>
<allocation-stats totalBytes="1218288" discardedBytes="1248" >
  <allocated-bytes non-tlh="52168" tlh="1166120" />
  <largest-consumer threadName="main" threadId="0000000000025A00" bytes="1218288" />
</allocation-stats>
<gc-op id="171" type="scavenge" timems="2.231" contextid="168" timestamp="2025-12-12T03:59:32.531">
  <scavenger-info tenureage="2" tenuremask="7ffc" tiltratio="58" />
  <memory-copied type="nursery" objects="11543" bytes="351616" bytesdiscarded="90472" />
  <memory-copied type="tenure" objects="23464" bytes="1012480" bytesdiscarded="808" />
  <finalization candidates="191" enqueued="8" />
  <ownableSynchronizers candidates="22" cleared="0" />
  <references type="soft" candidates="60" cleared="0" enqueued="0" dynamicThreshold="32" maxThreshold="32" />
  <references type="weak" candidates="199" cleared="180" enqueued="180" />
  <references type="phantom" candidates="4" cleared="2" enqueued="2" />
  <object-monitors candidates="5" cleared="0"  />
</gc-op>
<heap-resize id="172" type="expand" space="nursery" amount="262144" count="1" timems="0.027" reason="excessive time being spent scavenging" timestamp="2025-12-12T03:59:32.531" />
<gc-end id="173" type="scavenge" contextid="168" durationms="4.370" usertimems="4.279" systemtimems="0.000" stalltimems="0.472" timestamp="2025-12-12T03:59:32.532" activeThreads="2">
  <mem-info id="174" free="4919200" total="10485760" percent="46">
    <mem type="nursery" free="2113536" total="4194304" percent="50">
      <mem type="allocate" free="2113536" total="2555904" percent="82" />
      <mem type="survivor" free="0" total="1638400" percent="0" />
    </mem>
    <mem type="tenure" free="2805664" total="6291456" percent="44">
      <mem type="soa" free="2490272" total="5976064" percent="41" />
      <mem type="loa" free="315392" total="315392" percent="100" />
    </mem>
    <pending-finalizers system="8" default="0" reference="182" classloader="0" />
    <remembered-set count="1443" />
  </mem-info>
</gc-end>
<cycle-end id="175" type="scavenge" contextid="168" timestamp="2025-12-12T03:59:32.532" />
<allocation-satisfied id="176" threadId="0000000000025A00" bytesRequested="24" />
<af-end id="177" timestamp="2025-12-12T03:59:32.533" threadId="0000000000026478" success="true" from="nursery"/>
<exclusive-end id="178" timestamp="2025-12-12T03:59:32.534" durationms="8.234" />

<exclusive-start id="179" timestamp="2025-12-12T03:59:32.581" intervalms="55.504">
  <response-info timems="0.108" idlems="0.087" threads="1" lastid="0000000000025A00" lastname="main" />
</exclusive-start>
<af-start id="180" threadId="000000000058CF78" totalBytesRequested="64" timestamp="2025-12-12T03:59:32.582" intervalms="55.502" type="nursery" />
<cycle-start id="181" type="scavenge" contextid="0" timestamp="2025-12-12T03:59:32.582" intervalms="55.580" />
<gc-start id="182" type="scavenge" contextid="181" timestamp="2025-12-12T03:59:32.583">
  <mem-info id="183" free="2708536" total="10485760" percent="25">
    <mem type="nursery" free="0" total="4194304" percent="0">
      <mem type="allocate" free="0" total="2555904" percent="0" />
      <mem type="survivor" free="0" total="1638400" percent="0" />
    </mem>
    <mem type="tenure" free="2708536" total="6291456" percent="43">
      <mem type="soa" free="2393144" total="5976064" percent="40" />
      <mem type="loa" free="315392" total="315392" percent="100" />
    </mem>
    <remembered-set count="2715" />
  </mem-info>
</gc-start>
<allocation-stats totalBytes="2208224" discardedBytes="2440" >
  <allocated-bytes non-tlh="135840" tlh="2072384" />
  <largest-consumer threadName="main" threadId="0000000000025A00" bytes="2049488" />
</allocation-stats>
<gc-op id="184" type="scavenge" timems="1.690" contextid="181" timestamp="2025-12-12T03:59:32.586">
  <scavenger-info tenureage="2" tenuremask="7ffc" tiltratio="60" />
  <memory-copied type="nursery" objects="15657" bytes="500552" bytesdiscarded="32504" />
  <memory-copied type="tenure" objects="2191" bytes="63864" bytesdiscarded="24" />
  <finalization candidates="307" enqueued="185" />
  <ownableSynchronizers candidates="24" cleared="3" />
  <references type="soft" candidates="120" cleared="0" enqueued="0" dynamicThreshold="32" maxThreshold="32" />
  <references type="weak" candidates="531" cleared="376" enqueued="376" />
  <references type="phantom" candidates="33" cleared="30" enqueued="30" />
  <object-monitors candidates="5" cleared="0"  />
</gc-op>
<gc-end id="185" type="scavenge" contextid="181" durationms="3.491" usertimems="3.408" systemtimems="0.000" stalltimems="0.483" timestamp="2025-12-12T03:59:32.586" activeThreads="2">
  <mem-info id="186" free="4853920" total="10485760" percent="46">
    <mem type="nursery" free="2283624" total="4194304" percent="54">
      <mem type="allocate" free="2283624" total="2818048" percent="81" />
      <mem type="survivor" free="0" total="1376256" percent="0" />
    </mem>
    <mem type="tenure" free="2570296" total="6291456" percent="40">
      <mem type="soa" free="2254904" total="5976064" percent="37" />
      <mem type="loa" free="315392" total="315392" percent="100" />
    </mem>
    <pending-finalizers system="185" default="0" reference="406" classloader="0" />
    <remembered-set count="2020" />
  </mem-info>
</gc-end>
<cycle-end id="187" type="scavenge" contextid="181" timestamp="2025-12-12T03:59:32.587" />
<allocation-satisfied id="188" threadId="000000000058C500" bytesRequested="64" />
<af-end id="189" timestamp="2025-12-12T03:59:32.588" threadId="000000000058CF78" success="true" from="nursery"/>
<exclusive-end id="190" timestamp="2025-12-12T03:59:32.589" durationms="7.688" />

<exclusive-start id="191" timestamp="2025-12-12T03:59:32.641" intervalms="59.830">
  <response-info timems="0.029" idlems="0.029" threads="0" lastid="0000000000025A00" lastname="main" />
</exclusive-start>
<af-start id="192" threadId="0000000000026478" totalBytesRequested="36672" timestamp="2025-12-12T03:59:32.641" intervalms="59.740" type="nursery" />
<cycle-start id="193" type="scavenge" contextid="0" timestamp="2025-12-12T03:59:32.642" intervalms="59.696" />
<gc-start id="194" type="scavenge" contextid="193" timestamp="2025-12-12T03:59:32.643">
  <mem-info id="195" free="2566816" total="10485760" percent="24">
    <mem type="nursery" free="0" total="4194304" percent="0">
      <mem type="allocate" free="0" total="2818048" percent="0" />
      <mem type="survivor" free="0" total="1376256" percent="0" />
    </mem>
    <mem type="tenure" free="2566816" total="6291456" percent="40">
      <mem type="soa" free="2251424" total="5976064" percent="37" />
      <mem type="loa" free="315392" total="315392" percent="100" />
    </mem>
    <remembered-set count="2086" />
  </mem-info>
</gc-start>
<allocation-stats totalBytes="2275096" discardedBytes="12008" >
  <allocated-bytes non-tlh="333632" tlh="1941464" />
  <largest-consumer threadName="main" threadId="0000000000025A00" bytes="2238152" />
</allocation-stats>
<gc-op id="196" type="scavenge" timems="1.110" contextid="193" timestamp="2025-12-12T03:59:32.645">
  <scavenger-info tenureage="2" tenuremask="7ffc" tiltratio="67" />
  <memory-copied type="nursery" objects="13696" bytes="471128" bytesdiscarded="23552" />
  <memory-copied type="tenure" objects="4798" bytes="143848" bytesdiscarded="80" />
  <finalization candidates="109" enqueued="0" />
  <ownableSynchronizers candidates="19" cleared="0" />
  <references type="soft" candidates="106" cleared="0" enqueued="0" dynamicThreshold="32" maxThreshold="32" />
  <references type="weak" candidates="166" cleared="15" enqueued="15" />
  <references type="phantom" candidates="2" cleared="0" enqueued="0" />
  <object-monitors candidates="5" cleared="0"  />
</gc-op>
<gc-end id="197" type="scavenge" contextid="193" durationms="2.696" usertimems="2.123" systemtimems="0.000" stalltimems="0.222" timestamp="2025-12-12T03:59:32.645" activeThreads="2">
  <mem-info id="198" free="4791712" total="10485760" percent="45">
    <mem type="nursery" free="2453760" total="4194304" percent="58">
      <mem type="allocate" free="2453760" total="2949120" percent="83" />
      <mem type="survivor" free="0" total="1245184" percent="0" />
    </mem>
    <mem type="tenure" free="2337952" total="6291456" percent="37">
      <mem type="soa" free="2022560" total="5976064" percent="33" />
      <mem type="loa" free="315392" total="315392" percent="100" />
    </mem>
    <pending-finalizers system="0" default="0" reference="15" classloader="0" />
    <remembered-set count="1495" />
  </mem-info>
</gc-end>
<cycle-end id="199" type="scavenge" contextid="193" timestamp="2025-12-12T03:59:32.646" />
<allocation-satisfied id="200" threadId="0000000000025A00" bytesRequested="36672" />
<af-end id="201" timestamp="2025-12-12T03:59:32.647" threadId="0000000000026478" success="true" from="nursery"/>
<exclusive-end id="202" timestamp="2025-12-12T03:59:32.647" durationms="6.142" />

<exclusive-start id="203" timestamp="2025-12-12T03:59:32.681" intervalms="39.987">
  <response-info timems="0.028" idlems="0.028" threads="0" lastid="0000000000025A00" lastname="main" />
</exclusive-start>
<af-start id="204" threadId="0000000000026478" totalBytesRequested="265032" timestamp="2025-12-12T03:59:32.682" intervalms="40.081" type="nursery" />
<cycle-start id="205" type="scavenge" contextid="0" timestamp="2025-12-12T03:59:32.682" intervalms="40.121" />
<gc-start id="206" type="scavenge" contextid="205" timestamp="2025-12-12T03:59:32.683">
  <mem-info id="207" free="2546488" total="10485760" percent="24">
    <mem type="nursery" free="209008" total="4194304" percent="4">
      <mem type="allocate" free="209008" total="2949120" percent="7" />
      <mem type="survivor" free="0" total="1245184" percent="0" />
    </mem>
    <mem type="tenure" free="2337480" total="6291456" percent="37">
      <mem type="soa" free="2022088" total="5976064" percent="33" />
      <mem type="loa" free="315392" total="315392" percent="100" />
    </mem>
    <remembered-set count="1512" />
  </mem-info>
</gc-start>
<allocation-stats totalBytes="2168752" discardedBytes="76472" >
  <allocated-bytes non-tlh="373160" tlh="1795592" />
  <largest-consumer threadName="main" threadId="0000000000025A00" bytes="2168752" />
</allocation-stats>
<gc-op id="208" type="scavenge" timems="1.152" contextid="205" timestamp="2025-12-12T03:59:32.685">
  <scavenger-info tenureage="2" tenuremask="7ffc" tiltratio="70" />
  <memory-copied type="nursery" objects="4408" bytes="182848" bytesdiscarded="36008" />
  <memory-copied type="tenure" objects="9677" bytes="301776" bytesdiscarded="120" />
  <finalization candidates="107" enqueued="0" />
  <ownableSynchronizers candidates="10" cleared="0" />
  <references type="weak" candidates="3" cleared="0" enqueued="0" />
  <references type="phantom" candidates="2" cleared="0" enqueued="0" />
  <object-monitors candidates="5" cleared="0"  />
</gc-op>
<heap-resize id="209" type="expand" space="nursery" amount="262144" count="1" timems="0.029" reason="excessive time being spent scavenging" timestamp="2025-12-12T03:59:32.685" />
<gc-end id="210" type="scavenge" contextid="205" durationms="3.104" usertimems="2.163" systemtimems="0.000" stalltimems="0.354" timestamp="2025-12-12T03:59:32.686" activeThreads="2">
  <mem-info id="211" free="5042632" total="10747904" percent="46">
    <mem type="nursery" free="2992384" total="4456448" percent="67">
      <mem type="allocate" free="2992384" total="3211264" percent="93" />
      <mem type="survivor" free="0" total="1245184" percent="0" />
    </mem>
    <mem type="tenure" free="2050248" total="6291456" percent="32">
      <mem type="soa" free="1734856" total="5976064" percent="29" />
      <mem type="loa" free="315392" total="315392" percent="100" />
    </mem>
    <remembered-set count="190" />
  </mem-info>
</gc-end>
<cycle-end id="212" type="scavenge" contextid="205" timestamp="2025-12-12T03:59:32.686" />
<allocation-satisfied id="213" threadId="0000000000025A00" bytesRequested="265032" />
<af-end id="214" timestamp="2025-12-12T03:59:32.687" threadId="0000000000026478" success="true" from="nursery"/>
<exclusive-end id="215" timestamp="2025-12-12T03:59:32.688" durationms="7.075" />

<exclusive-start id="216" timestamp="2025-12-12T03:59:32.733" intervalms="52.614">
  <response-info timems="0.026" idlems="0.026" threads="0" lastid="0000000000025A00" lastname="main" />
</exclusive-start>
<af-start id="217" threadId="0000000000026478" totalBytesRequested="108632" timestamp="2025-12-12T03:59:32.734" intervalms="52.563" type="nursery" />
<cycle-start id="218" type="scavenge" contextid="0" timestamp="2025-12-12T03:59:32.735" intervalms="52.440" />
<gc-start id="219" type="scavenge" contextid="218" timestamp="2025-12-12T03:59:32.735">
  <mem-info id="220" free="2100424" total="10747904" percent="19">
    <mem type="nursery" free="50552" total="4456448" percent="1">
      <mem type="allocate" free="50552" total="3211264" percent="1" />
      <mem type="survivor" free="0" total="1245184" percent="0" />
    </mem>
    <mem type="tenure" free="2049872" total="6291456" percent="32">
      <mem type="soa" free="1734480" total="5976064" percent="29" />
      <mem type="loa" free="315392" total="315392" percent="100" />
    </mem>
    <remembered-set count="205" />
  </mem-info>
</gc-start>
<allocation-stats totalBytes="2934440" discardedBytes="7768" >
  <allocated-bytes non-tlh="525568" tlh="2408872" />
  <largest-consumer threadName="main" threadId="0000000000025A00" bytes="2934440" />
</allocation-stats>
<gc-op id="221" type="scavenge" timems="0.470" contextid="218" timestamp="2025-12-12T03:59:32.737">
  <scavenger-info tenureage="3" tenuremask="7ff8" tiltratio="72" />
  <memory-copied type="nursery" objects="4888" bytes="200024" bytesdiscarded="9616" />
  <references type="weak" candidates="3" cleared="0" enqueued="0" />
  <references type="phantom" candidates="2" cleared="0" enqueued="0" />
  <object-monitors candidates="5" cleared="0"  />
</gc-op>
<gc-end id="222" type="scavenge" contextid="218" durationms="2.016" usertimems="0.542" systemtimems="0.236" stalltimems="0.206" timestamp="2025-12-12T03:59:32.737" activeThreads="2">
  <mem-info id="223" free="5379152" total="10747904" percent="50">
    <mem type="nursery" free="3329280" total="4456448" percent="74">
      <mem type="allocate" free="3329280" total="3538944" percent="94" />
      <mem type="survivor" free="0" total="917504" percent="0" />
    </mem>
    <mem type="tenure" free="2049872" total="6291456" percent="32">
      <mem type="soa" free="1734480" total="5976064" percent="29" />
      <mem type="loa" free="315392" total="315392" percent="100" />
    </mem>
    <remembered-set count="158" />
  </mem-info>
</gc-end>
<cycle-end id="224" type="scavenge" contextid="218" timestamp="2025-12-12T03:59:32.738" />
<allocation-satisfied id="225" threadId="0000000000025A00" bytesRequested="108632" />
<af-end id="226" timestamp="2025-12-12T03:59:32.739" threadId="0000000000026478" success="true" from="nursery"/>
<exclusive-end id="227" timestamp="2025-12-12T03:59:32.739" durationms="5.539" />

<exclusive-start id="228" timestamp="2025-12-12T03:59:32.785" intervalms="51.360">
  <response-info timems="0.031" idlems="0.031" threads="0" lastid="0000000000025A00" lastname="main" />
</exclusive-start>
<af-start id="229" threadId="0000000000026478" totalBytesRequested="2808" timestamp="2025-12-12T03:59:32.785" intervalms="51.327" type="nursery" />
<cycle-start id="230" type="scavenge" contextid="0" timestamp="2025-12-12T03:59:32.786" intervalms="51.396" />
<gc-start id="231" type="scavenge" contextid="230" timestamp="2025-12-12T03:59:32.787">
  <mem-info id="232" free="2049656" total="10747904" percent="19">
    <mem type="nursery" free="0" total="4456448" percent="0">
      <mem type="allocate" free="0" total="3538944" percent="0" />
      <mem type="survivor" free="0" total="917504" percent="0" />
    </mem>
    <mem type="tenure" free="2049656" total="6291456" percent="32">
      <mem type="soa" free="1734264" total="5976064" percent="29" />
      <mem type="loa" free="315392" total="315392" percent="100" />
    </mem>
    <remembered-set count="169" />
  </mem-info>
</gc-start>
<allocation-stats totalBytes="3267080" discardedBytes="62416" >
  <allocated-bytes non-tlh="671688" tlh="2595392" />
  <largest-consumer threadName="main" threadId="0000000000025A00" bytes="3267080" />
</allocation-stats>
<gc-op id="233" type="scavenge" timems="0.617" contextid="230" timestamp="2025-12-12T03:59:32.788">
  <scavenger-info tenureage="3" tenuremask="7ff8" tiltratio="79" />
  <memory-copied type="nursery" objects="1470" bytes="53296" bytesdiscarded="23496" />
  <memory-copied type="tenure" objects="3967" bytes="167200" bytesdiscarded="152" />
  <references type="phantom" candidates="3" cleared="0" enqueued="0" />
  <object-monitors candidates="5" cleared="0"  />
</gc-op>
<gc-end id="234" type="scavenge" contextid="230" durationms="2.155" usertimems="0.778" systemtimems="0.342" stalltimems="0.218" timestamp="2025-12-12T03:59:32.789" activeThreads="2">
  <mem-info id="235" free="5460088" total="10747904" percent="50">
    <mem type="nursery" free="3593216" total="4456448" percent="80">
      <mem type="allocate" free="3593216" total="3670016" percent="97" />
      <mem type="survivor" free="0" total="786432" percent="0" />
    </mem>
    <mem type="tenure" free="1866872" total="6291456" percent="29">
      <mem type="soa" free="1551480" total="5976064" percent="25" />
      <mem type="loa" free="315392" total="315392" percent="100" />
    </mem>
    <remembered-set count="166" />
  </mem-info>
</gc-end>
<cycle-end id="236" type="scavenge" contextid="230" timestamp="2025-12-12T03:59:32.789" />
<allocation-satisfied id="237" threadId="0000000000025A00" bytesRequested="2808" />
<af-end id="238" timestamp="2025-12-12T03:59:32.791" threadId="0000000000026478" success="true" from="nursery"/>
<exclusive-end id="239" timestamp="2025-12-12T03:59:32.791" durationms="6.190" />

<exclusive-start id="240" timestamp="2025-12-12T03:59:32.837" intervalms="52.457">
  <response-info timems="0.027" idlems="0.027" threads="0" lastid="0000000000025A00" lastname="main" />
</exclusive-start>
<af-start id="241" threadId="0000000000026478" totalBytesRequested="362848" timestamp="2025-12-12T03:59:32.838" intervalms="52.434" type="nursery" />
<cycle-start id="242" type="scavenge" contextid="0" timestamp="2025-12-12T03:59:32.838" intervalms="52.412" />
<gc-start id="243" type="scavenge" contextid="242" timestamp="2025-12-12T03:59:32.839">
  <mem-info id="244" free="2219920" total="10747904" percent="20">
    <mem type="nursery" free="353216" total="4456448" percent="7">
      <mem type="allocate" free="353216" total="3670016" percent="9" />
      <mem type="survivor" free="0" total="786432" percent="0" />
    </mem>
    <mem type="tenure" free="1866704" total="6291456" percent="29">
      <mem type="soa" free="1551312" total="5976064" percent="25" />
      <mem type="loa" free="315392" total="315392" percent="100" />
    </mem>
    <remembered-set count="240" />
  </mem-info>
</gc-start>
<allocation-stats totalBytes="3182592" discardedBytes="57576" >
  <allocated-bytes non-tlh="696552" tlh="2486040" />
  <largest-consumer threadName="main" threadId="0000000000025A00" bytes="3182592" />
</allocation-stats>
<gc-op id="245" type="scavenge" timems="0.701" contextid="242" timestamp="2025-12-12T03:59:32.840">
  <scavenger-info tenureage="5" tenuremask="7fe0" tiltratio="82" />
  <memory-copied type="nursery" objects="2032" bytes="72168" bytesdiscarded="6928" />
  <references type="phantom" candidates="2" cleared="0" enqueued="0" />
  <object-monitors candidates="5" cleared="0"  />
</gc-op>
<gc-end id="246" type="scavenge" contextid="242" durationms="2.182" usertimems="0.454" systemtimems="0.208" stalltimems="0.660" timestamp="2025-12-12T03:59:32.841" activeThreads="2">
  <mem-info id="247" free="5588688" total="10747904" percent="51">
    <mem type="nursery" free="3721984" total="4456448" percent="83">
      <mem type="allocate" free="3721984" total="3801088" percent="97" />
      <mem type="survivor" free="0" total="655360" percent="0" />
    </mem>
    <mem type="tenure" free="1866704" total="6291456" percent="29">
      <mem type="soa" free="1551312" total="5976064" percent="25" />
      <mem type="loa" free="315392" total="315392" percent="100" />
    </mem>
    <remembered-set count="163" />
  </mem-info>
</gc-end>
<cycle-end id="248" type="scavenge" contextid="242" timestamp="2025-12-12T03:59:32.842" />
<allocation-satisfied id="249" threadId="0000000000025A00" bytesRequested="362848" />
<af-end id="250" timestamp="2025-12-12T03:59:32.843" threadId="0000000000026478" success="true" from="nursery"/>
<exclusive-end id="251" timestamp="2025-12-12T03:59:32.843" durationms="5.760" />

<exclusive-start id="252" timestamp="2025-12-12T03:59:32.884" intervalms="46.308">
  <response-info timems="0.025" idlems="0.025" threads="0" lastid="0000000000025A00" lastname="main" />
</exclusive-start>
<af-start id="253" threadId="0000000000026478" totalBytesRequested="187096" timestamp="2025-12-12T03:59:32.884" intervalms="46.316" type="nursery" />
<cycle-start id="254" type="scavenge" contextid="0" timestamp="2025-12-12T03:59:32.885" intervalms="46.358" />
<gc-start id="255" type="scavenge" contextid="254" timestamp="2025-12-12T03:59:32.885">
  <mem-info id="256" free="1866448" total="10747904" percent="17">
    <mem type="nursery" free="0" total="4456448" percent="0">
      <mem type="allocate" free="0" total="3801088" percent="0" />
      <mem type="survivor" free="0" total="655360" percent="0" />
    </mem>
    <mem type="tenure" free="1866448" total="6291456" percent="29">
      <mem type="soa" free="1551056" total="5976064" percent="25" />
      <mem type="loa" free="315392" total="315392" percent="100" />
    </mem>
    <remembered-set count="229" />
  </mem-info>
</gc-start>
<allocation-stats totalBytes="3595112" discardedBytes="127128" >
  <allocated-bytes non-tlh="614928" tlh="2980184" />
  <largest-consumer threadName="main" threadId="0000000000025A00" bytes="3595112" />
</allocation-stats>
<gc-op id="257" type="scavenge" timems="0.430" contextid="254" timestamp="2025-12-12T03:59:32.887">
  <scavenger-info tenureage="6" tenuremask="7fc0" tiltratio="85" />
  <memory-copied type="nursery" objects="2542" bytes="89304" bytesdiscarded="4384" />
  <references type="phantom" candidates="2" cleared="0" enqueued="0" />
  <object-monitors candidates="5" cleared="0"  />
</gc-op>
<gc-end id="258" type="scavenge" contextid="254" durationms="2.024" usertimems="0.696" systemtimems="0.000" stalltimems="0.236" timestamp="2025-12-12T03:59:32.887" activeThreads="2">
  <mem-info id="259" free="5639376" total="10747904" percent="52">
    <mem type="nursery" free="3772928" total="4456448" percent="84">
      <mem type="allocate" free="3772928" total="3866624" percent="97" />
      <mem type="survivor" free="0" total="589824" percent="0" />
    </mem>
    <mem type="tenure" free="1866448" total="6291456" percent="29">
      <mem type="soa" free="1551056" total="5976064" percent="25" />
      <mem type="loa" free="315392" total="315392" percent="100" />
    </mem>
    <remembered-set count="165" />
  </mem-info>
</gc-end>
<cycle-end id="260" type="scavenge" contextid="254" timestamp="2025-12-12T03:59:32.888" />
<allocation-satisfied id="261" threadId="0000000000025A00" bytesRequested="187096" />
<af-end id="262" timestamp="2025-12-12T03:59:32.889" threadId="0000000000026478" success="true" from="nursery"/>
<exclusive-end id="263" timestamp="2025-12-12T03:59:32.889" durationms="5.756" />

<exclusive-start id="264" timestamp="2025-12-12T03:59:32.930" intervalms="46.731">
  <response-info timems="0.030" idlems="0.030" threads="0" lastid="0000000000025A00" lastname="main" />
</exclusive-start>
<af-start id="265" threadId="0000000000026478" totalBytesRequested="2152" timestamp="2025-12-12T03:59:32.931" intervalms="46.953" type="nursery" />
<cycle-start id="266" type="scavenge" contextid="0" timestamp="2025-12-12T03:59:32.932" intervalms="47.055" />
<gc-start id="267" type="scavenge" contextid="266" timestamp="2025-12-12T03:59:32.932">
  <mem-info id="268" free="1866352" total="10747904" percent="17">
    <mem type="nursery" free="0" total="4456448" percent="0">
      <mem type="allocate" free="0" total="3866624" percent="0" />
      <mem type="survivor" free="0" total="589824" percent="0" />
    </mem>
    <mem type="tenure" free="1866352" total="6291456" percent="29">
      <mem type="soa" free="1550960" total="5976064" percent="25" />
      <mem type="loa" free="315392" total="315392" percent="100" />
    </mem>
    <remembered-set count="229" />
  </mem-info>
</gc-start>
<allocation-stats totalBytes="3743192" discardedBytes="29832" >
  <allocated-bytes non-tlh="1419832" tlh="2323360" />
  <largest-consumer threadName="main" threadId="0000000000025A00" bytes="3743192" />
</allocation-stats>
<gc-op id="269" type="scavenge" timems="0.497" contextid="266" timestamp="2025-12-12T03:59:32.934">
  <scavenger-info tenureage="3" tenuremask="ffb8" tiltratio="86" />
  <memory-copied type="nursery" objects="1695" bytes="84840" bytesdiscarded="11408" />
  <memory-copied type="tenure" objects="1411" bytes="47272" bytesdiscarded="8" />
  <references type="phantom" candidates="3" cleared="0" enqueued="0" />
  <object-monitors candidates="5" cleared="0"  />
</gc-op>
<gc-end id="270" type="scavenge" contextid="266" durationms="2.324" usertimems="0.578" systemtimems="0.264" stalltimems="0.210" timestamp="2025-12-12T03:59:32.935" activeThreads="2">
  <mem-info id="271" free="5753192" total="10747904" percent="53">
    <mem type="nursery" free="3901432" total="4456448" percent="87">
      <mem type="allocate" free="3901432" total="3997696" percent="97" />
      <mem type="survivor" free="0" total="458752" percent="0" />
    </mem>
    <mem type="tenure" free="1851760" total="6291456" percent="29">
      <mem type="soa" free="1536368" total="5976064" percent="25" />
      <mem type="loa" free="315392" total="315392" percent="100" />
    </mem>
    <remembered-set count="226" />
  </mem-info>
</gc-end>
<cycle-end id="272" type="scavenge" contextid="266" timestamp="2025-12-12T03:59:32.935" />
<allocation-satisfied id="273" threadId="0000000000025A00" bytesRequested="2152" />
<af-end id="274" timestamp="2025-12-12T03:59:32.937" threadId="0000000000026478" success="true" from="nursery"/>
<exclusive-end id="275" timestamp="2025-12-12T03:59:32.937" durationms="6.985" />

<exclusive-start id="276" timestamp="2025-12-12T03:59:32.994" intervalms="63.325">
  <response-info timems="0.026" idlems="0.026" threads="0" lastid="0000000000025A00" lastname="main" />
</exclusive-start>
<af-start id="277" threadId="0000000000026478" totalBytesRequested="240328" timestamp="2025-12-12T03:59:32.994" intervalms="63.219" type="nursery" />
<cycle-start id="278" type="scavenge" contextid="0" timestamp="2025-12-12T03:59:32.995" intervalms="63.202" />
<gc-start id="279" type="scavenge" contextid="278" timestamp="2025-12-12T03:59:32.996">
  <mem-info id="280" free="1882368" total="10747904" percent="17">
    <mem type="nursery" free="30712" total="4456448" percent="0">
      <mem type="allocate" free="30712" total="3997696" percent="0" />
      <mem type="survivor" free="0" total="458752" percent="0" />
    </mem>
    <mem type="tenure" free="1851656" total="6291456" percent="29">
      <mem type="soa" free="1536264" total="5976064" percent="25" />
      <mem type="loa" free="315392" total="315392" percent="100" />
    </mem>
    <remembered-set count="338" />
  </mem-info>
</gc-start>
<allocation-stats totalBytes="3855936" discardedBytes="14888" >
  <allocated-bytes non-tlh="612744" tlh="3243192" />
  <largest-consumer threadName="main" threadId="0000000000025A00" bytes="3855936" />
</allocation-stats>
<gc-op id="281" type="scavenge" timems="0.385" contextid="278" timestamp="2025-12-12T03:59:32.997">
  <scavenger-info tenureage="3" tenuremask="ff88" tiltratio="89" />
  <memory-copied type="nursery" objects="1723" bytes="65776" bytesdiscarded="31752" />
  <memory-copied type="tenure" objects="589" bytes="19672" bytesdiscarded="16" />
  <references type="phantom" candidates="2" cleared="0" enqueued="0" />
  <object-monitors candidates="5" cleared="0"  />
</gc-op>
<gc-end id="282" type="scavenge" contextid="278" durationms="2.039" usertimems="0.484" systemtimems="0.221" stalltimems="0.136" timestamp="2025-12-12T03:59:32.998" activeThreads="2">
  <mem-info id="283" free="5731080" total="10747904" percent="53">
    <mem type="nursery" free="3900160" total="4456448" percent="87">
      <mem type="allocate" free="3900160" total="3997696" percent="97" />
      <mem type="survivor" free="0" total="458752" percent="0" />
    </mem>
    <mem type="tenure" free="1830920" total="6291456" percent="29">
      <mem type="soa" free="1515528" total="5976064" percent="25" />
      <mem type="loa" free="315392" total="315392" percent="100" />
    </mem>
    <remembered-set count="212" />
  </mem-info>
</gc-end>
<cycle-end id="284" type="scavenge" contextid="278" timestamp="2025-12-12T03:59:32.998" />
<allocation-satisfied id="285" threadId="0000000000025A00" bytesRequested="240328" />
<af-end id="286" timestamp="2025-12-12T03:59:32.999" threadId="0000000000026478" success="true" from="nursery"/>
<exclusive-end id="287" timestamp="2025-12-12T03:59:33.000" durationms="6.328" />

<exclusive-start id="288" timestamp="2025-12-12T03:59:33.057" intervalms="63.820">
  <response-info timems="0.029" idlems="0.029" threads="0" lastid="0000000000025A00" lastname="main" />
</exclusive-start>
<af-start id="289" threadId="0000000000026478" totalBytesRequested="4104" timestamp="2025-12-12T03:59:33.058" intervalms="63.866" type="nursery" />
<cycle-start id="290" type="scavenge" contextid="0" timestamp="2025-12-12T03:59:33.059" intervalms="63.863" />
<gc-start id="291" type="scavenge" contextid="290" timestamp="2025-12-12T03:59:33.059">
  <mem-info id="292" free="1830768" total="10747904" percent="17">
    <mem type="nursery" free="0" total="4456448" percent="0">
      <mem type="allocate" free="0" total="3997696" percent="0" />
      <mem type="survivor" free="0" total="458752" percent="0" />
    </mem>
    <mem type="tenure" free="1830768" total="6291456" percent="29">
      <mem type="soa" free="1515376" total="5976064" percent="25" />
      <mem type="loa" free="315392" total="315392" percent="100" />
    </mem>
    <remembered-set count="312" />
  </mem-info>
</gc-start>
<allocation-stats totalBytes="3877488" discardedBytes="22824" >
  <allocated-bytes non-tlh="650368" tlh="3227120" />
  <largest-consumer threadName="main" threadId="0000000000025A00" bytes="3877488" />
</allocation-stats>
<gc-op id="293" type="scavenge" timems="0.540" contextid="290" timestamp="2025-12-12T03:59:33.061">
  <scavenger-info tenureage="3" tenuremask="ffe8" tiltratio="89" />
  <memory-copied type="nursery" objects="2033" bytes="262264" bytesdiscarded="6712" />
  <memory-copied type="tenure" objects="507" bytes="17064" bytesdiscarded="0" />
  <references type="phantom" candidates="3" cleared="0" enqueued="0" />
  <object-monitors candidates="5" cleared="0"  />
</gc-op>
<gc-end id="294" type="scavenge" contextid="290" durationms="2.413" usertimems="0.704" systemtimems="0.319" stalltimems="0.202" timestamp="2025-12-12T03:59:33.062" activeThreads="2">
  <mem-info id="295" free="5428400" total="10747904" percent="50">
    <mem type="nursery" free="3597632" total="4456448" percent="80">
      <mem type="allocate" free="3597632" total="3866624" percent="93" />
      <mem type="survivor" free="0" total="589824" percent="0" />
    </mem>
    <mem type="tenure" free="1830768" total="6291456" percent="29">
      <mem type="soa" free="1515376" total="5976064" percent="25" />
      <mem type="loa" free="315392" total="315392" percent="100" />
    </mem>
    <remembered-set count="240" />
  </mem-info>
</gc-end>
<cycle-end id="296" type="scavenge" contextid="290" timestamp="2025-12-12T03:59:33.063" />
<allocation-satisfied id="297" threadId="0000000000025A00" bytesRequested="4104" />
<af-end id="298" timestamp="2025-12-12T03:59:33.064" threadId="0000000000026478" success="true" from="nursery"/>
<exclusive-end id="299" timestamp="2025-12-12T03:59:33.064" durationms="6.858" />

<exclusive-start id="300" timestamp="2025-12-12T03:59:33.108" intervalms="50.101">
  <response-info timems="0.021" idlems="0.021" threads="0" lastid="0000000000025A00" lastname="main" />
</exclusive-start>
<af-start id="301" threadId="0000000000026478" totalBytesRequested="235856" timestamp="2025-12-12T03:59:33.108" intervalms="50.011" type="nursery" />
<cycle-start id="302" type="scavenge" contextid="0" timestamp="2025-12-12T03:59:33.109" intervalms="49.831" />
<gc-start id="303" type="scavenge" contextid="302" timestamp="2025-12-12T03:59:33.109">
  <mem-info id="304" free="2140304" total="10747904" percent="19">
    <mem type="nursery" free="309536" total="4456448" percent="6">
      <mem type="allocate" free="309536" total="3866624" percent="8" />
      <mem type="survivor" free="0" total="589824" percent="0" />
    </mem>
    <mem type="tenure" free="1830768" total="6291456" percent="29">
      <mem type="soa" free="1515376" total="5976064" percent="25" />
      <mem type="loa" free="315392" total="315392" percent="100" />
    </mem>
    <remembered-set count="313" />
  </mem-info>
</gc-start>
<allocation-stats totalBytes="3191808" discardedBytes="96288" >
  <allocated-bytes non-tlh="879648" tlh="2312160" />
  <largest-consumer threadName="main" threadId="0000000000025A00" bytes="3191808" />
</allocation-stats>
<gc-op id="305" type="scavenge" timems="0.397" contextid="302" timestamp="2025-12-12T03:59:33.111">
  <scavenger-info tenureage="3" tenuremask="ffe8" tiltratio="86" />
  <memory-copied type="nursery" objects="1945" bytes="73032" bytesdiscarded="24496" />
  <memory-copied type="tenure" objects="471" bytes="15904" bytesdiscarded="48" />
  <references type="phantom" candidates="2" cleared="0" enqueued="0" />
  <object-monitors candidates="5" cleared="0"  />
</gc-op>
<gc-end id="306" type="scavenge" contextid="302" durationms="2.136" usertimems="0.431" systemtimems="0.196" stalltimems="0.215" timestamp="2025-12-12T03:59:33.112" activeThreads="2">
  <mem-info id="307" free="5623920" total="10747904" percent="52">
    <mem type="nursery" free="3834624" total="4456448" percent="86">
      <mem type="allocate" free="3834624" total="3932160" percent="97" />
      <mem type="survivor" free="0" total="524288" percent="0" />
    </mem>
    <mem type="tenure" free="1789296" total="6291456" percent="28">
      <mem type="soa" free="1473904" total="5976064" percent="24" />
      <mem type="loa" free="315392" total="315392" percent="100" />
    </mem>
    <remembered-set count="226" />
  </mem-info>
</gc-end>
<cycle-end id="308" type="scavenge" contextid="302" timestamp="2025-12-12T03:59:33.112" />
<allocation-satisfied id="309" threadId="0000000000025A00" bytesRequested="235856" />
<af-end id="310" timestamp="2025-12-12T03:59:33.113" threadId="0000000000026478" success="true" from="nursery"/>
<exclusive-end id="311" timestamp="2025-12-12T03:59:33.114" durationms="6.145" />

<exclusive-start id="312" timestamp="2025-12-12T03:59:33.172" intervalms="64.291">
  <response-info timems="0.027" idlems="0.027" threads="0" lastid="0000000000025A00" lastname="main" />
</exclusive-start>
<af-start id="313" threadId="0000000000026478" totalBytesRequested="32776" timestamp="2025-12-12T03:59:33.173" intervalms="64.307" type="nursery" />
<cycle-start id="314" type="scavenge" contextid="0" timestamp="2025-12-12T03:59:33.173" intervalms="64.367" />
<gc-start id="315" type="scavenge" contextid="314" timestamp="2025-12-12T03:59:33.174">
  <mem-info id="316" free="1789296" total="10747904" percent="16">
    <mem type="nursery" free="0" total="4456448" percent="0">
      <mem type="allocate" free="0" total="3932160" percent="0" />
      <mem type="survivor" free="0" total="524288" percent="0" />
    </mem>
    <mem type="tenure" free="1789296" total="6291456" percent="28">
      <mem type="soa" free="1473904" total="5976064" percent="24" />
      <mem type="loa" free="315392" total="315392" percent="100" />
    </mem>
    <remembered-set count="328" />
  </mem-info>
</gc-start>
<allocation-stats totalBytes="3720584" discardedBytes="114040" >
  <allocated-bytes non-tlh="704184" tlh="3016400" />
  <largest-consumer threadName="main" threadId="0000000000025A00" bytes="3720584" />
</allocation-stats>
<gc-op id="317" type="scavenge" timems="0.582" contextid="314" timestamp="2025-12-12T03:59:33.176">
  <scavenger-info tenureage="3" tenuremask="ffe8" tiltratio="88" />
  <memory-copied type="nursery" objects="2024" bytes="350720" bytesdiscarded="14856" />
  <memory-copied type="tenure" objects="724" bytes="31912" bytesdiscarded="24" />
  <references type="phantom" candidates="3" cleared="0" enqueued="0" />
  <object-monitors candidates="5" cleared="0"  />
</gc-op>
<gc-end id="318" type="scavenge" contextid="314" durationms="2.515" usertimems="0.581" systemtimems="0.268" stalltimems="0.344" timestamp="2025-12-12T03:59:33.176" activeThreads="2">
  <mem-info id="319" free="5052248" total="10747904" percent="47">
    <mem type="nursery" free="3304424" total="4456448" percent="74">
      <mem type="allocate" free="3304424" total="3670016" percent="90" />
      <mem type="survivor" free="0" total="786432" percent="0" />
    </mem>
    <mem type="tenure" free="1747824" total="6291456" percent="27">
      <mem type="soa" free="1432432" total="5976064" percent="23" />
      <mem type="loa" free="315392" total="315392" percent="100" />
    </mem>
    <remembered-set count="240" />
  </mem-info>
</gc-end>
<cycle-end id="320" type="scavenge" contextid="314" timestamp="2025-12-12T03:59:33.177" />
<allocation-satisfied id="321" threadId="0000000000025A00" bytesRequested="32776" />
<af-end id="322" timestamp="2025-12-12T03:59:33.178" threadId="0000000000026478" success="true" from="nursery"/>
<exclusive-end id="323" timestamp="2025-12-12T03:59:33.179" durationms="6.639" />

<exclusive-start id="324" timestamp="2025-12-12T03:59:33.229" intervalms="56.793">
  <response-info timems="0.028" idlems="0.028" threads="0" lastid="0000000000025A00" lastname="main" />
</exclusive-start>
<af-start id="325" threadId="0000000000026478" totalBytesRequested="1080" timestamp="2025-12-12T03:59:33.229" intervalms="56.782" type="nursery" />
<cycle-start id="326" type="scavenge" contextid="0" timestamp="2025-12-12T03:59:33.230" intervalms="56.737" />
<gc-start id="327" type="scavenge" contextid="326" timestamp="2025-12-12T03:59:33.230">
  <mem-info id="328" free="1747784" total="10747904" percent="16">
    <mem type="nursery" free="0" total="4456448" percent="0">
      <mem type="allocate" free="0" total="3670016" percent="0" />
      <mem type="survivor" free="0" total="786432" percent="0" />
    </mem>
    <mem type="tenure" free="1747784" total="6291456" percent="27">
      <mem type="soa" free="1432392" total="5976064" percent="23" />
      <mem type="loa" free="315392" total="315392" percent="100" />
    </mem>
    <remembered-set count="343" />
  </mem-info>
</gc-start>
<allocation-stats totalBytes="3236120" discardedBytes="68344" >
  <allocated-bytes non-tlh="308824" tlh="2927296" />
  <largest-consumer threadName="main" threadId="0000000000025A00" bytes="3236120" />
</allocation-stats>
<gc-op id="329" type="scavenge" timems="0.441" contextid="326" timestamp="2025-12-12T03:59:33.232">
  <scavenger-info tenureage="3" tenuremask="ffe8" tiltratio="82" />
  <memory-copied type="nursery" objects="2025" bytes="100672" bytesdiscarded="10752" />
  <memory-copied type="tenure" objects="692" bytes="23216" bytesdiscarded="48" />
  <references type="phantom" candidates="3" cleared="0" enqueued="0" />
  <object-monitors candidates="5" cleared="0"  />
</gc-op>
<gc-end id="330" type="scavenge" contextid="326" durationms="2.224" usertimems="0.000" systemtimems="0.788" stalltimems="0.143" timestamp="2025-12-12T03:59:33.233" activeThreads="2">
  <mem-info id="331" free="5345016" total="10747904" percent="49">
    <mem type="nursery" free="3624112" total="4456448" percent="81">
      <mem type="allocate" free="3624112" total="3735552" percent="97" />
      <mem type="survivor" free="0" total="720896" percent="0" />
    </mem>
    <mem type="tenure" free="1720904" total="6291456" percent="27">
      <mem type="soa" free="1405512" total="5976064" percent="23" />
      <mem type="loa" free="315392" total="315392" percent="100" />
    </mem>
    <remembered-set count="248" />
  </mem-info>
</gc-end>
<cycle-end id="332" type="scavenge" contextid="326" timestamp="2025-12-12T03:59:33.233" />
<allocation-satisfied id="333" threadId="0000000000025A00" bytesRequested="1080" />
<af-end id="334" timestamp="2025-12-12T03:59:33.235" threadId="0000000000026478" success="true" from="nursery"/>
<exclusive-end id="335" timestamp="2025-12-12T03:59:33.235" durationms="6.591" />

<exclusive-start id="336" timestamp="2025-12-12T03:59:33.303" intervalms="74.670">
  <response-info timems="0.025" idlems="0.025" threads="0" lastid="0000000000025A00" lastname="main" />
</exclusive-start>
<af-start id="337" threadId="0000000000026478" totalBytesRequested="64496" timestamp="2025-12-12T03:59:33.304" intervalms="74.649" type="nursery" />
<cycle-start id="338" type="scavenge" contextid="0" timestamp="2025-12-12T03:59:33.305" intervalms="74.800" />
<gc-start id="339" type="scavenge" contextid="338" timestamp="2025-12-12T03:59:33.305">
  <mem-info id="340" free="1720904" total="10747904" percent="16">
    <mem type="nursery" free="0" total="4456448" percent="0">
      <mem type="allocate" free="0" total="3735552" percent="0" />
      <mem type="survivor" free="0" total="720896" percent="0" />
    </mem>
    <mem type="tenure" free="1720904" total="6291456" percent="27">
      <mem type="soa" free="1405512" total="5976064" percent="23" />
      <mem type="loa" free="315392" total="315392" percent="100" />
    </mem>
    <remembered-set count="388" />
  </mem-info>
</gc-start>
<allocation-stats totalBytes="3605016" discardedBytes="19096" >
  <allocated-bytes non-tlh="357232" tlh="3247784" />
  <largest-consumer threadName="main" threadId="0000000000025A00" bytes="3605016" />
</allocation-stats>
<gc-op id="341" type="scavenge" timems="0.359" contextid="338" timestamp="2025-12-12T03:59:33.306">
  <scavenger-info tenureage="3" tenuremask="ffe8" tiltratio="83" />
  <memory-copied type="nursery" objects="2221" bytes="74856" bytesdiscarded="14224" />
  <memory-copied type="tenure" objects="508" bytes="17008" bytesdiscarded="0" />
  <references type="phantom" candidates="2" cleared="0" enqueued="0" />
  <object-monitors candidates="5" cleared="0"  />
</gc-op>
<gc-end id="342" type="scavenge" contextid="338" durationms="1.866" usertimems="0.870" systemtimems="0.000" stalltimems="0.110" timestamp="2025-12-12T03:59:33.307" activeThreads="2">
  <mem-info id="343" free="5498440" total="10747904" percent="51">
    <mem type="nursery" free="3777536" total="4456448" percent="84">
      <mem type="allocate" free="3777536" total="3866624" percent="97" />
      <mem type="survivor" free="0" total="589824" percent="0" />
    </mem>
    <mem type="tenure" free="1720904" total="6291456" percent="27">
      <mem type="soa" free="1405512" total="5976064" percent="23" />
      <mem type="loa" free="315392" total="315392" percent="100" />
    </mem>
    <remembered-set count="276" />
  </mem-info>
</gc-end>
<cycle-end id="344" type="scavenge" contextid="338" timestamp="2025-12-12T03:59:33.307" />
<allocation-satisfied id="345" threadId="0000000000025A00" bytesRequested="64496" />
<af-end id="346" timestamp="2025-12-12T03:59:33.308" threadId="0000000000026478" success="true" from="nursery"/>
<exclusive-end id="347" timestamp="2025-12-12T03:59:33.309" durationms="5.472" />

<exclusive-start id="348" timestamp="2025-12-12T03:59:33.361" intervalms="57.881">
  <response-info timems="0.025" idlems="0.025" threads="0" lastid="0000000000025A00" lastname="main" />
</exclusive-start>
<af-start id="349" threadId="0000000000026478" totalBytesRequested="248320" timestamp="2025-12-12T03:59:33.362" intervalms="57.784" type="nursery" />
<cycle-start id="350" type="scavenge" contextid="0" timestamp="2025-12-12T03:59:33.362" intervalms="57.679" />
<gc-start id="351" type="scavenge" contextid="350" timestamp="2025-12-12T03:59:33.363">
  <mem-info id="352" free="1955176" total="10747904" percent="18">
    <mem type="nursery" free="234368" total="4456448" percent="5">
      <mem type="allocate" free="234368" total="3866624" percent="6" />
      <mem type="survivor" free="0" total="589824" percent="0" />
    </mem>
    <mem type="tenure" free="1720808" total="6291456" percent="27">
      <mem type="soa" free="1405416" total="5976064" percent="23" />
      <mem type="loa" free="315392" total="315392" percent="100" />
    </mem>
    <remembered-set count="452" />
  </mem-info>
</gc-start>
<allocation-stats totalBytes="3482096" discardedBytes="61168" >
  <allocated-bytes non-tlh="482880" tlh="2999216" />
  <largest-consumer threadName="main" threadId="0000000000025A00" bytes="3482096" />
</allocation-stats>
<gc-op id="353" type="scavenge" timems="0.532" contextid="350" timestamp="2025-12-12T03:59:33.364">
  <scavenger-info tenureage="3" tenuremask="ffe8" tiltratio="86" />
  <memory-copied type="nursery" objects="2273" bytes="92048" bytesdiscarded="26216" />
  <memory-copied type="tenure" objects="709" bytes="23808" bytesdiscarded="16" />
  <references type="phantom" candidates="2" cleared="0" enqueued="0" />
  <object-monitors candidates="5" cleared="0"  />
</gc-op>
<gc-end id="354" type="scavenge" contextid="350" durationms="2.170" usertimems="0.612" systemtimems="0.277" stalltimems="0.235" timestamp="2025-12-12T03:59:33.365" activeThreads="2">
  <mem-info id="355" free="5499368" total="10747904" percent="51">
    <mem type="nursery" free="3813888" total="4456448" percent="85">
      <mem type="allocate" free="3813888" total="3932160" percent="96" />
      <mem type="survivor" free="0" total="524288" percent="0" />
    </mem>
    <mem type="tenure" free="1685480" total="6291456" percent="26">
      <mem type="soa" free="1370088" total="5976064" percent="22" />
      <mem type="loa" free="315392" total="315392" percent="100" />
    </mem>
    <remembered-set count="245" />
  </mem-info>
</gc-end>
<cycle-end id="356" type="scavenge" contextid="350" timestamp="2025-12-12T03:59:33.366" />
<allocation-satisfied id="357" threadId="0000000000025A00" bytesRequested="248320" />
<af-end id="358" timestamp="2025-12-12T03:59:33.366" threadId="0000000000026478" success="true" from="nursery"/>
<exclusive-end id="359" timestamp="2025-12-12T03:59:33.367" durationms="5.574" />

<exclusive-start id="360" timestamp="2025-12-12T03:59:33.430" intervalms="68.619">
  <response-info timems="0.044" idlems="0.044" threads="0" lastid="0000000000025A00" lastname="main" />
</exclusive-start>
<af-start id="361" threadId="0000000000026478" totalBytesRequested="99296" timestamp="2025-12-12T03:59:33.430" intervalms="68.760" type="nursery" />
<cycle-start id="362" type="scavenge" contextid="0" timestamp="2025-12-12T03:59:33.431" intervalms="68.636" />
<gc-start id="363" type="scavenge" contextid="362" timestamp="2025-12-12T03:59:33.431">
  <mem-info id="364" free="1685480" total="10747904" percent="15">
    <mem type="nursery" free="0" total="4456448" percent="0">
      <mem type="allocate" free="0" total="3932160" percent="0" />
      <mem type="survivor" free="0" total="524288" percent="0" />
    </mem>
    <mem type="tenure" free="1685480" total="6291456" percent="26">
      <mem type="soa" free="1370088" total="5976064" percent="22" />
      <mem type="loa" free="315392" total="315392" percent="100" />
    </mem>
    <remembered-set count="347" />
  </mem-info>
</gc-start>
<allocation-stats totalBytes="3668424" discardedBytes="145464" >
  <allocated-bytes non-tlh="498472" tlh="3169952" />
  <largest-consumer threadName="main" threadId="0000000000025A00" bytes="3668424" />
</allocation-stats>
<gc-op id="365" type="scavenge" timems="0.644" contextid="362" timestamp="2025-12-12T03:59:33.433">
  <scavenger-info tenureage="3" tenuremask="ffe8" tiltratio="88" />
  <memory-copied type="nursery" objects="2247" bytes="91000" bytesdiscarded="10368" />
  <memory-copied type="tenure" objects="676" bytes="22872" bytesdiscarded="8" />
  <references type="phantom" candidates="2" cleared="0" enqueued="0" />
  <object-monitors candidates="5" cleared="0"  />
</gc-op>
<gc-end id="366" type="scavenge" contextid="362" durationms="2.504" usertimems="0.619" systemtimems="0.289" stalltimems="0.326" timestamp="2025-12-12T03:59:33.434" activeThreads="2">
  <mem-info id="367" free="5528040" total="10747904" percent="51">
    <mem type="nursery" free="3896320" total="4456448" percent="87">
      <mem type="allocate" free="3896320" total="3997696" percent="97" />
      <mem type="survivor" free="0" total="458752" percent="0" />
    </mem>
    <mem type="tenure" free="1631720" total="6291456" percent="25">
      <mem type="soa" free="1316328" total="5976064" percent="22" />
      <mem type="loa" free="315392" total="315392" percent="100" />
    </mem>
    <remembered-set count="254" />
  </mem-info>
</gc-end>
<cycle-end id="368" type="scavenge" contextid="362" timestamp="2025-12-12T03:59:33.435" />
<allocation-satisfied id="369" threadId="0000000000025A00" bytesRequested="99296" />
<af-end id="370" timestamp="2025-12-12T03:59:33.435" threadId="0000000000026478" success="true" from="nursery"/>
<exclusive-end id="371" timestamp="2025-12-12T03:59:33.436" durationms="6.132" />

<exclusive-start id="372" timestamp="2025-12-12T03:59:33.489" intervalms="59.534">
  <response-info timems="0.026" idlems="0.026" threads="0" lastid="0000000000025A00" lastname="main" />
</exclusive-start>
<af-start id="373" threadId="0000000000026478" totalBytesRequested="202984" timestamp="2025-12-12T03:59:33.490" intervalms="59.404" type="nursery" />
<cycle-start id="374" type="scavenge" contextid="0" timestamp="2025-12-12T03:59:33.490" intervalms="59.429" />
<gc-start id="375" type="scavenge" contextid="374" timestamp="2025-12-12T03:59:33.491">
  <mem-info id="376" free="1821160" total="10747904" percent="16">
    <mem type="nursery" free="189440" total="4456448" percent="4">
      <mem type="allocate" free="189440" total="3997696" percent="4" />
      <mem type="survivor" free="0" total="458752" percent="0" />
    </mem>
    <mem type="tenure" free="1631720" total="6291456" percent="25">
      <mem type="soa" free="1316328" total="5976064" percent="22" />
      <mem type="loa" free="315392" total="315392" percent="100" />
    </mem>
    <remembered-set count="352" />
  </mem-info>
</gc-start>
<allocation-stats totalBytes="3665824" discardedBytes="41056" >
  <allocated-bytes non-tlh="375760" tlh="3290064" />
  <largest-consumer threadName="main" threadId="0000000000025A00" bytes="3665824" />
</allocation-stats>
<gc-op id="377" type="scavenge" timems="0.500" contextid="374" timestamp="2025-12-12T03:59:33.492">
  <scavenger-info tenureage="3" tenuremask="ffe8" tiltratio="89" />
  <memory-copied type="nursery" objects="2070" bytes="84848" bytesdiscarded="6536" />
  <memory-copied type="tenure" objects="807" bytes="27088" bytesdiscarded="0" />
  <references type="phantom" candidates="2" cleared="0" enqueued="0" />
  <object-monitors candidates="5" cleared="0"  />
</gc-op>
<gc-end id="378" type="scavenge" contextid="374" durationms="1.736" usertimems="0.681" systemtimems="0.186" stalltimems="0.190" timestamp="2025-12-12T03:59:33.493" activeThreads="2">
  <mem-info id="379" free="5505000" total="10747904" percent="51">
    <mem type="nursery" free="3906304" total="4456448" percent="87">
      <mem type="allocate" free="3906304" total="3997696" percent="97" />
      <mem type="survivor" free="0" total="458752" percent="0" />
    </mem>
    <mem type="tenure" free="1598696" total="6291456" percent="25">
      <mem type="soa" free="1283304" total="5976064" percent="21" />
      <mem type="loa" free="315392" total="315392" percent="100" />
    </mem>
    <remembered-set count="243" />
  </mem-info>
</gc-end>
<cycle-end id="380" type="scavenge" contextid="374" timestamp="2025-12-12T03:59:33.493" />
<allocation-satisfied id="381" threadId="0000000000025A00" bytesRequested="202984" />
<af-end id="382" timestamp="2025-12-12T03:59:33.494" threadId="0000000000026478" success="true" from="nursery"/>
<exclusive-end id="383" timestamp="2025-12-12T03:59:33.494" durationms="4.712" />

<exclusive-start id="384" timestamp="2025-12-12T03:59:33.553" intervalms="63.843">
  <response-info timems="0.027" idlems="0.027" threads="0" lastid="0000000000025A00" lastname="main" />
</exclusive-start>
<af-start id="385" threadId="0000000000026478" totalBytesRequested="2248" timestamp="2025-12-12T03:59:33.554" intervalms="63.854" type="nursery" />
<cycle-start id="386" type="scavenge" contextid="0" timestamp="2025-12-12T03:59:33.554" intervalms="63.924" />
<gc-start id="387" type="scavenge" contextid="386" timestamp="2025-12-12T03:59:33.555">
  <mem-info id="388" free="1598600" total="10747904" percent="14">
    <mem type="nursery" free="0" total="4456448" percent="0">
      <mem type="allocate" free="0" total="3997696" percent="0" />
      <mem type="survivor" free="0" total="458752" percent="0" />
    </mem>
    <mem type="tenure" free="1598600" total="6291456" percent="25">
      <mem type="soa" free="1283208" total="5976064" percent="21" />
      <mem type="loa" free="315392" total="315392" percent="100" />
    </mem>
    <remembered-set count="355" />
  </mem-info>
</gc-start>
<allocation-stats totalBytes="3751688" discardedBytes="154712" >
  <allocated-bytes non-tlh="203080" tlh="3548608" />
  <largest-consumer threadName="main" threadId="0000000000025A00" bytes="3751688" />
</allocation-stats>
<gc-op id="389" type="scavenge" timems="0.416" contextid="386" timestamp="2025-12-12T03:59:33.556">
  <scavenger-info tenureage="3" tenuremask="ffe8" tiltratio="89" />
  <memory-copied type="nursery" objects="2040" bytes="76144" bytesdiscarded="27528" />
  <memory-copied type="tenure" objects="769" bytes="41192" bytesdiscarded="8" />
  <references type="phantom" candidates="3" cleared="0" enqueued="0" />
  <object-monitors candidates="5" cleared="0"  />
</gc-op>
<gc-end id="390" type="scavenge" contextid="386" durationms="2.097" usertimems="0.495" systemtimems="0.246" stalltimems="0.144" timestamp="2025-12-12T03:59:33.557" activeThreads="2">
  <mem-info id="391" free="5404024" total="10747904" percent="50">
    <mem type="nursery" free="3894016" total="4456448" percent="87">
      <mem type="allocate" free="3894016" total="3997696" percent="97" />
      <mem type="survivor" free="0" total="458752" percent="0" />
    </mem>
    <mem type="tenure" free="1510008" total="6291456" percent="24">
      <mem type="soa" free="1194616" total="5976064" percent="19" />
      <mem type="loa" free="315392" total="315392" percent="100" />
    </mem>
    <remembered-set count="251" />
  </mem-info>
</gc-end>
<cycle-end id="392" type="scavenge" contextid="386" timestamp="2025-12-12T03:59:33.557" />
<allocation-satisfied id="393" threadId="0000000000025A00" bytesRequested="2248" />
<af-end id="394" timestamp="2025-12-12T03:59:33.559" threadId="0000000000026478" success="true" from="nursery"/>
<exclusive-end id="395" timestamp="2025-12-12T03:59:33.559" durationms="5.884" />

<exclusive-start id="396" timestamp="2025-12-12T03:59:33.612" intervalms="58.998">
  <response-info timems="0.029" idlems="0.029" threads="0" lastid="0000000000025A00" lastname="main" />
</exclusive-start>
<af-start id="397" threadId="0000000000026478" totalBytesRequested="2080" timestamp="2025-12-12T03:59:33.613" intervalms="59.235" type="nursery" />
<cycle-start id="398" type="scavenge" contextid="0" timestamp="2025-12-12T03:59:33.614" intervalms="59.316" />
<gc-start id="399" type="scavenge" contextid="398" timestamp="2025-12-12T03:59:33.614">
  <mem-info id="400" free="1510008" total="10747904" percent="14">
    <mem type="nursery" free="0" total="4456448" percent="0">
      <mem type="allocate" free="0" total="3997696" percent="0" />
      <mem type="survivor" free="0" total="458752" percent="0" />
    </mem>
    <mem type="tenure" free="1510008" total="6291456" percent="24">
      <mem type="soa" free="1194616" total="5976064" percent="19" />
      <mem type="loa" free="315392" total="315392" percent="100" />
    </mem>
    <remembered-set count="374" />
  </mem-info>
</gc-start>
<allocation-stats totalBytes="3859168" discardedBytes="34848" >
  <allocated-bytes non-tlh="617176" tlh="3241992" />
  <largest-consumer threadName="main" threadId="0000000000025A00" bytes="3859168" />
</allocation-stats>
<gc-op id="401" type="scavenge" timems="0.599" contextid="398" timestamp="2025-12-12T03:59:33.616">
  <scavenger-info tenureage="3" tenuremask="ffe8" tiltratio="89" />
  <memory-copied type="nursery" objects="2094" bytes="76976" bytesdiscarded="38984" />
  <memory-copied type="tenure" objects="650" bytes="21824" bytesdiscarded="0" />
  <references type="weak" candidates="1" cleared="0" enqueued="0" />
  <references type="phantom" candidates="4" cleared="0" enqueued="0" />
  <object-monitors candidates="5" cleared="0"  />
</gc-op>
<gc-end id="402" type="scavenge" contextid="398" durationms="2.537" usertimems="0.761" systemtimems="0.376" stalltimems="0.184" timestamp="2025-12-12T03:59:33.617" activeThreads="2">
  <mem-info id="403" free="5391736" total="10747904" percent="50">
    <mem type="nursery" free="3881728" total="4456448" percent="87">
      <mem type="allocate" free="3881728" total="3997696" percent="97" />
      <mem type="survivor" free="0" total="458752" percent="0" />
    </mem>
    <mem type="tenure" free="1510008" total="6291456" percent="24">
      <mem type="soa" free="1194616" total="5976064" percent="19" />
      <mem type="loa" free="315392" total="315392" percent="100" />
    </mem>
    <remembered-set count="270" />
  </mem-info>
</gc-end>
<cycle-end id="404" type="scavenge" contextid="398" timestamp="2025-12-12T03:59:33.617" />
<allocation-satisfied id="405" threadId="0000000000025A00" bytesRequested="2080" />
<af-end id="406" timestamp="2025-12-12T03:59:33.618" threadId="0000000000026478" success="true" from="nursery"/>
<exclusive-end id="407" timestamp="2025-12-12T03:59:33.619" durationms="6.860" />

<exclusive-start id="408" timestamp="2025-12-12T03:59:33.692" intervalms="80.154">
  <response-info timems="0.028" idlems="0.028" threads="0" lastid="0000000000025A00" lastname="main" />
</exclusive-start>
<af-start id="409" threadId="0000000000026478" totalBytesRequested="8200" timestamp="2025-12-12T03:59:33.693" intervalms="80.000" type="nursery" />
<cycle-start id="410" type="scavenge" contextid="0" timestamp="2025-12-12T03:59:33.694" intervalms="80.026" />
<gc-start id="411" type="scavenge" contextid="410" timestamp="2025-12-12T03:59:33.694">
  <mem-info id="412" free="1509952" total="10747904" percent="14">
    <mem type="nursery" free="0" total="4456448" percent="0">
      <mem type="allocate" free="0" total="3997696" percent="0" />
      <mem type="survivor" free="0" total="458752" percent="0" />
    </mem>
    <mem type="tenure" free="1509952" total="6291456" percent="24">
      <mem type="soa" free="1194560" total="5976064" percent="19" />
      <mem type="loa" free="315392" total="315392" percent="100" />
    </mem>
    <remembered-set count="426" />
  </mem-info>
</gc-start>
<allocation-stats totalBytes="3798464" discardedBytes="83320" >
  <allocated-bytes non-tlh="366680" tlh="3431784" />
  <largest-consumer threadName="main" threadId="0000000000025A00" bytes="3798464" />
</allocation-stats>
<gc-op id="413" type="scavenge" timems="0.487" contextid="410" timestamp="2025-12-12T03:59:33.696">
  <scavenger-info tenureage="3" tenuremask="ffe8" tiltratio="89" />
  <memory-copied type="nursery" objects="2349" bytes="83312" bytesdiscarded="51072" />
  <memory-copied type="tenure" objects="630" bytes="20936" bytesdiscarded="8" />
  <references type="phantom" candidates="3" cleared="0" enqueued="0" />
  <object-monitors candidates="5" cleared="0"  />
</gc-op>
<gc-end id="414" type="scavenge" contextid="410" durationms="2.386" usertimems="0.599" systemtimems="0.297" stalltimems="0.149" timestamp="2025-12-12T03:59:33.697" activeThreads="2">
  <mem-info id="415" free="5340224" total="10747904" percent="49">
    <mem type="nursery" free="3863296" total="4456448" percent="86">
      <mem type="allocate" free="3863296" total="3997696" percent="96" />
      <mem type="survivor" free="0" total="458752" percent="0" />
    </mem>
    <mem type="tenure" free="1476928" total="6291456" percent="23">
      <mem type="soa" free="1161536" total="5976064" percent="19" />
      <mem type="loa" free="315392" total="315392" percent="100" />
    </mem>
    <remembered-set count="306" />
  </mem-info>
</gc-end>
<cycle-end id="416" type="scavenge" contextid="410" timestamp="2025-12-12T03:59:33.697" />
<allocation-satisfied id="417" threadId="0000000000025A00" bytesRequested="8200" />
<af-end id="418" timestamp="2025-12-12T03:59:33.699" threadId="0000000000026478" success="true" from="nursery"/>
<exclusive-end id="419" timestamp="2025-12-12T03:59:33.699" durationms="6.727" />

<exclusive-start id="420" timestamp="2025-12-12T03:59:33.793" intervalms="100.335">
  <response-info timems="0.037" idlems="0.037" threads="0" lastid="0000000000025A00" lastname="main" />
</exclusive-start>
<af-start id="421" threadId="0000000000026478" totalBytesRequested="16392" timestamp="2025-12-12T03:59:33.794" intervalms="100.639" type="nursery" />
<cycle-start id="422" type="scavenge" contextid="0" timestamp="2025-12-12T03:59:33.795" intervalms="100.921" />
<gc-start id="423" type="scavenge" contextid="422" timestamp="2025-12-12T03:59:33.795">
  <mem-info id="424" free="1460096" total="10747904" percent="13">
    <mem type="nursery" free="0" total="4456448" percent="0">
      <mem type="allocate" free="0" total="3997696" percent="0" />
      <mem type="survivor" free="0" total="458752" percent="0" />
    </mem>
    <mem type="tenure" free="1460096" total="6291456" percent="23">
      <mem type="soa" free="1144704" total="5976064" percent="19" />
      <mem type="loa" free="315392" total="315392" percent="100" />
    </mem>
    <remembered-set count="1235" />
  </mem-info>
</gc-start>
<allocation-stats totalBytes="3867160" discardedBytes="12968" >
  <allocated-bytes non-tlh="396632" tlh="3470528" />
  <largest-consumer threadName="main" threadId="0000000000025A00" bytes="3863064" />
</allocation-stats>
<gc-op id="425" type="scavenge" timems="1.840" contextid="422" timestamp="2025-12-12T03:59:33.799">
  <scavenger-info tenureage="2" tenuremask="ffec" tiltratio="89" />
  <memory-copied type="nursery" objects="6530" bytes="456880" bytesdiscarded="880" />
  <memory-copied type="tenure" objects="2799" bytes="94752" bytesdiscarded="40" />
  <copy-failed type="nursery" objects="1373" bytes="46872" />
  <finalization candidates="97" enqueued="57" />
  <ownableSynchronizers candidates="68" cleared="37" />
  <references type="soft" candidates="23" cleared="0" enqueued="0" dynamicThreshold="32" maxThreshold="32" />
  <references type="weak" candidates="26" cleared="7" enqueued="7" />
  <references type="phantom" candidates="61" cleared="19" enqueued="19" />
  <object-monitors candidates="6" cleared="0"  />
</gc-op>
<gc-end id="426" type="scavenge" contextid="422" durationms="4.215" usertimems="2.489" systemtimems="0.000" stalltimems="1.393" timestamp="2025-12-12T03:59:33.800" activeThreads="2">
  <mem-info id="427" free="4230528" total="10747904" percent="39">
    <mem type="nursery" free="2818048" total="4456448" percent="63">
      <mem type="allocate" free="2818048" total="3276800" percent="86" />
      <mem type="survivor" free="0" total="1179648" percent="0" />
    </mem>
    <mem type="tenure" free="1412480" total="6291456" percent="22">
      <mem type="soa" free="1097088" total="5976064" percent="18" />
      <mem type="loa" free="315392" total="315392" percent="100" />
    </mem>
    <pending-finalizers system="57" default="0" reference="26" classloader="0" />
    <remembered-set count="682" />
  </mem-info>
</gc-end>
<cycle-end id="428" type="scavenge" contextid="422" timestamp="2025-12-12T03:59:33.800" />
<allocation-satisfied id="429" threadId="0000000000025A00" bytesRequested="16392" />
<af-end id="430" timestamp="2025-12-12T03:59:33.802" threadId="0000000000026478" success="true" from="nursery"/>
<exclusive-end id="431" timestamp="2025-12-12T03:59:33.803" durationms="9.846" />

<exclusive-start id="432" timestamp="2025-12-12T03:59:33.822" intervalms="29.501">
  <response-info timems="0.041" idlems="0.041" threads="0" lastid="0000000000025A00" lastname="main" />
</exclusive-start>
<af-start id="433" threadId="0000000000026478" totalBytesRequested="16" timestamp="2025-12-12T03:59:33.823" intervalms="29.333" type="nursery" />
<cycle-start id="434" type="scavenge" contextid="0" timestamp="2025-12-12T03:59:33.824" intervalms="29.264" />
<gc-start id="435" type="scavenge" contextid="434" timestamp="2025-12-12T03:59:33.825">
  <mem-info id="436" free="1410064" total="10747904" percent="13">
    <mem type="nursery" free="0" total="4456448" percent="0">
      <mem type="allocate" free="0" total="3276800" percent="0" />
      <mem type="survivor" free="0" total="1179648" percent="0" />
    </mem>
    <mem type="tenure" free="1410064" total="6291456" percent="22">
      <mem type="soa" free="1094672" total="5976064" percent="18" />
      <mem type="loa" free="315392" total="315392" percent="100" />
    </mem>
    <remembered-set count="822" />
  </mem-info>
</gc-start>
<allocation-stats totalBytes="2819072" discardedBytes="1392" >
  <allocated-bytes non-tlh="18808" tlh="2800264" />
  <largest-consumer threadName="main" threadId="0000000000025A00" bytes="2814976" />
</allocation-stats>
<gc-op id="437" type="scavenge" timems="1.056" contextid="434" timestamp="2025-12-12T03:59:33.827">
  <scavenger-info tenureage="2" tenuremask="ffe4" tiltratio="73" />
  <memory-copied type="nursery" objects="15384" bytes="993992" bytesdiscarded="76256" />
  <memory-copied type="tenure" objects="329" bytes="10336" bytesdiscarded="0" />
  <finalization candidates="28" enqueued="0" />
  <ownableSynchronizers candidates="73" cleared="36" />
  <references type="soft" candidates="23" cleared="0" enqueued="0" dynamicThreshold="32" maxThreshold="32" />
  <references type="weak" candidates="30" cleared="12" enqueued="12" />
  <references type="phantom" candidates="74" cleared="0" enqueued="0" />
  <object-monitors candidates="6" cleared="0"  />
</gc-op>
<heap-resize id="438" type="expand" space="nursery" amount="393216" count="1" timems="0.030" reason="excessive time being spent scavenging" timestamp="2025-12-12T03:59:33.828" />
<gc-end id="439" type="scavenge" contextid="434" durationms="3.524" usertimems="2.110" systemtimems="0.000" stalltimems="0.249" timestamp="2025-12-12T03:59:33.828" activeThreads="2">
  <mem-info id="440" free="3285416" total="11141120" percent="29">
    <mem type="nursery" free="1875352" total="4849664" percent="38">
      <mem type="allocate" free="1875352" total="2949120" percent="63" />
      <mem type="survivor" free="0" total="1900544" percent="0" />
    </mem>
    <mem type="tenure" free="1410064" total="6291456" percent="22">
      <mem type="soa" free="1094672" total="5976064" percent="18" />
      <mem type="loa" free="315392" total="315392" percent="100" />
    </mem>
    <pending-finalizers system="0" default="0" reference="12" classloader="0" />
    <remembered-set count="713" />
  </mem-info>
</gc-end>
<cycle-end id="441" type="scavenge" contextid="434" timestamp="2025-12-12T03:59:33.829" />
<allocation-satisfied id="442" threadId="0000000000025A00" bytesRequested="16" />
<af-end id="443" timestamp="2025-12-12T03:59:33.830" threadId="0000000000026478" success="true" from="nursery"/>
<exclusive-end id="444" timestamp="2025-12-12T03:59:33.830" durationms="8.028" />

<exclusive-start id="445" timestamp="2025-12-12T03:59:33.916" intervalms="93.516">
  <response-info timems="0.026" idlems="0.026" threads="0" lastid="0000000000025A00" lastname="main" />
</exclusive-start>
<af-start id="446" threadId="0000000000026478" totalBytesRequested="24" timestamp="2025-12-12T03:59:33.916" intervalms="93.357" type="nursery" />
<cycle-start id="447" type="scavenge" contextid="0" timestamp="2025-12-12T03:59:33.917" intervalms="93.137" />
<gc-start id="448" type="scavenge" contextid="447" timestamp="2025-12-12T03:59:33.918">
  <mem-info id="449" free="1407848" total="11141120" percent="12">
    <mem type="nursery" free="0" total="4849664" percent="0">
      <mem type="allocate" free="0" total="2949120" percent="0" />
      <mem type="survivor" free="0" total="1900544" percent="0" />
    </mem>
    <mem type="tenure" free="1407848" total="6291456" percent="22">
      <mem type="soa" free="1092456" total="5976064" percent="18" />
      <mem type="loa" free="315392" total="315392" percent="100" />
    </mem>
    <remembered-set count="787" />
  </mem-info>
</gc-start>
<allocation-stats totalBytes="1876920" discardedBytes="648" >
  <allocated-bytes non-tlh="2232" tlh="1874688" />
  <largest-consumer threadName="main" threadId="0000000000025A00" bytes="1876920" />
</allocation-stats>
<gc-op id="450" type="scavenge" timems="1.417" contextid="447" timestamp="2025-12-12T03:59:33.920">
  <scavenger-info tenureage="2" tenuremask="fff4" tiltratio="60" />
  <memory-copied type="nursery" objects="12349" bytes="661912" bytesdiscarded="107072" />
  <memory-copied type="tenure" objects="6030" bytes="430216" bytesdiscarded="1264" />
  <finalization candidates="52" enqueued="12" />
  <ownableSynchronizers candidates="37" cleared="0" />
  <references type="weak" candidates="8" cleared="5" enqueued="5" />
  <references type="phantom" candidates="34" cleared="1" enqueued="1" />
  <object-monitors candidates="6" cleared="0"  />
</gc-op>
<gc-end id="451" type="scavenge" contextid="447" durationms="2.857" usertimems="1.717" systemtimems="0.808" stalltimems="0.417" timestamp="2025-12-12T03:59:33.921" activeThreads="2">
  <mem-info id="452" free="3363288" total="11141120" percent="30">
    <mem type="nursery" free="2441808" total="4849664" percent="50">
      <mem type="allocate" free="2441808" total="3211264" percent="76" />
      <mem type="survivor" free="0" total="1638400" percent="0" />
    </mem>
    <mem type="tenure" free="921480" total="6291456" percent="14">
      <mem type="soa" free="606088" total="5976064" percent="10" />
      <mem type="loa" free="315392" total="315392" percent="100" />
    </mem>
    <pending-finalizers system="12" default="0" reference="6" classloader="0" />
    <remembered-set count="393" />
  </mem-info>
</gc-end>
<cycle-end id="453" type="scavenge" contextid="447" timestamp="2025-12-12T03:59:33.921" />
<allocation-satisfied id="454" threadId="0000000000025A00" bytesRequested="24" />
<af-end id="455" timestamp="2025-12-12T03:59:33.922" threadId="0000000000026478" success="true" from="nursery"/>
<exclusive-end id="456" timestamp="2025-12-12T03:59:33.923" durationms="6.926" />

<exclusive-start id="457" timestamp="2025-12-12T03:59:33.930" intervalms="14.643">
  <response-info timems="0.026" idlems="0.026" threads="0" lastid="0000000000025A00" lastname="main" />
</exclusive-start>
<af-start id="458" threadId="0000000000026478" totalBytesRequested="16" timestamp="2025-12-12T03:59:33.931" intervalms="14.568" type="nursery" />
<cycle-start id="459" type="scavenge" contextid="0" timestamp="2025-12-12T03:59:33.931" intervalms="14.508" />
<gc-start id="460" type="scavenge" contextid="459" timestamp="2025-12-12T03:59:33.932">
  <mem-info id="461" free="921480" total="11141120" percent="8">
    <mem type="nursery" free="0" total="4849664" percent="0">
      <mem type="allocate" free="0" total="3211264" percent="0" />
      <mem type="survivor" free="0" total="1638400" percent="0" />
    </mem>
    <mem type="tenure" free="921480" total="6291456" percent="14">
      <mem type="soa" free="606088" total="5976064" percent="10" />
      <mem type="loa" free="315392" total="315392" percent="100" />
    </mem>
    <remembered-set count="427" />
  </mem-info>
</gc-start>
<allocation-stats totalBytes="2439944" discardedBytes="1864" >
  <allocated-bytes non-tlh="24" tlh="2439920" />
  <largest-consumer threadName="main" threadId="0000000000025A00" bytes="2439944" />
</allocation-stats>
<gc-op id="462" type="scavenge" timems="0.643" contextid="459" timestamp="2025-12-12T03:59:33.934">
  <scavenger-info tenureage="2" tenuremask="fff4" tiltratio="66" />
  <memory-copied type="nursery" objects="1785" bytes="54992" bytesdiscarded="13360" />
  <memory-copied type="tenure" objects="5633" bytes="320240" bytesdiscarded="104" />
  <finalization candidates="12" enqueued="0" />
  <ownableSynchronizers candidates="24" cleared="1" />
  <references type="weak" candidates="4" cleared="1" enqueued="1" />
  <object-monitors candidates="6" cleared="0"  />
</gc-op>
<heap-resize id="463" type="expand" space="nursery" amount="393216" count="1" timems="0.022" reason="excessive time being spent scavenging" timestamp="2025-12-12T03:59:33.934" />
<gc-end id="464" type="scavenge" contextid="459" durationms="2.252" usertimems="1.032" systemtimems="0.479" stalltimems="0.169" timestamp="2025-12-12T03:59:33.934" activeThreads="2">
  <mem-info id="465" free="4151184" total="11534336" percent="35">
    <mem type="nursery" free="3536128" total="5242880" percent="67">
      <mem type="allocate" free="3536128" total="3604480" percent="98" />
      <mem type="survivor" free="0" total="1638400" percent="0" />
    </mem>
    <mem type="tenure" free="615056" total="6291456" percent="9">
      <mem type="soa" free="299664" total="5976064" percent="5" />
      <mem type="loa" free="315392" total="315392" percent="100" />
    </mem>
    <pending-finalizers system="0" default="0" reference="1" classloader="0" />
    <remembered-set count="279" />
  </mem-info>
</gc-end>
<cycle-end id="466" type="scavenge" contextid="459" timestamp="2025-12-12T03:59:33.934" />
<allocation-satisfied id="467" threadId="0000000000025A00" bytesRequested="16" />
<af-end id="468" timestamp="2025-12-12T03:59:33.935" threadId="0000000000026478" success="true" from="nursery"/>
<exclusive-end id="469" timestamp="2025-12-12T03:59:33.935" durationms="4.931" />

<concurrent-kickoff id="470" timestamp="2025-12-12T03:59:34.030">
  <kickoff reason="threshold reached" targetBytes="1867303" thresholdFreeBytes="258850"  remainingFree="181496" tenureFreeBytes="332976" nurseryFreeBytes="181496" />
</concurrent-kickoff>
<exclusive-start id="471" timestamp="2025-12-12T03:59:34.031" intervalms="100.329">
  <response-info timems="0.035" idlems="0.035" threads="0" lastid="00000000005FB800" lastname="Equinox start level thread - Equinox Container: e0e1462d-9c03-4" />
</exclusive-start>
<cycle-start id="472" type="global" contextid="0" timestamp="2025-12-12T03:59:34.031" intervalms="2205.705" />
<concurrent-start id="473" type="global mark" contextid="472" timestamp="2025-12-12T03:59:34.032">
</concurrent-start>
<exclusive-end id="474" timestamp="2025-12-12T03:59:34.033" durationms="1.855" />

<concurrent-end id="475" type="global mark" contextid="472" timestamp="2025-12-12T03:59:34.038">
<gc-op id="476" type="trace" timems="6.452" contextid="472" timestamp="2025-12-12T03:59:34.038">
  <trace bytesTraced="2874924" workStackOverflowCount="0" />
  <card-cleaning reason="card cleaning threshold reached" bytesTraced="5032" cardsCleaned="28" />
</gc-op>
</concurrent-end>

<exclusive-start id="477" timestamp="2025-12-12T03:59:34.040" intervalms="8.873">
  <response-info timems="0.031" idlems="0.031" threads="0" lastid="00000000005FB800" lastname="Equinox start level thread - Equinox Container: e0e1462d-9c03-4" />
</exclusive-start>
<concurrent-global-final id="478" timestamp="2025-12-12T03:59:34.040" contextid="472" intervalms="2214.542" >
  <concurrent-trace-info reason="card cleaning threshold reached" tracedByMutators="81584" tracedByHelpers="2798372" cardsCleaned="28" workStackOverflowCount="0" />
</concurrent-global-final>
<gc-start id="479" type="global" contextid="472" timestamp="2025-12-12T03:59:34.043">
  <mem-info id="480" free="410264" total="11534336" percent="3">
    <mem type="nursery" free="83192" total="5242880" percent="1">
      <mem type="allocate" free="83192" total="3604480" percent="2" />
      <mem type="survivor" free="0" total="1638400" percent="0" />
    </mem>
    <mem type="tenure" free="327072" total="6291456" percent="5">
      <mem type="soa" free="11680" total="5976064" percent="0" />
      <mem type="loa" free="315392" total="315392" percent="100" />
    </mem>
    <remembered-set count="4535" />
  </mem-info>
</gc-start>
<allocation-stats totalBytes="3738024" discardedBytes="2896" >
  <allocated-bytes non-tlh="353544" tlh="3384480" />
  <largest-consumer threadName="Equinox start level thread - Equinox Container: e0e1462d-9c03-4a01-95d9-47b54b776787" threadId="00000000005F3B00" bytes="1283576" />
</allocation-stats>
<gc-op id="481" type="rs-scan" timems="0.858" contextid="472" timestamp="2025-12-12T03:59:34.045">
  <scan objectsFound="10710" bytesTraced="506756" workStackOverflowCount="0" />
</gc-op>
<gc-op id="482" type="card-cleaning" timems="0.310" contextid="472" timestamp="2025-12-12T03:59:34.046">
  <card-cleaning cardsCleaned="3" bytesTraced="4656" workStackOverflowCount="0" />
</gc-op>
<gc-op id="483" type="mark" timems="3.967" contextid="472" timestamp="2025-12-12T03:59:34.050">
  <trace-info objectcount="5637" scancount="4853" scanbytes="154080" />
  <finalization candidates="990" enqueued="301" />
  <ownableSynchronizers candidates="160" cleared="17" />
  <references type="soft" candidates="3931" cleared="0" enqueued="0" dynamicThreshold="32" maxThreshold="32" />
  <references type="weak" candidates="1655" cleared="734" enqueued="732" />
  <references type="phantom" candidates="161" cleared="39" enqueued="39" />
  <stringconstants candidates="11301" cleared="51"  />
  <object-monitors candidates="17" cleared="6"  />
</gc-op>
<gc-op id="484" type="classunload" timems="0.016" contextid="472" timestamp="2025-12-12T03:59:34.052">
  <classunload-info classloadercandidates="21" classloadersunloaded="0" classesunloaded="0" anonymousclassesunloaded="0" quiescems="0.000" setupms="0.016" scanms="0.000" postms="0.000" />
</gc-op>
<gc-op id="485" type="sweep" timems="0.716" contextid="472" timestamp="2025-12-12T03:59:34.054" />
<heap-resize id="486" type="expand" space="tenure" amount="1638400" count="1" timems="0.092" reason="insufficient free space following gc" timestamp="2025-12-12T03:59:34.054" />
<gc-end id="487" type="global" contextid="472" durationms="12.427" usertimems="12.346" systemtimems="0.000" stalltimems="14.930" timestamp="2025-12-12T03:59:34.055" activeThreads="5">
  <mem-info id="488" free="4656328" total="13172736" percent="35">
    <mem type="nursery" free="2250720" total="5242880" percent="42">
      <mem type="allocate" free="2250720" total="3604480" percent="62" />
      <mem type="survivor" free="0" total="1638400" percent="0" />
    </mem>
    <mem type="tenure" free="2405608" total="7929856" percent="30" micro-fragmented="83509" macro-fragmented="0">
      <mem type="soa" free="2008296" total="7532544" percent="26" />
      <mem type="loa" free="397312" total="397312" percent="100" />
    </mem>
    <pending-finalizers system="301" default="0" reference="771" classloader="0" />
    <remembered-set count="3842" />
  </mem-info>
</gc-end>
<cycle-end id="489" type="global" contextid="472" timestamp="2025-12-12T03:59:34.056" />
<exclusive-end id="490" timestamp="2025-12-12T03:59:34.056" durationms="16.505" />

<exclusive-start id="491" timestamp="2025-12-12T03:59:34.091" intervalms="51.396">
  <response-info timems="0.032" idlems="0.032" threads="0" lastid="00000000005EC100" lastname="Equinox start level thread - Equinox Container: e0e1462d-9c03-4" />
</exclusive-start>
<af-start id="492" threadId="00000000005ECB78" totalBytesRequested="40" timestamp="2025-12-12T03:59:34.091" intervalms="160.546" type="nursery" />
<cycle-start id="493" type="scavenge" contextid="0" timestamp="2025-12-12T03:59:34.092" intervalms="160.404" />
<gc-start id="494" type="scavenge" contextid="493" timestamp="2025-12-12T03:59:34.092">
  <mem-info id="495" free="2338384" total="13172736" percent="17">
    <mem type="nursery" free="0" total="5242880" percent="0">
      <mem type="allocate" free="0" total="3604480" percent="0" />
      <mem type="survivor" free="0" total="1638400" percent="0" />
    </mem>
    <mem type="tenure" free="2338384" total="7929856" percent="29">
      <mem type="soa" free="1941072" total="7532544" percent="25" />
      <mem type="loa" free="397312" total="397312" percent="100" />
    </mem>
    <remembered-set count="4735" />
  </mem-info>
</gc-start>
<allocation-stats totalBytes="2270128" discardedBytes="37280" >
  <allocated-bytes non-tlh="442008" tlh="1828120" />
  <largest-consumer threadName="Equinox start level thread - Equinox Container: e0e1462d-9c03-4a01-95d9-47b54b776787" threadId="00000000005EC100" bytes="1556824" />
</allocation-stats>
<gc-op id="496" type="scavenge" timems="3.241" contextid="493" timestamp="2025-12-12T03:59:34.097">
  <scavenger-info tenureage="4" tenuremask="fff0" tiltratio="68" />
  <memory-copied type="nursery" objects="19658" bytes="794992" bytesdiscarded="10176" />
  <finalization candidates="317" enqueued="66" />
  <ownableSynchronizers candidates="306" cleared="198" />
  <references type="soft" candidates="280" cleared="0" enqueued="0" dynamicThreshold="9" maxThreshold="32" />
  <references type="weak" candidates="672" cleared="264" enqueued="262" />
  <references type="phantom" candidates="16" cleared="11" enqueued="11" />
  <object-monitors candidates="12" cleared="0"  />
</gc-op>
<gc-end id="497" type="scavenge" contextid="493" durationms="4.914" usertimems="6.236" systemtimems="0.000" stalltimems="0.584" timestamp="2025-12-12T03:59:34.097" activeThreads="2">
  <mem-info id="498" free="4938056" total="13172736" percent="37">
    <mem type="nursery" free="2599672" total="5242880" percent="49">
      <mem type="allocate" free="2599672" total="3407872" percent="76" />
      <mem type="survivor" free="0" total="1835008" percent="0" />
    </mem>
    <mem type="tenure" free="2338384" total="7929856" percent="29">
      <mem type="soa" free="1941072" total="7532544" percent="25" />
      <mem type="loa" free="397312" total="397312" percent="100" />
    </mem>
    <pending-finalizers system="66" default="0" reference="273" classloader="0" />
    <remembered-set count="4550" />
  </mem-info>
</gc-end>
<cycle-end id="499" type="scavenge" contextid="493" timestamp="2025-12-12T03:59:34.098" />
<allocation-satisfied id="500" threadId="00000000005EC100" bytesRequested="40" />
<af-end id="501" timestamp="2025-12-12T03:59:34.099" threadId="00000000005ECB78" success="true" from="nursery"/>
<exclusive-end id="502" timestamp="2025-12-12T03:59:34.099" durationms="8.428" />

<exclusive-start id="503" timestamp="2025-12-12T03:59:34.132" intervalms="41.211">
  <response-info timems="0.065" idlems="0.065" threads="0" lastid="00000000005EFE00" lastname="Equinox start level thread - Equinox Container: e0e1462d-9c03-4" />
</exclusive-start>
<af-start id="504" threadId="00000000005F0878" totalBytesRequested="24" timestamp="2025-12-12T03:59:34.133" intervalms="41.423" type="nursery" />
<cycle-start id="505" type="scavenge" contextid="0" timestamp="2025-12-12T03:59:34.134" intervalms="42.081" />
<gc-start id="506" type="scavenge" contextid="505" timestamp="2025-12-12T03:59:34.135">
  <mem-info id="507" free="2328656" total="13172736" percent="17">
    <mem type="nursery" free="0" total="5242880" percent="0">
      <mem type="allocate" free="0" total="3407872" percent="0" />
      <mem type="survivor" free="0" total="1835008" percent="0" />
    </mem>
    <mem type="tenure" free="2328656" total="7929856" percent="29">
      <mem type="soa" free="1931344" total="7532544" percent="25" />
      <mem type="loa" free="397312" total="397312" percent="100" />
    </mem>
    <remembered-set count="4780" />
  </mem-info>
</gc-start>
<allocation-stats totalBytes="2608608" discardedBytes="792" >
  <allocated-bytes non-tlh="26160" tlh="2582448" />
  <largest-consumer threadName="Equinox start level thread - Equinox Container: e0e1462d-9c03-4a01-95d9-47b54b776787" threadId="00000000005EC100" bytes="1591864" />
</allocation-stats>
<gc-op id="508" type="scavenge" timems="2.601" contextid="505" timestamp="2025-12-12T03:59:34.138">
  <scavenger-info tenureage="4" tenuremask="fff0" tiltratio="65" />
  <memory-copied type="nursery" objects="25080" bytes="1032592" bytesdiscarded="14440" />
  <finalization candidates="253" enqueued="2" />
  <ownableSynchronizers candidates="304" cleared="90" />
  <references type="soft" candidates="308" cleared="0" enqueued="0" dynamicThreshold="9" maxThreshold="32" />
  <references type="weak" candidates="495" cleared="40" enqueued="40" />
  <references type="phantom" candidates="9" cleared="2" enqueued="2" />
  <object-monitors candidates="13" cleared="1"  />
</gc-op>
<heap-resize id="509" type="expand" space="nursery" amount="262144" count="1" timems="0.032" reason="excessive time being spent scavenging" timestamp="2025-12-12T03:59:34.139" />
<gc-end id="510" type="scavenge" contextid="505" durationms="5.111" usertimems="5.108" systemtimems="0.000" stalltimems="0.397" timestamp="2025-12-12T03:59:34.140" activeThreads="2">
  <mem-info id="511" free="5014312" total="13434880" percent="37">
    <mem type="nursery" free="2685656" total="5505024" percent="48">
      <mem type="allocate" free="2685656" total="3735552" percent="71" />
      <mem type="survivor" free="0" total="1769472" percent="0" />
    </mem>
    <mem type="tenure" free="2328656" total="7929856" percent="29">
      <mem type="soa" free="1931344" total="7532544" percent="25" />
      <mem type="loa" free="397312" total="397312" percent="100" />
    </mem>
    <pending-finalizers system="2" default="0" reference="42" classloader="0" />
    <remembered-set count="4707" />
  </mem-info>
</gc-end>
<cycle-end id="512" type="scavenge" contextid="505" timestamp="2025-12-12T03:59:34.140" />
<allocation-satisfied id="513" threadId="00000000005EFE00" bytesRequested="24" />
<af-end id="514" timestamp="2025-12-12T03:59:34.142" threadId="00000000005F0878" success="true" from="nursery"/>
<exclusive-end id="515" timestamp="2025-12-12T03:59:34.142" durationms="10.132" />

<exclusive-start id="516" timestamp="2025-12-12T03:59:34.186" intervalms="53.424">
  <response-info timems="0.048" idlems="0.048" threads="0" lastid="00000000005EFE00" lastname="Equinox start level thread - Equinox Container: e0e1462d-9c03-4" />
</exclusive-start>
<af-start id="517" threadId="00000000005F0878" totalBytesRequested="88" timestamp="2025-12-12T03:59:34.186" intervalms="53.419" type="nursery" />
<cycle-start id="518" type="scavenge" contextid="0" timestamp="2025-12-12T03:59:34.187" intervalms="52.966" />
<gc-start id="519" type="scavenge" contextid="518" timestamp="2025-12-12T03:59:34.188">
  <mem-info id="520" free="2247808" total="13434880" percent="16">
    <mem type="nursery" free="0" total="5505024" percent="0">
      <mem type="allocate" free="0" total="3735552" percent="0" />
      <mem type="survivor" free="0" total="1769472" percent="0" />
    </mem>
    <mem type="tenure" free="2247808" total="7929856" percent="28">
      <mem type="soa" free="1850496" total="7532544" percent="24" />
      <mem type="loa" free="397312" total="397312" percent="100" />
    </mem>
    <remembered-set count="5744" />
  </mem-info>
</gc-start>
<allocation-stats totalBytes="2753424" discardedBytes="3600" >
  <allocated-bytes non-tlh="71392" tlh="2682032" />
  <largest-consumer threadName="Equinox start level thread - Equinox Container: e0e1462d-9c03-4a01-95d9-47b54b776787" threadId="00000000005EFE00" bytes="1197032" />
</allocation-stats>
<gc-op id="521" type="scavenge" timems="3.470" contextid="518" timestamp="2025-12-12T03:59:34.193">
  <scavenger-info tenureage="3" tenuremask="fff8" tiltratio="67" />
  <memory-copied type="nursery" objects="34603" bytes="1350040" bytesdiscarded="22120" />
  <memory-copied type="tenure" objects="936" bytes="28176" bytesdiscarded="0" />
  <finalization candidates="261" enqueued="10" />
  <ownableSynchronizers candidates="722" cleared="193" />
  <references type="soft" candidates="677" cleared="0" enqueued="0" dynamicThreshold="9" maxThreshold="32" />
  <references type="weak" candidates="899" cleared="321" enqueued="321" />
  <references type="phantom" candidates="10" cleared="4" enqueued="4" />
  <object-monitors candidates="14" cleared="0"  />
</gc-op>
<heap-resize id="522" type="expand" space="nursery" amount="262144" count="1" timems="0.034" reason="excessive time being spent scavenging" timestamp="2025-12-12T03:59:34.193" />
<gc-end id="523" type="scavenge" contextid="518" durationms="5.979" usertimems="6.792" systemtimems="0.000" stalltimems="0.455" timestamp="2025-12-12T03:59:34.194" activeThreads="2">
  <mem-info id="524" free="4439920" total="13697024" percent="32">
    <mem type="nursery" free="2227424" total="5767168" percent="38">
      <mem type="allocate" free="2227424" total="3604480" percent="61" />
      <mem type="survivor" free="0" total="2162688" percent="0" />
    </mem>
    <mem type="tenure" free="2212496" total="7929856" percent="27">
      <mem type="soa" free="1815184" total="7532544" percent="24" />
      <mem type="loa" free="397312" total="397312" percent="100" />
    </mem>
    <pending-finalizers system="10" default="0" reference="325" classloader="0" />
    <remembered-set count="2368" />
  </mem-info>
</gc-end>
<cycle-end id="525" type="scavenge" contextid="518" timestamp="2025-12-12T03:59:34.194" />
<allocation-satisfied id="526" threadId="00000000005EFE00" bytesRequested="88" />
<af-end id="527" timestamp="2025-12-12T03:59:34.196" threadId="00000000005F0878" success="true" from="nursery"/>
<exclusive-end id="528" timestamp="2025-12-12T03:59:34.196" durationms="10.392" />

<exclusive-start id="529" timestamp="2025-12-12T03:59:34.247" intervalms="61.117">
  <response-info timems="0.040" idlems="0.040" threads="0" lastid="0000000000831900" lastname="Default Executor-thread-1" />
</exclusive-start>
<af-start id="530" threadId="0000000000832378" totalBytesRequested="16392" timestamp="2025-12-12T03:59:34.248" intervalms="61.282" type="nursery" />
<cycle-start id="531" type="scavenge" contextid="0" timestamp="2025-12-12T03:59:34.248" intervalms="61.312" />
<gc-start id="532" type="scavenge" contextid="531" timestamp="2025-12-12T03:59:34.249">
  <mem-info id="533" free="2193608" total="13697024" percent="16">
    <mem type="nursery" free="0" total="5767168" percent="0">
      <mem type="allocate" free="0" total="3604480" percent="0" />
      <mem type="survivor" free="0" total="2162688" percent="0" />
    </mem>
    <mem type="tenure" free="2193608" total="7929856" percent="27">
      <mem type="soa" free="1796296" total="7532544" percent="23" />
      <mem type="loa" free="397312" total="397312" percent="100" />
    </mem>
    <remembered-set count="2614" />
  </mem-info>
</gc-start>
<allocation-stats totalBytes="2216776" discardedBytes="27392" >
  <allocated-bytes non-tlh="25032" tlh="2191744" />
  <largest-consumer threadName="Default Executor-thread-1" threadId="0000000000831900" bytes="1972048" />
</allocation-stats>
<gc-op id="534" type="scavenge" timems="3.708" contextid="531" timestamp="2025-12-12T03:59:34.253">
  <scavenger-info tenureage="6" tenuremask="ffc0" tiltratio="62" />
  <memory-copied type="nursery" objects="42386" bytes="1669536" bytesdiscarded="21360" />
  <finalization candidates="240" enqueued="1" />
  <ownableSynchronizers candidates="545" cleared="11" />
  <references type="soft" candidates="686" cleared="0" enqueued="0" dynamicThreshold="9" maxThreshold="32" />
  <references type="weak" candidates="720" cleared="110" enqueued="109" />
  <references type="phantom" candidates="7" cleared="0" enqueued="0" />
  <object-monitors candidates="16" cleared="1"  />
</gc-op>
<heap-resize id="535" type="expand" space="nursery" amount="262144" count="1" timems="0.061" reason="excessive time being spent scavenging" timestamp="2025-12-12T03:59:34.254" />
<gc-end id="536" type="scavenge" contextid="531" durationms="6.191" usertimems="7.390" systemtimems="0.000" stalltimems="0.613" timestamp="2025-12-12T03:59:34.255" activeThreads="2">
  <mem-info id="537" free="3971752" total="13959168" percent="28">
    <mem type="nursery" free="1778144" total="6029312" percent="29">
      <mem type="allocate" free="1778144" total="3473408" percent="51" />
      <mem type="survivor" free="0" total="2555904" percent="0" />
    </mem>
    <mem type="tenure" free="2193608" total="7929856" percent="27">
      <mem type="soa" free="1796296" total="7532544" percent="23" />
      <mem type="loa" free="397312" total="397312" percent="100" />
    </mem>
    <pending-finalizers system="1" default="0" reference="109" classloader="0" />
    <remembered-set count="2497" />
  </mem-info>
</gc-end>
<cycle-end id="538" type="scavenge" contextid="531" timestamp="2025-12-12T03:59:34.256" />
<allocation-satisfied id="539" threadId="0000000000831900" bytesRequested="16392" />
<af-end id="540" timestamp="2025-12-12T03:59:34.257" threadId="0000000000832378" success="true" from="nursery"/>
<exclusive-end id="541" timestamp="2025-12-12T03:59:34.257" durationms="10.611" />

<exclusive-start id="542" timestamp="2025-12-12T03:59:34.279" intervalms="32.162">
  <response-info timems="0.033" idlems="0.033" threads="0" lastid="0000000000831900" lastname="Default Executor-thread-1" />
</exclusive-start>
<af-start id="543" threadId="0000000000832378" totalBytesRequested="8200" timestamp="2025-12-12T03:59:34.280" intervalms="31.985" type="nursery" />
<cycle-start id="544" type="scavenge" contextid="0" timestamp="2025-12-12T03:59:34.281" intervalms="32.286" />
<gc-start id="545" type="scavenge" contextid="544" timestamp="2025-12-12T03:59:34.282">
  <mem-info id="546" free="2193608" total="13959168" percent="15">
    <mem type="nursery" free="0" total="6029312" percent="0">
      <mem type="allocate" free="0" total="3473408" percent="0" />
      <mem type="survivor" free="0" total="2555904" percent="0" />
    </mem>
    <mem type="tenure" free="2193608" total="7929856" percent="27">
      <mem type="soa" free="1796296" total="7532544" percent="23" />
      <mem type="loa" free="397312" total="397312" percent="100" />
    </mem>
    <remembered-set count="2498" />
  </mem-info>
</gc-start>
<allocation-stats totalBytes="1754312" discardedBytes="23832" >
  <allocated-bytes non-tlh="16392" tlh="1737920" />
  <largest-consumer threadName="Default Executor-thread-1" threadId="0000000000831900" bytes="1746120" />
</allocation-stats>
<gc-op id="547" type="scavenge" timems="7.411" contextid="544" timestamp="2025-12-12T03:59:34.290">
  <scavenger-info tenureage="3" tenuremask="fff8" tiltratio="57" />
  <memory-copied type="nursery" objects="23823" bytes="860072" bytesdiscarded="15296" />
  <memory-copied type="tenure" objects="23013" bytes="957456" bytesdiscarded="904" />
  <finalization candidates="239" enqueued="0" />
  <ownableSynchronizers candidates="534" cleared="0" />
  <references type="soft" candidates="378" cleared="0" enqueued="0" dynamicThreshold="9" maxThreshold="32" />
  <references type="weak" candidates="161" cleared="0" enqueued="0" />
  <references type="phantom" candidates="2" cleared="0" enqueued="0" />
  <object-monitors candidates="15" cleared="0"  />
</gc-op>
<heap-resize id="548" type="expand" space="nursery" amount="786432" count="1" timems="0.056" reason="excessive time being spent scavenging" timestamp="2025-12-12T03:59:34.291" />
<gc-end id="549" type="scavenge" contextid="544" durationms="10.531" usertimems="18.550" systemtimems="1.105" stalltimems="4.092" timestamp="2025-12-12T03:59:34.292" activeThreads="3">
  <mem-info id="550" free="4425136" total="14745600" percent="30">
    <mem type="nursery" free="3251648" total="6815744" percent="47">
      <mem type="allocate" free="3251648" total="4128768" percent="78" />
      <mem type="survivor" free="0" total="2686976" percent="0" />
    </mem>
    <mem type="tenure" free="1173488" total="7929856" percent="14">
      <mem type="soa" free="776176" total="7532544" percent="10" />
      <mem type="loa" free="397312" total="397312" percent="100" />
    </mem>
    <remembered-set count="978" />
  </mem-info>
</gc-end>
<cycle-end id="551" type="scavenge" contextid="544" timestamp="2025-12-12T03:59:34.293" />
<allocation-satisfied id="552" threadId="0000000000831900" bytesRequested="8200" />
<af-end id="553" timestamp="2025-12-12T03:59:34.294" threadId="0000000000832378" success="true" from="nursery"/>
<exclusive-end id="554" timestamp="2025-12-12T03:59:34.295" durationms="15.895" />

<concurrent-kickoff id="555" timestamp="2025-12-12T03:59:34.351">
  <kickoff reason="threshold reached" targetBytes="2579002" thresholdFreeBytes="357647"  remainingFree="187840" tenureFreeBytes="1173440" nurseryFreeBytes="187840" />
</concurrent-kickoff>
<exclusive-start id="556" timestamp="2025-12-12T03:59:34.352" intervalms="73.342">
  <response-info timems="0.041" idlems="0.041" threads="0" lastid="0000000000831900" lastname="Default Executor-thread-1" />
</exclusive-start>
<cycle-start id="557" type="global" contextid="0" timestamp="2025-12-12T03:59:34.353" intervalms="321.567" />
<concurrent-start id="558" type="global mark" contextid="557" timestamp="2025-12-12T03:59:34.353">
</concurrent-start>
<exclusive-end id="559" timestamp="2025-12-12T03:59:34.354" durationms="2.012" />

<exclusive-start id="560" timestamp="2025-12-12T03:59:34.360" intervalms="7.795">
  <response-info timems="0.062" idlems="0.062" threads="0" lastid="0000000000831900" lastname="Default Executor-thread-1" />
</exclusive-start>
<af-start id="561" threadId="0000000000832378" totalBytesRequested="16392" timestamp="2025-12-12T03:59:34.361" intervalms="81.166" type="nursery" />
<cycle-start id="562" type="scavenge" contextid="0" timestamp="2025-12-12T03:59:34.362" intervalms="81.038" />
<gc-start id="563" type="scavenge" contextid="562" timestamp="2025-12-12T03:59:34.363">
  <mem-info id="564" free="1173440" total="14745600" percent="7">
    <mem type="nursery" free="0" total="6815744" percent="0">
      <mem type="allocate" free="0" total="4128768" percent="0" />
      <mem type="survivor" free="0" total="2686976" percent="0" />
    </mem>
    <mem type="tenure" free="1173440" total="7929856" percent="14">
      <mem type="soa" free="776128" total="7532544" percent="10" />
      <mem type="loa" free="397312" total="397312" percent="100" />
    </mem>
    <remembered-set count="979" />
  </mem-info>
</gc-start>
<allocation-stats totalBytes="3221240" discardedBytes="30456" >
  <allocated-bytes non-tlh="8248" tlh="3212992" />
  <largest-consumer threadName="Default Executor-thread-1" threadId="0000000000831900" bytes="3221240" />
</allocation-stats>
<gc-op id="565" type="scavenge" timems="2.974" contextid="562" timestamp="2025-12-12T03:59:34.367">
  <scavenger-info tenureage="3" tenuremask="7008" tiltratio="60" />
  <memory-copied type="nursery" objects="21845" bytes="807936" bytesdiscarded="54224" />
  <memory-copied type="tenure" objects="10425" bytes="356400" bytesdiscarded="136" />
  <ownableSynchronizers candidates="321" cleared="0" />
  <references type="soft" candidates="9" cleared="0" enqueued="0" dynamicThreshold="9" maxThreshold="32" />
  <references type="weak" candidates="33" cleared="0" enqueued="0" />
  <references type="phantom" candidates="1" cleared="0" enqueued="0" />
  <object-monitors candidates="15" cleared="0"  />
</gc-op>
<gc-end id="566" type="scavenge" contextid="562" durationms="4.633" usertimems="6.889" systemtimems="2.075" stalltimems="3.287" timestamp="2025-12-12T03:59:34.367" activeThreads="4">
  <mem-info id="567" free="4616600" total="14745600" percent="31">
    <mem type="nursery" free="3856344" total="6815744" percent="56">
      <mem type="allocate" free="3856344" total="4718592" percent="81" />
      <mem type="survivor" free="0" total="2097152" percent="0" />
    </mem>
    <mem type="tenure" free="760256" total="7929856" percent="9">
      <mem type="soa" free="362944" total="7532544" percent="4" />
      <mem type="loa" free="397312" total="397312" percent="100" />
    </mem>
    <remembered-set count="330" />
  </mem-info>
</gc-end>
<cycle-end id="568" type="scavenge" contextid="562" timestamp="2025-12-12T03:59:34.368" />
<allocation-satisfied id="569" threadId="0000000000831900" bytesRequested="16392" />
<af-end id="570" timestamp="2025-12-12T03:59:34.369" threadId="0000000000832378" success="true" from="nursery"/>
<exclusive-end id="571" timestamp="2025-12-12T03:59:34.369" durationms="9.225" />

<exclusive-start id="572" timestamp="2025-12-12T03:59:34.432" intervalms="71.514">
  <response-info timems="0.035" idlems="0.035" threads="0" lastid="0000000000831900" lastname="Default Executor-thread-1" />
</exclusive-start>
<af-start id="573" threadId="0000000000832378" totalBytesRequested="8200" timestamp="2025-12-12T03:59:34.435" intervalms="73.916" type="nursery" />
<percolate-collect id="574" from="nursery" to="global" reason="concurrent mark exhausted" timestamp="2025-12-12T03:59:34.435"/>
<concurrent-end id="575" type="global mark" contextid="557" timestamp="2025-12-12T03:59:34.436">
<gc-op id="576" type="trace" timems="78.049" contextid="557" timestamp="2025-12-12T03:59:34.436">
  <trace bytesTraced="3982336" workStackOverflowCount="0" />
  <card-cleaning reason="card cleaning threshold reached" bytesTraced="1224" cardsCleaned="4" />
</gc-op>
</concurrent-end>

<gc-start id="577" type="global" contextid="557" timestamp="2025-12-12T03:59:34.437">
  <mem-info id="578" free="760256" total="14745600" percent="5">
    <mem type="nursery" free="0" total="6815744" percent="0">
      <mem type="allocate" free="0" total="4718592" percent="0" />
      <mem type="survivor" free="0" total="2097152" percent="0" />
    </mem>
    <mem type="tenure" free="760256" total="7929856" percent="9">
      <mem type="soa" free="362944" total="7532544" percent="4" />
      <mem type="loa" free="397312" total="397312" percent="100" />
    </mem>
    <remembered-set count="330" />
  </mem-info>
</gc-start>
<allocation-stats totalBytes="3735472" discardedBytes="120872" >
  <allocated-bytes non-tlh="16392" tlh="3719080" />
  <largest-consumer threadName="Default Executor-thread-1" threadId="0000000000831900" bytes="3735472" />
</allocation-stats>
<concurrent-halted id="579" timestamp="2025-12-12T03:59:34.438">
  <halted state="Complete" status="exhausted" />
  <traced bytesTarget="2579002" bytesTotal="3983560" bytesByMutator="171868" bytesByHelper="3811692" percent="154" />
  <cards cleaned="4" thresholdBytes="140891" />
</concurrent-halted>
<gc-op id="580" type="rs-scan" timems="1.804" contextid="557" timestamp="2025-12-12T03:59:34.440">
  <scan objectsFound="22449" bytesTraced="670768" workStackOverflowCount="0" />
</gc-op>
<gc-op id="581" type="card-cleaning" timems="0.618" contextid="557" timestamp="2025-12-12T03:59:34.441">
  <card-cleaning cardsCleaned="2" bytesTraced="768" workStackOverflowCount="0" />
</gc-op>
<gc-op id="582" type="mark" timems="6.401" contextid="557" timestamp="2025-12-12T03:59:34.448">
  <trace-info objectcount="3661" scancount="1963" scanbytes="53208" />
  <finalization candidates="733" enqueued="0" />
  <ownableSynchronizers candidates="620" cleared="0" />
  <references type="soft" candidates="4482" cleared="0" enqueued="0" dynamicThreshold="9" maxThreshold="32" />
  <references type="weak" candidates="1242" cleared="0" enqueued="0" />
  <references type="phantom" candidates="123" cleared="0" enqueued="0" />
  <stringconstants candidates="12408" cleared="17"  />
  <object-monitors candidates="15" cleared="0"  />
</gc-op>
<gc-op id="583" type="classunload" timems="0.014" contextid="557" timestamp="2025-12-12T03:59:34.449">
  <classunload-info classloadercandidates="31" classloadersunloaded="0" classesunloaded="0" anonymousclassesunloaded="0" quiescems="0.000" setupms="0.013" scanms="0.000" postms="0.000" />
</gc-op>
<gc-op id="584" type="sweep" timems="1.132" contextid="557" timestamp="2025-12-12T03:59:34.450" />
<heap-resize id="585" type="expand" space="tenure" amount="2162688" count="1" timems="0.033" reason="insufficient free space following gc" timestamp="2025-12-12T03:59:34.451" />
<gc-end id="586" type="global" contextid="557" durationms="14.127" usertimems="3.501" systemtimems="17.291" stalltimems="39.804" timestamp="2025-12-12T03:59:34.451" activeThreads="7">
  <mem-info id="587" free="5957592" total="16908288" percent="35">
    <mem type="nursery" free="2899880" total="6815744" percent="42">
      <mem type="allocate" free="2899880" total="4718592" percent="61" />
      <mem type="survivor" free="0" total="2097152" percent="0" />
    </mem>
    <mem type="tenure" free="3057712" total="10092544" percent="30" micro-fragmented="213127" macro-fragmented="0">
      <mem type="soa" free="2552880" total="9587712" percent="26" />
      <mem type="loa" free="504832" total="504832" percent="100" />
    </mem>
    <remembered-set count="330" />
  </mem-info>
</gc-end>
<cycle-end id="588" type="global" contextid="557" timestamp="2025-12-12T03:59:34.452" />
<allocation-satisfied id="589" threadId="0000000000831900" bytesRequested="8200" />
<af-end id="590" timestamp="2025-12-12T03:59:34.452" threadId="0000000000832378" success="true" from="nursery"/>
<exclusive-end id="591" timestamp="2025-12-12T03:59:34.453" durationms="21.350" />

<exclusive-start id="592" timestamp="2025-12-12T03:59:34.495" intervalms="63.794">
  <response-info timems="0.045" idlems="0.045" threads="0" lastid="0000000000831900" lastname="Default Executor-thread-1" />
</exclusive-start>
<af-start id="593" threadId="0000000000832378" totalBytesRequested="16392" timestamp="2025-12-12T03:59:34.499" intervalms="64.017" type="nursery" />
<cycle-start id="594" type="scavenge" contextid="0" timestamp="2025-12-12T03:59:34.499" intervalms="137.815" />
<gc-start id="595" type="scavenge" contextid="594" timestamp="2025-12-12T03:59:34.501">
  <mem-info id="596" free="3061656" total="16908288" percent="18">
    <mem type="nursery" free="3944" total="6815744" percent="0">
      <mem type="allocate" free="3944" total="4718592" percent="0" />
      <mem type="survivor" free="0" total="2097152" percent="0" />
    </mem>
    <mem type="tenure" free="3057712" total="10092544" percent="30">
      <mem type="soa" free="2552880" total="9587712" percent="26" />
      <mem type="loa" free="504832" total="504832" percent="100" />
    </mem>
    <remembered-set count="330" />
  </mem-info>
</gc-start>
<allocation-stats totalBytes="2849528" discardedBytes="34392" >
  <allocated-bytes non-tlh="1175344" tlh="1674184" />
  <largest-consumer threadName="Default Executor-thread-1" threadId="0000000000831900" bytes="2849528" />
</allocation-stats>
<gc-op id="597" type="scavenge" timems="3.669" contextid="594" timestamp="2025-12-12T03:59:34.506">
  <scavenger-info tenureage="3" tenuremask="7008" tiltratio="69" />
  <memory-copied type="nursery" objects="30456" bytes="1060360" bytesdiscarded="106056" />
  <memory-copied type="tenure" objects="8714" bytes="340072" bytesdiscarded="968" />
  <ownableSynchronizers candidates="1233" cleared="1226" />
  <references type="phantom" candidates="1" cleared="0" enqueued="0" />
  <object-monitors candidates="15" cleared="0"  />
</gc-op>
<gc-end id="598" type="scavenge" contextid="594" durationms="5.738" usertimems="10.062" systemtimems="0.000" stalltimems="3.421" timestamp="2025-12-12T03:59:34.506" activeThreads="4">
  <mem-info id="599" free="6285456" total="16908288" percent="37">
    <mem type="nursery" free="3617704" total="6815744" percent="53">
      <mem type="allocate" free="3617704" total="4784128" percent="75" />
      <mem type="survivor" free="0" total="2031616" percent="0" />
    </mem>
    <mem type="tenure" free="2667752" total="10092544" percent="26">
      <mem type="soa" free="2162920" total="9587712" percent="22" />
      <mem type="loa" free="504832" total="504832" percent="100" />
    </mem>
    <remembered-set count="271" />
  </mem-info>
</gc-end>
<cycle-end id="600" type="scavenge" contextid="594" timestamp="2025-12-12T03:59:34.507" />
<allocation-satisfied id="601" threadId="0000000000831900" bytesRequested="16392" />
<af-end id="602" timestamp="2025-12-12T03:59:34.508" threadId="0000000000832378" success="true" from="nursery"/>
<exclusive-end id="603" timestamp="2025-12-12T03:59:34.508" durationms="13.125" />

<exclusive-start id="604" timestamp="2025-12-12T03:59:34.572" intervalms="76.876">
  <response-info timems="0.040" idlems="0.040" threads="0" lastid="0000000000831900" lastname="Default Executor-thread-1" />
</exclusive-start>
<af-start id="605" threadId="0000000000832378" totalBytesRequested="16392" timestamp="2025-12-12T03:59:34.573" intervalms="74.064" type="nursery" />
<cycle-start id="606" type="scavenge" contextid="0" timestamp="2025-12-12T03:59:34.573" intervalms="73.991" />
<gc-start id="607" type="scavenge" contextid="606" timestamp="2025-12-12T03:59:34.574">
  <mem-info id="608" free="2667752" total="16908288" percent="15">
    <mem type="nursery" free="0" total="6815744" percent="0">
      <mem type="allocate" free="0" total="4784128" percent="0" />
      <mem type="survivor" free="0" total="2031616" percent="0" />
    </mem>
    <mem type="tenure" free="2667752" total="10092544" percent="26">
      <mem type="soa" free="2162920" total="9587712" percent="22" />
      <mem type="loa" free="504832" total="504832" percent="100" />
    </mem>
    <remembered-set count="279" />
  </mem-info>
</gc-start>
<allocation-stats totalBytes="3587720" discardedBytes="29984" >
  <allocated-bytes non-tlh="16392" tlh="3571328" />
  <largest-consumer threadName="Default Executor-thread-1" threadId="0000000000831900" bytes="3587720" />
</allocation-stats>
<gc-op id="609" type="scavenge" timems="2.746" contextid="606" timestamp="2025-12-12T03:59:34.577">
  <scavenger-info tenureage="3" tenuremask="7008" tiltratio="70" />
  <memory-copied type="nursery" objects="35245" bytes="1224144" bytesdiscarded="56368" />
  <memory-copied type="tenure" objects="4670" bytes="161528" bytesdiscarded="304" />
  <references type="phantom" candidates="1" cleared="0" enqueued="0" />
  <object-monitors candidates="15" cleared="0"  />
</gc-op>
<heap-resize id="610" type="expand" space="nursery" amount="262144" count="1" timems="0.038" reason="excessive time being spent scavenging" timestamp="2025-12-12T03:59:34.579" />
<gc-end id="611" type="scavenge" contextid="606" durationms="5.542" usertimems="6.334" systemtimems="2.037" stalltimems="2.793" timestamp="2025-12-12T03:59:34.579" activeThreads="4">
  <mem-info id="612" free="6163680" total="17170432" percent="35">
    <mem type="nursery" free="3700216" total="7077888" percent="52">
      <mem type="allocate" free="3700216" total="4980736" percent="74" />
      <mem type="survivor" free="0" total="2097152" percent="0" />
    </mem>
    <mem type="tenure" free="2463464" total="10092544" percent="24">
      <mem type="soa" free="1958632" total="9587712" percent="20" />
      <mem type="loa" free="504832" total="504832" percent="100" />
    </mem>
    <remembered-set count="263" />
  </mem-info>
</gc-end>
<cycle-end id="613" type="scavenge" contextid="606" timestamp="2025-12-12T03:59:34.580" />
<allocation-satisfied id="614" threadId="0000000000831900" bytesRequested="16392" />
<af-end id="615" timestamp="2025-12-12T03:59:34.581" threadId="0000000000832378" success="true" from="nursery"/>
<exclusive-end id="616" timestamp="2025-12-12T03:59:34.581" durationms="8.865" />

<exclusive-start id="617" timestamp="2025-12-12T03:59:34.633" intervalms="60.324">
  <response-info timems="0.048" idlems="0.048" threads="0" lastid="0000000000831900" lastname="Default Executor-thread-1" />
</exclusive-start>
<af-start id="618" threadId="0000000000832378" totalBytesRequested="8200" timestamp="2025-12-12T03:59:34.633" intervalms="60.473" type="nursery" />
<cycle-start id="619" type="scavenge" contextid="0" timestamp="2025-12-12T03:59:34.634" intervalms="60.476" />
<gc-start id="620" type="scavenge" contextid="619" timestamp="2025-12-12T03:59:34.635">
  <mem-info id="621" free="2463464" total="17170432" percent="14">
    <mem type="nursery" free="0" total="7077888" percent="0">
      <mem type="allocate" free="0" total="4980736" percent="0" />
      <mem type="survivor" free="0" total="2097152" percent="0" />
    </mem>
    <mem type="tenure" free="2463464" total="10092544" percent="24">
      <mem type="soa" free="1958632" total="9587712" percent="20" />
      <mem type="loa" free="504832" total="504832" percent="100" />
    </mem>
    <remembered-set count="275" />
  </mem-info>
</gc-start>
<allocation-stats totalBytes="3659032" discardedBytes="41184" >
  <allocated-bytes non-tlh="16392" tlh="3642640" />
  <largest-consumer threadName="Default Executor-thread-1" threadId="0000000000831900" bytes="3659032" />
</allocation-stats>
<gc-op id="622" type="scavenge" timems="4.591" contextid="619" timestamp="2025-12-12T03:59:34.640">
  <scavenger-info tenureage="3" tenuremask="7008" tiltratio="70" />
  <memory-copied type="nursery" objects="36164" bytes="1254376" bytesdiscarded="68376" />
  <memory-copied type="tenure" objects="8446" bytes="294480" bytesdiscarded="128" />
  <references type="phantom" candidates="1" cleared="0" enqueued="0" />
  <object-monitors candidates="15" cleared="0"  />
</gc-op>
<heap-resize id="623" type="expand" space="nursery" amount="393216" count="1" timems="0.047" reason="excessive time being spent scavenging" timestamp="2025-12-12T03:59:34.641" />
<gc-end id="624" type="scavenge" contextid="619" durationms="7.546" usertimems="10.506" systemtimems="3.523" stalltimems="4.444" timestamp="2025-12-12T03:59:34.642" activeThreads="4">
  <mem-info id="625" free="6168760" total="17563648" percent="35">
    <mem type="nursery" free="4116728" total="7471104" percent="55">
      <mem type="allocate" free="4116728" total="5439488" percent="75" />
      <mem type="survivor" free="0" total="2031616" percent="0" />
    </mem>
    <mem type="tenure" free="2052032" total="10092544" percent="20">
      <mem type="soa" free="1547200" total="9587712" percent="16" />
      <mem type="loa" free="504832" total="504832" percent="100" />
    </mem>
    <remembered-set count="306" />
  </mem-info>
</gc-end>
<cycle-end id="626" type="scavenge" contextid="619" timestamp="2025-12-12T03:59:34.643" />
<allocation-satisfied id="627" threadId="0000000000831900" bytesRequested="8200" />
<af-end id="628" timestamp="2025-12-12T03:59:34.644" threadId="0000000000832378" success="true" from="nursery"/>
<exclusive-end id="629" timestamp="2025-12-12T03:59:34.645" durationms="12.645" />

<exclusive-start id="630" timestamp="2025-12-12T03:59:34.711" intervalms="78.088">
  <response-info timems="0.049" idlems="0.049" threads="0" lastid="0000000000831900" lastname="Default Executor-thread-1" />
</exclusive-start>
<af-start id="631" threadId="0000000000832378" totalBytesRequested="8200" timestamp="2025-12-12T03:59:34.711" intervalms="78.164" type="nursery" />
<cycle-start id="632" type="scavenge" contextid="0" timestamp="2025-12-12T03:59:34.712" intervalms="78.272" />
<gc-start id="633" type="scavenge" contextid="632" timestamp="2025-12-12T03:59:34.713">
  <mem-info id="634" free="2050784" total="17563648" percent="11">
    <mem type="nursery" free="0" total="7471104" percent="0">
      <mem type="allocate" free="0" total="5439488" percent="0" />
      <mem type="survivor" free="0" total="2031616" percent="0" />
    </mem>
    <mem type="tenure" free="2050784" total="10092544" percent="20">
      <mem type="soa" free="1545952" total="9587712" percent="16" />
      <mem type="loa" free="504832" total="504832" percent="100" />
    </mem>
    <remembered-set count="388" />
  </mem-info>
</gc-start>
<allocation-stats totalBytes="4057160" discardedBytes="60816" >
  <allocated-bytes non-tlh="9448" tlh="4047712" />
  <largest-consumer threadName="Default Executor-thread-1" threadId="0000000000831900" bytes="4019296" />
</allocation-stats>
<gc-op id="635" type="scavenge" timems="4.147" contextid="632" timestamp="2025-12-12T03:59:34.718">
  <scavenger-info tenureage="3" tenuremask="7008" tiltratio="72" />
  <memory-copied type="nursery" objects="29499" bytes="1028640" bytesdiscarded="35440" />
  <memory-copied type="tenure" objects="17327" bytes="591392" bytesdiscarded="496" />
  <finalization candidates="2" enqueued="2" />
  <ownableSynchronizers candidates="4" cleared="0" />
  <references type="weak" candidates="21" cleared="5" enqueued="5" />
  <references type="phantom" candidates="2" cleared="1" enqueued="1" />
  <object-monitors candidates="17" cleared="0"  />
</gc-op>
<gc-end id="636" type="scavenge" contextid="632" durationms="6.099" usertimems="5.043" systemtimems="5.709" stalltimems="6.897" timestamp="2025-12-12T03:59:34.719" activeThreads="4">
  <mem-info id="637" free="6051536" total="17563648" percent="34">
    <mem type="nursery" free="4571936" total="7471104" percent="61">
      <mem type="allocate" free="4571936" total="5636096" percent="81" />
      <mem type="survivor" free="0" total="1835008" percent="0" />
    </mem>
    <mem type="tenure" free="1479600" total="10092544" percent="14">
      <mem type="soa" free="974768" total="9587712" percent="10" />
      <mem type="loa" free="504832" total="504832" percent="100" />
    </mem>
    <pending-finalizers system="2" default="0" reference="6" classloader="0" />
    <remembered-set count="411" />
  </mem-info>
</gc-end>
<cycle-end id="638" type="scavenge" contextid="632" timestamp="2025-12-12T03:59:34.720" />
<allocation-satisfied id="639" threadId="0000000000831900" bytesRequested="8200" />
<af-end id="640" timestamp="2025-12-12T03:59:34.721" threadId="0000000000832378" success="true" from="nursery"/>
<exclusive-end id="641" timestamp="2025-12-12T03:59:34.722" durationms="11.135" />

<concurrent-kickoff id="642" timestamp="2025-12-12T03:59:34.785">
  <kickoff reason="threshold reached" targetBytes="3602162" thresholdFreeBytes="499174"  remainingFree="455456" tenureFreeBytes="1479600" nurseryFreeBytes="455456" />
</concurrent-kickoff>
<exclusive-start id="643" timestamp="2025-12-12T03:59:34.786" intervalms="75.286">
  <response-info timems="0.040" idlems="0.040" threads="0" lastid="0000000000831900" lastname="Default Executor-thread-1" />
</exclusive-start>
<cycle-start id="644" type="global" contextid="0" timestamp="2025-12-12T03:59:34.786" intervalms="433.407" />
<concurrent-start id="645" type="global mark" contextid="644" timestamp="2025-12-12T03:59:34.786">
</concurrent-start>
<exclusive-end id="646" timestamp="2025-12-12T03:59:34.787" durationms="0.689" />

<exclusive-start id="647" timestamp="2025-12-12T03:59:34.794" intervalms="8.169">
  <response-info timems="0.053" idlems="0.053" threads="0" lastid="0000000000831900" lastname="Default Executor-thread-1" />
</exclusive-start>
<af-start id="648" threadId="0000000000832378" totalBytesRequested="1624" timestamp="2025-12-12T03:59:34.794" intervalms="83.080" type="nursery" />
<cycle-start id="649" type="scavenge" contextid="0" timestamp="2025-12-12T03:59:34.795" intervalms="82.663" />
<gc-start id="650" type="scavenge" contextid="649" timestamp="2025-12-12T03:59:34.795">
  <mem-info id="651" free="1479600" total="17563648" percent="8">
    <mem type="nursery" free="0" total="7471104" percent="0">
      <mem type="allocate" free="0" total="5636096" percent="0" />
      <mem type="survivor" free="0" total="1835008" percent="0" />
    </mem>
    <mem type="tenure" free="1479600" total="10092544" percent="14">
      <mem type="soa" free="974768" total="9587712" percent="10" />
      <mem type="loa" free="504832" total="504832" percent="100" />
    </mem>
    <remembered-set count="515" />
  </mem-info>
</gc-start>
<allocation-stats totalBytes="4546768" discardedBytes="25168" >
  <allocated-bytes non-tlh="8200" tlh="4538568" />
  <largest-consumer threadName="Default Executor-thread-1" threadId="0000000000831900" bytes="4546768" />
</allocation-stats>
<gc-op id="652" type="scavenge" timems="1.857" contextid="649" timestamp="2025-12-12T03:59:34.798">
  <scavenger-info tenureage="2" tenuremask="700c" tiltratio="75" />
  <memory-copied type="nursery" objects="22524" bytes="803904" bytesdiscarded="77736" />
  <memory-copied type="tenure" objects="18827" bytes="662192" bytesdiscarded="808" />
  <ownableSynchronizers candidates="4" cleared="0" />
  <references type="weak" candidates="16" cleared="0" enqueued="0" />
  <references type="phantom" candidates="1" cleared="0" enqueued="0" />
  <object-monitors candidates="17" cleared="0"  />
</gc-op>
<gc-end id="653" type="scavenge" contextid="649" durationms="2.764" usertimems="3.794" systemtimems="1.262" stalltimems="2.425" timestamp="2025-12-12T03:59:34.798" activeThreads="4">
  <mem-info id="654" free="5672368" total="17563648" percent="32">
    <mem type="nursery" free="4885504" total="7471104" percent="65">
      <mem type="allocate" free="4885504" total="5767168" percent="84" />
      <mem type="survivor" free="0" total="1703936" percent="0" />
    </mem>
    <mem type="tenure" free="786864" total="10092544" percent="7">
      <mem type="soa" free="282032" total="9587712" percent="2" />
      <mem type="loa" free="504832" total="504832" percent="100" />
    </mem>
    <remembered-set count="422" />
  </mem-info>
</gc-end>
<cycle-end id="655" type="scavenge" contextid="649" timestamp="2025-12-12T03:59:34.798" />
<allocation-satisfied id="656" threadId="0000000000831900" bytesRequested="1624" />
<af-end id="657" timestamp="2025-12-12T03:59:34.799" threadId="0000000000832378" success="true" from="nursery"/>
<exclusive-end id="658" timestamp="2025-12-12T03:59:34.799" durationms="4.798" />

<concurrent-end id="659" type="global mark" contextid="644" timestamp="2025-12-12T03:59:34.852">
<gc-op id="660" type="trace" timems="65.837" contextid="644" timestamp="2025-12-12T03:59:34.852">
  <trace bytesTraced="4057860" workStackOverflowCount="0" />
  <card-cleaning reason="card cleaning threshold reached" bytesTraced="4496" cardsCleaned="111" />
</gc-op>
</concurrent-end>

<exclusive-start id="661" timestamp="2025-12-12T03:59:34.853" intervalms="59.272">
  <response-info timems="0.045" idlems="0.045" threads="0" lastid="0000000000831900" lastname="Default Executor-thread-1" />
</exclusive-start>
<concurrent-global-final id="662" timestamp="2025-12-12T03:59:34.854" contextid="644" intervalms="813.813" >
  <concurrent-trace-info reason="card cleaning threshold reached" tracedByMutators="6140" tracedByHelpers="4056216" cardsCleaned="111" workStackOverflowCount="0" />
</concurrent-global-final>
<gc-start id="663" type="global" contextid="644" timestamp="2025-12-12T03:59:34.855">
  <mem-info id="664" free="786864" total="17563648" percent="4">
    <mem type="nursery" free="0" total="7471104" percent="0">
      <mem type="allocate" free="0" total="5767168" percent="0" />
      <mem type="survivor" free="0" total="1703936" percent="0" />
    </mem>
    <mem type="tenure" free="786864" total="10092544" percent="7">
      <mem type="soa" free="282032" total="9587712" percent="2" />
      <mem type="loa" free="504832" total="504832" percent="100" />
    </mem>
    <remembered-set count="505" />
  </mem-info>
</gc-start>
<allocation-stats totalBytes="4873872" discardedBytes="11632" >
  <allocated-bytes non-tlh="1624" tlh="4872248" />
  <largest-consumer threadName="Default Executor-thread-1" threadId="0000000000831900" bytes="4873872" />
</allocation-stats>
<gc-op id="665" type="rs-scan" timems="1.022" contextid="644" timestamp="2025-12-12T03:59:34.857">
  <scan objectsFound="120" bytesTraced="28648" workStackOverflowCount="0" />
</gc-op>
<gc-op id="666" type="card-cleaning" timems="1.483" contextid="644" timestamp="2025-12-12T03:59:34.859">
  <card-cleaning cardsCleaned="8" bytesTraced="1969136" workStackOverflowCount="0" />
</gc-op>
<gc-op id="667" type="mark" timems="3.872" contextid="644" timestamp="2025-12-12T03:59:34.863">
  <trace-info objectcount="175" scancount="170" scanbytes="3480" />
  <finalization candidates="733" enqueued="0" />
  <ownableSynchronizers candidates="624" cleared="2" />
  <references type="soft" candidates="4482" cleared="0" enqueued="0" dynamicThreshold="9" maxThreshold="32" />
  <references type="weak" candidates="1258" cleared="0" enqueued="0" />
  <references type="phantom" candidates="123" cleared="0" enqueued="0" />
  <stringconstants candidates="12395" cleared="0"  />
  <object-monitors candidates="17" cleared="0"  />
</gc-op>
<gc-op id="668" type="sweep" timems="1.145" contextid="644" timestamp="2025-12-12T03:59:34.865" />
<heap-resize id="669" type="expand" space="tenure" amount="2883584" count="1" timems="1.015" reason="insufficient free space following gc" timestamp="2025-12-12T03:59:34.866" />
<gc-end id="670" type="global" contextid="644" durationms="12.287" usertimems="23.582" systemtimems="0.000" stalltimems="25.187" timestamp="2025-12-12T03:59:34.867" activeThreads="8">
  <mem-info id="671" free="7563456" total="20447232" percent="36">
    <mem type="nursery" free="3665624" total="7471104" percent="49">
      <mem type="allocate" free="3665624" total="5767168" percent="63" />
      <mem type="survivor" free="0" total="1703936" percent="0" />
    </mem>
    <mem type="tenure" free="3897832" total="12976128" percent="30" micro-fragmented="180215" macro-fragmented="0">
      <mem type="soa" free="3248616" total="12326912" percent="26" />
      <mem type="loa" free="649216" total="649216" percent="100" />
    </mem>
    <remembered-set count="493" />
  </mem-info>
</gc-end>
<cycle-end id="672" type="global" contextid="644" timestamp="2025-12-12T03:59:34.868" />
<exclusive-end id="673" timestamp="2025-12-12T03:59:34.868" durationms="14.819" />

<exclusive-start id="674" timestamp="2025-12-12T03:59:34.908" intervalms="54.552">
  <response-info timems="0.037" idlems="0.037" threads="0" lastid="0000000000831900" lastname="Default Executor-thread-1" />
</exclusive-start>
<af-start id="675" threadId="0000000000832378" totalBytesRequested="48" timestamp="2025-12-12T03:59:34.909" intervalms="114.101" type="nursery" />
<cycle-start id="676" type="scavenge" contextid="0" timestamp="2025-12-12T03:59:34.909" intervalms="114.332" />
<gc-start id="677" type="scavenge" contextid="676" timestamp="2025-12-12T03:59:34.910">
  <mem-info id="678" free="3897832" total="20447232" percent="19">
    <mem type="nursery" free="0" total="7471104" percent="0">
      <mem type="allocate" free="0" total="5767168" percent="0" />
      <mem type="survivor" free="0" total="1703936" percent="0" />
    </mem>
    <mem type="tenure" free="3897832" total="12976128" percent="30">
      <mem type="soa" free="3248616" total="12326912" percent="26" />
      <mem type="loa" free="649216" total="649216" percent="100" />
    </mem>
    <remembered-set count="537" />
  </mem-info>
</gc-start>
<allocation-stats totalBytes="3628592" discardedBytes="21744" >
  <allocated-bytes non-tlh="1456536" tlh="2172056" />
  <largest-consumer threadName="Default Executor-thread-1" threadId="0000000000831900" bytes="3628592" />
</allocation-stats>
<gc-op id="679" type="scavenge" timems="2.127" contextid="676" timestamp="2025-12-12T03:59:34.913">
  <scavenger-info tenureage="2" tenuremask="7004" tiltratio="77" />
  <memory-copied type="nursery" objects="33491" bytes="1191976" bytesdiscarded="90328" />
  <memory-copied type="tenure" objects="10650" bytes="365112" bytesdiscarded="1312" />
  <ownableSynchronizers candidates="1244" cleared="1240" />
  <object-monitors candidates="17" cleared="0"  />
</gc-op>
<gc-end id="680" type="scavenge" contextid="676" durationms="3.855" usertimems="5.127" systemtimems="1.752" stalltimems="1.625" timestamp="2025-12-12T03:59:34.914" activeThreads="4">
  <mem-info id="681" free="7586208" total="20447232" percent="37">
    <mem type="nursery" free="4222720" total="7471104" percent="56">
      <mem type="allocate" free="4222720" total="5505024" percent="76" />
      <mem type="survivor" free="0" total="1966080" percent="0" />
    </mem>
    <mem type="tenure" free="3363488" total="12976128" percent="25">
      <mem type="soa" free="2714272" total="12326912" percent="22" />
      <mem type="loa" free="649216" total="649216" percent="100" />
    </mem>
    <remembered-set count="419" />
  </mem-info>
</gc-end>
<cycle-end id="682" type="scavenge" contextid="676" timestamp="2025-12-12T03:59:34.914" />
<allocation-satisfied id="683" threadId="0000000000831900" bytesRequested="48" />
<af-end id="684" timestamp="2025-12-12T03:59:34.915" threadId="0000000000832378" success="true" from="nursery"/>
<exclusive-end id="685" timestamp="2025-12-12T03:59:34.916" durationms="7.740" />

<exclusive-start id="686" timestamp="2025-12-12T03:59:34.968" intervalms="59.803">
  <response-info timems="0.042" idlems="0.042" threads="0" lastid="0000000000831900" lastname="Default Executor-thread-1" />
</exclusive-start>
<af-start id="687" threadId="0000000000832378" totalBytesRequested="16392" timestamp="2025-12-12T03:59:34.968" intervalms="59.750" type="nursery" />
<cycle-start id="688" type="scavenge" contextid="0" timestamp="2025-12-12T03:59:34.969" intervalms="59.766" />
<gc-start id="689" type="scavenge" contextid="688" timestamp="2025-12-12T03:59:34.970">
  <mem-info id="690" free="3363488" total="20447232" percent="16">
    <mem type="nursery" free="0" total="7471104" percent="0">
      <mem type="allocate" free="0" total="5505024" percent="0" />
      <mem type="survivor" free="0" total="1966080" percent="0" />
    </mem>
    <mem type="tenure" free="3363488" total="12976128" percent="25">
      <mem type="soa" free="2714272" total="12326912" percent="22" />
      <mem type="loa" free="649216" total="649216" percent="100" />
    </mem>
    <remembered-set count="468" />
  </mem-info>
</gc-start>
<allocation-stats totalBytes="4192912" discardedBytes="29808" >
  <allocated-bytes non-tlh="8248" tlh="4184664" />
  <largest-consumer threadName="Default Executor-thread-1" threadId="0000000000831900" bytes="4192912" />
</allocation-stats>
<gc-op id="691" type="scavenge" timems="2.024" contextid="688" timestamp="2025-12-12T03:59:34.974">
  <scavenger-info tenureage="12" tenuremask="7000" tiltratio="73" />
  <memory-copied type="nursery" objects="43902" bytes="1583024" bytesdiscarded="48344" />
  <references type="phantom" candidates="1" cleared="0" enqueued="0" />
  <object-monitors candidates="17" cleared="0"  />
</gc-op>
<heap-resize id="692" type="expand" space="nursery" amount="393216" count="1" timems="0.033" reason="excessive time being spent scavenging" timestamp="2025-12-12T03:59:34.974" />
<gc-end id="693" type="scavenge" contextid="688" durationms="4.925" usertimems="1.809" systemtimems="4.677" stalltimems="1.705" timestamp="2025-12-12T03:59:34.975" activeThreads="4">
  <mem-info id="694" free="7106064" total="20840448" percent="34">
    <mem type="nursery" free="3742576" total="7864320" percent="47">
      <mem type="allocate" free="3742576" total="5373952" percent="69" />
      <mem type="survivor" free="0" total="2490368" percent="0" />
    </mem>
    <mem type="tenure" free="3363488" total="12976128" percent="25">
      <mem type="soa" free="2714272" total="12326912" percent="22" />
      <mem type="loa" free="649216" total="649216" percent="100" />
    </mem>
    <remembered-set count="468" />
  </mem-info>
</gc-end>
<cycle-end id="695" type="scavenge" contextid="688" timestamp="2025-12-12T03:59:34.975" />
<allocation-satisfied id="696" threadId="0000000000831900" bytesRequested="16392" />
<af-end id="697" timestamp="2025-12-12T03:59:34.977" threadId="0000000000832378" success="true" from="nursery"/>
<exclusive-end id="698" timestamp="2025-12-12T03:59:34.977" durationms="9.373" />

<exclusive-start id="699" timestamp="2025-12-12T03:59:35.015" intervalms="47.401">
  <response-info timems="0.037" idlems="0.037" threads="0" lastid="0000000000831900" lastname="Default Executor-thread-1" />
</exclusive-start>
<af-start id="700" threadId="0000000000832378" totalBytesRequested="16392" timestamp="2025-12-12T03:59:35.016" intervalms="47.471" type="nursery" />
<cycle-start id="701" type="scavenge" contextid="0" timestamp="2025-12-12T03:59:35.016" intervalms="47.465" />
<gc-start id="702" type="scavenge" contextid="701" timestamp="2025-12-12T03:59:35.017">
  <mem-info id="703" free="3363488" total="20840448" percent="16">
    <mem type="nursery" free="0" total="7864320" percent="0">
      <mem type="allocate" free="0" total="5373952" percent="0" />
      <mem type="survivor" free="0" total="2490368" percent="0" />
    </mem>
    <mem type="tenure" free="3363488" total="12976128" percent="25">
      <mem type="soa" free="2714272" total="12326912" percent="22" />
      <mem type="loa" free="649216" total="649216" percent="100" />
    </mem>
    <remembered-set count="524" />
  </mem-info>
</gc-start>
<allocation-stats totalBytes="3717936" discardedBytes="24640" >
  <allocated-bytes non-tlh="16392" tlh="3701544" />
  <largest-consumer threadName="Default Executor-thread-1" threadId="0000000000831900" bytes="3717936" />
</allocation-stats>
<gc-op id="704" type="scavenge" timems="3.199" contextid="701" timestamp="2025-12-12T03:59:35.021">
  <scavenger-info tenureage="2" tenuremask="700c" tiltratio="68" />
  <memory-copied type="nursery" objects="19551" bytes="727008" bytesdiscarded="163616" />
  <memory-copied type="tenure" objects="33489" bytes="1191904" bytesdiscarded="992" />
  <references type="phantom" candidates="1" cleared="0" enqueued="0" />
  <object-monitors candidates="17" cleared="0"  />
</gc-op>
<heap-resize id="705" type="expand" space="nursery" amount="393216" count="1" timems="0.032" reason="excessive time being spent scavenging" timestamp="2025-12-12T03:59:35.022" />
<gc-end id="706" type="scavenge" contextid="701" durationms="5.280" usertimems="2.716" systemtimems="6.232" stalltimems="4.397" timestamp="2025-12-12T03:59:35.022" activeThreads="4">
  <mem-info id="707" free="7077384" total="21233664" percent="33">
    <mem type="nursery" free="4942072" total="8257536" percent="59">
      <mem type="allocate" free="4942072" total="5832704" percent="84" />
      <mem type="survivor" free="0" total="2424832" percent="0" />
    </mem>
    <mem type="tenure" free="2135312" total="12976128" percent="16">
      <mem type="soa" free="1486096" total="12326912" percent="12" />
      <mem type="loa" free="649216" total="649216" percent="100" />
    </mem>
    <remembered-set count="377" />
  </mem-info>
</gc-end>
<cycle-end id="708" type="scavenge" contextid="701" timestamp="2025-12-12T03:59:35.023" />
<allocation-satisfied id="709" threadId="0000000000831900" bytesRequested="16392" />
<af-end id="710" timestamp="2025-12-12T03:59:35.024" threadId="0000000000832378" success="true" from="nursery"/>
<exclusive-end id="711" timestamp="2025-12-12T03:59:35.024" durationms="9.007" />

<concurrent-kickoff id="712" timestamp="2025-12-12T03:59:35.068">
  <kickoff reason="threshold reached" targetBytes="4741214" thresholdFreeBytes="656959"  remainingFree="395512" tenureFreeBytes="2135312" nurseryFreeBytes="395512" />
</concurrent-kickoff>
<exclusive-start id="713" timestamp="2025-12-12T03:59:35.071" intervalms="55.717">
  <response-info timems="0.047" idlems="0.047" threads="0" lastid="0000000000831900" lastname="Default Executor-thread-1" />
</exclusive-start>
<cycle-start id="714" type="global" contextid="0" timestamp="2025-12-12T03:59:35.071" intervalms="285.132" />
<concurrent-start id="715" type="global mark" contextid="714" timestamp="2025-12-12T03:59:35.072">
</concurrent-start>
<exclusive-end id="716" timestamp="2025-12-12T03:59:35.072" durationms="1.552" />

<exclusive-start id="717" timestamp="2025-12-12T03:59:35.080" intervalms="9.119">
  <response-info timems="0.041" idlems="0.041" threads="0" lastid="0000000000831900" lastname="Default Executor-thread-1" />
</exclusive-start>
<af-start id="718" threadId="0000000000832378" totalBytesRequested="8200" timestamp="2025-12-12T03:59:35.080" intervalms="64.724" type="nursery" />
<cycle-start id="719" type="scavenge" contextid="0" timestamp="2025-12-12T03:59:35.081" intervalms="64.619" />
<gc-start id="720" type="scavenge" contextid="719" timestamp="2025-12-12T03:59:35.081">
  <mem-info id="721" free="2135312" total="21233664" percent="10">
    <mem type="nursery" free="0" total="8257536" percent="0">
      <mem type="allocate" free="0" total="5832704" percent="0" />
      <mem type="survivor" free="0" total="2424832" percent="0" />
    </mem>
    <mem type="tenure" free="2135312" total="12976128" percent="16">
      <mem type="soa" free="1486096" total="12326912" percent="12" />
      <mem type="loa" free="649216" total="649216" percent="100" />
    </mem>
    <remembered-set count="482" />
  </mem-info>
</gc-start>
<allocation-stats totalBytes="4911976" discardedBytes="30096" >
  <allocated-bytes non-tlh="16392" tlh="4895584" />
  <largest-consumer threadName="Default Executor-thread-1" threadId="0000000000831900" bytes="4911976" />
</allocation-stats>
<gc-op id="722" type="scavenge" timems="2.837" contextid="719" timestamp="2025-12-12T03:59:35.085">
  <scavenger-info tenureage="12" tenuremask="7000" tiltratio="70" />
  <memory-copied type="nursery" objects="32068" bytes="1164448" bytesdiscarded="32904" />
  <references type="phantom" candidates="1" cleared="0" enqueued="0" />
  <object-monitors candidates="17" cleared="0"  />
</gc-op>
<gc-end id="723" type="scavenge" contextid="719" durationms="4.135" usertimems="7.226" systemtimems="0.000" stalltimems="4.073" timestamp="2025-12-12T03:59:35.086" activeThreads="4">
  <mem-info id="724" free="6967264" total="21233664" percent="32">
    <mem type="nursery" free="4831952" total="8257536" percent="58">
      <mem type="allocate" free="4831952" total="6029312" percent="80" />
      <mem type="survivor" free="0" total="2228224" percent="0" />
    </mem>
    <mem type="tenure" free="2135312" total="12976128" percent="16">
      <mem type="soa" free="1486096" total="12326912" percent="12" />
      <mem type="loa" free="649216" total="649216" percent="100" />
    </mem>
    <remembered-set count="482" />
  </mem-info>
</gc-end>
<cycle-end id="725" type="scavenge" contextid="719" timestamp="2025-12-12T03:59:35.086" />
<allocation-satisfied id="726" threadId="0000000000831900" bytesRequested="8200" />
<af-end id="727" timestamp="2025-12-12T03:59:35.087" threadId="0000000000832378" success="true" from="nursery"/>
<exclusive-end id="728" timestamp="2025-12-12T03:59:35.087" durationms="7.516" />

<exclusive-start id="729" timestamp="2025-12-12T03:59:35.152" intervalms="71.613">
  <response-info timems="0.037" idlems="0.037" threads="0" lastid="0000000000831900" lastname="Default Executor-thread-1" />
</exclusive-start>
<af-start id="730" threadId="0000000000832378" totalBytesRequested="3312" timestamp="2025-12-12T03:59:35.152" intervalms="71.654" type="nursery" />
<percolate-collect id="731" from="nursery" to="global" reason="concurrent mark exhausted" timestamp="2025-12-12T03:59:35.153"/>
<concurrent-end id="732" type="global mark" contextid="714" timestamp="2025-12-12T03:59:35.153">
<gc-op id="733" type="trace" timems="79.511" contextid="714" timestamp="2025-12-12T03:59:35.153">
  <trace bytesTraced="6239612" workStackOverflowCount="0" />
  <card-cleaning reason="card cleaning threshold reached" bytesTraced="16656" cardsCleaned="90" />
</gc-op>
</concurrent-end>

<gc-start id="734" type="global" contextid="714" timestamp="2025-12-12T03:59:35.154">
  <mem-info id="735" free="2135016" total="21233664" percent="10">
    <mem type="nursery" free="0" total="8257536" percent="0">
      <mem type="allocate" free="0" total="6029312" percent="0" />
      <mem type="survivor" free="0" total="2228224" percent="0" />
    </mem>
    <mem type="tenure" free="2135016" total="12976128" percent="16">
      <mem type="soa" free="1485800" total="12326912" percent="12" />
      <mem type="loa" free="649216" total="649216" percent="100" />
    </mem>
    <remembered-set count="578" />
  </mem-info>
</gc-start>
<allocation-stats totalBytes="4780176" discardedBytes="52072" >
  <allocated-bytes non-tlh="8496" tlh="4771680" />
  <largest-consumer threadName="Default Executor-thread-1" threadId="0000000000831900" bytes="4780176" />
</allocation-stats>
<concurrent-halted id="736" timestamp="2025-12-12T03:59:35.155">
  <halted state="Complete" status="exhausted" />
  <traced bytesTarget="4741214" bytesTotal="6256268" bytesByMutator="2454456" bytesByHelper="3801812" percent="131" />
  <cards cleaned="90" thresholdBytes="258801" />
</concurrent-halted>
<gc-op id="737" type="rs-scan" timems="2.176" contextid="714" timestamp="2025-12-12T03:59:35.158">
  <scan objectsFound="22441" bytesTraced="653936" workStackOverflowCount="0" />
</gc-op>
<gc-op id="738" type="card-cleaning" timems="1.058" contextid="714" timestamp="2025-12-12T03:59:35.160">
  <card-cleaning cardsCleaned="9" bytesTraced="369592" workStackOverflowCount="0" />
</gc-op>
<gc-op id="739" type="mark" timems="5.076" contextid="714" timestamp="2025-12-12T03:59:35.165">
  <trace-info objectcount="222" scancount="200" scanbytes="4144" />
  <finalization candidates="733" enqueued="0" />
  <ownableSynchronizers candidates="622" cleared="0" />
  <references type="soft" candidates="4482" cleared="0" enqueued="0" dynamicThreshold="9" maxThreshold="32" />
  <references type="weak" candidates="1258" cleared="0" enqueued="0" />
  <references type="phantom" candidates="123" cleared="0" enqueued="0" />
  <stringconstants candidates="12400" cleared="0"  />
  <object-monitors candidates="17" cleared="0"  />
</gc-op>
<gc-op id="740" type="sweep" timems="1.277" contextid="714" timestamp="2025-12-12T03:59:35.167" />
<heap-resize id="741" type="expand" space="tenure" amount="2228224" count="1" timems="1.033" reason="insufficient free space following gc" timestamp="2025-12-12T03:59:35.168" />
<gc-end id="742" type="global" contextid="714" durationms="14.725" usertimems="23.308" systemtimems="5.176" stalltimems="45.511" timestamp="2025-12-12T03:59:35.169" activeThreads="10">
  <mem-info id="743" free="8142384" total="23461888" percent="34">
    <mem type="nursery" free="3575960" total="8257536" percent="43">
      <mem type="allocate" free="3575960" total="6029312" percent="59" />
      <mem type="survivor" free="0" total="2228224" percent="0" />
    </mem>
    <mem type="tenure" free="4566424" total="15204352" percent="30" micro-fragmented="174819" macro-fragmented="0">
      <mem type="soa" free="3805592" total="14443520" percent="26" />
      <mem type="loa" free="760832" total="760832" percent="100" />
    </mem>
    <remembered-set count="578" />
  </mem-info>
</gc-end>
<cycle-end id="744" type="global" contextid="714" timestamp="2025-12-12T03:59:35.170" />
<allocation-satisfied id="745" threadId="0000000000831900" bytesRequested="3312" />
<af-end id="746" timestamp="2025-12-12T03:59:35.171" threadId="0000000000832378" success="true" from="nursery"/>
<exclusive-end id="747" timestamp="2025-12-12T03:59:35.171" durationms="19.722" />

<exclusive-start id="748" timestamp="2025-12-12T03:59:35.215" intervalms="63.431">
  <response-info timems="0.045" idlems="0.045" threads="0" lastid="0000000000831900" lastname="Default Executor-thread-1" />
</exclusive-start>
<af-start id="749" threadId="0000000000832378" totalBytesRequested="7848" timestamp="2025-12-12T03:59:35.216" intervalms="63.474" type="nursery" />
<cycle-start id="750" type="scavenge" contextid="0" timestamp="2025-12-12T03:59:35.216" intervalms="135.247" />
<gc-start id="751" type="scavenge" contextid="750" timestamp="2025-12-12T03:59:35.217">
  <mem-info id="752" free="4535880" total="23461888" percent="19">
    <mem type="nursery" free="0" total="8257536" percent="0">
      <mem type="allocate" free="0" total="6029312" percent="0" />
      <mem type="survivor" free="0" total="2228224" percent="0" />
    </mem>
    <mem type="tenure" free="4535880" total="15204352" percent="29">
      <mem type="soa" free="3775048" total="14443520" percent="26" />
      <mem type="loa" free="760832" total="760832" percent="100" />
    </mem>
    <remembered-set count="1085" />
  </mem-info>
</gc-start>
<allocation-stats totalBytes="3561800" discardedBytes="33144" >
  <allocated-bytes non-tlh="1026000" tlh="2535800" />
  <largest-consumer threadName="Default Executor-thread-1" threadId="0000000000831900" bytes="3553056" />
</allocation-stats>
<gc-op id="753" type="scavenge" timems="2.829" contextid="750" timestamp="2025-12-12T03:59:35.221">
  <scavenger-info tenureage="3" tenuremask="7008" tiltratio="73" />
  <memory-copied type="nursery" objects="44905" bytes="1600344" bytesdiscarded="34352" />
  <memory-copied type="tenure" objects="10401" bytes="382496" bytesdiscarded="1496" />
  <finalization candidates="4" enqueued="4" />
  <ownableSynchronizers candidates="1248" cleared="1244" />
  <references type="soft" candidates="7" cleared="0" enqueued="0" dynamicThreshold="9" maxThreshold="32" />
  <references type="weak" candidates="70" cleared="40" enqueued="39" />
  <references type="phantom" candidates="2" cleared="1" enqueued="1" />
  <object-monitors candidates="19" cleared="0"  />
</gc-op>
<gc-end id="754" type="scavenge" contextid="750" durationms="4.628" usertimems="1.881" systemtimems="5.975" stalltimems="3.823" timestamp="2025-12-12T03:59:35.221" activeThreads="4">
  <mem-info id="755" free="8176040" total="23461888" percent="34">
    <mem type="nursery" free="4132288" total="8257536" percent="50">
      <mem type="allocate" free="4132288" total="5767168" percent="71" />
      <mem type="survivor" free="0" total="2490368" percent="0" />
    </mem>
    <mem type="tenure" free="4043752" total="15204352" percent="26">
      <mem type="soa" free="3282920" total="14443520" percent="22" />
      <mem type="loa" free="760832" total="760832" percent="100" />
    </mem>
    <pending-finalizers system="4" default="0" reference="40" classloader="0" />
    <remembered-set count="923" />
  </mem-info>
</gc-end>
<cycle-end id="756" type="scavenge" contextid="750" timestamp="2025-12-12T03:59:35.222" />
<allocation-satisfied id="757" threadId="0000000000831900" bytesRequested="7848" />
<af-end id="758" timestamp="2025-12-12T03:59:35.223" threadId="0000000000832378" success="true" from="nursery"/>
<exclusive-end id="759" timestamp="2025-12-12T03:59:35.224" durationms="8.648" />

<exclusive-start id="760" timestamp="2025-12-12T03:59:35.267" intervalms="51.765">
  <response-info timems="0.046" idlems="0.046" threads="0" lastid="0000000000831900" lastname="Default Executor-thread-1" />
</exclusive-start>
<af-start id="761" threadId="0000000000832378" totalBytesRequested="24" timestamp="2025-12-12T03:59:35.267" intervalms="51.816" type="nursery" />
<cycle-start id="762" type="scavenge" contextid="0" timestamp="2025-12-12T03:59:35.268" intervalms="51.815" />
<gc-start id="763" type="scavenge" contextid="762" timestamp="2025-12-12T03:59:35.269">
  <mem-info id="764" free="4043296" total="23461888" percent="17">
    <mem type="nursery" free="0" total="8257536" percent="0">
      <mem type="allocate" free="0" total="5767168" percent="0" />
      <mem type="survivor" free="0" total="2490368" percent="0" />
    </mem>
    <mem type="tenure" free="4043296" total="15204352" percent="26">
      <mem type="soa" free="3282464" total="14443520" percent="22" />
      <mem type="loa" free="760832" total="760832" percent="100" />
    </mem>
    <remembered-set count="1001" />
  </mem-info>
</gc-start>
<allocation-stats totalBytes="4132640" discardedBytes="104" >
  <allocated-bytes non-tlh="8304" tlh="4124336" />
  <largest-consumer threadName="Default Executor-thread-1" threadId="0000000000831900" bytes="4132640" />
</allocation-stats>
<gc-op id="765" type="scavenge" timems="2.124" contextid="762" timestamp="2025-12-12T03:59:35.272">
  <scavenger-info tenureage="2" tenuremask="700c" tiltratio="69" />
  <memory-copied type="nursery" objects="34533" bytes="1142952" bytesdiscarded="51920" />
  <memory-copied type="tenure" objects="21640" bytes="780656" bytesdiscarded="288" />
  <ownableSynchronizers candidates="4" cleared="0" />
  <references type="soft" candidates="7" cleared="0" enqueued="0" dynamicThreshold="9" maxThreshold="32" />
  <references type="weak" candidates="32" cleared="2" enqueued="2" />
  <object-monitors candidates="19" cleared="0"  />
</gc-op>
<heap-resize id="766" type="expand" space="nursery" amount="393216" count="1" timems="0.041" reason="excessive time being spent scavenging" timestamp="2025-12-12T03:59:35.272" />
<gc-end id="767" type="scavenge" contextid="762" durationms="4.177" usertimems="6.911" systemtimems="0.000" stalltimems="1.631" timestamp="2025-12-12T03:59:35.273" activeThreads="4">
  <mem-info id="768" free="8123248" total="23855104" percent="34">
    <mem type="nursery" free="4899936" total="8650752" percent="56">
      <mem type="allocate" free="4899936" total="6094848" percent="80" />
      <mem type="survivor" free="0" total="2555904" percent="0" />
    </mem>
    <mem type="tenure" free="3223312" total="15204352" percent="21">
      <mem type="soa" free="2462480" total="14443520" percent="17" />
      <mem type="loa" free="760832" total="760832" percent="100" />
    </mem>
    <pending-finalizers system="0" default="0" reference="2" classloader="0" />
    <remembered-set count="858" />
  </mem-info>
</gc-end>
<cycle-end id="769" type="scavenge" contextid="762" timestamp="2025-12-12T03:59:35.273" />
<allocation-satisfied id="770" threadId="0000000000831900" bytesRequested="24" />
<af-end id="771" timestamp="2025-12-12T03:59:35.275" threadId="0000000000832378" success="true" from="nursery"/>
<exclusive-end id="772" timestamp="2025-12-12T03:59:35.275" durationms="8.331" />

<exclusive-start id="773" timestamp="2025-12-12T03:59:35.299" intervalms="32.628">
  <response-info timems="0.045" idlems="0.045" threads="0" lastid="0000000000831900" lastname="Default Executor-thread-1" />
</exclusive-start>
<af-start id="774" threadId="0000000000832378" totalBytesRequested="24" timestamp="2025-12-12T03:59:35.300" intervalms="32.623" type="nursery" />
<cycle-start id="775" type="scavenge" contextid="0" timestamp="2025-12-12T03:59:35.301" intervalms="32.649" />
<gc-start id="776" type="scavenge" contextid="775" timestamp="2025-12-12T03:59:35.301">
  <mem-info id="777" free="3223312" total="23855104" percent="13">
    <mem type="nursery" free="0" total="8650752" percent="0">
      <mem type="allocate" free="0" total="6094848" percent="0" />
      <mem type="survivor" free="0" total="2555904" percent="0" />
    </mem>
    <mem type="tenure" free="3223312" total="15204352" percent="21">
      <mem type="soa" free="2462480" total="14443520" percent="17" />
      <mem type="loa" free="760832" total="760832" percent="100" />
    </mem>
    <remembered-set count="860" />
  </mem-info>
</gc-start>
<allocation-stats totalBytes="4899656" discardedBytes="280" >
  <allocated-bytes non-tlh="24" tlh="4899632" />
  <largest-consumer threadName="Default Executor-thread-1" threadId="0000000000831900" bytes="4899656" />
</allocation-stats>
<gc-op id="778" type="scavenge" timems="2.161" contextid="775" timestamp="2025-12-12T03:59:35.304">
  <scavenger-info tenureage="2" tenuremask="7004" tiltratio="70" />
  <memory-copied type="nursery" objects="12965" bytes="400792" bytesdiscarded="131432" />
  <memory-copied type="tenure" objects="23047" bytes="803208" bytesdiscarded="568" />
  <ownableSynchronizers candidates="4" cleared="0" />
  <references type="weak" candidates="1" cleared="0" enqueued="0" />
  <object-monitors candidates="19" cleared="0"  />
</gc-op>
<heap-resize id="779" type="expand" space="nursery" amount="524288" count="1" timems="0.040" reason="excessive time being spent scavenging" timestamp="2025-12-12T03:59:35.305" />
<gc-end id="780" type="scavenge" contextid="775" durationms="4.103" usertimems="1.712" systemtimems="4.625" stalltimems="1.959" timestamp="2025-12-12T03:59:35.305" activeThreads="4">
  <mem-info id="781" free="8674520" total="24379392" percent="35">
    <mem type="nursery" free="6283520" total="9175040" percent="68">
      <mem type="allocate" free="6283520" total="6815744" percent="92" />
      <mem type="survivor" free="0" total="2359296" percent="0" />
    </mem>
    <mem type="tenure" free="2391000" total="15204352" percent="15">
      <mem type="soa" free="1630168" total="14443520" percent="11" />
      <mem type="loa" free="760832" total="760832" percent="100" />
    </mem>
    <remembered-set count="385" />
  </mem-info>
</gc-end>
<cycle-end id="782" type="scavenge" contextid="775" timestamp="2025-12-12T03:59:35.306" />
<allocation-satisfied id="783" threadId="0000000000831900" bytesRequested="24" />
<af-end id="784" timestamp="2025-12-12T03:59:35.307" threadId="0000000000832378" success="true" from="nursery"/>
<exclusive-end id="785" timestamp="2025-12-12T03:59:35.307" durationms="8.082" />

<concurrent-kickoff id="786" timestamp="2025-12-12T03:59:35.325">
  <kickoff reason="threshold reached" targetBytes="5896094" thresholdFreeBytes="816811"  remainingFree="692480" tenureFreeBytes="2390800" nurseryFreeBytes="692480" />
</concurrent-kickoff>
<exclusive-start id="787" timestamp="2025-12-12T03:59:35.326" intervalms="27.069">
  <response-info timems="0.092" idlems="0.092" threads="0" lastid="0000000000831900" lastname="Default Executor-thread-1" />
</exclusive-start>
<cycle-start id="788" type="global" contextid="0" timestamp="2025-12-12T03:59:35.327" intervalms="255.692" />
<concurrent-start id="789" type="global mark" contextid="788" timestamp="2025-12-12T03:59:35.328">
</concurrent-start>
<exclusive-end id="790" timestamp="2025-12-12T03:59:35.328" durationms="1.587" />

<exclusive-start id="791" timestamp="2025-12-12T03:59:35.332" intervalms="5.523">
  <response-info timems="0.039" idlems="0.039" threads="0" lastid="0000000000831900" lastname="Default Executor-thread-1" />
</exclusive-start>
<af-start id="792" threadId="0000000000832378" totalBytesRequested="152" timestamp="2025-12-12T03:59:35.333" intervalms="32.607" type="nursery" />
<cycle-start id="793" type="scavenge" contextid="0" timestamp="2025-12-12T03:59:35.333" intervalms="32.593" />
<gc-start id="794" type="scavenge" contextid="793" timestamp="2025-12-12T03:59:35.334">
  <mem-info id="795" free="2390800" total="24379392" percent="9">
    <mem type="nursery" free="0" total="9175040" percent="0">
      <mem type="allocate" free="0" total="6815744" percent="0" />
      <mem type="survivor" free="0" total="2359296" percent="0" />
    </mem>
    <mem type="tenure" free="2390800" total="15204352" percent="15">
      <mem type="soa" free="1629968" total="14443520" percent="11" />
      <mem type="loa" free="760832" total="760832" percent="100" />
    </mem>
    <remembered-set count="405" />
  </mem-info>
</gc-start>
<allocation-stats totalBytes="6283288" discardedBytes="432" >
  <allocated-bytes non-tlh="224" tlh="6283064" />
  <largest-consumer threadName="Default Executor-thread-1" threadId="0000000000831900" bytes="6283288" />
</allocation-stats>
<gc-op id="796" type="scavenge" timems="2.049" contextid="793" timestamp="2025-12-12T03:59:35.337">
  <scavenger-info tenureage="2" tenuremask="6004" tiltratio="74" />
  <memory-copied type="nursery" objects="3478" bytes="126792" bytesdiscarded="31416" />
  <memory-copied type="tenure" objects="11292" bytes="332680" bytesdiscarded="280" />
  <object-monitors candidates="19" cleared="0"  />
</gc-op>
<heap-resize id="797" type="expand" space="nursery" amount="524288" count="1" timems="0.032" reason="excessive time being spent scavenging" timestamp="2025-12-12T03:59:35.338" />
<gc-end id="798" type="scavenge" contextid="793" durationms="4.281" usertimems="4.509" systemtimems="0.000" stalltimems="2.905" timestamp="2025-12-12T03:59:35.338" activeThreads="4">
  <mem-info id="799" free="9517840" total="24903680" percent="38">
    <mem type="nursery" free="7509504" total="9699328" percent="77">
      <mem type="allocate" free="7509504" total="7667712" percent="97" />
      <mem type="survivor" free="0" total="2031616" percent="0" />
    </mem>
    <mem type="tenure" free="2008336" total="15204352" percent="13">
      <mem type="soa" free="1247504" total="14443520" percent="8" />
      <mem type="loa" free="760832" total="760832" percent="100" />
    </mem>
    <remembered-set count="314" />
  </mem-info>
</gc-end>
<cycle-end id="800" type="scavenge" contextid="793" timestamp="2025-12-12T03:59:35.339" />
<allocation-satisfied id="801" threadId="0000000000831900" bytesRequested="152" />
<af-end id="802" timestamp="2025-12-12T03:59:35.343" threadId="0000000000832378" success="true" from="nursery"/>
<exclusive-end id="803" timestamp="2025-12-12T03:59:35.344" durationms="11.561" />

<concurrent-end id="804" type="global mark" contextid="788" timestamp="2025-12-12T03:59:35.378">
<gc-op id="805" type="trace" timems="50.301" contextid="788" timestamp="2025-12-12T03:59:35.378">
  <trace bytesTraced="7658572" workStackOverflowCount="0" />
  <card-cleaning reason="card cleaning threshold reached" bytesTraced="39984" cardsCleaned="88" />
</gc-op>
</concurrent-end>

<exclusive-start id="806" timestamp="2025-12-12T03:59:35.379" intervalms="47.061">
  <response-info timems="0.039" idlems="0.039" threads="0" lastid="0000000000831900" lastname="Default Executor-thread-1" />
</exclusive-start>
<concurrent-global-final id="807" timestamp="2025-12-12T03:59:35.380" contextid="788" intervalms="525.794" >
  <concurrent-trace-info reason="card cleaning threshold reached" tracedByMutators="2814424" tracedByHelpers="4884132" cardsCleaned="88" workStackOverflowCount="0" />
</concurrent-global-final>
<gc-start id="808" type="global" contextid="788" timestamp="2025-12-12T03:59:35.380">
  <mem-info id="809" free="2007824" total="24903680" percent="8">
    <mem type="nursery" free="0" total="9699328" percent="0">
      <mem type="allocate" free="0" total="7667712" percent="0" />
      <mem type="survivor" free="0" total="2031616" percent="0" />
    </mem>
    <mem type="tenure" free="2007824" total="15204352" percent="13">
      <mem type="soa" free="1246992" total="14443520" percent="8" />
      <mem type="loa" free="760832" total="760832" percent="100" />
    </mem>
    <remembered-set count="389" />
  </mem-info>
</gc-start>
<allocation-stats totalBytes="7509504" discardedBytes="512" >
  <allocated-bytes non-tlh="664" tlh="7508840" />
  <largest-consumer threadName="Default Executor-thread-1" threadId="0000000000831900" bytes="7509504" />
</allocation-stats>
<gc-op id="810" type="rs-scan" timems="1.631" contextid="788" timestamp="2025-12-12T03:59:35.383">
  <scan objectsFound="3066" bytesTraced="108856" workStackOverflowCount="0" />
</gc-op>
<gc-op id="811" type="card-cleaning" timems="1.096" contextid="788" timestamp="2025-12-12T03:59:35.385">
  <card-cleaning cardsCleaned="12" bytesTraced="14900" workStackOverflowCount="0" />
</gc-op>
<gc-op id="812" type="mark" timems="5.740" contextid="788" timestamp="2025-12-12T03:59:35.391">
  <trace-info objectcount="396" scancount="392" scanbytes="11540" />
  <finalization candidates="733" enqueued="0" />
  <ownableSynchronizers candidates="626" cleared="2" />
  <references type="soft" candidates="4488" cleared="0" enqueued="0" dynamicThreshold="9" maxThreshold="32" />
  <references type="weak" candidates="1292" cleared="3" enqueued="3" />
  <references type="phantom" candidates="122" cleared="0" enqueued="0" />
  <stringconstants candidates="12657" cleared="0"  />
  <object-monitors candidates="19" cleared="0"  />
</gc-op>
<gc-op id="813" type="sweep" timems="2.221" contextid="788" timestamp="2025-12-12T03:59:35.394" />
<heap-resize id="814" type="expand" space="tenure" amount="3145728" count="1" timems="0.048" reason="insufficient free space following gc" timestamp="2025-12-12T03:59:35.394" />
<gc-end id="815" type="global" contextid="788" durationms="14.513" usertimems="26.133" systemtimems="2.503" stalltimems="58.622" timestamp="2025-12-12T03:59:35.395" activeThreads="11">
  <mem-info id="816" free="12982496" total="28049408" percent="46">
    <mem type="nursery" free="7454288" total="9699328" percent="76">
      <mem type="allocate" free="7454288" total="7667712" percent="97" />
      <mem type="survivor" free="0" total="2031616" percent="0" />
    </mem>
    <mem type="tenure" free="5528208" total="18350080" percent="30" micro-fragmented="217057" macro-fragmented="0">
      <mem type="soa" free="4610704" total="17432576" percent="26" />
      <mem type="loa" free="917504" total="917504" percent="100" />
    </mem>
    <pending-finalizers system="0" default="0" reference="3" classloader="0" />
    <remembered-set count="385" />
  </mem-info>
</gc-end>
<cycle-end id="817" type="global" contextid="788" timestamp="2025-12-12T03:59:35.396" />
<exclusive-end id="818" timestamp="2025-12-12T03:59:35.396" durationms="17.314" />

<exclusive-start id="819" timestamp="2025-12-12T03:59:35.426" intervalms="46.680">
  <response-info timems="0.067" idlems="0.067" threads="0" lastid="0000000000831900" lastname="Default Executor-thread-1" />
</exclusive-start>
<af-start id="820" threadId="0000000000832378" totalBytesRequested="16" timestamp="2025-12-12T03:59:35.427" intervalms="93.895" type="nursery" />
<cycle-start id="821" type="scavenge" contextid="0" timestamp="2025-12-12T03:59:35.427" intervalms="93.816" />
<gc-start id="822" type="scavenge" contextid="821" timestamp="2025-12-12T03:59:35.428">
  <mem-info id="823" free="5528208" total="28049408" percent="19">
    <mem type="nursery" free="0" total="9699328" percent="0">
      <mem type="allocate" free="0" total="7667712" percent="0" />
      <mem type="survivor" free="0" total="2031616" percent="0" />
    </mem>
    <mem type="tenure" free="5528208" total="18350080" percent="30">
      <mem type="soa" free="4610704" total="17432576" percent="26" />
      <mem type="loa" free="917504" total="917504" percent="100" />
    </mem>
    <remembered-set count="604" />
  </mem-info>
</gc-start>
<allocation-stats totalBytes="7451200" discardedBytes="3088" >
  <allocated-bytes non-tlh="0" tlh="7451200" />
  <largest-consumer threadName="Default Executor-thread-1" threadId="0000000000831900" bytes="7451200" />
</allocation-stats>
<gc-op id="824" type="scavenge" timems="1.181" contextid="821" timestamp="2025-12-12T03:59:35.430">
  <scavenger-info tenureage="2" tenuremask="4004" tiltratio="79" />
  <memory-copied type="nursery" objects="10591" bytes="294928" bytesdiscarded="32496" />
  <memory-copied type="tenure" objects="353" bytes="11424" bytesdiscarded="40" />
  <ownableSynchronizers candidates="1248" cleared="1248" />
  <references type="weak" candidates="1" cleared="0" enqueued="0" />
  <object-monitors candidates="19" cleared="0"  />
</gc-op>
<gc-end id="825" type="scavenge" contextid="821" durationms="2.955" usertimems="2.516" systemtimems="0.000" stalltimems="1.071" timestamp="2025-12-12T03:59:35.431" activeThreads="3">
  <mem-info id="826" free="13250240" total="28049408" percent="47">
    <mem type="nursery" free="7733496" total="9699328" percent="79">
      <mem type="allocate" free="7733496" total="8060928" percent="95" />
      <mem type="survivor" free="0" total="1638400" percent="0" />
    </mem>
    <mem type="tenure" free="5516744" total="18350080" percent="30">
      <mem type="soa" free="4599240" total="17432576" percent="26" />
      <mem type="loa" free="917504" total="917504" percent="100" />
    </mem>
    <remembered-set count="582" />
  </mem-info>
</gc-end>
<cycle-end id="827" type="scavenge" contextid="821" timestamp="2025-12-12T03:59:35.431" />
<allocation-satisfied id="828" threadId="0000000000831900" bytesRequested="16" />
<af-end id="829" timestamp="2025-12-12T03:59:35.432" threadId="0000000000832378" success="true" from="nursery"/>
<exclusive-end id="830" timestamp="2025-12-12T03:59:35.433" durationms="7.082" />

<exclusive-start id="831" timestamp="2025-12-12T03:59:35.454" intervalms="28.452">
  <response-info timems="0.042" idlems="0.042" threads="0" lastid="0000000000831900" lastname="Default Executor-thread-1" />
</exclusive-start>
<af-start id="832" threadId="0000000000832378" totalBytesRequested="24" timestamp="2025-12-12T03:59:35.455" intervalms="28.174" type="nursery" />
<cycle-start id="833" type="scavenge" contextid="0" timestamp="2025-12-12T03:59:35.455" intervalms="28.173" />
<gc-start id="834" type="scavenge" contextid="833" timestamp="2025-12-12T03:59:35.456">
  <mem-info id="835" free="5516744" total="28049408" percent="19">
    <mem type="nursery" free="0" total="9699328" percent="0">
      <mem type="allocate" free="0" total="8060928" percent="0" />
      <mem type="survivor" free="0" total="1638400" percent="0" />
    </mem>
    <mem type="tenure" free="5516744" total="18350080" percent="30">
      <mem type="soa" free="4599240" total="17432576" percent="26" />
      <mem type="loa" free="917504" total="917504" percent="100" />
    </mem>
    <remembered-set count="589" />
  </mem-info>
</gc-start>
<allocation-stats totalBytes="7733200" discardedBytes="296" >
  <allocated-bytes non-tlh="16" tlh="7733184" />
  <largest-consumer threadName="Default Executor-thread-1" threadId="0000000000831900" bytes="7733200" />
</allocation-stats>
<gc-op id="836" type="scavenge" timems="1.053" contextid="833" timestamp="2025-12-12T03:59:35.458">
  <scavenger-info tenureage="14" tenuremask="4000" tiltratio="83" />
  <memory-copied type="nursery" objects="11538" bytes="321744" bytesdiscarded="11568" />
  <references type="weak" candidates="1" cleared="0" enqueued="0" />
  <object-monitors candidates="19" cleared="0"  />
</gc-op>
<heap-resize id="837" type="expand" space="nursery" amount="524288" count="1" timems="0.074" reason="excessive time being spent scavenging" timestamp="2025-12-12T03:59:35.459" />
<gc-end id="838" type="scavenge" contextid="833" durationms="3.232" usertimems="1.908" systemtimems="0.348" stalltimems="1.074" timestamp="2025-12-12T03:59:35.459" activeThreads="3">
  <mem-info id="839" free="13899720" total="28573696" percent="48">
    <mem type="nursery" free="8382976" total="10223616" percent="81">
      <mem type="allocate" free="8382976" total="8716288" percent="96" />
      <mem type="survivor" free="0" total="1507328" percent="0" />
    </mem>
    <mem type="tenure" free="5516744" total="18350080" percent="30">
      <mem type="soa" free="4599240" total="17432576" percent="26" />
      <mem type="loa" free="917504" total="917504" percent="100" />
    </mem>
    <remembered-set count="582" />
  </mem-info>
</gc-end>
<cycle-end id="840" type="scavenge" contextid="833" timestamp="2025-12-12T03:59:35.460" />
<allocation-satisfied id="841" threadId="0000000000831900" bytesRequested="24" />
<af-end id="842" timestamp="2025-12-12T03:59:35.461" threadId="0000000000832378" success="true" from="nursery"/>
<exclusive-end id="843" timestamp="2025-12-12T03:59:35.461" durationms="6.845" />

<exclusive-start id="844" timestamp="2025-12-12T03:59:35.484" intervalms="30.061">
  <response-info timems="0.063" idlems="0.063" threads="0" lastid="0000000000831900" lastname="Default Executor-thread-1" />
</exclusive-start>
<af-start id="845" threadId="0000000000832378" totalBytesRequested="16" timestamp="2025-12-12T03:59:35.489" intervalms="34.298" type="nursery" />
<cycle-start id="846" type="scavenge" contextid="0" timestamp="2025-12-12T03:59:35.490" intervalms="34.485" />
<gc-start id="847" type="scavenge" contextid="846" timestamp="2025-12-12T03:59:35.490">
  <mem-info id="848" free="5516744" total="28573696" percent="19">
    <mem type="nursery" free="0" total="10223616" percent="0">
      <mem type="allocate" free="0" total="8716288" percent="0" />
      <mem type="survivor" free="0" total="1507328" percent="0" />
    </mem>
    <mem type="tenure" free="5516744" total="18350080" percent="30">
      <mem type="soa" free="4599240" total="17432576" percent="26" />
      <mem type="loa" free="917504" total="917504" percent="100" />
    </mem>
    <remembered-set count="603" />
  </mem-info>
</gc-start>
<allocation-stats totalBytes="8382720" discardedBytes="256" >
  <allocated-bytes non-tlh="24" tlh="8382696" />
  <largest-consumer threadName="Default Executor-thread-1" threadId="0000000000831900" bytes="8382720" />
</allocation-stats>
<gc-op id="849" type="scavenge" timems="1.093" contextid="846" timestamp="2025-12-12T03:59:35.492">
  <scavenger-info tenureage="14" tenuremask="4000" tiltratio="85" />
  <memory-copied type="nursery" objects="13634" bytes="382160" bytesdiscarded="35632" />
  <references type="weak" candidates="1" cleared="0" enqueued="0" />
  <object-monitors candidates="19" cleared="0"  />
</gc-op>
<gc-end id="850" type="scavenge" contextid="846" durationms="2.839" usertimems="1.812" systemtimems="0.550" stalltimems="0.921" timestamp="2025-12-12T03:59:35.493" activeThreads="3">
  <mem-info id="851" free="14077384" total="28573696" percent="49">
    <mem type="nursery" free="8560640" total="10223616" percent="83">
      <mem type="allocate" free="8560640" total="8978432" percent="95" />
      <mem type="survivor" free="0" total="1245184" percent="0" />
    </mem>
    <mem type="tenure" free="5516744" total="18350080" percent="30">
      <mem type="soa" free="4599240" total="17432576" percent="26" />
      <mem type="loa" free="917504" total="917504" percent="100" />
    </mem>
    <remembered-set count="600" />
  </mem-info>
</gc-end>
<cycle-end id="852" type="scavenge" contextid="846" timestamp="2025-12-12T03:59:35.494" />
<allocation-satisfied id="853" threadId="0000000000831900" bytesRequested="16" />
<af-end id="854" timestamp="2025-12-12T03:59:35.495" threadId="0000000000832378" success="true" from="nursery"/>
<exclusive-end id="855" timestamp="2025-12-12T03:59:35.495" durationms="10.933" />

<exclusive-start id="856" timestamp="2025-12-12T03:59:35.517" intervalms="32.968">
  <response-info timems="0.033" idlems="0.033" threads="0" lastid="0000000000831900" lastname="Default Executor-thread-1" />
</exclusive-start>
<af-start id="857" threadId="0000000000832378" totalBytesRequested="16" timestamp="2025-12-12T03:59:35.518" intervalms="28.799" type="nursery" />
<cycle-start id="858" type="scavenge" contextid="0" timestamp="2025-12-12T03:59:35.519" intervalms="28.863" />
<gc-start id="859" type="scavenge" contextid="858" timestamp="2025-12-12T03:59:35.519">
  <mem-info id="860" free="5516744" total="28573696" percent="19">
    <mem type="nursery" free="0" total="10223616" percent="0">
      <mem type="allocate" free="0" total="8978432" percent="0" />
      <mem type="survivor" free="0" total="1245184" percent="0" />
    </mem>
    <mem type="tenure" free="5516744" total="18350080" percent="30">
      <mem type="soa" free="4599240" total="17432576" percent="26" />
      <mem type="loa" free="917504" total="917504" percent="100" />
    </mem>
    <remembered-set count="601" />
  </mem-info>
</gc-start>
<allocation-stats totalBytes="8560168" discardedBytes="472" >
  <allocated-bytes non-tlh="16" tlh="8560152" />
  <largest-consumer threadName="Default Executor-thread-1" threadId="0000000000831900" bytes="8560168" />
</allocation-stats>
<gc-op id="861" type="scavenge" timems="1.119" contextid="858" timestamp="2025-12-12T03:59:35.521">
  <scavenger-info tenureage="14" tenuremask="4000" tiltratio="87" />
  <memory-copied type="nursery" objects="13856" bytes="389816" bytesdiscarded="58696" />
  <references type="weak" candidates="1" cleared="0" enqueued="0" />
  <object-monitors candidates="19" cleared="0"  />
</gc-op>
<heap-resize id="862" type="expand" space="nursery" amount="655360" count="1" timems="0.042" reason="excessive time being spent scavenging" timestamp="2025-12-12T03:59:35.522" />
<gc-end id="863" type="scavenge" contextid="858" durationms="3.235" usertimems="2.139" systemtimems="0.353" stalltimems="0.947" timestamp="2025-12-12T03:59:35.522" activeThreads="3">
  <mem-info id="864" free="14767560" total="29229056" percent="50">
    <mem type="nursery" free="9250816" total="10878976" percent="85">
      <mem type="allocate" free="9250816" total="9699328" percent="95" />
      <mem type="survivor" free="0" total="1179648" percent="0" />
    </mem>
    <mem type="tenure" free="5516744" total="18350080" percent="30">
      <mem type="soa" free="4599240" total="17432576" percent="26" />
      <mem type="loa" free="917504" total="917504" percent="100" />
    </mem>
    <remembered-set count="601" />
  </mem-info>
</gc-end>
<cycle-end id="865" type="scavenge" contextid="858" timestamp="2025-12-12T03:59:35.523" />
<allocation-satisfied id="866" threadId="0000000000831900" bytesRequested="16" />
<af-end id="867" timestamp="2025-12-12T03:59:35.524" threadId="0000000000832378" success="true" from="nursery"/>
<exclusive-end id="868" timestamp="2025-12-12T03:59:35.524" durationms="7.074" />

<exclusive-start id="869" timestamp="2025-12-12T03:59:35.548" intervalms="31.174">
  <response-info timems="0.038" idlems="0.038" threads="0" lastid="0000000000831900" lastname="Default Executor-thread-1" />
</exclusive-start>
<af-start id="870" threadId="0000000000832378" totalBytesRequested="72" timestamp="2025-12-12T03:59:35.551" intervalms="33.531" type="nursery" />
<cycle-start id="871" type="scavenge" contextid="0" timestamp="2025-12-12T03:59:35.552" intervalms="33.408" />
<gc-start id="872" type="scavenge" contextid="871" timestamp="2025-12-12T03:59:35.554">
  <mem-info id="873" free="5516744" total="29229056" percent="18">
    <mem type="nursery" free="0" total="10878976" percent="0">
      <mem type="allocate" free="0" total="9699328" percent="0" />
      <mem type="survivor" free="0" total="1179648" percent="0" />
    </mem>
    <mem type="tenure" free="5516744" total="18350080" percent="30">
      <mem type="soa" free="4599240" total="17432576" percent="26" />
      <mem type="loa" free="917504" total="917504" percent="100" />
    </mem>
    <remembered-set count="602" />
  </mem-info>
</gc-start>
<allocation-stats totalBytes="9250304" discardedBytes="512" >
  <allocated-bytes non-tlh="16" tlh="9250288" />
  <largest-consumer threadName="Default Executor-thread-1" threadId="0000000000831900" bytes="9250304" />
</allocation-stats>
<gc-op id="874" type="scavenge" timems="1.298" contextid="871" timestamp="2025-12-12T03:59:35.556">
  <scavenger-info tenureage="4" tenuremask="4030" tiltratio="89" />
  <memory-copied type="nursery" objects="3690" bytes="109960" bytesdiscarded="32888" />
  <memory-copied type="tenure" objects="10358" bytes="286448" bytesdiscarded="664" />
  <object-monitors candidates="19" cleared="0"  />
</gc-op>
<heap-resize id="875" type="expand" space="nursery" amount="524288" count="1" timems="0.027" reason="excessive time being spent scavenging" timestamp="2025-12-12T03:59:35.557" />
<gc-end id="876" type="scavenge" contextid="871" durationms="4.163" usertimems="2.339" systemtimems="0.700" stalltimems="0.825" timestamp="2025-12-12T03:59:35.558" activeThreads="3">
  <mem-info id="877" free="15292008" total="29753344" percent="51">
    <mem type="nursery" free="10080768" total="11403264" percent="88">
      <mem type="allocate" free="10080768" total="10223616" percent="98" />
      <mem type="survivor" free="0" total="1179648" percent="0" />
    </mem>
    <mem type="tenure" free="5211240" total="18350080" percent="28">
      <mem type="soa" free="4293736" total="17432576" percent="24" />
      <mem type="loa" free="917504" total="917504" percent="100" />
    </mem>
    <remembered-set count="321" />
  </mem-info>
</gc-end>
<cycle-end id="878" type="scavenge" contextid="871" timestamp="2025-12-12T03:59:35.559" />
<allocation-satisfied id="879" threadId="0000000000831900" bytesRequested="72" />
<af-end id="880" timestamp="2025-12-12T03:59:35.560" threadId="0000000000832378" success="true" from="nursery"/>
<exclusive-end id="881" timestamp="2025-12-12T03:59:35.560" durationms="12.104" />

<exclusive-start id="882" timestamp="2025-12-12T03:59:35.586" intervalms="37.650">
  <response-info timems="0.044" idlems="0.044" threads="0" lastid="0000000000831900" lastname="Default Executor-thread-1" />
</exclusive-start>
<af-start id="883" threadId="0000000000832378" totalBytesRequested="24" timestamp="2025-12-12T03:59:35.587" intervalms="35.242" type="nursery" />
<cycle-start id="884" type="scavenge" contextid="0" timestamp="2025-12-12T03:59:35.587" intervalms="35.187" />
<gc-start id="885" type="scavenge" contextid="884" timestamp="2025-12-12T03:59:35.588">
  <mem-info id="886" free="5211240" total="29753344" percent="17">
    <mem type="nursery" free="0" total="11403264" percent="0">
      <mem type="allocate" free="0" total="10223616" percent="0" />
      <mem type="survivor" free="0" total="1179648" percent="0" />
    </mem>
    <mem type="tenure" free="5211240" total="18350080" percent="28">
      <mem type="soa" free="4293736" total="17432576" percent="24" />
      <mem type="loa" free="917504" total="917504" percent="100" />
    </mem>
    <remembered-set count="323" />
  </mem-info>
</gc-start>
<allocation-stats totalBytes="10080368" discardedBytes="400" >
  <allocated-bytes non-tlh="72" tlh="10080296" />
  <largest-consumer threadName="Default Executor-thread-1" threadId="0000000000831900" bytes="10080368" />
</allocation-stats>
<gc-op id="887" type="scavenge" timems="0.926" contextid="884" timestamp="2025-12-12T03:59:35.590">
  <scavenger-info tenureage="3" tenuremask="4018" tiltratio="89" />
  <memory-copied type="nursery" objects="795" bytes="28352" bytesdiscarded="832" />
  <memory-copied type="tenure" objects="3020" bytes="86512" bytesdiscarded="80" />
  <object-monitors candidates="19" cleared="0"  />
</gc-op>
<gc-end id="888" type="scavenge" contextid="884" durationms="2.503" usertimems="1.249" systemtimems="0.370" stalltimems="1.034" timestamp="2025-12-12T03:59:35.590" activeThreads="3">
  <mem-info id="889" free="15298112" total="29753344" percent="51">
    <mem type="nursery" free="10194432" total="11403264" percent="89">
      <mem type="allocate" free="10194432" total="10223616" percent="99" />
      <mem type="survivor" free="0" total="1179648" percent="0" />
    </mem>
    <mem type="tenure" free="5103680" total="18350080" percent="27">
      <mem type="soa" free="4186176" total="17432576" percent="24" />
      <mem type="loa" free="917504" total="917504" percent="100" />
    </mem>
    <remembered-set count="275" />
  </mem-info>
</gc-end>
<cycle-end id="890" type="scavenge" contextid="884" timestamp="2025-12-12T03:59:35.591" />
<allocation-satisfied id="891" threadId="0000000000831900" bytesRequested="24" />
<af-end id="892" timestamp="2025-12-12T03:59:35.592" threadId="0000000000832378" success="true" from="nursery"/>
<exclusive-end id="893" timestamp="2025-12-12T03:59:35.592" durationms="6.126" />

<exclusive-start id="894" timestamp="2025-12-12T03:59:35.619" intervalms="32.946">
  <response-info timems="0.055" idlems="0.055" threads="0" lastid="0000000000831900" lastname="Default Executor-thread-1" />
</exclusive-start>
<af-start id="895" threadId="0000000000832378" totalBytesRequested="72" timestamp="2025-12-12T03:59:35.620" intervalms="32.956" type="nursery" />
<cycle-start id="896" type="scavenge" contextid="0" timestamp="2025-12-12T03:59:35.620" intervalms="32.841" />
<gc-start id="897" type="scavenge" contextid="896" timestamp="2025-12-12T03:59:35.621">
  <mem-info id="898" free="5103680" total="29753344" percent="17">
    <mem type="nursery" free="0" total="11403264" percent="0">
      <mem type="allocate" free="0" total="10223616" percent="0" />
      <mem type="survivor" free="0" total="1179648" percent="0" />
    </mem>
    <mem type="tenure" free="5103680" total="18350080" percent="27">
      <mem type="soa" free="4186176" total="17432576" percent="24" />
      <mem type="loa" free="917504" total="917504" percent="100" />
    </mem>
    <remembered-set count="279" />
  </mem-info>
</gc-start>
<allocation-stats totalBytes="10193896" discardedBytes="536" >
  <allocated-bytes non-tlh="24" tlh="10193872" />
  <largest-consumer threadName="Default Executor-thread-1" threadId="0000000000831900" bytes="10193896" />
</allocation-stats>
<gc-op id="899" type="scavenge" timems="0.890" contextid="896" timestamp="2025-12-12T03:59:35.627">
  <scavenger-info tenureage="14" tenuremask="4000" tiltratio="89" />
  <memory-copied type="nursery" objects="1076" bytes="37176" bytesdiscarded="6600" />
  <object-monitors candidates="19" cleared="0"  />
</gc-op>
<heap-resize id="900" type="expand" space="nursery" amount="1703936" count="1" timems="0.055" reason="excessive time being spent scavenging" timestamp="2025-12-12T03:59:35.632" />
<gc-end id="901" type="scavenge" contextid="896" durationms="12.502" usertimems="2.061" systemtimems="0.000" stalltimems="0.443" timestamp="2025-12-12T03:59:35.633" activeThreads="2">
  <mem-info id="902" free="16790848" total="31457280" percent="53">
    <mem type="nursery" free="11687168" total="13107200" percent="89">
      <mem type="allocate" free="11687168" total="11730944" percent="99" />
      <mem type="survivor" free="0" total="1376256" percent="0" />
    </mem>
    <mem type="tenure" free="5103680" total="18350080" percent="27">
      <mem type="soa" free="4186176" total="17432576" percent="24" />
      <mem type="loa" free="917504" total="917504" percent="100" />
    </mem>
    <remembered-set count="277" />
  </mem-info>
</gc-end>
<cycle-end id="903" type="scavenge" contextid="896" timestamp="2025-12-12T03:59:35.634" />
<allocation-satisfied id="904" threadId="0000000000831900" bytesRequested="72" />
<af-end id="905" timestamp="2025-12-12T03:59:35.635" threadId="0000000000832378" success="true" from="nursery"/>
<exclusive-end id="906" timestamp="2025-12-12T03:59:35.636" durationms="17.140" />

<exclusive-start id="907" timestamp="2025-12-12T03:59:35.668" intervalms="49.040">
  <response-info timems="0.052" idlems="0.052" threads="0" lastid="0000000000831900" lastname="Default Executor-thread-1" />
</exclusive-start>
<af-start id="908" threadId="0000000000832378" totalBytesRequested="72" timestamp="2025-12-12T03:59:35.669" intervalms="49.163" type="nursery" />
<cycle-start id="909" type="scavenge" contextid="0" timestamp="2025-12-12T03:59:35.669" intervalms="49.312" />
<gc-start id="910" type="scavenge" contextid="909" timestamp="2025-12-12T03:59:35.670">
  <mem-info id="911" free="5102824" total="31457280" percent="16">
    <mem type="nursery" free="0" total="13107200" percent="0">
      <mem type="allocate" free="0" total="11730944" percent="0" />
      <mem type="survivor" free="0" total="1376256" percent="0" />
    </mem>
    <mem type="tenure" free="5102824" total="18350080" percent="27">
      <mem type="soa" free="4185320" total="17432576" percent="24" />
      <mem type="loa" free="917504" total="917504" percent="100" />
    </mem>
    <remembered-set count="330" />
  </mem-info>
</gc-start>
<allocation-stats totalBytes="11686872" discardedBytes="1152" >
  <allocated-bytes non-tlh="928" tlh="11685944" />
  <largest-consumer threadName="Default Executor-thread-1" threadId="0000000000831900" bytes="11645352" />
</allocation-stats>
<gc-op id="912" type="scavenge" timems="0.952" contextid="909" timestamp="2025-12-12T03:59:35.672">
  <scavenger-info tenureage="3" tenuremask="fff8" tiltratio="89" />
  <memory-copied type="nursery" objects="1261" bytes="41520" bytesdiscarded="14528" />
  <memory-copied type="tenure" objects="116" bytes="3448" bytesdiscarded="8" />
  <finalization candidates="5" enqueued="5" />
  <references type="weak" candidates="17" cleared="11" enqueued="11" />
  <references type="phantom" candidates="2" cleared="2" enqueued="2" />
  <object-monitors candidates="19" cleared="0"  />
</gc-op>
<gc-end id="913" type="scavenge" contextid="909" durationms="2.555" usertimems="1.457" systemtimems="0.000" stalltimems="0.670" timestamp="2025-12-12T03:59:35.672" activeThreads="2">
  <mem-info id="914" free="16801768" total="31457280" percent="53">
    <mem type="nursery" free="11740416" total="13107200" percent="89">
      <mem type="allocate" free="11740416" total="11796480" percent="99" />
      <mem type="survivor" free="0" total="1310720" percent="0" />
    </mem>
    <mem type="tenure" free="5061352" total="18350080" percent="27">
      <mem type="soa" free="4143848" total="17432576" percent="23" />
      <mem type="loa" free="917504" total="917504" percent="100" />
    </mem>
    <pending-finalizers system="5" default="0" reference="13" classloader="0" />
    <remembered-set count="306" />
  </mem-info>
</gc-end>
<cycle-end id="915" type="scavenge" contextid="909" timestamp="2025-12-12T03:59:35.673" />
<allocation-satisfied id="916" threadId="0000000000831900" bytesRequested="72" />
<af-end id="917" timestamp="2025-12-12T03:59:35.674" threadId="0000000000832378" success="true" from="nursery"/>
<exclusive-end id="918" timestamp="2025-12-12T03:59:35.675" durationms="6.647" />

<exclusive-start id="919" timestamp="2025-12-12T03:59:35.747" intervalms="79.423">
  <response-info timems="0.039" idlems="0.039" threads="0" lastid="0000000000831900" lastname="Default Executor-thread-1" />
</exclusive-start>
<af-start id="920" threadId="0000000000832378" totalBytesRequested="40" timestamp="2025-12-12T03:59:35.748" intervalms="79.410" type="nursery" />
<cycle-start id="921" type="scavenge" contextid="0" timestamp="2025-12-12T03:59:35.749" intervalms="79.399" />
<gc-start id="922" type="scavenge" contextid="921" timestamp="2025-12-12T03:59:35.749">
  <mem-info id="923" free="5049832" total="31457280" percent="16">
    <mem type="nursery" free="0" total="13107200" percent="0">
      <mem type="allocate" free="0" total="11796480" percent="0" />
      <mem type="survivor" free="0" total="1310720" percent="0" />
    </mem>
    <mem type="tenure" free="5049832" total="18350080" percent="27">
      <mem type="soa" free="4132328" total="17432576" percent="23" />
      <mem type="loa" free="917504" total="917504" percent="100" />
    </mem>
    <remembered-set count="3055" />
  </mem-info>
</gc-start>
<allocation-stats totalBytes="11751112" discardedBytes="824" >
  <allocated-bytes non-tlh="11592" tlh="11739520" />
  <largest-consumer threadName="Default Executor-thread-1" threadId="0000000000831900" bytes="11726448" />
</allocation-stats>
<gc-op id="924" type="scavenge" timems="1.916" contextid="921" timestamp="2025-12-12T03:59:35.752">
  <scavenger-info tenureage="6" tenuremask="ffc0" tiltratio="90" />
  <memory-copied type="nursery" objects="28546" bytes="957688" bytesdiscarded="24296" />
  <ownableSynchronizers candidates="30" cleared="15" />
  <references type="soft" candidates="2" cleared="0" enqueued="0" dynamicThreshold="9" maxThreshold="32" />
  <references type="weak" candidates="64" cleared="43" enqueued="43" />
  <references type="phantom" candidates="19" cleared="0" enqueued="0" />
  <object-monitors candidates="20" cleared="0"  />
</gc-op>
<gc-end id="925" type="scavenge" contextid="921" durationms="3.841" usertimems="2.988" systemtimems="0.834" stalltimems="0.250" timestamp="2025-12-12T03:59:35.753" activeThreads="2">
  <mem-info id="926" free="15208376" total="31457280" percent="48">
    <mem type="nursery" free="10158544" total="13107200" percent="77">
      <mem type="allocate" free="10158544" total="11141120" percent="91" />
      <mem type="survivor" free="0" total="1966080" percent="0" />
    </mem>
    <mem type="tenure" free="5049832" total="18350080" percent="27">
      <mem type="soa" free="4132328" total="17432576" percent="23" />
      <mem type="loa" free="917504" total="917504" percent="100" />
    </mem>
    <pending-finalizers system="0" default="0" reference="43" classloader="0" />
    <remembered-set count="1970" />
  </mem-info>
</gc-end>
<cycle-end id="927" type="scavenge" contextid="921" timestamp="2025-12-12T03:59:35.754" />
<allocation-satisfied id="928" threadId="0000000000831900" bytesRequested="40" />
<af-end id="929" timestamp="2025-12-12T03:59:35.755" threadId="0000000000832378" success="true" from="nursery"/>
<exclusive-end id="930" timestamp="2025-12-12T03:59:35.755" durationms="7.938" />

<exclusive-start id="931" timestamp="2025-12-12T03:59:35.969" intervalms="221.710">
  <response-info timems="0.043" idlems="0.043" threads="0" lastid="0000000000831900" lastname="Default Executor-thread-1" />
</exclusive-start>
<af-start id="932" threadId="0000000000832378" totalBytesRequested="41976" timestamp="2025-12-12T03:59:35.970" intervalms="221.766" type="nursery" />
<cycle-start id="933" type="scavenge" contextid="0" timestamp="2025-12-12T03:59:35.970" intervalms="221.592" />
<gc-start id="934" type="scavenge" contextid="933" timestamp="2025-12-12T03:59:35.971">
  <mem-info id="935" free="5049256" total="31457280" percent="16">
    <mem type="nursery" free="0" total="13107200" percent="0">
      <mem type="allocate" free="0" total="11141120" percent="0" />
      <mem type="survivor" free="0" total="1966080" percent="0" />
    </mem>
    <mem type="tenure" free="5049256" total="18350080" percent="27">
      <mem type="soa" free="4131752" total="17432576" percent="23" />
      <mem type="loa" free="917504" total="917504" percent="100" />
    </mem>
    <remembered-set count="2390" />
  </mem-info>
</gc-start>
<allocation-stats totalBytes="10146904" discardedBytes="12216" >
  <allocated-bytes non-tlh="419600" tlh="9727304" />
  <largest-consumer threadName="Default Executor-thread-1" threadId="0000000000831900" bytes="10089672" />
</allocation-stats>
<gc-op id="936" type="scavenge" timems="2.865" contextid="933" timestamp="2025-12-12T03:59:35.976">
  <scavenger-info tenureage="4" tenuremask="fff0" tiltratio="85" />
  <memory-copied type="nursery" objects="39045" bytes="1962976" bytesdiscarded="1712" />
  <memory-copied type="tenure" objects="5511" bytes="202632" bytesdiscarded="104" />
  <copy-failed type="nursery" objects="5501" bytes="202128" />
  <ownableSynchronizers candidates="160" cleared="87" />
  <references type="soft" candidates="2" cleared="0" enqueued="0" dynamicThreshold="9" maxThreshold="32" />
  <references type="weak" candidates="21" cleared="0" enqueued="0" />
  <references type="phantom" candidates="105" cleared="0" enqueued="0" />
  <object-monitors candidates="20" cleared="0"  />
</gc-op>
<gc-end id="937" type="scavenge" contextid="933" durationms="5.583" usertimems="5.602" systemtimems="0.000" stalltimems="0.307" timestamp="2025-12-12T03:59:35.977" activeThreads="2">
  <mem-info id="938" free="11804072" total="31457280" percent="37">
    <mem type="nursery" free="6946816" total="13107200" percent="53">
      <mem type="allocate" free="6946816" total="8912896" percent="77" />
      <mem type="survivor" free="0" total="4194304" percent="0" />
    </mem>
    <mem type="tenure" free="4857256" total="18350080" percent="26">
      <mem type="soa" free="3939752" total="17432576" percent="22" />
      <mem type="loa" free="917504" total="917504" percent="100" />
    </mem>
    <remembered-set count="2321" />
  </mem-info>
</gc-end>
<cycle-end id="939" type="scavenge" contextid="933" timestamp="2025-12-12T03:59:35.977" />
<allocation-satisfied id="940" threadId="0000000000831900" bytesRequested="41976" />
<af-end id="941" timestamp="2025-12-12T03:59:35.978" threadId="0000000000832378" success="true" from="nursery"/>
<exclusive-end id="942" timestamp="2025-12-12T03:59:35.979" durationms="9.602" />

<exclusive-start id="943" timestamp="2025-12-12T03:59:36.016" intervalms="46.482">
  <response-info timems="0.043" idlems="0.043" threads="0" lastid="0000000000831900" lastname="Default Executor-thread-1" />
</exclusive-start>
<af-start id="944" threadId="0000000000832378" totalBytesRequested="24" timestamp="2025-12-12T03:59:36.016" intervalms="46.351" type="nursery" />
<cycle-start id="945" type="scavenge" contextid="0" timestamp="2025-12-12T03:59:36.017" intervalms="46.529" />
<gc-start id="946" type="scavenge" contextid="945" timestamp="2025-12-12T03:59:36.018">
  <mem-info id="947" free="4856880" total="31457280" percent="15">
    <mem type="nursery" free="0" total="13107200" percent="0">
      <mem type="allocate" free="0" total="8912896" percent="0" />
      <mem type="survivor" free="0" total="4194304" percent="0" />
    </mem>
    <mem type="tenure" free="4856880" total="18350080" percent="26">
      <mem type="soa" free="3939376" total="17432576" percent="22" />
      <mem type="loa" free="917504" total="917504" percent="100" />
    </mem>
    <remembered-set count="2581" />
  </mem-info>
</gc-start>
<allocation-stats totalBytes="6946208" discardedBytes="984" >
  <allocated-bytes non-tlh="42352" tlh="6903856" />
  <largest-consumer threadName="Default Executor-thread-1" threadId="0000000000831900" bytes="6897080" />
</allocation-stats>
<gc-op id="948" type="scavenge" timems="3.308" contextid="945" timestamp="2025-12-12T03:59:36.022">
  <scavenger-info tenureage="3" tenuremask="ffd8" tiltratio="68" />
  <memory-copied type="nursery" objects="55171" bytes="3108384" bytesdiscarded="18568" />
  <memory-copied type="tenure" objects="665" bytes="20536" bytesdiscarded="24" />
  <ownableSynchronizers candidates="191" cleared="69" />
  <references type="soft" candidates="2" cleared="0" enqueued="0" dynamicThreshold="9" maxThreshold="32" />
  <references type="weak" candidates="15" cleared="0" enqueued="0" />
  <references type="phantom" candidates="175" cleared="0" enqueued="0" />
  <object-monitors candidates="20" cleared="0"  />
</gc-op>
<heap-resize id="949" type="expand" space="nursery" amount="917504" count="1" timems="0.036" reason="excessive time being spent scavenging" timestamp="2025-12-12T03:59:36.023" />
<gc-end id="950" type="scavenge" contextid="945" durationms="5.734" usertimems="5.506" systemtimems="1.568" stalltimems="0.337" timestamp="2025-12-12T03:59:36.023" activeThreads="2">
  <mem-info id="951" free="10371696" total="32374784" percent="32">
    <mem type="nursery" free="5587008" total="14024704" percent="39">
      <mem type="allocate" free="5587008" total="8716288" percent="64" />
      <mem type="survivor" free="0" total="5308416" percent="0" />
    </mem>
    <mem type="tenure" free="4784688" total="18350080" percent="26">
      <mem type="soa" free="3867184" total="17432576" percent="22" />
      <mem type="loa" free="917504" total="917504" percent="100" />
    </mem>
    <remembered-set count="2175" />
  </mem-info>
</gc-end>
<cycle-end id="952" type="scavenge" contextid="945" timestamp="2025-12-12T03:59:36.024" />
<allocation-satisfied id="953" threadId="0000000000831900" bytesRequested="24" />
<af-end id="954" timestamp="2025-12-12T03:59:36.025" threadId="0000000000832378" success="true" from="nursery"/>
<exclusive-end id="955" timestamp="2025-12-12T03:59:36.025" durationms="9.879" />

<exclusive-start id="956" timestamp="2025-12-12T03:59:36.097" intervalms="81.143">
  <response-info timems="0.064" idlems="0.064" threads="0" lastid="0000000000831900" lastname="Default Executor-thread-1" />
</exclusive-start>
<af-start id="957" threadId="0000000000832378" totalBytesRequested="24" timestamp="2025-12-12T03:59:36.098" intervalms="81.341" type="nursery" />
<cycle-start id="958" type="scavenge" contextid="0" timestamp="2025-12-12T03:59:36.098" intervalms="81.446" />
<gc-start id="959" type="scavenge" contextid="958" timestamp="2025-12-12T03:59:36.099">
  <mem-info id="960" free="4784472" total="32374784" percent="14">
    <mem type="nursery" free="0" total="14024704" percent="0">
      <mem type="allocate" free="0" total="8716288" percent="0" />
      <mem type="survivor" free="0" total="5308416" percent="0" />
    </mem>
    <mem type="tenure" free="4784472" total="18350080" percent="26">
      <mem type="soa" free="3866968" total="17432576" percent="22" />
      <mem type="loa" free="917504" total="917504" percent="100" />
    </mem>
    <remembered-set count="2363" />
  </mem-info>
</gc-start>
<allocation-stats totalBytes="5586552" discardedBytes="672" >
  <allocated-bytes non-tlh="236096" tlh="5350456" />
  <largest-consumer threadName="Default Executor-thread-1" threadId="0000000000831900" bytes="5533328" />
</allocation-stats>
<gc-op id="961" type="scavenge" timems="7.801" contextid="958" timestamp="2025-12-12T03:59:36.108">
  <scavenger-info tenureage="2" tenuremask="ffcc" tiltratio="62" />
  <memory-copied type="nursery" objects="27873" bytes="2207808" bytesdiscarded="206720" />
  <memory-copied type="tenure" objects="38353" bytes="1935936" bytesdiscarded="992" />
  <ownableSynchronizers candidates="209" cleared="54" />
  <references type="weak" candidates="2" cleared="0" enqueued="0" />
  <references type="phantom" candidates="124" cleared="0" enqueued="0" />
  <object-monitors candidates="21" cleared="0"  />
</gc-op>
<heap-resize id="962" type="expand" space="nursery" amount="786432" count="1" timems="0.054" reason="excessive time being spent scavenging" timestamp="2025-12-12T03:59:36.109" />
<gc-end id="963" type="scavenge" contextid="958" durationms="10.518" usertimems="21.102" systemtimems="0.000" stalltimems="1.739" timestamp="2025-12-12T03:59:36.109" activeThreads="3">
  <mem-info id="964" free="10169192" total="33161216" percent="30">
    <mem type="nursery" free="7414224" total="14811136" percent="50">
      <mem type="allocate" free="7414224" total="9830400" percent="75" />
      <mem type="survivor" free="0" total="4980736" percent="0" />
    </mem>
    <mem type="tenure" free="2754968" total="18350080" percent="15">
      <mem type="soa" free="1837464" total="17432576" percent="10" />
      <mem type="loa" free="917504" total="917504" percent="100" />
    </mem>
    <remembered-set count="639" />
  </mem-info>
</gc-end>
<cycle-end id="965" type="scavenge" contextid="958" timestamp="2025-12-12T03:59:36.110" />
<allocation-satisfied id="966" threadId="0000000000831900" bytesRequested="24" />
<af-end id="967" timestamp="2025-12-12T03:59:36.111" threadId="0000000000832378" success="true" from="nursery"/>
<exclusive-end id="968" timestamp="2025-12-12T03:59:36.112" durationms="15.183" />

<concurrent-kickoff id="969" timestamp="2025-12-12T03:59:36.146">
  <kickoff reason="threshold reached" targetBytes="7531017" thresholdFreeBytes="1044176"  remainingFree="1036752" tenureFreeBytes="2754712" nurseryFreeBytes="1036752" />
</concurrent-kickoff>
<exclusive-start id="970" timestamp="2025-12-12T03:59:36.147" intervalms="49.779">
  <response-info timems="0.033" idlems="0.033" threads="0" lastid="0000000000831900" lastname="Default Executor-thread-1" />
</exclusive-start>
<cycle-start id="971" type="global" contextid="0" timestamp="2025-12-12T03:59:36.147" intervalms="820.129" />
<concurrent-start id="972" type="global mark" contextid="971" timestamp="2025-12-12T03:59:36.148">
</concurrent-start>
<exclusive-end id="973" timestamp="2025-12-12T03:59:36.148" durationms="1.691" />

<exclusive-start id="974" timestamp="2025-12-12T03:59:36.165" intervalms="18.238">
  <response-info timems="0.037" idlems="0.037" threads="0" lastid="0000000000831900" lastname="Default Executor-thread-1" />
</exclusive-start>
<af-start id="975" threadId="0000000000832378" totalBytesRequested="24" timestamp="2025-12-12T03:59:36.165" intervalms="67.851" type="nursery" />
<percolate-collect id="976" from="nursery" to="global" reason="concurrent mark exhausted" timestamp="2025-12-12T03:59:36.166"/>
<concurrent-end id="977" type="global mark" contextid="971" timestamp="2025-12-12T03:59:36.167">
<gc-op id="978" type="trace" timems="17.051" contextid="971" timestamp="2025-12-12T03:59:36.167">
  <trace bytesTraced="8659072" workStackOverflowCount="0" />
  <card-cleaning reason="card cleaning threshold reached" bytesTraced="7472" cardsCleaned="48" />
</gc-op>
</concurrent-end>

<gc-start id="979" type="global" contextid="971" timestamp="2025-12-12T03:59:36.168">
  <mem-info id="980" free="2754664" total="33161216" percent="8">
    <mem type="nursery" free="0" total="14811136" percent="0">
      <mem type="allocate" free="0" total="9830400" percent="0" />
      <mem type="survivor" free="0" total="4980736" percent="0" />
    </mem>
    <mem type="tenure" free="2754664" total="18350080" percent="15">
      <mem type="soa" free="1837160" total="17432576" percent="10" />
      <mem type="loa" free="917504" total="917504" percent="100" />
    </mem>
    <remembered-set count="1087" />
  </mem-info>
</gc-start>
<allocation-stats totalBytes="7413360" discardedBytes="1168" >
  <allocated-bytes non-tlh="328" tlh="7413032" />
  <largest-consumer threadName="Default Executor-thread-1" threadId="0000000000831900" bytes="7335576" />
</allocation-stats>
<concurrent-halted id="981" timestamp="2025-12-12T03:59:36.169">
  <halted state="Complete" status="exhausted" />
  <traced bytesTarget="7531017" bytesTotal="8666544" bytesByMutator="2227412" bytesByHelper="6439132" percent="115" />
  <cards cleaned="48" thresholdBytes="411342" />
</concurrent-halted>
<gc-op id="982" type="rs-scan" timems="2.852" contextid="971" timestamp="2025-12-12T03:59:36.172">
  <scan objectsFound="43168" bytesTraced="1271864" workStackOverflowCount="0" />
</gc-op>
<gc-op id="983" type="card-cleaning" timems="1.781" contextid="971" timestamp="2025-12-12T03:59:36.175">
  <card-cleaning cardsCleaned="30" bytesTraced="15968" workStackOverflowCount="0" />
</gc-op>
<gc-op id="984" type="mark" timems="7.050" contextid="971" timestamp="2025-12-12T03:59:36.182">
  <trace-info objectcount="171" scancount="163" scanbytes="3032" />
  <finalization candidates="733" enqueued="0" />
  <ownableSynchronizers candidates="969" cleared="116" />
  <references type="soft" candidates="4490" cleared="0" enqueued="0" dynamicThreshold="9" maxThreshold="32" />
  <references type="weak" candidates="1312" cleared="0" enqueued="0" />
  <references type="phantom" candidates="360" cleared="0" enqueued="0" />
  <stringconstants candidates="12760" cleared="1"  />
  <object-monitors candidates="21" cleared="0"  />
</gc-op>
<gc-op id="985" type="sweep" timems="2.804" contextid="971" timestamp="2025-12-12T03:59:36.186" />
<heap-resize id="986" type="expand" space="tenure" amount="2555904" count="1" timems="0.179" reason="insufficient free space following gc" timestamp="2025-12-12T03:59:36.187" />
<gc-end id="987" type="global" contextid="971" durationms="19.316" usertimems="8.700" systemtimems="28.471" stalltimems="108.031" timestamp="2025-12-12T03:59:36.187" activeThreads="15">
  <mem-info id="988" free="11993104" total="35717120" percent="33">
    <mem type="nursery" free="5716808" total="14811136" percent="38">
      <mem type="allocate" free="5716808" total="9830400" percent="58" />
      <mem type="survivor" free="0" total="4980736" percent="0" />
    </mem>
    <mem type="tenure" free="6276296" total="20905984" percent="30" micro-fragmented="290699" macro-fragmented="0">
      <mem type="soa" free="5230792" total="19860480" percent="26" />
      <mem type="loa" free="1045504" total="1045504" percent="100" />
    </mem>
    <remembered-set count="954" />
  </mem-info>
</gc-end>
<cycle-end id="989" type="global" contextid="971" timestamp="2025-12-12T03:59:36.188" />
<allocation-satisfied id="990" threadId="0000000000831900" bytesRequested="24" />
<af-end id="991" timestamp="2025-12-12T03:59:36.189" threadId="0000000000832378" success="true" from="nursery"/>
<exclusive-end id="992" timestamp="2025-12-12T03:59:36.190" durationms="24.976" />

<exclusive-start id="993" timestamp="2025-12-12T03:59:36.235" intervalms="70.460">
  <response-info timems="0.144" idlems="0.144" threads="0" lastid="0000000000831900" lastname="Default Executor-thread-1" />
</exclusive-start>
<af-start id="994" threadId="0000000000832378" totalBytesRequested="3136" timestamp="2025-12-12T03:59:36.236" intervalms="70.594" type="nursery" />
<cycle-start id="995" type="scavenge" contextid="0" timestamp="2025-12-12T03:59:36.237" intervalms="138.465" />
<gc-start id="996" type="scavenge" contextid="995" timestamp="2025-12-12T03:59:36.238">
  <mem-info id="997" free="6292688" total="35717120" percent="17">
    <mem type="nursery" free="16456" total="14811136" percent="0">
      <mem type="allocate" free="16456" total="9830400" percent="0" />
      <mem type="survivor" free="0" total="4980736" percent="0" />
    </mem>
    <mem type="tenure" free="6276232" total="20905984" percent="30">
      <mem type="soa" free="5230728" total="19860480" percent="26" />
      <mem type="loa" free="1045504" total="1045504" percent="100" />
    </mem>
    <remembered-set count="1250" />
  </mem-info>
</gc-start>
<allocation-stats totalBytes="5611472" discardedBytes="78784" >
  <allocated-bytes non-tlh="1636064" tlh="3975408" />
  <largest-consumer threadName="Default Executor-thread-1" threadId="0000000000831900" bytes="5543536" />
</allocation-stats>
<gc-op id="998" type="scavenge" timems="6.242" contextid="995" timestamp="2025-12-12T03:59:36.247">
  <scavenger-info tenureage="5" tenuremask="ffe0" tiltratio="66" />
  <memory-copied type="nursery" objects="61009" bytes="4167376" bytesdiscarded="60272" />
  <ownableSynchronizers candidates="1858" cleared="1637" />
  <references type="weak" candidates="2" cleared="0" enqueued="0" />
  <references type="phantom" candidates="300" cleared="0" enqueued="0" />
  <object-monitors candidates="21" cleared="0"  />
</gc-op>
<gc-end id="999" type="scavenge" contextid="995" durationms="9.796" usertimems="14.335" systemtimems="3.518" stalltimems="7.822" timestamp="2025-12-12T03:59:36.247" activeThreads="4">
  <mem-info id="1000" free="9843072" total="35717120" percent="27">
    <mem type="nursery" free="3566840" total="14811136" percent="24">
      <mem type="allocate" free="3566840" total="7798784" percent="45" />
      <mem type="survivor" free="0" total="7012352" percent="0" />
    </mem>
    <mem type="tenure" free="6276232" total="20905984" percent="30">
      <mem type="soa" free="5230728" total="19860480" percent="26" />
      <mem type="loa" free="1045504" total="1045504" percent="100" />
    </mem>
    <remembered-set count="978" />
  </mem-info>
</gc-end>
<cycle-end id="1001" type="scavenge" contextid="995" timestamp="2025-12-12T03:59:36.248" />
<allocation-satisfied id="1002" threadId="0000000000831900" bytesRequested="3136" />
<af-end id="1003" timestamp="2025-12-12T03:59:36.250" threadId="0000000000832378" success="true" from="nursery"/>
<exclusive-end id="1004" timestamp="2025-12-12T03:59:36.251" durationms="15.606" />

<exclusive-start id="1005" timestamp="2025-12-12T03:59:36.282" intervalms="46.606">
  <response-info timems="0.041" idlems="0.041" threads="0" lastid="0000000000831900" lastname="Default Executor-thread-1" />
</exclusive-start>
<af-start id="1006" threadId="0000000000832378" totalBytesRequested="520" timestamp="2025-12-12T03:59:36.282" intervalms="46.477" type="nursery" />
<cycle-start id="1007" type="scavenge" contextid="0" timestamp="2025-12-12T03:59:36.283" intervalms="46.344" />
<gc-start id="1008" type="scavenge" contextid="1007" timestamp="2025-12-12T03:59:36.284">
  <mem-info id="1009" free="6275208" total="35717120" percent="17">
    <mem type="nursery" free="0" total="14811136" percent="0">
      <mem type="allocate" free="0" total="7798784" percent="0" />
      <mem type="survivor" free="0" total="7012352" percent="0" />
    </mem>
    <mem type="tenure" free="6275208" total="20905984" percent="30">
      <mem type="soa" free="5229704" total="19860480" percent="26" />
      <mem type="loa" free="1045504" total="1045504" percent="100" />
    </mem>
    <remembered-set count="1081" />
  </mem-info>
</gc-start>
<allocation-stats totalBytes="3565848" discardedBytes="1264" >
  <allocated-bytes non-tlh="3408" tlh="3562440" />
  <largest-consumer threadName="Default Executor-thread-1" threadId="0000000000831900" bytes="3520840" />
</allocation-stats>
<gc-op id="1010" type="scavenge" timems="4.270" contextid="1007" timestamp="2025-12-12T03:59:36.289">
  <scavenger-info tenureage="4" tenuremask="fff0" tiltratio="52" />
  <memory-copied type="nursery" objects="69130" bytes="4424080" bytesdiscarded="56664" />
  <ownableSynchronizers candidates="314" cleared="57" />
  <references type="weak" candidates="1" cleared="0" enqueued="0" />
  <references type="phantom" candidates="303" cleared="0" enqueued="0" />
  <object-monitors candidates="21" cleared="0"  />
</gc-op>
<heap-resize id="1011" type="expand" space="nursery" amount="1310720" count="1" timems="0.088" reason="excessive time being spent scavenging" timestamp="2025-12-12T03:59:36.290" />
<gc-end id="1012" type="scavenge" contextid="1007" durationms="7.790" usertimems="12.625" systemtimems="0.000" stalltimems="4.933" timestamp="2025-12-12T03:59:36.291" activeThreads="4">
  <mem-info id="1013" free="11226744" total="37027840" percent="30">
    <mem type="nursery" free="4951536" total="16121856" percent="30">
      <mem type="allocate" free="4951536" total="9437184" percent="52" />
      <mem type="survivor" free="0" total="6684672" percent="0" />
    </mem>
    <mem type="tenure" free="6275208" total="20905984" percent="30">
      <mem type="soa" free="5229704" total="19860480" percent="26" />
      <mem type="loa" free="1045504" total="1045504" percent="100" />
    </mem>
    <remembered-set count="1034" />
  </mem-info>
</gc-end>
<cycle-end id="1014" type="scavenge" contextid="1007" timestamp="2025-12-12T03:59:36.292" />
<allocation-satisfied id="1015" threadId="0000000000831900" bytesRequested="520" />
<af-end id="1016" timestamp="2025-12-12T03:59:36.293" threadId="0000000000832378" success="true" from="nursery"/>
<exclusive-end id="1017" timestamp="2025-12-12T03:59:36.294" durationms="12.033" />

<exclusive-start id="1018" timestamp="2025-12-12T03:59:36.419" intervalms="136.652">
  <response-info timems="0.039" idlems="0.039" threads="0" lastid="0000000000831900" lastname="Default Executor-thread-1" />
</exclusive-start>
<af-start id="1019" threadId="0000000000832378" totalBytesRequested="208" timestamp="2025-12-12T03:59:36.419" intervalms="136.585" type="nursery" />
<cycle-start id="1020" type="scavenge" contextid="0" timestamp="2025-12-12T03:59:36.420" intervalms="136.612" />
<gc-start id="1021" type="scavenge" contextid="1020" timestamp="2025-12-12T03:59:36.420">
  <mem-info id="1022" free="6275024" total="37027840" percent="16">
    <mem type="nursery" free="0" total="16121856" percent="0">
      <mem type="allocate" free="0" total="9437184" percent="0" />
      <mem type="survivor" free="0" total="6684672" percent="0" />
    </mem>
    <mem type="tenure" free="6275024" total="20905984" percent="30">
      <mem type="soa" free="5229520" total="19860480" percent="26" />
      <mem type="loa" free="1045504" total="1045504" percent="100" />
    </mem>
    <remembered-set count="1174" />
  </mem-info>
</gc-start>
<allocation-stats totalBytes="4951264" discardedBytes="456" >
  <allocated-bytes non-tlh="704" tlh="4950560" />
  <largest-consumer threadName="Default Executor-thread-1" threadId="0000000000831900" bytes="4914440" />
</allocation-stats>
<gc-op id="1023" type="scavenge" timems="5.027" contextid="1020" timestamp="2025-12-12T03:59:36.427">
  <scavenger-info tenureage="2" tenuremask="ffe4" tiltratio="58" />
  <memory-copied type="nursery" objects="42420" bytes="2407160" bytesdiscarded="213792" />
  <memory-copied type="tenure" objects="34728" bytes="2131928" bytesdiscarded="4768" />
  <ownableSynchronizers candidates="314" cleared="33" />
  <references type="weak" candidates="2" cleared="0" enqueued="0" />
  <references type="phantom" candidates="96" cleared="0" enqueued="0" />
  <object-monitors candidates="21" cleared="0"  />
</gc-op>
<gc-end id="1024" type="scavenge" contextid="1020" durationms="7.465" usertimems="16.033" systemtimems="0.020" stalltimems="4.747" timestamp="2025-12-12T03:59:36.428" activeThreads="4">
  <mem-info id="1025" free="11431432" total="37027840" percent="30">
    <mem type="nursery" free="7534592" total="16121856" percent="46">
      <mem type="allocate" free="7534592" total="10158080" percent="74" />
      <mem type="survivor" free="0" total="5963776" percent="0" />
    </mem>
    <mem type="tenure" free="3896840" total="20905984" percent="18">
      <mem type="soa" free="2851336" total="19860480" percent="14" />
      <mem type="loa" free="1045504" total="1045504" percent="100" />
    </mem>
    <remembered-set count="1226" />
  </mem-info>
</gc-end>
<cycle-end id="1026" type="scavenge" contextid="1020" timestamp="2025-12-12T03:59:36.429" />
<allocation-satisfied id="1027" threadId="0000000000831900" bytesRequested="208" />
<af-end id="1028" timestamp="2025-12-12T03:59:36.431" threadId="0000000000832378" success="true" from="nursery"/>
<exclusive-end id="1029" timestamp="2025-12-12T03:59:36.433" durationms="14.029" />

<exclusive-start id="1030" timestamp="2025-12-12T03:59:36.549" intervalms="130.799">
  <response-info timems="0.066" idlems="0.066" threads="0" lastid="0000000000831900" lastname="Default Executor-thread-1" />
</exclusive-start>
<af-start id="1031" threadId="0000000000832378" totalBytesRequested="12664" timestamp="2025-12-12T03:59:36.550" intervalms="131.193" type="nursery" />
<cycle-start id="1032" type="scavenge" contextid="0" timestamp="2025-12-12T03:59:36.551" intervalms="131.403" />
<gc-start id="1033" type="scavenge" contextid="1032" timestamp="2025-12-12T03:59:36.552">
  <mem-info id="1034" free="3896576" total="37027840" percent="10">
    <mem type="nursery" free="0" total="16121856" percent="0">
      <mem type="allocate" free="0" total="10158080" percent="0" />
      <mem type="survivor" free="0" total="5963776" percent="0" />
    </mem>
    <mem type="tenure" free="3896576" total="20905984" percent="18">
      <mem type="soa" free="2851072" total="19860480" percent="14" />
      <mem type="loa" free="1045504" total="1045504" percent="100" />
    </mem>
    <remembered-set count="1904" />
  </mem-info>
</gc-start>
<allocation-stats totalBytes="7519928" discardedBytes="14928" >
  <allocated-bytes non-tlh="472" tlh="7519456" />
  <largest-consumer threadName="Default Executor-thread-1" threadId="0000000000831900" bytes="7438216" />
</allocation-stats>
<gc-op id="1035" type="scavenge" timems="5.499" contextid="1032" timestamp="2025-12-12T03:59:36.559">
  <scavenger-info tenureage="5" tenuremask="ffe0" tiltratio="63" />
  <memory-copied type="nursery" objects="43126" bytes="2543808" bytesdiscarded="38872" />
  <memory-copied type="tenure" objects="14612" bytes="623480" bytesdiscarded="424" />
  <ownableSynchronizers candidates="286" cleared="87" />
  <references type="weak" candidates="1" cleared="0" enqueued="0" />
  <references type="phantom" candidates="176" cleared="0" enqueued="0" />
  <object-monitors candidates="21" cleared="0"  />
</gc-op>
<gc-end id="1036" type="scavenge" contextid="1032" durationms="7.796" usertimems="15.007" systemtimems="2.552" stalltimems="4.506" timestamp="2025-12-12T03:59:36.560" activeThreads="4">
  <mem-info id="1037" free="11159752" total="37027840" percent="30">
    <mem type="nursery" free="8096768" total="16121856" percent="50">
      <mem type="allocate" free="8096768" total="10682368" percent="75" />
      <mem type="survivor" free="0" total="5439488" percent="0" />
    </mem>
    <mem type="tenure" free="3062984" total="20905984" percent="14">
      <mem type="soa" free="2017480" total="19860480" percent="10" />
      <mem type="loa" free="1045504" total="1045504" percent="100" />
    </mem>
    <remembered-set count="1325" />
  </mem-info>
</gc-end>
<cycle-end id="1038" type="scavenge" contextid="1032" timestamp="2025-12-12T03:59:36.561" />
<allocation-satisfied id="1039" threadId="0000000000831900" bytesRequested="12664" />
<af-end id="1040" timestamp="2025-12-12T03:59:36.562" threadId="0000000000832378" success="true" from="nursery"/>
<exclusive-end id="1041" timestamp="2025-12-12T03:59:36.563" durationms="13.574" />

<concurrent-kickoff id="1042" timestamp="2025-12-12T03:59:36.700">
  <kickoff reason="threshold reached" targetBytes="8834089" thresholdFreeBytes="1224623"  remainingFree="1067136" tenureFreeBytes="3061160" nurseryFreeBytes="1067136" />
</concurrent-kickoff>
<exclusive-start id="1043" timestamp="2025-12-12T03:59:36.701" intervalms="151.283">
  <response-info timems="0.038" idlems="0.038" threads="0" lastid="0000000000831900" lastname="Default Executor-thread-1" />
</exclusive-start>
<cycle-start id="1044" type="global" contextid="0" timestamp="2025-12-12T03:59:36.701" intervalms="553.903" />
<concurrent-start id="1045" type="global mark" contextid="1044" timestamp="2025-12-12T03:59:36.701">
</concurrent-start>
<exclusive-end id="1046" timestamp="2025-12-12T03:59:36.702" durationms="1.635" />

<exclusive-start id="1047" timestamp="2025-12-12T03:59:36.722" intervalms="21.872">
  <response-info timems="0.099" idlems="0.099" threads="0" lastid="0000000000831900" lastname="Default Executor-thread-1" />
</exclusive-start>
<af-start id="1048" threadId="0000000000832378" totalBytesRequested="16392" timestamp="2025-12-12T03:59:36.723" intervalms="172.589" type="nursery" />
<cycle-start id="1049" type="scavenge" contextid="0" timestamp="2025-12-12T03:59:36.723" intervalms="172.156" />
<gc-start id="1050" type="scavenge" contextid="1049" timestamp="2025-12-12T03:59:36.724">
  <mem-info id="1051" free="3061160" total="37027840" percent="8">
    <mem type="nursery" free="0" total="16121856" percent="0">
      <mem type="allocate" free="0" total="10682368" percent="0" />
      <mem type="survivor" free="0" total="5439488" percent="0" />
    </mem>
    <mem type="tenure" free="3061160" total="20905984" percent="14">
      <mem type="soa" free="2015656" total="19860480" percent="10" />
      <mem type="loa" free="1045504" total="1045504" percent="100" />
    </mem>
    <remembered-set count="1595" />
  </mem-info>
</gc-start>
<allocation-stats totalBytes="8088400" discardedBytes="10192" >
  <allocated-bytes non-tlh="580256" tlh="7508144" />
  <largest-consumer threadName="Default Executor-thread-1" threadId="0000000000831900" bytes="8031104" />
</allocation-stats>
<gc-op id="1052" type="scavenge" timems="2.771" contextid="1049" timestamp="2025-12-12T03:59:36.727">
  <scavenger-info tenureage="3" tenuremask="ff98" tiltratio="66" />
  <memory-copied type="nursery" objects="43726" bytes="2937728" bytesdiscarded="88048" />
  <memory-copied type="tenure" objects="8525" bytes="599608" bytesdiscarded="696" />
  <ownableSynchronizers candidates="231" cleared="45" />
  <references type="weak" candidates="4" cleared="1" enqueued="1" />
  <references type="phantom" candidates="169" cleared="0" enqueued="0" />
  <object-monitors candidates="21" cleared="0"  />
</gc-op>
<gc-end id="1053" type="scavenge" contextid="1049" durationms="3.859" usertimems="3.717" systemtimems="5.057" stalltimems="2.973" timestamp="2025-12-12T03:59:36.727" activeThreads="4">
  <mem-info id="1054" free="10151528" total="37027840" percent="27">
    <mem type="nursery" free="7915928" total="16121856" percent="49">
      <mem type="allocate" free="7915928" total="10944512" percent="72" />
      <mem type="survivor" free="0" total="5177344" percent="0" />
    </mem>
    <mem type="tenure" free="2235600" total="20905984" percent="10">
      <mem type="soa" free="1190096" total="19860480" percent="5" />
      <mem type="loa" free="1045504" total="1045504" percent="100" />
    </mem>
    <pending-finalizers system="0" default="0" reference="1" classloader="0" />
    <remembered-set count="1417" />
  </mem-info>
</gc-end>
<cycle-end id="1055" type="scavenge" contextid="1049" timestamp="2025-12-12T03:59:36.728" />
<allocation-satisfied id="1056" threadId="0000000000831900" bytesRequested="16392" />
<af-end id="1057" timestamp="2025-12-12T03:59:36.729" threadId="0000000000832378" success="true" from="nursery"/>
<exclusive-end id="1058" timestamp="2025-12-12T03:59:36.730" durationms="7.058" />

<concurrent-end id="1059" type="global mark" contextid="1044" timestamp="2025-12-12T03:59:36.730">
<gc-op id="1060" type="trace" timems="28.948" contextid="1044" timestamp="2025-12-12T03:59:36.730">
  <trace bytesTraced="9583736" workStackOverflowCount="0" />
  <card-cleaning reason="card cleaning threshold reached" bytesTraced="7608" cardsCleaned="79" />
</gc-op>
</concurrent-end>

<exclusive-start id="1061" timestamp="2025-12-12T03:59:36.731" intervalms="8.868">
  <response-info timems="0.029" idlems="0.029" threads="0" lastid="0000000000831900" lastname="Default Executor-thread-1" />
</exclusive-start>
<concurrent-global-final id="1062" timestamp="2025-12-12T03:59:36.732" contextid="1044" intervalms="1351.988" >
  <concurrent-trace-info reason="card cleaning threshold reached" tracedByMutators="3001124" tracedByHelpers="6590220" cardsCleaned="79" workStackOverflowCount="0" />
</concurrent-global-final>
<gc-start id="1063" type="global" contextid="1044" timestamp="2025-12-12T03:59:36.732">
  <mem-info id="1064" free="9754208" total="37027840" percent="26">
    <mem type="nursery" free="7518608" total="16121856" percent="46">
      <mem type="allocate" free="7518608" total="10944512" percent="68" />
      <mem type="survivor" free="0" total="5177344" percent="0" />
    </mem>
    <mem type="tenure" free="2235600" total="20905984" percent="10">
      <mem type="soa" free="1190096" total="19860480" percent="5" />
      <mem type="loa" free="1045504" total="1045504" percent="100" />
    </mem>
    <remembered-set count="1418" />
  </mem-info>
</gc-start>
<allocation-stats totalBytes="397296" discardedBytes="24" >
  <allocated-bytes non-tlh="16392" tlh="380904" />
  <largest-consumer threadName="Default Executor-thread-1" threadId="0000000000831900" bytes="397296" />
</allocation-stats>
<gc-op id="1065" type="rs-scan" timems="2.717" contextid="1044" timestamp="2025-12-12T03:59:36.737">
  <scan objectsFound="54344" bytesTraced="1599044" workStackOverflowCount="0" />
</gc-op>
<gc-op id="1066" type="card-cleaning" timems="1.944" contextid="1044" timestamp="2025-12-12T03:59:36.739">
  <card-cleaning cardsCleaned="50" bytesTraced="55212" workStackOverflowCount="0" />
</gc-op>
<gc-op id="1067" type="mark" timems="6.064" contextid="1044" timestamp="2025-12-12T03:59:36.746">
  <trace-info objectcount="574" scancount="454" scanbytes="11444" />
  <finalization candidates="733" enqueued="0" />
  <ownableSynchronizers candidates="1065" cleared="4" />
  <references type="soft" candidates="4490" cleared="0" enqueued="0" dynamicThreshold="9" maxThreshold="32" />
  <references type="weak" candidates="1311" cleared="0" enqueued="0" />
  <references type="phantom" candidates="358" cleared="0" enqueued="0" />
  <stringconstants candidates="12796" cleared="8"  />
  <object-monitors candidates="21" cleared="0"  />
</gc-op>
<gc-op id="1068" type="sweep" timems="3.001" contextid="1044" timestamp="2025-12-12T03:59:36.752" />
<heap-resize id="1069" type="expand" space="tenure" amount="3735552" count="1" timems="0.070" reason="insufficient free space following gc" timestamp="2025-12-12T03:59:36.756" />
<gc-end id="1070" type="global" contextid="1044" durationms="27.057" usertimems="12.787" systemtimems="20.954" stalltimems="107.609" timestamp="2025-12-12T03:59:36.759" activeThreads="17">
  <mem-info id="1071" free="15405288" total="40763392" percent="37">
    <mem type="nursery" free="7971824" total="16121856" percent="49">
      <mem type="allocate" free="7971824" total="10944512" percent="72" />
      <mem type="survivor" free="0" total="5177344" percent="0" />
    </mem>
    <mem type="tenure" free="7433464" total="24641536" percent="30" micro-fragmented="315995" macro-fragmented="0">
      <mem type="soa" free="6200568" total="23408640" percent="26" />
      <mem type="loa" free="1232896" total="1232896" percent="100" />
    </mem>
    <remembered-set count="1389" />
  </mem-info>
</gc-end>
<cycle-end id="1072" type="global" contextid="1044" timestamp="2025-12-12T03:59:36.763" />
<exclusive-end id="1073" timestamp="2025-12-12T03:59:36.771" durationms="40.044" />

<exclusive-start id="1074" timestamp="2025-12-12T03:59:36.824" intervalms="92.821">
  <response-info timems="0.042" idlems="0.042" threads="0" lastid="0000000000589A00" lastname="Framework Event Dispatcher: Equinox Container: e0e1462d-9c03-4a" />
</exclusive-start>
<af-start id="1075" threadId="000000000058A478" totalBytesRequested="16" timestamp="2025-12-12T03:59:36.826" intervalms="102.850" type="nursery" />
<cycle-start id="1076" type="scavenge" contextid="0" timestamp="2025-12-12T03:59:36.827" intervalms="104.150" />
<gc-start id="1077" type="scavenge" contextid="1076" timestamp="2025-12-12T03:59:36.828">
  <mem-info id="1078" free="7433368" total="40763392" percent="18">
    <mem type="nursery" free="0" total="16121856" percent="0">
      <mem type="allocate" free="0" total="10944512" percent="0" />
      <mem type="survivor" free="0" total="5177344" percent="0" />
    </mem>
    <mem type="tenure" free="7433368" total="24641536" percent="30">
      <mem type="soa" free="6200472" total="23408640" percent="26" />
      <mem type="loa" free="1232896" total="1232896" percent="100" />
    </mem>
    <remembered-set count="1955" />
  </mem-info>
</gc-start>
<allocation-stats totalBytes="7970288" discardedBytes="1632" >
  <allocated-bytes non-tlh="212880" tlh="7757408" />
  <largest-consumer threadName="Default Executor-thread-1" threadId="0000000000831900" bytes="7884304" />
</allocation-stats>
<gc-op id="1079" type="scavenge" timems="6.622" contextid="1076" timestamp="2025-12-12T03:59:36.836">
  <scavenger-info tenureage="2" tenuremask="784c" tiltratio="67" />
  <memory-copied type="nursery" objects="29134" bytes="2372512" bytesdiscarded="167336" />
  <memory-copied type="tenure" objects="34419" bytes="1899536" bytesdiscarded="4744" />
  <ownableSynchronizers candidates="2213" cleared="1968" />
  <references type="weak" candidates="1" cleared="0" enqueued="0" />
  <references type="phantom" candidates="190" cleared="0" enqueued="0" />
  <object-monitors candidates="21" cleared="0"  />
</gc-op>
<heap-resize id="1080" type="expand" space="nursery" amount="1179648" count="1" timems="0.174" reason="excessive time being spent scavenging" timestamp="2025-12-12T03:59:36.843" />
<gc-end id="1081" type="scavenge" contextid="1076" durationms="19.431" usertimems="17.762" systemtimems="4.518" stalltimems="4.876" timestamp="2025-12-12T03:59:36.848" activeThreads="4">
  <mem-info id="1082" free="14726736" total="41943040" percent="35">
    <mem type="nursery" free="9450704" total="17301504" percent="54">
      <mem type="allocate" free="9450704" total="11993088" percent="78" />
      <mem type="survivor" free="0" total="5308416" percent="0" />
    </mem>
    <mem type="tenure" free="5276032" total="24641536" percent="21">
      <mem type="soa" free="4043136" total="23408640" percent="17" />
      <mem type="loa" free="1232896" total="1232896" percent="100" />
    </mem>
    <remembered-set count="855" />
  </mem-info>
</gc-end>
<cycle-end id="1083" type="scavenge" contextid="1076" timestamp="2025-12-12T03:59:36.849" />
<allocation-satisfied id="1084" threadId="0000000000589A00" bytesRequested="16" />
<af-end id="1085" timestamp="2025-12-12T03:59:36.851" threadId="000000000058A478" success="true" from="nursery"/>
<exclusive-end id="1086" timestamp="2025-12-12T03:59:36.852" durationms="28.145" />

<exclusive-start id="1087" timestamp="2025-12-12T03:59:36.898" intervalms="73.755">
  <response-info timems="0.040" idlems="0.040" threads="0" lastid="0000000000831900" lastname="Default Executor-thread-1" />
</exclusive-start>
<af-start id="1088" threadId="0000000000832378" totalBytesRequested="16392" timestamp="2025-12-12T03:59:36.899" intervalms="72.851" type="nursery" />
<cycle-start id="1089" type="scavenge" contextid="0" timestamp="2025-12-12T03:59:36.899" intervalms="71.597" />
<gc-start id="1090" type="scavenge" contextid="1089" timestamp="2025-12-12T03:59:36.899">
  <mem-info id="1091" free="5275912" total="41943040" percent="12">
    <mem type="nursery" free="0" total="17301504" percent="0">
      <mem type="allocate" free="0" total="11993088" percent="0" />
      <mem type="survivor" free="0" total="5308416" percent="0" />
    </mem>
    <mem type="tenure" free="5275912" total="24641536" percent="21">
      <mem type="soa" free="4043016" total="23408640" percent="17" />
      <mem type="loa" free="1232896" total="1232896" percent="100" />
    </mem>
    <remembered-set count="1485" />
  </mem-info>
</gc-start>
<allocation-stats totalBytes="9435528" discardedBytes="15296" >
  <allocated-bytes non-tlh="136" tlh="9435392" />
  <largest-consumer threadName="Default Executor-thread-1" threadId="0000000000831900" bytes="9369992" />
</allocation-stats>
<gc-op id="1092" type="scavenge" timems="3.533" contextid="1089" timestamp="2025-12-12T03:59:36.905">
  <scavenger-info tenureage="11" tenuremask="7800" tiltratio="69" />
  <memory-copied type="nursery" objects="50742" bytes="3994984" bytesdiscarded="105832" />
  <ownableSynchronizers candidates="290" cleared="96" />
  <references type="weak" candidates="2" cleared="0" enqueued="0" />
  <references type="phantom" candidates="288" cleared="0" enqueued="0" />
  <object-monitors candidates="21" cleared="0"  />
</gc-op>
<heap-resize id="1093" type="expand" space="nursery" amount="917504" count="1" timems="0.039" reason="excessive time being spent scavenging" timestamp="2025-12-12T03:59:36.907" />
<gc-end id="1094" type="scavenge" contextid="1089" durationms="8.659" usertimems="10.599" systemtimems="0.000" stalltimems="4.285" timestamp="2025-12-12T03:59:36.908" activeThreads="4">
  <mem-info id="1095" free="12443472" total="42860544" percent="29">
    <mem type="nursery" free="7167560" total="18219008" percent="39">
      <mem type="allocate" free="7167560" total="11272192" percent="63" />
      <mem type="survivor" free="0" total="6946816" percent="0" />
    </mem>
    <mem type="tenure" free="5275912" total="24641536" percent="21">
      <mem type="soa" free="4043016" total="23408640" percent="17" />
      <mem type="loa" free="1232896" total="1232896" percent="100" />
    </mem>
    <remembered-set count="1167" />
  </mem-info>
</gc-end>
<cycle-end id="1096" type="scavenge" contextid="1089" timestamp="2025-12-12T03:59:36.909" />
<allocation-satisfied id="1097" threadId="0000000000831900" bytesRequested="16392" />
<af-end id="1098" timestamp="2025-12-12T03:59:36.909" threadId="0000000000832378" success="true" from="nursery"/>
<exclusive-end id="1099" timestamp="2025-12-12T03:59:36.909" durationms="11.570" />

<exclusive-start id="1100" timestamp="2025-12-12T03:59:36.964" intervalms="65.808">
  <response-info timems="0.052" idlems="0.052" threads="0" lastid="0000000000831900" lastname="Default Executor-thread-1" />
</exclusive-start>
<af-start id="1101" threadId="0000000000832378" totalBytesRequested="528" timestamp="2025-12-12T03:59:36.964" intervalms="65.651" type="nursery" />
<cycle-start id="1102" type="scavenge" contextid="0" timestamp="2025-12-12T03:59:36.965" intervalms="65.613" />
<gc-start id="1103" type="scavenge" contextid="1102" timestamp="2025-12-12T03:59:36.965">
  <mem-info id="1104" free="5273576" total="42860544" percent="12">
    <mem type="nursery" free="0" total="18219008" percent="0">
      <mem type="allocate" free="0" total="11272192" percent="0" />
      <mem type="survivor" free="0" total="6946816" percent="0" />
    </mem>
    <mem type="tenure" free="5273576" total="24641536" percent="21">
      <mem type="soa" free="4040680" total="23408640" percent="17" />
      <mem type="loa" free="1232896" total="1232896" percent="100" />
    </mem>
    <remembered-set count="2252" />
  </mem-info>
</gc-start>
<allocation-stats totalBytes="7168360" discardedBytes="1536" >
  <allocated-bytes non-tlh="18728" tlh="7149632" />
  <largest-consumer threadName="Default Executor-thread-1" threadId="0000000000831900" bytes="7102896" />
</allocation-stats>
<gc-op id="1105" type="scavenge" timems="4.803" contextid="1102" timestamp="2025-12-12T03:59:36.971">
  <scavenger-info tenureage="2" tenuremask="7c0c" tiltratio="61" />
  <memory-copied type="nursery" objects="37458" bytes="2543240" bytesdiscarded="150912" />
  <memory-copied type="tenure" objects="28448" bytes="1554456" bytesdiscarded="896" />
  <finalization candidates="8" enqueued="8" />
  <ownableSynchronizers candidates="319" cleared="75" />
  <references type="soft" candidates="8" cleared="0" enqueued="0" dynamicThreshold="9" maxThreshold="32" />
  <references type="weak" candidates="24" cleared="16" enqueued="16" />
  <references type="phantom" candidates="178" cleared="4" enqueued="4" />
  <object-monitors candidates="21" cleared="0"  />
</gc-op>
<heap-resize id="1106" type="expand" space="nursery" amount="786432" count="1" timems="0.034" reason="excessive time being spent scavenging" timestamp="2025-12-12T03:59:36.971" />
<gc-end id="1107" type="scavenge" contextid="1102" durationms="6.688" usertimems="5.582" systemtimems="9.016" stalltimems="5.771" timestamp="2025-12-12T03:59:36.972" activeThreads="4">
  <mem-info id="1108" free="13397472" total="43646976" percent="30">
    <mem type="nursery" free="9754576" total="19005440" percent="51">
      <mem type="allocate" free="9754576" total="12451840" percent="78" />
      <mem type="survivor" free="0" total="6553600" percent="0" />
    </mem>
    <mem type="tenure" free="3642896" total="24641536" percent="14">
      <mem type="soa" free="2410000" total="23408640" percent="10" />
      <mem type="loa" free="1232896" total="1232896" percent="100" />
    </mem>
    <pending-finalizers system="8" default="0" reference="20" classloader="0" />
    <remembered-set count="1040" />
  </mem-info>
</gc-end>
<cycle-end id="1109" type="scavenge" contextid="1102" timestamp="2025-12-12T03:59:36.974" />
<allocation-satisfied id="1110" threadId="0000000000831900" bytesRequested="528" />
<af-end id="1111" timestamp="2025-12-12T03:59:36.975" threadId="0000000000832378" success="true" from="nursery"/>
<exclusive-end id="1112" timestamp="2025-12-12T03:59:36.976" durationms="12.475" />

<concurrent-kickoff id="1113" timestamp="2025-12-12T03:59:37.026">
  <kickoff reason="threshold reached" targetBytes="10581109" thresholdFreeBytes="1466775"  remainingFree="1304528" tenureFreeBytes="3642896" nurseryFreeBytes="1304528" />
</concurrent-kickoff>
<exclusive-start id="1114" timestamp="2025-12-12T03:59:37.032" intervalms="67.813">
  <response-info timems="0.036" idlems="0.036" threads="0" lastid="0000000000831900" lastname="Default Executor-thread-1" />
</exclusive-start>
<cycle-start id="1115" type="global" contextid="0" timestamp="2025-12-12T03:59:37.037" intervalms="336.191" />
<concurrent-start id="1116" type="global mark" contextid="1115" timestamp="2025-12-12T03:59:37.042">
</concurrent-start>
<exclusive-end id="1117" timestamp="2025-12-12T03:59:37.046" durationms="14.088" />

<exclusive-start id="1118" timestamp="2025-12-12T03:59:37.068" intervalms="36.367">
  <response-info timems="0.044" idlems="0.044" threads="0" lastid="0000000000831900" lastname="Default Executor-thread-1" />
</exclusive-start>
<af-start id="1119" threadId="0000000000832378" totalBytesRequested="2064" timestamp="2025-12-12T03:59:37.071" intervalms="106.768" type="nursery" />
<cycle-start id="1120" type="scavenge" contextid="0" timestamp="2025-12-12T03:59:37.081" intervalms="116.057" />
<gc-start id="1121" type="scavenge" contextid="1120" timestamp="2025-12-12T03:59:37.090">
  <mem-info id="1122" free="3642896" total="43646976" percent="8">
    <mem type="nursery" free="0" total="19005440" percent="0">
      <mem type="allocate" free="0" total="12451840" percent="0" />
      <mem type="survivor" free="0" total="6553600" percent="0" />
    </mem>
    <mem type="tenure" free="3642896" total="24641536" percent="14">
      <mem type="soa" free="2410000" total="23408640" percent="10" />
      <mem type="loa" free="1232896" total="1232896" percent="100" />
    </mem>
    <remembered-set count="1620" />
  </mem-info>
</gc-start>
<allocation-stats totalBytes="9751552" discardedBytes="3024" >
  <allocated-bytes non-tlh="528" tlh="9751024" />
  <largest-consumer threadName="Default Executor-thread-1" threadId="0000000000831900" bytes="9751552" />
</allocation-stats>
<gc-op id="1123" type="scavenge" timems="5.576" contextid="1120" timestamp="2025-12-12T03:59:37.120">
  <scavenger-info tenureage="2" tenuremask="7c04" tiltratio="65" />
  <memory-copied type="nursery" objects="21287" bytes="1132776" bytesdiscarded="75640" />
  <memory-copied type="tenure" objects="21680" bytes="1613328" bytesdiscarded="888" />
  <ownableSynchronizers candidates="115" cleared="0" />
  <references type="soft" candidates="8" cleared="0" enqueued="0" dynamicThreshold="9" maxThreshold="32" />
  <references type="weak" candidates="8" cleared="0" enqueued="0" />
  <references type="phantom" candidates="77" cleared="0" enqueued="0" />
  <object-monitors candidates="21" cleared="0"  />
</gc-op>
<heap-resize id="1124" type="expand" space="nursery" amount="3145728" count="1" timems="0.564" reason="excessive time being spent scavenging" timestamp="2025-12-12T03:59:37.151" />
<gc-end id="1125" type="scavenge" contextid="1120" durationms="61.756" usertimems="8.292" systemtimems="6.939" stalltimems="4.172" timestamp="2025-12-12T03:59:37.152" activeThreads="4">
  <mem-info id="1126" free="16308080" total="46792704" percent="34">
    <mem type="nursery" free="14387832" total="22151168" percent="64">
      <mem type="allocate" free="14387832" total="15597568" percent="92" />
      <mem type="survivor" free="0" total="6553600" percent="0" />
    </mem>
    <mem type="tenure" free="1920248" total="24641536" percent="7">
      <mem type="soa" free="687352" total="23408640" percent="2" />
      <mem type="loa" free="1232896" total="1232896" percent="100" />
    </mem>
    <remembered-set count="776" />
  </mem-info>
</gc-end>
<cycle-end id="1127" type="scavenge" contextid="1120" timestamp="2025-12-12T03:59:37.153" />
<allocation-satisfied id="1128" threadId="0000000000831900" bytesRequested="2064" />
<af-end id="1129" timestamp="2025-12-12T03:59:37.154" threadId="0000000000832378" success="true" from="nursery"/>
<exclusive-end id="1130" timestamp="2025-12-12T03:59:37.155" durationms="86.891" />

<concurrent-end id="1131" type="global mark" contextid="1115" timestamp="2025-12-12T03:59:37.165">
<gc-op id="1132" type="trace" timems="122.943" contextid="1115" timestamp="2025-12-12T03:59:37.165">
  <trace bytesTraced="12000216" workStackOverflowCount="0" />
  <card-cleaning reason="card cleaning threshold reached" bytesTraced="236636" cardsCleaned="537" />
</gc-op>
</concurrent-end>

<exclusive-start id="1133" timestamp="2025-12-12T03:59:37.167" intervalms="99.308">
  <response-info timems="0.204" idlems="0.204" threads="0" lastid="0000000000831900" lastname="Default Executor-thread-1" />
</exclusive-start>
<concurrent-global-final id="1134" timestamp="2025-12-12T03:59:37.168" contextid="1115" intervalms="436.495" >
  <concurrent-trace-info reason="card cleaning threshold reached" tracedByMutators="5297948" tracedByHelpers="6938904" cardsCleaned="537" workStackOverflowCount="0" />
</concurrent-global-final>
<gc-start id="1135" type="global" contextid="1115" timestamp="2025-12-12T03:59:37.173">
  <mem-info id="1136" free="15572768" total="46792704" percent="33">
    <mem type="nursery" free="13652584" total="22151168" percent="61">
      <mem type="allocate" free="13652584" total="15597568" percent="87" />
      <mem type="survivor" free="0" total="6553600" percent="0" />
    </mem>
    <mem type="tenure" free="1920184" total="24641536" percent="7">
      <mem type="soa" free="687288" total="23408640" percent="2" />
      <mem type="loa" free="1232896" total="1232896" percent="100" />
    </mem>
    <remembered-set count="788" />
  </mem-info>
</gc-start>
<allocation-stats totalBytes="735224" discardedBytes="88" >
  <allocated-bytes non-tlh="2128" tlh="733096" />
  <largest-consumer threadName="Default Executor-thread-1" threadId="0000000000831900" bytes="731064" />
</allocation-stats>
<gc-op id="1137" type="rs-scan" timems="2.939" contextid="1115" timestamp="2025-12-12T03:59:37.177">
  <scan objectsFound="18931" bytesTraced="652524" workStackOverflowCount="0" />
</gc-op>
<gc-op id="1138" type="card-cleaning" timems="2.061" contextid="1115" timestamp="2025-12-12T03:59:37.180">
  <card-cleaning cardsCleaned="17" bytesTraced="8392" workStackOverflowCount="0" />
</gc-op>
<gc-op id="1139" type="mark" timems="7.497" contextid="1115" timestamp="2025-12-12T03:59:37.188">
  <trace-info objectcount="1267" scancount="1256" scanbytes="34640" />
  <finalization candidates="733" enqueued="0" />
  <ownableSynchronizers candidates="1271" cleared="0" />
  <references type="soft" candidates="4498" cleared="0" enqueued="0" dynamicThreshold="9" maxThreshold="32" />
  <references type="weak" candidates="1318" cleared="0" enqueued="0" />
  <references type="phantom" candidates="348" cleared="0" enqueued="0" />
  <stringconstants candidates="12803" cleared="1"  />
  <object-monitors candidates="21" cleared="0"  />
</gc-op>
<gc-op id="1140" type="sweep" timems="4.231" contextid="1115" timestamp="2025-12-12T03:59:37.193" />
<heap-resize id="1141" type="expand" space="tenure" amount="5373952" count="1" timems="1.228" reason="insufficient free space following gc" timestamp="2025-12-12T03:59:37.195" />
<gc-end id="1142" type="global" contextid="1115" durationms="23.208" usertimems="21.557" systemtimems="14.153" stalltimems="173.970" timestamp="2025-12-12T03:59:37.196" activeThreads="20">
  <mem-info id="1143" free="23614032" total="52166656" percent="45">
    <mem type="nursery" free="14607552" total="22151168" percent="65">
      <mem type="allocate" free="14607552" total="15597568" percent="93" />
      <mem type="survivor" free="0" total="6553600" percent="0" />
    </mem>
    <mem type="tenure" free="9006480" total="30015488" percent="30" micro-fragmented="349612" macro-fragmented="0">
      <mem type="soa" free="7505296" total="28514304" percent="26" />
      <mem type="loa" free="1501184" total="1501184" percent="100" />
    </mem>
    <remembered-set count="779" />
  </mem-info>
</gc-end>
<cycle-end id="1144" type="global" contextid="1115" timestamp="2025-12-12T03:59:37.198" />
<exclusive-end id="1145" timestamp="2025-12-12T03:59:37.199" durationms="31.504" />

<exclusive-start id="1146" timestamp="2025-12-12T03:59:37.246" intervalms="78.621">
  <response-info timems="0.039" idlems="0.039" threads="0" lastid="0000000000831900" lastname="Default Executor-thread-1" />
</exclusive-start>
<af-start id="1147" threadId="0000000000832378" totalBytesRequested="144" timestamp="2025-12-12T03:59:37.247" intervalms="175.701" type="nursery" />
<cycle-start id="1148" type="scavenge" contextid="0" timestamp="2025-12-12T03:59:37.247" intervalms="166.648" />
<gc-start id="1149" type="scavenge" contextid="1148" timestamp="2025-12-12T03:59:37.248">
  <mem-info id="1150" free="9006480" total="52166656" percent="17">
    <mem type="nursery" free="0" total="22151168" percent="0">
      <mem type="allocate" free="0" total="15597568" percent="0" />
      <mem type="survivor" free="0" total="6553600" percent="0" />
    </mem>
    <mem type="tenure" free="9006480" total="30015488" percent="30">
      <mem type="soa" free="7505296" total="28514304" percent="26" />
      <mem type="loa" free="1501184" total="1501184" percent="100" />
    </mem>
    <remembered-set count="1417" />
  </mem-info>
</gc-start>
<allocation-stats totalBytes="14603512" discardedBytes="4040" >
  <allocated-bytes non-tlh="8208" tlh="14595304" />
  <largest-consumer threadName="Default Executor-thread-1" threadId="0000000000831900" bytes="14591224" />
</allocation-stats>
<gc-op id="1151" type="scavenge" timems="3.150" contextid="1148" timestamp="2025-12-12T03:59:37.252">
  <scavenger-info tenureage="11" tenuremask="7800" tiltratio="70" />
  <memory-copied type="nursery" objects="28718" bytes="1603312" bytesdiscarded="79760" />
  <ownableSynchronizers candidates="2493" cleared="2440" />
  <references type="soft" candidates="8" cleared="0" enqueued="0" dynamicThreshold="9" maxThreshold="32" />
  <references type="weak" candidates="8" cleared="0" enqueued="0" />
  <references type="phantom" candidates="77" cleared="0" enqueued="0" />
  <object-monitors candidates="21" cleared="0"  />
</gc-op>
<gc-end id="1152" type="scavenge" contextid="1148" durationms="5.035" usertimems="3.766" systemtimems="2.818" stalltimems="2.965" timestamp="2025-12-12T03:59:37.253" activeThreads="3">
  <mem-info id="1153" free="24426984" total="52166656" percent="46">
    <mem type="nursery" free="15420504" total="22151168" percent="69">
      <mem type="allocate" free="15420504" total="17104896" percent="90" />
      <mem type="survivor" free="0" total="5046272" percent="0" />
    </mem>
    <mem type="tenure" free="9006480" total="30015488" percent="30">
      <mem type="soa" free="7505296" total="28514304" percent="26" />
      <mem type="loa" free="1501184" total="1501184" percent="100" />
    </mem>
    <remembered-set count="974" />
  </mem-info>
</gc-end>
<cycle-end id="1154" type="scavenge" contextid="1148" timestamp="2025-12-12T03:59:37.254" />
<allocation-satisfied id="1155" threadId="0000000000831900" bytesRequested="144" />
<af-end id="1156" timestamp="2025-12-12T03:59:37.255" threadId="0000000000832378" success="true" from="nursery"/>
<exclusive-end id="1157" timestamp="2025-12-12T03:59:37.256" durationms="9.973" />

<exclusive-start id="1158" timestamp="2025-12-12T03:59:37.323" intervalms="77.372">
  <response-info timems="0.046" idlems="0.046" threads="0" lastid="0000000000831900" lastname="Default Executor-thread-1" />
</exclusive-start>
<af-start id="1159" threadId="0000000000832378" totalBytesRequested="1040" timestamp="2025-12-12T03:59:37.324" intervalms="77.764" type="nursery" />
<cycle-start id="1160" type="scavenge" contextid="0" timestamp="2025-12-12T03:59:37.325" intervalms="77.870" />
<gc-start id="1161" type="scavenge" contextid="1160" timestamp="2025-12-12T03:59:37.326">
  <mem-info id="1162" free="9005552" total="52166656" percent="17">
    <mem type="nursery" free="0" total="22151168" percent="0">
      <mem type="allocate" free="0" total="17104896" percent="0" />
      <mem type="survivor" free="0" total="5046272" percent="0" />
    </mem>
    <mem type="tenure" free="9005552" total="30015488" percent="30">
      <mem type="soa" free="7504368" total="28514304" percent="26" />
      <mem type="loa" free="1501184" total="1501184" percent="100" />
    </mem>
    <remembered-set count="1984" />
  </mem-info>
</gc-start>
<allocation-stats totalBytes="15420456" discardedBytes="976" >
  <allocated-bytes non-tlh="1072" tlh="15419384" />
  <largest-consumer threadName="Default Executor-thread-1" threadId="0000000000831900" bytes="15420456" />
</allocation-stats>
<gc-op id="1163" type="scavenge" timems="3.386" contextid="1160" timestamp="2025-12-12T03:59:37.330">
  <scavenger-info tenureage="3" tenuremask="7008" tiltratio="77" />
  <memory-copied type="nursery" objects="26726" bytes="1191768" bytesdiscarded="82664" />
  <memory-copied type="tenure" objects="13598" bytes="734944" bytesdiscarded="4992" />
  <ownableSynchronizers candidates="53" cleared="0" />
  <references type="weak" candidates="3" cleared="3" enqueued="3" />
  <object-monitors candidates="21" cleared="0"  />
</gc-op>
<gc-end id="1164" type="scavenge" contextid="1160" durationms="4.932" usertimems="5.554" systemtimems="0.456" stalltimems="2.423" timestamp="2025-12-12T03:59:37.331" activeThreads="3">
  <mem-info id="1165" free="24638032" total="52166656" percent="47">
    <mem type="nursery" free="16420288" total="22151168" percent="74">
      <mem type="allocate" free="16420288" total="17694720" percent="92" />
      <mem type="survivor" free="0" total="4456448" percent="0" />
    </mem>
    <mem type="tenure" free="8217744" total="30015488" percent="27">
      <mem type="soa" free="6716560" total="28514304" percent="23" />
      <mem type="loa" free="1501184" total="1501184" percent="100" />
    </mem>
    <pending-finalizers system="0" default="0" reference="3" classloader="0" />
    <remembered-set count="1160" />
  </mem-info>
</gc-end>
<cycle-end id="1166" type="scavenge" contextid="1160" timestamp="2025-12-12T03:59:37.331" />
<allocation-satisfied id="1167" threadId="0000000000831900" bytesRequested="1040" />
<af-end id="1168" timestamp="2025-12-12T03:59:37.332" threadId="0000000000832378" success="true" from="nursery"/>
<exclusive-end id="1169" timestamp="2025-12-12T03:59:37.333" durationms="9.362" />

<exclusive-start id="1170" timestamp="2025-12-12T03:59:37.374" intervalms="50.878">
  <response-info timems="0.040" idlems="0.040" threads="0" lastid="0000000000831900" lastname="Default Executor-thread-1" />
</exclusive-start>
<af-start id="1171" threadId="0000000000832378" totalBytesRequested="272" timestamp="2025-12-12T03:59:37.375" intervalms="50.247" type="nursery" />
<cycle-start id="1172" type="scavenge" contextid="0" timestamp="2025-12-12T03:59:37.375" intervalms="50.120" />
<gc-start id="1173" type="scavenge" contextid="1172" timestamp="2025-12-12T03:59:37.376">
  <mem-info id="1174" free="8217744" total="52166656" percent="15">
    <mem type="nursery" free="0" total="22151168" percent="0">
      <mem type="allocate" free="0" total="17694720" percent="0" />
      <mem type="survivor" free="0" total="4456448" percent="0" />
    </mem>
    <mem type="tenure" free="8217744" total="30015488" percent="27">
      <mem type="soa" free="6716560" total="28514304" percent="23" />
      <mem type="loa" free="1501184" total="1501184" percent="100" />
    </mem>
    <remembered-set count="1617" />
  </mem-info>
</gc-start>
<allocation-stats totalBytes="16415560" discardedBytes="4728" >
  <allocated-bytes non-tlh="1040" tlh="16414520" />
  <largest-consumer threadName="Default Executor-thread-1" threadId="0000000000831900" bytes="16415560" />
</allocation-stats>
<gc-op id="1175" type="scavenge" timems="1.500" contextid="1172" timestamp="2025-12-12T03:59:37.378">
  <scavenger-info tenureage="13" tenuremask="6000" tiltratio="79" />
  <memory-copied type="nursery" objects="27577" bytes="839952" bytesdiscarded="55864" />
  <ownableSynchronizers candidates="2" cleared="0" />
  <object-monitors candidates="21" cleared="0"  />
</gc-op>
<heap-resize id="1176" type="expand" space="nursery" amount="917504" count="1" timems="0.035" reason="excessive time being spent scavenging" timestamp="2025-12-12T03:59:37.379" />
<gc-end id="1177" type="scavenge" contextid="1172" durationms="3.463" usertimems="3.014" systemtimems="0.797" stalltimems="0.902" timestamp="2025-12-12T03:59:37.379" activeThreads="3">
  <mem-info id="1178" free="26327368" total="53084160" percent="49">
    <mem type="nursery" free="18109624" total="23068672" percent="78">
      <mem type="allocate" free="18109624" total="19005440" percent="95" />
      <mem type="survivor" free="0" total="4063232" percent="0" />
    </mem>
    <mem type="tenure" free="8217744" total="30015488" percent="27">
      <mem type="soa" free="6716560" total="28514304" percent="23" />
      <mem type="loa" free="1501184" total="1501184" percent="100" />
    </mem>
    <remembered-set count="1308" />
  </mem-info>
</gc-end>
<cycle-end id="1179" type="scavenge" contextid="1172" timestamp="2025-12-12T03:59:37.380" />
<allocation-satisfied id="1180" threadId="0000000000831900" bytesRequested="272" />
<af-end id="1181" timestamp="2025-12-12T03:59:37.381" threadId="0000000000832378" success="true" from="nursery"/>
<exclusive-end id="1182" timestamp="2025-12-12T03:59:37.381" durationms="6.908" />

<exclusive-start id="1183" timestamp="2025-12-12T03:59:37.411" intervalms="36.544">
  <response-info timems="0.038" idlems="0.038" threads="0" lastid="0000000000831900" lastname="Default Executor-thread-1" />
</exclusive-start>
<af-start id="1184" threadId="0000000000832378" totalBytesRequested="4112" timestamp="2025-12-12T03:59:37.411" intervalms="36.593" type="nursery" />
<cycle-start id="1185" type="scavenge" contextid="0" timestamp="2025-12-12T03:59:37.412" intervalms="36.591" />
<gc-start id="1186" type="scavenge" contextid="1185" timestamp="2025-12-12T03:59:37.413">
  <mem-info id="1187" free="8217744" total="53084160" percent="15">
    <mem type="nursery" free="0" total="23068672" percent="0">
      <mem type="allocate" free="0" total="19005440" percent="0" />
      <mem type="survivor" free="0" total="4063232" percent="0" />
    </mem>
    <mem type="tenure" free="8217744" total="30015488" percent="27">
      <mem type="soa" free="6716560" total="28514304" percent="23" />
      <mem type="loa" free="1501184" total="1501184" percent="100" />
    </mem>
    <remembered-set count="1567" />
  </mem-info>
</gc-start>
<allocation-stats totalBytes="18103992" discardedBytes="5632" >
  <allocated-bytes non-tlh="272" tlh="18103720" />
  <largest-consumer threadName="Default Executor-thread-1" threadId="0000000000831900" bytes="18103992" />
</allocation-stats>
<gc-op id="1188" type="scavenge" timems="1.734" contextid="1185" timestamp="2025-12-12T03:59:37.415">
  <scavenger-info tenureage="14" tenuremask="4000" tiltratio="82" />
  <memory-copied type="nursery" objects="35169" bytes="1354608" bytesdiscarded="28760" />
  <ownableSynchronizers candidates="2" cleared="0" />
  <object-monitors candidates="21" cleared="0"  />
</gc-op>
<heap-resize id="1189" type="expand" space="nursery" amount="1048576" count="1" timems="0.040" reason="excessive time being spent scavenging" timestamp="2025-12-12T03:59:37.416" />
<gc-end id="1190" type="scavenge" contextid="1185" durationms="4.081" usertimems="4.724" systemtimems="0.000" stalltimems="0.677" timestamp="2025-12-12T03:59:37.417" activeThreads="3">
  <mem-info id="1191" free="27216072" total="54132736" percent="50">
    <mem type="nursery" free="18998328" total="24117248" percent="78">
      <mem type="allocate" free="18998328" total="20381696" percent="93" />
      <mem type="survivor" free="0" total="3735552" percent="0" />
    </mem>
    <mem type="tenure" free="8217744" total="30015488" percent="27">
      <mem type="soa" free="6716560" total="28514304" percent="23" />
      <mem type="loa" free="1501184" total="1501184" percent="100" />
    </mem>
    <remembered-set count="1377" />
  </mem-info>
</gc-end>
<cycle-end id="1192" type="scavenge" contextid="1185" timestamp="2025-12-12T03:59:37.417" />
<allocation-satisfied id="1193" threadId="0000000000831900" bytesRequested="4112" />
<af-end id="1194" timestamp="2025-12-12T03:59:37.419" threadId="0000000000832378" success="true" from="nursery"/>
<exclusive-end id="1195" timestamp="2025-12-12T03:59:37.420" durationms="9.475" />

<exclusive-start id="1196" timestamp="2025-12-12T03:59:37.452" intervalms="41.701">
  <response-info timems="0.042" idlems="0.042" threads="0" lastid="0000000000831900" lastname="Default Executor-thread-1" />
</exclusive-start>
<af-start id="1197" threadId="0000000000832378" totalBytesRequested="1040" timestamp="2025-12-12T03:59:37.457" intervalms="45.911" type="nursery" />
<cycle-start id="1198" type="scavenge" contextid="0" timestamp="2025-12-12T03:59:37.458" intervalms="45.897" />
<gc-start id="1199" type="scavenge" contextid="1198" timestamp="2025-12-12T03:59:37.458">
  <mem-info id="1200" free="8217632" total="54132736" percent="15">
    <mem type="nursery" free="0" total="24117248" percent="0">
      <mem type="allocate" free="0" total="20381696" percent="0" />
      <mem type="survivor" free="0" total="3735552" percent="0" />
    </mem>
    <mem type="tenure" free="8217632" total="30015488" percent="27">
      <mem type="soa" free="6716448" total="28514304" percent="23" />
      <mem type="loa" free="1501184" total="1501184" percent="100" />
    </mem>
    <remembered-set count="1978" />
  </mem-info>
</gc-start>
<allocation-stats totalBytes="18993176" discardedBytes="5264" >
  <allocated-bytes non-tlh="4224" tlh="18988952" />
  <largest-consumer threadName="Default Executor-thread-1" threadId="0000000000831900" bytes="18993176" />
</allocation-stats>
<gc-op id="1201" type="scavenge" timems="2.476" contextid="1198" timestamp="2025-12-12T03:59:37.462">
  <scavenger-info tenureage="14" tenuremask="4000" tiltratio="84" />
  <memory-copied type="nursery" objects="37774" bytes="1215400" bytesdiscarded="45712" />
  <finalization candidates="1" enqueued="1" />
  <ownableSynchronizers candidates="2" cleared="0" />
  <object-monitors candidates="21" cleared="0"  />
</gc-op>
<heap-resize id="1202" type="expand" space="nursery" amount="1048576" count="1" timems="0.031" reason="excessive time being spent scavenging" timestamp="2025-12-12T03:59:37.463" />
<gc-end id="1203" type="scavenge" contextid="1198" durationms="4.950" usertimems="4.757" systemtimems="1.226" stalltimems="1.733" timestamp="2025-12-12T03:59:37.463" activeThreads="3">
  <mem-info id="1204" free="28714472" total="55181312" percent="52">
    <mem type="nursery" free="20496840" total="25165824" percent="81">
      <mem type="allocate" free="20496840" total="21757952" percent="94" />
      <mem type="survivor" free="0" total="3407872" percent="0" />
    </mem>
    <mem type="tenure" free="8217632" total="30015488" percent="27">
      <mem type="soa" free="6716448" total="28514304" percent="23" />
      <mem type="loa" free="1501184" total="1501184" percent="100" />
    </mem>
    <pending-finalizers system="1" default="0" reference="0" classloader="0" />
    <remembered-set count="1582" />
  </mem-info>
</gc-end>
<cycle-end id="1205" type="scavenge" contextid="1198" timestamp="2025-12-12T03:59:37.464" />
<allocation-satisfied id="1206" threadId="0000000000831900" bytesRequested="1040" />
<af-end id="1207" timestamp="2025-12-12T03:59:37.465" threadId="0000000000832378" success="true" from="nursery"/>
<exclusive-end id="1208" timestamp="2025-12-12T03:59:37.466" durationms="13.829" />

<exclusive-start id="1209" timestamp="2025-12-12T03:59:37.503" intervalms="50.867">
  <response-info timems="0.043" idlems="0.043" threads="0" lastid="0000000000831900" lastname="Default Executor-thread-1" />
</exclusive-start>
<af-start id="1210" threadId="0000000000832378" totalBytesRequested="1040" timestamp="2025-12-12T03:59:37.504" intervalms="46.667" type="nursery" />
<cycle-start id="1211" type="scavenge" contextid="0" timestamp="2025-12-12T03:59:37.504" intervalms="46.630" />
<gc-start id="1212" type="scavenge" contextid="1211" timestamp="2025-12-12T03:59:37.505">
  <mem-info id="1213" free="8217632" total="55181312" percent="14">
    <mem type="nursery" free="0" total="25165824" percent="0">
      <mem type="allocate" free="0" total="21757952" percent="0" />
      <mem type="survivor" free="0" total="3407872" percent="0" />
    </mem>
    <mem type="tenure" free="8217632" total="30015488" percent="27">
      <mem type="soa" free="6716448" total="28514304" percent="23" />
      <mem type="loa" free="1501184" total="1501184" percent="100" />
    </mem>
    <remembered-set count="2566" />
  </mem-info>
</gc-start>
<allocation-stats totalBytes="20491808" discardedBytes="5032" >
  <allocated-bytes non-tlh="1040" tlh="20490768" />
  <largest-consumer threadName="Default Executor-thread-1" threadId="0000000000831900" bytes="20491808" />
</allocation-stats>
<gc-op id="1214" type="scavenge" timems="2.545" contextid="1211" timestamp="2025-12-12T03:59:37.508">
  <scavenger-info tenureage="14" tenuremask="4000" tiltratio="86" />
  <memory-copied type="nursery" objects="54932" bytes="2705144" bytesdiscarded="37264" />
  <ownableSynchronizers candidates="2" cleared="0" />
  <object-monitors candidates="21" cleared="0"  />
</gc-op>
<heap-resize id="1215" type="expand" space="nursery" amount="917504" count="1" timems="0.045" reason="excessive time being spent scavenging" timestamp="2025-12-12T03:59:37.509" />
<gc-end id="1216" type="scavenge" contextid="1211" durationms="4.577" usertimems="7.049" systemtimems="0.000" stalltimems="1.057" timestamp="2025-12-12T03:59:37.510" activeThreads="3">
  <mem-info id="1217" free="26512280" total="56098816" percent="47">
    <mem type="nursery" free="18294648" total="26083328" percent="70">
      <mem type="allocate" free="18294648" total="21037056" percent="86" />
      <mem type="survivor" free="0" total="5046272" percent="0" />
    </mem>
    <mem type="tenure" free="8217632" total="30015488" percent="27">
      <mem type="soa" free="6716448" total="28514304" percent="23" />
      <mem type="loa" free="1501184" total="1501184" percent="100" />
    </mem>
    <remembered-set count="1981" />
  </mem-info>
</gc-end>
<cycle-end id="1218" type="scavenge" contextid="1211" timestamp="2025-12-12T03:59:37.510" />
<allocation-satisfied id="1219" threadId="0000000000831900" bytesRequested="1040" />
<af-end id="1220" timestamp="2025-12-12T03:59:37.511" threadId="0000000000832378" success="true" from="nursery"/>
<exclusive-end id="1221" timestamp="2025-12-12T03:59:37.511" durationms="8.061" />

<exclusive-start id="1222" timestamp="2025-12-12T03:59:37.533" intervalms="30.299">
  <response-info timems="0.045" idlems="0.045" threads="0" lastid="0000000000831900" lastname="Default Executor-thread-1" />
</exclusive-start>
<af-start id="1223" threadId="0000000000832378" totalBytesRequested="264" timestamp="2025-12-12T03:59:37.534" intervalms="30.268" type="nursery" />
<cycle-start id="1224" type="scavenge" contextid="0" timestamp="2025-12-12T03:59:37.535" intervalms="30.285" />
<gc-start id="1225" type="scavenge" contextid="1224" timestamp="2025-12-12T03:59:37.535">
  <mem-info id="1226" free="8217632" total="56098816" percent="14">
    <mem type="nursery" free="0" total="26083328" percent="0">
      <mem type="allocate" free="0" total="21037056" percent="0" />
      <mem type="survivor" free="0" total="5046272" percent="0" />
    </mem>
    <mem type="tenure" free="8217632" total="30015488" percent="27">
      <mem type="soa" free="6716448" total="28514304" percent="23" />
      <mem type="loa" free="1501184" total="1501184" percent="100" />
    </mem>
    <remembered-set count="2124" />
  </mem-info>
</gc-start>
<allocation-stats totalBytes="18289504" discardedBytes="5144" >
  <allocated-bytes non-tlh="1040" tlh="18288464" />
  <largest-consumer threadName="Default Executor-thread-1" threadId="0000000000831900" bytes="18289504" />
</allocation-stats>
<gc-op id="1227" type="scavenge" timems="2.853" contextid="1224" timestamp="2025-12-12T03:59:37.540">
  <scavenger-info tenureage="14" tenuremask="4000" tiltratio="80" />
  <memory-copied type="nursery" objects="66801" bytes="2709248" bytesdiscarded="47112" />
  <ownableSynchronizers candidates="2" cleared="0" />
  <object-monitors candidates="21" cleared="0"  />
</gc-op>
<heap-resize id="1228" type="expand" space="nursery" amount="2097152" count="1" timems="0.043" reason="excessive time being spent scavenging" timestamp="2025-12-12T03:59:37.541" />
<gc-end id="1229" type="scavenge" contextid="1224" durationms="5.830" usertimems="1.525" systemtimems="6.634" stalltimems="0.572" timestamp="2025-12-12T03:59:37.541" activeThreads="3">
  <mem-info id="1230" free="29644056" total="58195968" percent="50">
    <mem type="nursery" free="21426424" total="28180480" percent="76">
      <mem type="allocate" free="21426424" total="24182784" percent="88" />
      <mem type="survivor" free="0" total="3997696" percent="0" />
    </mem>
    <mem type="tenure" free="8217632" total="30015488" percent="27">
      <mem type="soa" free="6716448" total="28514304" percent="23" />
      <mem type="loa" free="1501184" total="1501184" percent="100" />
    </mem>
    <remembered-set count="2030" />
  </mem-info>
</gc-end>
<cycle-end id="1231" type="scavenge" contextid="1224" timestamp="2025-12-12T03:59:37.542" />
<allocation-satisfied id="1232" threadId="0000000000831900" bytesRequested="264" />
<af-end id="1233" timestamp="2025-12-12T03:59:37.542" threadId="0000000000832378" success="true" from="nursery"/>
<exclusive-end id="1234" timestamp="2025-12-12T03:59:37.542" durationms="8.894" />

<exclusive-start id="1235" timestamp="2025-12-12T03:59:37.577" intervalms="43.921">
  <response-info timems="0.039" idlems="0.039" threads="0" lastid="0000000000831900" lastname="Default Executor-thread-1" />
</exclusive-start>
<af-start id="1236" threadId="0000000000832378" totalBytesRequested="32" timestamp="2025-12-12T03:59:37.578" intervalms="43.926" type="nursery" />
<cycle-start id="1237" type="scavenge" contextid="0" timestamp="2025-12-12T03:59:37.579" intervalms="43.822" />
<gc-start id="1238" type="scavenge" contextid="1237" timestamp="2025-12-12T03:59:37.579">
  <mem-info id="1239" free="8217632" total="58195968" percent="14">
    <mem type="nursery" free="0" total="28180480" percent="0">
      <mem type="allocate" free="0" total="24182784" percent="0" />
      <mem type="survivor" free="0" total="3997696" percent="0" />
    </mem>
    <mem type="tenure" free="8217632" total="30015488" percent="27">
      <mem type="soa" free="6716448" total="28514304" percent="23" />
      <mem type="loa" free="1501184" total="1501184" percent="100" />
    </mem>
    <remembered-set count="2442" />
  </mem-info>
</gc-start>
<allocation-stats totalBytes="21421536" discardedBytes="4888" >
  <allocated-bytes non-tlh="264" tlh="21421272" />
  <largest-consumer threadName="Default Executor-thread-1" threadId="0000000000831900" bytes="21421536" />
</allocation-stats>
<gc-op id="1240" type="scavenge" timems="2.363" contextid="1237" timestamp="2025-12-12T03:59:37.582">
  <scavenger-info tenureage="14" tenuremask="4000" tiltratio="85" />
  <memory-copied type="nursery" objects="58674" bytes="1772816" bytesdiscarded="23328" />
  <ownableSynchronizers candidates="2" cleared="0" />
  <object-monitors candidates="21" cleared="0"  />
</gc-op>
<heap-resize id="1241" type="expand" space="nursery" amount="1048576" count="1" timems="0.027" reason="excessive time being spent scavenging" timestamp="2025-12-12T03:59:37.583" />
<gc-end id="1242" type="scavenge" contextid="1237" durationms="4.608" usertimems="5.125" systemtimems="1.289" stalltimems="0.810" timestamp="2025-12-12T03:59:37.584" activeThreads="3">
  <mem-info id="1243" free="31914992" total="59244544" percent="53">
    <mem type="nursery" free="23697360" total="29229056" percent="81">
      <mem type="allocate" free="23697360" total="25493504" percent="92" />
      <mem type="survivor" free="0" total="3735552" percent="0" />
    </mem>
    <mem type="tenure" free="8217632" total="30015488" percent="27">
      <mem type="soa" free="6716448" total="28514304" percent="23" />
      <mem type="loa" free="1501184" total="1501184" percent="100" />
    </mem>
    <remembered-set count="2198" />
  </mem-info>
</gc-end>
<cycle-end id="1244" type="scavenge" contextid="1237" timestamp="2025-12-12T03:59:37.584" />
<allocation-satisfied id="1245" threadId="0000000000831900" bytesRequested="32" />
<af-end id="1246" timestamp="2025-12-12T03:59:37.585" threadId="0000000000832378" success="true" from="nursery"/>
<exclusive-end id="1247" timestamp="2025-12-12T03:59:37.586" durationms="8.158" />

<exclusive-start id="1248" timestamp="2025-12-12T03:59:37.638" intervalms="60.631">
  <response-info timems="0.053" idlems="0.053" threads="0" lastid="0000000000831900" lastname="Default Executor-thread-1" />
</exclusive-start>
<af-start id="1249" threadId="0000000000832378" totalBytesRequested="40" timestamp="2025-12-12T03:59:37.639" intervalms="60.951" type="nursery" />
<cycle-start id="1250" type="scavenge" contextid="0" timestamp="2025-12-12T03:59:37.640" intervalms="61.039" />
<gc-start id="1251" type="scavenge" contextid="1250" timestamp="2025-12-12T03:59:37.640">
  <mem-info id="1252" free="8217632" total="59244544" percent="13">
    <mem type="nursery" free="0" total="29229056" percent="0">
      <mem type="allocate" free="0" total="25493504" percent="0" />
      <mem type="survivor" free="0" total="3735552" percent="0" />
    </mem>
    <mem type="tenure" free="8217632" total="30015488" percent="27">
      <mem type="soa" free="6716448" total="28514304" percent="23" />
      <mem type="loa" free="1501184" total="1501184" percent="100" />
    </mem>
    <remembered-set count="2380" />
  </mem-info>
</gc-start>
<allocation-stats totalBytes="23692040" discardedBytes="5320" >
  <allocated-bytes non-tlh="32" tlh="23692008" />
  <largest-consumer threadName="Default Executor-thread-1" threadId="0000000000831900" bytes="23692040" />
</allocation-stats>
<gc-op id="1253" type="scavenge" timems="2.983" contextid="1250" timestamp="2025-12-12T03:59:37.644">
  <scavenger-info tenureage="14" tenuremask="4000" tiltratio="87" />
  <memory-copied type="nursery" objects="67865" bytes="2817632" bytesdiscarded="62024" />
  <ownableSynchronizers candidates="2" cleared="0" />
  <object-monitors candidates="21" cleared="0"  />
</gc-op>
<gc-end id="1254" type="scavenge" contextid="1250" durationms="4.580" usertimems="5.592" systemtimems="2.280" stalltimems="0.772" timestamp="2025-12-12T03:59:37.645" activeThreads="3">
  <mem-info id="1255" free="29979512" total="59244544" percent="50">
    <mem type="nursery" free="21761880" total="29229056" percent="74">
      <mem type="allocate" free="21761880" total="24641536" percent="88" />
      <mem type="survivor" free="0" total="4587520" percent="0" />
    </mem>
    <mem type="tenure" free="8217632" total="30015488" percent="27">
      <mem type="soa" free="6716448" total="28514304" percent="23" />
      <mem type="loa" free="1501184" total="1501184" percent="100" />
    </mem>
    <remembered-set count="2221" />
  </mem-info>
</gc-end>
<cycle-end id="1256" type="scavenge" contextid="1250" timestamp="2025-12-12T03:59:37.645" />
<allocation-satisfied id="1257" threadId="0000000000831900" bytesRequested="40" />
<af-end id="1258" timestamp="2025-12-12T03:59:37.646" threadId="0000000000832378" success="true" from="nursery"/>
<exclusive-end id="1259" timestamp="2025-12-12T03:59:37.647" durationms="8.963" />

<exclusive-start id="1260" timestamp="2025-12-12T03:59:37.683" intervalms="45.313">
  <response-info timems="0.044" idlems="0.044" threads="0" lastid="0000000000831900" lastname="Default Executor-thread-1" />
</exclusive-start>
<af-start id="1261" threadId="0000000000832378" totalBytesRequested="1040" timestamp="2025-12-12T03:59:37.684" intervalms="44.989" type="nursery" />
<cycle-start id="1262" type="scavenge" contextid="0" timestamp="2025-12-12T03:59:37.684" intervalms="44.888" />
<gc-start id="1263" type="scavenge" contextid="1262" timestamp="2025-12-12T03:59:37.686">
  <mem-info id="1264" free="8217376" total="59244544" percent="13">
    <mem type="nursery" free="0" total="29229056" percent="0">
      <mem type="allocate" free="0" total="24641536" percent="0" />
      <mem type="survivor" free="0" total="4587520" percent="0" />
    </mem>
    <mem type="tenure" free="8217376" total="30015488" percent="27">
      <mem type="soa" free="6716192" total="28514304" percent="23" />
      <mem type="loa" free="1501184" total="1501184" percent="100" />
    </mem>
    <remembered-set count="2296" />
  </mem-info>
</gc-start>
<allocation-stats totalBytes="21756528" discardedBytes="5608" >
  <allocated-bytes non-tlh="296" tlh="21756232" />
  <largest-consumer threadName="Default Executor-thread-1" threadId="0000000000831900" bytes="21756528" />
</allocation-stats>
<gc-op id="1265" type="scavenge" timems="2.196" contextid="1262" timestamp="2025-12-12T03:59:37.689">
  <scavenger-info tenureage="14" tenuremask="4000" tiltratio="84" />
  <memory-copied type="nursery" objects="55662" bytes="1656368" bytesdiscarded="53368" />
  <ownableSynchronizers candidates="2" cleared="0" />
  <references type="weak" candidates="1" cleared="1" enqueued="1" />
  <object-monitors candidates="21" cleared="0"  />
</gc-op>
<heap-resize id="1266" type="expand" space="nursery" amount="1966080" count="1" timems="0.049" reason="excessive time being spent scavenging" timestamp="2025-12-12T03:59:37.691" />
<gc-end id="1267" type="scavenge" contextid="1262" durationms="6.131" usertimems="5.033" systemtimems="1.215" stalltimems="0.844" timestamp="2025-12-12T03:59:37.692" activeThreads="3">
  <mem-info id="1268" free="32984184" total="61210624" percent="53">
    <mem type="nursery" free="24766808" total="31195136" percent="79">
      <mem type="allocate" free="24766808" total="26476544" percent="93" />
      <mem type="survivor" free="0" total="4718592" percent="0" />
    </mem>
    <mem type="tenure" free="8217376" total="30015488" percent="27">
      <mem type="soa" free="6716192" total="28514304" percent="23" />
      <mem type="loa" free="1501184" total="1501184" percent="100" />
    </mem>
    <pending-finalizers system="0" default="0" reference="1" classloader="0" />
    <remembered-set count="2247" />
  </mem-info>
</gc-end>
<cycle-end id="1269" type="scavenge" contextid="1262" timestamp="2025-12-12T03:59:37.692" />
<allocation-satisfied id="1270" threadId="0000000000831900" bytesRequested="1040" />
<af-end id="1271" timestamp="2025-12-12T03:59:37.693" threadId="0000000000832378" success="true" from="nursery"/>
<exclusive-end id="1272" timestamp="2025-12-12T03:59:37.694" durationms="10.352" />

<exclusive-start id="1273" timestamp="2025-12-12T03:59:37.725" intervalms="41.329">
  <response-info timems="0.051" idlems="0.051" threads="0" lastid="0000000000831900" lastname="Default Executor-thread-1" />
</exclusive-start>
<af-start id="1274" threadId="0000000000832378" totalBytesRequested="56" timestamp="2025-12-12T03:59:37.725" intervalms="41.302" type="nursery" />
<cycle-start id="1275" type="scavenge" contextid="0" timestamp="2025-12-12T03:59:37.726" intervalms="41.346" />
<gc-start id="1276" type="scavenge" contextid="1275" timestamp="2025-12-12T03:59:37.727">
  <mem-info id="1277" free="8217376" total="61210624" percent="13">
    <mem type="nursery" free="0" total="31195136" percent="0">
      <mem type="allocate" free="0" total="26476544" percent="0" />
      <mem type="survivor" free="0" total="4718592" percent="0" />
    </mem>
    <mem type="tenure" free="8217376" total="30015488" percent="27">
      <mem type="soa" free="6716192" total="28514304" percent="23" />
      <mem type="loa" free="1501184" total="1501184" percent="100" />
    </mem>
    <remembered-set count="2470" />
  </mem-info>
</gc-start>
<allocation-stats totalBytes="24760808" discardedBytes="6000" >
  <allocated-bytes non-tlh="1040" tlh="24759768" />
  <largest-consumer threadName="Default Executor-thread-1" threadId="0000000000831900" bytes="24748520" />
</allocation-stats>
<gc-op id="1278" type="scavenge" timems="3.927" contextid="1275" timestamp="2025-12-12T03:59:37.734">
  <scavenger-info tenureage="9" tenuremask="4600" tiltratio="84" />
  <memory-copied type="nursery" objects="44698" bytes="1300144" bytesdiscarded="33104" />
  <memory-copied type="tenure" objects="13368" bytes="370608" bytesdiscarded="520" />
  <ownableSynchronizers candidates="4" cleared="2" />
  <object-monitors candidates="21" cleared="0"  />
</gc-op>
<heap-resize id="1279" type="expand" space="nursery" amount="2490368" count="1" timems="0.048" reason="excessive time being spent scavenging" timestamp="2025-12-12T03:59:37.734" />
<gc-end id="1280" type="scavenge" contextid="1275" durationms="7.702" usertimems="8.443" systemtimems="1.076" stalltimems="2.449" timestamp="2025-12-12T03:59:37.734" activeThreads="3">
  <mem-info id="1281" free="35913312" total="63700992" percent="56">
    <mem type="nursery" free="28092416" total="33685504" percent="83">
      <mem type="allocate" free="28092416" total="29425664" percent="95" />
      <mem type="survivor" free="0" total="4259840" percent="0" />
    </mem>
    <mem type="tenure" free="7820896" total="30015488" percent="26">
      <mem type="soa" free="6319712" total="28514304" percent="22" />
      <mem type="loa" free="1501184" total="1501184" percent="100" />
    </mem>
    <remembered-set count="1760" />
  </mem-info>
</gc-end>
<cycle-end id="1282" type="scavenge" contextid="1275" timestamp="2025-12-12T03:59:37.735" />
<allocation-satisfied id="1283" threadId="0000000000831900" bytesRequested="56" />
<af-end id="1284" timestamp="2025-12-12T03:59:37.735" threadId="0000000000832378" success="true" from="nursery"/>
<exclusive-end id="1285" timestamp="2025-12-12T03:59:37.736" durationms="11.221" />

<exclusive-start id="1286" timestamp="2025-12-12T03:59:37.913" intervalms="188.725">
  <response-info timems="0.040" idlems="0.040" threads="0" lastid="0000000000831900" lastname="Default Executor-thread-1" />
</exclusive-start>
<af-start id="1287" threadId="0000000000832378" totalBytesRequested="24" timestamp="2025-12-12T03:59:37.920" intervalms="194.742" type="nursery" />
<cycle-start id="1288" type="scavenge" contextid="0" timestamp="2025-12-12T03:59:37.922" intervalms="196.104" />
<gc-start id="1289" type="scavenge" contextid="1288" timestamp="2025-12-12T03:59:37.932">
  <mem-info id="1290" free="7818264" total="63700992" percent="12">
    <mem type="nursery" free="0" total="33685504" percent="0">
      <mem type="allocate" free="0" total="29425664" percent="0" />
      <mem type="survivor" free="0" total="4259840" percent="0" />
    </mem>
    <mem type="tenure" free="7818264" total="30015488" percent="26">
      <mem type="soa" free="6317080" total="28514304" percent="22" />
      <mem type="loa" free="1501184" total="1501184" percent="100" />
    </mem>
    <remembered-set count="3575" />
  </mem-info>
</gc-start>
<allocation-stats totalBytes="28092560" discardedBytes="2488" >
  <allocated-bytes non-tlh="478872" tlh="27613688" />
  <largest-consumer threadName="Default Executor-thread-1" threadId="0000000000831900" bytes="27511096" />
</allocation-stats>
<gc-op id="1291" type="scavenge" timems="7.246" contextid="1288" timestamp="2025-12-12T03:59:37.966">
  <scavenger-info tenureage="14" tenuremask="4000" tiltratio="87" />
  <memory-copied type="nursery" objects="69795" bytes="4253456" bytesdiscarded="2688" />
  <memory-copied type="tenure" objects="43556" bytes="1316512" bytesdiscarded="1712" />
  <copy-failed type="nursery" objects="43556" bytes="1316528" />
  <ownableSynchronizers candidates="2" cleared="0" />
  <references type="weak" candidates="6" cleared="3" enqueued="3" />
  <references type="phantom" candidates="222" cleared="0" enqueued="0" />
  <object-monitors candidates="21" cleared="0"  />
</gc-op>
<heap-resize id="1292" type="expand" space="nursery" amount="2359296" count="1" timems="0.054" reason="excessive time being spent scavenging" timestamp="2025-12-12T03:59:37.967" />
<gc-end id="1293" type="scavenge" contextid="1288" durationms="36.351" usertimems="18.006" systemtimems="1.401" stalltimems="2.617" timestamp="2025-12-12T03:59:37.968" activeThreads="3">
  <mem-info id="1294" free="25164120" total="66060288" percent="38">
    <mem type="nursery" free="18677760" total="36044800" percent="51">
      <mem type="allocate" free="18677760" total="22937600" percent="81" />
      <mem type="survivor" free="0" total="13107200" percent="0" />
    </mem>
    <mem type="tenure" free="6486360" total="30015488" percent="21">
      <mem type="soa" free="4985176" total="28514304" percent="17" />
      <mem type="loa" free="1501184" total="1501184" percent="100" />
    </mem>
    <pending-finalizers system="0" default="0" reference="3" classloader="0" />
    <remembered-set count="2572" />
  </mem-info>
</gc-end>
<cycle-end id="1295" type="scavenge" contextid="1288" timestamp="2025-12-12T03:59:37.971" />
<allocation-satisfied id="1296" threadId="0000000000831900" bytesRequested="24" />
<af-end id="1297" timestamp="2025-12-12T03:59:37.972" threadId="0000000000832378" success="true" from="nursery"/>
<exclusive-end id="1298" timestamp="2025-12-12T03:59:37.972" durationms="58.760" />

<exclusive-start id="1299" timestamp="2025-12-12T03:59:38.205" intervalms="291.683">
  <response-info timems="0.042" idlems="0.042" threads="0" lastid="00000000005E4400" lastname="Start Level: Equinox Container: e0e1462d-9c03-4a01-95d9-47b54b7" />
</exclusive-start>
<af-start id="1300" threadId="00000000005E4E78" totalBytesRequested="48" timestamp="2025-12-12T03:59:38.211" intervalms="290.500" type="nursery" />
<cycle-start id="1301" type="scavenge" contextid="0" timestamp="2025-12-12T03:59:38.212" intervalms="289.657" />
<gc-start id="1302" type="scavenge" contextid="1301" timestamp="2025-12-12T03:59:38.213">
  <mem-info id="1303" free="6424272" total="66060288" percent="9">
    <mem type="nursery" free="0" total="36044800" percent="0">
      <mem type="allocate" free="0" total="22937600" percent="0" />
      <mem type="survivor" free="0" total="13107200" percent="0" />
    </mem>
    <mem type="tenure" free="6424272" total="30015488" percent="21">
      <mem type="soa" free="4923088" total="28514304" percent="17" />
      <mem type="loa" free="1501184" total="1501184" percent="100" />
    </mem>
    <remembered-set count="5378" />
  </mem-info>
</gc-start>
<allocation-stats totalBytes="18736120" discardedBytes="3728" >
  <allocated-bytes non-tlh="140096" tlh="18596024" />
  <largest-consumer threadName="Default Executor-thread-1" threadId="0000000000831900" bytes="14092616" />
</allocation-stats>
<gc-op id="1304" type="scavenge" timems="5.888" contextid="1301" timestamp="2025-12-12T03:59:38.220">
  <scavenger-info tenureage="7" tenuremask="6180" tiltratio="63" />
  <memory-copied type="nursery" objects="100060" bytes="4905648" bytesdiscarded="30760" />
  <memory-copied type="tenure" objects="7907" bytes="222888" bytesdiscarded="568" />
  <finalization candidates="9" enqueued="9" />
  <ownableSynchronizers candidates="867" cleared="304" />
  <references type="soft" candidates="231" cleared="0" enqueued="0" dynamicThreshold="9" maxThreshold="32" />
  <references type="weak" candidates="667" cleared="179" enqueued="178" />
  <references type="phantom" candidates="265" cleared="0" enqueued="0" />
  <object-monitors candidates="23" cleared="0"  />
</gc-op>
<gc-end id="1305" type="scavenge" contextid="1301" durationms="7.694" usertimems="16.029" systemtimems="0.000" stalltimems="1.861" timestamp="2025-12-12T03:59:38.220" activeThreads="3">
  <mem-info id="1306" free="25884728" total="66060288" percent="39">
    <mem type="nursery" free="19894376" total="36044800" percent="55">
      <mem type="allocate" free="19894376" total="24838144" percent="80" />
      <mem type="survivor" free="0" total="11206656" percent="0" />
    </mem>
    <mem type="tenure" free="5990352" total="30015488" percent="19">
      <mem type="soa" free="4489168" total="28514304" percent="15" />
      <mem type="loa" free="1501184" total="1501184" percent="100" />
    </mem>
    <pending-finalizers system="9" default="0" reference="178" classloader="0" />
    <remembered-set count="3301" />
  </mem-info>
</gc-end>
<cycle-end id="1307" type="scavenge" contextid="1301" timestamp="2025-12-12T03:59:38.221" />
<allocation-satisfied id="1308" threadId="00000000005E4400" bytesRequested="48" />
<af-end id="1309" timestamp="2025-12-12T03:59:38.222" threadId="00000000005E4E78" success="true" from="nursery"/>
<exclusive-end id="1310" timestamp="2025-12-12T03:59:38.223" durationms="17.580" />

<exclusive-start id="1311" timestamp="2025-12-12T03:59:38.323" intervalms="117.513">
  <response-info timems="0.045" idlems="0.023" threads="1" lastid="000000000085C500" lastname="Default Executor-thread-4" />
</exclusive-start>
<af-start id="1312" threadId="00000000005ECB78" totalBytesRequested="24" timestamp="2025-12-12T03:59:38.325" intervalms="114.182" type="nursery" />
<cycle-start id="1313" type="scavenge" contextid="0" timestamp="2025-12-12T03:59:38.326" intervalms="114.651" />
<gc-start id="1314" type="scavenge" contextid="1313" timestamp="2025-12-12T03:59:38.331">
  <mem-info id="1315" free="5704304" total="66060288" percent="8">
    <mem type="nursery" free="0" total="36044800" percent="0">
      <mem type="allocate" free="0" total="24838144" percent="0" />
      <mem type="survivor" free="0" total="11206656" percent="0" />
    </mem>
    <mem type="tenure" free="5704304" total="30015488" percent="19">
      <mem type="soa" free="4203120" total="28514304" percent="14" />
      <mem type="loa" free="1501184" total="1501184" percent="100" />
    </mem>
    <remembered-set count="7692" />
  </mem-info>
</gc-start>
<allocation-stats totalBytes="20160672" discardedBytes="19752" >
  <allocated-bytes non-tlh="681760" tlh="19478912" />
  <largest-consumer threadName="Equinox start level thread - Equinox Container: e0e1462d-9c03-4a01-95d9-47b54b776787" threadId="00000000005EC100" bytes="6855016" />
</allocation-stats>
<gc-op id="1316" type="scavenge" timems="7.146" contextid="1313" timestamp="2025-12-12T03:59:38.342">
  <scavenger-info tenureage="3" tenuremask="4cf8" tiltratio="68" />
  <memory-copied type="nursery" objects="155811" bytes="6757192" bytesdiscarded="42384" />
  <memory-copied type="tenure" objects="11570" bytes="339224" bytesdiscarded="96" />
  <finalization candidates="22" enqueued="22" />
  <ownableSynchronizers candidates="2992" cleared="1023" />
  <references type="soft" candidates="1425" cleared="0" enqueued="0" dynamicThreshold="9" maxThreshold="32" />
  <references type="weak" candidates="1857" cleared="882" enqueued="881" />
  <references type="phantom" candidates="295" cleared="12" enqueued="12" />
  <object-monitors candidates="41" cleared="9"  />
</gc-op>
<heap-resize id="1317" type="expand" space="nursery" amount="1835008" count="1" timems="0.035" reason="excessive time being spent scavenging" timestamp="2025-12-12T03:59:38.343" />
<gc-end id="1318" type="scavenge" contextid="1313" durationms="13.881" usertimems="20.327" systemtimems="4.898" stalltimems="3.766" timestamp="2025-12-12T03:59:38.344" activeThreads="4">
  <mem-info id="1319" free="24823584" total="67895296" percent="36">
    <mem type="nursery" free="19658416" total="37879808" percent="51">
      <mem type="allocate" free="19658416" total="26476544" percent="74" />
      <mem type="survivor" free="0" total="11403264" percent="0" />
    </mem>
    <mem type="tenure" free="5165168" total="30015488" percent="17">
      <mem type="soa" free="3663984" total="28514304" percent="12" />
      <mem type="loa" free="1501184" total="1501184" percent="100" />
    </mem>
    <pending-finalizers system="22" default="0" reference="893" classloader="0" />
    <remembered-set count="6337" />
  </mem-info>
</gc-end>
<cycle-end id="1320" type="scavenge" contextid="1313" timestamp="2025-12-12T03:59:38.345" />
<allocation-satisfied id="1321" threadId="00000000005EC100" bytesRequested="24" />
<af-end id="1322" timestamp="2025-12-12T03:59:38.346" threadId="00000000005ECB78" success="true" from="nursery"/>
<exclusive-end id="1323" timestamp="2025-12-12T03:59:38.346" durationms="23.765" />

<exclusive-start id="1324" timestamp="2025-12-12T03:59:38.399" intervalms="76.503">
  <response-info timems="0.040" idlems="0.038" threads="1" lastid="00000000005EFE00" lastname="Equinox start level thread - Equinox Container: e0e1462d-9c03-4" />
</exclusive-start>
<af-start id="1325" threadId="00000000005ECB78" totalBytesRequested="132480" timestamp="2025-12-12T03:59:38.400" intervalms="75.277" type="nursery" />
<cycle-start id="1326" type="scavenge" contextid="0" timestamp="2025-12-12T03:59:38.401" intervalms="74.266" />
<gc-start id="1327" type="scavenge" contextid="1326" timestamp="2025-12-12T03:59:38.401">
  <mem-info id="1328" free="5079168" total="67895296" percent="7">
    <mem type="nursery" free="0" total="37879808" percent="0">
      <mem type="allocate" free="0" total="26476544" percent="0" />
      <mem type="survivor" free="0" total="11403264" percent="0" />
    </mem>
    <mem type="tenure" free="5079168" total="30015488" percent="16">
      <mem type="soa" free="3577984" total="28514304" percent="12" />
      <mem type="loa" free="1501184" total="1501184" percent="100" />
    </mem>
    <remembered-set count="8686" />
  </mem-info>
</gc-start>
<allocation-stats totalBytes="19724248" discardedBytes="20168" >
  <allocated-bytes non-tlh="659640" tlh="19064608" />
  <largest-consumer threadName="Equinox start level thread - Equinox Container: e0e1462d-9c03-4a01-95d9-47b54b776787" threadId="00000000005EC100" bytes="8215384" />
</allocation-stats>
<gc-op id="1329" type="scavenge" timems="8.154" contextid="1326" timestamp="2025-12-12T03:59:38.411">
  <scavenger-info tenureage="3" tenuremask="4008" tiltratio="69" />
  <memory-copied type="nursery" objects="143934" bytes="6400560" bytesdiscarded="133216" />
  <memory-copied type="tenure" objects="46969" bytes="1580592" bytesdiscarded="1456" />
  <ownableSynchronizers candidates="3073" cleared="439" />
  <references type="soft" candidates="1836" cleared="0" enqueued="0" dynamicThreshold="9" maxThreshold="32" />
  <references type="weak" candidates="1685" cleared="384" enqueued="384" />
  <references type="phantom" candidates="272" cleared="0" enqueued="0" />
  <object-monitors candidates="37" cleared="4"  />
</gc-op>
<heap-resize id="1330" type="expand" space="nursery" amount="2883584" count="1" timems="0.043" reason="excessive time being spent scavenging" timestamp="2025-12-12T03:59:38.412" />
<gc-end id="1331" type="scavenge" contextid="1326" durationms="13.138" usertimems="25.171" systemtimems="5.052" stalltimems="3.057" timestamp="2025-12-12T03:59:38.414" activeThreads="4">
  <mem-info id="1332" free="26559280" total="70778880" percent="37">
    <mem type="nursery" free="23066800" total="40763392" percent="56">
      <mem type="allocate" free="23066800" total="29622272" percent="77" />
      <mem type="survivor" free="0" total="11141120" percent="0" />
    </mem>
    <mem type="tenure" free="3492480" total="30015488" percent="11">
      <mem type="soa" free="1991296" total="28514304" percent="6" />
      <mem type="loa" free="1501184" total="1501184" percent="100" />
    </mem>
    <pending-finalizers system="0" default="0" reference="384" classloader="0" />
    <remembered-set count="7214" />
  </mem-info>
</gc-end>
<cycle-end id="1333" type="scavenge" contextid="1326" timestamp="2025-12-12T03:59:38.419" />
<allocation-satisfied id="1334" threadId="00000000005EC100" bytesRequested="132480" />
<af-end id="1335" timestamp="2025-12-12T03:59:38.420" threadId="00000000005ECB78" success="true" from="nursery"/>
<exclusive-end id="1336" timestamp="2025-12-12T03:59:38.420" durationms="21.058" />

<concurrent-kickoff id="1337" timestamp="2025-12-12T03:59:38.515">
  <kickoff reason="threshold reached" targetBytes="13296270" thresholdFreeBytes="1847650"  remainingFree="1694528" tenureFreeBytes="3288624" nurseryFreeBytes="1694528" />
</concurrent-kickoff>
<exclusive-start id="1338" timestamp="2025-12-12T03:59:38.517" intervalms="117.597">
  <response-info timems="0.455" idlems="0.428" threads="1" lastid="00000000005FB800" lastname="Equinox start level thread - Equinox Container: e0e1462d-9c03-4" />
</exclusive-start>
<cycle-start id="1339" type="global" contextid="0" timestamp="2025-12-12T03:59:38.517" intervalms="1480.062" />
<concurrent-start id="1340" type="global mark" contextid="1339" timestamp="2025-12-12T03:59:38.518">
</concurrent-start>
<exclusive-end id="1341" timestamp="2025-12-12T03:59:38.519" durationms="2.011" />

<concurrent-end id="1342" type="global mark" contextid="1339" timestamp="2025-12-12T03:59:38.533">
<gc-op id="1343" type="trace" timems="15.330" contextid="1339" timestamp="2025-12-12T03:59:38.533">
  <trace bytesTraced="14183152" workStackOverflowCount="0" />
  <card-cleaning reason="card cleaning threshold reached" bytesTraced="35136" cardsCleaned="122" />
</gc-op>
</concurrent-end>

<exclusive-start id="1344" timestamp="2025-12-12T03:59:38.535" intervalms="17.844">
  <response-info timems="0.169" idlems="0.106" threads="1" lastid="00000000005EC100" lastname="Equinox start level thread - Equinox Container: e0e1462d-9c03-4" />
</exclusive-start>
<concurrent-global-final id="1345" timestamp="2025-12-12T03:59:38.535" contextid="1339" intervalms="1367.035" >
  <concurrent-trace-info reason="card cleaning threshold reached" tracedByMutators="7664516" tracedByHelpers="6553772" cardsCleaned="122" workStackOverflowCount="0" />
</concurrent-global-final>
<gc-start id="1346" type="global" contextid="1339" timestamp="2025-12-12T03:59:38.536">
  <mem-info id="1347" free="3779376" total="70778880" percent="5">
    <mem type="nursery" free="506688" total="40763392" percent="1">
      <mem type="allocate" free="506688" total="29622272" percent="1" />
      <mem type="survivor" free="0" total="11141120" percent="0" />
    </mem>
    <mem type="tenure" free="3272688" total="30015488" percent="10">
      <mem type="soa" free="1771504" total="28514304" percent="6" />
      <mem type="loa" free="1501184" total="1501184" percent="100" />
    </mem>
    <remembered-set count="10747" />
  </mem-info>
</gc-start>
<allocation-stats totalBytes="22768856" discardedBytes="11048" >
  <allocated-bytes non-tlh="519552" tlh="22249304" />
  <largest-consumer threadName="Equinox start level thread - Equinox Container: e0e1462d-9c03-4a01-95d9-47b54b776787" threadId="00000000005F3B00" bytes="7997512" />
</allocation-stats>
<gc-op id="1348" type="rs-scan" timems="3.697" contextid="1339" timestamp="2025-12-12T03:59:38.540">
  <scan objectsFound="164572" bytesTraced="5517144" workStackOverflowCount="0" />
</gc-op>
<gc-op id="1349" type="card-cleaning" timems="1.361" contextid="1339" timestamp="2025-12-12T03:59:38.542">
  <card-cleaning cardsCleaned="42" bytesTraced="81332" workStackOverflowCount="0" />
</gc-op>
<gc-op id="1350" type="mark" timems="16.296" contextid="1339" timestamp="2025-12-12T03:59:38.559">
  <trace-info objectcount="5694" scancount="5174" scanbytes="158984" />
  <finalization candidates="765" enqueued="31" />
  <ownableSynchronizers candidates="4985" cleared="445" />
  <references type="soft" candidates="7115" cleared="0" enqueued="0" dynamicThreshold="9" maxThreshold="32" />
  <references type="weak" candidates="3861" cleared="771" enqueued="768" />
  <references type="phantom" candidates="328" cleared="6" enqueued="6" />
  <stringconstants candidates="17921" cleared="65"  />
  <object-monitors candidates="35" cleared="1"  />
</gc-op>
<gc-op id="1351" type="classunload" timems="0.031" contextid="1339" timestamp="2025-12-12T03:59:38.560">
  <classunload-info classloadercandidates="202" classloadersunloaded="0" classesunloaded="0" anonymousclassesunloaded="0" quiescems="0.000" setupms="0.031" scanms="0.000" postms="0.000" />
</gc-op>
<gc-op id="1352" type="sweep" timems="2.359" contextid="1339" timestamp="2025-12-12T03:59:38.563" />
<heap-resize id="1353" type="expand" space="tenure" amount="2752512" count="1" timems="1.049" reason="insufficient free space following gc" timestamp="2025-12-12T03:59:38.564" />
<gc-end id="1354" type="global" contextid="1339" durationms="29.120" usertimems="49.891" systemtimems="18.774" stalltimems="308.171" timestamp="2025-12-12T03:59:38.565" activeThreads="20">
  <mem-info id="1355" free="30458352" total="73531392" percent="41">
    <mem type="nursery" free="20617048" total="40763392" percent="50">
      <mem type="allocate" free="20617048" total="29622272" percent="69" />
      <mem type="survivor" free="0" total="11141120" percent="0" />
    </mem>
    <mem type="tenure" free="9841304" total="32768000" percent="30" micro-fragmented="628325" macro-fragmented="0">
      <mem type="soa" free="8202904" total="31129600" percent="26" />
      <mem type="loa" free="1638400" total="1638400" percent="100" />
    </mem>
    <pending-finalizers system="31" default="0" reference="774" classloader="0" />
    <remembered-set count="9286" />
  </mem-info>
</gc-end>
<cycle-end id="1356" type="global" contextid="1339" timestamp="2025-12-12T03:59:38.565" />
<exclusive-end id="1357" timestamp="2025-12-12T03:59:38.566" durationms="31.361" />

<exclusive-start id="1358" timestamp="2025-12-12T03:59:38.684" intervalms="149.819">
  <response-info timems="0.050" idlems="0.050" threads="0" lastid="00000000005EFE00" lastname="Equinox start level thread - Equinox Container: e0e1462d-9c03-4" />
</exclusive-start>
<af-start id="1359" threadId="00000000005F0878" totalBytesRequested="480" timestamp="2025-12-12T03:59:38.685" intervalms="285.152" type="nursery" />
<cycle-start id="1360" type="scavenge" contextid="0" timestamp="2025-12-12T03:59:38.686" intervalms="285.192" />
<gc-start id="1361" type="scavenge" contextid="1360" timestamp="2025-12-12T03:59:38.687">
  <mem-info id="1362" free="9576264" total="73531392" percent="13">
    <mem type="nursery" free="0" total="40763392" percent="0">
      <mem type="allocate" free="0" total="29622272" percent="0" />
      <mem type="survivor" free="0" total="11141120" percent="0" />
    </mem>
    <mem type="tenure" free="9576264" total="32768000" percent="29">
      <mem type="soa" free="7937864" total="31129600" percent="25" />
      <mem type="loa" free="1638400" total="1638400" percent="100" />
    </mem>
    <remembered-set count="12783" />
  </mem-info>
</gc-start>
<allocation-stats totalBytes="20729632" discardedBytes="115368" >
  <allocated-bytes non-tlh="1492464" tlh="19237168" />
  <largest-consumer threadName="Equinox start level thread - Equinox Container: e0e1462d-9c03-4a01-95d9-47b54b776787" threadId="00000000005EFE00" bytes="6941000" />
</allocation-stats>
<gc-op id="1363" type="scavenge" timems="7.612" contextid="1360" timestamp="2025-12-12T03:59:38.696">
  <scavenger-info tenureage="14" tenuremask="4000" tiltratio="72" />
  <memory-copied type="nursery" objects="219477" bytes="9100264" bytesdiscarded="47416" />
  <finalization candidates="79" enqueued="79" />
  <ownableSynchronizers candidates="10600" cleared="6332" />
  <references type="soft" candidates="4005" cleared="0" enqueued="0" dynamicThreshold="9" maxThreshold="32" />
  <references type="weak" candidates="3115" cleared="778" enqueued="777" />
  <references type="phantom" candidates="341" cleared="54" enqueued="54" />
  <object-monitors candidates="34" cleared="0"  />
</gc-op>
<gc-end id="1364" type="scavenge" contextid="1360" durationms="10.544" usertimems="32.724" systemtimems="0.174" stalltimems="7.291" timestamp="2025-12-12T03:59:38.698" activeThreads="5">
  <mem-info id="1365" free="27328112" total="73531392" percent="37">
    <mem type="nursery" free="17751848" total="40763392" percent="43">
      <mem type="allocate" free="17751848" total="26935296" percent="65" />
      <mem type="survivor" free="0" total="13828096" percent="0" />
    </mem>
    <mem type="tenure" free="9576264" total="32768000" percent="29">
      <mem type="soa" free="7937864" total="31129600" percent="25" />
      <mem type="loa" free="1638400" total="1638400" percent="100" />
    </mem>
    <pending-finalizers system="79" default="0" reference="831" classloader="0" />
    <remembered-set count="10105" />
  </mem-info>
</gc-end>
<cycle-end id="1366" type="scavenge" contextid="1360" timestamp="2025-12-12T03:59:38.699" />
<allocation-satisfied id="1367" threadId="00000000005EFE00" bytesRequested="480" />
<af-end id="1368" timestamp="2025-12-12T03:59:38.701" threadId="00000000005F0878" success="true" from="nursery"/>
<exclusive-end id="1369" timestamp="2025-12-12T03:59:38.701" durationms="16.698" />

<exclusive-start id="1370" timestamp="2025-12-12T03:59:38.958" intervalms="273.410">
  <response-info timems="0.042" idlems="0.042" threads="0" lastid="00000000005E4400" lastname="Start Level: Equinox Container: e0e1462d-9c03-4a01-95d9-47b54b7" />
</exclusive-start>
<af-start id="1371" threadId="00000000005E4E78" totalBytesRequested="16" timestamp="2025-12-12T03:59:38.960" intervalms="274.667" type="nursery" />
<cycle-start id="1372" type="scavenge" contextid="0" timestamp="2025-12-12T03:59:38.961" intervalms="275.108" />
<gc-start id="1373" type="scavenge" contextid="1372" timestamp="2025-12-12T03:59:38.963">
  <mem-info id="1374" free="9206280" total="73531392" percent="12">
    <mem type="nursery" free="0" total="40763392" percent="0">
      <mem type="allocate" free="0" total="26935296" percent="0" />
      <mem type="survivor" free="0" total="13828096" percent="0" />
    </mem>
    <mem type="tenure" free="9206280" total="32768000" percent="28">
      <mem type="soa" free="7567880" total="31129600" percent="24" />
      <mem type="loa" free="1638400" total="1638400" percent="100" />
    </mem>
    <remembered-set count="15352" />
  </mem-info>
</gc-start>
<allocation-stats totalBytes="18089176" discardedBytes="9840" >
  <allocated-bytes non-tlh="638728" tlh="17450448" />
  <largest-consumer threadName="Start Level: Equinox Container: e0e1462d-9c03-4a01-95d9-47b54b776787" threadId="00000000005E4400" bytes="11977920" />
</allocation-stats>
<gc-op id="1375" type="scavenge" timems="14.232" contextid="1372" timestamp="2025-12-12T03:59:38.981">
  <scavenger-info tenureage="13" tenuremask="6000" tiltratio="66" />
  <memory-copied type="nursery" objects="263110" bytes="10512272" bytesdiscarded="41904" />
  <finalization candidates="124" enqueued="123" />
  <ownableSynchronizers candidates="5107" cleared="275" />
  <references type="soft" candidates="4590" cleared="0" enqueued="0" dynamicThreshold="9" maxThreshold="32" />
  <references type="weak" candidates="3394" cleared="687" enqueued="684" />
  <references type="phantom" candidates="349" cleared="62" enqueued="62" />
  <object-monitors candidates="36" cleared="0"  />
</gc-op>
<gc-end id="1376" type="scavenge" contextid="1372" durationms="18.108" usertimems="56.463" systemtimems="5.617" stalltimems="9.963" timestamp="2025-12-12T03:59:38.981" activeThreads="5">
  <mem-info id="1377" free="24763928" total="73531392" percent="33">
    <mem type="nursery" free="15557648" total="40763392" percent="38">
      <mem type="allocate" free="15557648" total="26148864" percent="59" />
      <mem type="survivor" free="0" total="14614528" percent="0" />
    </mem>
    <mem type="tenure" free="9206280" total="32768000" percent="28">
      <mem type="soa" free="7567880" total="31129600" percent="24" />
      <mem type="loa" free="1638400" total="1638400" percent="100" />
    </mem>
    <pending-finalizers system="123" default="0" reference="746" classloader="0" />
    <remembered-set count="14051" />
  </mem-info>
</gc-end>
<cycle-end id="1378" type="scavenge" contextid="1372" timestamp="2025-12-12T03:59:38.982" />
<allocation-satisfied id="1379" threadId="00000000005E4400" bytesRequested="16" />
<af-end id="1380" timestamp="2025-12-12T03:59:38.984" threadId="00000000005E4E78" success="true" from="nursery"/>
<exclusive-end id="1381" timestamp="2025-12-12T03:59:38.985" durationms="27.110" />

<exclusive-start id="1382" timestamp="2025-12-12T03:59:39.314" intervalms="356.488">
  <response-info timems="0.040" idlems="0.040" threads="0" lastid="00000000005E4400" lastname="Start Level: Equinox Container: e0e1462d-9c03-4a01-95d9-47b54b7" />
</exclusive-start>
<af-start id="1383" threadId="00000000005E4E78" totalBytesRequested="1040" timestamp="2025-12-12T03:59:39.315" intervalms="355.023" type="nursery" />
<cycle-start id="1384" type="scavenge" contextid="0" timestamp="2025-12-12T03:59:39.316" intervalms="354.678" />
<gc-start id="1385" type="scavenge" contextid="1384" timestamp="2025-12-12T03:59:39.316">
  <mem-info id="1386" free="8804624" total="73531392" percent="11">
    <mem type="nursery" free="0" total="40763392" percent="0">
      <mem type="allocate" free="0" total="26148864" percent="0" />
      <mem type="survivor" free="0" total="14614528" percent="0" />
    </mem>
    <mem type="tenure" free="8804624" total="32768000" percent="26">
      <mem type="soa" free="7166224" total="31129600" percent="23" />
      <mem type="loa" free="1638400" total="1638400" percent="100" />
    </mem>
    <remembered-set count="19597" />
  </mem-info>
</gc-start>
<allocation-stats totalBytes="15936144" discardedBytes="7520" >
  <allocated-bytes non-tlh="386032" tlh="15550112" />
  <largest-consumer threadName="Start Level: Equinox Container: e0e1462d-9c03-4a01-95d9-47b54b776787" threadId="00000000005E4400" bytes="15719088" />
</allocation-stats>
<gc-op id="1387" type="scavenge" timems="8.038" contextid="1384" timestamp="2025-12-12T03:59:39.326">
  <scavenger-info tenureage="5" tenuremask="7020" tiltratio="64" />
  <memory-copied type="nursery" objects="252022" bytes="10569928" bytesdiscarded="142320" />
  <memory-copied type="tenure" objects="37770" bytes="1329336" bytesdiscarded="1464" />
  <finalization candidates="27" enqueued="26" />
  <ownableSynchronizers candidates="5346" cleared="163" />
  <references type="soft" candidates="5035" cleared="0" enqueued="0" dynamicThreshold="9" maxThreshold="32" />
  <references type="weak" candidates="10367" cleared="627" enqueued="624" />
  <references type="phantom" candidates="303" cleared="18" enqueued="18" />
  <object-monitors candidates="36" cleared="0"  />
</gc-op>
<gc-end id="1388" type="scavenge" contextid="1384" durationms="9.903" usertimems="40.251" systemtimems="0.000" stalltimems="7.731" timestamp="2025-12-12T03:59:39.326" activeThreads="6">
  <mem-info id="1389" free="23803592" total="73531392" percent="32">
    <mem type="nursery" free="16515696" total="40763392" percent="40">
      <mem type="allocate" free="16515696" total="27262976" percent="60" />
      <mem type="survivor" free="0" total="13500416" percent="0" />
    </mem>
    <mem type="tenure" free="7287896" total="32768000" percent="22">
      <mem type="soa" free="5649496" total="31129600" percent="18" />
      <mem type="loa" free="1638400" total="1638400" percent="100" />
    </mem>
    <pending-finalizers system="26" default="0" reference="642" classloader="0" />
    <remembered-set count="15327" />
  </mem-info>
</gc-end>
<cycle-end id="1390" type="scavenge" contextid="1384" timestamp="2025-12-12T03:59:39.327" />
<allocation-satisfied id="1391" threadId="00000000005E4400" bytesRequested="1040" />
<af-end id="1392" timestamp="2025-12-12T03:59:39.328" threadId="00000000005E4E78" success="true" from="nursery"/>
<exclusive-end id="1393" timestamp="2025-12-12T03:59:39.328" durationms="14.005" />

<exclusive-start id="1394" timestamp="2025-12-12T03:59:39.462" intervalms="147.818">
  <response-info timems="0.043" idlems="0.043" threads="0" lastid="00000000005E4400" lastname="Start Level: Equinox Container: e0e1462d-9c03-4a01-95d9-47b54b7" />
</exclusive-start>
<af-start id="1395" threadId="00000000005E4E78" totalBytesRequested="80" timestamp="2025-12-12T03:59:39.463" intervalms="147.955" type="nursery" />
<cycle-start id="1396" type="scavenge" contextid="0" timestamp="2025-12-12T03:59:39.463" intervalms="147.912" />
<gc-start id="1397" type="scavenge" contextid="1396" timestamp="2025-12-12T03:59:39.464">
  <mem-info id="1398" free="7228288" total="73531392" percent="9">
    <mem type="nursery" free="0" total="40763392" percent="0">
      <mem type="allocate" free="0" total="27262976" percent="0" />
      <mem type="survivor" free="0" total="13500416" percent="0" />
    </mem>
    <mem type="tenure" free="7228288" total="32768000" percent="22">
      <mem type="soa" free="5589888" total="31129600" percent="17" />
      <mem type="loa" free="1638400" total="1638400" percent="100" />
    </mem>
    <remembered-set count="16516" />
  </mem-info>
</gc-start>
<allocation-stats totalBytes="16570576" discardedBytes="2536" >
  <allocated-bytes non-tlh="58456" tlh="16512120" />
  <largest-consumer threadName="Start Level: Equinox Container: e0e1462d-9c03-4a01-95d9-47b54b776787" threadId="00000000005E4400" bytes="16484632" />
</allocation-stats>
<gc-op id="1399" type="scavenge" timems="6.234" contextid="1396" timestamp="2025-12-12T03:59:39.471">
  <scavenger-info tenureage="4" tenuremask="7830" tiltratio="66" />
  <memory-copied type="nursery" objects="161750" bytes="7833648" bytesdiscarded="82448" />
  <memory-copied type="tenure" objects="97241" bytes="3114960" bytesdiscarded="816" />
  <finalization candidates="7" enqueued="6" />
  <ownableSynchronizers candidates="5011" cleared="154" />
  <references type="soft" candidates="3646" cleared="0" enqueued="0" dynamicThreshold="9" maxThreshold="32" />
  <references type="weak" candidates="9204" cleared="160" enqueued="158" />
  <references type="phantom" candidates="284" cleared="2" enqueued="2" />
  <object-monitors candidates="36" cleared="0"  />
</gc-op>
<gc-end id="1400" type="scavenge" contextid="1396" durationms="7.937" usertimems="29.385" systemtimems="4.254" stalltimems="10.710" timestamp="2025-12-12T03:59:39.472" activeThreads="7">
  <mem-info id="1401" free="23326368" total="73531392" percent="31">
    <mem type="nursery" free="19390896" total="40763392" percent="47">
      <mem type="allocate" free="19390896" total="27328512" percent="70" />
      <mem type="survivor" free="0" total="13434880" percent="0" />
    </mem>
    <mem type="tenure" free="3935472" total="32768000" percent="12">
      <mem type="soa" free="2297072" total="31129600" percent="7" />
      <mem type="loa" free="1638400" total="1638400" percent="100" />
    </mem>
    <pending-finalizers system="6" default="0" reference="160" classloader="0" />
    <remembered-set count="10858" />
  </mem-info>
</gc-end>
<cycle-end id="1402" type="scavenge" contextid="1396" timestamp="2025-12-12T03:59:39.473" />
<allocation-satisfied id="1403" threadId="00000000005E4400" bytesRequested="80" />
<af-end id="1404" timestamp="2025-12-12T03:59:39.473" threadId="00000000005E4E78" success="true" from="nursery"/>
<exclusive-end id="1405" timestamp="2025-12-12T03:59:39.474" durationms="11.676" />

<concurrent-kickoff id="1406" timestamp="2025-12-12T03:59:39.772">
  <kickoff reason="threshold reached" targetBytes="14729993" thresholdFreeBytes="2042608"  remainingFree="1639944" tenureFreeBytes="3920176" nurseryFreeBytes="1639944" />
</concurrent-kickoff>
<exclusive-start id="1407" timestamp="2025-12-12T03:59:39.772" intervalms="310.266">
  <response-info timems="0.043" idlems="0.043" threads="0" lastid="00000000005E4400" lastname="Start Level: Equinox Container: e0e1462d-9c03-4a01-95d9-47b54b7" />
</exclusive-start>
<cycle-start id="1408" type="global" contextid="0" timestamp="2025-12-12T03:59:39.773" intervalms="1255.453" />
<concurrent-start id="1409" type="global mark" contextid="1408" timestamp="2025-12-12T03:59:39.773">
</concurrent-start>
<exclusive-end id="1410" timestamp="2025-12-12T03:59:39.774" durationms="1.394" />

<concurrent-end id="1411" type="global mark" contextid="1408" timestamp="2025-12-12T03:59:39.798">
<gc-op id="1412" type="trace" timems="24.337" contextid="1408" timestamp="2025-12-12T03:59:39.798">
  <trace bytesTraced="18102964" workStackOverflowCount="0" />
  <card-cleaning reason="card cleaning threshold reached" bytesTraced="13416" cardsCleaned="45" />
</gc-op>
</concurrent-end>

<exclusive-start id="1413" timestamp="2025-12-12T03:59:39.799" intervalms="26.261">
  <response-info timems="0.036" idlems="0.036" threads="0" lastid="00000000005E4400" lastname="Start Level: Equinox Container: e0e1462d-9c03-4a01-95d9-47b54b7" />
</exclusive-start>
<concurrent-global-final id="1414" timestamp="2025-12-12T03:59:39.799" contextid="1408" intervalms="1264.061" >
  <concurrent-trace-info reason="card cleaning threshold reached" tracedByMutators="7340452" tracedByHelpers="10775928" cardsCleaned="45" workStackOverflowCount="0" />
</concurrent-global-final>
<gc-start id="1415" type="global" contextid="1408" timestamp="2025-12-12T03:59:39.800">
  <mem-info id="1416" free="4578264" total="73531392" percent="6">
    <mem type="nursery" free="661000" total="40763392" percent="1">
      <mem type="allocate" free="661000" total="27328512" percent="2" />
      <mem type="survivor" free="0" total="13434880" percent="0" />
    </mem>
    <mem type="tenure" free="3917264" total="32768000" percent="11">
      <mem type="soa" free="2278864" total="31129600" percent="7" />
      <mem type="loa" free="1638400" total="1638400" percent="100" />
    </mem>
    <remembered-set count="11914" />
  </mem-info>
</gc-start>
<allocation-stats totalBytes="18713792" discardedBytes="34312" >
  <allocated-bytes non-tlh="709320" tlh="18004472" />
  <largest-consumer threadName="Start Level: Equinox Container: e0e1462d-9c03-4a01-95d9-47b54b776787" threadId="00000000005E4400" bytes="18648072" />
</allocation-stats>
<gc-op id="1417" type="rs-scan" timems="2.286" contextid="1408" timestamp="2025-12-12T03:59:39.803">
  <scan objectsFound="161047" bytesTraced="5766568" workStackOverflowCount="0" />
</gc-op>
<gc-op id="1418" type="card-cleaning" timems="1.135" contextid="1408" timestamp="2025-12-12T03:59:39.805">
  <card-cleaning cardsCleaned="1" bytesTraced="0" workStackOverflowCount="0" />
</gc-op>
<gc-op id="1419" type="mark" timems="11.234" contextid="1408" timestamp="2025-12-12T03:59:39.816">
  <trace-info objectcount="12663" scancount="11597" scanbytes="304700" />
  <finalization candidates="790" enqueued="67" />
  <ownableSynchronizers candidates="6731" cleared="14" />
  <references type="soft" candidates="9948" cleared="1306" enqueued="1288" dynamicThreshold="9" maxThreshold="32" />
  <references type="weak" candidates="11990" cleared="170" enqueued="165" />
  <references type="phantom" candidates="352" cleared="27" enqueued="27" />
  <stringconstants candidates="27123" cleared="55"  />
  <object-monitors candidates="36" cleared="0"  />
</gc-op>
<gc-op id="1420" type="classunload" timems="0.642" contextid="1408" timestamp="2025-12-12T03:59:39.817">
  <classunload-info classloadercandidates="370" classloadersunloaded="15" classesunloaded="5" anonymousclassesunloaded="0" quiescems="0.000" setupms="0.592" scanms="0.039" postms="0.010" />
</gc-op>
<gc-op id="1421" type="sweep" timems="1.662" contextid="1408" timestamp="2025-12-12T03:59:39.819" />
<heap-resize id="1422" type="expand" space="tenure" amount="7733248" count="1" timems="0.746" reason="insufficient free space following gc" timestamp="2025-12-12T03:59:39.820" />
<gc-end id="1423" type="global" contextid="1408" durationms="20.756" usertimems="31.470" systemtimems="29.154" stalltimems="210.858" timestamp="2025-12-12T03:59:39.821" activeThreads="20">
  <mem-info id="1424" free="31132032" total="81264640" percent="38">
    <mem type="nursery" free="18976176" total="40763392" percent="46">
      <mem type="allocate" free="18976176" total="27328512" percent="69" />
      <mem type="survivor" free="0" total="13434880" percent="0" />
    </mem>
    <mem type="tenure" free="12155856" total="40501248" percent="30" micro-fragmented="974646" macro-fragmented="0">
      <mem type="soa" free="10130384" total="38475776" percent="26" />
      <mem type="loa" free="2025472" total="2025472" percent="100" />
    </mem>
    <pending-finalizers system="67" default="0" reference="1480" classloader="0" />
    <remembered-set count="11051" />
  </mem-info>
</gc-end>
<cycle-end id="1425" type="global" contextid="1408" timestamp="2025-12-12T03:59:39.821" />
<exclusive-end id="1426" timestamp="2025-12-12T03:59:39.821" durationms="22.788" />

<exclusive-start id="1427" timestamp="2025-12-12T03:59:39.996" intervalms="197.187">
  <response-info timems="0.037" idlems="0.037" threads="0" lastid="00000000005E4400" lastname="Start Level: Equinox Container: e0e1462d-9c03-4a01-95d9-47b54b7" />
</exclusive-start>
<af-start id="1428" threadId="00000000005E4E78" totalBytesRequested="12104" timestamp="2025-12-12T03:59:39.996" intervalms="533.520" type="nursery" />
<cycle-start id="1429" type="scavenge" contextid="0" timestamp="2025-12-12T03:59:39.997" intervalms="533.503" />
<gc-start id="1430" type="scavenge" contextid="1429" timestamp="2025-12-12T03:59:39.998">
  <mem-info id="1431" free="12028896" total="81264640" percent="14">
    <mem type="nursery" free="0" total="40763392" percent="0">
      <mem type="allocate" free="0" total="27328512" percent="0" />
      <mem type="survivor" free="0" total="13434880" percent="0" />
    </mem>
    <mem type="tenure" free="12028896" total="40501248" percent="29">
      <mem type="soa" free="10003424" total="38475776" percent="25" />
      <mem type="loa" free="2025472" total="2025472" percent="100" />
    </mem>
    <remembered-set count="14310" />
  </mem-info>
</gc-start>
<allocation-stats totalBytes="18938240" discardedBytes="130088" >
  <allocated-bytes non-tlh="2045664" tlh="16892576" />
  <largest-consumer threadName="Start Level: Equinox Container: e0e1462d-9c03-4a01-95d9-47b54b776787" threadId="00000000005E4400" bytes="18803728" />
</allocation-stats>
<gc-op id="1432" type="scavenge" timems="4.551" contextid="1429" timestamp="2025-12-12T03:59:40.003">
  <scavenger-info tenureage="3" tenuremask="7808" tiltratio="67" />
  <memory-copied type="nursery" objects="145401" bytes="7156688" bytesdiscarded="222864" />
  <memory-copied type="tenure" objects="39483" bytes="1357520" bytesdiscarded="2008" />
  <finalization candidates="3" enqueued="2" />
  <ownableSynchronizers candidates="14063" cleared="10858" />
  <references type="soft" candidates="3464" cleared="0" enqueued="0" dynamicThreshold="9" maxThreshold="32" />
  <references type="weak" candidates="9312" cleared="353" enqueued="348" />
  <references type="phantom" candidates="286" cleared="1" enqueued="1" />
  <object-monitors candidates="36" cleared="0"  />
</gc-op>
<gc-end id="1433" type="scavenge" contextid="1429" durationms="5.950" usertimems="15.483" systemtimems="10.912" stalltimems="9.570" timestamp="2025-12-12T03:59:40.004" activeThreads="8">
  <mem-info id="1434" free="30768736" total="81264640" percent="37">
    <mem type="nursery" free="20646304" total="40763392" percent="50">
      <mem type="allocate" free="20646304" total="28049408" percent="73" />
      <mem type="survivor" free="0" total="12713984" percent="0" />
    </mem>
    <mem type="tenure" free="10122432" total="40501248" percent="24">
      <mem type="soa" free="8096960" total="38475776" percent="21" />
      <mem type="loa" free="2025472" total="2025472" percent="100" />
    </mem>
    <pending-finalizers system="2" default="0" reference="349" classloader="0" />
    <remembered-set count="8686" />
  </mem-info>
</gc-end>
<cycle-end id="1435" type="scavenge" contextid="1429" timestamp="2025-12-12T03:59:40.004" />
<allocation-satisfied id="1436" threadId="00000000005E4400" bytesRequested="12104" />
<af-end id="1437" timestamp="2025-12-12T03:59:40.005" threadId="00000000005E4E78" success="true" from="nursery"/>
<exclusive-end id="1438" timestamp="2025-12-12T03:59:40.005" durationms="9.473" />

<exclusive-start id="1439" timestamp="2025-12-12T03:59:40.240" intervalms="244.522">
  <response-info timems="0.049" idlems="0.049" threads="0" lastid="00000000005EC100" lastname="Equinox start level thread - Equinox Container: e0e1462d-9c03-4" />
</exclusive-start>
<af-start id="1440" threadId="00000000005ECB78" totalBytesRequested="328" timestamp="2025-12-12T03:59:40.241" intervalms="244.634" type="nursery" />
<cycle-start id="1441" type="scavenge" contextid="0" timestamp="2025-12-12T03:59:40.242" intervalms="244.787" />
<gc-start id="1442" type="scavenge" contextid="1441" timestamp="2025-12-12T03:59:40.243">
  <mem-info id="1443" free="9904912" total="81264640" percent="12">
    <mem type="nursery" free="0" total="40763392" percent="0">
      <mem type="allocate" free="0" total="28049408" percent="0" />
      <mem type="survivor" free="0" total="12713984" percent="0" />
    </mem>
    <mem type="tenure" free="9904912" total="40501248" percent="24">
      <mem type="soa" free="7879440" total="38475776" percent="20" />
      <mem type="loa" free="2025472" total="2025472" percent="100" />
    </mem>
    <remembered-set count="12345" />
  </mem-info>
</gc-start>
<allocation-stats totalBytes="20842720" discardedBytes="21104" >
  <allocated-bytes non-tlh="660912" tlh="20181808" />
  <largest-consumer threadName="Start Level: Equinox Container: e0e1462d-9c03-4a01-95d9-47b54b776787" threadId="00000000005E4400" bytes="7851224" />
</allocation-stats>
<gc-op id="1444" type="scavenge" timems="6.851" contextid="1441" timestamp="2025-12-12T03:59:40.250">
  <scavenger-info tenureage="11" tenuremask="7800" tiltratio="68" />
  <memory-copied type="nursery" objects="168523" bytes="7234968" bytesdiscarded="72912" />
  <finalization candidates="7" enqueued="7" />
  <ownableSynchronizers candidates="3490" cleared="244" />
  <references type="soft" candidates="4145" cleared="0" enqueued="0" dynamicThreshold="9" maxThreshold="32" />
  <references type="weak" candidates="9756" cleared="580" enqueued="579" />
  <references type="phantom" candidates="323" cleared="11" enqueued="11" />
  <object-monitors candidates="40" cleared="3"  />
</gc-op>
<gc-end id="1445" type="scavenge" contextid="1441" durationms="8.554" usertimems="35.183" systemtimems="0.586" stalltimems="16.364" timestamp="2025-12-12T03:59:40.251" activeThreads="8">
  <mem-info id="1446" free="31341704" total="81264640" percent="38">
    <mem type="nursery" free="21436792" total="40763392" percent="52">
      <mem type="allocate" free="21436792" total="28770304" percent="74" />
      <mem type="survivor" free="0" total="11993088" percent="0" />
    </mem>
    <mem type="tenure" free="9904912" total="40501248" percent="24">
      <mem type="soa" free="7879440" total="38475776" percent="20" />
      <mem type="loa" free="2025472" total="2025472" percent="100" />
    </mem>
    <pending-finalizers system="7" default="0" reference="590" classloader="0" />
    <remembered-set count="11401" />
  </mem-info>
</gc-end>
<cycle-end id="1447" type="scavenge" contextid="1441" timestamp="2025-12-12T03:59:40.252" />
<allocation-satisfied id="1448" threadId="00000000005EC100" bytesRequested="328" />
<af-end id="1449" timestamp="2025-12-12T03:59:40.253" threadId="00000000005ECB78" success="true" from="nursery"/>
<exclusive-end id="1450" timestamp="2025-12-12T03:59:40.254" durationms="13.197" />

<exclusive-start id="1451" timestamp="2025-12-12T03:59:40.494" intervalms="253.769">
  <response-info timems="0.468" idlems="0.252" threads="1" lastid="0000000000029600" lastname="JIT Compilation Thread-000" />
</exclusive-start>
<af-start id="1452" threadId="000000000085CF78" totalBytesRequested="48" timestamp="2025-12-12T03:59:40.495" intervalms="253.891" type="nursery" />
<cycle-start id="1453" type="scavenge" contextid="0" timestamp="2025-12-12T03:59:40.496" intervalms="253.864" />
<gc-start id="1454" type="scavenge" contextid="1453" timestamp="2025-12-12T03:59:40.496">
  <mem-info id="1455" free="9622072" total="81264640" percent="11">
    <mem type="nursery" free="0" total="40763392" percent="0">
      <mem type="allocate" free="0" total="28770304" percent="0" />
      <mem type="survivor" free="0" total="11993088" percent="0" />
    </mem>
    <mem type="tenure" free="9622072" total="40501248" percent="23">
      <mem type="soa" free="7596600" total="38475776" percent="19" />
      <mem type="loa" free="2025472" total="2025472" percent="100" />
    </mem>
    <remembered-set count="15972" />
  </mem-info>
</gc-start>
<allocation-stats totalBytes="21694400" discardedBytes="25232" >
  <allocated-bytes non-tlh="524280" tlh="21170120" />
  <largest-consumer threadName="Default Executor-thread-2" threadId="000000000085B900" bytes="6376344" />
</allocation-stats>
<gc-op id="1456" type="scavenge" timems="12.572" contextid="1453" timestamp="2025-12-12T03:59:40.510">
  <scavenger-info tenureage="4" tenuremask="7850" tiltratio="70" />
  <memory-copied type="nursery" objects="76673" bytes="4679056" bytesdiscarded="320608" />
  <memory-copied type="tenure" objects="103021" bytes="3578472" bytesdiscarded="1112" />
  <finalization candidates="27" enqueued="27" />
  <ownableSynchronizers candidates="3490" cleared="20" />
  <references type="soft" candidates="1677" cleared="0" enqueued="0" dynamicThreshold="9" maxThreshold="32" />
  <references type="weak" candidates="1736" cleared="700" enqueued="700" />
  <references type="phantom" candidates="368" cleared="13" enqueued="13" />
  <object-monitors candidates="254" cleared="151"  />
</gc-op>
<heap-resize id="1457" type="expand" space="nursery" amount="1572864" count="1" timems="0.055" reason="excessive time being spent scavenging" timestamp="2025-12-12T03:59:40.512" />
<gc-end id="1458" type="scavenge" contextid="1453" durationms="15.510" usertimems="43.614" systemtimems="12.670" stalltimems="19.720" timestamp="2025-12-12T03:59:40.512" activeThreads="8">
  <mem-info id="1459" free="31179624" total="82837504" percent="37">
    <mem type="nursery" free="25460544" total="42336256" percent="60">
      <mem type="allocate" free="25460544" total="30474240" percent="83" />
      <mem type="survivor" free="0" total="11862016" percent="0" />
    </mem>
    <mem type="tenure" free="5719080" total="40501248" percent="14">
      <mem type="soa" free="3693608" total="38475776" percent="9" />
      <mem type="loa" free="2025472" total="2025472" percent="100" />
    </mem>
    <pending-finalizers system="27" default="0" reference="713" classloader="0" />
    <remembered-set count="9876" />
  </mem-info>
</gc-end>
<cycle-end id="1460" type="scavenge" contextid="1453" timestamp="2025-12-12T03:59:40.513" />
<allocation-satisfied id="1461" threadId="000000000085C500" bytesRequested="48" />
<af-end id="1462" timestamp="2025-12-12T03:59:40.514" threadId="000000000085CF78" success="true" from="nursery"/>
<exclusive-end id="1463" timestamp="2025-12-12T03:59:40.515" durationms="20.619" />

<concurrent-kickoff id="1464" timestamp="2025-12-12T03:59:40.620">
  <kickoff reason="threshold reached" targetBytes="19001906" thresholdFreeBytes="2632684"  remainingFree="2486080" tenureFreeBytes="5617440" nurseryFreeBytes="2486080" />
</concurrent-kickoff>
<exclusive-start id="1465" timestamp="2025-12-12T03:59:40.621" intervalms="126.425">
  <response-info timems="0.048" idlems="0.048" threads="0" lastid="000000000085DE00" lastname="Default Executor-thread-6" />
</exclusive-start>
<cycle-start id="1466" type="global" contextid="0" timestamp="2025-12-12T03:59:40.621" intervalms="848.355" />
<concurrent-start id="1467" type="global mark" contextid="1466" timestamp="2025-12-12T03:59:40.622">
</concurrent-start>
<exclusive-end id="1468" timestamp="2025-12-12T03:59:40.622" durationms="1.626" />

<concurrent-end id="1469" type="global mark" contextid="1466" timestamp="2025-12-12T03:59:40.646">
<gc-op id="1470" type="trace" timems="24.336" contextid="1466" timestamp="2025-12-12T03:59:40.646">
  <trace bytesTraced="22902996" workStackOverflowCount="0" />
  <card-cleaning reason="card cleaning threshold reached" bytesTraced="41388" cardsCleaned="78" />
</gc-op>
</concurrent-end>

<exclusive-start id="1471" timestamp="2025-12-12T03:59:40.647" intervalms="26.799">
  <response-info timems="0.078" idlems="0.078" threads="0" lastid="000000000085DE00" lastname="Default Executor-thread-6" />
</exclusive-start>
<concurrent-global-final id="1472" timestamp="2025-12-12T03:59:40.648" contextid="1466" intervalms="848.553" >
  <concurrent-trace-info reason="card cleaning threshold reached" tracedByMutators="14666596" tracedByHelpers="8277788" cardsCleaned="78" workStackOverflowCount="0" />
</concurrent-global-final>
<gc-start id="1473" type="global" contextid="1466" timestamp="2025-12-12T03:59:40.649">
  <mem-info id="1474" free="6256840" total="82837504" percent="7">
    <mem type="nursery" free="646976" total="42336256" percent="1">
      <mem type="allocate" free="646976" total="30474240" percent="2" />
      <mem type="survivor" free="0" total="11862016" percent="0" />
    </mem>
    <mem type="tenure" free="5609864" total="40501248" percent="13">
      <mem type="soa" free="3584392" total="38475776" percent="9" />
      <mem type="loa" free="2025472" total="2025472" percent="100" />
    </mem>
    <remembered-set count="11561" />
  </mem-info>
</gc-start>
<allocation-stats totalBytes="24733768" discardedBytes="189016" >
  <allocated-bytes non-tlh="109264" tlh="24624504" />
  <largest-consumer threadName="Default Executor-thread-4" threadId="000000000085C500" bytes="7888416" />
</allocation-stats>
<gc-op id="1475" type="rs-scan" timems="3.003" contextid="1466" timestamp="2025-12-12T03:59:40.653">
  <scan objectsFound="79121" bytesTraced="3394628" workStackOverflowCount="0" />
</gc-op>
<gc-op id="1476" type="card-cleaning" timems="2.221" contextid="1466" timestamp="2025-12-12T03:59:40.655">
  <card-cleaning cardsCleaned="18" bytesTraced="41568" workStackOverflowCount="0" />
</gc-op>
<gc-op id="1477" type="mark" timems="15.768" contextid="1466" timestamp="2025-12-12T03:59:40.672">
  <trace-info objectcount="6453" scancount="6303" scanbytes="231544" />
  <finalization candidates="730" enqueued="6" />
  <ownableSynchronizers candidates="8003" cleared="34" />
  <references type="soft" candidates="10088" cleared="303" enqueued="300" dynamicThreshold="9" maxThreshold="32" />
  <references type="weak" candidates="13083" cleared="356" enqueued="344" />
  <references type="phantom" candidates="438" cleared="3" enqueued="3" />
  <stringconstants candidates="32138" cleared="90"  />
  <object-monitors candidates="155" cleared="66"  />
</gc-op>
<gc-op id="1478" type="classunload" timems="1.224" contextid="1466" timestamp="2025-12-12T03:59:40.674">
  <classunload-info classloadercandidates="363" classloadersunloaded="0" classesunloaded="11" anonymousclassesunloaded="11" quiescems="0.000" setupms="1.193" scanms="0.030" postms="0.000" />
</gc-op>
<gc-op id="1479" type="sweep" timems="2.225" contextid="1466" timestamp="2025-12-12T03:59:40.676" />
<heap-resize id="1480" type="expand" space="tenure" amount="7995392" count="1" timems="1.093" reason="insufficient free space following gc" timestamp="2025-12-12T03:59:40.679" />
<gc-end id="1481" type="global" contextid="1466" durationms="30.728" usertimems="45.177" systemtimems="32.795" stalltimems="285.656" timestamp="2025-12-12T03:59:40.679" activeThreads="20">
  <mem-info id="1482" free="39325256" total="90832896" percent="43">
    <mem type="nursery" free="24772328" total="42336256" percent="58">
      <mem type="allocate" free="24772328" total="30474240" percent="81" />
      <mem type="survivor" free="0" total="11862016" percent="0" />
    </mem>
    <mem type="tenure" free="14552928" total="48496640" percent="30" micro-fragmented="1128396" macro-fragmented="0">
      <mem type="soa" free="12128096" total="46071808" percent="26" />
      <mem type="loa" free="2424832" total="2424832" percent="100" />
    </mem>
    <pending-finalizers system="6" default="0" reference="647" classloader="0" />
    <remembered-set count="8840" />
  </mem-info>
</gc-end>
<cycle-end id="1483" type="global" contextid="1466" timestamp="2025-12-12T03:59:40.680" />
<exclusive-end id="1484" timestamp="2025-12-12T03:59:40.681" durationms="33.480" />

<exclusive-start id="1485" timestamp="2025-12-12T03:59:40.906" intervalms="258.567">
  <response-info timems="0.048" idlems="0.048" threads="0" lastid="000000000085F600" lastname="Default Executor-thread-3" />
</exclusive-start>
<af-start id="1486" threadId="0000000000860078" totalBytesRequested="24" timestamp="2025-12-12T03:59:40.907" intervalms="411.688" type="nursery" />
<cycle-start id="1487" type="scavenge" contextid="0" timestamp="2025-12-12T03:59:40.907" intervalms="411.540" />
<gc-start id="1488" type="scavenge" contextid="1487" timestamp="2025-12-12T03:59:40.908">
  <mem-info id="1489" free="14349224" total="90832896" percent="15">
    <mem type="nursery" free="0" total="42336256" percent="0">
      <mem type="allocate" free="0" total="30474240" percent="0" />
      <mem type="survivor" free="0" total="11862016" percent="0" />
    </mem>
    <mem type="tenure" free="14349224" total="48496640" percent="29">
      <mem type="soa" free="11924392" total="46071808" percent="25" />
      <mem type="loa" free="2424832" total="2424832" percent="100" />
    </mem>
    <remembered-set count="12155" />
  </mem-info>
</gc-start>
<allocation-stats totalBytes="24412048" discardedBytes="524888" >
  <allocated-bytes non-tlh="8449336" tlh="15962712" />
  <largest-consumer threadName="Default Executor-thread-5" threadId="000000000085D200" bytes="8959560" />
</allocation-stats>
<gc-op id="1490" type="scavenge" timems="6.831" contextid="1487" timestamp="2025-12-12T03:59:40.916">
  <scavenger-info tenureage="4" tenuremask="7810" tiltratio="71" />
  <memory-copied type="nursery" objects="93010" bytes="5684112" bytesdiscarded="118720" />
  <memory-copied type="tenure" objects="12621" bytes="408912" bytesdiscarded="432" />
  <finalization candidates="21" enqueued="19" />
  <ownableSynchronizers candidates="14486" cleared="12877" />
  <references type="soft" candidates="1822" cleared="0" enqueued="0" dynamicThreshold="9" maxThreshold="32" />
  <references type="weak" candidates="2427" cleared="1067" enqueued="1045" />
  <references type="phantom" candidates="380" cleared="4" enqueued="4" />
  <object-monitors candidates="136" cleared="35"  />
</gc-op>
<gc-end id="1491" type="scavenge" contextid="1487" durationms="8.487" usertimems="25.530" systemtimems="11.543" stalltimems="23.978" timestamp="2025-12-12T03:59:40.916" activeThreads="9">
  <mem-info id="1492" free="39449464" total="90832896" percent="43">
    <mem type="nursery" free="25771512" total="42336256" percent="60">
      <mem type="allocate" free="25771512" total="31588352" percent="81" />
      <mem type="survivor" free="0" total="10747904" percent="0" />
    </mem>
    <mem type="tenure" free="13677952" total="48496640" percent="28">
      <mem type="soa" free="11253120" total="46071808" percent="24" />
      <mem type="loa" free="2424832" total="2424832" percent="100" />
    </mem>
    <pending-finalizers system="19" default="0" reference="1049" classloader="0" />
    <remembered-set count="9232" />
  </mem-info>
</gc-end>
<cycle-end id="1493" type="scavenge" contextid="1487" timestamp="2025-12-12T03:59:40.917" />
<allocation-satisfied id="1494" threadId="000000000085F600" bytesRequested="24" />
<af-end id="1495" timestamp="2025-12-12T03:59:40.918" threadId="0000000000860078" success="true" from="nursery"/>
<exclusive-end id="1496" timestamp="2025-12-12T03:59:40.919" durationms="12.681" />

<exclusive-start id="1497" timestamp="2025-12-12T03:59:41.415" intervalms="509.490">
  <response-info timems="0.051" idlems="0.051" threads="0" lastid="000000000085B900" lastname="Default Executor-thread-2" />
</exclusive-start>
<af-start id="1498" threadId="000000000085C378" totalBytesRequested="10800" timestamp="2025-12-12T03:59:41.416" intervalms="509.461" type="nursery" />
<cycle-start id="1499" type="scavenge" contextid="0" timestamp="2025-12-12T03:59:41.417" intervalms="509.530" />
<gc-start id="1500" type="scavenge" contextid="1499" timestamp="2025-12-12T03:59:41.418">
  <mem-info id="1501" free="13419544" total="90832896" percent="14">
    <mem type="nursery" free="0" total="42336256" percent="0">
      <mem type="allocate" free="0" total="31588352" percent="0" />
      <mem type="survivor" free="0" total="10747904" percent="0" />
    </mem>
    <mem type="tenure" free="13419544" total="48496640" percent="27">
      <mem type="soa" free="10994712" total="46071808" percent="23" />
      <mem type="loa" free="2424832" total="2424832" percent="100" />
    </mem>
    <remembered-set count="13772" />
  </mem-info>
</gc-start>
<allocation-stats totalBytes="25977424" discardedBytes="43960" >
  <allocated-bytes non-tlh="249896" tlh="25727528" />
  <largest-consumer threadName="Default Executor-thread-2" threadId="000000000085B900" bytes="8893120" />
</allocation-stats>
<gc-op id="1502" type="scavenge" timems="7.153" contextid="1499" timestamp="2025-12-12T03:59:41.426">
  <scavenger-info tenureage="3" tenuremask="7808" tiltratio="74" />
  <memory-copied type="nursery" objects="81254" bytes="5206856" bytesdiscarded="422224" />
  <memory-copied type="tenure" objects="21472" bytes="1180496" bytesdiscarded="536" />
  <finalization candidates="73" enqueued="71" />
  <ownableSynchronizers candidates="1557" cleared="23" />
  <references type="soft" candidates="1717" cleared="0" enqueued="0" dynamicThreshold="9" maxThreshold="32" />
  <references type="weak" candidates="2369" cleared="963" enqueued="950" />
  <references type="phantom" candidates="330" cleared="26" enqueued="26" />
  <object-monitors candidates="138" cleared="30"  />
</gc-op>
<gc-end id="1503" type="scavenge" contextid="1499" durationms="9.209" usertimems="32.049" systemtimems="4.704" stalltimems="21.859" timestamp="2025-12-12T03:59:41.427" activeThreads="9">
  <mem-info id="1504" free="38425424" total="90832896" percent="42">
    <mem type="nursery" free="26669864" total="42336256" percent="62">
      <mem type="allocate" free="26669864" total="32309248" percent="82" />
      <mem type="survivor" free="0" total="10027008" percent="0" />
    </mem>
    <mem type="tenure" free="11755560" total="48496640" percent="24">
      <mem type="soa" free="9330728" total="46071808" percent="20" />
      <mem type="loa" free="2424832" total="2424832" percent="100" />
    </mem>
    <pending-finalizers system="71" default="0" reference="976" classloader="0" />
    <remembered-set count="10250" />
  </mem-info>
</gc-end>
<cycle-end id="1505" type="scavenge" contextid="1499" timestamp="2025-12-12T03:59:41.428" />
<allocation-satisfied id="1506" threadId="000000000085B900" bytesRequested="10800" />
<af-end id="1507" timestamp="2025-12-12T03:59:41.429" threadId="000000000085C378" success="true" from="nursery"/>
<exclusive-end id="1508" timestamp="2025-12-12T03:59:41.429" durationms="13.885" />

<exclusive-start id="1509" timestamp="2025-12-12T03:59:41.716" intervalms="300.564">
  <response-info timems="0.044" idlems="0.044" threads="0" lastid="000000000085D200" lastname="Default Executor-thread-5" />
</exclusive-start>
<af-start id="1510" threadId="000000000085DC78" totalBytesRequested="6808" timestamp="2025-12-12T03:59:41.717" intervalms="300.595" type="nursery" />
<cycle-start id="1511" type="scavenge" contextid="0" timestamp="2025-12-12T03:59:41.717" intervalms="300.632" />
<gc-start id="1512" type="scavenge" contextid="1511" timestamp="2025-12-12T03:59:41.718">
  <mem-info id="1513" free="11532712" total="90832896" percent="12">
    <mem type="nursery" free="0" total="42336256" percent="0">
      <mem type="allocate" free="0" total="32309248" percent="0" />
      <mem type="survivor" free="0" total="10027008" percent="0" />
    </mem>
    <mem type="tenure" free="11532712" total="48496640" percent="23">
      <mem type="soa" free="9107880" total="46071808" percent="19" />
      <mem type="loa" free="2424832" total="2424832" percent="100" />
    </mem>
    <remembered-set count="13799" />
  </mem-info>
</gc-start>
<allocation-stats totalBytes="26810960" discardedBytes="81752" >
  <allocated-bytes non-tlh="233648" tlh="26577312" />
  <largest-consumer threadName="Default Executor-thread-2" threadId="000000000085B900" bytes="18447144" />
</allocation-stats>
<gc-op id="1514" type="scavenge" timems="5.619" contextid="1511" timestamp="2025-12-12T03:59:41.725">
  <scavenger-info tenureage="3" tenuremask="7808" tiltratio="76" />
  <memory-copied type="nursery" objects="85228" bytes="4854984" bytesdiscarded="108008" />
  <memory-copied type="tenure" objects="11512" bytes="980712" bytesdiscarded="1272" />
  <finalization candidates="123" enqueued="120" />
  <ownableSynchronizers candidates="990" cleared="15" />
  <references type="soft" candidates="1867" cleared="0" enqueued="0" dynamicThreshold="9" maxThreshold="32" />
  <references type="weak" candidates="1933" cleared="654" enqueued="637" />
  <references type="phantom" candidates="254" cleared="57" enqueued="57" />
  <object-monitors candidates="108" cleared="0"  />
</gc-op>
<gc-end id="1515" type="scavenge" contextid="1511" durationms="7.961" usertimems="25.946" systemtimems="1.685" stalltimems="17.173" timestamp="2025-12-12T03:59:41.726" activeThreads="8">
  <mem-info id="1516" free="38317536" total="90832896" percent="42">
    <mem type="nursery" free="28056344" total="42336256" percent="66">
      <mem type="allocate" free="28056344" total="33030144" percent="84" />
      <mem type="survivor" free="0" total="9306112" percent="0" />
    </mem>
    <mem type="tenure" free="10261192" total="48496640" percent="21">
      <mem type="soa" free="7836360" total="46071808" percent="17" />
      <mem type="loa" free="2424832" total="2424832" percent="100" />
    </mem>
    <pending-finalizers system="117" default="3" reference="694" classloader="0" />
    <remembered-set count="9936" />
  </mem-info>
</gc-end>
<cycle-end id="1517" type="scavenge" contextid="1511" timestamp="2025-12-12T03:59:41.727" />
<allocation-satisfied id="1518" threadId="000000000085D200" bytesRequested="6808" />
<af-end id="1519" timestamp="2025-12-12T03:59:41.728" threadId="000000000085DC78" success="true" from="nursery"/>
<exclusive-end id="1520" timestamp="2025-12-12T03:59:41.728" durationms="12.181" />

<exclusive-start id="1521" timestamp="2025-12-12T03:59:42.072" intervalms="355.868">
  <response-info timems="0.049" idlems="0.049" threads="0" lastid="000000000085D200" lastname="Default Executor-thread-5" />
</exclusive-start>
<af-start id="1522" threadId="000000000085DC78" totalBytesRequested="24" timestamp="2025-12-12T03:59:42.073" intervalms="355.901" type="nursery" />
<cycle-start id="1523" type="scavenge" contextid="0" timestamp="2025-12-12T03:59:42.073" intervalms="356.146" />
<gc-start id="1524" type="scavenge" contextid="1523" timestamp="2025-12-12T03:59:42.075">
  <mem-info id="1525" free="10225312" total="90832896" percent="11">
    <mem type="nursery" free="0" total="42336256" percent="0">
      <mem type="allocate" free="0" total="33030144" percent="0" />
      <mem type="survivor" free="0" total="9306112" percent="0" />
    </mem>
    <mem type="tenure" free="10225312" total="48496640" percent="21">
      <mem type="soa" free="7800480" total="46071808" percent="16" />
      <mem type="loa" free="2424832" total="2424832" percent="100" />
    </mem>
    <remembered-set count="10704" />
  </mem-info>
</gc-start>
<allocation-stats totalBytes="28088176" discardedBytes="4048" >
  <allocated-bytes non-tlh="209968" tlh="27878208" />
  <largest-consumer threadName="Default Executor-thread-5" threadId="000000000085D200" bytes="26537128" />
</allocation-stats>
<gc-op id="1526" type="scavenge" timems="12.042" contextid="1523" timestamp="2025-12-12T03:59:42.095">
  <scavenger-info tenureage="3" tenuremask="7808" tiltratio="78" />
  <memory-copied type="nursery" objects="125981" bytes="5949632" bytesdiscarded="276488" />
  <memory-copied type="tenure" objects="24466" bytes="1901312" bytesdiscarded="1968" />
  <finalization candidates="95" enqueued="65" />
  <ownableSynchronizers candidates="831" cleared="30" />
  <references type="soft" candidates="1648" cleared="0" enqueued="0" dynamicThreshold="9" maxThreshold="32" />
  <references type="weak" candidates="1160" cleared="252" enqueued="251" />
  <references type="phantom" candidates="129" cleared="6" enqueued="6" />
  <object-monitors candidates="108" cleared="0"  />
</gc-op>
<gc-end id="1527" type="scavenge" contextid="1523" durationms="21.727" usertimems="38.297" systemtimems="13.807" stalltimems="20.756" timestamp="2025-12-12T03:59:42.097" activeThreads="7">
  <mem-info id="1528" free="34795744" total="90832896" percent="38">
    <mem type="nursery" free="26858680" total="42336256" percent="63">
      <mem type="allocate" free="26858680" total="33095680" percent="81" />
      <mem type="survivor" free="0" total="9240576" percent="0" />
    </mem>
    <mem type="tenure" free="7937064" total="48496640" percent="16">
      <mem type="soa" free="5512232" total="46071808" percent="11" />
      <mem type="loa" free="2424832" total="2424832" percent="100" />
    </mem>
    <pending-finalizers system="11" default="54" reference="257" classloader="0" />
    <remembered-set count="7098" />
  </mem-info>
</gc-end>
<cycle-end id="1529" type="scavenge" contextid="1523" timestamp="2025-12-12T03:59:42.099" />
<allocation-satisfied id="1530" threadId="000000000085D200" bytesRequested="24" />
<af-end id="1531" timestamp="2025-12-12T03:59:42.123" threadId="000000000085DC78" success="true" from="nursery"/>
<exclusive-end id="1532" timestamp="2025-12-12T03:59:42.127" durationms="54.873" />

<exclusive-start id="1533" timestamp="2025-12-12T03:59:42.322" intervalms="250.297">
  <response-info timems="0.046" idlems="0.046" threads="0" lastid="000000000085D200" lastname="Default Executor-thread-5" />
</exclusive-start>
<af-start id="1534" threadId="000000000085DC78" totalBytesRequested="72" timestamp="2025-12-12T03:59:42.323" intervalms="250.175" type="nursery" />
<cycle-start id="1535" type="scavenge" contextid="0" timestamp="2025-12-12T03:59:42.323" intervalms="249.657" />
<gc-start id="1536" type="scavenge" contextid="1535" timestamp="2025-12-12T03:59:42.324">
  <mem-info id="1537" free="7929392" total="90832896" percent="8">
    <mem type="nursery" free="0" total="42336256" percent="0">
      <mem type="allocate" free="0" total="33095680" percent="0" />
      <mem type="survivor" free="0" total="9240576" percent="0" />
    </mem>
    <mem type="tenure" free="7929392" total="48496640" percent="16">
      <mem type="soa" free="5504560" total="46071808" percent="11" />
      <mem type="loa" free="2424832" total="2424832" percent="100" />
    </mem>
    <remembered-set count="7280" />
  </mem-info>
</gc-start>
<allocation-stats totalBytes="26863792" discardedBytes="2560" >
  <allocated-bytes non-tlh="7696" tlh="26856096" />
  <largest-consumer threadName="Default Executor-thread-5" threadId="000000000085D200" bytes="26851504" />
</allocation-stats>
<gc-op id="1538" type="scavenge" timems="6.986" contextid="1535" timestamp="2025-12-12T03:59:42.331">
  <scavenger-info tenureage="11" tenuremask="7800" tiltratio="78" />
  <memory-copied type="nursery" objects="167746" bytes="7437456" bytesdiscarded="61840" />
  <finalization candidates="133" enqueued="86" />
  <ownableSynchronizers candidates="698" cleared="22" />
  <references type="soft" candidates="1650" cleared="0" enqueued="0" dynamicThreshold="9" maxThreshold="32" />
  <references type="weak" candidates="970" cleared="56" enqueued="56" />
  <references type="phantom" candidates="123" cleared="1" enqueued="1" />
  <object-monitors candidates="108" cleared="0"  />
</gc-op>
<gc-end id="1539" type="scavenge" contextid="1535" durationms="8.170" usertimems="19.724" systemtimems="3.956" stalltimems="12.372" timestamp="2025-12-12T03:59:42.332" activeThreads="7">
  <mem-info id="1540" free="32004352" total="90832896" percent="35">
    <mem type="nursery" free="24074960" total="42336256" percent="56">
      <mem type="allocate" free="24074960" total="31588352" percent="76" />
      <mem type="survivor" free="0" total="10747904" percent="0" />
    </mem>
    <mem type="tenure" free="7929392" total="48496640" percent="16">
      <mem type="soa" free="5504560" total="46071808" percent="11" />
      <mem type="loa" free="2424832" total="2424832" percent="100" />
    </mem>
    <pending-finalizers system="2" default="84" reference="57" classloader="0" />
    <remembered-set count="4379" />
  </mem-info>
</gc-end>
<cycle-end id="1541" type="scavenge" contextid="1535" timestamp="2025-12-12T03:59:42.332" />
<allocation-satisfied id="1542" threadId="000000000085D200" bytesRequested="72" />
<af-end id="1543" timestamp="2025-12-12T03:59:42.333" threadId="000000000085DC78" success="true" from="nursery"/>
<exclusive-end id="1544" timestamp="2025-12-12T03:59:42.333" durationms="11.178" />

<exclusive-start id="1545" timestamp="2025-12-12T03:59:42.457" intervalms="135.216">
  <response-info timems="0.044" idlems="0.044" threads="0" lastid="000000000085D200" lastname="Default Executor-thread-5" />
</exclusive-start>
<af-start id="1546" threadId="000000000085DC78" totalBytesRequested="24" timestamp="2025-12-12T03:59:42.458" intervalms="135.271" type="nursery" />
<cycle-start id="1547" type="scavenge" contextid="0" timestamp="2025-12-12T03:59:42.459" intervalms="135.564" />
<gc-start id="1548" type="scavenge" contextid="1547" timestamp="2025-12-12T03:59:42.460">
  <mem-info id="1549" free="7878200" total="90832896" percent="8">
    <mem type="nursery" free="0" total="42336256" percent="0">
      <mem type="allocate" free="0" total="31588352" percent="0" />
      <mem type="survivor" free="0" total="10747904" percent="0" />
    </mem>
    <mem type="tenure" free="7878200" total="48496640" percent="16">
      <mem type="soa" free="5453368" total="46071808" percent="11" />
      <mem type="loa" free="2424832" total="2424832" percent="100" />
    </mem>
    <remembered-set count="6229" />
  </mem-info>
</gc-start>
<allocation-stats totalBytes="24121304" discardedBytes="4848" >
  <allocated-bytes non-tlh="51264" tlh="24070040" />
  <largest-consumer threadName="Default Executor-thread-5" threadId="000000000085D200" bytes="23932888" />
</allocation-stats>
<gc-op id="1550" type="scavenge" timems="8.107" contextid="1547" timestamp="2025-12-12T03:59:42.469">
  <scavenger-info tenureage="11" tenuremask="7800" tiltratio="74" />
  <memory-copied type="nursery" objects="161268" bytes="8362840" bytesdiscarded="88800" />
  <finalization candidates="190" enqueued="143" />
  <ownableSynchronizers candidates="696" cleared="7" />
  <references type="soft" candidates="1785" cleared="0" enqueued="0" dynamicThreshold="9" maxThreshold="32" />
  <references type="weak" candidates="1178" cleared="194" enqueued="194" />
  <references type="phantom" candidates="205" cleared="2" enqueued="2" />
  <object-monitors candidates="108" cleared="1"  />
</gc-op>
<heap-resize id="1551" type="expand" space="nursery" amount="2359296" count="1" timems="0.154" reason="excessive time being spent scavenging" timestamp="2025-12-12T03:59:42.473" />
<gc-end id="1552" type="scavenge" contextid="1547" durationms="14.219" usertimems="26.818" systemtimems="0.000" stalltimems="20.212" timestamp="2025-12-12T03:59:42.474" activeThreads="6">
  <mem-info id="1553" free="32044952" total="93192192" percent="34">
    <mem type="nursery" free="24166752" total="44695552" percent="54">
      <mem type="allocate" free="24166752" total="32636928" percent="74" />
      <mem type="survivor" free="0" total="12058624" percent="0" />
    </mem>
    <mem type="tenure" free="7878200" total="48496640" percent="16">
      <mem type="soa" free="5453368" total="46071808" percent="11" />
      <mem type="loa" free="2424832" total="2424832" percent="100" />
    </mem>
    <pending-finalizers system="5" default="138" reference="196" classloader="0" />
    <remembered-set count="4936" />
  </mem-info>
</gc-end>
<cycle-end id="1554" type="scavenge" contextid="1547" timestamp="2025-12-12T03:59:42.474" />
<allocation-satisfied id="1555" threadId="000000000085D200" bytesRequested="24" />
<af-end id="1556" timestamp="2025-12-12T03:59:42.475" threadId="000000000085DC78" success="true" from="nursery"/>
<exclusive-end id="1557" timestamp="2025-12-12T03:59:42.475" durationms="17.940" />

<exclusive-start id="1558" timestamp="2025-12-12T03:59:42.713" intervalms="255.612">
  <response-info timems="0.049" idlems="0.049" threads="0" lastid="000000000085D200" lastname="Default Executor-thread-5" />
</exclusive-start>
<af-start id="1559" threadId="000000000085DC78" totalBytesRequested="60000" timestamp="2025-12-12T03:59:42.727" intervalms="268.823" type="nursery" />
<cycle-start id="1560" type="scavenge" contextid="0" timestamp="2025-12-12T03:59:42.732" intervalms="273.449" />
<gc-start id="1561" type="scavenge" contextid="1560" timestamp="2025-12-12T03:59:42.734">
  <mem-info id="1562" free="7681168" total="93192192" percent="8">
    <mem type="nursery" free="0" total="44695552" percent="0">
      <mem type="allocate" free="0" total="32636928" percent="0" />
      <mem type="survivor" free="0" total="12058624" percent="0" />
    </mem>
    <mem type="tenure" free="7681168" total="48496640" percent="15">
      <mem type="soa" free="5256336" total="46071808" percent="11" />
      <mem type="loa" free="2424832" total="2424832" percent="100" />
    </mem>
    <remembered-set count="7714" />
  </mem-info>
</gc-start>
<allocation-stats totalBytes="24308968" discardedBytes="54816" >
  <allocated-bytes non-tlh="687464" tlh="23621504" />
  <largest-consumer threadName="Default Executor-thread-5" threadId="000000000085D200" bytes="24022576" />
</allocation-stats>
<gc-op id="1563" type="scavenge" timems="7.023" contextid="1560" timestamp="2025-12-12T03:59:42.743">
  <scavenger-info tenureage="9" tenuremask="7a00" tiltratio="73" />
  <memory-copied type="nursery" objects="150521" bytes="8612464" bytesdiscarded="72352" />
  <memory-copied type="tenure" objects="24654" bytes="935816" bytesdiscarded="200" />
  <finalization candidates="80" enqueued="33" />
  <ownableSynchronizers candidates="869" cleared="26" />
  <references type="soft" candidates="2074" cleared="0" enqueued="0" dynamicThreshold="9" maxThreshold="32" />
  <references type="weak" candidates="2541" cleared="865" enqueued="864" />
  <references type="phantom" candidates="233" cleared="17" enqueued="17" />
  <object-monitors candidates="107" cleared="0"  />
</gc-op>
<gc-end id="1564" type="scavenge" contextid="1560" durationms="10.724" usertimems="24.121" systemtimems="5.366" stalltimems="5.780" timestamp="2025-12-12T03:59:42.744" activeThreads="5">
  <mem-info id="1565" free="31669640" total="93192192" percent="33">
    <mem type="nursery" free="24927888" total="44695552" percent="55">
      <mem type="allocate" free="24927888" total="33619968" percent="74" />
      <mem type="survivor" free="0" total="11075584" percent="0" />
    </mem>
    <mem type="tenure" free="6741752" total="48496640" percent="13">
      <mem type="soa" free="4316920" total="46071808" percent="9" />
      <mem type="loa" free="2424832" total="2424832" percent="100" />
    </mem>
    <pending-finalizers system="33" default="0" reference="881" classloader="0" />
    <remembered-set count="5867" />
  </mem-info>
</gc-end>
<cycle-end id="1566" type="scavenge" contextid="1560" timestamp="2025-12-12T03:59:42.745" />
<allocation-satisfied id="1567" threadId="000000000085D200" bytesRequested="60000" />
<af-end id="1568" timestamp="2025-12-12T03:59:42.747" threadId="000000000085DC78" success="true" from="nursery"/>
<exclusive-end id="1569" timestamp="2025-12-12T03:59:42.747" durationms="34.210" />

<concurrent-kickoff id="1570" timestamp="2025-12-12T03:59:42.912">
  <kickoff reason="threshold reached" targetBytes="23674680" thresholdFreeBytes="3274304"  remainingFree="3119128" tenureFreeBytes="6683488" nurseryFreeBytes="3119128" />
</concurrent-kickoff>
<exclusive-start id="1571" timestamp="2025-12-12T03:59:42.913" intervalms="199.592">
  <response-info timems="0.243" idlems="0.194" threads="4" lastid="000000000085B900" lastname="Default Executor-thread-2" />
</exclusive-start>
<cycle-start id="1572" type="global" contextid="0" timestamp="2025-12-12T03:59:42.913" intervalms="2291.880" />
<concurrent-start id="1573" type="global mark" contextid="1572" timestamp="2025-12-12T03:59:42.913">
</concurrent-start>
<exclusive-end id="1574" timestamp="2025-12-12T03:59:42.914" durationms="1.670" />

<exclusive-start id="1575" timestamp="2025-12-12T03:59:42.947" intervalms="34.099">
  <response-info timems="0.227" idlems="0.107" threads="3" lastid="000000000085DE00" lastname="Default Executor-thread-6" />
</exclusive-start>
<af-start id="1576" threadId="00000000014B9478" totalBytesRequested="24" timestamp="2025-12-12T03:59:42.947" intervalms="220.575" type="nursery" />
<cycle-start id="1577" type="scavenge" contextid="0" timestamp="2025-12-12T03:59:42.948" intervalms="215.835" />
<gc-start id="1578" type="scavenge" contextid="1577" timestamp="2025-12-12T03:59:42.949">
  <mem-info id="1579" free="6683064" total="93192192" percent="7">
    <mem type="nursery" free="0" total="44695552" percent="0">
      <mem type="allocate" free="0" total="33619968" percent="0" />
      <mem type="survivor" free="0" total="11075584" percent="0" />
    </mem>
    <mem type="tenure" free="6683064" total="48496640" percent="13">
      <mem type="soa" free="4258232" total="46071808" percent="9" />
      <mem type="loa" free="2424832" total="2424832" percent="100" />
    </mem>
    <remembered-set count="7200" />
  </mem-info>
</gc-start>
<allocation-stats totalBytes="24903976" discardedBytes="82600" >
  <allocated-bytes non-tlh="420792" tlh="24483184" />
  <largest-consumer threadName="Default Executor-thread-5" threadId="000000000085D200" bytes="7739088" />
</allocation-stats>
<gc-op id="1580" type="scavenge" timems="7.325" contextid="1577" timestamp="2025-12-12T03:59:42.958">
  <scavenger-info tenureage="3" tenuremask="7818" tiltratio="75" />
  <memory-copied type="nursery" objects="92844" bytes="6705000" bytesdiscarded="54848" />
  <memory-copied type="tenure" objects="85162" bytes="3581592" bytesdiscarded="4000" />
  <finalization candidates="141" enqueued="74" />
  <ownableSynchronizers candidates="685" cleared="169" />
  <references type="soft" candidates="2139" cleared="0" enqueued="0" dynamicThreshold="9" maxThreshold="32" />
  <references type="weak" candidates="2159" cleared="393" enqueued="381" />
  <references type="phantom" candidates="285" cleared="36" enqueued="36" />
  <object-monitors candidates="109" cleared="2"  />
</gc-op>
<gc-end id="1581" type="scavenge" contextid="1577" durationms="9.125" usertimems="21.802" systemtimems="7.116" stalltimems="7.355" timestamp="2025-12-12T03:59:42.958" activeThreads="5">
  <mem-info id="1582" free="30213520" total="93192192" percent="32">
    <mem type="nursery" free="26919424" total="44695552" percent="60">
      <mem type="allocate" free="26919424" total="33685504" percent="79" />
      <mem type="survivor" free="0" total="11010048" percent="0" />
    </mem>
    <mem type="tenure" free="3294096" total="48496640" percent="6">
      <mem type="soa" free="869264" total="46071808" percent="1" />
      <mem type="loa" free="2424832" total="2424832" percent="100" />
    </mem>
    <pending-finalizers system="20" default="54" reference="417" classloader="0" />
    <remembered-set count="5907" />
  </mem-info>
</gc-end>
<cycle-end id="1583" type="scavenge" contextid="1577" timestamp="2025-12-12T03:59:42.959" />
<allocation-satisfied id="1584" threadId="00000000014B8A00" bytesRequested="24" />
<af-end id="1585" timestamp="2025-12-12T03:59:42.960" threadId="00000000014B9478" success="true" from="nursery"/>
<exclusive-end id="1586" timestamp="2025-12-12T03:59:42.961" durationms="13.921" />

<concurrent-end id="1587" type="global mark" contextid="1572" timestamp="2025-12-12T03:59:42.961">
<gc-op id="1588" type="trace" timems="47.744" contextid="1572" timestamp="2025-12-12T03:59:42.961">
  <trace bytesTraced="25804892" workStackOverflowCount="0" />
  <card-cleaning reason="card cleaning threshold reached" bytesTraced="28676" cardsCleaned="64" />
</gc-op>
</concurrent-end>

<exclusive-start id="1589" timestamp="2025-12-12T03:59:42.962" intervalms="15.731">
  <response-info timems="0.041" idlems="0.037" threads="1" lastid="000000000085DE00" lastname="Default Executor-thread-6" />
</exclusive-start>
<concurrent-global-final id="1590" timestamp="2025-12-12T03:59:42.963" contextid="1572" intervalms="2315.077" >
  <concurrent-trace-info reason="card cleaning threshold reached" tracedByMutators="19233540" tracedByHelpers="6600028" cardsCleaned="64" workStackOverflowCount="0" />
</concurrent-global-final>
<gc-start id="1591" type="global" contextid="1572" timestamp="2025-12-12T03:59:42.964">
  <mem-info id="1592" free="29484408" total="93192192" percent="31">
    <mem type="nursery" free="26190312" total="44695552" percent="58">
      <mem type="allocate" free="26190312" total="33685504" percent="77" />
      <mem type="survivor" free="0" total="11010048" percent="0" />
    </mem>
    <mem type="tenure" free="3294096" total="48496640" percent="6">
      <mem type="soa" free="869264" total="46071808" percent="1" />
      <mem type="loa" free="2424832" total="2424832" percent="100" />
    </mem>
    <remembered-set count="5945" />
  </mem-info>
</gc-start>
<allocation-stats totalBytes="726104" discardedBytes="3008" >
  <allocated-bytes non-tlh="24" tlh="726080" />
  <largest-consumer threadName="Default Executor-thread-2" threadId="000000000085B900" bytes="255040" />
</allocation-stats>
<gc-op id="1593" type="rs-scan" timems="2.723" contextid="1572" timestamp="2025-12-12T03:59:42.967">
  <scan objectsFound="81147" bytesTraced="2927424" workStackOverflowCount="0" />
</gc-op>
<gc-op id="1594" type="card-cleaning" timems="2.253" contextid="1572" timestamp="2025-12-12T03:59:42.970">
  <card-cleaning cardsCleaned="500" bytesTraced="2212428" workStackOverflowCount="0" />
</gc-op>
<gc-op id="1595" type="mark" timems="18.585" contextid="1572" timestamp="2025-12-12T03:59:42.989">
  <trace-info objectcount="15013" scancount="14027" scanbytes="440740" />
  <finalization candidates="803" enqueued="12" />
  <ownableSynchronizers candidates="8550" cleared="7" />
  <references type="soft" candidates="12187" cleared="0" enqueued="0" dynamicThreshold="9" maxThreshold="32" />
  <references type="weak" candidates="14811" cleared="0" enqueued="0" />
  <references type="phantom" candidates="398" cleared="0" enqueued="0" />
  <stringconstants candidates="38487" cleared="261"  />
  <object-monitors candidates="107" cleared="13"  />
</gc-op>
<gc-op id="1596" type="classunload" timems="1.610" contextid="1572" timestamp="2025-12-12T03:59:42.991">
  <classunload-info classloadercandidates="409" classloadersunloaded="0" classesunloaded="6" anonymousclassesunloaded="6" quiescems="0.000" setupms="1.575" scanms="0.033" postms="0.000" />
</gc-op>
<gc-op id="1597" type="sweep" timems="2.365" contextid="1572" timestamp="2025-12-12T03:59:42.994" />
<heap-resize id="1598" type="expand" space="tenure" amount="11796480" count="1" timems="1.064" reason="insufficient free space following gc" timestamp="2025-12-12T03:59:42.996" />
<gc-end id="1599" type="global" contextid="1572" durationms="32.631" usertimems="63.206" systemtimems="16.610" stalltimems="345.709" timestamp="2025-12-12T03:59:42.996" activeThreads="20">
  <mem-info id="1600" free="45186480" total="104988672" percent="43">
    <mem type="nursery" free="27081288" total="44695552" percent="60">
      <mem type="allocate" free="27081288" total="33685504" percent="80" />
      <mem type="survivor" free="0" total="11010048" percent="0" />
    </mem>
    <mem type="tenure" free="18105192" total="60293120" percent="30" micro-fragmented="1371925" macro-fragmented="0">
      <mem type="soa" free="15090536" total="57278464" percent="26" />
      <mem type="loa" free="3014656" total="3014656" percent="100" />
    </mem>
    <pending-finalizers system="0" default="12" reference="0" classloader="0" />
    <remembered-set count="5275" />
  </mem-info>
</gc-end>
<cycle-end id="1601" type="global" contextid="1572" timestamp="2025-12-12T03:59:42.997" />
<exclusive-end id="1602" timestamp="2025-12-12T03:59:42.997" durationms="35.020" />

<exclusive-start id="1603" timestamp="2025-12-12T03:59:43.038" intervalms="75.938">
  <response-info timems="0.254" idlems="0.203" threads="3" lastid="000000000085B900" lastname="Default Executor-thread-2" />
</exclusive-start>
<af-start id="1604" threadId="00000000014B9478" totalBytesRequested="24" timestamp="2025-12-12T03:59:43.039" intervalms="91.510" type="nursery" />
<cycle-start id="1605" type="scavenge" contextid="0" timestamp="2025-12-12T03:59:43.039" intervalms="91.522" />
<gc-start id="1606" type="scavenge" contextid="1605" timestamp="2025-12-12T03:59:43.040">
  <mem-info id="1607" free="18105128" total="104988672" percent="17">
    <mem type="nursery" free="0" total="44695552" percent="0">
      <mem type="allocate" free="0" total="33685504" percent="0" />
      <mem type="survivor" free="0" total="11010048" percent="0" />
    </mem>
    <mem type="tenure" free="18105128" total="60293120" percent="30">
      <mem type="soa" free="15090472" total="57278464" percent="26" />
      <mem type="loa" free="3014656" total="3014656" percent="100" />
    </mem>
    <remembered-set count="5290" />
  </mem-info>
</gc-start>
<allocation-stats totalBytes="27023184" discardedBytes="58168" >
  <allocated-bytes non-tlh="180520" tlh="26842664" />
  <largest-consumer threadName="ClassloaderMapProcessingThread-9" threadId="00000000014B8A00" bytes="9785080" />
</allocation-stats>
<gc-op id="1608" type="scavenge" timems="4.887" contextid="1605" timestamp="2025-12-12T03:59:43.046">
  <scavenger-info tenureage="11" tenuremask="7800" tiltratio="75" />
  <memory-copied type="nursery" objects="110607" bytes="9248368" bytesdiscarded="360608" />
  <finalization candidates="519" enqueued="495" />
  <ownableSynchronizers candidates="16645" cleared="16172" />
  <references type="soft" candidates="2139" cleared="0" enqueued="0" dynamicThreshold="9" maxThreshold="32" />
  <references type="weak" candidates="1777" cleared="8" enqueued="8" />
  <references type="phantom" candidates="268" cleared="15" enqueued="15" />
  <object-monitors candidates="95" cleared="0"  />
</gc-op>
<heap-resize id="1609" type="expand" space="nursery" amount="1835008" count="1" timems="0.051" reason="excessive time being spent scavenging" timestamp="2025-12-12T03:59:43.047" />
<gc-end id="1610" type="scavenge" contextid="1605" durationms="7.260" usertimems="22.259" systemtimems="0.000" stalltimems="7.078" timestamp="2025-12-12T03:59:43.047" activeThreads="6">
  <mem-info id="1611" free="40471552" total="106823680" percent="37">
    <mem type="nursery" free="22366424" total="46530560" percent="48">
      <mem type="allocate" free="22366424" total="31981568" percent="69" />
      <mem type="survivor" free="0" total="14548992" percent="0" />
    </mem>
    <mem type="tenure" free="18105128" total="60293120" percent="30">
      <mem type="soa" free="15090472" total="57278464" percent="26" />
      <mem type="loa" free="3014656" total="3014656" percent="100" />
    </mem>
    <pending-finalizers system="0" default="495" reference="23" classloader="0" />
    <remembered-set count="3988" />
  </mem-info>
</gc-end>
<cycle-end id="1612" type="scavenge" contextid="1605" timestamp="2025-12-12T03:59:43.048" />
<allocation-satisfied id="1613" threadId="00000000014B8A00" bytesRequested="24" />
<af-end id="1614" timestamp="2025-12-12T03:59:43.049" threadId="00000000014B9478" success="true" from="nursery"/>
<exclusive-end id="1615" timestamp="2025-12-12T03:59:43.050" durationms="11.202" />

<exclusive-start id="1616" timestamp="2025-12-12T03:59:43.082" intervalms="43.837">
  <response-info timems="0.101" idlems="0.078" threads="1" lastid="000000000085DE00" lastname="Default Executor-thread-6" />
</exclusive-start>
<af-start id="1617" threadId="00000000014B9478" totalBytesRequested="24" timestamp="2025-12-12T03:59:43.083" intervalms="43.846" type="nursery" />
<cycle-start id="1618" type="scavenge" contextid="0" timestamp="2025-12-12T03:59:43.083" intervalms="43.833" />
<gc-start id="1619" type="scavenge" contextid="1618" timestamp="2025-12-12T03:59:43.084">
  <mem-info id="1620" free="18104824" total="106823680" percent="16">
    <mem type="nursery" free="0" total="46530560" percent="0">
      <mem type="allocate" free="0" total="31981568" percent="0" />
      <mem type="survivor" free="0" total="14548992" percent="0" />
    </mem>
    <mem type="tenure" free="18104824" total="60293120" percent="30">
      <mem type="soa" free="15090168" total="57278464" percent="26" />
      <mem type="loa" free="3014656" total="3014656" percent="100" />
    </mem>
    <remembered-set count="4061" />
  </mem-info>
</gc-start>
<allocation-stats totalBytes="22304152" discardedBytes="62576" >
  <allocated-bytes non-tlh="347472" tlh="21956680" />
  <largest-consumer threadName="ClassloaderMapProcessingThread-9" threadId="00000000014B8A00" bytes="6176176" />
</allocation-stats>
<gc-op id="1621" type="scavenge" timems="6.212" contextid="1618" timestamp="2025-12-12T03:59:43.091">
  <scavenger-info tenureage="11" tenuremask="7800" tiltratio="68" />
  <memory-copied type="nursery" objects="118303" bytes="9212168" bytesdiscarded="317872" />
  <finalization candidates="378" enqueued="354" />
  <ownableSynchronizers candidates="554" cleared="44" />
  <references type="soft" candidates="2139" cleared="0" enqueued="0" dynamicThreshold="9" maxThreshold="32" />
  <references type="weak" candidates="1812" cleared="23" enqueued="23" />
  <references type="phantom" candidates="263" cleared="0" enqueued="0" />
  <object-monitors candidates="95" cleared="0"  />
</gc-op>
<heap-resize id="1622" type="expand" space="nursery" amount="3932160" count="1" timems="0.054" reason="excessive time being spent scavenging" timestamp="2025-12-12T03:59:43.092" />
<gc-end id="1623" type="scavenge" contextid="1618" durationms="8.487" usertimems="16.668" systemtimems="7.455" stalltimems="11.517" timestamp="2025-12-12T03:59:43.092" activeThreads="6">
  <mem-info id="1624" free="46055552" total="110755840" percent="41">
    <mem type="nursery" free="27950728" total="50462720" percent="55">
      <mem type="allocate" free="27950728" total="37486592" percent="74" />
      <mem type="survivor" free="0" total="12976128" percent="0" />
    </mem>
    <mem type="tenure" free="18104824" total="60293120" percent="30">
      <mem type="soa" free="15090168" total="57278464" percent="26" />
      <mem type="loa" free="3014656" total="3014656" percent="100" />
    </mem>
    <pending-finalizers system="0" default="354" reference="23" classloader="0" />
    <remembered-set count="3588" />
  </mem-info>
</gc-end>
<cycle-end id="1625" type="scavenge" contextid="1618" timestamp="2025-12-12T03:59:43.093" />
<allocation-satisfied id="1626" threadId="00000000014B8A00" bytesRequested="24" />
<af-end id="1627" timestamp="2025-12-12T03:59:43.094" threadId="00000000014B9478" success="true" from="nursery"/>
<exclusive-end id="1628" timestamp="2025-12-12T03:59:43.095" durationms="12.399" />

<exclusive-start id="1629" timestamp="2025-12-12T03:59:43.124" intervalms="41.362">
  <response-info timems="0.105" idlems="0.065" threads="2" lastid="000000000085C500" lastname="Default Executor-thread-4" />
</exclusive-start>
<af-start id="1630" threadId="0000000000860078" totalBytesRequested="88" timestamp="2025-12-12T03:59:43.124" intervalms="41.600" type="nursery" />
<cycle-start id="1631" type="scavenge" contextid="0" timestamp="2025-12-12T03:59:43.125" intervalms="41.700" />
<gc-start id="1632" type="scavenge" contextid="1631" timestamp="2025-12-12T03:59:43.126">
  <mem-info id="1633" free="18097920" total="110755840" percent="16">
    <mem type="nursery" free="0" total="50462720" percent="0">
      <mem type="allocate" free="0" total="37486592" percent="0" />
      <mem type="survivor" free="0" total="12976128" percent="0" />
    </mem>
    <mem type="tenure" free="18097920" total="60293120" percent="30">
      <mem type="soa" free="15083264" total="57278464" percent="26" />
      <mem type="loa" free="3014656" total="3014656" percent="100" />
    </mem>
    <remembered-set count="3780" />
  </mem-info>
</gc-start>
<allocation-stats totalBytes="27830352" discardedBytes="124304" >
  <allocated-bytes non-tlh="324376" tlh="27505976" />
  <largest-consumer threadName="Default Executor-thread-2" threadId="000000000085B900" bytes="8897848" />
</allocation-stats>
<gc-op id="1634" type="scavenge" timems="6.938" contextid="1631" timestamp="2025-12-12T03:59:43.133">
  <scavenger-info tenureage="4" tenuremask="7810" tiltratio="74" />
  <memory-copied type="nursery" objects="123012" bytes="9912728" bytesdiscarded="226808" />
  <memory-copied type="tenure" objects="23137" bytes="1631888" bytesdiscarded="5424" />
  <finalization candidates="513" enqueued="488" />
  <ownableSynchronizers candidates="548" cleared="23" />
  <references type="soft" candidates="1448" cleared="0" enqueued="0" dynamicThreshold="9" maxThreshold="32" />
  <references type="weak" candidates="845" cleared="27" enqueued="27" />
  <references type="phantom" candidates="242" cleared="12" enqueued="12" />
  <object-monitors candidates="95" cleared="0"  />
</gc-op>
<heap-resize id="1635" type="expand" space="nursery" amount="4849664" count="1" timems="0.053" reason="excessive time being spent scavenging" timestamp="2025-12-12T03:59:43.134" />
<gc-end id="1636" type="scavenge" contextid="1631" durationms="9.048" usertimems="30.198" systemtimems="1.059" stalltimems="7.769" timestamp="2025-12-12T03:59:43.135" activeThreads="6">
  <mem-info id="1637" free="47356944" total="115605504" percent="40">
    <mem type="nursery" free="30945128" total="55312384" percent="55">
      <mem type="allocate" free="30945128" total="41091072" percent="75" />
      <mem type="survivor" free="0" total="14221312" percent="0" />
    </mem>
    <mem type="tenure" free="16411816" total="60293120" percent="27">
      <mem type="soa" free="13397160" total="57278464" percent="23" />
      <mem type="loa" free="3014656" total="3014656" percent="100" />
    </mem>
    <pending-finalizers system="0" default="488" reference="39" classloader="0" />
    <remembered-set count="3073" />
  </mem-info>
</gc-end>
<cycle-end id="1638" type="scavenge" contextid="1631" timestamp="2025-12-12T03:59:43.135" />
<allocation-satisfied id="1639" threadId="000000000085F600" bytesRequested="88" />
<af-end id="1640" timestamp="2025-12-12T03:59:43.136" threadId="0000000000860078" success="true" from="nursery"/>
<exclusive-end id="1641" timestamp="2025-12-12T03:59:43.137" durationms="13.451" />

<exclusive-start id="1642" timestamp="2025-12-12T03:59:43.163" intervalms="39.782">
  <response-info timems="0.061" idlems="0.041" threads="2" lastid="000000000085D200" lastname="Default Executor-thread-5" />
</exclusive-start>
<af-start id="1643" threadId="000000000085C378" totalBytesRequested="24" timestamp="2025-12-12T03:59:43.164" intervalms="39.728" type="nursery" />
<cycle-start id="1644" type="scavenge" contextid="0" timestamp="2025-12-12T03:59:43.165" intervalms="39.704" />
<gc-start id="1645" type="scavenge" contextid="1644" timestamp="2025-12-12T03:59:43.166">
  <mem-info id="1646" free="16411816" total="115605504" percent="14">
    <mem type="nursery" free="0" total="55312384" percent="0">
      <mem type="allocate" free="0" total="41091072" percent="0" />
      <mem type="survivor" free="0" total="14221312" percent="0" />
    </mem>
    <mem type="tenure" free="16411816" total="60293120" percent="27">
      <mem type="soa" free="13397160" total="57278464" percent="23" />
      <mem type="loa" free="3014656" total="3014656" percent="100" />
    </mem>
    <remembered-set count="3127" />
  </mem-info>
</gc-start>
<allocation-stats totalBytes="30816136" discardedBytes="128992" >
  <allocated-bytes non-tlh="163760" tlh="30652376" />
  <largest-consumer threadName="ClassloaderMapProcessingThread-9" threadId="00000000014B8A00" bytes="8436200" />
</allocation-stats>
<gc-op id="1647" type="scavenge" timems="6.119" contextid="1644" timestamp="2025-12-12T03:59:43.173">
  <scavenger-info tenureage="9" tenuremask="7e00" tiltratio="74" />
  <memory-copied type="nursery" objects="97785" bytes="8593728" bytesdiscarded="231768" />
  <memory-copied type="tenure" objects="31845" bytes="1615888" bytesdiscarded="2528" />
  <finalization candidates="492" enqueued="467" />
  <ownableSynchronizers candidates="371" cleared="0" />
  <references type="soft" candidates="267" cleared="0" enqueued="0" dynamicThreshold="9" maxThreshold="32" />
  <references type="weak" candidates="292" cleared="4" enqueued="4" />
  <references type="phantom" candidates="218" cleared="0" enqueued="0" />
  <object-monitors candidates="95" cleared="0"  />
</gc-op>
<heap-resize id="1648" type="expand" space="nursery" amount="5242880" count="1" timems="0.049" reason="excessive time being spent scavenging" timestamp="2025-12-12T03:59:43.173" />
<gc-end id="1649" type="scavenge" contextid="1644" durationms="8.501" usertimems="22.613" systemtimems="7.339" stalltimems="13.936" timestamp="2025-12-12T03:59:43.174" activeThreads="7">
  <mem-info id="1650" free="52288392" total="120848384" percent="43">
    <mem type="nursery" free="37635784" total="60555264" percent="62">
      <mem type="allocate" free="37635784" total="46465024" percent="80" />
      <mem type="survivor" free="0" total="14090240" percent="0" />
    </mem>
    <mem type="tenure" free="14652608" total="60293120" percent="24">
      <mem type="soa" free="11637952" total="57278464" percent="20" />
      <mem type="loa" free="3014656" total="3014656" percent="100" />
    </mem>
    <pending-finalizers system="0" default="467" reference="4" classloader="0" />
    <remembered-set count="1373" />
  </mem-info>
</gc-end>
<cycle-end id="1651" type="scavenge" contextid="1644" timestamp="2025-12-12T03:59:43.175" />
<allocation-satisfied id="1652" threadId="000000000085B900" bytesRequested="24" />
<af-end id="1653" timestamp="2025-12-12T03:59:43.176" threadId="000000000085C378" success="true" from="nursery"/>
<exclusive-end id="1654" timestamp="2025-12-12T03:59:43.177" durationms="13.275" />

<exclusive-start id="1655" timestamp="2025-12-12T03:59:43.209" intervalms="45.648">
  <response-info timems="0.151" idlems="0.106" threads="3" lastid="000000000085C500" lastname="Default Executor-thread-4" />
</exclusive-start>
<af-start id="1656" threadId="000000000085C378" totalBytesRequested="2360" timestamp="2025-12-12T03:59:43.210" intervalms="45.550" type="nursery" />
<cycle-start id="1657" type="scavenge" contextid="0" timestamp="2025-12-12T03:59:43.210" intervalms="45.534" />
<gc-start id="1658" type="scavenge" contextid="1657" timestamp="2025-12-12T03:59:43.211">
  <mem-info id="1659" free="14652608" total="120848384" percent="12">
    <mem type="nursery" free="0" total="60555264" percent="0">
      <mem type="allocate" free="0" total="46465024" percent="0" />
      <mem type="survivor" free="0" total="14090240" percent="0" />
    </mem>
    <mem type="tenure" free="14652608" total="60293120" percent="24">
      <mem type="soa" free="11637952" total="57278464" percent="20" />
      <mem type="loa" free="3014656" total="3014656" percent="100" />
    </mem>
    <remembered-set count="1500" />
  </mem-info>
</gc-start>
<allocation-stats totalBytes="37536512" discardedBytes="99272" >
  <allocated-bytes non-tlh="337056" tlh="37199456" />
  <largest-consumer threadName="Default Executor-thread-4" threadId="000000000085C500" bytes="10347328" />
</allocation-stats>
<gc-op id="1660" type="scavenge" timems="7.660" contextid="1657" timestamp="2025-12-12T03:59:43.219">
  <scavenger-info tenureage="5" tenuremask="7820" tiltratio="76" />
  <memory-copied type="nursery" objects="83189" bytes="8896248" bytesdiscarded="243848" />
  <memory-copied type="tenure" objects="26130" bytes="1709488" bytesdiscarded="456" />
  <finalization candidates="787" enqueued="762" />
  <ownableSynchronizers candidates="183" cleared="0" />
  <references type="soft" candidates="137" cleared="0" enqueued="0" dynamicThreshold="9" maxThreshold="32" />
  <references type="weak" candidates="176" cleared="51" enqueued="51" />
  <references type="phantom" candidates="143" cleared="8" enqueued="8" />
  <object-monitors candidates="95" cleared="0"  />
</gc-op>
<heap-resize id="1661" type="expand" space="nursery" amount="5636096" count="1" timems="0.049" reason="excessive time being spent scavenging" timestamp="2025-12-12T03:59:43.220" />
<gc-end id="1662" type="scavenge" contextid="1657" durationms="9.731" usertimems="26.295" systemtimems="9.173" stalltimems="14.043" timestamp="2025-12-12T03:59:43.221" activeThreads="7">
  <mem-info id="1663" free="55828496" total="126484480" percent="44">
    <mem type="nursery" free="43349040" total="66191360" percent="65">
      <mem type="allocate" free="43349040" total="52494336" percent="82" />
      <mem type="survivor" free="0" total="13697024" percent="0" />
    </mem>
    <mem type="tenure" free="12479456" total="60293120" percent="20">
      <mem type="soa" free="9464800" total="57278464" percent="16" />
      <mem type="loa" free="3014656" total="3014656" percent="100" />
    </mem>
    <pending-finalizers system="0" default="762" reference="59" classloader="0" />
    <remembered-set count="4681" />
  </mem-info>
</gc-end>
<cycle-end id="1664" type="scavenge" contextid="1657" timestamp="2025-12-12T03:59:43.221" />
<allocation-satisfied id="1665" threadId="000000000085B900" bytesRequested="2360" />
<af-end id="1666" timestamp="2025-12-12T03:59:43.222" threadId="000000000085C378" success="true" from="nursery"/>
<exclusive-end id="1667" timestamp="2025-12-12T03:59:43.223" durationms="13.761" />

<exclusive-start id="1668" timestamp="2025-12-12T03:59:43.261" intervalms="51.732">
  <response-info timems="0.075" idlems="0.046" threads="1" lastid="000000000085DE00" lastname="Default Executor-thread-6" />
</exclusive-start>
<af-start id="1669" threadId="0000000000860078" totalBytesRequested="24" timestamp="2025-12-12T03:59:43.261" intervalms="51.650" type="nursery" />
<cycle-start id="1670" type="scavenge" contextid="0" timestamp="2025-12-12T03:59:43.262" intervalms="51.564" />
<gc-start id="1671" type="scavenge" contextid="1670" timestamp="2025-12-12T03:59:43.262">
  <mem-info id="1672" free="12475488" total="126484480" percent="9">
    <mem type="nursery" free="0" total="66191360" percent="0">
      <mem type="allocate" free="0" total="52494336" percent="0" />
      <mem type="survivor" free="0" total="13697024" percent="0" />
    </mem>
    <mem type="tenure" free="12475488" total="60293120" percent="20">
      <mem type="soa" free="9460832" total="57278464" percent="16" />
      <mem type="loa" free="3014656" total="3014656" percent="100" />
    </mem>
    <remembered-set count="5004" />
  </mem-info>
</gc-start>
<allocation-stats totalBytes="43111288" discardedBytes="241720" >
  <allocated-bytes non-tlh="61920" tlh="43049368" />
  <largest-consumer threadName="Default Executor-thread-3" threadId="000000000085F600" bytes="13273336" />
</allocation-stats>
<gc-op id="1673" type="scavenge" timems="4.908" contextid="1670" timestamp="2025-12-12T03:59:43.268">
  <scavenger-info tenureage="11" tenuremask="7800" tiltratio="79" />
  <memory-copied type="nursery" objects="77450" bytes="11020424" bytesdiscarded="684736" />
  <finalization candidates="1267" enqueued="1263" />
  <ownableSynchronizers candidates="86" cleared="5" />
  <references type="soft" candidates="137" cleared="0" enqueued="0" dynamicThreshold="9" maxThreshold="32" />
  <references type="weak" candidates="194" cleared="53" enqueued="53" />
  <references type="phantom" candidates="168" cleared="2" enqueued="2" />
  <object-monitors candidates="95" cleared="0"  />
</gc-op>
<heap-resize id="1674" type="expand" space="nursery" amount="4063232" count="1" timems="0.056" reason="excessive time being spent scavenging" timestamp="2025-12-12T03:59:43.269" />
<gc-end id="1675" type="scavenge" contextid="1670" durationms="7.036" usertimems="15.748" systemtimems="6.860" stalltimems="17.150" timestamp="2025-12-12T03:59:43.269" activeThreads="8">
  <mem-info id="1676" free="54439144" total="130547712" percent="41">
    <mem type="nursery" free="41963656" total="70254592" percent="59">
      <mem type="allocate" free="41963656" total="53673984" percent="78" />
      <mem type="survivor" free="0" total="16580608" percent="0" />
    </mem>
    <mem type="tenure" free="12475488" total="60293120" percent="20">
      <mem type="soa" free="9460832" total="57278464" percent="16" />
      <mem type="loa" free="3014656" total="3014656" percent="100" />
    </mem>
    <pending-finalizers system="6" default="1257" reference="55" classloader="0" />
    <remembered-set count="4799" />
  </mem-info>
</gc-end>
<cycle-end id="1677" type="scavenge" contextid="1670" timestamp="2025-12-12T03:59:43.270" />
<allocation-satisfied id="1678" threadId="000000000085F600" bytesRequested="24" />
<af-end id="1679" timestamp="2025-12-12T03:59:43.271" threadId="0000000000860078" success="true" from="nursery"/>
<exclusive-end id="1680" timestamp="2025-12-12T03:59:43.272" durationms="11.026" />

<exclusive-start id="1681" timestamp="2025-12-12T03:59:43.317" intervalms="56.186">
  <response-info timems="0.159" idlems="0.112" threads="3" lastid="000000000085DE00" lastname="Default Executor-thread-6" />
</exclusive-start>
<af-start id="1682" threadId="000000000085C378" totalBytesRequested="24" timestamp="2025-12-12T03:59:43.317" intervalms="56.252" type="nursery" />
<cycle-start id="1683" type="scavenge" contextid="0" timestamp="2025-12-12T03:59:43.318" intervalms="56.293" />
<gc-start id="1684" type="scavenge" contextid="1683" timestamp="2025-12-12T03:59:43.319">
  <mem-info id="1685" free="12449776" total="130547712" percent="9">
    <mem type="nursery" free="0" total="70254592" percent="0">
      <mem type="allocate" free="0" total="53673984" percent="0" />
      <mem type="survivor" free="0" total="16580608" percent="0" />
    </mem>
    <mem type="tenure" free="12449776" total="60293120" percent="20">
      <mem type="soa" free="9435120" total="57278464" percent="16" />
      <mem type="loa" free="3014656" total="3014656" percent="100" />
    </mem>
    <remembered-set count="5362" />
  </mem-info>
</gc-start>
<allocation-stats totalBytes="41910024" discardedBytes="79344" >
  <allocated-bytes non-tlh="220320" tlh="41689704" />
  <largest-consumer threadName="Default Executor-thread-3" threadId="000000000085F600" bytes="15608000" />
</allocation-stats>
<gc-op id="1686" type="scavenge" timems="9.098" contextid="1683" timestamp="2025-12-12T03:59:43.329">
  <scavenger-info tenureage="11" tenuremask="7800" tiltratio="76" />
  <memory-copied type="nursery" objects="91951" bytes="11566240" bytesdiscarded="241368" />
  <finalization candidates="1210" enqueued="1205" />
  <ownableSynchronizers candidates="101" cleared="14" />
  <references type="soft" candidates="149" cleared="0" enqueued="0" dynamicThreshold="9" maxThreshold="32" />
  <references type="weak" candidates="337" cleared="168" enqueued="168" />
  <references type="phantom" candidates="182" cleared="4" enqueued="4" />
  <object-monitors candidates="95" cleared="0"  />
</gc-op>
<heap-resize id="1687" type="expand" space="nursery" amount="5898240" count="1" timems="0.052" reason="excessive time being spent scavenging" timestamp="2025-12-12T03:59:43.330" />
<gc-end id="1688" type="scavenge" contextid="1683" durationms="11.387" usertimems="37.622" systemtimems="3.545" stalltimems="19.128" timestamp="2025-12-12T03:59:43.330" activeThreads="7">
  <mem-info id="1689" free="60408384" total="136445952" percent="44">
    <mem type="nursery" free="47958608" total="76152832" percent="62">
      <mem type="allocate" free="47958608" total="59768832" percent="80" />
      <mem type="survivor" free="0" total="16384000" percent="0" />
    </mem>
    <mem type="tenure" free="12449776" total="60293120" percent="20">
      <mem type="soa" free="9435120" total="57278464" percent="16" />
      <mem type="loa" free="3014656" total="3014656" percent="100" />
    </mem>
    <pending-finalizers system="10" default="1195" reference="172" classloader="0" />
    <remembered-set count="5177" />
  </mem-info>
</gc-end>
<cycle-end id="1690" type="scavenge" contextid="1683" timestamp="2025-12-12T03:59:43.331" />
<allocation-satisfied id="1691" threadId="000000000085B900" bytesRequested="24" />
<af-end id="1692" timestamp="2025-12-12T03:59:43.332" threadId="000000000085C378" success="true" from="nursery"/>
<exclusive-end id="1693" timestamp="2025-12-12T03:59:43.333" durationms="15.837" />

<exclusive-start id="1694" timestamp="2025-12-12T03:59:43.391" intervalms="74.268">
  <response-info timems="0.053" idlems="0.053" threads="0" lastid="000000000085DE00" lastname="Default Executor-thread-6" />
</exclusive-start>
<af-start id="1695" threadId="000000000085E878" totalBytesRequested="16" timestamp="2025-12-12T03:59:43.392" intervalms="74.231" type="nursery" />
<cycle-start id="1696" type="scavenge" contextid="0" timestamp="2025-12-12T03:59:43.392" intervalms="74.182" />
<gc-start id="1697" type="scavenge" contextid="1696" timestamp="2025-12-12T03:59:43.393">
  <mem-info id="1698" free="12432776" total="136445952" percent="9">
    <mem type="nursery" free="0" total="76152832" percent="0">
      <mem type="allocate" free="0" total="59768832" percent="0" />
      <mem type="survivor" free="0" total="16384000" percent="0" />
    </mem>
    <mem type="tenure" free="12432776" total="60293120" percent="20">
      <mem type="soa" free="9418120" total="57278464" percent="16" />
      <mem type="loa" free="3014656" total="3014656" percent="100" />
    </mem>
    <remembered-set count="5707" />
  </mem-info>
</gc-start>
<allocation-stats totalBytes="47893816" discardedBytes="81792" >
  <allocated-bytes non-tlh="137848" tlh="47755968" />
  <largest-consumer threadName="Default Executor-thread-6" threadId="000000000085DE00" bytes="14563576" />
</allocation-stats>
<gc-op id="1699" type="scavenge" timems="5.875" contextid="1696" timestamp="2025-12-12T03:59:43.399">
  <scavenger-info tenureage="6" tenuremask="7840" tiltratio="78" />
  <memory-copied type="nursery" objects="127438" bytes="11643040" bytesdiscarded="292592" />
  <memory-copied type="tenure" objects="9061" bytes="720520" bytesdiscarded="208" />
  <finalization candidates="545" enqueued="541" />
  <ownableSynchronizers candidates="133" cleared="34" />
  <references type="soft" candidates="218" cleared="0" enqueued="0" dynamicThreshold="9" maxThreshold="32" />
  <references type="weak" candidates="366" cleared="154" enqueued="151" />
  <references type="phantom" candidates="216" cleared="40" enqueued="40" />
  <object-monitors candidates="95" cleared="0"  />
</gc-op>
<heap-resize id="1700" type="expand" space="nursery" amount="3407872" count="1" timems="0.117" reason="excessive time being spent scavenging" timestamp="2025-12-12T03:59:43.400" />
<gc-end id="1701" type="scavenge" contextid="1696" durationms="7.761" usertimems="28.659" systemtimems="1.974" stalltimems="10.396" timestamp="2025-12-12T03:59:43.401" activeThreads="7">
  <mem-info id="1702" free="63739576" total="139853824" percent="45">
    <mem type="nursery" free="52286864" total="79560704" percent="65">
      <mem type="allocate" free="52286864" total="64225280" percent="81" />
      <mem type="survivor" free="0" total="15335424" percent="0" />
    </mem>
    <mem type="tenure" free="11452712" total="60293120" percent="18">
      <mem type="soa" free="8438056" total="57278464" percent="14" />
      <mem type="loa" free="3014656" total="3014656" percent="100" />
    </mem>
    <pending-finalizers system="58" default="483" reference="191" classloader="0" />
    <remembered-set count="6904" />
  </mem-info>
</gc-end>
<cycle-end id="1703" type="scavenge" contextid="1696" timestamp="2025-12-12T03:59:43.401" />
<allocation-satisfied id="1704" threadId="000000000085DE00" bytesRequested="16" />
<af-end id="1705" timestamp="2025-12-12T03:59:43.402" threadId="000000000085E878" success="true" from="nursery"/>
<exclusive-end id="1706" timestamp="2025-12-12T03:59:43.403" durationms="11.485" />

<exclusive-start id="1707" timestamp="2025-12-12T03:59:43.444" intervalms="52.674">
  <response-info timems="0.074" idlems="0.060" threads="1" lastid="000000000085F600" lastname="Default Executor-thread-3" />
</exclusive-start>
<af-start id="1708" threadId="000000000085CF78" totalBytesRequested="32" timestamp="2025-12-12T03:59:43.444" intervalms="52.651" type="nursery" />
<cycle-start id="1709" type="scavenge" contextid="0" timestamp="2025-12-12T03:59:43.445" intervalms="52.699" />
<gc-start id="1710" type="scavenge" contextid="1709" timestamp="2025-12-12T03:59:43.446">
  <mem-info id="1711" free="11448240" total="139853824" percent="8">
    <mem type="nursery" free="0" total="79560704" percent="0">
      <mem type="allocate" free="0" total="64225280" percent="0" />
      <mem type="survivor" free="0" total="15335424" percent="0" />
    </mem>
    <mem type="tenure" free="11448240" total="60293120" percent="18">
      <mem type="soa" free="8433584" total="57278464" percent="14" />
      <mem type="loa" free="3014656" total="3014656" percent="100" />
    </mem>
    <remembered-set count="7128" />
  </mem-info>
</gc-start>
<allocation-stats totalBytes="52278248" discardedBytes="13088" >
  <allocated-bytes non-tlh="4488" tlh="52273760" />
  <largest-consumer threadName="Default Executor-thread-2" threadId="000000000085B900" bytes="16397272" />
</allocation-stats>
<gc-op id="1712" type="scavenge" timems="7.973" contextid="1709" timestamp="2025-12-12T03:59:43.455">
  <scavenger-info tenureage="11" tenuremask="7800" tiltratio="80" />
  <memory-copied type="nursery" objects="180869" bytes="15104608" bytesdiscarded="227600" />
  <memory-copied type="tenure" objects="3725" bytes="569800" bytesdiscarded="2072" />
  <copy-failed type="nursery" objects="476" bytes="341312" />
  <finalization candidates="883" enqueued="880" />
  <ownableSynchronizers candidates="69" cleared="8" />
  <references type="soft" candidates="119" cleared="0" enqueued="0" dynamicThreshold="9" maxThreshold="32" />
  <references type="weak" candidates="256" cleared="98" enqueued="95" />
  <references type="phantom" candidates="169" cleared="0" enqueued="0" />
  <object-monitors candidates="95" cleared="0"  />
</gc-op>
<heap-resize id="1713" type="expand" space="nursery" amount="6422528" count="1" timems="0.993" reason="excessive time being spent scavenging" timestamp="2025-12-12T03:59:43.456" />
<gc-end id="1714" type="scavenge" contextid="1709" durationms="11.214" usertimems="40.990" systemtimems="5.568" stalltimems="17.766" timestamp="2025-12-12T03:59:43.457" activeThreads="8">
  <mem-info id="1715" free="55329528" total="146276352" percent="37">
    <mem type="nursery" free="44761088" total="85983232" percent="52">
      <mem type="allocate" free="44761088" total="60096512" percent="74" />
      <mem type="survivor" free="0" total="25886720" percent="0" />
    </mem>
    <mem type="tenure" free="10568440" total="60293120" percent="17">
      <mem type="soa" free="7553784" total="57278464" percent="13" />
      <mem type="loa" free="3014656" total="3014656" percent="100" />
    </mem>
    <pending-finalizers system="0" default="880" reference="95" classloader="0" />
    <remembered-set count="6567" />
  </mem-info>
</gc-end>
<cycle-end id="1716" type="scavenge" contextid="1709" timestamp="2025-12-12T03:59:43.457" />
<allocation-satisfied id="1717" threadId="000000000085C500" bytesRequested="32" />
<af-end id="1718" timestamp="2025-12-12T03:59:43.458" threadId="000000000085CF78" success="true" from="nursery"/>
<exclusive-end id="1719" timestamp="2025-12-12T03:59:43.459" durationms="15.176" />

<exclusive-start id="1720" timestamp="2025-12-12T03:59:43.495" intervalms="51.253">
  <response-info timems="0.051" idlems="0.038" threads="1" lastid="000000000085C500" lastname="Default Executor-thread-4" />
</exclusive-start>
<af-start id="1721" threadId="0000000000860078" totalBytesRequested="1576" timestamp="2025-12-12T03:59:43.496" intervalms="51.236" type="nursery" />
<cycle-start id="1722" type="scavenge" contextid="0" timestamp="2025-12-12T03:59:43.496" intervalms="51.277" />
<gc-start id="1723" type="scavenge" contextid="1722" timestamp="2025-12-12T03:59:43.497">
  <mem-info id="1724" free="10565304" total="146276352" percent="7">
    <mem type="nursery" free="0" total="85983232" percent="0">
      <mem type="allocate" free="0" total="60096512" percent="0" />
      <mem type="survivor" free="0" total="25886720" percent="0" />
    </mem>
    <mem type="tenure" free="10565304" total="60293120" percent="17">
      <mem type="soa" free="7550648" total="57278464" percent="13" />
      <mem type="loa" free="3014656" total="3014656" percent="100" />
    </mem>
    <remembered-set count="6789" />
  </mem-info>
</gc-start>
<allocation-stats totalBytes="44717808" discardedBytes="46416" >
  <allocated-bytes non-tlh="3168" tlh="44714640" />
  <largest-consumer threadName="Default Executor-thread-4" threadId="000000000085C500" bytes="15693976" />
</allocation-stats>
<gc-op id="1725" type="scavenge" timems="7.105" contextid="1722" timestamp="2025-12-12T03:59:43.505">
  <scavenger-info tenureage="11" tenuremask="7800" tiltratio="69" />
  <memory-copied type="nursery" objects="196459" bytes="18322080" bytesdiscarded="331600" />
  <finalization candidates="1368" enqueued="1365" />
  <ownableSynchronizers candidates="61" cleared="0" />
  <references type="soft" candidates="120" cleared="0" enqueued="0" dynamicThreshold="9" maxThreshold="32" />
  <references type="weak" candidates="228" cleared="68" enqueued="67" />
  <references type="phantom" candidates="175" cleared="0" enqueued="0" />
  <object-monitors candidates="95" cleared="0"  />
</gc-op>
<heap-resize id="1726" type="expand" space="nursery" amount="6946816" count="1" timems="0.050" reason="excessive time being spent scavenging" timestamp="2025-12-12T03:59:43.505" />
<gc-end id="1727" type="scavenge" contextid="1722" durationms="9.161" usertimems="40.521" systemtimems="4.777" stalltimems="19.937" timestamp="2025-12-12T03:59:43.506" activeThreads="9">
  <mem-info id="1728" free="56919848" total="153223168" percent="37">
    <mem type="nursery" free="46354544" total="92930048" percent="49">
      <mem type="allocate" free="46354544" total="65011712" percent="71" />
      <mem type="survivor" free="0" total="27918336" percent="0" />
    </mem>
    <mem type="tenure" free="10565304" total="60293120" percent="17">
      <mem type="soa" free="7550648" total="57278464" percent="13" />
      <mem type="loa" free="3014656" total="3014656" percent="100" />
    </mem>
    <pending-finalizers system="0" default="1365" reference="67" classloader="0" />
    <remembered-set count="6513" />
  </mem-info>
</gc-end>
<cycle-end id="1729" type="scavenge" contextid="1722" timestamp="2025-12-12T03:59:43.507" />
<allocation-satisfied id="1730" threadId="000000000085F600" bytesRequested="1576" />
<af-end id="1731" timestamp="2025-12-12T03:59:43.508" threadId="0000000000860078" success="true" from="nursery"/>
<exclusive-end id="1732" timestamp="2025-12-12T03:59:43.508" durationms="13.055" />

<exclusive-start id="1733" timestamp="2025-12-12T03:59:43.548" intervalms="53.041">
  <response-info timems="0.052" idlems="0.052" threads="0" lastid="000000000085F600" lastname="Default Executor-thread-3" />
</exclusive-start>
<af-start id="1734" threadId="0000000000860078" totalBytesRequested="3104" timestamp="2025-12-12T03:59:43.549" intervalms="53.147" type="nursery" />
<cycle-start id="1735" type="scavenge" contextid="0" timestamp="2025-12-12T03:59:43.549" intervalms="53.206" />
<gc-start id="1736" type="scavenge" contextid="1735" timestamp="2025-12-12T03:59:43.550">
  <mem-info id="1737" free="10565304" total="153223168" percent="6">
    <mem type="nursery" free="0" total="92930048" percent="0">
      <mem type="allocate" free="0" total="65011712" percent="0" />
      <mem type="survivor" free="0" total="27918336" percent="0" />
    </mem>
    <mem type="tenure" free="10565304" total="60293120" percent="17">
      <mem type="soa" free="7550648" total="57278464" percent="13" />
      <mem type="loa" free="3014656" total="3014656" percent="100" />
    </mem>
    <remembered-set count="6577" />
  </mem-info>
</gc-start>
<allocation-stats totalBytes="46337920" discardedBytes="16624" >
  <allocated-bytes non-tlh="9776" tlh="46328144" />
  <largest-consumer threadName="Default Executor-thread-3" threadId="000000000085F600" bytes="17886872" />
</allocation-stats>
<gc-op id="1738" type="scavenge" timems="12.139" contextid="1735" timestamp="2025-12-12T03:59:43.563">
  <scavenger-info tenureage="3" tenuremask="7828" tiltratio="69" />
  <memory-copied type="nursery" objects="151004" bytes="14675368" bytesdiscarded="434304" />
  <memory-copied type="tenure" objects="52632" bytes="3795472" bytesdiscarded="1624" />
  <finalization candidates="1517" enqueued="1513" />
  <ownableSynchronizers candidates="61" cleared="0" />
  <references type="soft" candidates="51" cleared="0" enqueued="0" dynamicThreshold="9" maxThreshold="32" />
  <references type="weak" candidates="89" cleared="6" enqueued="6" />
  <references type="phantom" candidates="108" cleared="0" enqueued="0" />
  <object-monitors candidates="95" cleared="0"  />
</gc-op>
<heap-resize id="1739" type="expand" space="nursery" amount="10485760" count="1" timems="0.048" reason="excessive time being spent scavenging" timestamp="2025-12-12T03:59:43.564" />
<gc-end id="1740" type="scavenge" contextid="1735" durationms="14.469" usertimems="55.609" systemtimems="10.784" stalltimems="20.804" timestamp="2025-12-12T03:59:43.565" activeThreads="9">
  <mem-info id="1741" free="66790824" total="163708928" percent="40">
    <mem type="nursery" free="60188704" total="103415808" percent="58">
      <mem type="allocate" free="60188704" total="75300864" percent="79" />
      <mem type="survivor" free="0" total="28114944" percent="0" />
    </mem>
    <mem type="tenure" free="6602120" total="60293120" percent="10">
      <mem type="soa" free="3587464" total="57278464" percent="6" />
      <mem type="loa" free="3014656" total="3014656" percent="100" />
    </mem>
    <pending-finalizers system="0" default="1513" reference="6" classloader="0" />
    <remembered-set count="10761" />
  </mem-info>
</gc-end>
<cycle-end id="1742" type="scavenge" contextid="1735" timestamp="2025-12-12T03:59:43.565" />
<allocation-satisfied id="1743" threadId="000000000085F600" bytesRequested="3104" />
<af-end id="1744" timestamp="2025-12-12T03:59:43.566" threadId="0000000000860078" success="true" from="nursery"/>
<exclusive-end id="1745" timestamp="2025-12-12T03:59:43.567" durationms="18.586" />

<concurrent-kickoff id="1746" timestamp="2025-12-12T03:59:43.626">
  <kickoff reason="threshold reached" targetBytes="29951584" thresholdFreeBytes="4145371"  remainingFree="3617000" tenureFreeBytes="6602120" nurseryFreeBytes="3617000" />
</concurrent-kickoff>
<exclusive-start id="1747" timestamp="2025-12-12T03:59:43.627" intervalms="78.867">
  <response-info timems="0.047" idlems="0.036" threads="2" lastid="000000000085D200" lastname="Default Executor-thread-5" />
</exclusive-start>
<cycle-start id="1748" type="global" contextid="0" timestamp="2025-12-12T03:59:43.628" intervalms="714.595" />
<concurrent-start id="1749" type="global mark" contextid="1748" timestamp="2025-12-12T03:59:43.628">
</concurrent-start>
<exclusive-end id="1750" timestamp="2025-12-12T03:59:43.629" durationms="1.815" />

<exclusive-start id="1751" timestamp="2025-12-12T03:59:43.643" intervalms="16.514">
  <response-info timems="0.045" idlems="0.045" threads="0" lastid="000000000085B900" lastname="Default Executor-thread-2" />
</exclusive-start>
<af-start id="1752" threadId="000000000085C378" totalBytesRequested="24" timestamp="2025-12-12T03:59:43.644" intervalms="95.364" type="nursery" />
<cycle-start id="1753" type="scavenge" contextid="0" timestamp="2025-12-12T03:59:43.645" intervalms="95.410" />
<gc-start id="1754" type="scavenge" contextid="1753" timestamp="2025-12-12T03:59:43.646">
  <mem-info id="1755" free="6602120" total="163708928" percent="4">
    <mem type="nursery" free="0" total="103415808" percent="0">
      <mem type="allocate" free="0" total="75300864" percent="0" />
      <mem type="survivor" free="0" total="28114944" percent="0" />
    </mem>
    <mem type="tenure" free="6602120" total="60293120" percent="10">
      <mem type="soa" free="3587464" total="57278464" percent="6" />
      <mem type="loa" free="3014656" total="3014656" percent="100" />
    </mem>
    <remembered-set count="11173" />
  </mem-info>
</gc-start>
<allocation-stats totalBytes="60173968" discardedBytes="14736" >
  <allocated-bytes non-tlh="29528" tlh="60144440" />
  <largest-consumer threadName="Default Executor-thread-4" threadId="000000000085C500" bytes="21502712" />
</allocation-stats>
<gc-op id="1756" type="scavenge" timems="8.174" contextid="1753" timestamp="2025-12-12T03:59:43.655">
  <scavenger-info tenureage="7" tenuremask="7880" tiltratio="72" />
  <memory-copied type="nursery" objects="137135" bytes="12613488" bytesdiscarded="271896" />
  <memory-copied type="tenure" objects="21365" bytes="1598176" bytesdiscarded="2104" />
  <finalization candidates="1274" enqueued="1270" />
  <ownableSynchronizers candidates="58" cleared="3" />
  <references type="soft" candidates="51" cleared="0" enqueued="0" dynamicThreshold="9" maxThreshold="32" />
  <references type="weak" candidates="149" cleared="65" enqueued="65" />
  <references type="phantom" candidates="67" cleared="0" enqueued="0" />
  <object-monitors candidates="95" cleared="0"  />
</gc-op>
<heap-resize id="1757" type="expand" space="nursery" amount="5111808" count="1" timems="0.082" reason="excessive time being spent scavenging" timestamp="2025-12-12T03:59:43.656" />
<gc-end id="1758" type="scavenge" contextid="1753" durationms="10.776" usertimems="42.670" systemtimems="7.765" stalltimems="34.111" timestamp="2025-12-12T03:59:43.656" activeThreads="11">
  <mem-info id="1759" free="75369376" total="168820736" percent="44">
    <mem type="nursery" free="70665840" total="108527616" percent="65">
      <mem type="allocate" free="70665840" total="83558400" percent="84" />
      <mem type="survivor" free="0" total="24969216" percent="0" />
    </mem>
    <mem type="tenure" free="4703536" total="60293120" percent="7">
      <mem type="soa" free="1688880" total="57278464" percent="2" />
      <mem type="loa" free="3014656" total="3014656" percent="100" />
    </mem>
    <pending-finalizers system="0" default="1270" reference="65" classloader="0" />
    <remembered-set count="11794" />
  </mem-info>
</gc-end>
<cycle-end id="1760" type="scavenge" contextid="1753" timestamp="2025-12-12T03:59:43.657" />
<allocation-satisfied id="1761" threadId="000000000085B900" bytesRequested="24" />
<af-end id="1762" timestamp="2025-12-12T03:59:43.661" threadId="000000000085C378" success="true" from="nursery"/>
<exclusive-end id="1763" timestamp="2025-12-12T03:59:43.661" durationms="17.906" />

<concurrent-end id="1764" type="global mark" contextid="1748" timestamp="2025-12-12T03:59:43.678">
<gc-op id="1765" type="trace" timems="49.769" contextid="1748" timestamp="2025-12-12T03:59:43.678">
  <trace bytesTraced="33447112" workStackOverflowCount="0" />
  <card-cleaning reason="card cleaning threshold reached" bytesTraced="77744" cardsCleaned="192" />
</gc-op>
</concurrent-end>

<exclusive-start id="1766" timestamp="2025-12-12T03:59:43.679" intervalms="35.959">
  <response-info timems="0.098" idlems="0.068" threads="1" lastid="000000000085F600" lastname="Default Executor-thread-3" />
</exclusive-start>
<concurrent-global-final id="1767" timestamp="2025-12-12T03:59:43.680" contextid="1748" intervalms="717.166" >
  <concurrent-trace-info reason="card cleaning threshold reached" tracedByMutators="21608148" tracedByHelpers="11916708" cardsCleaned="192" workStackOverflowCount="0" />
</concurrent-global-final>
<gc-start id="1768" type="global" contextid="1748" timestamp="2025-12-12T03:59:43.681">
  <mem-info id="1769" free="68750136" total="168820736" percent="40">
    <mem type="nursery" free="64046672" total="108527616" percent="59">
      <mem type="allocate" free="64046672" total="83558400" percent="76" />
      <mem type="survivor" free="0" total="24969216" percent="0" />
    </mem>
    <mem type="tenure" free="4703464" total="60293120" percent="7">
      <mem type="soa" free="1688808" total="57278464" percent="2" />
      <mem type="loa" free="3014656" total="3014656" percent="100" />
    </mem>
    <remembered-set count="11843" />
  </mem-info>
</gc-start>
<allocation-stats totalBytes="6617688" discardedBytes="1552" >
  <allocated-bytes non-tlh="16488" tlh="6601200" />
  <largest-consumer threadName="Default Executor-thread-2" threadId="000000000085B900" bytes="2653448" />
</allocation-stats>
<gc-op id="1770" type="rs-scan" timems="5.522" contextid="1748" timestamp="2025-12-12T03:59:43.688">
  <scan objectsFound="96975" bytesTraced="6140288" workStackOverflowCount="0" />
</gc-op>
<gc-op id="1771" type="card-cleaning" timems="2.180" contextid="1748" timestamp="2025-12-12T03:59:43.691">
  <card-cleaning cardsCleaned="55" bytesTraced="752488" workStackOverflowCount="0" />
</gc-op>
<gc-op id="1772" type="mark" timems="17.637" contextid="1748" timestamp="2025-12-12T03:59:43.709">
  <trace-info objectcount="6147" scancount="5148" scanbytes="242252" />
  <finalization candidates="813" enqueued="14" />
  <ownableSynchronizers candidates="8651" cleared="26" />
  <references type="soft" candidates="12299" cleared="0" enqueued="0" dynamicThreshold="9" maxThreshold="32" />
  <references type="weak" candidates="15025" cleared="26" enqueued="26" />
  <references type="phantom" candidates="418" cleared="6" enqueued="6" />
  <stringconstants candidates="38616" cleared="15"  />
  <object-monitors candidates="95" cleared="0"  />
</gc-op>
<gc-op id="1773" type="classunload" timems="1.134" contextid="1748" timestamp="2025-12-12T03:59:43.711">
  <classunload-info classloadercandidates="419" classloadersunloaded="1" classesunloaded="1" anonymousclassesunloaded="0" quiescems="0.000" setupms="1.114" scanms="0.010" postms="0.010" />
</gc-op>
<gc-op id="1774" type="sweep" timems="2.555" contextid="1748" timestamp="2025-12-12T03:59:43.714" />
<heap-resize id="1775" type="expand" space="tenure" amount="14286848" count="1" timems="1.067" reason="insufficient free space following gc" timestamp="2025-12-12T03:59:43.715" />
<gc-end id="1776" type="global" contextid="1748" durationms="34.933" usertimems="57.690" systemtimems="44.200" stalltimems="318.086" timestamp="2025-12-12T03:59:43.716" activeThreads="20">
  <mem-info id="1777" free="98139752" total="183107584" percent="53">
    <mem type="nursery" free="75740928" total="108527616" percent="69">
      <mem type="allocate" free="75740928" total="83558400" percent="90" />
      <mem type="survivor" free="0" total="24969216" percent="0" />
    </mem>
    <mem type="tenure" free="22398824" total="74579968" percent="30" micro-fragmented="1770994" macro-fragmented="0">
      <mem type="soa" free="18669416" total="70850560" percent="26" />
      <mem type="loa" free="3729408" total="3729408" percent="100" />
    </mem>
    <pending-finalizers system="0" default="14" reference="32" classloader="0" />
    <remembered-set count="11658" />
  </mem-info>
</gc-end>
<cycle-end id="1778" type="global" contextid="1748" timestamp="2025-12-12T03:59:43.717" />
<exclusive-end id="1779" timestamp="2025-12-12T03:59:43.717" durationms="37.630" />

<exclusive-start id="1780" timestamp="2025-12-12T03:59:43.804" intervalms="124.642">
  <response-info timems="0.048" idlems="0.048" threads="0" lastid="000000000085D200" lastname="Default Executor-thread-5" />
</exclusive-start>
<af-start id="1781" threadId="000000000085DC78" totalBytesRequested="8200" timestamp="2025-12-12T03:59:43.805" intervalms="160.586" type="nursery" />
<cycle-start id="1782" type="scavenge" contextid="0" timestamp="2025-12-12T03:59:43.805" intervalms="160.622" />
<gc-start id="1783" type="scavenge" contextid="1782" timestamp="2025-12-12T03:59:43.806">
  <mem-info id="1784" free="22387064" total="183107584" percent="12">
    <mem type="nursery" free="0" total="108527616" percent="0">
      <mem type="allocate" free="0" total="83558400" percent="0" />
      <mem type="survivor" free="0" total="24969216" percent="0" />
    </mem>
    <mem type="tenure" free="22387064" total="74579968" percent="30">
      <mem type="soa" free="18657656" total="70850560" percent="26" />
      <mem type="loa" free="3729408" total="3729408" percent="100" />
    </mem>
    <remembered-set count="12149" />
  </mem-info>
</gc-start>
<allocation-stats totalBytes="75690184" discardedBytes="56448" >
  <allocated-bytes non-tlh="925368" tlh="74764816" />
  <largest-consumer threadName="Default Executor-thread-4" threadId="000000000085C500" bytes="23362440" />
</allocation-stats>
<gc-op id="1785" type="scavenge" timems="10.848" contextid="1782" timestamp="2025-12-12T03:59:43.818">
  <scavenger-info tenureage="4" tenuremask="7810" tiltratio="76" />
  <memory-copied type="nursery" objects="158220" bytes="10986656" bytesdiscarded="309184" />
  <memory-copied type="tenure" objects="63590" bytes="2421736" bytesdiscarded="3360" />
  <finalization candidates="375" enqueued="333" />
  <ownableSynchronizers candidates="17213" cleared="17150" />
  <references type="soft" candidates="59" cleared="0" enqueued="0" dynamicThreshold="9" maxThreshold="32" />
  <references type="weak" candidates="267" cleared="192" enqueued="192" />
  <references type="phantom" candidates="225" cleared="114" enqueued="114" />
  <object-monitors candidates="95" cleared="0"  />
</gc-op>
<gc-end id="1786" type="scavenge" contextid="1782" durationms="12.424" usertimems="70.829" systemtimems="3.694" stalltimems="24.250" timestamp="2025-12-12T03:59:43.819" activeThreads="10">
  <mem-info id="1787" free="94577544" total="183107584" percent="51">
    <mem type="nursery" free="74997816" total="108527616" percent="69">
      <mem type="allocate" free="74997816" total="86310912" percent="86" />
      <mem type="survivor" free="0" total="22216704" percent="0" />
    </mem>
    <mem type="tenure" free="19579728" total="74579968" percent="26">
      <mem type="soa" free="15850320" total="70850560" percent="22" />
      <mem type="loa" free="3729408" total="3729408" percent="100" />
    </mem>
    <pending-finalizers system="0" default="333" reference="306" classloader="0" />
    <remembered-set count="9944" />
  </mem-info>
</gc-end>
<cycle-end id="1788" type="scavenge" contextid="1782" timestamp="2025-12-12T03:59:43.819" />
<allocation-satisfied id="1789" threadId="000000000085D200" bytesRequested="8200" />
<af-end id="1790" timestamp="2025-12-12T03:59:43.820" threadId="000000000085DC78" success="true" from="nursery"/>
<exclusive-end id="1791" timestamp="2025-12-12T03:59:43.821" durationms="16.772" />

<exclusive-start id="1792" timestamp="2025-12-12T03:59:43.907" intervalms="103.007">
  <response-info timems="0.046" idlems="0.046" threads="0" lastid="00000000014B8A00" lastname="ClassloaderMapProcessingThread-9" />
</exclusive-start>
<af-start id="1793" threadId="00000000014B9478" totalBytesRequested="24" timestamp="2025-12-12T03:59:43.908" intervalms="102.908" type="nursery" />
<cycle-start id="1794" type="scavenge" contextid="0" timestamp="2025-12-12T03:59:43.908" intervalms="102.768" />
<gc-start id="1795" type="scavenge" contextid="1794" timestamp="2025-12-12T03:59:43.909">
  <mem-info id="1796" free="19542184" total="183107584" percent="10">
    <mem type="nursery" free="0" total="108527616" percent="0">
      <mem type="allocate" free="0" total="86310912" percent="0" />
      <mem type="survivor" free="0" total="22216704" percent="0" />
    </mem>
    <mem type="tenure" free="19542184" total="74579968" percent="26">
      <mem type="soa" free="15812776" total="70850560" percent="22" />
      <mem type="loa" free="3729408" total="3729408" percent="100" />
    </mem>
    <remembered-set count="10971" />
  </mem-info>
</gc-start>
<allocation-stats totalBytes="74946960" discardedBytes="87664" >
  <allocated-bytes non-tlh="576752" tlh="74370208" />
  <largest-consumer threadName="Default Executor-thread-4" threadId="000000000085C500" bytes="34258880" />
</allocation-stats>
<gc-op id="1797" type="scavenge" timems="7.266" contextid="1794" timestamp="2025-12-12T03:59:43.917">
  <scavenger-info tenureage="11" tenuremask="7800" tiltratio="79" />
  <memory-copied type="nursery" objects="143859" bytes="10117944" bytesdiscarded="140720" />
  <memory-copied type="tenure" objects="8086" bytes="369080" bytesdiscarded="552" />
  <finalization candidates="300" enqueued="228" />
  <ownableSynchronizers candidates="167" cleared="73" />
  <references type="soft" candidates="132" cleared="0" enqueued="0" dynamicThreshold="9" maxThreshold="32" />
  <references type="weak" candidates="578" cleared="398" enqueued="398" />
  <references type="phantom" candidates="289" cleared="165" enqueued="165" />
  <object-monitors candidates="130" cleared="33"  />
</gc-op>
<heap-resize id="1798" type="expand" space="nursery" amount="5898240" count="1" timems="0.116" reason="excessive time being spent scavenging" timestamp="2025-12-12T03:59:43.918" />
<gc-end id="1799" type="scavenge" contextid="1794" durationms="9.614" usertimems="18.433" systemtimems="22.096" stalltimems="39.252" timestamp="2025-12-12T03:59:43.919" activeThreads="12">
  <mem-info id="1800" free="101306064" total="189005824" percent="53">
    <mem type="nursery" free="82529256" total="114425856" percent="72">
      <mem type="allocate" free="82529256" total="92798976" percent="88" />
      <mem type="survivor" free="0" total="21626880" percent="0" />
    </mem>
    <mem type="tenure" free="18776808" total="74579968" percent="25">
      <mem type="soa" free="15047400" total="70850560" percent="21" />
      <mem type="loa" free="3729408" total="3729408" percent="100" />
    </mem>
    <pending-finalizers system="61" default="167" reference="563" classloader="0" />
    <remembered-set count="9531" />
  </mem-info>
</gc-end>
<cycle-end id="1801" type="scavenge" contextid="1794" timestamp="2025-12-12T03:59:43.919" />
<allocation-satisfied id="1802" threadId="00000000014B8A00" bytesRequested="24" />
<af-end id="1803" timestamp="2025-12-12T03:59:43.920" threadId="00000000014B9478" success="true" from="nursery"/>
<exclusive-end id="1804" timestamp="2025-12-12T03:59:43.921" durationms="13.630" />

<exclusive-start id="1805" timestamp="2025-12-12T03:59:44.023" intervalms="115.821">
  <response-info timems="0.048" idlems="0.033" threads="1" lastid="000000000085D200" lastname="Default Executor-thread-5" />
</exclusive-start>
<af-start id="1806" threadId="0000000000860078" totalBytesRequested="48" timestamp="2025-12-12T03:59:44.023" intervalms="115.861" type="nursery" />
<cycle-start id="1807" type="scavenge" contextid="0" timestamp="2025-12-12T03:59:44.024" intervalms="115.853" />
<gc-start id="1808" type="scavenge" contextid="1807" timestamp="2025-12-12T03:59:44.025">
  <mem-info id="1809" free="18702480" total="189005824" percent="9">
    <mem type="nursery" free="0" total="114425856" percent="0">
      <mem type="allocate" free="0" total="92798976" percent="0" />
      <mem type="survivor" free="0" total="21626880" percent="0" />
    </mem>
    <mem type="tenure" free="18702480" total="74579968" percent="25">
      <mem type="soa" free="14973072" total="70850560" percent="21" />
      <mem type="loa" free="3729408" total="3729408" percent="100" />
    </mem>
    <remembered-set count="10570" />
  </mem-info>
</gc-start>
<allocation-stats totalBytes="82562472" discardedBytes="41112" >
  <allocated-bytes non-tlh="74352" tlh="82488120" />
  <largest-consumer threadName="ClassloaderMapProcessingThread-9" threadId="00000000014B8A00" bytes="36334400" />
</allocation-stats>
<gc-op id="1810" type="scavenge" timems="22.937" contextid="1807" timestamp="2025-12-12T03:59:44.049">
  <scavenger-info tenureage="11" tenuremask="7800" tiltratio="81" />
  <memory-copied type="nursery" objects="180697" bytes="15746472" bytesdiscarded="357072" />
  <memory-copied type="tenure" objects="4698" bytes="231016" bytesdiscarded="592" />
  <finalization candidates="1356" enqueued="1276" />
  <ownableSynchronizers candidates="97" cleared="12" />
  <references type="soft" candidates="221" cleared="0" enqueued="0" dynamicThreshold="9" maxThreshold="32" />
  <references type="weak" candidates="632" cleared="390" enqueued="390" />
  <references type="phantom" candidates="270" cleared="64" enqueued="64" />
  <object-monitors candidates="244" cleared="136"  />
</gc-op>
<heap-resize id="1811" type="expand" space="nursery" amount="9961472" count="1" timems="0.054" reason="excessive time being spent scavenging" timestamp="2025-12-12T03:59:44.050" />
<gc-end id="1812" type="scavenge" contextid="1807" durationms="25.294" usertimems="56.220" systemtimems="41.846" stalltimems="113.391" timestamp="2025-12-12T03:59:44.050" activeThreads="10">
  <mem-info id="1813" free="98593112" total="198967296" percent="49">
    <mem type="nursery" free="80749784" total="124387328" percent="64">
      <mem type="allocate" free="80749784" total="96862208" percent="83" />
      <mem type="survivor" free="0" total="27525120" percent="0" />
    </mem>
    <mem type="tenure" free="17843328" total="74579968" percent="23">
      <mem type="soa" free="14113920" total="70850560" percent="19" />
      <mem type="loa" free="3729408" total="3729408" percent="100" />
    </mem>
    <pending-finalizers system="112" default="1164" reference="454" classloader="0" />
    <remembered-set count="9148" />
  </mem-info>
</gc-end>
<cycle-end id="1814" type="scavenge" contextid="1807" timestamp="2025-12-12T03:59:44.051" />
<allocation-satisfied id="1815" threadId="000000000085F600" bytesRequested="48" />
<af-end id="1816" timestamp="2025-12-12T03:59:44.052" threadId="0000000000860078" success="true" from="nursery"/>
<exclusive-end id="1817" timestamp="2025-12-12T03:59:44.052" durationms="29.152" />

<exclusive-start id="1818" timestamp="2025-12-12T03:59:44.166" intervalms="142.650">
  <response-info timems="0.048" idlems="0.044" threads="1" lastid="000000000085D200" lastname="Default Executor-thread-5" />
</exclusive-start>
<af-start id="1819" threadId="0000000000860078" totalBytesRequested="4328" timestamp="2025-12-12T03:59:44.166" intervalms="142.840" type="nursery" />
<cycle-start id="1820" type="scavenge" contextid="0" timestamp="2025-12-12T03:59:44.167" intervalms="142.846" />
<gc-start id="1821" type="scavenge" contextid="1820" timestamp="2025-12-12T03:59:44.168">
  <mem-info id="1822" free="17786496" total="198967296" percent="8">
    <mem type="nursery" free="0" total="124387328" percent="0">
      <mem type="allocate" free="0" total="96862208" percent="0" />
      <mem type="survivor" free="0" total="27525120" percent="0" />
    </mem>
    <mem type="tenure" free="17786496" total="74579968" percent="23">
      <mem type="soa" free="14057088" total="70850560" percent="19" />
      <mem type="loa" free="3729408" total="3729408" percent="100" />
    </mem>
    <remembered-set count="10349" />
  </mem-info>
</gc-start>
<allocation-stats totalBytes="80705384" discardedBytes="101232" >
  <allocated-bytes non-tlh="56880" tlh="80648504" />
  <largest-consumer threadName="Default Executor-thread-5" threadId="000000000085D200" bytes="37828784" />
</allocation-stats>
<gc-op id="1823" type="scavenge" timems="10.360" contextid="1820" timestamp="2025-12-12T03:59:44.179">
  <scavenger-info tenureage="11" tenuremask="7800" tiltratio="77" />
  <memory-copied type="nursery" objects="258328" bytes="22370280" bytesdiscarded="179824" />
  <finalization candidates="1932" enqueued="1829" />
  <ownableSynchronizers candidates="208" cleared="24" />
  <references type="soft" candidates="394" cleared="0" enqueued="0" dynamicThreshold="9" maxThreshold="32" />
  <references type="weak" candidates="843" cleared="476" enqueued="476" />
  <references type="phantom" candidates="387" cleared="157" enqueued="157" />
  <object-monitors candidates="181" cleared="67"  />
</gc-op>
<heap-resize id="1824" type="expand" space="nursery" amount="4980736" count="1" timems="0.116" reason="excessive time being spent scavenging" timestamp="2025-12-12T03:59:44.180" />
<gc-end id="1825" type="scavenge" contextid="1820" durationms="12.909" usertimems="62.903" systemtimems="2.993" stalltimems="34.693" timestamp="2025-12-12T03:59:44.181" activeThreads="10">
  <mem-info id="1826" free="89322016" total="203948032" percent="43">
    <mem type="nursery" free="71535520" total="129368064" percent="55">
      <mem type="allocate" free="71535520" total="94109696" percent="76" />
      <mem type="survivor" free="0" total="35258368" percent="0" />
    </mem>
    <mem type="tenure" free="17786496" total="74579968" percent="23">
      <mem type="soa" free="14057088" total="70850560" percent="19" />
      <mem type="loa" free="3729408" total="3729408" percent="100" />
    </mem>
    <pending-finalizers system="23" default="1806" reference="633" classloader="0" />
    <remembered-set count="9778" />
  </mem-info>
</gc-end>
<cycle-end id="1827" type="scavenge" contextid="1820" timestamp="2025-12-12T03:59:44.181" />
<allocation-satisfied id="1828" threadId="000000000085F600" bytesRequested="4328" />
<af-end id="1829" timestamp="2025-12-12T03:59:44.182" threadId="0000000000860078" success="true" from="nursery"/>
<exclusive-end id="1830" timestamp="2025-12-12T03:59:44.183" durationms="17.498" />

<exclusive-start id="1831" timestamp="2025-12-12T03:59:44.332" intervalms="166.764">
  <response-info timems="0.098" idlems="0.098" threads="0" lastid="000000000085D200" lastname="Default Executor-thread-5" />
</exclusive-start>
<af-start id="1832" threadId="000000000085DC78" totalBytesRequested="9176" timestamp="2025-12-12T03:59:44.333" intervalms="166.597" type="nursery" />
<cycle-start id="1833" type="scavenge" contextid="0" timestamp="2025-12-12T03:59:44.334" intervalms="166.589" />
<gc-start id="1834" type="scavenge" contextid="1833" timestamp="2025-12-12T03:59:44.334">
  <mem-info id="1835" free="17701472" total="203948032" percent="8">
    <mem type="nursery" free="0" total="129368064" percent="0">
      <mem type="allocate" free="0" total="94109696" percent="0" />
      <mem type="survivor" free="0" total="35258368" percent="0" />
    </mem>
    <mem type="tenure" free="17701472" total="74579968" percent="23">
      <mem type="soa" free="13972064" total="70850560" percent="19" />
      <mem type="loa" free="3729408" total="3729408" percent="100" />
    </mem>
    <remembered-set count="11558" />
  </mem-info>
</gc-start>
<allocation-stats totalBytes="71581576" discardedBytes="38968" >
  <allocated-bytes non-tlh="108856" tlh="71472720" />
  <largest-consumer threadName="Default Executor-thread-5" threadId="000000000085D200" bytes="48026520" />
</allocation-stats>
<gc-op id="1836" type="scavenge" timems="14.059" contextid="1833" timestamp="2025-12-12T03:59:44.349">
  <scavenger-info tenureage="10" tenuremask="7c00" tiltratio="72" />
  <memory-copied type="nursery" objects="318447" bytes="24424616" bytesdiscarded="615400" />
  <memory-copied type="tenure" objects="15967" bytes="1364520" bytesdiscarded="616" />
  <finalization candidates="2118" enqueued="2015" />
  <ownableSynchronizers candidates="1231" cleared="884" />
  <references type="soft" candidates="1223" cleared="0" enqueued="0" dynamicThreshold="9" maxThreshold="32" />
  <references type="weak" candidates="891" cleared="312" enqueued="312" />
  <references type="phantom" candidates="269" cleared="13" enqueued="13" />
  <object-monitors candidates="143" cleared="17"  />
</gc-op>
<heap-resize id="1837" type="expand" space="nursery" amount="5111808" count="1" timems="0.056" reason="excessive time being spent scavenging" timestamp="2025-12-12T03:59:44.350" />
<gc-end id="1838" type="scavenge" contextid="1833" durationms="16.350" usertimems="86.331" systemtimems="12.598" stalltimems="32.123" timestamp="2025-12-12T03:59:44.351" activeThreads="10">
  <mem-info id="1839" free="91562776" total="209059840" percent="43">
    <mem type="nursery" free="75015424" total="134479872" percent="55">
      <mem type="allocate" free="75015424" total="100073472" percent="74" />
      <mem type="survivor" free="0" total="34406400" percent="0" />
    </mem>
    <mem type="tenure" free="16547352" total="74579968" percent="22">
      <mem type="soa" free="12817944" total="70850560" percent="18" />
      <mem type="loa" free="3729408" total="3729408" percent="100" />
    </mem>
    <pending-finalizers system="27" default="1988" reference="325" classloader="0" />
    <remembered-set count="6894" />
  </mem-info>
</gc-end>
<cycle-end id="1840" type="scavenge" contextid="1833" timestamp="2025-12-12T03:59:44.351" />
<allocation-satisfied id="1841" threadId="000000000085D200" bytesRequested="9176" />
<af-end id="1842" timestamp="2025-12-12T03:59:44.353" threadId="000000000085DC78" success="true" from="nursery"/>
<exclusive-end id="1843" timestamp="2025-12-12T03:59:44.353" durationms="20.790" />

<exclusive-start id="1844" timestamp="2025-12-12T03:59:44.525" intervalms="192.921">
  <response-info timems="0.192" idlems="0.130" threads="1" lastid="000000000085D200" lastname="Default Executor-thread-5" />
</exclusive-start>
<af-start id="1845" threadId="000000000085E878" totalBytesRequested="32" timestamp="2025-12-12T03:59:44.526" intervalms="192.972" type="nursery" />
<cycle-start id="1846" type="scavenge" contextid="0" timestamp="2025-12-12T03:59:44.527" intervalms="193.111" />
<gc-start id="1847" type="scavenge" contextid="1846" timestamp="2025-12-12T03:59:44.527">
  <mem-info id="1848" free="16482736" total="209059840" percent="7">
    <mem type="nursery" free="0" total="134479872" percent="0">
      <mem type="allocate" free="0" total="100073472" percent="0" />
      <mem type="survivor" free="0" total="34406400" percent="0" />
    </mem>
    <mem type="tenure" free="16482736" total="74579968" percent="22">
      <mem type="soa" free="12753328" total="70850560" percent="18" />
      <mem type="loa" free="3729408" total="3729408" percent="100" />
    </mem>
    <remembered-set count="7968" />
  </mem-info>
</gc-start>
<allocation-stats totalBytes="75055888" discardedBytes="24152" >
  <allocated-bytes non-tlh="73792" tlh="74982096" />
  <largest-consumer threadName="Default Executor-thread-5" threadId="000000000085D200" bytes="49405408" />
</allocation-stats>
<gc-op id="1849" type="scavenge" timems="12.247" contextid="1846" timestamp="2025-12-12T03:59:44.541">
  <scavenger-info tenureage="7" tenuremask="7880" tiltratio="74" />
  <memory-copied type="nursery" objects="430095" bytes="27788816" bytesdiscarded="255664" />
  <memory-copied type="tenure" objects="9385" bytes="615560" bytesdiscarded="304" />
  <finalization candidates="2532" enqueued="2428" />
  <ownableSynchronizers candidates="1517" cleared="1116" />
  <references type="soft" candidates="1450" cleared="0" enqueued="0" dynamicThreshold="9" maxThreshold="32" />
  <references type="weak" candidates="1025" cleared="292" enqueued="292" />
  <references type="phantom" candidates="292" cleared="26" enqueued="26" />
  <object-monitors candidates="256" cleared="115"  />
</gc-op>
<gc-end id="1850" type="scavenge" contextid="1846" durationms="14.282" usertimems="94.687" systemtimems="4.333" stalltimems="45.449" timestamp="2025-12-12T03:59:44.542" activeThreads="12">
  <mem-info id="1851" free="84664392" total="209059840" percent="40">
    <mem type="nursery" free="68856472" total="134479872" percent="51">
      <mem type="allocate" free="68856472" total="96927744" percent="71" />
      <mem type="survivor" free="0" total="37552128" percent="0" />
    </mem>
    <mem type="tenure" free="15807920" total="74579968" percent="21">
      <mem type="soa" free="12078512" total="70850560" percent="17" />
      <mem type="loa" free="3729408" total="3729408" percent="100" />
    </mem>
    <pending-finalizers system="51" default="2377" reference="318" classloader="0" />
    <remembered-set count="6498" />
  </mem-info>
</gc-end>
<cycle-end id="1852" type="scavenge" contextid="1846" timestamp="2025-12-12T03:59:44.542" />
<allocation-satisfied id="1853" threadId="000000000085DE00" bytesRequested="32" />
<af-end id="1854" timestamp="2025-12-12T03:59:44.543" threadId="000000000085E878" success="true" from="nursery"/>
<exclusive-end id="1855" timestamp="2025-12-12T03:59:44.544" durationms="18.618" />

<exclusive-start id="1856" timestamp="2025-12-12T03:59:44.684" intervalms="159.254">
  <response-info timems="0.116" idlems="0.108" threads="1" lastid="000000000085D200" lastname="Default Executor-thread-5" />
</exclusive-start>
<af-start id="1857" threadId="000000000085C378" totalBytesRequested="40" timestamp="2025-12-12T03:59:44.685" intervalms="159.379" type="nursery" />
<cycle-start id="1858" type="scavenge" contextid="0" timestamp="2025-12-12T03:59:44.686" intervalms="159.483" />
<gc-start id="1859" type="scavenge" contextid="1858" timestamp="2025-12-12T03:59:44.687">
  <mem-info id="1860" free="15750912" total="209059840" percent="7">
    <mem type="nursery" free="0" total="134479872" percent="0">
      <mem type="allocate" free="0" total="96927744" percent="0" />
      <mem type="survivor" free="0" total="37552128" percent="0" />
    </mem>
    <mem type="tenure" free="15750912" total="74579968" percent="21">
      <mem type="soa" free="12021504" total="70850560" percent="16" />
      <mem type="loa" free="3729408" total="3729408" percent="100" />
    </mem>
    <remembered-set count="7499" />
  </mem-info>
</gc-start>
<allocation-stats totalBytes="68902280" discardedBytes="11200" >
  <allocated-bytes non-tlh="57040" tlh="68845240" />
  <largest-consumer threadName="Default Executor-thread-5" threadId="000000000085D200" bytes="37192360" />
</allocation-stats>
<gc-op id="1861" type="scavenge" timems="20.165" contextid="1858" timestamp="2025-12-12T03:59:44.708">
  <scavenger-info tenureage="5" tenuremask="7860" tiltratio="72" />
  <memory-copied type="nursery" objects="393638" bytes="22604184" bytesdiscarded="412856" />
  <memory-copied type="tenure" objects="78230" bytes="5202720" bytesdiscarded="4744" />
  <finalization candidates="1807" enqueued="1704" />
  <ownableSynchronizers candidates="5974" cleared="5633" />
  <references type="soft" candidates="1522" cleared="0" enqueued="0" dynamicThreshold="9" maxThreshold="32" />
  <references type="weak" candidates="758" cleared="96" enqueued="96" />
  <references type="phantom" candidates="181" cleared="10" enqueued="10" />
  <object-monitors candidates="162" cleared="18"  />
</gc-op>
<heap-resize id="1862" type="expand" space="nursery" amount="10092544" count="1" timems="0.061" reason="excessive time being spent scavenging" timestamp="2025-12-12T03:59:44.709" />
<gc-end id="1863" type="scavenge" contextid="1858" durationms="22.833" usertimems="143.924" systemtimems="13.928" stalltimems="79.130" timestamp="2025-12-12T03:59:44.710" activeThreads="13">
  <mem-info id="1864" free="92826312" total="219152384" percent="42">
    <mem type="nursery" free="81829232" total="144572416" percent="56">
      <mem type="allocate" free="81829232" total="104857600" percent="78" />
      <mem type="survivor" free="0" total="39714816" percent="0" />
    </mem>
    <mem type="tenure" free="10997080" total="74579968" percent="14">
      <mem type="soa" free="7267672" total="70850560" percent="10" />
      <mem type="loa" free="3729408" total="3729408" percent="100" />
    </mem>
    <pending-finalizers system="15" default="1689" reference="106" classloader="0" />
    <remembered-set count="17960" />
  </mem-info>
</gc-end>
<cycle-end id="1865" type="scavenge" contextid="1858" timestamp="2025-12-12T03:59:44.711" />
<allocation-satisfied id="1866" threadId="000000000085B900" bytesRequested="40" />
<af-end id="1867" timestamp="2025-12-12T03:59:44.712" threadId="000000000085C378" success="true" from="nursery"/>
<exclusive-end id="1868" timestamp="2025-12-12T03:59:44.713" durationms="28.109" />

<exclusive-start id="1869" timestamp="2025-12-12T03:59:44.868" intervalms="183.362">
  <response-info timems="0.304" idlems="0.178" threads="1" lastid="000000000085F600" lastname="Default Executor-thread-3" />
</exclusive-start>
<af-start id="1870" threadId="000000000085DC78" totalBytesRequested="25152" timestamp="2025-12-12T03:59:44.869" intervalms="183.392" type="nursery" />
<cycle-start id="1871" type="scavenge" contextid="0" timestamp="2025-12-12T03:59:44.870" intervalms="183.379" />
<gc-start id="1872" type="scavenge" contextid="1871" timestamp="2025-12-12T03:59:44.871">
  <mem-info id="1873" free="10932912" total="219152384" percent="4">
    <mem type="nursery" free="0" total="144572416" percent="0">
      <mem type="allocate" free="0" total="104857600" percent="0" />
      <mem type="survivor" free="0" total="39714816" percent="0" />
    </mem>
    <mem type="tenure" free="10932912" total="74579968" percent="14">
      <mem type="soa" free="7203504" total="70850560" percent="10" />
      <mem type="loa" free="3729408" total="3729408" percent="100" />
    </mem>
    <remembered-set count="19155" />
  </mem-info>
</gc-start>
<allocation-stats totalBytes="81837136" discardedBytes="56264" >
  <allocated-bytes non-tlh="64208" tlh="81772928" />
  <largest-consumer threadName="Default Executor-thread-5" threadId="000000000085D200" bytes="41440416" />
</allocation-stats>
<gc-op id="1874" type="scavenge" timems="14.958" contextid="1871" timestamp="2025-12-12T03:59:44.887">
  <scavenger-info tenureage="11" tenuremask="7800" tiltratio="72" />
  <memory-copied type="nursery" objects="259428" bytes="21463632" bytesdiscarded="287400" />
  <finalization candidates="1721" enqueued="1689" />
  <ownableSynchronizers candidates="5634" cleared="5374" />
  <references type="soft" candidates="1957" cleared="0" enqueued="0" dynamicThreshold="9" maxThreshold="32" />
  <references type="weak" candidates="587" cleared="187" enqueued="187" />
  <references type="phantom" candidates="198" cleared="10" enqueued="10" />
  <object-monitors candidates="165" cleared="23"  />
</gc-op>
<heap-resize id="1875" type="expand" space="nursery" amount="6029312" count="1" timems="0.061" reason="excessive time being spent scavenging" timestamp="2025-12-12T03:59:44.888" />
<gc-end id="1876" type="scavenge" contextid="1871" durationms="17.645" usertimems="73.725" systemtimems="8.487" stalltimems="93.000" timestamp="2025-12-12T03:59:44.888" activeThreads="14">
  <mem-info id="1877" free="103137808" total="225181696" percent="45">
    <mem type="nursery" free="92204896" total="150601728" percent="61">
      <mem type="allocate" free="92204896" total="113967104" percent="80" />
      <mem type="survivor" free="0" total="36634624" percent="0" />
    </mem>
    <mem type="tenure" free="10932912" total="74579968" percent="14">
      <mem type="soa" free="7203504" total="70850560" percent="10" />
      <mem type="loa" free="3729408" total="3729408" percent="100" />
    </mem>
    <pending-finalizers system="32" default="1657" reference="197" classloader="0" />
    <remembered-set count="18268" />
  </mem-info>
</gc-end>
<cycle-end id="1878" type="scavenge" contextid="1871" timestamp="2025-12-12T03:59:44.889" />
<allocation-satisfied id="1879" threadId="000000000085D200" bytesRequested="25152" />
<af-end id="1880" timestamp="2025-12-12T03:59:44.890" threadId="000000000085DC78" success="true" from="nursery"/>
<exclusive-end id="1881" timestamp="2025-12-12T03:59:44.891" durationms="23.001" />

<exclusive-start id="1882" timestamp="2025-12-12T03:59:45.162" intervalms="294.166">
  <response-info timems="0.058" idlems="0.058" threads="0" lastid="000000000085D200" lastname="Default Executor-thread-5" />
</exclusive-start>
<af-start id="1883" threadId="000000000085DC78" totalBytesRequested="5648" timestamp="2025-12-12T03:59:45.163" intervalms="294.111" type="nursery" />
<cycle-start id="1884" type="scavenge" contextid="0" timestamp="2025-12-12T03:59:45.164" intervalms="294.010" />
<gc-start id="1885" type="scavenge" contextid="1884" timestamp="2025-12-12T03:59:45.164">
  <mem-info id="1886" free="10911384" total="225181696" percent="4">
    <mem type="nursery" free="0" total="150601728" percent="0">
      <mem type="allocate" free="0" total="113967104" percent="0" />
      <mem type="survivor" free="0" total="36634624" percent="0" />
    </mem>
    <mem type="tenure" free="10911384" total="74579968" percent="14">
      <mem type="soa" free="7181976" total="70850560" percent="10" />
      <mem type="loa" free="3729408" total="3729408" percent="100" />
    </mem>
    <remembered-set count="19184" />
  </mem-info>
</gc-start>
<allocation-stats totalBytes="92200560" discardedBytes="25864" >
  <allocated-bytes non-tlh="148584" tlh="92051976" />
  <largest-consumer threadName="Default Executor-thread-5" threadId="000000000085D200" bytes="79829984" />
</allocation-stats>
<gc-op id="1887" type="scavenge" timems="30.452" contextid="1884" timestamp="2025-12-12T03:59:45.196">
  <scavenger-info tenureage="11" tenuremask="7800" tiltratio="75" />
  <memory-copied type="nursery" objects="313094" bytes="29554488" bytesdiscarded="557568" />
  <memory-copied type="tenure" objects="7308" bytes="595320" bytesdiscarded="904" />
  <finalization candidates="3181" enqueued="3149" />
  <ownableSynchronizers candidates="315" cleared="30" />
  <references type="soft" candidates="1997" cleared="0" enqueued="0" dynamicThreshold="9" maxThreshold="32" />
  <references type="weak" candidates="692" cleared="184" enqueued="164" />
  <references type="phantom" candidates="340" cleared="90" enqueued="90" />
  <object-monitors candidates="161" cleared="18"  />
</gc-op>
<heap-resize id="1888" type="expand" space="nursery" amount="6946816" count="1" timems="0.063" reason="excessive time being spent scavenging" timestamp="2025-12-12T03:59:45.197" />
<gc-end id="1889" type="scavenge" contextid="1884" durationms="33.605" usertimems="158.841" systemtimems="35.771" stalltimems="91.347" timestamp="2025-12-12T03:59:45.198" activeThreads="12">
  <mem-info id="1890" free="91041152" total="232128512" percent="39">
    <mem type="nursery" free="80952120" total="157548544" percent="51">
      <mem type="allocate" free="80952120" total="111083520" percent="72" />
      <mem type="survivor" free="0" total="46465024" percent="0" />
    </mem>
    <mem type="tenure" free="10089032" total="74579968" percent="13">
      <mem type="soa" free="6359624" total="70850560" percent="8" />
      <mem type="loa" free="3729408" total="3729408" percent="100" />
    </mem>
    <pending-finalizers system="31" default="3118" reference="254" classloader="0" />
    <remembered-set count="16943" />
  </mem-info>
</gc-end>
<cycle-end id="1891" type="scavenge" contextid="1884" timestamp="2025-12-12T03:59:45.199" />
<allocation-satisfied id="1892" threadId="000000000085D200" bytesRequested="5648" />
<af-end id="1893" timestamp="2025-12-12T03:59:45.201" threadId="000000000085DC78" success="true" from="nursery"/>
<exclusive-end id="1894" timestamp="2025-12-12T03:59:45.201" durationms="39.227" />

<concurrent-kickoff id="1895" timestamp="2025-12-12T03:59:45.814">
  <kickoff reason="threshold reached" targetBytes="37910415" thresholdFreeBytes="5245144"  remainingFree="4524856" tenureFreeBytes="10088608" nurseryFreeBytes="4524856" />
</concurrent-kickoff>
<exclusive-start id="1896" timestamp="2025-12-12T03:59:45.816" intervalms="654.435">
  <response-info timems="0.049" idlems="0.049" threads="0" lastid="000000000085D200" lastname="Default Executor-thread-5" />
</exclusive-start>
<cycle-start id="1897" type="global" contextid="0" timestamp="2025-12-12T03:59:45.817" intervalms="2189.482" />
<concurrent-start id="1898" type="global mark" contextid="1897" timestamp="2025-12-12T03:59:45.818">
</concurrent-start>
<exclusive-end id="1899" timestamp="2025-12-12T03:59:45.818" durationms="1.849" />

<exclusive-start id="1900" timestamp="2025-12-12T03:59:45.906" intervalms="89.851">
  <response-info timems="0.060" idlems="0.060" threads="0" lastid="000000000085C500" lastname="Default Executor-thread-4" />
</exclusive-start>
<af-start id="1901" threadId="000000000085CF78" totalBytesRequested="288" timestamp="2025-12-12T03:59:45.907" intervalms="744.256" type="nursery" />
<percolate-collect id="1902" from="nursery" to="global" reason="concurrent mark exhausted" timestamp="2025-12-12T03:59:45.908"/>
<concurrent-end id="1903" type="global mark" contextid="1897" timestamp="2025-12-12T03:59:45.908">
<gc-op id="1904" type="trace" timems="88.555" contextid="1897" timestamp="2025-12-12T03:59:45.908">
  <trace bytesTraced="40033448" workStackOverflowCount="0" />
  <card-cleaning reason="card cleaning threshold reached" bytesTraced="35236" cardsCleaned="76" />
</gc-op>
</concurrent-end>

<gc-start id="1905" type="global" contextid="1897" timestamp="2025-12-12T03:59:45.910">
  <mem-info id="1906" free="10088216" total="232128512" percent="4">
    <mem type="nursery" free="0" total="157548544" percent="0">
      <mem type="allocate" free="0" total="111083520" percent="0" />
      <mem type="survivor" free="0" total="46465024" percent="0" />
    </mem>
    <mem type="tenure" free="10088216" total="74579968" percent="13">
      <mem type="soa" free="6358808" total="70850560" percent="8" />
      <mem type="loa" free="3729408" total="3729408" percent="100" />
    </mem>
    <remembered-set count="17320" />
  </mem-info>
</gc-start>
<allocation-stats totalBytes="80948536" discardedBytes="4400" >
  <allocated-bytes non-tlh="6464" tlh="80942072" />
  <largest-consumer threadName="Default Executor-thread-5" threadId="000000000085D200" bytes="80276424" />
</allocation-stats>
<concurrent-halted id="1907" timestamp="2025-12-12T03:59:45.911">
  <halted state="Complete" status="exhausted" />
  <traced bytesTarget="37910415" bytesTotal="40068684" bytesByMutator="17467304" bytesByHelper="22601380" percent="105" />
  <cards cleaned="76" thresholdBytes="2066268" />
</concurrent-halted>
<gc-op id="1908" type="rs-scan" timems="10.385" contextid="1897" timestamp="2025-12-12T03:59:45.922">
  <scan objectsFound="417936" bytesTraced="21850944" workStackOverflowCount="0" />
</gc-op>
<gc-op id="1909" type="card-cleaning" timems="1.792" contextid="1897" timestamp="2025-12-12T03:59:45.924">
  <card-cleaning cardsCleaned="3" bytesTraced="2232" workStackOverflowCount="0" />
</gc-op>
<gc-op id="1910" type="mark" timems="25.780" contextid="1897" timestamp="2025-12-12T03:59:45.951">
  <trace-info objectcount="12240" scancount="9907" scanbytes="390340" />
  <finalization candidates="1379" enqueued="480" />
  <ownableSynchronizers candidates="9016" cleared="123" />
  <references type="soft" candidates="14398" cleared="5" enqueued="4" dynamicThreshold="9" maxThreshold="32" />
  <references type="weak" candidates="15766" cleared="131" enqueued="131" />
  <references type="phantom" candidates="394" cleared="0" enqueued="0" />
  <stringconstants candidates="41110" cleared="55"  />
  <object-monitors candidates="145" cleared="17"  />
</gc-op>
<gc-op id="1911" type="classunload" timems="2.209" contextid="1897" timestamp="2025-12-12T03:59:45.954">
  <classunload-info classloadercandidates="450" classloadersunloaded="1" classesunloaded="5" anonymousclassesunloaded="4" quiescems="0.000" setupms="2.141" scanms="0.056" postms="0.012" />
</gc-op>
<gc-op id="1912" type="sweep" timems="5.154" contextid="1897" timestamp="2025-12-12T03:59:45.960" />
<heap-resize id="1913" type="expand" space="tenure" amount="10616832" count="1" timems="1.488" reason="insufficient free space following gc" timestamp="2025-12-12T03:59:45.962" />
<gc-end id="1914" type="global" contextid="1897" durationms="53.236" usertimems="186.993" systemtimems="32.003" stalltimems="475.360" timestamp="2025-12-12T03:59:45.963" activeThreads="20">
  <mem-info id="1915" free="92497696" total="242745344" percent="38">
    <mem type="nursery" free="66913312" total="157548544" percent="42">
      <mem type="allocate" free="66913312" total="111083520" percent="60" />
      <mem type="survivor" free="0" total="46465024" percent="0" />
    </mem>
    <mem type="tenure" free="25584384" total="85196800" percent="30" micro-fragmented="1850654" macro-fragmented="0">
      <mem type="soa" free="21324544" total="80936960" percent="26" />
      <mem type="loa" free="4259840" total="4259840" percent="100" />
    </mem>
    <pending-finalizers system="0" default="480" reference="135" classloader="0" />
    <remembered-set count="16678" />
  </mem-info>
</gc-end>
<cycle-end id="1916" type="global" contextid="1897" timestamp="2025-12-12T03:59:45.964" />
<allocation-satisfied id="1917" threadId="000000000085C500" bytesRequested="288" />
<af-end id="1918" timestamp="2025-12-12T03:59:45.965" threadId="000000000085CF78" success="true" from="nursery"/>
<exclusive-end id="1919" timestamp="2025-12-12T03:59:45.966" durationms="59.440" />

<exclusive-start id="1920" timestamp="2025-12-12T03:59:46.201" intervalms="294.520">
  <response-info timems="0.060" idlems="0.060" threads="0" lastid="000000000085D200" lastname="Default Executor-thread-5" />
</exclusive-start>
<af-start id="1921" threadId="000000000085DC78" totalBytesRequested="65544" timestamp="2025-12-12T03:59:46.202" intervalms="294.592" type="nursery" />
<cycle-start id="1922" type="scavenge" contextid="0" timestamp="2025-12-12T03:59:46.202" intervalms="1038.814" />
<gc-start id="1923" type="scavenge" contextid="1922" timestamp="2025-12-12T03:59:46.203">
  <mem-info id="1924" free="32620040" total="242745344" percent="13">
    <mem type="nursery" free="7035800" total="157548544" percent="4">
      <mem type="allocate" free="7035800" total="111083520" percent="6" />
      <mem type="survivor" free="0" total="46465024" percent="0" />
    </mem>
    <mem type="tenure" free="25584240" total="85196800" percent="30">
      <mem type="soa" free="21324400" total="80936960" percent="26" />
      <mem type="loa" free="4259840" total="4259840" percent="100" />
    </mem>
    <remembered-set count="16722" />
  </mem-info>
</gc-start>
<allocation-stats totalBytes="59047064" discardedBytes="707472" >
  <allocated-bytes non-tlh="13456544" tlh="45590520" />
  <largest-consumer threadName="Default Executor-thread-5" threadId="000000000085D200" bytes="58659464" />
</allocation-stats>
<gc-op id="1925" type="scavenge" timems="19.897" contextid="1922" timestamp="2025-12-12T03:59:46.225">
  <scavenger-info tenureage="10" tenuremask="7c00" tiltratio="70" />
  <memory-copied type="nursery" objects="507366" bytes="37088920" bytesdiscarded="649208" />
  <memory-copied type="tenure" objects="7192" bytes="628000" bytesdiscarded="3816" />
  <finalization candidates="2066" enqueued="2035" />
  <ownableSynchronizers candidates="17811" cleared="17541" />
  <references type="soft" candidates="1997" cleared="0" enqueued="0" dynamicThreshold="9" maxThreshold="32" />
  <references type="weak" candidates="544" cleared="19" enqueued="19" />
  <references type="phantom" candidates="161" cleared="0" enqueued="0" />
  <object-monitors candidates="128" cleared="0"  />
</gc-op>
<gc-end id="1926" type="scavenge" contextid="1922" durationms="21.850" usertimems="147.356" systemtimems="6.305" stalltimems="81.614" timestamp="2025-12-12T03:59:46.225" activeThreads="14">
  <mem-info id="1927" free="91333864" total="242745344" percent="37">
    <mem type="nursery" free="66648480" total="157548544" percent="42">
      <mem type="allocate" free="66648480" total="104398848" percent="63" />
      <mem type="survivor" free="0" total="53149696" percent="0" />
    </mem>
    <mem type="tenure" free="24685384" total="85196800" percent="28">
      <mem type="soa" free="20425544" total="80936960" percent="25" />
      <mem type="loa" free="4259840" total="4259840" percent="100" />
    </mem>
    <pending-finalizers system="0" default="2035" reference="19" classloader="0" />
    <remembered-set count="15179" />
  </mem-info>
</gc-end>
<cycle-end id="1928" type="scavenge" contextid="1922" timestamp="2025-12-12T03:59:46.226" />
<allocation-satisfied id="1929" threadId="000000000085D200" bytesRequested="65544" />
<af-end id="1930" timestamp="2025-12-12T03:59:46.227" threadId="000000000085DC78" success="true" from="nursery"/>
<exclusive-end id="1931" timestamp="2025-12-12T03:59:46.228" durationms="26.954" />

<exclusive-start id="1932" timestamp="2025-12-12T03:59:46.454" intervalms="253.166">
  <response-info timems="0.063" idlems="0.063" threads="0" lastid="000000000085D200" lastname="Default Executor-thread-5" />
</exclusive-start>
<af-start id="1933" threadId="000000000085DC78" totalBytesRequested="56" timestamp="2025-12-12T03:59:46.456" intervalms="253.953" type="nursery" />
<cycle-start id="1934" type="scavenge" contextid="0" timestamp="2025-12-12T03:59:46.456" intervalms="254.111" />
<gc-start id="1935" type="scavenge" contextid="1934" timestamp="2025-12-12T03:59:46.457">
  <mem-info id="1936" free="24683736" total="242745344" percent="10">
    <mem type="nursery" free="0" total="157548544" percent="0">
      <mem type="allocate" free="0" total="104398848" percent="0" />
      <mem type="survivor" free="0" total="53149696" percent="0" />
    </mem>
    <mem type="tenure" free="24683736" total="85196800" percent="28">
      <mem type="soa" free="20423896" total="80936960" percent="25" />
      <mem type="loa" free="4259840" total="4259840" percent="100" />
    </mem>
    <remembered-set count="15317" />
  </mem-info>
</gc-start>
<allocation-stats totalBytes="66642192" discardedBytes="7936" >
  <allocated-bytes non-tlh="67192" tlh="66575000" />
  <largest-consumer threadName="Default Executor-thread-5" threadId="000000000085D200" bytes="66470160" />
</allocation-stats>
<gc-op id="1937" type="scavenge" timems="23.042" contextid="1934" timestamp="2025-12-12T03:59:46.482">
  <scavenger-info tenureage="10" tenuremask="7c00" tiltratio="66" />
  <memory-copied type="nursery" objects="520494" bytes="39218296" bytesdiscarded="668032" />
  <finalization candidates="2093" enqueued="2062" />
  <ownableSynchronizers candidates="283" cleared="10" />
  <references type="soft" candidates="1997" cleared="0" enqueued="0" dynamicThreshold="9" maxThreshold="32" />
  <references type="weak" candidates="590" cleared="40" enqueued="40" />
  <references type="phantom" candidates="163" cleared="0" enqueued="0" />
  <object-monitors candidates="128" cleared="0"  />
</gc-op>
<heap-resize id="1938" type="expand" space="nursery" amount="6815744" count="1" timems="0.060" reason="excessive time being spent scavenging" timestamp="2025-12-12T03:59:46.483" />
<gc-end id="1939" type="scavenge" contextid="1934" durationms="25.909" usertimems="138.650" systemtimems="20.844" stalltimems="111.222" timestamp="2025-12-12T03:59:46.483" activeThreads="14">
  <mem-info id="1940" free="95213000" total="249561088" percent="38">
    <mem type="nursery" free="70529264" total="164364288" percent="42">
      <mem type="allocate" free="70529264" total="110428160" percent="63" />
      <mem type="survivor" free="0" total="53936128" percent="0" />
    </mem>
    <mem type="tenure" free="24683736" total="85196800" percent="28">
      <mem type="soa" free="20423896" total="80936960" percent="25" />
      <mem type="loa" free="4259840" total="4259840" percent="100" />
    </mem>
    <pending-finalizers system="0" default="2062" reference="40" classloader="0" />
    <remembered-set count="15065" />
  </mem-info>
</gc-end>
<cycle-end id="1941" type="scavenge" contextid="1934" timestamp="2025-12-12T03:59:46.484" />
<allocation-satisfied id="1942" threadId="000000000085D200" bytesRequested="56" />
<af-end id="1943" timestamp="2025-12-12T03:59:46.488" threadId="000000000085DC78" success="true" from="nursery"/>
<exclusive-end id="1944" timestamp="2025-12-12T03:59:46.489" durationms="34.674" />

<exclusive-start id="1945" timestamp="2025-12-12T03:59:46.791" intervalms="337.179">
  <response-info timems="0.067" idlems="0.067" threads="0" lastid="000000000085D200" lastname="Default Executor-thread-5" />
</exclusive-start>
<af-start id="1946" threadId="000000000085DC78" totalBytesRequested="1664" timestamp="2025-12-12T03:59:46.792" intervalms="336.364" type="nursery" />
<cycle-start id="1947" type="scavenge" contextid="0" timestamp="2025-12-12T03:59:46.793" intervalms="336.137" />
<gc-start id="1948" type="scavenge" contextid="1947" timestamp="2025-12-12T03:59:46.793">
  <mem-info id="1949" free="24683736" total="249561088" percent="9">
    <mem type="nursery" free="0" total="164364288" percent="0">
      <mem type="allocate" free="0" total="110428160" percent="0" />
      <mem type="survivor" free="0" total="53936128" percent="0" />
    </mem>
    <mem type="tenure" free="24683736" total="85196800" percent="28">
      <mem type="soa" free="20423896" total="80936960" percent="25" />
      <mem type="loa" free="4259840" total="4259840" percent="100" />
    </mem>
    <remembered-set count="15150" />
  </mem-info>
</gc-start>
<allocation-stats totalBytes="70513296" discardedBytes="15968" >
  <allocated-bytes non-tlh="56" tlh="70513240" />
  <largest-consumer threadName="Default Executor-thread-5" threadId="000000000085D200" bytes="70153368" />
</allocation-stats>
<gc-op id="1950" type="scavenge" timems="22.300" contextid="1947" timestamp="2025-12-12T03:59:46.817">
  <scavenger-info tenureage="9" tenuremask="7e00" tiltratio="67" />
  <memory-copied type="nursery" objects="508093" bytes="39286944" bytesdiscarded="534664" />
  <memory-copied type="tenure" objects="38495" bytes="2055784" bytesdiscarded="12800" />
  <finalization candidates="3087" enqueued="3055" />
  <ownableSynchronizers candidates="299" cleared="26" />
  <references type="soft" candidates="1908" cleared="0" enqueued="0" dynamicThreshold="9" maxThreshold="32" />
  <references type="weak" candidates="532" cleared="20" enqueued="20" />
  <references type="phantom" candidates="151" cleared="0" enqueued="0" />
  <object-monitors candidates="128" cleared="0"  />
</gc-op>
<gc-end id="1951" type="scavenge" contextid="1947" durationms="24.541" usertimems="163.068" systemtimems="12.796" stalltimems="100.830" timestamp="2025-12-12T03:59:46.818" activeThreads="13">
  <mem-info id="1952" free="97491224" total="249561088" percent="39">
    <mem type="nursery" free="75115712" total="164364288" percent="45">
      <mem type="allocate" free="75115712" total="114950144" percent="65" />
      <mem type="survivor" free="0" total="49414144" percent="0" />
    </mem>
    <mem type="tenure" free="22375512" total="85196800" percent="26">
      <mem type="soa" free="18115672" total="80936960" percent="22" />
      <mem type="loa" free="4259840" total="4259840" percent="100" />
    </mem>
    <pending-finalizers system="0" default="3055" reference="20" classloader="0" />
    <remembered-set count="11089" />
  </mem-info>
</gc-end>
<cycle-end id="1953" type="scavenge" contextid="1947" timestamp="2025-12-12T03:59:46.819" />
<allocation-satisfied id="1954" threadId="000000000085D200" bytesRequested="1664" />
<af-end id="1955" timestamp="2025-12-12T03:59:46.820" threadId="000000000085DC78" success="true" from="nursery"/>
<exclusive-end id="1956" timestamp="2025-12-12T03:59:46.821" durationms="29.373" />

<exclusive-start id="1957" timestamp="2025-12-12T03:59:47.124" intervalms="332.343">
  <response-info timems="0.069" idlems="0.069" threads="0" lastid="000000000085D200" lastname="Default Executor-thread-5" />
</exclusive-start>
<af-start id="1958" threadId="000000000085DC78" totalBytesRequested="15928" timestamp="2025-12-12T03:59:47.124" intervalms="332.290" type="nursery" />
<cycle-start id="1959" type="scavenge" contextid="0" timestamp="2025-12-12T03:59:47.125" intervalms="332.460" />
<gc-start id="1960" type="scavenge" contextid="1959" timestamp="2025-12-12T03:59:47.127">
  <mem-info id="1961" free="22375512" total="249561088" percent="8">
    <mem type="nursery" free="0" total="164364288" percent="0">
      <mem type="allocate" free="0" total="114950144" percent="0" />
      <mem type="survivor" free="0" total="49414144" percent="0" />
    </mem>
    <mem type="tenure" free="22375512" total="85196800" percent="26">
      <mem type="soa" free="18115672" total="80936960" percent="22" />
      <mem type="loa" free="4259840" total="4259840" percent="100" />
    </mem>
    <remembered-set count="11189" />
  </mem-info>
</gc-start>
<allocation-stats totalBytes="75090552" discardedBytes="25160" >
  <allocated-bytes non-tlh="1664" tlh="75088888" />
  <largest-consumer threadName="Default Executor-thread-5" threadId="000000000085D200" bytes="74738792" />
</allocation-stats>
<gc-op id="1962" type="scavenge" timems="53.181" contextid="1959" timestamp="2025-12-12T03:59:47.181">
  <scavenger-info tenureage="3" tenuremask="7f08" tiltratio="69" />
  <memory-copied type="nursery" objects="231968" bytes="24946584" bytesdiscarded="709808" />
  <memory-copied type="tenure" objects="295817" bytes="16344392" bytesdiscarded="10832" />
  <finalization candidates="3184" enqueued="3161" />
  <ownableSynchronizers candidates="299" cleared="35" />
  <references type="soft" candidates="894" cleared="0" enqueued="0" dynamicThreshold="9" maxThreshold="32" />
  <references type="weak" candidates="349" cleared="10" enqueued="10" />
  <references type="phantom" candidates="99" cleared="0" enqueued="0" />
  <object-monitors candidates="128" cleared="0"  />
</gc-op>
<heap-resize id="1963" type="expand" space="nursery" amount="13893632" count="1" timems="1.668" reason="excessive time being spent scavenging" timestamp="2025-12-12T03:59:47.183" />
<gc-end id="1964" type="scavenge" contextid="1959" durationms="57.757" usertimems="320.272" systemtimems="56.345" stalltimems="155.769" timestamp="2025-12-12T03:59:47.184" activeThreads="14">
  <mem-info id="1965" free="104589056" total="263454720" percent="39">
    <mem type="nursery" free="99251104" total="178257920" percent="55">
      <mem type="allocate" free="99251104" total="124911616" percent="79" />
      <mem type="survivor" free="0" total="53346304" percent="0" />
    </mem>
    <mem type="tenure" free="5337952" total="85196800" percent="6">
      <mem type="soa" free="1078112" total="80936960" percent="1" />
      <mem type="loa" free="4259840" total="4259840" percent="100" />
    </mem>
    <pending-finalizers system="0" default="3161" reference="10" classloader="0" />
    <remembered-set count="19489" />
  </mem-info>
</gc-end>
<cycle-end id="1966" type="scavenge" contextid="1959" timestamp="2025-12-12T03:59:47.186" />
<allocation-satisfied id="1967" threadId="000000000085D200" bytesRequested="15928" />
<af-end id="1968" timestamp="2025-12-12T03:59:47.187" threadId="000000000085DC78" success="true" from="nursery"/>
<exclusive-end id="1969" timestamp="2025-12-12T03:59:47.188" durationms="63.988" />

<concurrent-kickoff id="1970" timestamp="2025-12-12T03:59:47.417">
  <kickoff reason="threshold reached" targetBytes="43827155" thresholdFreeBytes="6069786"  remainingFree="5776288" tenureFreeBytes="5337952" nurseryFreeBytes="5776288" />
</concurrent-kickoff>
<exclusive-start id="1971" timestamp="2025-12-12T03:59:47.418" intervalms="294.567">
  <response-info timems="0.042" idlems="0.042" threads="0" lastid="000000000085D200" lastname="Default Executor-thread-5" />
</exclusive-start>
<cycle-start id="1972" type="global" contextid="0" timestamp="2025-12-12T03:59:47.419" intervalms="1601.488" />
<concurrent-start id="1973" type="global mark" contextid="1972" timestamp="2025-12-12T03:59:47.419">
</concurrent-start>
<exclusive-end id="1974" timestamp="2025-12-12T03:59:47.420" durationms="1.482" />

<exclusive-start id="1975" timestamp="2025-12-12T03:59:47.476" intervalms="57.608">
  <response-info timems="0.039" idlems="0.039" threads="0" lastid="000000000085D200" lastname="Default Executor-thread-5" />
</exclusive-start>
<af-start id="1976" threadId="000000000085DC78" totalBytesRequested="1032" timestamp="2025-12-12T03:59:47.476" intervalms="352.059" type="nursery" />
<cycle-start id="1977" type="scavenge" contextid="0" timestamp="2025-12-12T03:59:47.477" intervalms="351.757" />
<gc-start id="1978" type="scavenge" contextid="1977" timestamp="2025-12-12T03:59:47.477">
  <mem-info id="1979" free="5337952" total="263454720" percent="2">
    <mem type="nursery" free="0" total="178257920" percent="0">
      <mem type="allocate" free="0" total="124911616" percent="0" />
      <mem type="survivor" free="0" total="53346304" percent="0" />
    </mem>
    <mem type="tenure" free="5337952" total="85196800" percent="6">
      <mem type="soa" free="1078112" total="80936960" percent="1" />
      <mem type="loa" free="4259840" total="4259840" percent="100" />
    </mem>
    <remembered-set count="20247" />
  </mem-info>
</gc-start>
<allocation-stats totalBytes="99236152" discardedBytes="14952" >
  <allocated-bytes non-tlh="15928" tlh="99220224" />
  <largest-consumer threadName="Default Executor-thread-5" threadId="000000000085D200" bytes="99146040" />
</allocation-stats>
<gc-op id="1980" type="scavenge" timems="10.335" contextid="1977" timestamp="2025-12-12T03:59:47.489">
  <scavenger-info tenureage="8" tenuremask="7f00" tiltratio="70" />
  <memory-copied type="nursery" objects="217118" bytes="23607904" bytesdiscarded="473840" />
  <memory-copied type="tenure" objects="46705" bytes="2361920" bytesdiscarded="2592" />
  <finalization candidates="2970" enqueued="2970" />
  <ownableSynchronizers candidates="65" cleared="16" />
  <references type="soft" candidates="667" cleared="0" enqueued="0" dynamicThreshold="9" maxThreshold="32" />
  <references type="weak" candidates="387" cleared="73" enqueued="73" />
  <references type="phantom" candidates="184" cleared="0" enqueued="0" />
  <object-monitors candidates="128" cleared="0"  />
  <heap-resize type="expand" space="tenure" amount="1310720" count="4" timems="2.543" reason="continue current collection" />
</gc-op>
<gc-end id="1981" type="scavenge" contextid="1977" durationms="12.130" usertimems="83.050" systemtimems="0.000" stalltimems="86.301" timestamp="2025-12-12T03:59:47.490" activeThreads="18">
  <mem-info id="1982" free="112895704" total="264765440" percent="42">
    <mem type="nursery" free="108555000" total="178257920" percent="60">
      <mem type="allocate" free="108555000" total="132644864" percent="81" />
      <mem type="survivor" free="0" total="45613056" percent="0" />
    </mem>
    <mem type="tenure" free="4340704" total="86507520" percent="5">
      <mem type="soa" free="15328" total="82182144" percent="0" />
      <mem type="loa" free="4325376" total="4325376" percent="100" />
    </mem>
    <pending-finalizers system="0" default="2970" reference="73" classloader="0" />
    <remembered-set count="17331" />
  </mem-info>
</gc-end>
<cycle-end id="1983" type="scavenge" contextid="1977" timestamp="2025-12-12T03:59:47.490" />
<allocation-satisfied id="1984" threadId="000000000085D200" bytesRequested="1032" />
<af-end id="1985" timestamp="2025-12-12T03:59:47.491" threadId="000000000085DC78" success="true" from="nursery"/>
<exclusive-end id="1986" timestamp="2025-12-12T03:59:47.491" durationms="15.697" />

<concurrent-end id="1987" type="global mark" contextid="1972" timestamp="2025-12-12T03:59:47.492">
<gc-op id="1988" type="trace" timems="72.958" contextid="1972" timestamp="2025-12-12T03:59:47.492">
  <trace bytesTraced="51062288" workStackOverflowCount="0" />
  <card-cleaning reason="card cleaning threshold reached" bytesTraced="15596" cardsCleaned="36" />
</gc-op>
</concurrent-end>

<exclusive-start id="1989" timestamp="2025-12-12T03:59:47.492" intervalms="16.772">
  <response-info timems="0.041" idlems="0.041" threads="0" lastid="00000000011D3400" lastname="zip file reaper" />
</exclusive-start>
<concurrent-global-final id="1990" timestamp="2025-12-12T03:59:47.493" contextid="1972" intervalms="3812.776" >
  <concurrent-trace-info reason="card cleaning threshold reached" tracedByMutators="21799672" tracedByHelpers="29278212" cardsCleaned="36" workStackOverflowCount="0" />
</concurrent-global-final>
<gc-start id="1991" type="global" contextid="1972" timestamp="2025-12-12T03:59:47.493">
  <mem-info id="1992" free="111833808" total="264765440" percent="42">
    <mem type="nursery" free="107493104" total="178257920" percent="60">
      <mem type="allocate" free="107493104" total="132644864" percent="81" />
      <mem type="survivor" free="0" total="45613056" percent="0" />
    </mem>
    <mem type="tenure" free="4340704" total="86507520" percent="5">
      <mem type="soa" free="15328" total="82182144" percent="0" />
      <mem type="loa" free="4325376" total="4325376" percent="100" />
    </mem>
    <pending-finalizers system="0" default="1967" reference="0" classloader="0" />
    <remembered-set count="17349" />
  </mem-info>
</gc-start>
<allocation-stats totalBytes="1061752" discardedBytes="144" >
  <allocated-bytes non-tlh="1032" tlh="1060720" />
  <largest-consumer threadName="Default Executor-thread-5" threadId="000000000085D200" bytes="1053560" />
</allocation-stats>
<heap-resize id="1993" type="loa contract" space="tenure" amount="864256" count="1" timems="0.000" reason="contract underutilized loa" timestamp="2025-12-12T03:59:47.494" />
<gc-op id="1994" type="rs-scan" timems="5.600" contextid="1972" timestamp="2025-12-12T03:59:47.500">
  <scan objectsFound="245428" bytesTraced="17335476" workStackOverflowCount="0" />
</gc-op>
<gc-op id="1995" type="card-cleaning" timems="1.850" contextid="1972" timestamp="2025-12-12T03:59:47.502">
  <card-cleaning cardsCleaned="1641" bytesTraced="1285976" workStackOverflowCount="0" />
</gc-op>
<gc-op id="1996" type="mark" timems="7.611" contextid="1972" timestamp="2025-12-12T03:59:47.511">
  <trace-info objectcount="26313" scancount="19793" scanbytes="968976" />
  <finalization candidates="898" enqueued="0" />
  <ownableSynchronizers candidates="8897" cleared="6" />
  <references type="soft" candidates="14393" cleared="2" enqueued="2" dynamicThreshold="9" maxThreshold="32" />
  <references type="weak" candidates="15713" cleared="0" enqueued="0" />
  <references type="phantom" candidates="421" cleared="0" enqueued="0" />
  <stringconstants candidates="41066" cleared="3"  />
  <object-monitors candidates="128" cleared="1"  />
</gc-op>
<gc-op id="1997" type="sweep" timems="2.468" contextid="1972" timestamp="2025-12-12T03:59:47.514" />
<heap-resize id="1998" type="expand" space="tenure" amount="27590656" count="1" timems="1.041" reason="insufficient free space following gc" timestamp="2025-12-12T03:59:47.515" />
<heap-resize id="1999" type="loa contract" space="tenure" amount="3422208" count="1" timems="0.000" reason="contract to meet minimum soa" timestamp="2025-12-12T03:59:47.517" />
<gc-end id="2000" type="global" contextid="1972" durationms="23.695" usertimems="94.805" systemtimems="15.659" stalltimems="133.367" timestamp="2025-12-12T03:59:47.517" activeThreads="20">
  <mem-info id="2001" free="145654672" total="292356096" percent="49">
    <mem type="nursery" free="111380032" total="178257920" percent="62">
      <mem type="allocate" free="111380032" total="132644864" percent="83" />
      <mem type="survivor" free="0" total="45613056" percent="0" />
    </mem>
    <mem type="tenure" free="34274640" total="114098176" percent="30" micro-fragmented="1942251" macro-fragmented="0">
      <mem type="soa" free="33132880" total="112956416" percent="29" />
      <mem type="loa" free="1141760" total="1141760" percent="100" />
    </mem>
    <pending-finalizers system="0" default="1967" reference="2" classloader="0" />
    <remembered-set count="17318" />
  </mem-info>
</gc-end>
<cycle-end id="2002" type="global" contextid="1972" timestamp="2025-12-12T03:59:47.518" />
<exclusive-end id="2003" timestamp="2025-12-12T03:59:47.518" durationms="25.590" />

<exclusive-start id="2004" timestamp="2025-12-12T03:59:47.778" intervalms="285.767">
  <response-info timems="0.040" idlems="0.040" threads="0" lastid="000000000085D200" lastname="Default Executor-thread-5" />
</exclusive-start>
<af-start id="2005" threadId="000000000085DC78" totalBytesRequested="16" timestamp="2025-12-12T03:59:47.779" intervalms="302.370" type="nursery" />
<cycle-start id="2006" type="scavenge" contextid="0" timestamp="2025-12-12T03:59:47.779" intervalms="302.355" />
<gc-start id="2007" type="scavenge" contextid="2006" timestamp="2025-12-12T03:59:47.780">
  <mem-info id="2008" free="34271832" total="292356096" percent="11">
    <mem type="nursery" free="0" total="178257920" percent="0">
      <mem type="allocate" free="0" total="132644864" percent="0" />
      <mem type="survivor" free="0" total="45613056" percent="0" />
    </mem>
    <mem type="tenure" free="34271832" total="114098176" percent="30">
      <mem type="soa" free="33130072" total="112956416" percent="29" />
      <mem type="loa" free="1141760" total="1141760" percent="100" />
    </mem>
    <remembered-set count="17767" />
  </mem-info>
</gc-start>
<allocation-stats totalBytes="111349448" discardedBytes="32376" >
  <allocated-bytes non-tlh="89472" tlh="111259976" />
  <largest-consumer threadName="Default Executor-thread-5" threadId="000000000085D200" bytes="110996816" />
</allocation-stats>
<gc-op id="2009" type="scavenge" timems="7.247" contextid="2006" timestamp="2025-12-12T03:59:47.788">
  <scavenger-info tenureage="8" tenuremask="7f00" tiltratio="74" />
  <memory-copied type="nursery" objects="148155" bytes="11280336" bytesdiscarded="539344" />
  <memory-copied type="tenure" objects="36751" bytes="2622624" bytesdiscarded="6528" />
  <finalization candidates="4" enqueued="4" />
  <ownableSynchronizers candidates="17804" cleared="17754" />
  <references type="soft" candidates="476" cleared="0" enqueued="0" dynamicThreshold="9" maxThreshold="32" />
  <references type="weak" candidates="320" cleared="55" enqueued="55" />
  <references type="phantom" candidates="148" cleared="0" enqueued="0" />
  <object-monitors candidates="127" cleared="0"  />
</gc-op>
<gc-end id="2010" type="scavenge" contextid="2006" durationms="8.965" usertimems="46.472" systemtimems="3.088" stalltimems="52.076" timestamp="2025-12-12T03:59:47.789" activeThreads="16">
  <mem-info id="2011" free="155027072" total="292356096" percent="53">
    <mem type="nursery" free="124100768" total="178257920" percent="69">
      <mem type="allocate" free="124100768" total="135921664" percent="91" />
      <mem type="survivor" free="0" total="42336256" percent="0" />
    </mem>
    <mem type="tenure" free="30926304" total="114098176" percent="27">
      <mem type="soa" free="29784544" total="112956416" percent="26" />
      <mem type="loa" free="1141760" total="1141760" percent="100" />
    </mem>
    <pending-finalizers system="0" default="4" reference="55" classloader="0" />
    <remembered-set count="10857" />
  </mem-info>
</gc-end>
<cycle-end id="2012" type="scavenge" contextid="2006" timestamp="2025-12-12T03:59:47.789" />
<allocation-satisfied id="2013" threadId="000000000085D200" bytesRequested="16" />
<af-end id="2014" timestamp="2025-12-12T03:59:47.790" threadId="000000000085DC78" success="true" from="nursery"/>
<exclusive-end id="2015" timestamp="2025-12-12T03:59:47.791" durationms="12.641" />

<exclusive-start id="2016" timestamp="2025-12-12T03:59:48.664" intervalms="885.416">
  <response-info timems="0.057" idlems="0.057" threads="0" lastid="000000000085C500" lastname="Default Executor-thread-4" />
</exclusive-start>
<af-start id="2017" threadId="000000000085CF78" totalBytesRequested="32" timestamp="2025-12-12T03:59:48.664" intervalms="885.588" type="nursery" />
<cycle-start id="2018" type="scavenge" contextid="0" timestamp="2025-12-12T03:59:48.665" intervalms="885.741" />
<gc-start id="2019" type="scavenge" contextid="2018" timestamp="2025-12-12T03:59:48.666">
  <mem-info id="2020" free="30897672" total="292356096" percent="10">
    <mem type="nursery" free="0" total="178257920" percent="0">
      <mem type="allocate" free="0" total="135921664" percent="0" />
      <mem type="survivor" free="0" total="42336256" percent="0" />
    </mem>
    <mem type="tenure" free="30897672" total="114098176" percent="27">
      <mem type="soa" free="29755912" total="112956416" percent="26" />
      <mem type="loa" free="1141760" total="1141760" percent="100" />
    </mem>
    <remembered-set count="12070" />
  </mem-info>
</gc-start>
<allocation-stats totalBytes="124113792" discardedBytes="15608" >
  <allocated-bytes non-tlh="28648" tlh="124085144" />
  <largest-consumer threadName="Default Executor-thread-5" threadId="000000000085D200" bytes="96756792" />
</allocation-stats>
<gc-op id="2021" type="scavenge" timems="14.027" contextid="2018" timestamp="2025-12-12T03:59:48.681">
  <scavenger-info tenureage="9" tenuremask="7e00" tiltratio="76" />
  <memory-copied type="nursery" objects="307196" bytes="18039200" bytesdiscarded="219800" />
  <finalization candidates="576" enqueued="576" />
  <ownableSynchronizers candidates="10082" cleared="9922" />
  <references type="soft" candidates="636" cleared="0" enqueued="0" dynamicThreshold="9" maxThreshold="32" />
  <references type="weak" candidates="836" cleared="432" enqueued="432" />
  <references type="phantom" candidates="724" cleared="568" enqueued="568" />
  <object-monitors candidates="130" cleared="0"  />
</gc-op>
<gc-end id="2022" type="scavenge" contextid="2018" durationms="16.245" usertimems="83.646" systemtimems="15.318" stalltimems="93.729" timestamp="2025-12-12T03:59:48.682" activeThreads="14">
  <mem-info id="2023" free="150813208" total="292356096" percent="51">
    <mem type="nursery" free="119915536" total="178257920" percent="67">
      <mem type="allocate" free="119915536" total="138215424" percent="86" />
      <mem type="survivor" free="0" total="40042496" percent="0" />
    </mem>
    <mem type="tenure" free="30897672" total="114098176" percent="27">
      <mem type="soa" free="29755912" total="112956416" percent="26" />
      <mem type="loa" free="1141760" total="1141760" percent="100" />
    </mem>
    <pending-finalizers system="0" default="576" reference="1000" classloader="0" />
    <remembered-set count="11817" />
  </mem-info>
</gc-end>
<cycle-end id="2024" type="scavenge" contextid="2018" timestamp="2025-12-12T03:59:48.683" />
<allocation-satisfied id="2025" threadId="000000000085C500" bytesRequested="32" />
<af-end id="2026" timestamp="2025-12-12T03:59:48.684" threadId="000000000085CF78" success="true" from="nursery"/>
<exclusive-end id="2027" timestamp="2025-12-12T03:59:48.685" durationms="21.112" />

<exclusive-start id="2028" timestamp="2025-12-12T03:59:49.598" intervalms="934.281">
  <response-info timems="0.069" idlems="0.069" threads="0" lastid="000000000085C500" lastname="Default Executor-thread-4" />
</exclusive-start>
<af-start id="2029" threadId="000000000085CF78" totalBytesRequested="24" timestamp="2025-12-12T03:59:49.598" intervalms="934.241" type="nursery" />
<cycle-start id="2030" type="scavenge" contextid="0" timestamp="2025-12-12T03:59:49.599" intervalms="934.073" />
<gc-start id="2031" type="scavenge" contextid="2030" timestamp="2025-12-12T03:59:49.600">
  <mem-info id="2032" free="30683992" total="292356096" percent="10">
    <mem type="nursery" free="0" total="178257920" percent="0">
      <mem type="allocate" free="0" total="138215424" percent="0" />
      <mem type="survivor" free="0" total="40042496" percent="0" />
    </mem>
    <mem type="tenure" free="30683992" total="114098176" percent="26">
      <mem type="soa" free="29542232" total="112956416" percent="26" />
      <mem type="loa" free="1141760" total="1141760" percent="100" />
    </mem>
    <remembered-set count="18458" />
  </mem-info>
</gc-start>
<allocation-stats totalBytes="120091024" discardedBytes="38192" >
  <allocated-bytes non-tlh="711128" tlh="119379896" />
  <largest-consumer threadName="Default Executor-thread-4" threadId="000000000085C500" bytes="71216920" />
</allocation-stats>
<gc-op id="2033" type="scavenge" timems="10.742" contextid="2030" timestamp="2025-12-12T03:59:49.611">
  <scavenger-info tenureage="6" tenuremask="7f40" tiltratio="77" />
  <memory-copied type="nursery" objects="219261" bytes="14689336" bytesdiscarded="336800" />
  <memory-copied type="tenure" objects="77131" bytes="5324560" bytesdiscarded="4544" />
  <finalization candidates="586" enqueued="586" />
  <ownableSynchronizers candidates="12141" cleared="11892" />
  <references type="soft" candidates="475" cleared="0" enqueued="0" dynamicThreshold="9" maxThreshold="32" />
  <references type="weak" candidates="2018" cleared="1511" enqueued="1499" />
  <references type="phantom" candidates="590" cleared="441" enqueued="441" />
  <object-monitors candidates="160" cleared="6"  />
</gc-op>
<gc-end id="2034" type="scavenge" contextid="2030" durationms="12.264" usertimems="72.232" systemtimems="5.912" stalltimems="48.230" timestamp="2025-12-12T03:59:49.612" activeThreads="13">
  <mem-info id="2035" free="151825856" total="292356096" percent="51">
    <mem type="nursery" free="126698320" total="178257920" percent="71">
      <mem type="allocate" free="126698320" total="141754368" percent="89" />
      <mem type="survivor" free="0" total="36503552" percent="0" />
    </mem>
    <mem type="tenure" free="25127536" total="114098176" percent="22">
      <mem type="soa" free="23985776" total="112956416" percent="21" />
      <mem type="loa" free="1141760" total="1141760" percent="100" />
    </mem>
    <pending-finalizers system="74" default="512" reference="1940" classloader="0" />
    <remembered-set count="9107" />
  </mem-info>
</gc-end>
<cycle-end id="2036" type="scavenge" contextid="2030" timestamp="2025-12-12T03:59:49.612" />
<allocation-satisfied id="2037" threadId="000000000085C500" bytesRequested="24" />
<af-end id="2038" timestamp="2025-12-12T03:59:49.613" threadId="000000000085CF78" success="true" from="nursery"/>
<exclusive-end id="2039" timestamp="2025-12-12T03:59:49.613" durationms="15.363" />

<exclusive-start id="2040" timestamp="2025-12-12T03:59:51.734" intervalms="2135.686">
  <response-info timems="0.084" idlems="0.084" threads="0" lastid="00000000018D4000" lastname="Connection worker" />
</exclusive-start>
<af-start id="2041" threadId="00000000018D4A78" totalBytesRequested="17328" timestamp="2025-12-12T03:59:51.734" intervalms="2135.868" type="nursery" />
<cycle-start id="2042" type="scavenge" contextid="0" timestamp="2025-12-12T03:59:51.736" intervalms="2136.852" />
<gc-start id="2043" type="scavenge" contextid="2042" timestamp="2025-12-12T03:59:51.737">
  <mem-info id="2044" free="24497248" total="292356096" percent="8">
    <mem type="nursery" free="0" total="178257920" percent="0">
      <mem type="allocate" free="0" total="141754368" percent="0" />
      <mem type="survivor" free="0" total="36503552" percent="0" />
    </mem>
    <mem type="tenure" free="24497248" total="114098176" percent="21">
      <mem type="soa" free="23355488" total="112956416" percent="20" />
      <mem type="loa" free="1141760" total="1141760" percent="100" />
    </mem>
    <remembered-set count="16707" />
  </mem-info>
</gc-start>
<allocation-stats totalBytes="127273080" discardedBytes="55528" >
  <allocated-bytes non-tlh="8562248" tlh="118710832" />
  <largest-consumer threadName="Connection worker" threadId="00000000018D4000" bytes="95695624" />
</allocation-stats>
<gc-op id="2045" type="scavenge" timems="13.180" contextid="2042" timestamp="2025-12-12T03:59:51.751">
  <scavenger-info tenureage="9" tenuremask="7e00" tiltratio="79" />
  <memory-copied type="nursery" objects="266675" bytes="26994368" bytesdiscarded="388736" />
  <finalization candidates="573" enqueued="568" />
  <ownableSynchronizers candidates="520" cleared="211" />
  <references type="soft" candidates="1683" cleared="0" enqueued="0" dynamicThreshold="9" maxThreshold="32" />
  <references type="weak" candidates="7155" cleared="6106" enqueued="6039" />
  <references type="phantom" candidates="1202" cleared="49" enqueued="49" />
  <object-monitors candidates="165" cleared="0"  />
</gc-op>
<gc-end id="2046" type="scavenge" contextid="2042" durationms="15.464" usertimems="73.616" systemtimems="17.251" stalltimems="64.060" timestamp="2025-12-12T03:59:51.752" activeThreads="13">
  <mem-info id="2047" free="129022928" total="292356096" percent="44">
    <mem type="nursery" free="104525680" total="178257920" percent="58">
      <mem type="allocate" free="104525680" total="131923968" percent="79" />
      <mem type="survivor" free="0" total="46333952" percent="0" />
    </mem>
    <mem type="tenure" free="24497248" total="114098176" percent="21">
      <mem type="soa" free="23355488" total="112956416" percent="20" />
      <mem type="loa" free="1141760" total="1141760" percent="100" />
    </mem>
    <pending-finalizers system="96" default="472" reference="6088" classloader="0" />
    <remembered-set count="15868" />
  </mem-info>
</gc-end>
<cycle-end id="2048" type="scavenge" contextid="2042" timestamp="2025-12-12T03:59:51.753" />
<allocation-satisfied id="2049" threadId="00000000018D4000" bytesRequested="17328" />
<af-end id="2050" timestamp="2025-12-12T03:59:51.755" threadId="00000000018D4A78" success="true" from="nursery"/>
<exclusive-end id="2051" timestamp="2025-12-12T03:59:51.755" durationms="21.646" />

<exclusive-start id="2052" timestamp="2025-12-12T04:00:15.496" intervalms="23762.424">
  <response-info timems="0.143" idlems="0.143" threads="0" lastid="0000000001900400" lastname="Default Executor-thread-8" />
</exclusive-start>
<af-start id="2053" threadId="0000000001900E78" totalBytesRequested="13224" timestamp="2025-12-12T04:00:15.497" intervalms="23762.404" type="nursery" />
<cycle-start id="2054" type="scavenge" contextid="0" timestamp="2025-12-12T04:00:15.498" intervalms="23761.809" />
<gc-start id="2055" type="scavenge" contextid="2054" timestamp="2025-12-12T04:00:15.499">
  <mem-info id="2056" free="23940096" total="292356096" percent="8">
    <mem type="nursery" free="0" total="178257920" percent="0">
      <mem type="allocate" free="0" total="131923968" percent="0" />
      <mem type="survivor" free="0" total="46333952" percent="0" />
    </mem>
    <mem type="tenure" free="23940096" total="114098176" percent="20">
      <mem type="soa" free="22798336" total="112956416" percent="20" />
      <mem type="loa" free="1141760" total="1141760" percent="100" />
    </mem>
    <remembered-set count="53354" />
  </mem-info>
</gc-start>
<allocation-stats totalBytes="104807160" discardedBytes="275672" >
  <allocated-bytes non-tlh="3098592" tlh="101708568" />
  <largest-consumer threadName="Default Executor-thread-8" threadId="0000000001900400" bytes="57381088" />
</allocation-stats>
<gc-op id="2057" type="scavenge" timems="14.922" contextid="2054" timestamp="2025-12-12T04:00:15.515">
  <scavenger-info tenureage="9" tenuremask="7e00" tiltratio="74" />
  <memory-copied type="nursery" objects="332663" bytes="28187272" bytesdiscarded="260376" />
  <finalization candidates="183" enqueued="174" />
  <ownableSynchronizers candidates="2116" cleared="1766" />
  <references type="soft" candidates="1929" cleared="0" enqueued="0" dynamicThreshold="9" maxThreshold="32" />
  <references type="weak" candidates="3640" cleared="2134" enqueued="2127" />
  <references type="phantom" candidates="1515" cleared="303" enqueued="303" />
  <object-monitors candidates="165" cleared="1"  />
</gc-op>
<gc-end id="2058" type="scavenge" contextid="2054" durationms="49.703" usertimems="120.215" systemtimems="9.056" stalltimems="52.928" timestamp="2025-12-12T04:00:15.548" activeThreads="12">
  <mem-info id="2059" free="135326528" total="292356096" percent="46">
    <mem type="nursery" free="111386432" total="178257920" percent="62">
      <mem type="allocate" free="111386432" total="139853824" percent="79" />
      <mem type="survivor" free="0" total="38404096" percent="0" />
    </mem>
    <mem type="tenure" free="23940096" total="114098176" percent="20" macro-fragmented="19260884">
      <mem type="soa" free="22798336" total="112956416" percent="20" />
      <mem type="loa" free="1141760" total="1141760" percent="100" />
    </mem>
    <pending-finalizers system="173" default="1" reference="2430" classloader="0" />
    <remembered-set count="39942" />
  </mem-info>
</gc-end>
<cycle-end id="2060" type="scavenge" contextid="2054" timestamp="2025-12-12T04:00:15.549" />
<allocation-satisfied id="2061" threadId="0000000001900400" bytesRequested="13224" />
<af-end id="2062" timestamp="2025-12-12T04:00:15.550" threadId="0000000001900E78" success="true" from="nursery"/>
<exclusive-end id="2063" timestamp="2025-12-12T04:00:15.551" durationms="54.896" />

<exclusive-start id="2064" timestamp="2025-12-12T04:00:18.481" intervalms="2984.518">
  <response-info timems="0.069" idlems="0.069" threads="0" lastid="000000000188F500" lastname="Default Executor-thread-28" />
</exclusive-start>
<af-start id="2065" threadId="000000000188FF78" totalBytesRequested="1040" timestamp="2025-12-12T04:00:18.481" intervalms="2984.445" type="nursery" />
<cycle-start id="2066" type="scavenge" contextid="0" timestamp="2025-12-12T04:00:18.482" intervalms="2984.359" />
<gc-start id="2067" type="scavenge" contextid="2066" timestamp="2025-12-12T04:00:18.483">
  <mem-info id="2068" free="23619856" total="292356096" percent="8">
    <mem type="nursery" free="0" total="178257920" percent="0">
      <mem type="allocate" free="0" total="139853824" percent="0" />
      <mem type="survivor" free="0" total="38404096" percent="0" />
    </mem>
    <mem type="tenure" free="23619856" total="114098176" percent="20">
      <mem type="soa" free="22478096" total="112956416" percent="19" />
      <mem type="loa" free="1141760" total="1141760" percent="100" />
    </mem>
    <remembered-set count="45526" />
  </mem-info>
</gc-start>
<allocation-stats totalBytes="111223224" discardedBytes="483448" >
  <allocated-bytes non-tlh="497344" tlh="110725880" />
  <largest-consumer threadName="Default Executor-thread-28" threadId="000000000188F500" bytes="49102840" />
</allocation-stats>
<gc-op id="2069" type="scavenge" timems="15.649" contextid="2066" timestamp="2025-12-12T04:00:18.500">
  <scavenger-info tenureage="4" tenuremask="7e10" tiltratio="78" />
  <memory-copied type="nursery" objects="285756" bytes="25863752" bytesdiscarded="236824" />
  <memory-copied type="tenure" objects="67789" bytes="3832640" bytesdiscarded="3608" />
  <finalization candidates="167" enqueued="158" />
  <ownableSynchronizers candidates="713" cleared="331" />
  <references type="soft" candidates="2251" cleared="0" enqueued="0" dynamicThreshold="9" maxThreshold="32" />
  <references type="weak" candidates="3345" cleared="1317" enqueued="1309" />
  <references type="phantom" candidates="1569" cleared="250" enqueued="250" />
  <object-monitors candidates="217" cleared="40"  />
</gc-op>
<gc-end id="2070" type="scavenge" contextid="2066" durationms="31.892" usertimems="99.541" systemtimems="9.972" stalltimems="72.513" timestamp="2025-12-12T04:00:18.515" activeThreads="13">
  <mem-info id="2071" free="134049152" total="292356096" percent="45">
    <mem type="nursery" free="114394712" total="178257920" percent="64">
      <mem type="allocate" free="114394712" total="140509184" percent="81" />
      <mem type="survivor" free="0" total="37748736" percent="0" />
    </mem>
    <mem type="tenure" free="19654440" total="114098176" percent="17" macro-fragmented="13375613">
      <mem type="soa" free="18512680" total="112956416" percent="16" />
      <mem type="loa" free="1141760" total="1141760" percent="100" />
    </mem>
    <pending-finalizers system="93" default="65" reference="1559" classloader="0" />
    <remembered-set count="40498" />
  </mem-info>
</gc-end>
<cycle-end id="2072" type="scavenge" contextid="2066" timestamp="2025-12-12T04:00:18.516" />
<allocation-satisfied id="2073" threadId="000000000188F500" bytesRequested="1040" />
<af-end id="2074" timestamp="2025-12-12T04:00:18.517" threadId="000000000188FF78" success="true" from="nursery"/>
<exclusive-end id="2075" timestamp="2025-12-12T04:00:18.518" durationms="37.150" />

<exclusive-start id="2076" timestamp="2025-12-12T04:00:20.196" intervalms="1715.258">
  <response-info timems="0.058" idlems="0.058" threads="0" lastid="0000000001825D00" lastname="Default Executor-thread-22" />
</exclusive-start>
<af-start id="2077" threadId="0000000001826778" totalBytesRequested="24" timestamp="2025-12-12T04:00:20.196" intervalms="1714.939" type="nursery" />
<cycle-start id="2078" type="scavenge" contextid="0" timestamp="2025-12-12T04:00:20.197" intervalms="1714.613" />
<gc-start id="2079" type="scavenge" contextid="2078" timestamp="2025-12-12T04:00:20.197">
  <mem-info id="2080" free="19336696" total="292356096" percent="6">
    <mem type="nursery" free="0" total="178257920" percent="0">
      <mem type="allocate" free="0" total="140509184" percent="0" />
      <mem type="survivor" free="0" total="37748736" percent="0" />
    </mem>
    <mem type="tenure" free="19336696" total="114098176" percent="16">
      <mem type="soa" free="18194936" total="112956416" percent="16" />
      <mem type="loa" free="1141760" total="1141760" percent="100" />
    </mem>
    <remembered-set count="45632" />
  </mem-info>
</gc-start>
<allocation-stats totalBytes="114667752" discardedBytes="44704" >
  <allocated-bytes non-tlh="318784" tlh="114348968" />
  <largest-consumer threadName="Default Executor-thread-28" threadId="000000000188F500" bytes="37262704" />
</allocation-stats>
<gc-op id="2081" type="scavenge" timems="15.936" contextid="2078" timestamp="2025-12-12T04:00:20.214">
  <scavenger-info tenureage="3" tenuremask="7f08" tiltratio="78" />
  <memory-copied type="nursery" objects="233379" bytes="13494464" bytesdiscarded="666920" />
  <memory-copied type="tenure" objects="122220" bytes="17007744" bytesdiscarded="9608" />
  <finalization candidates="634" enqueued="624" />
  <ownableSynchronizers candidates="792" cleared="374" />
  <references type="soft" candidates="2371" cleared="0" enqueued="0" dynamicThreshold="9" maxThreshold="32" />
  <references type="weak" candidates="4489" cleared="2438" enqueued="2427" />
  <references type="phantom" candidates="663" cleared="331" enqueued="331" />
  <object-monitors candidates="181" cleared="2"  />
</gc-op>
<gc-end id="2082" type="scavenge" contextid="2078" durationms="17.596" usertimems="103.397" systemtimems="22.663" stalltimems="37.973" timestamp="2025-12-12T04:00:20.215" activeThreads="13">
  <mem-info id="2083" free="130139504" total="292356096" percent="44">
    <mem type="nursery" free="127449296" total="178257920" percent="71">
      <mem type="allocate" free="127449296" total="141623296" percent="89" />
      <mem type="survivor" free="0" total="36634624" percent="0" />
    </mem>
    <mem type="tenure" free="2690208" total="114098176" percent="2" macro-fragmented="0">
      <mem type="soa" free="1548448" total="112956416" percent="1" />
      <mem type="loa" free="1141760" total="1141760" percent="100" />
    </mem>
    <pending-finalizers system="271" default="353" reference="2758" classloader="0" />
    <remembered-set count="36988" />
  </mem-info>
</gc-end>
<cycle-end id="2084" type="scavenge" contextid="2078" timestamp="2025-12-12T04:00:20.216" />
<allocation-satisfied id="2085" threadId="0000000001825D00" bytesRequested="24" />
<af-end id="2086" timestamp="2025-12-12T04:00:20.216" threadId="0000000001826778" success="true" from="nursery"/>
<exclusive-end id="2087" timestamp="2025-12-12T04:00:20.217" durationms="20.926" />

<concurrent-kickoff id="2088" timestamp="2025-12-12T04:00:20.724">
  <kickoff reason="threshold reached" targetBytes="60382225" thresholdFreeBytes="8351790"  remainingFree="7911608" tenureFreeBytes="2604440" nurseryFreeBytes="7911608" />
</concurrent-kickoff>
<exclusive-start id="2089" timestamp="2025-12-12T04:00:20.725" intervalms="529.534">
  <response-info timems="0.052" idlems="0.052" threads="0" lastid="0000000001932800" lastname="Default Executor-thread-34" />
</exclusive-start>
<cycle-start id="2090" type="global" contextid="0" timestamp="2025-12-12T04:00:20.726" intervalms="33307.252" />
<concurrent-start id="2091" type="global mark" contextid="2090" timestamp="2025-12-12T04:00:20.726">
</concurrent-start>
<exclusive-end id="2092" timestamp="2025-12-12T04:00:20.726" durationms="1.137" />

<concurrent-end id="2093" type="global mark" contextid="2090" timestamp="2025-12-12T04:00:21.087">
<gc-op id="2094" type="trace" timems="360.349" contextid="2090" timestamp="2025-12-12T04:00:21.087">
  <trace bytesTraced="62290044" workStackOverflowCount="0" />
  <card-cleaning reason="card cleaning threshold reached" bytesTraced="71332" cardsCleaned="225" />
</gc-op>
</concurrent-end>

<exclusive-start id="2095" timestamp="2025-12-12T04:00:21.087" intervalms="361.967">
  <response-info timems="0.053" idlems="0.053" threads="0" lastid="0000000001932800" lastname="Default Executor-thread-34" />
</exclusive-start>
<concurrent-global-final id="2096" timestamp="2025-12-12T04:00:21.088" contextid="2090" intervalms="33594.960" >
  <concurrent-trace-info reason="card cleaning threshold reached" tracedByMutators="6981092" tracedByHelpers="55380284" cardsCleaned="225" workStackOverflowCount="0" />
</concurrent-global-final>
<gc-start id="2097" type="global" contextid="2090" timestamp="2025-12-12T04:00:21.089">
  <mem-info id="2098" free="5311120" total="292356096" percent="1">
    <mem type="nursery" free="2734264" total="178257920" percent="1">
      <mem type="allocate" free="2734264" total="141623296" percent="1" />
      <mem type="survivor" free="0" total="36634624" percent="0" />
    </mem>
    <mem type="tenure" free="2576856" total="114098176" percent="2">
      <mem type="soa" free="1435096" total="112956416" percent="1" />
      <mem type="loa" free="1141760" total="1141760" percent="100" />
    </mem>
    <remembered-set count="39039" />
  </mem-info>
</gc-start>
<allocation-stats totalBytes="124604928" discardedBytes="223456" >
  <allocated-bytes non-tlh="113376" tlh="124491552" />
  <largest-consumer threadName="Default Executor-thread-16" threadId="0000000001935800" bytes="41766912" />
</allocation-stats>
<gc-op id="2099" type="rs-scan" timems="3.891" contextid="2090" timestamp="2025-12-12T04:00:21.093">
  <scan objectsFound="176691" bytesTraced="9289156" workStackOverflowCount="0" />
</gc-op>
<gc-op id="2100" type="card-cleaning" timems="1.043" contextid="2090" timestamp="2025-12-12T04:00:21.095">
  <card-cleaning cardsCleaned="7" bytesTraced="1980" workStackOverflowCount="0" />
</gc-op>
<gc-op id="2101" type="mark" timems="15.056" contextid="2090" timestamp="2025-12-12T04:00:21.110">
  <trace-info objectcount="24139" scancount="21673" scanbytes="679148" />
  <finalization candidates="970" enqueued="62" />
  <ownableSynchronizers candidates="9652" cleared="162" />
  <references type="soft" candidates="18405" cleared="0" enqueued="0" dynamicThreshold="9" maxThreshold="32" />
  <references type="weak" candidates="19244" cleared="918" enqueued="911" />
  <references type="phantom" candidates="1525" cleared="44" enqueued="44" />
  <stringconstants candidates="55295" cleared="143"  />
  <object-monitors candidates="183" cleared="6"  />
</gc-op>
<gc-op id="2102" type="classunload" timems="1.736" contextid="2090" timestamp="2025-12-12T04:00:21.112">
  <classunload-info classloadercandidates="506" classloadersunloaded="10" classesunloaded="2" anonymousclassesunloaded="0" quiescems="0.000" setupms="1.693" scanms="0.021" postms="0.020" />
</gc-op>
<gc-op id="2103" type="sweep" timems="2.517" contextid="2090" timestamp="2025-12-12T04:00:21.115" />
<heap-resize id="2104" type="expand" space="tenure" amount="29097984" count="1" timems="1.104" reason="insufficient free space following gc" timestamp="2025-12-12T04:00:21.117" />
<gc-end id="2105" type="global" contextid="2090" durationms="28.864" usertimems="92.932" systemtimems="21.501" stalltimems="254.729" timestamp="2025-12-12T04:00:21.118" activeThreads="20">
  <mem-info id="2106" free="173356920" total="321454080" percent="53">
    <mem type="nursery" free="130368064" total="178257920" percent="73">
      <mem type="allocate" free="130368064" total="141623296" percent="92" />
      <mem type="survivor" free="0" total="36634624" percent="0" />
    </mem>
    <mem type="tenure" free="42988856" total="143196160" percent="30" micro-fragmented="3125088" macro-fragmented="0">
      <mem type="soa" free="41556280" total="141763584" percent="29" />
      <mem type="loa" free="1432576" total="1432576" percent="100" />
    </mem>
    <pending-finalizers system="62" default="0" reference="955" classloader="0" />
    <remembered-set count="33775" />
  </mem-info>
</gc-end>
<cycle-end id="2107" type="global" contextid="2090" timestamp="2025-12-12T04:00:21.118" />
<exclusive-end id="2108" timestamp="2025-12-12T04:00:21.119" durationms="31.494" />

<exclusive-start id="2109" timestamp="2025-12-12T04:00:36.304" intervalms="15216.821">
  <response-info timems="0.054" idlems="0.054" threads="0" lastid="0000000001908E00" lastname="Default Executor-thread-13" />
</exclusive-start>
<af-start id="2110" threadId="0000000001909878" totalBytesRequested="24" timestamp="2025-12-12T04:00:36.305" intervalms="16108.467" type="nursery" />
<cycle-start id="2111" type="scavenge" contextid="0" timestamp="2025-12-12T04:00:36.305" intervalms="16108.499" />
<gc-start id="2112" type="scavenge" contextid="2111" timestamp="2025-12-12T04:00:36.306">
  <mem-info id="2113" free="42898256" total="321454080" percent="13">
    <mem type="nursery" free="0" total="178257920" percent="0">
      <mem type="allocate" free="0" total="141623296" percent="0" />
      <mem type="survivor" free="0" total="36634624" percent="0" />
    </mem>
    <mem type="tenure" free="42898256" total="143196160" percent="29">
      <mem type="soa" free="41465680" total="141763584" percent="29" />
      <mem type="loa" free="1432576" total="1432576" percent="100" />
    </mem>
    <remembered-set count="35712" />
  </mem-info>
</gc-start>
<allocation-stats totalBytes="130273944" discardedBytes="165800" >
  <allocated-bytes non-tlh="2269280" tlh="128004664" />
  <largest-consumer threadName="Default Executor-thread-25" threadId="0000000001991900" bytes="92018080" />
</allocation-stats>
<gc-op id="2114" type="scavenge" timems="26.337" contextid="2111" timestamp="2025-12-12T04:00:36.333">
  <scavenger-info tenureage="10" tenuremask="7c00" tiltratio="79" />
  <memory-copied type="nursery" objects="305809" bytes="13860704" bytesdiscarded="293008" />
  <finalization candidates="138" enqueued="132" />
  <ownableSynchronizers candidates="22233" cleared="21590" />
  <references type="soft" candidates="3099" cleared="0" enqueued="0" dynamicThreshold="9" maxThreshold="32" />
  <references type="weak" candidates="3685" cleared="655" enqueued="650" />
  <references type="phantom" candidates="362" cleared="12" enqueued="12" />
  <object-monitors candidates="184" cleared="1"  />
</gc-op>
<gc-end id="2115" type="scavenge" contextid="2111" durationms="44.599" usertimems="68.830" systemtimems="5.422" stalltimems="313.134" timestamp="2025-12-12T04:00:36.350" activeThreads="16">
  <mem-info id="2116" free="174140776" total="321454080" percent="54">
    <mem type="nursery" free="131242520" total="178257920" percent="73">
      <mem type="allocate" free="131242520" total="145424384" percent="90" />
      <mem type="survivor" free="0" total="32833536" percent="0" />
    </mem>
    <mem type="tenure" free="42898256" total="143196160" percent="29" macro-fragmented="27735676">
      <mem type="soa" free="41465680" total="141763584" percent="29" />
      <mem type="loa" free="1432576" total="1432576" percent="100" />
    </mem>
    <pending-finalizers system="20" default="112" reference="662" classloader="0" />
    <remembered-set count="32045" />
  </mem-info>
</gc-end>
<cycle-end id="2117" type="scavenge" contextid="2111" timestamp="2025-12-12T04:00:36.351" />
<allocation-satisfied id="2118" threadId="0000000001908E00" bytesRequested="24" />
<af-end id="2119" timestamp="2025-12-12T04:00:36.353" threadId="0000000001909878" success="true" from="nursery"/>
<exclusive-end id="2120" timestamp="2025-12-12T04:00:36.354" durationms="49.536" />

<exclusive-start id="2121" timestamp="2025-12-12T04:00:38.540" intervalms="2235.745">
  <response-info timems="0.056" idlems="0.056" threads="0" lastid="00000000018DFA00" lastname="Default Executor-thread-38" />
</exclusive-start>
<af-start id="2122" threadId="00000000018E0478" totalBytesRequested="24" timestamp="2025-12-12T04:00:38.540" intervalms="2235.825" type="nursery" />
<cycle-start id="2123" type="scavenge" contextid="0" timestamp="2025-12-12T04:00:38.541" intervalms="2235.966" />
<gc-start id="2124" type="scavenge" contextid="2123" timestamp="2025-12-12T04:00:38.542">
  <mem-info id="2125" free="42674720" total="321454080" percent="13">
    <mem type="nursery" free="0" total="178257920" percent="0">
      <mem type="allocate" free="0" total="145424384" percent="0" />
      <mem type="survivor" free="0" total="32833536" percent="0" />
    </mem>
    <mem type="tenure" free="42674720" total="143196160" percent="29">
      <mem type="soa" free="41242144" total="141763584" percent="29" />
      <mem type="loa" free="1432576" total="1432576" percent="100" />
    </mem>
    <remembered-set count="36521" />
  </mem-info>
</gc-start>
<allocation-stats totalBytes="131289168" discardedBytes="116880" >
  <allocated-bytes non-tlh="575952" tlh="130713216" />
  <largest-consumer threadName="Default Executor-thread-38" threadId="00000000018DFA00" bytes="83462048" />
</allocation-stats>
<gc-op id="2126" type="scavenge" timems="7.547" contextid="2123" timestamp="2025-12-12T04:00:38.551">
  <scavenger-info tenureage="11" tenuremask="7800" tiltratio="81" />
  <memory-copied type="nursery" objects="339530" bytes="16736320" bytesdiscarded="441408" />
  <finalization candidates="169" enqueued="162" />
  <ownableSynchronizers candidates="2393" cleared="1648" />
  <references type="soft" candidates="3967" cleared="0" enqueued="0" dynamicThreshold="9" maxThreshold="32" />
  <references type="weak" candidates="3936" cleared="673" enqueued="641" />
  <references type="phantom" candidates="456" cleared="87" enqueued="87" />
  <object-monitors candidates="188" cleared="4"  />
</gc-op>
<gc-end id="2127" type="scavenge" contextid="2123" durationms="9.903" usertimems="60.853" systemtimems="0.715" stalltimems="35.105" timestamp="2025-12-12T04:00:38.552" activeThreads="13">
  <mem-info id="2128" free="172605664" total="321454080" percent="53">
    <mem type="nursery" free="129930944" total="178257920" percent="72">
      <mem type="allocate" free="129930944" total="147128320" percent="88" />
      <mem type="survivor" free="0" total="31129600" percent="0" />
    </mem>
    <mem type="tenure" free="42674720" total="143196160" percent="29" macro-fragmented="27735676">
      <mem type="soa" free="41242144" total="141763584" percent="29" />
      <mem type="loa" free="1432576" total="1432576" percent="100" />
    </mem>
    <pending-finalizers system="134" default="28" reference="728" classloader="0" />
    <remembered-set count="33482" />
  </mem-info>
</gc-end>
<cycle-end id="2129" type="scavenge" contextid="2123" timestamp="2025-12-12T04:00:38.553" />
<allocation-satisfied id="2130" threadId="00000000018DFA00" bytesRequested="24" />
<af-end id="2131" timestamp="2025-12-12T04:00:38.554" threadId="00000000018E0478" success="true" from="nursery"/>
<exclusive-end id="2132" timestamp="2025-12-12T04:00:38.555" durationms="14.653" />

<exclusive-start id="2133" timestamp="2025-12-12T04:01:10.052" intervalms="31512.086">
  <response-info timems="0.120" idlems="0.120" threads="0" lastid="0000000000FF6900" lastname="Timer-7" />
</exclusive-start>
<af-start id="2134" threadId="0000000000FF7378" totalBytesRequested="6776" timestamp="2025-12-12T04:01:10.054" intervalms="31513.671" type="nursery" />
<cycle-start id="2135" type="scavenge" contextid="0" timestamp="2025-12-12T04:01:10.056" intervalms="31515.149" />
<gc-start id="2136" type="scavenge" contextid="2135" timestamp="2025-12-12T04:01:10.059">
  <mem-info id="2137" free="42661112" total="321454080" percent="13">
    <mem type="nursery" free="0" total="178257920" percent="0">
      <mem type="allocate" free="0" total="147128320" percent="0" />
      <mem type="survivor" free="0" total="31129600" percent="0" />
    </mem>
    <mem type="tenure" free="42661112" total="143196160" percent="29">
      <mem type="soa" free="41228536" total="141763584" percent="29" />
      <mem type="loa" free="1432576" total="1432576" percent="100" />
    </mem>
    <remembered-set count="34021" />
  </mem-info>
</gc-start>
<allocation-stats totalBytes="129897840" discardedBytes="39384" >
  <allocated-bytes non-tlh="563440" tlh="129334400" />
  <largest-consumer threadName="Default Executor-thread-38" threadId="00000000018DFA00" bytes="100759360" />
</allocation-stats>
<gc-op id="2138" type="scavenge" timems="10.565" contextid="2135" timestamp="2025-12-12T04:01:10.073">
  <scavenger-info tenureage="10" tenuremask="7c00" tiltratio="82" />
  <memory-copied type="nursery" objects="274103" bytes="12798872" bytesdiscarded="492776" />
  <memory-copied type="tenure" objects="24256" bytes="1958720" bytesdiscarded="31288" />
  <finalization candidates="11" enqueued="5" />
  <ownableSynchronizers candidates="3392" cleared="2671" />
  <references type="soft" candidates="3972" cleared="0" enqueued="0" dynamicThreshold="9" maxThreshold="32" />
  <references type="weak" candidates="3608" cleared="14" enqueued="8" />
  <references type="phantom" candidates="397" cleared="41" enqueued="41" />
  <object-monitors candidates="184" cleared="1"  />
</gc-op>
<gc-end id="2139" type="scavenge" contextid="2135" durationms="99.942" usertimems="77.531" systemtimems="18.317" stalltimems="37.800" timestamp="2025-12-12T04:01:10.159" activeThreads="13">
  <mem-info id="2140" free="176268232" total="321454080" percent="54">
    <mem type="nursery" free="135915784" total="178257920" percent="76">
      <mem type="allocate" free="135915784" total="149225472" percent="91" />
      <mem type="survivor" free="0" total="29032448" percent="0" />
    </mem>
    <mem type="tenure" free="40352448" total="143196160" percent="28" macro-fragmented="23113062">
      <mem type="soa" free="38919872" total="141763584" percent="27" />
      <mem type="loa" free="1432576" total="1432576" percent="100" />
    </mem>
    <pending-finalizers system="5" default="0" reference="49" classloader="0" />
    <remembered-set count="29984" />
  </mem-info>
</gc-end>
<cycle-end id="2141" type="scavenge" contextid="2135" timestamp="2025-12-12T04:01:10.161" />
<allocation-satisfied id="2142" threadId="0000000000FF6900" bytesRequested="6776" />
<af-end id="2143" timestamp="2025-12-12T04:01:10.163" threadId="0000000000FF7378" success="true" from="nursery"/>
<exclusive-end id="2144" timestamp="2025-12-12T04:01:10.163" durationms="111.229" />

<exclusive-start id="2145" timestamp="2025-12-12T04:02:04.533" intervalms="54481.398">
  <response-info timems="0.092" idlems="0.092" threads="0" lastid="00000000019E9600" lastname="Connect-TcpConnection@s0w1.dal-ebis.ihost.com:12080" />
</exclusive-start>
<af-start id="2146" threadId="00000000019EA078" totalBytesRequested="245768" timestamp="2025-12-12T04:02:04.534" intervalms="54480.343" type="nursery" />
<cycle-start id="2147" type="scavenge" contextid="0" timestamp="2025-12-12T04:02:04.536" intervalms="54479.418" />
<gc-start id="2148" type="scavenge" contextid="2147" timestamp="2025-12-12T04:02:04.537">
  <mem-info id="2149" free="40281232" total="321454080" percent="12">
    <mem type="nursery" free="178168" total="178257920" percent="0">
      <mem type="allocate" free="178168" total="149225472" percent="0" />
      <mem type="survivor" free="0" total="29032448" percent="0" />
    </mem>
    <mem type="tenure" free="40103064" total="143196160" percent="28">
      <mem type="soa" free="38670488" total="141763584" percent="27" />
      <mem type="loa" free="1432576" total="1432576" percent="100" />
    </mem>
    <remembered-set count="33972" />
  </mem-info>
</gc-start>
<allocation-stats totalBytes="134564320" discardedBytes="1410080" >
  <allocated-bytes non-tlh="11508032" tlh="123056288" />
  <largest-consumer threadName="Default Executor-thread-11" threadId="0000000001931B00" bytes="42696472" />
</allocation-stats>
<gc-op id="2150" type="scavenge" timems="11.072" contextid="2147" timestamp="2025-12-12T04:02:04.550">
  <scavenger-info tenureage="3" tenuremask="7048" tiltratio="83" />
  <memory-copied type="nursery" objects="157311" bytes="27239768" bytesdiscarded="276712" />
  <memory-copied type="tenure" objects="141741" bytes="6122224" bytesdiscarded="41096" />
  <finalization candidates="32" enqueued="27" />
  <ownableSynchronizers candidates="5753" cleared="4980" />
  <references type="soft" candidates="3259" cleared="0" enqueued="0" dynamicThreshold="9" maxThreshold="32" />
  <references type="weak" candidates="3777" cleared="869" enqueued="854" />
  <references type="phantom" candidates="411" cleared="172" enqueued="172" />
  <object-monitors candidates="192" cleared="2"  />
</gc-op>
<gc-end id="2151" type="scavenge" contextid="2147" durationms="65.924" usertimems="113.800" systemtimems="7.703" stalltimems="46.661" timestamp="2025-12-12T04:02:04.603" activeThreads="12">
  <mem-info id="2152" free="137395248" total="321454080" percent="42">
    <mem type="nursery" free="103544256" total="178257920" percent="58">
      <mem type="allocate" free="103544256" total="131072000" percent="78" />
      <mem type="survivor" free="0" total="47185920" percent="0" />
    </mem>
    <mem type="tenure" free="33850992" total="143196160" percent="23" macro-fragmented="19260884">
      <mem type="soa" free="32418416" total="141763584" percent="22" />
      <mem type="loa" free="1432576" total="1432576" percent="100" />
    </mem>
    <pending-finalizers system="25" default="2" reference="1026" classloader="0" />
    <remembered-set count="11128" />
  </mem-info>
</gc-end>
<cycle-end id="2153" type="scavenge" contextid="2147" timestamp="2025-12-12T04:02:04.605" />
<allocation-satisfied id="2154" threadId="00000000019E9600" bytesRequested="245768" />
<af-end id="2155" timestamp="2025-12-12T04:02:04.606" threadId="00000000019EA078" success="true" from="nursery"/>
<exclusive-end id="2156" timestamp="2025-12-12T04:02:04.606" durationms="72.866" />

<exclusive-start id="2157" timestamp="2025-12-12T04:03:25.874" intervalms="81340.273">
  <response-info timems="0.114" idlems="0.114" threads="0" lastid="0000000001809700" lastname="pool-3-thread-1" />
</exclusive-start>
<af-start id="2158" threadId="000000000180A178" totalBytesRequested="32" timestamp="2025-12-12T04:03:25.882" intervalms="81347.185" type="nursery" />
<cycle-start id="2159" type="scavenge" contextid="0" timestamp="2025-12-12T04:03:25.885" intervalms="81349.734" />
<gc-start id="2160" type="scavenge" contextid="2159" timestamp="2025-12-12T04:03:25.890">
  <mem-info id="2161" free="33736688" total="321454080" percent="10">
    <mem type="nursery" free="0" total="178257920" percent="0">
      <mem type="allocate" free="0" total="131072000" percent="0" />
      <mem type="survivor" free="0" total="47185920" percent="0" />
    </mem>
    <mem type="tenure" free="33736688" total="143196160" percent="23">
      <mem type="soa" free="32304112" total="141763584" percent="22" />
      <mem type="loa" free="1432576" total="1432576" percent="100" />
    </mem>
    <remembered-set count="13852" />
  </mem-info>
</gc-start>
<allocation-stats totalBytes="102899944" discardedBytes="746856" >
  <allocated-bytes non-tlh="5804544" tlh="97095400" />
  <largest-consumer threadName="Timer-7" threadId="0000000000FF6900" bytes="14177240" />
</allocation-stats>
<gc-op id="2162" type="scavenge" timems="56.397" contextid="2159" timestamp="2025-12-12T04:03:25.958">
  <scavenger-info tenureage="12" tenuremask="7000" tiltratio="73" />
  <memory-copied type="nursery" objects="143214" bytes="38574680" bytesdiscarded="179648" />
  <finalization candidates="16" enqueued="14" />
  <ownableSynchronizers candidates="7365" cleared="6929" />
  <references type="soft" candidates="3442" cleared="0" enqueued="0" dynamicThreshold="9" maxThreshold="32" />
  <references type="weak" candidates="3506" cleared="365" enqueued="351" />
  <references type="phantom" candidates="297" cleared="6" enqueued="6" />
  <object-monitors candidates="193" cleared="2"  />
</gc-op>
<gc-end id="2163" type="scavenge" contextid="2159" durationms="236.252" usertimems="168.213" systemtimems="28.716" stalltimems="169.276" timestamp="2025-12-12T04:03:26.126" activeThreads="12">
  <mem-info id="2164" free="114247056" total="321454080" percent="35">
    <mem type="nursery" free="80510368" total="178257920" percent="45">
      <mem type="allocate" free="80510368" total="119275520" percent="67" />
      <mem type="survivor" free="0" total="58982400" percent="0" />
    </mem>
    <mem type="tenure" free="33736688" total="143196160" percent="23" macro-fragmented="19260884">
      <mem type="soa" free="32304112" total="141763584" percent="22" />
      <mem type="loa" free="1432576" total="1432576" percent="100" />
    </mem>
    <pending-finalizers system="14" default="0" reference="357" classloader="0" />
    <remembered-set count="12548" />
  </mem-info>
</gc-end>
<cycle-end id="2165" type="scavenge" contextid="2159" timestamp="2025-12-12T04:03:26.129" />
<allocation-satisfied id="2166" threadId="0000000001809700" bytesRequested="32" />
<af-end id="2167" timestamp="2025-12-12T04:03:26.133" threadId="000000000180A178" success="true" from="nursery"/>
<exclusive-end id="2168" timestamp="2025-12-12T04:03:26.136" durationms="262.848" />

<exclusive-start id="2169" timestamp="2025-12-12T04:04:21.383" intervalms="55509.175">
  <response-info timems="0.094" idlems="0.094" threads="0" lastid="00000000018DFA00" lastname="Default Executor-thread-38" />
</exclusive-start>
<af-start id="2170" threadId="00000000018E0478" totalBytesRequested="24" timestamp="2025-12-12T04:04:21.384" intervalms="55502.695" type="nursery" />
<cycle-start id="2171" type="scavenge" contextid="0" timestamp="2025-12-12T04:04:21.385" intervalms="55499.886" />
<gc-start id="2172" type="scavenge" contextid="2171" timestamp="2025-12-12T04:04:21.387">
  <mem-info id="2173" free="33725232" total="321454080" percent="10">
    <mem type="nursery" free="0" total="178257920" percent="0">
      <mem type="allocate" free="0" total="119275520" percent="0" />
      <mem type="survivor" free="0" total="58982400" percent="0" />
    </mem>
    <mem type="tenure" free="33725232" total="143196160" percent="23">
      <mem type="soa" free="32292656" total="141763584" percent="22" />
      <mem type="loa" free="1432576" total="1432576" percent="100" />
    </mem>
    <remembered-set count="13853" />
  </mem-info>
</gc-start>
<allocation-stats totalBytes="80462448" discardedBytes="56376" >
  <allocated-bytes non-tlh="729480" tlh="79732968" />
  <largest-consumer threadName="Default Executor-thread-38" threadId="00000000018DFA00" bytes="36663904" />
</allocation-stats>
<gc-op id="2174" type="scavenge" timems="13.751" contextid="2171" timestamp="2025-12-12T04:04:21.402">
  <scavenger-info tenureage="10" tenuremask="7c00" tiltratio="66" />
  <memory-copied type="nursery" objects="184930" bytes="39579144" bytesdiscarded="425728" />
  <memory-copied type="tenure" objects="19635" bytes="769768" bytesdiscarded="9192" />
  <finalization candidates="96" enqueued="93" />
  <ownableSynchronizers candidates="4869" cleared="4315" />
  <references type="soft" candidates="3177" cleared="0" enqueued="0" dynamicThreshold="9" maxThreshold="32" />
  <references type="weak" candidates="3313" cleared="450" enqueued="444" />
  <references type="phantom" candidates="292" cleared="3" enqueued="3" />
  <object-monitors candidates="213" cleared="16"  />
</gc-op>
<gc-end id="2175" type="scavenge" contextid="2171" durationms="37.978" usertimems="76.527" systemtimems="0.000" stalltimems="113.946" timestamp="2025-12-12T04:04:21.425" activeThreads="13">
  <mem-info id="2176" free="119117112" total="321454080" percent="37">
    <mem type="nursery" free="86133336" total="178257920" percent="48">
      <mem type="allocate" free="86133336" total="126156800" percent="68" />
      <mem type="survivor" free="0" total="52101120" percent="0" />
    </mem>
    <mem type="tenure" free="32983776" total="143196160" percent="23" macro-fragmented="27735676">
      <mem type="soa" free="31551200" total="141763584" percent="22" />
      <mem type="loa" free="1432576" total="1432576" percent="100" />
    </mem>
    <pending-finalizers system="1" default="92" reference="447" classloader="0" />
    <remembered-set count="7345" />
  </mem-info>
</gc-end>
<cycle-end id="2177" type="scavenge" contextid="2171" timestamp="2025-12-12T04:04:21.426" />
<allocation-satisfied id="2178" threadId="00000000018DFA00" bytesRequested="24" />
<af-end id="2179" timestamp="2025-12-12T04:04:21.427" threadId="00000000018E0478" success="true" from="nursery"/>
<exclusive-end id="2180" timestamp="2025-12-12T04:04:21.427" durationms="44.222" />

<exclusive-start id="2181" timestamp="2025-12-12T04:04:54.140" intervalms="32757.382">
  <response-info timems="0.172" idlems="0.105" threads="1" lastid="000000000002D300" lastname="JIT Compilation Thread-001" />
</exclusive-start>
<af-start id="2182" threadId="00000000018E0478" totalBytesRequested="5480" timestamp="2025-12-12T04:04:54.141" intervalms="32756.384" type="nursery" />
<cycle-start id="2183" type="scavenge" contextid="0" timestamp="2025-12-12T04:04:54.141" intervalms="32756.194" />
<gc-start id="2184" type="scavenge" contextid="2183" timestamp="2025-12-12T04:04:54.142">
  <mem-info id="2185" free="32950064" total="321454080" percent="10">
    <mem type="nursery" free="0" total="178257920" percent="0">
      <mem type="allocate" free="0" total="126156800" percent="0" />
      <mem type="survivor" free="0" total="52101120" percent="0" />
    </mem>
    <mem type="tenure" free="32950064" total="143196160" percent="23">
      <mem type="soa" free="31517488" total="141763584" percent="22" />
      <mem type="loa" free="1432576" total="1432576" percent="100" />
    </mem>
    <remembered-set count="8649" />
  </mem-info>
</gc-start>
<allocation-stats totalBytes="85987328" discardedBytes="171592" >
  <allocated-bytes non-tlh="361512" tlh="85625816" />
  <largest-consumer threadName="Default Executor-thread-38" threadId="00000000018DFA00" bytes="32854456" />
</allocation-stats>
<gc-op id="2186" type="scavenge" timems="18.850" contextid="2183" timestamp="2025-12-12T04:04:54.162">
  <scavenger-info tenureage="3" tenuremask="7c88" tiltratio="70" />
  <memory-copied type="nursery" objects="139548" bytes="18794160" bytesdiscarded="366016" />
  <memory-copied type="tenure" objects="48880" bytes="21643584" bytesdiscarded="14272" />
  <finalization candidates="8" enqueued="3" />
  <ownableSynchronizers candidates="6025" cleared="5572" />
  <references type="soft" candidates="1750" cleared="0" enqueued="0" dynamicThreshold="9" maxThreshold="32" />
  <references type="weak" candidates="2138" cleared="262" enqueued="221" />
  <references type="phantom" candidates="260" cleared="3" enqueued="3" />
  <object-monitors candidates="204" cleared="7"  />
</gc-op>
<gc-end id="2187" type="scavenge" contextid="2183" durationms="91.430" usertimems="87.018" systemtimems="9.082" stalltimems="101.859" timestamp="2025-12-12T04:04:54.234" activeThreads="11">
  <mem-info id="2188" free="118515720" total="321454080" percent="36">
    <mem type="nursery" free="107578456" total="178257920" percent="60">
      <mem type="allocate" free="107578456" total="126746624" percent="84" />
      <mem type="survivor" free="0" total="51511296" percent="0" />
    </mem>
    <mem type="tenure" free="10937264" total="143196160" percent="7" macro-fragmented="6450429">
      <mem type="soa" free="9504688" total="141763584" percent="6" />
      <mem type="loa" free="1432576" total="1432576" percent="100" />
    </mem>
    <pending-finalizers system="1" default="2" reference="224" classloader="0" />
    <remembered-set count="4752" />
  </mem-info>
</gc-end>
<cycle-end id="2189" type="scavenge" contextid="2183" timestamp="2025-12-12T04:04:54.235" />
<allocation-satisfied id="2190" threadId="00000000018DFA00" bytesRequested="5480" />
<af-end id="2191" timestamp="2025-12-12T04:04:54.236" threadId="00000000018E0478" success="true" from="nursery"/>
<exclusive-end id="2192" timestamp="2025-12-12T04:04:54.237" durationms="96.757" />

<concurrent-kickoff id="2193" timestamp="2025-12-12T04:05:17.728">
  <kickoff reason="threshold reached" targetBytes="76273250" thresholdFreeBytes="10544443"  remainingFree="10470480" tenureFreeBytes="10911936" nurseryFreeBytes="10470480" />
</concurrent-kickoff>
<exclusive-start id="2194" timestamp="2025-12-12T04:05:17.815" intervalms="23674.986">
  <response-info timems="0.058" idlems="0.058" threads="0" lastid="00000000019E9600" lastname="Default Executor-thread-48" />
</exclusive-start>
<cycle-start id="2195" type="global" contextid="0" timestamp="2025-12-12T04:05:17.816" intervalms="297090.123" />
<concurrent-start id="2196" type="global mark" contextid="2195" timestamp="2025-12-12T04:05:17.816">
</concurrent-start>
<exclusive-end id="2197" timestamp="2025-12-12T04:05:17.817" durationms="1.804" />

<concurrent-end id="2198" type="global mark" contextid="2195" timestamp="2025-12-12T04:05:22.028">
<gc-op id="2199" type="trace" timems="4211.355" contextid="2195" timestamp="2025-12-12T04:05:22.028">
  <trace bytesTraced="67837424" workStackOverflowCount="0" />
  <card-cleaning reason="card cleaning threshold reached" bytesTraced="182756" cardsCleaned="412" />
</gc-op>
</concurrent-end>

<exclusive-start id="2200" timestamp="2025-12-12T04:05:22.029" intervalms="4214.148">
  <response-info timems="0.086" idlems="0.086" threads="0" lastid="0000000002935900" lastname="Default Executor-thread-59" />
</exclusive-start>
<concurrent-global-final id="2201" timestamp="2025-12-12T04:05:22.030" contextid="2195" intervalms="300942.262" >
  <concurrent-trace-info reason="card cleaning threshold reached" tracedByMutators="989524" tracedByHelpers="67030656" cardsCleaned="412" workStackOverflowCount="0" />
</concurrent-global-final>
<gc-start id="2202" type="global" contextid="2195" timestamp="2025-12-12T04:05:22.031">
  <mem-info id="2203" free="11314200" total="321454080" percent="3">
    <mem type="nursery" free="402512" total="178257920" percent="0">
      <mem type="allocate" free="402512" total="126746624" percent="0" />
      <mem type="survivor" free="0" total="51511296" percent="0" />
    </mem>
    <mem type="tenure" free="10911688" total="143196160" percent="7">
      <mem type="soa" free="9479112" total="141763584" percent="6" />
      <mem type="loa" free="1432576" total="1432576" percent="100" />
    </mem>
    <remembered-set count="6053" />
  </mem-info>
</gc-start>
<allocation-stats totalBytes="107111320" discardedBytes="90200" >
  <allocated-bytes non-tlh="301408" tlh="106809912" />
  <largest-consumer threadName="Default Executor-thread-38" threadId="00000000018DFA00" bytes="48127520" />
</allocation-stats>
<gc-op id="2204" type="rs-scan" timems="8.027" contextid="2195" timestamp="2025-12-12T04:05:22.041">
  <scan objectsFound="155878" bytesTraced="5642976" workStackOverflowCount="0" />
</gc-op>
<gc-op id="2205" type="card-cleaning" timems="1.744" contextid="2195" timestamp="2025-12-12T04:05:22.043">
  <card-cleaning cardsCleaned="9" bytesTraced="3484" workStackOverflowCount="0" />
</gc-op>
<gc-op id="2206" type="mark" timems="33.852" contextid="2195" timestamp="2025-12-12T04:05:22.078">
  <trace-info objectcount="47774" scancount="45491" scanbytes="1461956" />
  <finalization candidates="1010" enqueued="96" />
  <ownableSynchronizers candidates="15370" cleared="5488" />
  <references type="soft" candidates="20150" cleared="8" enqueued="8" dynamicThreshold="9" maxThreshold="32" />
  <references type="weak" candidates="20858" cleared="625" enqueued="578" />
  <references type="phantom" candidates="1477" cleared="5" enqueued="5" />
  <stringconstants candidates="59040" cleared="108"  />
  <object-monitors candidates="206" cleared="21"  />
</gc-op>
<gc-op id="2207" type="classunload" timems="2.622" contextid="2195" timestamp="2025-12-12T04:05:22.081">
  <classunload-info classloadercandidates="641" classloadersunloaded="7" classesunloaded="1" anonymousclassesunloaded="0" quiescems="0.000" setupms="2.566" scanms="0.025" postms="0.029" />
</gc-op>
<gc-op id="2208" type="sweep" timems="4.623" contextid="2195" timestamp="2025-12-12T04:05:22.086" />
<heap-resize id="2209" type="expand" space="tenure" amount="40435712" count="1" timems="0.556" reason="insufficient free space following gc" timestamp="2025-12-12T04:05:22.088" />
<gc-end id="2210" type="global" contextid="2195" durationms="142.611" usertimems="237.382" systemtimems="55.278" stalltimems="567.436" timestamp="2025-12-12T04:05:22.174" activeThreads="20">
  <mem-info id="2211" free="160525232" total="361889792" percent="44">
    <mem type="nursery" free="105423472" total="178257920" percent="59">
      <mem type="allocate" free="105423472" total="126746624" percent="83" />
      <mem type="survivor" free="0" total="51511296" percent="0" />
    </mem>
    <mem type="tenure" free="55101760" total="183631872" percent="30" micro-fragmented="3792366" macro-fragmented="3732887">
      <mem type="soa" free="53264704" total="181794816" percent="29" />
      <mem type="loa" free="1837056" total="1837056" percent="100" />
    </mem>
    <pending-finalizers system="2" default="94" reference="591" classloader="0" />
    <remembered-set count="4954" />
  </mem-info>
</gc-end>
<cycle-end id="2212" type="global" contextid="2195" timestamp="2025-12-12T04:05:22.176" />
<exclusive-end id="2213" timestamp="2025-12-12T04:05:22.176" durationms="147.005" />

<exclusive-start id="2214" timestamp="2025-12-12T04:05:48.398" intervalms="26368.838">
  <response-info timems="0.078" idlems="0.078" threads="0" lastid="0000000001982000" lastname="Default Executor-thread-23" />
</exclusive-start>
<af-start id="2215" threadId="0000000001982A78" totalBytesRequested="16" timestamp="2025-12-12T04:05:48.399" intervalms="54258.118" type="nursery" />
<cycle-start id="2216" type="scavenge" contextid="0" timestamp="2025-12-12T04:05:48.400" intervalms="54258.374" />
<gc-start id="2217" type="scavenge" contextid="2216" timestamp="2025-12-12T04:05:48.401">
  <mem-info id="2218" free="55060672" total="361889792" percent="15">
    <mem type="nursery" free="0" total="178257920" percent="0">
      <mem type="allocate" free="0" total="126746624" percent="0" />
      <mem type="survivor" free="0" total="51511296" percent="0" />
    </mem>
    <mem type="tenure" free="55060672" total="183631872" percent="29">
      <mem type="soa" free="53223616" total="181794816" percent="29" />
      <mem type="loa" free="1837056" total="1837056" percent="100" />
    </mem>
    <remembered-set count="6004" />
  </mem-info>
</gc-start>
<allocation-stats totalBytes="105296872" discardedBytes="152640" >
  <allocated-bytes non-tlh="1877304" tlh="103419568" />
  <largest-consumer threadName="Default Executor-thread-59" threadId="0000000002935900" bytes="50150960" />
</allocation-stats>
<gc-op id="2219" type="scavenge" timems="16.345" contextid="2216" timestamp="2025-12-12T04:05:48.418">
  <scavenger-info tenureage="3" tenuremask="7c68" tiltratio="71" />
  <memory-copied type="nursery" objects="141390" bytes="7016968" bytesdiscarded="313184" />
  <memory-copied type="tenure" objects="42707" bytes="13477104" bytesdiscarded="13840" />
  <finalization candidates="104" enqueued="95" />
  <ownableSynchronizers candidates="24707" cleared="24184" />
  <references type="soft" candidates="1026" cleared="0" enqueued="0" dynamicThreshold="9" maxThreshold="32" />
  <references type="weak" candidates="1864" cleared="546" enqueued="505" />
  <references type="phantom" candidates="207" cleared="3" enqueued="3" />
  <object-monitors candidates="189" cleared="3"  />
</gc-op>
<gc-end id="2220" type="scavenge" contextid="2216" durationms="67.207" usertimems="69.934" systemtimems="17.319" stalltimems="68.354" timestamp="2025-12-12T04:05:48.468" activeThreads="11">
  <mem-info id="2221" free="166434200" total="361889792" percent="45">
    <mem type="nursery" free="125038232" total="178257920" percent="70">
      <mem type="allocate" free="125038232" total="132382720" percent="94" />
      <mem type="survivor" free="0" total="45875200" percent="0" />
    </mem>
    <mem type="tenure" free="41395968" total="183631872" percent="22" macro-fragmented="33282812">
      <mem type="soa" free="39558912" total="181794816" percent="21" />
      <mem type="loa" free="1837056" total="1837056" percent="100" />
    </mem>
    <pending-finalizers system="1" default="94" reference="508" classloader="0" />
    <remembered-set count="3527" />
  </mem-info>
</gc-end>
<cycle-end id="2222" type="scavenge" contextid="2216" timestamp="2025-12-12T04:05:48.469" />
<allocation-satisfied id="2223" threadId="0000000001982000" bytesRequested="16" />
<af-end id="2224" timestamp="2025-12-12T04:05:48.471" threadId="0000000001982A78" success="true" from="nursery"/>
<exclusive-end id="2225" timestamp="2025-12-12T04:05:48.471" durationms="73.247" />

<exclusive-start id="2226" timestamp="2025-12-12T04:06:13.863" intervalms="25464.373">
  <response-info timems="0.048" idlems="0.048" threads="0" lastid="0000000001816500" lastname="Default Executor-thread-21" />
</exclusive-start>
<af-start id="2227" threadId="0000000001816F78" totalBytesRequested="8200" timestamp="2025-12-12T04:06:13.863" intervalms="25464.266" type="nursery" />
<cycle-start id="2228" type="scavenge" contextid="0" timestamp="2025-12-12T04:06:13.864" intervalms="25463.820" />
<gc-start id="2229" type="scavenge" contextid="2228" timestamp="2025-12-12T04:06:13.865">
  <mem-info id="2230" free="41368768" total="361889792" percent="11">
    <mem type="nursery" free="0" total="178257920" percent="0">
      <mem type="allocate" free="0" total="132382720" percent="0" />
      <mem type="survivor" free="0" total="45875200" percent="0" />
    </mem>
    <mem type="tenure" free="41368768" total="183631872" percent="22">
      <mem type="soa" free="39531712" total="181794816" percent="21" />
      <mem type="loa" free="1837056" total="1837056" percent="100" />
    </mem>
    <remembered-set count="4834" />
  </mem-info>
</gc-start>
<allocation-stats totalBytes="124959872" discardedBytes="104104" >
  <allocated-bytes non-tlh="25760" tlh="124934112" />
  <largest-consumer threadName="Default Executor-thread-23" threadId="0000000001982000" bytes="53155544" />
</allocation-stats>
<gc-op id="2231" type="scavenge" timems="7.945" contextid="2228" timestamp="2025-12-12T04:06:13.873">
  <scavenger-info tenureage="11" tenuremask="7800" tiltratio="74" />
  <memory-copied type="nursery" objects="200271" bytes="9223928" bytesdiscarded="107064" />
  <finalization candidates="107" enqueued="97" />
  <ownableSynchronizers candidates="5786" cleared="5241" />
  <references type="soft" candidates="1207" cleared="0" enqueued="0" dynamicThreshold="9" maxThreshold="32" />
  <references type="weak" candidates="2049" cleared="568" enqueued="527" />
  <references type="phantom" candidates="219" cleared="3" enqueued="3" />
  <object-monitors candidates="192" cleared="5"  />
</gc-op>
<gc-end id="2232" type="scavenge" contextid="2228" durationms="53.745" usertimems="55.162" systemtimems="1.185" stalltimems="46.881" timestamp="2025-12-12T04:06:13.918" activeThreads="11">
  <mem-info id="2233" free="170761544" total="361889792" percent="47">
    <mem type="nursery" free="129392776" total="178257920" percent="72">
      <mem type="allocate" free="129392776" total="138739712" percent="93" />
      <mem type="survivor" free="0" total="39518208" percent="0" />
    </mem>
    <mem type="tenure" free="41368768" total="183631872" percent="22" macro-fragmented="33282812">
      <mem type="soa" free="39531712" total="181794816" percent="21" />
      <mem type="loa" free="1837056" total="1837056" percent="100" />
    </mem>
    <pending-finalizers system="1" default="96" reference="530" classloader="0" />
    <remembered-set count="4004" />
  </mem-info>
</gc-end>
<cycle-end id="2234" type="scavenge" contextid="2228" timestamp="2025-12-12T04:06:13.919" />
<allocation-satisfied id="2235" threadId="0000000001816500" bytesRequested="8200" />
<af-end id="2236" timestamp="2025-12-12T04:06:13.920" threadId="0000000001816F78" success="true" from="nursery"/>
<exclusive-end id="2237" timestamp="2025-12-12T04:06:13.921" durationms="58.001" />

<exclusive-start id="2238" timestamp="2025-12-12T04:07:42.344" intervalms="88481.543">
  <response-info timems="0.057" idlems="0.057" threads="0" lastid="0000000001812800" lastname="Thread-17" />
</exclusive-start>
<af-start id="2239" threadId="0000000001813278" totalBytesRequested="32" timestamp="2025-12-12T04:07:42.346" intervalms="88482.559" type="nursery" />
<cycle-start id="2240" type="scavenge" contextid="0" timestamp="2025-12-12T04:07:42.347" intervalms="88483.618" />
<gc-start id="2241" type="scavenge" contextid="2240" timestamp="2025-12-12T04:07:42.349">
  <mem-info id="2242" free="41325760" total="361889792" percent="11">
    <mem type="nursery" free="0" total="178257920" percent="0">
      <mem type="allocate" free="0" total="138739712" percent="0" />
      <mem type="survivor" free="0" total="39518208" percent="0" />
    </mem>
    <mem type="tenure" free="41325760" total="183631872" percent="22">
      <mem type="soa" free="39488704" total="181794816" percent="21" />
      <mem type="loa" free="1837056" total="1837056" percent="100" />
    </mem>
    <remembered-set count="5922" />
  </mem-info>
</gc-start>
<allocation-stats totalBytes="129355824" discardedBytes="77704" >
  <allocated-bytes non-tlh="474960" tlh="128880864" />
  <largest-consumer threadName="Default Executor-thread-21" threadId="0000000001816500" bytes="37920144" />
</allocation-stats>
<gc-op id="2243" type="scavenge" timems="21.129" contextid="2240" timestamp="2025-12-12T04:07:42.374">
  <scavenger-info tenureage="3" tenuremask="7818" tiltratio="77" />
  <memory-copied type="nursery" objects="161706" bytes="6248416" bytesdiscarded="104776" />
  <memory-copied type="tenure" objects="77128" bytes="4438608" bytesdiscarded="15808" />
  <finalization candidates="103" enqueued="92" />
  <ownableSynchronizers candidates="11384" cleared="10660" />
  <references type="soft" candidates="760" cleared="0" enqueued="0" dynamicThreshold="9" maxThreshold="32" />
  <references type="weak" candidates="1292" cleared="550" enqueued="521" />
  <references type="phantom" candidates="206" cleared="170" enqueued="170" />
  <object-monitors candidates="193" cleared="2"  />
</gc-op>
<gc-end id="2244" type="scavenge" contextid="2240" durationms="57.581" usertimems="56.782" systemtimems="27.018" stalltimems="35.693" timestamp="2025-12-12T04:07:42.407" activeThreads="9">
  <mem-info id="2245" free="174348976" total="361889792" percent="48">
    <mem type="nursery" free="137941568" total="178257920" percent="77">
      <mem type="allocate" free="137941568" total="144310272" percent="95" />
      <mem type="survivor" free="0" total="33947648" percent="0" />
    </mem>
    <mem type="tenure" free="36407408" total="183631872" percent="19" macro-fragmented="27735676">
      <mem type="soa" free="34570352" total="181794816" percent="19" />
      <mem type="loa" free="1837056" total="1837056" percent="100" />
    </mem>
    <pending-finalizers system="0" default="92" reference="691" classloader="0" />
    <remembered-set count="2872" />
  </mem-info>
</gc-end>
<cycle-end id="2246" type="scavenge" contextid="2240" timestamp="2025-12-12T04:07:42.408" />
<allocation-satisfied id="2247" threadId="0000000001812800" bytesRequested="32" />
<af-end id="2248" timestamp="2025-12-12T04:07:42.409" threadId="0000000001813278" success="true" from="nursery"/>
<exclusive-end id="2249" timestamp="2025-12-12T04:07:42.410" durationms="65.715" />

<exclusive-start id="2250" timestamp="2025-12-12T04:08:43.116" intervalms="60772.026">
  <response-info timems="0.135" idlems="0.135" threads="0" lastid="00000000018DE100" lastname="Default Executor-thread-30" />
</exclusive-start>
<af-start id="2251" threadId="00000000018DEB78" totalBytesRequested="16" timestamp="2025-12-12T04:08:43.117" intervalms="60771.657" type="nursery" />
<cycle-start id="2252" type="scavenge" contextid="0" timestamp="2025-12-12T04:08:43.119" intervalms="60771.396" />
<gc-start id="2253" type="scavenge" contextid="2252" timestamp="2025-12-12T04:08:43.120">
  <mem-info id="2254" free="36379744" total="361889792" percent="10">
    <mem type="nursery" free="0" total="178257920" percent="0">
      <mem type="allocate" free="0" total="144310272" percent="0" />
      <mem type="survivor" free="0" total="33947648" percent="0" />
    </mem>
    <mem type="tenure" free="36379744" total="183631872" percent="19">
      <mem type="soa" free="34542688" total="181794816" percent="19" />
      <mem type="loa" free="1837056" total="1837056" percent="100" />
    </mem>
    <remembered-set count="5139" />
  </mem-info>
</gc-start>
<allocation-stats totalBytes="137791928" discardedBytes="177304" >
  <allocated-bytes non-tlh="568400" tlh="137223528" />
  <largest-consumer threadName="Default Executor-thread-10" threadId="0000000001981300" bytes="57270016" />
</allocation-stats>
<gc-op id="2255" type="scavenge" timems="20.316" contextid="2252" timestamp="2025-12-12T04:08:43.142">
  <scavenger-info tenureage="3" tenuremask="6008" tiltratio="80" />
  <memory-copied type="nursery" objects="144495" bytes="5488856" bytesdiscarded="239936" />
  <memory-copied type="tenure" objects="50054" bytes="2073832" bytesdiscarded="1176" />
  <finalization candidates="108" enqueued="100" />
  <ownableSynchronizers candidates="8880" cleared="8225" />
  <references type="soft" candidates="571" cleared="0" enqueued="0" dynamicThreshold="9" maxThreshold="32" />
  <references type="weak" candidates="1077" cleared="583" enqueued="526" />
  <references type="phantom" candidates="36" cleared="6" enqueued="6" />
  <object-monitors candidates="194" cleared="4"  />
</gc-op>
<gc-end id="2256" type="scavenge" contextid="2252" durationms="61.468" usertimems="51.711" systemtimems="9.066" stalltimems="44.637" timestamp="2025-12-12T04:08:43.182" activeThreads="10">
  <mem-info id="2257" free="177840200" total="361889792" percent="49">
    <mem type="nursery" free="143810176" total="178257920" percent="80">
      <mem type="allocate" free="143810176" total="149553152" percent="96" />
      <mem type="survivor" free="0" total="28704768" percent="0" />
    </mem>
    <mem type="tenure" free="34030024" total="183631872" percent="18" macro-fragmented="27735676">
      <mem type="soa" free="32192968" total="181794816" percent="17" />
      <mem type="loa" free="1837056" total="1837056" percent="100" />
    </mem>
    <pending-finalizers system="6" default="94" reference="532" classloader="0" />
    <remembered-set count="2656" />
  </mem-info>
</gc-end>
<cycle-end id="2258" type="scavenge" contextid="2252" timestamp="2025-12-12T04:08:43.183" />
<allocation-satisfied id="2259" threadId="00000000018DE100" bytesRequested="16" />
<af-end id="2260" timestamp="2025-12-12T04:08:43.183" threadId="00000000018DEB78" success="true" from="nursery"/>
<exclusive-end id="2261" timestamp="2025-12-12T04:08:43.184" durationms="67.577" />

<exclusive-start id="2262" timestamp="2025-12-12T04:10:03.494" intervalms="80377.909">
  <response-info timems="0.165" idlems="0.165" threads="0" lastid="0000000000555500" lastname="Active Thread: Equinox Container: e0e1462d-9c03-4a01-95d9-47b54" />
</exclusive-start>
<af-start id="2263" threadId="0000000000555F78" totalBytesRequested="32" timestamp="2025-12-12T04:10:03.496" intervalms="80378.573" type="nursery" />
<cycle-start id="2264" type="scavenge" contextid="0" timestamp="2025-12-12T04:10:03.497" intervalms="80378.632" />
<gc-start id="2265" type="scavenge" contextid="2264" timestamp="2025-12-12T04:10:03.499">
  <mem-info id="2266" free="34004056" total="361889792" percent="9">
    <mem type="nursery" free="0" total="178257920" percent="0">
      <mem type="allocate" free="0" total="149553152" percent="0" />
      <mem type="survivor" free="0" total="28704768" percent="0" />
    </mem>
    <mem type="tenure" free="34004056" total="183631872" percent="18">
      <mem type="soa" free="32167000" total="181794816" percent="17" />
      <mem type="loa" free="1837056" total="1837056" percent="100" />
    </mem>
    <remembered-set count="4652" />
  </mem-info>
</gc-start>
<allocation-stats totalBytes="143787856" discardedBytes="48288" >
  <allocated-bytes non-tlh="25984" tlh="143761872" />
  <largest-consumer threadName="Default Executor-thread-19" threadId="0000000001934C00" bytes="57519320" />
</allocation-stats>
<gc-op id="2267" type="scavenge" timems="8.401" contextid="2264" timestamp="2025-12-12T04:10:03.510">
  <scavenger-info tenureage="14" tenuremask="4000" tiltratio="83" />
  <memory-copied type="nursery" objects="192029" bytes="7260152" bytesdiscarded="91216" />
  <finalization candidates="102" enqueued="96" />
  <ownableSynchronizers candidates="10407" cleared="9850" />
  <references type="soft" candidates="750" cleared="0" enqueued="0" dynamicThreshold="9" maxThreshold="32" />
  <references type="weak" candidates="1192" cleared="561" enqueued="521" />
  <references type="phantom" candidates="103" cleared="65" enqueued="65" />
  <object-monitors candidates="194" cleared="3"  />
</gc-op>
<gc-end id="2268" type="scavenge" contextid="2264" durationms="35.743" usertimems="32.783" systemtimems="17.869" stalltimems="40.394" timestamp="2025-12-12T04:10:03.535" activeThreads="12">
  <mem-info id="2269" free="179728952" total="361889792" percent="49">
    <mem type="nursery" free="145724896" total="178257920" percent="81">
      <mem type="allocate" free="145724896" total="153092096" percent="95" />
      <mem type="survivor" free="0" total="25165824" percent="0" />
    </mem>
    <mem type="tenure" free="34004056" total="183631872" percent="18" macro-fragmented="27735676">
      <mem type="soa" free="32167000" total="181794816" percent="17" />
      <mem type="loa" free="1837056" total="1837056" percent="100" />
    </mem>
    <pending-finalizers system="2" default="94" reference="586" classloader="0" />
    <remembered-set count="2521" />
  </mem-info>
</gc-end>
<cycle-end id="2270" type="scavenge" contextid="2264" timestamp="2025-12-12T04:10:03.536" />
<allocation-satisfied id="2271" threadId="0000000000555500" bytesRequested="32" />
<af-end id="2272" timestamp="2025-12-12T04:10:03.538" threadId="0000000000555F78" success="true" from="nursery"/>
<exclusive-end id="2273" timestamp="2025-12-12T04:10:03.538" durationms="43.998" />

<exclusive-start id="2274" timestamp="2025-12-12T04:10:37.998" intervalms="34503.595">
  <response-info timems="0.093" idlems="0.093" threads="0" lastid="0000000001935800" lastname="Default Executor-thread-16" />
</exclusive-start>
<af-start id="2275" threadId="0000000001936278" totalBytesRequested="88" timestamp="2025-12-12T04:10:37.999" intervalms="34503.568" type="nursery" />
<cycle-start id="2276" type="scavenge" contextid="0" timestamp="2025-12-12T04:10:38.001" intervalms="34503.864" />
<gc-start id="2277" type="scavenge" contextid="2276" timestamp="2025-12-12T04:10:38.003">
  <mem-info id="2278" free="33971472" total="361889792" percent="9">
    <mem type="nursery" free="0" total="178257920" percent="0">
      <mem type="allocate" free="0" total="153092096" percent="0" />
      <mem type="survivor" free="0" total="25165824" percent="0" />
    </mem>
    <mem type="tenure" free="33971472" total="183631872" percent="18">
      <mem type="soa" free="32134416" total="181794816" percent="17" />
      <mem type="loa" free="1837056" total="1837056" percent="100" />
    </mem>
    <remembered-set count="4715" />
  </mem-info>
</gc-start>
<allocation-stats totalBytes="145699808" discardedBytes="57672" >
  <allocated-bytes non-tlh="627336" tlh="145072472" />
  <largest-consumer threadName="Default Executor-thread-27" threadId="00000000018AA800" bytes="57080144" />
</allocation-stats>
<gc-op id="2279" type="scavenge" timems="9.914" contextid="2276" timestamp="2025-12-12T04:10:38.016">
  <scavenger-info tenureage="4" tenuremask="fff0" tiltratio="85" />
  <memory-copied type="nursery" objects="167080" bytes="6800280" bytesdiscarded="87264" />
  <memory-copied type="tenure" objects="56544" bytes="2081856" bytesdiscarded="416" />
  <finalization candidates="109" enqueued="99" />
  <ownableSynchronizers candidates="7114" cleared="6425" />
  <references type="soft" candidates="769" cleared="0" enqueued="0" dynamicThreshold="9" maxThreshold="32" />
  <references type="weak" candidates="1340" cleared="610" enqueued="554" />
  <references type="phantom" candidates="465" cleared="413" enqueued="413" />
  <object-monitors candidates="197" cleared="6"  />
</gc-op>
<gc-end id="2280" type="scavenge" contextid="2276" durationms="28.690" usertimems="36.278" systemtimems="9.410" stalltimems="30.833" timestamp="2025-12-12T04:10:38.032" activeThreads="11">
  <mem-info id="2281" free="181312208" total="361889792" percent="50">
    <mem type="nursery" free="149399424" total="178257920" percent="83">
      <mem type="allocate" free="149399424" total="156303360" percent="95" />
      <mem type="survivor" free="0" total="21954560" percent="0" />
    </mem>
    <mem type="tenure" free="31912784" total="183631872" percent="17" macro-fragmented="0">
      <mem type="soa" free="30075728" total="181794816" percent="16" />
      <mem type="loa" free="1837056" total="1837056" percent="100" />
    </mem>
    <pending-finalizers system="3" default="96" reference="967" classloader="0" />
    <remembered-set count="2876" />
  </mem-info>
</gc-end>
<cycle-end id="2282" type="scavenge" contextid="2276" timestamp="2025-12-12T04:10:38.033" />
<allocation-satisfied id="2283" threadId="0000000001935800" bytesRequested="88" />
<af-end id="2284" timestamp="2025-12-12T04:10:38.036" threadId="0000000001936278" success="true" from="nursery"/>
<exclusive-end id="2285" timestamp="2025-12-12T04:10:38.037" durationms="39.785" />

<exclusive-start id="2286" timestamp="2025-12-12T04:11:39.383" intervalms="61385.474">
  <response-info timems="0.103" idlems="0.103" threads="0" lastid="0000000001908100" lastname="Default Executor-thread-39" />
</exclusive-start>
<af-start id="2287" threadId="0000000001908B78" totalBytesRequested="160" timestamp="2025-12-12T04:11:39.385" intervalms="61385.631" type="nursery" />
<cycle-start id="2288" type="scavenge" contextid="0" timestamp="2025-12-12T04:11:39.386" intervalms="61384.749" />
<gc-start id="2289" type="scavenge" contextid="2288" timestamp="2025-12-12T04:11:39.387">
  <mem-info id="2290" free="31887864" total="361889792" percent="8">
    <mem type="nursery" free="0" total="178257920" percent="0">
      <mem type="allocate" free="0" total="156303360" percent="0" />
      <mem type="survivor" free="0" total="21954560" percent="0" />
    </mem>
    <mem type="tenure" free="31887864" total="183631872" percent="17">
      <mem type="soa" free="30050808" total="181794816" percent="16" />
      <mem type="loa" free="1837056" total="1837056" percent="100" />
    </mem>
    <remembered-set count="4860" />
  </mem-info>
</gc-start>
<allocation-stats totalBytes="149258312" discardedBytes="166032" >
  <allocated-bytes non-tlh="713168" tlh="148545144" />
  <largest-consumer threadName="Default Executor-thread-51" threadId="0000000000E56800" bytes="58534448" />
</allocation-stats>
<gc-op id="2291" type="scavenge" timems="20.607" contextid="2288" timestamp="2025-12-12T04:11:39.409">
  <scavenger-info tenureage="3" tenuremask="ffc8" tiltratio="87" />
  <memory-copied type="nursery" objects="137117" bytes="5823520" bytesdiscarded="193312" />
  <memory-copied type="tenure" objects="35405" bytes="1395280" bytesdiscarded="456" />
  <finalization candidates="106" enqueued="96" />
  <ownableSynchronizers candidates="8732" cleared="8130" />
  <references type="soft" candidates="769" cleared="0" enqueued="0" dynamicThreshold="9" maxThreshold="32" />
  <references type="weak" candidates="1303" cleared="570" enqueued="521" />
  <references type="phantom" candidates="50" cleared="8" enqueued="8" />
  <object-monitors candidates="198" cleared="6"  />
</gc-op>
<gc-end id="2292" type="scavenge" contextid="2288" durationms="57.138" usertimems="37.391" systemtimems="22.603" stalltimems="65.066" timestamp="2025-12-12T04:11:39.444" activeThreads="11">
  <mem-info id="2293" free="183557032" total="361889792" percent="50">
    <mem type="nursery" free="152960248" total="178257920" percent="85">
      <mem type="allocate" free="152960248" total="158990336" percent="96" />
      <mem type="survivor" free="0" total="19267584" percent="0" />
    </mem>
    <mem type="tenure" free="30596784" total="183631872" percent="16" macro-fragmented="27735676">
      <mem type="soa" free="28759728" total="181794816" percent="15" />
      <mem type="loa" free="1837056" total="1837056" percent="100" />
    </mem>
    <pending-finalizers system="2" default="94" reference="529" classloader="0" />
    <remembered-set count="2917" />
  </mem-info>
</gc-end>
<cycle-end id="2294" type="scavenge" contextid="2288" timestamp="2025-12-12T04:11:39.446" />
<allocation-satisfied id="2295" threadId="0000000001908100" bytesRequested="160" />
<af-end id="2296" timestamp="2025-12-12T04:11:39.448" threadId="0000000001908B78" success="true" from="nursery"/>
<exclusive-end id="2297" timestamp="2025-12-12T04:11:39.449" durationms="65.595" />

<exclusive-start id="2298" timestamp="2025-12-12T04:12:06.297" intervalms="26914.151">
  <response-info timems="0.055" idlems="0.055" threads="0" lastid="0000000002939600" lastname="Default Executor-thread-60" />
</exclusive-start>
<af-start id="2299" threadId="000000000293A078" totalBytesRequested="32" timestamp="2025-12-12T04:12:06.298" intervalms="26912.708" type="nursery" />
<cycle-start id="2300" type="scavenge" contextid="0" timestamp="2025-12-12T04:12:06.299" intervalms="26912.712" />
<gc-start id="2301" type="scavenge" contextid="2300" timestamp="2025-12-12T04:12:06.299">
  <mem-info id="2302" free="30550656" total="361889792" percent="8">
    <mem type="nursery" free="0" total="178257920" percent="0">
      <mem type="allocate" free="0" total="158990336" percent="0" />
      <mem type="survivor" free="0" total="19267584" percent="0" />
    </mem>
    <mem type="tenure" free="30550656" total="183631872" percent="16">
      <mem type="soa" free="28713600" total="181794816" percent="15" />
      <mem type="loa" free="1837056" total="1837056" percent="100" />
    </mem>
    <remembered-set count="4824" />
  </mem-info>
</gc-start>
<allocation-stats totalBytes="152963160" discardedBytes="43216" >
  <allocated-bytes non-tlh="308440" tlh="152654720" />
  <largest-consumer threadName="Default Executor-thread-2" threadId="000000000085B900" bytes="57880864" />
</allocation-stats>
<gc-op id="2303" type="scavenge" timems="9.681" contextid="2300" timestamp="2025-12-12T04:12:06.310">
  <scavenger-info tenureage="3" tenuremask="ffc8" tiltratio="89" />
  <memory-copied type="nursery" objects="239492" bytes="8882432" bytesdiscarded="226320" />
  <memory-copied type="tenure" objects="35444" bytes="1362960" bytesdiscarded="896" />
  <finalization candidates="199" enqueued="188" />
  <ownableSynchronizers candidates="7433" cleared="6717" />
  <references type="soft" candidates="827" cleared="0" enqueued="0" dynamicThreshold="9" maxThreshold="32" />
  <references type="weak" candidates="1463" cleared="634" enqueued="591" />
  <references type="phantom" candidates="49" cleared="6" enqueued="6" />
  <object-monitors candidates="197" cleared="4"  />
</gc-op>
<heap-resize id="2304" type="contract" space="nursery" amount="1835008" count="1" timems="0.093" reason="insufficient time being spent scavenging" timestamp="2025-12-12T04:12:06.311" />
<gc-end id="2305" type="scavenge" contextid="2300" durationms="29.267" usertimems="45.535" systemtimems="9.993" stalltimems="58.677" timestamp="2025-12-12T04:12:06.329" activeThreads="12">
  <mem-info id="2306" free="178908112" total="360054784" percent="49">
    <mem type="nursery" free="149658640" total="176422912" percent="84">
      <mem type="allocate" free="149658640" total="158793728" percent="94" />
      <mem type="survivor" free="0" total="17629184" percent="0" />
    </mem>
    <mem type="tenure" free="29249472" total="183631872" percent="15" macro-fragmented="19260884">
      <mem type="soa" free="27412416" total="181794816" percent="15" />
      <mem type="loa" free="1837056" total="1837056" percent="100" />
    </mem>
    <pending-finalizers system="2" default="186" reference="597" classloader="0" />
    <remembered-set count="3253" />
  </mem-info>
</gc-end>
<cycle-end id="2307" type="scavenge" contextid="2300" timestamp="2025-12-12T04:12:06.330" />
<allocation-satisfied id="2308" threadId="0000000002939600" bytesRequested="32" />
<af-end id="2309" timestamp="2025-12-12T04:12:06.331" threadId="000000000293A078" success="true" from="nursery"/>
<exclusive-end id="2310" timestamp="2025-12-12T04:12:06.331" durationms="33.822" />

<exclusive-start id="2311" timestamp="2025-12-12T04:14:19.257" intervalms="132959.745">
  <response-info timems="0.069" idlems="0.069" threads="0" lastid="00000000005F3B00" lastname="Default Executor-thread-65" />
</exclusive-start>
<af-start id="2312" threadId="00000000005F4578" totalBytesRequested="8200" timestamp="2025-12-12T04:14:19.258" intervalms="132960.294" type="nursery" />
<cycle-start id="2313" type="scavenge" contextid="0" timestamp="2025-12-12T04:14:19.259" intervalms="132960.591" />
<gc-start id="2314" type="scavenge" contextid="2313" timestamp="2025-12-12T04:14:19.261">
  <mem-info id="2315" free="29238888" total="360054784" percent="8">
    <mem type="nursery" free="0" total="176422912" percent="0">
      <mem type="allocate" free="0" total="158793728" percent="0" />
      <mem type="survivor" free="0" total="17629184" percent="0" />
    </mem>
    <mem type="tenure" free="29238888" total="183631872" percent="15">
      <mem type="soa" free="27401832" total="181794816" percent="15" />
      <mem type="loa" free="1837056" total="1837056" percent="100" />
    </mem>
    <remembered-set count="5252" />
  </mem-info>
</gc-start>
<allocation-stats totalBytes="149546880" discardedBytes="122344" >
  <allocated-bytes non-tlh="895432" tlh="148651448" />
  <largest-consumer threadName="Timer-7" threadId="0000000000FF6900" bytes="20942904" />
</allocation-stats>
<gc-op id="2316" type="scavenge" timems="17.174" contextid="2313" timestamp="2025-12-12T04:14:19.281">
  <scavenger-info tenureage="3" tenuremask="ffe8" tiltratio="90" />
  <memory-copied type="nursery" objects="125991" bytes="4915864" bytesdiscarded="243328" />
  <memory-copied type="tenure" objects="51283" bytes="2488080" bytesdiscarded="3312" />
  <finalization candidates="12" enqueued="2" />
  <ownableSynchronizers candidates="13506" cleared="12894" />
  <references type="soft" candidates="550" cleared="0" enqueued="0" dynamicThreshold="9" maxThreshold="32" />
  <references type="weak" candidates="997" cleared="206" enqueued="170" />
  <references type="phantom" candidates="10" cleared="0" enqueued="0" />
  <object-monitors candidates="218" cleared="9"  />
</gc-op>
<gc-end id="2317" type="scavenge" contextid="2313" durationms="39.893" usertimems="33.468" systemtimems="12.490" stalltimems="28.656" timestamp="2025-12-12T04:14:19.301" activeThreads="11">
  <mem-info id="2318" free="180449704" total="360054784" percent="50">
    <mem type="nursery" free="153561712" total="176422912" percent="87">
      <mem type="allocate" free="153561712" total="158728192" percent="96" />
      <mem type="survivor" free="0" total="17694720" percent="0" />
    </mem>
    <mem type="tenure" free="26887992" total="183631872" percent="14" macro-fragmented="23113062">
      <mem type="soa" free="25050936" total="181794816" percent="13" />
      <mem type="loa" free="1837056" total="1837056" percent="100" />
    </mem>
    <pending-finalizers system="0" default="2" reference="170" classloader="0" />
    <remembered-set count="2547" />
  </mem-info>
</gc-end>
<cycle-end id="2319" type="scavenge" contextid="2313" timestamp="2025-12-12T04:14:19.302" />
<allocation-satisfied id="2320" threadId="00000000005F3B00" bytesRequested="8200" />
<af-end id="2321" timestamp="2025-12-12T04:14:19.303" threadId="00000000005F4578" success="true" from="nursery"/>
<exclusive-end id="2322" timestamp="2025-12-12T04:14:19.303" durationms="46.158" />

<exclusive-start id="2323" timestamp="2025-12-12T04:14:47.278" intervalms="28021.187">
  <response-info timems="0.058" idlems="0.058" threads="0" lastid="000000000188F500" lastname="Default Executor-thread-28" />
</exclusive-start>
<af-start id="2324" threadId="000000000188FF78" totalBytesRequested="24" timestamp="2025-12-12T04:14:47.279" intervalms="28020.738" type="nursery" />
<cycle-start id="2325" type="scavenge" contextid="0" timestamp="2025-12-12T04:14:47.280" intervalms="28020.270" />
<gc-start id="2326" type="scavenge" contextid="2325" timestamp="2025-12-12T04:14:47.280">
  <mem-info id="2327" free="26843560" total="360054784" percent="7">
    <mem type="nursery" free="0" total="176422912" percent="0">
      <mem type="allocate" free="0" total="158728192" percent="0" />
      <mem type="survivor" free="0" total="17694720" percent="0" />
    </mem>
    <mem type="tenure" free="26843560" total="183631872" percent="14">
      <mem type="soa" free="25006504" total="181794816" percent="13" />
      <mem type="loa" free="1837056" total="1837056" percent="100" />
    </mem>
    <remembered-set count="4485" />
  </mem-info>
</gc-start>
<allocation-stats totalBytes="153540952" discardedBytes="65192" >
  <allocated-bytes non-tlh="355760" tlh="153185192" />
  <largest-consumer threadName="Default Executor-thread-23" threadId="0000000001982000" bytes="57904680" />
</allocation-stats>
<gc-op id="2328" type="scavenge" timems="6.650" contextid="2325" timestamp="2025-12-12T04:14:47.288">
  <scavenger-info tenureage="5" tenuremask="ff60" tiltratio="89" />
  <memory-copied type="nursery" objects="261670" bytes="9165808" bytesdiscarded="103304" />
  <finalization candidates="198" enqueued="188" />
  <ownableSynchronizers candidates="7413" cleared="6794" />
  <references type="soft" candidates="807" cleared="0" enqueued="0" dynamicThreshold="9" maxThreshold="32" />
  <references type="weak" candidates="1722" cleared="648" enqueued="604" />
  <references type="phantom" candidates="49" cleared="34" enqueued="34" />
  <object-monitors candidates="214" cleared="4"  />
</gc-op>
<gc-end id="2329" type="scavenge" contextid="2325" durationms="24.602" usertimems="53.548" systemtimems="0.000" stalltimems="37.888" timestamp="2025-12-12T04:14:47.305" activeThreads="13">
  <mem-info id="2330" free="176275488" total="360054784" percent="48">
    <mem type="nursery" free="149431928" total="176422912" percent="84">
      <mem type="allocate" free="149431928" total="158728192" percent="94" />
      <mem type="survivor" free="0" total="17694720" percent="0" />
    </mem>
    <mem type="tenure" free="26843560" total="183631872" percent="14" macro-fragmented="19260884">
      <mem type="soa" free="25006504" total="181794816" percent="13" />
      <mem type="loa" free="1837056" total="1837056" percent="100" />
    </mem>
    <pending-finalizers system="2" default="186" reference="638" classloader="0" />
    <remembered-set count="2581" />
  </mem-info>
</gc-end>
<cycle-end id="2331" type="scavenge" contextid="2325" timestamp="2025-12-12T04:14:47.306" />
<allocation-satisfied id="2332" threadId="000000000188F500" bytesRequested="24" />
<af-end id="2333" timestamp="2025-12-12T04:14:47.307" threadId="000000000188FF78" success="true" from="nursery"/>
<exclusive-end id="2334" timestamp="2025-12-12T04:14:47.307" durationms="28.892" />

<exclusive-start id="2335" timestamp="2025-12-12T04:15:18.012" intervalms="30733.843">
  <response-info timems="0.063" idlems="0.063" threads="0" lastid="000000000188F500" lastname="Default Executor-thread-28" />
</exclusive-start>
<af-start id="2336" threadId="000000000188FF78" totalBytesRequested="32" timestamp="2025-12-12T04:15:18.012" intervalms="30733.636" type="nursery" />
<cycle-start id="2337" type="scavenge" contextid="0" timestamp="2025-12-12T04:15:18.013" intervalms="30733.780" />
<gc-start id="2338" type="scavenge" contextid="2337" timestamp="2025-12-12T04:15:18.014">
  <mem-info id="2339" free="26802104" total="360054784" percent="7">
    <mem type="nursery" free="0" total="176422912" percent="0">
      <mem type="allocate" free="0" total="158728192" percent="0" />
      <mem type="survivor" free="0" total="17694720" percent="0" />
    </mem>
    <mem type="tenure" free="26802104" total="183631872" percent="14">
      <mem type="soa" free="24965048" total="181794816" percent="13" />
      <mem type="loa" free="1837056" total="1837056" percent="100" />
    </mem>
    <remembered-set count="4553" />
  </mem-info>
</gc-start>
<allocation-stats totalBytes="149359408" discardedBytes="113976" >
  <allocated-bytes non-tlh="467488" tlh="148891920" />
  <largest-consumer threadName="Default Executor-thread-64" threadId="000000000187E400" bytes="56895608" />
</allocation-stats>
<gc-op id="2340" type="scavenge" timems="13.015" contextid="2337" timestamp="2025-12-12T04:15:18.028">
  <scavenger-info tenureage="3" tenuremask="fff8" tiltratio="89" />
  <memory-copied type="nursery" objects="131740" bytes="5037096" bytesdiscarded="104144" />
  <memory-copied type="tenure" objects="109367" bytes="4059552" bytesdiscarded="2568" />
  <finalization candidates="110" enqueued="97" />
  <ownableSynchronizers candidates="8375" cleared="7662" />
  <references type="soft" candidates="660" cleared="0" enqueued="0" dynamicThreshold="9" maxThreshold="32" />
  <references type="weak" candidates="1518" cleared="631" enqueued="559" />
  <references type="phantom" candidates="18" cleared="3" enqueued="3" />
  <object-monitors candidates="216" cleared="6"  />
</gc-op>
<gc-end id="2341" type="scavenge" contextid="2337" durationms="29.733" usertimems="27.694" systemtimems="35.576" stalltimems="54.170" timestamp="2025-12-12T04:15:18.044" activeThreads="12">
  <mem-info id="2342" free="176243632" total="360054784" percent="48">
    <mem type="nursery" free="153573088" total="176422912" percent="87">
      <mem type="allocate" free="153573088" total="158728192" percent="96" />
      <mem type="survivor" free="0" total="17694720" percent="0" />
    </mem>
    <mem type="tenure" free="22670544" total="183631872" percent="12" macro-fragmented="16050736">
      <mem type="soa" free="20833488" total="181794816" percent="11" />
      <mem type="loa" free="1837056" total="1837056" percent="100" />
    </mem>
    <pending-finalizers system="1" default="96" reference="562" classloader="0" />
    <remembered-set count="3139" />
  </mem-info>
</gc-end>
<cycle-end id="2343" type="scavenge" contextid="2337" timestamp="2025-12-12T04:15:18.045" />
<allocation-satisfied id="2344" threadId="000000000188F500" bytesRequested="32" />
<af-end id="2345" timestamp="2025-12-12T04:15:18.047" threadId="000000000188FF78" success="true" from="nursery"/>
<exclusive-end id="2346" timestamp="2025-12-12T04:15:18.048" durationms="35.722" />

<exclusive-start id="2347" timestamp="2025-12-12T04:16:02.499" intervalms="44486.735">
  <response-info timems="0.061" idlems="0.061" threads="0" lastid="00000000018A7800" lastname="Default Executor-thread-67" />
</exclusive-start>
<af-start id="2348" threadId="00000000018A8278" totalBytesRequested="48" timestamp="2025-12-12T04:16:02.500" intervalms="44487.440" type="nursery" />
<cycle-start id="2349" type="scavenge" contextid="0" timestamp="2025-12-12T04:16:02.501" intervalms="44487.988" />
<gc-start id="2350" type="scavenge" contextid="2349" timestamp="2025-12-12T04:16:02.503">
  <mem-info id="2351" free="22640144" total="360054784" percent="6">
    <mem type="nursery" free="0" total="176422912" percent="0">
      <mem type="allocate" free="0" total="158728192" percent="0" />
      <mem type="survivor" free="0" total="17694720" percent="0" />
    </mem>
    <mem type="tenure" free="22640144" total="183631872" percent="12">
      <mem type="soa" free="20803088" total="181794816" percent="11" />
      <mem type="loa" free="1837056" total="1837056" percent="100" />
    </mem>
    <remembered-set count="5025" />
  </mem-info>
</gc-start>
<allocation-stats totalBytes="153465728" discardedBytes="137760" >
  <allocated-bytes non-tlh="522016" tlh="152943712" />
  <largest-consumer threadName="Default Executor-thread-83" threadId="00000000005FB800" bytes="56815872" />
</allocation-stats>
<gc-op id="2352" type="scavenge" timems="11.742" contextid="2349" timestamp="2025-12-12T04:16:02.517">
  <scavenger-info tenureage="6" tenuremask="ffc0" tiltratio="89" />
  <memory-copied type="nursery" objects="208350" bytes="7899072" bytesdiscarded="162568" />
  <finalization candidates="198" enqueued="188" />
  <ownableSynchronizers candidates="7324" cleared="6754" />
  <references type="soft" candidates="880" cleared="0" enqueued="0" dynamicThreshold="9" maxThreshold="32" />
  <references type="weak" candidates="1923" cleared="680" enqueued="635" />
  <references type="phantom" candidates="85" cleared="62" enqueued="62" />
  <object-monitors candidates="235" cleared="19"  />
</gc-op>
<gc-end id="2353" type="scavenge" contextid="2349" durationms="23.909" usertimems="37.771" systemtimems="0.000" stalltimems="92.180" timestamp="2025-12-12T04:16:02.527" activeThreads="12">
  <mem-info id="2354" free="173283184" total="360054784" percent="48">
    <mem type="nursery" free="150643040" total="176422912" percent="85">
      <mem type="allocate" free="150643040" total="158728192" percent="94" />
      <mem type="survivor" free="0" total="17694720" percent="0" />
    </mem>
    <mem type="tenure" free="22640144" total="183631872" percent="12" macro-fragmented="16050736">
      <mem type="soa" free="20803088" total="181794816" percent="11" />
      <mem type="loa" free="1837056" total="1837056" percent="100" />
    </mem>
    <pending-finalizers system="2" default="186" reference="697" classloader="0" />
    <remembered-set count="3011" />
  </mem-info>
</gc-end>
<cycle-end id="2355" type="scavenge" contextid="2349" timestamp="2025-12-12T04:16:02.528" />
<allocation-satisfied id="2356" threadId="00000000018A7800" bytesRequested="48" />
<af-end id="2357" timestamp="2025-12-12T04:16:02.531" threadId="00000000018A8278" success="true" from="nursery"/>
<exclusive-end id="2358" timestamp="2025-12-12T04:16:02.532" durationms="32.979" />

<exclusive-start id="2359" timestamp="2025-12-12T04:16:28.170" intervalms="25671.720">
  <response-info timems="0.105" idlems="0.105" threads="0" lastid="00000000018D4C00" lastname="Default Executor-thread-15" />
</exclusive-start>
<af-start id="2360" threadId="00000000018D5678" totalBytesRequested="1160" timestamp="2025-12-12T04:16:28.172" intervalms="25672.027" type="nursery" />
<cycle-start id="2361" type="scavenge" contextid="0" timestamp="2025-12-12T04:16:28.173" intervalms="25671.918" />
<gc-start id="2362" type="scavenge" contextid="2361" timestamp="2025-12-12T04:16:28.174">
  <mem-info id="2363" free="22596720" total="360054784" percent="6">
    <mem type="nursery" free="0" total="176422912" percent="0">
      <mem type="allocate" free="0" total="158728192" percent="0" />
      <mem type="survivor" free="0" total="17694720" percent="0" />
    </mem>
    <mem type="tenure" free="22596720" total="183631872" percent="12">
      <mem type="soa" free="20759664" total="181794816" percent="11" />
      <mem type="loa" free="1837056" total="1837056" percent="100" />
    </mem>
    <remembered-set count="4888" />
  </mem-info>
</gc-start>
<allocation-stats totalBytes="150628152" discardedBytes="58312" >
  <allocated-bytes non-tlh="440808" tlh="150187344" />
  <largest-consumer threadName="Default Executor-thread-20" threadId="00000000018DED00" bytes="57969248" />
</allocation-stats>
<gc-op id="2364" type="scavenge" timems="10.302" contextid="2361" timestamp="2025-12-12T04:16:28.187">
  <scavenger-info tenureage="3" tenuremask="4008" tiltratio="89" />
  <memory-copied type="nursery" objects="196579" bytes="7524264" bytesdiscarded="108720" />
  <memory-copied type="tenure" objects="65803" bytes="2267504" bytesdiscarded="864" />
  <finalization candidates="109" enqueued="97" />
  <ownableSynchronizers candidates="9234" cleared="8426" />
  <references type="soft" candidates="942" cleared="0" enqueued="0" dynamicThreshold="9" maxThreshold="32" />
  <references type="weak" candidates="1917" cleared="628" enqueued="566" />
  <references type="phantom" candidates="25" cleared="3" enqueued="3" />
  <object-monitors candidates="224" cleared="6"  />
</gc-op>
<gc-end id="2365" type="scavenge" contextid="2361" durationms="37.134" usertimems="62.687" systemtimems="7.391" stalltimems="28.514" timestamp="2025-12-12T04:16:28.212" activeThreads="10">
  <mem-info id="2366" free="170812688" total="360054784" percent="47">
    <mem type="nursery" free="151076568" total="176422912" percent="85">
      <mem type="allocate" free="151076568" total="158728192" percent="95" />
      <mem type="survivor" free="0" total="17694720" percent="0" />
    </mem>
    <mem type="tenure" free="19736120" total="183631872" percent="10" macro-fragmented="0">
      <mem type="soa" free="17899064" total="181794816" percent="9" />
      <mem type="loa" free="1837056" total="1837056" percent="100" />
    </mem>
    <pending-finalizers system="1" default="96" reference="569" classloader="0" />
    <remembered-set count="3508" />
  </mem-info>
</gc-end>
<cycle-end id="2367" type="scavenge" contextid="2361" timestamp="2025-12-12T04:16:28.213" />
<allocation-satisfied id="2368" threadId="00000000018D4C00" bytesRequested="1160" />
<af-end id="2369" timestamp="2025-12-12T04:16:28.216" threadId="00000000018D5678" success="true" from="nursery"/>
<exclusive-end id="2370" timestamp="2025-12-12T04:16:28.217" durationms="46.871" />

<exclusive-start id="2371" timestamp="2025-12-12T04:17:25.233" intervalms="57062.425">
  <response-info timems="0.051" idlems="0.051" threads="0" lastid="0000000001991900" lastname="Default Executor-thread-86" />
</exclusive-start>
<af-start id="2372" threadId="0000000001992378" totalBytesRequested="8200" timestamp="2025-12-12T04:17:25.234" intervalms="57062.333" type="nursery" />
<cycle-start id="2373" type="scavenge" contextid="0" timestamp="2025-12-12T04:17:25.235" intervalms="57062.236" />
<gc-start id="2374" type="scavenge" contextid="2373" timestamp="2025-12-12T04:17:25.237">
  <mem-info id="2375" free="19710576" total="360054784" percent="5">
    <mem type="nursery" free="0" total="176422912" percent="0">
      <mem type="allocate" free="0" total="158728192" percent="0" />
      <mem type="survivor" free="0" total="17694720" percent="0" />
    </mem>
    <mem type="tenure" free="19710576" total="183631872" percent="10">
      <mem type="soa" free="17873520" total="181794816" percent="9" />
      <mem type="loa" free="1837056" total="1837056" percent="100" />
    </mem>
    <remembered-set count="5418" />
  </mem-info>
</gc-start>
<allocation-stats totalBytes="151014088" discardedBytes="88024" >
  <allocated-bytes non-tlh="780440" tlh="150233648" />
  <largest-consumer threadName="Default Executor-thread-92" threadId="000000000085F600" bytes="57016952" />
</allocation-stats>
<gc-op id="2376" type="scavenge" timems="16.488" contextid="2373" timestamp="2025-12-12T04:17:25.255">
  <scavenger-info tenureage="14" tenuremask="4000" tiltratio="89" />
  <memory-copied type="nursery" objects="216006" bytes="8457360" bytesdiscarded="105816" />
  <finalization candidates="108" enqueued="96" />
  <ownableSynchronizers candidates="8428" cleared="7730" />
  <references type="soft" candidates="1127" cleared="0" enqueued="0" dynamicThreshold="9" maxThreshold="32" />
  <references type="weak" candidates="2044" cleared="579" enqueued="526" />
  <references type="phantom" candidates="42" cleared="6" enqueued="6" />
  <object-monitors candidates="221" cleared="4"  />
</gc-op>
<gc-end id="2377" type="scavenge" contextid="2373" durationms="37.078" usertimems="58.120" systemtimems="0.000" stalltimems="33.365" timestamp="2025-12-12T04:17:25.274" activeThreads="10">
  <mem-info id="2378" free="169858040" total="360054784" percent="47">
    <mem type="nursery" free="150147464" total="176422912" percent="85">
      <mem type="allocate" free="150147464" total="158728192" percent="94" />
      <mem type="survivor" free="0" total="17694720" percent="0" />
    </mem>
    <mem type="tenure" free="19710576" total="183631872" percent="10" macro-fragmented="16050736">
      <mem type="soa" free="17873520" total="181794816" percent="9" />
      <mem type="loa" free="1837056" total="1837056" percent="100" />
    </mem>
    <pending-finalizers system="2" default="94" reference="532" classloader="0" />
    <remembered-set count="3420" />
  </mem-info>
</gc-end>
<cycle-end id="2379" type="scavenge" contextid="2373" timestamp="2025-12-12T04:17:25.275" />
<allocation-satisfied id="2380" threadId="0000000001991900" bytesRequested="8200" />
<af-end id="2381" timestamp="2025-12-12T04:17:25.276" threadId="0000000001992378" success="true" from="nursery"/>
<exclusive-end id="2382" timestamp="2025-12-12T04:17:25.276" durationms="43.561" />

<exclusive-start id="2383" timestamp="2025-12-12T04:17:53.789" intervalms="28556.077">
  <response-info timems="0.059" idlems="0.059" threads="0" lastid="00000000018A8D00" lastname="Default Executor-thread-85" />
</exclusive-start>
<af-start id="2384" threadId="00000000018A9778" totalBytesRequested="24" timestamp="2025-12-12T04:17:53.789" intervalms="28555.073" type="nursery" />
<cycle-start id="2385" type="scavenge" contextid="0" timestamp="2025-12-12T04:17:53.790" intervalms="28554.390" />
<gc-start id="2386" type="scavenge" contextid="2385" timestamp="2025-12-12T04:17:53.791">
  <mem-info id="2387" free="19665064" total="360054784" percent="5">
    <mem type="nursery" free="0" total="176422912" percent="0">
      <mem type="allocate" free="0" total="158728192" percent="0" />
      <mem type="survivor" free="0" total="17694720" percent="0" />
    </mem>
    <mem type="tenure" free="19665064" total="183631872" percent="10">
      <mem type="soa" free="17828008" total="181794816" percent="9" />
      <mem type="loa" free="1837056" total="1837056" percent="100" />
    </mem>
    <remembered-set count="5265" />
  </mem-info>
</gc-start>
<allocation-stats totalBytes="150155144" discardedBytes="37832" >
  <allocated-bytes non-tlh="446944" tlh="149708200" />
  <largest-consumer threadName="Default Executor-thread-86" threadId="0000000001991900" bytes="51465224" />
</allocation-stats>
<gc-op id="2388" type="scavenge" timems="10.414" contextid="2385" timestamp="2025-12-12T04:17:53.802">
  <scavenger-info tenureage="3" tenuremask="4018" tiltratio="89" />
  <memory-copied type="nursery" objects="239018" bytes="8600824" bytesdiscarded="142976" />
  <memory-copied type="tenure" objects="102769" bytes="3840328" bytesdiscarded="2728" />
  <finalization candidates="201" enqueued="187" />
  <ownableSynchronizers candidates="9269" cleared="8361" />
  <references type="soft" candidates="963" cleared="0" enqueued="0" dynamicThreshold="9" maxThreshold="32" />
  <references type="weak" candidates="1649" cleared="637" enqueued="596" />
  <references type="phantom" candidates="47" cleared="3" enqueued="3" />
  <object-monitors candidates="221" cleared="2"  />
</gc-op>
<gc-end id="2389" type="scavenge" contextid="2385" durationms="17.434" usertimems="58.243" systemtimems="7.389" stalltimems="50.838" timestamp="2025-12-12T04:17:53.808" activeThreads="12">
  <mem-info id="2390" free="165873888" total="360054784" percent="46">
    <mem type="nursery" free="149959040" total="176422912" percent="84">
      <mem type="allocate" free="149959040" total="158728192" percent="94" />
      <mem type="survivor" free="0" total="17694720" percent="0" />
    </mem>
    <mem type="tenure" free="15914848" total="183631872" percent="8" macro-fragmented="13375613">
      <mem type="soa" free="14077792" total="181794816" percent="7" />
      <mem type="loa" free="1837056" total="1837056" percent="100" />
    </mem>
    <pending-finalizers system="1" default="186" reference="599" classloader="0" />
    <remembered-set count="3571" />
  </mem-info>
</gc-end>
<cycle-end id="2391" type="scavenge" contextid="2385" timestamp="2025-12-12T04:17:53.809" />
<allocation-satisfied id="2392" threadId="00000000018A8D00" bytesRequested="24" />
<af-end id="2393" timestamp="2025-12-12T04:17:53.810" threadId="00000000018A9778" success="true" from="nursery"/>
<exclusive-end id="2394" timestamp="2025-12-12T04:17:53.810" durationms="21.336" />

<concurrent-kickoff id="2395" timestamp="2025-12-12T04:20:19.696">
  <kickoff reason="threshold reached" targetBytes="95824624" thresholdFreeBytes="13244441"  remainingFree="13144408" tenureFreeBytes="15909752" nurseryFreeBytes="13144408" />
</concurrent-kickoff>
<exclusive-start id="2396" timestamp="2025-12-12T04:20:19.762" intervalms="145972.889">
  <response-info timems="0.118" idlems="0.118" threads="0" lastid="0000000001935800" lastname="Default Executor-thread-16" />
</exclusive-start>
<cycle-start id="2397" type="global" contextid="0" timestamp="2025-12-12T04:20:19.764" intervalms="901947.648" />
<concurrent-start id="2398" type="global mark" contextid="2397" timestamp="2025-12-12T04:20:19.765">
</concurrent-start>
<exclusive-end id="2399" timestamp="2025-12-12T04:20:19.767" durationms="5.122" />

<concurrent-end id="2400" type="global mark" contextid="2397" timestamp="2025-12-12T04:20:36.771">
<gc-op id="2401" type="trace" timems="17005.752" contextid="2397" timestamp="2025-12-12T04:20:36.771">
  <trace bytesTraced="71719352" workStackOverflowCount="0" />
  <card-cleaning reason="card cleaning threshold reached" bytesTraced="70836" cardsCleaned="339" />
</gc-op>
</concurrent-end>

<exclusive-start id="2402" timestamp="2025-12-12T04:20:36.774" intervalms="17012.213">
  <response-info timems="0.087" idlems="0.087" threads="0" lastid="00000000005EFE00" lastname="Default Executor-thread-40" />
</exclusive-start>
<concurrent-global-final id="2403" timestamp="2025-12-12T04:20:36.776" contextid="2397" intervalms="914745.476" >
  <concurrent-trace-info reason="card cleaning threshold reached" tracedByMutators="362928" tracedByHelpers="71427260" cardsCleaned="339" workStackOverflowCount="0" />
</concurrent-global-final>
<gc-start id="2404" type="global" contextid="2397" timestamp="2025-12-12T04:20:36.778">
  <mem-info id="2405" free="16848080" total="360054784" percent="4">
    <mem type="nursery" free="938328" total="176422912" percent="0">
      <mem type="allocate" free="938328" total="158728192" percent="0" />
      <mem type="survivor" free="0" total="17694720" percent="0" />
    </mem>
    <mem type="tenure" free="15909752" total="183631872" percent="8">
      <mem type="soa" free="14072696" total="181794816" percent="7" />
      <mem type="loa" free="1837056" total="1837056" percent="100" />
    </mem>
    <remembered-set count="5204" />
  </mem-info>
</gc-start>
<allocation-stats totalBytes="148918288" discardedBytes="107520" >
  <allocated-bytes non-tlh="398352" tlh="148519936" />
  <largest-consumer threadName="Timer-7" threadId="0000000000FF6900" bytes="28647480" />
</allocation-stats>
<gc-op id="2406" type="rs-scan" timems="11.053" contextid="2397" timestamp="2025-12-12T04:20:36.791">
  <scan objectsFound="173260" bytesTraced="6052244" workStackOverflowCount="0" />
</gc-op>
<gc-op id="2407" type="card-cleaning" timems="1.938" contextid="2397" timestamp="2025-12-12T04:20:36.794">
  <card-cleaning cardsCleaned="103" bytesTraced="66104" workStackOverflowCount="0" />
</gc-op>
<gc-op id="2408" type="mark" timems="42.069" contextid="2397" timestamp="2025-12-12T04:20:36.837">
  <trace-info objectcount="514463" scancount="502598" scanbytes="16447280" />
  <finalization candidates="952" enqueued="35" />
  <ownableSynchronizers candidates="25862" cleared="14037" />
  <references type="soft" candidates="20656" cleared="1504" enqueued="1499" dynamicThreshold="9" maxThreshold="32" />
  <references type="weak" candidates="21597" cleared="733" enqueued="605" />
  <references type="phantom" candidates="1692" cleared="202" enqueued="202" />
  <stringconstants candidates="59724" cleared="217"  />
  <object-monitors candidates="221" cleared="25"  />
</gc-op>
<gc-op id="2409" type="classunload" timems="3.041" contextid="2397" timestamp="2025-12-12T04:20:36.840">
  <classunload-info classloadercandidates="877" classloadersunloaded="51" classesunloaded="31" anonymousclassesunloaded="0" quiescems="0.000" setupms="2.735" scanms="0.157" postms="0.149" />
</gc-op>
<gc-op id="2410" type="sweep" timems="3.111" contextid="2397" timestamp="2025-12-12T04:20:36.844" />
<heap-resize id="2411" type="expand" space="tenure" amount="49610752" count="1" timems="2.040" reason="insufficient free space following gc" timestamp="2025-12-12T04:20:36.847" />
<gc-end id="2412" type="global" contextid="2397" durationms="82.379" usertimems="400.076" systemtimems="45.306" stalltimems="457.357" timestamp="2025-12-12T04:20:36.860" activeThreads="20">
  <mem-info id="2413" free="218809528" total="409665536" percent="53">
    <mem type="nursery" free="148829784" total="176422912" percent="84">
      <mem type="allocate" free="148829784" total="158728192" percent="93" />
      <mem type="survivor" free="0" total="17694720" percent="0" />
    </mem>
    <mem type="tenure" free="69979744" total="233242624" percent="30" micro-fragmented="3928731" macro-fragmented="61448">
      <mem type="soa" free="67647072" total="230909952" percent="29" />
      <mem type="loa" free="2332672" total="2332672" percent="100" />
    </mem>
    <pending-finalizers system="1" default="34" reference="2306" classloader="0" />
    <remembered-set count="3752" />
  </mem-info>
</gc-end>
<cycle-end id="2414" type="global" contextid="2397" timestamp="2025-12-12T04:20:36.861" />
<exclusive-end id="2415" timestamp="2025-12-12T04:20:36.861" durationms="87.266" />

<exclusive-start id="2416" timestamp="2025-12-12T04:21:31.175" intervalms="54401.257">
  <response-info timems="0.109" idlems="0.109" threads="0" lastid="00000000014B8A00" lastname="ClassloaderMapProcessingThread-9" />
</exclusive-start>
<af-start id="2417" threadId="00000000014B9478" totalBytesRequested="40" timestamp="2025-12-12T04:21:31.177" intervalms="217387.731" type="nursery" />
<cycle-start id="2418" type="scavenge" contextid="0" timestamp="2025-12-12T04:21:31.179" intervalms="217388.947" />
<gc-start id="2419" type="scavenge" contextid="2418" timestamp="2025-12-12T04:21:31.181">
  <mem-info id="2420" free="69939112" total="409665536" percent="17">
    <mem type="nursery" free="0" total="176422912" percent="0">
      <mem type="allocate" free="0" total="158728192" percent="0" />
      <mem type="survivor" free="0" total="17694720" percent="0" />
    </mem>
    <mem type="tenure" free="69939112" total="233242624" percent="29">
      <mem type="soa" free="67606440" total="230909952" percent="29" />
      <mem type="loa" free="2332672" total="2332672" percent="100" />
    </mem>
    <remembered-set count="7342" />
  </mem-info>
</gc-start>
<allocation-stats totalBytes="148533648" discardedBytes="308392" >
  <allocated-bytes non-tlh="2465400" tlh="146068248" />
  <largest-consumer threadName="Default Executor-thread-93" threadId="000000000085DE00" bytes="57378896" />
</allocation-stats>
<gc-op id="2421" type="scavenge" timems="20.689" contextid="2418" timestamp="2025-12-12T04:21:31.203">
  <scavenger-info tenureage="14" tenuremask="4000" tiltratio="89" />
  <memory-copied type="nursery" objects="217822" bytes="8692376" bytesdiscarded="130560" />
  <finalization candidates="109" enqueued="96" />
  <ownableSynchronizers candidates="31312" cleared="30557" />
  <references type="soft" candidates="945" cleared="0" enqueued="0" dynamicThreshold="9" maxThreshold="32" />
  <references type="weak" candidates="1670" cleared="586" enqueued="518" />
  <references type="phantom" candidates="60" cleared="8" enqueued="8" />
  <object-monitors candidates="202" cleared="6"  />
</gc-op>
<gc-end id="2422" type="scavenge" contextid="2418" durationms="39.202" usertimems="60.392" systemtimems="21.971" stalltimems="74.973" timestamp="2025-12-12T04:21:31.220" activeThreads="12">
  <mem-info id="2423" free="219828464" total="409665536" percent="53">
    <mem type="nursery" free="149889352" total="176422912" percent="84">
      <mem type="allocate" free="149889352" total="158728192" percent="94" />
      <mem type="survivor" free="0" total="17694720" percent="0" />
    </mem>
    <mem type="tenure" free="69939112" total="233242624" percent="29" macro-fragmented="39939376">
      <mem type="soa" free="67606440" total="230909952" percent="29" />
      <mem type="loa" free="2332672" total="2332672" percent="100" />
    </mem>
    <pending-finalizers system="2" default="94" reference="526" classloader="0" />
    <remembered-set count="4731" />
  </mem-info>
</gc-end>
<cycle-end id="2424" type="scavenge" contextid="2418" timestamp="2025-12-12T04:21:31.221" />
<allocation-satisfied id="2425" threadId="00000000014B8A00" bytesRequested="40" />
<af-end id="2426" timestamp="2025-12-12T04:21:31.222" threadId="00000000014B9478" success="true" from="nursery"/>
<exclusive-end id="2427" timestamp="2025-12-12T04:21:31.223" durationms="47.476" />

<exclusive-start id="2428" timestamp="2025-12-12T04:21:56.750" intervalms="25574.437">
  <response-info timems="0.125" idlems="0.125" threads="0" lastid="0000000001890200" lastname="Default Executor-thread-12" />
</exclusive-start>
<af-start id="2429" threadId="0000000001890C78" totalBytesRequested="96" timestamp="2025-12-12T04:21:56.751" intervalms="25573.846" type="nursery" />
<cycle-start id="2430" type="scavenge" contextid="0" timestamp="2025-12-12T04:21:56.752" intervalms="25572.953" />
<gc-start id="2431" type="scavenge" contextid="2430" timestamp="2025-12-12T04:21:56.753">
  <mem-info id="2432" free="69894480" total="409665536" percent="17">
    <mem type="nursery" free="0" total="176422912" percent="0">
      <mem type="allocate" free="0" total="158728192" percent="0" />
      <mem type="survivor" free="0" total="17694720" percent="0" />
    </mem>
    <mem type="tenure" free="69894480" total="233242624" percent="29">
      <mem type="soa" free="67561808" total="230909952" percent="29" />
      <mem type="loa" free="2332672" total="2332672" percent="100" />
    </mem>
    <remembered-set count="6458" />
  </mem-info>
</gc-start>
<allocation-stats totalBytes="149895808" discardedBytes="31440" >
  <allocated-bytes non-tlh="300088" tlh="149595720" />
  <largest-consumer threadName="Default Executor-thread-23" threadId="0000000001982000" bytes="52290632" />
</allocation-stats>
<gc-op id="2433" type="scavenge" timems="12.790" contextid="2430" timestamp="2025-12-12T04:21:56.767">
  <scavenger-info tenureage="14" tenuremask="4000" tiltratio="89" />
  <memory-copied type="nursery" objects="356038" bytes="13092024" bytesdiscarded="162784" />
  <finalization candidates="202" enqueued="187" />
  <ownableSynchronizers candidates="7130" cleared="6160" />
  <references type="soft" candidates="1184" cleared="0" enqueued="0" dynamicThreshold="9" maxThreshold="32" />
  <references type="weak" candidates="1963" cleared="631" enqueued="590" />
  <references type="phantom" candidates="65" cleared="3" enqueued="3" />
  <object-monitors candidates="198" cleared="1"  />
</gc-op>
<gc-end id="2434" type="scavenge" contextid="2430" durationms="21.915" usertimems="59.859" systemtimems="14.917" stalltimems="77.423" timestamp="2025-12-12T04:21:56.775" activeThreads="13">
  <mem-info id="2435" free="213437432" total="409665536" percent="52">
    <mem type="nursery" free="143542952" total="176422912" percent="81">
      <mem type="allocate" free="143542952" total="156827648" percent="91" />
      <mem type="survivor" free="0" total="19595264" percent="0" />
    </mem>
    <mem type="tenure" free="69894480" total="233242624" percent="29" macro-fragmented="57512708">
      <mem type="soa" free="67561808" total="230909952" percent="29" />
      <mem type="loa" free="2332672" total="2332672" percent="100" />
    </mem>
    <pending-finalizers system="1" default="186" reference="593" classloader="0" />
    <remembered-set count="5424" />
  </mem-info>
</gc-end>
<cycle-end id="2436" type="scavenge" contextid="2430" timestamp="2025-12-12T04:21:56.776" />
<allocation-satisfied id="2437" threadId="0000000001890200" bytesRequested="96" />
<af-end id="2438" timestamp="2025-12-12T04:21:56.777" threadId="0000000001890C78" success="true" from="nursery"/>
<exclusive-end id="2439" timestamp="2025-12-12T04:21:56.778" durationms="28.110" />

<exclusive-start id="2440" timestamp="2025-12-12T04:22:24.686" intervalms="27936.537">
  <response-info timems="0.081" idlems="0.081" threads="0" lastid="0000000001830000" lastname="Default Executor-thread-72" />
</exclusive-start>
<af-start id="2441" threadId="0000000001830A78" totalBytesRequested="24" timestamp="2025-12-12T04:22:24.687" intervalms="27936.123" type="nursery" />
<cycle-start id="2442" type="scavenge" contextid="0" timestamp="2025-12-12T04:22:24.688" intervalms="27936.145" />
<gc-start id="2443" type="scavenge" contextid="2442" timestamp="2025-12-12T04:22:24.689">
  <mem-info id="2444" free="69859200" total="409665536" percent="17">
    <mem type="nursery" free="0" total="176422912" percent="0">
      <mem type="allocate" free="0" total="156827648" percent="0" />
      <mem type="survivor" free="0" total="19595264" percent="0" />
    </mem>
    <mem type="tenure" free="69859200" total="233242624" percent="29">
      <mem type="soa" free="67526528" total="230909952" percent="29" />
      <mem type="loa" free="2332672" total="2332672" percent="100" />
    </mem>
    <remembered-set count="7311" />
  </mem-info>
</gc-start>
<allocation-stats totalBytes="143523968" discardedBytes="50520" >
  <allocated-bytes non-tlh="424864" tlh="143099104" />
  <largest-consumer threadName="Default Executor-thread-78" threadId="0000000001932800" bytes="57911504" />
</allocation-stats>
<gc-op id="2445" type="scavenge" timems="13.034" contextid="2442" timestamp="2025-12-12T04:22:24.703">
  <scavenger-info tenureage="3" tenuremask="4008" tiltratio="88" />
  <memory-copied type="nursery" objects="301861" bytes="11787320" bytesdiscarded="201536" />
  <memory-copied type="tenure" objects="55334" bytes="2029768" bytesdiscarded="10128" />
  <finalization candidates="115" enqueued="97" />
  <ownableSynchronizers candidates="8900" cleared="7797" />
  <references type="soft" candidates="1149" cleared="0" enqueued="0" dynamicThreshold="9" maxThreshold="32" />
  <references type="weak" candidates="1955" cleared="624" enqueued="562" />
  <references type="phantom" candidates="52" cleared="3" enqueued="3" />
  <object-monitors candidates="200" cleared="3"  />
</gc-op>
<gc-end id="2446" type="scavenge" contextid="2442" durationms="23.851" usertimems="59.491" systemtimems="10.516" stalltimems="39.546" timestamp="2025-12-12T04:22:24.713" activeThreads="12">
  <mem-info id="2447" free="213139976" total="409665536" percent="52">
    <mem type="nursery" free="145474568" total="176422912" percent="82">
      <mem type="allocate" free="145474568" total="157483008" percent="92" />
      <mem type="survivor" free="0" total="18939904" percent="0" />
    </mem>
    <mem type="tenure" free="67665408" total="233242624" percent="29" macro-fragmented="47927252">
      <mem type="soa" free="65332736" total="230909952" percent="28" />
      <mem type="loa" free="2332672" total="2332672" percent="100" />
    </mem>
    <pending-finalizers system="1" default="96" reference="565" classloader="0" />
    <remembered-set count="4379" />
  </mem-info>
</gc-end>
<cycle-end id="2448" type="scavenge" contextid="2442" timestamp="2025-12-12T04:22:24.714" />
<allocation-satisfied id="2449" threadId="0000000001830000" bytesRequested="24" />
<af-end id="2450" timestamp="2025-12-12T04:22:24.716" threadId="0000000001830A78" success="true" from="nursery"/>
<exclusive-end id="2451" timestamp="2025-12-12T04:22:24.717" durationms="30.320" />

<exclusive-start id="2452" timestamp="2025-12-12T04:23:15.013" intervalms="50327.023">
  <response-info timems="0.114" idlems="0.114" threads="0" lastid="0000000001978600" lastname="Default Executor-thread-96" />
</exclusive-start>
<af-start id="2453" threadId="0000000001979078" totalBytesRequested="24" timestamp="2025-12-12T04:23:15.016" intervalms="50328.487" type="nursery" />
<cycle-start id="2454" type="scavenge" contextid="0" timestamp="2025-12-12T04:23:15.018" intervalms="50329.727" />
<gc-start id="2455" type="scavenge" contextid="2454" timestamp="2025-12-12T04:23:15.019">
  <mem-info id="2456" free="67635432" total="409665536" percent="16">
    <mem type="nursery" free="0" total="176422912" percent="0">
      <mem type="allocate" free="0" total="157483008" percent="0" />
      <mem type="survivor" free="0" total="18939904" percent="0" />
    </mem>
    <mem type="tenure" free="67635432" total="233242624" percent="28">
      <mem type="soa" free="65302760" total="230909952" percent="28" />
      <mem type="loa" free="2332672" total="2332672" percent="100" />
    </mem>
    <remembered-set count="6361" />
  </mem-info>
</gc-start>
<allocation-stats totalBytes="145352472" discardedBytes="146864" >
  <allocated-bytes non-tlh="680176" tlh="144672296" />
  <largest-consumer threadName="Default Executor-thread-68" threadId="00000000018AB500" bytes="57229064" />
</allocation-stats>
<gc-op id="2457" type="scavenge" timems="24.113" contextid="2454" timestamp="2025-12-12T04:23:15.046">
  <scavenger-info tenureage="3" tenuremask="4068" tiltratio="89" />
  <memory-copied type="nursery" objects="179977" bytes="6848080" bytesdiscarded="167888" />
  <memory-copied type="tenure" objects="142170" bytes="5824616" bytesdiscarded="9432" />
  <finalization candidates="115" enqueued="96" />
  <ownableSynchronizers candidates="8233" cleared="7231" />
  <references type="soft" candidates="731" cleared="0" enqueued="0" dynamicThreshold="9" maxThreshold="32" />
  <references type="weak" candidates="1364" cleared="579" enqueued="526" />
  <references type="phantom" candidates="34" cleared="6" enqueued="6" />
  <object-monitors candidates="200" cleared="4"  />
</gc-op>
<gc-end id="2458" type="scavenge" contextid="2454" durationms="43.334" usertimems="60.049" systemtimems="31.543" stalltimems="94.014" timestamp="2025-12-12T04:23:15.063" activeThreads="13">
  <mem-info id="2459" free="212756248" total="409665536" percent="51">
    <mem type="nursery" free="151305072" total="176422912" percent="85">
      <mem type="allocate" free="151305072" total="158334976" percent="95" />
      <mem type="survivor" free="0" total="18087936" percent="0" />
    </mem>
    <mem type="tenure" free="61451176" total="233242624" percent="26" macro-fragmented="57512708">
      <mem type="soa" free="59118504" total="230909952" percent="25" />
      <mem type="loa" free="2332672" total="2332672" percent="100" />
    </mem>
    <pending-finalizers system="2" default="94" reference="532" classloader="0" />
    <remembered-set count="2824" />
  </mem-info>
</gc-end>
<cycle-end id="2460" type="scavenge" contextid="2454" timestamp="2025-12-12T04:23:15.065" />
<allocation-satisfied id="2461" threadId="0000000001978600" bytesRequested="24" />
<af-end id="2462" timestamp="2025-12-12T04:23:15.066" threadId="0000000001979078" success="true" from="nursery"/>
<exclusive-end id="2463" timestamp="2025-12-12T04:23:15.067" durationms="53.403" />

<exclusive-start id="2464" timestamp="2025-12-12T04:23:41.428" intervalms="26414.231">
  <response-info timems="0.063" idlems="0.063" threads="0" lastid="0000000000796400" lastname="Default Executor-thread-70" />
</exclusive-start>
<af-start id="2465" threadId="0000000000796E78" totalBytesRequested="72" timestamp="2025-12-12T04:23:41.428" intervalms="26412.310" type="nursery" />
<cycle-start id="2466" type="scavenge" contextid="0" timestamp="2025-12-12T04:23:41.428" intervalms="26410.843" />
<gc-start id="2467" type="scavenge" contextid="2466" timestamp="2025-12-12T04:23:41.429">
  <mem-info id="2468" free="61404792" total="409665536" percent="14">
    <mem type="nursery" free="0" total="176422912" percent="0">
      <mem type="allocate" free="0" total="158334976" percent="0" />
      <mem type="survivor" free="0" total="18087936" percent="0" />
    </mem>
    <mem type="tenure" free="61404792" total="233242624" percent="26">
      <mem type="soa" free="59072120" total="230909952" percent="25" />
      <mem type="loa" free="2332672" total="2332672" percent="100" />
    </mem>
    <remembered-set count="4809" />
  </mem-info>
</gc-start>
<allocation-stats totalBytes="151315400" discardedBytes="36056" >
  <allocated-bytes non-tlh="443744" tlh="150871656" />
  <largest-consumer threadName="Default Executor-thread-96" threadId="0000000001978600" bytes="51168392" />
</allocation-stats>
<gc-op id="2469" type="scavenge" timems="8.295" contextid="2466" timestamp="2025-12-12T04:23:41.438">
  <scavenger-info tenureage="3" tenuremask="4008" tiltratio="89" />
  <memory-copied type="nursery" objects="229532" bytes="8126128" bytesdiscarded="149272" />
  <memory-copied type="tenure" objects="73285" bytes="2570488" bytesdiscarded="976" />
  <finalization candidates="197" enqueued="187" />
  <ownableSynchronizers candidates="7663" cleared="6905" />
  <references type="soft" candidates="827" cleared="0" enqueued="0" dynamicThreshold="9" maxThreshold="32" />
  <references type="weak" candidates="1527" cleared="640" enqueued="598" />
  <references type="phantom" candidates="25" cleared="3" enqueued="3" />
  <object-monitors candidates="200" cleared="3"  />
</gc-op>
<gc-end id="2470" type="scavenge" contextid="2466" durationms="13.370" usertimems="51.665" systemtimems="0.000" stalltimems="47.818" timestamp="2025-12-12T04:23:41.442" activeThreads="14">
  <mem-info id="2471" free="209059952" total="409665536" percent="51">
    <mem type="nursery" free="150427688" total="176422912" percent="85">
      <mem type="allocate" free="150427688" total="158728192" percent="94" />
      <mem type="survivor" free="0" total="17694720" percent="0" />
    </mem>
    <mem type="tenure" free="58632264" total="233242624" percent="25" macro-fragmented="47927252">
      <mem type="soa" free="56299592" total="230909952" percent="24" />
      <mem type="loa" free="2332672" total="2332672" percent="100" />
    </mem>
    <pending-finalizers system="1" default="186" reference="601" classloader="0" />
    <remembered-set count="3288" />
  </mem-info>
</gc-end>
<cycle-end id="2472" type="scavenge" contextid="2466" timestamp="2025-12-12T04:23:41.443" />
<allocation-satisfied id="2473" threadId="0000000000796400" bytesRequested="72" />
<af-end id="2474" timestamp="2025-12-12T04:23:41.444" threadId="0000000000796E78" success="true" from="nursery"/>
<exclusive-end id="2475" timestamp="2025-12-12T04:23:41.444" durationms="16.847" />

<exclusive-start id="2476" timestamp="2025-12-12T04:24:21.454" intervalms="40026.490">
  <response-info timems="0.051" idlems="0.051" threads="0" lastid="0000000001864900" lastname="pool-31-thread-1" />
</exclusive-start>
<af-start id="2477" threadId="0000000001865378" totalBytesRequested="32" timestamp="2025-12-12T04:24:21.455" intervalms="40027.363" type="nursery" />
<cycle-start id="2478" type="scavenge" contextid="0" timestamp="2025-12-12T04:24:21.456" intervalms="40027.471" />
<gc-start id="2479" type="scavenge" contextid="2478" timestamp="2025-12-12T04:24:21.458">
  <mem-info id="2480" free="58597736" total="409665536" percent="14">
    <mem type="nursery" free="0" total="176422912" percent="0">
      <mem type="allocate" free="0" total="158728192" percent="0" />
      <mem type="survivor" free="0" total="17694720" percent="0" />
    </mem>
    <mem type="tenure" free="58597736" total="233242624" percent="25">
      <mem type="soa" free="56265064" total="230909952" percent="24" />
      <mem type="loa" free="2332672" total="2332672" percent="100" />
    </mem>
    <remembered-set count="5109" />
  </mem-info>
</gc-start>
<allocation-stats totalBytes="150369720" discardedBytes="92496" >
  <allocated-bytes non-tlh="427832" tlh="149941888" />
  <largest-consumer threadName="Default Executor-thread-30" threadId="00000000018DE100" bytes="56938904" />
</allocation-stats>
<gc-op id="2481" type="scavenge" timems="10.451" contextid="2478" timestamp="2025-12-12T04:24:21.470">
  <scavenger-info tenureage="14" tenuremask="4000" tiltratio="89" />
  <memory-copied type="nursery" objects="205210" bytes="7960680" bytesdiscarded="336864" />
  <finalization candidates="108" enqueued="97" />
  <ownableSynchronizers candidates="8688" cleared="8029" />
  <references type="soft" candidates="1132" cleared="0" enqueued="0" dynamicThreshold="9" maxThreshold="32" />
  <references type="weak" candidates="1505" cleared="621" enqueued="548" />
  <references type="phantom" candidates="27" cleared="3" enqueued="3" />
  <object-monitors candidates="199" cleared="2"  />
</gc-op>
<gc-end id="2482" type="scavenge" contextid="2478" durationms="26.227" usertimems="46.962" systemtimems="0.323" stalltimems="65.287" timestamp="2025-12-12T04:24:21.484" activeThreads="14">
  <mem-info id="2483" free="209013000" total="409665536" percent="51">
    <mem type="nursery" free="150415264" total="176422912" percent="85">
      <mem type="allocate" free="150415264" total="158728192" percent="94" />
      <mem type="survivor" free="0" total="17694720" percent="0" />
    </mem>
    <mem type="tenure" free="58597736" total="233242624" percent="25" macro-fragmented="23113062">
      <mem type="soa" free="56265064" total="230909952" percent="24" />
      <mem type="loa" free="2332672" total="2332672" percent="100" />
    </mem>
    <pending-finalizers system="1" default="96" reference="551" classloader="0" />
    <remembered-set count="3437" />
  </mem-info>
</gc-end>
<cycle-end id="2484" type="scavenge" contextid="2478" timestamp="2025-12-12T04:24:21.485" />
<allocation-satisfied id="2485" threadId="0000000001864900" bytesRequested="32" />
<af-end id="2486" timestamp="2025-12-12T04:24:21.487" threadId="0000000001865378" success="true" from="nursery"/>
<exclusive-end id="2487" timestamp="2025-12-12T04:24:21.487" durationms="33.317" />

<exclusive-start id="2488" timestamp="2025-12-12T04:25:13.137" intervalms="51683.056">
  <response-info timems="0.057" idlems="0.057" threads="0" lastid="0000000002888100" lastname="Default Executor-thread-56" />
</exclusive-start>
<af-start id="2489" threadId="0000000002888B78" totalBytesRequested="40" timestamp="2025-12-12T04:25:13.139" intervalms="51683.329" type="nursery" />
<cycle-start id="2490" type="scavenge" contextid="0" timestamp="2025-12-12T04:25:13.140" intervalms="51683.980" />
<gc-start id="2491" type="scavenge" contextid="2490" timestamp="2025-12-12T04:25:13.141">
  <mem-info id="2492" free="58572032" total="409665536" percent="14">
    <mem type="nursery" free="0" total="176422912" percent="0">
      <mem type="allocate" free="0" total="158728192" percent="0" />
      <mem type="survivor" free="0" total="17694720" percent="0" />
    </mem>
    <mem type="tenure" free="58572032" total="233242624" percent="25">
      <mem type="soa" free="56239360" total="230909952" percent="24" />
      <mem type="loa" free="2332672" total="2332672" percent="100" />
    </mem>
    <remembered-set count="5258" />
  </mem-info>
</gc-start>
<allocation-stats totalBytes="150344104" discardedBytes="96864" >
  <allocated-bytes non-tlh="713896" tlh="149630208" />
  <largest-consumer threadName="Default Executor-thread-15" threadId="00000000018D4C00" bytes="58208608" />
</allocation-stats>
<gc-op id="2493" type="scavenge" timems="9.889" contextid="2490" timestamp="2025-12-12T04:25:13.153">
  <scavenger-info tenureage="4" tenuremask="6010" tiltratio="89" />
  <memory-copied type="nursery" objects="216326" bytes="8116520" bytesdiscarded="224496" />
  <memory-copied type="tenure" objects="44923" bytes="1951144" bytesdiscarded="696" />
  <finalization candidates="110" enqueued="96" />
  <ownableSynchronizers candidates="8171" cleared="7383" />
  <references type="soft" candidates="1004" cleared="0" enqueued="0" dynamicThreshold="9" maxThreshold="32" />
  <references type="weak" candidates="1050" cleared="570" enqueued="526" />
  <references type="phantom" candidates="26" cleared="6" enqueued="6" />
  <object-monitors candidates="200" cleared="3"  />
</gc-op>
<heap-resize id="2494" type="contract" space="nursery" amount="1835008" count="1" timems="0.115" reason="insufficient time being spent scavenging" timestamp="2025-12-12T04:25:13.153" />
<gc-end id="2495" type="scavenge" contextid="2490" durationms="18.041" usertimems="47.970" systemtimems="0.740" stalltimems="32.621" timestamp="2025-12-12T04:25:13.159" activeThreads="12">
  <mem-info id="2496" free="204637840" total="407830528" percent="50">
    <mem type="nursery" free="148668424" total="174587904" percent="85">
      <mem type="allocate" free="148668424" total="157024256" percent="94" />
      <mem type="survivor" free="0" total="17563648" percent="0" />
    </mem>
    <mem type="tenure" free="55969416" total="233242624" percent="23" macro-fragmented="27735676">
      <mem type="soa" free="53636744" total="230909952" percent="23" />
      <mem type="loa" free="2332672" total="2332672" percent="100" />
    </mem>
    <pending-finalizers system="2" default="94" reference="532" classloader="0" />
    <remembered-set count="2626" />
  </mem-info>
</gc-end>
<cycle-end id="2497" type="scavenge" contextid="2490" timestamp="2025-12-12T04:25:13.160" />
<allocation-satisfied id="2498" threadId="0000000002888100" bytesRequested="40" />
<af-end id="2499" timestamp="2025-12-12T04:25:13.161" threadId="0000000002888B78" success="true" from="nursery"/>
<exclusive-end id="2500" timestamp="2025-12-12T04:25:13.162" durationms="24.408" />

<exclusive-start id="2501" timestamp="2025-12-12T04:26:35.141" intervalms="82003.998">
  <response-info timems="0.075" idlems="0.075" threads="0" lastid="000000000188F500" lastname="Default Executor-thread-28" />
</exclusive-start>
<af-start id="2502" threadId="000000000188FF78" totalBytesRequested="1008" timestamp="2025-12-12T04:26:35.143" intervalms="82003.999" type="nursery" />
<cycle-start id="2503" type="scavenge" contextid="0" timestamp="2025-12-12T04:26:35.144" intervalms="82004.301" />
<gc-start id="2504" type="scavenge" contextid="2503" timestamp="2025-12-12T04:26:35.145">
  <mem-info id="2505" free="55943960" total="407830528" percent="13">
    <mem type="nursery" free="0" total="174587904" percent="0">
      <mem type="allocate" free="0" total="157024256" percent="0" />
      <mem type="survivor" free="0" total="17563648" percent="0" />
    </mem>
    <mem type="tenure" free="55943960" total="233242624" percent="23">
      <mem type="soa" free="53611288" total="230909952" percent="23" />
      <mem type="loa" free="2332672" total="2332672" percent="100" />
    </mem>
    <remembered-set count="4713" />
  </mem-info>
</gc-start>
<allocation-stats totalBytes="148614304" discardedBytes="79576" >
  <allocated-bytes non-tlh="287648" tlh="148326656" />
  <largest-consumer threadName="Default Executor-thread-56" threadId="0000000002888100" bytes="41865592" />
</allocation-stats>
<gc-op id="2506" type="scavenge" timems="18.279" contextid="2503" timestamp="2025-12-12T04:26:35.166">
  <scavenger-info tenureage="3" tenuremask="4018" tiltratio="89" />
  <memory-copied type="nursery" objects="147925" bytes="5604584" bytesdiscarded="366056" />
  <memory-copied type="tenure" objects="102464" bytes="3734544" bytesdiscarded="1688" />
  <finalization candidates="109" enqueued="95" />
  <ownableSynchronizers candidates="10727" cleared="10009" />
  <references type="soft" candidates="667" cleared="0" enqueued="0" dynamicThreshold="9" maxThreshold="32" />
  <references type="weak" candidates="867" cleared="541" enqueued="500" />
  <references type="phantom" candidates="21" cleared="3" enqueued="3" />
  <object-monitors candidates="198" cleared="1"  />
</gc-op>
<gc-end id="2507" type="scavenge" contextid="2503" durationms="25.097" usertimems="51.566" systemtimems="17.260" stalltimems="33.496" timestamp="2025-12-12T04:26:35.171" activeThreads="13">
  <mem-info id="2508" free="203756800" total="407830528" percent="49">
    <mem type="nursery" free="151107608" total="174587904" percent="86">
      <mem type="allocate" free="151107608" total="157089792" percent="96" />
      <mem type="survivor" free="0" total="17498112" percent="0" />
    </mem>
    <mem type="tenure" free="52649192" total="233242624" percent="22" macro-fragmented="47927252">
      <mem type="soa" free="50316520" total="230909952" percent="21" />
      <mem type="loa" free="2332672" total="2332672" percent="100" />
    </mem>
    <pending-finalizers system="1" default="94" reference="503" classloader="0" />
    <remembered-set count="2594" />
  </mem-info>
</gc-end>
<cycle-end id="2509" type="scavenge" contextid="2503" timestamp="2025-12-12T04:26:35.171" />
<allocation-satisfied id="2510" threadId="000000000188F500" bytesRequested="1008" />
<af-end id="2511" timestamp="2025-12-12T04:26:35.172" threadId="000000000188FF78" success="true" from="nursery"/>
<exclusive-end id="2512" timestamp="2025-12-12T04:26:35.173" durationms="31.526" />

<exclusive-start id="2513" timestamp="2025-12-12T04:27:00.739" intervalms="25597.748">
  <response-info timems="0.048" idlems="0.048" threads="0" lastid="00000000026F7900" lastname="Default Executor-thread-90" />
</exclusive-start>
<af-start id="2514" threadId="00000000026F8378" totalBytesRequested="32" timestamp="2025-12-12T04:27:00.739" intervalms="25596.632" type="nursery" />
<cycle-start id="2515" type="scavenge" contextid="0" timestamp="2025-12-12T04:27:00.740" intervalms="25595.366" />
<gc-start id="2516" type="scavenge" contextid="2515" timestamp="2025-12-12T04:27:00.740">
  <mem-info id="2517" free="52603208" total="407830528" percent="12">
    <mem type="nursery" free="0" total="174587904" percent="0">
      <mem type="allocate" free="0" total="157089792" percent="0" />
      <mem type="survivor" free="0" total="17498112" percent="0" />
    </mem>
    <mem type="tenure" free="52603208" total="233242624" percent="22">
      <mem type="soa" free="50270536" total="230909952" percent="21" />
      <mem type="loa" free="2332672" total="2332672" percent="100" />
    </mem>
    <remembered-set count="4580" />
  </mem-info>
</gc-start>
<allocation-stats totalBytes="151093232" discardedBytes="60360" >
  <allocated-bytes non-tlh="46992" tlh="151046240" />
  <largest-consumer threadName="Default Executor-thread-28" threadId="000000000188F500" bytes="47805240" />
</allocation-stats>
<gc-op id="2518" type="scavenge" timems="7.285" contextid="2515" timestamp="2025-12-12T04:27:00.748">
  <scavenger-info tenureage="14" tenuremask="4000" tiltratio="89" />
  <memory-copied type="nursery" objects="216482" bytes="8054776" bytesdiscarded="245400" />
  <finalization candidates="200" enqueued="190" />
  <ownableSynchronizers candidates="9031" cleared="8398" />
  <references type="soft" candidates="1007" cleared="0" enqueued="0" dynamicThreshold="9" maxThreshold="32" />
  <references type="weak" candidates="1131" cleared="662" enqueued="607" />
  <references type="phantom" candidates="55" cleared="37" enqueued="37" />
  <object-monitors candidates="200" cleared="3"  />
</gc-op>
<gc-end id="2519" type="scavenge" contextid="2515" durationms="13.715" usertimems="43.959" systemtimems="0.000" stalltimems="68.474" timestamp="2025-12-12T04:27:00.754" activeThreads="16">
  <mem-info id="2520" free="201370608" total="407830528" percent="49">
    <mem type="nursery" free="148767400" total="174587904" percent="85">
      <mem type="allocate" free="148767400" total="157089792" percent="94" />
      <mem type="survivor" free="0" total="17498112" percent="0" />
    </mem>
    <mem type="tenure" free="52603208" total="233242624" percent="22" macro-fragmented="39939376">
      <mem type="soa" free="50270536" total="230909952" percent="21" />
      <mem type="loa" free="2332672" total="2332672" percent="100" />
    </mem>
    <pending-finalizers system="2" default="188" reference="644" classloader="0" />
    <remembered-set count="3005" />
  </mem-info>
</gc-end>
<cycle-end id="2521" type="scavenge" contextid="2515" timestamp="2025-12-12T04:27:00.755" />
<allocation-satisfied id="2522" threadId="00000000026F7900" bytesRequested="32" />
<af-end id="2523" timestamp="2025-12-12T04:27:00.756" threadId="00000000026F8378" success="true" from="nursery"/>
<exclusive-end id="2524" timestamp="2025-12-12T04:27:00.756" durationms="17.340" />

<exclusive-start id="2525" timestamp="2025-12-12T04:27:40.044" intervalms="39305.375">
  <response-info timems="0.095" idlems="0.095" threads="0" lastid="0000000000FF6900" lastname="Timer-7" />
</exclusive-start>
<af-start id="2526" threadId="0000000000FF7378" totalBytesRequested="6704" timestamp="2025-12-12T04:27:40.046" intervalms="39306.927" type="nursery" />
<cycle-start id="2527" type="scavenge" contextid="0" timestamp="2025-12-12T04:27:40.047" intervalms="39307.751" />
<gc-start id="2528" type="scavenge" contextid="2527" timestamp="2025-12-12T04:27:40.050">
  <mem-info id="2529" free="52577472" total="407830528" percent="12">
    <mem type="nursery" free="0" total="174587904" percent="0">
      <mem type="allocate" free="0" total="157089792" percent="0" />
      <mem type="survivor" free="0" total="17498112" percent="0" />
    </mem>
    <mem type="tenure" free="52577472" total="233242624" percent="22">
      <mem type="soa" free="50244800" total="230909952" percent="21" />
      <mem type="loa" free="2332672" total="2332672" percent="100" />
    </mem>
    <remembered-set count="4704" />
  </mem-info>
</gc-start>
<allocation-stats totalBytes="148741456" discardedBytes="51680" >
  <allocated-bytes non-tlh="713928" tlh="148027528" />
  <largest-consumer threadName="Default Executor-thread-33" threadId="00000000018D5900" bytes="56302600" />
</allocation-stats>
<gc-op id="2530" type="scavenge" timems="9.821" contextid="2527" timestamp="2025-12-12T04:27:40.063">
  <scavenger-info tenureage="4" tenuremask="4010" tiltratio="89" />
  <memory-copied type="nursery" objects="190291" bytes="7137816" bytesdiscarded="271624" />
  <memory-copied type="tenure" objects="39424" bytes="1603560" bytesdiscarded="1320" />
  <finalization candidates="108" enqueued="95" />
  <ownableSynchronizers candidates="7141" cleared="6417" />
  <references type="soft" candidates="896" cleared="0" enqueued="0" dynamicThreshold="9" maxThreshold="32" />
  <references type="weak" candidates="1025" cleared="599" enqueued="540" />
  <references type="phantom" candidates="13" cleared="3" enqueued="3" />
  <object-monitors candidates="201" cleared="4"  />
</gc-op>
<gc-end id="2531" type="scavenge" contextid="2527" durationms="21.250" usertimems="34.162" systemtimems="6.391" stalltimems="58.880" timestamp="2025-12-12T04:27:40.071" activeThreads="13">
  <mem-info id="2532" free="200306992" total="407830528" percent="49">
    <mem type="nursery" free="149665976" total="174587904" percent="85">
      <mem type="allocate" free="149665976" total="157089792" percent="95" />
      <mem type="survivor" free="0" total="17498112" percent="0" />
    </mem>
    <mem type="tenure" free="50641016" total="233242624" percent="21" macro-fragmented="33282812">
      <mem type="soa" free="48308344" total="230909952" percent="20" />
      <mem type="loa" free="2332672" total="2332672" percent="100" />
    </mem>
    <pending-finalizers system="1" default="94" reference="543" classloader="0" />
    <remembered-set count="2678" />
  </mem-info>
</gc-end>
<cycle-end id="2533" type="scavenge" contextid="2527" timestamp="2025-12-12T04:27:40.073" />
<allocation-satisfied id="2534" threadId="0000000000FF6900" bytesRequested="6704" />
<af-end id="2535" timestamp="2025-12-12T04:27:40.074" threadId="0000000000FF7378" success="true" from="nursery"/>
<exclusive-end id="2536" timestamp="2025-12-12T04:27:40.074" durationms="30.126" />

<exclusive-start id="2537" timestamp="2025-12-12T04:28:19.931" intervalms="39886.982">
  <response-info timems="0.315" idlems="0.174" threads="12" lastid="0000000000E58100" lastname="weld-preloader-13" />
</exclusive-start>
<af-start id="2538" threadId="000000000190A478" totalBytesRequested="24" timestamp="2025-12-12T04:28:19.933" intervalms="39886.462" type="nursery" />
<cycle-start id="2539" type="scavenge" contextid="0" timestamp="2025-12-12T04:28:19.934" intervalms="39886.624" />
<gc-start id="2540" type="scavenge" contextid="2539" timestamp="2025-12-12T04:28:19.936">
  <mem-info id="2541" free="50613392" total="407830528" percent="12">
    <mem type="nursery" free="0" total="174587904" percent="0">
      <mem type="allocate" free="0" total="157089792" percent="0" />
      <mem type="survivor" free="0" total="17498112" percent="0" />
    </mem>
    <mem type="tenure" free="50613392" total="233242624" percent="21">
      <mem type="soa" free="48280720" total="230909952" percent="20" />
      <mem type="loa" free="2332672" total="2332672" percent="100" />
    </mem>
    <remembered-set count="4409" />
  </mem-info>
</gc-start>
<allocation-stats totalBytes="149595960" discardedBytes="97640" >
  <allocated-bytes non-tlh="460336" tlh="149135624" />
  <largest-consumer threadName="Default Executor-thread-39" threadId="0000000001908100" bytes="58298688" />
</allocation-stats>
<gc-op id="2542" type="scavenge" timems="13.629" contextid="2539" timestamp="2025-12-12T04:28:19.952">
  <scavenger-info tenureage="4" tenuremask="4010" tiltratio="89" />
  <memory-copied type="nursery" objects="217878" bytes="7903088" bytesdiscarded="136016" />
  <memory-copied type="tenure" objects="57251" bytes="2042104" bytesdiscarded="1312" />
  <finalization candidates="202" enqueued="188" />
  <ownableSynchronizers candidates="7256" cleared="6447" />
  <references type="soft" candidates="940" cleared="0" enqueued="0" dynamicThreshold="9" maxThreshold="32" />
  <references type="weak" candidates="1107" cleared="631" enqueued="588" />
  <references type="phantom" candidates="18" cleared="6" enqueued="6" />
  <object-monitors candidates="198" cleared="1"  />
</gc-op>
<gc-end id="2543" type="scavenge" contextid="2539" durationms="25.538" usertimems="51.589" systemtimems="13.096" stalltimems="33.184" timestamp="2025-12-12T04:28:19.961" activeThreads="11">
  <mem-info id="2544" free="197414288" total="407830528" percent="48">
    <mem type="nursery" free="149028552" total="174587904" percent="85">
      <mem type="allocate" free="149028552" total="157089792" percent="94" />
      <mem type="survivor" free="0" total="17498112" percent="0" />
    </mem>
    <mem type="tenure" free="48385736" total="233242624" percent="20" macro-fragmented="33282812">
      <mem type="soa" free="46053064" total="230909952" percent="19" />
      <mem type="loa" free="2332672" total="2332672" percent="100" />
    </mem>
    <pending-finalizers system="2" default="186" reference="594" classloader="0" />
    <remembered-set count="2562" />
  </mem-info>
</gc-end>
<cycle-end id="2545" type="scavenge" contextid="2539" timestamp="2025-12-12T04:28:19.963" />
<allocation-satisfied id="2546" threadId="0000000001909A00" bytesRequested="24" />
<af-end id="2547" timestamp="2025-12-12T04:28:19.967" threadId="000000000190A478" success="true" from="nursery"/>
<exclusive-end id="2548" timestamp="2025-12-12T04:28:19.967" durationms="36.118" />

<exclusive-start id="2549" timestamp="2025-12-12T04:30:37.270" intervalms="137338.468">
  <response-info timems="0.064" idlems="0.064" threads="0" lastid="000000000085DE00" lastname="Default Executor-thread-93" />
</exclusive-start>
<af-start id="2550" threadId="000000000085E878" totalBytesRequested="128" timestamp="2025-12-12T04:30:37.271" intervalms="137338.839" type="nursery" />
<cycle-start id="2551" type="scavenge" contextid="0" timestamp="2025-12-12T04:30:37.273" intervalms="137338.717" />
<gc-start id="2552" type="scavenge" contextid="2551" timestamp="2025-12-12T04:30:37.274">
  <mem-info id="2553" free="48362488" total="407830528" percent="11">
    <mem type="nursery" free="0" total="174587904" percent="0">
      <mem type="allocate" free="0" total="157089792" percent="0" />
      <mem type="survivor" free="0" total="17498112" percent="0" />
    </mem>
    <mem type="tenure" free="48362488" total="233242624" percent="20">
      <mem type="soa" free="46029816" total="230909952" percent="19" />
      <mem type="loa" free="2332672" total="2332672" percent="100" />
    </mem>
    <remembered-set count="4469" />
  </mem-info>
</gc-start>
<allocation-stats totalBytes="149003920" discardedBytes="47880" >
  <allocated-bytes non-tlh="467752" tlh="148536168" />
  <largest-consumer threadName="Default Executor-thread-47" threadId="0000000001827600" bytes="25657816" />
</allocation-stats>
<gc-op id="2554" type="scavenge" timems="25.494" contextid="2551" timestamp="2025-12-12T04:30:37.302">
  <scavenger-info tenureage="4" tenuremask="4010" tiltratio="89" />
  <memory-copied type="nursery" objects="190406" bytes="7111056" bytesdiscarded="166032" />
  <memory-copied type="tenure" objects="35207" bytes="1357856" bytesdiscarded="520" />
  <finalization candidates="12" enqueued="2" />
  <ownableSynchronizers candidates="15426" cleared="14654" />
  <references type="soft" candidates="919" cleared="0" enqueued="0" dynamicThreshold="9" maxThreshold="32" />
  <references type="weak" candidates="761" cleared="261" enqueued="235" />
  <references type="phantom" candidates="65" cleared="56" enqueued="56" />
  <object-monitors candidates="200" cleared="1"  />
</gc-op>
<gc-end id="2555" type="scavenge" contextid="2551" durationms="37.945" usertimems="57.348" systemtimems="17.812" stalltimems="55.574" timestamp="2025-12-12T04:30:37.312" activeThreads="12">
  <mem-info id="2556" free="197034368" total="407830528" percent="48">
    <mem type="nursery" free="149801624" total="174587904" percent="85">
      <mem type="allocate" free="149801624" total="157089792" percent="95" />
      <mem type="survivor" free="0" total="17498112" percent="0" />
    </mem>
    <mem type="tenure" free="47232744" total="233242624" percent="20" macro-fragmented="0">
      <mem type="soa" free="44900072" total="230909952" percent="19" />
      <mem type="loa" free="2332672" total="2332672" percent="100" />
    </mem>
    <pending-finalizers system="0" default="2" reference="291" classloader="0" />
    <remembered-set count="2627" />
  </mem-info>
</gc-end>
<cycle-end id="2557" type="scavenge" contextid="2551" timestamp="2025-12-12T04:30:37.314" />
<allocation-satisfied id="2558" threadId="000000000085DE00" bytesRequested="128" />
<af-end id="2559" timestamp="2025-12-12T04:30:37.315" threadId="000000000085E878" success="true" from="nursery"/>
<exclusive-end id="2560" timestamp="2025-12-12T04:30:37.317" durationms="46.888" />

<exclusive-start id="2561" timestamp="2025-12-12T04:34:35.109" intervalms="237839.204">
  <response-info timems="0.165" idlems="0.165" threads="0" lastid="0000000001866100" lastname="Default Executor-thread-122" />
</exclusive-start>
<af-start id="2562" threadId="0000000001866B78" totalBytesRequested="16" timestamp="2025-12-12T04:34:35.111" intervalms="237839.890" type="nursery" />
<cycle-start id="2563" type="scavenge" contextid="0" timestamp="2025-12-12T04:34:35.115" intervalms="237842.298" />
<gc-start id="2564" type="scavenge" contextid="2563" timestamp="2025-12-12T04:34:35.121">
  <mem-info id="2565" free="47230672" total="407830528" percent="11">
    <mem type="nursery" free="0" total="174587904" percent="0">
      <mem type="allocate" free="0" total="157089792" percent="0" />
      <mem type="survivor" free="0" total="17498112" percent="0" />
    </mem>
    <mem type="tenure" free="47230672" total="233242624" percent="20">
      <mem type="soa" free="44898000" total="230909952" percent="19" />
      <mem type="loa" free="2332672" total="2332672" percent="100" />
    </mem>
    <remembered-set count="2955" />
  </mem-info>
</gc-start>
<allocation-stats totalBytes="149742304" discardedBytes="61392" >
  <allocated-bytes non-tlh="2200" tlh="149740104" />
  <largest-consumer threadName="Timer-7" threadId="0000000000FF6900" bytes="43251256" />
</allocation-stats>
<gc-op id="2566" type="scavenge" timems="15.276" contextid="2563" timestamp="2025-12-12T04:34:35.139">
  <scavenger-info tenureage="4" tenuremask="4010" tiltratio="89" />
  <memory-copied type="nursery" objects="140644" bytes="5300208" bytesdiscarded="264384" />
  <memory-copied type="tenure" objects="46727" bytes="1730584" bytesdiscarded="640" />
  <finalization candidates="11" enqueued="3" />
  <ownableSynchronizers candidates="20680" cleared="19980" />
  <references type="soft" candidates="579" cleared="0" enqueued="0" dynamicThreshold="9" maxThreshold="32" />
  <references type="weak" candidates="499" cleared="6" enqueued="1" />
  <references type="phantom" candidates="303" cleared="298" enqueued="298" />
  <object-monitors candidates="239" cleared="15"  />
</gc-op>
<gc-end id="2567" type="scavenge" contextid="2563" durationms="24.385" usertimems="60.587" systemtimems="13.247" stalltimems="54.327" timestamp="2025-12-12T04:34:35.145" activeThreads="15">
  <mem-info id="2568" free="197209808" total="407830528" percent="48">
    <mem type="nursery" free="151518112" total="174587904" percent="86">
      <mem type="allocate" free="151518112" total="157089792" percent="96" />
      <mem type="survivor" free="0" total="17498112" percent="0" />
    </mem>
    <mem type="tenure" free="45691696" total="233242624" percent="19" macro-fragmented="33282812">
      <mem type="soa" free="43359024" total="230909952" percent="18" />
      <mem type="loa" free="2332672" total="2332672" percent="100" />
    </mem>
    <pending-finalizers system="3" default="0" reference="299" classloader="0" />
    <remembered-set count="2121" />
  </mem-info>
</gc-end>
<cycle-end id="2569" type="scavenge" contextid="2563" timestamp="2025-12-12T04:34:35.147" />
<allocation-satisfied id="2570" threadId="0000000001866100" bytesRequested="16" />
<af-end id="2571" timestamp="2025-12-12T04:34:35.149" threadId="0000000001866B78" success="true" from="nursery"/>
<exclusive-end id="2572" timestamp="2025-12-12T04:34:35.149" durationms="40.309" />

<exclusive-start id="2573" timestamp="2025-12-12T04:38:37.154" intervalms="242045.356">
  <response-info timems="0.095" idlems="0.095" threads="0" lastid="0000000000E56800" lastname="Default Executor-thread-143" />
</exclusive-start>
<af-start id="2574" threadId="0000000000E57278" totalBytesRequested="24" timestamp="2025-12-12T04:38:37.156" intervalms="242044.752" type="nursery" />
<cycle-start id="2575" type="scavenge" contextid="0" timestamp="2025-12-12T04:38:37.158" intervalms="242043.285" />
<gc-start id="2576" type="scavenge" contextid="2575" timestamp="2025-12-12T04:38:37.161">
  <mem-info id="2577" free="45689488" total="407830528" percent="11">
    <mem type="nursery" free="0" total="174587904" percent="0">
      <mem type="allocate" free="0" total="157089792" percent="0" />
      <mem type="survivor" free="0" total="17498112" percent="0" />
    </mem>
    <mem type="tenure" free="45689488" total="233242624" percent="19">
      <mem type="soa" free="43356816" total="230909952" percent="18" />
      <mem type="loa" free="2332672" total="2332672" percent="100" />
    </mem>
    <remembered-set count="2407" />
  </mem-info>
</gc-start>
<allocation-stats totalBytes="151467232" discardedBytes="53088" >
  <allocated-bytes non-tlh="2224" tlh="151465008" />
  <largest-consumer threadName="Timer-7" threadId="0000000000FF6900" bytes="43182536" />
</allocation-stats>
<gc-op id="2578" type="scavenge" timems="19.142" contextid="2575" timestamp="2025-12-12T04:38:37.182">
  <scavenger-info tenureage="3" tenuremask="4008" tiltratio="89" />
  <memory-copied type="nursery" objects="75444" bytes="3041816" bytesdiscarded="741152" />
  <memory-copied type="tenure" objects="66584" bytes="2333200" bytesdiscarded="1280" />
  <finalization candidates="12" enqueued="5" />
  <ownableSynchronizers candidates="20859" cleared="20342" />
  <references type="soft" candidates="356" cleared="0" enqueued="0" dynamicThreshold="9" maxThreshold="32" />
  <references type="weak" candidates="500" cleared="6" enqueued="1" />
  <references type="phantom" candidates="459" cleared="453" enqueued="453" />
  <object-monitors candidates="244" cleared="14"  />
</gc-op>
<gc-end id="2579" type="scavenge" contextid="2575" durationms="26.373" usertimems="61.518" systemtimems="15.907" stalltimems="108.035" timestamp="2025-12-12T04:38:37.187" activeThreads="15">
  <mem-info id="2580" free="196825400" total="407830528" percent="48">
    <mem type="nursery" free="153302912" total="174587904" percent="87">
      <mem type="allocate" free="153302912" total="157089792" percent="97" />
      <mem type="survivor" free="0" total="17498112" percent="0" />
    </mem>
    <mem type="tenure" free="43522488" total="233242624" percent="18" macro-fragmented="33282812">
      <mem type="soa" free="41189816" total="230909952" percent="17" />
      <mem type="loa" free="2332672" total="2332672" percent="100" />
    </mem>
    <pending-finalizers system="5" default="0" reference="454" classloader="0" />
    <remembered-set count="2036" />
  </mem-info>
</gc-end>
<cycle-end id="2581" type="scavenge" contextid="2575" timestamp="2025-12-12T04:38:37.188" />
<allocation-satisfied id="2582" threadId="0000000000E56800" bytesRequested="24" />
<af-end id="2583" timestamp="2025-12-12T04:38:37.190" threadId="0000000000E57278" success="true" from="nursery"/>
<exclusive-end id="2584" timestamp="2025-12-12T04:38:37.191" durationms="36.378" />

<exclusive-start id="2585" timestamp="2025-12-12T04:41:36.743" intervalms="179588.811">
  <response-info timems="0.051" idlems="0.051" threads="0" lastid="00000000001D0800" lastname="VM Runtime State Listener" />
</exclusive-start>
<sys-start reason="vm idle" id="2586" timestamp="2025-12-12T04:41:36.745" intervalms="2524919.364" />
<cycle-start id="2587" type="global" contextid="0" timestamp="2025-12-12T04:41:36.747" intervalms="1276983.007" />
<gc-start id="2588" type="global" contextid="2587" timestamp="2025-12-12T04:41:36.750">
  <mem-info id="2589" free="84328000" total="407830528" percent="20">
    <mem type="nursery" free="40806248" total="174587904" percent="23">
      <mem type="allocate" free="40806248" total="157089792" percent="25" />
      <mem type="survivor" free="0" total="17498112" percent="0" />
    </mem>
    <mem type="tenure" free="43521752" total="233242624" percent="18">
      <mem type="soa" free="41189080" total="230909952" percent="17" />
      <mem type="loa" free="2332672" total="2332672" percent="100" />
    </mem>
    <remembered-set count="2248" />
  </mem-info>
</gc-start>
<allocation-stats totalBytes="112455256" discardedBytes="42144" >
  <allocated-bytes non-tlh="760" tlh="112454496" />
  <largest-consumer threadName="Timer-7" threadId="0000000000FF6900" bytes="32343496" />
</allocation-stats>
<gc-op id="2590" type="mark" timems="68.801" contextid="2587" timestamp="2025-12-12T04:41:36.823">
  <trace-info objectcount="2877993" scancount="2546488" scanbytes="92982896" />
  <finalization candidates="950" enqueued="40" />
  <ownableSynchronizers candidates="28521" cleared="16363" />
  <references type="soft" candidates="18747" cleared="1664" enqueued="1652" dynamicThreshold="9" maxThreshold="32" />
  <references type="weak" candidates="19801" cleared="854" enqueued="720" />
  <references type="phantom" candidates="1592" cleared="156" enqueued="156" />
  <stringconstants candidates="60037" cleared="1160"  />
  <object-monitors candidates="250" cleared="62"  />
</gc-op>
<gc-op id="2591" type="classunload" timems="11.645" contextid="2587" timestamp="2025-12-12T04:41:36.835">
  <classunload-info classloadercandidates="924" classloadersunloaded="106" classesunloaded="170" anonymousclassesunloaded="0" quiescems="0.000" setupms="10.767" scanms="0.452" postms="0.424" />
</gc-op>
<gc-op id="2592" type="sweep" timems="3.330" contextid="2587" timestamp="2025-12-12T04:41:36.839" />
<mem-info id="2593" free="221025856" total="407830528" percent="54">
  <mem type="nursery" free="154185168" total="174587904" percent="88">
    <mem type="allocate" free="154185168" total="157089792" percent="98" />
    <mem type="survivor" free="0" total="17498112" percent="0" />
  </mem>
  <mem type="tenure" free="66840688" total="233242624" percent="28" micro-fragmented="4550551" macro-fragmented="0">
    <mem type="soa" free="64508016" total="230909952" percent="27" />
    <mem type="loa" free="2332672" total="2332672" percent="100" />
  </mem>
  <pending-finalizers system="4" default="36" reference="2528" classloader="0" />
  <remembered-set count="1885" />
</mem-info>
<gc-op id="2594" type="compact" timems="201.003" contextid="2587" timestamp="2025-12-12T04:41:37.041">
  <compact-info movecount="2868585" movebytes="146620016" reason="compact on aggressive collection" />
</gc-op>
<gc-end id="2595" type="global" contextid="2587" durationms="293.190" usertimems="2577.140" systemtimems="94.049" stalltimems="557.010" timestamp="2025-12-12T04:41:37.043" activeThreads="20">
  <mem-info id="2596" free="226083376" total="407830528" percent="55">
    <mem type="nursery" free="154486984" total="174587904" percent="88">
      <mem type="allocate" free="154486984" total="157089792" percent="98" />
      <mem type="survivor" free="0" total="17498112" percent="0" />
    </mem>
    <mem type="tenure" free="71596392" total="233242624" percent="30">
      <mem type="soa" free="69263720" total="230909952" percent="29" />
      <mem type="loa" free="2332672" total="2332672" percent="100" />
    </mem>
    <pending-finalizers system="4" default="36" reference="2528" classloader="0" />
    <remembered-set count="1885" />
  </mem-info>
</gc-end>
<cycle-end id="2597" type="global" contextid="2587" timestamp="2025-12-12T04:41:37.044" />
<sys-end id="2598" timestamp="2025-12-12T04:41:37.044" />
<exclusive-end id="2599" timestamp="2025-12-12T04:41:37.045" durationms="301.691" />

<heap-resize id="2600" type="release free pages" space="tenure" amount="71524352" count="1" timems="3.610" reason="idle" timestamp="2025-12-12T04:41:37.049" />
<exclusive-start id="2601" timestamp="2025-12-12T04:45:52.063" intervalms="255320.237">
  <response-info timems="0.078" idlems="0.078" threads="0" lastid="000000000180AA00" lastname="Thread-16" />
</exclusive-start>
<af-start id="2602" threadId="000000000180B478" totalBytesRequested="56" timestamp="2025-12-12T04:45:52.065" intervalms="434909.174" type="nursery" />
<cycle-start id="2603" type="scavenge" contextid="0" timestamp="2025-12-12T04:45:52.067" intervalms="434908.990" />
<gc-start id="2604" type="scavenge" contextid="2603" timestamp="2025-12-12T04:45:52.070">
  <mem-info id="2605" free="71596392" total="407830528" percent="17">
    <mem type="nursery" free="0" total="174587904" percent="0">
      <mem type="allocate" free="0" total="157089792" percent="0" />
      <mem type="survivor" free="0" total="17498112" percent="0" />
    </mem>
    <mem type="tenure" free="71596392" total="233242624" percent="30">
      <mem type="soa" free="69263720" total="230909952" percent="29" />
      <mem type="loa" free="2332672" total="2332672" percent="100" />
    </mem>
    <remembered-set count="5017" />
  </mem-info>
</gc-start>
<allocation-stats totalBytes="154438440" discardedBytes="48544" >
  <allocated-bytes non-tlh="0" tlh="154438440" />
  <largest-consumer threadName="Timer-7" threadId="0000000000FF6900" bytes="44483832" />
</allocation-stats>
<gc-op id="2606" type="scavenge" timems="34.177" contextid="2603" timestamp="2025-12-12T04:45:52.107">
  <scavenger-info tenureage="5" tenuremask="4020" tiltratio="89" />
  <memory-copied type="nursery" objects="36425" bytes="1372472" bytesdiscarded="685176" />
  <memory-copied type="tenure" objects="35127" bytes="1223048" bytesdiscarded="616" />
  <ownableSynchronizers candidates="45669" cleared="45363" />
  <references type="soft" candidates="157" cleared="0" enqueued="0" dynamicThreshold="9" maxThreshold="32" />
  <references type="weak" candidates="259" cleared="0" enqueued="0" />
  <references type="phantom" candidates="7" cleared="0" enqueued="0" />
  <object-monitors candidates="188" cleared="0"  />
</gc-op>
<gc-end id="2607" type="scavenge" contextid="2603" durationms="38.516" usertimems="29.647" systemtimems="14.227" stalltimems="371.425" timestamp="2025-12-12T04:45:52.108" activeThreads="15">
  <mem-info id="2608" free="225001416" total="407830528" percent="55">
    <mem type="nursery" free="155030384" total="174587904" percent="88">
      <mem type="allocate" free="155030384" total="157089792" percent="98" />
      <mem type="survivor" free="0" total="17498112" percent="0" />
    </mem>
    <mem type="tenure" free="69971032" total="233242624" percent="29" macro-fragmented="39939376">
      <mem type="soa" free="67638360" total="230909952" percent="29" />
      <mem type="loa" free="2332672" total="2332672" percent="100" />
    </mem>
    <remembered-set count="3782" />
  </mem-info>
</gc-end>
<cycle-end id="2609" type="scavenge" contextid="2603" timestamp="2025-12-12T04:45:52.109" />
<allocation-satisfied id="2610" threadId="000000000180AA00" bytesRequested="56" />
<af-end id="2611" timestamp="2025-12-12T04:45:52.111" threadId="000000000180B478" success="true" from="nursery"/>
<exclusive-end id="2612" timestamp="2025-12-12T04:45:52.112" durationms="48.435" />

<exclusive-start id="2613" timestamp="2025-12-12T04:48:08.076" intervalms="136012.299">
  <response-info timems="0.118" idlems="0.118" threads="0" lastid="00000000001D0800" lastname="VM Runtime State Listener" />
</exclusive-start>
<sys-start reason="vm idle" id="2614" timestamp="2025-12-12T04:48:08.078" intervalms="391332.777" />
<cycle-start id="2615" type="global" contextid="0" timestamp="2025-12-12T04:48:08.079" intervalms="391332.873" />
<gc-start id="2616" type="global" contextid="2615" timestamp="2025-12-12T04:48:08.082">
  <mem-info id="2617" free="141901712" total="407830528" percent="34">
    <mem type="nursery" free="71930680" total="174587904" percent="41">
      <mem type="allocate" free="71930680" total="157089792" percent="45" />
      <mem type="survivor" free="0" total="17498112" percent="0" />
    </mem>
    <mem type="tenure" free="69971032" total="233242624" percent="29">
      <mem type="soa" free="67638360" total="230909952" percent="29" />
      <mem type="loa" free="2332672" total="2332672" percent="100" />
    </mem>
    <remembered-set count="3845" />
  </mem-info>
</gc-start>
<allocation-stats totalBytes="83070776" discardedBytes="28928" >
  <allocated-bytes non-tlh="56" tlh="83070720" />
  <largest-consumer threadName="Timer-7" threadId="0000000000FF6900" bytes="23549304" />
</allocation-stats>
<gc-op id="2618" type="mark" timems="81.540" contextid="2615" timestamp="2025-12-12T04:48:08.166">
  <trace-info objectcount="2295033" scancount="1977374" scanbytes="74365364" />
  <finalization candidates="910" enqueued="0" />
  <ownableSynchronizers candidates="23545" cleared="12719" />
  <references type="soft" candidates="17083" cleared="922" enqueued="920" dynamicThreshold="9" maxThreshold="32" />
  <references type="weak" candidates="18970" cleared="1" enqueued="0" />
  <references type="phantom" candidates="1436" cleared="0" enqueued="0" />
  <stringconstants candidates="58877" cleared="1054"  />
  <object-monitors candidates="188" cleared="4"  />
</gc-op>
<gc-op id="2619" type="classunload" timems="7.661" contextid="2615" timestamp="2025-12-12T04:48:08.175">
  <classunload-info classloadercandidates="818" classloadersunloaded="18" classesunloaded="145" anonymousclassesunloaded="0" quiescems="0.000" setupms="7.197" scanms="0.297" postms="0.166" />
</gc-op>
<gc-op id="2620" type="sweep" timems="3.886" contextid="2615" timestamp="2025-12-12T04:48:08.180" />
<gc-end id="2621" type="global" contextid="2615" durationms="108.180" usertimems="947.695" systemtimems="0.000" stalltimems="551.904" timestamp="2025-12-12T04:48:08.190" activeThreads="20">
  <mem-info id="2622" free="244904832" total="407830528" percent="60">
    <mem type="nursery" free="155463032" total="174587904" percent="89">
      <mem type="allocate" free="155463032" total="157089792" percent="98" />
      <mem type="survivor" free="0" total="17498112" percent="0" />
    </mem>
    <mem type="tenure" free="89441800" total="233242624" percent="38" micro-fragmented="311043" macro-fragmented="0">
      <mem type="soa" free="87109128" total="230909952" percent="37" />
      <mem type="loa" free="2332672" total="2332672" percent="100" />
    </mem>
    <pending-finalizers system="0" default="0" reference="920" classloader="0" />
    <remembered-set count="1936" />
  </mem-info>
</gc-end>
<cycle-end id="2623" type="global" contextid="2615" timestamp="2025-12-12T04:48:08.191" />
<heap-fixup timems="8.737" reason="class unloading"  timestamp="2025-12-12T04:48:08.191" />
<sys-end id="2624" timestamp="2025-12-12T04:48:08.192" />
<exclusive-end id="2625" timestamp="2025-12-12T04:48:08.193" durationms="117.343" />

<heap-resize id="2626" type="release free pages" space="tenure" amount="87474176" count="1" timems="4.996" reason="idle" timestamp="2025-12-12T04:48:08.199" />
<exclusive-start id="2627" timestamp="2025-12-12T04:52:25.067" intervalms="256990.952">
  <response-info timems="0.246" idlems="0.246" threads="0" lastid="0000000000FF6900" lastname="Timer-7" />
</exclusive-start>
<af-start id="2628" threadId="0000000000FF7378" totalBytesRequested="2688" timestamp="2025-12-12T04:52:25.068" intervalms="393003.192" type="nursery" />
<cycle-start id="2629" type="scavenge" contextid="0" timestamp="2025-12-12T04:52:25.071" intervalms="393003.476" />
<gc-start id="2630" type="scavenge" contextid="2629" timestamp="2025-12-12T04:52:25.073">
  <mem-info id="2631" free="89441800" total="407830528" percent="21">
    <mem type="nursery" free="0" total="174587904" percent="0">
      <mem type="allocate" free="0" total="157089792" percent="0" />
      <mem type="survivor" free="0" total="17498112" percent="0" />
    </mem>
    <mem type="tenure" free="89441800" total="233242624" percent="38">
      <mem type="soa" free="87109128" total="230909952" percent="37" />
      <mem type="loa" free="2332672" total="2332672" percent="100" />
    </mem>
    <remembered-set count="3127" />
  </mem-info>
</gc-start>
<allocation-stats totalBytes="155411688" discardedBytes="50344" >
  <allocated-bytes non-tlh="8360" tlh="155403328" />
  <largest-consumer threadName="Timer-7" threadId="0000000000FF6900" bytes="44255880" />
</allocation-stats>
<gc-op id="2632" type="scavenge" timems="20.873" contextid="2629" timestamp="2025-12-12T04:52:25.097">
  <scavenger-info tenureage="14" tenuremask="4000" tiltratio="89" />
  <memory-copied type="nursery" objects="36476" bytes="1403296" bytesdiscarded="528944" />
  <ownableSynchronizers candidates="42940" cleared="42743" />
  <references type="soft" candidates="157" cleared="0" enqueued="0" dynamicThreshold="12" maxThreshold="32" />
  <references type="weak" candidates="265" cleared="0" enqueued="0" />
  <references type="phantom" candidates="8" cleared="0" enqueued="0" />
  <object-monitors candidates="184" cleared="0"  />
</gc-op>
<gc-end id="2633" type="scavenge" contextid="2629" durationms="27.314" usertimems="23.992" systemtimems="9.387" stalltimems="57.267" timestamp="2025-12-12T04:52:25.100" activeThreads="12">
  <mem-info id="2634" free="244597624" total="407830528" percent="59">
    <mem type="nursery" free="155155824" total="174587904" percent="88">
      <mem type="allocate" free="155155824" total="157089792" percent="98" />
      <mem type="survivor" free="0" total="17498112" percent="0" />
    </mem>
    <mem type="tenure" free="89441800" total="233242624" percent="38" macro-fragmented="0">
      <mem type="soa" free="87109128" total="230909952" percent="37" />
      <mem type="loa" free="2332672" total="2332672" percent="100" />
    </mem>
    <remembered-set count="2798" />
  </mem-info>
</gc-end>
<cycle-end id="2635" type="scavenge" contextid="2629" timestamp="2025-12-12T04:52:25.102" />
<allocation-satisfied id="2636" threadId="0000000000FF6900" bytesRequested="2688" />
<af-end id="2637" timestamp="2025-12-12T04:52:25.103" threadId="0000000000FF7378" success="true" from="nursery"/>
<exclusive-end id="2638" timestamp="2025-12-12T04:52:25.104" durationms="37.367" />

<exclusive-start id="2639" timestamp="2025-12-12T04:56:40.073" intervalms="255006.362">
  <response-info timems="0.118" idlems="0.118" threads="0" lastid="0000000000FF6900" lastname="Timer-7" />
</exclusive-start>
<af-start id="2640" threadId="0000000000FF7378" totalBytesRequested="960" timestamp="2025-12-12T04:56:40.075" intervalms="255006.468" type="nursery" />
<cycle-start id="2641" type="scavenge" contextid="0" timestamp="2025-12-12T04:56:40.078" intervalms="255007.223" />
<gc-start id="2642" type="scavenge" contextid="2641" timestamp="2025-12-12T04:56:40.082">
  <mem-info id="2643" free="89441800" total="407830528" percent="21">
    <mem type="nursery" free="0" total="174587904" percent="0">
      <mem type="allocate" free="0" total="157089792" percent="0" />
      <mem type="survivor" free="0" total="17498112" percent="0" />
    </mem>
    <mem type="tenure" free="89441800" total="233242624" percent="38">
      <mem type="soa" free="87109128" total="230909952" percent="37" />
      <mem type="loa" free="2332672" total="2332672" percent="100" />
    </mem>
    <remembered-set count="2858" />
  </mem-info>
</gc-start>
<allocation-stats totalBytes="155112424" discardedBytes="43400" >
  <allocated-bytes non-tlh="2688" tlh="155109736" />
  <largest-consumer threadName="Timer-7" threadId="0000000000FF6900" bytes="43988056" />
</allocation-stats>
<gc-op id="2644" type="scavenge" timems="23.182" contextid="2641" timestamp="2025-12-12T04:56:40.109">
  <scavenger-info tenureage="5" tenuremask="4020" tiltratio="89" />
  <memory-copied type="nursery" objects="4053" bytes="226104" bytesdiscarded="1217600" />
  <memory-copied type="tenure" objects="32476" bytes="1175960" bytesdiscarded="2416" />
  <ownableSynchronizers candidates="21547" cleared="21350" />
  <references type="soft" candidates="1" cleared="0" enqueued="0" dynamicThreshold="12" maxThreshold="32" />
  <references type="weak" candidates="172" cleared="0" enqueued="0" />
  <references type="phantom" candidates="6" cleared="0" enqueued="0" />
  <object-monitors candidates="184" cleared="0"  />
</gc-op>
<gc-end id="2645" type="scavenge" contextid="2641" durationms="29.080" usertimems="15.032" systemtimems="30.170" stalltimems="134.791" timestamp="2025-12-12T04:56:40.111" activeThreads="13">
  <mem-info id="2646" free="243445824" total="407830528" percent="59">
    <mem type="nursery" free="155645688" total="174587904" percent="89">
      <mem type="allocate" free="155645688" total="157089792" percent="99" />
      <mem type="survivor" free="0" total="17498112" percent="0" />
    </mem>
    <mem type="tenure" free="87800136" total="233242624" percent="37" macro-fragmented="0">
      <mem type="soa" free="85467464" total="230909952" percent="37" />
      <mem type="loa" free="2332672" total="2332672" percent="100" />
    </mem>
    <remembered-set count="1644" />
  </mem-info>
</gc-end>
<cycle-end id="2647" type="scavenge" contextid="2641" timestamp="2025-12-12T04:56:40.113" />
<allocation-satisfied id="2648" threadId="0000000000FF6900" bytesRequested="960" />
<af-end id="2649" timestamp="2025-12-12T04:56:40.116" threadId="0000000000FF7378" success="true" from="nursery"/>
<exclusive-end id="2650" timestamp="2025-12-12T04:56:40.118" durationms="44.900" />

<exclusive-start id="2651" timestamp="2025-12-12T05:00:55.311" intervalms="255238.225">
  <response-info timems="0.096" idlems="0.096" threads="0" lastid="0000000001934C00" lastname="Default Executor-thread-154" />
</exclusive-start>
<af-start id="2652" threadId="0000000001935678" totalBytesRequested="176" timestamp="2025-12-12T05:00:55.334" intervalms="255258.799" type="nursery" />
<cycle-start id="2653" type="scavenge" contextid="0" timestamp="2025-12-12T05:00:55.343" intervalms="255264.872" />
<gc-start id="2654" type="scavenge" contextid="2653" timestamp="2025-12-12T05:00:55.357">
  <mem-info id="2655" free="87800136" total="407830528" percent="21">
    <mem type="nursery" free="0" total="174587904" percent="0">
      <mem type="allocate" free="0" total="157089792" percent="0" />
      <mem type="survivor" free="0" total="17498112" percent="0" />
    </mem>
    <mem type="tenure" free="87800136" total="233242624" percent="37">
      <mem type="soa" free="85467464" total="230909952" percent="37" />
      <mem type="loa" free="2332672" total="2332672" percent="100" />
    </mem>
    <remembered-set count="1716" />
  </mem-info>
</gc-start>
<allocation-stats totalBytes="155608336" discardedBytes="37352" >
  <allocated-bytes non-tlh="960" tlh="155607376" />
  <largest-consumer threadName="Timer-7" threadId="0000000000FF6900" bytes="46183704" />
</allocation-stats>
<gc-op id="2656" type="scavenge" timems="44.302" contextid="2653" timestamp="2025-12-12T05:00:55.428">
  <scavenger-info tenureage="14" tenuremask="4000" tiltratio="89" />
  <memory-copied type="nursery" objects="4331" bytes="234864" bytesdiscarded="428008" />
  <ownableSynchronizers candidates="21437" cleared="21342" />
  <references type="soft" candidates="1" cleared="0" enqueued="0" dynamicThreshold="12" maxThreshold="32" />
  <references type="weak" candidates="186" cleared="0" enqueued="0" />
  <references type="phantom" candidates="6" cleared="0" enqueued="0" />
  <object-monitors candidates="184" cleared="0"  />
</gc-op>
<gc-end id="2657" type="scavenge" contextid="2653" durationms="83.326" usertimems="16.674" systemtimems="13.006" stalltimems="144.510" timestamp="2025-12-12T05:00:55.441" activeThreads="12">
  <mem-info id="2658" free="244226624" total="407830528" percent="59">
    <mem type="nursery" free="156426488" total="174587904" percent="89">
      <mem type="allocate" free="156426488" total="157089792" percent="99" />
      <mem type="survivor" free="0" total="17498112" percent="0" />
    </mem>
    <mem type="tenure" free="87800136" total="233242624" percent="37" macro-fragmented="418667">
      <mem type="soa" free="85467464" total="230909952" percent="37" />
      <mem type="loa" free="2332672" total="2332672" percent="100" />
    </mem>
    <remembered-set count="735" />
  </mem-info>
</gc-end>
<cycle-end id="2659" type="scavenge" contextid="2653" timestamp="2025-12-12T05:00:55.453" />
<allocation-satisfied id="2660" threadId="0000000001934C00" bytesRequested="176" />
<af-end id="2661" timestamp="2025-12-12T05:00:55.477" threadId="0000000001935678" success="true" from="nursery"/>
<exclusive-end id="2662" timestamp="2025-12-12T05:00:55.489" durationms="177.729" />

<exclusive-start id="2663" timestamp="2025-12-12T05:04:27.100" intervalms="211788.865">
  <response-info timems="0.205" idlems="0.205" threads="0" lastid="00000000001D0800" lastname="VM Runtime State Listener" />
</exclusive-start>
<sys-start reason="vm idle" id="2664" timestamp="2025-12-12T05:04:27.103" intervalms="979024.955" />
<cycle-start id="2665" type="global" contextid="0" timestamp="2025-12-12T05:04:27.107" intervalms="979027.852" />
<gc-start id="2666" type="global" contextid="2665" timestamp="2025-12-12T05:04:27.114">
  <mem-info id="2667" free="115853712" total="407830528" percent="28">
    <mem type="nursery" free="28053576" total="174587904" percent="16">
      <mem type="allocate" free="28053576" total="157089792" percent="17" />
      <mem type="survivor" free="0" total="17498112" percent="0" />
    </mem>
    <mem type="tenure" free="87800136" total="233242624" percent="37">
      <mem type="soa" free="85467464" total="230909952" percent="37" />
      <mem type="loa" free="2332672" total="2332672" percent="100" />
    </mem>
    <remembered-set count="797" />
  </mem-info>
</gc-start>
<allocation-stats totalBytes="128336792" discardedBytes="36120" >
  <allocated-bytes non-tlh="176" tlh="128336616" />
  <largest-consumer threadName="Timer-7" threadId="0000000000FF6900" bytes="36421952" />
</allocation-stats>
<gc-op id="2668" type="mark" timems="101.392" contextid="2665" timestamp="2025-12-12T05:04:27.218">
  <trace-info objectcount="2291013" scancount="1973762" scanbytes="74268004" />
  <finalization candidates="910" enqueued="0" />
  <ownableSynchronizers candidates="28551" cleared="17725" />
  <references type="soft" candidates="16161" cleared="0" enqueued="0" dynamicThreshold="12" maxThreshold="32" />
  <references type="weak" candidates="18973" cleared="0" enqueued="0" />
  <references type="phantom" candidates="1436" cleared="0" enqueued="0" />
  <stringconstants candidates="57823" cleared="404"  />
  <object-monitors candidates="204" cleared="23"  />
</gc-op>
<gc-op id="2669" type="classunload" timems="0.065" contextid="2665" timestamp="2025-12-12T05:04:27.219">
  <classunload-info classloadercandidates="800" classloadersunloaded="0" classesunloaded="0" anonymousclassesunloaded="0" quiescems="0.000" setupms="0.064" scanms="0.000" postms="0.000" />
</gc-op>
<gc-op id="2670" type="sweep" timems="3.175" contextid="2665" timestamp="2025-12-12T05:04:27.223" />
<mem-info id="2671" free="244997736" total="407830528" percent="60">
  <mem type="nursery" free="156659792" total="174587904" percent="89">
    <mem type="allocate" free="156659792" total="157089792" percent="99" />
    <mem type="survivor" free="0" total="17498112" percent="0" />
  </mem>
  <mem type="tenure" free="88337944" total="233242624" percent="37" micro-fragmented="378293" macro-fragmented="0">
    <mem type="soa" free="86005272" total="230909952" percent="37" />
    <mem type="loa" free="2332672" total="2332672" percent="100" />
  </mem>
  <remembered-set count="794" />
</mem-info>
<gc-op id="2672" type="compact" timems="122.923" contextid="2665" timestamp="2025-12-12T05:04:27.347">
  <compact-info movecount="2045526" movebytes="110829208" reason="compact on aggressive collection" />
</gc-op>
<gc-end id="2673" type="global" contextid="2665" durationms="234.658" usertimems="2177.297" systemtimems="0.000" stalltimems="635.129" timestamp="2025-12-12T05:04:27.348" activeThreads="20">
  <mem-info id="2674" free="245592880" total="407830528" percent="60">
    <mem type="nursery" free="156865856" total="174587904" percent="89">
      <mem type="allocate" free="156865856" total="157089792" percent="99" />
      <mem type="survivor" free="0" total="17498112" percent="0" />
    </mem>
    <mem type="tenure" free="88727024" total="233242624" percent="38">
      <mem type="soa" free="86394352" total="230909952" percent="37" />
      <mem type="loa" free="2332672" total="2332672" percent="100" />
    </mem>
    <remembered-set count="794" />
  </mem-info>
</gc-end>
<cycle-end id="2675" type="global" contextid="2665" timestamp="2025-12-12T05:04:27.349" />
<sys-end id="2676" timestamp="2025-12-12T05:04:27.350" />
<exclusive-end id="2677" timestamp="2025-12-12T05:04:27.350" durationms="250.331" />

<heap-resize id="2678" type="release free pages" space="tenure" amount="88653824" count="1" timems="1.930" reason="idle" timestamp="2025-12-12T05:04:27.353" />
<exclusive-start id="2679" timestamp="2025-12-12T05:07:10.080" intervalms="162979.952">
  <response-info timems="0.114" idlems="0.114" threads="0" lastid="0000000000FF6900" lastname="Timer-7" />
</exclusive-start>
<af-start id="2680" threadId="0000000000FF7378" totalBytesRequested="6736" timestamp="2025-12-12T05:07:10.087" intervalms="374753.402" type="nursery" />
<cycle-start id="2681" type="scavenge" contextid="0" timestamp="2025-12-12T05:07:10.097" intervalms="374753.862" />
<gc-start id="2682" type="scavenge" contextid="2681" timestamp="2025-12-12T05:07:10.107">
  <mem-info id="2683" free="88715792" total="407830528" percent="21">
    <mem type="nursery" free="0" total="174587904" percent="0">
      <mem type="allocate" free="0" total="157089792" percent="0" />
      <mem type="survivor" free="0" total="17498112" percent="0" />
    </mem>
    <mem type="tenure" free="88715792" total="233242624" percent="38">
      <mem type="soa" free="86383120" total="230909952" percent="37" />
      <mem type="loa" free="2332672" total="2332672" percent="100" />
    </mem>
    <remembered-set count="2619" />
  </mem-info>
</gc-start>
<allocation-stats totalBytes="156769040" discardedBytes="108048" >
  <allocated-bytes non-tlh="11232" tlh="156757808" />
  <largest-consumer threadName="Timer-7" threadId="0000000000FF6900" bytes="26499696" />
</allocation-stats>
<gc-op id="2684" type="scavenge" timems="13.656" contextid="2681" timestamp="2025-12-12T05:07:10.138">
  <scavenger-info tenureage="14" tenuremask="4000" tiltratio="89" />
  <memory-copied type="nursery" objects="17084" bytes="1028184" bytesdiscarded="344048" />
  <finalization candidates="8" enqueued="7" />
  <ownableSynchronizers candidates="35895" cleared="35783" />
  <references type="soft" candidates="37" cleared="0" enqueued="0" dynamicThreshold="12" maxThreshold="32" />
  <references type="weak" candidates="1517" cleared="62" enqueued="33" />
  <references type="phantom" candidates="817" cleared="787" enqueued="787" />
  <object-monitors candidates="208" cleared="17"  />
</gc-op>
<gc-end id="2685" type="scavenge" contextid="2681" durationms="56.273" usertimems="30.972" systemtimems="4.228" stalltimems="79.883" timestamp="2025-12-12T05:07:10.163" activeThreads="11">
  <mem-info id="2686" free="244429968" total="407830528" percent="59">
    <mem type="nursery" free="155714176" total="174587904" percent="89">
      <mem type="allocate" free="155714176" total="157089792" percent="99" />
      <mem type="survivor" free="0" total="17498112" percent="0" />
    </mem>
    <mem type="tenure" free="88715792" total="233242624" percent="38" macro-fragmented="0">
      <mem type="soa" free="86383120" total="230909952" percent="37" />
      <mem type="loa" free="2332672" total="2332672" percent="100" />
    </mem>
    <pending-finalizers system="5" default="2" reference="820" classloader="0" />
    <remembered-set count="1218" />
  </mem-info>
</gc-end>
<cycle-end id="2687" type="scavenge" contextid="2681" timestamp="2025-12-12T05:07:10.170" />
<allocation-satisfied id="2688" threadId="0000000000FF6900" bytesRequested="6736" />
<af-end id="2689" timestamp="2025-12-12T05:07:10.183" threadId="0000000000FF7378" success="true" from="nursery"/>
<exclusive-end id="2690" timestamp="2025-12-12T05:07:10.193" durationms="113.457" />

<exclusive-start id="2691" timestamp="2025-12-12T05:08:21.141" intervalms="71061.495">
  <response-info timems="0.074" idlems="0.074" threads="0" lastid="00000000019CF700" lastname="Default Executor-thread-184" />
</exclusive-start>
<af-start id="2692" threadId="00000000019D0178" totalBytesRequested="568" timestamp="2025-12-12T05:08:21.143" intervalms="71055.983" type="nursery" />
<cycle-start id="2693" type="scavenge" contextid="0" timestamp="2025-12-12T05:08:21.144" intervalms="71047.801" />
<gc-start id="2694" type="scavenge" contextid="2693" timestamp="2025-12-12T05:08:21.146">
  <mem-info id="2695" free="88691432" total="407830528" percent="21">
    <mem type="nursery" free="0" total="174587904" percent="0">
      <mem type="allocate" free="0" total="157089792" percent="0" />
      <mem type="survivor" free="0" total="17498112" percent="0" />
    </mem>
    <mem type="tenure" free="88691432" total="233242624" percent="38">
      <mem type="soa" free="86358760" total="230909952" percent="37" />
      <mem type="loa" free="2332672" total="2332672" percent="100" />
    </mem>
    <remembered-set count="3504" />
  </mem-info>
</gc-start>
<allocation-stats totalBytes="155628288" discardedBytes="110248" >
  <allocated-bytes non-tlh="812952" tlh="154815336" />
  <largest-consumer threadName="Default Executor-thread-180" threadId="00000000005FB800" bytes="57528336" />
</allocation-stats>
<gc-op id="2696" type="scavenge" timems="14.235" contextid="2693" timestamp="2025-12-12T05:08:21.163">
  <scavenger-info tenureage="14" tenuremask="4000" tiltratio="89" />
  <memory-copied type="nursery" objects="57014" bytes="2596744" bytesdiscarded="163504" />
  <finalization candidates="101" enqueued="97" />
  <ownableSynchronizers candidates="9060" cleared="8833" />
  <references type="soft" candidates="216" cleared="0" enqueued="0" dynamicThreshold="12" maxThreshold="32" />
  <references type="weak" candidates="2346" cleared="566" enqueued="518" />
  <references type="phantom" candidates="47" cleared="8" enqueued="8" />
  <object-monitors candidates="193" cleared="2"  />
</gc-op>
<gc-end id="2697" type="scavenge" contextid="2693" durationms="28.245" usertimems="12.975" systemtimems="8.629" stalltimems="24.602" timestamp="2025-12-12T05:08:21.174" activeThreads="8">
  <mem-info id="2698" free="243011648" total="407830528" percent="59">
    <mem type="nursery" free="154320216" total="174587904" percent="88">
      <mem type="allocate" free="154320216" total="157089792" percent="98" />
      <mem type="survivor" free="0" total="17498112" percent="0" />
    </mem>
    <mem type="tenure" free="88691432" total="233242624" percent="38" macro-fragmented="32800">
      <mem type="soa" free="86358760" total="230909952" percent="37" />
      <mem type="loa" free="2332672" total="2332672" percent="100" />
    </mem>
    <pending-finalizers system="3" default="94" reference="526" classloader="0" />
    <remembered-set count="2022" />
  </mem-info>
</gc-end>
<cycle-end id="2699" type="scavenge" contextid="2693" timestamp="2025-12-12T05:08:21.175" />
<allocation-satisfied id="2700" threadId="00000000019CF700" bytesRequested="568" />
<af-end id="2701" timestamp="2025-12-12T05:08:21.176" threadId="00000000019D0178" success="true" from="nursery"/>
<exclusive-end id="2702" timestamp="2025-12-12T05:08:21.177" durationms="35.324" />

<exclusive-start id="2703" timestamp="2025-12-12T05:10:02.481" intervalms="101340.013">
  <response-info timems="0.105" idlems="0.105" threads="0" lastid="0000000001D3FA00" lastname="Default Executor-thread-237" />
</exclusive-start>
<af-start id="2704" threadId="0000000001D40478" totalBytesRequested="128" timestamp="2025-12-12T05:10:02.483" intervalms="101340.268" type="nursery" />
<cycle-start id="2705" type="scavenge" contextid="0" timestamp="2025-12-12T05:10:02.485" intervalms="101340.546" />
<gc-start id="2706" type="scavenge" contextid="2705" timestamp="2025-12-12T05:10:02.487">
  <mem-info id="2707" free="88663976" total="407830528" percent="21">
    <mem type="nursery" free="0" total="174587904" percent="0">
      <mem type="allocate" free="0" total="157089792" percent="0" />
      <mem type="survivor" free="0" total="17498112" percent="0" />
    </mem>
    <mem type="tenure" free="88663976" total="233242624" percent="38">
      <mem type="soa" free="86331304" total="230909952" percent="37" />
      <mem type="loa" free="2332672" total="2332672" percent="100" />
    </mem>
    <remembered-set count="3760" />
  </mem-info>
</gc-start>
<allocation-stats totalBytes="154226104" discardedBytes="121568" >
  <allocated-bytes non-tlh="650712" tlh="153575392" />
  <largest-consumer threadName="Timer-7" threadId="0000000000FF6900" bytes="16987216" />
</allocation-stats>
<gc-op id="2708" type="scavenge" timems="56.757" contextid="2705" timestamp="2025-12-12T05:10:02.547">
  <scavenger-info tenureage="14" tenuremask="4000" tiltratio="89" />
  <memory-copied type="nursery" objects="118339" bytes="4324984" bytesdiscarded="88200" />
  <finalization candidates="99" enqueued="95" />
  <ownableSynchronizers candidates="12183" cleared="11768" />
  <references type="soft" candidates="426" cleared="0" enqueued="0" dynamicThreshold="12" maxThreshold="32" />
  <references type="weak" candidates="2170" cleared="784" enqueued="776" />
  <references type="phantom" candidates="57" cleared="34" enqueued="34" />
  <object-monitors candidates="234" cleared="41"  />
</gc-op>
<heap-resize id="2709" type="contract" space="nursery" amount="1703936" count="1" timems="1.399" reason="insufficient time being spent scavenging" timestamp="2025-12-12T05:10:02.551" />
<gc-end id="2710" type="scavenge" contextid="2705" durationms="73.736" usertimems="39.248" systemtimems="22.777" stalltimems="40.449" timestamp="2025-12-12T05:10:02.561" activeThreads="9">
  <mem-info id="2711" free="239818600" total="406126592" percent="59">
    <mem type="nursery" free="151154624" total="172883968" percent="87">
      <mem type="allocate" free="151154624" total="155582464" percent="97" />
      <mem type="survivor" free="0" total="17301504" percent="0" />
    </mem>
    <mem type="tenure" free="88663976" total="233242624" percent="38" macro-fragmented="0">
      <mem type="soa" free="86331304" total="230909952" percent="37" />
      <mem type="loa" free="2332672" total="2332672" percent="100" />
    </mem>
    <pending-finalizers system="1" default="94" reference="810" classloader="0" />
    <remembered-set count="2430" />
  </mem-info>
</gc-end>
<cycle-end id="2712" type="scavenge" contextid="2705" timestamp="2025-12-12T05:10:02.562" />
<allocation-satisfied id="2713" threadId="0000000001D3FA00" bytesRequested="128" />
<af-end id="2714" timestamp="2025-12-12T05:10:02.563" threadId="0000000001D40478" success="true" from="nursery"/>
<exclusive-end id="2715" timestamp="2025-12-12T05:10:02.563" durationms="81.758" />

<exclusive-start id="2716" timestamp="2025-12-12T05:14:10.096" intervalms="247614.887">
  <response-info timems="0.139" idlems="0.139" threads="0" lastid="0000000000FF6900" lastname="Timer-7" />
</exclusive-start>
<af-start id="2717" threadId="0000000000FF7378" totalBytesRequested="1456" timestamp="2025-12-12T05:14:10.098" intervalms="247614.530" type="nursery" />
<cycle-start id="2718" type="scavenge" contextid="0" timestamp="2025-12-12T05:14:10.100" intervalms="247614.816" />
<gc-start id="2719" type="scavenge" contextid="2718" timestamp="2025-12-12T05:14:10.103">
  <mem-info id="2720" free="88663976" total="406126592" percent="21">
    <mem type="nursery" free="0" total="172883968" percent="0">
      <mem type="allocate" free="0" total="155582464" percent="0" />
      <mem type="survivor" free="0" total="17301504" percent="0" />
    </mem>
    <mem type="tenure" free="88663976" total="233242624" percent="38">
      <mem type="soa" free="86331304" total="230909952" percent="37" />
      <mem type="loa" free="2332672" total="2332672" percent="100" />
    </mem>
    <remembered-set count="2582" />
  </mem-info>
</gc-start>
<allocation-stats totalBytes="151102016" discardedBytes="52608" >
  <allocated-bytes non-tlh="128" tlh="151101888" />
  <largest-consumer threadName="Timer-7" threadId="0000000000FF6900" bytes="44511784" />
</allocation-stats>
<gc-op id="2721" type="scavenge" timems="17.316" contextid="2718" timestamp="2025-12-12T05:14:10.123">
  <scavenger-info tenureage="14" tenuremask="4000" tiltratio="89" />
  <memory-copied type="nursery" objects="109039" bytes="4024944" bytesdiscarded="441376" />
  <finalization candidates="4" enqueued="0" />
  <ownableSynchronizers candidates="21139" cleared="20731" />
  <references type="soft" candidates="426" cleared="0" enqueued="0" dynamicThreshold="12" maxThreshold="32" />
  <references type="weak" candidates="1396" cleared="0" enqueued="0" />
  <references type="phantom" candidates="24" cleared="2" enqueued="2" />
  <object-monitors candidates="193" cleared="1"  />
</gc-op>
<gc-end id="2722" type="scavenge" contextid="2718" durationms="23.196" usertimems="10.504" systemtimems="18.410" stalltimems="47.825" timestamp="2025-12-12T05:14:10.126" activeThreads="14">
  <mem-info id="2723" free="239774720" total="406126592" percent="59">
    <mem type="nursery" free="151110744" total="172883968" percent="87">
      <mem type="allocate" free="151110744" total="155582464" percent="97" />
      <mem type="survivor" free="0" total="17301504" percent="0" />
    </mem>
    <mem type="tenure" free="88663976" total="233242624" percent="38" macro-fragmented="0">
      <mem type="soa" free="86331304" total="230909952" percent="37" />
      <mem type="loa" free="2332672" total="2332672" percent="100" />
    </mem>
    <pending-finalizers system="0" default="0" reference="2" classloader="0" />
    <remembered-set count="2044" />
  </mem-info>
</gc-end>
<cycle-end id="2724" type="scavenge" contextid="2718" timestamp="2025-12-12T05:14:10.128" />
<allocation-satisfied id="2725" threadId="0000000000FF6900" bytesRequested="1456" />
<af-end id="2726" timestamp="2025-12-12T05:14:10.130" threadId="0000000000FF7378" success="true" from="nursery"/>
<exclusive-end id="2727" timestamp="2025-12-12T05:14:10.130" durationms="33.826" />

<exclusive-start id="2728" timestamp="2025-12-12T05:15:08.110" intervalms="58013.426">
  <response-info timems="0.118" idlems="0.118" threads="0" lastid="00000000001D0800" lastname="VM Runtime State Listener" />
</exclusive-start>
<sys-start reason="vm idle" id="2729" timestamp="2025-12-12T05:15:08.112" intervalms="641009.704" />
<cycle-start id="2730" type="global" contextid="0" timestamp="2025-12-12T05:15:08.115" intervalms="641007.321" />
<gc-start id="2731" type="global" contextid="2730" timestamp="2025-12-12T05:15:08.117">
  <mem-info id="2732" free="204564048" total="406126592" percent="50">
    <mem type="nursery" free="115900072" total="172883968" percent="67">
      <mem type="allocate" free="115900072" total="155582464" percent="74" />
      <mem type="survivor" free="0" total="17301504" percent="0" />
    </mem>
    <mem type="tenure" free="88663976" total="233242624" percent="38">
      <mem type="soa" free="86331304" total="230909952" percent="37" />
      <mem type="loa" free="2332672" total="2332672" percent="100" />
    </mem>
    <remembered-set count="2095" />
  </mem-info>
</gc-start>
<allocation-stats totalBytes="35200808" discardedBytes="9864" >
  <allocated-bytes non-tlh="1456" tlh="35199352" />
  <largest-consumer threadName="Timer-7" threadId="0000000000FF6900" bytes="8499832" />
</allocation-stats>
<gc-op id="2733" type="mark" timems="40.681" contextid="2730" timestamp="2025-12-12T05:15:08.161">
  <trace-info objectcount="2360045" scancount="2040323" scanbytes="76507820" />
  <finalization candidates="914" enqueued="4" />
  <ownableSynchronizers candidates="15990" cleared="4966" />
  <references type="soft" candidates="16117" cleared="0" enqueued="0" dynamicThreshold="12" maxThreshold="32" />
  <references type="weak" candidates="19775" cleared="123" enqueued="86" />
  <references type="phantom" candidates="1440" cleared="0" enqueued="0" />
  <stringconstants candidates="57584" cleared="97"  />
  <object-monitors candidates="192" cleared="5"  />
</gc-op>
<gc-op id="2734" type="classunload" timems="4.911" contextid="2730" timestamp="2025-12-12T05:15:08.168">
  <classunload-info classloadercandidates="824" classloadersunloaded="15" classesunloaded="4" anonymousclassesunloaded="0" quiescems="0.000" setupms="4.614" scanms="0.173" postms="0.122" />
</gc-op>
<gc-op id="2735" type="sweep" timems="4.642" contextid="2730" timestamp="2025-12-12T05:15:08.175" />
<gc-end id="2736" type="global" contextid="2730" durationms="65.792" usertimems="407.792" systemtimems="11.231" stalltimems="448.681" timestamp="2025-12-12T05:15:08.183" activeThreads="20">
  <mem-info id="2737" free="241311448" total="406126592" percent="59">
    <mem type="nursery" free="151422736" total="172883968" percent="87">
      <mem type="allocate" free="151422736" total="155582464" percent="97" />
      <mem type="survivor" free="0" total="17301504" percent="0" />
    </mem>
    <mem type="tenure" free="89888712" total="233242624" percent="38" micro-fragmented="203202" macro-fragmented="0">
      <mem type="soa" free="87556040" total="230909952" percent="37" />
      <mem type="loa" free="2332672" total="2332672" percent="100" />
    </mem>
    <pending-finalizers system="0" default="4" reference="86" classloader="0" />
    <remembered-set count="1512" />
  </mem-info>
</gc-end>
<cycle-end id="2738" type="global" contextid="2730" timestamp="2025-12-12T05:15:08.185" />
<heap-fixup timems="6.480" reason="class unloading"  timestamp="2025-12-12T05:15:08.185" />
<sys-end id="2739" timestamp="2025-12-12T05:15:08.187" />
<exclusive-end id="2740" timestamp="2025-12-12T05:15:08.188" durationms="77.780" />

<heap-resize id="2741" type="release free pages" space="tenure" amount="89387008" count="1" timems="3.130" reason="idle" timestamp="2025-12-12T05:15:08.192" />
<exclusive-start id="2742" timestamp="2025-12-12T05:19:15.035" intervalms="246924.592">
  <response-info timems="0.130" idlems="0.130" threads="0" lastid="00000000018AA800" lastname="Default Executor-thread-160" />
</exclusive-start>
<af-start id="2743" threadId="00000000018AB278" totalBytesRequested="184" timestamp="2025-12-12T05:19:15.037" intervalms="304938.967" type="nursery" />
<cycle-start id="2744" type="scavenge" contextid="0" timestamp="2025-12-12T05:19:15.039" intervalms="304939.666" />
<gc-start id="2745" type="scavenge" contextid="2744" timestamp="2025-12-12T05:19:15.042">
  <mem-info id="2746" free="89888712" total="406126592" percent="22">
    <mem type="nursery" free="0" total="172883968" percent="0">
      <mem type="allocate" free="0" total="155582464" percent="0" />
      <mem type="survivor" free="0" total="17301504" percent="0" />
    </mem>
    <mem type="tenure" free="89888712" total="233242624" percent="38">
      <mem type="soa" free="87556040" total="230909952" percent="37" />
      <mem type="loa" free="2332672" total="2332672" percent="100" />
    </mem>
    <remembered-set count="1607" />
  </mem-info>
</gc-start>
<allocation-stats totalBytes="151372112" discardedBytes="50624" >
  <allocated-bytes non-tlh="12688" tlh="151359424" />
  <largest-consumer threadName="Timer-7" threadId="0000000000FF6900" bytes="44772144" />
</allocation-stats>
<gc-op id="2747" type="scavenge" timems="10.809" contextid="2744" timestamp="2025-12-12T05:19:15.057">
  <scavenger-info tenureage="3" tenuremask="4088" tiltratio="89" />
  <memory-copied type="nursery" objects="71536" bytes="2604432" bytesdiscarded="841848" />
  <memory-copied type="tenure" objects="35204" bytes="1318536" bytesdiscarded="3712" />
  <finalization candidates="2" enqueued="0" />
  <ownableSynchronizers candidates="42697" cleared="42297" />
  <references type="soft" candidates="228" cleared="0" enqueued="0" dynamicThreshold="12" maxThreshold="32" />
  <references type="weak" candidates="1180" cleared="0" enqueued="0" />
  <references type="phantom" candidates="17" cleared="0" enqueued="0" />
  <object-monitors candidates="187" cleared="0"  />
</gc-op>
<gc-end id="2748" type="scavenge" contextid="2744" durationms="16.396" usertimems="18.519" systemtimems="14.288" stalltimems="64.444" timestamp="2025-12-12T05:19:15.058" activeThreads="15">
  <mem-info id="2749" free="240513272" total="406126592" percent="59">
    <mem type="nursery" free="152132576" total="172883968" percent="87">
      <mem type="allocate" free="152132576" total="155582464" percent="97" />
      <mem type="survivor" free="0" total="17301504" percent="0" />
    </mem>
    <mem type="tenure" free="88380696" total="233242624" percent="37" macro-fragmented="23113062">
      <mem type="soa" free="86048024" total="230909952" percent="37" />
      <mem type="loa" free="2332672" total="2332672" percent="100" />
    </mem>
    <remembered-set count="1321" />
  </mem-info>
</gc-end>
<cycle-end id="2750" type="scavenge" contextid="2744" timestamp="2025-12-12T05:19:15.060" />
<allocation-satisfied id="2751" threadId="00000000018AA800" bytesRequested="184" />
<af-end id="2752" timestamp="2025-12-12T05:19:15.063" threadId="00000000018AB278" success="true" from="nursery"/>
<exclusive-end id="2753" timestamp="2025-12-12T05:19:15.064" durationms="29.796" />

<exclusive-start id="2754" timestamp="2025-12-12T05:23:25.106" intervalms="250071.893">
  <response-info timems="0.125" idlems="0.125" threads="0" lastid="0000000000FF6900" lastname="Timer-7" />
</exclusive-start>
<af-start id="2755" threadId="0000000000FF7378" totalBytesRequested="32" timestamp="2025-12-12T05:23:25.109" intervalms="250071.979" type="nursery" />
<cycle-start id="2756" type="scavenge" contextid="0" timestamp="2025-12-12T05:23:25.111" intervalms="250071.366" />
<gc-start id="2757" type="scavenge" contextid="2756" timestamp="2025-12-12T05:23:25.113">
  <mem-info id="2758" free="88380696" total="406126592" percent="21">
    <mem type="nursery" free="0" total="172883968" percent="0">
      <mem type="allocate" free="0" total="155582464" percent="0" />
      <mem type="survivor" free="0" total="17301504" percent="0" />
    </mem>
    <mem type="tenure" free="88380696" total="233242624" percent="37">
      <mem type="soa" free="86048024" total="230909952" percent="37" />
      <mem type="loa" free="2332672" total="2332672" percent="100" />
    </mem>
    <remembered-set count="1376" />
  </mem-info>
</gc-start>
<allocation-stats totalBytes="152085616" discardedBytes="46960" >
  <allocated-bytes non-tlh="184" tlh="152085432" />
  <largest-consumer threadName="Timer-7" threadId="0000000000FF6900" bytes="43286776" />
</allocation-stats>
<gc-op id="2759" type="scavenge" timems="21.534" contextid="2756" timestamp="2025-12-12T05:23:25.137">
  <scavenger-info tenureage="3" tenuremask="f488" tiltratio="89" />
  <memory-copied type="nursery" objects="4967" bytes="228240" bytesdiscarded="1288408" />
  <memory-copied type="tenure" objects="65248" bytes="2267328" bytesdiscarded="1472" />
  <ownableSynchronizers candidates="21265" cleared="20970" />
  <references type="soft" candidates="4" cleared="0" enqueued="0" dynamicThreshold="12" maxThreshold="32" />
  <references type="weak" candidates="396" cleared="33" enqueued="33" />
  <references type="phantom" candidates="4" cleared="0" enqueued="0" />
  <object-monitors candidates="228" cleared="36"  />
</gc-op>
<gc-end id="2760" type="scavenge" contextid="2756" durationms="24.715" usertimems="18.540" systemtimems="18.431" stalltimems="121.916" timestamp="2025-12-12T05:23:25.138" activeThreads="13">
  <mem-info id="2761" free="240169464" total="406126592" percent="59">
    <mem type="nursery" free="154064896" total="172883968" percent="89">
      <mem type="allocate" free="154064896" total="155582464" percent="99" />
      <mem type="survivor" free="0" total="17301504" percent="0" />
    </mem>
    <mem type="tenure" free="86104568" total="233242624" percent="36" macro-fragmented="0">
      <mem type="soa" free="83771896" total="230909952" percent="36" />
      <mem type="loa" free="2332672" total="2332672" percent="100" />
    </mem>
    <pending-finalizers system="0" default="0" reference="33" classloader="0" />
    <remembered-set count="1065" />
  </mem-info>
</gc-end>
<cycle-end id="2762" type="scavenge" contextid="2756" timestamp="2025-12-12T05:23:25.139" />
<allocation-satisfied id="2763" threadId="0000000000FF6900" bytesRequested="32" />
<af-end id="2764" timestamp="2025-12-12T05:23:25.140" threadId="0000000000FF7378" success="true" from="nursery"/>
<exclusive-end id="2765" timestamp="2025-12-12T05:23:25.141" durationms="34.842" />

<exclusive-start id="2766" timestamp="2025-12-12T05:27:40.107" intervalms="255000.339">
  <response-info timems="0.062" idlems="0.062" threads="0" lastid="0000000000FF6900" lastname="Timer-7" />
</exclusive-start>
<af-start id="2767" threadId="0000000000FF7378" totalBytesRequested="1456" timestamp="2025-12-12T05:27:40.108" intervalms="254998.855" type="nursery" />
<cycle-start id="2768" type="scavenge" contextid="0" timestamp="2025-12-12T05:27:40.109" intervalms="254998.272" />
<gc-start id="2769" type="scavenge" contextid="2768" timestamp="2025-12-12T05:27:40.111">
  <mem-info id="2770" free="86104568" total="406126592" percent="21">
    <mem type="nursery" free="0" total="172883968" percent="0">
      <mem type="allocate" free="0" total="155582464" percent="0" />
      <mem type="survivor" free="0" total="17301504" percent="0" />
    </mem>
    <mem type="tenure" free="86104568" total="233242624" percent="36">
      <mem type="soa" free="83771896" total="230909952" percent="36" />
      <mem type="loa" free="2332672" total="2332672" percent="100" />
    </mem>
    <remembered-set count="1141" />
  </mem-info>
</gc-start>
<allocation-stats totalBytes="154011448" discardedBytes="53448" >
  <allocated-bytes non-tlh="32" tlh="154011416" />
  <largest-consumer threadName="Timer-7" threadId="0000000000FF6900" bytes="43599984" />
</allocation-stats>
<gc-op id="2771" type="scavenge" timems="27.441" contextid="2768" timestamp="2025-12-12T05:27:40.140">
  <scavenger-info tenureage="5" tenuremask="f220" tiltratio="89" />
  <memory-copied type="nursery" objects="4886" bytes="221816" bytesdiscarded="1231480" />
  <memory-copied type="tenure" objects="47" bytes="2088" bytesdiscarded="0" />
  <ownableSynchronizers candidates="21401" cleared="21317" />
  <references type="soft" candidates="4" cleared="0" enqueued="0" dynamicThreshold="12" maxThreshold="32" />
  <references type="weak" candidates="371" cleared="0" enqueued="0" />
  <references type="phantom" candidates="4" cleared="0" enqueued="0" />
  <object-monitors candidates="192" cleared="0"  />
</gc-op>
<gc-end id="2772" type="scavenge" contextid="2768" durationms="29.652" usertimems="6.528" systemtimems="6.133" stalltimems="36.771" timestamp="2025-12-12T05:27:40.140" activeThreads="13">
  <mem-info id="2773" free="240233208" total="406126592" percent="59">
    <mem type="nursery" free="154128640" total="172883968" percent="89">
      <mem type="allocate" free="154128640" total="155582464" percent="99" />
      <mem type="survivor" free="0" total="17301504" percent="0" />
    </mem>
    <mem type="tenure" free="86104568" total="233242624" percent="36" macro-fragmented="0">
      <mem type="soa" free="83771896" total="230909952" percent="36" />
      <mem type="loa" free="2332672" total="2332672" percent="100" />
    </mem>
    <remembered-set count="975" />
  </mem-info>
</gc-end>
<cycle-end id="2774" type="scavenge" contextid="2768" timestamp="2025-12-12T05:27:40.141" />
<allocation-satisfied id="2775" threadId="0000000000FF6900" bytesRequested="1456" />
<af-end id="2776" timestamp="2025-12-12T05:27:40.142" threadId="0000000000FF7378" success="true" from="nursery"/>
<exclusive-end id="2777" timestamp="2025-12-12T05:27:40.143" durationms="35.952" />

</verbosegc>

