<?xml version="1.0" ?>

<verbosegc xmlns="http://www.ibm.com/j9/verbosegc" version="266a8c6f5_CMPRSS">

<initialized id="1" timestamp="2025-12-15T22:47:46.751">
  <attribute name="gcPolicy" value="-Xgcpolicy:gencon" />
  <attribute name="maxHeapSize" value="0xf7440000" />
  <attribute name="initialHeapSize" value="0x800000" />
  <attribute name="compressedRefs" value="true" />
  <attribute name="compressedRefsDisplacement" value="0x0" />
  <attribute name="compressedRefsShift" value="0x3" />
  <attribute name="pageSize" value="0x1000" />
  <attribute name="pageType" value="not used" />
  <attribute name="requestedPageSize" value="0x1000" />
  <attribute name="requestedPageType" value="not used" />
  <attribute name="gcthreads" value="20" />
  <attribute name="gcthreads Concurrent Mark" value="1" />
  <attribute name="packetListSplit" value="3" />
  <attribute name="cacheListSplit" value="3" />
  <attribute name="splitFreeListSplitAmount" value="3" />
  <attribute name="numaNodes" value="0" />
  <system>
    <attribute name="physicalMemory" value="16593895424" />
    <attribute name="addressablePhysicalMemory" value="16593895424" />
    <attribute name="container memory limit set" value="false" />
    <attribute name="numCPUs" value="20" />
    <attribute name="numCPUs active" value="20" />
    <attribute name="architecture" value="amd64" />
    <attribute name="os" value="Linux" />
    <attribute name="osVersion" value="6.6.87.2-microsoft-standard-WSL2" />
  </system>
  <vmargs>
    <vmarg name="-Xoptionsfile=/opt/java/openjdk/lib/options.default" />
    <vmarg name="-Xlockword:mode=default,noLockword=java/lang/String,noLockword=java/util/MapEntry,noLockword=java/util/HashMap$Entry,noLockword..." />
    <vmarg name="-XX:+EnsureHashed:java/lang/Class,java/lang/Thread" />
    <vmarg name="-Xjcl:jclse29" />
    <vmarg name="-Dcom.ibm.oti.vm.bootstrap.library.path=/opt/java/openjdk/lib/default:/opt/java/openjdk/lib" />
    <vmarg name="-Dsun.boot.library.path=/opt/java/openjdk/lib/default:/opt/java/openjdk/lib" />
    <vmarg name="-Djava.library.path=/opt/java/openjdk/lib/default:/opt/java/openjdk/lib:/usr/lib64:/usr/lib" />
    <vmarg name="-Djava.home=/opt/java/openjdk" />
    <vmarg name="-Duser.dir=/opt/ibm/wlp/output/defaultServer" />
    <vmarg name="-XX:+IgnoreUnrecognizedVMOptions" />
    <vmarg name="-XX:+PortableSharedCache" />
    <vmarg name="-XX:+IdleTuningGcOnIdle" />
    <vmarg name="-Xshareclasses:name=openj9_system_scc,cacheDir=/opt/java/.scc,readonly,nonFatal" />
    <vmarg name="-Xverbosegclog:/logs/verbosegc.%seq.log,10,1024" />
    <vmarg name="-Djdk.nativePBKDF2=true" />
    <vmarg name="-XX:+IgnoreUnrecognizedVMOptions" />
    <vmarg name="-XX:+IdleTuningGcOnIdle" />
    <vmarg name="-Xshareclasses:name=openj9_system_scc,cacheDir=/opt/java/.scc,readonly,nonFatal" />
    <vmarg name="-Dosgi.checkConfiguration=false" />
    <vmarg name="-Djdk.nativePBKDF2=true" />
    <vmarg name="-XX:+IgnoreUnrecognizedVMOptions" />
    <vmarg name="-XX:+IdleTuningGcOnIdle" />
    <vmarg name="-Xshareclasses:name=openj9_system_scc,cacheDir=/opt/java/.scc,readonly,nonFatal" />
    <vmarg name="-Dosgi.checkConfiguration=false" />
    <vmarg name="-javaagent:/opt/ibm/wlp/bin/tools/ws-javaagent.jar" />
    <vmarg name="-Djava.awt.headless=true" />
    <vmarg name="-Djdk.attach.allowAttachSelf=true" />
    <vmarg name="-Xbootclasspath/a:/opt/ibm/zosconnect/lib/icu4j-71.1.jar:/opt/ibm/zosconnect/lib/icu4j-charset-71.1.jar" />
    <vmarg name="--add-exports=java.base/sun.security.action=ALL-UNNAMED" />
    <vmarg name="--add-exports=java.naming/com.sun.jndi.ldap=ALL-UNNAMED" />
    <vmarg name="--add-exports=java.naming/com.sun.jndi.url.ldap=ALL-UNNAMED" />
    <vmarg name="--add-exports=jdk.naming.dns/com.sun.jndi.dns=ALL-UNNAMED" />
    <vmarg name="--add-exports=jdk.naming.dns/com.sun.jndi.url.dns=ALL-UNNAMED" />
    <vmarg name="--add-exports=java.security.jgss/sun.security.krb5.internal=ALL-UNNAMED" />
    <vmarg name="--add-exports=jdk.attach/sun.tools.attach=ALL-UNNAMED" />
    <vmarg name="--add-opens=java.base/java.util=ALL-UNNAMED" />
    <vmarg name="--add-opens=java.base/java.lang=ALL-UNNAMED" />
    <vmarg name="--add-opens=java.base/java.util.concurrent=ALL-UNNAMED" />
    <vmarg name="--add-opens=java.base/java.io=ALL-UNNAMED" />
    <vmarg name="--add-opens=java.base/java.nio=ALL-UNNAMED" />
    <vmarg name="--add-opens=java.base/sun.nio.ch=ALL-UNNAMED" />
    <vmarg name="--add-opens=java.naming/javax.naming.spi=ALL-UNNAMED" />
    <vmarg name="--add-opens=java.naming/com.sun.naming.internal=ALL-UNNAMED" />
    <vmarg name="--add-opens=jdk.naming.rmi/com.sun.jndi.url.rmi=ALL-UNNAMED" />
    <vmarg name="--add-opens=java.naming/javax.naming=ALL-UNNAMED" />
    <vmarg name="--add-opens=java.rmi/java.rmi=ALL-UNNAMED" />
    <vmarg name="--add-opens=java.sql/java.sql=ALL-UNNAMED" />
    <vmarg name="--add-opens=java.management/javax.management=ALL-UNNAMED" />
    <vmarg name="--add-opens=java.base/java.lang.reflect=ALL-UNNAMED" />
    <vmarg name="--add-opens=java.desktop/java.awt.image=ALL-UNNAMED" />
    <vmarg name="--add-opens=java.base/java.security=ALL-UNNAMED" />
    <vmarg name="--add-opens=java.base/java.net=ALL-UNNAMED" />
    <vmarg name="--add-opens=java.base/java.text=ALL-UNNAMED" />
    <vmarg name="--add-opens=java.base/sun.net.www.protocol.https=ALL-UNNAMED" />
    <vmarg name="--add-exports=jdk.management.agent/jdk.internal.agent=ALL-UNNAMED" />
    <vmarg name="--add-exports=java.base/jdk.internal.vm=ALL-UNNAMED" />
    <vmarg name="-Djava.class.path=/opt/ibm/wlp/bin/tools/ws-server.jar" />
    <vmarg name="-Dsun.java.command=/opt/ibm/wlp/bin/tools/ws-server.jar defaultServer --clean" />
    <vmarg name="-Dsun.java.launcher=SUN_STANDARD" />
  </vmargs>
</initialized>

<exclusive-start id="2" timestamp="2025-12-15T22:47:47.575" intervalms="824.648">
  <response-info timems="0.049" idlems="0.049" threads="0" lastid="0000000000025A00" lastname="main" />
</exclusive-start>
<af-start id="3" threadId="0000000000026478" totalBytesRequested="8200" timestamp="2025-12-15T22:47:47.577" intervalms="825.953" type="nursery" />
<cycle-start id="4" type="scavenge" contextid="0" timestamp="2025-12-15T22:47:47.578" intervalms="826.882" />
<gc-start id="5" type="scavenge" contextid="4" timestamp="2025-12-15T22:47:47.578">
  <mem-info id="6" free="6072872" total="8388608" percent="72">
    <mem type="nursery" free="0" total="2097152" percent="0">
      <mem type="allocate" free="0" total="1048576" percent="0" />
      <mem type="survivor" free="0" total="1048576" percent="0" />
    </mem>
    <mem type="tenure" free="6072872" total="6291456" percent="96">
      <mem type="soa" free="5757480" total="5976064" percent="96" />
      <mem type="loa" free="315392" total="315392" percent="100" />
    </mem>
    <remembered-set count="3062" />
  </mem-info>
</gc-start>
<allocation-stats totalBytes="1261704" discardedBytes="5456" >
  <allocated-bytes non-tlh="234976" tlh="1026728" />
  <largest-consumer threadName="main" threadId="0000000000025A00" bytes="1175688" />
</allocation-stats>
<gc-op id="7" type="scavenge" timems="2.635" contextid="4" timestamp="2025-12-15T22:47:47.582">
  <scavenger-info tenureage="2" tenuremask="fffc" tiltratio="50" />
  <memory-copied type="nursery" objects="10198" bytes="475696" bytesdiscarded="18280" />
  <finalization candidates="170" enqueued="106" />
  <ownableSynchronizers candidates="1" cleared="0" />
  <references type="soft" candidates="18" cleared="0" enqueued="0" dynamicThreshold="32" maxThreshold="32" />
  <references type="weak" candidates="126" cleared="26" enqueued="26" />
  <references type="phantom" candidates="24" cleared="5" enqueued="5" />
  <object-monitors candidates="1" cleared="0"  />
</gc-op>
<gc-end id="8" type="scavenge" contextid="4" durationms="5.316" usertimems="1.233" systemtimems="3.664" stalltimems="5.224" timestamp="2025-12-15T22:47:47.584" activeThreads="4">
  <mem-info id="9" free="6626272" total="8388608" percent="78">
    <mem type="nursery" free="553400" total="2097152" percent="26">
      <mem type="allocate" free="553400" total="1048576" percent="52" />
      <mem type="survivor" free="0" total="1048576" percent="0" />
    </mem>
    <mem type="tenure" free="6072872" total="6291456" percent="96">
      <mem type="soa" free="5757480" total="5976064" percent="96" />
      <mem type="loa" free="315392" total="315392" percent="100" />
    </mem>
    <pending-finalizers system="106" default="0" reference="31" classloader="0" />
    <remembered-set count="3062" />
  </mem-info>
</gc-end>
<cycle-end id="10" type="scavenge" contextid="4" timestamp="2025-12-15T22:47:47.585" />
<allocation-satisfied id="11" threadId="0000000000025A00" bytesRequested="8200" />
<af-end id="12" timestamp="2025-12-15T22:47:47.587" threadId="0000000000026478" success="true" from="nursery"/>
<exclusive-end id="13" timestamp="2025-12-15T22:47:47.587" durationms="11.924" />

<exclusive-start id="14" timestamp="2025-12-15T22:47:47.656" intervalms="80.990">
  <response-info timems="0.050" idlems="0.050" threads="0" lastid="0000000000025A00" lastname="main" />
</exclusive-start>
<af-start id="15" threadId="0000000000026478" totalBytesRequested="11456" timestamp="2025-12-15T22:47:47.657" intervalms="80.530" type="nursery" />
<cycle-start id="16" type="scavenge" contextid="0" timestamp="2025-12-15T22:47:47.658" intervalms="80.384" />
<gc-start id="17" type="scavenge" contextid="16" timestamp="2025-12-15T22:47:47.659">
  <mem-info id="18" free="6023912" total="8388608" percent="71">
    <mem type="nursery" free="0" total="2097152" percent="0">
      <mem type="allocate" free="0" total="1048576" percent="0" />
      <mem type="survivor" free="0" total="1048576" percent="0" />
    </mem>
    <mem type="tenure" free="6023912" total="6291456" percent="95">
      <mem type="soa" free="5708520" total="5976064" percent="95" />
      <mem type="loa" free="315392" total="315392" percent="100" />
    </mem>
    <remembered-set count="3914" />
  </mem-info>
</gc-start>
<allocation-stats totalBytes="585824" discardedBytes="16536" >
  <allocated-bytes non-tlh="57160" tlh="528664" />
  <largest-consumer threadName="main" threadId="0000000000025A00" bytes="511296" />
</allocation-stats>
<gc-op id="19" type="scavenge" timems="2.900" contextid="16" timestamp="2025-12-15T22:47:47.663">
  <scavenger-info tenureage="5" tenuremask="7fe0" tiltratio="50" />
  <memory-copied type="nursery" objects="11632" bytes="523400" bytesdiscarded="22568" />
  <finalization candidates="121" enqueued="36" />
  <ownableSynchronizers candidates="1" cleared="0" />
  <references type="soft" candidates="41" cleared="0" enqueued="0" dynamicThreshold="32" maxThreshold="32" />
  <references type="weak" candidates="217" cleared="92" enqueued="92" />
  <references type="phantom" candidates="22" cleared="4" enqueued="4" />
  <object-monitors candidates="1" cleared="0"  />
</gc-op>
<gc-end id="20" type="scavenge" contextid="16" durationms="4.987" usertimems="0.594" systemtimems="5.559" stalltimems="2.957" timestamp="2025-12-15T22:47:47.664" activeThreads="3">
  <mem-info id="21" free="6525200" total="8388608" percent="77">
    <mem type="nursery" free="501288" total="2097152" percent="23">
      <mem type="allocate" free="501288" total="1048576" percent="47" />
      <mem type="survivor" free="0" total="1048576" percent="0" />
    </mem>
    <mem type="tenure" free="6023912" total="6291456" percent="95">
      <mem type="soa" free="5708520" total="5976064" percent="95" />
      <mem type="loa" free="315392" total="315392" percent="100" />
    </mem>
    <pending-finalizers system="36" default="0" reference="96" classloader="0" />
    <remembered-set count="3914" />
  </mem-info>
</gc-end>
<cycle-end id="22" type="scavenge" contextid="16" timestamp="2025-12-15T22:47:47.664" />
<allocation-satisfied id="23" threadId="0000000000025A00" bytesRequested="11456" />
<af-end id="24" timestamp="2025-12-15T22:47:47.665" threadId="0000000000026478" success="true" from="nursery"/>
<exclusive-end id="25" timestamp="2025-12-15T22:47:47.666" durationms="9.645" />

<exclusive-start id="26" timestamp="2025-12-15T22:47:47.694" intervalms="37.958">
  <response-info timems="0.039" idlems="0.039" threads="0" lastid="0000000000025A00" lastname="main" />
</exclusive-start>
<af-start id="27" threadId="0000000000026478" totalBytesRequested="13272" timestamp="2025-12-15T22:47:47.695" intervalms="37.904" type="nursery" />
<cycle-start id="28" type="scavenge" contextid="0" timestamp="2025-12-15T22:47:47.696" intervalms="37.865" />
<gc-start id="29" type="scavenge" contextid="28" timestamp="2025-12-15T22:47:47.697">
  <mem-info id="30" free="6013824" total="8388608" percent="71">
    <mem type="nursery" free="0" total="2097152" percent="0">
      <mem type="allocate" free="0" total="1048576" percent="0" />
      <mem type="survivor" free="0" total="1048576" percent="0" />
    </mem>
    <mem type="tenure" free="6013824" total="6291456" percent="95">
      <mem type="soa" free="5698432" total="5976064" percent="95" />
      <mem type="loa" free="315392" total="315392" percent="100" />
    </mem>
    <remembered-set count="4050" />
  </mem-info>
</gc-start>
<allocation-stats totalBytes="483872" discardedBytes="27504" >
  <allocated-bytes non-tlh="21544" tlh="462328" />
  <largest-consumer threadName="main" threadId="0000000000025A00" bytes="483872" />
</allocation-stats>
<gc-op id="31" type="scavenge" timems="1.460" contextid="28" timestamp="2025-12-15T22:47:47.699">
  <scavenger-info tenureage="4" tenuremask="7ff0" tiltratio="50" />
  <memory-copied type="nursery" objects="11878" bytes="553288" bytesdiscarded="38352" />
  <finalization candidates="85" enqueued="0" />
  <ownableSynchronizers candidates="1" cleared="0" />
  <references type="soft" candidates="41" cleared="0" enqueued="0" dynamicThreshold="32" maxThreshold="32" />
  <references type="weak" candidates="171" cleared="45" enqueued="45" />
  <references type="phantom" candidates="19" cleared="0" enqueued="0" />
  <object-monitors candidates="1" cleared="0"  />
</gc-op>
<heap-resize id="32" type="expand" space="nursery" amount="131072" count="1" timems="0.072" reason="excessive time being spent scavenging" timestamp="2025-12-15T22:47:47.700" />
<gc-end id="33" type="scavenge" contextid="28" durationms="4.098" usertimems="1.476" systemtimems="2.283" stalltimems="1.224" timestamp="2025-12-15T22:47:47.701" activeThreads="3">
  <mem-info id="34" free="6535008" total="8519680" percent="76">
    <mem type="nursery" free="521184" total="2228224" percent="23">
      <mem type="allocate" free="521184" total="1114112" percent="46" />
      <mem type="survivor" free="0" total="1114112" percent="0" />
    </mem>
    <mem type="tenure" free="6013824" total="6291456" percent="95">
      <mem type="soa" free="5698432" total="5976064" percent="95" />
      <mem type="loa" free="315392" total="315392" percent="100" />
    </mem>
    <pending-finalizers system="0" default="0" reference="45" classloader="0" />
    <remembered-set count="1789" />
  </mem-info>
</gc-end>
<cycle-end id="35" type="scavenge" contextid="28" timestamp="2025-12-15T22:47:47.701" />
<allocation-satisfied id="36" threadId="0000000000025A00" bytesRequested="13272" />
<af-end id="37" timestamp="2025-12-15T22:47:47.703" threadId="0000000000026478" success="true" from="nursery"/>
<exclusive-end id="38" timestamp="2025-12-15T22:47:47.704" durationms="9.363" />

<exclusive-start id="39" timestamp="2025-12-15T22:47:47.898" intervalms="203.865">
  <response-info timems="0.095" idlems="0.095" threads="0" lastid="0000000000025A00" lastname="main" />
</exclusive-start>
<af-start id="40" threadId="0000000000026478" totalBytesRequested="16" timestamp="2025-12-15T22:47:47.899" intervalms="204.079" type="nursery" />
<cycle-start id="41" type="scavenge" contextid="0" timestamp="2025-12-15T22:47:47.900" intervalms="204.327" />
<gc-start id="42" type="scavenge" contextid="41" timestamp="2025-12-15T22:47:47.901">
  <mem-info id="43" free="5999912" total="8519680" percent="70">
    <mem type="nursery" free="0" total="2228224" percent="0">
      <mem type="allocate" free="0" total="1114112" percent="0" />
      <mem type="survivor" free="0" total="1114112" percent="0" />
    </mem>
    <mem type="tenure" free="5999912" total="6291456" percent="95">
      <mem type="soa" free="5684520" total="5976064" percent="95" />
      <mem type="loa" free="315392" total="315392" percent="100" />
    </mem>
    <remembered-set count="1968" />
  </mem-info>
</gc-start>
<allocation-stats totalBytes="535000" discardedBytes="96" >
  <allocated-bytes non-tlh="27184" tlh="507816" />
  <largest-consumer threadName="main" threadId="0000000000025A00" bytes="535000" />
</allocation-stats>
<gc-op id="44" type="scavenge" timems="3.830" contextid="41" timestamp="2025-12-15T22:47:47.907">
  <scavenger-info tenureage="3" tenuremask="fff8" tiltratio="50" />
  <memory-copied type="nursery" objects="2521" bytes="91256" bytesdiscarded="65968" />
  <memory-copied type="tenure" objects="9961" bytes="464008" bytesdiscarded="208" />
  <finalization candidates="128" enqueued="26" />
  <ownableSynchronizers candidates="3" cleared="0" />
  <references type="soft" candidates="39" cleared="0" enqueued="0" dynamicThreshold="32" maxThreshold="32" />
  <references type="weak" candidates="97" cleared="52" enqueued="52" />
  <references type="phantom" candidates="4" cleared="3" enqueued="3" />
  <object-monitors candidates="1" cleared="0"  />
</gc-op>
<gc-end id="45" type="scavenge" contextid="41" durationms="6.857" usertimems="0.000" systemtimems="7.763" stalltimems="3.970" timestamp="2025-12-15T22:47:47.908" activeThreads="3">
  <mem-info id="46" free="6457088" total="8519680" percent="75">
    <mem type="nursery" free="956672" total="2228224" percent="42">
      <mem type="allocate" free="956672" total="1114112" percent="85" />
      <mem type="survivor" free="0" total="1114112" percent="0" />
    </mem>
    <mem type="tenure" free="5500416" total="6291456" percent="87">
      <mem type="soa" free="5185024" total="5976064" percent="86" />
      <mem type="loa" free="315392" total="315392" percent="100" />
    </mem>
    <pending-finalizers system="26" default="0" reference="55" classloader="0" />
    <remembered-set count="512" />
  </mem-info>
</gc-end>
<cycle-end id="47" type="scavenge" contextid="41" timestamp="2025-12-15T22:47:47.909" />
<allocation-satisfied id="48" threadId="0000000000025A00" bytesRequested="16" />
<af-end id="49" timestamp="2025-12-15T22:47:47.911" threadId="0000000000026478" success="true" from="nursery"/>
<exclusive-end id="50" timestamp="2025-12-15T22:47:47.911" durationms="13.335" />

<exclusive-start id="51" timestamp="2025-12-15T22:47:48.563" intervalms="664.628">
  <response-info timems="0.056" idlems="0.056" threads="0" lastid="0000000000025A00" lastname="main" />
</exclusive-start>
<af-start id="52" threadId="0000000000026478" totalBytesRequested="40" timestamp="2025-12-15T22:47:48.564" intervalms="664.457" type="nursery" />
<cycle-start id="53" type="scavenge" contextid="0" timestamp="2025-12-15T22:47:48.564" intervalms="664.238" />
<gc-start id="54" type="scavenge" contextid="53" timestamp="2025-12-15T22:47:48.565">
  <mem-info id="55" free="5500416" total="8519680" percent="64">
    <mem type="nursery" free="0" total="2228224" percent="0">
      <mem type="allocate" free="0" total="1114112" percent="0" />
      <mem type="survivor" free="0" total="1114112" percent="0" />
    </mem>
    <mem type="tenure" free="5500416" total="6291456" percent="87">
      <mem type="soa" free="5185024" total="5976064" percent="86" />
      <mem type="loa" free="315392" total="315392" percent="100" />
    </mem>
    <remembered-set count="512" />
  </mem-info>
</gc-start>
<allocation-stats totalBytes="956192" discardedBytes="480" >
  <allocated-bytes non-tlh="16" tlh="956176" />
  <largest-consumer threadName="main" threadId="0000000000025A00" bytes="956192" />
</allocation-stats>
<gc-op id="56" type="scavenge" timems="2.606" contextid="53" timestamp="2025-12-15T22:47:48.569">
  <scavenger-info tenureage="4" tenuremask="fff0" tiltratio="50" />
  <memory-copied type="nursery" objects="2291" bytes="81944" bytesdiscarded="20008" />
  <finalization candidates="38" enqueued="0" />
  <ownableSynchronizers candidates="2" cleared="0" />
  <references type="soft" candidates="39" cleared="0" enqueued="0" dynamicThreshold="32" maxThreshold="32" />
  <references type="weak" candidates="45" cleared="0" enqueued="0" />
  <references type="phantom" candidates="1" cleared="0" enqueued="0" />
  <object-monitors candidates="1" cleared="0"  />
</gc-op>
<gc-end id="57" type="scavenge" contextid="53" durationms="4.737" usertimems="1.073" systemtimems="2.717" stalltimems="4.006" timestamp="2025-12-15T22:47:48.570" activeThreads="3">
  <mem-info id="58" free="6512384" total="8519680" percent="76">
    <mem type="nursery" free="1011968" total="2228224" percent="45">
      <mem type="allocate" free="1011968" total="1114112" percent="90" />
      <mem type="survivor" free="0" total="1114112" percent="0" />
    </mem>
    <mem type="tenure" free="5500416" total="6291456" percent="87">
      <mem type="soa" free="5185024" total="5976064" percent="86" />
      <mem type="loa" free="315392" total="315392" percent="100" />
    </mem>
    <remembered-set count="401" />
  </mem-info>
</gc-end>
<cycle-end id="59" type="scavenge" contextid="53" timestamp="2025-12-15T22:47:48.571" />
<allocation-satisfied id="60" threadId="0000000000025A00" bytesRequested="40" />
<af-end id="61" timestamp="2025-12-15T22:47:48.572" threadId="0000000000026478" success="true" from="nursery"/>
<exclusive-end id="62" timestamp="2025-12-15T22:47:48.573" durationms="9.927" />

<exclusive-start id="63" timestamp="2025-12-15T22:47:48.693" intervalms="129.852">
  <response-info timems="0.227" idlems="0.158" threads="1" lastid="0000000000029600" lastname="JIT Compilation Thread-000" />
</exclusive-start>
<af-start id="64" threadId="0000000000026478" totalBytesRequested="482208" timestamp="2025-12-15T22:47:48.693" intervalms="129.689" type="nursery" />
<cycle-start id="65" type="scavenge" contextid="0" timestamp="2025-12-15T22:47:48.694" intervalms="129.619" />
<gc-start id="66" type="scavenge" contextid="65" timestamp="2025-12-15T22:47:48.694">
  <mem-info id="67" free="5516336" total="8519680" percent="64">
    <mem type="nursery" free="78040" total="2228224" percent="3">
      <mem type="allocate" free="78040" total="1114112" percent="7" />
      <mem type="survivor" free="0" total="1114112" percent="0" />
    </mem>
    <mem type="tenure" free="5438296" total="6291456" percent="86">
      <mem type="soa" free="5122904" total="5976064" percent="85" />
      <mem type="loa" free="315392" total="315392" percent="100" />
    </mem>
    <remembered-set count="1431" />
  </mem-info>
</gc-start>
<allocation-stats totalBytes="994760" discardedBytes="1288" >
  <allocated-bytes non-tlh="62160" tlh="932600" />
  <largest-consumer threadName="main" threadId="0000000000025A00" bytes="994760" />
</allocation-stats>
<gc-op id="68" type="scavenge" timems="1.527" contextid="65" timestamp="2025-12-15T22:47:48.697">
  <scavenger-info tenureage="3" tenuremask="fff8" tiltratio="50" />
  <memory-copied type="nursery" objects="7217" bytes="331632" bytesdiscarded="24640" />
  <memory-copied type="tenure" objects="1695" bytes="61008" bytesdiscarded="488" />
  <finalization candidates="115" enqueued="46" />
  <ownableSynchronizers candidates="2" cleared="0" />
  <references type="soft" candidates="77" cleared="0" enqueued="0" dynamicThreshold="32" maxThreshold="32" />
  <references type="weak" candidates="88" cleared="34" enqueued="34" />
  <references type="phantom" candidates="12" cleared="7" enqueued="7" />
  <object-monitors candidates="1" cleared="0"  />
</gc-op>
<gc-end id="69" type="scavenge" contextid="65" durationms="3.305" usertimems="0.848" systemtimems="2.013" stalltimems="0.641" timestamp="2025-12-15T22:47:48.698" activeThreads="2">
  <mem-info id="70" free="6068048" total="8519680" percent="71">
    <mem type="nursery" free="757504" total="2228224" percent="33">
      <mem type="allocate" free="757504" total="1114112" percent="67" />
      <mem type="survivor" free="0" total="1114112" percent="0" />
    </mem>
    <mem type="tenure" free="5310544" total="6291456" percent="84">
      <mem type="soa" free="4995152" total="5976064" percent="83" />
      <mem type="loa" free="315392" total="315392" percent="100" />
    </mem>
    <pending-finalizers system="46" default="0" reference="41" classloader="0" />
    <remembered-set count="1194" />
  </mem-info>
</gc-end>
<cycle-end id="71" type="scavenge" contextid="65" timestamp="2025-12-15T22:47:48.698" />
<allocation-satisfied id="72" threadId="0000000000025A00" bytesRequested="482208" />
<af-end id="73" timestamp="2025-12-15T22:47:48.700" threadId="0000000000026478" success="true" from="nursery"/>
<exclusive-end id="74" timestamp="2025-12-15T22:47:48.700" durationms="7.597" />

<exclusive-start id="75" timestamp="2025-12-15T22:47:48.708" intervalms="15.791">
  <response-info timems="0.032" idlems="0.032" threads="0" lastid="0000000000025A00" lastname="main" />
</exclusive-start>
<af-start id="76" threadId="0000000000026478" totalBytesRequested="16392" timestamp="2025-12-15T22:47:48.709" intervalms="15.741" type="nursery" />
<cycle-start id="77" type="scavenge" contextid="0" timestamp="2025-12-15T22:47:48.710" intervalms="15.630" />
<gc-start id="78" type="scavenge" contextid="77" timestamp="2025-12-15T22:47:48.710">
  <mem-info id="79" free="5258472" total="8519680" percent="61">
    <mem type="nursery" free="0" total="2228224" percent="0">
      <mem type="allocate" free="0" total="1114112" percent="0" />
      <mem type="survivor" free="0" total="1114112" percent="0" />
    </mem>
    <mem type="tenure" free="5258472" total="6291456" percent="83">
      <mem type="soa" free="4943080" total="5976064" percent="82" />
      <mem type="loa" free="315392" total="315392" percent="100" />
    </mem>
    <remembered-set count="2157" />
  </mem-info>
</gc-start>
<allocation-stats totalBytes="802488" discardedBytes="7088" >
  <allocated-bytes non-tlh="598008" tlh="204480" />
  <largest-consumer threadName="main" threadId="0000000000025A00" bytes="802488" />
</allocation-stats>
<gc-op id="80" type="scavenge" timems="1.296" contextid="77" timestamp="2025-12-15T22:47:48.713">
  <scavenger-info tenureage="5" tenuremask="ffe0" tiltratio="50" />
  <memory-copied type="nursery" objects="8014" bytes="935792" bytesdiscarded="7816" />
  <finalization candidates="55" enqueued="4" />
  <ownableSynchronizers candidates="2" cleared="0" />
  <references type="soft" candidates="88" cleared="0" enqueued="0" dynamicThreshold="32" maxThreshold="32" />
  <references type="weak" candidates="59" cleared="1" enqueued="1" />
  <references type="phantom" candidates="9" cleared="1" enqueued="1" />
  <object-monitors candidates="1" cleared="0"  />
</gc-op>
<heap-resize id="81" type="expand" space="nursery" amount="262144" count="1" timems="0.161" reason="excessive time being spent scavenging" timestamp="2025-12-15T22:47:48.714" />
<gc-end id="82" type="scavenge" contextid="77" durationms="4.556" usertimems="0.000" systemtimems="2.918" stalltimems="0.688" timestamp="2025-12-15T22:47:48.715" activeThreads="2">
  <mem-info id="83" free="5559768" total="8781824" percent="63">
    <mem type="nursery" free="301296" total="2490368" percent="12">
      <mem type="allocate" free="301296" total="1245184" percent="24" />
      <mem type="survivor" free="0" total="1245184" percent="0" />
    </mem>
    <mem type="tenure" free="5258472" total="6291456" percent="83">
      <mem type="soa" free="4943080" total="5976064" percent="82" />
      <mem type="loa" free="315392" total="315392" percent="100" />
    </mem>
    <pending-finalizers system="4" default="0" reference="2" classloader="0" />
    <remembered-set count="2149" />
  </mem-info>
</gc-end>
<cycle-end id="84" type="scavenge" contextid="77" timestamp="2025-12-15T22:47:48.716" />
<allocation-satisfied id="85" threadId="0000000000025A00" bytesRequested="16392" />
<af-end id="86" timestamp="2025-12-15T22:47:48.717" threadId="0000000000026478" success="true" from="nursery"/>
<exclusive-end id="87" timestamp="2025-12-15T22:47:48.718" durationms="9.332" />

<exclusive-start id="88" timestamp="2025-12-15T22:47:48.740" intervalms="31.908">
  <response-info timems="0.036" idlems="0.036" threads="0" lastid="0000000000025A00" lastname="main" />
</exclusive-start>
<af-start id="89" threadId="0000000000026478" totalBytesRequested="64" timestamp="2025-12-15T22:47:48.741" intervalms="32.073" type="nursery" />
<cycle-start id="90" type="scavenge" contextid="0" timestamp="2025-12-15T22:47:48.742" intervalms="32.280" />
<gc-start id="91" type="scavenge" contextid="90" timestamp="2025-12-15T22:47:48.743">
  <mem-info id="92" free="5256408" total="8781824" percent="59">
    <mem type="nursery" free="0" total="2490368" percent="0">
      <mem type="allocate" free="0" total="1245184" percent="0" />
      <mem type="survivor" free="0" total="1245184" percent="0" />
    </mem>
    <mem type="tenure" free="5256408" total="6291456" percent="83">
      <mem type="soa" free="4941016" total="5976064" percent="82" />
      <mem type="loa" free="315392" total="315392" percent="100" />
    </mem>
    <remembered-set count="2187" />
  </mem-info>
</gc-start>
<allocation-stats totalBytes="303080" discardedBytes="280" >
  <allocated-bytes non-tlh="18456" tlh="284624" />
  <largest-consumer threadName="main" threadId="0000000000025A00" bytes="303080" />
</allocation-stats>
<gc-op id="93" type="scavenge" timems="1.952" contextid="90" timestamp="2025-12-15T22:47:48.746">
  <scavenger-info tenureage="3" tenuremask="fff8" tiltratio="50" />
  <memory-copied type="nursery" objects="9259" bytes="987696" bytesdiscarded="47288" />
  <memory-copied type="tenure" objects="440" bytes="14920" bytesdiscarded="0" />
  <finalization candidates="51" enqueued="0" />
  <ownableSynchronizers candidates="2" cleared="0" />
  <references type="soft" candidates="72" cleared="0" enqueued="0" dynamicThreshold="32" maxThreshold="32" />
  <references type="weak" candidates="55" cleared="16" enqueued="16" />
  <references type="phantom" candidates="6" cleared="0" enqueued="0" />
  <object-monitors candidates="1" cleared="0"  />
</gc-op>
<heap-resize id="94" type="expand" space="nursery" amount="262144" count="1" timems="0.083" reason="excessive time being spent scavenging" timestamp="2025-12-15T22:47:48.747" />
<gc-end id="95" type="scavenge" contextid="90" durationms="5.011" usertimems="1.042" systemtimems="2.407" stalltimems="0.683" timestamp="2025-12-15T22:47:48.748" activeThreads="2">
  <mem-info id="96" free="5582864" total="9043968" percent="61">
    <mem type="nursery" free="341048" total="2752512" percent="12">
      <mem type="allocate" free="341048" total="1376256" percent="24" />
      <mem type="survivor" free="0" total="1376256" percent="0" />
    </mem>
    <mem type="tenure" free="5241816" total="6291456" percent="83">
      <mem type="soa" free="4926424" total="5976064" percent="82" />
      <mem type="loa" free="315392" total="315392" percent="100" />
    </mem>
    <pending-finalizers system="0" default="0" reference="16" classloader="0" />
    <remembered-set count="1193" />
  </mem-info>
</gc-end>
<cycle-end id="97" type="scavenge" contextid="90" timestamp="2025-12-15T22:47:48.748" />
<allocation-satisfied id="98" threadId="0000000000025A00" bytesRequested="64" />
<af-end id="99" timestamp="2025-12-15T22:47:48.750" threadId="0000000000026478" success="true" from="nursery"/>
<exclusive-end id="100" timestamp="2025-12-15T22:47:48.751" durationms="10.259" />

<exclusive-start id="101" timestamp="2025-12-15T22:47:48.752" intervalms="11.498">
  <response-info timems="0.034" idlems="0.034" threads="0" lastid="0000000000025A00" lastname="main" />
</exclusive-start>
<af-start id="102" threadId="0000000000026478" totalBytesRequested="64" timestamp="2025-12-15T22:47:48.752" intervalms="11.254" type="nursery" />
<cycle-start id="103" type="scavenge" contextid="0" timestamp="2025-12-15T22:47:48.753" intervalms="11.277" />
<gc-start id="104" type="scavenge" contextid="103" timestamp="2025-12-15T22:47:48.754">
  <mem-info id="105" free="5241816" total="9043968" percent="57">
    <mem type="nursery" free="0" total="2752512" percent="0">
      <mem type="allocate" free="0" total="1376256" percent="0" />
      <mem type="survivor" free="0" total="1376256" percent="0" />
    </mem>
    <mem type="tenure" free="5241816" total="6291456" percent="83">
      <mem type="soa" free="4926424" total="5976064" percent="82" />
      <mem type="loa" free="315392" total="315392" percent="100" />
    </mem>
    <remembered-set count="1193" />
  </mem-info>
</gc-start>
<allocation-stats totalBytes="340848" discardedBytes="200" >
  <allocated-bytes non-tlh="64" tlh="340784" />
  <largest-consumer threadName="main" threadId="0000000000025A00" bytes="340848" />
</allocation-stats>
<gc-op id="106" type="scavenge" timems="4.571" contextid="103" timestamp="2025-12-15T22:47:48.761">
  <scavenger-info tenureage="3" tenuremask="fff8" tiltratio="50" />
  <memory-copied type="nursery" objects="6432" bytes="862416" bytesdiscarded="40440" />
  <memory-copied type="tenure" objects="6196" bytes="270816" bytesdiscarded="952" />
  <finalization candidates="34" enqueued="0" />
  <references type="soft" candidates="11" cleared="0" enqueued="0" dynamicThreshold="32" maxThreshold="32" />
  <references type="weak" candidates="4" cleared="0" enqueued="0" />
  <references type="phantom" candidates="4" cleared="0" enqueued="0" />
  <object-monitors candidates="1" cleared="0"  />
</gc-op>
<heap-resize id="107" type="expand" space="nursery" amount="786432" count="1" timems="0.211" reason="excessive time being spent scavenging" timestamp="2025-12-15T22:47:48.762" />
<gc-end id="108" type="scavenge" contextid="103" durationms="8.350" usertimems="8.574" systemtimems="0.000" stalltimems="2.192" timestamp="2025-12-15T22:47:48.763" activeThreads="2">
  <mem-info id="109" free="5841904" total="9830400" percent="59">
    <mem type="nursery" free="866584" total="3538944" percent="24">
      <mem type="allocate" free="866584" total="1769472" percent="48" />
      <mem type="survivor" free="0" total="1769472" percent="0" />
    </mem>
    <mem type="tenure" free="4975320" total="6291456" percent="79">
      <mem type="soa" free="4659928" total="5976064" percent="77" />
      <mem type="loa" free="315392" total="315392" percent="100" />
    </mem>
    <remembered-set count="175" />
  </mem-info>
</gc-end>
<cycle-end id="110" type="scavenge" contextid="103" timestamp="2025-12-15T22:47:48.763" />
<allocation-satisfied id="111" threadId="0000000000025A00" bytesRequested="64" />
<af-end id="112" timestamp="2025-12-15T22:47:48.765" threadId="0000000000026478" success="true" from="nursery"/>
<exclusive-end id="113" timestamp="2025-12-15T22:47:48.766" durationms="14.444" />

<exclusive-start id="114" timestamp="2025-12-15T22:47:48.814" intervalms="62.476">
  <response-info timems="0.041" idlems="0.041" threads="0" lastid="0000000000025A00" lastname="main" />
</exclusive-start>
<af-start id="115" threadId="0000000000026478" totalBytesRequested="7176" timestamp="2025-12-15T22:47:48.815" intervalms="62.726" type="nursery" />
<cycle-start id="116" type="scavenge" contextid="0" timestamp="2025-12-15T22:47:48.816" intervalms="62.695" />
<gc-start id="117" type="scavenge" contextid="116" timestamp="2025-12-15T22:47:48.817">
  <mem-info id="118" free="4969744" total="9830400" percent="50">
    <mem type="nursery" free="0" total="3538944" percent="0">
      <mem type="allocate" free="0" total="1769472" percent="0" />
      <mem type="survivor" free="0" total="1769472" percent="0" />
    </mem>
    <mem type="tenure" free="4969744" total="6291456" percent="78">
      <mem type="soa" free="4654352" total="5976064" percent="77" />
      <mem type="loa" free="315392" total="315392" percent="100" />
    </mem>
    <remembered-set count="263" />
  </mem-info>
</gc-start>
<allocation-stats totalBytes="817712" discardedBytes="54448" >
  <allocated-bytes non-tlh="99384" tlh="718328" />
  <largest-consumer threadName="main" threadId="0000000000025A00" bytes="817712" />
</allocation-stats>
<gc-op id="119" type="scavenge" timems="0.749" contextid="116" timestamp="2025-12-15T22:47:48.819">
  <scavenger-info tenureage="2" tenuremask="fffc" tiltratio="50" />
  <memory-copied type="nursery" objects="387" bytes="12792" bytesdiscarded="28672" />
  <memory-copied type="tenure" objects="983" bytes="626864" bytesdiscarded="352" />
  <finalization candidates="3" enqueued="0" />
  <references type="soft" candidates="2" cleared="0" enqueued="0" dynamicThreshold="32" maxThreshold="32" />
  <references type="weak" candidates="28" cleared="27" enqueued="27" />
  <object-monitors candidates="1" cleared="0"  />
</gc-op>
<gc-end id="120" type="scavenge" contextid="116" durationms="2.761" usertimems="1.650" systemtimems="0.000" stalltimems="0.311" timestamp="2025-12-15T22:47:48.819" activeThreads="2">
  <mem-info id="121" free="6391752" total="9830400" percent="65">
    <mem type="nursery" free="2055680" total="3538944" percent="58">
      <mem type="allocate" free="2055680" total="2097152" percent="98" />
      <mem type="survivor" free="0" total="1441792" percent="0" />
    </mem>
    <mem type="tenure" free="4336072" total="6291456" percent="68">
      <mem type="soa" free="4020680" total="5976064" percent="67" />
      <mem type="loa" free="315392" total="315392" percent="100" />
    </mem>
    <pending-finalizers system="0" default="0" reference="27" classloader="0" />
    <remembered-set count="181" />
  </mem-info>
</gc-end>
<cycle-end id="122" type="scavenge" contextid="116" timestamp="2025-12-15T22:47:48.820" />
<allocation-satisfied id="123" threadId="0000000000025A00" bytesRequested="7176" />
<af-end id="124" timestamp="2025-12-15T22:47:48.822" threadId="0000000000026478" success="true" from="nursery"/>
<exclusive-end id="125" timestamp="2025-12-15T22:47:48.823" durationms="8.695" />

<exclusive-start id="126" timestamp="2025-12-15T22:47:48.889" intervalms="74.545">
  <response-info timems="0.053" idlems="0.053" threads="0" lastid="0000000000025A00" lastname="main" />
</exclusive-start>
<af-start id="127" threadId="0000000000026478" totalBytesRequested="24" timestamp="2025-12-15T22:47:48.890" intervalms="74.414" type="nursery" />
<cycle-start id="128" type="scavenge" contextid="0" timestamp="2025-12-15T22:47:48.890" intervalms="74.344" />
<gc-start id="129" type="scavenge" contextid="128" timestamp="2025-12-15T22:47:48.891">
  <mem-info id="130" free="4256360" total="9830400" percent="43">
    <mem type="nursery" free="0" total="3538944" percent="0">
      <mem type="allocate" free="0" total="2097152" percent="0" />
      <mem type="survivor" free="0" total="1441792" percent="0" />
    </mem>
    <mem type="tenure" free="4256360" total="6291456" percent="67">
      <mem type="soa" free="3940968" total="5976064" percent="65" />
      <mem type="loa" free="315392" total="315392" percent="100" />
    </mem>
    <remembered-set count="1206" />
  </mem-info>
</gc-start>
<allocation-stats totalBytes="2133696" discardedBytes="1696" >
  <allocated-bytes non-tlh="123232" tlh="2010464" />
  <largest-consumer threadName="main" threadId="0000000000025A00" bytes="2133696" />
</allocation-stats>
<gc-op id="131" type="scavenge" timems="2.069" contextid="128" timestamp="2025-12-15T22:47:48.894">
  <scavenger-info tenureage="3" tenuremask="fff8" tiltratio="59" />
  <memory-copied type="nursery" objects="3923" bytes="281888" bytesdiscarded="16408" />
  <finalization candidates="196" enqueued="123" />
  <ownableSynchronizers candidates="1" cleared="0" />
  <references type="soft" candidates="57" cleared="0" enqueued="0" dynamicThreshold="32" maxThreshold="32" />
  <references type="weak" candidates="207" cleared="131" enqueued="131" />
  <references type="phantom" candidates="16" cleared="7" enqueued="7" />
  <object-monitors candidates="1" cleared="0"  />
</gc-op>
<gc-end id="132" type="scavenge" contextid="128" durationms="4.284" usertimems="0.976" systemtimems="1.846" stalltimems="1.690" timestamp="2025-12-15T22:47:48.895" activeThreads="2">
  <mem-info id="133" free="6316712" total="9830400" percent="64">
    <mem type="nursery" free="2060352" total="3538944" percent="58">
      <mem type="allocate" free="2060352" total="2359296" percent="87" />
      <mem type="survivor" free="0" total="1179648" percent="0" />
    </mem>
    <mem type="tenure" free="4256360" total="6291456" percent="67">
      <mem type="soa" free="3940968" total="5976064" percent="65" />
      <mem type="loa" free="315392" total="315392" percent="100" />
    </mem>
    <pending-finalizers system="123" default="0" reference="138" classloader="0" />
    <remembered-set count="1194" />
  </mem-info>
</gc-end>
<cycle-end id="134" type="scavenge" contextid="128" timestamp="2025-12-15T22:47:48.896" />
<allocation-satisfied id="135" threadId="0000000000025A00" bytesRequested="24" />
<af-end id="136" timestamp="2025-12-15T22:47:48.897" threadId="0000000000026478" success="true" from="nursery"/>
<exclusive-end id="137" timestamp="2025-12-15T22:47:48.897" durationms="8.499" />

<exclusive-start id="138" timestamp="2025-12-15T22:47:49.001" intervalms="111.962">
  <response-info timems="0.126" idlems="0.086" threads="1" lastid="0000000000029600" lastname="JIT Compilation Thread-000" />
</exclusive-start>
<af-start id="139" threadId="0000000000026478" totalBytesRequested="4104" timestamp="2025-12-15T22:47:49.002" intervalms="111.990" type="nursery" />
<cycle-start id="140" type="scavenge" contextid="0" timestamp="2025-12-15T22:47:49.002" intervalms="112.206" />
<gc-start id="141" type="scavenge" contextid="140" timestamp="2025-12-15T22:47:49.003">
  <mem-info id="142" free="4040912" total="9830400" percent="41">
    <mem type="nursery" free="0" total="3538944" percent="0">
      <mem type="allocate" free="0" total="2359296" percent="0" />
      <mem type="survivor" free="0" total="1179648" percent="0" />
    </mem>
    <mem type="tenure" free="4040912" total="6291456" percent="64">
      <mem type="soa" free="3725520" total="5976064" percent="62" />
      <mem type="loa" free="315392" total="315392" percent="100" />
    </mem>
    <remembered-set count="4226" />
  </mem-info>
</gc-start>
<allocation-stats totalBytes="2270600" discardedBytes="5200" >
  <allocated-bytes non-tlh="215472" tlh="2055128" />
  <largest-consumer threadName="main" threadId="0000000000025A00" bytes="2266504" />
</allocation-stats>
<gc-op id="143" type="scavenge" timems="2.871" contextid="140" timestamp="2025-12-15T22:47:49.008">
  <scavenger-info tenureage="3" tenuremask="fff8" tiltratio="66" />
  <memory-copied type="nursery" objects="21425" bytes="922824" bytesdiscarded="42272" />
  <memory-copied type="tenure" objects="9" bytes="328" bytesdiscarded="0" />
  <finalization candidates="395" enqueued="217" />
  <ownableSynchronizers candidates="9" cleared="0" />
  <references type="soft" candidates="1640" cleared="0" enqueued="0" dynamicThreshold="32" maxThreshold="32" />
  <references type="weak" candidates="547" cleared="309" enqueued="309" />
  <references type="phantom" candidates="53" cleared="39" enqueued="39" />
  <object-monitors candidates="5" cleared="0"  />
</gc-op>
<gc-end id="144" type="scavenge" contextid="140" durationms="5.654" usertimems="5.077" systemtimems="0.000" stalltimems="0.613" timestamp="2025-12-15T22:47:49.009" activeThreads="2">
  <mem-info id="145" free="4822936" total="9830400" percent="49">
    <mem type="nursery" free="802760" total="3538944" percent="22">
      <mem type="allocate" free="802760" total="1769472" percent="45" />
      <mem type="survivor" free="0" total="1769472" percent="0" />
    </mem>
    <mem type="tenure" free="4020176" total="6291456" percent="63">
      <mem type="soa" free="3704784" total="5976064" percent="61" />
      <mem type="loa" free="315392" total="315392" percent="100" />
    </mem>
    <pending-finalizers system="217" default="0" reference="348" classloader="0" />
    <remembered-set count="4135" />
  </mem-info>
</gc-end>
<cycle-end id="146" type="scavenge" contextid="140" timestamp="2025-12-15T22:47:49.009" />
<allocation-satisfied id="147" threadId="0000000000025A00" bytesRequested="4104" />
<af-end id="148" timestamp="2025-12-15T22:47:49.011" threadId="0000000000026478" success="true" from="nursery"/>
<exclusive-end id="149" timestamp="2025-12-15T22:47:49.012" durationms="11.539" />

<exclusive-start id="150" timestamp="2025-12-15T22:47:49.059" intervalms="57.885">
  <response-info timems="0.168" idlems="0.109" threads="1" lastid="0000000000029600" lastname="JIT Compilation Thread-000" />
</exclusive-start>
<af-start id="151" threadId="0000000000026478" totalBytesRequested="16392" timestamp="2025-12-15T22:47:49.060" intervalms="58.210" type="nursery" />
<cycle-start id="152" type="scavenge" contextid="0" timestamp="2025-12-15T22:47:49.060" intervalms="57.979" />
<gc-start id="153" type="scavenge" contextid="152" timestamp="2025-12-15T22:47:49.061">
  <mem-info id="154" free="4006200" total="9830400" percent="40">
    <mem type="nursery" free="0" total="3538944" percent="0">
      <mem type="allocate" free="0" total="1769472" percent="0" />
      <mem type="survivor" free="0" total="1769472" percent="0" />
    </mem>
    <mem type="tenure" free="4006200" total="6291456" percent="63">
      <mem type="soa" free="3690808" total="5976064" percent="61" />
      <mem type="loa" free="315392" total="315392" percent="100" />
    </mem>
    <remembered-set count="4383" />
  </mem-info>
</gc-start>
<allocation-stats totalBytes="778784" discardedBytes="37952" >
  <allocated-bytes non-tlh="18080" tlh="760704" />
  <largest-consumer threadName="main" threadId="0000000000025A00" bytes="774688" />
</allocation-stats>
<gc-op id="155" type="scavenge" timems="4.945" contextid="152" timestamp="2025-12-15T22:47:49.067">
  <scavenger-info tenureage="2" tenuremask="fffc" tiltratio="50" />
  <memory-copied type="nursery" objects="22060" bytes="822456" bytesdiscarded="38072" />
  <memory-copied type="tenure" objects="3314" bytes="257304" bytesdiscarded="528" />
  <finalization candidates="190" enqueued="6" />
  <ownableSynchronizers candidates="9" cleared="0" />
  <references type="soft" candidates="3418" cleared="0" enqueued="0" dynamicThreshold="32" maxThreshold="32" />
  <references type="weak" candidates="211" cleared="44" enqueued="43" />
  <references type="phantom" candidates="9" cleared="2" enqueued="2" />
  <object-monitors candidates="5" cleared="0"  />
</gc-op>
<heap-resize id="156" type="expand" space="nursery" amount="262144" count="1" timems="0.151" reason="excessive time being spent scavenging" timestamp="2025-12-15T22:47:49.069" />
<gc-end id="157" type="scavenge" contextid="152" durationms="8.283" usertimems="6.335" systemtimems="2.313" stalltimems="1.235" timestamp="2025-12-15T22:47:49.070" activeThreads="2">
  <mem-info id="158" free="4802104" total="10092544" percent="47">
    <mem type="nursery" free="1104952" total="3801088" percent="29">
      <mem type="allocate" free="1104952" total="1966080" percent="56" />
      <mem type="survivor" free="0" total="1835008" percent="0" />
    </mem>
    <mem type="tenure" free="3697152" total="6291456" percent="58">
      <mem type="soa" free="3381760" total="5976064" percent="56" />
      <mem type="loa" free="315392" total="315392" percent="100" />
    </mem>
    <pending-finalizers system="6" default="0" reference="45" classloader="0" />
    <remembered-set count="3430" />
  </mem-info>
</gc-end>
<cycle-end id="159" type="scavenge" contextid="152" timestamp="2025-12-15T22:47:49.071" />
<allocation-satisfied id="160" threadId="0000000000025A00" bytesRequested="16392" />
<af-end id="161" timestamp="2025-12-15T22:47:49.072" threadId="0000000000026478" success="true" from="nursery"/>
<exclusive-end id="162" timestamp="2025-12-15T22:47:49.073" durationms="14.316" />

<exclusive-start id="163" timestamp="2025-12-15T22:47:49.147" intervalms="88.467">
  <response-info timems="0.073" idlems="0.073" threads="0" lastid="0000000000025A00" lastname="main" />
</exclusive-start>
<af-start id="164" threadId="0000000000026478" totalBytesRequested="40" timestamp="2025-12-15T22:47:49.148" intervalms="88.338" type="nursery" />
<cycle-start id="165" type="scavenge" contextid="0" timestamp="2025-12-15T22:47:49.149" intervalms="88.225" />
<gc-start id="166" type="scavenge" contextid="165" timestamp="2025-12-15T22:47:49.149">
  <mem-info id="167" free="3611336" total="10092544" percent="35">
    <mem type="nursery" free="0" total="3801088" percent="0">
      <mem type="allocate" free="0" total="1966080" percent="0" />
      <mem type="survivor" free="0" total="1835008" percent="0" />
    </mem>
    <mem type="tenure" free="3611336" total="6291456" percent="57">
      <mem type="soa" free="3295944" total="5976064" percent="55" />
      <mem type="loa" free="315392" total="315392" percent="100" />
    </mem>
    <remembered-set count="4596" />
  </mem-info>
</gc-start>
<allocation-stats totalBytes="1190448" discardedBytes="320" >
  <allocated-bytes non-tlh="102208" tlh="1088240" />
  <largest-consumer threadName="main" threadId="0000000000025A00" bytes="1190448" />
</allocation-stats>
<gc-op id="168" type="scavenge" timems="3.690" contextid="165" timestamp="2025-12-15T22:47:49.154">
  <scavenger-info tenureage="1" tenuremask="fffe" tiltratio="51" />
  <memory-copied type="nursery" objects="5334" bytes="197472" bytesdiscarded="43344" />
  <memory-copied type="tenure" objects="21874" bytes="806144" bytesdiscarded="672" />
  <finalization candidates="154" enqueued="28" />
  <ownableSynchronizers candidates="19" cleared="0" />
  <references type="soft" candidates="56" cleared="0" enqueued="0" dynamicThreshold="32" maxThreshold="32" />
  <references type="weak" candidates="310" cleared="291" enqueued="291" />
  <references type="phantom" candidates="12" cleared="10" enqueued="10" />
  <object-monitors candidates="5" cleared="0"  />
</gc-op>
<gc-end id="169" type="scavenge" contextid="165" durationms="5.408" usertimems="5.168" systemtimems="1.573" stalltimems="0.612" timestamp="2025-12-15T22:47:49.155" activeThreads="2">
  <mem-info id="170" free="4782008" total="10092544" percent="47">
    <mem type="nursery" free="1987072" total="3801088" percent="52">
      <mem type="allocate" free="1987072" total="2228224" percent="89" />
      <mem type="survivor" free="0" total="1572864" percent="0" />
    </mem>
    <mem type="tenure" free="2794936" total="6291456" percent="44">
      <mem type="soa" free="2479544" total="5976064" percent="41" />
      <mem type="loa" free="315392" total="315392" percent="100" />
    </mem>
    <pending-finalizers system="28" default="0" reference="301" classloader="0" />
    <remembered-set count="1523" />
  </mem-info>
</gc-end>
<cycle-end id="171" type="scavenge" contextid="165" timestamp="2025-12-15T22:47:49.155" />
<allocation-satisfied id="172" threadId="0000000000025A00" bytesRequested="40" />
<af-end id="173" timestamp="2025-12-15T22:47:49.156" threadId="0000000000026478" success="true" from="nursery"/>
<exclusive-end id="174" timestamp="2025-12-15T22:47:49.157" durationms="9.488" />

<exclusive-start id="175" timestamp="2025-12-15T22:47:49.211" intervalms="63.732">
  <response-info timems="0.034" idlems="0.034" threads="0" lastid="0000000000025A00" lastname="main" />
</exclusive-start>
<af-start id="176" threadId="0000000000026478" totalBytesRequested="216" timestamp="2025-12-15T22:47:49.212" intervalms="63.627" type="nursery" />
<cycle-start id="177" type="scavenge" contextid="0" timestamp="2025-12-15T22:47:49.212" intervalms="63.818" />
<gc-start id="178" type="scavenge" contextid="177" timestamp="2025-12-15T22:47:49.213">
  <mem-info id="179" free="2725096" total="10092544" percent="27">
    <mem type="nursery" free="0" total="3801088" percent="0">
      <mem type="allocate" free="0" total="2228224" percent="0" />
      <mem type="survivor" free="0" total="1572864" percent="0" />
    </mem>
    <mem type="tenure" free="2725096" total="6291456" percent="43">
      <mem type="soa" free="2409704" total="5976064" percent="40" />
      <mem type="loa" free="315392" total="315392" percent="100" />
    </mem>
    <remembered-set count="2428" />
  </mem-info>
</gc-start>
<allocation-stats totalBytes="2055920" discardedBytes="992" >
  <allocated-bytes non-tlh="69880" tlh="1986040" />
  <largest-consumer threadName="main" threadId="0000000000025A00" bytes="2047408" />
</allocation-stats>
<gc-op id="180" type="scavenge" timems="2.133" contextid="177" timestamp="2025-12-15T22:47:49.217">
  <scavenger-info tenureage="2" tenuremask="7ffc" tiltratio="58" />
  <memory-copied type="nursery" objects="16237" bytes="502344" bytesdiscarded="6648" />
  <finalization candidates="269" enqueued="162" />
  <ownableSynchronizers candidates="20" cleared="3" />
  <references type="soft" candidates="116" cleared="0" enqueued="0" dynamicThreshold="32" maxThreshold="32" />
  <references type="weak" candidates="416" cleared="286" enqueued="286" />
  <references type="phantom" candidates="23" cleared="21" enqueued="21" />
  <object-monitors candidates="5" cleared="0"  />
</gc-op>
<heap-resize id="181" type="expand" space="nursery" amount="262144" count="1" timems="0.043" reason="excessive time being spent scavenging" timestamp="2025-12-15T22:47:49.218" />
<gc-end id="182" type="scavenge" contextid="177" durationms="4.879" usertimems="3.986" systemtimems="0.000" stalltimems="0.318" timestamp="2025-12-15T22:47:49.218" activeThreads="2">
  <mem-info id="183" free="4705760" total="10354688" percent="45">
    <mem type="nursery" free="1980664" total="4063232" percent="48">
      <mem type="allocate" free="1980664" total="2490368" percent="79" />
      <mem type="survivor" free="0" total="1572864" percent="0" />
    </mem>
    <mem type="tenure" free="2725096" total="6291456" percent="43">
      <mem type="soa" free="2409704" total="5976064" percent="40" />
      <mem type="loa" free="315392" total="315392" percent="100" />
    </mem>
    <pending-finalizers system="162" default="0" reference="307" classloader="0" />
    <remembered-set count="2182" />
  </mem-info>
</gc-end>
<cycle-end id="184" type="scavenge" contextid="177" timestamp="2025-12-15T22:47:49.219" />
<allocation-satisfied id="185" threadId="0000000000025A00" bytesRequested="216" />
<af-end id="186" timestamp="2025-12-15T22:47:49.220" threadId="0000000000026478" success="true" from="nursery"/>
<exclusive-end id="187" timestamp="2025-12-15T22:47:49.221" durationms="9.836" />

<exclusive-start id="188" timestamp="2025-12-15T22:47:49.303" intervalms="91.630">
  <response-info timems="0.074" idlems="0.074" threads="0" lastid="0000000000025A00" lastname="main" />
</exclusive-start>
<af-start id="189" threadId="0000000000026478" totalBytesRequested="330088" timestamp="2025-12-15T22:47:49.304" intervalms="92.033" type="nursery" />
<cycle-start id="190" type="scavenge" contextid="0" timestamp="2025-12-15T22:47:49.305" intervalms="92.632" />
<gc-start id="191" type="scavenge" contextid="190" timestamp="2025-12-15T22:47:49.306">
  <mem-info id="192" free="2761072" total="10354688" percent="26">
    <mem type="nursery" free="74200" total="4063232" percent="1">
      <mem type="allocate" free="74200" total="2490368" percent="2" />
      <mem type="survivor" free="0" total="1572864" percent="0" />
    </mem>
    <mem type="tenure" free="2686872" total="6291456" percent="42">
      <mem type="soa" free="2371480" total="5976064" percent="39" />
      <mem type="loa" free="315392" total="315392" percent="100" />
    </mem>
    <remembered-set count="2705" />
  </mem-info>
</gc-start>
<allocation-stats totalBytes="1910320" discardedBytes="34368" >
  <allocated-bytes non-tlh="77128" tlh="1833192" />
  <largest-consumer threadName="main" threadId="0000000000025A00" bytes="1737464" />
</allocation-stats>
<gc-op id="193" type="scavenge" timems="5.005" contextid="190" timestamp="2025-12-15T22:47:49.313">
  <scavenger-info tenureage="2" tenuremask="7ffc" tiltratio="61" />
  <memory-copied type="nursery" objects="16973" bytes="553128" bytesdiscarded="10544" />
  <memory-copied type="tenure" objects="3866" bytes="130608" bytesdiscarded="80" />
  <finalization candidates="145" enqueued="23" />
  <ownableSynchronizers candidates="21" cleared="0" />
  <references type="soft" candidates="110" cleared="0" enqueued="0" dynamicThreshold="32" maxThreshold="32" />
  <references type="weak" candidates="288" cleared="137" enqueued="137" />
  <references type="phantom" candidates="11" cleared="9" enqueued="9" />
  <object-monitors candidates="5" cleared="0"  />
</gc-op>
<gc-end id="194" type="scavenge" contextid="190" durationms="7.607" usertimems="8.233" systemtimems="0.000" stalltimems="1.973" timestamp="2025-12-15T22:47:49.314" activeThreads="2">
  <mem-info id="195" free="4727952" total="10354688" percent="45">
    <mem type="nursery" free="2187768" total="4063232" percent="53">
      <mem type="allocate" free="2187768" total="2752512" percent="79" />
      <mem type="survivor" free="0" total="1310720" percent="0" />
    </mem>
    <mem type="tenure" free="2540184" total="6291456" percent="40">
      <mem type="soa" free="2224792" total="5976064" percent="37" />
      <mem type="loa" free="315392" total="315392" percent="100" />
    </mem>
    <pending-finalizers system="23" default="0" reference="146" classloader="0" />
    <remembered-set count="1569" />
  </mem-info>
</gc-end>
<cycle-end id="196" type="scavenge" contextid="190" timestamp="2025-12-15T22:47:49.315" />
<allocation-satisfied id="197" threadId="0000000000025A00" bytesRequested="330088" />
<af-end id="198" timestamp="2025-12-15T22:47:49.317" threadId="0000000000026478" success="true" from="nursery"/>
<exclusive-end id="199" timestamp="2025-12-15T22:47:49.318" durationms="15.859" />

<exclusive-start id="200" timestamp="2025-12-15T22:47:49.442" intervalms="139.807">
  <response-info timems="0.055" idlems="0.055" threads="0" lastid="0000000000025A00" lastname="main" />
</exclusive-start>
<af-start id="201" threadId="0000000000026478" totalBytesRequested="1944" timestamp="2025-12-15T22:47:49.443" intervalms="139.311" type="nursery" />
<cycle-start id="202" type="scavenge" contextid="0" timestamp="2025-12-15T22:47:49.444" intervalms="138.591" />
<gc-start id="203" type="scavenge" contextid="202" timestamp="2025-12-15T22:47:49.445">
  <mem-info id="204" free="2539920" total="10354688" percent="24">
    <mem type="nursery" free="0" total="4063232" percent="0">
      <mem type="allocate" free="0" total="2752512" percent="0" />
      <mem type="survivor" free="0" total="1310720" percent="0" />
    </mem>
    <mem type="tenure" free="2539920" total="6291456" percent="40">
      <mem type="soa" free="2224528" total="5976064" percent="37" />
      <mem type="loa" free="315392" total="315392" percent="100" />
    </mem>
    <remembered-set count="1585" />
  </mem-info>
</gc-start>
<allocation-stats totalBytes="2161104" discardedBytes="26928" >
  <allocated-bytes non-tlh="330352" tlh="1830752" />
  <largest-consumer threadName="main" threadId="0000000000025A00" bytes="2161104" />
</allocation-stats>
<gc-op id="205" type="scavenge" timems="2.442" contextid="202" timestamp="2025-12-15T22:47:49.448">
  <scavenger-info tenureage="2" tenuremask="7ffc" tiltratio="67" />
  <memory-copied type="nursery" objects="6201" bytes="242488" bytesdiscarded="49704" />
  <memory-copied type="tenure" objects="11046" bytes="323096" bytesdiscarded="520" />
  <finalization candidates="107" enqueued="0" />
  <ownableSynchronizers candidates="11" cleared="0" />
  <references type="soft" candidates="50" cleared="0" enqueued="0" dynamicThreshold="32" maxThreshold="32" />
  <references type="weak" candidates="40" cleared="0" enqueued="0" />
  <references type="phantom" candidates="3" cleared="0" enqueued="0" />
  <object-monitors candidates="5" cleared="0"  />
</gc-op>
<gc-end id="206" type="scavenge" contextid="202" durationms="4.331" usertimems="4.641" systemtimems="0.000" stalltimems="0.293" timestamp="2025-12-15T22:47:49.449" activeThreads="2">
  <mem-info id="207" free="4804992" total="10354688" percent="46">
    <mem type="nursery" free="2590976" total="4063232" percent="63">
      <mem type="allocate" free="2590976" total="2883584" percent="89" />
      <mem type="survivor" free="0" total="1179648" percent="0" />
    </mem>
    <mem type="tenure" free="2214016" total="6291456" percent="35">
      <mem type="soa" free="1898624" total="5976064" percent="31" />
      <mem type="loa" free="315392" total="315392" percent="100" />
    </mem>
    <remembered-set count="695" />
  </mem-info>
</gc-end>
<cycle-end id="208" type="scavenge" contextid="202" timestamp="2025-12-15T22:47:49.449" />
<allocation-satisfied id="209" threadId="0000000000025A00" bytesRequested="1944" />
<af-end id="210" timestamp="2025-12-15T22:47:49.450" threadId="0000000000026478" success="true" from="nursery"/>
<exclusive-end id="211" timestamp="2025-12-15T22:47:49.451" durationms="8.703" />

<exclusive-start id="212" timestamp="2025-12-15T22:47:49.550" intervalms="107.217">
  <response-info timems="0.043" idlems="0.043" threads="0" lastid="0000000000025A00" lastname="main" />
</exclusive-start>
<af-start id="213" threadId="0000000000026478" totalBytesRequested="8200" timestamp="2025-12-15T22:47:49.550" intervalms="107.254" type="nursery" />
<cycle-start id="214" type="scavenge" contextid="0" timestamp="2025-12-15T22:47:49.551" intervalms="107.275" />
<gc-start id="215" type="scavenge" contextid="214" timestamp="2025-12-15T22:47:49.551">
  <mem-info id="216" free="2213576" total="10354688" percent="21">
    <mem type="nursery" free="0" total="4063232" percent="0">
      <mem type="allocate" free="0" total="2883584" percent="0" />
      <mem type="survivor" free="0" total="1179648" percent="0" />
    </mem>
    <mem type="tenure" free="2213576" total="6291456" percent="35">
      <mem type="soa" free="1898184" total="5976064" percent="31" />
      <mem type="loa" free="315392" total="315392" percent="100" />
    </mem>
    <remembered-set count="708" />
  </mem-info>
</gc-start>
<allocation-stats totalBytes="2587800" discardedBytes="3616" >
  <allocated-bytes non-tlh="712760" tlh="1875040" />
  <largest-consumer threadName="main" threadId="0000000000025A00" bytes="2587800" />
</allocation-stats>
<gc-op id="217" type="scavenge" timems="1.162" contextid="214" timestamp="2025-12-15T22:47:49.554">
  <scavenger-info tenureage="3" tenuremask="7ff8" tiltratio="70" />
  <memory-copied type="nursery" objects="6600" bytes="256000" bytesdiscarded="20824" />
  <finalization candidates="15" enqueued="0" />
  <ownableSynchronizers candidates="4" cleared="0" />
  <references type="soft" candidates="50" cleared="0" enqueued="0" dynamicThreshold="32" maxThreshold="32" />
  <references type="weak" candidates="40" cleared="0" enqueued="0" />
  <references type="phantom" candidates="3" cleared="0" enqueued="0" />
  <object-monitors candidates="5" cleared="0"  />
</gc-op>
<gc-end id="218" type="scavenge" contextid="214" durationms="2.697" usertimems="1.120" systemtimems="0.736" stalltimems="0.671" timestamp="2025-12-15T22:47:49.554" activeThreads="2">
  <mem-info id="219" free="4950984" total="10354688" percent="47">
    <mem type="nursery" free="2737408" total="4063232" percent="67">
      <mem type="allocate" free="2737408" total="3014656" percent="90" />
      <mem type="survivor" free="0" total="1048576" percent="0" />
    </mem>
    <mem type="tenure" free="2213576" total="6291456" percent="35">
      <mem type="soa" free="1898184" total="5976064" percent="31" />
      <mem type="loa" free="315392" total="315392" percent="100" />
    </mem>
    <remembered-set count="323" />
  </mem-info>
</gc-end>
<cycle-end id="220" type="scavenge" contextid="214" timestamp="2025-12-15T22:47:49.555" />
<allocation-satisfied id="221" threadId="0000000000025A00" bytesRequested="8200" />
<af-end id="222" timestamp="2025-12-15T22:47:49.556" threadId="0000000000026478" success="true" from="nursery"/>
<exclusive-end id="223" timestamp="2025-12-15T22:47:49.556" durationms="6.821" />

<exclusive-start id="224" timestamp="2025-12-15T22:47:49.648" intervalms="98.909">
  <response-info timems="0.044" idlems="0.044" threads="0" lastid="0000000000025A00" lastname="main" />
</exclusive-start>
<af-start id="225" threadId="0000000000026478" totalBytesRequested="129672" timestamp="2025-12-15T22:47:49.649" intervalms="98.745" type="nursery" />
<cycle-start id="226" type="scavenge" contextid="0" timestamp="2025-12-15T22:47:49.650" intervalms="98.622" />
<gc-start id="227" type="scavenge" contextid="226" timestamp="2025-12-15T22:47:49.650">
  <mem-info id="228" free="2213328" total="10354688" percent="21">
    <mem type="nursery" free="0" total="4063232" percent="0">
      <mem type="allocate" free="0" total="3014656" percent="0" />
      <mem type="survivor" free="0" total="1048576" percent="0" />
    </mem>
    <mem type="tenure" free="2213328" total="6291456" percent="35">
      <mem type="soa" free="1897936" total="5976064" percent="31" />
      <mem type="loa" free="315392" total="315392" percent="100" />
    </mem>
    <remembered-set count="335" />
  </mem-info>
</gc-start>
<allocation-stats totalBytes="2705808" discardedBytes="31848" >
  <allocated-bytes non-tlh="550448" tlh="2155360" />
  <largest-consumer threadName="main" threadId="0000000000025A00" bytes="2705808" />
</allocation-stats>
<gc-op id="229" type="scavenge" timems="1.078" contextid="226" timestamp="2025-12-15T22:47:49.653">
  <scavenger-info tenureage="3" tenuremask="7ff8" tiltratio="74" />
  <memory-copied type="nursery" objects="1313" bytes="45856" bytesdiscarded="22488" />
  <memory-copied type="tenure" objects="5705" bytes="222840" bytesdiscarded="192" />
  <finalization candidates="15" enqueued="0" />
  <ownableSynchronizers candidates="4" cleared="0" />
  <references type="phantom" candidates="2" cleared="0" enqueued="0" />
  <object-monitors candidates="5" cleared="0"  />
</gc-op>
<gc-end id="230" type="scavenge" contextid="226" durationms="3.204" usertimems="0.890" systemtimems="0.994" stalltimems="0.403" timestamp="2025-12-15T22:47:49.653" activeThreads="2">
  <mem-info id="231" free="5031888" total="10354688" percent="48">
    <mem type="nursery" free="3077376" total="4063232" percent="75">
      <mem type="allocate" free="3077376" total="3145728" percent="97" />
      <mem type="survivor" free="0" total="917504" percent="0" />
    </mem>
    <mem type="tenure" free="1954512" total="6291456" percent="31">
      <mem type="soa" free="1639120" total="5976064" percent="27" />
      <mem type="loa" free="315392" total="315392" percent="100" />
    </mem>
    <remembered-set count="156" />
  </mem-info>
</gc-end>
<cycle-end id="232" type="scavenge" contextid="226" timestamp="2025-12-15T22:47:49.654" />
<allocation-satisfied id="233" threadId="0000000000025A00" bytesRequested="129672" />
<af-end id="234" timestamp="2025-12-15T22:47:49.655" threadId="0000000000026478" success="true" from="nursery"/>
<exclusive-end id="235" timestamp="2025-12-15T22:47:49.655" durationms="6.922" />

<exclusive-start id="236" timestamp="2025-12-15T22:47:49.769" intervalms="120.416">
  <response-info timems="0.054" idlems="0.054" threads="0" lastid="0000000000025A00" lastname="main" />
</exclusive-start>
<af-start id="237" threadId="0000000000026478" totalBytesRequested="3824" timestamp="2025-12-15T22:47:49.770" intervalms="120.721" type="nursery" />
<cycle-start id="238" type="scavenge" contextid="0" timestamp="2025-12-15T22:47:49.771" intervalms="120.921" />
<gc-start id="239" type="scavenge" contextid="238" timestamp="2025-12-15T22:47:49.771">
  <mem-info id="240" free="1954344" total="10354688" percent="18">
    <mem type="nursery" free="0" total="4063232" percent="0">
      <mem type="allocate" free="0" total="3145728" percent="0" />
      <mem type="survivor" free="0" total="917504" percent="0" />
    </mem>
    <mem type="tenure" free="1954344" total="6291456" percent="31">
      <mem type="soa" free="1638952" total="5976064" percent="27" />
      <mem type="loa" free="315392" total="315392" percent="100" />
    </mem>
    <remembered-set count="222" />
  </mem-info>
</gc-start>
<allocation-stats totalBytes="3065264" discardedBytes="12280" >
  <allocated-bytes non-tlh="503816" tlh="2561448" />
  <largest-consumer threadName="main" threadId="0000000000025A00" bytes="3065264" />
</allocation-stats>
<gc-op id="241" type="scavenge" timems="1.049" contextid="238" timestamp="2025-12-15T22:47:49.774">
  <scavenger-info tenureage="5" tenuremask="7fe0" tiltratio="77" />
  <memory-copied type="nursery" objects="1859" bytes="64176" bytesdiscarded="328" />
  <references type="phantom" candidates="2" cleared="0" enqueued="0" />
  <object-monitors candidates="5" cleared="0"  />
</gc-op>
<gc-end id="242" type="scavenge" contextid="238" durationms="3.780" usertimems="0.719" systemtimems="0.816" stalltimems="0.840" timestamp="2025-12-15T22:47:49.775" activeThreads="2">
  <mem-info id="243" free="5232168" total="10354688" percent="50">
    <mem type="nursery" free="3277824" total="4063232" percent="80">
      <mem type="allocate" free="3277824" total="3342336" percent="98" />
      <mem type="survivor" free="0" total="720896" percent="0" />
    </mem>
    <mem type="tenure" free="1954344" total="6291456" percent="31">
      <mem type="soa" free="1638952" total="5976064" percent="27" />
      <mem type="loa" free="315392" total="315392" percent="100" />
    </mem>
    <remembered-set count="152" />
  </mem-info>
</gc-end>
<cycle-end id="244" type="scavenge" contextid="238" timestamp="2025-12-15T22:47:49.776" />
<allocation-satisfied id="245" threadId="0000000000025A00" bytesRequested="3824" />
<af-end id="246" timestamp="2025-12-15T22:47:49.778" threadId="0000000000026478" success="true" from="nursery"/>
<exclusive-end id="247" timestamp="2025-12-15T22:47:49.779" durationms="9.608" />

<exclusive-start id="248" timestamp="2025-12-15T22:47:49.887" intervalms="117.622">
  <response-info timems="0.048" idlems="0.048" threads="0" lastid="0000000000025A00" lastname="main" />
</exclusive-start>
<af-start id="249" threadId="0000000000026478" totalBytesRequested="16200" timestamp="2025-12-15T22:47:49.887" intervalms="117.613" type="nursery" />
<cycle-start id="250" type="scavenge" contextid="0" timestamp="2025-12-15T22:47:49.888" intervalms="117.530" />
<gc-start id="251" type="scavenge" contextid="250" timestamp="2025-12-15T22:47:49.889">
  <mem-info id="252" free="1954176" total="10354688" percent="18">
    <mem type="nursery" free="0" total="4063232" percent="0">
      <mem type="allocate" free="0" total="3342336" percent="0" />
      <mem type="survivor" free="0" total="720896" percent="0" />
    </mem>
    <mem type="tenure" free="1954176" total="6291456" percent="31">
      <mem type="soa" free="1638784" total="5976064" percent="27" />
      <mem type="loa" free="315392" total="315392" percent="100" />
    </mem>
    <remembered-set count="209" />
  </mem-info>
</gc-start>
<allocation-stats totalBytes="3246976" discardedBytes="31016" >
  <allocated-bytes non-tlh="818920" tlh="2428056" />
  <largest-consumer threadName="main" threadId="0000000000025A00" bytes="3246976" />
</allocation-stats>
<gc-op id="253" type="scavenge" timems="0.799" contextid="250" timestamp="2025-12-15T22:47:49.891">
  <scavenger-info tenureage="3" tenuremask="7fd8" tiltratio="82" />
  <memory-copied type="nursery" objects="1533" bytes="114960" bytesdiscarded="12480" />
  <memory-copied type="tenure" objects="803" bytes="26864" bytesdiscarded="16" />
  <references type="weak" candidates="1" cleared="0" enqueued="0" />
  <references type="phantom" candidates="4" cleared="0" enqueued="0" />
  <object-monitors candidates="5" cleared="0"  />
</gc-op>
<gc-end id="254" type="scavenge" contextid="250" durationms="2.621" usertimems="1.164" systemtimems="0.000" stalltimems="0.632" timestamp="2025-12-15T22:47:49.891" activeThreads="2">
  <mem-info id="255" free="5213864" total="10354688" percent="50">
    <mem type="nursery" free="3280424" total="4063232" percent="80">
      <mem type="allocate" free="3280424" total="3407872" percent="96" />
      <mem type="survivor" free="0" total="655360" percent="0" />
    </mem>
    <mem type="tenure" free="1933440" total="6291456" percent="30">
      <mem type="soa" free="1618048" total="5976064" percent="27" />
      <mem type="loa" free="315392" total="315392" percent="100" />
    </mem>
    <remembered-set count="176" />
  </mem-info>
</gc-end>
<cycle-end id="256" type="scavenge" contextid="250" timestamp="2025-12-15T22:47:49.892" />
<allocation-satisfied id="257" threadId="0000000000025A00" bytesRequested="16200" />
<af-end id="258" timestamp="2025-12-15T22:47:49.893" threadId="0000000000026478" success="true" from="nursery"/>
<exclusive-end id="259" timestamp="2025-12-15T22:47:49.893" durationms="6.749" />

<exclusive-start id="260" timestamp="2025-12-15T22:47:50.012" intervalms="125.514">
  <response-info timems="0.052" idlems="0.052" threads="0" lastid="0000000000025A00" lastname="main" />
</exclusive-start>
<af-start id="261" threadId="0000000000026478" totalBytesRequested="15160" timestamp="2025-12-15T22:47:50.013" intervalms="125.302" type="nursery" />
<cycle-start id="262" type="scavenge" contextid="0" timestamp="2025-12-15T22:47:50.013" intervalms="125.320" />
<gc-start id="263" type="scavenge" contextid="262" timestamp="2025-12-15T22:47:50.014">
  <mem-info id="264" free="1933184" total="10354688" percent="18">
    <mem type="nursery" free="0" total="4063232" percent="0">
      <mem type="allocate" free="0" total="3407872" percent="0" />
      <mem type="survivor" free="0" total="655360" percent="0" />
    </mem>
    <mem type="tenure" free="1933184" total="6291456" percent="30">
      <mem type="soa" free="1617792" total="5976064" percent="27" />
      <mem type="loa" free="315392" total="315392" percent="100" />
    </mem>
    <remembered-set count="258" />
  </mem-info>
</gc-start>
<allocation-stats totalBytes="3227160" discardedBytes="53520" >
  <allocated-bytes non-tlh="512208" tlh="2714952" />
  <largest-consumer threadName="main" threadId="0000000000025A00" bytes="3227160" />
</allocation-stats>
<gc-op id="265" type="scavenge" timems="0.774" contextid="262" timestamp="2025-12-15T22:47:50.016">
  <scavenger-info tenureage="6" tenuremask="ffc0" tiltratio="83" />
  <memory-copied type="nursery" objects="2099" bytes="148080" bytesdiscarded="16288" />
  <references type="phantom" candidates="3" cleared="0" enqueued="0" />
  <object-monitors candidates="5" cleared="0"  />
</gc-op>
<gc-end id="266" type="scavenge" contextid="262" durationms="2.913" usertimems="0.765" systemtimems="0.881" stalltimems="0.443" timestamp="2025-12-15T22:47:50.017" activeThreads="2">
  <mem-info id="267" free="5242216" total="10354688" percent="50">
    <mem type="nursery" free="3309032" total="4063232" percent="81">
      <mem type="allocate" free="3309032" total="3473408" percent="95" />
      <mem type="survivor" free="0" total="589824" percent="0" />
    </mem>
    <mem type="tenure" free="1933184" total="6291456" percent="30">
      <mem type="soa" free="1617792" total="5976064" percent="27" />
      <mem type="loa" free="315392" total="315392" percent="100" />
    </mem>
    <remembered-set count="191" />
  </mem-info>
</gc-end>
<cycle-end id="268" type="scavenge" contextid="262" timestamp="2025-12-15T22:47:50.018" />
<allocation-satisfied id="269" threadId="0000000000025A00" bytesRequested="15160" />
<af-end id="270" timestamp="2025-12-15T22:47:50.019" threadId="0000000000026478" success="true" from="nursery"/>
<exclusive-end id="271" timestamp="2025-12-15T22:47:50.020" durationms="7.752" />

<exclusive-start id="272" timestamp="2025-12-15T22:47:50.097" intervalms="85.160">
  <response-info timems="0.063" idlems="0.063" threads="0" lastid="0000000000025A00" lastname="main" />
</exclusive-start>
<af-start id="273" threadId="0000000000026478" totalBytesRequested="8200" timestamp="2025-12-15T22:47:50.098" intervalms="85.145" type="nursery" />
<cycle-start id="274" type="scavenge" contextid="0" timestamp="2025-12-15T22:47:50.098" intervalms="85.099" />
<gc-start id="275" type="scavenge" contextid="274" timestamp="2025-12-15T22:47:50.099">
  <mem-info id="276" free="1933088" total="10354688" percent="18">
    <mem type="nursery" free="0" total="4063232" percent="0">
      <mem type="allocate" free="0" total="3473408" percent="0" />
      <mem type="survivor" free="0" total="589824" percent="0" />
    </mem>
    <mem type="tenure" free="1933088" total="6291456" percent="30">
      <mem type="soa" free="1617696" total="5976064" percent="27" />
      <mem type="loa" free="315392" total="315392" percent="100" />
    </mem>
    <remembered-set count="253" />
  </mem-info>
</gc-start>
<allocation-stats totalBytes="3268752" discardedBytes="40376" >
  <allocated-bytes non-tlh="1247896" tlh="2020856" />
  <largest-consumer threadName="main" threadId="0000000000025A00" bytes="3268752" />
</allocation-stats>
<gc-op id="277" type="scavenge" timems="0.678" contextid="274" timestamp="2025-12-15T22:47:50.101">
  <scavenger-info tenureage="3" tenuremask="fff8" tiltratio="85" />
  <memory-copied type="nursery" objects="1523" bytes="128944" bytesdiscarded="17040" />
  <memory-copied type="tenure" objects="1005" bytes="33680" bytesdiscarded="8" />
  <references type="phantom" candidates="3" cleared="0" enqueued="0" />
  <object-monitors candidates="5" cleared="0"  />
</gc-op>
<gc-end id="278" type="scavenge" contextid="274" durationms="2.683" usertimems="0.588" systemtimems="0.683" stalltimems="0.285" timestamp="2025-12-15T22:47:50.102" activeThreads="2">
  <mem-info id="279" free="5282256" total="10354688" percent="51">
    <mem type="nursery" free="3392944" total="4063232" percent="83">
      <mem type="allocate" free="3392944" total="3538944" percent="95" />
      <mem type="survivor" free="0" total="524288" percent="0" />
    </mem>
    <mem type="tenure" free="1889312" total="6291456" percent="30">
      <mem type="soa" free="1573920" total="5976064" percent="26" />
      <mem type="loa" free="315392" total="315392" percent="100" />
    </mem>
    <remembered-set count="229" />
  </mem-info>
</gc-end>
<cycle-end id="280" type="scavenge" contextid="274" timestamp="2025-12-15T22:47:50.102" />
<allocation-satisfied id="281" threadId="0000000000025A00" bytesRequested="8200" />
<af-end id="282" timestamp="2025-12-15T22:47:50.103" threadId="0000000000026478" success="true" from="nursery"/>
<exclusive-end id="283" timestamp="2025-12-15T22:47:50.104" durationms="6.517" />

<exclusive-start id="284" timestamp="2025-12-15T22:47:50.195" intervalms="98.027">
  <response-info timems="0.044" idlems="0.044" threads="0" lastid="0000000000025A00" lastname="main" />
</exclusive-start>
<af-start id="285" threadId="0000000000026478" totalBytesRequested="1712" timestamp="2025-12-15T22:47:50.196" intervalms="97.960" type="nursery" />
<cycle-start id="286" type="scavenge" contextid="0" timestamp="2025-12-15T22:47:50.196" intervalms="97.871" />
<gc-start id="287" type="scavenge" contextid="286" timestamp="2025-12-15T22:47:50.197">
  <mem-info id="288" free="1889208" total="10354688" percent="18">
    <mem type="nursery" free="0" total="4063232" percent="0">
      <mem type="allocate" free="0" total="3538944" percent="0" />
      <mem type="survivor" free="0" total="524288" percent="0" />
    </mem>
    <mem type="tenure" free="1889208" total="6291456" percent="30">
      <mem type="soa" free="1573816" total="5976064" percent="26" />
      <mem type="loa" free="315392" total="315392" percent="100" />
    </mem>
    <remembered-set count="336" />
  </mem-info>
</gc-start>
<allocation-stats totalBytes="3369088" discardedBytes="23960" >
  <allocated-bytes non-tlh="545736" tlh="2823352" />
  <largest-consumer threadName="main" threadId="0000000000025A00" bytes="3369088" />
</allocation-stats>
<gc-op id="289" type="scavenge" timems="0.682" contextid="286" timestamp="2025-12-15T22:47:50.199">
  <scavenger-info tenureage="3" tenuremask="ffc8" tiltratio="87" />
  <memory-copied type="nursery" objects="1633" bytes="62752" bytesdiscarded="14040" />
  <memory-copied type="tenure" objects="481" bytes="16016" bytesdiscarded="0" />
  <references type="phantom" candidates="2" cleared="0" enqueued="0" />
  <object-monitors candidates="5" cleared="0"  />
</gc-op>
<gc-end id="290" type="scavenge" contextid="286" durationms="2.229" usertimems="0.000" systemtimems="1.154" stalltimems="0.240" timestamp="2025-12-15T22:47:50.199" activeThreads="2">
  <mem-info id="291" free="5375416" total="10354688" percent="51">
    <mem type="nursery" free="3527680" total="4063232" percent="86">
      <mem type="allocate" free="3527680" total="3604480" percent="97" />
      <mem type="survivor" free="0" total="458752" percent="0" />
    </mem>
    <mem type="tenure" free="1847736" total="6291456" percent="29">
      <mem type="soa" free="1532344" total="5976064" percent="25" />
      <mem type="loa" free="315392" total="315392" percent="100" />
    </mem>
    <remembered-set count="210" />
  </mem-info>
</gc-end>
<cycle-end id="292" type="scavenge" contextid="286" timestamp="2025-12-15T22:47:50.200" />
<allocation-satisfied id="293" threadId="0000000000025A00" bytesRequested="1712" />
<af-end id="294" timestamp="2025-12-15T22:47:50.201" threadId="0000000000026478" success="true" from="nursery"/>
<exclusive-end id="295" timestamp="2025-12-15T22:47:50.201" durationms="6.236" />

<exclusive-start id="296" timestamp="2025-12-15T22:47:50.325" intervalms="129.894">
  <response-info timems="0.038" idlems="0.038" threads="0" lastid="0000000000025A00" lastname="main" />
</exclusive-start>
<af-start id="297" threadId="0000000000026478" totalBytesRequested="119984" timestamp="2025-12-15T22:47:50.326" intervalms="129.916" type="nursery" />
<cycle-start id="298" type="scavenge" contextid="0" timestamp="2025-12-15T22:47:50.326" intervalms="130.008" />
<gc-start id="299" type="scavenge" contextid="298" timestamp="2025-12-15T22:47:50.327">
  <mem-info id="300" free="1847584" total="10354688" percent="17">
    <mem type="nursery" free="0" total="4063232" percent="0">
      <mem type="allocate" free="0" total="3604480" percent="0" />
      <mem type="survivor" free="0" total="458752" percent="0" />
    </mem>
    <mem type="tenure" free="1847584" total="6291456" percent="29">
      <mem type="soa" free="1532192" total="5976064" percent="25" />
      <mem type="loa" free="315392" total="315392" percent="100" />
    </mem>
    <remembered-set count="310" />
  </mem-info>
</gc-start>
<allocation-stats totalBytes="3429984" discardedBytes="97848" >
  <allocated-bytes non-tlh="403232" tlh="3026752" />
  <largest-consumer threadName="main" threadId="0000000000025A00" bytes="3429984" />
</allocation-stats>
<gc-op id="301" type="scavenge" timems="0.700" contextid="298" timestamp="2025-12-15T22:47:50.329">
  <scavenger-info tenureage="3" tenuremask="ffe8" tiltratio="88" />
  <memory-copied type="nursery" objects="1736" bytes="66104" bytesdiscarded="4544" />
  <memory-copied type="tenure" objects="567" bytes="19104" bytesdiscarded="0" />
  <references type="phantom" candidates="2" cleared="0" enqueued="0" />
  <object-monitors candidates="5" cleared="0"  />
</gc-op>
<gc-end id="302" type="scavenge" contextid="298" durationms="2.420" usertimems="0.000" systemtimems="1.083" stalltimems="0.354" timestamp="2025-12-15T22:47:50.329" activeThreads="2">
  <mem-info id="303" free="5381408" total="10354688" percent="51">
    <mem type="nursery" free="3533824" total="4063232" percent="86">
      <mem type="allocate" free="3533824" total="3604480" percent="98" />
      <mem type="survivor" free="0" total="458752" percent="0" />
    </mem>
    <mem type="tenure" free="1847584" total="6291456" percent="29">
      <mem type="soa" free="1532192" total="5976064" percent="25" />
      <mem type="loa" free="315392" total="315392" percent="100" />
    </mem>
    <remembered-set count="236" />
  </mem-info>
</gc-end>
<cycle-end id="304" type="scavenge" contextid="298" timestamp="2025-12-15T22:47:50.330" />
<allocation-satisfied id="305" threadId="0000000000025A00" bytesRequested="119984" />
<af-end id="306" timestamp="2025-12-15T22:47:50.331" threadId="0000000000026478" success="true" from="nursery"/>
<exclusive-end id="307" timestamp="2025-12-15T22:47:50.332" durationms="6.662" />

<exclusive-start id="308" timestamp="2025-12-15T22:47:50.419" intervalms="93.594">
  <response-info timems="0.041" idlems="0.041" threads="0" lastid="0000000000025A00" lastname="main" />
</exclusive-start>
<af-start id="309" threadId="0000000000026478" totalBytesRequested="16392" timestamp="2025-12-15T22:47:50.419" intervalms="93.632" type="nursery" />
<cycle-start id="310" type="scavenge" contextid="0" timestamp="2025-12-15T22:47:50.420" intervalms="93.693" />
<gc-start id="311" type="scavenge" contextid="310" timestamp="2025-12-15T22:47:50.421">
  <mem-info id="312" free="1847584" total="10354688" percent="17">
    <mem type="nursery" free="0" total="4063232" percent="0">
      <mem type="allocate" free="0" total="3604480" percent="0" />
      <mem type="survivor" free="0" total="458752" percent="0" />
    </mem>
    <mem type="tenure" free="1847584" total="6291456" percent="29">
      <mem type="soa" free="1532192" total="5976064" percent="25" />
      <mem type="loa" free="315392" total="315392" percent="100" />
    </mem>
    <remembered-set count="312" />
  </mem-info>
</gc-start>
<allocation-stats totalBytes="3474744" discardedBytes="59080" >
  <allocated-bytes non-tlh="1142440" tlh="2332304" />
  <largest-consumer threadName="main" threadId="0000000000025A00" bytes="3474744" />
</allocation-stats>
<gc-op id="313" type="scavenge" timems="0.886" contextid="310" timestamp="2025-12-15T22:47:50.423">
  <scavenger-info tenureage="3" tenuremask="ffe8" tiltratio="88" />
  <memory-copied type="nursery" objects="1940" bytes="391848" bytesdiscarded="19776" />
  <memory-copied type="tenure" objects="409" bytes="13792" bytesdiscarded="0" />
  <references type="phantom" candidates="3" cleared="0" enqueued="0" />
  <object-monitors candidates="5" cleared="0"  />
</gc-op>
<gc-end id="314" type="scavenge" contextid="310" durationms="2.561" usertimems="1.061" systemtimems="0.470" stalltimems="0.401" timestamp="2025-12-15T22:47:50.423" activeThreads="2">
  <mem-info id="315" free="4665128" total="10354688" percent="45">
    <mem type="nursery" free="2865160" total="4063232" percent="70">
      <mem type="allocate" free="2865160" total="3276800" percent="87" />
      <mem type="survivor" free="0" total="786432" percent="0" />
    </mem>
    <mem type="tenure" free="1799968" total="6291456" percent="28">
      <mem type="soa" free="1484576" total="5976064" percent="24" />
      <mem type="loa" free="315392" total="315392" percent="100" />
    </mem>
    <remembered-set count="223" />
  </mem-info>
</gc-end>
<cycle-end id="316" type="scavenge" contextid="310" timestamp="2025-12-15T22:47:50.424" />
<allocation-satisfied id="317" threadId="0000000000025A00" bytesRequested="16392" />
<af-end id="318" timestamp="2025-12-15T22:47:50.425" threadId="0000000000026478" success="true" from="nursery"/>
<exclusive-end id="319" timestamp="2025-12-15T22:47:50.426" durationms="6.909" />

<exclusive-start id="320" timestamp="2025-12-15T22:47:50.517" intervalms="97.839">
  <response-info timems="0.069" idlems="0.069" threads="0" lastid="0000000000025A00" lastname="main" />
</exclusive-start>
<af-start id="321" threadId="0000000000026478" totalBytesRequested="5848" timestamp="2025-12-15T22:47:50.517" intervalms="97.799" type="nursery" />
<cycle-start id="322" type="scavenge" contextid="0" timestamp="2025-12-15T22:47:50.518" intervalms="97.614" />
<gc-start id="323" type="scavenge" contextid="322" timestamp="2025-12-15T22:47:50.518">
  <mem-info id="324" free="1799968" total="10354688" percent="17">
    <mem type="nursery" free="0" total="4063232" percent="0">
      <mem type="allocate" free="0" total="3276800" percent="0" />
      <mem type="survivor" free="0" total="786432" percent="0" />
    </mem>
    <mem type="tenure" free="1799968" total="6291456" percent="28">
      <mem type="soa" free="1484576" total="5976064" percent="24" />
      <mem type="loa" free="315392" total="315392" percent="100" />
    </mem>
    <remembered-set count="311" />
  </mem-info>
</gc-start>
<allocation-stats totalBytes="2857592" discardedBytes="7568" >
  <allocated-bytes non-tlh="517568" tlh="2340024" />
  <largest-consumer threadName="main" threadId="0000000000025A00" bytes="2857592" />
</allocation-stats>
<gc-op id="325" type="scavenge" timems="0.700" contextid="322" timestamp="2025-12-15T22:47:50.520">
  <scavenger-info tenureage="3" tenuremask="ffe8" tiltratio="80" />
  <memory-copied type="nursery" objects="1824" bytes="72520" bytesdiscarded="10416" />
  <memory-copied type="tenure" objects="636" bytes="28960" bytesdiscarded="0" />
  <references type="phantom" candidates="3" cleared="0" enqueued="0" />
  <object-monitors candidates="5" cleared="0"  />
</gc-op>
<gc-end id="326" type="scavenge" contextid="322" durationms="2.358" usertimems="0.532" systemtimems="0.645" stalltimems="0.368" timestamp="2025-12-15T22:47:50.521" activeThreads="2">
  <mem-info id="327" free="4993824" total="10354688" percent="48">
    <mem type="nursery" free="3193856" total="4063232" percent="78">
      <mem type="allocate" free="3193856" total="3276800" percent="97" />
      <mem type="survivor" free="0" total="786432" percent="0" />
    </mem>
    <mem type="tenure" free="1799968" total="6291456" percent="28">
      <mem type="soa" free="1484576" total="5976064" percent="24" />
      <mem type="loa" free="315392" total="315392" percent="100" />
    </mem>
    <remembered-set count="236" />
  </mem-info>
</gc-end>
<cycle-end id="328" type="scavenge" contextid="322" timestamp="2025-12-15T22:47:50.521" />
<allocation-satisfied id="329" threadId="0000000000025A00" bytesRequested="5848" />
<af-end id="330" timestamp="2025-12-15T22:47:50.522" threadId="0000000000026478" success="true" from="nursery"/>
<exclusive-end id="331" timestamp="2025-12-15T22:47:50.523" durationms="6.350" />

<exclusive-start id="332" timestamp="2025-12-15T22:47:50.628" intervalms="111.275">
  <response-info timems="0.042" idlems="0.042" threads="0" lastid="0000000000025A00" lastname="main" />
</exclusive-start>
<af-start id="333" threadId="0000000000026478" totalBytesRequested="8200" timestamp="2025-12-15T22:47:50.629" intervalms="111.399" type="nursery" />
<cycle-start id="334" type="scavenge" contextid="0" timestamp="2025-12-15T22:47:50.629" intervalms="111.439" />
<gc-start id="335" type="scavenge" contextid="334" timestamp="2025-12-15T22:47:50.630">
  <mem-info id="336" free="1799928" total="10354688" percent="17">
    <mem type="nursery" free="0" total="4063232" percent="0">
      <mem type="allocate" free="0" total="3276800" percent="0" />
      <mem type="survivor" free="0" total="786432" percent="0" />
    </mem>
    <mem type="tenure" free="1799928" total="6291456" percent="28">
      <mem type="soa" free="1484536" total="5976064" percent="24" />
      <mem type="loa" free="315392" total="315392" percent="100" />
    </mem>
    <remembered-set count="325" />
  </mem-info>
</gc-start>
<allocation-stats totalBytes="3141128" discardedBytes="52768" >
  <allocated-bytes non-tlh="667808" tlh="2473320" />
  <largest-consumer threadName="main" threadId="0000000000025A00" bytes="3141128" />
</allocation-stats>
<gc-op id="337" type="scavenge" timems="0.752" contextid="334" timestamp="2025-12-15T22:47:50.631">
  <scavenger-info tenureage="3" tenuremask="f008" tiltratio="80" />
  <memory-copied type="nursery" objects="1743" bytes="65488" bytesdiscarded="23584" />
  <memory-copied type="tenure" objects="670" bytes="22456" bytesdiscarded="568" />
  <references type="phantom" candidates="3" cleared="0" enqueued="0" />
  <object-monitors candidates="5" cleared="0"  />
</gc-op>
<gc-end id="338" type="scavenge" contextid="334" durationms="2.513" usertimems="0.613" systemtimems="0.755" stalltimems="0.331" timestamp="2025-12-15T22:47:50.632" activeThreads="2">
  <mem-info id="339" free="5085688" total="10354688" percent="49">
    <mem type="nursery" free="3318784" total="4063232" percent="81">
      <mem type="allocate" free="3318784" total="3407872" percent="97" />
      <mem type="survivor" free="0" total="655360" percent="0" />
    </mem>
    <mem type="tenure" free="1766904" total="6291456" percent="28">
      <mem type="soa" free="1451512" total="5976064" percent="24" />
      <mem type="loa" free="315392" total="315392" percent="100" />
    </mem>
    <remembered-set count="238" />
  </mem-info>
</gc-end>
<cycle-end id="340" type="scavenge" contextid="334" timestamp="2025-12-15T22:47:50.633" />
<allocation-satisfied id="341" threadId="0000000000025A00" bytesRequested="8200" />
<af-end id="342" timestamp="2025-12-15T22:47:50.634" threadId="0000000000026478" success="true" from="nursery"/>
<exclusive-end id="343" timestamp="2025-12-15T22:47:50.635" durationms="6.711" />

<exclusive-start id="344" timestamp="2025-12-15T22:47:50.748" intervalms="119.960">
  <response-info timems="0.035" idlems="0.035" threads="0" lastid="0000000000025A00" lastname="main" />
</exclusive-start>
<af-start id="345" threadId="0000000000026478" totalBytesRequested="8200" timestamp="2025-12-15T22:47:50.748" intervalms="119.837" type="nursery" />
<cycle-start id="346" type="scavenge" contextid="0" timestamp="2025-12-15T22:47:50.749" intervalms="119.790" />
<gc-start id="347" type="scavenge" contextid="346" timestamp="2025-12-15T22:47:50.750">
  <mem-info id="348" free="1766904" total="10354688" percent="17">
    <mem type="nursery" free="0" total="4063232" percent="0">
      <mem type="allocate" free="0" total="3407872" percent="0" />
      <mem type="survivor" free="0" total="655360" percent="0" />
    </mem>
    <mem type="tenure" free="1766904" total="6291456" percent="28">
      <mem type="soa" free="1451512" total="5976064" percent="24" />
      <mem type="loa" free="315392" total="315392" percent="100" />
    </mem>
    <remembered-set count="342" />
  </mem-info>
</gc-start>
<allocation-stats totalBytes="3207056" discardedBytes="111728" >
  <allocated-bytes non-tlh="206864" tlh="3000192" />
  <largest-consumer threadName="main" threadId="0000000000025A00" bytes="3207056" />
</allocation-stats>
<gc-op id="349" type="scavenge" timems="0.712" contextid="346" timestamp="2025-12-15T22:47:50.751">
  <scavenger-info tenureage="3" tenuremask="ffe8" tiltratio="83" />
  <memory-copied type="nursery" objects="1863" bytes="65216" bytesdiscarded="32304" />
  <memory-copied type="tenure" objects="520" bytes="17400" bytesdiscarded="344" />
  <references type="phantom" candidates="3" cleared="0" enqueued="0" />
  <object-monitors candidates="5" cleared="0"  />
</gc-op>
<gc-end id="350" type="scavenge" contextid="346" durationms="2.404" usertimems="0.537" systemtimems="0.669" stalltimems="0.336" timestamp="2025-12-15T22:47:50.752" activeThreads="2">
  <mem-info id="351" free="5208312" total="10354688" percent="50">
    <mem type="nursery" free="3441408" total="4063232" percent="84">
      <mem type="allocate" free="3441408" total="3538944" percent="97" />
      <mem type="survivor" free="0" total="524288" percent="0" />
    </mem>
    <mem type="tenure" free="1766904" total="6291456" percent="28">
      <mem type="soa" free="1451512" total="5976064" percent="24" />
      <mem type="loa" free="315392" total="315392" percent="100" />
    </mem>
    <remembered-set count="248" />
  </mem-info>
</gc-end>
<cycle-end id="352" type="scavenge" contextid="346" timestamp="2025-12-15T22:47:50.753" />
<allocation-satisfied id="353" threadId="0000000000025A00" bytesRequested="8200" />
<af-end id="354" timestamp="2025-12-15T22:47:50.754" threadId="0000000000026478" success="true" from="nursery"/>
<exclusive-end id="355" timestamp="2025-12-15T22:47:50.754" durationms="6.486" />

<exclusive-start id="356" timestamp="2025-12-15T22:47:50.900" intervalms="152.210">
  <response-info timems="0.073" idlems="0.073" threads="0" lastid="0000000000025A00" lastname="main" />
</exclusive-start>
<af-start id="357" threadId="0000000000026478" totalBytesRequested="8200" timestamp="2025-12-15T22:47:50.901" intervalms="152.499" type="nursery" />
<cycle-start id="358" type="scavenge" contextid="0" timestamp="2025-12-15T22:47:50.902" intervalms="152.802" />
<gc-start id="359" type="scavenge" contextid="358" timestamp="2025-12-15T22:47:50.902">
  <mem-info id="360" free="1766904" total="10354688" percent="17">
    <mem type="nursery" free="0" total="4063232" percent="0">
      <mem type="allocate" free="0" total="3538944" percent="0" />
      <mem type="survivor" free="0" total="524288" percent="0" />
    </mem>
    <mem type="tenure" free="1766904" total="6291456" percent="28">
      <mem type="soa" free="1451512" total="5976064" percent="24" />
      <mem type="loa" free="315392" total="315392" percent="100" />
    </mem>
    <remembered-set count="457" />
  </mem-info>
</gc-start>
<allocation-stats totalBytes="3395504" discardedBytes="45904" >
  <allocated-bytes non-tlh="203088" tlh="3192416" />
  <largest-consumer threadName="main" threadId="0000000000025A00" bytes="3395504" />
</allocation-stats>
<gc-op id="361" type="scavenge" timems="1.597" contextid="358" timestamp="2025-12-15T22:47:50.906">
  <scavenger-info tenureage="3" tenuremask="ffe8" tiltratio="87" />
  <memory-copied type="nursery" objects="2155" bytes="91704" bytesdiscarded="18104" />
  <memory-copied type="tenure" objects="599" bytes="20160" bytesdiscarded="0" />
  <references type="phantom" candidates="3" cleared="0" enqueued="0" />
  <object-monitors candidates="5" cleared="0"  />
</gc-op>
<gc-end id="362" type="scavenge" contextid="358" durationms="3.937" usertimems="0.910" systemtimems="1.149" stalltimems="1.128" timestamp="2025-12-15T22:47:50.906" activeThreads="2">
  <mem-info id="363" free="5234680" total="10354688" percent="50">
    <mem type="nursery" free="3494656" total="4063232" percent="86">
      <mem type="allocate" free="3494656" total="3604480" percent="96" />
      <mem type="survivor" free="0" total="458752" percent="0" />
    </mem>
    <mem type="tenure" free="1740024" total="6291456" percent="27">
      <mem type="soa" free="1424632" total="5976064" percent="23" />
      <mem type="loa" free="315392" total="315392" percent="100" />
    </mem>
    <remembered-set count="239" />
  </mem-info>
</gc-end>
<cycle-end id="364" type="scavenge" contextid="358" timestamp="2025-12-15T22:47:50.907" />
<allocation-satisfied id="365" threadId="0000000000025A00" bytesRequested="8200" />
<af-end id="366" timestamp="2025-12-15T22:47:50.909" threadId="0000000000026478" success="true" from="nursery"/>
<exclusive-end id="367" timestamp="2025-12-15T22:47:50.909" durationms="9.403" />

<exclusive-start id="368" timestamp="2025-12-15T22:47:51.031" intervalms="130.603">
  <response-info timems="0.041" idlems="0.041" threads="0" lastid="0000000000025A00" lastname="main" />
</exclusive-start>
<af-start id="369" threadId="0000000000026478" totalBytesRequested="5688" timestamp="2025-12-15T22:47:51.031" intervalms="130.383" type="nursery" />
<cycle-start id="370" type="scavenge" contextid="0" timestamp="2025-12-15T22:47:51.032" intervalms="130.119" />
<gc-start id="371" type="scavenge" contextid="370" timestamp="2025-12-15T22:47:51.032">
  <mem-info id="372" free="1739928" total="10354688" percent="16">
    <mem type="nursery" free="0" total="4063232" percent="0">
      <mem type="allocate" free="0" total="3604480" percent="0" />
      <mem type="survivor" free="0" total="458752" percent="0" />
    </mem>
    <mem type="tenure" free="1739928" total="6291456" percent="27">
      <mem type="soa" free="1424536" total="5976064" percent="23" />
      <mem type="loa" free="315392" total="315392" percent="100" />
    </mem>
    <remembered-set count="332" />
  </mem-info>
</gc-start>
<allocation-stats totalBytes="3466888" discardedBytes="27864" >
  <allocated-bytes non-tlh="801200" tlh="2665688" />
  <largest-consumer threadName="main" threadId="0000000000025A00" bytes="3466888" />
</allocation-stats>
<gc-op id="373" type="scavenge" timems="1.179" contextid="370" timestamp="2025-12-15T22:47:51.035">
  <scavenger-info tenureage="3" tenuremask="ffe8" tiltratio="88" />
  <memory-copied type="nursery" objects="2170" bytes="100040" bytesdiscarded="18224" />
  <memory-copied type="tenure" objects="566" bytes="19056" bytesdiscarded="8" />
  <references type="phantom" candidates="3" cleared="0" enqueued="0" />
  <object-monitors candidates="5" cleared="0"  />
</gc-op>
<gc-end id="374" type="scavenge" contextid="370" durationms="3.021" usertimems="0.000" systemtimems="2.467" stalltimems="0.425" timestamp="2025-12-15T22:47:51.035" activeThreads="2">
  <mem-info id="375" free="5193112" total="10354688" percent="50">
    <mem type="nursery" free="3486208" total="4063232" percent="85">
      <mem type="allocate" free="3486208" total="3604480" percent="96" />
      <mem type="survivor" free="0" total="458752" percent="0" />
    </mem>
    <mem type="tenure" free="1706904" total="6291456" percent="27">
      <mem type="soa" free="1391512" total="5976064" percent="23" />
      <mem type="loa" free="315392" total="315392" percent="100" />
    </mem>
    <remembered-set count="245" />
  </mem-info>
</gc-end>
<cycle-end id="376" type="scavenge" contextid="370" timestamp="2025-12-15T22:47:51.036" />
<allocation-satisfied id="377" threadId="0000000000025A00" bytesRequested="5688" />
<af-end id="378" timestamp="2025-12-15T22:47:51.037" threadId="0000000000026478" success="true" from="nursery"/>
<exclusive-end id="379" timestamp="2025-12-15T22:47:51.037" durationms="6.853" />

<exclusive-start id="380" timestamp="2025-12-15T22:47:51.142" intervalms="111.464">
  <response-info timems="0.067" idlems="0.067" threads="0" lastid="0000000000025A00" lastname="main" />
</exclusive-start>
<af-start id="381" threadId="0000000000026478" totalBytesRequested="8200" timestamp="2025-12-15T22:47:51.143" intervalms="111.555" type="nursery" />
<cycle-start id="382" type="scavenge" contextid="0" timestamp="2025-12-15T22:47:51.143" intervalms="111.632" />
<gc-start id="383" type="scavenge" contextid="382" timestamp="2025-12-15T22:47:51.144">
  <mem-info id="384" free="1706904" total="10354688" percent="16">
    <mem type="nursery" free="0" total="4063232" percent="0">
      <mem type="allocate" free="0" total="3604480" percent="0" />
      <mem type="survivor" free="0" total="458752" percent="0" />
    </mem>
    <mem type="tenure" free="1706904" total="6291456" percent="27">
      <mem type="soa" free="1391512" total="5976064" percent="23" />
      <mem type="loa" free="315392" total="315392" percent="100" />
    </mem>
    <remembered-set count="334" />
  </mem-info>
</gc-start>
<allocation-stats totalBytes="3391856" discardedBytes="94352" >
  <allocated-bytes non-tlh="297120" tlh="3094736" />
  <largest-consumer threadName="main" threadId="0000000000025A00" bytes="3391856" />
</allocation-stats>
<gc-op id="385" type="scavenge" timems="1.013" contextid="382" timestamp="2025-12-15T22:47:51.146">
  <scavenger-info tenureage="3" tenuremask="ffe8" tiltratio="88" />
  <memory-copied type="nursery" objects="2141" bytes="91464" bytesdiscarded="13720" />
  <memory-copied type="tenure" objects="638" bytes="21552" bytesdiscarded="0" />
  <references type="phantom" candidates="3" cleared="0" enqueued="0" />
  <object-monitors candidates="5" cleared="0"  />
</gc-op>
<gc-end id="386" type="scavenge" contextid="382" durationms="2.852" usertimems="0.674" systemtimems="0.862" stalltimems="0.365" timestamp="2025-12-15T22:47:51.147" activeThreads="2">
  <mem-info id="387" free="5206184" total="10354688" percent="50">
    <mem type="nursery" free="3499280" total="4063232" percent="86">
      <mem type="allocate" free="3499280" total="3604480" percent="97" />
      <mem type="survivor" free="0" total="458752" percent="0" />
    </mem>
    <mem type="tenure" free="1706904" total="6291456" percent="27">
      <mem type="soa" free="1391512" total="5976064" percent="23" />
      <mem type="loa" free="315392" total="315392" percent="100" />
    </mem>
    <remembered-set count="248" />
  </mem-info>
</gc-end>
<cycle-end id="388" type="scavenge" contextid="382" timestamp="2025-12-15T22:47:51.148" />
<allocation-satisfied id="389" threadId="0000000000025A00" bytesRequested="8200" />
<af-end id="390" timestamp="2025-12-15T22:47:51.149" threadId="0000000000026478" success="true" from="nursery"/>
<exclusive-end id="391" timestamp="2025-12-15T22:47:51.149" durationms="7.119" />

<exclusive-start id="392" timestamp="2025-12-15T22:47:51.246" intervalms="104.199">
  <response-info timems="0.065" idlems="0.065" threads="0" lastid="0000000000025A00" lastname="main" />
</exclusive-start>
<af-start id="393" threadId="0000000000026478" totalBytesRequested="12200" timestamp="2025-12-15T22:47:51.247" intervalms="104.120" type="nursery" />
<cycle-start id="394" type="scavenge" contextid="0" timestamp="2025-12-15T22:47:51.248" intervalms="104.237" />
<gc-start id="395" type="scavenge" contextid="394" timestamp="2025-12-15T22:47:51.248">
  <mem-info id="396" free="1706904" total="10354688" percent="16">
    <mem type="nursery" free="0" total="4063232" percent="0">
      <mem type="allocate" free="0" total="3604480" percent="0" />
      <mem type="survivor" free="0" total="458752" percent="0" />
    </mem>
    <mem type="tenure" free="1706904" total="6291456" percent="27">
      <mem type="soa" free="1391512" total="5976064" percent="23" />
      <mem type="loa" free="315392" total="315392" percent="100" />
    </mem>
    <remembered-set count="346" />
  </mem-info>
</gc-start>
<allocation-stats totalBytes="3448416" discardedBytes="50864" >
  <allocated-bytes non-tlh="565192" tlh="2883224" />
  <largest-consumer threadName="main" threadId="0000000000025A00" bytes="3448416" />
</allocation-stats>
<gc-op id="397" type="scavenge" timems="1.277" contextid="394" timestamp="2025-12-15T22:47:51.251">
  <scavenger-info tenureage="3" tenuremask="ffe8" tiltratio="88" />
  <memory-copied type="nursery" objects="1837" bytes="61784" bytesdiscarded="18848" />
  <memory-copied type="tenure" objects="898" bytes="45376" bytesdiscarded="0" />
  <references type="phantom" candidates="2" cleared="0" enqueued="0" />
  <object-monitors candidates="5" cleared="0"  />
</gc-op>
<gc-end id="398" type="scavenge" contextid="394" durationms="3.611" usertimems="1.533" systemtimems="0.860" stalltimems="0.525" timestamp="2025-12-15T22:47:51.252" activeThreads="2">
  <mem-info id="399" free="5189520" total="10354688" percent="50">
    <mem type="nursery" free="3523840" total="4063232" percent="86">
      <mem type="allocate" free="3523840" total="3604480" percent="97" />
      <mem type="survivor" free="0" total="458752" percent="0" />
    </mem>
    <mem type="tenure" free="1665680" total="6291456" percent="26">
      <mem type="soa" free="1350288" total="5976064" percent="22" />
      <mem type="loa" free="315392" total="315392" percent="100" />
    </mem>
    <remembered-set count="242" />
  </mem-info>
</gc-end>
<cycle-end id="400" type="scavenge" contextid="394" timestamp="2025-12-15T22:47:51.253" />
<allocation-satisfied id="401" threadId="0000000000025A00" bytesRequested="12200" />
<af-end id="402" timestamp="2025-12-15T22:47:51.254" threadId="0000000000026478" success="true" from="nursery"/>
<exclusive-end id="403" timestamp="2025-12-15T22:47:51.254" durationms="8.216" />

<exclusive-start id="404" timestamp="2025-12-15T22:47:51.412" intervalms="165.738">
  <response-info timems="0.048" idlems="0.048" threads="0" lastid="0000000000025A00" lastname="main" />
</exclusive-start>
<af-start id="405" threadId="0000000000026478" totalBytesRequested="1384" timestamp="2025-12-15T22:47:51.413" intervalms="166.020" type="nursery" />
<cycle-start id="406" type="scavenge" contextid="0" timestamp="2025-12-15T22:47:51.414" intervalms="166.021" />
<gc-start id="407" type="scavenge" contextid="406" timestamp="2025-12-15T22:47:51.414">
  <mem-info id="408" free="1665584" total="10354688" percent="16">
    <mem type="nursery" free="0" total="4063232" percent="0">
      <mem type="allocate" free="0" total="3604480" percent="0" />
      <mem type="survivor" free="0" total="458752" percent="0" />
    </mem>
    <mem type="tenure" free="1665584" total="6291456" percent="26">
      <mem type="soa" free="1350192" total="5976064" percent="22" />
      <mem type="loa" free="315392" total="315392" percent="100" />
    </mem>
    <remembered-set count="358" />
  </mem-info>
</gc-start>
<allocation-stats totalBytes="3394856" discardedBytes="129080" >
  <allocated-bytes non-tlh="261960" tlh="3132896" />
  <largest-consumer threadName="main" threadId="0000000000025A00" bytes="3394856" />
</allocation-stats>
<gc-op id="409" type="scavenge" timems="0.873" contextid="406" timestamp="2025-12-15T22:47:51.417">
  <scavenger-info tenureage="3" tenuremask="ffe8" tiltratio="88" />
  <memory-copied type="nursery" objects="1944" bytes="68400" bytesdiscarded="26824" />
  <memory-copied type="tenure" objects="600" bytes="20232" bytesdiscarded="0" />
  <references type="weak" candidates="1" cleared="0" enqueued="0" />
  <references type="phantom" candidates="4" cleared="0" enqueued="0" />
  <object-monitors candidates="5" cleared="0"  />
</gc-op>
<gc-end id="410" type="scavenge" contextid="406" durationms="3.148" usertimems="0.693" systemtimems="0.880" stalltimems="0.388" timestamp="2025-12-15T22:47:51.417" activeThreads="2">
  <mem-info id="411" free="5141808" total="10354688" percent="49">
    <mem type="nursery" free="3509248" total="4063232" percent="86">
      <mem type="allocate" free="3509248" total="3604480" percent="97" />
      <mem type="survivor" free="0" total="458752" percent="0" />
    </mem>
    <mem type="tenure" free="1632560" total="6291456" percent="25">
      <mem type="soa" free="1317168" total="5976064" percent="22" />
      <mem type="loa" free="315392" total="315392" percent="100" />
    </mem>
    <remembered-set count="254" />
  </mem-info>
</gc-end>
<cycle-end id="412" type="scavenge" contextid="406" timestamp="2025-12-15T22:47:51.418" />
<allocation-satisfied id="413" threadId="0000000000025A00" bytesRequested="1384" />
<af-end id="414" timestamp="2025-12-15T22:47:51.419" threadId="0000000000026478" success="true" from="nursery"/>
<exclusive-end id="415" timestamp="2025-12-15T22:47:51.420" durationms="8.074" />

<exclusive-start id="416" timestamp="2025-12-15T22:47:51.598" intervalms="186.333">
  <response-info timems="0.089" idlems="0.089" threads="0" lastid="0000000000025A00" lastname="main" />
</exclusive-start>
<af-start id="417" threadId="0000000000026478" totalBytesRequested="2208" timestamp="2025-12-15T22:47:51.599" intervalms="186.458" type="nursery" />
<cycle-start id="418" type="scavenge" contextid="0" timestamp="2025-12-15T22:47:51.601" intervalms="186.968" />
<gc-start id="419" type="scavenge" contextid="418" timestamp="2025-12-15T22:47:51.601">
  <mem-info id="420" free="1632560" total="10354688" percent="15">
    <mem type="nursery" free="0" total="4063232" percent="0">
      <mem type="allocate" free="0" total="3604480" percent="0" />
      <mem type="survivor" free="0" total="458752" percent="0" />
    </mem>
    <mem type="tenure" free="1632560" total="6291456" percent="25">
      <mem type="soa" free="1317168" total="5976064" percent="22" />
      <mem type="loa" free="315392" total="315392" percent="100" />
    </mem>
    <remembered-set count="374" />
  </mem-info>
</gc-start>
<allocation-stats totalBytes="3485680" discardedBytes="23568" >
  <allocated-bytes non-tlh="463752" tlh="3021928" />
  <largest-consumer threadName="main" threadId="0000000000025A00" bytes="3485680" />
</allocation-stats>
<gc-op id="421" type="scavenge" timems="1.127" contextid="418" timestamp="2025-12-15T22:47:51.604">
  <scavenger-info tenureage="3" tenuremask="ffe8" tiltratio="88" />
  <memory-copied type="nursery" objects="2020" bytes="71288" bytesdiscarded="21632" />
  <memory-copied type="tenure" objects="590" bytes="19840" bytesdiscarded="48" />
  <references type="phantom" candidates="3" cleared="0" enqueued="0" />
  <object-monitors candidates="5" cleared="0"  />
</gc-op>
<gc-end id="422" type="scavenge" contextid="418" durationms="3.630" usertimems="0.918" systemtimems="1.176" stalltimems="0.533" timestamp="2025-12-15T22:47:51.605" activeThreads="2">
  <mem-info id="423" free="5111088" total="10354688" percent="49">
    <mem type="nursery" free="3511552" total="4063232" percent="86">
      <mem type="allocate" free="3511552" total="3604480" percent="97" />
      <mem type="survivor" free="0" total="458752" percent="0" />
    </mem>
    <mem type="tenure" free="1599536" total="6291456" percent="25">
      <mem type="soa" free="1284144" total="5976064" percent="21" />
      <mem type="loa" free="315392" total="315392" percent="100" />
    </mem>
    <remembered-set count="276" />
  </mem-info>
</gc-end>
<cycle-end id="424" type="scavenge" contextid="418" timestamp="2025-12-15T22:47:51.606" />
<allocation-satisfied id="425" threadId="0000000000025A00" bytesRequested="2208" />
<af-end id="426" timestamp="2025-12-15T22:47:51.607" threadId="0000000000026478" success="true" from="nursery"/>
<exclusive-end id="427" timestamp="2025-12-15T22:47:51.608" durationms="9.837" />

<exclusive-start id="428" timestamp="2025-12-15T22:47:51.765" intervalms="167.102">
  <response-info timems="0.045" idlems="0.045" threads="0" lastid="0000000000025A00" lastname="main" />
</exclusive-start>
<af-start id="429" threadId="0000000000026478" totalBytesRequested="5392" timestamp="2025-12-15T22:47:51.766" intervalms="166.586" type="nursery" />
<cycle-start id="430" type="scavenge" contextid="0" timestamp="2025-12-15T22:47:51.767" intervalms="165.883" />
<gc-start id="431" type="scavenge" contextid="430" timestamp="2025-12-15T22:47:51.767">
  <mem-info id="432" free="1599480" total="10354688" percent="15">
    <mem type="nursery" free="0" total="4063232" percent="0">
      <mem type="allocate" free="0" total="3604480" percent="0" />
      <mem type="survivor" free="0" total="458752" percent="0" />
    </mem>
    <mem type="tenure" free="1599480" total="6291456" percent="25">
      <mem type="soa" free="1284088" total="5976064" percent="21" />
      <mem type="loa" free="315392" total="315392" percent="100" />
    </mem>
    <remembered-set count="415" />
  </mem-info>
</gc-start>
<allocation-stats totalBytes="3476672" discardedBytes="34936" >
  <allocated-bytes non-tlh="267320" tlh="3209352" />
  <largest-consumer threadName="main" threadId="0000000000025A00" bytes="3476672" />
</allocation-stats>
<gc-op id="433" type="scavenge" timems="0.977" contextid="430" timestamp="2025-12-15T22:47:51.770">
  <scavenger-info tenureage="2" tenuremask="ffec" tiltratio="88" />
  <memory-copied type="nursery" objects="1508" bytes="73552" bytesdiscarded="27816" />
  <memory-copied type="tenure" objects="1316" bytes="44024" bytesdiscarded="56" />
  <references type="weak" candidates="1" cleared="0" enqueued="0" />
  <references type="phantom" candidates="4" cleared="0" enqueued="0" />
  <object-monitors candidates="5" cleared="0"  />
</gc-op>
<gc-end id="434" type="scavenge" contextid="430" durationms="3.142" usertimems="0.716" systemtimems="0.921" stalltimems="0.559" timestamp="2025-12-15T22:47:51.770" activeThreads="2">
  <mem-info id="435" free="5061112" total="10354688" percent="48">
    <mem type="nursery" free="3503104" total="4063232" percent="86">
      <mem type="allocate" free="3503104" total="3604480" percent="97" />
      <mem type="survivor" free="0" total="458752" percent="0" />
    </mem>
    <mem type="tenure" free="1558008" total="6291456" percent="24">
      <mem type="soa" free="1242616" total="5976064" percent="20" />
      <mem type="loa" free="315392" total="315392" percent="100" />
    </mem>
    <remembered-set count="252" />
  </mem-info>
</gc-end>
<cycle-end id="436" type="scavenge" contextid="430" timestamp="2025-12-15T22:47:51.771" />
<allocation-satisfied id="437" threadId="0000000000025A00" bytesRequested="5392" />
<af-end id="438" timestamp="2025-12-15T22:47:51.772" threadId="0000000000026478" success="true" from="nursery"/>
<exclusive-end id="439" timestamp="2025-12-15T22:47:51.773" durationms="7.095" />

<exclusive-start id="440" timestamp="2025-12-15T22:47:51.866" intervalms="100.991">
  <response-info timems="0.151" idlems="0.102" threads="1" lastid="0000000000029600" lastname="JIT Compilation Thread-000" />
</exclusive-start>
<af-start id="441" threadId="0000000000026478" totalBytesRequested="8200" timestamp="2025-12-15T22:47:51.867" intervalms="101.035" type="nursery" />
<cycle-start id="442" type="scavenge" contextid="0" timestamp="2025-12-15T22:47:51.868" intervalms="101.116" />
<gc-start id="443" type="scavenge" contextid="442" timestamp="2025-12-15T22:47:51.868">
  <mem-info id="444" free="1541176" total="10354688" percent="14">
    <mem type="nursery" free="0" total="4063232" percent="0">
      <mem type="allocate" free="0" total="3604480" percent="0" />
      <mem type="survivor" free="0" total="458752" percent="0" />
    </mem>
    <mem type="tenure" free="1541176" total="6291456" percent="24">
      <mem type="soa" free="1225784" total="5976064" percent="20" />
      <mem type="loa" free="315392" total="315392" percent="100" />
    </mem>
    <remembered-set count="1149" />
  </mem-info>
</gc-start>
<allocation-stats totalBytes="3505128" discardedBytes="14808" >
  <allocated-bytes non-tlh="393824" tlh="3111304" />
  <largest-consumer threadName="main" threadId="0000000000025A00" bytes="3501032" />
</allocation-stats>
<gc-op id="445" type="scavenge" timems="1.909" contextid="442" timestamp="2025-12-15T22:47:51.872">
  <scavenger-info tenureage="2" tenuremask="ffe4" tiltratio="88" />
  <memory-copied type="nursery" objects="7105" bytes="457584" bytesdiscarded="120" />
  <memory-copied type="tenure" objects="1240" bytes="53640" bytesdiscarded="24" />
  <copy-failed type="nursery" objects="570" bytes="31064" />
  <finalization candidates="97" enqueued="57" />
  <ownableSynchronizers candidates="68" cleared="37" />
  <references type="soft" candidates="31" cleared="0" enqueued="0" dynamicThreshold="32" maxThreshold="32" />
  <references type="weak" candidates="98" cleared="59" enqueued="59" />
  <references type="phantom" candidates="61" cleared="19" enqueued="19" />
  <object-monitors candidates="6" cleared="0"  />
</gc-op>
<gc-end id="446" type="scavenge" contextid="442" durationms="4.943" usertimems="1.613" systemtimems="2.010" stalltimems="0.523" timestamp="2025-12-15T22:47:51.873" activeThreads="2">
  <mem-info id="447" free="3887672" total="10354688" percent="37">
    <mem type="nursery" free="2424832" total="4063232" percent="59">
      <mem type="allocate" free="2424832" total="2883584" percent="84" />
      <mem type="survivor" free="0" total="1179648" percent="0" />
    </mem>
    <mem type="tenure" free="1462840" total="6291456" percent="23">
      <mem type="soa" free="1147448" total="5976064" percent="19" />
      <mem type="loa" free="315392" total="315392" percent="100" />
    </mem>
    <pending-finalizers system="57" default="0" reference="78" classloader="0" />
    <remembered-set count="645" />
  </mem-info>
</gc-end>
<cycle-end id="448" type="scavenge" contextid="442" timestamp="2025-12-15T22:47:51.874" />
<allocation-satisfied id="449" threadId="0000000000025A00" bytesRequested="8200" />
<af-end id="450" timestamp="2025-12-15T22:47:51.875" threadId="0000000000026478" success="true" from="nursery"/>
<exclusive-end id="451" timestamp="2025-12-15T22:47:51.876" durationms="9.439" />

<exclusive-start id="452" timestamp="2025-12-15T22:47:51.905" intervalms="38.155">
  <response-info timems="0.068" idlems="0.068" threads="0" lastid="0000000000025A00" lastname="main" />
</exclusive-start>
<af-start id="453" threadId="0000000000026478" totalBytesRequested="24" timestamp="2025-12-15T22:47:51.906" intervalms="38.515" type="nursery" />
<cycle-start id="454" type="scavenge" contextid="0" timestamp="2025-12-15T22:47:51.906" intervalms="38.657" />
<gc-start id="455" type="scavenge" contextid="454" timestamp="2025-12-15T22:47:51.907">
  <mem-info id="456" free="1460424" total="10354688" percent="14">
    <mem type="nursery" free="0" total="4063232" percent="0">
      <mem type="allocate" free="0" total="2883584" percent="0" />
      <mem type="survivor" free="0" total="1179648" percent="0" />
    </mem>
    <mem type="tenure" free="1460424" total="6291456" percent="23">
      <mem type="soa" free="1145032" total="5976064" percent="19" />
      <mem type="loa" free="315392" total="315392" percent="100" />
    </mem>
    <remembered-set count="774" />
  </mem-info>
</gc-start>
<allocation-stats totalBytes="2425632" discardedBytes="1616" >
  <allocated-bytes non-tlh="10616" tlh="2415016" />
  <largest-consumer threadName="main" threadId="0000000000025A00" bytes="2421536" />
</allocation-stats>
<gc-op id="457" type="scavenge" timems="2.268" contextid="454" timestamp="2025-12-15T22:47:51.911">
  <scavenger-info tenureage="2" tenuremask="fff4" tiltratio="70" />
  <memory-copied type="nursery" objects="13951" bytes="810072" bytesdiscarded="20384" />
  <memory-copied type="tenure" objects="365" bytes="10120" bytesdiscarded="0" />
  <finalization candidates="40" enqueued="0" />
  <ownableSynchronizers candidates="90" cleared="36" />
  <references type="soft" candidates="31" cleared="0" enqueued="0" dynamicThreshold="32" maxThreshold="32" />
  <references type="weak" candidates="50" cleared="12" enqueued="12" />
  <references type="phantom" candidates="74" cleared="0" enqueued="0" />
  <object-monitors candidates="6" cleared="0"  />
</gc-op>
<heap-resize id="458" type="expand" space="nursery" amount="393216" count="1" timems="0.099" reason="excessive time being spent scavenging" timestamp="2025-12-15T22:47:51.912" />
<gc-end id="459" type="scavenge" contextid="454" durationms="5.338" usertimems="4.277" systemtimems="0.000" stalltimems="0.839" timestamp="2025-12-15T22:47:51.913" activeThreads="2">
  <mem-info id="460" free="3576192" total="10747904" percent="33">
    <mem type="nursery" free="2115768" total="4456448" percent="47">
      <mem type="allocate" free="2115768" total="2949120" percent="71" />
      <mem type="survivor" free="0" total="1507328" percent="0" />
    </mem>
    <mem type="tenure" free="1460424" total="6291456" percent="23">
      <mem type="soa" free="1145032" total="5976064" percent="19" />
      <mem type="loa" free="315392" total="315392" percent="100" />
    </mem>
    <pending-finalizers system="0" default="0" reference="12" classloader="0" />
    <remembered-set count="622" />
  </mem-info>
</gc-end>
<cycle-end id="461" type="scavenge" contextid="454" timestamp="2025-12-15T22:47:51.914" />
<allocation-satisfied id="462" threadId="0000000000025A00" bytesRequested="24" />
<af-end id="463" timestamp="2025-12-15T22:47:51.915" threadId="0000000000026478" success="true" from="nursery"/>
<exclusive-end id="464" timestamp="2025-12-15T22:47:51.916" durationms="11.191" />

<exclusive-start id="465" timestamp="2025-12-15T22:47:51.942" intervalms="37.515">
  <response-info timems="0.055" idlems="0.055" threads="0" lastid="0000000000025A00" lastname="main" />
</exclusive-start>
<af-start id="466" threadId="0000000000026478" totalBytesRequested="48" timestamp="2025-12-15T22:47:51.943" intervalms="37.380" type="nursery" />
<cycle-start id="467" type="scavenge" contextid="0" timestamp="2025-12-15T22:47:51.944" intervalms="37.400" />
<gc-start id="468" type="scavenge" contextid="467" timestamp="2025-12-15T22:47:51.944">
  <mem-info id="469" free="1458208" total="10747904" percent="13">
    <mem type="nursery" free="0" total="4456448" percent="0">
      <mem type="allocate" free="0" total="2949120" percent="0" />
      <mem type="survivor" free="0" total="1507328" percent="0" />
    </mem>
    <mem type="tenure" free="1458208" total="6291456" percent="23">
      <mem type="soa" free="1142816" total="5976064" percent="19" />
      <mem type="loa" free="315392" total="315392" percent="100" />
    </mem>
    <remembered-set count="701" />
  </mem-info>
</gc-start>
<allocation-stats totalBytes="2115576" discardedBytes="2408" >
  <allocated-bytes non-tlh="2240" tlh="2113336" />
  <largest-consumer threadName="main" threadId="0000000000025A00" bytes="2115576" />
</allocation-stats>
<gc-op id="470" type="scavenge" timems="3.761" contextid="467" timestamp="2025-12-15T22:47:51.949">
  <scavenger-info tenureage="2" tenuremask="fff4" tiltratio="66" />
  <memory-copied type="nursery" objects="10177" bytes="582816" bytesdiscarded="88656" />
  <memory-copied type="tenure" objects="6396" bytes="433048" bytesdiscarded="512" />
  <finalization candidates="64" enqueued="12" />
  <ownableSynchronizers candidates="54" cleared="0" />
  <references type="weak" candidates="8" cleared="5" enqueued="5" />
  <references type="phantom" candidates="34" cleared="1" enqueued="1" />
  <object-monitors candidates="6" cleared="0"  />
</gc-op>
<heap-resize id="471" type="expand" space="nursery" amount="393216" count="1" timems="0.084" reason="excessive time being spent scavenging" timestamp="2025-12-15T22:47:51.950" />
<gc-end id="472" type="scavenge" contextid="467" durationms="6.295" usertimems="3.813" systemtimems="3.775" stalltimems="0.540" timestamp="2025-12-15T22:47:51.951" activeThreads="2">
  <mem-info id="473" free="3733216" total="11141120" percent="33">
    <mem type="nursery" free="2735504" total="4849664" percent="56">
      <mem type="allocate" free="2735504" total="3407872" percent="80" />
      <mem type="survivor" free="0" total="1441792" percent="0" />
    </mem>
    <mem type="tenure" free="997712" total="6291456" percent="15">
      <mem type="soa" free="682320" total="5976064" percent="11" />
      <mem type="loa" free="315392" total="315392" percent="100" />
    </mem>
    <pending-finalizers system="12" default="0" reference="6" classloader="0" />
    <remembered-set count="391" />
  </mem-info>
</gc-end>
<cycle-end id="474" type="scavenge" contextid="467" timestamp="2025-12-15T22:47:51.951" />
<allocation-satisfied id="475" threadId="0000000000025A00" bytesRequested="48" />
<af-end id="476" timestamp="2025-12-15T22:47:51.953" threadId="0000000000026478" success="true" from="nursery"/>
<exclusive-end id="477" timestamp="2025-12-15T22:47:51.953" durationms="11.026" />

<exclusive-start id="478" timestamp="2025-12-15T22:47:51.974" intervalms="31.792">
  <response-info timems="0.045" idlems="0.045" threads="0" lastid="0000000000589A00" lastname="Framework Event Dispatcher: Equinox Container: ecec021b-da39-48" />
</exclusive-start>
<af-start id="479" threadId="000000000058A478" totalBytesRequested="24" timestamp="2025-12-15T22:47:51.975" intervalms="31.795" type="nursery" />
<cycle-start id="480" type="scavenge" contextid="0" timestamp="2025-12-15T22:47:51.975" intervalms="31.693" />
<gc-start id="481" type="scavenge" contextid="480" timestamp="2025-12-15T22:47:51.976">
  <mem-info id="482" free="997152" total="11141120" percent="8">
    <mem type="nursery" free="0" total="4849664" percent="0">
      <mem type="allocate" free="0" total="3407872" percent="0" />
      <mem type="survivor" free="0" total="1441792" percent="0" />
    </mem>
    <mem type="tenure" free="997152" total="6291456" percent="15">
      <mem type="soa" free="681760" total="5976064" percent="11" />
      <mem type="loa" free="315392" total="315392" percent="100" />
    </mem>
    <remembered-set count="447" />
  </mem-info>
</gc-start>
<allocation-stats totalBytes="2735264" discardedBytes="800" >
  <allocated-bytes non-tlh="608" tlh="2734656" />
  <largest-consumer threadName="main" threadId="0000000000025A00" bytes="2735264" />
</allocation-stats>
<gc-op id="483" type="scavenge" timems="1.928" contextid="480" timestamp="2025-12-15T22:47:51.986">
  <scavenger-info tenureage="2" tenuremask="fff4" tiltratio="70" />
  <memory-copied type="nursery" objects="2467" bytes="73848" bytesdiscarded="21384" />
  <memory-copied type="tenure" objects="5610" bytes="319720" bytesdiscarded="840" />
  <finalization candidates="12" enqueued="0" />
  <ownableSynchronizers candidates="24" cleared="1" />
  <references type="weak" candidates="5" cleared="2" enqueued="2" />
  <object-monitors candidates="6" cleared="0"  />
</gc-op>
<heap-resize id="484" type="expand" space="nursery" amount="786432" count="1" timems="0.108" reason="excessive time being spent scavenging" timestamp="2025-12-15T22:47:51.988" />
<gc-end id="485" type="scavenge" contextid="480" durationms="12.319" usertimems="1.664" systemtimems="1.944" stalltimems="0.465" timestamp="2025-12-15T22:47:51.988" activeThreads="2">
  <mem-info id="486" free="4844016" total="11927552" percent="40">
    <mem type="nursery" free="4164608" total="5636096" percent="73">
      <mem type="allocate" free="4164608" total="4259840" percent="97" />
      <mem type="survivor" free="0" total="1376256" percent="0" />
    </mem>
    <mem type="tenure" free="679408" total="6291456" percent="10">
      <mem type="soa" free="364016" total="5976064" percent="6" />
      <mem type="loa" free="315392" total="315392" percent="100" />
    </mem>
    <pending-finalizers system="0" default="0" reference="2" classloader="0" />
    <remembered-set count="289" />
  </mem-info>
</gc-end>
<cycle-end id="487" type="scavenge" contextid="480" timestamp="2025-12-15T22:47:51.989" />
<allocation-satisfied id="488" threadId="0000000000589A00" bytesRequested="24" />
<af-end id="489" timestamp="2025-12-15T22:47:51.991" threadId="000000000058A478" success="true" from="nursery"/>
<exclusive-end id="490" timestamp="2025-12-15T22:47:51.991" durationms="17.394" />

<concurrent-kickoff id="491" timestamp="2025-12-15T22:47:52.236">
  <kickoff reason="threshold reached" targetBytes="1867303" thresholdFreeBytes="258956"  remainingFree="179200" tenureFreeBytes="369144" nurseryFreeBytes="179200" />
</concurrent-kickoff>
<exclusive-start id="492" timestamp="2025-12-15T22:47:52.238" intervalms="263.905">
  <response-info timems="0.033" idlems="0.033" threads="0" lastid="00000000005FB800" lastname="Equinox start level thread - Equinox Container: ecec021b-da39-4" />
</exclusive-start>
<cycle-start id="493" type="global" contextid="0" timestamp="2025-12-15T22:47:52.238" intervalms="5487.633" />
<concurrent-start id="494" type="global mark" contextid="493" timestamp="2025-12-15T22:47:52.239">
</concurrent-start>
<exclusive-end id="495" timestamp="2025-12-15T22:47:52.240" durationms="1.752" />

<concurrent-end id="496" type="global mark" contextid="493" timestamp="2025-12-15T22:47:52.249">
<gc-op id="497" type="trace" timems="9.972" contextid="493" timestamp="2025-12-15T22:47:52.249">
  <trace bytesTraced="2889712" workStackOverflowCount="0" />
  <card-cleaning reason="card cleaning threshold reached" bytesTraced="8076" cardsCleaned="28" />
</gc-op>
</concurrent-end>

<exclusive-start id="498" timestamp="2025-12-15T22:47:52.250" intervalms="12.590">
  <response-info timems="0.156" idlems="0.099" threads="1" lastid="00000000005EC100" lastname="Equinox start level thread - Equinox Container: ecec021b-da39-4" />
</exclusive-start>
<concurrent-global-final id="499" timestamp="2025-12-15T22:47:52.251" contextid="493" intervalms="5500.280" >
  <concurrent-trace-info reason="card cleaning threshold reached" tracedByMutators="613880" tracedByHelpers="2283908" cardsCleaned="28" workStackOverflowCount="0" />
</concurrent-global-final>
<gc-start id="500" type="global" contextid="493" timestamp="2025-12-15T22:47:52.252">
  <mem-info id="501" free="441800" total="11927552" percent="3">
    <mem type="nursery" free="76800" total="5636096" percent="1">
      <mem type="allocate" free="76800" total="4259840" percent="1" />
      <mem type="survivor" free="0" total="1376256" percent="0" />
    </mem>
    <mem type="tenure" free="365000" total="6291456" percent="5">
      <mem type="soa" free="49608" total="5976064" percent="0" />
      <mem type="loa" free="315392" total="315392" percent="100" />
    </mem>
    <remembered-set count="4889" />
  </mem-info>
</gc-start>
<allocation-stats totalBytes="4392856" discardedBytes="9360" >
  <allocated-bytes non-tlh="379976" tlh="4012880" />
  <largest-consumer threadName="Equinox start level thread - Equinox Container: ecec021b-da39-4877-85e3-24742ae2b9da" threadId="00000000005FB800" bytes="1827296" />
</allocation-stats>
<gc-op id="502" type="rs-scan" timems="1.626" contextid="493" timestamp="2025-12-15T22:47:52.255">
  <scan objectsFound="13897" bytesTraced="629204" workStackOverflowCount="0" />
</gc-op>
<gc-op id="503" type="card-cleaning" timems="0.484" contextid="493" timestamp="2025-12-15T22:47:52.256">
  <card-cleaning cardsCleaned="4" bytesTraced="1868" workStackOverflowCount="0" />
</gc-op>
<gc-op id="504" type="mark" timems="8.417" contextid="493" timestamp="2025-12-15T22:47:52.265">
  <trace-info objectcount="5442" scancount="4717" scanbytes="148456" />
  <finalization candidates="1054" enqueued="329" />
  <ownableSynchronizers candidates="226" cleared="40" />
  <references type="soft" candidates="4063" cleared="0" enqueued="0" dynamicThreshold="32" maxThreshold="32" />
  <references type="weak" candidates="1763" cleared="768" enqueued="762" />
  <references type="phantom" candidates="161" cleared="40" enqueued="40" />
  <stringconstants candidates="11482" cleared="51"  />
  <object-monitors candidates="10" cleared="0"  />
</gc-op>
<gc-op id="505" type="classunload" timems="0.030" contextid="493" timestamp="2025-12-15T22:47:52.266">
  <classunload-info classloadercandidates="23" classloadersunloaded="0" classesunloaded="0" anonymousclassesunloaded="0" quiescems="0.000" setupms="0.029" scanms="0.000" postms="0.000" />
</gc-op>
<gc-op id="506" type="sweep" timems="1.555" contextid="493" timestamp="2025-12-15T22:47:52.268" />
<heap-resize id="507" type="expand" space="tenure" amount="1638400" count="1" timems="0.125" reason="insufficient free space following gc" timestamp="2025-12-15T22:47:52.269" />
<gc-end id="508" type="global" contextid="493" durationms="18.019" usertimems="11.887" systemtimems="11.886" stalltimems="33.246" timestamp="2025-12-15T22:47:52.270" activeThreads="5">
  <mem-info id="509" free="5146824" total="13565952" percent="37">
    <mem type="nursery" free="2762008" total="5636096" percent="49">
      <mem type="allocate" free="2762008" total="4259840" percent="64" />
      <mem type="survivor" free="0" total="1376256" percent="0" />
    </mem>
    <mem type="tenure" free="2384816" total="7929856" percent="30" micro-fragmented="94756" macro-fragmented="0">
      <mem type="soa" free="1987504" total="7532544" percent="26" />
      <mem type="loa" free="397312" total="397312" percent="100" />
    </mem>
    <pending-finalizers system="329" default="0" reference="802" classloader="0" />
    <remembered-set count="4177" />
  </mem-info>
</gc-end>
<cycle-end id="510" type="global" contextid="493" timestamp="2025-12-15T22:47:52.270" />
<exclusive-end id="511" timestamp="2025-12-15T22:47:52.271" durationms="20.586" />

<exclusive-start id="512" timestamp="2025-12-15T22:47:52.359" intervalms="108.775">
  <response-info timems="0.132" idlems="0.098" threads="1" lastid="0000000000029600" lastname="JIT Compilation Thread-000" />
</exclusive-start>
<af-start id="513" threadId="00000000005ECB78" totalBytesRequested="48" timestamp="2025-12-15T22:47:52.360" intervalms="385.103" type="nursery" />
<cycle-start id="514" type="scavenge" contextid="0" timestamp="2025-12-15T22:47:52.360" intervalms="385.031" />
<gc-start id="515" type="scavenge" contextid="514" timestamp="2025-12-15T22:47:52.361">
  <mem-info id="516" free="2345040" total="13565952" percent="17">
    <mem type="nursery" free="0" total="5636096" percent="0">
      <mem type="allocate" free="0" total="4259840" percent="0" />
      <mem type="survivor" free="0" total="1376256" percent="0" />
    </mem>
    <mem type="tenure" free="2345040" total="7929856" percent="29">
      <mem type="soa" free="1947728" total="7532544" percent="25" />
      <mem type="loa" free="397312" total="397312" percent="100" />
    </mem>
    <remembered-set count="4739" />
  </mem-info>
</gc-start>
<allocation-stats totalBytes="2755352" discardedBytes="38488" >
  <allocated-bytes non-tlh="447592" tlh="2307760" />
  <largest-consumer threadName="Equinox start level thread - Equinox Container: ecec021b-da39-4877-85e3-24742ae2b9da" threadId="00000000005EC100" bytes="2634296" />
</allocation-stats>
<gc-op id="517" type="scavenge" timems="5.765" contextid="514" timestamp="2025-12-15T22:47:52.368">
  <scavenger-info tenureage="4" tenuremask="fff0" tiltratio="75" />
  <memory-copied type="nursery" objects="21977" bytes="879424" bytesdiscarded="17952" />
  <finalization candidates="256" enqueued="9" />
  <ownableSynchronizers candidates="299" cleared="176" />
  <references type="soft" candidates="286" cleared="0" enqueued="0" dynamicThreshold="9" maxThreshold="32" />
  <references type="weak" candidates="623" cleared="182" enqueued="182" />
  <references type="phantom" candidates="12" cleared="6" enqueued="6" />
  <object-monitors candidates="10" cleared="0"  />
</gc-op>
<gc-end id="518" type="scavenge" contextid="514" durationms="7.565" usertimems="0.000" systemtimems="11.525" stalltimems="0.454" timestamp="2025-12-15T22:47:52.369" activeThreads="2">
  <mem-info id="519" free="5114416" total="13565952" percent="37">
    <mem type="nursery" free="2769376" total="5636096" percent="49">
      <mem type="allocate" free="2769376" total="3670016" percent="75" />
      <mem type="survivor" free="0" total="1966080" percent="0" />
    </mem>
    <mem type="tenure" free="2345040" total="7929856" percent="29">
      <mem type="soa" free="1947728" total="7532544" percent="25" />
      <mem type="loa" free="397312" total="397312" percent="100" />
    </mem>
    <pending-finalizers system="9" default="0" reference="188" classloader="0" />
    <remembered-set count="4549" />
  </mem-info>
</gc-end>
<cycle-end id="520" type="scavenge" contextid="514" timestamp="2025-12-15T22:47:52.369" />
<allocation-satisfied id="521" threadId="00000000005EC100" bytesRequested="48" />
<af-end id="522" timestamp="2025-12-15T22:47:52.370" threadId="00000000005ECB78" success="true" from="nursery"/>
<exclusive-end id="523" timestamp="2025-12-15T22:47:52.371" durationms="11.752" />

<exclusive-start id="524" timestamp="2025-12-15T22:47:52.402" intervalms="42.825">
  <response-info timems="0.164" idlems="0.113" threads="1" lastid="0000000000029600" lastname="JIT Compilation Thread-000" />
</exclusive-start>
<af-start id="525" threadId="00000000005F0878" totalBytesRequested="136" timestamp="2025-12-15T22:47:52.403" intervalms="42.874" type="nursery" />
<cycle-start id="526" type="scavenge" contextid="0" timestamp="2025-12-15T22:47:52.403" intervalms="42.816" />
<gc-start id="527" type="scavenge" contextid="526" timestamp="2025-12-15T22:47:52.404">
  <mem-info id="528" free="2311512" total="13565952" percent="17">
    <mem type="nursery" free="0" total="5636096" percent="0">
      <mem type="allocate" free="0" total="3670016" percent="0" />
      <mem type="survivor" free="0" total="1966080" percent="0" />
    </mem>
    <mem type="tenure" free="2311512" total="7929856" percent="29">
      <mem type="soa" free="1914200" total="7532544" percent="25" />
      <mem type="loa" free="397312" total="397312" percent="100" />
    </mem>
    <remembered-set count="5029" />
  </mem-info>
</gc-start>
<allocation-stats totalBytes="2796944" discardedBytes="1536" >
  <allocated-bytes non-tlh="61936" tlh="2735008" />
  <largest-consumer threadName="Equinox start level thread - Equinox Container: ecec021b-da39-4877-85e3-24742ae2b9da" threadId="00000000005FB800" bytes="1221936" />
</allocation-stats>
<gc-op id="529" type="scavenge" timems="3.087" contextid="526" timestamp="2025-12-15T22:47:52.408">
  <scavenger-info tenureage="4" tenuremask="fff0" tiltratio="65" />
  <memory-copied type="nursery" objects="29871" bytes="1188736" bytesdiscarded="47216" />
  <finalization candidates="256" enqueued="9" />
  <ownableSynchronizers candidates="593" cleared="229" />
  <references type="soft" candidates="393" cleared="0" enqueued="0" dynamicThreshold="9" maxThreshold="32" />
  <references type="weak" candidates="639" cleared="148" enqueued="148" />
  <references type="phantom" candidates="9" cleared="3" enqueued="3" />
  <object-monitors candidates="11" cleared="0"  />
</gc-op>
<heap-resize id="530" type="expand" space="nursery" amount="393216" count="1" timems="0.039" reason="excessive time being spent scavenging" timestamp="2025-12-15T22:47:52.409" />
<gc-end id="531" type="scavenge" contextid="526" durationms="5.408" usertimems="7.210" systemtimems="0.000" stalltimems="2.514" timestamp="2025-12-15T22:47:52.409" activeThreads="3">
  <mem-info id="532" free="5069376" total="13959168" percent="36">
    <mem type="nursery" free="2757864" total="6029312" percent="45">
      <mem type="allocate" free="2757864" total="3997696" percent="68" />
      <mem type="survivor" free="0" total="2031616" percent="0" />
    </mem>
    <mem type="tenure" free="2311512" total="7929856" percent="29">
      <mem type="soa" free="1914200" total="7532544" percent="25" />
      <mem type="loa" free="397312" total="397312" percent="100" />
    </mem>
    <pending-finalizers system="9" default="0" reference="151" classloader="0" />
    <remembered-set count="4961" />
  </mem-info>
</gc-end>
<cycle-end id="533" type="scavenge" contextid="526" timestamp="2025-12-15T22:47:52.410" />
<allocation-satisfied id="534" threadId="00000000005EFE00" bytesRequested="136" />
<af-end id="535" timestamp="2025-12-15T22:47:52.411" threadId="00000000005F0878" success="true" from="nursery"/>
<exclusive-end id="536" timestamp="2025-12-15T22:47:52.412" durationms="10.079" />

<exclusive-start id="537" timestamp="2025-12-15T22:47:52.499" intervalms="97.105">
  <response-info timems="0.045" idlems="0.045" threads="0" lastid="0000000000839C00" lastname="Default Executor-thread-1" />
</exclusive-start>
<af-start id="538" threadId="000000000083A678" totalBytesRequested="8200" timestamp="2025-12-15T22:47:52.500" intervalms="97.243" type="nursery" />
<cycle-start id="539" type="scavenge" contextid="0" timestamp="2025-12-15T22:47:52.501" intervalms="97.599" />
<gc-start id="540" type="scavenge" contextid="539" timestamp="2025-12-15T22:47:52.502">
  <mem-info id="541" free="2237688" total="13959168" percent="16">
    <mem type="nursery" free="0" total="6029312" percent="0">
      <mem type="allocate" free="0" total="3997696" percent="0" />
      <mem type="survivor" free="0" total="2031616" percent="0" />
    </mem>
    <mem type="tenure" free="2237688" total="7929856" percent="28">
      <mem type="soa" free="1840376" total="7532544" percent="24" />
      <mem type="loa" free="397312" total="397312" percent="100" />
    </mem>
    <remembered-set count="5901" />
  </mem-info>
</gc-start>
<allocation-stats totalBytes="2788640" discardedBytes="35144" >
  <allocated-bytes non-tlh="66056" tlh="2722584" />
  <largest-consumer threadName="Equinox start level thread - Equinox Container: ecec021b-da39-4877-85e3-24742ae2b9da" threadId="00000000005EFE00" bytes="993288" />
</allocation-stats>
<gc-op id="542" type="scavenge" timems="6.056" contextid="539" timestamp="2025-12-15T22:47:52.509">
  <scavenger-info tenureage="3" tenuremask="ffe8" tiltratio="66" />
  <memory-copied type="nursery" objects="39961" bytes="1566560" bytesdiscarded="15608" />
  <memory-copied type="tenure" objects="1863" bytes="56920" bytesdiscarded="432" />
  <finalization candidates="255" enqueued="8" />
  <ownableSynchronizers candidates="605" cleared="67" />
  <references type="soft" candidates="688" cleared="0" enqueued="0" dynamicThreshold="9" maxThreshold="32" />
  <references type="weak" candidates="919" cleared="307" enqueued="306" />
  <references type="phantom" candidates="11" cleared="4" enqueued="4" />
  <object-monitors candidates="14" cleared="1"  />
</gc-op>
<heap-resize id="543" type="expand" space="nursery" amount="262144" count="1" timems="0.088" reason="excessive time being spent scavenging" timestamp="2025-12-15T22:47:52.511" />
<gc-end id="544" type="scavenge" contextid="539" durationms="9.697" usertimems="14.107" systemtimems="1.882" stalltimems="3.541" timestamp="2025-12-15T22:47:52.512" activeThreads="3">
  <mem-info id="545" free="4394440" total="14221312" percent="30">
    <mem type="nursery" free="2214104" total="6291456" percent="35">
      <mem type="allocate" free="2214104" total="3801088" percent="58" />
      <mem type="survivor" free="0" total="2490368" percent="0" />
    </mem>
    <mem type="tenure" free="2180336" total="7929856" percent="27">
      <mem type="soa" free="1783024" total="7532544" percent="23" />
      <mem type="loa" free="397312" total="397312" percent="100" />
    </mem>
    <pending-finalizers system="8" default="0" reference="310" classloader="0" />
    <remembered-set count="2644" />
  </mem-info>
</gc-end>
<cycle-end id="546" type="scavenge" contextid="539" timestamp="2025-12-15T22:47:52.512" />
<allocation-satisfied id="547" threadId="0000000000839C00" bytesRequested="8200" />
<af-end id="548" timestamp="2025-12-15T22:47:52.514" threadId="000000000083A678" success="true" from="nursery"/>
<exclusive-end id="549" timestamp="2025-12-15T22:47:52.514" durationms="15.188" />

<exclusive-start id="550" timestamp="2025-12-15T22:47:52.578" intervalms="79.182">
  <response-info timems="0.046" idlems="0.046" threads="0" lastid="0000000000839C00" lastname="Default Executor-thread-1" />
</exclusive-start>
<af-start id="551" threadId="000000000083A678" totalBytesRequested="16392" timestamp="2025-12-15T22:47:52.579" intervalms="79.065" type="nursery" />
<cycle-start id="552" type="scavenge" contextid="0" timestamp="2025-12-15T22:47:52.580" intervalms="78.834" />
<gc-start id="553" type="scavenge" contextid="552" timestamp="2025-12-15T22:47:52.581">
  <mem-info id="554" free="2180120" total="14221312" percent="15">
    <mem type="nursery" free="0" total="6291456" percent="0">
      <mem type="allocate" free="0" total="3801088" percent="0" />
      <mem type="survivor" free="0" total="2490368" percent="0" />
    </mem>
    <mem type="tenure" free="2180120" total="7929856" percent="27">
      <mem type="soa" free="1782808" total="7532544" percent="23" />
      <mem type="loa" free="397312" total="397312" percent="100" />
    </mem>
    <remembered-set count="2654" />
  </mem-info>
</gc-start>
<allocation-stats totalBytes="2178344" discardedBytes="35976" >
  <allocated-bytes non-tlh="8416" tlh="2169928" />
  <largest-consumer threadName="Default Executor-thread-1" threadId="0000000000839C00" bytes="2174248" />
</allocation-stats>
<gc-op id="555" type="scavenge" timems="6.189" contextid="552" timestamp="2025-12-15T22:47:52.588">
  <scavenger-info tenureage="5" tenuremask="ffe0" tiltratio="60" />
  <memory-copied type="nursery" objects="44844" bytes="1759376" bytesdiscarded="25112" />
  <memory-copied type="tenure" objects="130" bytes="3744" bytesdiscarded="0" />
  <finalization candidates="247" enqueued="0" />
  <ownableSynchronizers candidates="538" cleared="0" />
  <references type="soft" candidates="688" cleared="0" enqueued="0" dynamicThreshold="9" maxThreshold="32" />
  <references type="weak" candidates="610" cleared="1" enqueued="1" />
  <references type="phantom" candidates="7" cleared="0" enqueued="0" />
  <object-monitors candidates="13" cleared="0"  />
</gc-op>
<heap-resize id="556" type="expand" space="nursery" amount="393216" count="1" timems="0.100" reason="excessive time being spent scavenging" timestamp="2025-12-15T22:47:52.589" />
<gc-end id="557" type="scavenge" contextid="552" durationms="9.203" usertimems="13.931" systemtimems="1.710" stalltimems="4.367" timestamp="2025-12-15T22:47:52.590" activeThreads="3">
  <mem-info id="558" free="4432736" total="14614528" percent="30">
    <mem type="nursery" free="2274536" total="6684672" percent="34">
      <mem type="allocate" free="2274536" total="4063232" percent="55" />
      <mem type="survivor" free="0" total="2621440" percent="0" />
    </mem>
    <mem type="tenure" free="2158200" total="7929856" percent="27">
      <mem type="soa" free="1760888" total="7532544" percent="23" />
      <mem type="loa" free="397312" total="397312" percent="100" />
    </mem>
    <pending-finalizers system="0" default="0" reference="1" classloader="0" />
    <remembered-set count="2239" />
  </mem-info>
</gc-end>
<cycle-end id="559" type="scavenge" contextid="552" timestamp="2025-12-15T22:47:52.591" />
<allocation-satisfied id="560" threadId="0000000000839C00" bytesRequested="16392" />
<af-end id="561" timestamp="2025-12-15T22:47:52.592" threadId="000000000083A678" success="true" from="nursery"/>
<exclusive-end id="562" timestamp="2025-12-15T22:47:52.593" durationms="14.238" />

<exclusive-start id="563" timestamp="2025-12-15T22:47:52.645" intervalms="66.787">
  <response-info timems="0.062" idlems="0.062" threads="0" lastid="0000000000839C00" lastname="Default Executor-thread-1" />
</exclusive-start>
<af-start id="564" threadId="000000000083A678" totalBytesRequested="1064" timestamp="2025-12-15T22:47:52.646" intervalms="66.826" type="nursery" />
<cycle-start id="565" type="scavenge" contextid="0" timestamp="2025-12-15T22:47:52.647" intervalms="66.869" />
<gc-start id="566" type="scavenge" contextid="565" timestamp="2025-12-15T22:47:52.647">
  <mem-info id="567" free="2158152" total="14614528" percent="14">
    <mem type="nursery" free="0" total="6684672" percent="0">
      <mem type="allocate" free="0" total="4063232" percent="0" />
      <mem type="survivor" free="0" total="2621440" percent="0" />
    </mem>
    <mem type="tenure" free="2158152" total="7929856" percent="27">
      <mem type="soa" free="1760840" total="7532544" percent="23" />
      <mem type="loa" free="397312" total="397312" percent="100" />
    </mem>
    <remembered-set count="2240" />
  </mem-info>
</gc-start>
<allocation-stats totalBytes="2248064" discardedBytes="26520" >
  <allocated-bytes non-tlh="16440" tlh="2231624" />
  <largest-consumer threadName="Default Executor-thread-1" threadId="0000000000839C00" bytes="2248064" />
</allocation-stats>
<gc-op id="568" type="scavenge" timems="8.609" contextid="565" timestamp="2025-12-15T22:47:52.657">
  <scavenger-info tenureage="3" tenuremask="ffb8" tiltratio="60" />
  <memory-copied type="nursery" objects="23946" bytes="890648" bytesdiscarded="138880" />
  <memory-copied type="tenure" objects="26770" bytes="1090664" bytesdiscarded="640" />
  <finalization candidates="235" enqueued="0" />
  <ownableSynchronizers candidates="538" cleared="0" />
  <references type="soft" candidates="295" cleared="0" enqueued="0" dynamicThreshold="9" maxThreshold="32" />
  <references type="weak" candidates="122" cleared="0" enqueued="0" />
  <references type="phantom" candidates="1" cleared="0" enqueued="0" />
  <object-monitors candidates="13" cleared="0"  />
</gc-op>
<heap-resize id="569" type="expand" space="nursery" amount="524288" count="1" timems="0.507" reason="excessive time being spent scavenging" timestamp="2025-12-15T22:47:52.659" />
<gc-end id="570" type="scavenge" contextid="565" durationms="12.077" usertimems="9.668" systemtimems="13.937" stalltimems="3.677" timestamp="2025-12-15T22:47:52.659" activeThreads="3">
  <mem-info id="571" free="4666520" total="15138816" percent="30">
    <mem type="nursery" free="3622640" total="7208960" percent="50">
      <mem type="allocate" free="3622640" total="4653056" percent="77" />
      <mem type="survivor" free="0" total="2555904" percent="0" />
    </mem>
    <mem type="tenure" free="1043880" total="7929856" percent="13">
      <mem type="soa" free="646568" total="7532544" percent="8" />
      <mem type="loa" free="397312" total="397312" percent="100" />
    </mem>
    <remembered-set count="702" />
  </mem-info>
</gc-end>
<cycle-end id="572" type="scavenge" contextid="565" timestamp="2025-12-15T22:47:52.660" />
<allocation-satisfied id="573" threadId="0000000000839C00" bytesRequested="1064" />
<af-end id="574" timestamp="2025-12-15T22:47:52.661" threadId="000000000083A678" success="true" from="nursery"/>
<exclusive-end id="575" timestamp="2025-12-15T22:47:52.662" durationms="16.648" />

<concurrent-kickoff id="576" timestamp="2025-12-15T22:47:52.729">
  <kickoff reason="threshold reached" targetBytes="2582966" thresholdFreeBytes="358296"  remainingFree="227056" tenureFreeBytes="1043880" nurseryFreeBytes="227056" />
</concurrent-kickoff>
<exclusive-start id="577" timestamp="2025-12-15T22:47:52.730" intervalms="84.982">
  <response-info timems="0.042" idlems="0.042" threads="0" lastid="0000000000839C00" lastname="Default Executor-thread-1" />
</exclusive-start>
<cycle-start id="578" type="global" contextid="0" timestamp="2025-12-15T22:47:52.731" intervalms="492.420" />
<concurrent-start id="579" type="global mark" contextid="578" timestamp="2025-12-15T22:47:52.731">
</concurrent-start>
<exclusive-end id="580" timestamp="2025-12-15T22:47:52.732" durationms="2.111" />

<exclusive-start id="581" timestamp="2025-12-15T22:47:52.743" intervalms="13.244">
  <response-info timems="0.077" idlems="0.077" threads="0" lastid="0000000000839C00" lastname="Default Executor-thread-1" />
</exclusive-start>
<af-start id="582" threadId="000000000083A678" totalBytesRequested="16392" timestamp="2025-12-15T22:47:52.744" intervalms="98.459" type="nursery" />
<cycle-start id="583" type="scavenge" contextid="0" timestamp="2025-12-15T22:47:52.745" intervalms="98.676" />
<gc-start id="584" type="scavenge" contextid="583" timestamp="2025-12-15T22:47:52.746">
  <mem-info id="585" free="1043880" total="15138816" percent="6">
    <mem type="nursery" free="0" total="7208960" percent="0">
      <mem type="allocate" free="0" total="4653056" percent="0" />
      <mem type="survivor" free="0" total="2555904" percent="0" />
    </mem>
    <mem type="tenure" free="1043880" total="7929856" percent="13">
      <mem type="soa" free="646568" total="7532544" percent="8" />
      <mem type="loa" free="397312" total="397312" percent="100" />
    </mem>
    <remembered-set count="702" />
  </mem-info>
</gc-start>
<allocation-stats totalBytes="3608256" discardedBytes="14384" >
  <allocated-bytes non-tlh="1064" tlh="3607192" />
  <largest-consumer threadName="Default Executor-thread-1" threadId="0000000000839C00" bytes="3608256" />
</allocation-stats>
<gc-op id="586" type="scavenge" timems="4.816" contextid="583" timestamp="2025-12-15T22:47:52.753">
  <scavenger-info tenureage="3" tenuremask="7008" tiltratio="64" />
  <memory-copied type="nursery" objects="21023" bytes="747952" bytesdiscarded="24744" />
  <memory-copied type="tenure" objects="12534" bytes="456720" bytesdiscarded="488" />
  <ownableSynchronizers candidates="178" cleared="0" />
  <references type="phantom" candidates="1" cleared="0" enqueued="0" />
  <object-monitors candidates="13" cleared="0"  />
</gc-op>
<heap-resize id="587" type="expand" space="nursery" amount="393216" count="1" timems="0.345" reason="excessive time being spent scavenging" timestamp="2025-12-15T22:47:52.755" />
<gc-end id="588" type="scavenge" contextid="583" durationms="10.191" usertimems="5.138" systemtimems="9.448" stalltimems="5.402" timestamp="2025-12-15T22:47:52.756" activeThreads="4">
  <mem-info id="589" free="5058488" total="15532032" percent="32">
    <mem type="nursery" free="4535712" total="7602176" percent="59">
      <mem type="allocate" free="4535712" total="5308416" percent="85" />
      <mem type="survivor" free="0" total="2293760" percent="0" />
    </mem>
    <mem type="tenure" free="522776" total="7929856" percent="6">
      <mem type="soa" free="125464" total="7532544" percent="1" />
      <mem type="loa" free="397312" total="397312" percent="100" />
    </mem>
    <remembered-set count="239" />
  </mem-info>
</gc-end>
<cycle-end id="590" type="scavenge" contextid="583" timestamp="2025-12-15T22:47:52.758" />
<allocation-satisfied id="591" threadId="0000000000839C00" bytesRequested="16392" />
<af-end id="592" timestamp="2025-12-15T22:47:52.759" threadId="000000000083A678" success="true" from="nursery"/>
<exclusive-end id="593" timestamp="2025-12-15T22:47:52.760" durationms="16.817" />

<concurrent-end id="594" type="global mark" contextid="578" timestamp="2025-12-15T22:47:52.868">
<gc-op id="595" type="trace" timems="136.662" contextid="578" timestamp="2025-12-15T22:47:52.868">
  <trace bytesTraced="4031912" workStackOverflowCount="0" />
  <card-cleaning reason="card cleaning threshold reached" bytesTraced="3056" cardsCleaned="16" />
</gc-op>
</concurrent-end>

<exclusive-start id="596" timestamp="2025-12-15T22:47:52.870" intervalms="126.557">
  <response-info timems="0.075" idlems="0.075" threads="0" lastid="0000000000839C00" lastname="Default Executor-thread-1" />
</exclusive-start>
<concurrent-global-final id="597" timestamp="2025-12-15T22:47:52.871" contextid="578" intervalms="619.656" >
  <concurrent-trace-info reason="card cleaning threshold reached" tracedByMutators="40964" tracedByHelpers="3994004" cardsCleaned="16" workStackOverflowCount="0" />
</concurrent-global-final>
<gc-start id="598" type="global" contextid="578" timestamp="2025-12-15T22:47:52.872">
  <mem-info id="599" free="522776" total="15532032" percent="3">
    <mem type="nursery" free="0" total="7602176" percent="0">
      <mem type="allocate" free="0" total="5308416" percent="0" />
      <mem type="survivor" free="0" total="2293760" percent="0" />
    </mem>
    <mem type="tenure" free="522776" total="7929856" percent="6">
      <mem type="soa" free="125464" total="7532544" percent="1" />
      <mem type="loa" free="397312" total="397312" percent="100" />
    </mem>
    <remembered-set count="246" />
  </mem-info>
</gc-start>
<allocation-stats totalBytes="4513400" discardedBytes="22312" >
  <allocated-bytes non-tlh="16392" tlh="4497008" />
  <largest-consumer threadName="Default Executor-thread-1" threadId="0000000000839C00" bytes="4513400" />
</allocation-stats>
<gc-op id="600" type="rs-scan" timems="2.858" contextid="578" timestamp="2025-12-15T22:47:52.876">
  <scan objectsFound="27227" bytesTraced="777684" workStackOverflowCount="0" />
</gc-op>
<gc-op id="601" type="card-cleaning" timems="1.199" contextid="578" timestamp="2025-12-15T22:47:52.878">
  <card-cleaning cardsCleaned="2" bytesTraced="900" workStackOverflowCount="0" />
</gc-op>
<gc-op id="602" type="mark" timems="12.704" contextid="578" timestamp="2025-12-15T22:47:52.891">
  <trace-info objectcount="2883" scancount="1528" scanbytes="41380" />
  <finalization candidates="729" enqueued="0" />
  <ownableSynchronizers candidates="624" cleared="0" />
  <references type="soft" candidates="4482" cleared="0" enqueued="0" dynamicThreshold="9" maxThreshold="32" />
  <references type="weak" candidates="1243" cleared="0" enqueued="0" />
  <references type="phantom" candidates="123" cleared="0" enqueued="0" />
  <stringconstants candidates="12414" cleared="17"  />
  <object-monitors candidates="13" cleared="0"  />
</gc-op>
<gc-op id="603" type="classunload" timems="0.035" contextid="578" timestamp="2025-12-15T22:47:52.893">
  <classunload-info classloadercandidates="31" classloadersunloaded="0" classesunloaded="0" anonymousclassesunloaded="0" quiescems="0.000" setupms="0.034" scanms="0.000" postms="0.000" />
</gc-op>
<gc-op id="604" type="sweep" timems="2.220" contextid="578" timestamp="2025-12-15T22:47:52.896" />
<heap-resize id="605" type="expand" space="tenure" amount="2555904" count="1" timems="0.175" reason="insufficient free space following gc" timestamp="2025-12-15T22:47:52.897" />
<gc-end id="606" type="global" contextid="578" durationms="25.875" usertimems="17.525" systemtimems="24.880" stalltimems="76.769" timestamp="2025-12-15T22:47:52.898" activeThreads="7">
  <mem-info id="607" free="6567080" total="18087936" percent="36">
    <mem type="nursery" free="3382000" total="7602176" percent="44">
      <mem type="allocate" free="3382000" total="5308416" percent="63" />
      <mem type="survivor" free="0" total="2293760" percent="0" />
    </mem>
    <mem type="tenure" free="3185080" total="10485760" percent="30" micro-fragmented="141495" macro-fragmented="0">
      <mem type="soa" free="2660792" total="9961472" percent="26" />
      <mem type="loa" free="524288" total="524288" percent="100" />
    </mem>
    <remembered-set count="246" />
  </mem-info>
</gc-end>
<cycle-end id="608" type="global" contextid="578" timestamp="2025-12-15T22:47:52.899" />
<exclusive-end id="609" timestamp="2025-12-15T22:47:52.899" durationms="29.519" />

<exclusive-start id="610" timestamp="2025-12-15T22:47:52.973" intervalms="103.095">
  <response-info timems="0.042" idlems="0.042" threads="0" lastid="0000000000839C00" lastname="Default Executor-thread-1" />
</exclusive-start>
<af-start id="611" threadId="000000000083A678" totalBytesRequested="24" timestamp="2025-12-15T22:47:52.974" intervalms="229.321" type="nursery" />
<cycle-start id="612" type="scavenge" contextid="0" timestamp="2025-12-15T22:47:52.974" intervalms="229.054" />
<gc-start id="613" type="scavenge" contextid="612" timestamp="2025-12-15T22:47:52.975">
  <mem-info id="614" free="3181936" total="18087936" percent="17">
    <mem type="nursery" free="0" total="7602176" percent="0">
      <mem type="allocate" free="0" total="5308416" percent="0" />
      <mem type="survivor" free="0" total="2293760" percent="0" />
    </mem>
    <mem type="tenure" free="3181936" total="10485760" percent="30">
      <mem type="soa" free="2657648" total="9961472" percent="26" />
      <mem type="loa" free="524288" total="524288" percent="100" />
    </mem>
    <remembered-set count="295" />
  </mem-info>
</gc-start>
<allocation-stats totalBytes="3352192" discardedBytes="17488" >
  <allocated-bytes non-tlh="1331424" tlh="2020768" />
  <largest-consumer threadName="Default Executor-thread-1" threadId="0000000000839C00" bytes="3328576" />
</allocation-stats>
<gc-op id="615" type="scavenge" timems="3.476" contextid="612" timestamp="2025-12-15T22:47:52.980">
  <scavenger-info tenureage="3" tenuremask="7008" tiltratio="69" />
  <memory-copied type="nursery" objects="35909" bytes="1264888" bytesdiscarded="51992" />
  <memory-copied type="tenure" objects="5525" bytes="201976" bytesdiscarded="1120" />
  <ownableSynchronizers candidates="1252" cleared="1248" />
  <references type="weak" candidates="20" cleared="4" enqueued="4" />
  <references type="phantom" candidates="1" cleared="0" enqueued="0" />
  <object-monitors candidates="16" cleared="1"  />
</gc-op>
<gc-end id="616" type="scavenge" contextid="612" durationms="5.671" usertimems="9.978" systemtimems="0.000" stalltimems="3.854" timestamp="2025-12-15T22:47:52.981" activeThreads="4">
  <mem-info id="617" free="7024256" total="18087936" percent="38">
    <mem type="nursery" free="4122536" total="7602176" percent="54">
      <mem type="allocate" free="4122536" total="5439488" percent="75" />
      <mem type="survivor" free="0" total="2162688" percent="0" />
    </mem>
    <mem type="tenure" free="2901720" total="10485760" percent="27">
      <mem type="soa" free="2377432" total="9961472" percent="23" />
      <mem type="loa" free="524288" total="524288" percent="100" />
    </mem>
    <pending-finalizers system="0" default="0" reference="4" classloader="0" />
    <remembered-set count="290" />
  </mem-info>
</gc-end>
<cycle-end id="618" type="scavenge" contextid="612" timestamp="2025-12-15T22:47:52.981" />
<allocation-satisfied id="619" threadId="0000000000839C00" bytesRequested="24" />
<af-end id="620" timestamp="2025-12-15T22:47:52.983" threadId="000000000083A678" success="true" from="nursery"/>
<exclusive-end id="621" timestamp="2025-12-15T22:47:52.983" durationms="10.454" />

<exclusive-start id="622" timestamp="2025-12-15T22:47:53.063" intervalms="89.663">
  <response-info timems="0.068" idlems="0.068" threads="0" lastid="0000000000839C00" lastname="Default Executor-thread-1" />
</exclusive-start>
<af-start id="623" threadId="000000000083A678" totalBytesRequested="24" timestamp="2025-12-15T22:47:53.063" intervalms="89.725" type="nursery" />
<cycle-start id="624" type="scavenge" contextid="0" timestamp="2025-12-15T22:47:53.064" intervalms="89.977" />
<gc-start id="625" type="scavenge" contextid="624" timestamp="2025-12-15T22:47:53.065">
  <mem-info id="626" free="2901720" total="18087936" percent="16">
    <mem type="nursery" free="0" total="7602176" percent="0">
      <mem type="allocate" free="0" total="5439488" percent="0" />
      <mem type="survivor" free="0" total="2162688" percent="0" />
    </mem>
    <mem type="tenure" free="2901720" total="10485760" percent="27">
      <mem type="soa" free="2377432" total="9961472" percent="23" />
      <mem type="loa" free="524288" total="524288" percent="100" />
    </mem>
    <remembered-set count="304" />
  </mem-info>
</gc-start>
<allocation-stats totalBytes="4122384" discardedBytes="152" >
  <allocated-bytes non-tlh="24" tlh="4122360" />
  <largest-consumer threadName="Default Executor-thread-1" threadId="0000000000839C00" bytes="4122384" />
</allocation-stats>
<gc-op id="627" type="scavenge" timems="5.287" contextid="624" timestamp="2025-12-15T22:47:53.074">
  <scavenger-info tenureage="3" tenuremask="7008" tiltratio="71" />
  <memory-copied type="nursery" objects="40650" bytes="1436320" bytesdiscarded="45248" />
  <memory-copied type="tenure" objects="5864" bytes="203368" bytesdiscarded="392" />
  <ownableSynchronizers candidates="4" cleared="0" />
  <references type="weak" candidates="16" cleared="0" enqueued="0" />
  <references type="phantom" candidates="1" cleared="0" enqueued="0" />
  <object-monitors candidates="15" cleared="0"  />
</gc-op>
<heap-resize id="628" type="expand" space="nursery" amount="393216" count="1" timems="0.190" reason="excessive time being spent scavenging" timestamp="2025-12-15T22:47:53.075" />
<gc-end id="629" type="scavenge" contextid="624" durationms="10.904" usertimems="11.640" systemtimems="3.714" stalltimems="7.408" timestamp="2025-12-15T22:47:53.076" activeThreads="4">
  <mem-info id="630" free="6909816" total="18481152" percent="37">
    <mem type="nursery" free="4351112" total="7995392" percent="54">
      <mem type="allocate" free="4351112" total="5832704" percent="74" />
      <mem type="survivor" free="0" total="2162688" percent="0" />
    </mem>
    <mem type="tenure" free="2558704" total="10485760" percent="24">
      <mem type="soa" free="2034416" total="9961472" percent="20" />
      <mem type="loa" free="524288" total="524288" percent="100" />
    </mem>
    <remembered-set count="330" />
  </mem-info>
</gc-end>
<cycle-end id="631" type="scavenge" contextid="624" timestamp="2025-12-15T22:47:53.078" />
<allocation-satisfied id="632" threadId="0000000000839C00" bytesRequested="24" />
<af-end id="633" timestamp="2025-12-15T22:47:53.079" threadId="000000000083A678" success="true" from="nursery"/>
<exclusive-end id="634" timestamp="2025-12-15T22:47:53.079" durationms="16.528" />

<exclusive-start id="635" timestamp="2025-12-15T22:47:53.177" intervalms="114.008">
  <response-info timems="0.047" idlems="0.047" threads="0" lastid="0000000000839C00" lastname="Default Executor-thread-1" />
</exclusive-start>
<af-start id="636" threadId="000000000083A678" totalBytesRequested="16392" timestamp="2025-12-15T22:47:53.177" intervalms="113.982" type="nursery" />
<cycle-start id="637" type="scavenge" contextid="0" timestamp="2025-12-15T22:47:53.178" intervalms="113.643" />
<gc-start id="638" type="scavenge" contextid="637" timestamp="2025-12-15T22:47:53.179">
  <mem-info id="639" free="2558704" total="18481152" percent="13">
    <mem type="nursery" free="0" total="7995392" percent="0">
      <mem type="allocate" free="0" total="5832704" percent="0" />
      <mem type="survivor" free="0" total="2162688" percent="0" />
    </mem>
    <mem type="tenure" free="2558704" total="10485760" percent="24">
      <mem type="soa" free="2034416" total="9961472" percent="20" />
      <mem type="loa" free="524288" total="524288" percent="100" />
    </mem>
    <remembered-set count="354" />
  </mem-info>
</gc-start>
<allocation-stats totalBytes="4334144" discardedBytes="16968" >
  <allocated-bytes non-tlh="24" tlh="4334120" />
  <largest-consumer threadName="Default Executor-thread-1" threadId="0000000000839C00" bytes="4334144" />
</allocation-stats>
<gc-op id="640" type="scavenge" timems="4.025" contextid="637" timestamp="2025-12-15T22:47:53.184">
  <scavenger-info tenureage="3" tenuremask="7008" tiltratio="72" />
  <memory-copied type="nursery" objects="42380" bytes="1478800" bytesdiscarded="72784" />
  <memory-copied type="tenure" objects="9619" bytes="328640" bytesdiscarded="24" />
  <ownableSynchronizers candidates="4" cleared="0" />
  <references type="weak" candidates="16" cleared="0" enqueued="0" />
  <references type="phantom" candidates="1" cleared="0" enqueued="0" />
  <object-monitors candidates="15" cleared="0"  />
</gc-op>
<gc-end id="641" type="scavenge" contextid="637" durationms="6.413" usertimems="10.046" systemtimems="1.801" stalltimems="5.408" timestamp="2025-12-15T22:47:53.185" activeThreads="4">
  <mem-info id="642" free="6632440" total="18481152" percent="35">
    <mem type="nursery" free="4477704" total="7995392" percent="56">
      <mem type="allocate" free="4477704" total="6029312" percent="74" />
      <mem type="survivor" free="0" total="1966080" percent="0" />
    </mem>
    <mem type="tenure" free="2154736" total="10485760" percent="20">
      <mem type="soa" free="1630448" total="9961472" percent="16" />
      <mem type="loa" free="524288" total="524288" percent="100" />
    </mem>
    <remembered-set count="381" />
  </mem-info>
</gc-end>
<cycle-end id="643" type="scavenge" contextid="637" timestamp="2025-12-15T22:47:53.186" />
<allocation-satisfied id="644" threadId="0000000000839C00" bytesRequested="16392" />
<af-end id="645" timestamp="2025-12-15T22:47:53.187" threadId="000000000083A678" success="true" from="nursery"/>
<exclusive-end id="646" timestamp="2025-12-15T22:47:53.187" durationms="10.505" />

<exclusive-start id="647" timestamp="2025-12-15T22:47:53.251" intervalms="74.205">
  <response-info timems="0.041" idlems="0.041" threads="0" lastid="0000000000839C00" lastname="Default Executor-thread-1" />
</exclusive-start>
<af-start id="648" threadId="000000000083A678" totalBytesRequested="832" timestamp="2025-12-15T22:47:53.252" intervalms="74.182" type="nursery" />
<cycle-start id="649" type="scavenge" contextid="0" timestamp="2025-12-15T22:47:53.252" intervalms="74.311" />
<gc-start id="650" type="scavenge" contextid="649" timestamp="2025-12-15T22:47:53.253">
  <mem-info id="651" free="2154736" total="18481152" percent="11">
    <mem type="nursery" free="0" total="7995392" percent="0">
      <mem type="allocate" free="0" total="6029312" percent="0" />
      <mem type="survivor" free="0" total="1966080" percent="0" />
    </mem>
    <mem type="tenure" free="2154736" total="10485760" percent="20">
      <mem type="soa" free="1630448" total="9961472" percent="16" />
      <mem type="loa" free="524288" total="524288" percent="100" />
    </mem>
    <remembered-set count="454" />
  </mem-info>
</gc-start>
<allocation-stats totalBytes="4475376" discardedBytes="2328" >
  <allocated-bytes non-tlh="16392" tlh="4458984" />
  <largest-consumer threadName="Default Executor-thread-1" threadId="0000000000839C00" bytes="4475376" />
</allocation-stats>
<gc-op id="652" type="scavenge" timems="4.165" contextid="649" timestamp="2025-12-15T22:47:53.258">
  <scavenger-info tenureage="3" tenuremask="7008" tiltratio="75" />
  <memory-copied type="nursery" objects="33619" bytes="1195224" bytesdiscarded="58912" />
  <memory-copied type="tenure" objects="20403" bytes="705312" bytesdiscarded="1384" />
  <ownableSynchronizers candidates="4" cleared="0" />
  <references type="phantom" candidates="1" cleared="0" enqueued="0" />
  <object-monitors candidates="15" cleared="0"  />
</gc-op>
<heap-resize id="653" type="expand" space="nursery" amount="393216" count="1" timems="0.070" reason="excessive time being spent scavenging" timestamp="2025-12-15T22:47:53.259" />
<gc-end id="654" type="scavenge" contextid="649" durationms="7.081" usertimems="10.463" systemtimems="2.146" stalltimems="4.735" timestamp="2025-12-15T22:47:53.260" activeThreads="4">
  <mem-info id="655" free="6542032" total="18874368" percent="34">
    <mem type="nursery" free="5102848" total="8388608" percent="60">
      <mem type="allocate" free="5102848" total="6356992" percent="80" />
      <mem type="survivor" free="0" total="2031616" percent="0" />
    </mem>
    <mem type="tenure" free="1439184" total="10485760" percent="13">
      <mem type="soa" free="914896" total="9961472" percent="9" />
      <mem type="loa" free="524288" total="524288" percent="100" />
    </mem>
    <remembered-set count="440" />
  </mem-info>
</gc-end>
<cycle-end id="656" type="scavenge" contextid="649" timestamp="2025-12-15T22:47:53.261" />
<allocation-satisfied id="657" threadId="0000000000839C00" bytesRequested="832" />
<af-end id="658" timestamp="2025-12-15T22:47:53.263" threadId="000000000083A678" success="true" from="nursery"/>
<exclusive-end id="659" timestamp="2025-12-15T22:47:53.264" durationms="13.080" />

<concurrent-kickoff id="660" timestamp="2025-12-15T22:47:53.330">
  <kickoff reason="threshold reached" targetBytes="3757020" thresholdFreeBytes="520780"  remainingFree="425216" tenureFreeBytes="1439184" nurseryFreeBytes="425216" />
</concurrent-kickoff>
<exclusive-start id="661" timestamp="2025-12-15T22:47:53.331" intervalms="80.300">
  <response-info timems="0.041" idlems="0.041" threads="0" lastid="0000000000839C00" lastname="Default Executor-thread-1" />
</exclusive-start>
<cycle-start id="662" type="global" contextid="0" timestamp="2025-12-15T22:47:53.332" intervalms="601.054" />
<concurrent-start id="663" type="global mark" contextid="662" timestamp="2025-12-15T22:47:53.332">
</concurrent-start>
<exclusive-end id="664" timestamp="2025-12-15T22:47:53.333" durationms="1.736" />

<exclusive-start id="665" timestamp="2025-12-15T22:47:53.340" intervalms="8.917">
  <response-info timems="0.037" idlems="0.037" threads="0" lastid="0000000000839C00" lastname="Default Executor-thread-1" />
</exclusive-start>
<af-start id="666" threadId="000000000083A678" totalBytesRequested="16392" timestamp="2025-12-15T22:47:53.341" intervalms="89.182" type="nursery" />
<cycle-start id="667" type="scavenge" contextid="0" timestamp="2025-12-15T22:47:53.341" intervalms="89.161" />
<gc-start id="668" type="scavenge" contextid="667" timestamp="2025-12-15T22:47:53.342">
  <mem-info id="669" free="1439184" total="18874368" percent="7">
    <mem type="nursery" free="0" total="8388608" percent="0">
      <mem type="allocate" free="0" total="6356992" percent="0" />
      <mem type="survivor" free="0" total="2031616" percent="0" />
    </mem>
    <mem type="tenure" free="1439184" total="10485760" percent="13">
      <mem type="soa" free="914896" total="9961472" percent="9" />
      <mem type="loa" free="524288" total="524288" percent="100" />
    </mem>
    <remembered-set count="565" />
  </mem-info>
</gc-start>
<allocation-stats totalBytes="5034752" discardedBytes="68096" >
  <allocated-bytes non-tlh="832" tlh="5033920" />
  <largest-consumer threadName="Default Executor-thread-1" threadId="0000000000839C00" bytes="5034752" />
</allocation-stats>
<gc-op id="670" type="scavenge" timems="3.922" contextid="667" timestamp="2025-12-15T22:47:53.348">
  <scavenger-info tenureage="3" tenuremask="7008" tiltratio="75" />
  <memory-copied type="nursery" objects="36089" bytes="1281448" bytesdiscarded="67184" />
  <memory-copied type="tenure" objects="10606" bytes="374664" bytesdiscarded="1656" />
  <references type="phantom" candidates="1" cleared="0" enqueued="0" />
  <object-monitors candidates="15" cleared="0"  />
</gc-op>
<gc-end id="671" type="scavenge" contextid="667" durationms="6.026" usertimems="7.947" systemtimems="3.408" stalltimems="4.970" timestamp="2025-12-15T22:47:53.348" activeThreads="4">
  <mem-info id="672" free="6145960" total="18874368" percent="32">
    <mem type="nursery" free="5139424" total="8388608" percent="61">
      <mem type="allocate" free="5139424" total="6488064" percent="79" />
      <mem type="survivor" free="0" total="1900544" percent="0" />
    </mem>
    <mem type="tenure" free="1006536" total="10485760" percent="9">
      <mem type="soa" free="482248" total="9961472" percent="4" />
      <mem type="loa" free="524288" total="524288" percent="100" />
    </mem>
    <remembered-set count="402" />
  </mem-info>
</gc-end>
<cycle-end id="673" type="scavenge" contextid="667" timestamp="2025-12-15T22:47:53.349" />
<allocation-satisfied id="674" threadId="0000000000839C00" bytesRequested="16392" />
<af-end id="675" timestamp="2025-12-15T22:47:53.350" threadId="000000000083A678" success="true" from="nursery"/>
<exclusive-end id="676" timestamp="2025-12-15T22:47:53.351" durationms="10.976" />

<concurrent-end id="677" type="global mark" contextid="662" timestamp="2025-12-15T22:47:53.444">
<gc-op id="678" type="trace" timems="111.734" contextid="662" timestamp="2025-12-15T22:47:53.444">
  <trace bytesTraced="4074060" workStackOverflowCount="0" />
  <card-cleaning reason="card cleaning threshold reached" bytesTraced="6928" cardsCleaned="59" />
</gc-op>
</concurrent-end>

<exclusive-start id="679" timestamp="2025-12-15T22:47:53.446" intervalms="106.012">
  <response-info timems="0.061" idlems="0.061" threads="0" lastid="0000000000839C00" lastname="Default Executor-thread-1" />
</exclusive-start>
<concurrent-global-final id="680" timestamp="2025-12-15T22:47:53.447" contextid="662" intervalms="575.862" >
  <concurrent-trace-info reason="card cleaning threshold reached" tracedByMutators="149412" tracedByHelpers="3931576" cardsCleaned="59" workStackOverflowCount="0" />
</concurrent-global-final>
<gc-start id="681" type="global" contextid="662" timestamp="2025-12-15T22:47:53.448">
  <mem-info id="682" free="1006536" total="18874368" percent="5">
    <mem type="nursery" free="0" total="8388608" percent="0">
      <mem type="allocate" free="0" total="6488064" percent="0" />
      <mem type="survivor" free="0" total="1900544" percent="0" />
    </mem>
    <mem type="tenure" free="1006536" total="10485760" percent="9">
      <mem type="soa" free="482248" total="9961472" percent="4" />
      <mem type="loa" free="524288" total="524288" percent="100" />
    </mem>
    <remembered-set count="478" />
  </mem-info>
</gc-start>
<allocation-stats totalBytes="5026552" discardedBytes="112872" >
  <allocated-bytes non-tlh="16392" tlh="5010160" />
  <largest-consumer threadName="Default Executor-thread-1" threadId="0000000000839C00" bytes="5006072" />
</allocation-stats>
<gc-op id="683" type="rs-scan" timems="3.303" contextid="662" timestamp="2025-12-15T22:47:53.453">
  <scan objectsFound="80583" bytesTraced="2285060" workStackOverflowCount="0" />
</gc-op>
<gc-op id="684" type="card-cleaning" timems="1.617" contextid="662" timestamp="2025-12-15T22:47:53.455">
  <card-cleaning cardsCleaned="3" bytesTraced="1420" workStackOverflowCount="0" />
</gc-op>
<gc-op id="685" type="mark" timems="7.553" contextid="662" timestamp="2025-12-15T22:47:53.464">
  <trace-info objectcount="219" scancount="199" scanbytes="4080" />
  <finalization candidates="729" enqueued="0" />
  <ownableSynchronizers candidates="632" cleared="2" />
  <references type="soft" candidates="4482" cleared="0" enqueued="0" dynamicThreshold="9" maxThreshold="32" />
  <references type="weak" candidates="1261" cleared="0" enqueued="0" />
  <references type="phantom" candidates="123" cleared="0" enqueued="0" />
  <stringconstants candidates="12400" cleared="0"  />
  <object-monitors candidates="17" cleared="0"  />
</gc-op>
<gc-op id="686" type="sweep" timems="2.647" contextid="662" timestamp="2025-12-15T22:47:53.469" />
<heap-resize id="687" type="expand" space="tenure" amount="2555904" count="1" timems="2.342" reason="insufficient free space following gc" timestamp="2025-12-15T22:47:53.472" />
<gc-end id="688" type="global" contextid="662" durationms="25.690" usertimems="14.602" systemtimems="34.198" stalltimems="62.046" timestamp="2025-12-15T22:47:53.473" activeThreads="9">
  <mem-info id="689" free="7828536" total="21430272" percent="36">
    <mem type="nursery" free="3901040" total="8388608" percent="46">
      <mem type="allocate" free="3901040" total="6488064" percent="60" />
      <mem type="survivor" free="0" total="1900544" percent="0" />
    </mem>
    <mem type="tenure" free="3927496" total="13041664" percent="30" micro-fragmented="148934" macro-fragmented="0">
      <mem type="soa" free="3275208" total="12389376" percent="26" />
      <mem type="loa" free="652288" total="652288" percent="100" />
    </mem>
    <remembered-set count="478" />
  </mem-info>
</gc-end>
<cycle-end id="690" type="global" contextid="662" timestamp="2025-12-15T22:47:53.474" />
<exclusive-end id="691" timestamp="2025-12-15T22:47:53.474" durationms="28.403" />

<exclusive-start id="692" timestamp="2025-12-15T22:47:53.553" intervalms="107.296">
  <response-info timems="0.057" idlems="0.057" threads="0" lastid="0000000000839C00" lastname="Default Executor-thread-1" />
</exclusive-start>
<af-start id="693" threadId="000000000083A678" totalBytesRequested="16392" timestamp="2025-12-15T22:47:53.554" intervalms="213.640" type="nursery" />
<cycle-start id="694" type="scavenge" contextid="0" timestamp="2025-12-15T22:47:53.556" intervalms="214.246" />
<gc-start id="695" type="scavenge" contextid="694" timestamp="2025-12-15T22:47:53.557">
  <mem-info id="696" free="3927496" total="21430272" percent="18">
    <mem type="nursery" free="0" total="8388608" percent="0">
      <mem type="allocate" free="0" total="6488064" percent="0" />
      <mem type="survivor" free="0" total="1900544" percent="0" />
    </mem>
    <mem type="tenure" free="3927496" total="13041664" percent="30">
      <mem type="soa" free="3275208" total="12389376" percent="26" />
      <mem type="loa" free="652288" total="652288" percent="100" />
    </mem>
    <remembered-set count="520" />
  </mem-info>
</gc-start>
<allocation-stats totalBytes="3853080" discardedBytes="32880" >
  <allocated-bytes non-tlh="1393544" tlh="2459536" />
  <largest-consumer threadName="Default Executor-thread-1" threadId="0000000000839C00" bytes="3853080" />
</allocation-stats>
<gc-op id="697" type="scavenge" timems="6.633" contextid="694" timestamp="2025-12-15T22:47:53.565">
  <scavenger-info tenureage="3" tenuremask="7008" tiltratio="77" />
  <memory-copied type="nursery" objects="46898" bytes="1691800" bytesdiscarded="47976" />
  <memory-copied type="tenure" objects="11359" bytes="387560" bytesdiscarded="216" />
  <ownableSynchronizers candidates="1260" cleared="1256" />
  <references type="weak" candidates="2" cleared="0" enqueued="0" />
  <references type="phantom" candidates="1" cleared="0" enqueued="0" />
  <object-monitors candidates="17" cleared="0"  />
</gc-op>
<gc-end id="698" type="scavenge" contextid="694" durationms="9.483" usertimems="11.676" systemtimems="7.151" stalltimems="8.137" timestamp="2025-12-15T22:47:53.566" activeThreads="4">
  <mem-info id="699" free="7490312" total="21430272" percent="34">
    <mem type="nursery" free="4158408" total="8388608" percent="49">
      <mem type="allocate" free="4158408" total="5898240" percent="70" />
      <mem type="survivor" free="0" total="2490368" percent="0" />
    </mem>
    <mem type="tenure" free="3331904" total="13041664" percent="25">
      <mem type="soa" free="2679616" total="12389376" percent="21" />
      <mem type="loa" free="652288" total="652288" percent="100" />
    </mem>
    <remembered-set count="508" />
  </mem-info>
</gc-end>
<cycle-end id="700" type="scavenge" contextid="694" timestamp="2025-12-15T22:47:53.568" />
<allocation-satisfied id="701" threadId="0000000000839C00" bytesRequested="16392" />
<af-end id="702" timestamp="2025-12-15T22:47:53.570" threadId="000000000083A678" success="true" from="nursery"/>
<exclusive-end id="703" timestamp="2025-12-15T22:47:53.571" durationms="17.575" />

<exclusive-start id="704" timestamp="2025-12-15T22:47:53.648" intervalms="94.582">
  <response-info timems="0.042" idlems="0.042" threads="0" lastid="0000000000839C00" lastname="Default Executor-thread-1" />
</exclusive-start>
<af-start id="705" threadId="000000000083A678" totalBytesRequested="16392" timestamp="2025-12-15T22:47:53.649" intervalms="94.261" type="nursery" />
<cycle-start id="706" type="scavenge" contextid="0" timestamp="2025-12-15T22:47:53.649" intervalms="93.672" />
<gc-start id="707" type="scavenge" contextid="706" timestamp="2025-12-15T22:47:53.650">
  <mem-info id="708" free="3331904" total="21430272" percent="15">
    <mem type="nursery" free="0" total="8388608" percent="0">
      <mem type="allocate" free="0" total="5898240" percent="0" />
      <mem type="survivor" free="0" total="2490368" percent="0" />
    </mem>
    <mem type="tenure" free="3331904" total="13041664" percent="25">
      <mem type="soa" free="2679616" total="12389376" percent="21" />
      <mem type="loa" free="652288" total="652288" percent="100" />
    </mem>
    <remembered-set count="568" />
  </mem-info>
</gc-start>
<allocation-stats totalBytes="4156680" discardedBytes="1728" >
  <allocated-bytes non-tlh="16392" tlh="4140288" />
  <largest-consumer threadName="Default Executor-thread-1" threadId="0000000000839C00" bytes="4156680" />
</allocation-stats>
<gc-op id="709" type="scavenge" timems="4.766" contextid="706" timestamp="2025-12-15T22:47:53.656">
  <scavenger-info tenureage="3" tenuremask="7008" tiltratio="70" />
  <memory-copied type="nursery" objects="45457" bytes="1663576" bytesdiscarded="117104" />
  <memory-copied type="tenure" objects="11635" bytes="406680" bytesdiscarded="496" />
  <ownableSynchronizers candidates="4" cleared="0" />
  <references type="weak" candidates="2" cleared="0" enqueued="0" />
  <references type="phantom" candidates="1" cleared="0" enqueued="0" />
  <object-monitors candidates="17" cleared="0"  />
</gc-op>
<heap-resize id="710" type="expand" space="nursery" amount="393216" count="1" timems="0.110" reason="excessive time being spent scavenging" timestamp="2025-12-15T22:47:53.657" />
<gc-end id="711" type="scavenge" contextid="706" durationms="8.002" usertimems="12.273" systemtimems="4.792" stalltimems="3.013" timestamp="2025-12-15T22:47:53.658" activeThreads="4">
  <mem-info id="712" free="7324320" total="21823488" percent="33">
    <mem type="nursery" free="4641824" total="8781824" percent="52">
      <mem type="allocate" free="4641824" total="6422528" percent="72" />
      <mem type="survivor" free="0" total="2359296" percent="0" />
    </mem>
    <mem type="tenure" free="2682496" total="13041664" percent="20">
      <mem type="soa" free="2030208" total="12389376" percent="16" />
      <mem type="loa" free="652288" total="652288" percent="100" />
    </mem>
    <remembered-set count="546" />
  </mem-info>
</gc-end>
<cycle-end id="713" type="scavenge" contextid="706" timestamp="2025-12-15T22:47:53.659" />
<allocation-satisfied id="714" threadId="0000000000839C00" bytesRequested="16392" />
<af-end id="715" timestamp="2025-12-15T22:47:53.660" threadId="000000000083A678" success="true" from="nursery"/>
<exclusive-end id="716" timestamp="2025-12-15T22:47:53.661" durationms="12.954" />

<exclusive-start id="717" timestamp="2025-12-15T22:47:53.741" intervalms="93.217">
  <response-info timems="0.044" idlems="0.044" threads="0" lastid="0000000000839C00" lastname="Default Executor-thread-1" />
</exclusive-start>
<af-start id="718" threadId="000000000083A678" totalBytesRequested="8200" timestamp="2025-12-15T22:47:53.742" intervalms="93.440" type="nursery" />
<cycle-start id="719" type="scavenge" contextid="0" timestamp="2025-12-15T22:47:53.743" intervalms="93.516" />
<gc-start id="720" type="scavenge" contextid="719" timestamp="2025-12-15T22:47:53.744">
  <mem-info id="721" free="2682496" total="21823488" percent="12">
    <mem type="nursery" free="0" total="8781824" percent="0">
      <mem type="allocate" free="0" total="6422528" percent="0" />
      <mem type="survivor" free="0" total="2359296" percent="0" />
    </mem>
    <mem type="tenure" free="2682496" total="13041664" percent="20">
      <mem type="soa" free="2030208" total="12389376" percent="16" />
      <mem type="loa" free="652288" total="652288" percent="100" />
    </mem>
    <remembered-set count="617" />
  </mem-info>
</gc-start>
<allocation-stats totalBytes="4614384" discardedBytes="27440" >
  <allocated-bytes non-tlh="16392" tlh="4597992" />
  <largest-consumer threadName="Default Executor-thread-1" threadId="0000000000839C00" bytes="4614384" />
</allocation-stats>
<gc-op id="722" type="scavenge" timems="5.930" contextid="719" timestamp="2025-12-15T22:47:53.751">
  <scavenger-info tenureage="3" tenuremask="7008" tiltratio="73" />
  <memory-copied type="nursery" objects="44338" bytes="1593984" bytesdiscarded="88216" />
  <memory-copied type="tenure" objects="13084" bytes="478000" bytesdiscarded="768" />
  <ownableSynchronizers candidates="4" cleared="0" />
  <references type="weak" candidates="2" cleared="0" enqueued="0" />
  <references type="phantom" candidates="1" cleared="0" enqueued="0" />
  <object-monitors candidates="17" cleared="0"  />
</gc-op>
<heap-resize id="723" type="expand" space="nursery" amount="393216" count="1" timems="0.127" reason="excessive time being spent scavenging" timestamp="2025-12-15T22:47:53.753" />
<gc-end id="724" type="scavenge" contextid="719" durationms="9.996" usertimems="10.532" systemtimems="6.728" stalltimems="7.021" timestamp="2025-12-15T22:47:53.754" activeThreads="4">
  <mem-info id="725" free="7447456" total="22216704" percent="33">
    <mem type="nursery" free="5199056" total="9175040" percent="56">
      <mem type="allocate" free="5199056" total="6881280" percent="75" />
      <mem type="survivor" free="0" total="2293760" percent="0" />
    </mem>
    <mem type="tenure" free="2248400" total="13041664" percent="17">
      <mem type="soa" free="1596112" total="12389376" percent="12" />
      <mem type="loa" free="652288" total="652288" percent="100" />
    </mem>
    <remembered-set count="592" />
  </mem-info>
</gc-end>
<cycle-end id="726" type="scavenge" contextid="719" timestamp="2025-12-15T22:47:53.755" />
<allocation-satisfied id="727" threadId="0000000000839C00" bytesRequested="8200" />
<af-end id="728" timestamp="2025-12-15T22:47:53.757" threadId="000000000083A678" success="true" from="nursery"/>
<exclusive-end id="729" timestamp="2025-12-15T22:47:53.757" durationms="16.272" />

<exclusive-start id="730" timestamp="2025-12-15T22:47:53.856" intervalms="114.654">
  <response-info timems="0.041" idlems="0.041" threads="0" lastid="0000000000839C00" lastname="Default Executor-thread-1" />
</exclusive-start>
<af-start id="731" threadId="000000000083A678" totalBytesRequested="16392" timestamp="2025-12-15T22:47:53.857" intervalms="114.653" type="nursery" />
<cycle-start id="732" type="scavenge" contextid="0" timestamp="2025-12-15T22:47:53.858" intervalms="114.914" />
<gc-start id="733" type="scavenge" contextid="732" timestamp="2025-12-15T22:47:53.858">
  <mem-info id="734" free="2248104" total="22216704" percent="10">
    <mem type="nursery" free="0" total="9175040" percent="0">
      <mem type="allocate" free="0" total="6881280" percent="0" />
      <mem type="survivor" free="0" total="2293760" percent="0" />
    </mem>
    <mem type="tenure" free="2248104" total="13041664" percent="17">
      <mem type="soa" free="1595816" total="12389376" percent="12" />
      <mem type="loa" free="652288" total="652288" percent="100" />
    </mem>
    <remembered-set count="740" />
  </mem-info>
</gc-start>
<allocation-stats totalBytes="5196816" discardedBytes="2536" >
  <allocated-bytes non-tlh="8496" tlh="5188320" />
  <largest-consumer threadName="Default Executor-thread-1" threadId="0000000000839C00" bytes="5196816" />
</allocation-stats>
<gc-op id="735" type="scavenge" timems="5.127" contextid="732" timestamp="2025-12-15T22:47:53.865">
  <scavenger-info tenureage="3" tenuremask="7008" tiltratio="75" />
  <memory-copied type="nursery" objects="35222" bytes="1287840" bytesdiscarded="22696" />
  <memory-copied type="tenure" objects="22168" bytes="797624" bytesdiscarded="880" />
  <ownableSynchronizers candidates="4" cleared="0" />
  <references type="phantom" candidates="1" cleared="0" enqueued="0" />
  <object-monitors candidates="17" cleared="0"  />
</gc-op>
<gc-end id="736" type="scavenge" contextid="732" durationms="7.492" usertimems="7.680" systemtimems="7.168" stalltimems="6.107" timestamp="2025-12-15T22:47:53.866" activeThreads="4">
  <mem-info id="737" free="7082144" total="22216704" percent="31">
    <mem type="nursery" free="5701808" total="9175040" percent="62">
      <mem type="allocate" free="5701808" total="7012352" percent="81" />
      <mem type="survivor" free="0" total="2162688" percent="0" />
    </mem>
    <mem type="tenure" free="1380336" total="13041664" percent="10">
      <mem type="soa" free="728048" total="12389376" percent="5" />
      <mem type="loa" free="652288" total="652288" percent="100" />
    </mem>
    <remembered-set count="533" />
  </mem-info>
</gc-end>
<cycle-end id="738" type="scavenge" contextid="732" timestamp="2025-12-15T22:47:53.867" />
<allocation-satisfied id="739" threadId="0000000000839C00" bytesRequested="16392" />
<af-end id="740" timestamp="2025-12-15T22:47:53.868" threadId="000000000083A678" success="true" from="nursery"/>
<exclusive-end id="741" timestamp="2025-12-15T22:47:53.869" durationms="13.315" />

<concurrent-kickoff id="742" timestamp="2025-12-15T22:47:53.938">
  <kickoff reason="threshold reached" targetBytes="4743149" thresholdFreeBytes="657492"  remainingFree="561320" tenureFreeBytes="1348480" nurseryFreeBytes="561320" />
</concurrent-kickoff>
<exclusive-start id="743" timestamp="2025-12-15T22:47:53.939" intervalms="83.619">
  <response-info timems="0.049" idlems="0.049" threads="0" lastid="0000000000839C00" lastname="Default Executor-thread-1" />
</exclusive-start>
<cycle-start id="744" type="global" contextid="0" timestamp="2025-12-15T22:47:53.941" intervalms="608.729" />
<concurrent-start id="745" type="global mark" contextid="744" timestamp="2025-12-15T22:47:53.941">
</concurrent-start>
<exclusive-end id="746" timestamp="2025-12-15T22:47:53.942" durationms="2.743" />

<exclusive-start id="747" timestamp="2025-12-15T22:47:53.952" intervalms="12.578">
  <response-info timems="0.044" idlems="0.044" threads="0" lastid="0000000000839C00" lastname="Default Executor-thread-1" />
</exclusive-start>
<af-start id="748" threadId="000000000083A678" totalBytesRequested="24" timestamp="2025-12-15T22:47:53.953" intervalms="96.196" type="nursery" />
<cycle-start id="749" type="scavenge" contextid="0" timestamp="2025-12-15T22:47:53.954" intervalms="95.802" />
<gc-start id="750" type="scavenge" contextid="749" timestamp="2025-12-15T22:47:53.954">
  <mem-info id="751" free="1348480" total="22216704" percent="6">
    <mem type="nursery" free="0" total="9175040" percent="0">
      <mem type="allocate" free="0" total="7012352" percent="0" />
      <mem type="survivor" free="0" total="2162688" percent="0" />
    </mem>
    <mem type="tenure" free="1348480" total="13041664" percent="10">
      <mem type="soa" free="696192" total="12389376" percent="5" />
      <mem type="loa" free="652288" total="652288" percent="100" />
    </mem>
    <remembered-set count="1022" />
  </mem-info>
</gc-start>
<allocation-stats totalBytes="5732240" discardedBytes="1424" >
  <allocated-bytes non-tlh="48248" tlh="5683992" />
  <largest-consumer threadName="Default Executor-thread-1" threadId="0000000000839C00" bytes="5670304" />
</allocation-stats>
<gc-op id="752" type="scavenge" timems="3.140" contextid="749" timestamp="2025-12-15T22:47:53.959">
  <scavenger-info tenureage="2" tenuremask="700c" tiltratio="76" />
  <memory-copied type="nursery" objects="30450" bytes="1005192" bytesdiscarded="72128" />
  <memory-copied type="tenure" objects="22160" bytes="795032" bytesdiscarded="1208" />
  <finalization candidates="9" enqueued="9" />
  <ownableSynchronizers candidates="3" cleared="0" />
  <references type="soft" candidates="7" cleared="0" enqueued="0" dynamicThreshold="9" maxThreshold="32" />
  <references type="weak" candidates="85" cleared="50" enqueued="49" />
  <references type="phantom" candidates="3" cleared="3" enqueued="3" />
  <object-monitors candidates="18" cleared="0"  />
  <heap-resize type="expand" space="tenure" amount="262144" count="4" timems="0.156" reason="continue current collection" />
</gc-op>
<gc-end id="753" type="scavenge" contextid="749" durationms="5.256" usertimems="3.788" systemtimems="3.135" stalltimems="5.375" timestamp="2025-12-15T22:47:53.959" activeThreads="4">
  <mem-info id="754" free="6779392" total="22478848" percent="30">
    <mem type="nursery" free="6065920" total="9175040" percent="66">
      <mem type="allocate" free="6065920" total="7143424" percent="84" />
      <mem type="survivor" free="0" total="2031616" percent="0" />
    </mem>
    <mem type="tenure" free="713472" total="13303808" percent="5">
      <mem type="soa" free="47872" total="12638208" percent="0" />
      <mem type="loa" free="665600" total="665600" percent="100" />
    </mem>
    <pending-finalizers system="9" default="0" reference="52" classloader="0" />
    <remembered-set count="833" />
  </mem-info>
</gc-end>
<cycle-end id="755" type="scavenge" contextid="749" timestamp="2025-12-15T22:47:53.960" />
<allocation-satisfied id="756" threadId="0000000000839C00" bytesRequested="24" />
<af-end id="757" timestamp="2025-12-15T22:47:53.967" threadId="000000000083A678" success="true" from="nursery"/>
<exclusive-end id="758" timestamp="2025-12-15T22:47:53.968" durationms="16.179" />

<exclusive-start id="759" timestamp="2025-12-15T22:47:54.016" intervalms="64.030">
  <response-info timems="0.058" idlems="0.058" threads="0" lastid="0000000000839C00" lastname="Default Executor-thread-1" />
</exclusive-start>
<af-start id="760" threadId="000000000083A678" totalBytesRequested="40" timestamp="2025-12-15T22:47:54.017" intervalms="63.939" type="nursery" />
<percolate-collect id="761" from="nursery" to="global" reason="concurrent mark exhausted" timestamp="2025-12-15T22:47:54.018"/>
<concurrent-end id="762" type="global mark" contextid="744" timestamp="2025-12-15T22:47:54.018">
<gc-op id="763" type="trace" timems="74.515" contextid="744" timestamp="2025-12-15T22:47:54.018">
  <trace bytesTraced="6964092" workStackOverflowCount="0" />
  <card-cleaning reason="card cleaning threshold reached" bytesTraced="26060" cardsCleaned="53" />
</gc-op>
</concurrent-end>

<gc-start id="764" type="global" contextid="744" timestamp="2025-12-15T22:47:54.020">
  <mem-info id="765" free="713472" total="22478848" percent="3">
    <mem type="nursery" free="0" total="9175040" percent="0">
      <mem type="allocate" free="0" total="7143424" percent="0" />
      <mem type="survivor" free="0" total="2031616" percent="0" />
    </mem>
    <mem type="tenure" free="713472" total="13303808" percent="5">
      <mem type="soa" free="47872" total="12638208" percent="0" />
      <mem type="loa" free="665600" total="665600" percent="100" />
    </mem>
    <remembered-set count="839" />
  </mem-info>
</gc-start>
<allocation-stats totalBytes="6065528" discardedBytes="392" >
  <allocated-bytes non-tlh="24" tlh="6065504" />
  <largest-consumer threadName="Default Executor-thread-1" threadId="0000000000839C00" bytes="6065528" />
</allocation-stats>
<concurrent-halted id="766" timestamp="2025-12-15T22:47:54.021">
  <halted state="Complete" status="exhausted" />
  <traced bytesTarget="4822244" bytesTotal="6990152" bytesByMutator="1976316" bytesByHelper="5013836" percent="144" />
  <cards cleaned="53" thresholdBytes="259012" />
</concurrent-halted>
<gc-op id="767" type="rs-scan" timems="4.399" contextid="744" timestamp="2025-12-15T22:47:54.027">
  <scan objectsFound="25309" bytesTraced="776640" workStackOverflowCount="0" />
</gc-op>
<gc-op id="768" type="card-cleaning" timems="0.947" contextid="744" timestamp="2025-12-15T22:47:54.028">
  <card-cleaning cardsCleaned="0" bytesTraced="0" workStackOverflowCount="0" />
</gc-op>
<gc-op id="769" type="mark" timems="7.159" contextid="744" timestamp="2025-12-15T22:47:54.036">
  <trace-info objectcount="2780" scancount="2360" scanbytes="63788" />
  <finalization candidates="729" enqueued="0" />
  <ownableSynchronizers candidates="633" cleared="4" />
  <references type="soft" candidates="4488" cleared="0" enqueued="0" dynamicThreshold="9" maxThreshold="32" />
  <references type="weak" candidates="1297" cleared="1" enqueued="1" />
  <references type="phantom" candidates="122" cleared="0" enqueued="0" />
  <stringconstants candidates="12662" cleared="0"  />
  <object-monitors candidates="18" cleared="0"  />
</gc-op>
<gc-op id="770" type="sweep" timems="2.281" contextid="744" timestamp="2025-12-15T22:47:54.040" />
<heap-resize id="771" type="expand" space="tenure" amount="3735552" count="1" timems="0.503" reason="insufficient free space following gc" timestamp="2025-12-15T22:47:54.041" />
<gc-end id="772" type="global" contextid="744" durationms="22.125" usertimems="38.743" systemtimems="7.693" stalltimems="67.277" timestamp="2025-12-15T22:47:54.042" activeThreads="10">
  <mem-info id="773" free="11135440" total="26214400" percent="42">
    <mem type="nursery" free="5980008" total="9175040" percent="65">
      <mem type="allocate" free="5980008" total="7143424" percent="83" />
      <mem type="survivor" free="0" total="2031616" percent="0" />
    </mem>
    <mem type="tenure" free="5155432" total="17039360" percent="30" micro-fragmented="143559" macro-fragmented="0">
      <mem type="soa" free="4303464" total="16187392" percent="26" />
      <mem type="loa" free="851968" total="851968" percent="100" />
    </mem>
    <pending-finalizers system="0" default="0" reference="1" classloader="0" />
    <remembered-set count="776" />
  </mem-info>
</gc-end>
<cycle-end id="774" type="global" contextid="744" timestamp="2025-12-15T22:47:54.043" />
<allocation-satisfied id="775" threadId="0000000000839C00" bytesRequested="40" />
<af-end id="776" timestamp="2025-12-15T22:47:54.044" threadId="000000000083A678" success="true" from="nursery"/>
<exclusive-end id="777" timestamp="2025-12-15T22:47:54.045" durationms="29.116" />

<exclusive-start id="778" timestamp="2025-12-15T22:47:54.065" intervalms="49.052">
  <response-info timems="0.159" idlems="0.159" threads="0" lastid="0000000000839C00" lastname="Default Executor-thread-1" />
</exclusive-start>
<af-start id="779" threadId="000000000083A678" totalBytesRequested="16" timestamp="2025-12-15T22:47:54.066" intervalms="49.262" type="nursery" />
<cycle-start id="780" type="scavenge" contextid="0" timestamp="2025-12-15T22:47:54.067" intervalms="113.384" />
<gc-start id="781" type="scavenge" contextid="780" timestamp="2025-12-15T22:47:54.068">
  <mem-info id="782" free="5155432" total="26214400" percent="19">
    <mem type="nursery" free="0" total="9175040" percent="0">
      <mem type="allocate" free="0" total="7143424" percent="0" />
      <mem type="survivor" free="0" total="2031616" percent="0" />
    </mem>
    <mem type="tenure" free="5155432" total="17039360" percent="30">
      <mem type="soa" free="4303464" total="16187392" percent="26" />
      <mem type="loa" free="851968" total="851968" percent="100" />
    </mem>
    <remembered-set count="777" />
  </mem-info>
</gc-start>
<allocation-stats totalBytes="5974144" discardedBytes="5864" >
  <allocated-bytes non-tlh="40" tlh="5974104" />
  <largest-consumer threadName="Default Executor-thread-1" threadId="0000000000839C00" bytes="5974144" />
</allocation-stats>
<gc-op id="783" type="scavenge" timems="2.315" contextid="780" timestamp="2025-12-15T22:47:54.072">
  <scavenger-info tenureage="3" tenuremask="7008" tiltratio="77" />
  <memory-copied type="nursery" objects="32918" bytes="1143720" bytesdiscarded="42048" />
  <ownableSynchronizers candidates="1255" cleared="1252" />
  <references type="soft" candidates="7" cleared="0" enqueued="0" dynamicThreshold="9" maxThreshold="32" />
  <references type="weak" candidates="35" cleared="0" enqueued="0" />
  <object-monitors candidates="18" cleared="0"  />
</gc-op>
<gc-end id="784" type="scavenge" contextid="780" durationms="4.642" usertimems="6.139" systemtimems="0.000" stalltimems="2.846" timestamp="2025-12-15T22:47:54.073" activeThreads="4">
  <mem-info id="785" free="11178600" total="26214400" percent="42">
    <mem type="nursery" free="6023168" total="9175040" percent="65">
      <mem type="allocate" free="6023168" total="7208960" percent="83" />
      <mem type="survivor" free="0" total="1966080" percent="0" />
    </mem>
    <mem type="tenure" free="5155432" total="17039360" percent="30">
      <mem type="soa" free="4303464" total="16187392" percent="26" />
      <mem type="loa" free="851968" total="851968" percent="100" />
    </mem>
    <remembered-set count="766" />
  </mem-info>
</gc-end>
<cycle-end id="786" type="scavenge" contextid="780" timestamp="2025-12-15T22:47:54.073" />
<allocation-satisfied id="787" threadId="0000000000839C00" bytesRequested="16" />
<af-end id="788" timestamp="2025-12-15T22:47:54.075" threadId="000000000083A678" success="true" from="nursery"/>
<exclusive-end id="789" timestamp="2025-12-15T22:47:54.075" durationms="10.186" />

<exclusive-start id="790" timestamp="2025-12-15T22:47:54.099" intervalms="34.073">
  <response-info timems="0.046" idlems="0.046" threads="0" lastid="0000000000839C00" lastname="Default Executor-thread-1" />
</exclusive-start>
<af-start id="791" threadId="000000000083A678" totalBytesRequested="24" timestamp="2025-12-15T22:47:54.100" intervalms="33.918" type="nursery" />
<cycle-start id="792" type="scavenge" contextid="0" timestamp="2025-12-15T22:47:54.101" intervalms="34.334" />
<gc-start id="793" type="scavenge" contextid="792" timestamp="2025-12-15T22:47:54.103">
  <mem-info id="794" free="5155432" total="26214400" percent="19">
    <mem type="nursery" free="0" total="9175040" percent="0">
      <mem type="allocate" free="0" total="7208960" percent="0" />
      <mem type="survivor" free="0" total="1966080" percent="0" />
    </mem>
    <mem type="tenure" free="5155432" total="17039360" percent="30">
      <mem type="soa" free="4303464" total="16187392" percent="26" />
      <mem type="loa" free="851968" total="851968" percent="100" />
    </mem>
    <remembered-set count="766" />
  </mem-info>
</gc-start>
<allocation-stats totalBytes="6023072" discardedBytes="96" >
  <allocated-bytes non-tlh="16" tlh="6023056" />
  <largest-consumer threadName="Default Executor-thread-1" threadId="0000000000839C00" bytes="6023072" />
</allocation-stats>
<gc-op id="795" type="scavenge" timems="4.441" contextid="792" timestamp="2025-12-15T22:47:54.109">
  <scavenger-info tenureage="2" tenuremask="700c" tiltratio="78" />
  <memory-copied type="nursery" objects="3609" bytes="190424" bytesdiscarded="222760" />
  <memory-copied type="tenure" objects="30135" bytes="994984" bytesdiscarded="848" />
  <ownableSynchronizers candidates="3" cleared="0" />
  <object-monitors candidates="18" cleared="0"  />
</gc-op>
<heap-resize id="796" type="expand" space="nursery" amount="1048576" count="1" timems="0.180" reason="excessive time being spent scavenging" timestamp="2025-12-15T22:47:54.110" />
<gc-end id="797" type="scavenge" contextid="792" durationms="8.079" usertimems="12.864" systemtimems="0.000" stalltimems="5.099" timestamp="2025-12-15T22:47:54.111" activeThreads="4">
  <mem-info id="798" free="11826400" total="27262976" percent="43">
    <mem type="nursery" free="7713280" total="10223616" percent="75">
      <mem type="allocate" free="7713280" total="8126464" percent="94" />
      <mem type="survivor" free="0" total="2097152" percent="0" />
    </mem>
    <mem type="tenure" free="4113120" total="17039360" percent="24">
      <mem type="soa" free="3261152" total="16187392" percent="20" />
      <mem type="loa" free="851968" total="851968" percent="100" />
    </mem>
    <remembered-set count="329" />
  </mem-info>
</gc-end>
<cycle-end id="799" type="scavenge" contextid="792" timestamp="2025-12-15T22:47:54.112" />
<allocation-satisfied id="800" threadId="0000000000839C00" bytesRequested="24" />
<af-end id="801" timestamp="2025-12-15T22:47:54.113" threadId="000000000083A678" success="true" from="nursery"/>
<exclusive-end id="802" timestamp="2025-12-15T22:47:54.114" durationms="14.915" />

<exclusive-start id="803" timestamp="2025-12-15T22:47:54.141" intervalms="42.263">
  <response-info timems="0.056" idlems="0.056" threads="0" lastid="0000000000839C00" lastname="Default Executor-thread-1" />
</exclusive-start>
<af-start id="804" threadId="000000000083A678" totalBytesRequested="16" timestamp="2025-12-15T22:47:54.142" intervalms="42.313" type="nursery" />
<cycle-start id="805" type="scavenge" contextid="0" timestamp="2025-12-15T22:47:54.143" intervalms="41.739" />
<gc-start id="806" type="scavenge" contextid="805" timestamp="2025-12-15T22:47:54.144">
  <mem-info id="807" free="4113120" total="27262976" percent="15">
    <mem type="nursery" free="0" total="10223616" percent="0">
      <mem type="allocate" free="0" total="8126464" percent="0" />
      <mem type="survivor" free="0" total="2097152" percent="0" />
    </mem>
    <mem type="tenure" free="4113120" total="17039360" percent="24">
      <mem type="soa" free="3261152" total="16187392" percent="20" />
      <mem type="loa" free="851968" total="851968" percent="100" />
    </mem>
    <remembered-set count="332" />
  </mem-info>
</gc-start>
<allocation-stats totalBytes="7713016" discardedBytes="264" >
  <allocated-bytes non-tlh="24" tlh="7712992" />
  <largest-consumer threadName="Default Executor-thread-1" threadId="0000000000839C00" bytes="7713016" />
</allocation-stats>
<gc-op id="808" type="scavenge" timems="1.970" contextid="805" timestamp="2025-12-15T22:47:54.147">
  <scavenger-info tenureage="2" tenuremask="6004" tiltratio="79" />
  <memory-copied type="nursery" objects="2028" bytes="99640" bytesdiscarded="58568" />
  <memory-copied type="tenure" objects="2527" bytes="140312" bytesdiscarded="992" />
  <object-monitors candidates="18" cleared="0"  />
</gc-op>
<heap-resize id="809" type="expand" space="nursery" amount="524288" count="1" timems="0.098" reason="excessive time being spent scavenging" timestamp="2025-12-15T22:47:54.148" />
<gc-end id="810" type="scavenge" contextid="805" durationms="5.376" usertimems="0.520" systemtimems="3.981" stalltimems="3.695" timestamp="2025-12-15T22:47:54.149" activeThreads="4">
  <mem-info id="811" free="12908512" total="27787264" percent="46">
    <mem type="nursery" free="8951296" total="10747904" percent="83">
      <mem type="allocate" free="8951296" total="9109504" percent="98" />
      <mem type="survivor" free="0" total="1638400" percent="0" />
    </mem>
    <mem type="tenure" free="3957216" total="17039360" percent="23">
      <mem type="soa" free="3105248" total="16187392" percent="19" />
      <mem type="loa" free="851968" total="851968" percent="100" />
    </mem>
    <remembered-set count="318" />
  </mem-info>
</gc-end>
<cycle-end id="812" type="scavenge" contextid="805" timestamp="2025-12-15T22:47:54.150" />
<allocation-satisfied id="813" threadId="0000000000839C00" bytesRequested="16" />
<af-end id="814" timestamp="2025-12-15T22:47:54.152" threadId="000000000083A678" success="true" from="nursery"/>
<exclusive-end id="815" timestamp="2025-12-15T22:47:54.153" durationms="11.210" />

<exclusive-start id="816" timestamp="2025-12-15T22:47:54.192" intervalms="50.495">
  <response-info timems="0.051" idlems="0.051" threads="0" lastid="0000000000839C00" lastname="Default Executor-thread-1" />
</exclusive-start>
<af-start id="817" threadId="000000000083A678" totalBytesRequested="16" timestamp="2025-12-15T22:47:54.193" intervalms="50.420" type="nursery" />
<cycle-start id="818" type="scavenge" contextid="0" timestamp="2025-12-15T22:47:54.194" intervalms="50.669" />
<gc-start id="819" type="scavenge" contextid="818" timestamp="2025-12-15T22:47:54.194">
  <mem-info id="820" free="3957216" total="27787264" percent="14">
    <mem type="nursery" free="0" total="10747904" percent="0">
      <mem type="allocate" free="0" total="9109504" percent="0" />
      <mem type="survivor" free="0" total="1638400" percent="0" />
    </mem>
    <mem type="tenure" free="3957216" total="17039360" percent="23">
      <mem type="soa" free="3105248" total="16187392" percent="19" />
      <mem type="loa" free="851968" total="851968" percent="100" />
    </mem>
    <remembered-set count="319" />
  </mem-info>
</gc-start>
<allocation-stats totalBytes="8950528" discardedBytes="768" >
  <allocated-bytes non-tlh="16" tlh="8950512" />
  <largest-consumer threadName="Default Executor-thread-1" threadId="0000000000839C00" bytes="8950528" />
</allocation-stats>
<gc-op id="821" type="scavenge" timems="0.968" contextid="818" timestamp="2025-12-15T22:47:54.197">
  <scavenger-info tenureage="2" tenuremask="4004" tiltratio="84" />
  <memory-copied type="nursery" objects="1856" bytes="89736" bytesdiscarded="24696" />
  <memory-copied type="tenure" objects="916" bytes="44840" bytesdiscarded="256" />
  <object-monitors candidates="18" cleared="0"  />
</gc-op>
<gc-end id="822" type="scavenge" contextid="818" durationms="3.400" usertimems="1.135" systemtimems="0.877" stalltimems="0.875" timestamp="2025-12-15T22:47:54.198" activeThreads="3">
  <mem-info id="823" free="13295584" total="27787264" percent="47">
    <mem type="nursery" free="9388288" total="10747904" percent="87">
      <mem type="allocate" free="9388288" total="9502720" percent="98" />
      <mem type="survivor" free="0" total="1245184" percent="0" />
    </mem>
    <mem type="tenure" free="3907296" total="17039360" percent="22">
      <mem type="soa" free="3055328" total="16187392" percent="18" />
      <mem type="loa" free="851968" total="851968" percent="100" />
    </mem>
    <remembered-set count="255" />
  </mem-info>
</gc-end>
<cycle-end id="824" type="scavenge" contextid="818" timestamp="2025-12-15T22:47:54.199" />
<allocation-satisfied id="825" threadId="0000000000839C00" bytesRequested="16" />
<af-end id="826" timestamp="2025-12-15T22:47:54.200" threadId="000000000083A678" success="true" from="nursery"/>
<exclusive-end id="827" timestamp="2025-12-15T22:47:54.201" durationms="9.051" />

<exclusive-start id="828" timestamp="2025-12-15T22:47:54.232" intervalms="40.107">
  <response-info timems="0.066" idlems="0.066" threads="0" lastid="0000000000839C00" lastname="Default Executor-thread-1" />
</exclusive-start>
<af-start id="829" threadId="000000000083A678" totalBytesRequested="40" timestamp="2025-12-15T22:47:54.233" intervalms="40.151" type="nursery" />
<cycle-start id="830" type="scavenge" contextid="0" timestamp="2025-12-15T22:47:54.234" intervalms="40.142" />
<gc-start id="831" type="scavenge" contextid="830" timestamp="2025-12-15T22:47:54.235">
  <mem-info id="832" free="3907096" total="27787264" percent="14">
    <mem type="nursery" free="0" total="10747904" percent="0">
      <mem type="allocate" free="0" total="9502720" percent="0" />
      <mem type="survivor" free="0" total="1245184" percent="0" />
    </mem>
    <mem type="tenure" free="3907096" total="17039360" percent="22">
      <mem type="soa" free="3055128" total="16187392" percent="18" />
      <mem type="loa" free="851968" total="851968" percent="100" />
    </mem>
    <remembered-set count="282" />
  </mem-info>
</gc-start>
<allocation-stats totalBytes="9388000" discardedBytes="488" >
  <allocated-bytes non-tlh="216" tlh="9387784" />
  <largest-consumer threadName="Default Executor-thread-1" threadId="0000000000839C00" bytes="9388000" />
</allocation-stats>
<gc-op id="833" type="scavenge" timems="1.245" contextid="830" timestamp="2025-12-15T22:47:54.237">
  <scavenger-info tenureage="2" tenuremask="4004" tiltratio="88" />
  <memory-copied type="nursery" objects="2583" bytes="100928" bytesdiscarded="34240" />
  <memory-copied type="tenure" objects="900" bytes="47720" bytesdiscarded="128" />
  <object-monitors candidates="18" cleared="0"  />
</gc-op>
<heap-resize id="834" type="expand" space="nursery" amount="655360" count="1" timems="0.167" reason="excessive time being spent scavenging" timestamp="2025-12-15T22:47:54.238" />
<gc-end id="835" type="scavenge" contextid="830" durationms="4.547" usertimems="1.463" systemtimems="1.119" stalltimems="0.364" timestamp="2025-12-15T22:47:54.239" activeThreads="2">
  <mem-info id="836" free="13939480" total="28442624" percent="49">
    <mem type="nursery" free="10088448" total="11403264" percent="88">
      <mem type="allocate" free="10088448" total="10223616" percent="98" />
      <mem type="survivor" free="0" total="1179648" percent="0" />
    </mem>
    <mem type="tenure" free="3851032" total="17039360" percent="22">
      <mem type="soa" free="2999064" total="16187392" percent="18" />
      <mem type="loa" free="851968" total="851968" percent="100" />
    </mem>
    <remembered-set count="280" />
  </mem-info>
</gc-end>
<cycle-end id="837" type="scavenge" contextid="830" timestamp="2025-12-15T22:47:54.240" />
<allocation-satisfied id="838" threadId="0000000000839C00" bytesRequested="40" />
<af-end id="839" timestamp="2025-12-15T22:47:54.242" threadId="000000000083A678" success="true" from="nursery"/>
<exclusive-end id="840" timestamp="2025-12-15T22:47:54.242" durationms="10.457" />

<exclusive-start id="841" timestamp="2025-12-15T22:47:54.285" intervalms="52.980">
  <response-info timems="0.080" idlems="0.080" threads="0" lastid="0000000000839C00" lastname="Default Executor-thread-1" />
</exclusive-start>
<af-start id="842" threadId="000000000083A678" totalBytesRequested="16" timestamp="2025-12-15T22:47:54.286" intervalms="52.870" type="nursery" />
<cycle-start id="843" type="scavenge" contextid="0" timestamp="2025-12-15T22:47:54.287" intervalms="53.253" />
<gc-start id="844" type="scavenge" contextid="843" timestamp="2025-12-15T22:47:54.288">
  <mem-info id="845" free="3851032" total="28442624" percent="13">
    <mem type="nursery" free="0" total="11403264" percent="0">
      <mem type="allocate" free="0" total="10223616" percent="0" />
      <mem type="survivor" free="0" total="1179648" percent="0" />
    </mem>
    <mem type="tenure" free="3851032" total="17039360" percent="22">
      <mem type="soa" free="2999064" total="16187392" percent="18" />
      <mem type="loa" free="851968" total="851968" percent="100" />
    </mem>
    <remembered-set count="285" />
  </mem-info>
</gc-start>
<allocation-stats totalBytes="10088016" discardedBytes="432" >
  <allocated-bytes non-tlh="40" tlh="10087976" />
  <largest-consumer threadName="Default Executor-thread-1" threadId="0000000000839C00" bytes="10088016" />
</allocation-stats>
<gc-op id="846" type="scavenge" timems="0.993" contextid="843" timestamp="2025-12-15T22:47:54.291">
  <scavenger-info tenureage="2" tenuremask="4004" tiltratio="89" />
  <memory-copied type="nursery" objects="2024" bytes="70136" bytesdiscarded="23560" />
  <memory-copied type="tenure" objects="777" bytes="36048" bytesdiscarded="208" />
  <object-monitors candidates="18" cleared="0"  />
</gc-op>
<gc-end id="847" type="scavenge" contextid="843" durationms="3.456" usertimems="1.777" systemtimems="0.000" stalltimems="0.290" timestamp="2025-12-15T22:47:54.291" activeThreads="2">
  <mem-info id="848" free="13918744" total="28442624" percent="48">
    <mem type="nursery" free="10129920" total="11403264" percent="88">
      <mem type="allocate" free="10129920" total="10223616" percent="99" />
      <mem type="survivor" free="0" total="1179648" percent="0" />
    </mem>
    <mem type="tenure" free="3788824" total="17039360" percent="22">
      <mem type="soa" free="2936856" total="16187392" percent="18" />
      <mem type="loa" free="851968" total="851968" percent="100" />
    </mem>
    <remembered-set count="279" />
  </mem-info>
</gc-end>
<cycle-end id="849" type="scavenge" contextid="843" timestamp="2025-12-15T22:47:54.292" />
<allocation-satisfied id="850" threadId="0000000000839C00" bytesRequested="16" />
<af-end id="851" timestamp="2025-12-15T22:47:54.294" threadId="000000000083A678" success="true" from="nursery"/>
<exclusive-end id="852" timestamp="2025-12-15T22:47:54.295" durationms="9.875" />

<exclusive-start id="853" timestamp="2025-12-15T22:47:54.332" intervalms="46.715">
  <response-info timems="0.087" idlems="0.087" threads="0" lastid="0000000000839C00" lastname="Default Executor-thread-1" />
</exclusive-start>
<af-start id="854" threadId="000000000083A678" totalBytesRequested="32" timestamp="2025-12-15T22:47:54.333" intervalms="46.862" type="nursery" />
<cycle-start id="855" type="scavenge" contextid="0" timestamp="2025-12-15T22:47:54.334" intervalms="46.917" />
<gc-start id="856" type="scavenge" contextid="855" timestamp="2025-12-15T22:47:54.335">
  <mem-info id="857" free="3788576" total="28442624" percent="13">
    <mem type="nursery" free="0" total="11403264" percent="0">
      <mem type="allocate" free="0" total="10223616" percent="0" />
      <mem type="survivor" free="0" total="1179648" percent="0" />
    </mem>
    <mem type="tenure" free="3788576" total="17039360" percent="22">
      <mem type="soa" free="2936608" total="16187392" percent="18" />
      <mem type="loa" free="851968" total="851968" percent="100" />
    </mem>
    <remembered-set count="289" />
  </mem-info>
</gc-start>
<allocation-stats totalBytes="10129648" discardedBytes="520" >
  <allocated-bytes non-tlh="264" tlh="10129384" />
  <largest-consumer threadName="Default Executor-thread-1" threadId="0000000000839C00" bytes="10129648" />
</allocation-stats>
<gc-op id="858" type="scavenge" timems="0.983" contextid="855" timestamp="2025-12-15T22:47:54.337">
  <scavenger-info tenureage="2" tenuremask="4004" tiltratio="89" />
  <memory-copied type="nursery" objects="1013" bytes="35744" bytesdiscarded="8024" />
  <memory-copied type="tenure" objects="1235" bytes="37664" bytesdiscarded="8" />
  <references type="weak" candidates="1" cleared="0" enqueued="0" />
  <object-monitors candidates="18" cleared="0"  />
</gc-op>
<heap-resize id="859" type="expand" space="nursery" amount="524288" count="1" timems="0.107" reason="excessive time being spent scavenging" timestamp="2025-12-15T22:47:54.338" />
<gc-end id="860" type="scavenge" contextid="855" durationms="4.089" usertimems="0.000" systemtimems="2.086" stalltimems="0.688" timestamp="2025-12-15T22:47:54.339" activeThreads="2">
  <mem-info id="861" free="14412576" total="28966912" percent="49">
    <mem type="nursery" free="10638592" total="11927552" percent="89">
      <mem type="allocate" free="10638592" total="10682368" percent="99" />
      <mem type="survivor" free="0" total="1245184" percent="0" />
    </mem>
    <mem type="tenure" free="3773984" total="17039360" percent="22">
      <mem type="soa" free="2922016" total="16187392" percent="18" />
      <mem type="loa" free="851968" total="851968" percent="100" />
    </mem>
    <remembered-set count="273" />
  </mem-info>
</gc-end>
<cycle-end id="862" type="scavenge" contextid="855" timestamp="2025-12-15T22:47:54.340" />
<allocation-satisfied id="863" threadId="0000000000839C00" bytesRequested="32" />
<af-end id="864" timestamp="2025-12-15T22:47:54.342" threadId="000000000083A678" success="true" from="nursery"/>
<exclusive-end id="865" timestamp="2025-12-15T22:47:54.343" durationms="10.850" />

<exclusive-start id="866" timestamp="2025-12-15T22:47:54.389" intervalms="57.770">
  <response-info timems="0.067" idlems="0.067" threads="0" lastid="0000000000839C00" lastname="Default Executor-thread-1" />
</exclusive-start>
<af-start id="867" threadId="000000000083A678" totalBytesRequested="72" timestamp="2025-12-15T22:47:54.391" intervalms="57.908" type="nursery" />
<cycle-start id="868" type="scavenge" contextid="0" timestamp="2025-12-15T22:47:54.392" intervalms="57.751" />
<gc-start id="869" type="scavenge" contextid="868" timestamp="2025-12-15T22:47:54.393">
  <mem-info id="870" free="3773720" total="28966912" percent="13">
    <mem type="nursery" free="0" total="11927552" percent="0">
      <mem type="allocate" free="0" total="10682368" percent="0" />
      <mem type="survivor" free="0" total="1245184" percent="0" />
    </mem>
    <mem type="tenure" free="3773720" total="17039360" percent="22">
      <mem type="soa" free="2921752" total="16187392" percent="18" />
      <mem type="loa" free="851968" total="851968" percent="100" />
    </mem>
    <remembered-set count="295" />
  </mem-info>
</gc-start>
<allocation-stats totalBytes="10638312" discardedBytes="544" >
  <allocated-bytes non-tlh="296" tlh="10638016" />
  <largest-consumer threadName="Default Executor-thread-1" threadId="0000000000839C00" bytes="10638312" />
</allocation-stats>
<gc-op id="871" type="scavenge" timems="1.294" contextid="868" timestamp="2025-12-15T22:47:54.396">
  <scavenger-info tenureage="14" tenuremask="4000" tiltratio="89" />
  <memory-copied type="nursery" objects="971" bytes="33648" bytesdiscarded="17304" />
  <references type="weak" candidates="4" cleared="3" enqueued="3" />
  <object-monitors candidates="18" cleared="0"  />
</gc-op>
<gc-end id="872" type="scavenge" contextid="868" durationms="4.082" usertimems="1.515" systemtimems="1.132" stalltimems="0.808" timestamp="2025-12-15T22:47:54.397" activeThreads="2">
  <mem-info id="873" free="14405136" total="28966912" percent="49">
    <mem type="nursery" free="10631416" total="11927552" percent="89">
      <mem type="allocate" free="10631416" total="10682368" percent="99" />
      <mem type="survivor" free="0" total="1245184" percent="0" />
    </mem>
    <mem type="tenure" free="3773720" total="17039360" percent="22">
      <mem type="soa" free="2921752" total="16187392" percent="18" />
      <mem type="loa" free="851968" total="851968" percent="100" />
    </mem>
    <pending-finalizers system="0" default="0" reference="3" classloader="0" />
    <remembered-set count="282" />
  </mem-info>
</gc-end>
<cycle-end id="874" type="scavenge" contextid="868" timestamp="2025-12-15T22:47:54.398" />
<allocation-satisfied id="875" threadId="0000000000839C00" bytesRequested="72" />
<af-end id="876" timestamp="2025-12-15T22:47:54.399" threadId="000000000083A678" success="true" from="nursery"/>
<exclusive-end id="877" timestamp="2025-12-15T22:47:54.400" durationms="10.376" />

<exclusive-start id="878" timestamp="2025-12-15T22:47:54.442" intervalms="52.878">
  <response-info timems="0.072" idlems="0.072" threads="0" lastid="0000000000839C00" lastname="Default Executor-thread-1" />
</exclusive-start>
<af-start id="879" threadId="000000000083A678" totalBytesRequested="40" timestamp="2025-12-15T22:47:54.443" intervalms="52.933" type="nursery" />
<cycle-start id="880" type="scavenge" contextid="0" timestamp="2025-12-15T22:47:54.444" intervalms="52.475" />
<gc-start id="881" type="scavenge" contextid="880" timestamp="2025-12-15T22:47:54.445">
  <mem-info id="882" free="3773720" total="28966912" percent="13">
    <mem type="nursery" free="0" total="11927552" percent="0">
      <mem type="allocate" free="0" total="10682368" percent="0" />
      <mem type="survivor" free="0" total="1245184" percent="0" />
    </mem>
    <mem type="tenure" free="3773720" total="17039360" percent="22">
      <mem type="soa" free="2921752" total="16187392" percent="18" />
      <mem type="loa" free="851968" total="851968" percent="100" />
    </mem>
    <remembered-set count="577" />
  </mem-info>
</gc-start>
<allocation-stats totalBytes="10630272" discardedBytes="1144" >
  <allocated-bytes non-tlh="72" tlh="10630200" />
  <largest-consumer threadName="Default Executor-thread-1" threadId="0000000000839C00" bytes="10609792" />
</allocation-stats>
<gc-op id="883" type="scavenge" timems="1.510" contextid="880" timestamp="2025-12-15T22:47:54.448">
  <scavenger-info tenureage="14" tenuremask="4000" tiltratio="89" />
  <memory-copied type="nursery" objects="9683" bytes="266632" bytesdiscarded="9848" />
  <ownableSynchronizers candidates="2" cleared="0" />
  <references type="weak" candidates="1" cleared="0" enqueued="0" />
  <object-monitors candidates="18" cleared="0"  />
</gc-op>
<heap-resize id="884" type="expand" space="nursery" amount="524288" count="1" timems="0.122" reason="excessive time being spent scavenging" timestamp="2025-12-15T22:47:54.448" />
<gc-end id="885" type="scavenge" contextid="880" durationms="4.257" usertimems="1.546" systemtimems="1.137" stalltimems="0.749" timestamp="2025-12-15T22:47:54.449" activeThreads="2">
  <mem-info id="886" free="14638360" total="29491200" percent="49">
    <mem type="nursery" free="10864640" total="12451840" percent="87">
      <mem type="allocate" free="10864640" total="11141120" percent="97" />
      <mem type="survivor" free="0" total="1310720" percent="0" />
    </mem>
    <mem type="tenure" free="3773720" total="17039360" percent="22">
      <mem type="soa" free="2921752" total="16187392" percent="18" />
      <mem type="loa" free="851968" total="851968" percent="100" />
    </mem>
    <remembered-set count="544" />
  </mem-info>
</gc-end>
<cycle-end id="887" type="scavenge" contextid="880" timestamp="2025-12-15T22:47:54.450" />
<allocation-satisfied id="888" threadId="0000000000839C00" bytesRequested="40" />
<af-end id="889" timestamp="2025-12-15T22:47:54.452" threadId="000000000083A678" success="true" from="nursery"/>
<exclusive-end id="890" timestamp="2025-12-15T22:47:54.452" durationms="10.009" />

<exclusive-start id="891" timestamp="2025-12-15T22:47:54.499" intervalms="56.477">
  <response-info timems="0.081" idlems="0.081" threads="0" lastid="0000000000839C00" lastname="Default Executor-thread-1" />
</exclusive-start>
<af-start id="892" threadId="000000000083A678" totalBytesRequested="24" timestamp="2025-12-15T22:47:54.500" intervalms="56.189" type="nursery" />
<cycle-start id="893" type="scavenge" contextid="0" timestamp="2025-12-15T22:47:54.500" intervalms="56.250" />
<gc-start id="894" type="scavenge" contextid="893" timestamp="2025-12-15T22:47:54.501">
  <mem-info id="895" free="3773720" total="29491200" percent="12">
    <mem type="nursery" free="0" total="12451840" percent="0">
      <mem type="allocate" free="0" total="11141120" percent="0" />
      <mem type="survivor" free="0" total="1310720" percent="0" />
    </mem>
    <mem type="tenure" free="3773720" total="17039360" percent="22">
      <mem type="soa" free="2921752" total="16187392" percent="18" />
      <mem type="loa" free="851968" total="851968" percent="100" />
    </mem>
    <remembered-set count="571" />
  </mem-info>
</gc-start>
<allocation-stats totalBytes="10864080" discardedBytes="560" >
  <allocated-bytes non-tlh="40" tlh="10864040" />
  <largest-consumer threadName="Default Executor-thread-1" threadId="0000000000839C00" bytes="10864080" />
</allocation-stats>
<gc-op id="896" type="scavenge" timems="2.049" contextid="893" timestamp="2025-12-15T22:47:54.505">
  <scavenger-info tenureage="4" tenuremask="4010" tiltratio="89" />
  <memory-copied type="nursery" objects="11629" bytes="322224" bytesdiscarded="12624" />
  <memory-copied type="tenure" objects="343" bytes="10192" bytesdiscarded="16" />
  <ownableSynchronizers candidates="2" cleared="0" />
  <references type="weak" candidates="1" cleared="0" enqueued="0" />
  <object-monitors candidates="18" cleared="0"  />
</gc-op>
<gc-end id="897" type="scavenge" contextid="893" durationms="4.594" usertimems="2.657" systemtimems="1.933" stalltimems="0.459" timestamp="2025-12-15T22:47:54.506" activeThreads="2">
  <mem-info id="898" free="14630936" total="29491200" percent="49">
    <mem type="nursery" free="10871808" total="12451840" percent="87">
      <mem type="allocate" free="10871808" total="11206656" percent="97" />
      <mem type="survivor" free="0" total="1245184" percent="0" />
    </mem>
    <mem type="tenure" free="3759128" total="17039360" percent="22">
      <mem type="soa" free="2907160" total="16187392" percent="17" />
      <mem type="loa" free="851968" total="851968" percent="100" />
    </mem>
    <remembered-set count="558" />
  </mem-info>
</gc-end>
<cycle-end id="899" type="scavenge" contextid="893" timestamp="2025-12-15T22:47:54.507" />
<allocation-satisfied id="900" threadId="0000000000839C00" bytesRequested="24" />
<af-end id="901" timestamp="2025-12-15T22:47:54.508" threadId="000000000083A678" success="true" from="nursery"/>
<exclusive-end id="902" timestamp="2025-12-15T22:47:54.509" durationms="10.330" />

<exclusive-start id="903" timestamp="2025-12-15T22:47:54.560" intervalms="60.570">
  <response-info timems="0.087" idlems="0.087" threads="0" lastid="0000000000839C00" lastname="Default Executor-thread-1" />
</exclusive-start>
<af-start id="904" threadId="000000000083A678" totalBytesRequested="24" timestamp="2025-12-15T22:47:54.561" intervalms="60.862" type="nursery" />
<cycle-start id="905" type="scavenge" contextid="0" timestamp="2025-12-15T22:47:54.561" intervalms="60.833" />
<gc-start id="906" type="scavenge" contextid="905" timestamp="2025-12-15T22:47:54.562">
  <mem-info id="907" free="3759128" total="29491200" percent="12">
    <mem type="nursery" free="0" total="12451840" percent="0">
      <mem type="allocate" free="0" total="11206656" percent="0" />
      <mem type="survivor" free="0" total="1245184" percent="0" />
    </mem>
    <mem type="tenure" free="3759128" total="17039360" percent="22">
      <mem type="soa" free="2907160" total="16187392" percent="17" />
      <mem type="loa" free="851968" total="851968" percent="100" />
    </mem>
    <remembered-set count="560" />
  </mem-info>
</gc-start>
<allocation-stats totalBytes="10871296" discardedBytes="512" >
  <allocated-bytes non-tlh="24" tlh="10871272" />
  <largest-consumer threadName="Default Executor-thread-1" threadId="0000000000839C00" bytes="10871296" />
</allocation-stats>
<gc-op id="908" type="scavenge" timems="2.404" contextid="905" timestamp="2025-12-15T22:47:54.567">
  <scavenger-info tenureage="3" tenuremask="ffd8" tiltratio="90" />
  <memory-copied type="nursery" objects="11326" bytes="309848" bytesdiscarded="11944" />
  <memory-copied type="tenure" objects="499" bytes="19320" bytesdiscarded="24" />
  <ownableSynchronizers candidates="2" cleared="0" />
  <object-monitors candidates="18" cleared="0"  />
</gc-op>
<heap-resize id="909" type="expand" space="nursery" amount="786432" count="1" timems="0.180" reason="excessive time being spent scavenging" timestamp="2025-12-15T22:47:54.568" />
<gc-end id="910" type="scavenge" contextid="905" durationms="7.045" usertimems="4.456" systemtimems="0.000" stalltimems="1.064" timestamp="2025-12-15T22:47:54.569" activeThreads="2">
  <mem-info id="911" free="15270168" total="30277632" percent="50">
    <mem type="nursery" free="11540224" total="13238272" percent="87">
      <mem type="allocate" free="11540224" total="11862016" percent="97" />
      <mem type="survivor" free="0" total="1376256" percent="0" />
    </mem>
    <mem type="tenure" free="3729944" total="17039360" percent="21">
      <mem type="soa" free="2877976" total="16187392" percent="17" />
      <mem type="loa" free="851968" total="851968" percent="100" />
    </mem>
    <remembered-set count="540" />
  </mem-info>
</gc-end>
<cycle-end id="912" type="scavenge" contextid="905" timestamp="2025-12-15T22:47:54.570" />
<allocation-satisfied id="913" threadId="0000000000839C00" bytesRequested="24" />
<af-end id="914" timestamp="2025-12-15T22:47:54.572" threadId="000000000083A678" success="true" from="nursery"/>
<exclusive-end id="915" timestamp="2025-12-15T22:47:54.573" durationms="13.959" />

<exclusive-start id="916" timestamp="2025-12-15T22:47:54.639" intervalms="79.456">
  <response-info timems="0.115" idlems="0.115" threads="0" lastid="0000000000839C00" lastname="Default Executor-thread-1" />
</exclusive-start>
<af-start id="917" threadId="000000000083A678" totalBytesRequested="16" timestamp="2025-12-15T22:47:54.640" intervalms="79.225" type="nursery" />
<cycle-start id="918" type="scavenge" contextid="0" timestamp="2025-12-15T22:47:54.641" intervalms="79.448" />
<gc-start id="919" type="scavenge" contextid="918" timestamp="2025-12-15T22:47:54.642">
  <mem-info id="920" free="3729944" total="30277632" percent="12">
    <mem type="nursery" free="0" total="13238272" percent="0">
      <mem type="allocate" free="0" total="11862016" percent="0" />
      <mem type="survivor" free="0" total="1376256" percent="0" />
    </mem>
    <mem type="tenure" free="3729944" total="17039360" percent="21">
      <mem type="soa" free="2877976" total="16187392" percent="17" />
      <mem type="loa" free="851968" total="851968" percent="100" />
    </mem>
    <remembered-set count="541" />
  </mem-info>
</gc-start>
<allocation-stats totalBytes="11539688" discardedBytes="536" >
  <allocated-bytes non-tlh="24" tlh="11539664" />
  <largest-consumer threadName="Default Executor-thread-1" threadId="0000000000839C00" bytes="11539688" />
</allocation-stats>
<gc-op id="921" type="scavenge" timems="1.862" contextid="918" timestamp="2025-12-15T22:47:54.645">
  <scavenger-info tenureage="3" tenuremask="ffc8" tiltratio="89" />
  <memory-copied type="nursery" objects="2982" bytes="89776" bytesdiscarded="16208" />
  <memory-copied type="tenure" objects="8552" bytes="227168" bytesdiscarded="112" />
  <ownableSynchronizers candidates="2" cleared="0" />
  <object-monitors candidates="18" cleared="0"  />
</gc-op>
<gc-end id="922" type="scavenge" contextid="918" durationms="3.964" usertimems="1.909" systemtimems="1.355" stalltimems="0.551" timestamp="2025-12-15T22:47:54.646" activeThreads="2">
  <mem-info id="923" free="15247128" total="30277632" percent="50">
    <mem type="nursery" free="11756032" total="13238272" percent="88">
      <mem type="allocate" free="11756032" total="11862016" percent="99" />
      <mem type="survivor" free="0" total="1376256" percent="0" />
    </mem>
    <mem type="tenure" free="3491096" total="17039360" percent="20">
      <mem type="soa" free="2639128" total="16187392" percent="16" />
      <mem type="loa" free="851968" total="851968" percent="100" />
    </mem>
    <remembered-set count="296" />
  </mem-info>
</gc-end>
<cycle-end id="924" type="scavenge" contextid="918" timestamp="2025-12-15T22:47:54.647" />
<allocation-satisfied id="925" threadId="0000000000839C00" bytesRequested="16" />
<af-end id="926" timestamp="2025-12-15T22:47:54.648" threadId="000000000083A678" success="true" from="nursery"/>
<exclusive-end id="927" timestamp="2025-12-15T22:47:54.649" durationms="9.767" />

<exclusive-start id="928" timestamp="2025-12-15T22:47:54.688" intervalms="49.288">
  <response-info timems="0.058" idlems="0.058" threads="0" lastid="0000000000839C00" lastname="Default Executor-thread-1" />
</exclusive-start>
<af-start id="929" threadId="000000000083A678" totalBytesRequested="32" timestamp="2025-12-15T22:47:54.689" intervalms="49.331" type="nursery" />
<cycle-start id="930" type="scavenge" contextid="0" timestamp="2025-12-15T22:47:54.690" intervalms="49.088" />
<gc-start id="931" type="scavenge" contextid="930" timestamp="2025-12-15T22:47:54.691">
  <mem-info id="932" free="3491096" total="30277632" percent="11">
    <mem type="nursery" free="0" total="13238272" percent="0">
      <mem type="allocate" free="0" total="11862016" percent="0" />
      <mem type="survivor" free="0" total="1376256" percent="0" />
    </mem>
    <mem type="tenure" free="3491096" total="17039360" percent="20">
      <mem type="soa" free="2639128" total="16187392" percent="16" />
      <mem type="loa" free="851968" total="851968" percent="100" />
    </mem>
    <remembered-set count="298" />
  </mem-info>
</gc-start>
<allocation-stats totalBytes="11755528" discardedBytes="504" >
  <allocated-bytes non-tlh="16" tlh="11755512" />
  <largest-consumer threadName="Default Executor-thread-1" threadId="0000000000839C00" bytes="11755528" />
</allocation-stats>
<gc-op id="933" type="scavenge" timems="1.051" contextid="930" timestamp="2025-12-15T22:47:54.693">
  <scavenger-info tenureage="3" tenuremask="ffe8" tiltratio="89" />
  <memory-copied type="nursery" objects="882" bytes="30552" bytesdiscarded="13224" />
  <memory-copied type="tenure" objects="2278" bytes="65576" bytesdiscarded="64" />
  <object-monitors candidates="18" cleared="0"  />
</gc-op>
<heap-resize id="934" type="expand" space="nursery" amount="524288" count="1" timems="0.129" reason="excessive time being spent scavenging" timestamp="2025-12-15T22:47:54.694" />
<gc-end id="935" type="scavenge" contextid="930" durationms="4.147" usertimems="0.000" systemtimems="2.158" stalltimems="0.452" timestamp="2025-12-15T22:47:54.695" activeThreads="2">
  <mem-info id="936" free="15695128" total="30801920" percent="50">
    <mem type="nursery" free="12276992" total="13762560" percent="89">
      <mem type="allocate" free="12276992" total="12320768" percent="99" />
      <mem type="survivor" free="0" total="1441792" percent="0" />
    </mem>
    <mem type="tenure" free="3418136" total="17039360" percent="20">
      <mem type="soa" free="2566168" total="16187392" percent="15" />
      <mem type="loa" free="851968" total="851968" percent="100" />
    </mem>
    <remembered-set count="248" />
  </mem-info>
</gc-end>
<cycle-end id="937" type="scavenge" contextid="930" timestamp="2025-12-15T22:47:54.696" />
<allocation-satisfied id="938" threadId="0000000000839C00" bytesRequested="32" />
<af-end id="939" timestamp="2025-12-15T22:47:54.697" threadId="000000000083A678" success="true" from="nursery"/>
<exclusive-end id="940" timestamp="2025-12-15T22:47:54.697" durationms="9.244" />

<exclusive-start id="941" timestamp="2025-12-15T22:47:54.734" intervalms="46.168">
  <response-info timems="0.058" idlems="0.058" threads="0" lastid="0000000000839C00" lastname="Default Executor-thread-1" />
</exclusive-start>
<af-start id="942" threadId="000000000083A678" totalBytesRequested="24" timestamp="2025-12-15T22:47:54.735" intervalms="46.013" type="nursery" />
<cycle-start id="943" type="scavenge" contextid="0" timestamp="2025-12-15T22:47:54.736" intervalms="45.992" />
<gc-start id="944" type="scavenge" contextid="943" timestamp="2025-12-15T22:47:54.736">
  <mem-info id="945" free="3418136" total="30801920" percent="11">
    <mem type="nursery" free="0" total="13762560" percent="0">
      <mem type="allocate" free="0" total="12320768" percent="0" />
      <mem type="survivor" free="0" total="1441792" percent="0" />
    </mem>
    <mem type="tenure" free="3418136" total="17039360" percent="20">
      <mem type="soa" free="2566168" total="16187392" percent="15" />
      <mem type="loa" free="851968" total="851968" percent="100" />
    </mem>
    <remembered-set count="260" />
  </mem-info>
</gc-start>
<allocation-stats totalBytes="12276368" discardedBytes="624" >
  <allocated-bytes non-tlh="32" tlh="12276336" />
  <largest-consumer threadName="Default Executor-thread-1" threadId="0000000000839C00" bytes="12276368" />
</allocation-stats>
<gc-op id="946" type="scavenge" timems="0.715" contextid="943" timestamp="2025-12-15T22:47:54.739">
  <scavenger-info tenureage="3" tenuremask="ffe8" tiltratio="89" />
  <memory-copied type="nursery" objects="689" bytes="22448" bytesdiscarded="6736" />
  <memory-copied type="tenure" objects="65" bytes="1944" bytesdiscarded="0" />
  <object-monitors candidates="18" cleared="0"  />
</gc-op>
<gc-end id="947" type="scavenge" contextid="943" durationms="2.759" usertimems="1.378" systemtimems="0.000" stalltimems="0.175" timestamp="2025-12-15T22:47:54.739" activeThreads="2">
  <mem-info id="948" free="15775256" total="30801920" percent="51">
    <mem type="nursery" free="12357120" total="13762560" percent="89">
      <mem type="allocate" free="12357120" total="12386304" percent="99" />
      <mem type="survivor" free="0" total="1376256" percent="0" />
    </mem>
    <mem type="tenure" free="3418136" total="17039360" percent="20">
      <mem type="soa" free="2566168" total="16187392" percent="15" />
      <mem type="loa" free="851968" total="851968" percent="100" />
    </mem>
    <remembered-set count="251" />
  </mem-info>
</gc-end>
<cycle-end id="949" type="scavenge" contextid="943" timestamp="2025-12-15T22:47:54.740" />
<allocation-satisfied id="950" threadId="0000000000839C00" bytesRequested="24" />
<af-end id="951" timestamp="2025-12-15T22:47:54.741" threadId="000000000083A678" success="true" from="nursery"/>
<exclusive-end id="952" timestamp="2025-12-15T22:47:54.742" durationms="7.558" />

<exclusive-start id="953" timestamp="2025-12-15T22:47:54.769" intervalms="34.289">
  <response-info timems="0.058" idlems="0.058" threads="0" lastid="0000000000839C00" lastname="Default Executor-thread-1" />
</exclusive-start>
<af-start id="954" threadId="000000000083A678" totalBytesRequested="72" timestamp="2025-12-15T22:47:54.769" intervalms="34.263" type="nursery" />
<cycle-start id="955" type="scavenge" contextid="0" timestamp="2025-12-15T22:47:54.770" intervalms="34.151" />
<gc-start id="956" type="scavenge" contextid="955" timestamp="2025-12-15T22:47:54.771">
  <mem-info id="957" free="3418136" total="30801920" percent="11">
    <mem type="nursery" free="0" total="13762560" percent="0">
      <mem type="allocate" free="0" total="12386304" percent="0" />
      <mem type="survivor" free="0" total="1376256" percent="0" />
    </mem>
    <mem type="tenure" free="3418136" total="17039360" percent="20">
      <mem type="soa" free="2566168" total="16187392" percent="15" />
      <mem type="loa" free="851968" total="851968" percent="100" />
    </mem>
    <remembered-set count="269" />
  </mem-info>
</gc-start>
<allocation-stats totalBytes="12356128" discardedBytes="992" >
  <allocated-bytes non-tlh="24" tlh="12356104" />
  <largest-consumer threadName="Default Executor-thread-1" threadId="0000000000839C00" bytes="12356128" />
</allocation-stats>
<gc-op id="958" type="scavenge" timems="0.567" contextid="955" timestamp="2025-12-15T22:47:54.773">
  <scavenger-info tenureage="5" tenuremask="ffe0" tiltratio="90" />
  <memory-copied type="nursery" objects="1202" bytes="38880" bytesdiscarded="19488" />
  <object-monitors candidates="18" cleared="0"  />
</gc-op>
<heap-resize id="959" type="expand" space="nursery" amount="655360" count="1" timems="0.120" reason="excessive time being spent scavenging" timestamp="2025-12-15T22:47:54.774" />
<gc-end id="960" type="scavenge" contextid="955" durationms="3.447" usertimems="1.612" systemtimems="0.000" stalltimems="0.091" timestamp="2025-12-15T22:47:54.774" activeThreads="2">
  <mem-info id="961" free="16335896" total="31457280" percent="51">
    <mem type="nursery" free="12917760" total="14417920" percent="89">
      <mem type="allocate" free="12917760" total="12976128" percent="99" />
      <mem type="survivor" free="0" total="1441792" percent="0" />
    </mem>
    <mem type="tenure" free="3418136" total="17039360" percent="20">
      <mem type="soa" free="2566168" total="16187392" percent="15" />
      <mem type="loa" free="851968" total="851968" percent="100" />
    </mem>
    <remembered-set count="248" />
  </mem-info>
</gc-end>
<cycle-end id="962" type="scavenge" contextid="955" timestamp="2025-12-15T22:47:54.775" />
<allocation-satisfied id="963" threadId="0000000000839C00" bytesRequested="72" />
<af-end id="964" timestamp="2025-12-15T22:47:54.776" threadId="000000000083A678" success="true" from="nursery"/>
<exclusive-end id="965" timestamp="2025-12-15T22:47:54.776" durationms="7.586" />

<exclusive-start id="966" timestamp="2025-12-15T22:47:55.204" intervalms="435.829">
  <response-info timems="0.843" idlems="0.521" threads="1" lastid="0000000000029600" lastname="JIT Compilation Thread-000" />
</exclusive-start>
<af-start id="967" threadId="000000000083A678" totalBytesRequested="8200" timestamp="2025-12-15T22:47:55.205" intervalms="436.002" type="nursery" />
<cycle-start id="968" type="scavenge" contextid="0" timestamp="2025-12-15T22:47:55.206" intervalms="436.353" />
<gc-start id="969" type="scavenge" contextid="968" timestamp="2025-12-15T22:47:55.207">
  <mem-info id="970" free="3406472" total="31457280" percent="10">
    <mem type="nursery" free="0" total="14417920" percent="0">
      <mem type="allocate" free="0" total="12976128" percent="0" />
      <mem type="survivor" free="0" total="1441792" percent="0" />
    </mem>
    <mem type="tenure" free="3406472" total="17039360" percent="19">
      <mem type="soa" free="2554504" total="16187392" percent="15" />
      <mem type="loa" free="851968" total="851968" percent="100" />
    </mem>
    <remembered-set count="3227" />
  </mem-info>
</gc-start>
<allocation-stats totalBytes="12879152" discardedBytes="50272" >
  <allocated-bytes non-tlh="11736" tlh="12867416" />
  <largest-consumer threadName="Default Executor-thread-1" threadId="0000000000839C00" bytes="12817632" />
</allocation-stats>
<gc-op id="971" type="scavenge" timems="3.280" contextid="968" timestamp="2025-12-15T22:47:55.212">
  <scavenger-info tenureage="3" tenuremask="fff8" tiltratio="90" />
  <memory-copied type="nursery" objects="32479" bytes="1439648" bytesdiscarded="1176" />
  <memory-copied type="tenure" objects="2415" bytes="98072" bytesdiscarded="40" />
  <copy-failed type="nursery" objects="2356" bytes="96104" />
  <ownableSynchronizers candidates="79" cleared="45" />
  <references type="soft" candidates="2" cleared="0" enqueued="0" dynamicThreshold="9" maxThreshold="32" />
  <references type="weak" candidates="58" cleared="43" enqueued="43" />
  <references type="phantom" candidates="50" cleared="0" enqueued="0" />
  <object-monitors candidates="18" cleared="0"  />
</gc-op>
<gc-end id="972" type="scavenge" contextid="968" durationms="6.438" usertimems="7.259" systemtimems="0.000" stalltimems="0.638" timestamp="2025-12-15T22:47:55.214" activeThreads="2">
  <mem-info id="973" free="12488584" total="31457280" percent="39">
    <mem type="nursery" free="9175040" total="14417920" percent="63">
      <mem type="allocate" free="9175040" total="10616832" percent="86" />
      <mem type="survivor" free="0" total="3801088" percent="0" />
    </mem>
    <mem type="tenure" free="3313544" total="17039360" percent="19">
      <mem type="soa" free="2461576" total="16187392" percent="15" />
      <mem type="loa" free="851968" total="851968" percent="100" />
    </mem>
    <pending-finalizers system="0" default="0" reference="43" classloader="0" />
    <remembered-set count="2124" />
  </mem-info>
</gc-end>
<cycle-end id="974" type="scavenge" contextid="968" timestamp="2025-12-15T22:47:55.215" />
<allocation-satisfied id="975" threadId="0000000000839C00" bytesRequested="8200" />
<af-end id="976" timestamp="2025-12-15T22:47:55.216" threadId="000000000083A678" success="true" from="nursery"/>
<exclusive-end id="977" timestamp="2025-12-15T22:47:55.217" durationms="12.946" />

<exclusive-start id="978" timestamp="2025-12-15T22:47:55.320" intervalms="115.289">
  <response-info timems="0.066" idlems="0.066" threads="0" lastid="0000000000839C00" lastname="Default Executor-thread-1" />
</exclusive-start>
<af-start id="979" threadId="000000000083A678" totalBytesRequested="32" timestamp="2025-12-15T22:47:55.321" intervalms="115.442" type="nursery" />
<cycle-start id="980" type="scavenge" contextid="0" timestamp="2025-12-15T22:47:55.322" intervalms="115.294" />
<gc-start id="981" type="scavenge" contextid="980" timestamp="2025-12-15T22:47:55.324">
  <mem-info id="982" free="3312744" total="31457280" percent="10">
    <mem type="nursery" free="0" total="14417920" percent="0">
      <mem type="allocate" free="0" total="10616832" percent="0" />
      <mem type="survivor" free="0" total="3801088" percent="0" />
    </mem>
    <mem type="tenure" free="3312744" total="17039360" percent="19">
      <mem type="soa" free="2460776" total="16187392" percent="15" />
      <mem type="loa" free="851968" total="851968" percent="100" />
    </mem>
    <remembered-set count="2511" />
  </mem-info>
</gc-start>
<allocation-stats totalBytes="9174872" discardedBytes="968" >
  <allocated-bytes non-tlh="9000" tlh="9165872" />
  <largest-consumer threadName="Default Executor-thread-1" threadId="0000000000839C00" bytes="9072512" />
</allocation-stats>
<gc-op id="983" type="scavenge" timems="8.217" contextid="980" timestamp="2025-12-15T22:47:55.335">
  <scavenger-info tenureage="6" tenuremask="ffc0" tiltratio="73" />
  <memory-copied type="nursery" objects="57365" bytes="3042488" bytesdiscarded="23896" />
  <ownableSynchronizers candidates="264" cleared="138" />
  <references type="soft" candidates="2" cleared="0" enqueued="0" dynamicThreshold="9" maxThreshold="32" />
  <references type="weak" candidates="14" cleared="0" enqueued="0" />
  <references type="phantom" candidates="187" cleared="0" enqueued="0" />
  <object-monitors candidates="18" cleared="0"  />
</gc-op>
<heap-resize id="984" type="expand" space="nursery" amount="786432" count="1" timems="0.213" reason="excessive time being spent scavenging" timestamp="2025-12-15T22:47:55.336" />
<gc-end id="985" type="scavenge" contextid="980" durationms="13.277" usertimems="12.286" systemtimems="2.845" stalltimems="2.135" timestamp="2025-12-15T22:47:55.337" activeThreads="2">
  <mem-info id="986" free="9812152" total="32243712" percent="30">
    <mem type="nursery" free="6499408" total="15204352" percent="42">
      <mem type="allocate" free="6499408" total="9568256" percent="67" />
      <mem type="survivor" free="0" total="5636096" percent="0" />
    </mem>
    <mem type="tenure" free="3312744" total="17039360" percent="19">
      <mem type="soa" free="2460776" total="16187392" percent="15" />
      <mem type="loa" free="851968" total="851968" percent="100" />
    </mem>
    <remembered-set count="2290" />
  </mem-info>
</gc-end>
<cycle-end id="987" type="scavenge" contextid="980" timestamp="2025-12-15T22:47:55.339" />
<allocation-satisfied id="988" threadId="0000000000839C00" bytesRequested="32" />
<af-end id="989" timestamp="2025-12-15T22:47:55.341" threadId="000000000083A678" success="true" from="nursery"/>
<exclusive-end id="990" timestamp="2025-12-15T22:47:55.342" durationms="22.521" />

<exclusive-start id="991" timestamp="2025-12-15T22:47:55.458" intervalms="138.149">
  <response-info timems="0.056" idlems="0.056" threads="0" lastid="0000000000839C00" lastname="Default Executor-thread-1" />
</exclusive-start>
<af-start id="992" threadId="000000000083A678" totalBytesRequested="136" timestamp="2025-12-15T22:47:55.459" intervalms="137.910" type="nursery" />
<cycle-start id="993" type="scavenge" contextid="0" timestamp="2025-12-15T22:47:55.460" intervalms="138.161" />
<gc-start id="994" type="scavenge" contextid="993" timestamp="2025-12-15T22:47:55.461">
  <mem-info id="995" free="3312360" total="32243712" percent="10">
    <mem type="nursery" free="0" total="15204352" percent="0">
      <mem type="allocate" free="0" total="9568256" percent="0" />
      <mem type="survivor" free="0" total="5636096" percent="0" />
    </mem>
    <mem type="tenure" free="3312360" total="17039360" percent="19">
      <mem type="soa" free="2460392" total="16187392" percent="15" />
      <mem type="loa" free="851968" total="851968" percent="100" />
    </mem>
    <remembered-set count="2553" />
  </mem-info>
</gc-start>
<allocation-stats totalBytes="6498632" discardedBytes="1160" >
  <allocated-bytes non-tlh="416" tlh="6498216" />
  <largest-consumer threadName="Default Executor-thread-1" threadId="0000000000839C00" bytes="6433040" />
</allocation-stats>
<gc-op id="996" type="scavenge" timems="6.721" contextid="993" timestamp="2025-12-15T22:47:55.469">
  <scavenger-info tenureage="2" tenuremask="fffc" tiltratio="62" />
  <memory-copied type="nursery" objects="37549" bytes="2759072" bytesdiscarded="27312" />
  <memory-copied type="tenure" objects="32382" bytes="1433376" bytesdiscarded="936" />
  <ownableSynchronizers candidates="216" cleared="56" />
  <references type="weak" candidates="1" cleared="0" enqueued="0" />
  <references type="phantom" candidates="190" cleared="0" enqueued="0" />
  <object-monitors candidates="19" cleared="0"  />
</gc-op>
<gc-end id="997" type="scavenge" contextid="993" durationms="9.459" usertimems="11.264" systemtimems="2.127" stalltimems="1.045" timestamp="2025-12-15T22:47:55.470" activeThreads="2">
  <mem-info id="998" free="10157560" total="32243712" percent="31">
    <mem type="nursery" free="8286656" total="15204352" percent="54">
      <mem type="allocate" free="8286656" total="11075584" percent="74" />
      <mem type="survivor" free="0" total="4128768" percent="0" />
    </mem>
    <mem type="tenure" free="1870904" total="17039360" percent="10">
      <mem type="soa" free="1018936" total="16187392" percent="6" />
      <mem type="loa" free="851968" total="851968" percent="100" />
    </mem>
    <remembered-set count="677" />
  </mem-info>
</gc-end>
<cycle-end id="999" type="scavenge" contextid="993" timestamp="2025-12-15T22:47:55.471" />
<allocation-satisfied id="1000" threadId="0000000000839C00" bytesRequested="136" />
<af-end id="1001" timestamp="2025-12-15T22:47:55.473" threadId="000000000083A678" success="true" from="nursery"/>
<exclusive-end id="1002" timestamp="2025-12-15T22:47:55.473" durationms="15.439" />

<concurrent-kickoff id="1003" timestamp="2025-12-15T22:47:55.560">
  <kickoff reason="threshold reached" targetBytes="6706300" thresholdFreeBytes="930257"  remainingFree="614848" tenureFreeBytes="1870744" nurseryFreeBytes="614848" />
</concurrent-kickoff>
<exclusive-start id="1004" timestamp="2025-12-15T22:47:55.563" intervalms="104.649">
  <response-info timems="0.051" idlems="0.051" threads="0" lastid="0000000000839C00" lastname="Default Executor-thread-1" />
</exclusive-start>
<cycle-start id="1005" type="global" contextid="0" timestamp="2025-12-15T22:47:55.563" intervalms="1622.772" />
<concurrent-start id="1006" type="global mark" contextid="1005" timestamp="2025-12-15T22:47:55.564">
</concurrent-start>
<exclusive-end id="1007" timestamp="2025-12-15T22:47:55.565" durationms="2.111" />

<exclusive-start id="1008" timestamp="2025-12-15T22:47:55.585" intervalms="22.331">
  <response-info timems="0.276" idlems="0.159" threads="1" lastid="0000000000029600" lastname="JIT Compilation Thread-000" />
</exclusive-start>
<af-start id="1009" threadId="000000000083A678" totalBytesRequested="32" timestamp="2025-12-15T22:47:55.586" intervalms="127.269" type="nursery" />
<cycle-start id="1010" type="scavenge" contextid="0" timestamp="2025-12-15T22:47:55.587" intervalms="126.990" />
<gc-start id="1011" type="scavenge" contextid="1010" timestamp="2025-12-15T22:47:55.588">
  <mem-info id="1012" free="1870696" total="32243712" percent="5">
    <mem type="nursery" free="0" total="15204352" percent="0">
      <mem type="allocate" free="0" total="11075584" percent="0" />
      <mem type="survivor" free="0" total="4128768" percent="0" />
    </mem>
    <mem type="tenure" free="1870696" total="17039360" percent="10">
      <mem type="soa" free="1018728" total="16187392" percent="6" />
      <mem type="loa" free="851968" total="851968" percent="100" />
    </mem>
    <remembered-set count="1093" />
  </mem-info>
</gc-start>
<allocation-stats totalBytes="8284848" discardedBytes="2016" >
  <allocated-bytes non-tlh="344" tlh="8284504" />
  <largest-consumer threadName="Default Executor-thread-1" threadId="0000000000839C00" bytes="8207048" />
</allocation-stats>
<gc-op id="1013" type="scavenge" timems="3.137" contextid="1010" timestamp="2025-12-15T22:47:55.592">
  <scavenger-info tenureage="6" tenuremask="ffc0" tiltratio="72" />
  <memory-copied type="nursery" objects="56952" bytes="3986088" bytesdiscarded="138672" />
  <ownableSynchronizers candidates="311" cleared="108" />
  <references type="weak" candidates="2" cleared="0" enqueued="0" />
  <references type="phantom" candidates="300" cleared="0" enqueued="0" />
  <object-monitors candidates="19" cleared="0"  />
</gc-op>
<gc-end id="1014" type="scavenge" contextid="1010" durationms="5.394" usertimems="8.344" systemtimems="0.000" stalltimems="1.207" timestamp="2025-12-15T22:47:55.593" activeThreads="3">
  <mem-info id="1015" free="6916968" total="32243712" percent="21">
    <mem type="nursery" free="5046272" total="15204352" percent="33">
      <mem type="allocate" free="5046272" total="9175040" percent="55" />
      <mem type="survivor" free="0" total="6029312" percent="0" />
    </mem>
    <mem type="tenure" free="1870696" total="17039360" percent="10">
      <mem type="soa" free="1018728" total="16187392" percent="6" />
      <mem type="loa" free="851968" total="851968" percent="100" />
    </mem>
    <remembered-set count="854" />
  </mem-info>
</gc-end>
<cycle-end id="1016" type="scavenge" contextid="1010" timestamp="2025-12-15T22:47:55.594" />
<allocation-satisfied id="1017" threadId="0000000000839C00" bytesRequested="32" />
<af-end id="1018" timestamp="2025-12-15T22:47:55.595" threadId="000000000083A678" success="true" from="nursery"/>
<exclusive-end id="1019" timestamp="2025-12-15T22:47:55.596" durationms="10.834" />

<concurrent-end id="1020" type="global mark" contextid="1005" timestamp="2025-12-15T22:47:55.597">
<gc-op id="1021" type="trace" timems="32.924" contextid="1005" timestamp="2025-12-15T22:47:55.597">
  <trace bytesTraced="8465324" workStackOverflowCount="0" />
  <card-cleaning reason="card cleaning threshold reached" bytesTraced="8244" cardsCleaned="45" />
</gc-op>
</concurrent-end>

<exclusive-start id="1022" timestamp="2025-12-15T22:47:55.598" intervalms="12.964">
  <response-info timems="0.050" idlems="0.050" threads="0" lastid="0000000000589A00" lastname="Framework Event Dispatcher: Equinox Container: ecec021b-da39-48" />
</exclusive-start>
<concurrent-global-final id="1023" timestamp="2025-12-15T22:47:55.598" contextid="1005" intervalms="2151.821" >
  <concurrent-trace-info reason="card cleaning threshold reached" tracedByMutators="2719876" tracedByHelpers="5753692" cardsCleaned="45" workStackOverflowCount="0" />
</concurrent-global-final>
<gc-start id="1024" type="global" contextid="1005" timestamp="2025-12-15T22:47:55.599">
  <mem-info id="1025" free="6720328" total="32243712" percent="20">
    <mem type="nursery" free="4849632" total="15204352" percent="31">
      <mem type="allocate" free="4849632" total="9175040" percent="52" />
      <mem type="survivor" free="0" total="6029312" percent="0" />
    </mem>
    <mem type="tenure" free="1870696" total="17039360" percent="10">
      <mem type="soa" free="1018728" total="16187392" percent="6" />
      <mem type="loa" free="851968" total="851968" percent="100" />
    </mem>
    <remembered-set count="859" />
  </mem-info>
</gc-start>
<allocation-stats totalBytes="196640" discardedBytes="0" >
  <allocated-bytes non-tlh="32" tlh="196608" />
  <largest-consumer threadName="Default Executor-thread-1" threadId="0000000000839C00" bytes="176160" />
</allocation-stats>
<gc-op id="1026" type="rs-scan" timems="3.659" contextid="1005" timestamp="2025-12-15T22:47:55.604">
  <scan objectsFound="51409" bytesTraced="1509644" workStackOverflowCount="0" />
</gc-op>
<gc-op id="1027" type="card-cleaning" timems="1.221" contextid="1005" timestamp="2025-12-15T22:47:55.606">
  <card-cleaning cardsCleaned="75" bytesTraced="34188" workStackOverflowCount="0" />
</gc-op>
<gc-op id="1028" type="mark" timems="6.615" contextid="1005" timestamp="2025-12-15T22:47:55.613">
  <trace-info objectcount="237" scancount="209" scanbytes="4216" />
  <finalization candidates="729" enqueued="0" />
  <ownableSynchronizers candidates="870" cleared="7" />
  <references type="soft" candidates="4490" cleared="0" enqueued="0" dynamicThreshold="9" maxThreshold="32" />
  <references type="weak" candidates="1313" cleared="0" enqueued="0" />
  <references type="phantom" candidates="354" cleared="0" enqueued="0" />
  <stringconstants candidates="12766" cleared="1"  />
  <object-monitors candidates="19" cleared="0"  />
</gc-op>
<gc-op id="1029" type="sweep" timems="3.864" contextid="1005" timestamp="2025-12-15T22:47:55.618" />
<heap-resize id="1030" type="expand" space="tenure" amount="2949120" count="1" timems="0.397" reason="insufficient free space following gc" timestamp="2025-12-15T22:47:55.619" />
<gc-end id="1031" type="global" contextid="1005" durationms="20.112" usertimems="16.225" systemtimems="28.743" stalltimems="122.444" timestamp="2025-12-15T22:47:55.619" activeThreads="15">
  <mem-info id="1032" free="11154168" total="35192832" percent="31">
    <mem type="nursery" free="5146000" total="15204352" percent="33">
      <mem type="allocate" free="5146000" total="9175040" percent="56" />
      <mem type="survivor" free="0" total="6029312" percent="0" />
    </mem>
    <mem type="tenure" free="6008168" total="19988480" percent="30" micro-fragmented="237616" macro-fragmented="0">
      <mem type="soa" free="5008744" total="18989056" percent="26" />
      <mem type="loa" free="999424" total="999424" percent="100" />
    </mem>
    <remembered-set count="843" />
  </mem-info>
</gc-end>
<cycle-end id="1033" type="global" contextid="1005" timestamp="2025-12-15T22:47:55.620" />
<exclusive-end id="1034" timestamp="2025-12-15T22:47:55.620" durationms="22.572" />

<exclusive-start id="1035" timestamp="2025-12-15T22:47:55.653" intervalms="55.087">
  <response-info timems="0.045" idlems="0.045" threads="0" lastid="0000000000839C00" lastname="Default Executor-thread-1" />
</exclusive-start>
<af-start id="1036" threadId="000000000083A678" totalBytesRequested="8200" timestamp="2025-12-15T22:47:55.654" intervalms="67.539" type="nursery" />
<cycle-start id="1037" type="scavenge" contextid="0" timestamp="2025-12-15T22:47:55.654" intervalms="67.122" />
<gc-start id="1038" type="scavenge" contextid="1037" timestamp="2025-12-15T22:47:55.655">
  <mem-info id="1039" free="6008104" total="35192832" percent="17">
    <mem type="nursery" free="0" total="15204352" percent="0">
      <mem type="allocate" free="0" total="9175040" percent="0" />
      <mem type="survivor" free="0" total="6029312" percent="0" />
    </mem>
    <mem type="tenure" free="6008104" total="19988480" percent="30">
      <mem type="soa" free="5008680" total="18989056" percent="26" />
      <mem type="loa" free="999424" total="999424" percent="100" />
    </mem>
    <remembered-set count="981" />
  </mem-info>
</gc-start>
<allocation-stats totalBytes="5128184" discardedBytes="17880" >
  <allocated-bytes non-tlh="132544" tlh="4995640" />
  <largest-consumer threadName="Default Executor-thread-1" threadId="0000000000839C00" bytes="5074280" />
</allocation-stats>
<gc-op id="1040" type="scavenge" timems="5.119" contextid="1037" timestamp="2025-12-15T22:47:55.661">
  <scavenger-info tenureage="2" tenuremask="fffc" tiltratio="60" />
  <memory-copied type="nursery" objects="33768" bytes="2185816" bytesdiscarded="119640" />
  <memory-copied type="tenure" objects="36790" bytes="2351960" bytesdiscarded="4176" />
  <ownableSynchronizers candidates="1866" cleared="1605" />
  <references type="weak" candidates="2" cleared="0" enqueued="0" />
  <references type="phantom" candidates="199" cleared="0" enqueued="0" />
  <object-monitors candidates="19" cleared="0"  />
</gc-op>
<heap-resize id="1041" type="expand" space="nursery" amount="1048576" count="1" timems="0.165" reason="excessive time being spent scavenging" timestamp="2025-12-15T22:47:55.662" />
<gc-end id="1042" type="scavenge" contextid="1037" durationms="7.788" usertimems="15.063" systemtimems="0.000" stalltimems="1.306" timestamp="2025-12-15T22:47:55.662" activeThreads="3">
  <mem-info id="1043" free="11173896" total="36241408" percent="30">
    <mem type="nursery" free="7653392" total="16252928" percent="47">
      <mem type="allocate" free="7653392" total="9961472" percent="76" />
      <mem type="survivor" free="0" total="6291456" percent="0" />
    </mem>
    <mem type="tenure" free="3520504" total="19988480" percent="17">
      <mem type="soa" free="2521080" total="18989056" percent="13" />
      <mem type="loa" free="999424" total="999424" percent="100" />
    </mem>
    <remembered-set count="816" />
  </mem-info>
</gc-end>
<cycle-end id="1044" type="scavenge" contextid="1037" timestamp="2025-12-15T22:47:55.663" />
<allocation-satisfied id="1045" threadId="0000000000839C00" bytesRequested="8200" />
<af-end id="1046" timestamp="2025-12-15T22:47:55.664" threadId="000000000083A678" success="true" from="nursery"/>
<exclusive-end id="1047" timestamp="2025-12-15T22:47:55.665" durationms="11.752" />

<concurrent-kickoff id="1048" timestamp="2025-12-15T22:47:55.842">
  <kickoff reason="threshold reached" targetBytes="8271167" thresholdFreeBytes="1146178"  remainingFree="1005584" tenureFreeBytes="3520232" nurseryFreeBytes="1005584" />
</concurrent-kickoff>
<exclusive-start id="1049" timestamp="2025-12-15T22:47:55.843" intervalms="190.041">
  <response-info timems="0.056" idlems="0.056" threads="0" lastid="0000000000839C00" lastname="Default Executor-thread-1" />
</exclusive-start>
<cycle-start id="1050" type="global" contextid="0" timestamp="2025-12-15T22:47:55.844" intervalms="280.463" />
<concurrent-start id="1051" type="global mark" contextid="1050" timestamp="2025-12-15T22:47:55.845">
</concurrent-start>
<exclusive-end id="1052" timestamp="2025-12-15T22:47:55.845" durationms="2.253" />

<exclusive-start id="1053" timestamp="2025-12-15T22:47:55.871" intervalms="27.903">
  <response-info timems="0.043" idlems="0.043" threads="0" lastid="0000000000839C00" lastname="Default Executor-thread-1" />
</exclusive-start>
<af-start id="1054" threadId="000000000083A678" totalBytesRequested="22560" timestamp="2025-12-15T22:47:55.872" intervalms="218.078" type="nursery" />
<cycle-start id="1055" type="scavenge" contextid="0" timestamp="2025-12-15T22:47:55.872" intervalms="218.521" />
<gc-start id="1056" type="scavenge" contextid="1055" timestamp="2025-12-15T22:47:55.873">
  <mem-info id="1057" free="3520136" total="36241408" percent="9">
    <mem type="nursery" free="0" total="16252928" percent="0">
      <mem type="allocate" free="0" total="9961472" percent="0" />
      <mem type="survivor" free="0" total="6291456" percent="0" />
    </mem>
    <mem type="tenure" free="3520136" total="19988480" percent="17">
      <mem type="soa" free="2520712" total="18989056" percent="13" />
      <mem type="loa" free="999424" total="999424" percent="100" />
    </mem>
    <remembered-set count="1204" />
  </mem-info>
</gc-start>
<allocation-stats totalBytes="7595752" discardedBytes="58008" >
  <allocated-bytes non-tlh="175848" tlh="7419904" />
  <largest-consumer threadName="Default Executor-thread-1" threadId="0000000000839C00" bytes="7530288" />
</allocation-stats>
<gc-op id="1058" type="scavenge" timems="4.400" contextid="1055" timestamp="2025-12-15T22:47:55.879">
  <scavenger-info tenureage="2" tenuremask="ffe4" tiltratio="61" />
  <memory-copied type="nursery" objects="27929" bytes="2108096" bytesdiscarded="118240" />
  <memory-copied type="tenure" objects="19188" bytes="1221192" bytesdiscarded="1840" />
  <ownableSynchronizers candidates="277" cleared="87" />
  <references type="weak" candidates="2" cleared="0" enqueued="0" />
  <references type="phantom" candidates="175" cleared="0" enqueued="0" />
  <object-monitors candidates="19" cleared="0"  />
</gc-op>
<gc-end id="1059" type="scavenge" contextid="1055" durationms="6.812" usertimems="9.221" systemtimems="5.979" stalltimems="2.458" timestamp="2025-12-15T22:47:55.880" activeThreads="4">
  <mem-info id="1060" free="10954496" total="36241408" percent="30">
    <mem type="nursery" free="8846920" total="16252928" percent="54">
      <mem type="allocate" free="8846920" total="11075584" percent="79" />
      <mem type="survivor" free="0" total="5177344" percent="0" />
    </mem>
    <mem type="tenure" free="2107576" total="19988480" percent="10">
      <mem type="soa" free="1108152" total="18989056" percent="5" />
      <mem type="loa" free="999424" total="999424" percent="100" />
    </mem>
    <remembered-set count="743" />
  </mem-info>
</gc-end>
<cycle-end id="1061" type="scavenge" contextid="1055" timestamp="2025-12-15T22:47:55.880" />
<allocation-satisfied id="1062" threadId="0000000000839C00" bytesRequested="22560" />
<af-end id="1063" timestamp="2025-12-15T22:47:55.882" threadId="000000000083A678" success="true" from="nursery"/>
<exclusive-end id="1064" timestamp="2025-12-15T22:47:55.883" durationms="12.458" />

<concurrent-end id="1065" type="global mark" contextid="1050" timestamp="2025-12-15T22:47:55.888">
<gc-op id="1066" type="trace" timems="43.716" contextid="1050" timestamp="2025-12-15T22:47:55.888">
  <trace bytesTraced="9799048" workStackOverflowCount="0" />
  <card-cleaning reason="card cleaning threshold reached" bytesTraced="48928" cardsCleaned="208" />
</gc-op>
</concurrent-end>

<exclusive-start id="1067" timestamp="2025-12-15T22:47:55.890" intervalms="18.697">
  <response-info timems="0.052" idlems="0.052" threads="0" lastid="0000000000839C00" lastname="Default Executor-thread-1" />
</exclusive-start>
<concurrent-global-final id="1068" timestamp="2025-12-15T22:47:55.890" contextid="1050" intervalms="292.002" >
  <concurrent-trace-info reason="card cleaning threshold reached" tracedByMutators="3490244" tracedByHelpers="6357732" cardsCleaned="208" workStackOverflowCount="0" />
</concurrent-global-final>
<gc-start id="1069" type="global" contextid="1050" timestamp="2025-12-15T22:47:55.891">
  <mem-info id="1070" free="10440328" total="36241408" percent="28">
    <mem type="nursery" free="8332840" total="16252928" percent="51">
      <mem type="allocate" free="8332840" total="11075584" percent="75" />
      <mem type="survivor" free="0" total="5177344" percent="0" />
    </mem>
    <mem type="tenure" free="2107488" total="19988480" percent="10">
      <mem type="soa" free="1108064" total="18989056" percent="5" />
      <mem type="loa" free="999424" total="999424" percent="100" />
    </mem>
    <remembered-set count="745" />
  </mem-info>
</gc-start>
<allocation-stats totalBytes="513696" discardedBytes="472" >
  <allocated-bytes non-tlh="22648" tlh="491048" />
  <largest-consumer threadName="Default Executor-thread-1" threadId="0000000000839C00" bytes="513696" />
</allocation-stats>
<gc-op id="1071" type="rs-scan" timems="3.401" contextid="1050" timestamp="2025-12-15T22:47:55.896">
  <scan objectsFound="26566" bytesTraced="817432" workStackOverflowCount="0" />
</gc-op>
<gc-op id="1072" type="card-cleaning" timems="1.952" contextid="1050" timestamp="2025-12-15T22:47:55.899">
  <card-cleaning cardsCleaned="0" bytesTraced="0" workStackOverflowCount="0" />
</gc-op>
<gc-op id="1073" type="mark" timems="7.918" contextid="1050" timestamp="2025-12-15T22:47:55.907">
  <trace-info objectcount="166" scancount="160" scanbytes="3072" />
  <finalization candidates="729" enqueued="0" />
  <ownableSynchronizers candidates="977" cleared="0" />
  <references type="soft" candidates="4490" cleared="0" enqueued="0" dynamicThreshold="9" maxThreshold="32" />
  <references type="weak" candidates="1312" cleared="0" enqueued="0" />
  <references type="phantom" candidates="350" cleared="0" enqueued="0" />
  <stringconstants candidates="12775" cleared="0"  />
  <object-monitors candidates="19" cleared="0"  />
</gc-op>
<gc-op id="1074" type="sweep" timems="2.742" contextid="1050" timestamp="2025-12-15T22:47:55.911" />
<heap-resize id="1075" type="expand" space="tenure" amount="4456448" count="1" timems="1.496" reason="insufficient free space following gc" timestamp="2025-12-15T22:47:55.913" />
<gc-end id="1076" type="global" contextid="1050" durationms="22.874" usertimems="11.758" systemtimems="34.627" stalltimems="137.495" timestamp="2025-12-15T22:47:55.914" activeThreads="17">
  <mem-info id="1077" free="16368848" total="40697856" percent="40">
    <mem type="nursery" free="9000992" total="16252928" percent="55">
      <mem type="allocate" free="9000992" total="11075584" percent="81" />
      <mem type="survivor" free="0" total="5177344" percent="0" />
    </mem>
    <mem type="tenure" free="7367856" total="24444928" percent="30" micro-fragmented="254358" macro-fragmented="0">
      <mem type="soa" free="6145200" total="23222272" percent="26" />
      <mem type="loa" free="1222656" total="1222656" percent="100" />
    </mem>
    <remembered-set count="735" />
  </mem-info>
</gc-end>
<cycle-end id="1078" type="global" contextid="1050" timestamp="2025-12-15T22:47:55.915" />
<exclusive-end id="1079" timestamp="2025-12-15T22:47:55.915" durationms="25.775" />

<exclusive-start id="1080" timestamp="2025-12-15T22:47:56.073" intervalms="183.054">
  <response-info timems="0.051" idlems="0.051" threads="0" lastid="0000000000839C00" lastname="Default Executor-thread-1" />
</exclusive-start>
<af-start id="1081" threadId="000000000083A678" totalBytesRequested="13160" timestamp="2025-12-15T22:47:56.073" intervalms="201.658" type="nursery" />
<cycle-start id="1082" type="scavenge" contextid="0" timestamp="2025-12-15T22:47:56.074" intervalms="201.573" />
<gc-start id="1083" type="scavenge" contextid="1082" timestamp="2025-12-15T22:47:56.075">
  <mem-info id="1084" free="7366096" total="40697856" percent="18">
    <mem type="nursery" free="0" total="16252928" percent="0">
      <mem type="allocate" free="0" total="11075584" percent="0" />
      <mem type="survivor" free="0" total="5177344" percent="0" />
    </mem>
    <mem type="tenure" free="7366096" total="24444928" percent="30">
      <mem type="soa" free="6143440" total="23222272" percent="26" />
      <mem type="loa" free="1222656" total="1222656" percent="100" />
    </mem>
    <remembered-set count="1605" />
  </mem-info>
</gc-start>
<allocation-stats totalBytes="8939248" discardedBytes="62760" >
  <allocated-bytes non-tlh="224560" tlh="8714688" />
  <largest-consumer threadName="Default Executor-thread-1" threadId="0000000000839C00" bytes="8857360" />
</allocation-stats>
<gc-op id="1085" type="scavenge" timems="2.636" contextid="1082" timestamp="2025-12-15T22:47:56.079">
  <scavenger-info tenureage="2" tenuremask="fff4" tiltratio="68" />
  <memory-copied type="nursery" objects="32079" bytes="2116016" bytesdiscarded="195192" />
  <memory-copied type="tenure" objects="14555" bytes="961736" bytesdiscarded="3464" />
  <ownableSynchronizers candidates="2099" cleared="1924" />
  <references type="phantom" candidates="174" cleared="0" enqueued="0" />
  <object-monitors candidates="19" cleared="0"  />
</gc-op>
<gc-end id="1086" type="scavenge" contextid="1082" durationms="4.457" usertimems="5.505" systemtimems="3.598" stalltimems="1.571" timestamp="2025-12-15T22:47:56.079" activeThreads="4">
  <mem-info id="1087" free="15520944" total="40697856" percent="38">
    <mem type="nursery" free="9220816" total="16252928" percent="56">
      <mem type="allocate" free="9220816" total="11534336" percent="79" />
      <mem type="survivor" free="0" total="4718592" percent="0" />
    </mem>
    <mem type="tenure" free="6300128" total="24444928" percent="25">
      <mem type="soa" free="5077472" total="23222272" percent="21" />
      <mem type="loa" free="1222656" total="1222656" percent="100" />
    </mem>
    <remembered-set count="791" />
  </mem-info>
</gc-end>
<cycle-end id="1088" type="scavenge" contextid="1082" timestamp="2025-12-15T22:47:56.080" />
<allocation-satisfied id="1089" threadId="0000000000839C00" bytesRequested="13160" />
<af-end id="1090" timestamp="2025-12-15T22:47:56.081" threadId="000000000083A678" success="true" from="nursery"/>
<exclusive-end id="1091" timestamp="2025-12-15T22:47:56.082" durationms="9.106" />

<exclusive-start id="1092" timestamp="2025-12-15T22:47:56.253" intervalms="179.987">
  <response-info timems="0.056" idlems="0.056" threads="0" lastid="0000000000839C00" lastname="Default Executor-thread-1" />
</exclusive-start>
<af-start id="1093" threadId="000000000083A678" totalBytesRequested="32" timestamp="2025-12-15T22:47:56.253" intervalms="180.078" type="nursery" />
<cycle-start id="1094" type="scavenge" contextid="0" timestamp="2025-12-15T22:47:56.254" intervalms="180.010" />
<gc-start id="1095" type="scavenge" contextid="1094" timestamp="2025-12-15T22:47:56.255">
  <mem-info id="1096" free="6299056" total="40697856" percent="15">
    <mem type="nursery" free="0" total="16252928" percent="0">
      <mem type="allocate" free="0" total="11534336" percent="0" />
      <mem type="survivor" free="0" total="4718592" percent="0" />
    </mem>
    <mem type="tenure" free="6299056" total="24444928" percent="25">
      <mem type="soa" free="5076400" total="23222272" percent="21" />
      <mem type="loa" free="1222656" total="1222656" percent="100" />
    </mem>
    <remembered-set count="1284" />
  </mem-info>
</gc-start>
<allocation-stats totalBytes="9218256" discardedBytes="3632" >
  <allocated-bytes non-tlh="401528" tlh="8816728" />
  <largest-consumer threadName="Default Executor-thread-1" threadId="0000000000839C00" bytes="9165136" />
</allocation-stats>
<gc-op id="1097" type="scavenge" timems="2.353" contextid="1094" timestamp="2025-12-15T22:47:56.258">
  <scavenger-info tenureage="4" tenuremask="fff0" tiltratio="70" />
  <memory-copied type="nursery" objects="46486" bytes="3465776" bytesdiscarded="63256" />
  <ownableSynchronizers candidates="257" cleared="81" />
  <references type="weak" candidates="2" cleared="1" enqueued="1" />
  <references type="phantom" candidates="255" cleared="0" enqueued="0" />
  <object-monitors candidates="19" cleared="0"  />
</gc-op>
<gc-end id="1098" type="scavenge" contextid="1094" durationms="4.131" usertimems="4.965" systemtimems="3.242" stalltimems="1.722" timestamp="2025-12-15T22:47:56.259" activeThreads="4">
  <mem-info id="1099" free="13252360" total="40697856" percent="32">
    <mem type="nursery" free="6953304" total="16252928" percent="42">
      <mem type="allocate" free="6953304" total="10485760" percent="66" />
      <mem type="survivor" free="0" total="5767168" percent="0" />
    </mem>
    <mem type="tenure" free="6299056" total="24444928" percent="25">
      <mem type="soa" free="5076400" total="23222272" percent="21" />
      <mem type="loa" free="1222656" total="1222656" percent="100" />
    </mem>
    <pending-finalizers system="0" default="0" reference="1" classloader="0" />
    <remembered-set count="1071" />
  </mem-info>
</gc-end>
<cycle-end id="1100" type="scavenge" contextid="1094" timestamp="2025-12-15T22:47:56.259" />
<allocation-satisfied id="1101" threadId="0000000000839C00" bytesRequested="32" />
<af-end id="1102" timestamp="2025-12-15T22:47:56.260" threadId="000000000083A678" success="true" from="nursery"/>
<exclusive-end id="1103" timestamp="2025-12-15T22:47:56.261" durationms="8.213" />

<exclusive-start id="1104" timestamp="2025-12-15T22:47:56.316" intervalms="63.662">
  <response-info timems="0.055" idlems="0.055" threads="0" lastid="0000000000839C00" lastname="Default Executor-thread-1" />
</exclusive-start>
<af-start id="1105" threadId="000000000083A678" totalBytesRequested="16392" timestamp="2025-12-15T22:47:56.317" intervalms="63.645" type="nursery" />
<cycle-start id="1106" type="scavenge" contextid="0" timestamp="2025-12-15T22:47:56.318" intervalms="63.680" />
<gc-start id="1107" type="scavenge" contextid="1106" timestamp="2025-12-15T22:47:56.319">
  <mem-info id="1108" free="6299056" total="40697856" percent="15">
    <mem type="nursery" free="0" total="16252928" percent="0">
      <mem type="allocate" free="0" total="10485760" percent="0" />
      <mem type="survivor" free="0" total="5767168" percent="0" />
    </mem>
    <mem type="tenure" free="6299056" total="24444928" percent="25">
      <mem type="soa" free="5076400" total="23222272" percent="21" />
      <mem type="loa" free="1222656" total="1222656" percent="100" />
    </mem>
    <remembered-set count="1404" />
  </mem-info>
</gc-start>
<allocation-stats totalBytes="6945456" discardedBytes="7848" >
  <allocated-bytes non-tlh="208856" tlh="6736600" />
  <largest-consumer threadName="Default Executor-thread-1" threadId="0000000000839C00" bytes="6867840" />
</allocation-stats>
<gc-op id="1109" type="scavenge" timems="5.145" contextid="1106" timestamp="2025-12-15T22:47:56.325">
  <scavenger-info tenureage="2" tenuremask="780c" tiltratio="64" />
  <memory-copied type="nursery" objects="31004" bytes="2495904" bytesdiscarded="175664" />
  <memory-copied type="tenure" objects="31388" bytes="1765728" bytesdiscarded="936" />
  <ownableSynchronizers candidates="368" cleared="117" />
  <references type="weak" candidates="2" cleared="0" enqueued="0" />
  <references type="phantom" candidates="201" cleared="0" enqueued="0" />
  <object-monitors candidates="19" cleared="0"  />
</gc-op>
<heap-resize id="1110" type="expand" space="nursery" amount="917504" count="1" timems="0.080" reason="excessive time being spent scavenging" timestamp="2025-12-15T22:47:56.326" />
<gc-end id="1111" type="scavenge" contextid="1106" durationms="7.545" usertimems="5.298" systemtimems="8.890" stalltimems="3.069" timestamp="2025-12-15T22:47:56.327" activeThreads="4">
  <mem-info id="1112" free="13197992" total="41615360" percent="31">
    <mem type="nursery" free="8729040" total="17170432" percent="50">
      <mem type="allocate" free="8729040" total="11403264" percent="76" />
      <mem type="survivor" free="0" total="5767168" percent="0" />
    </mem>
    <mem type="tenure" free="4468952" total="24444928" percent="18">
      <mem type="soa" free="3246296" total="23222272" percent="13" />
      <mem type="loa" free="1222656" total="1222656" percent="100" />
    </mem>
    <remembered-set count="904" />
  </mem-info>
</gc-end>
<cycle-end id="1113" type="scavenge" contextid="1106" timestamp="2025-12-15T22:47:56.327" />
<allocation-satisfied id="1114" threadId="0000000000839C00" bytesRequested="16392" />
<af-end id="1115" timestamp="2025-12-15T22:47:56.328" threadId="000000000083A678" success="true" from="nursery"/>
<exclusive-end id="1116" timestamp="2025-12-15T22:47:56.329" durationms="12.588" />

<concurrent-kickoff id="1117" timestamp="2025-12-15T22:47:56.379">
  <kickoff reason="threshold reached" targetBytes="10484724" thresholdFreeBytes="1452229"  remainingFree="1422880" tenureFreeBytes="4468952" nurseryFreeBytes="1422880" />
</concurrent-kickoff>
<exclusive-start id="1118" timestamp="2025-12-15T22:47:56.384" intervalms="67.726">
  <response-info timems="0.073" idlems="0.073" threads="0" lastid="0000000000839C00" lastname="Default Executor-thread-1" />
</exclusive-start>
<cycle-start id="1119" type="global" contextid="0" timestamp="2025-12-15T22:47:56.388" intervalms="543.908" />
<concurrent-start id="1120" type="global mark" contextid="1119" timestamp="2025-12-15T22:47:56.392">
</concurrent-start>
<exclusive-end id="1121" timestamp="2025-12-15T22:47:56.396" durationms="12.476" />

<exclusive-start id="1122" timestamp="2025-12-15T22:47:56.427" intervalms="42.967">
  <response-info timems="0.057" idlems="0.057" threads="0" lastid="0000000000839C00" lastname="Default Executor-thread-1" />
</exclusive-start>
<af-start id="1123" threadId="000000000083A678" totalBytesRequested="8000" timestamp="2025-12-15T22:47:56.430" intervalms="112.661" type="nursery" />
<cycle-start id="1124" type="scavenge" contextid="0" timestamp="2025-12-15T22:47:56.434" intervalms="115.915" />
<gc-start id="1125" type="scavenge" contextid="1124" timestamp="2025-12-15T22:47:56.437">
  <mem-info id="1126" free="4468952" total="41615360" percent="10">
    <mem type="nursery" free="0" total="17170432" percent="0">
      <mem type="allocate" free="0" total="11403264" percent="0" />
      <mem type="survivor" free="0" total="5767168" percent="0" />
    </mem>
    <mem type="tenure" free="4468952" total="24444928" percent="18">
      <mem type="soa" free="3246296" total="23222272" percent="13" />
      <mem type="loa" free="1222656" total="1222656" percent="100" />
    </mem>
    <remembered-set count="1441" />
  </mem-info>
</gc-start>
<allocation-stats totalBytes="8705176" discardedBytes="23864" >
  <allocated-bytes non-tlh="187320" tlh="8517856" />
  <largest-consumer threadName="Default Executor-thread-1" threadId="0000000000839C00" bytes="8639712" />
</allocation-stats>
<gc-op id="1127" type="scavenge" timems="3.472" contextid="1124" timestamp="2025-12-15T22:47:56.447">
  <scavenger-info tenureage="2" tenuremask="7804" tiltratio="66" />
  <memory-copied type="nursery" objects="36500" bytes="2637368" bytesdiscarded="205248" />
  <memory-copied type="tenure" objects="14394" bytes="1353144" bytesdiscarded="624" />
  <ownableSynchronizers candidates="284" cleared="90" />
  <references type="weak" candidates="1" cleared="0" enqueued="0" />
  <references type="phantom" candidates="205" cleared="0" enqueued="0" />
  <object-monitors candidates="19" cleared="0"  />
</gc-op>
<heap-resize id="1128" type="expand" space="nursery" amount="917504" count="1" timems="0.301" reason="excessive time being spent scavenging" timestamp="2025-12-15T22:47:56.450" />
<gc-end id="1129" type="scavenge" contextid="1124" durationms="18.098" usertimems="2.089" systemtimems="9.427" stalltimems="2.159" timestamp="2025-12-15T22:47:56.455" activeThreads="4">
  <mem-info id="1130" free="12896816" total="42532864" percent="30">
    <mem type="nursery" free="9868632" total="18087936" percent="54">
      <mem type="allocate" free="9868632" total="12713984" percent="77" />
      <mem type="survivor" free="0" total="5373952" percent="0" />
    </mem>
    <mem type="tenure" free="3028184" total="24444928" percent="12">
      <mem type="soa" free="1805528" total="23222272" percent="7" />
      <mem type="loa" free="1222656" total="1222656" percent="100" />
    </mem>
    <remembered-set count="989" />
  </mem-info>
</gc-end>
<cycle-end id="1131" type="scavenge" contextid="1124" timestamp="2025-12-15T22:47:56.458" />
<allocation-satisfied id="1132" threadId="0000000000839C00" bytesRequested="8000" />
<af-end id="1133" timestamp="2025-12-15T22:47:56.469" threadId="000000000083A678" success="true" from="nursery"/>
<exclusive-end id="1134" timestamp="2025-12-15T22:47:56.474" durationms="46.767" />

<concurrent-end id="1135" type="global mark" contextid="1119" timestamp="2025-12-15T22:47:56.478">
<gc-op id="1136" type="trace" timems="86.656" contextid="1119" timestamp="2025-12-15T22:47:56.478">
  <trace bytesTraced="10846784" workStackOverflowCount="0" />
  <card-cleaning reason="card cleaning threshold reached" bytesTraced="39356" cardsCleaned="82" />
</gc-op>
</concurrent-end>

<exclusive-start id="1137" timestamp="2025-12-15T22:47:56.489" intervalms="61.842">
  <response-info timems="0.079" idlems="0.079" threads="0" lastid="0000000000839C00" lastname="Default Executor-thread-1" />
</exclusive-start>
<concurrent-global-final id="1138" timestamp="2025-12-15T22:47:56.492" contextid="1119" intervalms="601.655" >
  <concurrent-trace-info reason="card cleaning threshold reached" tracedByMutators="4418036" tracedByHelpers="6468104" cardsCleaned="82" workStackOverflowCount="0" />
</concurrent-global-final>
<gc-start id="1139" type="global" contextid="1119" timestamp="2025-12-15T22:47:56.496">
  <mem-info id="1140" free="12700400" total="42532864" percent="29">
    <mem type="nursery" free="9672216" total="18087936" percent="53">
      <mem type="allocate" free="9672216" total="12713984" percent="76" />
      <mem type="survivor" free="0" total="5373952" percent="0" />
    </mem>
    <mem type="tenure" free="3028184" total="24444928" percent="12">
      <mem type="soa" free="1805528" total="23222272" percent="7" />
      <mem type="loa" free="1222656" total="1222656" percent="100" />
    </mem>
    <remembered-set count="1004" />
  </mem-info>
</gc-start>
<allocation-stats totalBytes="196416" discardedBytes="0" >
  <allocated-bytes non-tlh="8000" tlh="188416" />
  <largest-consumer threadName="Default Executor-thread-1" threadId="0000000000839C00" bytes="175936" />
</allocation-stats>
<gc-op id="1141" type="rs-scan" timems="4.429" contextid="1119" timestamp="2025-12-15T22:47:56.509">
  <scan objectsFound="40666" bytesTraced="1230280" workStackOverflowCount="0" />
</gc-op>
<gc-op id="1142" type="card-cleaning" timems="1.769" contextid="1119" timestamp="2025-12-15T22:47:56.514">
  <card-cleaning cardsCleaned="292" bytesTraced="228100" workStackOverflowCount="0" />
</gc-op>
<gc-op id="1143" type="mark" timems="12.166" contextid="1119" timestamp="2025-12-15T22:47:56.532">
  <trace-info objectcount="164" scancount="160" scanbytes="3064" />
  <finalization candidates="729" enqueued="0" />
  <ownableSynchronizers candidates="1231" cleared="2" />
  <references type="soft" candidates="4490" cleared="0" enqueued="0" dynamicThreshold="9" maxThreshold="32" />
  <references type="weak" candidates="1312" cleared="0" enqueued="0" />
  <references type="phantom" candidates="360" cleared="0" enqueued="0" />
  <stringconstants candidates="12802" cleared="3"  />
  <object-monitors candidates="19" cleared="0"  />
</gc-op>
<gc-op id="1144" type="sweep" timems="3.680" contextid="1119" timestamp="2025-12-15T22:47:56.538" />
<heap-resize id="1145" type="expand" space="tenure" amount="3211264" count="1" timems="2.038" reason="insufficient free space following gc" timestamp="2025-12-15T22:47:56.545" />
<gc-end id="1146" type="global" contextid="1119" durationms="53.231" usertimems="34.773" systemtimems="25.534" stalltimems="225.617" timestamp="2025-12-15T22:47:56.549" activeThreads="20">
  <mem-info id="1147" free="18401096" total="45744128" percent="40">
    <mem type="nursery" free="10058536" total="18087936" percent="55">
      <mem type="allocate" free="10058536" total="12713984" percent="79" />
      <mem type="survivor" free="0" total="5373952" percent="0" />
    </mem>
    <mem type="tenure" free="8342560" total="27656192" percent="30" micro-fragmented="270629" macro-fragmented="0">
      <mem type="soa" free="6959136" total="26272768" percent="26" />
      <mem type="loa" free="1383424" total="1383424" percent="100" />
    </mem>
    <remembered-set count="999" />
  </mem-info>
</gc-end>
<cycle-end id="1148" type="global" contextid="1119" timestamp="2025-12-15T22:47:56.553" />
<exclusive-end id="1149" timestamp="2025-12-15T22:47:56.557" durationms="68.103" />

<exclusive-start id="1150" timestamp="2025-12-15T22:47:56.678" intervalms="188.727">
  <response-info timems="0.057" idlems="0.057" threads="0" lastid="0000000000839C00" lastname="Default Executor-thread-1" />
</exclusive-start>
<af-start id="1151" threadId="000000000083A678" totalBytesRequested="144" timestamp="2025-12-15T22:47:56.681" intervalms="251.176" type="nursery" />
<cycle-start id="1152" type="scavenge" contextid="0" timestamp="2025-12-15T22:47:56.686" intervalms="251.945" />
<gc-start id="1153" type="scavenge" contextid="1152" timestamp="2025-12-15T22:47:56.690">
  <mem-info id="1154" free="8340224" total="45744128" percent="18">
    <mem type="nursery" free="0" total="18087936" percent="0">
      <mem type="allocate" free="0" total="12713984" percent="0" />
      <mem type="survivor" free="0" total="5373952" percent="0" />
    </mem>
    <mem type="tenure" free="8340224" total="27656192" percent="30">
      <mem type="soa" free="6956800" total="26272768" percent="26" />
      <mem type="loa" free="1383424" total="1383424" percent="100" />
    </mem>
    <remembered-set count="1716" />
  </mem-info>
</gc-start>
<allocation-stats totalBytes="10056520" discardedBytes="4352" >
  <allocated-bytes non-tlh="2336" tlh="10054184" />
  <largest-consumer threadName="Default Executor-thread-1" threadId="0000000000839C00" bytes="9995112" />
</allocation-stats>
<gc-op id="1155" type="scavenge" timems="4.491" contextid="1152" timestamp="2025-12-15T22:47:56.700">
  <scavenger-info tenureage="11" tenuremask="7800" tiltratio="70" />
  <memory-copied type="nursery" objects="52735" bytes="3478720" bytesdiscarded="55880" />
  <finalization candidates="8" enqueued="8" />
  <ownableSynchronizers candidates="2578" cleared="2390" />
  <references type="soft" candidates="8" cleared="0" enqueued="0" dynamicThreshold="9" maxThreshold="32" />
  <references type="weak" candidates="24" cleared="16" enqueued="16" />
  <references type="phantom" candidates="284" cleared="4" enqueued="4" />
  <object-monitors candidates="19" cleared="0"  />
</gc-op>
<gc-end id="1156" type="scavenge" contextid="1152" durationms="14.554" usertimems="11.924" systemtimems="0.000" stalltimems="2.013" timestamp="2025-12-15T22:47:56.705" activeThreads="3">
  <mem-info id="1157" free="17580336" total="45744128" percent="38">
    <mem type="nursery" free="9240112" total="18087936" percent="51">
      <mem type="allocate" free="9240112" total="12779520" percent="72" />
      <mem type="survivor" free="0" total="5308416" percent="0" />
    </mem>
    <mem type="tenure" free="8340224" total="27656192" percent="30">
      <mem type="soa" free="6956800" total="26272768" percent="26" />
      <mem type="loa" free="1383424" total="1383424" percent="100" />
    </mem>
    <pending-finalizers system="8" default="0" reference="20" classloader="0" />
    <remembered-set count="1328" />
  </mem-info>
</gc-end>
<cycle-end id="1158" type="scavenge" contextid="1152" timestamp="2025-12-15T22:47:56.710" />
<allocation-satisfied id="1159" threadId="0000000000839C00" bytesRequested="144" />
<af-end id="1160" timestamp="2025-12-15T22:47:56.719" threadId="000000000083A678" success="true" from="nursery"/>
<exclusive-end id="1161" timestamp="2025-12-15T22:47:56.723" durationms="45.059" />

<exclusive-start id="1162" timestamp="2025-12-15T22:47:56.816" intervalms="138.722">
  <response-info timems="0.051" idlems="0.051" threads="0" lastid="0000000000839C00" lastname="Default Executor-thread-1" />
</exclusive-start>
<af-start id="1163" threadId="000000000083A678" totalBytesRequested="16" timestamp="2025-12-15T22:47:56.817" intervalms="136.230" type="nursery" />
<cycle-start id="1164" type="scavenge" contextid="0" timestamp="2025-12-15T22:47:56.818" intervalms="132.280" />
<gc-start id="1165" type="scavenge" contextid="1164" timestamp="2025-12-15T22:47:56.819">
  <mem-info id="1166" free="8339296" total="45744128" percent="18">
    <mem type="nursery" free="0" total="18087936" percent="0">
      <mem type="allocate" free="0" total="12779520" percent="0" />
      <mem type="survivor" free="0" total="5308416" percent="0" />
    </mem>
    <mem type="tenure" free="8339296" total="27656192" percent="30">
      <mem type="soa" free="6955872" total="26272768" percent="26" />
      <mem type="loa" free="1383424" total="1383424" percent="100" />
    </mem>
    <remembered-set count="2589" />
  </mem-info>
</gc-start>
<allocation-stats totalBytes="9238112" discardedBytes="2928" >
  <allocated-bytes non-tlh="1072" tlh="9237040" />
  <largest-consumer threadName="Default Executor-thread-1" threadId="0000000000839C00" bytes="9238112" />
</allocation-stats>
<gc-op id="1167" type="scavenge" timems="4.988" contextid="1164" timestamp="2025-12-15T22:47:56.825">
  <scavenger-info tenureage="2" tenuremask="780c" tiltratio="70" />
  <memory-copied type="nursery" objects="22163" bytes="1163304" bytesdiscarded="171072" />
  <memory-copied type="tenure" objects="36486" bytes="2637584" bytesdiscarded="9368" />
  <ownableSynchronizers candidates="188" cleared="0" />
  <references type="soft" candidates="8" cleared="0" enqueued="0" dynamicThreshold="9" maxThreshold="32" />
  <references type="weak" candidates="11" cleared="3" enqueued="3" />
  <references type="phantom" candidates="75" cleared="0" enqueued="0" />
  <object-monitors candidates="19" cleared="0"  />
</gc-op>
<heap-resize id="1168" type="expand" space="nursery" amount="1179648" count="1" timems="0.065" reason="excessive time being spent scavenging" timestamp="2025-12-15T22:47:56.833" />
<gc-end id="1169" type="scavenge" contextid="1164" durationms="20.257" usertimems="13.090" systemtimems="0.555" stalltimems="1.951" timestamp="2025-12-15T22:47:56.839" activeThreads="3">
  <mem-info id="1170" free="18096504" total="46923776" percent="38">
    <mem type="nursery" free="12426904" total="19267584" percent="64">
      <mem type="allocate" free="12426904" total="13762560" percent="90" />
      <mem type="survivor" free="0" total="5505024" percent="0" />
    </mem>
    <mem type="tenure" free="5669600" total="27656192" percent="20">
      <mem type="soa" free="4286176" total="26272768" percent="16" />
      <mem type="loa" free="1383424" total="1383424" percent="100" />
    </mem>
    <pending-finalizers system="0" default="0" reference="3" classloader="0" />
    <remembered-set count="843" />
  </mem-info>
</gc-end>
<cycle-end id="1171" type="scavenge" contextid="1164" timestamp="2025-12-15T22:47:56.851" />
<allocation-satisfied id="1172" threadId="0000000000839C00" bytesRequested="16" />
<af-end id="1173" timestamp="2025-12-15T22:47:56.866" threadId="000000000083A678" success="true" from="nursery"/>
<exclusive-end id="1174" timestamp="2025-12-15T22:47:56.871" durationms="54.690" />

<concurrent-kickoff id="1175" timestamp="2025-12-15T22:47:56.979">
  <kickoff reason="threshold reached" targetBytes="11952665" thresholdFreeBytes="1655823"  remainingFree="1601176" tenureFreeBytes="5669600" nurseryFreeBytes="1601176" />
</concurrent-kickoff>
<exclusive-start id="1176" timestamp="2025-12-15T22:47:56.985" intervalms="168.479">
  <response-info timems="4.205" idlems="2.141" threads="1" lastid="0000000000839C00" lastname="Default Executor-thread-1" />
</exclusive-start>
<cycle-start id="1177" type="global" contextid="0" timestamp="2025-12-15T22:47:56.989" intervalms="600.971" />
<concurrent-start id="1178" type="global mark" contextid="1177" timestamp="2025-12-15T22:47:56.991">
</concurrent-start>
<exclusive-end id="1179" timestamp="2025-12-15T22:47:56.992" durationms="7.105" />

<concurrent-end id="1180" type="global mark" contextid="1177" timestamp="2025-12-15T22:47:57.026">
<gc-op id="1181" type="trace" timems="34.924" contextid="1177" timestamp="2025-12-15T22:47:57.026">
  <trace bytesTraced="12057732" workStackOverflowCount="0" />
  <card-cleaning reason="card cleaning threshold reached" bytesTraced="2908" cardsCleaned="15" />
</gc-op>
</concurrent-end>

<exclusive-start id="1182" timestamp="2025-12-15T22:47:57.027" intervalms="42.271">
  <response-info timems="0.048" idlems="0.048" threads="0" lastid="0000000000839C00" lastname="Default Executor-thread-1" />
</exclusive-start>
<concurrent-global-final id="1183" timestamp="2025-12-15T22:47:57.028" contextid="1177" intervalms="535.551" >
  <concurrent-trace-info reason="card cleaning threshold reached" tracedByMutators="3305216" tracedByHelpers="8755424" cardsCleaned="15" workStackOverflowCount="0" />
</concurrent-global-final>
<gc-start id="1184" type="global" contextid="1177" timestamp="2025-12-15T22:47:57.028">
  <mem-info id="1185" free="5669600" total="46923776" percent="12">
    <mem type="nursery" free="0" total="19267584" percent="0">
      <mem type="allocate" free="0" total="13762560" percent="0" />
      <mem type="survivor" free="0" total="5505024" percent="0" />
    </mem>
    <mem type="tenure" free="5669600" total="27656192" percent="20">
      <mem type="soa" free="4286176" total="26272768" percent="16" />
      <mem type="loa" free="1383424" total="1383424" percent="100" />
    </mem>
    <remembered-set count="1407" />
  </mem-info>
</gc-start>
<allocation-stats totalBytes="12422584" discardedBytes="4320" >
  <allocated-bytes non-tlh="16" tlh="12422568" />
  <largest-consumer threadName="Default Executor-thread-1" threadId="0000000000839C00" bytes="12398008" />
</allocation-stats>
<gc-op id="1186" type="rs-scan" timems="4.544" contextid="1177" timestamp="2025-12-15T22:47:57.034">
  <scan objectsFound="22171" bytesTraced="778924" workStackOverflowCount="0" />
</gc-op>
<gc-op id="1187" type="card-cleaning" timems="1.613" contextid="1177" timestamp="2025-12-15T22:47:57.036">
  <card-cleaning cardsCleaned="9" bytesTraced="3916" workStackOverflowCount="0" />
</gc-op>
<gc-op id="1188" type="mark" timems="10.498" contextid="1177" timestamp="2025-12-15T22:47:57.047">
  <trace-info objectcount="5569" scancount="5259" scanbytes="381056" />
  <finalization candidates="729" enqueued="0" />
  <ownableSynchronizers candidates="1279" cleared="4" />
  <references type="soft" candidates="4498" cleared="0" enqueued="0" dynamicThreshold="9" maxThreshold="32" />
  <references type="weak" candidates="1319" cleared="0" enqueued="0" />
  <references type="phantom" candidates="348" cleared="0" enqueued="0" />
  <stringconstants candidates="12811" cleared="1"  />
  <object-monitors candidates="19" cleared="0"  />
</gc-op>
<gc-op id="1189" type="sweep" timems="3.202" contextid="1177" timestamp="2025-12-15T22:47:57.051" />
<heap-resize id="1190" type="expand" space="tenure" amount="2490368" count="1" timems="2.050" reason="insufficient free space following gc" timestamp="2025-12-15T22:47:57.058" />
<gc-end id="1191" type="global" contextid="1177" durationms="30.275" usertimems="29.669" systemtimems="30.842" stalltimems="210.671" timestamp="2025-12-15T22:47:57.059" activeThreads="20">
  <mem-info id="1192" free="20843968" total="49414144" percent="42">
    <mem type="nursery" free="11757888" total="19267584" percent="61">
      <mem type="allocate" free="11757888" total="13762560" percent="85" />
      <mem type="survivor" free="0" total="5505024" percent="0" />
    </mem>
    <mem type="tenure" free="9086080" total="30146560" percent="30" micro-fragmented="317535" macro-fragmented="0">
      <mem type="soa" free="7578752" total="28639232" percent="26" />
      <mem type="loa" free="1507328" total="1507328" percent="100" />
    </mem>
    <remembered-set count="1385" />
  </mem-info>
</gc-end>
<cycle-end id="1193" type="global" contextid="1177" timestamp="2025-12-15T22:47:57.059" />
<exclusive-end id="1194" timestamp="2025-12-15T22:47:57.060" durationms="33.069" />

<exclusive-start id="1195" timestamp="2025-12-15T22:47:57.160" intervalms="132.782">
  <response-info timems="0.053" idlems="0.053" threads="0" lastid="0000000000839C00" lastname="Default Executor-thread-1" />
</exclusive-start>
<af-start id="1196" threadId="000000000083A678" totalBytesRequested="24" timestamp="2025-12-15T22:47:57.160" intervalms="343.436" type="nursery" />
<cycle-start id="1197" type="scavenge" contextid="0" timestamp="2025-12-15T22:47:57.161" intervalms="343.329" />
<gc-start id="1198" type="scavenge" contextid="1197" timestamp="2025-12-15T22:47:57.162">
  <mem-info id="1199" free="9086080" total="49414144" percent="18">
    <mem type="nursery" free="0" total="19267584" percent="0">
      <mem type="allocate" free="0" total="13762560" percent="0" />
      <mem type="survivor" free="0" total="5505024" percent="0" />
    </mem>
    <mem type="tenure" free="9086080" total="30146560" percent="30">
      <mem type="soa" free="7578752" total="28639232" percent="26" />
      <mem type="loa" free="1507328" total="1507328" percent="100" />
    </mem>
    <remembered-set count="2192" />
  </mem-info>
</gc-start>
<allocation-stats totalBytes="11727552" discardedBytes="28968" >
  <allocated-bytes non-tlh="115184" tlh="11612368" />
  <largest-consumer threadName="Default Executor-thread-1" threadId="0000000000839C00" bytes="11727552" />
</allocation-stats>
<gc-op id="1200" type="scavenge" timems="4.385" contextid="1197" timestamp="2025-12-15T22:47:57.168">
  <scavenger-info tenureage="12" tenuremask="7000" tiltratio="71" />
  <memory-copied type="nursery" objects="77416" bytes="3665688" bytesdiscarded="61216" />
  <ownableSynchronizers candidates="2550" cleared="2499" />
  <references type="soft" candidates="8" cleared="0" enqueued="0" dynamicThreshold="9" maxThreshold="32" />
  <references type="weak" candidates="8" cleared="0" enqueued="0" />
  <references type="phantom" candidates="75" cleared="0" enqueued="0" />
  <object-monitors candidates="19" cleared="0"  />
</gc-op>
<gc-end id="1201" type="scavenge" contextid="1197" durationms="6.243" usertimems="12.266" systemtimems="0.019" stalltimems="1.341" timestamp="2025-12-15T22:47:57.169" activeThreads="3">
  <mem-info id="1202" free="17482048" total="49414144" percent="35">
    <mem type="nursery" free="8395968" total="19267584" percent="43">
      <mem type="allocate" free="8395968" total="12124160" percent="69" />
      <mem type="survivor" free="0" total="7143424" percent="0" />
    </mem>
    <mem type="tenure" free="9086080" total="30146560" percent="30">
      <mem type="soa" free="7578752" total="28639232" percent="26" />
      <mem type="loa" free="1507328" total="1507328" percent="100" />
    </mem>
    <remembered-set count="1333" />
  </mem-info>
</gc-end>
<cycle-end id="1203" type="scavenge" contextid="1197" timestamp="2025-12-15T22:47:57.169" />
<allocation-satisfied id="1204" threadId="0000000000839C00" bytesRequested="24" />
<af-end id="1205" timestamp="2025-12-15T22:47:57.171" threadId="000000000083A678" success="true" from="nursery"/>
<exclusive-end id="1206" timestamp="2025-12-15T22:47:57.172" durationms="12.161" />

<exclusive-start id="1207" timestamp="2025-12-15T22:47:57.217" intervalms="57.337">
  <response-info timems="0.044" idlems="0.044" threads="0" lastid="0000000000839C00" lastname="Default Executor-thread-1" />
</exclusive-start>
<af-start id="1208" threadId="000000000083A678" totalBytesRequested="72" timestamp="2025-12-15T22:47:57.218" intervalms="57.428" type="nursery" />
<cycle-start id="1209" type="scavenge" contextid="0" timestamp="2025-12-15T22:47:57.219" intervalms="57.503" />
<gc-start id="1210" type="scavenge" contextid="1209" timestamp="2025-12-15T22:47:57.220">
  <mem-info id="1211" free="9086080" total="49414144" percent="18">
    <mem type="nursery" free="0" total="19267584" percent="0">
      <mem type="allocate" free="0" total="12124160" percent="0" />
      <mem type="survivor" free="0" total="7143424" percent="0" />
    </mem>
    <mem type="tenure" free="9086080" total="30146560" percent="30">
      <mem type="soa" free="7578752" total="28639232" percent="26" />
      <mem type="loa" free="1507328" total="1507328" percent="100" />
    </mem>
    <remembered-set count="1524" />
  </mem-info>
</gc-start>
<allocation-stats totalBytes="8395040" discardedBytes="928" >
  <allocated-bytes non-tlh="24" tlh="8395016" />
  <largest-consumer threadName="Default Executor-thread-1" threadId="0000000000839C00" bytes="8395040" />
</allocation-stats>
<gc-op id="1212" type="scavenge" timems="2.895" contextid="1209" timestamp="2025-12-15T22:47:57.224">
  <scavenger-info tenureage="11" tenuremask="7800" tiltratio="62" />
  <memory-copied type="nursery" objects="43984" bytes="2354480" bytesdiscarded="45360" />
  <ownableSynchronizers candidates="51" cleared="0" />
  <references type="soft" candidates="8" cleared="0" enqueued="0" dynamicThreshold="9" maxThreshold="32" />
  <references type="weak" candidates="8" cleared="0" enqueued="0" />
  <references type="phantom" candidates="75" cleared="0" enqueued="0" />
  <object-monitors candidates="19" cleared="0"  />
</gc-op>
<heap-resize id="1213" type="expand" space="nursery" amount="1179648" count="1" timems="0.100" reason="excessive time being spent scavenging" timestamp="2025-12-15T22:47:57.227" />
<gc-end id="1214" type="scavenge" contextid="1209" durationms="8.229" usertimems="9.813" systemtimems="0.000" stalltimems="2.653" timestamp="2025-12-15T22:47:57.228" activeThreads="4">
  <mem-info id="1215" free="19988768" total="50593792" percent="39">
    <mem type="nursery" free="10902688" total="20447232" percent="53">
      <mem type="allocate" free="10902688" total="13303808" percent="81" />
      <mem type="survivor" free="0" total="7143424" percent="0" />
    </mem>
    <mem type="tenure" free="9086080" total="30146560" percent="30">
      <mem type="soa" free="7578752" total="28639232" percent="26" />
      <mem type="loa" free="1507328" total="1507328" percent="100" />
    </mem>
    <remembered-set count="1420" />
  </mem-info>
</gc-end>
<cycle-end id="1216" type="scavenge" contextid="1209" timestamp="2025-12-15T22:47:57.229" />
<allocation-satisfied id="1217" threadId="0000000000839C00" bytesRequested="72" />
<af-end id="1218" timestamp="2025-12-15T22:47:57.230" threadId="000000000083A678" success="true" from="nursery"/>
<exclusive-end id="1219" timestamp="2025-12-15T22:47:57.231" durationms="13.582" />

<exclusive-start id="1220" timestamp="2025-12-15T22:47:57.277" intervalms="59.571">
  <response-info timems="0.054" idlems="0.054" threads="0" lastid="0000000000839C00" lastname="Default Executor-thread-1" />
</exclusive-start>
<af-start id="1221" threadId="000000000083A678" totalBytesRequested="1432" timestamp="2025-12-15T22:47:57.278" intervalms="59.815" type="nursery" />
<cycle-start id="1222" type="scavenge" contextid="0" timestamp="2025-12-15T22:47:57.279" intervalms="60.109" />
<gc-start id="1223" type="scavenge" contextid="1222" timestamp="2025-12-15T22:47:57.280">
  <mem-info id="1224" free="9086080" total="50593792" percent="17">
    <mem type="nursery" free="0" total="20447232" percent="0">
      <mem type="allocate" free="0" total="13303808" percent="0" />
      <mem type="survivor" free="0" total="7143424" percent="0" />
    </mem>
    <mem type="tenure" free="9086080" total="30146560" percent="30">
      <mem type="soa" free="7578752" total="28639232" percent="26" />
      <mem type="loa" free="1507328" total="1507328" percent="100" />
    </mem>
    <remembered-set count="1831" />
  </mem-info>
</gc-start>
<allocation-stats totalBytes="10898792" discardedBytes="3896" >
  <allocated-bytes non-tlh="72" tlh="10898720" />
  <largest-consumer threadName="Default Executor-thread-1" threadId="0000000000839C00" bytes="10898792" />
</allocation-stats>
<gc-op id="1225" type="scavenge" timems="2.820" contextid="1222" timestamp="2025-12-15T22:47:57.284">
  <scavenger-info tenureage="4" tenuremask="7810" tiltratio="65" />
  <memory-copied type="nursery" objects="26153" bytes="760424" bytesdiscarded="47776" />
  <memory-copied type="tenure" objects="14513" bytes="756832" bytesdiscarded="3016" />
  <ownableSynchronizers candidates="51" cleared="0" />
  <object-monitors candidates="19" cleared="0"  />
</gc-op>
<heap-resize id="1226" type="expand" space="nursery" amount="786432" count="1" timems="0.044" reason="excessive time being spent scavenging" timestamp="2025-12-15T22:47:57.285" />
<gc-end id="1227" type="scavenge" contextid="1222" durationms="6.090" usertimems="7.652" systemtimems="0.000" stalltimems="1.197" timestamp="2025-12-15T22:47:57.286" activeThreads="3">
  <mem-info id="1228" free="22517616" total="51380224" percent="43">
    <mem type="nursery" free="14265080" total="21233664" percent="67">
      <mem type="allocate" free="14265080" total="15073280" percent="94" />
      <mem type="survivor" free="0" total="6160384" percent="0" />
    </mem>
    <mem type="tenure" free="8252536" total="30146560" percent="27">
      <mem type="soa" free="6745208" total="28639232" percent="23" />
      <mem type="loa" free="1507328" total="1507328" percent="100" />
    </mem>
    <remembered-set count="1229" />
  </mem-info>
</gc-end>
<cycle-end id="1229" type="scavenge" contextid="1222" timestamp="2025-12-15T22:47:57.287" />
<allocation-satisfied id="1230" threadId="0000000000839C00" bytesRequested="1432" />
<af-end id="1231" timestamp="2025-12-15T22:47:57.288" threadId="000000000083A678" success="true" from="nursery"/>
<exclusive-end id="1232" timestamp="2025-12-15T22:47:57.289" durationms="11.928" />

<exclusive-start id="1233" timestamp="2025-12-15T22:47:57.333" intervalms="55.857">
  <response-info timems="0.073" idlems="0.073" threads="0" lastid="0000000000839C00" lastname="Default Executor-thread-1" />
</exclusive-start>
<af-start id="1234" threadId="000000000083A678" totalBytesRequested="24" timestamp="2025-12-15T22:47:57.333" intervalms="55.745" type="nursery" />
<cycle-start id="1235" type="scavenge" contextid="0" timestamp="2025-12-15T22:47:57.334" intervalms="55.552" />
<gc-start id="1236" type="scavenge" contextid="1235" timestamp="2025-12-15T22:47:57.335">
  <mem-info id="1237" free="8252536" total="51380224" percent="16">
    <mem type="nursery" free="0" total="21233664" percent="0">
      <mem type="allocate" free="0" total="15073280" percent="0" />
      <mem type="survivor" free="0" total="6160384" percent="0" />
    </mem>
    <mem type="tenure" free="8252536" total="30146560" percent="27">
      <mem type="soa" free="6745208" total="28639232" percent="23" />
      <mem type="loa" free="1507328" total="1507328" percent="100" />
    </mem>
    <remembered-set count="1402" />
  </mem-info>
</gc-start>
<allocation-stats totalBytes="14261120" discardedBytes="3960" >
  <allocated-bytes non-tlh="1432" tlh="14259688" />
  <largest-consumer threadName="Default Executor-thread-1" threadId="0000000000839C00" bytes="14261120" />
</allocation-stats>
<gc-op id="1238" type="scavenge" timems="3.331" contextid="1235" timestamp="2025-12-15T22:47:57.340">
  <scavenger-info tenureage="12" tenuremask="7000" tiltratio="70" />
  <memory-copied type="nursery" objects="28682" bytes="831032" bytesdiscarded="36072" />
  <ownableSynchronizers candidates="2" cleared="0" />
  <object-monitors candidates="19" cleared="0"  />
</gc-op>
<heap-resize id="1239" type="expand" space="nursery" amount="1048576" count="1" timems="0.058" reason="excessive time being spent scavenging" timestamp="2025-12-15T22:47:57.341" />
<gc-end id="1240" type="scavenge" contextid="1235" durationms="6.507" usertimems="0.622" systemtimems="8.503" stalltimems="1.242" timestamp="2025-12-15T22:47:57.342" activeThreads="3">
  <mem-info id="1241" free="24424792" total="52428800" percent="46">
    <mem type="nursery" free="16172256" total="22282240" percent="72">
      <mem type="allocate" free="16172256" total="17039360" percent="94" />
      <mem type="survivor" free="0" total="5242880" percent="0" />
    </mem>
    <mem type="tenure" free="8252536" total="30146560" percent="27">
      <mem type="soa" free="6745208" total="28639232" percent="23" />
      <mem type="loa" free="1507328" total="1507328" percent="100" />
    </mem>
    <remembered-set count="1280" />
  </mem-info>
</gc-end>
<cycle-end id="1242" type="scavenge" contextid="1235" timestamp="2025-12-15T22:47:57.343" />
<allocation-satisfied id="1243" threadId="0000000000839C00" bytesRequested="24" />
<af-end id="1244" timestamp="2025-12-15T22:47:57.344" threadId="000000000083A678" success="true" from="nursery"/>
<exclusive-end id="1245" timestamp="2025-12-15T22:47:57.345" durationms="11.982" />

<exclusive-start id="1246" timestamp="2025-12-15T22:47:57.394" intervalms="61.910">
  <response-info timems="0.051" idlems="0.051" threads="0" lastid="0000000000839C00" lastname="Default Executor-thread-1" />
</exclusive-start>
<af-start id="1247" threadId="000000000083A678" totalBytesRequested="72" timestamp="2025-12-15T22:47:57.395" intervalms="61.827" type="nursery" />
<cycle-start id="1248" type="scavenge" contextid="0" timestamp="2025-12-15T22:47:57.396" intervalms="61.614" />
<gc-start id="1249" type="scavenge" contextid="1248" timestamp="2025-12-15T22:47:57.397">
  <mem-info id="1250" free="8252424" total="52428800" percent="15">
    <mem type="nursery" free="0" total="22282240" percent="0">
      <mem type="allocate" free="0" total="17039360" percent="0" />
      <mem type="survivor" free="0" total="5242880" percent="0" />
    </mem>
    <mem type="tenure" free="8252424" total="30146560" percent="27">
      <mem type="soa" free="6745096" total="28639232" percent="23" />
      <mem type="loa" free="1507328" total="1507328" percent="100" />
    </mem>
    <remembered-set count="1879" />
  </mem-info>
</gc-start>
<allocation-stats totalBytes="16168160" discardedBytes="4208" >
  <allocated-bytes non-tlh="136" tlh="16168024" />
  <largest-consumer threadName="Default Executor-thread-1" threadId="0000000000839C00" bytes="16168160" />
</allocation-stats>
<gc-op id="1251" type="scavenge" timems="2.643" contextid="1248" timestamp="2025-12-15T22:47:57.400">
  <scavenger-info tenureage="13" tenuremask="6000" tiltratio="76" />
  <memory-copied type="nursery" objects="42350" bytes="1781576" bytesdiscarded="25528" />
  <finalization candidates="1" enqueued="1" />
  <ownableSynchronizers candidates="2" cleared="0" />
  <object-monitors candidates="19" cleared="0"  />
</gc-op>
<gc-end id="1252" type="scavenge" contextid="1248" durationms="4.849" usertimems="6.609" systemtimems="0.000" stalltimems="1.783" timestamp="2025-12-15T22:47:57.401" activeThreads="3">
  <mem-info id="1253" free="24074504" total="52428800" percent="45">
    <mem type="nursery" free="15822080" total="22282240" percent="71">
      <mem type="allocate" free="15822080" total="17629184" percent="89" />
      <mem type="survivor" free="0" total="4653056" percent="0" />
    </mem>
    <mem type="tenure" free="8252424" total="30146560" percent="27">
      <mem type="soa" free="6745096" total="28639232" percent="23" />
      <mem type="loa" free="1507328" total="1507328" percent="100" />
    </mem>
    <pending-finalizers system="1" default="0" reference="0" classloader="0" />
    <remembered-set count="1496" />
  </mem-info>
</gc-end>
<cycle-end id="1254" type="scavenge" contextid="1248" timestamp="2025-12-15T22:47:57.402" />
<allocation-satisfied id="1255" threadId="0000000000839C00" bytesRequested="72" />
<af-end id="1256" timestamp="2025-12-15T22:47:57.404" threadId="000000000083A678" success="true" from="nursery"/>
<exclusive-end id="1257" timestamp="2025-12-15T22:47:57.404" durationms="9.868" />

<exclusive-start id="1258" timestamp="2025-12-15T22:47:57.452" intervalms="57.997">
  <response-info timems="0.064" idlems="0.064" threads="0" lastid="0000000000839C00" lastname="Default Executor-thread-1" />
</exclusive-start>
<af-start id="1259" threadId="000000000083A678" totalBytesRequested="16" timestamp="2025-12-15T22:47:57.453" intervalms="57.920" type="nursery" />
<cycle-start id="1260" type="scavenge" contextid="0" timestamp="2025-12-15T22:47:57.454" intervalms="57.952" />
<gc-start id="1261" type="scavenge" contextid="1260" timestamp="2025-12-15T22:47:57.455">
  <mem-info id="1262" free="8252424" total="52428800" percent="15">
    <mem type="nursery" free="0" total="22282240" percent="0">
      <mem type="allocate" free="0" total="17629184" percent="0" />
      <mem type="survivor" free="0" total="4653056" percent="0" />
    </mem>
    <mem type="tenure" free="8252424" total="30146560" percent="27">
      <mem type="soa" free="6745096" total="28639232" percent="23" />
      <mem type="loa" free="1507328" total="1507328" percent="100" />
    </mem>
    <remembered-set count="2107" />
  </mem-info>
</gc-start>
<allocation-stats totalBytes="15818976" discardedBytes="3104" >
  <allocated-bytes non-tlh="72" tlh="15818904" />
  <largest-consumer threadName="Default Executor-thread-1" threadId="0000000000839C00" bytes="15818976" />
</allocation-stats>
<gc-op id="1263" type="scavenge" timems="2.426" contextid="1260" timestamp="2025-12-15T22:47:57.459">
  <scavenger-info tenureage="13" tenuremask="6000" tiltratio="79" />
  <memory-copied type="nursery" objects="41105" bytes="1187176" bytesdiscarded="33224" />
  <ownableSynchronizers candidates="2" cleared="0" />
  <object-monitors candidates="19" cleared="0"  />
</gc-op>
<heap-resize id="1264" type="expand" space="nursery" amount="1179648" count="1" timems="0.047" reason="excessive time being spent scavenging" timestamp="2025-12-15T22:47:57.459" />
<gc-end id="1265" type="scavenge" contextid="1260" durationms="5.287" usertimems="6.491" systemtimems="0.000" stalltimems="1.203" timestamp="2025-12-15T22:47:57.460" activeThreads="3">
  <mem-info id="1266" free="26037456" total="53608448" percent="48">
    <mem type="nursery" free="17785032" total="23461888" percent="75">
      <mem type="allocate" free="17785032" total="19005440" percent="93" />
      <mem type="survivor" free="0" total="4456448" percent="0" />
    </mem>
    <mem type="tenure" free="8252424" total="30146560" percent="27">
      <mem type="soa" free="6745096" total="28639232" percent="23" />
      <mem type="loa" free="1507328" total="1507328" percent="100" />
    </mem>
    <remembered-set count="1748" />
  </mem-info>
</gc-end>
<cycle-end id="1267" type="scavenge" contextid="1260" timestamp="2025-12-15T22:47:57.461" />
<allocation-satisfied id="1268" threadId="0000000000839C00" bytesRequested="16" />
<af-end id="1269" timestamp="2025-12-15T22:47:57.462" threadId="000000000083A678" success="true" from="nursery"/>
<exclusive-end id="1270" timestamp="2025-12-15T22:47:57.463" durationms="10.114" />

<exclusive-start id="1271" timestamp="2025-12-15T22:47:57.515" intervalms="62.364">
  <response-info timems="0.067" idlems="0.067" threads="0" lastid="0000000000839C00" lastname="Default Executor-thread-1" />
</exclusive-start>
<af-start id="1272" threadId="000000000083A678" totalBytesRequested="1040" timestamp="2025-12-15T22:47:57.516" intervalms="62.589" type="nursery" />
<cycle-start id="1273" type="scavenge" contextid="0" timestamp="2025-12-15T22:47:57.517" intervalms="62.624" />
<gc-start id="1274" type="scavenge" contextid="1273" timestamp="2025-12-15T22:47:57.517">
  <mem-info id="1275" free="8252328" total="53608448" percent="15">
    <mem type="nursery" free="0" total="23461888" percent="0">
      <mem type="allocate" free="0" total="19005440" percent="0" />
      <mem type="survivor" free="0" total="4456448" percent="0" />
    </mem>
    <mem type="tenure" free="8252328" total="30146560" percent="27">
      <mem type="soa" free="6745000" total="28639232" percent="23" />
      <mem type="loa" free="1507328" total="1507328" percent="100" />
    </mem>
    <remembered-set count="2299" />
  </mem-info>
</gc-start>
<allocation-stats totalBytes="17779480" discardedBytes="5648" >
  <allocated-bytes non-tlh="112" tlh="17779368" />
  <largest-consumer threadName="Default Executor-thread-1" threadId="0000000000839C00" bytes="17746624" />
</allocation-stats>
<gc-op id="1276" type="scavenge" timems="2.501" contextid="1273" timestamp="2025-12-15T22:47:57.521">
  <scavenger-info tenureage="14" tenuremask="4000" tiltratio="81" />
  <memory-copied type="nursery" objects="50356" bytes="1780496" bytesdiscarded="13160" />
  <ownableSynchronizers candidates="4" cleared="2" />
  <object-monitors candidates="19" cleared="0"  />
</gc-op>
<gc-end id="1277" type="scavenge" contextid="1273" durationms="4.696" usertimems="3.990" systemtimems="2.183" stalltimems="1.098" timestamp="2025-12-15T22:47:57.522" activeThreads="3">
  <mem-info id="1278" free="25988400" total="53608448" percent="48">
    <mem type="nursery" free="17736072" total="23461888" percent="75">
      <mem type="allocate" free="17736072" total="19529728" percent="90" />
      <mem type="survivor" free="0" total="3932160" percent="0" />
    </mem>
    <mem type="tenure" free="8252328" total="30146560" percent="27">
      <mem type="soa" free="6745000" total="28639232" percent="23" />
      <mem type="loa" free="1507328" total="1507328" percent="100" />
    </mem>
    <remembered-set count="1948" />
  </mem-info>
</gc-end>
<cycle-end id="1279" type="scavenge" contextid="1273" timestamp="2025-12-15T22:47:57.523" />
<allocation-satisfied id="1280" threadId="0000000000839C00" bytesRequested="1040" />
<af-end id="1281" timestamp="2025-12-15T22:47:57.524" threadId="000000000083A678" success="true" from="nursery"/>
<exclusive-end id="1282" timestamp="2025-12-15T22:47:57.524" durationms="9.672" />

<exclusive-start id="1283" timestamp="2025-12-15T22:47:57.555" intervalms="40.420">
  <response-info timems="0.079" idlems="0.079" threads="0" lastid="0000000000839C00" lastname="Default Executor-thread-1" />
</exclusive-start>
<af-start id="1284" threadId="000000000083A678" totalBytesRequested="144" timestamp="2025-12-15T22:47:57.556" intervalms="40.460" type="nursery" />
<cycle-start id="1285" type="scavenge" contextid="0" timestamp="2025-12-15T22:47:57.557" intervalms="40.621" />
<gc-start id="1286" type="scavenge" contextid="1285" timestamp="2025-12-15T22:47:57.558">
  <mem-info id="1287" free="8252328" total="53608448" percent="15">
    <mem type="nursery" free="0" total="23461888" percent="0">
      <mem type="allocate" free="0" total="19529728" percent="0" />
      <mem type="survivor" free="0" total="3932160" percent="0" />
    </mem>
    <mem type="tenure" free="8252328" total="30146560" percent="27">
      <mem type="soa" free="6745000" total="28639232" percent="23" />
      <mem type="loa" free="1507328" total="1507328" percent="100" />
    </mem>
    <remembered-set count="2117" />
  </mem-info>
</gc-start>
<allocation-stats totalBytes="17731776" discardedBytes="4296" >
  <allocated-bytes non-tlh="1040" tlh="17730736" />
  <largest-consumer threadName="Default Executor-thread-1" threadId="0000000000839C00" bytes="17731776" />
</allocation-stats>
<gc-op id="1288" type="scavenge" timems="2.526" contextid="1285" timestamp="2025-12-15T22:47:57.563">
  <scavenger-info tenureage="14" tenuremask="4000" tiltratio="83" />
  <memory-copied type="nursery" objects="49955" bytes="1551272" bytesdiscarded="34168" />
  <ownableSynchronizers candidates="2" cleared="0" />
  <object-monitors candidates="19" cleared="0"  />
</gc-op>
<heap-resize id="1289" type="expand" space="nursery" amount="1835008" count="1" timems="0.080" reason="excessive time being spent scavenging" timestamp="2025-12-15T22:47:57.564" />
<gc-end id="1290" type="scavenge" contextid="1285" durationms="7.254" usertimems="6.581" systemtimems="0.000" stalltimems="1.063" timestamp="2025-12-15T22:47:57.565" activeThreads="3">
  <mem-info id="1291" free="28031624" total="55443456" percent="50">
    <mem type="nursery" free="19779296" total="25296896" percent="78">
      <mem type="allocate" free="19779296" total="21364736" percent="92" />
      <mem type="survivor" free="0" total="3932160" percent="0" />
    </mem>
    <mem type="tenure" free="8252328" total="30146560" percent="27">
      <mem type="soa" free="6745000" total="28639232" percent="23" />
      <mem type="loa" free="1507328" total="1507328" percent="100" />
    </mem>
    <remembered-set count="1999" />
  </mem-info>
</gc-end>
<cycle-end id="1292" type="scavenge" contextid="1285" timestamp="2025-12-15T22:47:57.566" />
<allocation-satisfied id="1293" threadId="0000000000839C00" bytesRequested="144" />
<af-end id="1294" timestamp="2025-12-15T22:47:57.569" threadId="000000000083A678" success="true" from="nursery"/>
<exclusive-end id="1295" timestamp="2025-12-15T22:47:57.570" durationms="14.298" />

<exclusive-start id="1296" timestamp="2025-12-15T22:47:57.682" intervalms="126.440">
  <response-info timems="0.070" idlems="0.070" threads="0" lastid="0000000000839C00" lastname="Default Executor-thread-1" />
</exclusive-start>
<af-start id="1297" threadId="000000000083A678" totalBytesRequested="24" timestamp="2025-12-15T22:47:57.682" intervalms="125.989" type="nursery" />
<cycle-start id="1298" type="scavenge" contextid="0" timestamp="2025-12-15T22:47:57.683" intervalms="125.708" />
<gc-start id="1299" type="scavenge" contextid="1298" timestamp="2025-12-15T22:47:57.683">
  <mem-info id="1300" free="8252328" total="55443456" percent="14">
    <mem type="nursery" free="0" total="25296896" percent="0">
      <mem type="allocate" free="0" total="21364736" percent="0" />
      <mem type="survivor" free="0" total="3932160" percent="0" />
    </mem>
    <mem type="tenure" free="8252328" total="30146560" percent="27">
      <mem type="soa" free="6745000" total="28639232" percent="23" />
      <mem type="loa" free="1507328" total="1507328" percent="100" />
    </mem>
    <remembered-set count="2367" />
  </mem-info>
</gc-start>
<allocation-stats totalBytes="19775376" discardedBytes="3920" >
  <allocated-bytes non-tlh="144" tlh="19775232" />
  <largest-consumer threadName="Default Executor-thread-1" threadId="0000000000839C00" bytes="19775376" />
</allocation-stats>
<gc-op id="1301" type="scavenge" timems="2.700" contextid="1298" timestamp="2025-12-15T22:47:57.687">
  <scavenger-info tenureage="9" tenuremask="4200" tiltratio="84" />
  <memory-copied type="nursery" objects="48422" bytes="1399800" bytesdiscarded="38824" />
  <memory-copied type="tenure" objects="3441" bytes="94928" bytesdiscarded="48" />
  <ownableSynchronizers candidates="2" cleared="0" />
  <object-monitors candidates="19" cleared="0"  />
</gc-op>
<gc-end id="1302" type="scavenge" contextid="1298" durationms="5.057" usertimems="6.938" systemtimems="0.000" stalltimems="1.335" timestamp="2025-12-15T22:47:57.689" activeThreads="3">
  <mem-info id="1303" free="28620088" total="55443456" percent="51">
    <mem type="nursery" free="20581464" total="25296896" percent="81">
      <mem type="allocate" free="20581464" total="22020096" percent="93" />
      <mem type="survivor" free="0" total="3276800" percent="0" />
    </mem>
    <mem type="tenure" free="8038624" total="30146560" percent="26">
      <mem type="soa" free="6531296" total="28639232" percent="22" />
      <mem type="loa" free="1507328" total="1507328" percent="100" />
    </mem>
    <remembered-set count="1979" />
  </mem-info>
</gc-end>
<cycle-end id="1304" type="scavenge" contextid="1298" timestamp="2025-12-15T22:47:57.689" />
<allocation-satisfied id="1305" threadId="0000000000839C00" bytesRequested="24" />
<af-end id="1306" timestamp="2025-12-15T22:47:57.691" threadId="000000000083A678" success="true" from="nursery"/>
<exclusive-end id="1307" timestamp="2025-12-15T22:47:57.691" durationms="9.739" />

<exclusive-start id="1308" timestamp="2025-12-15T22:47:57.753" intervalms="71.576">
  <response-info timems="0.059" idlems="0.059" threads="0" lastid="0000000000839C00" lastname="Default Executor-thread-1" />
</exclusive-start>
<af-start id="1309" threadId="000000000083A678" totalBytesRequested="32" timestamp="2025-12-15T22:47:57.754" intervalms="71.717" type="nursery" />
<cycle-start id="1310" type="scavenge" contextid="0" timestamp="2025-12-15T22:47:57.755" intervalms="71.673" />
<gc-start id="1311" type="scavenge" contextid="1310" timestamp="2025-12-15T22:47:57.755">
  <mem-info id="1312" free="8038624" total="55443456" percent="14">
    <mem type="nursery" free="0" total="25296896" percent="0">
      <mem type="allocate" free="0" total="22020096" percent="0" />
      <mem type="survivor" free="0" total="3276800" percent="0" />
    </mem>
    <mem type="tenure" free="8038624" total="30146560" percent="26">
      <mem type="soa" free="6531296" total="28639232" percent="22" />
      <mem type="loa" free="1507328" total="1507328" percent="100" />
    </mem>
    <remembered-set count="2089" />
  </mem-info>
</gc-start>
<allocation-stats totalBytes="20576920" discardedBytes="4544" >
  <allocated-bytes non-tlh="24" tlh="20576896" />
  <largest-consumer threadName="Default Executor-thread-1" threadId="0000000000839C00" bytes="20576920" />
</allocation-stats>
<gc-op id="1313" type="scavenge" timems="2.654" contextid="1310" timestamp="2025-12-15T22:47:57.759">
  <scavenger-info tenureage="9" tenuremask="4200" tiltratio="87" />
  <memory-copied type="nursery" objects="44440" bytes="1381056" bytesdiscarded="71552" />
  <memory-copied type="tenure" objects="10089" bytes="276064" bytesdiscarded="512" />
  <ownableSynchronizers candidates="2" cleared="0" />
  <object-monitors candidates="19" cleared="0"  />
</gc-op>
<gc-end id="1314" type="scavenge" contextid="1310" durationms="4.819" usertimems="6.916" systemtimems="0.000" stalltimems="1.191" timestamp="2025-12-15T22:47:57.760" activeThreads="3">
  <mem-info id="1315" free="28677280" total="55443456" percent="51">
    <mem type="nursery" free="20895168" total="25296896" percent="82">
      <mem type="allocate" free="20895168" total="22347776" percent="93" />
      <mem type="survivor" free="0" total="2949120" percent="0" />
    </mem>
    <mem type="tenure" free="7782112" total="30146560" percent="25">
      <mem type="soa" free="6274784" total="28639232" percent="21" />
      <mem type="loa" free="1507328" total="1507328" percent="100" />
    </mem>
    <remembered-set count="1517" />
  </mem-info>
</gc-end>
<cycle-end id="1316" type="scavenge" contextid="1310" timestamp="2025-12-15T22:47:57.761" />
<allocation-satisfied id="1317" threadId="0000000000839C00" bytesRequested="32" />
<af-end id="1318" timestamp="2025-12-15T22:47:57.762" threadId="000000000083A678" success="true" from="nursery"/>
<exclusive-end id="1319" timestamp="2025-12-15T22:47:57.762" durationms="9.150" />

<exclusive-start id="1320" timestamp="2025-12-15T22:47:57.803" intervalms="49.328">
  <response-info timems="0.064" idlems="0.064" threads="0" lastid="0000000000839C00" lastname="Default Executor-thread-1" />
</exclusive-start>
<af-start id="1321" threadId="000000000083A678" totalBytesRequested="16" timestamp="2025-12-15T22:47:57.804" intervalms="49.546" type="nursery" />
<cycle-start id="1322" type="scavenge" contextid="0" timestamp="2025-12-15T22:47:57.804" intervalms="49.715" />
<gc-start id="1323" type="scavenge" contextid="1322" timestamp="2025-12-15T22:47:57.805">
  <mem-info id="1324" free="7781856" total="55443456" percent="14">
    <mem type="nursery" free="0" total="25296896" percent="0">
      <mem type="allocate" free="0" total="22347776" percent="0" />
      <mem type="survivor" free="0" total="2949120" percent="0" />
    </mem>
    <mem type="tenure" free="7781856" total="30146560" percent="25">
      <mem type="soa" free="6274528" total="28639232" percent="21" />
      <mem type="loa" free="1507328" total="1507328" percent="100" />
    </mem>
    <remembered-set count="1616" />
  </mem-info>
</gc-start>
<allocation-stats totalBytes="20890808" discardedBytes="4616" >
  <allocated-bytes non-tlh="288" tlh="20890520" />
  <largest-consumer threadName="Default Executor-thread-1" threadId="0000000000839C00" bytes="20890808" />
</allocation-stats>
<gc-op id="1325" type="scavenge" timems="2.418" contextid="1322" timestamp="2025-12-15T22:47:57.809">
  <scavenger-info tenureage="5" tenuremask="4020" tiltratio="88" />
  <memory-copied type="nursery" objects="37194" bytes="1269328" bytesdiscarded="38000" />
  <memory-copied type="tenure" objects="5840" bytes="164152" bytesdiscarded="184" />
  <ownableSynchronizers candidates="2" cleared="0" />
  <references type="weak" candidates="1" cleared="1" enqueued="1" />
  <object-monitors candidates="19" cleared="0"  />
</gc-op>
<heap-resize id="1326" type="expand" space="nursery" amount="1441792" count="1" timems="0.046" reason="excessive time being spent scavenging" timestamp="2025-12-15T22:47:57.810" />
<gc-end id="1327" type="scavenge" contextid="1322" durationms="5.592" usertimems="5.701" systemtimems="0.000" stalltimems="1.823" timestamp="2025-12-15T22:47:57.811" activeThreads="3">
  <mem-info id="1328" free="30063648" total="56885248" percent="52">
    <mem type="nursery" free="22482240" total="26738688" percent="84">
      <mem type="allocate" free="22482240" total="23789568" percent="94" />
      <mem type="survivor" free="0" total="2949120" percent="0" />
    </mem>
    <mem type="tenure" free="7581408" total="30146560" percent="25">
      <mem type="soa" free="6074080" total="28639232" percent="21" />
      <mem type="loa" free="1507328" total="1507328" percent="100" />
    </mem>
    <pending-finalizers system="0" default="0" reference="1" classloader="0" />
    <remembered-set count="1316" />
  </mem-info>
</gc-end>
<cycle-end id="1329" type="scavenge" contextid="1322" timestamp="2025-12-15T22:47:57.812" />
<allocation-satisfied id="1330" threadId="0000000000839C00" bytesRequested="16" />
<af-end id="1331" timestamp="2025-12-15T22:47:57.814" threadId="000000000083A678" success="true" from="nursery"/>
<exclusive-end id="1332" timestamp="2025-12-15T22:47:57.815" durationms="12.177" />

<exclusive-start id="1333" timestamp="2025-12-15T22:47:57.895" intervalms="92.481">
  <response-info timems="0.056" idlems="0.056" threads="0" lastid="0000000000839C00" lastname="Default Executor-thread-1" />
</exclusive-start>
<af-start id="1334" threadId="000000000083A678" totalBytesRequested="24" timestamp="2025-12-15T22:47:57.896" intervalms="92.676" type="nursery" />
<cycle-start id="1335" type="scavenge" contextid="0" timestamp="2025-12-15T22:47:57.897" intervalms="92.735" />
<gc-start id="1336" type="scavenge" contextid="1335" timestamp="2025-12-15T22:47:57.898">
  <mem-info id="1337" free="7581408" total="56885248" percent="13">
    <mem type="nursery" free="0" total="26738688" percent="0">
      <mem type="allocate" free="0" total="23789568" percent="0" />
      <mem type="survivor" free="0" total="2949120" percent="0" />
    </mem>
    <mem type="tenure" free="7581408" total="30146560" percent="25">
      <mem type="soa" free="6074080" total="28639232" percent="21" />
      <mem type="loa" free="1507328" total="1507328" percent="100" />
    </mem>
    <remembered-set count="1549" />
  </mem-info>
</gc-start>
<allocation-stats totalBytes="22476728" discardedBytes="5512" >
  <allocated-bytes non-tlh="16" tlh="22476712" />
  <largest-consumer threadName="Default Executor-thread-1" threadId="0000000000839C00" bytes="22476728" />
</allocation-stats>
<gc-op id="1338" type="scavenge" timems="4.987" contextid="1335" timestamp="2025-12-15T22:47:57.904">
  <scavenger-info tenureage="8" tenuremask="4500" tiltratio="88" />
  <memory-copied type="nursery" objects="61071" bytes="1865912" bytesdiscarded="24272" />
  <memory-copied type="tenure" objects="6050" bytes="175904" bytesdiscarded="48" />
  <ownableSynchronizers candidates="2" cleared="0" />
  <object-monitors candidates="19" cleared="0"  />
</gc-op>
<gc-end id="1339" type="scavenge" contextid="1335" durationms="7.586" usertimems="9.477" systemtimems="4.758" stalltimems="1.226" timestamp="2025-12-15T22:47:57.905" activeThreads="3">
  <mem-info id="1340" free="29192536" total="56885248" percent="51">
    <mem type="nursery" free="21833848" total="26738688" percent="81">
      <mem type="allocate" free="21833848" total="23724032" percent="92" />
      <mem type="survivor" free="0" total="3014656" percent="0" />
    </mem>
    <mem type="tenure" free="7358688" total="30146560" percent="24">
      <mem type="soa" free="5851360" total="28639232" percent="20" />
      <mem type="loa" free="1507328" total="1507328" percent="100" />
    </mem>
    <remembered-set count="1295" />
  </mem-info>
</gc-end>
<cycle-end id="1341" type="scavenge" contextid="1335" timestamp="2025-12-15T22:47:57.906" />
<allocation-satisfied id="1342" threadId="0000000000839C00" bytesRequested="24" />
<af-end id="1343" timestamp="2025-12-15T22:47:57.908" threadId="000000000083A678" success="true" from="nursery"/>
<exclusive-end id="1344" timestamp="2025-12-15T22:47:57.908" durationms="13.419" />

<exclusive-start id="1345" timestamp="2025-12-15T22:47:58.188" intervalms="293.270">
  <response-info timems="0.049" idlems="0.049" threads="0" lastid="0000000000839C00" lastname="Default Executor-thread-1" />
</exclusive-start>
<af-start id="1346" threadId="000000000083A678" totalBytesRequested="64" timestamp="2025-12-15T22:47:58.189" intervalms="292.818" type="nursery" />
<cycle-start id="1347" type="scavenge" contextid="0" timestamp="2025-12-15T22:47:58.190" intervalms="292.775" />
<gc-start id="1348" type="scavenge" contextid="1347" timestamp="2025-12-15T22:47:58.190">
  <mem-info id="1349" free="7356120" total="56885248" percent="12">
    <mem type="nursery" free="0" total="26738688" percent="0">
      <mem type="allocate" free="0" total="23724032" percent="0" />
      <mem type="survivor" free="0" total="3014656" percent="0" />
    </mem>
    <mem type="tenure" free="7356120" total="30146560" percent="24">
      <mem type="soa" free="5848792" total="28639232" percent="20" />
      <mem type="loa" free="1507328" total="1507328" percent="100" />
    </mem>
    <remembered-set count="3047" />
  </mem-info>
</gc-start>
<allocation-stats totalBytes="21834784" discardedBytes="1632" >
  <allocated-bytes non-tlh="478776" tlh="21356008" />
  <largest-consumer threadName="Default Executor-thread-1" threadId="0000000000839C00" bytes="21232840" />
</allocation-stats>
<gc-op id="1350" type="scavenge" timems="6.421" contextid="1347" timestamp="2025-12-15T22:47:58.198">
  <scavenger-info tenureage="6" tenuremask="4040" tiltratio="88" />
  <memory-copied type="nursery" objects="46793" bytes="3010320" bytesdiscarded="1880" />
  <memory-copied type="tenure" objects="49163" bytes="1664704" bytesdiscarded="1304" />
  <copy-failed type="nursery" objects="42958" bytes="1490352" />
  <ownableSynchronizers candidates="4" cleared="2" />
  <references type="soft" candidates="1" cleared="0" enqueued="0" dynamicThreshold="9" maxThreshold="32" />
  <references type="weak" candidates="8" cleared="4" enqueued="4" />
  <references type="phantom" candidates="231" cleared="0" enqueued="0" />
  <object-monitors candidates="19" cleared="0"  />
</gc-op>
<gc-end id="1351" type="scavenge" contextid="1347" durationms="8.479" usertimems="14.748" systemtimems="5.338" stalltimems="3.015" timestamp="2025-12-15T22:47:58.199" activeThreads="4">
  <mem-info id="1352" free="20506472" total="56885248" percent="36">
    <mem type="nursery" free="14811136" total="26738688" percent="55">
      <mem type="allocate" free="14811136" total="17825792" percent="83" />
      <mem type="survivor" free="0" total="8912896" percent="0" />
    </mem>
    <mem type="tenure" free="5695336" total="30146560" percent="18">
      <mem type="soa" free="4188008" total="28639232" percent="14" />
      <mem type="loa" free="1507328" total="1507328" percent="100" />
    </mem>
    <pending-finalizers system="0" default="0" reference="4" classloader="0" />
    <remembered-set count="3590" />
  </mem-info>
</gc-end>
<cycle-end id="1353" type="scavenge" contextid="1347" timestamp="2025-12-15T22:47:58.200" />
<allocation-satisfied id="1354" threadId="0000000000839C00" bytesRequested="64" />
<af-end id="1355" timestamp="2025-12-15T22:47:58.201" threadId="000000000083A678" success="true" from="nursery"/>
<exclusive-end id="1356" timestamp="2025-12-15T22:47:58.201" durationms="12.991" />

<exclusive-start id="1357" timestamp="2025-12-15T22:47:58.366" intervalms="178.045">
  <response-info timems="0.053" idlems="0.053" threads="0" lastid="0000000000839C00" lastname="Default Executor-thread-1" />
</exclusive-start>
<af-start id="1358" threadId="000000000083A678" totalBytesRequested="48" timestamp="2025-12-15T22:47:58.367" intervalms="177.967" type="nursery" />
<cycle-start id="1359" type="scavenge" contextid="0" timestamp="2025-12-15T22:47:58.368" intervalms="178.072" />
<gc-start id="1360" type="scavenge" contextid="1359" timestamp="2025-12-15T22:47:58.369">
  <mem-info id="1361" free="5689616" total="56885248" percent="10">
    <mem type="nursery" free="0" total="26738688" percent="0">
      <mem type="allocate" free="0" total="17825792" percent="0" />
      <mem type="survivor" free="0" total="8912896" percent="0" />
    </mem>
    <mem type="tenure" free="5689616" total="30146560" percent="18">
      <mem type="soa" free="4182288" total="28639232" percent="14" />
      <mem type="loa" free="1507328" total="1507328" percent="100" />
    </mem>
    <remembered-set count="4601" />
  </mem-info>
</gc-start>
<allocation-stats totalBytes="14814576" discardedBytes="2280" >
  <allocated-bytes non-tlh="214608" tlh="14599968" />
  <largest-consumer threadName="Default Executor-thread-1" threadId="0000000000839C00" bytes="14794096" />
</allocation-stats>
<gc-op id="1362" type="scavenge" timems="3.721" contextid="1359" timestamp="2025-12-15T22:47:58.374">
  <scavenger-info tenureage="3" tenuremask="ff78" tiltratio="66" />
  <memory-copied type="nursery" objects="55452" bytes="3404776" bytesdiscarded="50072" />
  <memory-copied type="tenure" objects="12350" bytes="358736" bytesdiscarded="256" />
  <ownableSynchronizers candidates="59" cleared="0" />
  <references type="soft" candidates="1" cleared="0" enqueued="0" dynamicThreshold="9" maxThreshold="32" />
  <references type="weak" candidates="329" cleared="2" enqueued="2" />
  <references type="phantom" candidates="242" cleared="0" enqueued="0" />
  <object-monitors candidates="19" cleared="0"  />
</gc-op>
<gc-end id="1363" type="scavenge" contextid="1359" durationms="5.802" usertimems="5.874" systemtimems="6.941" stalltimems="4.923" timestamp="2025-12-15T22:47:58.374" activeThreads="5">
  <mem-info id="1364" free="20139288" total="56885248" percent="35">
    <mem type="nursery" free="15023368" total="26738688" percent="56">
      <mem type="allocate" free="15023368" total="18481152" percent="81" />
      <mem type="survivor" free="0" total="8257536" percent="0" />
    </mem>
    <mem type="tenure" free="5115920" total="30146560" percent="16">
      <mem type="soa" free="3608592" total="28639232" percent="12" />
      <mem type="loa" free="1507328" total="1507328" percent="100" />
    </mem>
    <pending-finalizers system="0" default="0" reference="2" classloader="0" />
    <remembered-set count="3387" />
  </mem-info>
</gc-end>
<cycle-end id="1365" type="scavenge" contextid="1359" timestamp="2025-12-15T22:47:58.375" />
<allocation-satisfied id="1366" threadId="0000000000839C00" bytesRequested="48" />
<af-end id="1367" timestamp="2025-12-15T22:47:58.376" threadId="000000000083A678" success="true" from="nursery"/>
<exclusive-end id="1368" timestamp="2025-12-15T22:47:58.377" durationms="10.452" />

<exclusive-start id="1369" timestamp="2025-12-15T22:47:58.623" intervalms="256.199">
  <response-info timems="0.564" idlems="0.378" threads="2" lastid="00000000005EFE00" lastname="Equinox start level thread - Equinox Container: ecec021b-da39-4" />
</exclusive-start>
<af-start id="1370" threadId="00000000005ECB78" totalBytesRequested="208" timestamp="2025-12-15T22:47:58.623" intervalms="256.293" type="nursery" />
<cycle-start id="1371" type="scavenge" contextid="0" timestamp="2025-12-15T22:47:58.624" intervalms="256.262" />
<gc-start id="1372" type="scavenge" contextid="1371" timestamp="2025-12-15T22:47:58.625">
  <mem-info id="1373" free="5009048" total="56885248" percent="8">
    <mem type="nursery" free="0" total="26738688" percent="0">
      <mem type="allocate" free="0" total="18481152" percent="0" />
      <mem type="survivor" free="0" total="8257536" percent="0" />
    </mem>
    <mem type="tenure" free="5009048" total="30146560" percent="16">
      <mem type="soa" free="3501720" total="28639232" percent="12" />
      <mem type="loa" free="1507328" total="1507328" percent="100" />
    </mem>
    <remembered-set count="6497" />
  </mem-info>
</gc-start>
<allocation-stats totalBytes="15124592" discardedBytes="5648" >
  <allocated-bytes non-tlh="324280" tlh="14800312" />
  <largest-consumer threadName="Start Level: Equinox Container: ecec021b-da39-4877-85e3-24742ae2b9da" threadId="00000000005E4400" bytes="3517976" />
</allocation-stats>
<gc-op id="1374" type="scavenge" timems="5.171" contextid="1371" timestamp="2025-12-15T22:47:58.632">
  <scavenger-info tenureage="3" tenuremask="4008" tiltratio="69" />
  <memory-copied type="nursery" objects="88252" bytes="4407224" bytesdiscarded="41048" />
  <memory-copied type="tenure" objects="13854" bytes="435128" bytesdiscarded="56" />
  <finalization candidates="9" enqueued="9" />
  <ownableSynchronizers candidates="1580" cleared="600" />
  <references type="soft" candidates="424" cleared="0" enqueued="0" dynamicThreshold="9" maxThreshold="32" />
  <references type="weak" candidates="953" cleared="364" enqueued="363" />
  <references type="phantom" candidates="276" cleared="0" enqueued="0" />
  <object-monitors candidates="22" cleared="0"  />
</gc-op>
<gc-end id="1375" type="scavenge" contextid="1371" durationms="7.489" usertimems="14.135" systemtimems="4.703" stalltimems="7.366" timestamp="2025-12-15T22:47:58.632" activeThreads="5">
  <mem-info id="1376" free="19687096" total="56885248" percent="34">
    <mem type="nursery" free="15266336" total="26738688" percent="57">
      <mem type="allocate" free="15266336" total="19726336" percent="77" />
      <mem type="survivor" free="0" total="7012352" percent="0" />
    </mem>
    <mem type="tenure" free="4420760" total="30146560" percent="14">
      <mem type="soa" free="2913432" total="28639232" percent="10" />
      <mem type="loa" free="1507328" total="1507328" percent="100" />
    </mem>
    <pending-finalizers system="9" default="0" reference="363" classloader="0" />
    <remembered-set count="4955" />
  </mem-info>
</gc-end>
<cycle-end id="1377" type="scavenge" contextid="1371" timestamp="2025-12-15T22:47:58.633" />
<allocation-satisfied id="1378" threadId="00000000005EC100" bytesRequested="208" />
<af-end id="1379" timestamp="2025-12-15T22:47:58.634" threadId="00000000005ECB78" success="true" from="nursery"/>
<exclusive-end id="1380" timestamp="2025-12-15T22:47:58.635" durationms="12.246" />

<exclusive-start id="1381" timestamp="2025-12-15T22:47:58.734" intervalms="111.161">
  <response-info timems="0.059" idlems="0.059" threads="0" lastid="00000000005FB800" lastname="Equinox start level thread - Equinox Container: ecec021b-da39-4" />
</exclusive-start>
<af-start id="1382" threadId="00000000005FC278" totalBytesRequested="24" timestamp="2025-12-15T22:47:58.734" intervalms="111.122" type="nursery" />
<cycle-start id="1383" type="scavenge" contextid="0" timestamp="2025-12-15T22:47:58.735" intervalms="111.008" />
<gc-start id="1384" type="scavenge" contextid="1383" timestamp="2025-12-15T22:47:58.736">
  <mem-info id="1385" free="4156032" total="56885248" percent="7">
    <mem type="nursery" free="0" total="26738688" percent="0">
      <mem type="allocate" free="0" total="19726336" percent="0" />
      <mem type="survivor" free="0" total="7012352" percent="0" />
    </mem>
    <mem type="tenure" free="4156032" total="30146560" percent="13">
      <mem type="soa" free="2648704" total="28639232" percent="9" />
      <mem type="loa" free="1507328" total="1507328" percent="100" />
    </mem>
    <remembered-set count="8647" />
  </mem-info>
</gc-start>
<allocation-stats totalBytes="15507856" discardedBytes="23208" >
  <allocated-bytes non-tlh="532896" tlh="14974960" />
  <largest-consumer threadName="Equinox start level thread - Equinox Container: ecec021b-da39-4877-85e3-24742ae2b9da" threadId="00000000005F3B00" bytes="4597528" />
</allocation-stats>
<gc-op id="1386" type="scavenge" timems="6.072" contextid="1383" timestamp="2025-12-15T22:47:58.743">
  <scavenger-info tenureage="3" tenuremask="4008" tiltratio="73" />
  <memory-copied type="nursery" objects="117796" bytes="5352792" bytesdiscarded="42136" />
  <memory-copied type="tenure" objects="17972" bytes="620768" bytesdiscarded="208" />
  <finalization candidates="26" enqueued="26" />
  <ownableSynchronizers candidates="2938" cleared="864" />
  <references type="soft" candidates="1620" cleared="0" enqueued="0" dynamicThreshold="9" maxThreshold="32" />
  <references type="weak" candidates="1684" cleared="755" enqueued="751" />
  <references type="phantom" candidates="308" cleared="16" enqueued="16" />
  <object-monitors candidates="35" cleared="8"  />
</gc-op>
<heap-resize id="1387" type="expand" space="nursery" amount="1179648" count="1" timems="0.041" reason="excessive time being spent scavenging" timestamp="2025-12-15T22:47:58.744" />
<gc-end id="1388" type="scavenge" contextid="1383" durationms="8.574" usertimems="18.163" systemtimems="5.412" stalltimems="7.981" timestamp="2025-12-15T22:47:58.744" activeThreads="5">
  <mem-info id="1389" free="17940704" total="58064896" percent="30">
    <mem type="nursery" free="14445152" total="27918336" percent="51">
      <mem type="allocate" free="14445152" total="19857408" percent="72" />
      <mem type="survivor" free="0" total="8060928" percent="0" />
    </mem>
    <mem type="tenure" free="3495552" total="30146560" percent="11">
      <mem type="soa" free="1988224" total="28639232" percent="6" />
      <mem type="loa" free="1507328" total="1507328" percent="100" />
    </mem>
    <pending-finalizers system="26" default="0" reference="767" classloader="0" />
    <remembered-set count="6376" />
  </mem-info>
</gc-end>
<cycle-end id="1390" type="scavenge" contextid="1383" timestamp="2025-12-15T22:47:58.745" />
<allocation-satisfied id="1391" threadId="00000000005FB800" bytesRequested="24" />
<af-end id="1392" timestamp="2025-12-15T22:47:58.746" threadId="00000000005FC278" success="true" from="nursery"/>
<exclusive-end id="1393" timestamp="2025-12-15T22:47:58.747" durationms="12.782" />

<concurrent-kickoff id="1394" timestamp="2025-12-15T22:47:58.799">
  <kickoff reason="threshold reached" targetBytes="13055215" thresholdFreeBytes="1810722"  remainingFree="1645584" tenureFreeBytes="3386848" nurseryFreeBytes="1645584" />
</concurrent-kickoff>
<exclusive-start id="1395" timestamp="2025-12-15T22:47:58.800" intervalms="66.539">
  <response-info timems="0.075" idlems="0.075" threads="0" lastid="00000000005FB800" lastname="Equinox start level thread - Equinox Container: ecec021b-da39-4" />
</exclusive-start>
<cycle-start id="1396" type="global" contextid="0" timestamp="2025-12-15T22:47:58.801" intervalms="1812.216" />
<concurrent-start id="1397" type="global mark" contextid="1396" timestamp="2025-12-15T22:47:58.801">
</concurrent-start>
<exclusive-end id="1398" timestamp="2025-12-15T22:47:58.802" durationms="1.641" />

<concurrent-end id="1399" type="global mark" contextid="1396" timestamp="2025-12-15T22:47:58.821">
<gc-op id="1400" type="trace" timems="19.433" contextid="1396" timestamp="2025-12-15T22:47:58.821">
  <trace bytesTraced="13728556" workStackOverflowCount="0" />
  <card-cleaning reason="card cleaning threshold reached" bytesTraced="32644" cardsCleaned="122" />
</gc-op>
</concurrent-end>

<exclusive-start id="1401" timestamp="2025-12-15T22:47:58.824" intervalms="24.048">
  <response-info timems="0.109" idlems="0.107" threads="1" lastid="00000000005FB800" lastname="Equinox start level thread - Equinox Container: ecec021b-da39-4" />
</exclusive-start>
<concurrent-global-final id="1402" timestamp="2025-12-15T22:47:58.825" contextid="1396" intervalms="1797.530" >
  <concurrent-trace-info reason="card cleaning threshold reached" tracedByMutators="6488072" tracedByHelpers="7273128" cardsCleaned="122" workStackOverflowCount="0" />
</concurrent-global-final>
<gc-start id="1403" type="global" contextid="1396" timestamp="2025-12-15T22:47:58.826">
  <mem-info id="1404" free="3527608" total="58064896" percent="6">
    <mem type="nursery" free="158736" total="27918336" percent="0">
      <mem type="allocate" free="158736" total="19857408" percent="0" />
      <mem type="survivor" free="0" total="8060928" percent="0" />
    </mem>
    <mem type="tenure" free="3368872" total="30146560" percent="11">
      <mem type="soa" free="1861544" total="28639232" percent="6" />
      <mem type="loa" free="1507328" total="1507328" percent="100" />
    </mem>
    <remembered-set count="9023" />
  </mem-info>
</gc-start>
<allocation-stats totalBytes="14408248" discardedBytes="4848" >
  <allocated-bytes non-tlh="810304" tlh="13597944" />
  <largest-consumer threadName="Equinox start level thread - Equinox Container: ecec021b-da39-4877-85e3-24742ae2b9da" threadId="00000000005EC100" bytes="6230816" />
</allocation-stats>
<gc-op id="1405" type="rs-scan" timems="3.411" contextid="1396" timestamp="2025-12-15T22:47:58.830">
  <scan objectsFound="144171" bytesTraced="4839848" workStackOverflowCount="0" />
</gc-op>
<gc-op id="1406" type="card-cleaning" timems="1.856" contextid="1396" timestamp="2025-12-15T22:47:58.833">
  <card-cleaning cardsCleaned="68" bytesTraced="103648" workStackOverflowCount="0" />
</gc-op>
<gc-op id="1407" type="mark" timems="17.015" contextid="1396" timestamp="2025-12-15T22:47:58.850">
  <trace-info objectcount="4217" scancount="3816" scanbytes="114160" />
  <finalization candidates="734" enqueued="5" />
  <ownableSynchronizers candidates="4231" cleared="335" />
  <references type="soft" candidates="6587" cleared="0" enqueued="0" dynamicThreshold="9" maxThreshold="32" />
  <references type="weak" candidates="3069" cleared="475" enqueued="475" />
  <references type="phantom" candidates="319" cleared="1" enqueued="1" />
  <stringconstants candidates="16838" cleared="42"  />
  <object-monitors candidates="30" cleared="3"  />
</gc-op>
<gc-op id="1408" type="classunload" timems="0.029" contextid="1396" timestamp="2025-12-15T22:47:58.851">
  <classunload-info classloadercandidates="137" classloadersunloaded="0" classesunloaded="0" anonymousclassesunloaded="0" quiescems="0.000" setupms="0.028" scanms="0.000" postms="0.000" />
</gc-op>
<gc-op id="1409" type="sweep" timems="3.718" contextid="1396" timestamp="2025-12-15T22:47:58.855" />
<heap-resize id="1410" type="expand" space="tenure" amount="2228224" count="1" timems="1.348" reason="insufficient free space following gc" timestamp="2025-12-15T22:47:58.857" />
<gc-end id="1411" type="global" contextid="1396" durationms="32.174" usertimems="64.280" systemtimems="22.961" stalltimems="333.396" timestamp="2025-12-15T22:47:58.858" activeThreads="20">
  <mem-info id="1412" free="21879248" total="60293120" percent="36">
    <mem type="nursery" free="12147816" total="27918336" percent="43">
      <mem type="allocate" free="12147816" total="19857408" percent="61" />
      <mem type="survivor" free="0" total="8060928" percent="0" />
    </mem>
    <mem type="tenure" free="9731432" total="32374784" percent="30" micro-fragmented="622642" macro-fragmented="0">
      <mem type="soa" free="8112488" total="30755840" percent="26" />
      <mem type="loa" free="1618944" total="1618944" percent="100" />
    </mem>
    <pending-finalizers system="5" default="0" reference="476" classloader="0" />
    <remembered-set count="7687" />
  </mem-info>
</gc-end>
<cycle-end id="1413" type="global" contextid="1396" timestamp="2025-12-15T22:47:58.859" />
<exclusive-end id="1414" timestamp="2025-12-15T22:47:58.859" durationms="34.832" />

<exclusive-start id="1415" timestamp="2025-12-15T22:47:58.902" intervalms="77.709">
  <response-info timems="0.077" idlems="0.077" threads="0" lastid="00000000005FB800" lastname="Equinox start level thread - Equinox Container: ecec021b-da39-4" />
</exclusive-start>
<af-start id="1416" threadId="00000000005FC278" totalBytesRequested="1040" timestamp="2025-12-15T22:47:58.903" intervalms="168.316" type="nursery" />
<cycle-start id="1417" type="scavenge" contextid="0" timestamp="2025-12-15T22:47:58.904" intervalms="168.508" />
<gc-start id="1418" type="scavenge" contextid="1417" timestamp="2025-12-15T22:47:58.904">
  <mem-info id="1419" free="9628264" total="60293120" percent="15">
    <mem type="nursery" free="0" total="27918336" percent="0">
      <mem type="allocate" free="0" total="19857408" percent="0" />
      <mem type="survivor" free="0" total="8060928" percent="0" />
    </mem>
    <mem type="tenure" free="9628264" total="32374784" percent="29">
      <mem type="soa" free="8009320" total="30755840" percent="26" />
      <mem type="loa" free="1618944" total="1618944" percent="100" />
    </mem>
    <remembered-set count="9049" />
  </mem-info>
</gc-start>
<allocation-stats totalBytes="12110600" discardedBytes="99480" >
  <allocated-bytes non-tlh="1053312" tlh="11057288" />
  <largest-consumer threadName="Equinox start level thread - Equinox Container: ecec021b-da39-4877-85e3-24742ae2b9da" threadId="00000000005EFE00" bytes="4088440" />
</allocation-stats>
<gc-op id="1420" type="scavenge" timems="6.404" contextid="1417" timestamp="2025-12-15T22:47:58.912">
  <scavenger-info tenureage="14" tenuremask="4000" tiltratio="71" />
  <memory-copied type="nursery" objects="171356" bytes="8007904" bytesdiscarded="27784" />
  <finalization candidates="16" enqueued="16" />
  <ownableSynchronizers candidates="8282" cleared="5345" />
  <references type="soft" candidates="2336" cleared="0" enqueued="0" dynamicThreshold="9" maxThreshold="32" />
  <references type="weak" candidates="1969" cleared="441" enqueued="441" />
  <references type="phantom" candidates="278" cleared="1" enqueued="1" />
  <object-monitors candidates="27" cleared="0"  />
</gc-op>
<gc-end id="1421" type="scavenge" contextid="1417" durationms="8.485" usertimems="23.956" systemtimems="2.203" stalltimems="6.063" timestamp="2025-12-15T22:47:58.913" activeThreads="5">
  <mem-info id="1422" free="17361512" total="60293120" percent="28">
    <mem type="nursery" free="7733248" total="27918336" percent="27">
      <mem type="allocate" free="7733248" total="15794176" percent="48" />
      <mem type="survivor" free="0" total="12124160" percent="0" />
    </mem>
    <mem type="tenure" free="9628264" total="32374784" percent="29">
      <mem type="soa" free="8009320" total="30755840" percent="26" />
      <mem type="loa" free="1618944" total="1618944" percent="100" />
    </mem>
    <pending-finalizers system="16" default="0" reference="442" classloader="0" />
    <remembered-set count="7612" />
  </mem-info>
</gc-end>
<cycle-end id="1423" type="scavenge" contextid="1417" timestamp="2025-12-15T22:47:58.913" />
<allocation-satisfied id="1424" threadId="00000000005FB800" bytesRequested="1040" />
<af-end id="1425" timestamp="2025-12-15T22:47:58.914" threadId="00000000005FC278" success="true" from="nursery"/>
<exclusive-end id="1426" timestamp="2025-12-15T22:47:58.915" durationms="12.840" />

<exclusive-start id="1427" timestamp="2025-12-15T22:47:58.928" intervalms="26.393">
  <response-info timems="0.050" idlems="0.050" threads="0" lastid="00000000005F3B00" lastname="Equinox start level thread - Equinox Container: ecec021b-da39-4" />
</exclusive-start>
<af-start id="1428" threadId="00000000005F4578" totalBytesRequested="80" timestamp="2025-12-15T22:47:58.929" intervalms="26.279" type="nursery" />
<cycle-start id="1429" type="scavenge" contextid="0" timestamp="2025-12-15T22:47:58.929" intervalms="25.869" />
<gc-start id="1430" type="scavenge" contextid="1429" timestamp="2025-12-15T22:47:58.930">
  <mem-info id="1431" free="9603760" total="60293120" percent="15">
    <mem type="nursery" free="0" total="27918336" percent="0">
      <mem type="allocate" free="0" total="15794176" percent="0" />
      <mem type="survivor" free="0" total="12124160" percent="0" />
    </mem>
    <mem type="tenure" free="9603760" total="32374784" percent="29">
      <mem type="soa" free="7984816" total="30755840" percent="25" />
      <mem type="loa" free="1618944" total="1618944" percent="100" />
    </mem>
    <remembered-set count="8167" />
  </mem-info>
</gc-start>
<allocation-stats totalBytes="7756816" discardedBytes="936" >
  <allocated-bytes non-tlh="25544" tlh="7731272" />
  <largest-consumer threadName="Equinox start level thread - Equinox Container: ecec021b-da39-4877-85e3-24742ae2b9da" threadId="00000000005FB800" bytes="3763048" />
</allocation-stats>
<gc-op id="1432" type="scavenge" timems="5.551" contextid="1429" timestamp="2025-12-15T22:47:58.936">
  <scavenger-info tenureage="13" tenuremask="6000" tiltratio="56" />
  <memory-copied type="nursery" objects="167741" bytes="7411336" bytesdiscarded="90144" />
  <ownableSynchronizers candidates="3060" cleared="52" />
  <references type="soft" candidates="2417" cleared="0" enqueued="0" dynamicThreshold="9" maxThreshold="32" />
  <references type="weak" candidates="1738" cleared="146" enqueued="146" />
  <references type="phantom" candidates="272" cleared="0" enqueued="0" />
  <object-monitors candidates="28" cleared="1"  />
</gc-op>
<heap-resize id="1433" type="expand" space="nursery" amount="4194304" count="1" timems="0.047" reason="excessive time being spent scavenging" timestamp="2025-12-15T22:47:58.937" />
<gc-end id="1434" type="scavenge" contextid="1429" durationms="7.678" usertimems="26.657" systemtimems="0.972" stalltimems="5.783" timestamp="2025-12-15T22:47:58.938" activeThreads="6">
  <mem-info id="1435" free="20690608" total="64487424" percent="32">
    <mem type="nursery" free="11086848" total="32112640" percent="34">
      <mem type="allocate" free="11086848" total="18612224" percent="59" />
      <mem type="survivor" free="0" total="13500416" percent="0" />
    </mem>
    <mem type="tenure" free="9603760" total="32374784" percent="29">
      <mem type="soa" free="7984816" total="30755840" percent="25" />
      <mem type="loa" free="1618944" total="1618944" percent="100" />
    </mem>
    <pending-finalizers system="0" default="0" reference="146" classloader="0" />
    <remembered-set count="5873" />
  </mem-info>
</gc-end>
<cycle-end id="1436" type="scavenge" contextid="1429" timestamp="2025-12-15T22:47:58.938" />
<allocation-satisfied id="1437" threadId="00000000005F3B00" bytesRequested="80" />
<af-end id="1438" timestamp="2025-12-15T22:47:58.939" threadId="00000000005F4578" success="true" from="nursery"/>
<exclusive-end id="1439" timestamp="2025-12-15T22:47:58.940" durationms="11.589" />

<exclusive-start id="1440" timestamp="2025-12-15T22:47:58.995" intervalms="66.743">
  <response-info timems="0.129" idlems="0.090" threads="1" lastid="0000000000029600" lastname="JIT Compilation Thread-000" />
</exclusive-start>
<af-start id="1441" threadId="00000000005FC278" totalBytesRequested="16" timestamp="2025-12-15T22:47:58.996" intervalms="66.931" type="nursery" />
<cycle-start id="1442" type="scavenge" contextid="0" timestamp="2025-12-15T22:47:58.997" intervalms="67.166" />
<gc-start id="1443" type="scavenge" contextid="1442" timestamp="2025-12-15T22:47:58.997">
  <mem-info id="1444" free="9505416" total="64487424" percent="14">
    <mem type="nursery" free="0" total="32112640" percent="0">
      <mem type="allocate" free="0" total="18612224" percent="0" />
      <mem type="survivor" free="0" total="13500416" percent="0" />
    </mem>
    <mem type="tenure" free="9505416" total="32374784" percent="29">
      <mem type="soa" free="7886472" total="30755840" percent="25" />
      <mem type="loa" free="1618944" total="1618944" percent="100" />
    </mem>
    <remembered-set count="7627" />
  </mem-info>
</gc-start>
<allocation-stats totalBytes="11173000" discardedBytes="2520" >
  <allocated-bytes non-tlh="88752" tlh="11084248" />
  <largest-consumer threadName="Equinox start level thread - Equinox Container: ecec021b-da39-4877-85e3-24742ae2b9da" threadId="00000000005F3B00" bytes="4140944" />
</allocation-stats>
<gc-op id="1445" type="scavenge" timems="7.023" contextid="1442" timestamp="2025-12-15T22:47:59.005">
  <scavenger-info tenureage="12" tenuremask="7000" tiltratio="57" />
  <memory-copied type="nursery" objects="194452" bytes="7931984" bytesdiscarded="69120" />
  <finalization candidates="21" enqueued="21" />
  <ownableSynchronizers candidates="3932" cleared="370" />
  <references type="soft" candidates="2939" cleared="0" enqueued="0" dynamicThreshold="9" maxThreshold="32" />
  <references type="weak" candidates="2187" cleared="325" enqueued="325" />
  <references type="phantom" candidates="283" cleared="9" enqueued="9" />
  <object-monitors candidates="28" cleared="0"  />
</gc-op>
<heap-resize id="1446" type="expand" space="nursery" amount="1835008" count="1" timems="0.046" reason="excessive time being spent scavenging" timestamp="2025-12-15T22:47:59.006" />
<gc-end id="1447" type="scavenge" contextid="1442" durationms="9.694" usertimems="29.617" systemtimems="2.154" stalltimems="17.766" timestamp="2025-12-15T22:47:59.007" activeThreads="7">
  <mem-info id="1448" free="24020192" total="66322432" percent="36">
    <mem type="nursery" free="14514776" total="33947648" percent="42">
      <mem type="allocate" free="14514776" total="22544384" percent="64" />
      <mem type="survivor" free="0" total="11403264" percent="0" />
    </mem>
    <mem type="tenure" free="9505416" total="32374784" percent="29">
      <mem type="soa" free="7886472" total="30755840" percent="25" />
      <mem type="loa" free="1618944" total="1618944" percent="100" />
    </mem>
    <pending-finalizers system="21" default="0" reference="334" classloader="0" />
    <remembered-set count="5658" />
  </mem-info>
</gc-end>
<cycle-end id="1449" type="scavenge" contextid="1442" timestamp="2025-12-15T22:47:59.008" />
<allocation-satisfied id="1450" threadId="00000000005FB800" bytesRequested="16" />
<af-end id="1451" timestamp="2025-12-15T22:47:59.009" threadId="00000000005FC278" success="true" from="nursery"/>
<exclusive-end id="1452" timestamp="2025-12-15T22:47:59.010" durationms="15.112" />

<exclusive-start id="1453" timestamp="2025-12-15T22:47:59.112" intervalms="116.946">
  <response-info timems="0.173" idlems="0.110" threads="1" lastid="00000000005F3B00" lastname="Equinox start level thread - Equinox Container: ecec021b-da39-4" />
</exclusive-start>
<af-start id="1454" threadId="00000000005FC278" totalBytesRequested="17928" timestamp="2025-12-15T22:47:59.113" intervalms="116.852" type="nursery" />
<cycle-start id="1455" type="scavenge" contextid="0" timestamp="2025-12-15T22:47:59.114" intervalms="116.887" />
<gc-start id="1456" type="scavenge" contextid="1455" timestamp="2025-12-15T22:47:59.115">
  <mem-info id="1457" free="9338056" total="66322432" percent="14">
    <mem type="nursery" free="0" total="33947648" percent="0">
      <mem type="allocate" free="0" total="22544384" percent="0" />
      <mem type="survivor" free="0" total="11403264" percent="0" />
    </mem>
    <mem type="tenure" free="9338056" total="32374784" percent="28">
      <mem type="soa" free="7719112" total="30755840" percent="25" />
      <mem type="loa" free="1618944" total="1618944" percent="100" />
    </mem>
    <remembered-set count="8148" />
  </mem-info>
</gc-start>
<allocation-stats totalBytes="14644632" discardedBytes="34576" >
  <allocated-bytes non-tlh="335376" tlh="14309256" />
  <largest-consumer threadName="Equinox start level thread - Equinox Container: ecec021b-da39-4877-85e3-24742ae2b9da" threadId="00000000005F3B00" bytes="6410752" />
</allocation-stats>
<gc-op id="1458" type="scavenge" timems="8.161" contextid="1455" timestamp="2025-12-15T22:47:59.124">
  <scavenger-info tenureage="5" tenuremask="7820" tiltratio="66" />
  <memory-copied type="nursery" objects="178164" bytes="7732392" bytesdiscarded="67976" />
  <memory-copied type="tenure" objects="45278" bytes="1485472" bytesdiscarded="3016" />
  <finalization candidates="55" enqueued="55" />
  <ownableSynchronizers candidates="4510" cleared="301" />
  <references type="soft" candidates="3437" cleared="0" enqueued="0" dynamicThreshold="9" maxThreshold="32" />
  <references type="weak" candidates="2614" cleared="577" enqueued="576" />
  <references type="phantom" candidates="318" cleared="43" enqueued="43" />
  <object-monitors candidates="28" cleared="1"  />
</gc-op>
<heap-resize id="1459" type="expand" space="nursery" amount="1310720" count="1" timems="0.033" reason="excessive time being spent scavenging" timestamp="2025-12-15T22:47:59.125" />
<gc-end id="1460" type="scavenge" contextid="1455" durationms="11.068" usertimems="33.001" systemtimems="7.470" stalltimems="16.772" timestamp="2025-12-15T22:47:59.126" activeThreads="7">
  <mem-info id="1461" free="24066256" total="67633152" percent="35">
    <mem type="nursery" free="16421920" total="35258368" percent="46">
      <mem type="allocate" free="16421920" total="24248320" percent="67" />
      <mem type="survivor" free="0" total="11010048" percent="0" />
    </mem>
    <mem type="tenure" free="7644336" total="32374784" percent="23">
      <mem type="soa" free="6025392" total="30755840" percent="19" />
      <mem type="loa" free="1618944" total="1618944" percent="100" />
    </mem>
    <pending-finalizers system="55" default="0" reference="619" classloader="0" />
    <remembered-set count="8483" />
  </mem-info>
</gc-end>
<cycle-end id="1462" type="scavenge" contextid="1455" timestamp="2025-12-15T22:47:59.126" />
<allocation-satisfied id="1463" threadId="00000000005FB800" bytesRequested="17928" />
<af-end id="1464" timestamp="2025-12-15T22:47:59.128" threadId="00000000005FC278" success="true" from="nursery"/>
<exclusive-end id="1465" timestamp="2025-12-15T22:47:59.128" durationms="16.264" />

<exclusive-start id="1466" timestamp="2025-12-15T22:47:59.414" intervalms="302.236">
  <response-info timems="0.048" idlems="0.048" threads="0" lastid="00000000005E4400" lastname="Start Level: Equinox Container: ecec021b-da39-4877-85e3-24742ae" />
</exclusive-start>
<af-start id="1467" threadId="00000000005E4E78" totalBytesRequested="16" timestamp="2025-12-15T22:47:59.415" intervalms="302.264" type="nursery" />
<cycle-start id="1468" type="scavenge" contextid="0" timestamp="2025-12-15T22:47:59.416" intervalms="302.174" />
<gc-start id="1469" type="scavenge" contextid="1468" timestamp="2025-12-15T22:47:59.416">
  <mem-info id="1470" free="7270168" total="67633152" percent="10">
    <mem type="nursery" free="0" total="35258368" percent="0">
      <mem type="allocate" free="0" total="24248320" percent="0" />
      <mem type="survivor" free="0" total="11010048" percent="0" />
    </mem>
    <mem type="tenure" free="7270168" total="32374784" percent="22">
      <mem type="soa" free="5651224" total="30755840" percent="18" />
      <mem type="loa" free="1618944" total="1618944" percent="100" />
    </mem>
    <remembered-set count="14510" />
  </mem-info>
</gc-start>
<allocation-stats totalBytes="16780808" discardedBytes="10864" >
  <allocated-bytes non-tlh="678760" tlh="16102048" />
  <largest-consumer threadName="Start Level: Equinox Container: ecec021b-da39-4877-85e3-24742ae2b9da" threadId="00000000005E4400" bytes="8703744" />
</allocation-stats>
<gc-op id="1471" type="scavenge" timems="8.676" contextid="1468" timestamp="2025-12-15T22:47:59.426">
  <scavenger-info tenureage="3" tenuremask="7ca8" tiltratio="68" />
  <memory-copied type="nursery" objects="153246" bytes="6978184" bytesdiscarded="49672" />
  <memory-copied type="tenure" objects="71648" bytes="2742880" bytesdiscarded="4336" />
  <finalization candidates="137" enqueued="136" />
  <ownableSynchronizers candidates="4133" cleared="280" />
  <references type="soft" candidates="2875" cleared="0" enqueued="0" dynamicThreshold="9" maxThreshold="32" />
  <references type="weak" candidates="2485" cleared="775" enqueued="772" />
  <references type="phantom" candidates="298" cleared="66" enqueued="66" />
  <object-monitors candidates="29" cleared="0"  />
</gc-op>
<gc-end id="1472" type="scavenge" contextid="1468" durationms="10.971" usertimems="47.718" systemtimems="0.000" stalltimems="13.685" timestamp="2025-12-15T22:47:59.427" activeThreads="7">
  <mem-info id="1473" free="22050616" total="67633152" percent="32">
    <mem type="nursery" free="17854128" total="35258368" percent="50">
      <mem type="allocate" free="17854128" total="24903680" percent="71" />
      <mem type="survivor" free="0" total="10354688" percent="0" />
    </mem>
    <mem type="tenure" free="4196488" total="32374784" percent="12">
      <mem type="soa" free="2577544" total="30755840" percent="8" />
      <mem type="loa" free="1618944" total="1618944" percent="100" />
    </mem>
    <pending-finalizers system="136" default="0" reference="838" classloader="0" />
    <remembered-set count="11426" />
  </mem-info>
</gc-end>
<cycle-end id="1474" type="scavenge" contextid="1468" timestamp="2025-12-15T22:47:59.428" />
<allocation-satisfied id="1475" threadId="00000000005E4400" bytesRequested="16" />
<af-end id="1476" timestamp="2025-12-15T22:47:59.429" threadId="00000000005E4E78" success="true" from="nursery"/>
<exclusive-end id="1477" timestamp="2025-12-15T22:47:59.430" durationms="15.618" />

<concurrent-kickoff id="1478" timestamp="2025-12-15T22:48:00.034">
  <kickoff reason="threshold reached" targetBytes="14187643" thresholdFreeBytes="1968058"  remainingFree="1814192" tenureFreeBytes="3832624" nurseryFreeBytes="1814192" />
</concurrent-kickoff>
<exclusive-start id="1479" timestamp="2025-12-15T22:48:00.039" intervalms="624.208">
  <response-info timems="0.054" idlems="0.054" threads="0" lastid="00000000005E4400" lastname="Start Level: Equinox Container: ecec021b-da39-4877-85e3-24742ae" />
</exclusive-start>
<cycle-start id="1480" type="global" contextid="0" timestamp="2025-12-15T22:48:00.040" intervalms="1239.177" />
<concurrent-start id="1481" type="global mark" contextid="1480" timestamp="2025-12-15T22:48:00.041">
</concurrent-start>
<exclusive-end id="1482" timestamp="2025-12-15T22:48:00.042" durationms="3.035" />

<concurrent-end id="1483" type="global mark" contextid="1480" timestamp="2025-12-15T22:48:00.095">
<gc-op id="1484" type="trace" timems="54.600" contextid="1480" timestamp="2025-12-15T22:48:00.095">
  <trace bytesTraced="17464612" workStackOverflowCount="0" />
  <card-cleaning reason="card cleaning threshold reached" bytesTraced="9432" cardsCleaned="49" />
</gc-op>
</concurrent-end>

<exclusive-start id="1485" timestamp="2025-12-15T22:48:00.097" intervalms="58.602">
  <response-info timems="0.050" idlems="0.050" threads="0" lastid="00000000005E4400" lastname="Start Level: Equinox Container: ecec021b-da39-4877-85e3-24742ae" />
</exclusive-start>
<concurrent-global-final id="1486" timestamp="2025-12-15T22:48:00.098" contextid="1480" intervalms="1272.973" >
  <concurrent-trace-info reason="card cleaning threshold reached" tracedByMutators="2738420" tracedByHelpers="14735624" cardsCleaned="49" workStackOverflowCount="0" />
</concurrent-global-final>
<gc-start id="1487" type="global" contextid="1480" timestamp="2025-12-15T22:48:00.099">
  <mem-info id="1488" free="4346296" total="67633152" percent="6">
    <mem type="nursery" free="523952" total="35258368" percent="1">
      <mem type="allocate" free="523952" total="24903680" percent="2" />
      <mem type="survivor" free="0" total="10354688" percent="0" />
    </mem>
    <mem type="tenure" free="3822344" total="32374784" percent="11">
      <mem type="soa" free="2203400" total="30755840" percent="7" />
      <mem type="loa" free="1618944" total="1618944" percent="100" />
    </mem>
    <remembered-set count="17034" />
  </mem-info>
</gc-start>
<allocation-stats totalBytes="17698008" discardedBytes="6312" >
  <allocated-bytes non-tlh="374160" tlh="17323848" />
  <largest-consumer threadName="Start Level: Equinox Container: ecec021b-da39-4877-85e3-24742ae2b9da" threadId="00000000005E4400" bytes="17108832" />
</allocation-stats>
<gc-op id="1489" type="rs-scan" timems="4.859" contextid="1480" timestamp="2025-12-15T22:48:00.105">
  <scan objectsFound="158511" bytesTraced="5769416" workStackOverflowCount="0" />
</gc-op>
<gc-op id="1490" type="card-cleaning" timems="1.658" contextid="1480" timestamp="2025-12-15T22:48:00.107">
  <card-cleaning cardsCleaned="2" bytesTraced="492" workStackOverflowCount="0" />
</gc-op>
<gc-op id="1491" type="mark" timems="20.160" contextid="1480" timestamp="2025-12-15T22:48:00.129">
  <trace-info objectcount="13271" scancount="12181" scanbytes="321488" />
  <finalization candidates="753" enqueued="34" />
  <ownableSynchronizers candidates="6514" cleared="175" />
  <references type="soft" candidates="9638" cleared="1343" enqueued="1321" dynamicThreshold="9" maxThreshold="32" />
  <references type="weak" candidates="12102" cleared="622" enqueued="614" />
  <references type="phantom" candidates="359" cleared="17" enqueued="17" />
  <stringconstants candidates="26396" cleared="56"  />
  <object-monitors candidates="29" cleared="0"  />
</gc-op>
<gc-op id="1492" type="classunload" timems="0.987" contextid="1480" timestamp="2025-12-15T22:48:00.131">
  <classunload-info classloadercandidates="272" classloadersunloaded="15" classesunloaded="5" anonymousclassesunloaded="0" quiescems="0.000" setupms="0.952" scanms="0.020" postms="0.015" />
</gc-op>
<gc-op id="1493" type="sweep" timems="2.987" contextid="1480" timestamp="2025-12-15T22:48:00.135" />
<heap-resize id="1494" type="expand" space="tenure" amount="7536640" count="1" timems="1.492" reason="insufficient free space following gc" timestamp="2025-12-15T22:48:00.137" />
<gc-end id="1495" type="global" contextid="1480" durationms="38.917" usertimems="88.691" systemtimems="15.276" stalltimems="380.414" timestamp="2025-12-15T22:48:00.138" activeThreads="20">
  <mem-info id="1496" free="27840456" total="75169792" percent="37">
    <mem type="nursery" free="15830392" total="35258368" percent="44">
      <mem type="allocate" free="15830392" total="24903680" percent="63" />
      <mem type="survivor" free="0" total="10354688" percent="0" />
    </mem>
    <mem type="tenure" free="12010064" total="39911424" percent="30" micro-fragmented="848592" macro-fragmented="0">
      <mem type="soa" free="10014288" total="37915648" percent="26" />
      <mem type="loa" free="1995776" total="1995776" percent="100" />
    </mem>
    <pending-finalizers system="34" default="0" reference="1952" classloader="0" />
    <remembered-set count="15020" />
  </mem-info>
</gc-end>
<cycle-end id="1497" type="global" contextid="1480" timestamp="2025-12-15T22:48:00.138" />
<exclusive-end id="1498" timestamp="2025-12-15T22:48:00.139" durationms="41.898" />

<exclusive-start id="1499" timestamp="2025-12-15T22:48:00.451" intervalms="354.031">
  <response-info timems="0.067" idlems="0.067" threads="0" lastid="0000000000589A00" lastname="Framework Event Dispatcher: Equinox Container: ecec021b-da39-48" />
</exclusive-start>
<af-start id="1500" threadId="000000000058A478" totalBytesRequested="24" timestamp="2025-12-15T22:48:00.452" intervalms="1037.136" type="nursery" />
<cycle-start id="1501" type="scavenge" contextid="0" timestamp="2025-12-15T22:48:00.454" intervalms="1038.037" />
<gc-start id="1502" type="scavenge" contextid="1501" timestamp="2025-12-15T22:48:00.455">
  <mem-info id="1503" free="11917912" total="75169792" percent="15">
    <mem type="nursery" free="0" total="35258368" percent="0">
      <mem type="allocate" free="0" total="24903680" percent="0" />
      <mem type="survivor" free="0" total="10354688" percent="0" />
    </mem>
    <mem type="tenure" free="11917912" total="39911424" percent="29">
      <mem type="soa" free="9922136" total="37915648" percent="26" />
      <mem type="loa" free="1995776" total="1995776" percent="100" />
    </mem>
    <remembered-set count="18110" />
  </mem-info>
</gc-start>
<allocation-stats totalBytes="15839744" discardedBytes="65912" >
  <allocated-bytes non-tlh="1211216" tlh="14628528" />
  <largest-consumer threadName="Start Level: Equinox Container: ecec021b-da39-4877-85e3-24742ae2b9da" threadId="00000000005E4400" bytes="15714328" />
</allocation-stats>
<gc-op id="1504" type="scavenge" timems="8.724" contextid="1501" timestamp="2025-12-15T22:48:00.464">
  <scavenger-info tenureage="3" tenuremask="7c08" tiltratio="70" />
  <memory-copied type="nursery" objects="158280" bytes="7412208" bytesdiscarded="85576" />
  <memory-copied type="tenure" objects="24944" bytes="825360" bytesdiscarded="512" />
  <finalization candidates="10" enqueued="9" />
  <ownableSynchronizers candidates="10268" cleared="6999" />
  <references type="soft" candidates="3262" cleared="0" enqueued="0" dynamicThreshold="9" maxThreshold="32" />
  <references type="weak" candidates="9284" cleared="245" enqueued="243" />
  <references type="phantom" candidates="271" cleared="3" enqueued="3" />
  <object-monitors candidates="29" cleared="0"  />
</gc-op>
<gc-end id="1505" type="scavenge" contextid="1501" durationms="10.473" usertimems="40.814" systemtimems="7.113" stalltimems="22.946" timestamp="2025-12-15T22:48:00.465" activeThreads="8">
  <mem-info id="1506" free="28019936" total="75169792" percent="37">
    <mem type="nursery" free="17448920" total="35258368" percent="49">
      <mem type="allocate" free="17448920" total="24969216" percent="69" />
      <mem type="survivor" free="0" total="10289152" percent="0" />
    </mem>
    <mem type="tenure" free="10571016" total="39911424" percent="26">
      <mem type="soa" free="8575240" total="37915648" percent="22" />
      <mem type="loa" free="1995776" total="1995776" percent="100" />
    </mem>
    <pending-finalizers system="9" default="0" reference="246" classloader="0" />
    <remembered-set count="16198" />
  </mem-info>
</gc-end>
<cycle-end id="1507" type="scavenge" contextid="1501" timestamp="2025-12-15T22:48:00.466" />
<allocation-satisfied id="1508" threadId="0000000000589A00" bytesRequested="24" />
<af-end id="1509" timestamp="2025-12-15T22:48:00.467" threadId="000000000058A478" success="true" from="nursery"/>
<exclusive-end id="1510" timestamp="2025-12-15T22:48:00.469" durationms="17.307" />

<exclusive-start id="1511" timestamp="2025-12-15T22:48:00.846" intervalms="394.299">
  <response-info timems="0.053" idlems="0.053" threads="0" lastid="00000000005E4400" lastname="Start Level: Equinox Container: ecec021b-da39-4877-85e3-24742ae" />
</exclusive-start>
<af-start id="1512" threadId="00000000005E4E78" totalBytesRequested="2056" timestamp="2025-12-15T22:48:00.846" intervalms="394.188" type="nursery" />
<cycle-start id="1513" type="scavenge" contextid="0" timestamp="2025-12-15T22:48:00.847" intervalms="393.289" />
<gc-start id="1514" type="scavenge" contextid="1513" timestamp="2025-12-15T22:48:00.848">
  <mem-info id="1515" free="10555824" total="75169792" percent="14">
    <mem type="nursery" free="0" total="35258368" percent="0">
      <mem type="allocate" free="0" total="24969216" percent="0" />
      <mem type="survivor" free="0" total="10289152" percent="0" />
    </mem>
    <mem type="tenure" free="10555824" total="39911424" percent="26">
      <mem type="soa" free="8560048" total="37915648" percent="22" />
      <mem type="loa" free="1995776" total="1995776" percent="100" />
    </mem>
    <remembered-set count="16982" />
  </mem-info>
</gc-start>
<allocation-stats totalBytes="17377688" discardedBytes="86424" >
  <allocated-bytes non-tlh="15216" tlh="17362472" />
  <largest-consumer threadName="Start Level: Equinox Container: ecec021b-da39-4877-85e3-24742ae2b9da" threadId="00000000005E4400" bytes="17287552" />
</allocation-stats>
<gc-op id="1516" type="scavenge" timems="7.667" contextid="1513" timestamp="2025-12-15T22:48:00.857">
  <scavenger-info tenureage="10" tenuremask="7c00" tiltratio="70" />
  <memory-copied type="nursery" objects="166687" bytes="7944032" bytesdiscarded="127696" />
  <finalization candidates="54" enqueued="53" />
  <ownableSynchronizers candidates="2778" cleared="4" />
  <references type="soft" candidates="3301" cleared="0" enqueued="0" dynamicThreshold="9" maxThreshold="32" />
  <references type="weak" candidates="9292" cleared="125" enqueued="125" />
  <references type="phantom" candidates="297" cleared="24" enqueued="24" />
  <object-monitors candidates="29" cleared="0"  />
</gc-op>
<gc-end id="1517" type="scavenge" contextid="1513" durationms="9.959" usertimems="34.674" systemtimems="4.885" stalltimems="21.762" timestamp="2025-12-15T22:48:00.858" activeThreads="8">
  <mem-info id="1518" free="27233760" total="75169792" percent="36">
    <mem type="nursery" free="16677936" total="35258368" percent="47">
      <mem type="allocate" free="16677936" total="24772608" percent="67" />
      <mem type="survivor" free="0" total="10485760" percent="0" />
    </mem>
    <mem type="tenure" free="10555824" total="39911424" percent="26">
      <mem type="soa" free="8560048" total="37915648" percent="22" />
      <mem type="loa" free="1995776" total="1995776" percent="100" />
    </mem>
    <pending-finalizers system="53" default="0" reference="149" classloader="0" />
    <remembered-set count="13534" />
  </mem-info>
</gc-end>
<cycle-end id="1519" type="scavenge" contextid="1513" timestamp="2025-12-15T22:48:00.859" />
<allocation-satisfied id="1520" threadId="00000000005E4400" bytesRequested="2056" />
<af-end id="1521" timestamp="2025-12-15T22:48:00.860" threadId="00000000005E4E78" success="true" from="nursery"/>
<exclusive-end id="1522" timestamp="2025-12-15T22:48:00.861" durationms="15.275" />

<exclusive-start id="1523" timestamp="2025-12-15T22:48:01.514" intervalms="668.508">
  <response-info timems="0.315" idlems="0.315" threads="0" lastid="00000000005E4400" lastname="Start Level: Equinox Container: ecec021b-da39-4877-85e3-24742ae" />
</exclusive-start>
<af-start id="1524" threadId="00000000005E4E78" totalBytesRequested="8320" timestamp="2025-12-15T22:48:01.515" intervalms="668.517" type="nursery" />
<cycle-start id="1525" type="scavenge" contextid="0" timestamp="2025-12-15T22:48:01.516" intervalms="669.238" />
<gc-start id="1526" type="scavenge" contextid="1525" timestamp="2025-12-15T22:48:01.517">
  <mem-info id="1527" free="10500512" total="75169792" percent="13">
    <mem type="nursery" free="0" total="35258368" percent="0">
      <mem type="allocate" free="0" total="24772608" percent="0" />
      <mem type="survivor" free="0" total="10485760" percent="0" />
    </mem>
    <mem type="tenure" free="10500512" total="39911424" percent="26">
      <mem type="soa" free="8504736" total="37915648" percent="22" />
      <mem type="loa" free="1995776" total="1995776" percent="100" />
    </mem>
    <remembered-set count="14921" />
  </mem-info>
</gc-start>
<allocation-stats totalBytes="16725472" discardedBytes="7776" >
  <allocated-bytes non-tlh="539576" tlh="16185896" />
  <largest-consumer threadName="Start Level: Equinox Container: ecec021b-da39-4877-85e3-24742ae2b9da" threadId="00000000005E4400" bytes="16594608" />
</allocation-stats>
<gc-op id="1528" type="scavenge" timems="8.991" contextid="1525" timestamp="2025-12-15T22:48:01.528">
  <scavenger-info tenureage="9" tenuremask="7e00" tiltratio="70" />
  <memory-copied type="nursery" objects="177133" bytes="8234320" bytesdiscarded="78160" />
  <finalization candidates="5" enqueued="3" />
  <ownableSynchronizers candidates="3120" cleared="119" />
  <references type="soft" candidates="3529" cleared="0" enqueued="0" dynamicThreshold="9" maxThreshold="32" />
  <references type="weak" candidates="9531" cleared="231" enqueued="230" />
  <references type="phantom" candidates="285" cleared="9" enqueued="9" />
  <object-monitors candidates="29" cleared="0"  />
</gc-op>
<gc-end id="1529" type="scavenge" contextid="1525" durationms="11.432" usertimems="41.854" systemtimems="7.337" stalltimems="23.342" timestamp="2025-12-15T22:48:01.529" activeThreads="8">
  <mem-info id="1530" free="26869368" total="75169792" percent="35">
    <mem type="nursery" free="16368856" total="35258368" percent="46">
      <mem type="allocate" free="16368856" total="24707072" percent="66" />
      <mem type="survivor" free="0" total="10551296" percent="0" />
    </mem>
    <mem type="tenure" free="10500512" total="39911424" percent="26">
      <mem type="soa" free="8504736" total="37915648" percent="22" />
      <mem type="loa" free="1995776" total="1995776" percent="100" />
    </mem>
    <pending-finalizers system="3" default="0" reference="239" classloader="0" />
    <remembered-set count="8357" />
  </mem-info>
</gc-end>
<cycle-end id="1531" type="scavenge" contextid="1525" timestamp="2025-12-15T22:48:01.530" />
<allocation-satisfied id="1532" threadId="00000000005E4400" bytesRequested="8320" />
<af-end id="1533" timestamp="2025-12-15T22:48:01.531" threadId="00000000005E4E78" success="true" from="nursery"/>
<exclusive-end id="1534" timestamp="2025-12-15T22:48:01.532" durationms="17.896" />

<exclusive-start id="1535" timestamp="2025-12-15T22:48:01.918" intervalms="403.921">
  <response-info timems="0.082" idlems="0.082" threads="0" lastid="00000000005E4400" lastname="Start Level: Equinox Container: ecec021b-da39-4877-85e3-24742ae" />
</exclusive-start>
<af-start id="1536" threadId="00000000005E4E78" totalBytesRequested="90120" timestamp="2025-12-15T22:48:01.919" intervalms="403.864" type="nursery" />
<cycle-start id="1537" type="scavenge" contextid="0" timestamp="2025-12-15T22:48:01.920" intervalms="403.541" />
<gc-start id="1538" type="scavenge" contextid="1537" timestamp="2025-12-15T22:48:01.921">
  <mem-info id="1539" free="10384232" total="75169792" percent="13">
    <mem type="nursery" free="0" total="35258368" percent="0">
      <mem type="allocate" free="0" total="24707072" percent="0" />
      <mem type="survivor" free="0" total="10551296" percent="0" />
    </mem>
    <mem type="tenure" free="10384232" total="39911424" percent="26">
      <mem type="soa" free="8388456" total="37915648" percent="22" />
      <mem type="loa" free="1995776" total="1995776" percent="100" />
    </mem>
    <remembered-set count="10444" />
  </mem-info>
</gc-start>
<allocation-stats totalBytes="16414072" discardedBytes="71064" >
  <allocated-bytes non-tlh="142920" tlh="16271152" />
  <largest-consumer threadName="Start Level: Equinox Container: ecec021b-da39-4877-85e3-24742ae2b9da" threadId="00000000005E4400" bytes="16098280" />
</allocation-stats>
<gc-op id="1540" type="scavenge" timems="12.668" contextid="1537" timestamp="2025-12-15T22:48:01.935">
  <scavenger-info tenureage="4" tenuremask="7f30" tiltratio="70" />
  <memory-copied type="nursery" objects="78024" bytes="4378000" bytesdiscarded="269936" />
  <memory-copied type="tenure" objects="115145" bytes="3794904" bytesdiscarded="1240" />
  <finalization candidates="11" enqueued="9" />
  <ownableSynchronizers candidates="3628" cleared="236" />
  <references type="soft" candidates="1529" cleared="0" enqueued="0" dynamicThreshold="9" maxThreshold="32" />
  <references type="weak" candidates="8441" cleared="400" enqueued="395" />
  <references type="phantom" candidates="312" cleared="11" enqueued="11" />
  <object-monitors candidates="33" cleared="3"  />
</gc-op>
<gc-end id="1541" type="scavenge" contextid="1537" durationms="14.830" usertimems="58.563" systemtimems="8.761" stalltimems="30.149" timestamp="2025-12-15T22:48:01.936" activeThreads="8">
  <mem-info id="1542" free="26771136" total="75169792" percent="35">
    <mem type="nursery" free="20111808" total="35258368" percent="57">
      <mem type="allocate" free="20111808" total="24772608" percent="81" />
      <mem type="survivor" free="0" total="10485760" percent="0" />
    </mem>
    <mem type="tenure" free="6659328" total="39911424" percent="16">
      <mem type="soa" free="4663552" total="37915648" percent="12" />
      <mem type="loa" free="1995776" total="1995776" percent="100" />
    </mem>
    <pending-finalizers system="9" default="0" reference="406" classloader="0" />
    <remembered-set count="5466" />
  </mem-info>
</gc-end>
<cycle-end id="1543" type="scavenge" contextid="1537" timestamp="2025-12-15T22:48:01.936" />
<allocation-satisfied id="1544" threadId="00000000005E4400" bytesRequested="90120" />
<af-end id="1545" timestamp="2025-12-15T22:48:01.938" threadId="00000000005E4E78" success="true" from="nursery"/>
<exclusive-end id="1546" timestamp="2025-12-15T22:48:01.938" durationms="20.348" />

<concurrent-kickoff id="1547" timestamp="2025-12-15T22:48:02.336">
  <kickoff reason="threshold reached" targetBytes="18262738" thresholdFreeBytes="2530657"  remainingFree="2490880" tenureFreeBytes="6462200" nurseryFreeBytes="2490880" />
</concurrent-kickoff>
<exclusive-start id="1548" timestamp="2025-12-15T22:48:02.339" intervalms="421.513">
  <response-info timems="0.066" idlems="0.066" threads="0" lastid="000000000085C800" lastname="Default Executor-thread-4" />
</exclusive-start>
<cycle-start id="1549" type="global" contextid="0" timestamp="2025-12-15T22:48:02.340" intervalms="2300.163" />
<concurrent-start id="1550" type="global mark" contextid="1549" timestamp="2025-12-15T22:48:02.341">
</concurrent-start>
<exclusive-end id="1551" timestamp="2025-12-15T22:48:02.342" durationms="2.195" />

<concurrent-end id="1552" type="global mark" contextid="1549" timestamp="2025-12-15T22:48:02.413">
<gc-op id="1553" type="trace" timems="71.518" contextid="1549" timestamp="2025-12-15T22:48:02.413">
  <trace bytesTraced="21771976" workStackOverflowCount="0" />
  <card-cleaning reason="card cleaning threshold reached" bytesTraced="59420" cardsCleaned="159" />
</gc-op>
</concurrent-end>

<exclusive-start id="1554" timestamp="2025-12-15T22:48:02.414" intervalms="74.726">
  <response-info timems="0.157" idlems="0.157" threads="0" lastid="000000000085C800" lastname="Default Executor-thread-4" />
</exclusive-start>
<concurrent-global-final id="1555" timestamp="2025-12-15T22:48:02.415" contextid="1549" intervalms="2316.735" >
  <concurrent-trace-info reason="card cleaning threshold reached" tracedByMutators="2359276" tracedByHelpers="19472120" cardsCleaned="159" workStackOverflowCount="0" />
</concurrent-global-final>
<gc-start id="1556" type="global" contextid="1549" timestamp="2025-12-15T22:48:02.416">
  <mem-info id="1557" free="6600032" total="75169792" percent="8">
    <mem type="nursery" free="151440" total="35258368" percent="0">
      <mem type="allocate" free="151440" total="24772608" percent="0" />
      <mem type="survivor" free="0" total="10485760" percent="0" />
    </mem>
    <mem type="tenure" free="6448592" total="39911424" percent="16">
      <mem type="soa" free="4452816" total="37915648" percent="11" />
      <mem type="loa" free="1995776" total="1995776" percent="100" />
    </mem>
    <remembered-set count="9377" />
  </mem-info>
</gc-start>
<allocation-stats totalBytes="19946096" discardedBytes="225008" >
  <allocated-bytes non-tlh="869384" tlh="19076712" />
  <largest-consumer threadName="Equinox start level thread - Equinox Container: ecec021b-da39-4877-85e3-24742ae2b9da" threadId="00000000005EFE00" bytes="9015736" />
</allocation-stats>
<gc-op id="1558" type="rs-scan" timems="6.123" contextid="1549" timestamp="2025-12-15T22:48:02.424">
  <scan objectsFound="93152" bytesTraced="3542880" workStackOverflowCount="0" />
</gc-op>
<gc-op id="1559" type="card-cleaning" timems="1.768" contextid="1549" timestamp="2025-12-15T22:48:02.426">
  <card-cleaning cardsCleaned="4" bytesTraced="1836" workStackOverflowCount="0" />
</gc-op>
<gc-op id="1560" type="mark" timems="21.364" contextid="1549" timestamp="2025-12-15T22:48:02.449">
  <trace-info objectcount="4630" scancount="4437" scanbytes="142724" />
  <finalization candidates="720" enqueued="0" />
  <ownableSynchronizers candidates="8053" cleared="178" />
  <references type="soft" candidates="9936" cleared="268" enqueued="267" dynamicThreshold="9" maxThreshold="32" />
  <references type="weak" candidates="12891" cleared="584" enqueued="584" />
  <references type="phantom" candidates="395" cleared="1" enqueued="1" />
  <stringconstants candidates="30260" cleared="91"  />
  <object-monitors candidates="77" cleared="31"  />
</gc-op>
<gc-op id="1561" type="classunload" timems="2.053" contextid="1549" timestamp="2025-12-15T22:48:02.451">
  <classunload-info classloadercandidates="361" classloadersunloaded="0" classesunloaded="11" anonymousclassesunloaded="11" quiescems="0.000" setupms="1.989" scanms="0.062" postms="0.001" />
</gc-op>
<gc-op id="1562" type="sweep" timems="2.841" contextid="1549" timestamp="2025-12-15T22:48:02.455" />
<heap-resize id="1563" type="expand" space="tenure" amount="6750208" count="1" timems="2.016" reason="insufficient free space following gc" timestamp="2025-12-15T22:48:02.458" />
<gc-end id="1564" type="global" contextid="1549" durationms="42.396" usertimems="86.717" systemtimems="54.426" stalltimems="376.543" timestamp="2025-12-15T22:48:02.458" activeThreads="20">
  <mem-info id="1565" free="33174904" total="81920000" percent="40">
    <mem type="nursery" free="19156224" total="35258368" percent="54">
      <mem type="allocate" free="19156224" total="24772608" percent="77" />
      <mem type="survivor" free="0" total="10485760" percent="0" />
    </mem>
    <mem type="tenure" free="14018680" total="46661632" percent="30" micro-fragmented="1117487" macro-fragmented="0">
      <mem type="soa" free="11684984" total="44327936" percent="26" />
      <mem type="loa" free="2333696" total="2333696" percent="100" />
    </mem>
    <pending-finalizers system="0" default="0" reference="852" classloader="0" />
    <remembered-set count="8128" />
  </mem-info>
</gc-end>
<cycle-end id="1566" type="global" contextid="1549" timestamp="2025-12-15T22:48:02.460" />
<exclusive-end id="1567" timestamp="2025-12-15T22:48:02.460" durationms="46.007" />

<exclusive-start id="1568" timestamp="2025-12-15T22:48:02.730" intervalms="315.373">
  <response-info timems="0.058" idlems="0.058" threads="0" lastid="000000000085E100" lastname="Default Executor-thread-6" />
</exclusive-start>
<af-start id="1569" threadId="000000000085EB78" totalBytesRequested="64" timestamp="2025-12-15T22:48:02.730" intervalms="811.522" type="nursery" />
<cycle-start id="1570" type="scavenge" contextid="0" timestamp="2025-12-15T22:48:02.731" intervalms="811.339" />
<gc-start id="1571" type="scavenge" contextid="1570" timestamp="2025-12-15T22:48:02.732">
  <mem-info id="1572" free="13741056" total="81920000" percent="16">
    <mem type="nursery" free="0" total="35258368" percent="0">
      <mem type="allocate" free="0" total="24772608" percent="0" />
      <mem type="survivor" free="0" total="10485760" percent="0" />
    </mem>
    <mem type="tenure" free="13741056" total="46661632" percent="29">
      <mem type="soa" free="11407360" total="44327936" percent="25" />
      <mem type="loa" free="2333696" total="2333696" percent="100" />
    </mem>
    <remembered-set count="12444" />
  </mem-info>
</gc-start>
<allocation-stats totalBytes="19280736" discardedBytes="122968" >
  <allocated-bytes non-tlh="5521504" tlh="13759232" />
  <largest-consumer threadName="Default Executor-thread-4" threadId="000000000085C800" bytes="6645088" />
</allocation-stats>
<gc-op id="1573" type="scavenge" timems="6.482" contextid="1570" timestamp="2025-12-15T22:48:02.740">
  <scavenger-info tenureage="8" tenuremask="7f00" tiltratio="70" />
  <memory-copied type="nursery" objects="107347" bytes="5407520" bytesdiscarded="91616" />
  <finalization candidates="30" enqueued="29" />
  <ownableSynchronizers candidates="13958" cleared="11989" />
  <references type="soft" candidates="2494" cleared="0" enqueued="0" dynamicThreshold="9" maxThreshold="32" />
  <references type="weak" candidates="9124" cleared="549" enqueued="549" />
  <references type="phantom" candidates="370" cleared="14" enqueued="14" />
  <object-monitors candidates="228" cleared="129"  />
</gc-op>
<gc-end id="1574" type="scavenge" contextid="1570" durationms="8.525" usertimems="32.525" systemtimems="2.730" stalltimems="22.838" timestamp="2025-12-15T22:48:02.741" activeThreads="9">
  <mem-info id="1575" free="33456168" total="81920000" percent="40">
    <mem type="nursery" free="19715112" total="35258368" percent="55">
      <mem type="allocate" free="19715112" total="25231360" percent="78" />
      <mem type="survivor" free="0" total="10027008" percent="0" />
    </mem>
    <mem type="tenure" free="13741056" total="46661632" percent="29">
      <mem type="soa" free="11407360" total="44327936" percent="25" />
      <mem type="loa" free="2333696" total="2333696" percent="100" />
    </mem>
    <pending-finalizers system="29" default="0" reference="563" classloader="0" />
    <remembered-set count="11247" />
  </mem-info>
</gc-end>
<cycle-end id="1576" type="scavenge" contextid="1570" timestamp="2025-12-15T22:48:02.741" />
<allocation-satisfied id="1577" threadId="000000000085E100" bytesRequested="64" />
<af-end id="1578" timestamp="2025-12-15T22:48:02.742" threadId="000000000085EB78" success="true" from="nursery"/>
<exclusive-end id="1579" timestamp="2025-12-15T22:48:02.743" durationms="13.317" />

<exclusive-start id="1580" timestamp="2025-12-15T22:48:02.863" intervalms="133.010">
  <response-info timems="0.056" idlems="0.055" threads="1" lastid="000000000085D500" lastname="Default Executor-thread-5" />
</exclusive-start>
<af-start id="1581" threadId="000000000085D278" totalBytesRequested="65544" timestamp="2025-12-15T22:48:02.863" intervalms="133.133" type="nursery" />
<cycle-start id="1582" type="scavenge" contextid="0" timestamp="2025-12-15T22:48:02.864" intervalms="132.961" />
<gc-start id="1583" type="scavenge" contextid="1582" timestamp="2025-12-15T22:48:02.865">
  <mem-info id="1584" free="13646912" total="81920000" percent="16">
    <mem type="nursery" free="0" total="35258368" percent="0">
      <mem type="allocate" free="0" total="25231360" percent="0" />
      <mem type="survivor" free="0" total="10027008" percent="0" />
    </mem>
    <mem type="tenure" free="13646912" total="46661632" percent="29">
      <mem type="soa" free="11313216" total="44327936" percent="25" />
      <mem type="loa" free="2333696" total="2333696" percent="100" />
    </mem>
    <remembered-set count="12615" />
  </mem-info>
</gc-start>
<allocation-stats totalBytes="19715744" discardedBytes="89080" >
  <allocated-bytes non-tlh="89776" tlh="19625968" />
  <largest-consumer threadName="Default Executor-thread-4" threadId="000000000085C800" bytes="6068560" />
</allocation-stats>
<gc-op id="1585" type="scavenge" timems="9.526" contextid="1582" timestamp="2025-12-15T22:48:02.876">
  <scavenger-info tenureage="5" tenuremask="7f20" tiltratio="71" />
  <memory-copied type="nursery" objects="78562" bytes="4607008" bytesdiscarded="300256" />
  <memory-copied type="tenure" objects="38928" bytes="1437304" bytesdiscarded="1040" />
  <finalization candidates="5" enqueued="3" />
  <ownableSynchronizers candidates="2055" cleared="33" />
  <references type="soft" candidates="1615" cleared="0" enqueued="0" dynamicThreshold="9" maxThreshold="32" />
  <references type="weak" candidates="1412" cleared="299" enqueued="287" />
  <references type="phantom" candidates="363" cleared="2" enqueued="2" />
  <object-monitors candidates="134" cleared="26"  />
</gc-op>
<heap-resize id="1586" type="expand" space="nursery" amount="1572864" count="1" timems="0.138" reason="excessive time being spent scavenging" timestamp="2025-12-15T22:48:02.877" />
<gc-end id="1587" type="scavenge" contextid="1582" durationms="12.579" usertimems="38.542" systemtimems="4.689" stalltimems="33.683" timestamp="2025-12-15T22:48:02.878" activeThreads="8">
  <mem-info id="1588" free="34105048" total="83492864" percent="40">
    <mem type="nursery" free="22082296" total="36831232" percent="59">
      <mem type="allocate" free="22082296" total="27000832" percent="81" />
      <mem type="survivor" free="0" total="9830400" percent="0" />
    </mem>
    <mem type="tenure" free="12022752" total="46661632" percent="25">
      <mem type="soa" free="9689056" total="44327936" percent="21" />
      <mem type="loa" free="2333696" total="2333696" percent="100" />
    </mem>
    <pending-finalizers system="3" default="0" reference="289" classloader="0" />
    <remembered-set count="10178" />
  </mem-info>
</gc-end>
<cycle-end id="1589" type="scavenge" contextid="1582" timestamp="2025-12-15T22:48:02.879" />
<allocation-satisfied id="1590" threadId="000000000085C800" bytesRequested="65544" />
<af-end id="1591" timestamp="2025-12-15T22:48:02.880" threadId="000000000085D278" success="true" from="nursery"/>
<exclusive-end id="1592" timestamp="2025-12-15T22:48:02.881" durationms="18.117" />

<exclusive-start id="1593" timestamp="2025-12-15T22:48:03.129" intervalms="266.175">
  <response-info timems="0.041" idlems="0.041" threads="0" lastid="000000000085BC00" lastname="Default Executor-thread-2" />
</exclusive-start>
<af-start id="1594" threadId="000000000085C678" totalBytesRequested="4208" timestamp="2025-12-15T22:48:03.129" intervalms="266.050" type="nursery" />
<cycle-start id="1595" type="scavenge" contextid="0" timestamp="2025-12-15T22:48:03.130" intervalms="266.151" />
<gc-start id="1596" type="scavenge" contextid="1595" timestamp="2025-12-15T22:48:03.131">
  <mem-info id="1597" free="11871560" total="83492864" percent="14">
    <mem type="nursery" free="0" total="36831232" percent="0">
      <mem type="allocate" free="0" total="27000832" percent="0" />
      <mem type="survivor" free="0" total="9830400" percent="0" />
    </mem>
    <mem type="tenure" free="11871560" total="46661632" percent="25">
      <mem type="soa" free="9537864" total="44327936" percent="21" />
      <mem type="loa" free="2333696" total="2333696" percent="100" />
    </mem>
    <remembered-set count="12813" />
  </mem-info>
</gc-start>
<allocation-stats totalBytes="22044312" discardedBytes="189176" >
  <allocated-bytes non-tlh="257720" tlh="21786592" />
  <largest-consumer threadName="Default Executor-thread-2" threadId="000000000085BC00" bytes="7464816" />
</allocation-stats>
<gc-op id="1598" type="scavenge" timems="6.205" contextid="1595" timestamp="2025-12-15T22:48:03.138">
  <scavenger-info tenureage="8" tenuremask="7f00" tiltratio="73" />
  <memory-copied type="nursery" objects="86829" bytes="5263344" bytesdiscarded="90928" />
  <finalization candidates="11" enqueued="8" />
  <ownableSynchronizers candidates="1436" cleared="21" />
  <references type="soft" candidates="1845" cleared="0" enqueued="0" dynamicThreshold="9" maxThreshold="32" />
  <references type="weak" candidates="2188" cleared="848" enqueued="829" />
  <references type="phantom" candidates="375" cleared="4" enqueued="4" />
  <object-monitors candidates="140" cleared="23"  />
</gc-op>
<gc-end id="1599" type="scavenge" contextid="1595" durationms="8.375" usertimems="21.459" systemtimems="7.480" stalltimems="21.436" timestamp="2025-12-15T22:48:03.139" activeThreads="8">
  <mem-info id="1600" free="34357048" total="83492864" percent="41">
    <mem type="nursery" free="22485488" total="36831232" percent="61">
      <mem type="allocate" free="22485488" total="27852800" percent="80" />
      <mem type="survivor" free="0" total="8978432" percent="0" />
    </mem>
    <mem type="tenure" free="11871560" total="46661632" percent="25">
      <mem type="soa" free="9537864" total="44327936" percent="21" />
      <mem type="loa" free="2333696" total="2333696" percent="100" />
    </mem>
    <pending-finalizers system="8" default="0" reference="833" classloader="0" />
    <remembered-set count="7243" />
  </mem-info>
</gc-end>
<cycle-end id="1601" type="scavenge" contextid="1595" timestamp="2025-12-15T22:48:03.140" />
<allocation-satisfied id="1602" threadId="000000000085BC00" bytesRequested="4208" />
<af-end id="1603" timestamp="2025-12-15T22:48:03.142" threadId="000000000085C678" success="true" from="nursery"/>
<exclusive-end id="1604" timestamp="2025-12-15T22:48:03.143" durationms="13.817" />

<exclusive-start id="1605" timestamp="2025-12-15T22:48:03.614" intervalms="484.812">
  <response-info timems="0.384" idlems="0.193" threads="2" lastid="000000000085BC00" lastname="Default Executor-thread-2" />
</exclusive-start>
<af-start id="1606" threadId="000000000085EB78" totalBytesRequested="8320" timestamp="2025-12-15T22:48:03.614" intervalms="484.832" type="nursery" />
<cycle-start id="1607" type="scavenge" contextid="0" timestamp="2025-12-15T22:48:03.615" intervalms="484.606" />
<gc-start id="1608" type="scavenge" contextid="1607" timestamp="2025-12-15T22:48:03.616">
  <mem-info id="1609" free="11678184" total="83492864" percent="13">
    <mem type="nursery" free="0" total="36831232" percent="0">
      <mem type="allocate" free="0" total="27852800" percent="0" />
      <mem type="survivor" free="0" total="8978432" percent="0" />
    </mem>
    <mem type="tenure" free="11678184" total="46661632" percent="25">
      <mem type="soa" free="9344488" total="44327936" percent="21" />
      <mem type="loa" free="2333696" total="2333696" percent="100" />
    </mem>
    <remembered-set count="11241" />
  </mem-info>
</gc-start>
<allocation-stats totalBytes="22664440" discardedBytes="14424" >
  <allocated-bytes non-tlh="558528" tlh="22105912" />
  <largest-consumer threadName="Default Executor-thread-2" threadId="000000000085BC00" bytes="9541288" />
</allocation-stats>
<gc-op id="1610" type="scavenge" timems="5.871" contextid="1607" timestamp="2025-12-15T22:48:03.623">
  <scavenger-info tenureage="8" tenuremask="7f00" tiltratio="75" />
  <memory-copied type="nursery" objects="100085" bytes="5815032" bytesdiscarded="63992" />
  <finalization candidates="63" enqueued="60" />
  <ownableSynchronizers candidates="1524" cleared="19" />
  <references type="soft" candidates="2323" cleared="0" enqueued="0" dynamicThreshold="9" maxThreshold="32" />
  <references type="weak" candidates="2644" cleared="1078" enqueued="1069" />
  <references type="phantom" candidates="388" cleared="13" enqueued="13" />
  <object-monitors candidates="162" cleared="35"  />
</gc-op>
<gc-end id="1611" type="scavenge" contextid="1607" durationms="7.988" usertimems="24.920" systemtimems="3.013" stalltimems="14.336" timestamp="2025-12-15T22:48:03.624" activeThreads="7">
  <mem-info id="1612" free="33835656" total="83492864" percent="40">
    <mem type="nursery" free="22157472" total="36831232" percent="60">
      <mem type="allocate" free="22157472" total="28049408" percent="78" />
      <mem type="survivor" free="0" total="8781824" percent="0" />
    </mem>
    <mem type="tenure" free="11678184" total="46661632" percent="25">
      <mem type="soa" free="9344488" total="44327936" percent="21" />
      <mem type="loa" free="2333696" total="2333696" percent="100" />
    </mem>
    <pending-finalizers system="60" default="0" reference="1082" classloader="0" />
    <remembered-set count="9164" />
  </mem-info>
</gc-end>
<cycle-end id="1613" type="scavenge" contextid="1607" timestamp="2025-12-15T22:48:03.625" />
<allocation-satisfied id="1614" threadId="000000000085E100" bytesRequested="8320" />
<af-end id="1615" timestamp="2025-12-15T22:48:03.626" threadId="000000000085EB78" success="true" from="nursery"/>
<exclusive-end id="1616" timestamp="2025-12-15T22:48:03.626" durationms="12.504" />

<exclusive-start id="1617" timestamp="2025-12-15T22:48:03.725" intervalms="111.827">
  <response-info timems="0.060" idlems="0.060" threads="0" lastid="000000000085BC00" lastname="Default Executor-thread-2" />
</exclusive-start>
<af-start id="1618" threadId="000000000085C678" totalBytesRequested="3208" timestamp="2025-12-15T22:48:03.726" intervalms="111.728" type="nursery" />
<cycle-start id="1619" type="scavenge" contextid="0" timestamp="2025-12-15T22:48:03.727" intervalms="111.727" />
<gc-start id="1620" type="scavenge" contextid="1619" timestamp="2025-12-15T22:48:03.728">
  <mem-info id="1621" free="11564672" total="83492864" percent="13">
    <mem type="nursery" free="0" total="36831232" percent="0">
      <mem type="allocate" free="0" total="28049408" percent="0" />
      <mem type="survivor" free="0" total="8781824" percent="0" />
    </mem>
    <mem type="tenure" free="11564672" total="46661632" percent="24">
      <mem type="soa" free="9230976" total="44327936" percent="20" />
      <mem type="loa" free="2333696" total="2333696" percent="100" />
    </mem>
    <remembered-set count="10603" />
  </mem-info>
</gc-start>
<allocation-stats totalBytes="22059088" discardedBytes="211896" >
  <allocated-bytes non-tlh="383992" tlh="21675096" />
  <largest-consumer threadName="Default Executor-thread-3" threadId="000000000085F900" bytes="18446000" />
</allocation-stats>
<gc-op id="1622" type="scavenge" timems="6.336" contextid="1619" timestamp="2025-12-15T22:48:03.735">
  <scavenger-info tenureage="4" tenuremask="7f10" tiltratio="76" />
  <memory-copied type="nursery" objects="81495" bytes="4729904" bytesdiscarded="91136" />
  <memory-copied type="tenure" objects="25864" bytes="1839856" bytesdiscarded="1688" />
  <finalization candidates="32" enqueued="29" />
  <ownableSynchronizers candidates="1594" cleared="4" />
  <references type="soft" candidates="1750" cleared="0" enqueued="0" dynamicThreshold="9" maxThreshold="32" />
  <references type="weak" candidates="1402" cleared="263" enqueued="255" />
  <references type="phantom" candidates="209" cleared="15" enqueued="15" />
  <object-monitors candidates="127" cleared="0"  />
</gc-op>
<gc-end id="1623" type="scavenge" contextid="1619" durationms="8.136" usertimems="27.595" systemtimems="3.815" stalltimems="13.405" timestamp="2025-12-15T22:48:03.736" activeThreads="7">
  <mem-info id="1624" free="33055120" total="83492864" percent="39">
    <mem type="nursery" free="23545920" total="36831232" percent="63">
      <mem type="allocate" free="23545920" total="28377088" percent="82" />
      <mem type="survivor" free="0" total="8454144" percent="0" />
    </mem>
    <mem type="tenure" free="9509200" total="46661632" percent="20">
      <mem type="soa" free="7175504" total="44327936" percent="16" />
      <mem type="loa" free="2333696" total="2333696" percent="100" />
    </mem>
    <pending-finalizers system="29" default="0" reference="270" classloader="0" />
    <remembered-set count="7688" />
  </mem-info>
</gc-end>
<cycle-end id="1625" type="scavenge" contextid="1619" timestamp="2025-12-15T22:48:03.736" />
<allocation-satisfied id="1626" threadId="000000000085BC00" bytesRequested="3208" />
<af-end id="1627" timestamp="2025-12-15T22:48:03.738" threadId="000000000085C678" success="true" from="nursery"/>
<exclusive-end id="1628" timestamp="2025-12-15T22:48:03.738" durationms="12.842" />

<exclusive-start id="1629" timestamp="2025-12-15T22:48:04.254" intervalms="528.811">
  <response-info timems="0.139" idlems="0.139" threads="0" lastid="000000000085BC00" lastname="Default Executor-thread-2" />
</exclusive-start>
<af-start id="1630" threadId="000000000085C678" totalBytesRequested="64" timestamp="2025-12-15T22:48:04.255" intervalms="528.927" type="nursery" />
<cycle-start id="1631" type="scavenge" contextid="0" timestamp="2025-12-15T22:48:04.256" intervalms="529.013" />
<gc-start id="1632" type="scavenge" contextid="1631" timestamp="2025-12-15T22:48:04.256">
  <mem-info id="1633" free="9269736" total="83492864" percent="11">
    <mem type="nursery" free="0" total="36831232" percent="0">
      <mem type="allocate" free="0" total="28377088" percent="0" />
      <mem type="survivor" free="0" total="8454144" percent="0" />
    </mem>
    <mem type="tenure" free="9269736" total="46661632" percent="19">
      <mem type="soa" free="6936040" total="44327936" percent="15" />
      <mem type="loa" free="2333696" total="2333696" percent="100" />
    </mem>
    <remembered-set count="11632" />
  </mem-info>
</gc-start>
<allocation-stats totalBytes="23728048" discardedBytes="57336" >
  <allocated-bytes non-tlh="409952" tlh="23318096" />
  <largest-consumer threadName="Default Executor-thread-2" threadId="000000000085BC00" bytes="15942008" />
</allocation-stats>
<gc-op id="1634" type="scavenge" timems="6.549" contextid="1631" timestamp="2025-12-15T22:48:04.264">
  <scavenger-info tenureage="3" tenuremask="7f08" tiltratio="77" />
  <memory-copied type="nursery" objects="96269" bytes="5038080" bytesdiscarded="88944" />
  <memory-copied type="tenure" objects="16963" bytes="1187752" bytesdiscarded="288" />
  <finalization candidates="158" enqueued="145" />
  <ownableSynchronizers candidates="1052" cleared="24" />
  <references type="soft" candidates="1868" cleared="0" enqueued="0" dynamicThreshold="9" maxThreshold="32" />
  <references type="weak" candidates="1892" cleared="790" enqueued="773" />
  <references type="phantom" candidates="236" cleared="62" enqueued="62" />
  <object-monitors candidates="127" cleared="0"  />
</gc-op>
<gc-end id="1635" type="scavenge" contextid="1631" durationms="8.697" usertimems="30.406" systemtimems="0.000" stalltimems="12.327" timestamp="2025-12-15T22:48:04.265" activeThreads="7">
  <mem-info id="1636" free="31437776" total="83492864" percent="37">
    <mem type="nursery" free="23566792" total="36831232" percent="63">
      <mem type="allocate" free="23566792" total="28704768" percent="82" />
      <mem type="survivor" free="0" total="8126464" percent="0" />
    </mem>
    <mem type="tenure" free="7870984" total="46661632" percent="16">
      <mem type="soa" free="5537288" total="44327936" percent="12" />
      <mem type="loa" free="2333696" total="2333696" percent="100" />
    </mem>
    <pending-finalizers system="124" default="21" reference="835" classloader="0" />
    <remembered-set count="8852" />
  </mem-info>
</gc-end>
<cycle-end id="1637" type="scavenge" contextid="1631" timestamp="2025-12-15T22:48:04.266" />
<allocation-satisfied id="1638" threadId="000000000085BC00" bytesRequested="64" />
<af-end id="1639" timestamp="2025-12-15T22:48:04.267" threadId="000000000085C678" success="true" from="nursery"/>
<exclusive-end id="1640" timestamp="2025-12-15T22:48:04.268" durationms="13.535" />

<exclusive-start id="1641" timestamp="2025-12-15T22:48:04.563" intervalms="308.594">
  <response-info timems="0.105" idlems="0.105" threads="0" lastid="000000000085BC00" lastname="Default Executor-thread-2" />
</exclusive-start>
<af-start id="1642" threadId="000000000085C678" totalBytesRequested="120" timestamp="2025-12-15T22:48:04.564" intervalms="308.737" type="nursery" />
<cycle-start id="1643" type="scavenge" contextid="0" timestamp="2025-12-15T22:48:04.565" intervalms="309.088" />
<gc-start id="1644" type="scavenge" contextid="1643" timestamp="2025-12-15T22:48:04.566">
  <mem-info id="1645" free="7870936" total="83492864" percent="9">
    <mem type="nursery" free="0" total="36831232" percent="0">
      <mem type="allocate" free="0" total="28704768" percent="0" />
      <mem type="survivor" free="0" total="8126464" percent="0" />
    </mem>
    <mem type="tenure" free="7870936" total="46661632" percent="16">
      <mem type="soa" free="5537240" total="44327936" percent="12" />
      <mem type="loa" free="2333696" total="2333696" percent="100" />
    </mem>
    <remembered-set count="8948" />
  </mem-info>
</gc-start>
<allocation-stats totalBytes="23563880" discardedBytes="2960" >
  <allocated-bytes non-tlh="112" tlh="23563768" />
  <largest-consumer threadName="Default Executor-thread-2" threadId="000000000085BC00" bytes="23527032" />
</allocation-stats>
<gc-op id="1646" type="scavenge" timems="8.955" contextid="1643" timestamp="2025-12-15T22:48:04.576">
  <scavenger-info tenureage="5" tenuremask="7fa0" tiltratio="77" />
  <memory-copied type="nursery" objects="124899" bytes="5957608" bytesdiscarded="87752" />
  <memory-copied type="tenure" objects="39841" bytes="1990272" bytesdiscarded="1272" />
  <finalization candidates="105" enqueued="61" />
  <ownableSynchronizers candidates="959" cleared="31" />
  <references type="soft" candidates="1257" cleared="0" enqueued="0" dynamicThreshold="9" maxThreshold="32" />
  <references type="weak" candidates="681" cleared="32" enqueued="32" />
  <references type="phantom" candidates="109" cleared="0" enqueued="0" />
  <object-monitors candidates="127" cleared="0"  />
</gc-op>
<gc-end id="1647" type="scavenge" contextid="1643" durationms="11.312" usertimems="28.377" systemtimems="10.475" stalltimems="14.415" timestamp="2025-12-15T22:48:04.577" activeThreads="7">
  <mem-info id="1648" free="27773160" total="83492864" percent="33">
    <mem type="nursery" free="22324696" total="36831232" percent="60">
      <mem type="allocate" free="22324696" total="28377088" percent="78" />
      <mem type="survivor" free="0" total="8454144" percent="0" />
    </mem>
    <mem type="tenure" free="5448464" total="46661632" percent="11">
      <mem type="soa" free="3114768" total="44327936" percent="7" />
      <mem type="loa" free="2333696" total="2333696" percent="100" />
    </mem>
    <pending-finalizers system="0" default="61" reference="32" classloader="0" />
    <remembered-set count="5518" />
  </mem-info>
</gc-end>
<cycle-end id="1649" type="scavenge" contextid="1643" timestamp="2025-12-15T22:48:04.578" />
<allocation-satisfied id="1650" threadId="000000000085BC00" bytesRequested="120" />
<af-end id="1651" timestamp="2025-12-15T22:48:04.579" threadId="000000000085C678" success="true" from="nursery"/>
<exclusive-end id="1652" timestamp="2025-12-15T22:48:04.580" durationms="16.935" />

<concurrent-kickoff id="1653" timestamp="2025-12-15T22:48:04.785">
  <kickoff reason="threshold reached" targetBytes="22177106" thresholdFreeBytes="3071430"  remainingFree="2999648" tenureFreeBytes="5440792" nurseryFreeBytes="2999648" />
</concurrent-kickoff>
<exclusive-start id="1654" timestamp="2025-12-15T22:48:04.786" intervalms="222.945">
  <response-info timems="0.053" idlems="0.053" threads="0" lastid="000000000085BC00" lastname="Default Executor-thread-2" />
</exclusive-start>
<cycle-start id="1655" type="global" contextid="0" timestamp="2025-12-15T22:48:04.786" intervalms="2446.133" />
<concurrent-start id="1656" type="global mark" contextid="1655" timestamp="2025-12-15T22:48:04.787">
</concurrent-start>
<exclusive-end id="1657" timestamp="2025-12-15T22:48:04.787" durationms="1.707" />

<exclusive-start id="1658" timestamp="2025-12-15T22:48:04.843" intervalms="57.272">
  <response-info timems="0.052" idlems="0.052" threads="0" lastid="000000000085BC00" lastname="Default Executor-thread-2" />
</exclusive-start>
<af-start id="1659" threadId="000000000085C678" totalBytesRequested="80" timestamp="2025-12-15T22:48:04.844" intervalms="280.030" type="nursery" />
<cycle-start id="1660" type="scavenge" contextid="0" timestamp="2025-12-15T22:48:04.844" intervalms="279.725" />
<gc-start id="1661" type="scavenge" contextid="1660" timestamp="2025-12-15T22:48:04.845">
  <mem-info id="1662" free="5440792" total="83492864" percent="6">
    <mem type="nursery" free="0" total="36831232" percent="0">
      <mem type="allocate" free="0" total="28377088" percent="0" />
      <mem type="survivor" free="0" total="8454144" percent="0" />
    </mem>
    <mem type="tenure" free="5440792" total="46661632" percent="11">
      <mem type="soa" free="3107096" total="44327936" percent="7" />
      <mem type="loa" free="2333696" total="2333696" percent="100" />
    </mem>
    <remembered-set count="5675" />
  </mem-info>
</gc-start>
<allocation-stats totalBytes="22328600" discardedBytes="3768" >
  <allocated-bytes non-tlh="7792" tlh="22320808" />
  <largest-consumer threadName="Default Executor-thread-2" threadId="000000000085BC00" bytes="22152472" />
</allocation-stats>
<gc-op id="1663" type="scavenge" timems="6.062" contextid="1660" timestamp="2025-12-15T22:48:04.852">
  <scavenger-info tenureage="8" tenuremask="7f00" tiltratio="77" />
  <memory-copied type="nursery" objects="146135" bytes="6523288" bytesdiscarded="101736" />
  <finalization candidates="154" enqueued="107" />
  <ownableSynchronizers candidates="271" cleared="14" />
  <references type="soft" candidates="1259" cleared="0" enqueued="0" dynamicThreshold="9" maxThreshold="32" />
  <references type="weak" candidates="698" cleared="44" enqueued="44" />
  <references type="phantom" candidates="108" cleared="1" enqueued="1" />
  <object-monitors candidates="127" cleared="0"  />
</gc-op>
<gc-end id="1664" type="scavenge" contextid="1660" durationms="7.899" usertimems="17.890" systemtimems="9.246" stalltimems="21.614" timestamp="2025-12-15T22:48:04.853" activeThreads="8">
  <mem-info id="1665" free="26853872" total="83492864" percent="32">
    <mem type="nursery" free="21413080" total="36831232" percent="58">
      <mem type="allocate" free="21413080" total="28049408" percent="76" />
      <mem type="survivor" free="0" total="8781824" percent="0" />
    </mem>
    <mem type="tenure" free="5440792" total="46661632" percent="11">
      <mem type="soa" free="3107096" total="44327936" percent="7" />
      <mem type="loa" free="2333696" total="2333696" percent="100" />
    </mem>
    <pending-finalizers system="2" default="105" reference="45" classloader="0" />
    <remembered-set count="2701" />
  </mem-info>
</gc-end>
<cycle-end id="1666" type="scavenge" contextid="1660" timestamp="2025-12-15T22:48:04.854" />
<allocation-satisfied id="1667" threadId="000000000085BC00" bytesRequested="80" />
<af-end id="1668" timestamp="2025-12-15T22:48:04.855" threadId="000000000085C678" success="true" from="nursery"/>
<exclusive-end id="1669" timestamp="2025-12-15T22:48:04.856" durationms="12.706" />

<concurrent-end id="1670" type="global mark" contextid="1655" timestamp="2025-12-15T22:48:04.856">
<gc-op id="1671" type="trace" timems="69.506" contextid="1655" timestamp="2025-12-15T22:48:04.856">
  <trace bytesTraced="25898004" workStackOverflowCount="0" />
  <card-cleaning reason="card cleaning threshold reached" bytesTraced="3564" cardsCleaned="12" />
</gc-op>
</concurrent-end>

<exclusive-start id="1672" timestamp="2025-12-15T22:48:04.858" intervalms="14.581">
  <response-info timems="0.070" idlems="0.070" threads="0" lastid="000000000085BC00" lastname="Default Executor-thread-2" />
</exclusive-start>
<concurrent-global-final id="1673" timestamp="2025-12-15T22:48:04.858" contextid="1655" intervalms="2443.314" >
  <concurrent-trace-info reason="card cleaning threshold reached" tracedByMutators="9133328" tracedByHelpers="16768240" cardsCleaned="12" workStackOverflowCount="0" />
</concurrent-global-final>
<gc-start id="1674" type="global" contextid="1655" timestamp="2025-12-15T22:48:04.859">
  <mem-info id="1675" free="26562976" total="83492864" percent="31">
    <mem type="nursery" free="21122184" total="36831232" percent="57">
      <mem type="allocate" free="21122184" total="28049408" percent="75" />
      <mem type="survivor" free="0" total="8781824" percent="0" />
    </mem>
    <mem type="tenure" free="5440792" total="46661632" percent="11">
      <mem type="soa" free="3107096" total="44327936" percent="7" />
      <mem type="loa" free="2333696" total="2333696" percent="100" />
    </mem>
    <remembered-set count="2710" />
  </mem-info>
</gc-start>
<allocation-stats totalBytes="290896" discardedBytes="0" >
  <allocated-bytes non-tlh="80" tlh="290816" />
  <largest-consumer threadName="Default Executor-thread-2" threadId="000000000085BC00" bytes="274512" />
</allocation-stats>
<gc-op id="1676" type="rs-scan" timems="3.492" contextid="1655" timestamp="2025-12-15T22:48:04.864">
  <scan objectsFound="97352" bytesTraced="3253944" workStackOverflowCount="0" />
</gc-op>
<gc-op id="1677" type="card-cleaning" timems="2.092" contextid="1655" timestamp="2025-12-15T22:48:04.866">
  <card-cleaning cardsCleaned="547" bytesTraced="852064" workStackOverflowCount="0" />
</gc-op>
<gc-op id="1678" type="mark" timems="17.992" contextid="1655" timestamp="2025-12-15T22:48:04.885">
  <trace-info objectcount="9414" scancount="8841" scanbytes="263116" />
  <finalization candidates="769" enqueued="0" />
  <ownableSynchronizers candidates="8340" cleared="10" />
  <references type="soft" candidates="11359" cleared="0" enqueued="0" dynamicThreshold="9" maxThreshold="32" />
  <references type="weak" candidates="13594" cleared="0" enqueued="0" />
  <references type="phantom" candidates="442" cleared="0" enqueued="0" />
  <stringconstants candidates="36959" cleared="206"  />
  <object-monitors candidates="127" cleared="28"  />
</gc-op>
<gc-op id="1679" type="classunload" timems="1.607" contextid="1655" timestamp="2025-12-15T22:48:04.888">
  <classunload-info classloadercandidates="399" classloadersunloaded="0" classesunloaded="6" anonymousclassesunloaded="6" quiescems="0.000" setupms="1.573" scanms="0.034" postms="0.000" />
</gc-op>
<gc-op id="1680" type="sweep" timems="3.623" contextid="1655" timestamp="2025-12-15T22:48:04.892" />
<heap-resize id="1681" type="expand" space="tenure" amount="10289152" count="1" timems="1.999" reason="insufficient free space following gc" timestamp="2025-12-15T22:48:04.895" />
<gc-end id="1682" type="global" contextid="1655" durationms="36.819" usertimems="65.018" systemtimems="30.144" stalltimems="353.114" timestamp="2025-12-15T22:48:04.896" activeThreads="20">
  <mem-info id="1683" free="38859776" total="93782016" percent="41">
    <mem type="nursery" free="21737200" total="36831232" percent="59">
      <mem type="allocate" free="21737200" total="28049408" percent="77" />
      <mem type="survivor" free="0" total="8781824" percent="0" />
    </mem>
    <mem type="tenure" free="17122576" total="56950784" percent="30" micro-fragmented="1328495" macro-fragmented="0">
      <mem type="soa" free="14274832" total="54103040" percent="26" />
      <mem type="loa" free="2847744" total="2847744" percent="100" />
    </mem>
    <remembered-set count="2632" />
  </mem-info>
</gc-end>
<cycle-end id="1684" type="global" contextid="1655" timestamp="2025-12-15T22:48:04.897" />
<exclusive-end id="1685" timestamp="2025-12-15T22:48:04.898" durationms="39.968" />

<exclusive-start id="1686" timestamp="2025-12-15T22:48:05.066" intervalms="208.645">
  <response-info timems="0.054" idlems="0.054" threads="0" lastid="000000000085BC00" lastname="Default Executor-thread-2" />
</exclusive-start>
<af-start id="1687" threadId="000000000085C678" totalBytesRequested="1432" timestamp="2025-12-15T22:48:05.067" intervalms="223.305" type="nursery" />
<cycle-start id="1688" type="scavenge" contextid="0" timestamp="2025-12-15T22:48:05.068" intervalms="223.505" />
<gc-start id="1689" type="scavenge" contextid="1688" timestamp="2025-12-15T22:48:05.069">
  <mem-info id="1690" free="17038200" total="93782016" percent="18">
    <mem type="nursery" free="0" total="36831232" percent="0">
      <mem type="allocate" free="0" total="28049408" percent="0" />
      <mem type="survivor" free="0" total="8781824" percent="0" />
    </mem>
    <mem type="tenure" free="17038200" total="56950784" percent="29">
      <mem type="soa" free="14190456" total="54103040" percent="26" />
      <mem type="loa" free="2847744" total="2847744" percent="100" />
    </mem>
    <remembered-set count="4049" />
  </mem-info>
</gc-start>
<allocation-stats totalBytes="21750536" discardedBytes="37856" >
  <allocated-bytes non-tlh="228888" tlh="21521648" />
  <largest-consumer threadName="Default Executor-thread-2" threadId="000000000085BC00" bytes="21742344" />
</allocation-stats>
<gc-op id="1691" type="scavenge" timems="7.693" contextid="1688" timestamp="2025-12-15T22:48:05.078">
  <scavenger-info tenureage="5" tenuremask="7f20" tiltratio="76" />
  <memory-copied type="nursery" objects="118530" bytes="6650736" bytesdiscarded="50800" />
  <memory-copied type="tenure" objects="12443" bytes="461248" bytesdiscarded="2672" />
  <finalization candidates="144" enqueued="97" />
  <ownableSynchronizers candidates="16417" cleared="16148" />
  <references type="soft" candidates="916" cleared="0" enqueued="0" dynamicThreshold="9" maxThreshold="32" />
  <references type="weak" candidates="691" cleared="194" enqueued="194" />
  <references type="phantom" candidates="188" cleared="2" enqueued="2" />
  <object-monitors candidates="99" cleared="1"  />
</gc-op>
<gc-end id="1692" type="scavenge" contextid="1688" durationms="10.375" usertimems="28.193" systemtimems="4.001" stalltimems="19.879" timestamp="2025-12-15T22:48:05.079" activeThreads="7">
  <mem-info id="1693" free="38019152" total="93782016" percent="40">
    <mem type="nursery" free="21599744" total="36831232" percent="58">
      <mem type="allocate" free="21599744" total="28311552" percent="76" />
      <mem type="survivor" free="0" total="8519680" percent="0" />
    </mem>
    <mem type="tenure" free="16419408" total="56950784" percent="28">
      <mem type="soa" free="13571664" total="54103040" percent="25" />
      <mem type="loa" free="2847744" total="2847744" percent="100" />
    </mem>
    <pending-finalizers system="5" default="92" reference="196" classloader="0" />
    <remembered-set count="2779" />
  </mem-info>
</gc-end>
<cycle-end id="1694" type="scavenge" contextid="1688" timestamp="2025-12-15T22:48:05.080" />
<allocation-satisfied id="1695" threadId="000000000085BC00" bytesRequested="1432" />
<af-end id="1696" timestamp="2025-12-15T22:48:05.082" threadId="000000000085C678" success="true" from="nursery"/>
<exclusive-end id="1697" timestamp="2025-12-15T22:48:05.082" durationms="16.121" />

<exclusive-start id="1698" timestamp="2025-12-15T22:48:05.356" intervalms="289.808">
  <response-info timems="0.207" idlems="0.207" threads="0" lastid="000000000085BC00" lastname="Default Executor-thread-2" />
</exclusive-start>
<af-start id="1699" threadId="000000000085C678" totalBytesRequested="1280" timestamp="2025-12-15T22:48:05.357" intervalms="289.906" type="nursery" />
<cycle-start id="1700" type="scavenge" contextid="0" timestamp="2025-12-15T22:48:05.358" intervalms="289.921" />
<gc-start id="1701" type="scavenge" contextid="1700" timestamp="2025-12-15T22:48:05.359">
  <mem-info id="1702" free="16248672" total="93782016" percent="17">
    <mem type="nursery" free="0" total="36831232" percent="0">
      <mem type="allocate" free="0" total="28311552" percent="0" />
      <mem type="survivor" free="0" total="8519680" percent="0" />
    </mem>
    <mem type="tenure" free="16248672" total="56950784" percent="28">
      <mem type="soa" free="13400928" total="54103040" percent="24" />
      <mem type="loa" free="2847744" total="2847744" percent="100" />
    </mem>
    <remembered-set count="5687" />
  </mem-info>
</gc-start>
<allocation-stats totalBytes="21760384" discardedBytes="6504" >
  <allocated-bytes non-tlh="658984" tlh="21101400" />
  <largest-consumer threadName="Default Executor-thread-2" threadId="000000000085BC00" bytes="21465808" />
</allocation-stats>
<gc-op id="1703" type="scavenge" timems="9.975" contextid="1700" timestamp="2025-12-15T22:48:05.370">
  <scavenger-info tenureage="8" tenuremask="7f00" tiltratio="76" />
  <memory-copied type="nursery" objects="137264" bytes="8110184" bytesdiscarded="31312" />
  <finalization candidates="69" enqueued="22" />
  <ownableSynchronizers candidates="349" cleared="30" />
  <references type="soft" candidates="1597" cleared="0" enqueued="0" dynamicThreshold="9" maxThreshold="32" />
  <references type="weak" candidates="2180" cleared="739" enqueued="738" />
  <references type="phantom" candidates="225" cleared="12" enqueued="12" />
  <object-monitors candidates="98" cleared="0"  />
</gc-op>
<gc-end id="1704" type="scavenge" contextid="1700" durationms="12.881" usertimems="37.317" systemtimems="5.449" stalltimems="25.119" timestamp="2025-12-15T22:48:05.372" activeThreads="7">
  <mem-info id="1705" free="33725168" total="93782016" percent="35">
    <mem type="nursery" free="17476496" total="36831232" percent="47">
      <mem type="allocate" free="17476496" total="25624576" percent="68" />
      <mem type="survivor" free="0" total="11206656" percent="0" />
    </mem>
    <mem type="tenure" free="16248672" total="56950784" percent="28">
      <mem type="soa" free="13400928" total="54103040" percent="24" />
      <mem type="loa" free="2847744" total="2847744" percent="100" />
    </mem>
    <pending-finalizers system="22" default="0" reference="750" classloader="0" />
    <remembered-set count="4937" />
  </mem-info>
</gc-end>
<cycle-end id="1706" type="scavenge" contextid="1700" timestamp="2025-12-15T22:48:05.373" />
<allocation-satisfied id="1707" threadId="000000000085BC00" bytesRequested="1280" />
<af-end id="1708" timestamp="2025-12-15T22:48:05.375" threadId="000000000085C678" success="true" from="nursery"/>
<exclusive-end id="1709" timestamp="2025-12-15T22:48:05.375" durationms="19.334" />

<exclusive-start id="1710" timestamp="2025-12-15T22:48:05.630" intervalms="273.905">
  <response-info timems="0.059" idlems="0.059" threads="0" lastid="000000000085E100" lastname="Default Executor-thread-6" />
</exclusive-start>
<af-start id="1711" threadId="000000000085EB78" totalBytesRequested="8200" timestamp="2025-12-15T22:48:05.631" intervalms="273.664" type="nursery" />
<cycle-start id="1712" type="scavenge" contextid="0" timestamp="2025-12-15T22:48:05.631" intervalms="273.504" />
<gc-start id="1713" type="scavenge" contextid="1712" timestamp="2025-12-15T22:48:05.632">
  <mem-info id="1714" free="16160352" total="93782016" percent="17">
    <mem type="nursery" free="0" total="36831232" percent="0">
      <mem type="allocate" free="0" total="25624576" percent="0" />
      <mem type="survivor" free="0" total="11206656" percent="0" />
    </mem>
    <mem type="tenure" free="16160352" total="56950784" percent="28">
      <mem type="soa" free="13312608" total="54103040" percent="24" />
      <mem type="loa" free="2847744" total="2847744" percent="100" />
    </mem>
    <remembered-set count="6488" />
  </mem-info>
</gc-start>
<allocation-stats totalBytes="17500224" discardedBytes="62432" >
  <allocated-bytes non-tlh="389544" tlh="17110680" />
  <largest-consumer threadName="Default Executor-thread-2" threadId="000000000085BC00" bytes="11074288" />
</allocation-stats>
<gc-op id="1715" type="scavenge" timems="9.313" contextid="1712" timestamp="2025-12-15T22:48:05.643">
  <scavenger-info tenureage="4" tenuremask="7fb0" tiltratio="69" />
  <memory-copied type="nursery" objects="70021" bytes="5678872" bytesdiscarded="224208" />
  <memory-copied type="tenure" objects="85439" bytes="3550496" bytesdiscarded="1456" />
  <finalization candidates="118" enqueued="53" />
  <ownableSynchronizers candidates="489" cleared="113" />
  <references type="soft" candidates="1352" cleared="0" enqueued="0" dynamicThreshold="9" maxThreshold="32" />
  <references type="weak" candidates="1789" cleared="489" enqueued="477" />
  <references type="phantom" candidates="270" cleared="37" enqueued="37" />
  <object-monitors candidates="108" cleared="8"  />
</gc-op>
<gc-end id="1716" type="scavenge" contextid="1712" durationms="11.292" usertimems="23.127" systemtimems="14.698" stalltimems="21.492" timestamp="2025-12-15T22:48:05.643" activeThreads="7">
  <mem-info id="1717" free="32395104" total="93782016" percent="34">
    <mem type="nursery" free="19913816" total="36831232" percent="54">
      <mem type="allocate" free="19913816" total="25821184" percent="77" />
      <mem type="survivor" free="0" total="11010048" percent="0" />
    </mem>
    <mem type="tenure" free="12481288" total="56950784" percent="21">
      <mem type="soa" free="9633544" total="54103040" percent="17" />
      <mem type="loa" free="2847744" total="2847744" percent="100" />
    </mem>
    <pending-finalizers system="31" default="22" reference="514" classloader="0" />
    <remembered-set count="5006" />
  </mem-info>
</gc-end>
<cycle-end id="1718" type="scavenge" contextid="1712" timestamp="2025-12-15T22:48:05.644" />
<allocation-satisfied id="1719" threadId="000000000085E100" bytesRequested="8200" />
<af-end id="1720" timestamp="2025-12-15T22:48:05.645" threadId="000000000085EB78" success="true" from="nursery"/>
<exclusive-end id="1721" timestamp="2025-12-15T22:48:05.646" durationms="15.885" />

<exclusive-start id="1722" timestamp="2025-12-15T22:48:05.697" intervalms="67.093">
  <response-info timems="0.084" idlems="0.054" threads="1" lastid="000000000085BC00" lastname="Default Executor-thread-2" />
</exclusive-start>
<af-start id="1723" threadId="000000000085EB78" totalBytesRequested="65544" timestamp="2025-12-15T22:48:05.698" intervalms="67.136" type="nursery" />
<cycle-start id="1724" type="scavenge" contextid="0" timestamp="2025-12-15T22:48:05.698" intervalms="67.008" />
<gc-start id="1725" type="scavenge" contextid="1724" timestamp="2025-12-15T22:48:05.699">
  <mem-info id="1726" free="12478744" total="93782016" percent="13">
    <mem type="nursery" free="0" total="36831232" percent="0">
      <mem type="allocate" free="0" total="25821184" percent="0" />
      <mem type="survivor" free="0" total="11010048" percent="0" />
    </mem>
    <mem type="tenure" free="12478744" total="56950784" percent="21">
      <mem type="soa" free="9631000" total="54103040" percent="17" />
      <mem type="loa" free="2847744" total="2847744" percent="100" />
    </mem>
    <remembered-set count="5248" />
  </mem-info>
</gc-start>
<allocation-stats totalBytes="19841056" discardedBytes="75304" >
  <allocated-bytes non-tlh="390856" tlh="19450200" />
  <largest-consumer threadName="Default Executor-thread-4" threadId="000000000085C800" bytes="5647744" />
</allocation-stats>
<gc-op id="1727" type="scavenge" timems="5.437" contextid="1724" timestamp="2025-12-15T22:48:05.706">
  <scavenger-info tenureage="4" tenuremask="7f90" tiltratio="70" />
  <memory-copied type="nursery" objects="73277" bytes="6052360" bytesdiscarded="201432" />
  <memory-copied type="tenure" objects="20851" bytes="1228232" bytesdiscarded="296" />
  <finalization candidates="205" enqueued="177" />
  <ownableSynchronizers candidates="494" cleared="103" />
  <references type="soft" candidates="958" cleared="0" enqueued="0" dynamicThreshold="9" maxThreshold="32" />
  <references type="weak" candidates="1308" cleared="54" enqueued="54" />
  <references type="phantom" candidates="259" cleared="11" enqueued="11" />
  <object-monitors candidates="103" cleared="1"  />
</gc-op>
<heap-resize id="1728" type="expand" space="nursery" amount="2490368" count="1" timems="0.044" reason="excessive time being spent scavenging" timestamp="2025-12-15T22:48:05.706" />
<gc-end id="1729" type="scavenge" contextid="1724" durationms="7.713" usertimems="23.929" systemtimems="0.000" stalltimems="14.231" timestamp="2025-12-15T22:48:05.707" activeThreads="7">
  <mem-info id="1730" free="32687608" total="96272384" percent="33">
    <mem type="nursery" free="21922040" total="39321600" percent="55">
      <mem type="allocate" free="21922040" total="28180480" percent="77" />
      <mem type="survivor" free="0" total="11141120" percent="0" />
    </mem>
    <mem type="tenure" free="10765568" total="56950784" percent="18">
      <mem type="soa" free="7917824" total="54103040" percent="14" />
      <mem type="loa" free="2847744" total="2847744" percent="100" />
    </mem>
    <pending-finalizers system="0" default="177" reference="65" classloader="0" />
    <remembered-set count="2881" />
  </mem-info>
</gc-end>
<cycle-end id="1731" type="scavenge" contextid="1724" timestamp="2025-12-15T22:48:05.708" />
<allocation-satisfied id="1732" threadId="000000000085E100" bytesRequested="65544" />
<af-end id="1733" timestamp="2025-12-15T22:48:05.709" threadId="000000000085EB78" success="true" from="nursery"/>
<exclusive-end id="1734" timestamp="2025-12-15T22:48:05.709" durationms="12.181" />

<exclusive-start id="1735" timestamp="2025-12-15T22:48:05.744" intervalms="46.758">
  <response-info timems="0.085" idlems="0.064" threads="1" lastid="000000000085D500" lastname="Default Executor-thread-5" />
</exclusive-start>
<af-start id="1736" threadId="0000000000860378" totalBytesRequested="2968" timestamp="2025-12-15T22:48:05.744" intervalms="46.739" type="nursery" />
<cycle-start id="1737" type="scavenge" contextid="0" timestamp="2025-12-15T22:48:05.745" intervalms="46.890" />
<gc-start id="1738" type="scavenge" contextid="1737" timestamp="2025-12-15T22:48:05.746">
  <mem-info id="1739" free="10765264" total="96272384" percent="11">
    <mem type="nursery" free="0" total="39321600" percent="0">
      <mem type="allocate" free="0" total="28180480" percent="0" />
      <mem type="survivor" free="0" total="11141120" percent="0" />
    </mem>
    <mem type="tenure" free="10765264" total="56950784" percent="18">
      <mem type="soa" free="7917520" total="54103040" percent="14" />
      <mem type="loa" free="2847744" total="2847744" percent="100" />
    </mem>
    <remembered-set count="2920" />
  </mem-info>
</gc-start>
<allocation-stats totalBytes="21900824" discardedBytes="21520" >
  <allocated-bytes non-tlh="65848" tlh="21834976" />
  <largest-consumer threadName="Default Executor-thread-3" threadId="000000000085F900" bytes="5237928" />
</allocation-stats>
<gc-op id="1740" type="scavenge" timems="8.074" contextid="1737" timestamp="2025-12-15T22:48:05.755">
  <scavenger-info tenureage="3" tenuremask="7f88" tiltratio="71" />
  <memory-copied type="nursery" objects="62778" bytes="6742304" bytesdiscarded="351304" />
  <memory-copied type="tenure" objects="21478" bytes="1583608" bytesdiscarded="736" />
  <finalization candidates="511" enqueued="486" />
  <ownableSynchronizers candidates="341" cleared="22" />
  <references type="soft" candidates="277" cleared="0" enqueued="0" dynamicThreshold="9" maxThreshold="32" />
  <references type="weak" candidates="320" cleared="8" enqueued="8" />
  <references type="phantom" candidates="207" cleared="0" enqueued="0" />
  <object-monitors candidates="102" cleared="0"  />
</gc-op>
<heap-resize id="1741" type="expand" space="nursery" amount="3801088" count="1" timems="0.046" reason="excessive time being spent scavenging" timestamp="2025-12-15T22:48:05.756" />
<gc-end id="1742" type="scavenge" contextid="1737" durationms="10.489" usertimems="21.387" systemtimems="12.500" stalltimems="14.051" timestamp="2025-12-15T22:48:05.756" activeThreads="7">
  <mem-info id="1743" free="33794888" total="100073472" percent="33">
    <mem type="nursery" free="24884584" total="43122688" percent="57">
      <mem type="allocate" free="24884584" total="31981568" percent="77" />
      <mem type="survivor" free="0" total="11141120" percent="0" />
    </mem>
    <mem type="tenure" free="8910304" total="56950784" percent="15">
      <mem type="soa" free="6062560" total="54103040" percent="11" />
      <mem type="loa" free="2847744" total="2847744" percent="100" />
    </mem>
    <pending-finalizers system="0" default="486" reference="8" classloader="0" />
    <remembered-set count="1525" />
  </mem-info>
</gc-end>
<cycle-end id="1744" type="scavenge" contextid="1737" timestamp="2025-12-15T22:48:05.757" />
<allocation-satisfied id="1745" threadId="000000000085F900" bytesRequested="2968" />
<af-end id="1746" timestamp="2025-12-15T22:48:05.758" threadId="0000000000860378" success="true" from="nursery"/>
<exclusive-end id="1747" timestamp="2025-12-15T22:48:05.759" durationms="14.764" />

<exclusive-start id="1748" timestamp="2025-12-15T22:48:05.795" intervalms="50.705">
  <response-info timems="0.062" idlems="0.050" threads="1" lastid="000000000085D500" lastname="Default Executor-thread-5" />
</exclusive-start>
<af-start id="1749" threadId="00000000014ACA78" totalBytesRequested="80" timestamp="2025-12-15T22:48:05.795" intervalms="50.690" type="nursery" />
<cycle-start id="1750" type="scavenge" contextid="0" timestamp="2025-12-15T22:48:05.796" intervalms="50.470" />
<gc-start id="1751" type="scavenge" contextid="1750" timestamp="2025-12-15T22:48:05.796">
  <mem-info id="1752" free="8906504" total="100073472" percent="8">
    <mem type="nursery" free="0" total="43122688" percent="0">
      <mem type="allocate" free="0" total="31981568" percent="0" />
      <mem type="survivor" free="0" total="11141120" percent="0" />
    </mem>
    <mem type="tenure" free="8906504" total="56950784" percent="15">
      <mem type="soa" free="6058760" total="54103040" percent="11" />
      <mem type="loa" free="2847744" total="2847744" percent="100" />
    </mem>
    <remembered-set count="1699" />
  </mem-info>
</gc-start>
<allocation-stats totalBytes="24666976" discardedBytes="221408" >
  <allocated-bytes non-tlh="457904" tlh="24209072" />
  <largest-consumer threadName="Default Executor-thread-4" threadId="000000000085C800" bytes="6318464" />
</allocation-stats>
<gc-op id="1753" type="scavenge" timems="7.664" contextid="1750" timestamp="2025-12-15T22:48:05.805">
  <scavenger-info tenureage="5" tenuremask="7fa0" tiltratio="74" />
  <memory-copied type="nursery" objects="67099" bytes="6275232" bytesdiscarded="310080" />
  <memory-copied type="tenure" objects="4392" bytes="1021368" bytesdiscarded="3568" />
  <finalization candidates="542" enqueued="517" />
  <ownableSynchronizers candidates="219" cleared="17" />
  <references type="soft" candidates="144" cleared="0" enqueued="0" dynamicThreshold="9" maxThreshold="32" />
  <references type="weak" candidates="286" cleared="26" enqueued="26" />
  <references type="phantom" candidates="123" cleared="8" enqueued="8" />
  <object-monitors candidates="102" cleared="0"  />
</gc-op>
<heap-resize id="1754" type="expand" space="nursery" amount="3932160" count="1" timems="0.044" reason="excessive time being spent scavenging" timestamp="2025-12-15T22:48:05.806" />
<gc-end id="1755" type="scavenge" contextid="1750" durationms="10.048" usertimems="28.527" systemtimems="1.719" stalltimems="30.429" timestamp="2025-12-15T22:48:05.806" activeThreads="8">
  <mem-info id="1756" free="37401520" total="104005632" percent="35">
    <mem type="nursery" free="29717504" total="47054848" percent="63">
      <mem type="allocate" free="29717504" total="36306944" percent="81" />
      <mem type="survivor" free="0" total="10747904" percent="0" />
    </mem>
    <mem type="tenure" free="7684016" total="56950784" percent="13">
      <mem type="soa" free="4836272" total="54103040" percent="8" />
      <mem type="loa" free="2847744" total="2847744" percent="100" />
    </mem>
    <pending-finalizers system="0" default="517" reference="34" classloader="0" />
    <remembered-set count="1134" />
  </mem-info>
</gc-end>
<cycle-end id="1757" type="scavenge" contextid="1750" timestamp="2025-12-15T22:48:05.807" />
<allocation-satisfied id="1758" threadId="00000000014AC000" bytesRequested="80" />
<af-end id="1759" timestamp="2025-12-15T22:48:05.808" threadId="00000000014ACA78" success="true" from="nursery"/>
<exclusive-end id="1760" timestamp="2025-12-15T22:48:05.808" durationms="13.830" />

<concurrent-kickoff id="1761" timestamp="2025-12-15T22:48:05.831">
  <kickoff reason="threshold reached" targetBytes="27944079" thresholdFreeBytes="3870233"  remainingFree="3781632" tenureFreeBytes="7683888" nurseryFreeBytes="3781632" />
</concurrent-kickoff>
<exclusive-start id="1762" timestamp="2025-12-15T22:48:05.832" intervalms="37.579">
  <response-info timems="0.209" idlems="0.163" threads="4" lastid="000000000085C800" lastname="Default Executor-thread-4" />
</exclusive-start>
<cycle-start id="1763" type="global" contextid="0" timestamp="2025-12-15T22:48:05.833" intervalms="1046.155" />
<concurrent-start id="1764" type="global mark" contextid="1763" timestamp="2025-12-15T22:48:05.833">
</concurrent-start>
<exclusive-end id="1765" timestamp="2025-12-15T22:48:05.834" durationms="1.565" />

<exclusive-start id="1766" timestamp="2025-12-15T22:48:05.853" intervalms="20.520">
  <response-info timems="0.180" idlems="0.108" threads="2" lastid="0000000000029600" lastname="JIT Compilation Thread-000" />
</exclusive-start>
<af-start id="1767" threadId="000000000085D278" totalBytesRequested="12688" timestamp="2025-12-15T22:48:05.853" intervalms="58.098" type="nursery" />
<cycle-start id="1768" type="scavenge" contextid="0" timestamp="2025-12-15T22:48:05.854" intervalms="58.227" />
<gc-start id="1769" type="scavenge" contextid="1768" timestamp="2025-12-15T22:48:05.855">
  <mem-info id="1770" free="7683888" total="104005632" percent="7">
    <mem type="nursery" free="0" total="47054848" percent="0">
      <mem type="allocate" free="0" total="36306944" percent="0" />
      <mem type="survivor" free="0" total="10747904" percent="0" />
    </mem>
    <mem type="tenure" free="7683888" total="56950784" percent="13">
      <mem type="soa" free="4836144" total="54103040" percent="8" />
      <mem type="loa" free="2847744" total="2847744" percent="100" />
    </mem>
    <remembered-set count="1233" />
  </mem-info>
</gc-start>
<allocation-stats totalBytes="29501280" discardedBytes="216352" >
  <allocated-bytes non-tlh="141792" tlh="29359488" />
  <largest-consumer threadName="Default Executor-thread-6" threadId="000000000085E100" bytes="6956600" />
</allocation-stats>
<gc-op id="1771" type="scavenge" timems="8.718" contextid="1768" timestamp="2025-12-15T22:48:05.864">
  <scavenger-info tenureage="3" tenuremask="7f98" tiltratio="77" />
  <memory-copied type="nursery" objects="50073" bytes="4789352" bytesdiscarded="274832" />
  <memory-copied type="tenure" objects="42497" bytes="2732088" bytesdiscarded="1304" />
  <finalization candidates="493" enqueued="467" />
  <ownableSynchronizers candidates="187" cleared="0" />
  <references type="soft" candidates="2" cleared="0" enqueued="0" dynamicThreshold="9" maxThreshold="32" />
  <references type="weak" candidates="35" cleared="5" enqueued="5" />
  <references type="phantom" candidates="23" cleared="0" enqueued="0" />
  <object-monitors candidates="102" cleared="0"  />
</gc-op>
<heap-resize id="1772" type="expand" space="nursery" amount="3932160" count="1" timems="0.184" reason="excessive time being spent scavenging" timestamp="2025-12-15T22:48:05.865" />
<gc-end id="1773" type="scavenge" contextid="1768" durationms="11.211" usertimems="21.993" systemtimems="15.033" stalltimems="16.309" timestamp="2025-12-15T22:48:05.866" activeThreads="7">
  <mem-info id="1774" free="40797760" total="107937792" percent="37">
    <mem type="nursery" free="35698080" total="50987008" percent="70">
      <mem type="allocate" free="35698080" total="40763392" percent="87" />
      <mem type="survivor" free="0" total="10223616" percent="0" />
    </mem>
    <mem type="tenure" free="5099680" total="56950784" percent="8">
      <mem type="soa" free="2251936" total="54103040" percent="4" />
      <mem type="loa" free="2847744" total="2847744" percent="100" />
    </mem>
    <pending-finalizers system="0" default="467" reference="5" classloader="0" />
    <remembered-set count="2908" />
  </mem-info>
</gc-end>
<cycle-end id="1775" type="scavenge" contextid="1768" timestamp="2025-12-15T22:48:05.866" />
<allocation-satisfied id="1776" threadId="000000000085C800" bytesRequested="12688" />
<af-end id="1777" timestamp="2025-12-15T22:48:05.869" threadId="000000000085D278" success="true" from="nursery"/>
<exclusive-end id="1778" timestamp="2025-12-15T22:48:05.870" durationms="17.390" />

<concurrent-end id="1779" type="global mark" contextid="1763" timestamp="2025-12-15T22:48:05.874">
<gc-op id="1780" type="trace" timems="41.025" contextid="1763" timestamp="2025-12-15T22:48:05.874">
  <trace bytesTraced="30772340" workStackOverflowCount="0" />
  <card-cleaning reason="card cleaning threshold reached" bytesTraced="211428" cardsCleaned="445" />
</gc-op>
</concurrent-end>

<exclusive-start id="1781" timestamp="2025-12-15T22:48:05.875" intervalms="22.795">
  <response-info timems="0.185" idlems="0.126" threads="3" lastid="000000000085C800" lastname="Default Executor-thread-4" />
</exclusive-start>
<concurrent-global-final id="1782" timestamp="2025-12-15T22:48:05.876" contextid="1763" intervalms="1017.982" >
  <concurrent-trace-info reason="card cleaning threshold reached" tracedByMutators="24293816" tracedByHelpers="6689952" cardsCleaned="445" workStackOverflowCount="0" />
</concurrent-global-final>
<gc-start id="1783" type="global" contextid="1763" timestamp="2025-12-15T22:48:05.877">
  <mem-info id="1784" free="38884528" total="107937792" percent="36">
    <mem type="nursery" free="33784848" total="50987008" percent="66">
      <mem type="allocate" free="33784848" total="40763392" percent="82" />
      <mem type="survivor" free="0" total="10223616" percent="0" />
    </mem>
    <mem type="tenure" free="5099680" total="56950784" percent="8">
      <mem type="soa" free="2251936" total="54103040" percent="4" />
      <mem type="loa" free="2847744" total="2847744" percent="100" />
    </mem>
    <remembered-set count="2919" />
  </mem-info>
</gc-start>
<allocation-stats totalBytes="1886816" discardedBytes="26416" >
  <allocated-bytes non-tlh="12688" tlh="1874128" />
  <largest-consumer threadName="ClassloaderMapProcessingThread-9" threadId="00000000014AC000" bytes="532408" />
</allocation-stats>
<gc-op id="1785" type="rs-scan" timems="5.257" contextid="1763" timestamp="2025-12-15T22:48:05.883">
  <scan objectsFound="36704" bytesTraced="1477468" workStackOverflowCount="0" />
</gc-op>
<gc-op id="1786" type="card-cleaning" timems="1.463" contextid="1763" timestamp="2025-12-15T22:48:05.886">
  <card-cleaning cardsCleaned="33" bytesTraced="34556" workStackOverflowCount="0" />
</gc-op>
<gc-op id="1787" type="mark" timems="21.858" contextid="1763" timestamp="2025-12-15T22:48:05.908">
  <trace-info objectcount="9518" scancount="8371" scanbytes="525236" />
  <finalization candidates="821" enqueued="27" />
  <ownableSynchronizers candidates="8666" cleared="9" />
  <references type="soft" candidates="12305" cleared="5" enqueued="4" dynamicThreshold="9" maxThreshold="32" />
  <references type="weak" candidates="14871" cleared="2" enqueued="2" />
  <references type="phantom" candidates="416" cleared="0" enqueued="0" />
  <stringconstants candidates="38489" cleared="65"  />
  <object-monitors candidates="102" cleared="13"  />
</gc-op>
<gc-op id="1788" type="classunload" timems="1.305" contextid="1763" timestamp="2025-12-15T22:48:05.911">
  <classunload-info classloadercandidates="414" classloadersunloaded="1" classesunloaded="1" anonymousclassesunloaded="0" quiescems="0.000" setupms="1.282" scanms="0.012" postms="0.010" />
</gc-op>
<gc-op id="1789" type="sweep" timems="2.799" contextid="1763" timestamp="2025-12-15T22:48:05.914" />
<heap-resize id="1790" type="expand" space="tenure" amount="13238272" count="1" timems="1.878" reason="insufficient free space following gc" timestamp="2025-12-15T22:48:05.916" />
<gc-end id="1791" type="global" contextid="1763" durationms="40.429" usertimems="79.393" systemtimems="40.379" stalltimems="379.692" timestamp="2025-12-15T22:48:05.917" activeThreads="20">
  <mem-info id="1792" free="59399080" total="121176064" percent="49">
    <mem type="nursery" free="38319032" total="50987008" percent="75">
      <mem type="allocate" free="38319032" total="40763392" percent="94" />
      <mem type="survivor" free="0" total="10223616" percent="0" />
    </mem>
    <mem type="tenure" free="21080048" total="70189056" percent="30" micro-fragmented="1593837" macro-fragmented="0">
      <mem type="soa" free="17569776" total="66678784" percent="26" />
      <mem type="loa" free="3510272" total="3510272" percent="100" />
    </mem>
    <pending-finalizers system="0" default="27" reference="6" classloader="0" />
    <remembered-set count="2900" />
  </mem-info>
</gc-end>
<cycle-end id="1793" type="global" contextid="1763" timestamp="2025-12-15T22:48:05.918" />
<exclusive-end id="1794" timestamp="2025-12-15T22:48:05.919" durationms="43.282" />

<exclusive-start id="1795" timestamp="2025-12-15T22:48:05.953" intervalms="78.064">
  <response-info timems="0.082" idlems="0.061" threads="1" lastid="000000000085D500" lastname="Default Executor-thread-5" />
</exclusive-start>
<af-start id="1796" threadId="000000000085EB78" totalBytesRequested="27440" timestamp="2025-12-15T22:48:05.954" intervalms="100.804" type="nursery" />
<cycle-start id="1797" type="scavenge" contextid="0" timestamp="2025-12-15T22:48:05.955" intervalms="100.819" />
<gc-start id="1798" type="scavenge" contextid="1797" timestamp="2025-12-15T22:48:05.956">
  <mem-info id="1799" free="21080048" total="121176064" percent="17">
    <mem type="nursery" free="0" total="50987008" percent="0">
      <mem type="allocate" free="0" total="40763392" percent="0" />
      <mem type="survivor" free="0" total="10223616" percent="0" />
    </mem>
    <mem type="tenure" free="21080048" total="70189056" percent="30">
      <mem type="soa" free="17569776" total="66678784" percent="26" />
      <mem type="loa" free="3510272" total="3510272" percent="100" />
    </mem>
    <remembered-set count="3170" />
  </mem-info>
</gc-start>
<allocation-stats totalBytes="38224768" discardedBytes="91032" >
  <allocated-bytes non-tlh="476192" tlh="37748576" />
  <largest-consumer threadName="Default Executor-thread-6" threadId="000000000085E100" bytes="8504784" />
</allocation-stats>
<gc-op id="1800" type="scavenge" timems="4.550" contextid="1797" timestamp="2025-12-15T22:48:05.961">
  <scavenger-info tenureage="7" tenuremask="7f80" tiltratio="79" />
  <memory-copied type="nursery" objects="59974" bytes="6604384" bytesdiscarded="278184" />
  <finalization candidates="666" enqueued="663" />
  <ownableSynchronizers candidates="17314" cleared="17279" />
  <references type="soft" candidates="2" cleared="0" enqueued="0" dynamicThreshold="9" maxThreshold="32" />
  <references type="weak" candidates="70" cleared="40" enqueued="40" />
  <references type="phantom" candidates="69" cleared="8" enqueued="8" />
  <object-monitors candidates="89" cleared="0"  />
</gc-op>
<gc-end id="1801" type="scavenge" contextid="1797" durationms="7.003" usertimems="20.172" systemtimems="0.000" stalltimems="16.730" timestamp="2025-12-15T22:48:05.963" activeThreads="8">
  <mem-info id="1802" free="54890952" total="121176064" percent="45">
    <mem type="nursery" free="33810904" total="50987008" percent="66">
      <mem type="allocate" free="33810904" total="40697856" percent="83" />
      <mem type="survivor" free="0" total="10289152" percent="0" />
    </mem>
    <mem type="tenure" free="21080048" total="70189056" percent="30">
      <mem type="soa" free="17569776" total="66678784" percent="26" />
      <mem type="loa" free="3510272" total="3510272" percent="100" />
    </mem>
    <pending-finalizers system="0" default="663" reference="48" classloader="0" />
    <remembered-set count="2927" />
  </mem-info>
</gc-end>
<cycle-end id="1803" type="scavenge" contextid="1797" timestamp="2025-12-15T22:48:05.964" />
<allocation-satisfied id="1804" threadId="000000000085E100" bytesRequested="27440" />
<af-end id="1805" timestamp="2025-12-15T22:48:05.965" threadId="000000000085EB78" success="true" from="nursery"/>
<exclusive-end id="1806" timestamp="2025-12-15T22:48:05.966" durationms="12.251" />

<exclusive-start id="1807" timestamp="2025-12-15T22:48:05.996" intervalms="42.707">
  <response-info timems="0.095" idlems="0.078" threads="3" lastid="000000000085D500" lastname="Default Executor-thread-5" />
</exclusive-start>
<af-start id="1808" threadId="000000000085C678" totalBytesRequested="16" timestamp="2025-12-15T22:48:05.997" intervalms="42.888" type="nursery" />
<cycle-start id="1809" type="scavenge" contextid="0" timestamp="2025-12-15T22:48:05.998" intervalms="43.007" />
<gc-start id="1810" type="scavenge" contextid="1809" timestamp="2025-12-15T22:48:05.999">
  <mem-info id="1811" free="21080048" total="121176064" percent="17">
    <mem type="nursery" free="0" total="50987008" percent="0">
      <mem type="allocate" free="0" total="40697856" percent="0" />
      <mem type="survivor" free="0" total="10289152" percent="0" />
    </mem>
    <mem type="tenure" free="21080048" total="70189056" percent="30">
      <mem type="soa" free="17569776" total="66678784" percent="26" />
      <mem type="loa" free="3510272" total="3510272" percent="100" />
    </mem>
    <remembered-set count="3022" />
  </mem-info>
</gc-start>
<allocation-stats totalBytes="33665896" discardedBytes="145008" >
  <allocated-bytes non-tlh="27440" tlh="33638456" />
  <largest-consumer threadName="ClassloaderMapProcessingThread-9" threadId="00000000014AC000" bytes="8200528" />
</allocation-stats>
<gc-op id="1812" type="scavenge" timems="5.787" contextid="1809" timestamp="2025-12-15T22:48:06.006">
  <scavenger-info tenureage="7" tenuremask="7f80" tiltratio="79" />
  <memory-copied type="nursery" objects="63405" bytes="6658040" bytesdiscarded="345552" />
  <finalization candidates="564" enqueued="561" />
  <ownableSynchronizers candidates="35" cleared="0" />
  <references type="soft" candidates="2" cleared="0" enqueued="0" dynamicThreshold="9" maxThreshold="32" />
  <references type="weak" candidates="46" cleared="15" enqueued="15" />
  <references type="phantom" candidates="68" cleared="0" enqueued="0" />
  <object-monitors candidates="89" cleared="0"  />
</gc-op>
<heap-resize id="1813" type="expand" space="nursery" amount="4980736" count="1" timems="0.059" reason="excessive time being spent scavenging" timestamp="2025-12-15T22:48:06.006" />
<gc-end id="1814" type="scavenge" contextid="1809" durationms="8.590" usertimems="14.015" systemtimems="6.933" stalltimems="21.406" timestamp="2025-12-15T22:48:06.007" activeThreads="7">
  <mem-info id="1815" free="60474472" total="126156800" percent="47">
    <mem type="nursery" free="39394424" total="55967744" percent="70">
      <mem type="allocate" free="39394424" total="46399488" percent="84" />
      <mem type="survivor" free="0" total="9568256" percent="0" />
    </mem>
    <mem type="tenure" free="21080048" total="70189056" percent="30">
      <mem type="soa" free="17569776" total="66678784" percent="26" />
      <mem type="loa" free="3510272" total="3510272" percent="100" />
    </mem>
    <pending-finalizers system="0" default="561" reference="15" classloader="0" />
    <remembered-set count="2929" />
  </mem-info>
</gc-end>
<cycle-end id="1816" type="scavenge" contextid="1809" timestamp="2025-12-15T22:48:06.008" />
<allocation-satisfied id="1817" threadId="000000000085BC00" bytesRequested="16" />
<af-end id="1818" timestamp="2025-12-15T22:48:06.010" threadId="000000000085C678" success="true" from="nursery"/>
<exclusive-end id="1819" timestamp="2025-12-15T22:48:06.011" durationms="15.203" />

<exclusive-start id="1820" timestamp="2025-12-15T22:48:06.055" intervalms="58.881">
  <response-info timems="0.064" idlems="0.059" threads="1" lastid="000000000085D500" lastname="Default Executor-thread-5" />
</exclusive-start>
<af-start id="1821" threadId="000000000085C678" totalBytesRequested="61656" timestamp="2025-12-15T22:48:06.056" intervalms="58.802" type="nursery" />
<cycle-start id="1822" type="scavenge" contextid="0" timestamp="2025-12-15T22:48:06.057" intervalms="58.872" />
<gc-start id="1823" type="scavenge" contextid="1822" timestamp="2025-12-15T22:48:06.058">
  <mem-info id="1824" free="21069040" total="126156800" percent="16">
    <mem type="nursery" free="0" total="55967744" percent="0">
      <mem type="allocate" free="0" total="46399488" percent="0" />
      <mem type="survivor" free="0" total="9568256" percent="0" />
    </mem>
    <mem type="tenure" free="21069040" total="70189056" percent="30">
      <mem type="soa" free="17558768" total="66678784" percent="26" />
      <mem type="loa" free="3510272" total="3510272" percent="100" />
    </mem>
    <remembered-set count="3359" />
  </mem-info>
</gc-start>
<allocation-stats totalBytes="39344888" discardedBytes="53152" >
  <allocated-bytes non-tlh="295352" tlh="39049536" />
  <largest-consumer threadName="Default Executor-thread-3" threadId="000000000085F900" bytes="12312176" />
</allocation-stats>
<gc-op id="1825" type="scavenge" timems="5.552" contextid="1822" timestamp="2025-12-15T22:48:06.064">
  <scavenger-info tenureage="7" tenuremask="7f80" tiltratio="82" />
  <memory-copied type="nursery" objects="62798" bytes="9205152" bytesdiscarded="358072" />
  <memory-copied type="tenure" objects="1" bytes="49728" bytesdiscarded="0" />
  <copy-failed type="nursery" objects="1" bytes="49728" />
  <finalization candidates="1165" enqueued="1162" />
  <ownableSynchronizers candidates="38" cleared="5" />
  <references type="soft" candidates="2" cleared="0" enqueued="0" dynamicThreshold="9" maxThreshold="32" />
  <references type="weak" candidates="92" cleared="44" enqueued="44" />
  <references type="phantom" candidates="130" cleared="14" enqueued="14" />
  <object-monitors candidates="89" cleared="0"  />
</gc-op>
<heap-resize id="1826" type="expand" space="nursery" amount="3407872" count="1" timems="0.050" reason="excessive time being spent scavenging" timestamp="2025-12-15T22:48:06.065" />
<gc-end id="1827" type="scavenge" contextid="1822" durationms="8.203" usertimems="20.625" systemtimems="0.000" stalltimems="12.567" timestamp="2025-12-15T22:48:06.066" activeThreads="6">
  <mem-info id="1828" free="55163568" total="129564672" percent="42">
    <mem type="nursery" free="34144256" total="59375616" percent="57">
      <mem type="allocate" free="34144256" total="43712512" percent="78" />
      <mem type="survivor" free="0" total="15663104" percent="0" />
    </mem>
    <mem type="tenure" free="21019312" total="70189056" percent="29">
      <mem type="soa" free="17509040" total="66678784" percent="26" />
      <mem type="loa" free="3510272" total="3510272" percent="100" />
    </mem>
    <pending-finalizers system="6" default="1156" reference="58" classloader="0" />
    <remembered-set count="3069" />
  </mem-info>
</gc-end>
<cycle-end id="1829" type="scavenge" contextid="1822" timestamp="2025-12-15T22:48:06.067" />
<allocation-satisfied id="1830" threadId="000000000085BC00" bytesRequested="61656" />
<af-end id="1831" timestamp="2025-12-15T22:48:06.068" threadId="000000000085C678" success="true" from="nursery"/>
<exclusive-end id="1832" timestamp="2025-12-15T22:48:06.068" durationms="13.034" />

<exclusive-start id="1833" timestamp="2025-12-15T22:48:06.119" intervalms="64.069">
  <response-info timems="0.057" idlems="0.057" threads="0" lastid="000000000085C800" lastname="Default Executor-thread-4" />
</exclusive-start>
<af-start id="1834" threadId="000000000085D278" totalBytesRequested="32776" timestamp="2025-12-15T22:48:06.120" intervalms="63.946" type="nursery" />
<cycle-start id="1835" type="scavenge" contextid="0" timestamp="2025-12-15T22:48:06.120" intervalms="63.672" />
<gc-start id="1836" type="scavenge" contextid="1835" timestamp="2025-12-15T22:48:06.121">
  <mem-info id="1837" free="20972384" total="129564672" percent="16">
    <mem type="nursery" free="0" total="59375616" percent="0">
      <mem type="allocate" free="0" total="43712512" percent="0" />
      <mem type="survivor" free="0" total="15663104" percent="0" />
    </mem>
    <mem type="tenure" free="20972384" total="70189056" percent="29">
      <mem type="soa" free="17462112" total="66678784" percent="26" />
      <mem type="loa" free="3510272" total="3510272" percent="100" />
    </mem>
    <remembered-set count="3602" />
  </mem-info>
</gc-start>
<allocation-stats totalBytes="34050240" discardedBytes="117128" >
  <allocated-bytes non-tlh="143752" tlh="33906488" />
  <largest-consumer threadName="Default Executor-thread-3" threadId="000000000085F900" bytes="13941712" />
</allocation-stats>
<gc-op id="1838" type="scavenge" timems="8.124" contextid="1835" timestamp="2025-12-15T22:48:06.130">
  <scavenger-info tenureage="6" tenuremask="7fc0" tiltratio="73" />
  <memory-copied type="nursery" objects="69376" bytes="9878112" bytesdiscarded="239576" />
  <memory-copied type="tenure" objects="7439" bytes="360616" bytesdiscarded="1416" />
  <finalization candidates="1158" enqueued="1157" />
  <ownableSynchronizers candidates="35" cleared="2" />
  <references type="soft" candidates="8" cleared="0" enqueued="0" dynamicThreshold="9" maxThreshold="32" />
  <references type="weak" candidates="192" cleared="135" enqueued="135" />
  <references type="phantom" candidates="126" cleared="4" enqueued="4" />
  <object-monitors candidates="89" cleared="0"  />
</gc-op>
<heap-resize id="1839" type="expand" space="nursery" amount="4194304" count="1" timems="0.044" reason="excessive time being spent scavenging" timestamp="2025-12-15T22:48:06.131" />
<gc-end id="1840" type="scavenge" contextid="1835" durationms="10.658" usertimems="18.929" systemtimems="11.816" stalltimems="12.353" timestamp="2025-12-15T22:48:06.132" activeThreads="6">
  <mem-info id="1841" free="59514656" total="133758976" percent="44">
    <mem type="nursery" free="39098248" total="63569920" percent="61">
      <mem type="allocate" free="39098248" total="49217536" percent="79" />
      <mem type="survivor" free="0" total="14352384" percent="0" />
    </mem>
    <mem type="tenure" free="20416408" total="70189056" percent="29">
      <mem type="soa" free="16906136" total="66678784" percent="25" />
      <mem type="loa" free="3510272" total="3510272" percent="100" />
    </mem>
    <pending-finalizers system="10" default="1147" reference="139" classloader="0" />
    <remembered-set count="3060" />
  </mem-info>
</gc-end>
<cycle-end id="1842" type="scavenge" contextid="1835" timestamp="2025-12-15T22:48:06.133" />
<allocation-satisfied id="1843" threadId="000000000085C800" bytesRequested="32776" />
<af-end id="1844" timestamp="2025-12-15T22:48:06.134" threadId="000000000085D278" success="true" from="nursery"/>
<exclusive-end id="1845" timestamp="2025-12-15T22:48:06.135" durationms="15.584" />

<exclusive-start id="1846" timestamp="2025-12-15T22:48:06.204" intervalms="85.152">
  <response-info timems="0.061" idlems="0.061" threads="0" lastid="000000000085C800" lastname="Default Executor-thread-4" />
</exclusive-start>
<af-start id="1847" threadId="000000000085D278" totalBytesRequested="520" timestamp="2025-12-15T22:48:06.205" intervalms="85.209" type="nursery" />
<cycle-start id="1848" type="scavenge" contextid="0" timestamp="2025-12-15T22:48:06.206" intervalms="85.404" />
<gc-start id="1849" type="scavenge" contextid="1848" timestamp="2025-12-15T22:48:06.207">
  <mem-info id="1850" free="20396256" total="133758976" percent="15">
    <mem type="nursery" free="0" total="63569920" percent="0">
      <mem type="allocate" free="0" total="49217536" percent="0" />
      <mem type="survivor" free="0" total="14352384" percent="0" />
    </mem>
    <mem type="tenure" free="20396256" total="70189056" percent="29">
      <mem type="soa" free="16885984" total="66678784" percent="25" />
      <mem type="loa" free="3510272" total="3510272" percent="100" />
    </mem>
    <remembered-set count="3905" />
  </mem-info>
</gc-start>
<allocation-stats totalBytes="39110472" discardedBytes="7928" >
  <allocated-bytes non-tlh="52928" tlh="39057544" />
  <largest-consumer threadName="Default Executor-thread-3" threadId="000000000085F900" bytes="12030952" />
</allocation-stats>
<gc-op id="1851" type="scavenge" timems="6.547" contextid="1848" timestamp="2025-12-15T22:48:06.214">
  <scavenger-info tenureage="7" tenuremask="7f80" tiltratio="77" />
  <memory-copied type="nursery" objects="124537" bytes="8859280" bytesdiscarded="243104" />
  <finalization candidates="173" enqueued="172" />
  <ownableSynchronizers candidates="107" cleared="56" />
  <references type="soft" candidates="85" cleared="0" enqueued="0" dynamicThreshold="9" maxThreshold="32" />
  <references type="weak" candidates="316" cleared="182" enqueued="177" />
  <references type="phantom" candidates="178" cleared="41" enqueued="41" />
  <object-monitors candidates="94" cleared="4"  />
</gc-op>
<heap-resize id="1852" type="expand" space="nursery" amount="2883584" count="1" timems="0.058" reason="excessive time being spent scavenging" timestamp="2025-12-15T22:48:06.215" />
<gc-end id="1853" type="scavenge" contextid="1848" durationms="9.097" usertimems="28.243" systemtimems="3.996" stalltimems="15.048" timestamp="2025-12-15T22:48:06.216" activeThreads="7">
  <mem-info id="1854" free="63982488" total="136642560" percent="46">
    <mem type="nursery" free="43586232" total="66453504" percent="65">
      <mem type="allocate" free="43586232" total="52690944" percent="82" />
      <mem type="survivor" free="0" total="13762560" percent="0" />
    </mem>
    <mem type="tenure" free="20396256" total="70189056" percent="29">
      <mem type="soa" free="16885984" total="66678784" percent="25" />
      <mem type="loa" free="3510272" total="3510272" percent="100" />
    </mem>
    <pending-finalizers system="58" default="114" reference="218" classloader="0" />
    <remembered-set count="3594" />
  </mem-info>
</gc-end>
<cycle-end id="1855" type="scavenge" contextid="1848" timestamp="2025-12-15T22:48:06.216" />
<allocation-satisfied id="1856" threadId="000000000085C800" bytesRequested="520" />
<af-end id="1857" timestamp="2025-12-15T22:48:06.217" threadId="000000000085D278" success="true" from="nursery"/>
<exclusive-end id="1858" timestamp="2025-12-15T22:48:06.218" durationms="13.563" />

<exclusive-start id="1859" timestamp="2025-12-15T22:48:06.264" intervalms="59.584">
  <response-info timems="0.065" idlems="0.065" threads="0" lastid="000000000085C800" lastname="Default Executor-thread-4" />
</exclusive-start>
<af-start id="1860" threadId="000000000085D278" totalBytesRequested="160" timestamp="2025-12-15T22:48:06.264" intervalms="59.542" type="nursery" />
<cycle-start id="1861" type="scavenge" contextid="0" timestamp="2025-12-15T22:48:06.265" intervalms="59.223" />
<gc-start id="1862" type="scavenge" contextid="1861" timestamp="2025-12-15T22:48:06.266">
  <mem-info id="1863" free="20396048" total="136642560" percent="14">
    <mem type="nursery" free="0" total="66453504" percent="0">
      <mem type="allocate" free="0" total="52690944" percent="0" />
      <mem type="survivor" free="0" total="13762560" percent="0" />
    </mem>
    <mem type="tenure" free="20396048" total="70189056" percent="29">
      <mem type="soa" free="16885776" total="66678784" percent="25" />
      <mem type="loa" free="3510272" total="3510272" percent="100" />
    </mem>
    <remembered-set count="3698" />
  </mem-info>
</gc-start>
<allocation-stats totalBytes="43553976" discardedBytes="32464" >
  <allocated-bytes non-tlh="728" tlh="43553248" />
  <largest-consumer threadName="Default Executor-thread-3" threadId="000000000085F900" bytes="16682832" />
</allocation-stats>
<gc-op id="1864" type="scavenge" timems="10.003" contextid="1861" timestamp="2025-12-15T22:48:06.277">
  <scavenger-info tenureage="3" tenuremask="7f88" tiltratio="79" />
  <memory-copied type="nursery" objects="150248" bytes="13441872" bytesdiscarded="318336" />
  <memory-copied type="tenure" objects="22201" bytes="2312128" bytesdiscarded="7704" />
  <copy-failed type="nursery" objects="336" bytes="228632" />
  <finalization candidates="1214" enqueued="1212" />
  <ownableSynchronizers candidates="73" cleared="29" />
  <references type="soft" candidates="83" cleared="0" enqueued="0" dynamicThreshold="9" maxThreshold="32" />
  <references type="weak" candidates="109" cleared="9" enqueued="9" />
  <references type="phantom" candidates="96" cleared="0" enqueued="0" />
  <object-monitors candidates="90" cleared="0"  />
</gc-op>
<heap-resize id="1865" type="expand" space="nursery" amount="6029312" count="1" timems="0.046" reason="excessive time being spent scavenging" timestamp="2025-12-15T22:48:06.278" />
<gc-end id="1866" type="scavenge" contextid="1861" durationms="12.130" usertimems="44.781" systemtimems="8.656" stalltimems="18.256" timestamp="2025-12-15T22:48:06.278" activeThreads="7">
  <mem-info id="1867" free="51591984" total="142671872" percent="36">
    <mem type="nursery" free="33685504" total="72482816" percent="46">
      <mem type="allocate" free="33685504" total="47448064" percent="70" />
      <mem type="survivor" free="0" total="25034752" percent="0" />
    </mem>
    <mem type="tenure" free="17906480" total="70189056" percent="25">
      <mem type="soa" free="14396208" total="66678784" percent="21" />
      <mem type="loa" free="3510272" total="3510272" percent="100" />
    </mem>
    <pending-finalizers system="0" default="1212" reference="9" classloader="0" />
    <remembered-set count="6678" />
  </mem-info>
</gc-end>
<cycle-end id="1868" type="scavenge" contextid="1861" timestamp="2025-12-15T22:48:06.279" />
<allocation-satisfied id="1869" threadId="000000000085C800" bytesRequested="160" />
<af-end id="1870" timestamp="2025-12-15T22:48:06.280" threadId="000000000085D278" success="true" from="nursery"/>
<exclusive-end id="1871" timestamp="2025-12-15T22:48:06.281" durationms="16.756" />

<exclusive-start id="1872" timestamp="2025-12-15T22:48:06.314" intervalms="50.305">
  <response-info timems="0.750" idlems="0.545" threads="2" lastid="000000000004BA00" lastname="IProfiler" />
</exclusive-start>
<af-start id="1873" threadId="000000000085D278" totalBytesRequested="5216" timestamp="2025-12-15T22:48:06.315" intervalms="50.347" type="nursery" />
<cycle-start id="1874" type="scavenge" contextid="0" timestamp="2025-12-15T22:48:06.315" intervalms="50.460" />
<gc-start id="1875" type="scavenge" contextid="1874" timestamp="2025-12-15T22:48:06.316">
  <mem-info id="1876" free="17906408" total="142671872" percent="12">
    <mem type="nursery" free="0" total="72482816" percent="0">
      <mem type="allocate" free="0" total="47448064" percent="0" />
      <mem type="survivor" free="0" total="25034752" percent="0" />
    </mem>
    <mem type="tenure" free="17906408" total="70189056" percent="25">
      <mem type="soa" free="14396136" total="66678784" percent="21" />
      <mem type="loa" free="3510272" total="3510272" percent="100" />
    </mem>
    <remembered-set count="6762" />
  </mem-info>
</gc-start>
<allocation-stats totalBytes="33620304" discardedBytes="65272" >
  <allocated-bytes non-tlh="163904" tlh="33456400" />
  <largest-consumer threadName="Default Executor-thread-3" threadId="000000000085F900" bytes="11105512" />
</allocation-stats>
<gc-op id="1877" type="scavenge" timems="7.693" contextid="1874" timestamp="2025-12-15T22:48:06.325">
  <scavenger-info tenureage="6" tenuremask="7fc0" tiltratio="65" />
  <memory-copied type="nursery" objects="140179" bytes="12359704" bytesdiscarded="380032" />
  <memory-copied type="tenure" objects="13174" bytes="1214720" bytesdiscarded="928" />
  <finalization candidates="805" enqueued="801" />
  <ownableSynchronizers candidates="75" cleared="32" />
  <references type="soft" candidates="83" cleared="0" enqueued="0" dynamicThreshold="9" maxThreshold="32" />
  <references type="weak" candidates="115" cleared="16" enqueued="16" />
  <references type="phantom" candidates="56" cleared="0" enqueued="0" />
  <object-monitors candidates="90" cleared="0"  />
</gc-op>
<heap-resize id="1878" type="expand" space="nursery" amount="6815744" count="1" timems="0.045" reason="excessive time being spent scavenging" timestamp="2025-12-15T22:48:06.326" />
<gc-end id="1879" type="scavenge" contextid="1874" durationms="10.185" usertimems="43.258" systemtimems="0.192" stalltimems="19.423" timestamp="2025-12-15T22:48:06.326" activeThreads="8">
  <mem-info id="1880" free="59073896" total="149487616" percent="39">
    <mem type="nursery" free="42701352" total="79298560" percent="53">
      <mem type="allocate" free="42701352" total="55443456" percent="77" />
      <mem type="survivor" free="0" total="23855104" percent="0" />
    </mem>
    <mem type="tenure" free="16372544" total="70189056" percent="23">
      <mem type="soa" free="12862272" total="66678784" percent="19" />
      <mem type="loa" free="3510272" total="3510272" percent="100" />
    </mem>
    <pending-finalizers system="0" default="801" reference="16" classloader="0" />
    <remembered-set count="4719" />
  </mem-info>
</gc-end>
<cycle-end id="1881" type="scavenge" contextid="1874" timestamp="2025-12-15T22:48:06.327" />
<allocation-satisfied id="1882" threadId="000000000085C800" bytesRequested="5216" />
<af-end id="1883" timestamp="2025-12-15T22:48:06.328" threadId="000000000085D278" success="true" from="nursery"/>
<exclusive-end id="1884" timestamp="2025-12-15T22:48:06.329" durationms="14.591" />

<exclusive-start id="1885" timestamp="2025-12-15T22:48:06.362" intervalms="47.369">
  <response-info timems="0.186" idlems="0.117" threads="1" lastid="000000000004BA00" lastname="IProfiler" />
</exclusive-start>
<af-start id="1886" threadId="000000000085C678" totalBytesRequested="24" timestamp="2025-12-15T22:48:06.362" intervalms="47.365" type="nursery" />
<cycle-start id="1887" type="scavenge" contextid="0" timestamp="2025-12-15T22:48:06.363" intervalms="47.426" />
<gc-start id="1888" type="scavenge" contextid="1887" timestamp="2025-12-15T22:48:06.364">
  <mem-info id="1889" free="16372544" total="149487616" percent="10">
    <mem type="nursery" free="0" total="79298560" percent="0">
      <mem type="allocate" free="0" total="55443456" percent="0" />
      <mem type="survivor" free="0" total="23855104" percent="0" />
    </mem>
    <mem type="tenure" free="16372544" total="70189056" percent="23">
      <mem type="soa" free="12862272" total="66678784" percent="19" />
      <mem type="loa" free="3510272" total="3510272" percent="100" />
    </mem>
    <remembered-set count="4851" />
  </mem-info>
</gc-start>
<allocation-stats totalBytes="42673856" discardedBytes="27496" >
  <allocated-bytes non-tlh="210048" tlh="42463808" />
  <largest-consumer threadName="Default Executor-thread-6" threadId="000000000085E100" bytes="11604552" />
</allocation-stats>
<gc-op id="1890" type="scavenge" timems="21.460" contextid="1887" timestamp="2025-12-15T22:48:06.386">
  <scavenger-info tenureage="3" tenuremask="7f98" tiltratio="69" />
  <memory-copied type="nursery" objects="85158" bytes="9422488" bytesdiscarded="383728" />
  <memory-copied type="tenure" objects="81459" bytes="4720392" bytesdiscarded="2440" />
  <finalization candidates="865" enqueued="861" />
  <ownableSynchronizers candidates="57" cleared="8" />
  <references type="weak" candidates="31" cleared="9" enqueued="9" />
  <references type="phantom" candidates="31" cleared="0" enqueued="0" />
  <object-monitors candidates="90" cleared="0"  />
</gc-op>
<heap-resize id="1891" type="expand" space="nursery" amount="14680064" count="1" timems="0.040" reason="excessive time being spent scavenging" timestamp="2025-12-15T22:48:06.387" />
<gc-end id="1892" type="scavenge" contextid="1887" durationms="23.978" usertimems="55.399" systemtimems="32.750" stalltimems="14.804" timestamp="2025-12-15T22:48:06.388" activeThreads="8">
  <mem-info id="1893" free="71457920" total="164167680" percent="43">
    <mem type="nursery" free="60053600" total="93978624" percent="63">
      <mem type="allocate" free="60053600" total="69861376" percent="85" />
      <mem type="survivor" free="0" total="24117248" percent="0" />
    </mem>
    <mem type="tenure" free="11404320" total="70189056" percent="16">
      <mem type="soa" free="7894048" total="66678784" percent="11" />
      <mem type="loa" free="3510272" total="3510272" percent="100" />
    </mem>
    <pending-finalizers system="0" default="861" reference="9" classloader="0" />
    <remembered-set count="2549" />
  </mem-info>
</gc-end>
<cycle-end id="1894" type="scavenge" contextid="1887" timestamp="2025-12-15T22:48:06.390" />
<allocation-satisfied id="1895" threadId="000000000085BC00" bytesRequested="24" />
<af-end id="1896" timestamp="2025-12-15T22:48:06.391" threadId="000000000085C678" success="true" from="nursery"/>
<exclusive-end id="1897" timestamp="2025-12-15T22:48:06.391" durationms="29.661" />

<exclusive-start id="1898" timestamp="2025-12-15T22:48:06.464" intervalms="102.777">
  <response-info timems="0.052" idlems="0.048" threads="2" lastid="000000000085E100" lastname="Default Executor-thread-6" />
</exclusive-start>
<af-start id="1899" threadId="0000000000860378" totalBytesRequested="1952" timestamp="2025-12-15T22:48:06.465" intervalms="102.752" type="nursery" />
<cycle-start id="1900" type="scavenge" contextid="0" timestamp="2025-12-15T22:48:06.466" intervalms="102.751" />
<gc-start id="1901" type="scavenge" contextid="1900" timestamp="2025-12-15T22:48:06.466">
  <mem-info id="1902" free="11403960" total="164167680" percent="6">
    <mem type="nursery" free="0" total="93978624" percent="0">
      <mem type="allocate" free="0" total="69861376" percent="0" />
      <mem type="survivor" free="0" total="24117248" percent="0" />
    </mem>
    <mem type="tenure" free="11403960" total="70189056" percent="16">
      <mem type="soa" free="7893688" total="66678784" percent="11" />
      <mem type="loa" free="3510272" total="3510272" percent="100" />
    </mem>
    <remembered-set count="2943" />
  </mem-info>
</gc-start>
<allocation-stats totalBytes="59930496" discardedBytes="123464" >
  <allocated-bytes non-tlh="26808" tlh="59903688" />
  <largest-consumer threadName="Default Executor-thread-4" threadId="000000000085C800" bytes="16572528" />
</allocation-stats>
<gc-op id="1903" type="scavenge" timems="8.822" contextid="1900" timestamp="2025-12-15T22:48:06.476">
  <scavenger-info tenureage="7" tenuremask="7f80" tiltratio="74" />
  <memory-copied type="nursery" objects="95577" bytes="10679632" bytesdiscarded="498992" />
  <memory-copied type="tenure" objects="4765" bytes="227368" bytesdiscarded="1448" />
  <finalization candidates="1566" enqueued="1564" />
  <ownableSynchronizers candidates="49" cleared="14" />
  <references type="weak" candidates="99" cleared="64" enqueued="64" />
  <references type="phantom" candidates="37" cleared="0" enqueued="0" />
  <object-monitors candidates="90" cleared="0"  />
</gc-op>
<heap-resize id="1904" type="expand" space="nursery" amount="4849664" count="1" timems="0.047" reason="excessive time being spent scavenging" timestamp="2025-12-15T22:48:06.477" />
<gc-end id="1905" type="scavenge" contextid="1900" durationms="10.984" usertimems="34.932" systemtimems="12.881" stalltimems="62.264" timestamp="2025-12-15T22:48:06.477" activeThreads="13">
  <mem-info id="1906" free="78138568" total="169017344" percent="46">
    <mem type="nursery" free="67331360" total="98828288" percent="68">
      <mem type="allocate" free="67331360" total="78512128" percent="85" />
      <mem type="survivor" free="0" total="20316160" percent="0" />
    </mem>
    <mem type="tenure" free="10807208" total="70189056" percent="15">
      <mem type="soa" free="7296936" total="66678784" percent="10" />
      <mem type="loa" free="3510272" total="3510272" percent="100" />
    </mem>
    <pending-finalizers system="0" default="1564" reference="64" classloader="0" />
    <remembered-set count="1349" />
  </mem-info>
</gc-end>
<cycle-end id="1907" type="scavenge" contextid="1900" timestamp="2025-12-15T22:48:06.478" />
<allocation-satisfied id="1908" threadId="000000000085F900" bytesRequested="1952" />
<af-end id="1909" timestamp="2025-12-15T22:48:06.479" threadId="0000000000860378" success="true" from="nursery"/>
<exclusive-end id="1910" timestamp="2025-12-15T22:48:06.479" durationms="15.097" />

<exclusive-start id="1911" timestamp="2025-12-15T22:48:06.550" intervalms="85.777">
  <response-info timems="0.055" idlems="0.043" threads="1" lastid="000000000085C800" lastname="Default Executor-thread-4" />
</exclusive-start>
<af-start id="1912" threadId="000000000085DF78" totalBytesRequested="8200" timestamp="2025-12-15T22:48:06.551" intervalms="85.882" type="nursery" />
<cycle-start id="1913" type="scavenge" contextid="0" timestamp="2025-12-15T22:48:06.551" intervalms="85.858" />
<gc-start id="1914" type="scavenge" contextid="1913" timestamp="2025-12-15T22:48:06.552">
  <mem-info id="1915" free="10805040" total="169017344" percent="6">
    <mem type="nursery" free="0" total="98828288" percent="0">
      <mem type="allocate" free="0" total="78512128" percent="0" />
      <mem type="survivor" free="0" total="20316160" percent="0" />
    </mem>
    <mem type="tenure" free="10805040" total="70189056" percent="15">
      <mem type="soa" free="7294768" total="66678784" percent="10" />
      <mem type="loa" free="3510272" total="3510272" percent="100" />
    </mem>
    <remembered-set count="1796" />
  </mem-info>
</gc-start>
<allocation-stats totalBytes="67309264" discardedBytes="24264" >
  <allocated-bytes non-tlh="4120" tlh="67305144" />
  <largest-consumer threadName="Default Executor-thread-3" threadId="000000000085F900" bytes="18351240" />
</allocation-stats>
<gc-op id="1916" type="scavenge" timems="13.604" contextid="1913" timestamp="2025-12-15T22:48:06.567">
  <scavenger-info tenureage="7" tenuremask="7f80" tiltratio="79" />
  <memory-copied type="nursery" objects="126235" bytes="9425664" bytesdiscarded="416848" />
  <finalization candidates="1057" enqueued="1031" />
  <ownableSynchronizers candidates="35" cleared="0" />
  <references type="soft" candidates="6" cleared="0" enqueued="0" dynamicThreshold="9" maxThreshold="32" />
  <references type="weak" candidates="148" cleared="108" enqueued="108" />
  <references type="phantom" candidates="159" cleared="46" enqueued="46" />
  <object-monitors candidates="90" cleared="0"  />
</gc-op>
<heap-resize id="1917" type="expand" space="nursery" amount="7733248" count="1" timems="0.042" reason="excessive time being spent scavenging" timestamp="2025-12-15T22:48:06.567" />
<gc-end id="1918" type="scavenge" contextid="1913" durationms="16.061" usertimems="28.442" systemtimems="28.494" stalltimems="53.203" timestamp="2025-12-15T22:48:06.568" activeThreads="11">
  <mem-info id="1919" free="87912176" total="176750592" percent="49">
    <mem type="nursery" free="77107136" total="106561536" percent="72">
      <mem type="allocate" free="77107136" total="86966272" percent="88" />
      <mem type="survivor" free="0" total="19595264" percent="0" />
    </mem>
    <mem type="tenure" free="10805040" total="70189056" percent="15">
      <mem type="soa" free="7294768" total="66678784" percent="10" />
      <mem type="loa" free="3510272" total="3510272" percent="100" />
    </mem>
    <pending-finalizers system="0" default="1031" reference="154" classloader="0" />
    <remembered-set count="1593" />
  </mem-info>
</gc-end>
<cycle-end id="1920" type="scavenge" contextid="1913" timestamp="2025-12-15T22:48:06.569" />
<allocation-satisfied id="1921" threadId="000000000085D500" bytesRequested="8200" />
<af-end id="1922" timestamp="2025-12-15T22:48:06.570" threadId="000000000085DF78" success="true" from="nursery"/>
<exclusive-end id="1923" timestamp="2025-12-15T22:48:06.571" durationms="20.720" />

<exclusive-start id="1924" timestamp="2025-12-15T22:48:06.731" intervalms="180.764">
  <response-info timems="13.156" idlems="4.451" threads="2" lastid="000000000085E100" lastname="Default Executor-thread-6" />
</exclusive-start>
<af-start id="1925" threadId="000000000085DF78" totalBytesRequested="8200" timestamp="2025-12-15T22:48:06.731" intervalms="180.565" type="nursery" />
<cycle-start id="1926" type="scavenge" contextid="0" timestamp="2025-12-15T22:48:06.732" intervalms="180.598" />
<gc-start id="1927" type="scavenge" contextid="1926" timestamp="2025-12-15T22:48:06.733">
  <mem-info id="1928" free="10788040" total="176750592" percent="6">
    <mem type="nursery" free="0" total="106561536" percent="0">
      <mem type="allocate" free="0" total="86966272" percent="0" />
      <mem type="survivor" free="0" total="19595264" percent="0" />
    </mem>
    <mem type="tenure" free="10788040" total="70189056" percent="15">
      <mem type="soa" free="7277768" total="66678784" percent="10" />
      <mem type="loa" free="3510272" total="3510272" percent="100" />
    </mem>
    <remembered-set count="2300" />
  </mem-info>
</gc-start>
<allocation-stats totalBytes="77068672" discardedBytes="55464" >
  <allocated-bytes non-tlh="704288" tlh="76364384" />
  <largest-consumer threadName="Default Executor-thread-3" threadId="000000000085F900" bytes="22261864" />
</allocation-stats>
<gc-op id="1929" type="scavenge" timems="7.567" contextid="1926" timestamp="2025-12-15T22:48:06.742">
  <scavenger-info tenureage="7" tenuremask="7f80" tiltratio="81" />
  <memory-copied type="nursery" objects="159366" bytes="7572040" bytesdiscarded="122040" />
  <finalization candidates="292" enqueued="234" />
  <ownableSynchronizers candidates="57" cleared="15" />
  <references type="soft" candidates="125" cleared="0" enqueued="0" dynamicThreshold="9" maxThreshold="32" />
  <references type="weak" candidates="295" cleared="248" enqueued="248" />
  <references type="phantom" candidates="106" cleared="64" enqueued="64" />
  <object-monitors candidates="95" cleared="5"  />
</gc-op>
<gc-end id="1930" type="scavenge" contextid="1926" durationms="9.573" usertimems="19.422" systemtimems="23.025" stalltimems="46.165" timestamp="2025-12-15T22:48:06.743" activeThreads="12">
  <mem-info id="1931" free="92799768" total="176750592" percent="52">
    <mem type="nursery" free="82011728" total="106561536" percent="76">
      <mem type="allocate" free="82011728" total="89718784" percent="91" />
      <mem type="survivor" free="0" total="16842752" percent="0" />
    </mem>
    <mem type="tenure" free="10788040" total="70189056" percent="15">
      <mem type="soa" free="7277768" total="66678784" percent="10" />
      <mem type="loa" free="3510272" total="3510272" percent="100" />
    </mem>
    <pending-finalizers system="0" default="234" reference="312" classloader="0" />
    <remembered-set count="1993" />
  </mem-info>
</gc-end>
<cycle-end id="1932" type="scavenge" contextid="1926" timestamp="2025-12-15T22:48:06.744" />
<allocation-satisfied id="1933" threadId="000000000085D500" bytesRequested="8200" />
<af-end id="1934" timestamp="2025-12-15T22:48:06.745" threadId="000000000085DF78" success="true" from="nursery"/>
<exclusive-end id="1935" timestamp="2025-12-15T22:48:06.745" durationms="13.993" />

<exclusive-start id="1936" timestamp="2025-12-15T22:48:06.849" intervalms="118.010">
  <response-info timems="0.054" idlems="0.054" threads="0" lastid="00000000014AC000" lastname="ClassloaderMapProcessingThread-9" />
</exclusive-start>
<af-start id="1937" threadId="00000000014ACA78" totalBytesRequested="112" timestamp="2025-12-15T22:48:06.849" intervalms="118.078" type="nursery" />
<cycle-start id="1938" type="scavenge" contextid="0" timestamp="2025-12-15T22:48:06.850" intervalms="117.971" />
<gc-start id="1939" type="scavenge" contextid="1938" timestamp="2025-12-15T22:48:06.851">
  <mem-info id="1940" free="10772968" total="176750592" percent="6">
    <mem type="nursery" free="0" total="106561536" percent="0">
      <mem type="allocate" free="0" total="89718784" percent="0" />
      <mem type="survivor" free="0" total="16842752" percent="0" />
    </mem>
    <mem type="tenure" free="10772968" total="70189056" percent="15">
      <mem type="soa" free="7262696" total="66678784" percent="10" />
      <mem type="loa" free="3510272" total="3510272" percent="100" />
    </mem>
    <remembered-set count="2742" />
  </mem-info>
</gc-start>
<allocation-stats totalBytes="81905496" discardedBytes="121304" >
  <allocated-bytes non-tlh="555016" tlh="81350480" />
  <largest-consumer threadName="Default Executor-thread-3" threadId="000000000085F900" bytes="23416880" />
</allocation-stats>
<gc-op id="1941" type="scavenge" timems="9.647" contextid="1938" timestamp="2025-12-15T22:48:06.862">
  <scavenger-info tenureage="8" tenuremask="7f00" tiltratio="84" />
  <memory-copied type="nursery" objects="203714" bytes="12936584" bytesdiscarded="347920" />
  <finalization candidates="251" enqueued="178" />
  <ownableSynchronizers candidates="134" cleared="58" />
  <references type="soft" candidates="150" cleared="0" enqueued="0" dynamicThreshold="9" maxThreshold="32" />
  <references type="weak" candidates="480" cleared="321" enqueued="321" />
  <references type="phantom" candidates="329" cleared="151" enqueued="151" />
  <object-monitors candidates="93" cleared="1"  />
</gc-op>
<heap-resize id="1942" type="expand" space="nursery" amount="5767168" count="1" timems="0.087" reason="excessive time being spent scavenging" timestamp="2025-12-15T22:48:06.862" />
<gc-end id="1943" type="scavenge" contextid="1938" durationms="12.405" usertimems="51.111" systemtimems="6.988" stalltimems="35.838" timestamp="2025-12-15T22:48:06.863" activeThreads="10">
  <mem-info id="1944" free="87063872" total="182517760" percent="47">
    <mem type="nursery" free="76290904" total="112328704" percent="67">
      <mem type="allocate" free="76290904" total="89587712" percent="85" />
      <mem type="survivor" free="0" total="22740992" percent="0" />
    </mem>
    <mem type="tenure" free="10772968" total="70189056" percent="15">
      <mem type="soa" free="7262696" total="66678784" percent="10" />
      <mem type="loa" free="3510272" total="3510272" percent="100" />
    </mem>
    <pending-finalizers system="17" default="161" reference="472" classloader="0" />
    <remembered-set count="2457" />
  </mem-info>
</gc-end>
<cycle-end id="1945" type="scavenge" contextid="1938" timestamp="2025-12-15T22:48:06.864" />
<allocation-satisfied id="1946" threadId="00000000014AC000" bytesRequested="112" />
<af-end id="1947" timestamp="2025-12-15T22:48:06.865" threadId="00000000014ACA78" success="true" from="nursery"/>
<exclusive-end id="1948" timestamp="2025-12-15T22:48:06.865" durationms="16.564" />

<exclusive-start id="1949" timestamp="2025-12-15T22:48:06.990" intervalms="140.647">
  <response-info timems="0.380" idlems="0.212" threads="1" lastid="000000000004BA00" lastname="IProfiler" />
</exclusive-start>
<af-start id="1950" threadId="000000000085DF78" totalBytesRequested="8664" timestamp="2025-12-15T22:48:06.990" intervalms="140.871" type="nursery" />
<cycle-start id="1951" type="scavenge" contextid="0" timestamp="2025-12-15T22:48:06.991" intervalms="140.934" />
<gc-start id="1952" type="scavenge" contextid="1951" timestamp="2025-12-15T22:48:06.992">
  <mem-info id="1953" free="10733728" total="182517760" percent="5">
    <mem type="nursery" free="0" total="112328704" percent="0">
      <mem type="allocate" free="0" total="89587712" percent="0" />
      <mem type="survivor" free="0" total="22740992" percent="0" />
    </mem>
    <mem type="tenure" free="10733728" total="70189056" percent="15">
      <mem type="soa" free="7223456" total="66678784" percent="10" />
      <mem type="loa" free="3510272" total="3510272" percent="100" />
    </mem>
    <remembered-set count="3132" />
  </mem-info>
</gc-start>
<allocation-stats totalBytes="76239312" discardedBytes="90832" >
  <allocated-bytes non-tlh="39352" tlh="76199960" />
  <largest-consumer threadName="Default Executor-thread-5" threadId="000000000085D500" bytes="30380248" />
</allocation-stats>
<gc-op id="1954" type="scavenge" timems="8.164" contextid="1951" timestamp="2025-12-15T22:48:07.001">
  <scavenger-info tenureage="8" tenuremask="7f00" tiltratio="79" />
  <memory-copied type="nursery" objects="212286" bytes="15588520" bytesdiscarded="320328" />
  <finalization candidates="1111" enqueued="1030" />
  <ownableSynchronizers candidates="103" cleared="16" />
  <references type="soft" candidates="226" cleared="0" enqueued="0" dynamicThreshold="9" maxThreshold="32" />
  <references type="weak" candidates="413" cleared="216" enqueued="216" />
  <references type="phantom" candidates="237" cleared="40" enqueued="40" />
  <object-monitors candidates="163" cleared="67"  />
</gc-op>
<gc-end id="1955" type="scavenge" contextid="1951" durationms="10.102" usertimems="49.139" systemtimems="5.291" stalltimems="27.483" timestamp="2025-12-15T22:48:07.002" activeThreads="10">
  <mem-info id="1956" free="84732312" total="182517760" percent="46">
    <mem type="nursery" free="73998584" total="112328704" percent="65">
      <mem type="allocate" free="73998584" total="89915392" percent="82" />
      <mem type="survivor" free="0" total="22413312" percent="0" />
    </mem>
    <mem type="tenure" free="10733728" total="70189056" percent="15">
      <mem type="soa" free="7223456" total="66678784" percent="10" />
      <mem type="loa" free="3510272" total="3510272" percent="100" />
    </mem>
    <pending-finalizers system="60" default="970" reference="256" classloader="0" />
    <remembered-set count="2648" />
  </mem-info>
</gc-end>
<cycle-end id="1957" type="scavenge" contextid="1951" timestamp="2025-12-15T22:48:07.003" />
<allocation-satisfied id="1958" threadId="000000000085D500" bytesRequested="8664" />
<af-end id="1959" timestamp="2025-12-15T22:48:07.004" threadId="000000000085DF78" success="true" from="nursery"/>
<exclusive-end id="1960" timestamp="2025-12-15T22:48:07.004" durationms="14.807" />

<exclusive-start id="1961" timestamp="2025-12-15T22:48:07.136" intervalms="146.817">
  <response-info timems="0.058" idlems="0.056" threads="1" lastid="000000000085D500" lastname="Default Executor-thread-5" />
</exclusive-start>
<af-start id="1962" threadId="000000000085C678" totalBytesRequested="624" timestamp="2025-12-15T22:48:07.137" intervalms="146.620" type="nursery" />
<cycle-start id="1963" type="scavenge" contextid="0" timestamp="2025-12-15T22:48:07.138" intervalms="146.646" />
<gc-start id="1964" type="scavenge" contextid="1963" timestamp="2025-12-15T22:48:07.138">
  <mem-info id="1965" free="10663768" total="182517760" percent="5">
    <mem type="nursery" free="0" total="112328704" percent="0">
      <mem type="allocate" free="0" total="89915392" percent="0" />
      <mem type="survivor" free="0" total="22413312" percent="0" />
    </mem>
    <mem type="tenure" free="10663768" total="70189056" percent="15">
      <mem type="soa" free="7153496" total="66678784" percent="10" />
      <mem type="loa" free="3510272" total="3510272" percent="100" />
    </mem>
    <remembered-set count="3653" />
  </mem-info>
</gc-start>
<allocation-stats totalBytes="74026368" discardedBytes="42176" >
  <allocated-bytes non-tlh="78624" tlh="73947744" />
  <largest-consumer threadName="Default Executor-thread-5" threadId="000000000085D500" bytes="41751376" />
</allocation-stats>
<gc-op id="1966" type="scavenge" timems="11.152" contextid="1963" timestamp="2025-12-15T22:48:07.150">
  <scavenger-info tenureage="8" tenuremask="7f00" tiltratio="80" />
  <memory-copied type="nursery" objects="228417" bytes="20510136" bytesdiscarded="349520" />
  <memory-copied type="tenure" objects="34943" bytes="1484672" bytesdiscarded="208" />
  <finalization candidates="2239" enqueued="2135" />
  <ownableSynchronizers candidates="88" cleared="1" />
  <references type="soft" candidates="337" cleared="0" enqueued="0" dynamicThreshold="9" maxThreshold="32" />
  <references type="weak" candidates="582" cleared="318" enqueued="318" />
  <references type="phantom" candidates="421" cleared="212" enqueued="212" />
  <object-monitors candidates="229" cleared="121"  />
</gc-op>
<heap-resize id="1967" type="expand" space="nursery" amount="5636096" count="1" timems="0.046" reason="excessive time being spent scavenging" timestamp="2025-12-15T22:48:07.151" />
<gc-end id="1968" type="scavenge" contextid="1963" durationms="13.236" usertimems="63.127" systemtimems="12.786" stalltimems="37.567" timestamp="2025-12-15T22:48:07.152" activeThreads="10">
  <mem-info id="1969" free="74971720" total="188153856" percent="39">
    <mem type="nursery" free="65824488" total="117964800" percent="55">
      <mem type="allocate" free="65824488" total="86704128" percent="75" />
      <mem type="survivor" free="0" total="31260672" percent="0" />
    </mem>
    <mem type="tenure" free="9147232" total="70189056" percent="13">
      <mem type="soa" free="5636960" total="66678784" percent="8" />
      <mem type="loa" free="3510272" total="3510272" percent="100" />
    </mem>
    <pending-finalizers system="120" default="2015" reference="530" classloader="0" />
    <remembered-set count="3419" />
  </mem-info>
</gc-end>
<cycle-end id="1970" type="scavenge" contextid="1963" timestamp="2025-12-15T22:48:07.152" />
<allocation-satisfied id="1971" threadId="000000000085BC00" bytesRequested="624" />
<af-end id="1972" timestamp="2025-12-15T22:48:07.154" threadId="000000000085C678" success="true" from="nursery"/>
<exclusive-end id="1973" timestamp="2025-12-15T22:48:07.154" durationms="17.835" />

<concurrent-kickoff id="1974" timestamp="2025-12-15T22:48:07.257">
  <kickoff reason="threshold reached" targetBytes="35188385" thresholdFreeBytes="4880328"  remainingFree="4118248" tenureFreeBytes="9103776" nurseryFreeBytes="4118248" />
</concurrent-kickoff>
<exclusive-start id="1975" timestamp="2025-12-15T22:48:07.259" intervalms="122.878">
  <response-info timems="0.055" idlems="0.055" threads="0" lastid="000000000085BC00" lastname="Default Executor-thread-2" />
</exclusive-start>
<cycle-start id="1976" type="global" contextid="0" timestamp="2025-12-15T22:48:07.260" intervalms="1427.349" />
<concurrent-start id="1977" type="global mark" contextid="1976" timestamp="2025-12-15T22:48:07.260">
</concurrent-start>
<exclusive-end id="1978" timestamp="2025-12-15T22:48:07.261" durationms="1.730" />

<concurrent-end id="1979" type="global mark" contextid="1976" timestamp="2025-12-15T22:48:07.296">
<gc-op id="1980" type="trace" timems="35.887" contextid="1976" timestamp="2025-12-15T22:48:07.296">
  <trace bytesTraced="36953256" workStackOverflowCount="0" />
  <card-cleaning reason="card cleaning threshold reached" bytesTraced="33836" cardsCleaned="75" />
</gc-op>
</concurrent-end>

<exclusive-start id="1981" timestamp="2025-12-15T22:48:07.298" intervalms="38.450">
  <response-info timems="0.694" idlems="0.388" threads="1" lastid="000000000085E100" lastname="Default Executor-thread-6" />
</exclusive-start>
<af-start id="1982" threadId="000000000085DF78" totalBytesRequested="2072" timestamp="2025-12-15T22:48:07.298" intervalms="161.295" type="nursery" />
<percolate-collect id="1983" from="nursery" to="global" reason="concurrent mark exhausted" timestamp="2025-12-15T22:48:07.299"/>
<gc-start id="1984" type="global" contextid="1976" timestamp="2025-12-15T22:48:07.299">
  <mem-info id="1985" free="9097032" total="188153856" percent="4">
    <mem type="nursery" free="0" total="117964800" percent="0">
      <mem type="allocate" free="0" total="86704128" percent="0" />
      <mem type="survivor" free="0" total="31260672" percent="0" />
    </mem>
    <mem type="tenure" free="9097032" total="70189056" percent="12">
      <mem type="soa" free="5586760" total="66678784" percent="8" />
      <mem type="loa" free="3510272" total="3510272" percent="100" />
    </mem>
    <remembered-set count="4534" />
  </mem-info>
</gc-start>
<allocation-stats totalBytes="65830576" discardedBytes="44112" >
  <allocated-bytes non-tlh="50824" tlh="65779752" />
  <largest-consumer threadName="Default Executor-thread-5" threadId="000000000085D500" bytes="38328320" />
</allocation-stats>
<gc-op id="1986" type="rs-scan" timems="6.117" contextid="1976" timestamp="2025-12-15T22:48:07.307">
  <scan objectsFound="216294" bytesTraced="8707064" workStackOverflowCount="0" />
</gc-op>
<gc-op id="1987" type="card-cleaning" timems="2.606" contextid="1976" timestamp="2025-12-15T22:48:07.310">
  <card-cleaning cardsCleaned="9" bytesTraced="3444" workStackOverflowCount="0" />
</gc-op>
<gc-op id="1988" type="mark" timems="26.024" contextid="1976" timestamp="2025-12-15T22:48:07.337">
  <trace-info objectcount="35190" scancount="29445" scanbytes="1762660" />
  <finalization candidates="2527" enqueued="1629" />
  <ownableSynchronizers candidates="8775" cleared="14" />
  <references type="soft" candidates="12876" cleared="2" enqueued="2" dynamicThreshold="9" maxThreshold="32" />
  <references type="weak" candidates="15820" cleared="459" enqueued="459" />
  <references type="phantom" candidates="562" cleared="20" enqueued="20" />
  <stringconstants candidates="39660" cleared="11"  />
  <object-monitors candidates="173" cleared="65"  />
</gc-op>
<gc-op id="1989" type="classunload" timems="0.077" contextid="1976" timestamp="2025-12-15T22:48:07.338">
  <classunload-info classloadercandidates="429" classloadersunloaded="0" classesunloaded="0" anonymousclassesunloaded="0" quiescems="0.000" setupms="0.077" scanms="0.000" postms="0.000" />
</gc-op>
<gc-op id="1990" type="sweep" timems="2.806" contextid="1976" timestamp="2025-12-15T22:48:07.341" />
<heap-resize id="1991" type="expand" space="tenure" amount="8781824" count="1" timems="1.961" reason="insufficient free space following gc" timestamp="2025-12-15T22:48:07.344" />
<gc-end id="1992" type="global" contextid="1976" durationms="45.349" usertimems="126.110" systemtimems="43.234" stalltimems="455.877" timestamp="2025-12-15T22:48:07.345" activeThreads="20">
  <mem-info id="1993" free="86615728" total="196935680" percent="43">
    <mem type="nursery" free="62920848" total="117964800" percent="53">
      <mem type="allocate" free="62920848" total="86704128" percent="72" />
      <mem type="survivor" free="0" total="31260672" percent="0" />
    </mem>
    <mem type="tenure" free="23694880" total="78970880" percent="30" micro-fragmented="1742496" macro-fragmented="0">
      <mem type="soa" free="19746336" total="75022336" percent="26" />
      <mem type="loa" free="3948544" total="3948544" percent="100" />
    </mem>
    <pending-finalizers system="35" default="1594" reference="481" classloader="0" />
    <remembered-set count="4014" />
  </mem-info>
</gc-end>
<cycle-end id="1994" type="global" contextid="1976" timestamp="2025-12-15T22:48:07.346" />
<allocation-satisfied id="1995" threadId="000000000085D500" bytesRequested="2072" />
<af-end id="1996" timestamp="2025-12-15T22:48:07.347" threadId="000000000085DF78" success="true" from="nursery"/>
<exclusive-end id="1997" timestamp="2025-12-15T22:48:07.348" durationms="50.295" />

<exclusive-start id="1998" timestamp="2025-12-15T22:48:07.598" intervalms="300.652">
  <response-info timems="0.353" idlems="0.353" threads="0" lastid="000000000085D500" lastname="Default Executor-thread-5" />
</exclusive-start>
<af-start id="1999" threadId="000000000085DF78" totalBytesRequested="4704" timestamp="2025-12-15T22:48:07.599" intervalms="300.852" type="nursery" />
<cycle-start id="2000" type="scavenge" contextid="0" timestamp="2025-12-15T22:48:07.601" intervalms="463.036" />
<gc-start id="2001" type="scavenge" contextid="2000" timestamp="2025-12-15T22:48:07.602">
  <mem-info id="2002" free="23599192" total="196935680" percent="11">
    <mem type="nursery" free="0" total="117964800" percent="0">
      <mem type="allocate" free="0" total="86704128" percent="0" />
      <mem type="survivor" free="0" total="31260672" percent="0" />
    </mem>
    <mem type="tenure" free="23599192" total="78970880" percent="29">
      <mem type="soa" free="19650648" total="75022336" percent="26" />
      <mem type="loa" free="3948544" total="3948544" percent="100" />
    </mem>
    <remembered-set count="5647" />
  </mem-info>
</gc-start>
<allocation-stats totalBytes="62264000" discardedBytes="617016" >
  <allocated-bytes non-tlh="10637968" tlh="51626032" />
  <largest-consumer threadName="Default Executor-thread-5" threadId="000000000085D500" bytes="39652232" />
</allocation-stats>
<gc-op id="2003" type="scavenge" timems="17.975" contextid="2000" timestamp="2025-12-15T22:48:07.622">
  <scavenger-info tenureage="6" tenuremask="7f40" tiltratio="73" />
  <memory-copied type="nursery" objects="345923" bytes="22995328" bytesdiscarded="344000" />
  <memory-copied type="tenure" objects="35430" bytes="1630192" bytesdiscarded="7456" />
  <finalization candidates="2089" enqueued="1985" />
  <ownableSynchronizers candidates="18955" cleared="18522" />
  <references type="soft" candidates="1311" cleared="0" enqueued="0" dynamicThreshold="9" maxThreshold="32" />
  <references type="weak" candidates="933" cleared="285" enqueued="285" />
  <references type="phantom" candidates="266" cleared="6" enqueued="6" />
  <object-monitors candidates="134" cleared="16"  />
</gc-op>
<gc-end id="2004" type="scavenge" contextid="2000" durationms="20.794" usertimems="120.442" systemtimems="6.831" stalltimems="73.371" timestamp="2025-12-15T22:48:07.623" activeThreads="11">
  <mem-info id="2005" free="85117736" total="196935680" percent="43">
    <mem type="nursery" free="63344432" total="117964800" percent="53">
      <mem type="allocate" free="63344432" total="86704128" percent="73" />
      <mem type="survivor" free="0" total="31260672" percent="0" />
    </mem>
    <mem type="tenure" free="21773304" total="78970880" percent="27">
      <mem type="soa" free="17824760" total="75022336" percent="23" />
      <mem type="loa" free="3948544" total="3948544" percent="100" />
    </mem>
    <pending-finalizers system="19" default="1966" reference="291" classloader="0" />
    <remembered-set count="5628" />
  </mem-info>
</gc-end>
<cycle-end id="2006" type="scavenge" contextid="2000" timestamp="2025-12-15T22:48:07.625" />
<allocation-satisfied id="2007" threadId="000000000085D500" bytesRequested="4704" />
<af-end id="2008" timestamp="2025-12-15T22:48:07.626" threadId="000000000085DF78" success="true" from="nursery"/>
<exclusive-end id="2009" timestamp="2025-12-15T22:48:07.627" durationms="28.272" />

<exclusive-start id="2010" timestamp="2025-12-15T22:48:07.843" intervalms="244.307">
  <response-info timems="0.258" idlems="0.258" threads="0" lastid="000000000085E100" lastname="Default Executor-thread-6" />
</exclusive-start>
<af-start id="2011" threadId="000000000085EB78" totalBytesRequested="40" timestamp="2025-12-15T22:48:07.844" intervalms="244.712" type="nursery" />
<cycle-start id="2012" type="scavenge" contextid="0" timestamp="2025-12-15T22:48:07.845" intervalms="244.125" />
<gc-start id="2013" type="scavenge" contextid="2012" timestamp="2025-12-15T22:48:07.846">
  <mem-info id="2014" free="21717688" total="196935680" percent="11">
    <mem type="nursery" free="0" total="117964800" percent="0">
      <mem type="allocate" free="0" total="86704128" percent="0" />
      <mem type="survivor" free="0" total="31260672" percent="0" />
    </mem>
    <mem type="tenure" free="21717688" total="78970880" percent="27">
      <mem type="soa" free="17769144" total="75022336" percent="23" />
      <mem type="loa" free="3948544" total="3948544" percent="100" />
    </mem>
    <remembered-set count="6510" />
  </mem-info>
</gc-start>
<allocation-stats totalBytes="63324000" discardedBytes="74560" >
  <allocated-bytes non-tlh="58832" tlh="63265168" />
  <largest-consumer threadName="Default Executor-thread-5" threadId="000000000085D500" bytes="44127776" />
</allocation-stats>
<gc-op id="2015" type="scavenge" timems="20.260" contextid="2012" timestamp="2025-12-15T22:48:07.867">
  <scavenger-info tenureage="8" tenuremask="7f00" tiltratio="73" />
  <memory-copied type="nursery" objects="397230" bytes="26689576" bytesdiscarded="394864" />
  <memory-copied type="tenure" objects="5883" bytes="410672" bytesdiscarded="720" />
  <finalization candidates="2207" enqueued="2104" />
  <ownableSynchronizers candidates="419" cleared="15" />
  <references type="soft" candidates="1513" cleared="0" enqueued="0" dynamicThreshold="9" maxThreshold="32" />
  <references type="weak" candidates="965" cleared="256" enqueued="256" />
  <references type="phantom" candidates="316" cleared="46" enqueued="46" />
  <object-monitors candidates="237" cleared="112"  />
</gc-op>
<heap-resize id="2016" type="expand" space="nursery" amount="5242880" count="1" timems="0.050" reason="excessive time being spent scavenging" timestamp="2025-12-15T22:48:07.868" />
<gc-end id="2017" type="scavenge" contextid="2012" durationms="23.067" usertimems="136.403" systemtimems="18.904" stalltimems="63.027" timestamp="2025-12-15T22:48:07.869" activeThreads="11">
  <mem-info id="2018" free="78976144" total="202178560" percent="39">
    <mem type="nursery" free="58094200" total="123207680" percent="47">
      <mem type="allocate" free="58094200" total="85196800" percent="68" />
      <mem type="survivor" free="0" total="38010880" percent="0" />
    </mem>
    <mem type="tenure" free="20881944" total="78970880" percent="26">
      <mem type="soa" free="16933400" total="75022336" percent="22" />
      <mem type="loa" free="3948544" total="3948544" percent="100" />
    </mem>
    <pending-finalizers system="88" default="2016" reference="302" classloader="0" />
    <remembered-set count="5090" />
  </mem-info>
</gc-end>
<cycle-end id="2019" type="scavenge" contextid="2012" timestamp="2025-12-15T22:48:07.870" />
<allocation-satisfied id="2020" threadId="000000000085E100" bytesRequested="40" />
<af-end id="2021" timestamp="2025-12-15T22:48:07.871" threadId="000000000085EB78" success="true" from="nursery"/>
<exclusive-end id="2022" timestamp="2025-12-15T22:48:07.871" durationms="28.862" />

<exclusive-start id="2023" timestamp="2025-12-15T22:48:08.033" intervalms="190.644">
  <response-info timems="0.166" idlems="0.078" threads="2" lastid="000000000181D800" lastname="weld-preloader-1" />
</exclusive-start>
<af-start id="2024" threadId="0000000001902278" totalBytesRequested="24" timestamp="2025-12-15T22:48:08.034" intervalms="190.150" type="nursery" />
<cycle-start id="2025" type="scavenge" contextid="0" timestamp="2025-12-15T22:48:08.035" intervalms="189.921" />
<gc-start id="2026" type="scavenge" contextid="2025" timestamp="2025-12-15T22:48:08.036">
  <mem-info id="2027" free="20850584" total="202178560" percent="10">
    <mem type="nursery" free="0" total="123207680" percent="0">
      <mem type="allocate" free="0" total="85196800" percent="0" />
      <mem type="survivor" free="0" total="38010880" percent="0" />
    </mem>
    <mem type="tenure" free="20850584" total="78970880" percent="26">
      <mem type="soa" free="16902040" total="75022336" percent="22" />
      <mem type="loa" free="3948544" total="3948544" percent="100" />
    </mem>
    <remembered-set count="5730" />
  </mem-info>
</gc-start>
<allocation-stats totalBytes="58075808" discardedBytes="49752" >
  <allocated-bytes non-tlh="31400" tlh="58044408" />
  <largest-consumer threadName="Default Executor-thread-5" threadId="000000000085D500" bytes="38262488" />
</allocation-stats>
<gc-op id="2028" type="scavenge" timems="18.675" contextid="2025" timestamp="2025-12-15T22:48:08.055">
  <scavenger-info tenureage="5" tenuremask="7fa0" tiltratio="69" />
  <memory-copied type="nursery" objects="469315" bytes="25000016" bytesdiscarded="469296" />
  <memory-copied type="tenure" objects="45509" bytes="4662560" bytesdiscarded="17360" />
  <finalization candidates="1742" enqueued="1638" />
  <ownableSynchronizers candidates="1819" cleared="1341" />
  <references type="soft" candidates="1595" cleared="0" enqueued="0" dynamicThreshold="9" maxThreshold="32" />
  <references type="weak" candidates="828" cleared="73" enqueued="73" />
  <references type="phantom" candidates="122" cleared="3" enqueued="3" />
  <object-monitors candidates="139" cleared="15"  />
</gc-op>
<heap-resize id="2029" type="expand" space="nursery" amount="6029312" count="1" timems="0.057" reason="excessive time being spent scavenging" timestamp="2025-12-15T22:48:08.056" />
<gc-end id="2030" type="scavenge" contextid="2025" durationms="21.543" usertimems="151.133" systemtimems="14.369" stalltimems="48.492" timestamp="2025-12-15T22:48:08.057" activeThreads="12">
  <mem-info id="2031" free="82352064" total="208207872" percent="39">
    <mem type="nursery" free="66186688" total="129236992" percent="51">
      <mem type="allocate" free="66186688" total="91684864" percent="72" />
      <mem type="survivor" free="0" total="37552128" percent="0" />
    </mem>
    <mem type="tenure" free="16165376" total="78970880" percent="20">
      <mem type="soa" free="12216832" total="75022336" percent="16" />
      <mem type="loa" free="3948544" total="3948544" percent="100" />
    </mem>
    <pending-finalizers system="3" default="1635" reference="76" classloader="0" />
    <remembered-set count="8125" />
  </mem-info>
</gc-end>
<cycle-end id="2032" type="scavenge" contextid="2025" timestamp="2025-12-15T22:48:08.058" />
<allocation-satisfied id="2033" threadId="0000000001901800" bytesRequested="24" />
<af-end id="2034" timestamp="2025-12-15T22:48:08.059" threadId="0000000001902278" success="true" from="nursery"/>
<exclusive-end id="2035" timestamp="2025-12-15T22:48:08.060" durationms="27.103" />

<exclusive-start id="2036" timestamp="2025-12-15T22:48:08.236" intervalms="202.428">
  <response-info timems="0.152" idlems="0.152" threads="0" lastid="000000000085D500" lastname="Default Executor-thread-5" />
</exclusive-start>
<af-start id="2037" threadId="000000000085DF78" totalBytesRequested="520" timestamp="2025-12-15T22:48:08.236" intervalms="202.490" type="nursery" />
<cycle-start id="2038" type="scavenge" contextid="0" timestamp="2025-12-15T22:48:08.237" intervalms="202.496" />
<gc-start id="2039" type="scavenge" contextid="2038" timestamp="2025-12-15T22:48:08.238">
  <mem-info id="2040" free="16097768" total="208207872" percent="7">
    <mem type="nursery" free="0" total="129236992" percent="0">
      <mem type="allocate" free="0" total="91684864" percent="0" />
      <mem type="survivor" free="0" total="37552128" percent="0" />
    </mem>
    <mem type="tenure" free="16097768" total="78970880" percent="20">
      <mem type="soa" free="12149224" total="75022336" percent="16" />
      <mem type="loa" free="3948544" total="3948544" percent="100" />
    </mem>
    <remembered-set count="9344" />
  </mem-info>
</gc-start>
<allocation-stats totalBytes="66240088" discardedBytes="14208" >
  <allocated-bytes non-tlh="67632" tlh="66172456" />
  <largest-consumer threadName="Default Executor-thread-5" threadId="000000000085D500" bytes="38920640" />
</allocation-stats>
<gc-op id="2041" type="scavenge" timems="22.567" contextid="2038" timestamp="2025-12-15T22:48:08.262">
  <scavenger-info tenureage="3" tenuremask="7f88" tiltratio="70" />
  <memory-copied type="nursery" objects="300945" bytes="18436800" bytesdiscarded="609800" />
  <memory-copied type="tenure" objects="200683" bytes="8034512" bytesdiscarded="4752" />
  <finalization candidates="1412" enqueued="1349" />
  <ownableSynchronizers candidates="4726" cleared="4340" />
  <references type="soft" candidates="665" cleared="0" enqueued="0" dynamicThreshold="9" maxThreshold="32" />
  <references type="weak" candidates="498" cleared="92" enqueued="92" />
  <references type="phantom" candidates="82" cleared="15" enqueued="15" />
  <object-monitors candidates="129" cleared="5"  />
</gc-op>
<heap-resize id="2042" type="expand" space="nursery" amount="6815744" count="1" timems="0.049" reason="excessive time being spent scavenging" timestamp="2025-12-15T22:48:08.262" />
<gc-end id="2043" type="scavenge" contextid="2038" durationms="24.798" usertimems="123.919" systemtimems="44.708" stalltimems="84.992" timestamp="2025-12-15T22:48:08.263" activeThreads="14">
  <mem-info id="2044" free="88183696" total="215023616" percent="41">
    <mem type="nursery" free="80363288" total="136052736" percent="59">
      <mem type="allocate" free="80363288" total="99418112" percent="80" />
      <mem type="survivor" free="0" total="36634624" percent="0" />
    </mem>
    <mem type="tenure" free="7820408" total="78970880" percent="9">
      <mem type="soa" free="3871864" total="75022336" percent="5" />
      <mem type="loa" free="3948544" total="3948544" percent="100" />
    </mem>
    <pending-finalizers system="24" default="1325" reference="107" classloader="0" />
    <remembered-set count="27868" />
  </mem-info>
</gc-end>
<cycle-end id="2045" type="scavenge" contextid="2038" timestamp="2025-12-15T22:48:08.263" />
<allocation-satisfied id="2046" threadId="000000000085D500" bytesRequested="520" />
<af-end id="2047" timestamp="2025-12-15T22:48:08.265" threadId="000000000085DF78" success="true" from="nursery"/>
<exclusive-end id="2048" timestamp="2025-12-15T22:48:08.265" durationms="29.356" />

<concurrent-kickoff id="2049" timestamp="2025-12-15T22:48:08.368">
  <kickoff reason="threshold reached" targetBytes="40018366" thresholdFreeBytes="5543583"  remainingFree="5488408" tenureFreeBytes="7800048" nurseryFreeBytes="5488408" />
</concurrent-kickoff>
<exclusive-start id="2050" timestamp="2025-12-15T22:48:08.369" intervalms="133.578">
  <response-info timems="0.164" idlems="0.124" threads="1" lastid="000000000085F900" lastname="Default Executor-thread-3" />
</exclusive-start>
<cycle-start id="2051" type="global" contextid="0" timestamp="2025-12-15T22:48:08.370" intervalms="1109.970" />
<concurrent-start id="2052" type="global mark" contextid="2051" timestamp="2025-12-15T22:48:08.370">
</concurrent-start>
<exclusive-end id="2053" timestamp="2025-12-15T22:48:08.371" durationms="1.546" />

<concurrent-end id="2054" type="global mark" contextid="2051" timestamp="2025-12-15T22:48:08.414">
<gc-op id="2055" type="trace" timems="43.760" contextid="2051" timestamp="2025-12-15T22:48:08.414">
  <trace bytesTraced="43027312" workStackOverflowCount="0" />
  <card-cleaning reason="card cleaning threshold reached" bytesTraced="55760" cardsCleaned="155" />
</gc-op>
</concurrent-end>

<exclusive-start id="2056" timestamp="2025-12-15T22:48:08.416" intervalms="46.749">
  <response-info timems="0.158" idlems="0.106" threads="2" lastid="000000000085C800" lastname="Default Executor-thread-4" />
</exclusive-start>
<concurrent-global-final id="2057" timestamp="2025-12-15T22:48:08.417" contextid="2051" intervalms="2540.464" >
  <concurrent-trace-info reason="card cleaning threshold reached" tracedByMutators="31265284" tracedByHelpers="11817788" cardsCleaned="155" workStackOverflowCount="0" />
</concurrent-global-final>
<gc-start id="2058" type="global" contextid="2051" timestamp="2025-12-15T22:48:08.419">
  <mem-info id="2059" free="8952488" total="215023616" percent="4">
    <mem type="nursery" free="1167128" total="136052736" percent="0">
      <mem type="allocate" free="1167128" total="99418112" percent="1" />
      <mem type="survivor" free="0" total="36634624" percent="0" />
    </mem>
    <mem type="tenure" free="7785360" total="78970880" percent="9">
      <mem type="soa" free="3836816" total="75022336" percent="5" />
      <mem type="loa" free="3948544" total="3948544" percent="100" />
    </mem>
    <remembered-set count="28952" />
  </mem-info>
</gc-start>
<allocation-stats totalBytes="79216920" discardedBytes="14288" >
  <allocated-bytes non-tlh="35568" tlh="79181352" />
  <largest-consumer threadName="Default Executor-thread-5" threadId="000000000085D500" bytes="28933824" />
</allocation-stats>
<heap-resize id="2060" type="loa contract" space="tenure" amount="789504" count="1" timems="0.000" reason="contract underutilized loa" timestamp="2025-12-15T22:48:08.420" />
<gc-op id="2061" type="rs-scan" timems="7.594" contextid="2051" timestamp="2025-12-15T22:48:08.428">
  <scan objectsFound="394065" bytesTraced="15663508" workStackOverflowCount="0" />
</gc-op>
<gc-op id="2062" type="card-cleaning" timems="1.872" contextid="2051" timestamp="2025-12-15T22:48:08.430">
  <card-cleaning cardsCleaned="39" bytesTraced="455748" workStackOverflowCount="0" />
</gc-op>
<gc-op id="2063" type="mark" timems="21.767" contextid="2051" timestamp="2025-12-15T22:48:08.453">
  <trace-info objectcount="24639" scancount="21151" scanbytes="648768" />
  <finalization candidates="1816" enqueued="919" />
  <ownableSynchronizers candidates="17571" cleared="8464" />
  <references type="soft" candidates="14374" cleared="0" enqueued="0" dynamicThreshold="9" maxThreshold="32" />
  <references type="weak" candidates="16114" cleared="120" enqueued="120" />
  <references type="phantom" candidates="595" cleared="5" enqueued="5" />
  <stringconstants candidates="40843" cleared="27"  />
  <object-monitors candidates="129" cleared="7"  />
</gc-op>
<gc-op id="2064" type="classunload" timems="2.034" contextid="2051" timestamp="2025-12-15T22:48:08.455">
  <classunload-info classloadercandidates="455" classloadersunloaded="0" classesunloaded="6" anonymousclassesunloaded="6" quiescems="0.000" setupms="1.987" scanms="0.046" postms="0.000" />
</gc-op>
<gc-op id="2065" type="sweep" timems="6.869" contextid="2051" timestamp="2025-12-15T22:48:08.463" />
<heap-resize id="2066" type="expand" space="tenure" amount="21233664" count="1" timems="0.534" reason="insufficient free space following gc" timestamp="2025-12-15T22:48:08.464" />
<heap-resize id="2067" type="loa contract" space="tenure" amount="3006464" count="1" timems="0.000" reason="contract to meet minimum soa" timestamp="2025-12-15T22:48:08.465" />
<gc-end id="2068" type="global" contextid="2051" durationms="46.768" usertimems="140.921" systemtimems="51.945" stalltimems="444.774" timestamp="2025-12-15T22:48:08.465" activeThreads="20">
  <mem-info id="2069" free="108602480" total="236257280" percent="45">
    <mem type="nursery" free="78509752" total="136052736" percent="57">
      <mem type="allocate" free="78509752" total="99418112" percent="78" />
      <mem type="survivor" free="0" total="36634624" percent="0" />
    </mem>
    <mem type="tenure" free="30092728" total="100204544" percent="30" micro-fragmented="1901726" macro-fragmented="0">
      <mem type="soa" free="29090232" total="99202048" percent="29" />
      <mem type="loa" free="1002496" total="1002496" percent="100" />
    </mem>
    <pending-finalizers system="7" default="912" reference="125" classloader="0" />
    <remembered-set count="27513" />
  </mem-info>
</gc-end>
<cycle-end id="2070" type="global" contextid="2051" timestamp="2025-12-15T22:48:08.466" />
<exclusive-end id="2071" timestamp="2025-12-15T22:48:08.467" durationms="50.782" />

<exclusive-start id="2072" timestamp="2025-12-15T22:48:08.706" intervalms="289.793">
  <response-info timems="0.188" idlems="0.129" threads="1" lastid="000000000085BC00" lastname="Default Executor-thread-2" />
</exclusive-start>
<af-start id="2073" threadId="0000000000860378" totalBytesRequested="1032" timestamp="2025-12-15T22:48:08.707" intervalms="470.160" type="nursery" />
<cycle-start id="2074" type="scavenge" contextid="0" timestamp="2025-12-15T22:48:08.707" intervalms="470.271" />
<gc-start id="2075" type="scavenge" contextid="2074" timestamp="2025-12-15T22:48:08.709">
  <mem-info id="2076" free="29998120" total="236257280" percent="12">
    <mem type="nursery" free="0" total="136052736" percent="0">
      <mem type="allocate" free="0" total="99418112" percent="0" />
      <mem type="survivor" free="0" total="36634624" percent="0" />
    </mem>
    <mem type="tenure" free="29998120" total="100204544" percent="29">
      <mem type="soa" free="28995624" total="99202048" percent="29" />
      <mem type="loa" free="1002496" total="1002496" percent="100" />
    </mem>
    <remembered-set count="31612" />
  </mem-info>
</gc-start>
<allocation-stats totalBytes="77057664" discardedBytes="1475736" >
  <allocated-bytes non-tlh="11806224" tlh="65251440" />
  <largest-consumer threadName="Default Executor-thread-5" threadId="000000000085D500" bytes="38955048" />
</allocation-stats>
<gc-op id="2077" type="scavenge" timems="16.813" contextid="2074" timestamp="2025-12-15T22:48:08.727">
  <scavenger-info tenureage="7" tenuremask="7f80" tiltratio="73" />
  <memory-copied type="nursery" objects="310135" bytes="22758312" bytesdiscarded="220832" />
  <finalization candidates="1364" enqueued="1333" />
  <ownableSynchronizers candidates="19024" cleared="18983" />
  <references type="soft" candidates="1327" cleared="0" enqueued="0" dynamicThreshold="9" maxThreshold="32" />
  <references type="weak" candidates="726" cleared="320" enqueued="311" />
  <references type="phantom" candidates="121" cleared="11" enqueued="11" />
  <object-monitors candidates="140" cleared="15"  />
</gc-op>
<gc-end id="2078" type="scavenge" contextid="2074" durationms="19.979" usertimems="114.022" systemtimems="20.639" stalltimems="135.471" timestamp="2025-12-15T22:48:08.729" activeThreads="17">
  <mem-info id="2079" free="108458648" total="236257280" percent="45">
    <mem type="nursery" free="78460528" total="136052736" percent="57">
      <mem type="allocate" free="78460528" total="101449728" percent="77" />
      <mem type="survivor" free="0" total="34603008" percent="0" />
    </mem>
    <mem type="tenure" free="29998120" total="100204544" percent="29">
      <mem type="soa" free="28995624" total="99202048" percent="29" />
      <mem type="loa" free="1002496" total="1002496" percent="100" />
    </mem>
    <pending-finalizers system="50" default="1283" reference="322" classloader="0" />
    <remembered-set count="29717" />
  </mem-info>
</gc-end>
<cycle-end id="2080" type="scavenge" contextid="2074" timestamp="2025-12-15T22:48:08.730" />
<allocation-satisfied id="2081" threadId="000000000085F900" bytesRequested="1032" />
<af-end id="2082" timestamp="2025-12-15T22:48:08.732" threadId="0000000000860378" success="true" from="nursery"/>
<exclusive-end id="2083" timestamp="2025-12-15T22:48:08.732" durationms="26.507" />

<exclusive-start id="2084" timestamp="2025-12-15T22:48:09.066" intervalms="360.662">
  <response-info timems="0.054" idlems="0.054" threads="0" lastid="000000000085BC00" lastname="Default Executor-thread-2" />
</exclusive-start>
<af-start id="2085" threadId="000000000085C678" totalBytesRequested="7696" timestamp="2025-12-15T22:48:09.067" intervalms="360.558" type="nursery" />
<cycle-start id="2086" type="scavenge" contextid="0" timestamp="2025-12-15T22:48:09.068" intervalms="360.371" />
<gc-start id="2087" type="scavenge" contextid="2086" timestamp="2025-12-15T22:48:09.069">
  <mem-info id="2088" free="29844560" total="236257280" percent="12">
    <mem type="nursery" free="0" total="136052736" percent="0">
      <mem type="allocate" free="0" total="101449728" percent="0" />
      <mem type="survivor" free="0" total="34603008" percent="0" />
    </mem>
    <mem type="tenure" free="29844560" total="100204544" percent="29">
      <mem type="soa" free="28842064" total="99202048" percent="29" />
      <mem type="loa" free="1002496" total="1002496" percent="100" />
    </mem>
    <remembered-set count="32748" />
  </mem-info>
</gc-start>
<allocation-stats totalBytes="78409856" discardedBytes="192584" >
  <allocated-bytes non-tlh="142944" tlh="78266912" />
  <largest-consumer threadName="Default Executor-thread-5" threadId="000000000085D500" bytes="39070368" />
</allocation-stats>
<gc-op id="2089" type="scavenge" timems="14.256" contextid="2086" timestamp="2025-12-15T22:48:09.084">
  <scavenger-info tenureage="7" tenuremask="7f80" tiltratio="74" />
  <memory-copied type="nursery" objects="301700" bytes="20506024" bytesdiscarded="490408" />
  <memory-copied type="tenure" objects="25547" bytes="1415192" bytesdiscarded="2376" />
  <finalization candidates="210" enqueued="179" />
  <ownableSynchronizers candidates="120" cleared="32" />
  <references type="soft" candidates="1319" cleared="0" enqueued="0" dynamicThreshold="9" maxThreshold="32" />
  <references type="weak" candidates="1396" cleared="909" enqueued="895" />
  <references type="phantom" candidates="194" cleared="90" enqueued="90" />
  <object-monitors candidates="141" cleared="16"  />
</gc-op>
<gc-end id="2090" type="scavenge" contextid="2086" durationms="15.961" usertimems="84.967" systemtimems="22.731" stalltimems="85.537" timestamp="2025-12-15T22:48:09.085" activeThreads="15">
  <mem-info id="2091" free="108964432" total="236257280" percent="46">
    <mem type="nursery" free="81752168" total="136052736" percent="60">
      <mem type="allocate" free="81752168" total="102760448" percent="79" />
      <mem type="survivor" free="0" total="33292288" percent="0" />
    </mem>
    <mem type="tenure" free="27212264" total="100204544" percent="27">
      <mem type="soa" free="26209768" total="99202048" percent="26" />
      <mem type="loa" free="1002496" total="1002496" percent="100" />
    </mem>
    <pending-finalizers system="37" default="142" reference="985" classloader="0" />
    <remembered-set count="26982" />
  </mem-info>
</gc-end>
<cycle-end id="2092" type="scavenge" contextid="2086" timestamp="2025-12-15T22:48:09.085" />
<allocation-satisfied id="2093" threadId="000000000085BC00" bytesRequested="7696" />
<af-end id="2094" timestamp="2025-12-15T22:48:09.086" threadId="000000000085C678" success="true" from="nursery"/>
<exclusive-end id="2095" timestamp="2025-12-15T22:48:09.087" durationms="20.183" />

<exclusive-start id="2096" timestamp="2025-12-15T22:48:09.383" intervalms="316.781">
  <response-info timems="0.047" idlems="0.047" threads="0" lastid="000000000085D500" lastname="Default Executor-thread-5" />
</exclusive-start>
<af-start id="2097" threadId="000000000085DF78" totalBytesRequested="3384" timestamp="2025-12-15T22:48:09.384" intervalms="316.678" type="nursery" />
<cycle-start id="2098" type="scavenge" contextid="0" timestamp="2025-12-15T22:48:09.384" intervalms="316.581" />
<gc-start id="2099" type="scavenge" contextid="2098" timestamp="2025-12-15T22:48:09.385">
  <mem-info id="2100" free="27083208" total="236257280" percent="11">
    <mem type="nursery" free="0" total="136052736" percent="0">
      <mem type="allocate" free="0" total="102760448" percent="0" />
      <mem type="survivor" free="0" total="33292288" percent="0" />
    </mem>
    <mem type="tenure" free="27083208" total="100204544" percent="27">
      <mem type="soa" free="26080712" total="99202048" percent="26" />
      <mem type="loa" free="1002496" total="1002496" percent="100" />
    </mem>
    <remembered-set count="29454" />
  </mem-info>
</gc-start>
<allocation-stats totalBytes="81845144" discardedBytes="36080" >
  <allocated-bytes non-tlh="372608" tlh="81472536" />
  <largest-consumer threadName="Default Executor-thread-5" threadId="000000000085D500" bytes="64078888" />
</allocation-stats>
<gc-op id="2101" type="scavenge" timems="15.323" contextid="2098" timestamp="2025-12-15T22:48:09.402">
  <scavenger-info tenureage="7" tenuremask="7f80" tiltratio="75" />
  <memory-copied type="nursery" objects="409450" bytes="31715576" bytesdiscarded="477680" />
  <memory-copied type="tenure" objects="34464" bytes="1738496" bytesdiscarded="2208" />
  <finalization candidates="1758" enqueued="1733" />
  <ownableSynchronizers candidates="183" cleared="40" />
  <references type="soft" candidates="1803" cleared="0" enqueued="0" dynamicThreshold="9" maxThreshold="32" />
  <references type="weak" candidates="987" cleared="485" enqueued="472" />
  <references type="phantom" candidates="189" cleared="4" enqueued="4" />
  <object-monitors candidates="125" cleared="0"  />
</gc-op>
<gc-end id="2102" type="scavenge" contextid="2098" durationms="17.230" usertimems="131.870" systemtimems="1.953" stalltimems="89.199" timestamp="2025-12-15T22:48:09.402" activeThreads="15">
  <mem-info id="2103" free="79503464" total="236257280" percent="33">
    <mem type="nursery" free="54567288" total="136052736" percent="40">
      <mem type="allocate" free="54567288" total="86769664" percent="62" />
      <mem type="survivor" free="0" total="49283072" percent="0" />
    </mem>
    <mem type="tenure" free="24936176" total="100204544" percent="24">
      <mem type="soa" free="23933680" total="99202048" percent="24" />
      <mem type="loa" free="1002496" total="1002496" percent="100" />
    </mem>
    <pending-finalizers system="10" default="1723" reference="476" classloader="0" />
    <remembered-set count="19885" />
  </mem-info>
</gc-end>
<cycle-end id="2104" type="scavenge" contextid="2098" timestamp="2025-12-15T22:48:09.403" />
<allocation-satisfied id="2105" threadId="000000000085D500" bytesRequested="3384" />
<af-end id="2106" timestamp="2025-12-15T22:48:09.404" threadId="000000000085DF78" success="true" from="nursery"/>
<exclusive-end id="2107" timestamp="2025-12-15T22:48:09.405" durationms="21.441" />

<exclusive-start id="2108" timestamp="2025-12-15T22:48:09.555" intervalms="171.238">
  <response-info timems="0.065" idlems="0.065" threads="0" lastid="000000000085D500" lastname="Default Executor-thread-5" />
</exclusive-start>
<af-start id="2109" threadId="000000000085DF78" totalBytesRequested="1784" timestamp="2025-12-15T22:48:09.555" intervalms="171.296" type="nursery" />
<cycle-start id="2110" type="scavenge" contextid="0" timestamp="2025-12-15T22:48:09.556" intervalms="171.478" />
<gc-start id="2111" type="scavenge" contextid="2110" timestamp="2025-12-15T22:48:09.557">
  <mem-info id="2112" free="24882952" total="236257280" percent="10">
    <mem type="nursery" free="0" total="136052736" percent="0">
      <mem type="allocate" free="0" total="86769664" percent="0" />
      <mem type="survivor" free="0" total="49283072" percent="0" />
    </mem>
    <mem type="tenure" free="24882952" total="100204544" percent="24">
      <mem type="soa" free="23880456" total="99202048" percent="24" />
      <mem type="loa" free="1002496" total="1002496" percent="100" />
    </mem>
    <remembered-set count="20655" />
  </mem-info>
</gc-start>
<allocation-stats totalBytes="54582304" discardedBytes="38208" >
  <allocated-bytes non-tlh="56608" tlh="54525696" />
  <largest-consumer threadName="Default Executor-thread-5" threadId="000000000085D500" bytes="46166736" />
</allocation-stats>
<gc-op id="2113" type="scavenge" timems="20.817" contextid="2110" timestamp="2025-12-15T22:48:09.579">
  <scavenger-info tenureage="3" tenuremask="7fc8" tiltratio="63" />
  <memory-copied type="nursery" objects="312655" bytes="21995608" bytesdiscarded="367440" />
  <memory-copied type="tenure" objects="106381" bytes="9141728" bytesdiscarded="7376" />
  <finalization candidates="1405" enqueued="1404" />
  <ownableSynchronizers candidates="159" cleared="0" />
  <references type="soft" candidates="1004" cleared="0" enqueued="0" dynamicThreshold="9" maxThreshold="32" />
  <references type="weak" candidates="741" cleared="410" enqueued="410" />
  <references type="phantom" candidates="227" cleared="25" enqueued="25" />
  <object-monitors candidates="125" cleared="0"  />
</gc-op>
<heap-resize id="2114" type="expand" space="nursery" amount="9830400" count="1" timems="0.047" reason="excessive time being spent scavenging" timestamp="2025-12-15T22:48:09.580" />
<gc-end id="2115" type="scavenge" contextid="2110" durationms="23.638" usertimems="120.463" systemtimems="32.770" stalltimems="100.602" timestamp="2025-12-15T22:48:09.580" activeThreads="15">
  <mem-info id="2116" free="88730032" total="246087680" percent="36">
    <mem type="nursery" free="72854648" total="145883136" percent="49">
      <mem type="allocate" free="72854648" total="95223808" percent="76" />
      <mem type="survivor" free="0" total="50659328" percent="0" />
    </mem>
    <mem type="tenure" free="15875384" total="100204544" percent="15">
      <mem type="soa" free="14872888" total="99202048" percent="14" />
      <mem type="loa" free="1002496" total="1002496" percent="100" />
    </mem>
    <pending-finalizers system="59" default="1345" reference="435" classloader="0" />
    <remembered-set count="15820" />
  </mem-info>
</gc-end>
<cycle-end id="2117" type="scavenge" contextid="2110" timestamp="2025-12-15T22:48:09.581" />
<allocation-satisfied id="2118" threadId="000000000085D500" bytesRequested="1784" />
<af-end id="2119" timestamp="2025-12-15T22:48:09.582" threadId="000000000085DF78" success="true" from="nursery"/>
<exclusive-end id="2120" timestamp="2025-12-15T22:48:09.583" durationms="28.382" />

<exclusive-start id="2121" timestamp="2025-12-15T22:48:09.785" intervalms="230.794">
  <response-info timems="0.343" idlems="0.278" threads="1" lastid="000000000085BC00" lastname="Default Executor-thread-2" />
</exclusive-start>
<af-start id="2122" threadId="000000000085DF78" totalBytesRequested="2224" timestamp="2025-12-15T22:48:09.786" intervalms="231.204" type="nursery" />
<cycle-start id="2123" type="scavenge" contextid="0" timestamp="2025-12-15T22:48:09.787" intervalms="231.510" />
<gc-start id="2124" type="scavenge" contextid="2123" timestamp="2025-12-15T22:48:09.788">
  <mem-info id="2125" free="15787008" total="246087680" percent="6">
    <mem type="nursery" free="0" total="145883136" percent="0">
      <mem type="allocate" free="0" total="95223808" percent="0" />
      <mem type="survivor" free="0" total="50659328" percent="0" />
    </mem>
    <mem type="tenure" free="15787008" total="100204544" percent="15">
      <mem type="soa" free="14784512" total="99202048" percent="14" />
      <mem type="loa" free="1002496" total="1002496" percent="100" />
    </mem>
    <remembered-set count="17659" />
  </mem-info>
</gc-start>
<allocation-stats totalBytes="72915032" discardedBytes="27992" >
  <allocated-bytes non-tlh="90160" tlh="72824872" />
  <largest-consumer threadName="Default Executor-thread-5" threadId="000000000085D500" bytes="64233200" />
</allocation-stats>
<gc-op id="2126" type="scavenge" timems="12.576" contextid="2123" timestamp="2025-12-15T22:48:09.802">
  <scavenger-info tenureage="6" tenuremask="7fc0" tiltratio="65" />
  <memory-copied type="nursery" objects="297124" bytes="26010232" bytesdiscarded="816264" />
  <memory-copied type="tenure" objects="40375" bytes="1711272" bytesdiscarded="288" />
  <finalization candidates="2381" enqueued="2380" />
  <ownableSynchronizers candidates="183" cleared="45" />
  <references type="soft" candidates="964" cleared="0" enqueued="0" dynamicThreshold="9" maxThreshold="32" />
  <references type="weak" candidates="630" cleared="259" enqueued="259" />
  <references type="phantom" candidates="231" cleared="11" enqueued="11" />
  <object-monitors candidates="125" cleared="0"  />
</gc-op>
<gc-end id="2127" type="scavenge" contextid="2123" durationms="15.157" usertimems="81.333" systemtimems="21.829" stalltimems="86.772" timestamp="2025-12-15T22:48:09.803" activeThreads="16">
  <mem-info id="2128" free="87826768" total="246087680" percent="35">
    <mem type="nursery" free="73763424" total="145883136" percent="50">
      <mem type="allocate" free="73763424" total="100597760" percent="73" />
      <mem type="survivor" free="0" total="45285376" percent="0" />
    </mem>
    <mem type="tenure" free="14063344" total="100204544" percent="14">
      <mem type="soa" free="13060848" total="99202048" percent="13" />
      <mem type="loa" free="1002496" total="1002496" percent="100" />
    </mem>
    <pending-finalizers system="49" default="2331" reference="270" classloader="0" />
    <remembered-set count="14047" />
  </mem-info>
</gc-end>
<cycle-end id="2129" type="scavenge" contextid="2123" timestamp="2025-12-15T22:48:09.804" />
<allocation-satisfied id="2130" threadId="000000000085D500" bytesRequested="2224" />
<af-end id="2131" timestamp="2025-12-15T22:48:09.806" threadId="000000000085DF78" success="true" from="nursery"/>
<exclusive-end id="2132" timestamp="2025-12-15T22:48:09.806" durationms="20.948" />

<exclusive-start id="2133" timestamp="2025-12-15T22:48:09.993" intervalms="207.341">
  <response-info timems="0.051" idlems="0.046" threads="1" lastid="000000000085D500" lastname="Default Executor-thread-5" />
</exclusive-start>
<af-start id="2134" threadId="000000000085C678" totalBytesRequested="32" timestamp="2025-12-15T22:48:09.993" intervalms="207.105" type="nursery" />
<cycle-start id="2135" type="scavenge" contextid="0" timestamp="2025-12-15T22:48:09.994" intervalms="206.899" />
<gc-start id="2136" type="scavenge" contextid="2135" timestamp="2025-12-15T22:48:09.995">
  <mem-info id="2137" free="14044672" total="246087680" percent="5">
    <mem type="nursery" free="0" total="145883136" percent="0">
      <mem type="allocate" free="0" total="100597760" percent="0" />
      <mem type="survivor" free="0" total="45285376" percent="0" />
    </mem>
    <mem type="tenure" free="14044672" total="100204544" percent="14">
      <mem type="soa" free="13042176" total="99202048" percent="13" />
      <mem type="loa" free="1002496" total="1002496" percent="100" />
    </mem>
    <remembered-set count="14606" />
  </mem-info>
</gc-start>
<allocation-stats totalBytes="73710320" discardedBytes="71776" >
  <allocated-bytes non-tlh="20896" tlh="73689424" />
  <largest-consumer threadName="Default Executor-thread-5" threadId="000000000085D500" bytes="65233888" />
</allocation-stats>
<gc-op id="2138" type="scavenge" timems="19.735" contextid="2135" timestamp="2025-12-15T22:48:10.016">
  <scavenger-info tenureage="4" tenuremask="7fd0" tiltratio="68" />
  <memory-copied type="nursery" objects="218303" bytes="20632792" bytesdiscarded="410576" />
  <memory-copied type="tenure" objects="107198" bytes="6239736" bytesdiscarded="3736" />
  <finalization candidates="2685" enqueued="2685" />
  <ownableSynchronizers candidates="160" cleared="22" />
  <references type="soft" candidates="858" cleared="0" enqueued="0" dynamicThreshold="9" maxThreshold="32" />
  <references type="weak" candidates="345" cleared="96" enqueued="96" />
  <references type="phantom" candidates="183" cleared="9" enqueued="9" />
  <object-monitors candidates="125" cleared="0"  />
</gc-op>
<heap-resize id="2139" type="expand" space="nursery" amount="8388608" count="1" timems="0.051" reason="excessive time being spent scavenging" timestamp="2025-12-15T22:48:10.017" />
<gc-end id="2140" type="scavenge" contextid="2135" durationms="23.048" usertimems="104.056" systemtimems="26.249" stalltimems="108.402" timestamp="2025-12-15T22:48:10.018" activeThreads="15">
  <mem-info id="2141" free="96420368" total="254476288" percent="37">
    <mem type="nursery" free="88070800" total="154271744" percent="57">
      <mem type="allocate" free="88070800" total="109117440" percent="80" />
      <mem type="survivor" free="0" total="45154304" percent="0" />
    </mem>
    <mem type="tenure" free="8349568" total="100204544" percent="8">
      <mem type="soa" free="7347072" total="99202048" percent="7" />
      <mem type="loa" free="1002496" total="1002496" percent="100" />
    </mem>
    <pending-finalizers system="18" default="2667" reference="105" classloader="0" />
    <remembered-set count="6473" />
  </mem-info>
</gc-end>
<cycle-end id="2142" type="scavenge" contextid="2135" timestamp="2025-12-15T22:48:10.020" />
<allocation-satisfied id="2143" threadId="000000000085BC00" bytesRequested="32" />
<af-end id="2144" timestamp="2025-12-15T22:48:10.021" threadId="000000000085C678" success="true" from="nursery"/>
<exclusive-end id="2145" timestamp="2025-12-15T22:48:10.022" durationms="29.041" />

<concurrent-kickoff id="2146" timestamp="2025-12-15T22:48:10.231">
  <kickoff reason="threshold reached" targetBytes="51552680" thresholdFreeBytes="7137597"  remainingFree="6904464" tenureFreeBytes="8276240" nurseryFreeBytes="6904464" />
</concurrent-kickoff>
<exclusive-start id="2147" timestamp="2025-12-15T22:48:10.233" intervalms="240.427">
  <response-info timems="0.061" idlems="0.058" threads="1" lastid="000000000085D500" lastname="Default Executor-thread-5" />
</exclusive-start>
<cycle-start id="2148" type="global" contextid="0" timestamp="2025-12-15T22:48:10.234" intervalms="1863.843" />
<concurrent-start id="2149" type="global mark" contextid="2148" timestamp="2025-12-15T22:48:10.234">
</concurrent-start>
<exclusive-end id="2150" timestamp="2025-12-15T22:48:10.235" durationms="1.705" />

<concurrent-end id="2151" type="global mark" contextid="2148" timestamp="2025-12-15T22:48:10.296">
<gc-op id="2152" type="trace" timems="61.516" contextid="2148" timestamp="2025-12-15T22:48:10.296">
  <trace bytesTraced="60087448" workStackOverflowCount="0" />
  <card-cleaning reason="card cleaning threshold reached" bytesTraced="51016" cardsCleaned="128" />
</gc-op>
</concurrent-end>

<exclusive-start id="2153" timestamp="2025-12-15T22:48:10.297" intervalms="64.015">
  <response-info timems="0.097" idlems="0.097" threads="0" lastid="000000000085C800" lastname="Default Executor-thread-4" />
</exclusive-start>
<concurrent-global-final id="2154" timestamp="2025-12-15T22:48:10.298" contextid="2148" intervalms="1881.209" >
  <concurrent-trace-info reason="card cleaning threshold reached" tracedByMutators="37267100" tracedByHelpers="22871364" cardsCleaned="128" workStackOverflowCount="0" />
</concurrent-global-final>
<gc-start id="2155" type="global" contextid="2148" timestamp="2025-12-15T22:48:10.299">
  <mem-info id="2156" free="8496096" total="254476288" percent="3">
    <mem type="nursery" free="223888" total="154271744" percent="0">
      <mem type="allocate" free="223888" total="109117440" percent="0" />
      <mem type="survivor" free="0" total="45154304" percent="0" />
    </mem>
    <mem type="tenure" free="8272208" total="100204544" percent="8">
      <mem type="soa" free="7269712" total="99202048" percent="7" />
      <mem type="loa" free="1002496" total="1002496" percent="100" />
    </mem>
    <remembered-set count="8156" />
  </mem-info>
</gc-start>
<allocation-stats totalBytes="87903352" discardedBytes="20920" >
  <allocated-bytes non-tlh="77392" tlh="87825960" />
  <largest-consumer threadName="Default Executor-thread-5" threadId="000000000085D500" bytes="67304376" />
</allocation-stats>
<gc-op id="2157" type="rs-scan" timems="5.870" contextid="2148" timestamp="2025-12-15T22:48:10.306">
  <scan objectsFound="175512" bytesTraced="7255208" workStackOverflowCount="0" />
</gc-op>
<gc-op id="2158" type="card-cleaning" timems="1.760" contextid="2148" timestamp="2025-12-15T22:48:10.308">
  <card-cleaning cardsCleaned="3" bytesTraced="10836" workStackOverflowCount="0" />
</gc-op>
<gc-op id="2159" type="mark" timems="19.843" contextid="2148" timestamp="2025-12-15T22:48:10.329">
  <trace-info objectcount="39835" scancount="29916" scanbytes="1027416" />
  <finalization candidates="3888" enqueued="2990" />
  <ownableSynchronizers candidates="9342" cleared="229" />
  <references type="soft" candidates="15871" cleared="0" enqueued="0" dynamicThreshold="9" maxThreshold="32" />
  <references type="weak" candidates="16558" cleared="417" enqueued="409" />
  <references type="phantom" candidates="467" cleared="64" enqueued="64" />
  <stringconstants candidates="45299" cleared="49"  />
  <object-monitors candidates="126" cleared="7"  />
</gc-op>
<gc-op id="2160" type="classunload" timems="1.808" contextid="2148" timestamp="2025-12-15T22:48:10.331">
  <classunload-info classloadercandidates="477" classloadersunloaded="3" classesunloaded="2" anonymousclassesunloaded="0" quiescems="0.000" setupms="1.766" scanms="0.021" postms="0.019" />
</gc-op>
<gc-op id="2161" type="sweep" timems="3.889" contextid="2148" timestamp="2025-12-15T22:48:10.336" />
<heap-resize id="2162" type="expand" space="tenure" amount="19857408" count="1" timems="2.167" reason="insufficient free space following gc" timestamp="2025-12-15T22:48:10.338" />
<gc-end id="2163" type="global" contextid="2148" durationms="40.178" usertimems="119.150" systemtimems="32.921" stalltimems="368.084" timestamp="2025-12-15T22:48:10.339" activeThreads="20">
  <mem-info id="2164" free="120533584" total="274333696" percent="43">
    <mem type="nursery" free="84477160" total="154271744" percent="54">
      <mem type="allocate" free="84477160" total="109117440" percent="77" />
      <mem type="survivor" free="0" total="45154304" percent="0" />
    </mem>
    <mem type="tenure" free="36056424" total="120061952" percent="30" micro-fragmented="2310061" macro-fragmented="0">
      <mem type="soa" free="34855272" total="118860800" percent="29" />
      <mem type="loa" free="1201152" total="1201152" percent="100" />
    </mem>
    <pending-finalizers system="97" default="2893" reference="473" classloader="0" />
    <remembered-set count="7323" />
  </mem-info>
</gc-end>
<cycle-end id="2165" type="global" contextid="2148" timestamp="2025-12-15T22:48:10.340" />
<exclusive-end id="2166" timestamp="2025-12-15T22:48:10.340" durationms="43.342" />

<exclusive-start id="2167" timestamp="2025-12-15T22:48:10.541" intervalms="244.171">
  <response-info timems="0.058" idlems="0.058" threads="0" lastid="000000000085C800" lastname="Default Executor-thread-4" />
</exclusive-start>
<af-start id="2168" threadId="000000000085D278" totalBytesRequested="8912" timestamp="2025-12-15T22:48:10.542" intervalms="548.450" type="nursery" />
<cycle-start id="2169" type="scavenge" contextid="0" timestamp="2025-12-15T22:48:10.543" intervalms="548.727" />
<gc-start id="2170" type="scavenge" contextid="2169" timestamp="2025-12-15T22:48:10.544">
  <mem-info id="2171" free="35991640" total="274333696" percent="13">
    <mem type="nursery" free="0" total="154271744" percent="0">
      <mem type="allocate" free="0" total="109117440" percent="0" />
      <mem type="survivor" free="0" total="45154304" percent="0" />
    </mem>
    <mem type="tenure" free="35991640" total="120061952" percent="29">
      <mem type="soa" free="34790488" total="118860800" percent="29" />
      <mem type="loa" free="1201152" total="1201152" percent="100" />
    </mem>
    <remembered-set count="8708" />
  </mem-info>
</gc-start>
<allocation-stats totalBytes="82853952" discardedBytes="1341000" >
  <allocated-bytes non-tlh="19653960" tlh="63199992" />
  <largest-consumer threadName="Default Executor-thread-5" threadId="000000000085D500" bytes="58360904" />
</allocation-stats>
<gc-op id="2172" type="scavenge" timems="13.061" contextid="2169" timestamp="2025-12-15T22:48:10.558">
  <scavenger-info tenureage="4" tenuremask="7fd0" tiltratio="70" />
  <memory-copied type="nursery" objects="141944" bytes="16894288" bytesdiscarded="583288" />
  <memory-copied type="tenure" objects="126881" bytes="6095096" bytesdiscarded="22600" />
  <finalization candidates="2306" enqueued="2306" />
  <ownableSynchronizers candidates="18298" cleared="18132" />
  <references type="soft" candidates="520" cleared="0" enqueued="0" dynamicThreshold="9" maxThreshold="32" />
  <references type="weak" candidates="1240" cleared="459" enqueued="458" />
  <references type="phantom" candidates="134" cleared="6" enqueued="6" />
  <object-monitors candidates="119" cleared="0"  />
</gc-op>
<gc-end id="2173" type="scavenge" contextid="2169" durationms="15.237" usertimems="85.008" systemtimems="13.808" stalltimems="108.292" timestamp="2025-12-15T22:48:10.559" activeThreads="16">
  <mem-info id="2174" free="127249664" total="274333696" percent="46">
    <mem type="nursery" free="97531984" total="154271744" percent="63">
      <mem type="allocate" free="97531984" total="115015680" percent="84" />
      <mem type="survivor" free="0" total="39256064" percent="0" />
    </mem>
    <mem type="tenure" free="29717680" total="120061952" percent="24">
      <mem type="soa" free="28516528" total="118860800" percent="23" />
      <mem type="loa" free="1201152" total="1201152" percent="100" />
    </mem>
    <pending-finalizers system="10" default="2296" reference="464" classloader="0" />
    <remembered-set count="6109" />
  </mem-info>
</gc-end>
<cycle-end id="2175" type="scavenge" contextid="2169" timestamp="2025-12-15T22:48:10.560" />
<allocation-satisfied id="2176" threadId="000000000085C800" bytesRequested="8912" />
<af-end id="2177" timestamp="2025-12-15T22:48:10.562" threadId="000000000085D278" success="true" from="nursery"/>
<exclusive-end id="2178" timestamp="2025-12-15T22:48:10.563" durationms="21.392" />

<exclusive-start id="2179" timestamp="2025-12-15T22:48:10.903" intervalms="361.855">
  <response-info timems="0.096" idlems="0.096" threads="0" lastid="000000000085D500" lastname="Default Executor-thread-5" />
</exclusive-start>
<af-start id="2180" threadId="000000000085DF78" totalBytesRequested="2064" timestamp="2025-12-15T22:48:10.904" intervalms="362.107" type="nursery" />
<cycle-start id="2181" type="scavenge" contextid="0" timestamp="2025-12-15T22:48:10.905" intervalms="361.628" />
<gc-start id="2182" type="scavenge" contextid="2181" timestamp="2025-12-15T22:48:10.906">
  <mem-info id="2183" free="29679640" total="274333696" percent="10">
    <mem type="nursery" free="0" total="154271744" percent="0">
      <mem type="allocate" free="0" total="115015680" percent="0" />
      <mem type="survivor" free="0" total="39256064" percent="0" />
    </mem>
    <mem type="tenure" free="29679640" total="120061952" percent="24">
      <mem type="soa" free="28478488" total="118860800" percent="23" />
      <mem type="loa" free="1201152" total="1201152" percent="100" />
    </mem>
    <remembered-set count="7696" />
  </mem-info>
</gc-start>
<allocation-stats totalBytes="97550648" discardedBytes="12904" >
  <allocated-bytes non-tlh="40480" tlh="97510168" />
  <largest-consumer threadName="Default Executor-thread-5" threadId="000000000085D500" bytes="94002752" />
</allocation-stats>
<gc-op id="2184" type="scavenge" timems="10.871" contextid="2181" timestamp="2025-12-15T22:48:10.919">
  <scavenger-info tenureage="6" tenuremask="7fc0" tiltratio="74" />
  <memory-copied type="nursery" objects="145682" bytes="11478192" bytesdiscarded="234200" />
  <finalization candidates="457" enqueued="457" />
  <ownableSynchronizers candidates="210" cleared="73" />
  <references type="soft" candidates="730" cleared="0" enqueued="0" dynamicThreshold="9" maxThreshold="32" />
  <references type="weak" candidates="1059" cleared="202" enqueued="201" />
  <references type="phantom" candidates="196" cleared="1" enqueued="1" />
  <object-monitors candidates="119" cleared="0"  />
</gc-op>
<gc-end id="2185" type="scavenge" contextid="2181" durationms="13.530" usertimems="45.226" systemtimems="12.316" stalltimems="90.467" timestamp="2025-12-15T22:48:10.920" activeThreads="14">
  <mem-info id="2186" free="136644512" total="274333696" percent="49">
    <mem type="nursery" free="106964872" total="154271744" percent="69">
      <mem type="allocate" free="106964872" total="118685696" percent="90" />
      <mem type="survivor" free="0" total="35586048" percent="0" />
    </mem>
    <mem type="tenure" free="29679640" total="120061952" percent="24">
      <mem type="soa" free="28478488" total="118860800" percent="23" />
      <mem type="loa" free="1201152" total="1201152" percent="100" />
    </mem>
    <pending-finalizers system="2" default="455" reference="202" classloader="0" />
    <remembered-set count="7068" />
  </mem-info>
</gc-end>
<cycle-end id="2187" type="scavenge" contextid="2181" timestamp="2025-12-15T22:48:10.921" />
<allocation-satisfied id="2188" threadId="000000000085D500" bytesRequested="2064" />
<af-end id="2189" timestamp="2025-12-15T22:48:10.922" threadId="000000000085DF78" success="true" from="nursery"/>
<exclusive-end id="2190" timestamp="2025-12-15T22:48:10.923" durationms="19.859" />

<exclusive-start id="2191" timestamp="2025-12-15T22:48:11.315" intervalms="412.127">
  <response-info timems="0.069" idlems="0.069" threads="0" lastid="000000000085D500" lastname="Default Executor-thread-5" />
</exclusive-start>
<af-start id="2192" threadId="000000000085DF78" totalBytesRequested="144" timestamp="2025-12-15T22:48:11.316" intervalms="411.902" type="nursery" />
<cycle-start id="2193" type="scavenge" contextid="0" timestamp="2025-12-15T22:48:11.317" intervalms="412.036" />
<gc-start id="2194" type="scavenge" contextid="2193" timestamp="2025-12-15T22:48:11.318">
  <mem-info id="2195" free="29676024" total="274333696" percent="10">
    <mem type="nursery" free="0" total="154271744" percent="0">
      <mem type="allocate" free="0" total="118685696" percent="0" />
      <mem type="survivor" free="0" total="35586048" percent="0" />
    </mem>
    <mem type="tenure" free="29676024" total="120061952" percent="24">
      <mem type="soa" free="28474872" total="118860800" percent="23" />
      <mem type="loa" free="1201152" total="1201152" percent="100" />
    </mem>
    <remembered-set count="7519" />
  </mem-info>
</gc-start>
<allocation-stats totalBytes="106955856" discardedBytes="12632" >
  <allocated-bytes non-tlh="5680" tlh="106950176" />
  <largest-consumer threadName="Default Executor-thread-5" threadId="000000000085D500" bytes="106260528" />
</allocation-stats>
<gc-op id="2196" type="scavenge" timems="8.923" contextid="2193" timestamp="2025-12-15T22:48:11.328">
  <scavenger-info tenureage="7" tenuremask="7f80" tiltratio="76" />
  <memory-copied type="nursery" objects="182369" bytes="14582224" bytesdiscarded="151472" />
  <finalization candidates="568" enqueued="568" />
  <ownableSynchronizers candidates="212" cleared="74" />
  <references type="soft" candidates="761" cleared="0" enqueued="0" dynamicThreshold="9" maxThreshold="32" />
  <references type="weak" candidates="989" cleared="130" enqueued="130" />
  <references type="phantom" candidates="763" cleared="568" enqueued="568" />
  <object-monitors candidates="119" cleared="0"  />
</gc-op>
<gc-end id="2197" type="scavenge" contextid="2193" durationms="11.120" usertimems="56.313" systemtimems="1.639" stalltimems="39.419" timestamp="2025-12-15T22:48:11.329" activeThreads="11">
  <mem-info id="2198" free="136284760" total="274333696" percent="49">
    <mem type="nursery" free="106608736" total="154271744" percent="69">
      <mem type="allocate" free="106608736" total="121372672" percent="87" />
      <mem type="survivor" free="0" total="32899072" percent="0" />
    </mem>
    <mem type="tenure" free="29676024" total="120061952" percent="24">
      <mem type="soa" free="28474872" total="118860800" percent="23" />
      <mem type="loa" free="1201152" total="1201152" percent="100" />
    </mem>
    <pending-finalizers system="0" default="568" reference="698" classloader="0" />
    <remembered-set count="6365" />
  </mem-info>
</gc-end>
<cycle-end id="2199" type="scavenge" contextid="2193" timestamp="2025-12-15T22:48:11.330" />
<allocation-satisfied id="2200" threadId="000000000085D500" bytesRequested="144" />
<af-end id="2201" timestamp="2025-12-15T22:48:11.331" threadId="000000000085DF78" success="true" from="nursery"/>
<exclusive-end id="2202" timestamp="2025-12-15T22:48:11.331" durationms="16.009" />

<exclusive-start id="2203" timestamp="2025-12-15T22:48:12.251" intervalms="935.750">
  <response-info timems="0.161" idlems="0.161" threads="0" lastid="000000000085E100" lastname="Default Executor-thread-6" />
</exclusive-start>
<af-start id="2204" threadId="000000000085EB78" totalBytesRequested="128" timestamp="2025-12-15T22:48:12.252" intervalms="936.180" type="nursery" />
<cycle-start id="2205" type="scavenge" contextid="0" timestamp="2025-12-15T22:48:12.253" intervalms="936.312" />
<gc-start id="2206" type="scavenge" contextid="2205" timestamp="2025-12-15T22:48:12.255">
  <mem-info id="2207" free="29654008" total="274333696" percent="10">
    <mem type="nursery" free="0" total="154271744" percent="0">
      <mem type="allocate" free="0" total="121372672" percent="0" />
      <mem type="survivor" free="0" total="32899072" percent="0" />
    </mem>
    <mem type="tenure" free="29654008" total="120061952" percent="24">
      <mem type="soa" free="28452856" total="118860800" percent="23" />
      <mem type="loa" free="1201152" total="1201152" percent="100" />
    </mem>
    <remembered-set count="7189" />
  </mem-info>
</gc-start>
<allocation-stats totalBytes="106617672" discardedBytes="12336" >
  <allocated-bytes non-tlh="21416" tlh="106596256" />
  <largest-consumer threadName="Default Executor-thread-5" threadId="000000000085D500" bytes="58128048" />
</allocation-stats>
<gc-op id="2208" type="scavenge" timems="9.426" contextid="2205" timestamp="2025-12-15T22:48:12.265">
  <scavenger-info tenureage="7" tenuremask="7f80" tiltratio="78" />
  <memory-copied type="nursery" objects="273093" bytes="16151984" bytesdiscarded="223168" />
  <finalization candidates="8" enqueued="8" />
  <ownableSynchronizers candidates="19742" cleared="19497" />
  <references type="soft" candidates="878" cleared="0" enqueued="0" dynamicThreshold="9" maxThreshold="32" />
  <references type="weak" candidates="1311" cleared="307" enqueued="307" />
  <references type="phantom" candidates="196" cleared="0" enqueued="0" />
  <object-monitors candidates="125" cleared="0"  />
</gc-op>
<gc-end id="2209" type="scavenge" contextid="2205" durationms="14.162" usertimems="61.128" systemtimems="2.686" stalltimems="33.321" timestamp="2025-12-15T22:48:12.269" activeThreads="10">
  <mem-info id="2210" free="136798832" total="274333696" percent="49">
    <mem type="nursery" free="107144824" total="154271744" percent="69">
      <mem type="allocate" free="107144824" total="123535360" percent="86" />
      <mem type="survivor" free="0" total="30736384" percent="0" />
    </mem>
    <mem type="tenure" free="29654008" total="120061952" percent="24">
      <mem type="soa" free="28452856" total="118860800" percent="23" />
      <mem type="loa" free="1201152" total="1201152" percent="100" />
    </mem>
    <pending-finalizers system="0" default="8" reference="307" classloader="0" />
    <remembered-set count="6570" />
  </mem-info>
</gc-end>
<cycle-end id="2211" type="scavenge" contextid="2205" timestamp="2025-12-15T22:48:12.270" />
<allocation-satisfied id="2212" threadId="000000000085E100" bytesRequested="128" />
<af-end id="2213" timestamp="2025-12-15T22:48:12.271" threadId="000000000085EB78" success="true" from="nursery"/>
<exclusive-end id="2214" timestamp="2025-12-15T22:48:12.272" durationms="20.804" />

<exclusive-start id="2215" timestamp="2025-12-15T22:48:14.083" intervalms="1831.826">
  <response-info timems="0.106" idlems="0.106" threads="0" lastid="000000000196B600" lastname="Connection worker" />
</exclusive-start>
<af-start id="2216" threadId="000000000196C078" totalBytesRequested="80" timestamp="2025-12-15T22:48:14.084" intervalms="1831.724" type="nursery" />
<cycle-start id="2217" type="scavenge" contextid="0" timestamp="2025-12-15T22:48:14.085" intervalms="1832.067" />
<gc-start id="2218" type="scavenge" contextid="2217" timestamp="2025-12-15T22:48:14.088">
  <mem-info id="2219" free="29233192" total="274333696" percent="10">
    <mem type="nursery" free="0" total="154271744" percent="0">
      <mem type="allocate" free="0" total="123535360" percent="0" />
      <mem type="survivor" free="0" total="30736384" percent="0" />
    </mem>
    <mem type="tenure" free="29233192" total="120061952" percent="24">
      <mem type="soa" free="28032040" total="118860800" percent="23" />
      <mem type="loa" free="1201152" total="1201152" percent="100" />
    </mem>
    <remembered-set count="14745" />
  </mem-info>
</gc-start>
<allocation-stats totalBytes="107457592" discardedBytes="56488" >
  <allocated-bytes non-tlh="6386400" tlh="101071192" />
  <largest-consumer threadName="Connection worker" threadId="000000000196B600" bytes="45471552" />
</allocation-stats>
<gc-op id="2220" type="scavenge" timems="19.334" contextid="2217" timestamp="2025-12-15T22:48:14.109">
  <scavenger-info tenureage="4" tenuremask="7fb0" tiltratio="80" />
  <memory-copied type="nursery" objects="192096" bytes="19884064" bytesdiscarded="224648" />
  <memory-copied type="tenure" objects="97500" bytes="6761872" bytesdiscarded="17728" />
  <finalization candidates="1046" enqueued="1042" />
  <ownableSynchronizers candidates="2787" cleared="2424" />
  <references type="soft" candidates="992" cleared="0" enqueued="0" dynamicThreshold="9" maxThreshold="32" />
  <references type="weak" candidates="4725" cleared="4244" enqueued="4220" />
  <references type="phantom" candidates="1185" cleared="461" enqueued="461" />
  <object-monitors candidates="162" cleared="6"  />
</gc-op>
<gc-end id="2221" type="scavenge" contextid="2217" durationms="29.408" usertimems="85.954" systemtimems="16.373" stalltimems="33.100" timestamp="2025-12-15T22:48:14.118" activeThreads="9">
  <mem-info id="2222" free="126910288" total="274333696" percent="46">
    <mem type="nursery" free="104507648" total="154271744" percent="67">
      <mem type="allocate" free="104507648" total="124649472" percent="83" />
      <mem type="survivor" free="0" total="29622272" percent="0" />
    </mem>
    <mem type="tenure" free="22402640" total="120061952" percent="18">
      <mem type="soa" free="21201488" total="118860800" percent="17" />
      <mem type="loa" free="1201152" total="1201152" percent="100" />
    </mem>
    <pending-finalizers system="74" default="968" reference="4681" classloader="0" />
    <remembered-set count="10243" />
  </mem-info>
</gc-end>
<cycle-end id="2223" type="scavenge" contextid="2217" timestamp="2025-12-15T22:48:14.128" />
<allocation-satisfied id="2224" threadId="000000000196B600" bytesRequested="80" />
<af-end id="2225" timestamp="2025-12-15T22:48:14.138" threadId="000000000196C078" success="true" from="nursery"/>
<exclusive-end id="2226" timestamp="2025-12-15T22:48:14.145" durationms="62.634" />

<exclusive-start id="2227" timestamp="2025-12-15T22:49:08.458" intervalms="54375.603">
  <response-info timems="0.059" idlems="0.059" threads="0" lastid="00000000018B1900" lastname="Default Executor-thread-32" />
</exclusive-start>
<af-start id="2228" threadId="00000000018B2378" totalBytesRequested="16" timestamp="2025-12-15T22:49:08.459" intervalms="54375.594" type="nursery" />
<cycle-start id="2229" type="scavenge" contextid="0" timestamp="2025-12-15T22:49:08.461" intervalms="54375.701" />
<gc-start id="2230" type="scavenge" contextid="2229" timestamp="2025-12-15T22:49:08.463">
  <mem-info id="2231" free="22014792" total="274333696" percent="8">
    <mem type="nursery" free="0" total="154271744" percent="0">
      <mem type="allocate" free="0" total="124649472" percent="0" />
      <mem type="survivor" free="0" total="29622272" percent="0" />
    </mem>
    <mem type="tenure" free="22014792" total="120061952" percent="18">
      <mem type="soa" free="20813640" total="118860800" percent="17" />
      <mem type="loa" free="1201152" total="1201152" percent="100" />
    </mem>
    <remembered-set count="44535" />
  </mem-info>
</gc-start>
<allocation-stats totalBytes="104793256" discardedBytes="102240" >
  <allocated-bytes non-tlh="2456064" tlh="102337192" />
  <largest-consumer threadName="Connection worker" threadId="000000000196B600" bytes="65319480" />
</allocation-stats>
<gc-op id="2232" type="scavenge" timems="36.538" contextid="2229" timestamp="2025-12-15T22:49:08.501">
  <scavenger-info tenureage="7" tenuremask="7f80" tiltratio="80" />
  <memory-copied type="nursery" objects="233702" bytes="21930072" bytesdiscarded="515432" />
  <memory-copied type="tenure" objects="17063" bytes="1305088" bytesdiscarded="1104" />
  <finalization candidates="179" enqueued="172" />
  <ownableSynchronizers candidates="4908" cleared="4577" />
  <references type="soft" candidates="1598" cleared="0" enqueued="0" dynamicThreshold="9" maxThreshold="32" />
  <references type="weak" candidates="3969" cleared="3355" enqueued="3296" />
  <references type="phantom" candidates="1227" cleared="56" enqueued="56" />
  <object-monitors candidates="156" cleared="0"  />
</gc-op>
<gc-end id="2233" type="scavenge" contextid="2229" durationms="62.297" usertimems="127.807" systemtimems="14.427" stalltimems="36.125" timestamp="2025-12-15T22:49:08.525" activeThreads="9">
  <mem-info id="2234" free="122291280" total="274333696" percent="44">
    <mem type="nursery" free="102058000" total="154271744" percent="66">
      <mem type="allocate" free="102058000" total="124518400" percent="81" />
      <mem type="survivor" free="0" total="29753344" percent="0" />
    </mem>
    <mem type="tenure" free="20233280" total="120061952" percent="16" macro-fragmented="0">
      <mem type="soa" free="19032128" total="118860800" percent="16" />
      <mem type="loa" free="1201152" total="1201152" percent="100" />
    </mem>
    <pending-finalizers system="155" default="17" reference="3352" classloader="0" />
    <remembered-set count="31630" />
  </mem-info>
</gc-end>
<cycle-end id="2235" type="scavenge" contextid="2229" timestamp="2025-12-15T22:49:08.526" />
<allocation-satisfied id="2236" threadId="00000000018B1900" bytesRequested="16" />
<af-end id="2237" timestamp="2025-12-15T22:49:08.528" threadId="00000000018B2378" success="true" from="nursery"/>
<exclusive-end id="2238" timestamp="2025-12-15T22:49:08.528" durationms="69.655" />

<exclusive-start id="2239" timestamp="2025-12-15T22:49:19.499" intervalms="11040.588">
  <response-info timems="0.073" idlems="0.073" threads="0" lastid="0000000000555500" lastname="Active Thread: Equinox Container: ecec021b-da39-4877-85e3-24742" />
</exclusive-start>
<af-start id="2240" threadId="0000000000555F78" totalBytesRequested="24" timestamp="2025-12-15T22:49:19.500" intervalms="11040.514" type="nursery" />
<cycle-start id="2241" type="scavenge" contextid="0" timestamp="2025-12-15T22:49:19.501" intervalms="11040.148" />
<gc-start id="2242" type="scavenge" contextid="2241" timestamp="2025-12-15T22:49:19.503">
  <mem-info id="2243" free="20150872" total="274333696" percent="7">
    <mem type="nursery" free="0" total="154271744" percent="0">
      <mem type="allocate" free="0" total="124518400" percent="0" />
      <mem type="survivor" free="0" total="29753344" percent="0" />
    </mem>
    <mem type="tenure" free="20150872" total="120061952" percent="16">
      <mem type="soa" free="18949720" total="118860800" percent="15" />
      <mem type="loa" free="1201152" total="1201152" percent="100" />
    </mem>
    <remembered-set count="34009" />
  </mem-info>
</gc-start>
<allocation-stats totalBytes="102111488" discardedBytes="28920" >
  <allocated-bytes non-tlh="842232" tlh="101269256" />
  <largest-consumer threadName="Default Executor-thread-12" threadId="00000000018C1A00" bytes="68298696" />
</allocation-stats>
<gc-op id="2244" type="scavenge" timems="32.049" contextid="2241" timestamp="2025-12-15T22:49:19.537">
  <scavenger-info tenureage="5" tenuremask="7fa0" tiltratio="80" />
  <memory-copied type="nursery" objects="371768" bytes="26741512" bytesdiscarded="243912" />
  <memory-copied type="tenure" objects="10457" bytes="545072" bytesdiscarded="904" />
  <finalization candidates="197" enqueued="189" />
  <ownableSynchronizers candidates="4719" cleared="4225" />
  <references type="soft" candidates="1777" cleared="0" enqueued="0" dynamicThreshold="9" maxThreshold="32" />
  <references type="weak" candidates="1972" cleared="967" enqueued="929" />
  <references type="phantom" candidates="1222" cleared="23" enqueued="23" />
  <object-monitors candidates="174" cleared="11"  />
</gc-op>
<gc-end id="2245" type="scavenge" contextid="2241" durationms="459.376" usertimems="274.941" systemtimems="23.171" stalltimems="278.960" timestamp="2025-12-15T22:49:19.962" activeThreads="14">
  <mem-info id="2246" free="109317080" total="274333696" percent="39">
    <mem type="nursery" free="89970456" total="154271744" percent="58">
      <mem type="allocate" free="89970456" total="116981760" percent="76" />
      <mem type="survivor" free="0" total="37289984" percent="0" />
    </mem>
    <mem type="tenure" free="19346624" total="120061952" percent="16" macro-fragmented="16050736">
      <mem type="soa" free="18145472" total="118860800" percent="15" />
      <mem type="loa" free="1201152" total="1201152" percent="100" />
    </mem>
    <pending-finalizers system="44" default="145" reference="952" classloader="0" />
    <remembered-set count="29403" />
  </mem-info>
</gc-end>
<cycle-end id="2247" type="scavenge" contextid="2241" timestamp="2025-12-15T22:49:19.964" />
<allocation-satisfied id="2248" threadId="0000000000555500" bytesRequested="24" />
<af-end id="2249" timestamp="2025-12-15T22:49:19.966" threadId="0000000000555F78" success="true" from="nursery"/>
<exclusive-end id="2250" timestamp="2025-12-15T22:49:19.967" durationms="468.453" />

<exclusive-start id="2251" timestamp="2025-12-15T22:49:49.283" intervalms="29784.347">
  <response-info timems="0.060" idlems="0.060" threads="0" lastid="000000000187E600" lastname="Default Executor-thread-17" />
</exclusive-start>
<af-start id="2252" threadId="000000000187F078" totalBytesRequested="1040" timestamp="2025-12-15T22:49:49.285" intervalms="29785.231" type="nursery" />
<cycle-start id="2253" type="scavenge" contextid="0" timestamp="2025-12-15T22:49:49.288" intervalms="29787.005" />
<gc-start id="2254" type="scavenge" contextid="2253" timestamp="2025-12-15T22:49:49.290">
  <mem-info id="2255" free="18888336" total="274333696" percent="6">
    <mem type="nursery" free="0" total="154271744" percent="0">
      <mem type="allocate" free="0" total="116981760" percent="0" />
      <mem type="survivor" free="0" total="37289984" percent="0" />
    </mem>
    <mem type="tenure" free="18888336" total="120061952" percent="15">
      <mem type="soa" free="17687184" total="118860800" percent="14" />
      <mem type="loa" free="1201152" total="1201152" percent="100" />
    </mem>
    <remembered-set count="36071" />
  </mem-info>
</gc-start>
<allocation-stats totalBytes="90152696" discardedBytes="276048" >
  <allocated-bytes non-tlh="2077960" tlh="88074736" />
  <largest-consumer threadName="Default Executor-thread-17" threadId="000000000187E600" bytes="62373384" />
</allocation-stats>
<gc-op id="2256" type="scavenge" timems="15.787" contextid="2253" timestamp="2025-12-15T22:49:49.309">
  <scavenger-info tenureage="5" tenuremask="7fa0" tiltratio="75" />
  <memory-copied type="nursery" objects="312548" bytes="24756064" bytesdiscarded="331112" />
  <memory-copied type="tenure" objects="11033" bytes="1630128" bytesdiscarded="976" />
  <finalization candidates="75" enqueued="65" />
  <ownableSynchronizers candidates="3071" cleared="2556" />
  <references type="soft" candidates="1913" cleared="0" enqueued="0" dynamicThreshold="9" maxThreshold="32" />
  <references type="weak" candidates="2489" cleared="1122" enqueued="1113" />
  <references type="phantom" candidates="1580" cleared="357" enqueued="357" />
  <object-monitors candidates="164" cleared="0"  />
</gc-op>
<gc-end id="2257" type="scavenge" contextid="2253" durationms="26.020" usertimems="118.946" systemtimems="0.732" stalltimems="60.993" timestamp="2025-12-15T22:49:49.316" activeThreads="12">
  <mem-info id="2258" free="109353128" total="274333696" percent="39">
    <mem type="nursery" free="92724016" total="154271744" percent="60">
      <mem type="allocate" free="92724016" total="117833728" percent="78" />
      <mem type="survivor" free="0" total="36438016" percent="0" />
    </mem>
    <mem type="tenure" free="16629112" total="120061952" percent="13" macro-fragmented="7740516">
      <mem type="soa" free="15427960" total="118860800" percent="12" />
      <mem type="loa" free="1201152" total="1201152" percent="100" />
    </mem>
    <pending-finalizers system="65" default="0" reference="1470" classloader="0" />
    <remembered-set count="32900" />
  </mem-info>
</gc-end>
<cycle-end id="2259" type="scavenge" contextid="2253" timestamp="2025-12-15T22:49:49.318" />
<allocation-satisfied id="2260" threadId="000000000187E600" bytesRequested="1040" />
<af-end id="2261" timestamp="2025-12-15T22:49:49.319" threadId="000000000187F078" success="true" from="nursery"/>
<exclusive-end id="2262" timestamp="2025-12-15T22:49:49.320" durationms="36.480" />

<exclusive-start id="2263" timestamp="2025-12-15T22:49:52.100" intervalms="2816.549">
  <response-info timems="0.110" idlems="0.110" threads="0" lastid="000000000085BC00" lastname="Default Executor-thread-2" />
</exclusive-start>
<af-start id="2264" threadId="000000000085C678" totalBytesRequested="272" timestamp="2025-12-15T22:49:52.101" intervalms="2815.687" type="nursery" />
<cycle-start id="2265" type="scavenge" contextid="0" timestamp="2025-12-15T22:49:52.102" intervalms="2813.960" />
<gc-start id="2266" type="scavenge" contextid="2265" timestamp="2025-12-15T22:49:52.106">
  <mem-info id="2267" free="16382784" total="274333696" percent="5">
    <mem type="nursery" free="0" total="154271744" percent="0">
      <mem type="allocate" free="0" total="117833728" percent="0" />
      <mem type="survivor" free="0" total="36438016" percent="0" />
    </mem>
    <mem type="tenure" free="16382784" total="120061952" percent="13">
      <mem type="soa" free="15181632" total="118860800" percent="12" />
      <mem type="loa" free="1201152" total="1201152" percent="100" />
    </mem>
    <remembered-set count="38035" />
  </mem-info>
</gc-start>
<allocation-stats totalBytes="92518088" discardedBytes="452256" >
  <allocated-bytes non-tlh="829064" tlh="91689024" />
  <largest-consumer threadName="Default Executor-thread-2" threadId="000000000085BC00" bytes="32198368" />
</allocation-stats>
<gc-op id="2268" type="scavenge" timems="23.465" contextid="2265" timestamp="2025-12-15T22:49:52.131">
  <scavenger-info tenureage="3" tenuremask="7fb8" tiltratio="76" />
  <memory-copied type="nursery" objects="131074" bytes="8278360" bytesdiscarded="523384" />
  <memory-copied type="tenure" objects="195485" bytes="17635952" bytesdiscarded="9456" />
  <finalization candidates="91" enqueued="80" />
  <ownableSynchronizers candidates="934" cleared="381" />
  <references type="soft" candidates="924" cleared="0" enqueued="0" dynamicThreshold="9" maxThreshold="32" />
  <references type="weak" candidates="2016" cleared="642" enqueued="634" />
  <references type="phantom" candidates="684" cleared="326" enqueued="326" />
  <object-monitors candidates="198" cleared="21"  />
  <heap-resize type="expand" space="tenure" amount="2097152" count="8" timems="0.439" reason="continue current collection" />
</gc-op>
<gc-end id="2269" type="scavenge" contextid="2265" durationms="27.393" usertimems="105.522" systemtimems="29.246" stalltimems="55.698" timestamp="2025-12-15T22:49:52.133" activeThreads="12">
  <mem-info id="2270" free="111401416" total="276430848" percent="40">
    <mem type="nursery" free="110136264" total="154271744" percent="71">
      <mem type="allocate" free="110136264" total="118947840" percent="92" />
      <mem type="survivor" free="0" total="35323904" percent="0" />
    </mem>
    <mem type="tenure" free="1265152" total="122159104" percent="1" macro-fragmented="0">
      <mem type="soa" free="43520" total="120937472" percent="0" />
      <mem type="loa" free="1221632" total="1221632" percent="100" />
    </mem>
    <pending-finalizers system="63" default="17" reference="960" classloader="0" />
    <remembered-set count="12555" />
  </mem-info>
</gc-end>
<cycle-end id="2271" type="scavenge" contextid="2265" timestamp="2025-12-15T22:49:52.134" />
<allocation-satisfied id="2272" threadId="000000000085BC00" bytesRequested="272" />
<af-end id="2273" timestamp="2025-12-15T22:49:52.136" threadId="000000000085C678" success="true" from="nursery"/>
<exclusive-end id="2274" timestamp="2025-12-15T22:49:52.136" durationms="36.238" />

<exclusive-start id="2275" timestamp="2025-12-15T22:49:52.248" intervalms="148.154">
  <response-info timems="0.934" idlems="0.493" threads="1" lastid="000000000085BC00" lastname="Default Executor-thread-2" />
</exclusive-start>
<af-start id="2276" threadId="00000000019B1578" totalBytesRequested="48" timestamp="2025-12-15T22:49:52.249" intervalms="148.070" type="tenure" />
<cycle-start id="2277" type="global" contextid="0" timestamp="2025-12-15T22:49:52.250" intervalms="102016.073" />
<gc-start id="2278" type="global" contextid="2277" timestamp="2025-12-15T22:49:52.251">
  <mem-info id="2279" free="71913144" total="276430848" percent="26">
    <mem type="nursery" free="70691512" total="154271744" percent="45">
      <mem type="allocate" free="70691512" total="118947840" percent="59" />
      <mem type="survivor" free="0" total="35323904" percent="0" />
    </mem>
    <mem type="tenure" free="1221632" total="122159104" percent="1">
      <mem type="soa" free="0" total="120937472" percent="0" />
      <mem type="loa" free="1221632" total="1221632" percent="100" />
    </mem>
    <remembered-set count="13319" />
  </mem-info>
</gc-start>
<allocation-stats totalBytes="39477648" discardedBytes="9864" >
  <allocated-bytes non-tlh="43032" tlh="39434616" />
  <largest-consumer threadName="Default Executor-thread-2" threadId="000000000085BC00" bytes="27017768" />
</allocation-stats>
<gc-op id="2280" type="mark" timems="47.203" contextid="2277" timestamp="2025-12-15T22:49:52.300">
  <trace-info objectcount="2193920" scancount="1893901" scanbytes="71229908" />
  <finalization candidates="1009" enqueued="101" />
  <ownableSynchronizers candidates="9713" cleared="125" />
  <references type="soft" candidates="18791" cleared="8" enqueued="8" dynamicThreshold="9" maxThreshold="32" />
  <references type="weak" candidates="18667" cleared="490" enqueued="481" />
  <references type="phantom" candidates="1525" cleared="51" enqueued="51" />
  <stringconstants candidates="55787" cleared="153"  />
  <object-monitors candidates="177" cleared="12"  />
</gc-op>
<gc-op id="2281" type="classunload" timems="2.178" contextid="2277" timestamp="2025-12-15T22:49:52.303">
  <classunload-info classloadercandidates="545" classloadersunloaded="7" classesunloaded="4" anonymousclassesunloaded="0" quiescems="0.000" setupms="2.122" scanms="0.026" postms="0.029" />
</gc-op>
<gc-op id="2282" type="sweep" timems="3.837" contextid="2277" timestamp="2025-12-15T22:49:52.307" />
<heap-resize id="2283" type="expand" space="tenure" amount="29949952" count="1" timems="1.897" reason="insufficient free space following gc" timestamp="2025-12-15T22:49:52.310" />
<gc-end id="2284" type="global" contextid="2277" durationms="59.482" usertimems="486.845" systemtimems="41.783" stalltimems="484.213" timestamp="2025-12-15T22:49:52.311" activeThreads="20">
  <mem-info id="2285" free="156154016" total="306380800" percent="50">
    <mem type="nursery" free="110507040" total="154271744" percent="71">
      <mem type="allocate" free="110507040" total="118947840" percent="92" />
      <mem type="survivor" free="0" total="35323904" percent="0" />
    </mem>
    <mem type="tenure" free="45646976" total="152109056" percent="30" micro-fragmented="3967974" macro-fragmented="0">
      <mem type="soa" free="44125312" total="150587392" percent="29" />
      <mem type="loa" free="1521664" total="1521664" percent="100" />
    </mem>
    <pending-finalizers system="29" default="72" reference="540" classloader="0" />
    <remembered-set count="9379" />
  </mem-info>
</gc-end>
<cycle-end id="2286" type="global" contextid="2277" timestamp="2025-12-15T22:49:52.312" />
<allocation-satisfied id="2287" threadId="00000000019B0B00" bytesRequested="48" />
<af-end id="2288" timestamp="2025-12-15T22:49:52.313" threadId="00000000019B1578" success="true" from="tenure-soa"/>
<exclusive-end id="2289" timestamp="2025-12-15T22:49:52.314" durationms="65.745" />

<exclusive-start id="2290" timestamp="2025-12-15T22:49:53.244" intervalms="995.493">
  <response-info timems="0.082" idlems="0.082" threads="0" lastid="00000000018B2500" lastname="Default Executor-thread-35" />
</exclusive-start>
<af-start id="2291" threadId="00000000018B2F78" totalBytesRequested="528" timestamp="2025-12-15T22:49:53.244" intervalms="995.507" type="nursery" />
<cycle-start id="2292" type="scavenge" contextid="0" timestamp="2025-12-15T22:49:53.245" intervalms="1143.314" />
<gc-start id="2293" type="scavenge" contextid="2292" timestamp="2025-12-15T22:49:53.247">
  <mem-info id="2294" free="45407368" total="306380800" percent="14">
    <mem type="nursery" free="0" total="154271744" percent="0">
      <mem type="allocate" free="0" total="118947840" percent="0" />
      <mem type="survivor" free="0" total="35323904" percent="0" />
    </mem>
    <mem type="tenure" free="45407368" total="152109056" percent="29">
      <mem type="soa" free="43885704" total="150587392" percent="29" />
      <mem type="loa" free="1521664" total="1521664" percent="100" />
    </mem>
    <remembered-set count="13085" />
  </mem-info>
</gc-start>
<allocation-stats totalBytes="110660232" discardedBytes="68176" >
  <allocated-bytes non-tlh="658016" tlh="110002216" />
  <largest-consumer threadName="Default Executor-thread-12" threadId="00000000018C1A00" bytes="40267376" />
</allocation-stats>
<gc-op id="2295" type="scavenge" timems="9.299" contextid="2292" timestamp="2025-12-15T22:49:53.257">
  <scavenger-info tenureage="8" tenuremask="7f00" tiltratio="77" />
  <memory-copied type="nursery" objects="182603" bytes="11142184" bytesdiscarded="253488" />
  <finalization candidates="545" enqueued="539" />
  <ownableSynchronizers candidates="19363" cleared="18911" />
  <references type="soft" candidates="2300" cleared="0" enqueued="0" dynamicThreshold="9" maxThreshold="32" />
  <references type="weak" candidates="4168" cleared="2224" enqueued="2210" />
  <references type="phantom" candidates="648" cleared="278" enqueued="278" />
  <object-monitors candidates="169" cleared="0"  />
</gc-op>
<gc-end id="2296" type="scavenge" contextid="2292" durationms="11.656" usertimems="54.584" systemtimems="3.562" stalltimems="67.970" timestamp="2025-12-15T22:49:53.258" activeThreads="14">
  <mem-info id="2297" free="156549352" total="306380800" percent="51">
    <mem type="nursery" free="111141984" total="154271744" percent="72">
      <mem type="allocate" free="111141984" total="122552320" percent="90" />
      <mem type="survivor" free="0" total="31719424" percent="0" />
    </mem>
    <mem type="tenure" free="45407368" total="152109056" percent="29" macro-fragmented="0">
      <mem type="soa" free="43885704" total="150587392" percent="29" />
      <mem type="loa" free="1521664" total="1521664" percent="100" />
    </mem>
    <pending-finalizers system="215" default="324" reference="2488" classloader="0" />
    <remembered-set count="8563" />
  </mem-info>
</gc-end>
<cycle-end id="2298" type="scavenge" contextid="2292" timestamp="2025-12-15T22:49:53.259" />
<allocation-satisfied id="2299" threadId="00000000018B2500" bytesRequested="528" />
<af-end id="2300" timestamp="2025-12-15T22:49:53.261" threadId="00000000018B2F78" success="true" from="nursery"/>
<exclusive-end id="2301" timestamp="2025-12-15T22:49:53.262" durationms="18.028" />

<exclusive-start id="2302" timestamp="2025-12-15T22:50:17.896" intervalms="24652.295">
  <response-info timems="0.129" idlems="0.129" threads="0" lastid="000000000085D500" lastname="Default Executor-thread-5" />
</exclusive-start>
<af-start id="2303" threadId="000000000085DF78" totalBytesRequested="32" timestamp="2025-12-15T22:50:17.898" intervalms="24653.761" type="nursery" />
<cycle-start id="2304" type="scavenge" contextid="0" timestamp="2025-12-15T22:50:17.899" intervalms="24654.043" />
<gc-start id="2305" type="scavenge" contextid="2304" timestamp="2025-12-15T22:50:17.901">
  <mem-info id="2306" free="45338272" total="306380800" percent="14">
    <mem type="nursery" free="0" total="154271744" percent="0">
      <mem type="allocate" free="0" total="122552320" percent="0" />
      <mem type="survivor" free="0" total="31719424" percent="0" />
    </mem>
    <mem type="tenure" free="45338272" total="152109056" percent="29">
      <mem type="soa" free="43816608" total="150587392" percent="29" />
      <mem type="loa" free="1521664" total="1521664" percent="100" />
    </mem>
    <remembered-set count="9964" />
  </mem-info>
</gc-start>
<allocation-stats totalBytes="110985392" discardedBytes="215448" >
  <allocated-bytes non-tlh="124936" tlh="110860456" />
  <largest-consumer threadName="Default Executor-thread-33" threadId="000000000187CD00" bytes="42144392" />
</allocation-stats>
<gc-op id="2307" type="scavenge" timems="10.555" contextid="2304" timestamp="2025-12-15T22:50:17.913">
  <scavenger-info tenureage="9" tenuremask="7e00" tiltratio="79" />
  <memory-copied type="nursery" objects="172627" bytes="9312408" bytesdiscarded="186312" />
  <finalization candidates="18" enqueued="12" />
  <ownableSynchronizers candidates="2833" cleared="2310" />
  <references type="soft" candidates="2570" cleared="0" enqueued="0" dynamicThreshold="9" maxThreshold="32" />
  <references type="weak" candidates="2793" cleared="402" enqueued="397" />
  <references type="phantom" candidates="387" cleared="6" enqueued="6" />
  <object-monitors candidates="174" cleared="0"  />
</gc-op>
<gc-end id="2308" type="scavenge" contextid="2304" durationms="13.502" usertimems="48.712" systemtimems="2.901" stalltimems="70.279" timestamp="2025-12-15T22:50:17.914" activeThreads="12">
  <mem-info id="2309" free="161915912" total="306380800" percent="52">
    <mem type="nursery" free="116577640" total="154271744" percent="75">
      <mem type="allocate" free="116577640" total="126091264" percent="92" />
      <mem type="survivor" free="0" total="28180480" percent="0" />
    </mem>
    <mem type="tenure" free="45338272" total="152109056" percent="29" macro-fragmented="27735676">
      <mem type="soa" free="43816608" total="150587392" percent="29" />
      <mem type="loa" free="1521664" total="1521664" percent="100" />
    </mem>
    <pending-finalizers system="12" default="0" reference="403" classloader="0" />
    <remembered-set count="7772" />
  </mem-info>
</gc-end>
<cycle-end id="2310" type="scavenge" contextid="2304" timestamp="2025-12-15T22:50:17.915" />
<allocation-satisfied id="2311" threadId="000000000085D500" bytesRequested="32" />
<af-end id="2312" timestamp="2025-12-15T22:50:17.917" threadId="000000000085DF78" success="true" from="nursery"/>
<exclusive-end id="2313" timestamp="2025-12-15T22:50:17.918" durationms="22.447" />

<exclusive-start id="2314" timestamp="2025-12-15T22:50:46.877" intervalms="28981.441">
  <response-info timems="0.065" idlems="0.065" threads="0" lastid="00000000018B1900" lastname="Default Executor-thread-32" />
</exclusive-start>
<af-start id="2315" threadId="00000000018B2378" totalBytesRequested="176" timestamp="2025-12-15T22:50:46.878" intervalms="28979.977" type="nursery" />
<cycle-start id="2316" type="scavenge" contextid="0" timestamp="2025-12-15T22:50:46.879" intervalms="28979.995" />
<gc-start id="2317" type="scavenge" contextid="2316" timestamp="2025-12-15T22:50:46.881">
  <mem-info id="2318" free="45042096" total="306380800" percent="14">
    <mem type="nursery" free="0" total="154271744" percent="0">
      <mem type="allocate" free="0" total="126091264" percent="0" />
      <mem type="survivor" free="0" total="28180480" percent="0" />
    </mem>
    <mem type="tenure" free="45042096" total="152109056" percent="29">
      <mem type="soa" free="43520432" total="150587392" percent="28" />
      <mem type="loa" free="1521664" total="1521664" percent="100" />
    </mem>
    <remembered-set count="11846" />
  </mem-info>
</gc-start>
<allocation-stats totalBytes="111822504" discardedBytes="5039040" >
  <allocated-bytes non-tlh="14574912" tlh="97247592" />
  <largest-consumer threadName="Default Executor-thread-35" threadId="00000000018B2500" bytes="50529000" />
</allocation-stats>
<gc-op id="2319" type="scavenge" timems="70.582" contextid="2316" timestamp="2025-12-15T22:50:46.953">
  <scavenger-info tenureage="10" tenuremask="7c00" tiltratio="81" />
  <memory-copied type="nursery" objects="191418" bytes="27855168" bytesdiscarded="287312" />
  <memory-copied type="tenure" objects="84" bytes="12903072" bytesdiscarded="0" />
  <copy-failed type="nursery" objects="84" bytes="12903072" />
  <finalization candidates="25" enqueued="20" />
  <ownableSynchronizers candidates="3029" cleared="2473" />
  <references type="soft" candidates="2801" cleared="0" enqueued="0" dynamicThreshold="9" maxThreshold="32" />
  <references type="weak" candidates="3869" cleared="907" enqueued="906" />
  <references type="phantom" candidates="373" cleared="14" enqueued="14" />
  <object-monitors candidates="182" cleared="3"  />
</gc-op>
<gc-end id="2320" type="scavenge" contextid="2316" durationms="79.635" usertimems="98.078" systemtimems="28.630" stalltimems="228.246" timestamp="2025-12-15T22:50:46.960" activeThreads="10">
  <mem-info id="2321" free="81115112" total="306380800" percent="26">
    <mem type="nursery" free="48976320" total="154271744" percent="31">
      <mem type="allocate" free="48976320" total="77135872" percent="63" />
      <mem type="survivor" free="0" total="77135872" percent="0" />
    </mem>
    <mem type="tenure" free="32138792" total="152109056" percent="21" macro-fragmented="0">
      <mem type="soa" free="30617128" total="150587392" percent="20" />
      <mem type="loa" free="1521664" total="1521664" percent="100" />
    </mem>
    <pending-finalizers system="20" default="0" reference="920" classloader="0" />
    <remembered-set count="9500" />
  </mem-info>
</gc-end>
<cycle-end id="2322" type="scavenge" contextid="2316" timestamp="2025-12-15T22:50:46.961" />
<allocation-satisfied id="2323" threadId="00000000018B1900" bytesRequested="176" />
<af-end id="2324" timestamp="2025-12-15T22:50:46.963" threadId="00000000018B2378" success="true" from="nursery"/>
<exclusive-end id="2325" timestamp="2025-12-15T22:50:46.964" durationms="86.677" />

<exclusive-start id="2326" timestamp="2025-12-15T22:51:54.603" intervalms="67725.262">
  <response-info timems="0.056" idlems="0.056" threads="0" lastid="00000000018BF600" lastname="Default Executor-thread-23" />
</exclusive-start>
<af-start id="2327" threadId="00000000018C0078" totalBytesRequested="168" timestamp="2025-12-15T22:51:54.604" intervalms="67725.356" type="nursery" />
<cycle-start id="2328" type="scavenge" contextid="0" timestamp="2025-12-15T22:51:54.605" intervalms="67725.627" />
<gc-start id="2329" type="scavenge" contextid="2328" timestamp="2025-12-15T22:51:54.607">
  <mem-info id="2330" free="32138264" total="306380800" percent="10">
    <mem type="nursery" free="0" total="154271744" percent="0">
      <mem type="allocate" free="0" total="77135872" percent="0" />
      <mem type="survivor" free="0" total="77135872" percent="0" />
    </mem>
    <mem type="tenure" free="32138264" total="152109056" percent="21">
      <mem type="soa" free="30616600" total="150587392" percent="20" />
      <mem type="loa" free="1521664" total="1521664" percent="100" />
    </mem>
    <remembered-set count="9784" />
  </mem-info>
</gc-start>
<allocation-stats totalBytes="48928232" discardedBytes="48616" >
  <allocated-bytes non-tlh="725800" tlh="48202432" />
  <largest-consumer threadName="Timer-7" threadId="0000000000FF9B00" bytes="8802336" />
</allocation-stats>
<gc-op id="2331" type="scavenge" timems="50.596" contextid="2328" timestamp="2025-12-15T22:51:54.660">
  <scavenger-info tenureage="9" tenuremask="7e00" tiltratio="50" />
  <memory-copied type="nursery" objects="190875" bytes="27851048" bytesdiscarded="331160" />
  <finalization candidates="5" enqueued="2" />
  <ownableSynchronizers candidates="6208" cleared="5663" />
  <references type="soft" candidates="2801" cleared="0" enqueued="0" dynamicThreshold="9" maxThreshold="32" />
  <references type="weak" candidates="3154" cleared="2" enqueued="1" />
  <references type="phantom" candidates="362" cleared="3" enqueued="3" />
  <object-monitors candidates="179" cleared="0"  />
</gc-op>
<gc-end id="2332" type="scavenge" contextid="2328" durationms="209.260" usertimems="75.364" systemtimems="28.246" stalltimems="126.730" timestamp="2025-12-15T22:51:54.816" activeThreads="12">
  <mem-info id="2333" free="81076272" total="306380800" percent="26">
    <mem type="nursery" free="48938008" total="154271744" percent="31">
      <mem type="allocate" free="48938008" total="77135872" percent="63" />
      <mem type="survivor" free="0" total="77135872" percent="0" />
    </mem>
    <mem type="tenure" free="32138264" total="152109056" percent="21" macro-fragmented="0">
      <mem type="soa" free="30616600" total="150587392" percent="20" />
      <mem type="loa" free="1521664" total="1521664" percent="100" />
    </mem>
    <pending-finalizers system="2" default="0" reference="4" classloader="0" />
    <remembered-set count="8874" />
  </mem-info>
</gc-end>
<cycle-end id="2334" type="scavenge" contextid="2328" timestamp="2025-12-15T22:51:54.818" />
<allocation-satisfied id="2335" threadId="00000000018BF600" bytesRequested="168" />
<af-end id="2336" timestamp="2025-12-15T22:51:54.820" threadId="00000000018C0078" success="true" from="nursery"/>
<exclusive-end id="2337" timestamp="2025-12-15T22:51:54.821" durationms="218.079" />

<exclusive-start id="2338" timestamp="2025-12-15T22:53:16.819" intervalms="82215.996">
  <response-info timems="0.141" idlems="0.141" threads="0" lastid="0000000000FF9B00" lastname="Timer-7" />
</exclusive-start>
<af-start id="2339" threadId="0000000000FFA578" totalBytesRequested="3840" timestamp="2025-12-15T22:53:16.821" intervalms="82217.240" type="nursery" />
<cycle-start id="2340" type="scavenge" contextid="0" timestamp="2025-12-15T22:53:16.823" intervalms="82218.100" />
<gc-start id="2341" type="scavenge" contextid="2340" timestamp="2025-12-15T22:53:16.826">
  <mem-info id="2342" free="32137528" total="306380800" percent="10">
    <mem type="nursery" free="0" total="154271744" percent="0">
      <mem type="allocate" free="0" total="77135872" percent="0" />
      <mem type="survivor" free="0" total="77135872" percent="0" />
    </mem>
    <mem type="tenure" free="32137528" total="152109056" percent="21">
      <mem type="soa" free="30615864" total="150587392" percent="20" />
      <mem type="loa" free="1521664" total="1521664" percent="100" />
    </mem>
    <remembered-set count="8939" />
  </mem-info>
</gc-start>
<allocation-stats totalBytes="48915352" discardedBytes="23392" >
  <allocated-bytes non-tlh="904" tlh="48914448" />
  <largest-consumer threadName="Timer-7" threadId="0000000000FF9B00" bytes="11458104" />
</allocation-stats>
<gc-op id="2343" type="scavenge" timems="84.827" contextid="2340" timestamp="2025-12-15T22:53:16.915">
  <scavenger-info tenureage="2" tenuremask="ffdc" tiltratio="50" />
  <memory-copied type="nursery" objects="20023" bytes="1140160" bytesdiscarded="1018448" />
  <memory-copied type="tenure" objects="171409" bytes="26748176" bytesdiscarded="55736" />
  <finalization candidates="4" enqueued="0" />
  <ownableSynchronizers candidates="7449" cleared="6903" />
  <references type="soft" candidates="367" cleared="0" enqueued="0" dynamicThreshold="9" maxThreshold="32" />
  <references type="weak" candidates="680" cleared="4" enqueued="1" />
  <references type="phantom" candidates="252" cleared="146" enqueued="146" />
  <object-monitors candidates="179" cleared="0"  />
</gc-op>
<gc-end id="2344" type="scavenge" contextid="2340" durationms="120.010" usertimems="281.455" systemtimems="95.778" stalltimems="120.199" timestamp="2025-12-15T22:53:16.946" activeThreads="15">
  <mem-info id="2345" free="84337032" total="306380800" percent="27">
    <mem type="nursery" free="79759880" total="154271744" percent="51">
      <mem type="allocate" free="79759880" total="81920000" percent="97" />
      <mem type="survivor" free="0" total="72351744" percent="0" />
    </mem>
    <mem type="tenure" free="4577152" total="152109056" percent="3" macro-fragmented="3252878">
      <mem type="soa" free="4284328" total="150587392" percent="2" />
      <mem type="loa" free="292824" total="1521664" percent="19" />
    </mem>
    <pending-finalizers system="0" default="0" reference="147" classloader="0" />
    <remembered-set count="2107" />
  </mem-info>
</gc-end>
<cycle-end id="2346" type="scavenge" contextid="2340" timestamp="2025-12-15T22:53:16.948" />
<allocation-satisfied id="2347" threadId="0000000000FF9B00" bytesRequested="3840" />
<af-end id="2348" timestamp="2025-12-15T22:53:16.950" threadId="0000000000FFA578" success="true" from="nursery"/>
<exclusive-end id="2349" timestamp="2025-12-15T22:53:16.951" durationms="132.204" />

<concurrent-kickoff id="2350" timestamp="2025-12-15T22:55:11.705">
  <kickoff reason="threshold reached" targetBytes="80840871" thresholdFreeBytes="11145947"  remainingFree="11143944" tenureFreeBytes="4576416" nurseryFreeBytes="11143944" />
</concurrent-kickoff>
<exclusive-start id="2351" timestamp="2025-12-15T22:55:12.213" intervalms="115394.888">
  <response-info timems="0.089" idlems="0.089" threads="0" lastid="0000000001969D00" lastname="Default Executor-thread-21" />
</exclusive-start>
<cycle-start id="2352" type="global" contextid="0" timestamp="2025-12-15T22:55:12.215" intervalms="319964.828" />
<concurrent-start id="2353" type="global mark" contextid="2352" timestamp="2025-12-15T22:55:12.216">
</concurrent-start>
<exclusive-end id="2354" timestamp="2025-12-15T22:55:12.217" durationms="3.906" />

<concurrent-end id="2355" type="global mark" contextid="2352" timestamp="2025-12-15T22:55:30.216">
<gc-op id="2356" type="trace" timems="18000.475" contextid="2352" timestamp="2025-12-15T22:55:30.216">
  <trace bytesTraced="72017288" workStackOverflowCount="0" />
  <card-cleaning reason="card cleaning threshold reached" bytesTraced="50628" cardsCleaned="193" />
</gc-op>
</concurrent-end>

<exclusive-start id="2357" timestamp="2025-12-15T22:55:30.221" intervalms="18007.502">
  <response-info timems="0.089" idlems="0.089" threads="0" lastid="0000000001973E00" lastname="Default Executor-thread-16" />
</exclusive-start>
<concurrent-global-final id="2358" timestamp="2025-12-15T22:55:30.223" contextid="2352" intervalms="439925.722" >
  <concurrent-trace-info reason="card cleaning threshold reached" tracedByMutators="768224" tracedByHelpers="71299692" cardsCleaned="193" workStackOverflowCount="0" />
</concurrent-global-final>
<gc-start id="2359" type="global" contextid="2352" timestamp="2025-12-15T22:55:30.227">
  <mem-info id="2360" free="5451688" total="306380800" percent="1">
    <mem type="nursery" free="875272" total="154271744" percent="0">
      <mem type="allocate" free="875272" total="81920000" percent="1" />
      <mem type="survivor" free="0" total="72351744" percent="0" />
    </mem>
    <mem type="tenure" free="4576416" total="152109056" percent="3">
      <mem type="soa" free="4283592" total="150587392" percent="2" />
      <mem type="loa" free="292824" total="1521664" percent="19" />
    </mem>
    <remembered-set count="2221" />
  </mem-info>
</gc-start>
<allocation-stats totalBytes="78851456" discardedBytes="33888" >
  <allocated-bytes non-tlh="4576" tlh="78846880" />
  <largest-consumer threadName="Timer-7" threadId="0000000000FF9B00" bytes="19647336" />
</allocation-stats>
<gc-op id="2361" type="rs-scan" timems="7.401" contextid="2352" timestamp="2025-12-15T22:55:30.239">
  <scan objectsFound="24929" bytesTraced="1157512" workStackOverflowCount="0" />
</gc-op>
<gc-op id="2362" type="card-cleaning" timems="1.974" contextid="2352" timestamp="2025-12-15T22:55:30.243">
  <card-cleaning cardsCleaned="107" bytesTraced="151332" workStackOverflowCount="0" />
</gc-op>
<gc-op id="2363" type="mark" timems="95.913" contextid="2352" timestamp="2025-12-15T22:55:30.341">
  <trace-info objectcount="1970" scancount="1846" scanbytes="55584" />
  <finalization candidates="909" enqueued="2" />
  <ownableSynchronizers candidates="21062" cleared="11221" />
  <references type="soft" candidates="19986" cleared="1279" enqueued="1274" dynamicThreshold="9" maxThreshold="32" />
  <references type="weak" candidates="19966" cleared="12" enqueued="8" />
  <references type="phantom" candidates="1622" cleared="152" enqueued="152" />
  <stringconstants candidates="58905" cleared="145"  />
  <object-monitors candidates="179" cleared="4"  />
</gc-op>
<gc-op id="2364" type="classunload" timems="4.075" contextid="2352" timestamp="2025-12-15T22:55:30.346">
  <classunload-info classloadercandidates="613" classloadersunloaded="7" classesunloaded="1" anonymousclassesunloaded="0" quiescems="0.000" setupms="4.015" scanms="0.038" postms="0.022" />
</gc-op>
<gc-op id="2365" type="sweep" timems="10.827" contextid="2352" timestamp="2025-12-15T22:55:30.358" />
<heap-resize id="2366" type="expand" space="tenure" amount="56754176" count="1" timems="0.793" reason="insufficient free space following gc" timestamp="2025-12-15T22:55:30.360" />
<gc-end id="2367" type="global" contextid="2352" durationms="219.891" usertimems="214.829" systemtimems="76.737" stalltimems="961.432" timestamp="2025-12-15T22:55:30.447" activeThreads="20">
  <mem-info id="2368" free="143272048" total="363134976" percent="39">
    <mem type="nursery" free="80588168" total="154271744" percent="52">
      <mem type="allocate" free="80588168" total="81920000" percent="98" />
      <mem type="survivor" free="0" total="72351744" percent="0" />
    </mem>
    <mem type="tenure" free="62683880" total="208863232" percent="30" micro-fragmented="4422346" macro-fragmented="4571890">
      <mem type="soa" free="60594920" total="206774272" percent="29" />
      <mem type="loa" free="2088960" total="2088960" percent="100" />
    </mem>
    <pending-finalizers system="2" default="0" reference="1434" classloader="0" />
    <remembered-set count="2143" />
  </mem-info>
</gc-end>
<cycle-end id="2369" type="global" contextid="2352" timestamp="2025-12-15T22:55:30.449" />
<exclusive-end id="2370" timestamp="2025-12-15T22:55:30.450" durationms="229.030" />

<exclusive-start id="2371" timestamp="2025-12-15T22:57:45.805" intervalms="135583.844">
  <response-info timems="0.172" idlems="0.172" threads="0" lastid="000000000181BE00" lastname="Default Executor-thread-13" />
</exclusive-start>
<af-start id="2372" threadId="000000000181C878" totalBytesRequested="40" timestamp="2025-12-15T22:57:45.807" intervalms="268985.957" type="nursery" />
<cycle-start id="2373" type="scavenge" contextid="0" timestamp="2025-12-15T22:57:45.809" intervalms="268985.862" />
<gc-start id="2374" type="scavenge" contextid="2373" timestamp="2025-12-15T22:57:45.812">
  <mem-info id="2375" free="62680736" total="363134976" percent="17">
    <mem type="nursery" free="0" total="154271744" percent="0">
      <mem type="allocate" free="0" total="81920000" percent="0" />
      <mem type="survivor" free="0" total="72351744" percent="0" />
    </mem>
    <mem type="tenure" free="62680736" total="208863232" percent="30">
      <mem type="soa" free="60591776" total="206774272" percent="29" />
      <mem type="loa" free="2088960" total="2088960" percent="100" />
    </mem>
    <remembered-set count="3879" />
  </mem-info>
</gc-start>
<allocation-stats totalBytes="80546288" discardedBytes="42752" >
  <allocated-bytes non-tlh="9672" tlh="80536616" />
  <largest-consumer threadName="Timer-7" threadId="0000000000FF9B00" bytes="19855464" />
</allocation-stats>
<gc-op id="2376" type="scavenge" timems="18.953" contextid="2373" timestamp="2025-12-15T22:57:45.834">
  <scavenger-info tenureage="9" tenuremask="fe00" tiltratio="53" />
  <memory-copied type="nursery" objects="19511" bytes="1086096" bytesdiscarded="733424" />
  <finalization candidates="3" enqueued="2" />
  <ownableSynchronizers candidates="31053" cleared="30957" />
  <references type="soft" candidates="357" cleared="0" enqueued="0" dynamicThreshold="9" maxThreshold="32" />
  <references type="weak" candidates="712" cleared="4" enqueued="1" />
  <references type="phantom" candidates="260" cleared="152" enqueued="152" />
  <object-monitors candidates="175" cleared="0"  />
</gc-op>
<gc-end id="2377" type="scavenge" contextid="2373" durationms="85.221" usertimems="36.931" systemtimems="24.867" stalltimems="212.332" timestamp="2025-12-15T22:57:45.897" activeThreads="20">
  <mem-info id="2378" free="157000936" total="363134976" percent="43">
    <mem type="nursery" free="94320200" total="154271744" percent="61">
      <mem type="allocate" free="94320200" total="96141312" percent="98" />
      <mem type="survivor" free="0" total="58130432" percent="0" />
    </mem>
    <mem type="tenure" free="62680736" total="208863232" percent="30" macro-fragmented="168253">
      <mem type="soa" free="60591776" total="206774272" percent="29" />
      <mem type="loa" free="2088960" total="2088960" percent="100" />
    </mem>
    <pending-finalizers system="2" default="0" reference="153" classloader="0" />
    <remembered-set count="3357" />
  </mem-info>
</gc-end>
<cycle-end id="2379" type="scavenge" contextid="2373" timestamp="2025-12-15T22:57:45.899" />
<allocation-satisfied id="2380" threadId="000000000181BE00" bytesRequested="40" />
<af-end id="2381" timestamp="2025-12-15T22:57:45.901" threadId="000000000181C878" success="true" from="nursery"/>
<exclusive-end id="2382" timestamp="2025-12-15T22:57:45.901" durationms="96.582" />

<exclusive-start id="2383" timestamp="2025-12-15T23:00:23.593" intervalms="157787.847">
  <response-info timems="0.104" idlems="0.104" threads="0" lastid="00000000019E7900" lastname="Default Executor-thread-28" />
</exclusive-start>
<af-start id="2384" threadId="00000000019E8378" totalBytesRequested="40" timestamp="2025-12-15T23:00:23.595" intervalms="157787.931" type="nursery" />
<cycle-start id="2385" type="scavenge" contextid="0" timestamp="2025-12-15T23:00:23.597" intervalms="157787.959" />
<gc-start id="2386" type="scavenge" contextid="2385" timestamp="2025-12-15T23:00:23.599">
  <mem-info id="2387" free="62679240" total="363134976" percent="17">
    <mem type="nursery" free="0" total="154271744" percent="0">
      <mem type="allocate" free="0" total="96141312" percent="0" />
      <mem type="survivor" free="0" total="58130432" percent="0" />
    </mem>
    <mem type="tenure" free="62679240" total="208863232" percent="30">
      <mem type="soa" free="60590280" total="206774272" percent="29" />
      <mem type="loa" free="2088960" total="2088960" percent="100" />
    </mem>
    <remembered-set count="3479" />
  </mem-info>
</gc-start>
<allocation-stats totalBytes="94288216" discardedBytes="32720" >
  <allocated-bytes non-tlh="776" tlh="94287440" />
  <largest-consumer threadName="Timer-7" threadId="0000000000FF9B00" bytes="24575736" />
</allocation-stats>
<gc-op id="2388" type="scavenge" timems="29.151" contextid="2385" timestamp="2025-12-15T23:00:23.632">
  <scavenger-info tenureage="4" tenuremask="ff70" tiltratio="62" />
  <memory-copied type="nursery" objects="19535" bytes="1089744" bytesdiscarded="608720" />
  <finalization candidates="3" enqueued="3" />
  <ownableSynchronizers candidates="13322" cleared="13230" />
  <references type="soft" candidates="357" cleared="0" enqueued="0" dynamicThreshold="9" maxThreshold="32" />
  <references type="weak" candidates="730" cleared="6" enqueued="3" />
  <references type="phantom" candidates="260" cleared="154" enqueued="154" />
  <object-monitors candidates="175" cleared="0"  />
</gc-op>
<gc-end id="2389" type="scavenge" contextid="2385" durationms="54.740" usertimems="30.591" systemtimems="32.063" stalltimems="256.957" timestamp="2025-12-15T23:00:23.654" activeThreads="16">
  <mem-info id="2390" free="168458344" total="363134976" percent="46">
    <mem type="nursery" free="105779104" total="154271744" percent="68">
      <mem type="allocate" free="105779104" total="107479040" percent="98" />
      <mem type="survivor" free="0" total="46792704" percent="0" />
    </mem>
    <mem type="tenure" free="62679240" total="208863232" percent="30" macro-fragmented="33282812">
      <mem type="soa" free="60590280" total="206774272" percent="29" />
      <mem type="loa" free="2088960" total="2088960" percent="100" />
    </mem>
    <pending-finalizers system="3" default="0" reference="157" classloader="0" />
    <remembered-set count="3368" />
  </mem-info>
</gc-end>
<cycle-end id="2391" type="scavenge" contextid="2385" timestamp="2025-12-15T23:00:23.655" />
<allocation-satisfied id="2392" threadId="00000000019E7900" bytesRequested="40" />
<af-end id="2393" timestamp="2025-12-15T23:00:23.657" threadId="00000000019E8378" success="true" from="nursery"/>
<exclusive-end id="2394" timestamp="2025-12-15T23:00:23.657" durationms="64.170" />

<exclusive-start id="2395" timestamp="2025-12-15T23:03:18.082" intervalms="174489.215">
  <response-info timems="0.070" idlems="0.070" threads="0" lastid="00000000019AFF00" lastname="Default Executor-thread-43" />
</exclusive-start>
<af-start id="2396" threadId="00000000019B0978" totalBytesRequested="32" timestamp="2025-12-15T23:03:18.084" intervalms="174489.329" type="nursery" />
<cycle-start id="2397" type="scavenge" contextid="0" timestamp="2025-12-15T23:03:18.086" intervalms="174489.257" />
<gc-start id="2398" type="scavenge" contextid="2397" timestamp="2025-12-15T23:03:18.088">
  <mem-info id="2399" free="62674160" total="363134976" percent="17">
    <mem type="nursery" free="0" total="154271744" percent="0">
      <mem type="allocate" free="0" total="107479040" percent="0" />
      <mem type="survivor" free="0" total="46792704" percent="0" />
    </mem>
    <mem type="tenure" free="62674160" total="208863232" percent="30">
      <mem type="soa" free="60585200" total="206774272" percent="29" />
      <mem type="loa" free="2088960" total="2088960" percent="100" />
    </mem>
    <remembered-set count="3613" />
  </mem-info>
</gc-start>
<allocation-stats totalBytes="105731000" discardedBytes="50176" >
  <allocated-bytes non-tlh="2112" tlh="105728888" />
  <largest-consumer threadName="Timer-7" threadId="0000000000FF9B00" bytes="26787304" />
</allocation-stats>
<gc-op id="2400" type="scavenge" timems="11.453" contextid="2397" timestamp="2025-12-15T23:03:18.102">
  <scavenger-info tenureage="3" tenuremask="ffe8" tiltratio="69" />
  <memory-copied type="nursery" objects="5057" bytes="230848" bytesdiscarded="1413416" />
  <memory-copied type="tenure" objects="15481" bytes="912864" bytesdiscarded="9040" />
  <finalization candidates="4" enqueued="3" />
  <ownableSynchronizers candidates="14795" cleared="14673" />
  <references type="soft" candidates="1" cleared="0" enqueued="0" dynamicThreshold="9" maxThreshold="32" />
  <references type="weak" candidates="291" cleared="7" enqueued="2" />
  <references type="phantom" candidates="307" cleared="302" enqueued="302" />
  <object-monitors candidates="215" cleared="21"  />
</gc-op>
<gc-end id="2401" type="scavenge" contextid="2397" durationms="29.056" usertimems="19.935" systemtimems="16.310" stalltimems="78.880" timestamp="2025-12-15T23:03:18.117" activeThreads="14">
  <mem-info id="2402" free="176673072" total="363134976" percent="48">
    <mem type="nursery" free="114943488" total="154271744" percent="74">
      <mem type="allocate" free="114943488" total="116588544" percent="98" />
      <mem type="survivor" free="0" total="37683200" percent="0" />
    </mem>
    <mem type="tenure" free="61729584" total="208863232" percent="29" macro-fragmented="39939376">
      <mem type="soa" free="59640624" total="206774272" percent="28" />
      <mem type="loa" free="2088960" total="2088960" percent="100" />
    </mem>
    <pending-finalizers system="3" default="0" reference="304" classloader="0" />
    <remembered-set count="965" />
  </mem-info>
</gc-end>
<cycle-end id="2403" type="scavenge" contextid="2397" timestamp="2025-12-15T23:03:18.119" />
<allocation-satisfied id="2404" threadId="00000000019AFF00" bytesRequested="32" />
<af-end id="2405" timestamp="2025-12-15T23:03:18.122" threadId="00000000019B0978" success="true" from="nursery"/>
<exclusive-end id="2406" timestamp="2025-12-15T23:03:18.123" durationms="40.757" />

<exclusive-start id="2407" timestamp="2025-12-15T23:06:33.810" intervalms="195727.757">
  <response-info timems="0.091" idlems="0.091" threads="0" lastid="000000000181B200" lastname="Default Executor-thread-34" />
</exclusive-start>
<af-start id="2408" threadId="000000000181BC78" totalBytesRequested="32" timestamp="2025-12-15T23:06:33.811" intervalms="195727.479" type="nursery" />
<cycle-start id="2409" type="scavenge" contextid="0" timestamp="2025-12-15T23:06:33.813" intervalms="195726.975" />
<gc-start id="2410" type="scavenge" contextid="2409" timestamp="2025-12-15T23:06:33.815">
  <mem-info id="2411" free="61728848" total="363134976" percent="16">
    <mem type="nursery" free="0" total="154271744" percent="0">
      <mem type="allocate" free="0" total="116588544" percent="0" />
      <mem type="survivor" free="0" total="37683200" percent="0" />
    </mem>
    <mem type="tenure" free="61728848" total="208863232" percent="29">
      <mem type="soa" free="59639888" total="206774272" percent="28" />
      <mem type="loa" free="2088960" total="2088960" percent="100" />
    </mem>
    <remembered-set count="1160" />
  </mem-info>
</gc-start>
<allocation-stats totalBytes="114902720" discardedBytes="41504" >
  <allocated-bytes non-tlh="768" tlh="114901952" />
  <largest-consumer threadName="Timer-7" threadId="0000000000FF9B00" bytes="28731424" />
</allocation-stats>
<gc-op id="2412" type="scavenge" timems="44.015" contextid="2409" timestamp="2025-12-15T23:06:33.862">
  <scavenger-info tenureage="6" tenuremask="fdc0" tiltratio="75" />
  <memory-copied type="nursery" objects="4686" bytes="231144" bytesdiscarded="371360" />
  <finalization candidates="3" enqueued="3" />
  <ownableSynchronizers candidates="16500" cleared="16410" />
  <references type="soft" candidates="1" cleared="0" enqueued="0" dynamicThreshold="9" maxThreshold="32" />
  <references type="weak" candidates="317" cleared="4" enqueued="1" />
  <references type="phantom" candidates="160" cleared="154" enqueued="154" />
  <object-monitors candidates="194" cleared="0"  />
</gc-op>
<gc-end id="2413" type="scavenge" contextid="2409" durationms="59.213" usertimems="13.491" systemtimems="22.589" stalltimems="136.441" timestamp="2025-12-15T23:06:33.875" activeThreads="12">
  <mem-info id="2414" free="185185616" total="363134976" percent="50">
    <mem type="nursery" free="123456768" total="154271744" percent="80">
      <mem type="allocate" free="123456768" total="124059648" percent="99" />
      <mem type="survivor" free="0" total="30212096" percent="0" />
    </mem>
    <mem type="tenure" free="61728848" total="208863232" percent="29" macro-fragmented="47927252">
      <mem type="soa" free="59639888" total="206774272" percent="28" />
      <mem type="loa" free="2088960" total="2088960" percent="100" />
    </mem>
    <pending-finalizers system="3" default="0" reference="155" classloader="0" />
    <remembered-set count="892" />
  </mem-info>
</gc-end>
<cycle-end id="2415" type="scavenge" contextid="2409" timestamp="2025-12-15T23:06:33.877" />
<allocation-satisfied id="2416" threadId="000000000181B200" bytesRequested="32" />
<af-end id="2417" timestamp="2025-12-15T23:06:33.880" threadId="000000000181BC78" success="true" from="nursery"/>
<exclusive-end id="2418" timestamp="2025-12-15T23:06:33.881" durationms="71.613" />

<exclusive-start id="2419" timestamp="2025-12-15T23:10:01.917" intervalms="208107.366">
  <response-info timems="0.150" idlems="0.150" threads="0" lastid="000000000187CD00" lastname="Default Executor-thread-33" />
</exclusive-start>
<af-start id="2420" threadId="000000000187D778" totalBytesRequested="128" timestamp="2025-12-15T23:10:01.919" intervalms="208107.859" type="nursery" />
<cycle-start id="2421" type="scavenge" contextid="0" timestamp="2025-12-15T23:10:01.922" intervalms="208109.067" />
<gc-start id="2422" type="scavenge" contextid="2421" timestamp="2025-12-15T23:10:01.925">
  <mem-info id="2423" free="61726616" total="363134976" percent="16">
    <mem type="nursery" free="0" total="154271744" percent="0">
      <mem type="allocate" free="0" total="124059648" percent="0" />
      <mem type="survivor" free="0" total="30212096" percent="0" />
    </mem>
    <mem type="tenure" free="61726616" total="208863232" percent="29">
      <mem type="soa" free="59637656" total="206774272" percent="28" />
      <mem type="loa" free="2088960" total="2088960" percent="100" />
    </mem>
    <remembered-set count="1132" />
  </mem-info>
</gc-start>
<allocation-stats totalBytes="123422232" discardedBytes="36008" >
  <allocated-bytes non-tlh="1504" tlh="123420728" />
  <largest-consumer threadName="Timer-7" threadId="0000000000FF9B00" bytes="31139672" />
</allocation-stats>
<gc-op id="2424" type="scavenge" timems="32.166" contextid="2421" timestamp="2025-12-15T23:10:01.960">
  <scavenger-info tenureage="4" tenuremask="ffb0" tiltratio="80" />
  <memory-copied type="nursery" objects="5452" bytes="263872" bytesdiscarded="455456" />
  <memory-copied type="tenure" objects="453" bytes="29808" bytesdiscarded="1848" />
  <finalization candidates="4" enqueued="3" />
  <ownableSynchronizers candidates="17581" cleared="17482" />
  <references type="soft" candidates="1" cleared="0" enqueued="0" dynamicThreshold="9" maxThreshold="32" />
  <references type="weak" candidates="367" cleared="6" enqueued="1" />
  <references type="phantom" candidates="312" cleared="302" enqueued="302" />
  <object-monitors candidates="194" cleared="0"  />
</gc-op>
<gc-end id="2425" type="scavenge" contextid="2421" durationms="43.809" usertimems="0.000" systemtimems="36.693" stalltimems="146.538" timestamp="2025-12-15T23:10:01.969" activeThreads="14">
  <mem-info id="2426" free="190990064" total="363134976" percent="52">
    <mem type="nursery" free="129303544" total="154271744" percent="83">
      <mem type="allocate" free="129303544" total="130023424" percent="99" />
      <mem type="survivor" free="0" total="24248320" percent="0" />
    </mem>
    <mem type="tenure" free="61686520" total="208863232" percent="29" macro-fragmented="47927252">
      <mem type="soa" free="59597560" total="206774272" percent="28" />
      <mem type="loa" free="2088960" total="2088960" percent="100" />
    </mem>
    <pending-finalizers system="3" default="0" reference="303" classloader="0" />
    <remembered-set count="860" />
  </mem-info>
</gc-end>
<cycle-end id="2427" type="scavenge" contextid="2421" timestamp="2025-12-15T23:10:01.970" />
<allocation-satisfied id="2428" threadId="000000000187CD00" bytesRequested="128" />
<af-end id="2429" timestamp="2025-12-15T23:10:01.971" threadId="000000000187D778" success="true" from="nursery"/>
<exclusive-end id="2430" timestamp="2025-12-15T23:10:01.972" durationms="54.919" />

<exclusive-start id="2431" timestamp="2025-12-15T23:13:40.192" intervalms="218275.342">
  <response-info timems="0.108" idlems="0.108" threads="0" lastid="00000000018B4B00" lastname="Default Executor-thread-11" />
</exclusive-start>
<af-start id="2432" threadId="00000000018B5578" totalBytesRequested="176" timestamp="2025-12-15T23:13:40.195" intervalms="218275.297" type="nursery" />
<cycle-start id="2433" type="scavenge" contextid="0" timestamp="2025-12-15T23:13:40.197" intervalms="218274.828" />
<gc-start id="2434" type="scavenge" contextid="2433" timestamp="2025-12-15T23:13:40.199">
  <mem-info id="2435" free="61685416" total="363134976" percent="16">
    <mem type="nursery" free="0" total="154271744" percent="0">
      <mem type="allocate" free="0" total="130023424" percent="0" />
      <mem type="survivor" free="0" total="24248320" percent="0" />
    </mem>
    <mem type="tenure" free="61685416" total="208863232" percent="29">
      <mem type="soa" free="59596456" total="206774272" percent="28" />
      <mem type="loa" free="2088960" total="2088960" percent="100" />
    </mem>
    <remembered-set count="1105" />
  </mem-info>
</gc-start>
<allocation-stats totalBytes="129251688" discardedBytes="52960" >
  <allocated-bytes non-tlh="1232" tlh="129250456" />
  <largest-consumer threadName="Timer-7" threadId="0000000000FF9B00" bytes="30961824" />
</allocation-stats>
<gc-op id="2436" type="scavenge" timems="24.624" contextid="2433" timestamp="2025-12-15T23:13:40.226">
  <scavenger-info tenureage="6" tenuremask="ffc0" tiltratio="84" />
  <memory-copied type="nursery" objects="4547" bytes="194040" bytesdiscarded="679816" />
  <memory-copied type="tenure" objects="763" bytes="46912" bytesdiscarded="1800" />
  <finalization candidates="5" enqueued="4" />
  <ownableSynchronizers candidates="18504" cleared="18402" />
  <references type="soft" candidates="1" cleared="0" enqueued="0" dynamicThreshold="9" maxThreshold="32" />
  <references type="weak" candidates="121" cleared="22" enqueued="19" />
  <references type="phantom" candidates="307" cleared="304" enqueued="304" />
  <object-monitors candidates="275" cleared="73"  />
</gc-op>
<gc-end id="2437" type="scavenge" contextid="2433" durationms="35.566" usertimems="3.740" systemtimems="22.465" stalltimems="164.975" timestamp="2025-12-15T23:13:40.235" activeThreads="15">
  <mem-info id="2438" free="195553096" total="363134976" percent="53">
    <mem type="nursery" free="133932800" total="154271744" percent="86">
      <mem type="allocate" free="133932800" total="134807552" percent="99" />
      <mem type="survivor" free="0" total="19464192" percent="0" />
    </mem>
    <mem type="tenure" free="61620296" total="208863232" percent="29" macro-fragmented="47927252">
      <mem type="soa" free="59531336" total="206774272" percent="28" />
      <mem type="loa" free="2088960" total="2088960" percent="100" />
    </mem>
    <pending-finalizers system="4" default="0" reference="323" classloader="0" />
    <remembered-set count="806" />
  </mem-info>
</gc-end>
<cycle-end id="2439" type="scavenge" contextid="2433" timestamp="2025-12-15T23:13:40.236" />
<allocation-satisfied id="2440" threadId="00000000018B4B00" bytesRequested="176" />
<af-end id="2441" timestamp="2025-12-15T23:13:40.237" threadId="00000000018B5578" success="true" from="nursery"/>
<exclusive-end id="2442" timestamp="2025-12-15T23:13:40.237" durationms="45.107" />

<exclusive-start id="2443" timestamp="2025-12-15T23:17:25.741" intervalms="225549.014">
  <response-info timems="0.069" idlems="0.069" threads="0" lastid="0000000001959800" lastname="Default Executor-thread-62" />
</exclusive-start>
<af-start id="2444" threadId="000000000195A278" totalBytesRequested="40" timestamp="2025-12-15T23:17:25.743" intervalms="225548.133" type="nursery" />
<cycle-start id="2445" type="scavenge" contextid="0" timestamp="2025-12-15T23:17:25.744" intervalms="225547.439" />
<gc-start id="2446" type="scavenge" contextid="2445" timestamp="2025-12-15T23:17:25.746">
  <mem-info id="2447" free="61618712" total="363134976" percent="16">
    <mem type="nursery" free="0" total="154271744" percent="0">
      <mem type="allocate" free="0" total="134807552" percent="0" />
      <mem type="survivor" free="0" total="19464192" percent="0" />
    </mem>
    <mem type="tenure" free="61618712" total="208863232" percent="29">
      <mem type="soa" free="59529752" total="206774272" percent="28" />
      <mem type="loa" free="2088960" total="2088960" percent="100" />
    </mem>
    <remembered-set count="1079" />
  </mem-info>
</gc-start>
<allocation-stats totalBytes="133875944" discardedBytes="58440" >
  <allocated-bytes non-tlh="34536" tlh="133841408" />
  <largest-consumer threadName="Timer-7" threadId="0000000000FF9B00" bytes="33440576" />
</allocation-stats>
<gc-op id="2448" type="scavenge" timems="13.940" contextid="2445" timestamp="2025-12-15T23:17:25.762">
  <scavenger-info tenureage="5" tenuremask="fee0" tiltratio="87" />
  <memory-copied type="nursery" objects="4925" bytes="230680" bytesdiscarded="305960" />
  <memory-copied type="tenure" objects="127" bytes="8088" bytesdiscarded="336" />
  <finalization candidates="5" enqueued="4" />
  <ownableSynchronizers candidates="19103" cleared="18987" />
  <references type="soft" candidates="1" cleared="0" enqueued="0" dynamicThreshold="9" maxThreshold="32" />
  <references type="weak" candidates="213" cleared="5" enqueued="1" />
  <references type="phantom" candidates="310" cleared="304" enqueued="304" />
  <object-monitors candidates="262" cleared="52"  />
</gc-op>
<gc-end id="2449" type="scavenge" contextid="2445" durationms="23.077" usertimems="11.778" systemtimems="5.602" stalltimems="68.977" timestamp="2025-12-15T23:17:25.769" activeThreads="14">
  <mem-info id="2450" free="199674424" total="363134976" percent="54">
    <mem type="nursery" free="138071040" total="154271744" percent="89">
      <mem type="allocate" free="138071040" total="138608640" percent="99" />
      <mem type="survivor" free="0" total="15663104" percent="0" />
    </mem>
    <mem type="tenure" free="61603384" total="208863232" percent="29" macro-fragmented="0">
      <mem type="soa" free="59514424" total="206774272" percent="28" />
      <mem type="loa" free="2088960" total="2088960" percent="100" />
    </mem>
    <pending-finalizers system="4" default="0" reference="305" classloader="0" />
    <remembered-set count="790" />
  </mem-info>
</gc-end>
<cycle-end id="2451" type="scavenge" contextid="2445" timestamp="2025-12-15T23:17:25.770" />
<allocation-satisfied id="2452" threadId="0000000001959800" bytesRequested="40" />
<af-end id="2453" timestamp="2025-12-15T23:17:25.771" threadId="000000000195A278" success="true" from="nursery"/>
<exclusive-end id="2454" timestamp="2025-12-15T23:17:25.771" durationms="29.758" />

<exclusive-start id="2455" timestamp="2025-12-15T23:20:44.891" intervalms="199149.436">
  <response-info timems="0.072" idlems="0.072" threads="0" lastid="00000000001D0800" lastname="VM Runtime State Listener" />
</exclusive-start>
<sys-start reason="vm idle" id="2456" timestamp="2025-12-15T23:20:44.892" intervalms="1978141.423" />
<cycle-start id="2457" type="global" contextid="0" timestamp="2025-12-15T23:20:44.893" intervalms="1532678.676" />
<gc-start id="2458" type="global" contextid="2457" timestamp="2025-12-15T23:20:44.895">
  <mem-info id="2459" free="81891256" total="363134976" percent="22">
    <mem type="nursery" free="20290520" total="154271744" percent="13">
      <mem type="allocate" free="20290520" total="138608640" percent="14" />
      <mem type="survivor" free="0" total="15663104" percent="0" />
    </mem>
    <mem type="tenure" free="61600736" total="208863232" percent="29">
      <mem type="soa" free="59511776" total="206774272" percent="28" />
      <mem type="loa" free="2088960" total="2088960" percent="100" />
    </mem>
    <remembered-set count="1051" />
  </mem-info>
</gc-start>
<allocation-stats totalBytes="117741656" discardedBytes="40752" >
  <allocated-bytes non-tlh="1928" tlh="117739728" />
  <largest-consumer threadName="Timer-7" threadId="0000000000FF9B00" bytes="28767560" />
</allocation-stats>
<gc-op id="2460" type="mark" timems="60.043" contextid="2457" timestamp="2025-12-15T23:20:44.957">
  <trace-info objectcount="2236599" scancount="1932615" scanbytes="72452776" />
  <finalization candidates="911" enqueued="4" />
  <ownableSynchronizers candidates="26637" cleared="16785" />
  <references type="soft" candidates="18686" cleared="1699" enqueued="1686" dynamicThreshold="9" maxThreshold="32" />
  <references type="weak" candidates="18425" cleared="241" enqueued="228" />
  <references type="phantom" candidates="1736" cleared="302" enqueued="302" />
  <stringconstants candidates="58776" cleared="674"  />
  <object-monitors candidates="210" cleared="36"  />
</gc-op>
<gc-op id="2461" type="classunload" timems="0.083" contextid="2457" timestamp="2025-12-15T23:20:44.958">
  <classunload-info classloadercandidates="609" classloadersunloaded="0" classesunloaded="0" anonymousclassesunloaded="0" quiescems="0.000" setupms="0.083" scanms="0.000" postms="0.000" />
</gc-op>
<gc-op id="2462" type="sweep" timems="2.768" contextid="2457" timestamp="2025-12-15T23:20:44.962" />
<mem-info id="2463" free="200827776" total="363134976" percent="55">
  <mem type="nursery" free="138037600" total="154271744" percent="89">
    <mem type="allocate" free="138037600" total="138608640" percent="99" />
    <mem type="survivor" free="0" total="15663104" percent="0" />
  </mem>
  <mem type="tenure" free="62790176" total="208863232" percent="30" micro-fragmented="4422788" macro-fragmented="47927252">
    <mem type="soa" free="60701216" total="206774272" percent="29" />
    <mem type="loa" free="2088960" total="2088960" percent="100" />
  </mem>
  <pending-finalizers system="4" default="0" reference="2216" classloader="0" />
  <remembered-set count="879" />
</mem-info>
<gc-op id="2464" type="compact" timems="132.105" contextid="2457" timestamp="2025-12-15T23:20:45.096">
  <compact-info movecount="2226760" movebytes="125482840" reason="compact on aggressive collection" />
</gc-op>
<gc-end id="2465" type="global" contextid="2457" durationms="208.223" usertimems="1807.727" systemtimems="0.000" stalltimems="411.101" timestamp="2025-12-15T23:20:45.103" activeThreads="20">
  <mem-info id="2466" free="205936032" total="363134976" percent="56">
    <mem type="nursery" free="138358856" total="154271744" percent="89">
      <mem type="allocate" free="138358856" total="138608640" percent="99" />
      <mem type="survivor" free="0" total="15663104" percent="0" />
    </mem>
    <mem type="tenure" free="67577176" total="208863232" percent="32">
      <mem type="soa" free="65488216" total="206774272" percent="31" />
      <mem type="loa" free="2088960" total="2088960" percent="100" />
    </mem>
    <pending-finalizers system="4" default="0" reference="2216" classloader="0" />
    <remembered-set count="879" />
  </mem-info>
</gc-end>
<cycle-end id="2467" type="global" contextid="2457" timestamp="2025-12-15T23:20:45.103" />
<sys-end id="2468" timestamp="2025-12-15T23:20:45.104" />
<exclusive-end id="2469" timestamp="2025-12-15T23:20:45.104" durationms="213.436" />

<heap-resize id="2470" type="release free pages" space="tenure" amount="67518464" count="1" timems="2.052" reason="idle" timestamp="2025-12-15T23:20:45.107" />
<exclusive-start id="2471" timestamp="2025-12-15T23:24:40.478" intervalms="235587.647">
  <response-info timems="0.066" idlems="0.066" threads="0" lastid="00000000019AF200" lastname="Default Executor-thread-110" />
</exclusive-start>
<af-start id="2472" threadId="00000000019AFC78" totalBytesRequested="16" timestamp="2025-12-15T23:24:40.480" intervalms="434736.770" type="nursery" />
<cycle-start id="2473" type="scavenge" contextid="0" timestamp="2025-12-15T23:24:40.481" intervalms="434736.185" />
<gc-start id="2474" type="scavenge" contextid="2473" timestamp="2025-12-15T23:24:40.482">
  <mem-info id="2475" free="67576304" total="363134976" percent="18">
    <mem type="nursery" free="0" total="154271744" percent="0">
      <mem type="allocate" free="0" total="138608640" percent="0" />
      <mem type="survivor" free="0" total="15663104" percent="0" />
    </mem>
    <mem type="tenure" free="67576304" total="208863232" percent="32">
      <mem type="soa" free="65487344" total="206774272" percent="31" />
      <mem type="loa" free="2088960" total="2088960" percent="100" />
    </mem>
    <remembered-set count="3708" />
  </mem-info>
</gc-start>
<allocation-stats totalBytes="138300992" discardedBytes="58736" >
  <allocated-bytes non-tlh="872" tlh="138300120" />
  <largest-consumer threadName="Timer-7" threadId="0000000000FF9B00" bytes="34428152" />
</allocation-stats>
<gc-op id="2476" type="scavenge" timems="7.689" contextid="2473" timestamp="2025-12-15T23:24:40.492">
  <scavenger-info tenureage="5" tenuremask="ffa0" tiltratio="89" />
  <memory-copied type="nursery" objects="5324" bytes="262488" bytesdiscarded="749000" />
  <memory-copied type="tenure" objects="76" bytes="7368" bytesdiscarded="0" />
  <finalization candidates="3" enqueued="3" />
  <ownableSynchronizers candidates="39364" cleared="39262" />
  <references type="soft" candidates="1" cleared="0" enqueued="0" dynamicThreshold="10" maxThreshold="32" />
  <references type="weak" candidates="391" cleared="12" enqueued="11" />
  <references type="phantom" candidates="162" cleared="156" enqueued="156" />
  <object-monitors candidates="194" cleared="20"  />
</gc-op>
<gc-end id="2477" type="scavenge" contextid="2473" durationms="17.817" usertimems="7.748" systemtimems="8.553" stalltimems="53.045" timestamp="2025-12-15T23:24:40.500" activeThreads="14">
  <mem-info id="2478" free="205224944" total="363134976" percent="56">
    <mem type="nursery" free="137793024" total="154271744" percent="89">
      <mem type="allocate" free="137793024" total="138805248" percent="99" />
      <mem type="survivor" free="0" total="15466496" percent="0" />
    </mem>
    <mem type="tenure" free="67431920" total="208863232" percent="32" macro-fragmented="56347">
      <mem type="soa" free="65342960" total="206774272" percent="31" />
      <mem type="loa" free="2088960" total="2088960" percent="100" />
    </mem>
    <pending-finalizers system="3" default="0" reference="167" classloader="0" />
    <remembered-set count="2695" />
  </mem-info>
</gc-end>
<cycle-end id="2479" type="scavenge" contextid="2473" timestamp="2025-12-15T23:24:40.501" />
<allocation-satisfied id="2480" threadId="00000000019AF200" bytesRequested="16" />
<af-end id="2481" timestamp="2025-12-15T23:24:40.502" threadId="00000000019AFC78" success="true" from="nursery"/>
<exclusive-end id="2482" timestamp="2025-12-15T23:24:40.502" durationms="23.552" />

<exclusive-start id="2483" timestamp="2025-12-15T23:28:33.786" intervalms="233307.767">
  <response-info timems="0.089" idlems="0.089" threads="0" lastid="000000000181BE00" lastname="Default Executor-thread-236" />
</exclusive-start>
<af-start id="2484" threadId="000000000181C878" totalBytesRequested="24" timestamp="2025-12-15T23:28:33.787" intervalms="233307.609" type="nursery" />
<cycle-start id="2485" type="scavenge" contextid="0" timestamp="2025-12-15T23:28:33.788" intervalms="233307.925" />
<gc-start id="2486" type="scavenge" contextid="2485" timestamp="2025-12-15T23:28:33.796">
  <mem-info id="2487" free="67430448" total="363134976" percent="18">
    <mem type="nursery" free="0" total="154271744" percent="0">
      <mem type="allocate" free="0" total="138805248" percent="0" />
      <mem type="survivor" free="0" total="15466496" percent="0" />
    </mem>
    <mem type="tenure" free="67430448" total="208863232" percent="32">
      <mem type="soa" free="65341488" total="206774272" percent="31" />
      <mem type="loa" free="2088960" total="2088960" percent="100" />
    </mem>
    <remembered-set count="2946" />
  </mem-info>
</gc-start>
<allocation-stats totalBytes="137753640" discardedBytes="40856" >
  <allocated-bytes non-tlh="1488" tlh="137752152" />
  <largest-consumer threadName="Timer-7" threadId="0000000000FF9B00" bytes="34583368" />
</allocation-stats>
<gc-op id="2488" type="scavenge" timems="14.656" contextid="2485" timestamp="2025-12-15T23:28:33.813">
  <scavenger-info tenureage="7" tenuremask="ff80" tiltratio="89" />
  <memory-copied type="nursery" objects="5962" bytes="299920" bytesdiscarded="352120" />
  <finalization candidates="4" enqueued="4" />
  <ownableSynchronizers candidates="19686" cleared="19583" />
  <references type="soft" candidates="1" cleared="0" enqueued="0" dynamicThreshold="10" maxThreshold="32" />
  <references type="weak" candidates="477" cleared="6" enqueued="1" />
  <references type="phantom" candidates="312" cleared="304" enqueued="304" />
  <object-monitors candidates="174" cleared="0"  />
</gc-op>
<gc-end id="2489" type="scavenge" contextid="2485" durationms="25.243" usertimems="15.691" systemtimems="7.149" stalltimems="87.549" timestamp="2025-12-15T23:28:33.821" activeThreads="12">
  <mem-info id="2490" free="205583112" total="363134976" percent="56">
    <mem type="nursery" free="138152664" total="154271744" percent="89">
      <mem type="allocate" free="138152664" total="138805248" percent="99" />
      <mem type="survivor" free="0" total="15466496" percent="0" />
    </mem>
    <mem type="tenure" free="67430448" total="208863232" percent="32" macro-fragmented="39939376">
      <mem type="soa" free="65341488" total="206774272" percent="31" />
      <mem type="loa" free="2088960" total="2088960" percent="100" />
    </mem>
    <pending-finalizers system="4" default="0" reference="305" classloader="0" />
    <remembered-set count="2738" />
  </mem-info>
</gc-end>
<cycle-end id="2491" type="scavenge" contextid="2485" timestamp="2025-12-15T23:28:33.822" />
<allocation-satisfied id="2492" threadId="000000000181BE00" bytesRequested="24" />
<af-end id="2493" timestamp="2025-12-15T23:28:33.824" threadId="000000000181C878" success="true" from="nursery"/>
<exclusive-end id="2494" timestamp="2025-12-15T23:28:33.824" durationms="38.219" />

<exclusive-start id="2495" timestamp="2025-12-15T23:32:31.884" intervalms="238097.674">
  <response-info timems="0.148" idlems="0.148" threads="0" lastid="0000000000FF9B00" lastname="Timer-7" />
</exclusive-start>
<af-start id="2496" threadId="0000000000FFA578" totalBytesRequested="24" timestamp="2025-12-15T23:32:31.886" intervalms="238098.505" type="nursery" />
<cycle-start id="2497" type="scavenge" contextid="0" timestamp="2025-12-15T23:32:31.888" intervalms="238099.379" />
<gc-start id="2498" type="scavenge" contextid="2497" timestamp="2025-12-15T23:32:31.891">
  <mem-info id="2499" free="67428976" total="363134976" percent="18">
    <mem type="nursery" free="0" total="154271744" percent="0">
      <mem type="allocate" free="0" total="138805248" percent="0" />
      <mem type="survivor" free="0" total="15466496" percent="0" />
    </mem>
    <mem type="tenure" free="67428976" total="208863232" percent="32">
      <mem type="soa" free="65340016" total="206774272" percent="31" />
      <mem type="loa" free="2088960" total="2088960" percent="100" />
    </mem>
    <remembered-set count="2958" />
  </mem-info>
</gc-start>
<allocation-stats totalBytes="138107032" discardedBytes="47104" >
  <allocated-bytes non-tlh="1496" tlh="138105536" />
  <largest-consumer threadName="Timer-7" threadId="0000000000FF9B00" bytes="32724816" />
</allocation-stats>
<gc-op id="2500" type="scavenge" timems="19.593" contextid="2497" timestamp="2025-12-15T23:32:31.914">
  <scavenger-info tenureage="5" tenuremask="ffe0" tiltratio="89" />
  <memory-copied type="nursery" objects="6010" bytes="300712" bytesdiscarded="174312" />
  <memory-copied type="tenure" objects="118" bytes="5280" bytesdiscarded="0" />
  <finalization candidates="4" enqueued="4" />
  <ownableSynchronizers candidates="20094" cleared="19987" />
  <references type="soft" candidates="1" cleared="0" enqueued="0" dynamicThreshold="10" maxThreshold="32" />
  <references type="weak" candidates="457" cleared="34" enqueued="30" />
  <references type="phantom" candidates="311" cleared="304" enqueued="304" />
  <object-monitors candidates="194" cleared="17"  />
</gc-op>
<gc-end id="2501" type="scavenge" contextid="2497" durationms="27.202" usertimems="9.215" systemtimems="13.330" stalltimems="64.541" timestamp="2025-12-15T23:32:31.918" activeThreads="10">
  <mem-info id="2502" free="205708384" total="363134976" percent="56">
    <mem type="nursery" free="138329328" total="154271744" percent="89">
      <mem type="allocate" free="138329328" total="138805248" percent="99" />
      <mem type="survivor" free="0" total="15466496" percent="0" />
    </mem>
    <mem type="tenure" free="67379056" total="208863232" percent="32" macro-fragmented="39939376">
      <mem type="soa" free="65290096" total="206774272" percent="31" />
      <mem type="loa" free="2088960" total="2088960" percent="100" />
    </mem>
    <pending-finalizers system="4" default="0" reference="334" classloader="0" />
    <remembered-set count="823" />
  </mem-info>
</gc-end>
<cycle-end id="2503" type="scavenge" contextid="2497" timestamp="2025-12-15T23:32:31.920" />
<allocation-satisfied id="2504" threadId="0000000000FF9B00" bytesRequested="24" />
<af-end id="2505" timestamp="2025-12-15T23:32:31.922" threadId="0000000000FFA578" success="true" from="nursery"/>
<exclusive-end id="2506" timestamp="2025-12-15T23:32:31.923" durationms="39.383" />

<exclusive-start id="2507" timestamp="2025-12-15T23:36:25.394" intervalms="233510.611">
  <response-info timems="0.146" idlems="0.146" threads="0" lastid="000000000187E600" lastname="Default Executor-thread-272" />
</exclusive-start>
<af-start id="2508" threadId="000000000187F078" totalBytesRequested="40" timestamp="2025-12-15T23:36:25.397" intervalms="233511.456" type="nursery" />
<cycle-start id="2509" type="scavenge" contextid="0" timestamp="2025-12-15T23:36:25.399" intervalms="233511.542" />
<gc-start id="2510" type="scavenge" contextid="2509" timestamp="2025-12-15T23:36:25.402">
  <mem-info id="2511" free="67377584" total="363134976" percent="18">
    <mem type="nursery" free="0" total="154271744" percent="0">
      <mem type="allocate" free="0" total="138805248" percent="0" />
      <mem type="survivor" free="0" total="15466496" percent="0" />
    </mem>
    <mem type="tenure" free="67377584" total="208863232" percent="32">
      <mem type="soa" free="65288624" total="206774272" percent="31" />
      <mem type="loa" free="2088960" total="2088960" percent="100" />
    </mem>
    <remembered-set count="1051" />
  </mem-info>
</gc-start>
<allocation-stats totalBytes="138257216" discardedBytes="73584" >
  <allocated-bytes non-tlh="1496" tlh="138255720" />
  <largest-consumer threadName="Timer-7" threadId="0000000000FF9B00" bytes="34293888" />
</allocation-stats>
<gc-op id="2512" type="scavenge" timems="18.974" contextid="2509" timestamp="2025-12-15T23:36:25.423">
  <scavenger-info tenureage="8" tenuremask="ff00" tiltratio="89" />
  <memory-copied type="nursery" objects="5708" bytes="292152" bytesdiscarded="282096" />
  <finalization candidates="4" enqueued="4" />
  <ownableSynchronizers candidates="19744" cleared="19639" />
  <references type="soft" candidates="1" cleared="0" enqueued="0" dynamicThreshold="10" maxThreshold="32" />
  <references type="weak" candidates="412" cleared="35" enqueued="31" />
  <references type="phantom" candidates="313" cleared="304" enqueued="304" />
  <object-monitors candidates="197" cleared="19"  />
</gc-op>
<heap-resize id="2513" type="contract" space="nursery" amount="1572864" count="1" timems="0.556" reason="insufficient time being spent scavenging" timestamp="2025-12-15T23:36:25.424" />
<gc-end id="2514" type="scavenge" contextid="2509" durationms="31.558" usertimems="17.254" systemtimems="8.476" stalltimems="50.849" timestamp="2025-12-15T23:36:25.434" activeThreads="10">
  <mem-info id="2515" free="204231584" total="361562112" percent="56">
    <mem type="nursery" free="136854000" total="152698880" percent="89">
      <mem type="allocate" free="136854000" total="137428992" percent="99" />
      <mem type="survivor" free="0" total="15269888" percent="0" />
    </mem>
    <mem type="tenure" free="67377584" total="208863232" percent="32" macro-fragmented="39939376">
      <mem type="soa" free="65288624" total="206774272" percent="31" />
      <mem type="loa" free="2088960" total="2088960" percent="100" />
    </mem>
    <pending-finalizers system="4" default="0" reference="335" classloader="0" />
    <remembered-set count="830" />
  </mem-info>
</gc-end>
<cycle-end id="2516" type="scavenge" contextid="2509" timestamp="2025-12-15T23:36:25.435" />
<allocation-satisfied id="2517" threadId="000000000187E600" bytesRequested="40" />
<af-end id="2518" timestamp="2025-12-15T23:36:25.437" threadId="000000000187F078" success="true" from="nursery"/>
<exclusive-end id="2519" timestamp="2025-12-15T23:36:25.437" durationms="42.939" />

<exclusive-start id="2520" timestamp="2025-12-15T23:36:52.507" intervalms="27112.322">
  <response-info timems="0.101" idlems="0.101" threads="0" lastid="00000000001D0800" lastname="VM Runtime State Listener" />
</exclusive-start>
<sys-start reason="vm idle" id="2521" timestamp="2025-12-15T23:36:52.509" intervalms="967616.398" />
<cycle-start id="2522" type="global" contextid="0" timestamp="2025-12-15T23:36:52.511" intervalms="967617.252" />
<gc-start id="2523" type="global" contextid="2522" timestamp="2025-12-15T23:36:52.516">
  <mem-info id="2524" free="185409688" total="361562112" percent="51">
    <mem type="nursery" free="118032840" total="152698880" percent="77">
      <mem type="allocate" free="118032840" total="137428992" percent="85" />
      <mem type="survivor" free="0" total="15269888" percent="0" />
    </mem>
    <mem type="tenure" free="67376848" total="208863232" percent="32">
      <mem type="soa" free="65287888" total="206774272" percent="31" />
      <mem type="loa" free="2088960" total="2088960" percent="100" />
    </mem>
    <remembered-set count="969" />
  </mem-info>
</gc-start>
<allocation-stats totalBytes="18810120" discardedBytes="11776" >
  <allocated-bytes non-tlh="776" tlh="18809344" />
  <largest-consumer threadName="Timer-7" threadId="0000000000FF9B00" bytes="4601896" />
</allocation-stats>
<gc-op id="2525" type="mark" timems="71.340" contextid="2522" timestamp="2025-12-15T23:36:52.590">
  <trace-info objectcount="2228542" scancount="1925134" scanbytes="72261792" />
  <finalization candidates="908" enqueued="1" />
  <ownableSynchronizers candidates="12145" cleared="2294" />
  <references type="soft" candidates="16987" cleared="0" enqueued="0" dynamicThreshold="10" maxThreshold="32" />
  <references type="weak" candidates="18130" cleared="32" enqueued="29" />
  <references type="phantom" candidates="1582" cleared="148" enqueued="148" />
  <stringconstants candidates="58113" cleared="596"  />
  <object-monitors candidates="178" cleared="8"  />
</gc-op>
<gc-op id="2526" type="classunload" timems="0.088" contextid="2522" timestamp="2025-12-15T23:36:52.591">
  <classunload-info classloadercandidates="609" classloadersunloaded="0" classesunloaded="0" anonymousclassesunloaded="0" quiescems="0.000" setupms="0.088" scanms="0.000" postms="0.000" />
</gc-op>
<gc-op id="2527" type="sweep" timems="2.257" contextid="2522" timestamp="2025-12-15T23:36:52.593" />
<gc-end id="2528" type="global" contextid="2522" durationms="79.734" usertimems="795.840" systemtimems="10.499" stalltimems="432.139" timestamp="2025-12-15T23:36:52.596" activeThreads="20">
  <mem-info id="2529" free="204506088" total="361562112" percent="56">
    <mem type="nursery" free="136876192" total="152698880" percent="89">
      <mem type="allocate" free="136876192" total="137428992" percent="99" />
      <mem type="survivor" free="0" total="15269888" percent="0" />
    </mem>
    <mem type="tenure" free="67629896" total="208863232" percent="32" micro-fragmented="170685" macro-fragmented="47927252">
      <mem type="soa" free="65540936" total="206774272" percent="31" />
      <mem type="loa" free="2088960" total="2088960" percent="100" />
    </mem>
    <pending-finalizers system="1" default="0" reference="177" classloader="0" />
    <remembered-set count="855" />
  </mem-info>
</gc-end>
<cycle-end id="2530" type="global" contextid="2522" timestamp="2025-12-15T23:36:52.597" />
<sys-end id="2531" timestamp="2025-12-15T23:36:52.597" />
<exclusive-end id="2532" timestamp="2025-12-15T23:36:52.597" durationms="90.629" />

<heap-resize id="2533" type="release free pages" space="tenure" amount="67506176" count="1" timems="1.260" reason="idle" timestamp="2025-12-15T23:36:52.599" />
<exclusive-start id="2534" timestamp="2025-12-15T23:40:45.112" intervalms="232605.391">
  <response-info timems="0.105" idlems="0.105" threads="0" lastid="00000000018B2500" lastname="Default Executor-thread-265" />
</exclusive-start>
<af-start id="2535" threadId="00000000018B2F78" totalBytesRequested="32" timestamp="2025-12-15T23:40:45.114" intervalms="259717.286" type="nursery" />
<cycle-start id="2536" type="scavenge" contextid="0" timestamp="2025-12-15T23:40:45.117" intervalms="259717.366" />
<gc-start id="2537" type="scavenge" contextid="2536" timestamp="2025-12-15T23:40:45.119">
  <mem-info id="2538" free="67628288" total="361562112" percent="18">
    <mem type="nursery" free="0" total="152698880" percent="0">
      <mem type="allocate" free="0" total="137428992" percent="0" />
      <mem type="survivor" free="0" total="15269888" percent="0" />
    </mem>
    <mem type="tenure" free="67628288" total="208863232" percent="32">
      <mem type="soa" free="65539328" total="206774272" percent="31" />
      <mem type="loa" free="2088960" total="2088960" percent="100" />
    </mem>
    <remembered-set count="995" />
  </mem-info>
</gc-start>
<allocation-stats totalBytes="136799680" discardedBytes="78120" >
  <allocated-bytes non-tlh="1608" tlh="136798072" />
  <largest-consumer threadName="Timer-7" threadId="0000000000FF9B00" bytes="32796560" />
</allocation-stats>
<gc-op id="2539" type="scavenge" timems="31.711" contextid="2536" timestamp="2025-12-15T23:40:45.153">
  <scavenger-info tenureage="7" tenuremask="ff80" tiltratio="90" />
  <memory-copied type="nursery" objects="5976" bytes="306480" bytesdiscarded="172000" />
  <finalization candidates="5" enqueued="4" />
  <ownableSynchronizers candidates="39145" cleared="39029" />
  <references type="soft" candidates="1" cleared="0" enqueued="0" dynamicThreshold="10" maxThreshold="32" />
  <references type="weak" candidates="395" cleared="30" enqueued="25" />
  <references type="phantom" candidates="317" cleared="304" enqueued="304" />
  <object-monitors candidates="190" cleared="20"  />
</gc-op>
<gc-end id="2540" type="scavenge" contextid="2536" durationms="45.379" usertimems="19.521" systemtimems="1.627" stalltimems="94.214" timestamp="2025-12-15T23:40:45.164" activeThreads="11">
  <mem-info id="2541" free="204577784" total="361562112" percent="56">
    <mem type="nursery" free="136949496" total="152698880" percent="89">
      <mem type="allocate" free="136949496" total="137428992" percent="99" />
      <mem type="survivor" free="0" total="15269888" percent="0" />
    </mem>
    <mem type="tenure" free="67628288" total="208863232" percent="32" macro-fragmented="23113062">
      <mem type="soa" free="65539328" total="206774272" percent="31" />
      <mem type="loa" free="2088960" total="2088960" percent="100" />
    </mem>
    <pending-finalizers system="4" default="0" reference="329" classloader="0" />
    <remembered-set count="795" />
  </mem-info>
</gc-end>
<cycle-end id="2542" type="scavenge" contextid="2536" timestamp="2025-12-15T23:40:45.166" />
<allocation-satisfied id="2543" threadId="00000000018B2500" bytesRequested="32" />
<af-end id="2544" timestamp="2025-12-15T23:40:45.167" threadId="00000000018B2F78" success="true" from="nursery"/>
<exclusive-end id="2545" timestamp="2025-12-15T23:40:45.167" durationms="55.147" />

<exclusive-start id="2546" timestamp="2025-12-15T23:44:20.748" intervalms="215635.699">
  <response-info timems="0.129" idlems="0.129" threads="0" lastid="00000000018C0300" lastname="Default Executor-thread-300" />
</exclusive-start>
<af-start id="2547" threadId="00000000018C0D78" totalBytesRequested="152" timestamp="2025-12-15T23:44:20.750" intervalms="215635.187" type="nursery" />
<cycle-start id="2548" type="scavenge" contextid="0" timestamp="2025-12-15T23:44:20.751" intervalms="215634.641" />
<gc-start id="2549" type="scavenge" contextid="2548" timestamp="2025-12-15T23:44:20.754">
  <mem-info id="2550" free="67627440" total="361562112" percent="18">
    <mem type="nursery" free="0" total="152698880" percent="0">
      <mem type="allocate" free="0" total="137428992" percent="0" />
      <mem type="survivor" free="0" total="15269888" percent="0" />
    </mem>
    <mem type="tenure" free="67627440" total="208863232" percent="32">
      <mem type="soa" free="65538480" total="206774272" percent="31" />
      <mem type="loa" free="2088960" total="2088960" percent="100" />
    </mem>
    <remembered-set count="1476" />
  </mem-info>
</gc-start>
<allocation-stats totalBytes="136907520" discardedBytes="42824" >
  <allocated-bytes non-tlh="880" tlh="136906640" />
  <largest-consumer threadName="Timer-7" threadId="0000000000FF9B00" bytes="33187392" />
</allocation-stats>
<gc-op id="2551" type="scavenge" timems="19.824" contextid="2548" timestamp="2025-12-15T23:44:20.777">
  <scavenger-info tenureage="7" tenuremask="ff80" tiltratio="90" />
  <memory-copied type="nursery" objects="8057" bytes="391024" bytesdiscarded="275448" />
  <memory-copied type="tenure" objects="117" bytes="5984" bytesdiscarded="920" />
  <finalization candidates="4" enqueued="3" />
  <ownableSynchronizers candidates="18191" cleared="18085" />
  <references type="soft" candidates="1" cleared="0" enqueued="0" dynamicThreshold="10" maxThreshold="32" />
  <references type="weak" candidates="1169" cleared="4" enqueued="1" />
  <references type="phantom" candidates="166" cleared="154" enqueued="154" />
  <object-monitors candidates="170" cleared="0"  />
</gc-op>
<gc-end id="2552" type="scavenge" contextid="2548" durationms="41.095" usertimems="13.649" systemtimems="9.016" stalltimems="65.067" timestamp="2025-12-15T23:44:20.795" activeThreads="13">
  <mem-info id="2553" free="204378248" total="361562112" percent="56">
    <mem type="nursery" free="136760808" total="152698880" percent="89">
      <mem type="allocate" free="136760808" total="137428992" percent="99" />
      <mem type="survivor" free="0" total="15269888" percent="0" />
    </mem>
    <mem type="tenure" free="67617440" total="208863232" percent="32" macro-fragmented="47927252">
      <mem type="soa" free="65528480" total="206774272" percent="31" />
      <mem type="loa" free="2088960" total="2088960" percent="100" />
    </mem>
    <pending-finalizers system="3" default="0" reference="155" classloader="0" />
    <remembered-set count="877" />
  </mem-info>
</gc-end>
<cycle-end id="2554" type="scavenge" contextid="2548" timestamp="2025-12-15T23:44:20.796" />
<allocation-satisfied id="2555" threadId="00000000018C0300" bytesRequested="152" />
<af-end id="2556" timestamp="2025-12-15T23:44:20.797" threadId="00000000018C0D78" success="true" from="nursery"/>
<exclusive-end id="2557" timestamp="2025-12-15T23:44:20.798" durationms="49.831" />

<exclusive-start id="2558" timestamp="2025-12-15T23:48:14.225" intervalms="233477.016">
  <response-info timems="0.197" idlems="0.197" threads="0" lastid="000000000085BC00" lastname="Default Executor-thread-297" />
</exclusive-start>
<af-start id="2559" threadId="000000000085C678" totalBytesRequested="32" timestamp="2025-12-15T23:48:14.228" intervalms="233478.035" type="nursery" />
<cycle-start id="2560" type="scavenge" contextid="0" timestamp="2025-12-15T23:48:14.230" intervalms="233478.509" />
<gc-start id="2561" type="scavenge" contextid="2560" timestamp="2025-12-15T23:48:14.233">
  <mem-info id="2562" free="67615856" total="361562112" percent="18">
    <mem type="nursery" free="0" total="152698880" percent="0">
      <mem type="allocate" free="0" total="137428992" percent="0" />
      <mem type="survivor" free="0" total="15269888" percent="0" />
    </mem>
    <mem type="tenure" free="67615856" total="208863232" percent="32">
      <mem type="soa" free="65526896" total="206774272" percent="31" />
      <mem type="loa" free="2088960" total="2088960" percent="100" />
    </mem>
    <remembered-set count="1105" />
  </mem-info>
</gc-start>
<allocation-stats totalBytes="136723312" discardedBytes="39080" >
  <allocated-bytes non-tlh="1736" tlh="136721576" />
  <largest-consumer threadName="Timer-7" threadId="0000000000FF9B00" bytes="32985904" />
</allocation-stats>
<gc-op id="2563" type="scavenge" timems="36.786" contextid="2560" timestamp="2025-12-15T23:48:14.274">
  <scavenger-info tenureage="14" tenuremask="4000" tiltratio="90" />
  <memory-copied type="nursery" objects="9026" bytes="449000" bytesdiscarded="384528" />
  <finalization candidates="6" enqueued="5" />
  <ownableSynchronizers candidates="19695" cleared="19586" />
  <references type="soft" candidates="1" cleared="0" enqueued="0" dynamicThreshold="10" maxThreshold="32" />
  <references type="weak" candidates="1218" cleared="6" enqueued="1" />
  <references type="phantom" candidates="318" cleared="302" enqueued="302" />
  <object-monitors candidates="170" cleared="0"  />
</gc-op>
<gc-end id="2564" type="scavenge" contextid="2560" durationms="45.605" usertimems="15.080" systemtimems="19.669" stalltimems="152.766" timestamp="2025-12-15T23:48:14.279" activeThreads="14">
  <mem-info id="2565" free="204210512" total="361562112" percent="56">
    <mem type="nursery" free="136594656" total="152698880" percent="89">
      <mem type="allocate" free="136594656" total="137428992" percent="99" />
      <mem type="survivor" free="0" total="15269888" percent="0" />
    </mem>
    <mem type="tenure" free="67615856" total="208863232" percent="32" macro-fragmented="39939376">
      <mem type="soa" free="65526896" total="206774272" percent="31" />
      <mem type="loa" free="2088960" total="2088960" percent="100" />
    </mem>
    <pending-finalizers system="5" default="0" reference="303" classloader="0" />
    <remembered-set count="872" />
  </mem-info>
</gc-end>
<cycle-end id="2566" type="scavenge" contextid="2560" timestamp="2025-12-15T23:48:14.281" />
<allocation-satisfied id="2567" threadId="000000000085BC00" bytesRequested="32" />
<af-end id="2568" timestamp="2025-12-15T23:48:14.283" threadId="000000000085C678" success="true" from="nursery"/>
<exclusive-end id="2569" timestamp="2025-12-15T23:48:14.284" durationms="58.626" />

<exclusive-start id="2570" timestamp="2025-12-15T23:52:02.182" intervalms="227956.797">
  <response-info timems="0.098" idlems="0.098" threads="0" lastid="00000000005EFE00" lastname="Default Executor-thread-137" />
</exclusive-start>
<af-start id="2571" threadId="00000000005F0878" totalBytesRequested="160" timestamp="2025-12-15T23:52:02.183" intervalms="227955.775" type="nursery" />
<cycle-start id="2572" type="scavenge" contextid="0" timestamp="2025-12-15T23:52:02.185" intervalms="227955.302" />
<gc-start id="2573" type="scavenge" contextid="2572" timestamp="2025-12-15T23:52:02.188">
  <mem-info id="2574" free="67614384" total="361562112" percent="18">
    <mem type="nursery" free="0" total="152698880" percent="0">
      <mem type="allocate" free="0" total="137428992" percent="0" />
      <mem type="survivor" free="0" total="15269888" percent="0" />
    </mem>
    <mem type="tenure" free="67614384" total="208863232" percent="32">
      <mem type="soa" free="65525424" total="206774272" percent="31" />
      <mem type="loa" free="2088960" total="2088960" percent="100" />
    </mem>
    <remembered-set count="1100" />
  </mem-info>
</gc-start>
<allocation-stats totalBytes="136559616" discardedBytes="36512" >
  <allocated-bytes non-tlh="1504" tlh="136558112" />
  <largest-consumer threadName="Timer-7" threadId="0000000000FF9B00" bytes="35488920" />
</allocation-stats>
<gc-op id="2575" type="scavenge" timems="22.630" contextid="2572" timestamp="2025-12-15T23:52:02.213">
  <scavenger-info tenureage="14" tenuremask="4000" tiltratio="90" />
  <memory-copied type="nursery" objects="9388" bytes="500416" bytesdiscarded="342328" />
  <finalization candidates="5" enqueued="4" />
  <ownableSynchronizers candidates="19258" cleared="19145" />
  <references type="soft" candidates="1" cleared="0" enqueued="0" dynamicThreshold="10" maxThreshold="32" />
  <references type="weak" candidates="1245" cleared="6" enqueued="1" />
  <references type="phantom" candidates="323" cleared="304" enqueued="304" />
  <object-monitors candidates="170" cleared="0"  />
</gc-op>
<gc-end id="2576" type="scavenge" contextid="2572" durationms="27.938" usertimems="21.205" systemtimems="13.574" stalltimems="208.139" timestamp="2025-12-15T23:52:02.216" activeThreads="15">
  <mem-info id="2577" free="204199816" total="361562112" percent="56">
    <mem type="nursery" free="136585432" total="152698880" percent="89">
      <mem type="allocate" free="136585432" total="137428992" percent="99" />
      <mem type="survivor" free="0" total="15269888" percent="0" />
    </mem>
    <mem type="tenure" free="67614384" total="208863232" percent="32" macro-fragmented="39939376">
      <mem type="soa" free="65525424" total="206774272" percent="31" />
      <mem type="loa" free="2088960" total="2088960" percent="100" />
    </mem>
    <pending-finalizers system="4" default="0" reference="305" classloader="0" />
    <remembered-set count="902" />
  </mem-info>
</gc-end>
<cycle-end id="2578" type="scavenge" contextid="2572" timestamp="2025-12-15T23:52:02.217" />
<allocation-satisfied id="2579" threadId="00000000005EFE00" bytesRequested="160" />
<af-end id="2580" timestamp="2025-12-15T23:52:02.221" threadId="00000000005F0878" success="true" from="nursery"/>
<exclusive-end id="2581" timestamp="2025-12-15T23:52:02.222" durationms="40.375" />

<exclusive-start id="2582" timestamp="2025-12-15T23:55:54.690" intervalms="232508.056">
  <response-info timems="0.142" idlems="0.142" threads="0" lastid="00000000018B4B00" lastname="Default Executor-thread-269" />
</exclusive-start>
<af-start id="2583" threadId="00000000018B5578" totalBytesRequested="144" timestamp="2025-12-15T23:55:54.692" intervalms="232508.782" type="nursery" />
<cycle-start id="2584" type="scavenge" contextid="0" timestamp="2025-12-15T23:55:54.694" intervalms="232508.305" />
<gc-start id="2585" type="scavenge" contextid="2584" timestamp="2025-12-15T23:55:54.696">
  <mem-info id="2586" free="67612912" total="361562112" percent="18">
    <mem type="nursery" free="0" total="152698880" percent="0">
      <mem type="allocate" free="0" total="137428992" percent="0" />
      <mem type="survivor" free="0" total="15269888" percent="0" />
    </mem>
    <mem type="tenure" free="67612912" total="208863232" percent="32">
      <mem type="soa" free="65523952" total="206774272" percent="31" />
      <mem type="loa" free="2088960" total="2088960" percent="100" />
    </mem>
    <remembered-set count="1109" />
  </mem-info>
</gc-start>
<allocation-stats totalBytes="136545688" discardedBytes="41216" >
  <allocated-bytes non-tlh="1632" tlh="136544056" />
  <largest-consumer threadName="Timer-7" threadId="0000000000FF9B00" bytes="33389544" />
</allocation-stats>
<gc-op id="2587" type="scavenge" timems="24.372" contextid="2584" timestamp="2025-12-15T23:55:54.722">
  <scavenger-info tenureage="14" tenuremask="4000" tiltratio="90" />
  <memory-copied type="nursery" objects="9473" bytes="519744" bytesdiscarded="335800" />
  <finalization candidates="5" enqueued="4" />
  <ownableSynchronizers candidates="19620" cleared="19505" />
  <references type="soft" candidates="1" cleared="0" enqueued="0" dynamicThreshold="10" maxThreshold="32" />
  <references type="weak" candidates="1272" cleared="6" enqueued="1" />
  <references type="phantom" candidates="326" cleared="304" enqueued="304" />
  <object-monitors candidates="170" cleared="0"  />
</gc-op>
<gc-end id="2588" type="scavenge" contextid="2584" durationms="32.511" usertimems="28.200" systemtimems="9.301" stalltimems="120.305" timestamp="2025-12-15T23:55:54.728" activeThreads="12">
  <mem-info id="2589" free="204185536" total="361562112" percent="56">
    <mem type="nursery" free="136572624" total="152698880" percent="89">
      <mem type="allocate" free="136572624" total="137428992" percent="99" />
      <mem type="survivor" free="0" total="15269888" percent="0" />
    </mem>
    <mem type="tenure" free="67612912" total="208863232" percent="32" macro-fragmented="19260884">
      <mem type="soa" free="65523952" total="206774272" percent="31" />
      <mem type="loa" free="2088960" total="2088960" percent="100" />
    </mem>
    <pending-finalizers system="4" default="0" reference="305" classloader="0" />
    <remembered-set count="910" />
  </mem-info>
</gc-end>
<cycle-end id="2590" type="scavenge" contextid="2584" timestamp="2025-12-15T23:55:54.730" />
<allocation-satisfied id="2591" threadId="00000000018B4B00" bytesRequested="144" />
<af-end id="2592" timestamp="2025-12-15T23:55:54.732" threadId="00000000018B5578" success="true" from="nursery"/>
<exclusive-end id="2593" timestamp="2025-12-15T23:55:54.732" durationms="42.509" />

<exclusive-start id="2594" timestamp="2025-12-15T23:59:46.916" intervalms="232225.949">
  <response-info timems="0.244" idlems="0.244" threads="0" lastid="0000000000FF9B00" lastname="Timer-7" />
</exclusive-start>
<af-start id="2595" threadId="0000000000FFA578" totalBytesRequested="32" timestamp="2025-12-15T23:59:46.918" intervalms="232225.671" type="nursery" />
<cycle-start id="2596" type="scavenge" contextid="0" timestamp="2025-12-15T23:59:46.921" intervalms="232227.308" />
<gc-start id="2597" type="scavenge" contextid="2596" timestamp="2025-12-15T23:59:46.924">
  <mem-info id="2598" free="67611440" total="361562112" percent="18">
    <mem type="nursery" free="0" total="152698880" percent="0">
      <mem type="allocate" free="0" total="137428992" percent="0" />
      <mem type="survivor" free="0" total="15269888" percent="0" />
    </mem>
    <mem type="tenure" free="67611440" total="208863232" percent="32">
      <mem type="soa" free="65522480" total="206774272" percent="31" />
      <mem type="loa" free="2088960" total="2088960" percent="100" />
    </mem>
    <remembered-set count="1121" />
  </mem-info>
</gc-start>
<allocation-stats totalBytes="136536928" discardedBytes="37168" >
  <allocated-bytes non-tlh="1616" tlh="136535312" />
  <largest-consumer threadName="Timer-7" threadId="0000000000FF9B00" bytes="34341176" />
</allocation-stats>
<gc-op id="2599" type="scavenge" timems="19.112" contextid="2596" timestamp="2025-12-15T23:59:46.946">
  <scavenger-info tenureage="9" tenuremask="4200" tiltratio="90" />
  <memory-copied type="nursery" objects="8839" bytes="487056" bytesdiscarded="226896" />
  <memory-copied type="tenure" objects="758" bytes="50384" bytesdiscarded="368" />
  <finalization candidates="5" enqueued="4" />
  <ownableSynchronizers candidates="19616" cleared="19499" />
  <references type="soft" candidates="1" cleared="0" enqueued="0" dynamicThreshold="10" maxThreshold="32" />
  <references type="weak" candidates="1242" cleared="6" enqueued="1" />
  <references type="phantom" candidates="327" cleared="304" enqueued="304" />
  <object-monitors candidates="170" cleared="0"  />
</gc-op>
<gc-end id="2600" type="scavenge" contextid="2596" durationms="29.253" usertimems="8.296" systemtimems="30.241" stalltimems="122.874" timestamp="2025-12-15T23:59:46.953" activeThreads="12">
  <mem-info id="2601" free="204147496" total="361562112" percent="56">
    <mem type="nursery" free="136714200" total="152698880" percent="89">
      <mem type="allocate" free="136714200" total="137428992" percent="99" />
      <mem type="survivor" free="0" total="15269888" percent="0" />
    </mem>
    <mem type="tenure" free="67433296" total="208863232" percent="32" macro-fragmented="33282812">
      <mem type="soa" free="65344336" total="206774272" percent="31" />
      <mem type="loa" free="2088960" total="2088960" percent="100" />
    </mem>
    <pending-finalizers system="4" default="0" reference="305" classloader="0" />
    <remembered-set count="816" />
  </mem-info>
</gc-end>
<cycle-end id="2602" type="scavenge" contextid="2596" timestamp="2025-12-15T23:59:46.955" />
<allocation-satisfied id="2603" threadId="0000000000FF9B00" bytesRequested="32" />
<af-end id="2604" timestamp="2025-12-15T23:59:46.956" threadId="0000000000FFA578" success="true" from="nursery"/>
<exclusive-end id="2605" timestamp="2025-12-15T23:59:46.957" durationms="41.381" />

<exclusive-start id="2606" timestamp="2025-12-16T00:01:22.816" intervalms="95900.458">
  <response-info timems="0.155" idlems="0.155" threads="0" lastid="00000000001D0800" lastname="VM Runtime State Listener" />
</exclusive-start>
<sys-start reason="vm idle" id="2607" timestamp="2025-12-16T00:01:22.818" intervalms="1470309.834" />
<cycle-start id="2608" type="global" contextid="0" timestamp="2025-12-16T00:01:22.820" intervalms="1470309.935" />
<gc-start id="2609" type="global" contextid="2608" timestamp="2025-12-16T00:01:22.828">
  <mem-info id="2610" free="146742024" total="361562112" percent="40">
    <mem type="nursery" free="79308728" total="152698880" percent="51">
      <mem type="allocate" free="79308728" total="137428992" percent="57" />
      <mem type="survivor" free="0" total="15269888" percent="0" />
    </mem>
    <mem type="tenure" free="67433296" total="208863232" percent="32">
      <mem type="soa" free="65344336" total="206774272" percent="31" />
      <mem type="loa" free="2088960" total="2088960" percent="100" />
    </mem>
    <remembered-set count="929" />
  </mem-info>
</gc-start>
<allocation-stats totalBytes="57376648" discardedBytes="28824" >
  <allocated-bytes non-tlh="32" tlh="57376616" />
  <largest-consumer threadName="Timer-7" threadId="0000000000FF9B00" bytes="14238576" />
</allocation-stats>
<gc-op id="2611" type="mark" timems="85.574" contextid="2608" timestamp="2025-12-16T00:01:22.917">
  <trace-info objectcount="2227220" scancount="1923948" scanbytes="72225388" />
  <finalization candidates="907" enqueued="1" />
  <ownableSynchronizers candidates="17914" cleared="8075" />
  <references type="soft" candidates="16987" cleared="1094" enqueued="1093" dynamicThreshold="10" maxThreshold="32" />
  <references type="weak" candidates="18656" cleared="81" enqueued="80" />
  <references type="phantom" candidates="1439" cleared="4" enqueued="4" />
  <stringconstants candidates="57528" cleared="71"  />
  <object-monitors candidates="190" cleared="20"  />
</gc-op>
<gc-op id="2612" type="classunload" timems="0.096" contextid="2608" timestamp="2025-12-16T00:01:22.919">
  <classunload-info classloadercandidates="609" classloadersunloaded="0" classesunloaded="0" anonymousclassesunloaded="0" quiescems="0.000" setupms="0.096" scanms="0.000" postms="0.000" />
</gc-op>
<gc-op id="2613" type="sweep" timems="5.715" contextid="2608" timestamp="2025-12-16T00:01:22.925" />
<mem-info id="2614" free="204486672" total="361562112" percent="56">
  <mem type="nursery" free="136831024" total="152698880" percent="89">
    <mem type="allocate" free="136831024" total="137428992" percent="99" />
    <mem type="survivor" free="0" total="15269888" percent="0" />
  </mem>
  <mem type="tenure" free="67655648" total="208863232" percent="32" micro-fragmented="334305" macro-fragmented="39939376">
    <mem type="soa" free="65566688" total="206774272" percent="31" />
    <mem type="loa" free="2088960" total="2088960" percent="100" />
  </mem>
  <pending-finalizers system="1" default="0" reference="1177" classloader="0" />
  <remembered-set count="831" />
</mem-info>
<gc-op id="2615" type="compact" timems="262.993" contextid="2608" timestamp="2025-12-16T00:01:23.190">
  <compact-info movecount="1747209" movebytes="97707648" reason="compact on aggressive collection" />
</gc-op>
<gc-end id="2616" type="global" contextid="2608" durationms="363.217" usertimems="2679.901" systemtimems="0.000" stalltimems="812.130" timestamp="2025-12-16T00:01:23.191" activeThreads="20">
  <mem-info id="2617" free="205029232" total="361562112" percent="56">
    <mem type="nursery" free="137062240" total="152698880" percent="89">
      <mem type="allocate" free="137062240" total="137428992" percent="99" />
      <mem type="survivor" free="0" total="15269888" percent="0" />
    </mem>
    <mem type="tenure" free="67966992" total="208863232" percent="32">
      <mem type="soa" free="65878032" total="206774272" percent="31" />
      <mem type="loa" free="2088960" total="2088960" percent="100" />
    </mem>
    <pending-finalizers system="1" default="0" reference="1177" classloader="0" />
    <remembered-set count="831" />
  </mem-info>
</gc-end>
<cycle-end id="2618" type="global" contextid="2608" timestamp="2025-12-16T00:01:23.193" />
<sys-end id="2619" timestamp="2025-12-16T00:01:23.194" />
<exclusive-end id="2620" timestamp="2025-12-16T00:01:23.194" durationms="378.326" />

<heap-resize id="2621" type="release free pages" space="tenure" amount="67936256" count="1" timems="5.166" reason="idle" timestamp="2025-12-16T00:01:23.200" />
<exclusive-start id="2622" timestamp="2025-12-16T00:05:16.932" intervalms="234115.397">
  <response-info timems="0.162" idlems="0.162" threads="0" lastid="0000000000FF9B00" lastname="Timer-7" />
</exclusive-start>
<af-start id="2623" threadId="0000000000FFA578" totalBytesRequested="72" timestamp="2025-12-16T00:05:16.934" intervalms="330015.998" type="nursery" />
<cycle-start id="2624" type="scavenge" contextid="0" timestamp="2025-12-16T00:05:16.936" intervalms="330014.919" />
<gc-start id="2625" type="scavenge" contextid="2624" timestamp="2025-12-16T00:05:16.939">
  <mem-info id="2626" free="67965384" total="361562112" percent="18">
    <mem type="nursery" free="0" total="152698880" percent="0">
      <mem type="allocate" free="0" total="137428992" percent="0" />
      <mem type="survivor" free="0" total="15269888" percent="0" />
    </mem>
    <mem type="tenure" free="67965384" total="208863232" percent="32">
      <mem type="soa" free="65876424" total="206774272" percent="31" />
      <mem type="loa" free="2088960" total="2088960" percent="100" />
    </mem>
    <remembered-set count="2375" />
  </mem-info>
</gc-start>
<allocation-stats totalBytes="137020232" discardedBytes="43616" >
  <allocated-bytes non-tlh="1608" tlh="137018624" />
  <largest-consumer threadName="Timer-7" threadId="0000000000FF9B00" bytes="34031064" />
</allocation-stats>
<gc-op id="2627" type="scavenge" timems="15.078" contextid="2624" timestamp="2025-12-16T00:05:16.958">
  <scavenger-info tenureage="6" tenuremask="40c0" tiltratio="90" />
  <memory-copied type="nursery" objects="6254" bytes="356344" bytesdiscarded="287176" />
  <memory-copied type="tenure" objects="734" bytes="52632" bytesdiscarded="0" />
  <finalization candidates="4" enqueued="4" />
  <ownableSynchronizers candidates="39205" cleared="39102" />
  <references type="soft" candidates="1" cleared="0" enqueued="0" dynamicThreshold="10" maxThreshold="32" />
  <references type="weak" candidates="712" cleared="6" enqueued="1" />
  <references type="phantom" candidates="320" cleared="304" enqueued="304" />
  <object-monitors candidates="170" cleared="0"  />
</gc-op>
<gc-end id="2628" type="scavenge" contextid="2624" durationms="23.744" usertimems="11.777" systemtimems="11.530" stalltimems="51.780" timestamp="2025-12-16T00:05:16.963" activeThreads="10">
  <mem-info id="2629" free="204515408" total="361562112" percent="56">
    <mem type="nursery" free="136785032" total="152698880" percent="89">
      <mem type="allocate" free="136785032" total="137428992" percent="99" />
      <mem type="survivor" free="0" total="15269888" percent="0" />
    </mem>
    <mem type="tenure" free="67730376" total="208863232" percent="32" macro-fragmented="39939376">
      <mem type="soa" free="65641416" total="206774272" percent="31" />
      <mem type="loa" free="2088960" total="2088960" percent="100" />
    </mem>
    <pending-finalizers system="4" default="0" reference="305" classloader="0" />
    <remembered-set count="1919" />
  </mem-info>
</gc-end>
<cycle-end id="2630" type="scavenge" contextid="2624" timestamp="2025-12-16T00:05:16.964" />
<allocation-satisfied id="2631" threadId="0000000000FF9B00" bytesRequested="72" />
<af-end id="2632" timestamp="2025-12-16T00:05:16.966" threadId="0000000000FFA578" success="true" from="nursery"/>
<exclusive-end id="2633" timestamp="2025-12-16T00:05:16.966" durationms="34.902" />

<exclusive-start id="2634" timestamp="2025-12-16T00:08:28.668" intervalms="191736.352">
  <response-info timems="0.099" idlems="0.099" threads="0" lastid="00000000007DF400" lastname="Scheduled Executor-thread-1" />
</exclusive-start>
<af-start id="2635" threadId="00000000007DFE78" totalBytesRequested="16" timestamp="2025-12-16T00:08:28.670" intervalms="191735.940" type="nursery" />
<cycle-start id="2636" type="scavenge" contextid="0" timestamp="2025-12-16T00:08:28.672" intervalms="191735.933" />
<gc-start id="2637" type="scavenge" contextid="2636" timestamp="2025-12-16T00:08:28.674">
  <mem-info id="2638" free="67681064" total="361562112" percent="18">
    <mem type="nursery" free="0" total="152698880" percent="0">
      <mem type="allocate" free="0" total="137428992" percent="0" />
      <mem type="survivor" free="0" total="15269888" percent="0" />
    </mem>
    <mem type="tenure" free="67681064" total="208863232" percent="32">
      <mem type="soa" free="65592104" total="206774272" percent="31" />
      <mem type="loa" free="2088960" total="2088960" percent="100" />
    </mem>
    <remembered-set count="3153" />
  </mem-info>
</gc-start>
<allocation-stats totalBytes="136782776" discardedBytes="51568" >
  <allocated-bytes non-tlh="544488" tlh="136238288" />
  <largest-consumer threadName="Timer-7" threadId="0000000000FF9B00" bytes="27637704" />
</allocation-stats>
<gc-op id="2639" type="scavenge" timems="13.102" contextid="2636" timestamp="2025-12-16T00:08:28.690">
  <scavenger-info tenureage="14" tenuremask="4000" tiltratio="90" />
  <memory-copied type="nursery" objects="13618" bytes="794288" bytesdiscarded="252296" />
  <finalization candidates="31" enqueued="31" />
  <ownableSynchronizers candidates="16249" cleared="16148" />
  <references type="soft" candidates="68" cleared="0" enqueued="0" dynamicThreshold="10" maxThreshold="32" />
  <references type="weak" candidates="1352" cleared="407" enqueued="402" />
  <references type="phantom" candidates="346" cleared="311" enqueued="311" />
  <object-monitors candidates="172" cleared="0"  />
</gc-op>
<gc-end id="2640" type="scavenge" contextid="2636" durationms="40.241" usertimems="33.441" systemtimems="5.184" stalltimems="59.295" timestamp="2025-12-16T00:08:28.714" activeThreads="10">
  <mem-info id="2641" free="204061824" total="361562112" percent="56">
    <mem type="nursery" free="136380760" total="152698880" percent="89">
      <mem type="allocate" free="136380760" total="137428992" percent="99" />
      <mem type="survivor" free="0" total="15269888" percent="0" />
    </mem>
    <mem type="tenure" free="67681064" total="208863232" percent="32" macro-fragmented="23113062">
      <mem type="soa" free="65592104" total="206774272" percent="31" />
      <mem type="loa" free="2088960" total="2088960" percent="100" />
    </mem>
    <pending-finalizers system="31" default="0" reference="713" classloader="0" />
    <remembered-set count="2889" />
  </mem-info>
</gc-end>
<cycle-end id="2642" type="scavenge" contextid="2636" timestamp="2025-12-16T00:08:28.716" />
<allocation-satisfied id="2643" threadId="00000000007DF400" bytesRequested="16" />
<af-end id="2644" timestamp="2025-12-16T00:08:28.717" threadId="00000000007DFE78" success="true" from="nursery"/>
<exclusive-end id="2645" timestamp="2025-12-16T00:08:28.718" durationms="49.934" />

<exclusive-start id="2646" timestamp="2025-12-16T00:12:16.923" intervalms="228254.996">
  <response-info timems="0.111" idlems="0.111" threads="0" lastid="0000000000FF9B00" lastname="Timer-7" />
</exclusive-start>
<af-start id="2647" threadId="0000000000FFA578" totalBytesRequested="24" timestamp="2025-12-16T00:12:16.926" intervalms="228256.673" type="nursery" />
<cycle-start id="2648" type="scavenge" contextid="0" timestamp="2025-12-16T00:12:16.929" intervalms="228257.335" />
<gc-start id="2649" type="scavenge" contextid="2648" timestamp="2025-12-16T00:12:16.932">
  <mem-info id="2650" free="67679592" total="361562112" percent="18">
    <mem type="nursery" free="0" total="152698880" percent="0">
      <mem type="allocate" free="0" total="137428992" percent="0" />
      <mem type="survivor" free="0" total="15269888" percent="0" />
    </mem>
    <mem type="tenure" free="67679592" total="208863232" percent="32">
      <mem type="soa" free="65590632" total="206774272" percent="31" />
      <mem type="loa" free="2088960" total="2088960" percent="100" />
    </mem>
    <remembered-set count="3140" />
  </mem-info>
</gc-start>
<allocation-stats totalBytes="136336536" discardedBytes="45696" >
  <allocated-bytes non-tlh="1488" tlh="136335048" />
  <largest-consumer threadName="Timer-7" threadId="0000000000FF9B00" bytes="34857600" />
</allocation-stats>
<gc-op id="2651" type="scavenge" timems="32.963" contextid="2648" timestamp="2025-12-16T00:12:16.968">
  <scavenger-info tenureage="14" tenuremask="4000" tiltratio="90" />
  <memory-copied type="nursery" objects="13576" bytes="809752" bytesdiscarded="120864" />
  <finalization candidates="4" enqueued="4" />
  <ownableSynchronizers candidates="19268" cleared="19166" />
  <references type="soft" candidates="68" cleared="0" enqueued="0" dynamicThreshold="10" maxThreshold="32" />
  <references type="weak" candidates="1028" cleared="6" enqueued="1" />
  <references type="phantom" candidates="341" cleared="304" enqueued="304" />
  <object-monitors candidates="172" cleared="0"  />
</gc-op>
<gc-end id="2652" type="scavenge" contextid="2648" durationms="47.402" usertimems="25.337" systemtimems="9.855" stalltimems="107.424" timestamp="2025-12-16T00:12:16.980" activeThreads="9">
  <mem-info id="2653" free="204176800" total="361562112" percent="56">
    <mem type="nursery" free="136497208" total="152698880" percent="89">
      <mem type="allocate" free="136497208" total="137428992" percent="99" />
      <mem type="survivor" free="0" total="15269888" percent="0" />
    </mem>
    <mem type="tenure" free="67679592" total="208863232" percent="32" macro-fragmented="47927252">
      <mem type="soa" free="65590632" total="206774272" percent="31" />
      <mem type="loa" free="2088960" total="2088960" percent="100" />
    </mem>
    <pending-finalizers system="4" default="0" reference="305" classloader="0" />
    <remembered-set count="1811" />
  </mem-info>
</gc-end>
<cycle-end id="2654" type="scavenge" contextid="2648" timestamp="2025-12-16T00:12:16.982" />
<allocation-satisfied id="2655" threadId="0000000000FF9B00" bytesRequested="24" />
<af-end id="2656" timestamp="2025-12-16T00:12:16.983" threadId="0000000000FFA578" success="true" from="nursery"/>
<exclusive-end id="2657" timestamp="2025-12-16T00:12:16.984" durationms="61.199" />

<exclusive-start id="2658" timestamp="2025-12-16T00:16:01.928" intervalms="225004.865">
  <response-info timems="0.182" idlems="0.182" threads="0" lastid="0000000000FF9B00" lastname="Timer-7" />
</exclusive-start>
<af-start id="2659" threadId="0000000000FFA578" totalBytesRequested="3840" timestamp="2025-12-16T00:16:01.930" intervalms="225003.124" type="nursery" />
<cycle-start id="2660" type="scavenge" contextid="0" timestamp="2025-12-16T00:16:01.932" intervalms="225002.928" />
<gc-start id="2661" type="scavenge" contextid="2660" timestamp="2025-12-16T00:16:01.935">
  <mem-info id="2662" free="67678120" total="361562112" percent="18">
    <mem type="nursery" free="0" total="152698880" percent="0">
      <mem type="allocate" free="0" total="137428992" percent="0" />
      <mem type="survivor" free="0" total="15269888" percent="0" />
    </mem>
    <mem type="tenure" free="67678120" total="208863232" percent="32">
      <mem type="soa" free="65589160" total="206774272" percent="31" />
      <mem type="loa" free="2088960" total="2088960" percent="100" />
    </mem>
    <remembered-set count="2024" />
  </mem-info>
</gc-start>
<allocation-stats totalBytes="136432808" discardedBytes="65872" >
  <allocated-bytes non-tlh="1496" tlh="136431312" />
  <largest-consumer threadName="Timer-7" threadId="0000000000FF9B00" bytes="36177848" />
</allocation-stats>
<gc-op id="2663" type="scavenge" timems="22.391" contextid="2660" timestamp="2025-12-16T00:16:01.960">
  <scavenger-info tenureage="14" tenuremask="4000" tiltratio="90" />
  <memory-copied type="nursery" objects="14340" bytes="856656" bytesdiscarded="268688" />
  <memory-copied type="tenure" objects="49" bytes="8304" bytesdiscarded="0" />
  <finalization candidates="4" enqueued="3" />
  <ownableSynchronizers candidates="18991" cleared="18879" />
  <references type="soft" candidates="68" cleared="0" enqueued="0" dynamicThreshold="10" maxThreshold="32" />
  <references type="weak" candidates="1110" cleared="6" enqueued="1" />
  <references type="phantom" candidates="343" cleared="302" enqueued="302" />
  <object-monitors candidates="172" cleared="0"  />
</gc-op>
<gc-end id="2664" type="scavenge" contextid="2660" durationms="36.716" usertimems="22.152" systemtimems="13.935" stalltimems="95.731" timestamp="2025-12-16T00:16:01.972" activeThreads="9">
  <mem-info id="2665" free="203850696" total="361562112" percent="56">
    <mem type="nursery" free="136302368" total="152698880" percent="89">
      <mem type="allocate" free="136302368" total="137428992" percent="99" />
      <mem type="survivor" free="0" total="15269888" percent="0" />
    </mem>
    <mem type="tenure" free="67548328" total="208863232" percent="32" macro-fragmented="47927252">
      <mem type="soa" free="65459368" total="206774272" percent="31" />
      <mem type="loa" free="2088960" total="2088960" percent="100" />
    </mem>
    <pending-finalizers system="3" default="0" reference="303" classloader="0" />
    <remembered-set count="1311" />
  </mem-info>
</gc-end>
<cycle-end id="2666" type="scavenge" contextid="2660" timestamp="2025-12-16T00:16:01.974" />
<allocation-satisfied id="2667" threadId="0000000000FF9B00" bytesRequested="3840" />
<af-end id="2668" timestamp="2025-12-16T00:16:01.977" threadId="0000000000FFA578" success="true" from="nursery"/>
<exclusive-end id="2669" timestamp="2025-12-16T00:16:01.979" durationms="50.862" />

<exclusive-start id="2670" timestamp="2025-12-16T00:19:49.608" intervalms="227680.598">
  <response-info timems="0.058" idlems="0.058" threads="0" lastid="0000000001822100" lastname="Default Executor-thread-294" />
</exclusive-start>
<af-start id="2671" threadId="0000000001822B78" totalBytesRequested="72" timestamp="2025-12-16T00:19:49.610" intervalms="227680.429" type="nursery" />
<cycle-start id="2672" type="scavenge" contextid="0" timestamp="2025-12-16T00:19:49.612" intervalms="227679.794" />
<gc-start id="2673" type="scavenge" contextid="2672" timestamp="2025-12-16T00:19:49.615">
  <mem-info id="2674" free="67548328" total="361562112" percent="18">
    <mem type="nursery" free="0" total="152698880" percent="0">
      <mem type="allocate" free="0" total="137428992" percent="0" />
      <mem type="survivor" free="0" total="15269888" percent="0" />
    </mem>
    <mem type="tenure" free="67548328" total="208863232" percent="32">
      <mem type="soa" free="65459368" total="206774272" percent="31" />
      <mem type="loa" free="2088960" total="2088960" percent="100" />
    </mem>
    <remembered-set count="1493" />
  </mem-info>
</gc-start>
<allocation-stats totalBytes="136263464" discardedBytes="38904" >
  <allocated-bytes non-tlh="3840" tlh="136259624" />
  <largest-consumer threadName="Timer-7" threadId="0000000000FF9B00" bytes="35812848" />
</allocation-stats>
<gc-op id="2675" type="scavenge" timems="55.843" contextid="2672" timestamp="2025-12-16T00:19:49.676">
  <scavenger-info tenureage="3" tenuremask="4088" tiltratio="90" />
  <memory-copied type="nursery" objects="7340" bytes="404224" bytesdiscarded="396008" />
  <memory-copied type="tenure" objects="7038" bytes="462304" bytesdiscarded="1816" />
  <finalization candidates="5" enqueued="4" />
  <ownableSynchronizers candidates="19234" cleared="19121" />
  <references type="soft" candidates="1" cleared="0" enqueued="0" dynamicThreshold="10" maxThreshold="32" />
  <references type="weak" candidates="869" cleared="3" enqueued="1" />
  <references type="phantom" candidates="324" cleared="304" enqueued="304" />
  <object-monitors candidates="172" cleared="0"  />
</gc-op>
<gc-end id="2676" type="scavenge" contextid="2672" durationms="67.630" usertimems="24.080" systemtimems="3.863" stalltimems="70.024" timestamp="2025-12-16T00:19:49.683" activeThreads="8">
  <mem-info id="2677" free="203703856" total="361562112" percent="56">
    <mem type="nursery" free="136628160" total="152698880" percent="89">
      <mem type="allocate" free="136628160" total="137428992" percent="99" />
      <mem type="survivor" free="0" total="15269888" percent="0" />
    </mem>
    <mem type="tenure" free="67075696" total="208863232" percent="32" macro-fragmented="39939376">
      <mem type="soa" free="64986736" total="206774272" percent="31" />
      <mem type="loa" free="2088960" total="2088960" percent="100" />
    </mem>
    <pending-finalizers system="4" default="0" reference="305" classloader="0" />
    <remembered-set count="832" />
  </mem-info>
</gc-end>
<cycle-end id="2678" type="scavenge" contextid="2672" timestamp="2025-12-16T00:19:49.685" />
<allocation-satisfied id="2679" threadId="0000000001822100" bytesRequested="72" />
<af-end id="2680" timestamp="2025-12-16T00:19:49.687" threadId="0000000001822B78" success="true" from="nursery"/>
<exclusive-end id="2681" timestamp="2025-12-16T00:19:49.689" durationms="80.323" />

<exclusive-start id="2682" timestamp="2025-12-16T00:23:39.243" intervalms="229634.517">
  <response-info timems="0.109" idlems="0.109" threads="0" lastid="000000000187CD00" lastname="Default Executor-thread-323" />
</exclusive-start>
<af-start id="2683" threadId="000000000187D778" totalBytesRequested="24" timestamp="2025-12-16T00:23:39.244" intervalms="229634.419" type="nursery" />
<cycle-start id="2684" type="scavenge" contextid="0" timestamp="2025-12-16T00:23:39.246" intervalms="229634.743" />
<gc-start id="2685" type="scavenge" contextid="2684" timestamp="2025-12-16T00:23:39.249">
  <mem-info id="2686" free="67075696" total="361562112" percent="18">
    <mem type="nursery" free="0" total="152698880" percent="0">
      <mem type="allocate" free="0" total="137428992" percent="0" />
      <mem type="survivor" free="0" total="15269888" percent="0" />
    </mem>
    <mem type="tenure" free="67075696" total="208863232" percent="32">
      <mem type="soa" free="64986736" total="206774272" percent="31" />
      <mem type="loa" free="2088960" total="2088960" percent="100" />
    </mem>
    <remembered-set count="1030" />
  </mem-info>
</gc-start>
<allocation-stats totalBytes="136578808" discardedBytes="49352" >
  <allocated-bytes non-tlh="72" tlh="136578736" />
  <largest-consumer threadName="Timer-7" threadId="0000000000FF9B00" bytes="35163440" />
</allocation-stats>
<gc-op id="2687" type="scavenge" timems="29.739" contextid="2684" timestamp="2025-12-16T00:23:39.280">
  <scavenger-info tenureage="5" tenuremask="4220" tiltratio="90" />
  <memory-copied type="nursery" objects="6673" bytes="335056" bytesdiscarded="242896" />
  <memory-copied type="tenure" objects="826" bytes="83168" bytesdiscarded="1032" />
  <finalization candidates="5" enqueued="4" />
  <ownableSynchronizers candidates="19404" cleared="19292" />
  <references type="soft" candidates="1" cleared="0" enqueued="0" dynamicThreshold="10" maxThreshold="32" />
  <references type="weak" candidates="705" cleared="17" enqueued="16" />
  <references type="phantom" candidates="315" cleared="304" enqueued="304" />
  <object-monitors candidates="192" cleared="11"  />
</gc-op>
<gc-end id="2688" type="scavenge" contextid="2684" durationms="41.065" usertimems="5.460" systemtimems="26.425" stalltimems="83.125" timestamp="2025-12-16T00:23:39.290" activeThreads="11">
  <mem-info id="2689" free="203736288" total="361562112" percent="56">
    <mem type="nursery" free="136850160" total="152698880" percent="89">
      <mem type="allocate" free="136850160" total="137428992" percent="99" />
      <mem type="survivor" free="0" total="15269888" percent="0" />
    </mem>
    <mem type="tenure" free="66886128" total="208863232" percent="32" macro-fragmented="0">
      <mem type="soa" free="64797168" total="206774272" percent="31" />
      <mem type="loa" free="2088960" total="2088960" percent="100" />
    </mem>
    <pending-finalizers system="4" default="0" reference="320" classloader="0" />
    <remembered-set count="822" />
  </mem-info>
</gc-end>
<cycle-end id="2690" type="scavenge" contextid="2684" timestamp="2025-12-16T00:23:39.291" />
<allocation-satisfied id="2691" threadId="000000000187CD00" bytesRequested="24" />
<af-end id="2692" timestamp="2025-12-16T00:23:39.292" threadId="000000000187D778" success="true" from="nursery"/>
<exclusive-end id="2693" timestamp="2025-12-16T00:23:39.293" durationms="50.258" />

<exclusive-start id="2694" timestamp="2025-12-16T00:27:25.096" intervalms="225852.897">
  <response-info timems="0.120" idlems="0.120" threads="0" lastid="0000000001823A00" lastname="Default Executor-thread-287" />
</exclusive-start>
<af-start id="2695" threadId="0000000001824478" totalBytesRequested="2056" timestamp="2025-12-16T00:27:25.098" intervalms="225853.383" type="nursery" />
<cycle-start id="2696" type="scavenge" contextid="0" timestamp="2025-12-16T00:27:25.100" intervalms="225853.334" />
<gc-start id="2697" type="scavenge" contextid="2696" timestamp="2025-12-16T00:27:25.102">
  <mem-info id="2698" free="66885864" total="361562112" percent="18">
    <mem type="nursery" free="0" total="152698880" percent="0">
      <mem type="allocate" free="0" total="137428992" percent="0" />
      <mem type="survivor" free="0" total="15269888" percent="0" />
    </mem>
    <mem type="tenure" free="66885864" total="208863232" percent="32">
      <mem type="soa" free="64796904" total="206774272" percent="31" />
      <mem type="loa" free="2088960" total="2088960" percent="100" />
    </mem>
    <remembered-set count="1108" />
  </mem-info>
</gc-start>
<allocation-stats totalBytes="136805008" discardedBytes="45416" >
  <allocated-bytes non-tlh="288" tlh="136804720" />
  <largest-consumer threadName="Timer-7" threadId="0000000000FF9B00" bytes="35170624" />
</allocation-stats>
<gc-op id="2699" type="scavenge" timems="35.719" contextid="2696" timestamp="2025-12-16T00:27:25.140">
  <scavenger-info tenureage="7" tenuremask="4080" tiltratio="90" />
  <memory-copied type="nursery" objects="7688" bytes="416656" bytesdiscarded="419984" />
  <memory-copied type="tenure" objects="232" bytes="19680" bytesdiscarded="0" />
  <finalization candidates="9" enqueued="8" />
  <ownableSynchronizers candidates="19117" cleared="19012" />
  <references type="soft" candidates="5" cleared="0" enqueued="0" dynamicThreshold="10" maxThreshold="32" />
  <references type="weak" candidates="801" cleared="4" enqueued="3" />
  <references type="phantom" candidates="468" cleared="455" enqueued="455" />
  <object-monitors candidates="181" cleared="0"  />
</gc-op>
<gc-end id="2700" type="scavenge" contextid="2696" durationms="53.922" usertimems="32.507" systemtimems="7.273" stalltimems="202.565" timestamp="2025-12-16T00:27:25.156" activeThreads="13">
  <mem-info id="2701" free="203234760" total="361562112" percent="56">
    <mem type="nursery" free="136591584" total="152698880" percent="89">
      <mem type="allocate" free="136591584" total="137428992" percent="99" />
      <mem type="survivor" free="0" total="15269888" percent="0" />
    </mem>
    <mem type="tenure" free="66643176" total="208863232" percent="31" macro-fragmented="47927252">
      <mem type="soa" free="64554216" total="206774272" percent="31" />
      <mem type="loa" free="2088960" total="2088960" percent="100" />
    </mem>
    <pending-finalizers system="8" default="0" reference="458" classloader="0" />
    <remembered-set count="835" />
  </mem-info>
</gc-end>
<cycle-end id="2702" type="scavenge" contextid="2696" timestamp="2025-12-16T00:27:25.157" />
<allocation-satisfied id="2703" threadId="0000000001823A00" bytesRequested="2056" />
<af-end id="2704" timestamp="2025-12-16T00:27:25.159" threadId="0000000001824478" success="true" from="nursery"/>
<exclusive-end id="2705" timestamp="2025-12-16T00:27:25.159" durationms="63.644" />

<exclusive-start id="2706" timestamp="2025-12-16T00:29:19.973" intervalms="114877.167">
  <response-info timems="0.070" idlems="0.070" threads="0" lastid="00000000001D0800" lastname="VM Runtime State Listener" />
</exclusive-start>
<sys-start reason="vm idle" id="2707" timestamp="2025-12-16T00:29:19.975" intervalms="1677156.191" />
<cycle-start id="2708" type="global" contextid="0" timestamp="2025-12-16T00:29:19.976" intervalms="1677155.776" />
<gc-start id="2709" type="global" contextid="2708" timestamp="2025-12-16T00:29:19.979">
  <mem-info id="2710" free="132330944" total="361562112" percent="36">
    <mem type="nursery" free="65687768" total="152698880" percent="43">
      <mem type="allocate" free="65687768" total="137428992" percent="47" />
      <mem type="survivor" free="0" total="15269888" percent="0" />
    </mem>
    <mem type="tenure" free="66643176" total="208863232" percent="31">
      <mem type="soa" free="64554216" total="206774272" percent="31" />
      <mem type="loa" free="2088960" total="2088960" percent="100" />
    </mem>
    <remembered-set count="992" />
  </mem-info>
</gc-start>
<allocation-stats totalBytes="70883928" discardedBytes="19888" >
  <allocated-bytes non-tlh="2056" tlh="70881872" />
  <largest-consumer threadName="Timer-7" threadId="0000000000FF9B00" bytes="18965408" />
</allocation-stats>
<gc-op id="2711" type="mark" timems="79.071" contextid="2708" timestamp="2025-12-16T00:29:20.061">
  <trace-info objectcount="2225525" scancount="1921909" scanbytes="72210932" />
  <finalization candidates="909" enqueued="3" />
  <ownableSynchronizers candidates="19534" cleared="9670" />
  <references type="soft" candidates="15932" cleared="1231" enqueued="1184" dynamicThreshold="10" maxThreshold="32" />
  <references type="weak" candidates="18773" cleared="86" enqueued="77" />
  <references type="phantom" candidates="1596" cleared="152" enqueued="152" />
  <stringconstants candidates="57751" cleared="584"  />
  <object-monitors candidates="181" cleared="10"  />
</gc-op>
<gc-op id="2712" type="classunload" timems="6.140" contextid="2708" timestamp="2025-12-16T00:29:20.069">
  <classunload-info classloadercandidates="611" classloadersunloaded="4" classesunloaded="24" anonymousclassesunloaded="21" quiescems="0.000" setupms="6.052" scanms="0.080" postms="0.007" />
</gc-op>
<gc-op id="2713" type="sweep" timems="6.242" contextid="2708" timestamp="2025-12-16T00:29:20.076" />
<gc-end id="2714" type="global" contextid="2708" durationms="117.013" usertimems="871.190" systemtimems="23.001" stalltimems="699.088" timestamp="2025-12-16T00:29:20.096" activeThreads="20">
  <mem-info id="2715" free="204402312" total="361562112" percent="56">
    <mem type="nursery" free="136824152" total="152698880" percent="89">
      <mem type="allocate" free="136824152" total="137428992" percent="99" />
      <mem type="survivor" free="0" total="15269888" percent="0" />
    </mem>
    <mem type="tenure" free="67578160" total="208863232" percent="32" micro-fragmented="211201" macro-fragmented="47927252">
      <mem type="soa" free="65489200" total="206774272" percent="31" />
      <mem type="loa" free="2088960" total="2088960" percent="100" />
    </mem>
    <pending-finalizers system="3" default="0" reference="1413" classloader="0" />
    <remembered-set count="967" />
  </mem-info>
</gc-end>
<cycle-end id="2716" type="global" contextid="2708" timestamp="2025-12-16T00:29:20.097" />
<heap-fixup timems="8.265" reason="class unloading"  timestamp="2025-12-16T00:29:20.097" />
<sys-end id="2717" timestamp="2025-12-16T00:29:20.098" />
<exclusive-end id="2718" timestamp="2025-12-16T00:29:20.098" durationms="125.232" />

<heap-resize id="2719" type="release free pages" space="tenure" amount="67309568" count="1" timems="2.486" reason="idle" timestamp="2025-12-16T00:29:20.101" />
<exclusive-start id="2720" timestamp="2025-12-16T00:33:10.831" intervalms="230858.355">
  <response-info timems="0.146" idlems="0.146" threads="0" lastid="0000000001822D00" lastname="Default Executor-thread-248" />
</exclusive-start>
<af-start id="2721" threadId="0000000001823778" totalBytesRequested="144" timestamp="2025-12-16T00:33:10.833" intervalms="345735.520" type="nursery" />
<cycle-start id="2722" type="scavenge" contextid="0" timestamp="2025-12-16T00:33:10.835" intervalms="345735.507" />
<gc-start id="2723" type="scavenge" contextid="2722" timestamp="2025-12-16T00:33:10.841">
  <mem-info id="2724" free="67578160" total="361562112" percent="18">
    <mem type="nursery" free="0" total="152698880" percent="0">
      <mem type="allocate" free="0" total="137428992" percent="0" />
      <mem type="survivor" free="0" total="15269888" percent="0" />
    </mem>
    <mem type="tenure" free="67578160" total="208863232" percent="32">
      <mem type="soa" free="65489200" total="206774272" percent="31" />
      <mem type="loa" free="2088960" total="2088960" percent="100" />
    </mem>
    <remembered-set count="2673" />
  </mem-info>
</gc-start>
<allocation-stats totalBytes="136772552" discardedBytes="51512" >
  <allocated-bytes non-tlh="16008" tlh="136756544" />
  <largest-consumer threadName="Timer-7" threadId="0000000000FF9B00" bytes="34876528" />
</allocation-stats>
<gc-op id="2725" type="scavenge" timems="23.012" contextid="2722" timestamp="2025-12-16T00:33:10.867">
  <scavenger-info tenureage="14" tenuremask="4000" tiltratio="90" />
  <memory-copied type="nursery" objects="7018" bytes="388296" bytesdiscarded="382064" />
  <finalization candidates="5" enqueued="4" />
  <ownableSynchronizers candidates="39104" cleared="39001" />
  <references type="soft" candidates="5" cleared="0" enqueued="0" dynamicThreshold="10" maxThreshold="32" />
  <references type="weak" candidates="690" cleared="2" enqueued="1" />
  <references type="phantom" candidates="318" cleared="302" enqueued="302" />
  <object-monitors candidates="171" cleared="0"  />
</gc-op>
<heap-resize id="2726" type="contract" space="nursery" amount="1572864" count="1" timems="1.904" reason="insufficient time being spent scavenging" timestamp="2025-12-16T00:33:10.871" />
<gc-end id="2727" type="scavenge" contextid="2722" durationms="41.604" usertimems="11.179" systemtimems="29.971" stalltimems="157.353" timestamp="2025-12-16T00:33:10.882" activeThreads="13">
  <mem-info id="2728" free="202794264" total="359989248" percent="56">
    <mem type="nursery" free="135216104" total="151126016" percent="89">
      <mem type="allocate" free="135216104" total="135987200" percent="99" />
      <mem type="survivor" free="0" total="15138816" percent="0" />
    </mem>
    <mem type="tenure" free="67578160" total="208863232" percent="32" macro-fragmented="47927252">
      <mem type="soa" free="65489200" total="206774272" percent="31" />
      <mem type="loa" free="2088960" total="2088960" percent="100" />
    </mem>
    <pending-finalizers system="4" default="0" reference="303" classloader="0" />
    <remembered-set count="2055" />
  </mem-info>
</gc-end>
<cycle-end id="2729" type="scavenge" contextid="2722" timestamp="2025-12-16T00:33:10.884" />
<allocation-satisfied id="2730" threadId="0000000001822D00" bytesRequested="144" />
<af-end id="2731" timestamp="2025-12-16T00:33:10.886" threadId="0000000001823778" success="true" from="nursery"/>
<exclusive-end id="2732" timestamp="2025-12-16T00:33:10.887" durationms="55.755" />

<exclusive-start id="2733" timestamp="2025-12-16T00:36:58.971" intervalms="228139.793">
  <response-info timems="0.132" idlems="0.132" threads="0" lastid="0000000001926400" lastname="Default Executor-thread-336" />
</exclusive-start>
<af-start id="2734" threadId="0000000001926E78" totalBytesRequested="184" timestamp="2025-12-16T00:36:58.973" intervalms="228139.961" type="nursery" />
<cycle-start id="2735" type="scavenge" contextid="0" timestamp="2025-12-16T00:36:58.975" intervalms="228140.079" />
<gc-start id="2736" type="scavenge" contextid="2735" timestamp="2025-12-16T00:36:58.978">
  <mem-info id="2737" free="67578160" total="359989248" percent="18">
    <mem type="nursery" free="0" total="151126016" percent="0">
      <mem type="allocate" free="0" total="135987200" percent="0" />
      <mem type="survivor" free="0" total="15138816" percent="0" />
    </mem>
    <mem type="tenure" free="67578160" total="208863232" percent="32">
      <mem type="soa" free="65489200" total="206774272" percent="31" />
      <mem type="loa" free="2088960" total="2088960" percent="100" />
    </mem>
    <remembered-set count="2232" />
  </mem-info>
</gc-start>
<allocation-stats totalBytes="135175776" discardedBytes="40328" >
  <allocated-bytes non-tlh="144" tlh="135175632" />
  <largest-consumer threadName="Timer-7" threadId="0000000000FF9B00" bytes="34781520" />
</allocation-stats>
<gc-op id="2738" type="scavenge" timems="24.921" contextid="2735" timestamp="2025-12-16T00:36:59.007">
  <scavenger-info tenureage="14" tenuremask="4000" tiltratio="89" />
  <memory-copied type="nursery" objects="7428" bytes="417704" bytesdiscarded="283024" />
  <finalization candidates="5" enqueued="4" />
  <ownableSynchronizers candidates="19263" cleared="19157" />
  <references type="soft" candidates="5" cleared="0" enqueued="0" dynamicThreshold="10" maxThreshold="32" />
  <references type="weak" candidates="729" cleared="2" enqueued="1" />
  <references type="phantom" candidates="322" cleared="304" enqueued="304" />
  <object-monitors candidates="171" cleared="0"  />
</gc-op>
<gc-end id="2739" type="scavenge" contextid="2735" durationms="30.214" usertimems="15.501" systemtimems="21.328" stalltimems="124.181" timestamp="2025-12-16T00:36:59.009" activeThreads="11">
  <mem-info id="2740" free="202863952" total="359989248" percent="56">
    <mem type="nursery" free="135285792" total="151126016" percent="89">
      <mem type="allocate" free="135285792" total="135987200" percent="99" />
      <mem type="survivor" free="0" total="15138816" percent="0" />
    </mem>
    <mem type="tenure" free="67578160" total="208863232" percent="32" macro-fragmented="39939376">
      <mem type="soa" free="65489200" total="206774272" percent="31" />
      <mem type="loa" free="2088960" total="2088960" percent="100" />
    </mem>
    <pending-finalizers system="4" default="0" reference="305" classloader="0" />
    <remembered-set count="2060" />
  </mem-info>
</gc-end>
<cycle-end id="2741" type="scavenge" contextid="2735" timestamp="2025-12-16T00:36:59.011" />
<allocation-satisfied id="2742" threadId="0000000001926400" bytesRequested="184" />
<af-end id="2743" timestamp="2025-12-16T00:36:59.012" threadId="0000000001926E78" success="true" from="nursery"/>
<exclusive-end id="2744" timestamp="2025-12-16T00:36:59.013" durationms="42.247" />

<exclusive-start id="2745" timestamp="2025-12-16T00:40:44.478" intervalms="225507.348">
  <response-info timems="1.552" idlems="0.812" threads="1" lastid="0000000001A23E00" lastname="Default Executor-thread-314" />
</exclusive-start>
<af-start id="2746" threadId="00000000019E8378" totalBytesRequested="192" timestamp="2025-12-16T00:40:44.480" intervalms="225506.890" type="nursery" />
<cycle-start id="2747" type="scavenge" contextid="0" timestamp="2025-12-16T00:40:44.483" intervalms="225507.342" />
<gc-start id="2748" type="scavenge" contextid="2747" timestamp="2025-12-16T00:40:44.486">
  <mem-info id="2749" free="67578160" total="359989248" percent="18">
    <mem type="nursery" free="0" total="151126016" percent="0">
      <mem type="allocate" free="0" total="135987200" percent="0" />
      <mem type="survivor" free="0" total="15138816" percent="0" />
    </mem>
    <mem type="tenure" free="67578160" total="208863232" percent="32">
      <mem type="soa" free="65489200" total="206774272" percent="31" />
      <mem type="loa" free="2088960" total="2088960" percent="100" />
    </mem>
    <remembered-set count="2227" />
  </mem-info>
</gc-start>
<allocation-stats totalBytes="135226312" discardedBytes="59480" >
  <allocated-bytes non-tlh="184" tlh="135226128" />
  <largest-consumer threadName="Timer-7" threadId="0000000000FF9B00" bytes="34857072" />
</allocation-stats>
<gc-op id="2750" type="scavenge" timems="46.814" contextid="2747" timestamp="2025-12-16T00:40:44.535">
  <scavenger-info tenureage="14" tenuremask="4000" tiltratio="89" />
  <memory-copied type="nursery" objects="6338" bytes="375392" bytesdiscarded="267888" />
  <memory-copied type="tenure" objects="1038" bytes="46992" bytesdiscarded="384" />
  <finalization candidates="4" enqueued="4" />
  <ownableSynchronizers candidates="19049" cleared="18932" />
  <references type="soft" candidates="5" cleared="0" enqueued="0" dynamicThreshold="10" maxThreshold="32" />
  <references type="weak" candidates="421" cleared="8" enqueued="7" />
  <references type="phantom" candidates="200" cleared="190" enqueued="190" />
  <object-monitors candidates="211" cleared="25"  />
</gc-op>
<gc-end id="2751" type="scavenge" contextid="2747" durationms="56.687" usertimems="13.195" systemtimems="17.568" stalltimems="249.779" timestamp="2025-12-16T00:40:44.542" activeThreads="10">
  <mem-info id="2752" free="202834512" total="359989248" percent="56">
    <mem type="nursery" free="135342936" total="151126016" percent="89">
      <mem type="allocate" free="135342936" total="135987200" percent="99" />
      <mem type="survivor" free="0" total="15138816" percent="0" />
    </mem>
    <mem type="tenure" free="67491576" total="208863232" percent="32" macro-fragmented="39939376">
      <mem type="soa" free="65402616" total="206774272" percent="31" />
      <mem type="loa" free="2088960" total="2088960" percent="100" />
    </mem>
    <pending-finalizers system="4" default="0" reference="197" classloader="0" />
    <remembered-set count="860" />
  </mem-info>
</gc-end>
<cycle-end id="2753" type="scavenge" contextid="2747" timestamp="2025-12-16T00:40:44.545" />
<allocation-satisfied id="2754" threadId="00000000019E7900" bytesRequested="192" />
<af-end id="2755" timestamp="2025-12-16T00:40:44.547" threadId="00000000019E8378" success="true" from="nursery"/>
<exclusive-end id="2756" timestamp="2025-12-16T00:40:44.549" durationms="70.500" />

<exclusive-start id="2757" timestamp="2025-12-16T00:44:31.965" intervalms="227486.905">
  <response-info timems="0.153" idlems="0.153" threads="0" lastid="0000000000FF9B00" lastname="Timer-7" />
</exclusive-start>
<af-start id="2758" threadId="0000000000FFA578" totalBytesRequested="56" timestamp="2025-12-16T00:44:31.976" intervalms="227495.988" type="nursery" />
<cycle-start id="2759" type="scavenge" contextid="0" timestamp="2025-12-16T00:44:31.986" intervalms="227503.049" />
<gc-start id="2760" type="scavenge" contextid="2759" timestamp="2025-12-16T00:44:31.992">
  <mem-info id="2761" free="67491576" total="359989248" percent="18">
    <mem type="nursery" free="0" total="151126016" percent="0">
      <mem type="allocate" free="0" total="135987200" percent="0" />
      <mem type="survivor" free="0" total="15138816" percent="0" />
    </mem>
    <mem type="tenure" free="67491576" total="208863232" percent="32">
      <mem type="soa" free="65402616" total="206774272" percent="31" />
      <mem type="loa" free="2088960" total="2088960" percent="100" />
    </mem>
    <remembered-set count="1053" />
  </mem-info>
</gc-start>
<allocation-stats totalBytes="135299072" discardedBytes="43864" >
  <allocated-bytes non-tlh="192" tlh="135298880" />
  <largest-consumer threadName="Timer-7" threadId="0000000000FF9B00" bytes="35443160" />
</allocation-stats>
<gc-op id="2762" type="scavenge" timems="26.908" contextid="2759" timestamp="2025-12-16T00:44:32.025">
  <scavenger-info tenureage="14" tenuremask="4000" tiltratio="89" />
  <memory-copied type="nursery" objects="6517" bytes="390992" bytesdiscarded="271960" />
  <finalization candidates="3" enqueued="3" />
  <ownableSynchronizers candidates="19219" cleared="19108" />
  <references type="soft" candidates="5" cleared="0" enqueued="0" dynamicThreshold="10" maxThreshold="32" />
  <references type="weak" candidates="523" cleared="2" enqueued="1" />
  <references type="phantom" candidates="282" cleared="270" enqueued="270" />
  <object-monitors candidates="186" cleared="0"  />
</gc-op>
<gc-end id="2763" type="scavenge" contextid="2759" durationms="34.231" usertimems="9.731" systemtimems="14.603" stalltimems="92.747" timestamp="2025-12-16T00:44:32.026" activeThreads="9">
  <mem-info id="2764" free="202815136" total="359989248" percent="56">
    <mem type="nursery" free="135323560" total="151126016" percent="89">
      <mem type="allocate" free="135323560" total="135987200" percent="99" />
      <mem type="survivor" free="0" total="15138816" percent="0" />
    </mem>
    <mem type="tenure" free="67491576" total="208863232" percent="32" macro-fragmented="23113062">
      <mem type="soa" free="65402616" total="206774272" percent="31" />
      <mem type="loa" free="2088960" total="2088960" percent="100" />
    </mem>
    <pending-finalizers system="3" default="0" reference="271" classloader="0" />
    <remembered-set count="803" />
  </mem-info>
</gc-end>
<cycle-end id="2765" type="scavenge" contextid="2759" timestamp="2025-12-16T00:44:32.028" />
<allocation-satisfied id="2766" threadId="0000000000FF9B00" bytesRequested="56" />
<af-end id="2767" timestamp="2025-12-16T00:44:32.030" threadId="0000000000FFA578" success="true" from="nursery"/>
<exclusive-end id="2768" timestamp="2025-12-16T00:44:32.031" durationms="65.324" />

<exclusive-start id="2769" timestamp="2025-12-16T00:48:16.968" intervalms="225002.350">
  <response-info timems="0.128" idlems="0.128" threads="0" lastid="0000000000FF9B00" lastname="Timer-7" />
</exclusive-start>
<af-start id="2770" threadId="0000000000FFA578" totalBytesRequested="4288" timestamp="2025-12-16T00:48:16.970" intervalms="224993.912" type="nursery" />
<cycle-start id="2771" type="scavenge" contextid="0" timestamp="2025-12-16T00:48:16.972" intervalms="224986.524" />
<gc-start id="2772" type="scavenge" contextid="2771" timestamp="2025-12-16T00:48:16.976">
  <mem-info id="2773" free="67491576" total="359989248" percent="18">
    <mem type="nursery" free="0" total="151126016" percent="0">
      <mem type="allocate" free="0" total="135987200" percent="0" />
      <mem type="survivor" free="0" total="15138816" percent="0" />
    </mem>
    <mem type="tenure" free="67491576" total="208863232" percent="32">
      <mem type="soa" free="65402616" total="206774272" percent="31" />
      <mem type="loa" free="2088960" total="2088960" percent="100" />
    </mem>
    <remembered-set count="1015" />
  </mem-info>
</gc-start>
<allocation-stats totalBytes="135265432" discardedBytes="58128" >
  <allocated-bytes non-tlh="56" tlh="135265376" />
  <largest-consumer threadName="Timer-7" threadId="0000000000FF9B00" bytes="34525040" />
</allocation-stats>
<gc-op id="2774" type="scavenge" timems="37.414" contextid="2771" timestamp="2025-12-16T00:48:17.016">
  <scavenger-info tenureage="14" tenuremask="4000" tiltratio="89" />
  <memory-copied type="nursery" objects="6429" bytes="370920" bytesdiscarded="246664" />
  <finalization candidates="4" enqueued="4" />
  <ownableSynchronizers candidates="19033" cleared="18919" />
  <references type="soft" candidates="5" cleared="0" enqueued="0" dynamicThreshold="10" maxThreshold="32" />
  <references type="weak" candidates="424" cleared="37" enqueued="36" />
  <references type="phantom" candidates="311" cleared="304" enqueued="304" />
  <object-monitors candidates="226" cleared="36"  />
</gc-op>
<gc-end id="2775" type="scavenge" contextid="2771" durationms="47.054" usertimems="15.940" systemtimems="11.584" stalltimems="71.157" timestamp="2025-12-16T00:48:17.023" activeThreads="9">
  <mem-info id="2776" free="202860192" total="359989248" percent="56">
    <mem type="nursery" free="135368616" total="151126016" percent="89">
      <mem type="allocate" free="135368616" total="135987200" percent="99" />
      <mem type="survivor" free="0" total="15138816" percent="0" />
    </mem>
    <mem type="tenure" free="67491576" total="208863232" percent="32" macro-fragmented="47927252">
      <mem type="soa" free="65402616" total="206774272" percent="31" />
      <mem type="loa" free="2088960" total="2088960" percent="100" />
    </mem>
    <pending-finalizers system="4" default="0" reference="340" classloader="0" />
    <remembered-set count="821" />
  </mem-info>
</gc-end>
<cycle-end id="2777" type="scavenge" contextid="2771" timestamp="2025-12-16T00:48:17.024" />
<allocation-satisfied id="2778" threadId="0000000000FF9B00" bytesRequested="4288" />
<af-end id="2779" timestamp="2025-12-16T00:48:17.025" threadId="0000000000FFA578" success="true" from="nursery"/>
<exclusive-end id="2780" timestamp="2025-12-16T00:48:17.026" durationms="58.058" />

<exclusive-start id="2781" timestamp="2025-12-16T00:52:01.993" intervalms="225025.668">
  <response-info timems="0.112" idlems="0.112" threads="0" lastid="0000000000FF9B00" lastname="Timer-7" />
</exclusive-start>
<af-start id="2782" threadId="0000000000FFA578" totalBytesRequested="6824" timestamp="2025-12-16T00:52:01.995" intervalms="225025.338" type="nursery" />
<cycle-start id="2783" type="scavenge" contextid="0" timestamp="2025-12-16T00:52:01.998" intervalms="225025.479" />
<gc-start id="2784" type="scavenge" contextid="2783" timestamp="2025-12-16T00:52:02.001">
  <mem-info id="2785" free="67491576" total="359989248" percent="18">
    <mem type="nursery" free="0" total="151126016" percent="0">
      <mem type="allocate" free="0" total="135987200" percent="0" />
      <mem type="survivor" free="0" total="15138816" percent="0" />
    </mem>
    <mem type="tenure" free="67491576" total="208863232" percent="32">
      <mem type="soa" free="65402616" total="206774272" percent="31" />
      <mem type="loa" free="2088960" total="2088960" percent="100" />
    </mem>
    <remembered-set count="1013" />
  </mem-info>
</gc-start>
<allocation-stats totalBytes="135323864" discardedBytes="44752" >
  <allocated-bytes non-tlh="4288" tlh="135319576" />
  <largest-consumer threadName="Timer-7" threadId="0000000000FF9B00" bytes="36339312" />
</allocation-stats>
<gc-op id="2786" type="scavenge" timems="34.880" contextid="2783" timestamp="2025-12-16T00:52:02.039">
  <scavenger-info tenureage="10" tenuremask="4400" tiltratio="89" />
  <memory-copied type="nursery" objects="6872" bytes="418816" bytesdiscarded="332592" />
  <memory-copied type="tenure" objects="235" bytes="21464" bytesdiscarded="328" />
  <finalization candidates="4" enqueued="3" />
  <ownableSynchronizers candidates="19013" cleared="18890" />
  <references type="soft" candidates="5" cleared="0" enqueued="0" dynamicThreshold="10" maxThreshold="32" />
  <references type="weak" candidates="415" cleared="2" enqueued="1" />
  <references type="phantom" candidates="315" cleared="302" enqueued="302" />
  <object-monitors candidates="190" cleared="0"  />
</gc-op>
<gc-end id="2787" type="scavenge" contextid="2783" durationms="45.942" usertimems="14.647" systemtimems="28.738" stalltimems="265.926" timestamp="2025-12-16T00:52:02.047" activeThreads="11">
  <mem-info id="2788" free="202702648" total="359989248" percent="56">
    <mem type="nursery" free="135235040" total="151126016" percent="89">
      <mem type="allocate" free="135235040" total="135987200" percent="99" />
      <mem type="survivor" free="0" total="15138816" percent="0" />
    </mem>
    <mem type="tenure" free="67467608" total="208863232" percent="32" macro-fragmented="16050736">
      <mem type="soa" free="65378648" total="206774272" percent="31" />
      <mem type="loa" free="2088960" total="2088960" percent="100" />
    </mem>
    <pending-finalizers system="3" default="0" reference="303" classloader="0" />
    <remembered-set count="802" />
  </mem-info>
</gc-end>
<cycle-end id="2789" type="scavenge" contextid="2783" timestamp="2025-12-16T00:52:02.048" />
<allocation-satisfied id="2790" threadId="0000000000FF9B00" bytesRequested="6824" />
<af-end id="2791" timestamp="2025-12-16T00:52:02.050" threadId="0000000000FFA578" success="true" from="nursery"/>
<exclusive-end id="2792" timestamp="2025-12-16T00:52:02.051" durationms="57.618" />

<exclusive-start id="2793" timestamp="2025-12-16T00:55:48.870" intervalms="226876.387">
  <response-info timems="0.061" idlems="0.061" threads="0" lastid="00000000018FF400" lastname="Default Executor-thread-429" />
</exclusive-start>
<af-start id="2794" threadId="00000000018FFE78" totalBytesRequested="32" timestamp="2025-12-16T00:55:48.871" intervalms="226875.549" type="nursery" />
<cycle-start id="2795" type="scavenge" contextid="0" timestamp="2025-12-16T00:55:48.872" intervalms="226874.459" />
<gc-start id="2796" type="scavenge" contextid="2795" timestamp="2025-12-16T00:55:48.874">
  <mem-info id="2797" free="67467608" total="359989248" percent="18">
    <mem type="nursery" free="0" total="151126016" percent="0">
      <mem type="allocate" free="0" total="135987200" percent="0" />
      <mem type="survivor" free="0" total="15138816" percent="0" />
    </mem>
    <mem type="tenure" free="67467608" total="208863232" percent="32">
      <mem type="soa" free="65378648" total="206774272" percent="31" />
      <mem type="loa" free="2088960" total="2088960" percent="100" />
    </mem>
    <remembered-set count="987" />
  </mem-info>
</gc-start>
<allocation-stats totalBytes="135184448" discardedBytes="50592" >
  <allocated-bytes non-tlh="6824" tlh="135177624" />
  <largest-consumer threadName="Timer-7" threadId="0000000000FF9B00" bytes="34765472" />
</allocation-stats>
<gc-op id="2798" type="scavenge" timems="12.998" contextid="2795" timestamp="2025-12-16T00:55:48.889">
  <scavenger-info tenureage="14" tenuremask="4000" tiltratio="89" />
  <memory-copied type="nursery" objects="7008" bytes="426864" bytesdiscarded="186688" />
  <finalization candidates="5" enqueued="4" />
  <ownableSynchronizers candidates="19185" cleared="19059" />
  <references type="soft" candidates="5" cleared="0" enqueued="0" dynamicThreshold="10" maxThreshold="32" />
  <references type="weak" candidates="469" cleared="20" enqueued="19" />
  <references type="phantom" candidates="317" cleared="304" enqueued="304" />
  <object-monitors candidates="210" cleared="17"  />
</gc-op>
<gc-end id="2799" type="scavenge" contextid="2795" durationms="20.312" usertimems="5.200" systemtimems="8.163" stalltimems="28.050" timestamp="2025-12-16T00:55:48.894" activeThreads="9">
  <mem-info id="2800" free="202840144" total="359989248" percent="56">
    <mem type="nursery" free="135372536" total="151126016" percent="89">
      <mem type="allocate" free="135372536" total="135987200" percent="99" />
      <mem type="survivor" free="0" total="15138816" percent="0" />
    </mem>
    <mem type="tenure" free="67467608" total="208863232" percent="32" macro-fragmented="47927252">
      <mem type="soa" free="65378648" total="206774272" percent="31" />
      <mem type="loa" free="2088960" total="2088960" percent="100" />
    </mem>
    <pending-finalizers system="4" default="0" reference="323" classloader="0" />
    <remembered-set count="814" />
  </mem-info>
</gc-end>
<cycle-end id="2801" type="scavenge" contextid="2795" timestamp="2025-12-16T00:55:48.895" />
<allocation-satisfied id="2802" threadId="00000000018FF400" bytesRequested="32" />
<af-end id="2803" timestamp="2025-12-16T00:55:48.896" threadId="00000000018FFE78" success="true" from="nursery"/>
<exclusive-end id="2804" timestamp="2025-12-16T00:55:48.896" durationms="26.120" />

<exclusive-start id="2805" timestamp="2025-12-16T00:59:37.859" intervalms="228989.077">
  <response-info timems="0.111" idlems="0.111" threads="0" lastid="000000000196B600" lastname="Default Executor-thread-421" />
</exclusive-start>
<af-start id="2806" threadId="000000000196C078" totalBytesRequested="1032" timestamp="2025-12-16T00:59:37.861" intervalms="228989.892" type="nursery" />
<cycle-start id="2807" type="scavenge" contextid="0" timestamp="2025-12-16T00:59:37.863" intervalms="228990.702" />
<gc-start id="2808" type="scavenge" contextid="2807" timestamp="2025-12-16T00:59:37.866">
  <mem-info id="2809" free="67467608" total="359989248" percent="18">
    <mem type="nursery" free="0" total="151126016" percent="0">
      <mem type="allocate" free="0" total="135987200" percent="0" />
      <mem type="survivor" free="0" total="15138816" percent="0" />
    </mem>
    <mem type="tenure" free="67467608" total="208863232" percent="32">
      <mem type="soa" free="65378648" total="206774272" percent="31" />
      <mem type="loa" free="2088960" total="2088960" percent="100" />
    </mem>
    <remembered-set count="997" />
  </mem-info>
</gc-start>
<allocation-stats totalBytes="135312112" discardedBytes="60424" >
  <allocated-bytes non-tlh="32" tlh="135312080" />
  <largest-consumer threadName="Timer-7" threadId="0000000000FF9B00" bytes="34920072" />
</allocation-stats>
<gc-op id="2810" type="scavenge" timems="32.126" contextid="2807" timestamp="2025-12-16T00:59:37.901">
  <scavenger-info tenureage="8" tenuremask="4900" tiltratio="89" />
  <memory-copied type="nursery" objects="6788" bytes="382056" bytesdiscarded="338800" />
  <memory-copied type="tenure" objects="740" bytes="81776" bytesdiscarded="744" />
  <finalization candidates="5" enqueued="4" />
  <ownableSynchronizers candidates="19362" cleared="19233" />
  <references type="soft" candidates="1" cleared="0" enqueued="0" dynamicThreshold="10" maxThreshold="32" />
  <references type="weak" candidates="457" cleared="2" enqueued="1" />
  <references type="phantom" candidates="317" cleared="304" enqueued="304" />
  <object-monitors candidates="193" cleared="0"  />
</gc-op>
<gc-end id="2811" type="scavenge" contextid="2807" durationms="38.195" usertimems="12.940" systemtimems="5.554" stalltimems="37.412" timestamp="2025-12-16T00:59:37.904" activeThreads="10">
  <mem-info id="2812" free="202598192" total="359989248" percent="56">
    <mem type="nursery" free="135265504" total="151126016" percent="89">
      <mem type="allocate" free="135265504" total="135987200" percent="99" />
      <mem type="survivor" free="0" total="15138816" percent="0" />
    </mem>
    <mem type="tenure" free="67332688" total="208863232" percent="32" macro-fragmented="33282812">
      <mem type="soa" free="65243728" total="206774272" percent="31" />
      <mem type="loa" free="2088960" total="2088960" percent="100" />
    </mem>
    <pending-finalizers system="4" default="0" reference="305" classloader="0" />
    <remembered-set count="761" />
  </mem-info>
</gc-end>
<cycle-end id="2813" type="scavenge" contextid="2807" timestamp="2025-12-16T00:59:37.905" />
<allocation-satisfied id="2814" threadId="000000000196B600" bytesRequested="1032" />
<af-end id="2815" timestamp="2025-12-16T00:59:37.907" threadId="000000000196C078" success="true" from="nursery"/>
<exclusive-end id="2816" timestamp="2025-12-16T00:59:37.908" durationms="48.988" />

<exclusive-start id="2817" timestamp="2025-12-16T01:03:25.422" intervalms="227563.071">
  <response-info timems="0.098" idlems="0.098" threads="0" lastid="0000000001A62E00" lastname="Default Executor-thread-433" />
</exclusive-start>
<af-start id="2818" threadId="0000000001A63878" totalBytesRequested="32" timestamp="2025-12-16T01:03:25.423" intervalms="227562.441" type="nursery" />
<cycle-start id="2819" type="scavenge" contextid="0" timestamp="2025-12-16T01:03:25.425" intervalms="227561.703" />
<gc-start id="2820" type="scavenge" contextid="2819" timestamp="2025-12-16T01:03:25.427">
  <mem-info id="2821" free="67332688" total="359989248" percent="18">
    <mem type="nursery" free="0" total="151126016" percent="0">
      <mem type="allocate" free="0" total="135987200" percent="0" />
      <mem type="survivor" free="0" total="15138816" percent="0" />
    </mem>
    <mem type="tenure" free="67332688" total="208863232" percent="32">
      <mem type="soa" free="65243728" total="206774272" percent="31" />
      <mem type="loa" free="2088960" total="2088960" percent="100" />
    </mem>
    <remembered-set count="939" />
  </mem-info>
</gc-start>
<allocation-stats totalBytes="135211592" discardedBytes="53912" >
  <allocated-bytes non-tlh="1032" tlh="135210560" />
  <largest-consumer threadName="Timer-7" threadId="0000000000FF9B00" bytes="34840784" />
</allocation-stats>
<gc-op id="2822" type="scavenge" timems="10.607" contextid="2819" timestamp="2025-12-16T01:03:25.439">
  <scavenger-info tenureage="14" tenuremask="4000" tiltratio="89" />
  <memory-copied type="nursery" objects="6658" bytes="367120" bytesdiscarded="256096" />
  <finalization candidates="5" enqueued="4" />
  <ownableSynchronizers candidates="19247" cleared="19121" />
  <references type="soft" candidates="1" cleared="0" enqueued="0" dynamicThreshold="10" maxThreshold="32" />
  <references type="weak" candidates="467" cleared="14" enqueued="13" />
  <references type="phantom" candidates="315" cleared="304" enqueued="304" />
  <object-monitors candidates="213" cleared="20"  />
</gc-op>
<gc-end id="2823" type="scavenge" contextid="2819" durationms="17.592" usertimems="2.760" systemtimems="12.480" stalltimems="59.740" timestamp="2025-12-16T01:03:25.444" activeThreads="14">
  <mem-info id="2824" free="202695728" total="359989248" percent="56">
    <mem type="nursery" free="135363040" total="151126016" percent="89">
      <mem type="allocate" free="135363040" total="135987200" percent="99" />
      <mem type="survivor" free="0" total="15138816" percent="0" />
    </mem>
    <mem type="tenure" free="67332688" total="208863232" percent="32" macro-fragmented="47927252">
      <mem type="soa" free="65243728" total="206774272" percent="31" />
      <mem type="loa" free="2088960" total="2088960" percent="100" />
    </mem>
    <pending-finalizers system="4" default="0" reference="317" classloader="0" />
    <remembered-set count="770" />
  </mem-info>
</gc-end>
<cycle-end id="2825" type="scavenge" contextid="2819" timestamp="2025-12-16T01:03:25.445" />
<allocation-satisfied id="2826" threadId="0000000001A62E00" bytesRequested="32" />
<af-end id="2827" timestamp="2025-12-16T01:03:25.447" threadId="0000000001A63878" success="true" from="nursery"/>
<exclusive-end id="2828" timestamp="2025-12-16T01:03:25.448" durationms="26.293" />

<exclusive-start id="2829" timestamp="2025-12-16T01:07:12.115" intervalms="226693.252">
  <response-info timems="0.132" idlems="0.132" threads="0" lastid="000000000085BC00" lastname="Default Executor-thread-456" />
</exclusive-start>
<af-start id="2830" threadId="000000000085C678" totalBytesRequested="152" timestamp="2025-12-16T01:07:12.117" intervalms="226693.741" type="nursery" />
<cycle-start id="2831" type="scavenge" contextid="0" timestamp="2025-12-16T01:07:12.119" intervalms="226694.725" />
<gc-start id="2832" type="scavenge" contextid="2831" timestamp="2025-12-16T01:07:12.122">
  <mem-info id="2833" free="67332688" total="359989248" percent="18">
    <mem type="nursery" free="0" total="151126016" percent="0">
      <mem type="allocate" free="0" total="135987200" percent="0" />
      <mem type="survivor" free="0" total="15138816" percent="0" />
    </mem>
    <mem type="tenure" free="67332688" total="208863232" percent="32">
      <mem type="soa" free="65243728" total="206774272" percent="31" />
      <mem type="loa" free="2088960" total="2088960" percent="100" />
    </mem>
    <remembered-set count="955" />
  </mem-info>
</gc-start>
<allocation-stats totalBytes="135325592" discardedBytes="37448" >
  <allocated-bytes non-tlh="32" tlh="135325560" />
  <largest-consumer threadName="Timer-7" threadId="0000000000FF9B00" bytes="35535656" />
</allocation-stats>
<gc-op id="2834" type="scavenge" timems="22.724" contextid="2831" timestamp="2025-12-16T01:07:12.146">
  <scavenger-info tenureage="12" tenuremask="5000" tiltratio="89" />
  <memory-copied type="nursery" objects="7095" bytes="393320" bytesdiscarded="243792" />
  <memory-copied type="tenure" objects="198" bytes="15448" bytesdiscarded="0" />
  <finalization candidates="5" enqueued="4" />
  <ownableSynchronizers candidates="19163" cleared="19028" />
  <references type="soft" candidates="1" cleared="0" enqueued="0" dynamicThreshold="10" maxThreshold="32" />
  <references type="weak" candidates="522" cleared="2" enqueued="1" />
  <references type="phantom" candidates="317" cleared="302" enqueued="302" />
  <object-monitors candidates="193" cleared="0"  />
</gc-op>
<gc-end id="2835" type="scavenge" contextid="2831" durationms="31.533" usertimems="14.258" systemtimems="24.747" stalltimems="168.229" timestamp="2025-12-16T01:07:12.153" activeThreads="13">
  <mem-info id="2836" free="202652720" total="359989248" percent="56">
    <mem type="nursery" free="135349216" total="151126016" percent="89">
      <mem type="allocate" free="135349216" total="135987200" percent="99" />
      <mem type="survivor" free="0" total="15138816" percent="0" />
    </mem>
    <mem type="tenure" free="67303504" total="208863232" percent="32" macro-fragmented="47927252">
      <mem type="soa" free="65214544" total="206774272" percent="31" />
      <mem type="loa" free="2088960" total="2088960" percent="100" />
    </mem>
    <pending-finalizers system="4" default="0" reference="303" classloader="0" />
    <remembered-set count="759" />
  </mem-info>
</gc-end>
<cycle-end id="2837" type="scavenge" contextid="2831" timestamp="2025-12-16T01:07:12.155" />
<allocation-satisfied id="2838" threadId="000000000085BC00" bytesRequested="152" />
<af-end id="2839" timestamp="2025-12-16T01:07:12.156" threadId="000000000085C678" success="true" from="nursery"/>
<exclusive-end id="2840" timestamp="2025-12-16T01:07:12.157" durationms="41.444" />

<exclusive-start id="2841" timestamp="2025-12-16T01:10:58.827" intervalms="226712.241">
  <response-info timems="0.160" idlems="0.160" threads="0" lastid="00000000019AFF00" lastname="Default Executor-thread-404" />
</exclusive-start>
<af-start id="2842" threadId="00000000019B0978" totalBytesRequested="16" timestamp="2025-12-16T01:10:58.829" intervalms="226712.472" type="nursery" />
<cycle-start id="2843" type="scavenge" contextid="0" timestamp="2025-12-16T01:10:58.832" intervalms="226712.476" />
<gc-start id="2844" type="scavenge" contextid="2843" timestamp="2025-12-16T01:10:58.834">
  <mem-info id="2845" free="67303504" total="359989248" percent="18">
    <mem type="nursery" free="0" total="151126016" percent="0">
      <mem type="allocate" free="0" total="135987200" percent="0" />
      <mem type="survivor" free="0" total="15138816" percent="0" />
    </mem>
    <mem type="tenure" free="67303504" total="208863232" percent="32">
      <mem type="soa" free="65214544" total="206774272" percent="31" />
      <mem type="loa" free="2088960" total="2088960" percent="100" />
    </mem>
    <remembered-set count="955" />
  </mem-info>
</gc-start>
<allocation-stats totalBytes="135307744" discardedBytes="41472" >
  <allocated-bytes non-tlh="152" tlh="135307592" />
  <largest-consumer threadName="Timer-7" threadId="0000000000FF9B00" bytes="35356680" />
</allocation-stats>
<gc-op id="2846" type="scavenge" timems="25.849" contextid="2843" timestamp="2025-12-16T01:10:58.862">
  <scavenger-info tenureage="9" tenuremask="4200" tiltratio="89" />
  <memory-copied type="nursery" objects="7103" bytes="404416" bytesdiscarded="172584" />
  <memory-copied type="tenure" objects="256" bytes="17880" bytesdiscarded="80" />
  <finalization candidates="5" enqueued="4" />
  <ownableSynchronizers candidates="19169" cleared="19034" />
  <references type="soft" candidates="1" cleared="0" enqueued="0" dynamicThreshold="10" maxThreshold="32" />
  <references type="weak" candidates="575" cleared="2" enqueued="1" />
  <references type="phantom" candidates="323" cleared="304" enqueued="304" />
  <object-monitors candidates="193" cleared="0"  />
</gc-op>
<gc-end id="2847" type="scavenge" contextid="2843" durationms="34.882" usertimems="29.074" systemtimems="9.690" stalltimems="94.085" timestamp="2025-12-16T01:10:58.869" activeThreads="11">
  <mem-info id="2848" free="202677256" total="359989248" percent="56">
    <mem type="nursery" free="135409320" total="151126016" percent="89">
      <mem type="allocate" free="135409320" total="135987200" percent="99" />
      <mem type="survivor" free="0" total="15138816" percent="0" />
    </mem>
    <mem type="tenure" free="67267936" total="208863232" percent="32" macro-fragmented="47927252">
      <mem type="soa" free="65178976" total="206774272" percent="31" />
      <mem type="loa" free="2088960" total="2088960" percent="100" />
    </mem>
    <pending-finalizers system="4" default="0" reference="305" classloader="0" />
    <remembered-set count="749" />
  </mem-info>
</gc-end>
<cycle-end id="2849" type="scavenge" contextid="2843" timestamp="2025-12-16T01:10:58.870" />
<allocation-satisfied id="2850" threadId="00000000019AFF00" bytesRequested="16" />
<af-end id="2851" timestamp="2025-12-16T01:10:58.872" threadId="00000000019B0978" success="true" from="nursery"/>
<exclusive-end id="2852" timestamp="2025-12-16T01:10:58.873" durationms="45.235" />

<exclusive-start id="2853" timestamp="2025-12-16T01:14:46.336" intervalms="227508.533">
  <response-info timems="0.064" idlems="0.064" threads="0" lastid="0000000001822100" lastname="Default Executor-thread-449" />
</exclusive-start>
<af-start id="2854" threadId="0000000001822B78" totalBytesRequested="32" timestamp="2025-12-16T01:14:46.337" intervalms="227507.846" type="nursery" />
<cycle-start id="2855" type="scavenge" contextid="0" timestamp="2025-12-16T01:14:46.339" intervalms="227506.908" />
<gc-start id="2856" type="scavenge" contextid="2855" timestamp="2025-12-16T01:14:46.341">
  <mem-info id="2857" free="67267936" total="359989248" percent="18">
    <mem type="nursery" free="0" total="151126016" percent="0">
      <mem type="allocate" free="0" total="135987200" percent="0" />
      <mem type="survivor" free="0" total="15138816" percent="0" />
    </mem>
    <mem type="tenure" free="67267936" total="208863232" percent="32">
      <mem type="soa" free="65178976" total="206774272" percent="31" />
      <mem type="loa" free="2088960" total="2088960" percent="100" />
    </mem>
    <remembered-set count="925" />
  </mem-info>
</gc-start>
<allocation-stats totalBytes="135359248" discardedBytes="50072" >
  <allocated-bytes non-tlh="16" tlh="135359232" />
  <largest-consumer threadName="Timer-7" threadId="0000000000FF9B00" bytes="34950040" />
</allocation-stats>
<gc-op id="2858" type="scavenge" timems="33.912" contextid="2855" timestamp="2025-12-16T01:14:46.376">
  <scavenger-info tenureage="13" tenuremask="6000" tiltratio="89" />
  <memory-copied type="nursery" objects="7150" bytes="409192" bytesdiscarded="257936" />
  <memory-copied type="tenure" objects="135" bytes="13144" bytesdiscarded="0" />
  <finalization candidates="5" enqueued="4" />
  <ownableSynchronizers candidates="19240" cleared="19107" />
  <references type="soft" candidates="1" cleared="0" enqueued="0" dynamicThreshold="10" maxThreshold="32" />
  <references type="weak" candidates="612" cleared="2" enqueued="1" />
  <references type="phantom" candidates="325" cleared="304" enqueued="304" />
  <object-monitors candidates="193" cleared="0"  />
</gc-op>
<gc-end id="2859" type="scavenge" contextid="2855" durationms="50.064" usertimems="10.195" systemtimems="15.469" stalltimems="299.590" timestamp="2025-12-16T01:14:46.391" activeThreads="12">
  <mem-info id="2860" free="202571160" total="359989248" percent="56">
    <mem type="nursery" free="135319240" total="151126016" percent="89">
      <mem type="allocate" free="135319240" total="135987200" percent="99" />
      <mem type="survivor" free="0" total="15138816" percent="0" />
    </mem>
    <mem type="tenure" free="67251920" total="208863232" percent="32" macro-fragmented="47927252">
      <mem type="soa" free="65162960" total="206774272" percent="31" />
      <mem type="loa" free="2088960" total="2088960" percent="100" />
    </mem>
    <pending-finalizers system="4" default="0" reference="305" classloader="0" />
    <remembered-set count="740" />
  </mem-info>
</gc-end>
<cycle-end id="2861" type="scavenge" contextid="2855" timestamp="2025-12-16T01:14:46.395" />
<allocation-satisfied id="2862" threadId="0000000001822100" bytesRequested="32" />
<af-end id="2863" timestamp="2025-12-16T01:14:46.410" threadId="0000000001822B78" success="true" from="nursery"/>
<exclusive-end id="2864" timestamp="2025-12-16T01:14:46.419" durationms="82.952" />

<exclusive-start id="2865" timestamp="2025-12-16T01:18:22.597" intervalms="216261.363">
  <response-info timems="0.145" idlems="0.145" threads="0" lastid="00000000018F4700" lastname="Default Executor-thread-389" />
</exclusive-start>
<af-start id="2866" threadId="00000000018F5178" totalBytesRequested="144" timestamp="2025-12-16T01:18:22.600" intervalms="216262.217" type="nursery" />
<cycle-start id="2867" type="scavenge" contextid="0" timestamp="2025-12-16T01:18:22.605" intervalms="216265.921" />
<gc-start id="2868" type="scavenge" contextid="2867" timestamp="2025-12-16T01:18:22.608">
  <mem-info id="2869" free="67250776" total="359989248" percent="18">
    <mem type="nursery" free="0" total="151126016" percent="0">
      <mem type="allocate" free="0" total="135987200" percent="0" />
      <mem type="survivor" free="0" total="15138816" percent="0" />
    </mem>
    <mem type="tenure" free="67250776" total="208863232" percent="32">
      <mem type="soa" free="65161816" total="206774272" percent="31" />
      <mem type="loa" free="2088960" total="2088960" percent="100" />
    </mem>
    <remembered-set count="1030" />
  </mem-info>
</gc-start>
<allocation-stats totalBytes="135279240" discardedBytes="41144" >
  <allocated-bytes non-tlh="1176" tlh="135278064" />
  <largest-consumer threadName="Timer-7" threadId="0000000000FF9B00" bytes="36776040" />
</allocation-stats>
<gc-op id="2870" type="scavenge" timems="34.190" contextid="2867" timestamp="2025-12-16T01:18:22.645">
  <scavenger-info tenureage="12" tenuremask="5000" tiltratio="89" />
  <memory-copied type="nursery" objects="7292" bytes="435424" bytesdiscarded="248576" />
  <memory-copied type="tenure" objects="108" bytes="7592" bytesdiscarded="488" />
  <finalization candidates="3" enqueued="3" />
  <ownableSynchronizers candidates="18277" cleared="18160" />
  <references type="soft" candidates="4" cleared="0" enqueued="0" dynamicThreshold="10" maxThreshold="32" />
  <references type="weak" candidates="721" cleared="8" enqueued="7" />
  <references type="phantom" candidates="176" cleared="156" enqueued="156" />
  <object-monitors candidates="195" cleared="0"  />
</gc-op>
<gc-end id="2871" type="scavenge" contextid="2867" durationms="54.771" usertimems="13.468" systemtimems="20.916" stalltimems="99.796" timestamp="2025-12-16T01:18:22.663" activeThreads="9">
  <mem-info id="2872" free="202552296" total="359989248" percent="56">
    <mem type="nursery" free="135302360" total="151126016" percent="89">
      <mem type="allocate" free="135302360" total="135987200" percent="99" />
      <mem type="survivor" free="0" total="15138816" percent="0" />
    </mem>
    <mem type="tenure" free="67249936" total="208863232" percent="32" macro-fragmented="47927252">
      <mem type="soa" free="65160976" total="206774272" percent="31" />
      <mem type="loa" free="2088960" total="2088960" percent="100" />
    </mem>
    <pending-finalizers system="3" default="0" reference="163" classloader="0" />
    <remembered-set count="819" />
  </mem-info>
</gc-end>
<cycle-end id="2873" type="scavenge" contextid="2867" timestamp="2025-12-16T01:18:22.664" />
<allocation-satisfied id="2874" threadId="00000000018F4700" bytesRequested="144" />
<af-end id="2875" timestamp="2025-12-16T01:18:22.666" threadId="00000000018F5178" success="true" from="nursery"/>
<exclusive-end id="2876" timestamp="2025-12-16T01:18:22.667" durationms="69.820" />

<exclusive-start id="2877" timestamp="2025-12-16T01:22:02.846" intervalms="220249.173">
  <response-info timems="0.119" idlems="0.119" threads="0" lastid="0000000001A2BD00" lastname="Default Executor-thread-454" />
</exclusive-start>
<af-start id="2878" threadId="0000000001A2C778" totalBytesRequested="168" timestamp="2025-12-16T01:22:02.848" intervalms="220248.243" type="nursery" />
<cycle-start id="2879" type="scavenge" contextid="0" timestamp="2025-12-16T01:22:02.849" intervalms="220244.791" />
<gc-start id="2880" type="scavenge" contextid="2879" timestamp="2025-12-16T01:22:02.852">
  <mem-info id="2881" free="67249936" total="359989248" percent="18">
    <mem type="nursery" free="0" total="151126016" percent="0">
      <mem type="allocate" free="0" total="135987200" percent="0" />
      <mem type="survivor" free="0" total="15138816" percent="0" />
    </mem>
    <mem type="tenure" free="67249936" total="208863232" percent="32">
      <mem type="soa" free="65160976" total="206774272" percent="31" />
      <mem type="loa" free="2088960" total="2088960" percent="100" />
    </mem>
    <remembered-set count="1004" />
  </mem-info>
</gc-start>
<allocation-stats totalBytes="135260544" discardedBytes="41816" >
  <allocated-bytes non-tlh="32920" tlh="135227624" />
  <largest-consumer threadName="Timer-7" threadId="0000000000FF9B00" bytes="37533400" />
</allocation-stats>
<gc-op id="2882" type="scavenge" timems="9.148" contextid="2879" timestamp="2025-12-16T01:22:02.863">
  <scavenger-info tenureage="7" tenuremask="4b80" tiltratio="89" />
  <memory-copied type="nursery" objects="6704" bytes="336520" bytesdiscarded="194128" />
  <memory-copied type="tenure" objects="1250" bytes="105056" bytesdiscarded="1072" />
  <finalization candidates="4" enqueued="3" />
  <ownableSynchronizers candidates="18632" cleared="18508" />
  <references type="soft" candidates="4" cleared="0" enqueued="0" dynamicThreshold="10" maxThreshold="32" />
  <references type="weak" candidates="533" cleared="26" enqueued="25" />
  <references type="phantom" candidates="313" cleared="302" enqueued="302" />
  <object-monitors candidates="215" cleared="19"  />
</gc-op>
<gc-end id="2883" type="scavenge" contextid="2879" durationms="16.846" usertimems="17.250" systemtimems="0.000" stalltimems="37.722" timestamp="2025-12-16T01:22:02.869" activeThreads="10">
  <mem-info id="2884" free="202552184" total="359989248" percent="56">
    <mem type="nursery" free="135455720" total="151126016" percent="89">
      <mem type="allocate" free="135455720" total="135987200" percent="99" />
      <mem type="survivor" free="0" total="15138816" percent="0" />
    </mem>
    <mem type="tenure" free="67096464" total="208863232" percent="32" macro-fragmented="39939376">
      <mem type="soa" free="65007504" total="206774272" percent="31" />
      <mem type="loa" free="2088960" total="2088960" percent="100" />
    </mem>
    <pending-finalizers system="3" default="0" reference="327" classloader="0" />
    <remembered-set count="892" />
  </mem-info>
</gc-end>
<cycle-end id="2885" type="scavenge" contextid="2879" timestamp="2025-12-16T01:22:02.871" />
<allocation-satisfied id="2886" threadId="0000000001A2BD00" bytesRequested="168" />
<af-end id="2887" timestamp="2025-12-16T01:22:02.873" threadId="0000000001A2C778" success="true" from="nursery"/>
<exclusive-end id="2888" timestamp="2025-12-16T01:22:02.874" durationms="27.622" />

<exclusive-start id="2889" timestamp="2025-12-16T01:25:47.009" intervalms="224162.686">
  <response-info timems="0.100" idlems="0.100" threads="0" lastid="0000000000FF9B00" lastname="Timer-7" />
</exclusive-start>
<af-start id="2890" threadId="0000000000FFA578" totalBytesRequested="1960" timestamp="2025-12-16T01:25:47.011" intervalms="224163.316" type="nursery" />
<cycle-start id="2891" type="scavenge" contextid="0" timestamp="2025-12-16T01:25:47.013" intervalms="224163.812" />
<gc-start id="2892" type="scavenge" contextid="2891" timestamp="2025-12-16T01:25:47.016">
  <mem-info id="2893" free="67096464" total="359989248" percent="18">
    <mem type="nursery" free="0" total="151126016" percent="0">
      <mem type="allocate" free="0" total="135987200" percent="0" />
      <mem type="survivor" free="0" total="15138816" percent="0" />
    </mem>
    <mem type="tenure" free="67096464" total="208863232" percent="32">
      <mem type="soa" free="65007504" total="206774272" percent="31" />
      <mem type="loa" free="2088960" total="2088960" percent="100" />
    </mem>
    <remembered-set count="1093" />
  </mem-info>
</gc-start>
<allocation-stats totalBytes="135417960" discardedBytes="37760" >
  <allocated-bytes non-tlh="168" tlh="135417792" />
  <largest-consumer threadName="Timer-7" threadId="0000000000FF9B00" bytes="36160448" />
</allocation-stats>
<gc-op id="2894" type="scavenge" timems="25.342" contextid="2891" timestamp="2025-12-16T01:25:47.045">
  <scavenger-info tenureage="14" tenuremask="4000" tiltratio="89" />
  <memory-copied type="nursery" objects="6954" bytes="363016" bytesdiscarded="239368" />
  <finalization candidates="5" enqueued="4" />
  <ownableSynchronizers candidates="18918" cleared="18818" />
  <references type="soft" candidates="4" cleared="0" enqueued="0" dynamicThreshold="10" maxThreshold="32" />
  <references type="weak" candidates="580" cleared="2" enqueued="1" />
  <references type="phantom" candidates="317" cleared="304" enqueued="304" />
  <object-monitors candidates="196" cleared="0"  />
</gc-op>
<heap-resize id="2895" type="contract" space="nursery" amount="1572864" count="1" timems="1.491" reason="insufficient time being spent scavenging" timestamp="2025-12-16T01:25:47.049" />
<gc-end id="2896" type="scavenge" contextid="2891" durationms="41.738" usertimems="6.616" systemtimems="21.561" stalltimems="110.130" timestamp="2025-12-16T01:25:47.057" activeThreads="9">
  <mem-info id="2897" free="201038864" total="358416384" percent="56">
    <mem type="nursery" free="133942400" total="149553152" percent="89">
      <mem type="allocate" free="133942400" total="134545408" percent="99" />
      <mem type="survivor" free="0" total="15007744" percent="0" />
    </mem>
    <mem type="tenure" free="67096464" total="208863232" percent="32" macro-fragmented="0">
      <mem type="soa" free="65007504" total="206774272" percent="31" />
      <mem type="loa" free="2088960" total="2088960" percent="100" />
    </mem>
    <pending-finalizers system="4" default="0" reference="305" classloader="0" />
    <remembered-set count="872" />
  </mem-info>
</gc-end>
<cycle-end id="2898" type="scavenge" contextid="2891" timestamp="2025-12-16T01:25:47.060" />
<allocation-satisfied id="2899" threadId="0000000000FF9B00" bytesRequested="1960" />
<af-end id="2900" timestamp="2025-12-16T01:25:47.063" threadId="0000000000FFA578" success="true" from="nursery"/>
<exclusive-end id="2901" timestamp="2025-12-16T01:25:47.065" durationms="55.387" />

<exclusive-start id="2902" timestamp="2025-12-16T01:29:29.749" intervalms="222740.104">
  <response-info timems="0.175" idlems="0.175" threads="0" lastid="0000000001822D00" lastname="Default Executor-thread-248" />
</exclusive-start>
<af-start id="2903" threadId="0000000001823778" totalBytesRequested="168" timestamp="2025-12-16T01:29:29.751" intervalms="222740.338" type="nursery" />
<cycle-start id="2904" type="scavenge" contextid="0" timestamp="2025-12-16T01:29:29.754" intervalms="222740.472" />
<gc-start id="2905" type="scavenge" contextid="2904" timestamp="2025-12-16T01:29:29.755">
  <mem-info id="2906" free="67096464" total="358416384" percent="18">
    <mem type="nursery" free="0" total="149553152" percent="0">
      <mem type="allocate" free="0" total="134545408" percent="0" />
      <mem type="survivor" free="0" total="15007744" percent="0" />
    </mem>
    <mem type="tenure" free="67096464" total="208863232" percent="32">
      <mem type="soa" free="65007504" total="206774272" percent="31" />
      <mem type="loa" free="2088960" total="2088960" percent="100" />
    </mem>
    <remembered-set count="1077" />
  </mem-info>
</gc-start>
<allocation-stats totalBytes="133888000" discardedBytes="54400" >
  <allocated-bytes non-tlh="1960" tlh="133886040" />
  <largest-consumer threadName="Timer-7" threadId="0000000000FF9B00" bytes="35273024" />
</allocation-stats>
<gc-op id="2907" type="scavenge" timems="27.768" contextid="2904" timestamp="2025-12-16T01:29:29.785">
  <scavenger-info tenureage="14" tenuremask="4000" tiltratio="89" />
  <memory-copied type="nursery" objects="7456" bytes="368888" bytesdiscarded="258960" />
  <finalization candidates="5" enqueued="4" />
  <ownableSynchronizers candidates="18825" cleared="18715" />
  <references type="soft" candidates="3" cleared="0" enqueued="0" dynamicThreshold="10" maxThreshold="32" />
  <references type="weak" candidates="604" cleared="14" enqueued="13" />
  <references type="phantom" candidates="316" cleared="304" enqueued="304" />
  <object-monitors candidates="216" cleared="15"  />
</gc-op>
<gc-end id="2908" type="scavenge" contextid="2904" durationms="32.830" usertimems="24.822" systemtimems="3.996" stalltimems="71.525" timestamp="2025-12-16T01:29:29.788" activeThreads="8">
  <mem-info id="2909" free="201013120" total="358416384" percent="56">
    <mem type="nursery" free="133916656" total="149553152" percent="89">
      <mem type="allocate" free="133916656" total="134545408" percent="99" />
      <mem type="survivor" free="0" total="15007744" percent="0" />
    </mem>
    <mem type="tenure" free="67096464" total="208863232" percent="32" macro-fragmented="33282812">
      <mem type="soa" free="65007504" total="206774272" percent="31" />
      <mem type="loa" free="2088960" total="2088960" percent="100" />
    </mem>
    <pending-finalizers system="4" default="0" reference="317" classloader="0" />
    <remembered-set count="893" />
  </mem-info>
</gc-end>
<cycle-end id="2910" type="scavenge" contextid="2904" timestamp="2025-12-16T01:29:29.789" />
<allocation-satisfied id="2911" threadId="0000000001822D00" bytesRequested="168" />
<af-end id="2912" timestamp="2025-12-16T01:29:29.791" threadId="0000000001823778" success="true" from="nursery"/>
<exclusive-end id="2913" timestamp="2025-12-16T01:29:29.791" durationms="42.156" />

<exclusive-start id="2914" timestamp="2025-12-16T01:32:49.603" intervalms="199853.632">
  <response-info timems="0.118" idlems="0.118" threads="0" lastid="00000000001D0800" lastname="VM Runtime State Listener" />
</exclusive-start>
<sys-start reason="vm idle" id="2915" timestamp="2025-12-16T01:32:49.605" intervalms="3809630.281" />
<cycle-start id="2916" type="global" contextid="0" timestamp="2025-12-16T01:32:49.607" intervalms="3809630.905" />
<gc-start id="2917" type="global" contextid="2916" timestamp="2025-12-16T01:32:49.610">
  <mem-info id="2918" free="76936920" total="358416384" percent="21">
    <mem type="nursery" free="9840456" total="149553152" percent="6">
      <mem type="allocate" free="9840456" total="134545408" percent="7" />
      <mem type="survivor" free="0" total="15007744" percent="0" />
    </mem>
    <mem type="tenure" free="67096464" total="208863232" percent="32">
      <mem type="soa" free="65007504" total="206774272" percent="31" />
      <mem type="loa" free="2088960" total="2088960" percent="100" />
    </mem>
    <remembered-set count="1080" />
  </mem-info>
</gc-start>
<allocation-stats totalBytes="124033592" discardedBytes="42608" >
  <allocated-bytes non-tlh="168" tlh="124033424" />
  <largest-consumer threadName="Timer-7" threadId="0000000000FF9B00" bytes="34832120" />
</allocation-stats>
<gc-op id="2919" type="mark" timems="259.102" contextid="2916" timestamp="2025-12-16T01:32:49.871">
  <trace-info objectcount="2220321" scancount="1917028" scanbytes="72021956" />
  <finalization candidates="910" enqueued="4" />
  <ownableSynchronizers candidates="26705" cleared="16833" />
  <references type="soft" candidates="14699" cleared="650" enqueued="321" dynamicThreshold="10" maxThreshold="32" />
  <references type="weak" candidates="18660" cleared="135" enqueued="134" />
  <references type="phantom" candidates="1742" cleared="302" enqueued="302" />
  <stringconstants candidates="57184" cleared="362"  />
  <object-monitors candidates="201" cleared="29"  />
</gc-op>
<gc-op id="2920" type="classunload" timems="15.652" contextid="2916" timestamp="2025-12-16T01:32:49.888">
  <classunload-info classloadercandidates="608" classloadersunloaded="1" classesunloaded="1" anonymousclassesunloaded="1" quiescems="0.000" setupms="15.447" scanms="0.195" postms="0.009" />
</gc-op>
<gc-op id="2921" type="sweep" timems="7.795" contextid="2916" timestamp="2025-12-16T01:32:49.896" />
<mem-info id="2922" free="201553976" total="358416384" percent="56">
  <mem type="nursery" free="133855848" total="149553152" percent="89">
    <mem type="allocate" free="133855848" total="134545408" percent="99" />
    <mem type="survivor" free="0" total="15007744" percent="0" />
  </mem>
  <mem type="tenure" free="67698128" total="208863232" percent="32" micro-fragmented="424707" macro-fragmented="116842">
    <mem type="soa" free="65609168" total="206774272" percent="31" />
    <mem type="loa" free="2088960" total="2088960" percent="100" />
  </mem>
  <pending-finalizers system="4" default="0" reference="757" classloader="0" />
  <remembered-set count="1045" />
</mem-info>
<gc-op id="2923" type="compact" timems="354.713" contextid="2916" timestamp="2025-12-16T01:32:50.253">
  <compact-info movecount="1906015" movebytes="104523576" reason="compact on aggressive collection" />
</gc-op>
<gc-end id="2924" type="global" contextid="2916" durationms="646.287" usertimems="6404.787" systemtimems="0.000" stalltimems="1666.242" timestamp="2025-12-16T01:32:50.256" activeThreads="20">
  <mem-info id="2925" free="202263232" total="358416384" percent="56">
    <mem type="nursery" free="134167712" total="149553152" percent="89">
      <mem type="allocate" free="134167712" total="134545408" percent="99" />
      <mem type="survivor" free="0" total="15007744" percent="0" />
    </mem>
    <mem type="tenure" free="68095520" total="208863232" percent="32">
      <mem type="soa" free="66006560" total="206774272" percent="31" />
      <mem type="loa" free="2088960" total="2088960" percent="100" />
    </mem>
    <pending-finalizers system="4" default="0" reference="757" classloader="0" />
    <remembered-set count="1045" />
  </mem-info>
</gc-end>
<cycle-end id="2926" type="global" contextid="2916" timestamp="2025-12-16T01:32:50.257" />
<sys-end id="2927" timestamp="2025-12-16T01:32:50.258" />
<exclusive-end id="2928" timestamp="2025-12-16T01:32:50.258" durationms="655.537" />

<heap-resize id="2929" type="release free pages" space="tenure" amount="68050944" count="1" timems="5.291" reason="idle" timestamp="2025-12-16T01:32:50.264" />
<exclusive-start id="2930" timestamp="2025-12-16T01:36:32.474" intervalms="222870.601">
  <response-info timems="0.135" idlems="0.135" threads="0" lastid="000000000085F900" lastname="Default Executor-thread-439" />
</exclusive-start>
<af-start id="2931" threadId="0000000000860378" totalBytesRequested="160" timestamp="2025-12-16T01:36:32.475" intervalms="422723.822" type="nursery" />
<cycle-start id="2932" type="scavenge" contextid="0" timestamp="2025-12-16T01:36:32.477" intervalms="422723.474" />
<gc-start id="2933" type="scavenge" contextid="2932" timestamp="2025-12-16T01:36:32.479">
  <mem-info id="2934" free="68094808" total="358416384" percent="18">
    <mem type="nursery" free="0" total="149553152" percent="0">
      <mem type="allocate" free="0" total="134545408" percent="0" />
      <mem type="survivor" free="0" total="15007744" percent="0" />
    </mem>
    <mem type="tenure" free="68094808" total="208863232" percent="32">
      <mem type="soa" free="66005848" total="206774272" percent="31" />
      <mem type="loa" free="2088960" total="2088960" percent="100" />
    </mem>
    <remembered-set count="1721" />
  </mem-info>
</gc-start>
<allocation-stats totalBytes="134130496" discardedBytes="37928" >
  <allocated-bytes non-tlh="712" tlh="134129784" />
  <largest-consumer threadName="Timer-7" threadId="0000000000FF9B00" bytes="36890808" />
</allocation-stats>
<gc-op id="2935" type="scavenge" timems="48.793" contextid="2932" timestamp="2025-12-16T01:36:32.530">
  <scavenger-info tenureage="14" tenuremask="4000" tiltratio="89" />
  <memory-copied type="nursery" objects="7181" bytes="372952" bytesdiscarded="336928" />
  <finalization candidates="3" enqueued="3" />
  <ownableSynchronizers candidates="38373" cleared="38271" />
  <references type="soft" candidates="3" cleared="0" enqueued="0" dynamicThreshold="10" maxThreshold="32" />
  <references type="weak" candidates="673" cleared="4" enqueued="2" />
  <references type="phantom" candidates="171" cleared="156" enqueued="156" />
  <object-monitors candidates="174" cleared="1"  />
</gc-op>
<gc-end id="2936" type="scavenge" contextid="2932" durationms="53.236" usertimems="12.938" systemtimems="21.547" stalltimems="255.074" timestamp="2025-12-16T01:36:32.533" activeThreads="9">
  <mem-info id="2937" free="201929768" total="358416384" percent="56">
    <mem type="nursery" free="133834960" total="149553152" percent="89">
      <mem type="allocate" free="133834960" total="134545408" percent="99" />
      <mem type="survivor" free="0" total="15007744" percent="0" />
    </mem>
    <mem type="tenure" free="68094808" total="208863232" percent="32" macro-fragmented="47927252">
      <mem type="soa" free="66005848" total="206774272" percent="31" />
      <mem type="loa" free="2088960" total="2088960" percent="100" />
    </mem>
    <pending-finalizers system="3" default="0" reference="158" classloader="0" />
    <remembered-set count="1339" />
  </mem-info>
</gc-end>
<cycle-end id="2938" type="scavenge" contextid="2932" timestamp="2025-12-16T01:36:32.534" />
<allocation-satisfied id="2939" threadId="000000000085F900" bytesRequested="160" />
<af-end id="2940" timestamp="2025-12-16T01:36:32.536" threadId="0000000000860378" success="true" from="nursery"/>
<exclusive-end id="2941" timestamp="2025-12-16T01:36:32.537" durationms="63.884" />

<exclusive-start id="2942" timestamp="2025-12-16T01:40:16.729" intervalms="224255.859">
  <response-info timems="0.096" idlems="0.096" threads="0" lastid="0000000001929400" lastname="Thread-17" />
</exclusive-start>
<af-start id="2943" threadId="0000000001929E78" totalBytesRequested="32" timestamp="2025-12-16T01:40:16.731" intervalms="224255.757" type="nursery" />
<cycle-start id="2944" type="scavenge" contextid="0" timestamp="2025-12-16T01:40:16.733" intervalms="224256.104" />
<gc-start id="2945" type="scavenge" contextid="2944" timestamp="2025-12-16T01:40:16.736">
  <mem-info id="2946" free="68094808" total="358416384" percent="18">
    <mem type="nursery" free="0" total="149553152" percent="0">
      <mem type="allocate" free="0" total="134545408" percent="0" />
      <mem type="survivor" free="0" total="15007744" percent="0" />
    </mem>
    <mem type="tenure" free="68094808" total="208863232" percent="32">
      <mem type="soa" free="66005848" total="206774272" percent="31" />
      <mem type="loa" free="2088960" total="2088960" percent="100" />
    </mem>
    <remembered-set count="1525" />
  </mem-info>
</gc-start>
<allocation-stats totalBytes="133798120" discardedBytes="36840" >
  <allocated-bytes non-tlh="160" tlh="133797960" />
  <largest-consumer threadName="Timer-7" threadId="0000000000FF9B00" bytes="34667080" />
</allocation-stats>
<gc-op id="2947" type="scavenge" timems="15.706" contextid="2944" timestamp="2025-12-16T01:40:16.755">
  <scavenger-info tenureage="14" tenuremask="4000" tiltratio="89" />
  <memory-copied type="nursery" objects="7725" bytes="404536" bytesdiscarded="131160" />
  <memory-copied type="tenure" objects="13" bytes="328" bytesdiscarded="0" />
  <finalization candidates="4" enqueued="4" />
  <ownableSynchronizers candidates="18935" cleared="18831" />
  <references type="soft" candidates="3" cleared="0" enqueued="0" dynamicThreshold="10" maxThreshold="32" />
  <references type="weak" candidates="739" cleared="2" enqueued="1" />
  <references type="phantom" candidates="321" cleared="304" enqueued="304" />
  <object-monitors candidates="173" cleared="0"  />
</gc-op>
<gc-end id="2948" type="scavenge" contextid="2944" durationms="27.030" usertimems="14.589" systemtimems="6.381" stalltimems="51.955" timestamp="2025-12-16T01:40:16.763" activeThreads="8">
  <mem-info id="2949" free="202031672" total="358416384" percent="56">
    <mem type="nursery" free="134009056" total="149553152" percent="89">
      <mem type="allocate" free="134009056" total="134545408" percent="99" />
      <mem type="survivor" free="0" total="15007744" percent="0" />
    </mem>
    <mem type="tenure" free="68022616" total="208863232" percent="32" macro-fragmented="23113062">
      <mem type="soa" free="65933656" total="206774272" percent="31" />
      <mem type="loa" free="2088960" total="2088960" percent="100" />
    </mem>
    <pending-finalizers system="4" default="0" reference="305" classloader="0" />
    <remembered-set count="1323" />
  </mem-info>
</gc-end>
<cycle-end id="2950" type="scavenge" contextid="2944" timestamp="2025-12-16T01:40:16.764" />
<allocation-satisfied id="2951" threadId="0000000001929400" bytesRequested="32" />
<af-end id="2952" timestamp="2025-12-16T01:40:16.765" threadId="0000000001929E78" success="true" from="nursery"/>
<exclusive-end id="2953" timestamp="2025-12-16T01:40:16.766" durationms="36.851" />

<exclusive-start id="2954" timestamp="2025-12-16T01:43:55.306" intervalms="218576.354">
  <response-info timems="0.128" idlems="0.128" threads="0" lastid="0000000001929400" lastname="Thread-17" />
</exclusive-start>
<af-start id="2955" threadId="0000000001929E78" totalBytesRequested="24" timestamp="2025-12-16T01:43:55.308" intervalms="218576.479" type="nursery" />
<cycle-start id="2956" type="scavenge" contextid="0" timestamp="2025-12-16T01:43:55.310" intervalms="218576.253" />
<gc-start id="2957" type="scavenge" contextid="2956" timestamp="2025-12-16T01:43:55.312">
  <mem-info id="2958" free="68022616" total="358416384" percent="18">
    <mem type="nursery" free="0" total="149553152" percent="0">
      <mem type="allocate" free="0" total="134545408" percent="0" />
      <mem type="survivor" free="0" total="15007744" percent="0" />
    </mem>
    <mem type="tenure" free="68022616" total="208863232" percent="32">
      <mem type="soa" free="65933656" total="206774272" percent="31" />
      <mem type="loa" free="2088960" total="2088960" percent="100" />
    </mem>
    <remembered-set count="1507" />
  </mem-info>
</gc-start>
<allocation-stats totalBytes="133969624" discardedBytes="39432" >
  <allocated-bytes non-tlh="32" tlh="133969592" />
  <largest-consumer threadName="Timer-7" threadId="0000000000FF9B00" bytes="37049952" />
</allocation-stats>
<gc-op id="2959" type="scavenge" timems="16.334" contextid="2956" timestamp="2025-12-16T01:43:55.331">
  <scavenger-info tenureage="14" tenuremask="4000" tiltratio="89" />
  <memory-copied type="nursery" objects="8272" bytes="441848" bytesdiscarded="158488" />
  <finalization candidates="4" enqueued="3" />
  <ownableSynchronizers candidates="18468" cleared="18355" />
  <references type="soft" candidates="3" cleared="0" enqueued="0" dynamicThreshold="10" maxThreshold="32" />
  <references type="weak" candidates="806" cleared="2" enqueued="1" />
  <references type="phantom" candidates="323" cleared="302" enqueued="302" />
  <object-monitors candidates="173" cleared="0"  />
</gc-op>
<gc-end id="2960" type="scavenge" contextid="2956" durationms="22.010" usertimems="0.452" systemtimems="23.253" stalltimems="43.618" timestamp="2025-12-16T01:43:55.334" activeThreads="8">
  <mem-info id="2961" free="201966920" total="358416384" percent="56">
    <mem type="nursery" free="133944304" total="149553152" percent="89">
      <mem type="allocate" free="133944304" total="134545408" percent="99" />
      <mem type="survivor" free="0" total="15007744" percent="0" />
    </mem>
    <mem type="tenure" free="68022616" total="208863232" percent="32" macro-fragmented="47927252">
      <mem type="soa" free="65933656" total="206774272" percent="31" />
      <mem type="loa" free="2088960" total="2088960" percent="100" />
    </mem>
    <pending-finalizers system="3" default="0" reference="303" classloader="0" />
    <remembered-set count="877" />
  </mem-info>
</gc-end>
<cycle-end id="2962" type="scavenge" contextid="2956" timestamp="2025-12-16T01:43:55.335" />
<allocation-satisfied id="2963" threadId="0000000001929400" bytesRequested="24" />
<af-end id="2964" timestamp="2025-12-16T01:43:55.337" threadId="0000000001929E78" success="true" from="nursery"/>
<exclusive-end id="2965" timestamp="2025-12-16T01:43:55.338" durationms="32.480" />

<exclusive-start id="2966" timestamp="2025-12-16T01:47:28.696" intervalms="213390.354">
  <response-info timems="0.104" idlems="0.104" threads="0" lastid="0000000001A62E00" lastname="Default Executor-thread-505" />
</exclusive-start>
<af-start id="2967" threadId="0000000001A63878" totalBytesRequested="32" timestamp="2025-12-16T01:47:28.698" intervalms="213390.683" type="nursery" />
<cycle-start id="2968" type="scavenge" contextid="0" timestamp="2025-12-16T01:47:28.700" intervalms="213390.794" />
<gc-start id="2969" type="scavenge" contextid="2968" timestamp="2025-12-16T01:47:28.703">
  <mem-info id="2970" free="68022616" total="358416384" percent="18">
    <mem type="nursery" free="0" total="149553152" percent="0">
      <mem type="allocate" free="0" total="134545408" percent="0" />
      <mem type="survivor" free="0" total="15007744" percent="0" />
    </mem>
    <mem type="tenure" free="68022616" total="208863232" percent="32">
      <mem type="soa" free="65933656" total="206774272" percent="31" />
      <mem type="loa" free="2088960" total="2088960" percent="100" />
    </mem>
    <remembered-set count="1349" />
  </mem-info>
</gc-start>
<allocation-stats totalBytes="133866080" discardedBytes="78224" >
  <allocated-bytes non-tlh="229456" tlh="133636624" />
  <largest-consumer threadName="Timer-7" threadId="0000000000FF9B00" bytes="34466280" />
</allocation-stats>
<gc-op id="2971" type="scavenge" timems="25.683" contextid="2968" timestamp="2025-12-16T01:47:28.732">
  <scavenger-info tenureage="9" tenuremask="5200" tiltratio="89" />
  <memory-copied type="nursery" objects="8519" bytes="411608" bytesdiscarded="165280" />
  <memory-copied type="tenure" objects="537" bytes="38552" bytesdiscarded="8" />
  <finalization candidates="5" enqueued="4" />
  <ownableSynchronizers candidates="18046" cleared="17939" />
  <references type="soft" candidates="3" cleared="0" enqueued="0" dynamicThreshold="10" maxThreshold="32" />
  <references type="weak" candidates="1023" cleared="17" enqueued="16" />
  <references type="phantom" candidates="316" cleared="303" enqueued="303" />
  <object-monitors candidates="194" cleared="16"  />
</gc-op>
<gc-end id="2972" type="scavenge" contextid="2968" durationms="42.185" usertimems="12.900" systemtimems="13.676" stalltimems="68.477" timestamp="2025-12-16T01:47:28.745" activeThreads="8">
  <mem-info id="2973" free="201894464" total="358416384" percent="56">
    <mem type="nursery" free="133967080" total="149553152" percent="89">
      <mem type="allocate" free="133967080" total="134545408" percent="99" />
      <mem type="survivor" free="0" total="15007744" percent="0" />
    </mem>
    <mem type="tenure" free="67927384" total="208863232" percent="32" macro-fragmented="27735676">
      <mem type="soa" free="65838424" total="206774272" percent="31" />
      <mem type="loa" free="2088960" total="2088960" percent="100" />
    </mem>
    <pending-finalizers system="4" default="0" reference="319" classloader="0" />
    <remembered-set count="894" />
  </mem-info>
</gc-end>
<cycle-end id="2974" type="scavenge" contextid="2968" timestamp="2025-12-16T01:47:28.746" />
<allocation-satisfied id="2975" threadId="0000000001A62E00" bytesRequested="32" />
<af-end id="2976" timestamp="2025-12-16T01:47:28.748" threadId="0000000001A63878" success="true" from="nursery"/>
<exclusive-end id="2977" timestamp="2025-12-16T01:47:28.748" durationms="52.359" />

<exclusive-start id="2978" timestamp="2025-12-16T01:51:09.981" intervalms="221284.752">
  <response-info timems="0.160" idlems="0.160" threads="0" lastid="00000000018BF600" lastname="Default Executor-thread-515" />
</exclusive-start>
<af-start id="2979" threadId="00000000018C0078" totalBytesRequested="176" timestamp="2025-12-16T01:51:09.984" intervalms="221285.519" type="nursery" />
<cycle-start id="2980" type="scavenge" contextid="0" timestamp="2025-12-16T01:51:09.987" intervalms="221286.734" />
<gc-start id="2981" type="scavenge" contextid="2980" timestamp="2025-12-16T01:51:09.991">
  <mem-info id="2982" free="67926792" total="358416384" percent="18">
    <mem type="nursery" free="0" total="149553152" percent="0">
      <mem type="allocate" free="0" total="134545408" percent="0" />
      <mem type="survivor" free="0" total="15007744" percent="0" />
    </mem>
    <mem type="tenure" free="67926792" total="208863232" percent="32">
      <mem type="soa" free="65837832" total="206774272" percent="31" />
      <mem type="loa" free="2088960" total="2088960" percent="100" />
    </mem>
    <remembered-set count="1099" />
  </mem-info>
</gc-start>
<allocation-stats totalBytes="133909664" discardedBytes="58008" >
  <allocated-bytes non-tlh="66176" tlh="133843488" />
  <largest-consumer threadName="Timer-7" threadId="0000000000FF9B00" bytes="36962360" />
</allocation-stats>
<gc-op id="2983" type="scavenge" timems="29.609" contextid="2980" timestamp="2025-12-16T01:51:10.024">
  <scavenger-info tenureage="14" tenuremask="4000" tiltratio="89" />
  <memory-copied type="nursery" objects="6901" bytes="364096" bytesdiscarded="242448" />
  <finalization candidates="1" enqueued="1" />
  <ownableSynchronizers candidates="18652" cleared="18555" />
  <references type="soft" candidates="3" cleared="0" enqueued="0" dynamicThreshold="10" maxThreshold="32" />
  <references type="weak" candidates="858" cleared="40" enqueued="39" />
  <references type="phantom" candidates="14" cleared="2" enqueued="2" />
  <object-monitors candidates="198" cleared="19"  />
</gc-op>
<gc-end id="2984" type="scavenge" contextid="2980" durationms="45.623" usertimems="22.757" systemtimems="12.823" stalltimems="77.499" timestamp="2025-12-16T01:51:10.037" activeThreads="8">
  <mem-info id="2985" free="201864928" total="358416384" percent="56">
    <mem type="nursery" free="133938136" total="149553152" percent="89">
      <mem type="allocate" free="133938136" total="134545408" percent="99" />
      <mem type="survivor" free="0" total="15007744" percent="0" />
    </mem>
    <mem type="tenure" free="67926792" total="208863232" percent="32" macro-fragmented="549920">
      <mem type="soa" free="65837832" total="206774272" percent="31" />
      <mem type="loa" free="2088960" total="2088960" percent="100" />
    </mem>
    <pending-finalizers system="1" default="0" reference="41" classloader="0" />
    <remembered-set count="890" />
  </mem-info>
</gc-end>
<cycle-end id="2986" type="scavenge" contextid="2980" timestamp="2025-12-16T01:51:10.040" />
<allocation-satisfied id="2987" threadId="00000000018BF600" bytesRequested="176" />
<af-end id="2988" timestamp="2025-12-16T01:51:10.043" threadId="00000000018C0078" success="true" from="nursery"/>
<exclusive-end id="2989" timestamp="2025-12-16T01:51:10.045" durationms="63.968" />

