<?xml version="1.0" ?>

<verbosegc xmlns="http://www.ibm.com/j9/verbosegc" version="266a8c6f5_CMPRSS">

<initialized id="1" timestamp="2025-12-15T03:34:12.267">
  <attribute name="gcPolicy" value="-Xgcpolicy:gencon" />
  <attribute name="maxHeapSize" value="0xf7440000" />
  <attribute name="initialHeapSize" value="0x800000" />
  <attribute name="compressedRefs" value="true" />
  <attribute name="compressedRefsDisplacement" value="0x0" />
  <attribute name="compressedRefsShift" value="0x3" />
  <attribute name="pageSize" value="0x1000" />
  <attribute name="pageType" value="not used" />
  <attribute name="requestedPageSize" value="0x1000" />
  <attribute name="requestedPageType" value="not used" />
  <attribute name="gcthreads" value="20" />
  <attribute name="gcthreads Concurrent Mark" value="1" />
  <attribute name="packetListSplit" value="3" />
  <attribute name="cacheListSplit" value="3" />
  <attribute name="splitFreeListSplitAmount" value="3" />
  <attribute name="numaNodes" value="0" />
  <system>
    <attribute name="physicalMemory" value="16593895424" />
    <attribute name="addressablePhysicalMemory" value="16593895424" />
    <attribute name="container memory limit set" value="false" />
    <attribute name="numCPUs" value="20" />
    <attribute name="numCPUs active" value="20" />
    <attribute name="architecture" value="amd64" />
    <attribute name="os" value="Linux" />
    <attribute name="osVersion" value="6.6.87.2-microsoft-standard-WSL2" />
  </system>
  <vmargs>
    <vmarg name="-Xoptionsfile=/opt/java/openjdk/lib/options.default" />
    <vmarg name="-Xlockword:mode=default,noLockword=java/lang/String,noLockword=java/util/MapEntry,noLockword=java/util/HashMap$Entry,noLockword..." />
    <vmarg name="-XX:+EnsureHashed:java/lang/Class,java/lang/Thread" />
    <vmarg name="-Xjcl:jclse29" />
    <vmarg name="-Dcom.ibm.oti.vm.bootstrap.library.path=/opt/java/openjdk/lib/default:/opt/java/openjdk/lib" />
    <vmarg name="-Dsun.boot.library.path=/opt/java/openjdk/lib/default:/opt/java/openjdk/lib" />
    <vmarg name="-Djava.library.path=/opt/java/openjdk/lib/default:/opt/java/openjdk/lib:/usr/lib64:/usr/lib" />
    <vmarg name="-Djava.home=/opt/java/openjdk" />
    <vmarg name="-Duser.dir=/opt/ibm/wlp/output/defaultServer" />
    <vmarg name="-XX:+IgnoreUnrecognizedVMOptions" />
    <vmarg name="-XX:+PortableSharedCache" />
    <vmarg name="-XX:+IdleTuningGcOnIdle" />
    <vmarg name="-Xshareclasses:name=openj9_system_scc,cacheDir=/opt/java/.scc,readonly,nonFatal" />
    <vmarg name="-Xverbosegclog:/logs/verbosegc.%seq.log,10,1024" />
    <vmarg name="-Djdk.nativePBKDF2=true" />
    <vmarg name="-XX:+IgnoreUnrecognizedVMOptions" />
    <vmarg name="-XX:+IdleTuningGcOnIdle" />
    <vmarg name="-Xshareclasses:name=openj9_system_scc,cacheDir=/opt/java/.scc,readonly,nonFatal" />
    <vmarg name="-Dosgi.checkConfiguration=false" />
    <vmarg name="-Djdk.nativePBKDF2=true" />
    <vmarg name="-XX:+IgnoreUnrecognizedVMOptions" />
    <vmarg name="-XX:+IdleTuningGcOnIdle" />
    <vmarg name="-Xshareclasses:name=openj9_system_scc,cacheDir=/opt/java/.scc,readonly,nonFatal" />
    <vmarg name="-Dosgi.checkConfiguration=false" />
    <vmarg name="-javaagent:/opt/ibm/wlp/bin/tools/ws-javaagent.jar" />
    <vmarg name="-Djava.awt.headless=true" />
    <vmarg name="-Djdk.attach.allowAttachSelf=true" />
    <vmarg name="-Xbootclasspath/a:/opt/ibm/zosconnect/lib/icu4j-71.1.jar:/opt/ibm/zosconnect/lib/icu4j-charset-71.1.jar" />
    <vmarg name="--add-exports=java.base/sun.security.action=ALL-UNNAMED" />
    <vmarg name="--add-exports=java.naming/com.sun.jndi.ldap=ALL-UNNAMED" />
    <vmarg name="--add-exports=java.naming/com.sun.jndi.url.ldap=ALL-UNNAMED" />
    <vmarg name="--add-exports=jdk.naming.dns/com.sun.jndi.dns=ALL-UNNAMED" />
    <vmarg name="--add-exports=jdk.naming.dns/com.sun.jndi.url.dns=ALL-UNNAMED" />
    <vmarg name="--add-exports=java.security.jgss/sun.security.krb5.internal=ALL-UNNAMED" />
    <vmarg name="--add-exports=jdk.attach/sun.tools.attach=ALL-UNNAMED" />
    <vmarg name="--add-opens=java.base/java.util=ALL-UNNAMED" />
    <vmarg name="--add-opens=java.base/java.lang=ALL-UNNAMED" />
    <vmarg name="--add-opens=java.base/java.util.concurrent=ALL-UNNAMED" />
    <vmarg name="--add-opens=java.base/java.io=ALL-UNNAMED" />
    <vmarg name="--add-opens=java.base/java.nio=ALL-UNNAMED" />
    <vmarg name="--add-opens=java.base/sun.nio.ch=ALL-UNNAMED" />
    <vmarg name="--add-opens=java.naming/javax.naming.spi=ALL-UNNAMED" />
    <vmarg name="--add-opens=java.naming/com.sun.naming.internal=ALL-UNNAMED" />
    <vmarg name="--add-opens=jdk.naming.rmi/com.sun.jndi.url.rmi=ALL-UNNAMED" />
    <vmarg name="--add-opens=java.naming/javax.naming=ALL-UNNAMED" />
    <vmarg name="--add-opens=java.rmi/java.rmi=ALL-UNNAMED" />
    <vmarg name="--add-opens=java.sql/java.sql=ALL-UNNAMED" />
    <vmarg name="--add-opens=java.management/javax.management=ALL-UNNAMED" />
    <vmarg name="--add-opens=java.base/java.lang.reflect=ALL-UNNAMED" />
    <vmarg name="--add-opens=java.desktop/java.awt.image=ALL-UNNAMED" />
    <vmarg name="--add-opens=java.base/java.security=ALL-UNNAMED" />
    <vmarg name="--add-opens=java.base/java.net=ALL-UNNAMED" />
    <vmarg name="--add-opens=java.base/java.text=ALL-UNNAMED" />
    <vmarg name="--add-opens=java.base/sun.net.www.protocol.https=ALL-UNNAMED" />
    <vmarg name="--add-exports=jdk.management.agent/jdk.internal.agent=ALL-UNNAMED" />
    <vmarg name="--add-exports=java.base/jdk.internal.vm=ALL-UNNAMED" />
    <vmarg name="-Djava.class.path=/opt/ibm/wlp/bin/tools/ws-server.jar" />
    <vmarg name="-Dsun.java.command=/opt/ibm/wlp/bin/tools/ws-server.jar defaultServer --clean" />
    <vmarg name="-Dsun.java.launcher=SUN_STANDARD" />
  </vmargs>
</initialized>

<exclusive-start id="2" timestamp="2025-12-15T03:34:13.435" intervalms="1168.044">
  <response-info timems="0.060" idlems="0.060" threads="0" lastid="0000000000025A00" lastname="main" />
</exclusive-start>
<af-start id="3" threadId="0000000000026478" totalBytesRequested="8200" timestamp="2025-12-15T03:34:13.436" intervalms="1169.059" type="nursery" />
<cycle-start id="4" type="scavenge" contextid="0" timestamp="2025-12-15T03:34:13.437" intervalms="1170.032" />
<gc-start id="5" type="scavenge" contextid="4" timestamp="2025-12-15T03:34:13.438">
  <mem-info id="6" free="6072872" total="8388608" percent="72">
    <mem type="nursery" free="0" total="2097152" percent="0">
      <mem type="allocate" free="0" total="1048576" percent="0" />
      <mem type="survivor" free="0" total="1048576" percent="0" />
    </mem>
    <mem type="tenure" free="6072872" total="6291456" percent="96">
      <mem type="soa" free="5757480" total="5976064" percent="96" />
      <mem type="loa" free="315392" total="315392" percent="100" />
    </mem>
    <remembered-set count="3062" />
  </mem-info>
</gc-start>
<allocation-stats totalBytes="1261680" discardedBytes="5480" >
  <allocated-bytes non-tlh="234976" tlh="1026704" />
  <largest-consumer threadName="main" threadId="0000000000025A00" bytes="1175664" />
</allocation-stats>
<gc-op id="7" type="scavenge" timems="3.620" contextid="4" timestamp="2025-12-15T03:34:13.443">
  <scavenger-info tenureage="2" tenuremask="fffc" tiltratio="50" />
  <memory-copied type="nursery" objects="10198" bytes="475696" bytesdiscarded="113928" />
  <finalization candidates="170" enqueued="106" />
  <ownableSynchronizers candidates="1" cleared="0" />
  <references type="soft" candidates="18" cleared="0" enqueued="0" dynamicThreshold="32" maxThreshold="32" />
  <references type="weak" candidates="126" cleared="26" enqueued="26" />
  <references type="phantom" candidates="24" cleared="5" enqueued="5" />
  <object-monitors candidates="1" cleared="0"  />
</gc-op>
<gc-end id="8" type="scavenge" contextid="4" durationms="5.909" usertimems="1.592" systemtimems="5.563" stalltimems="8.170" timestamp="2025-12-15T03:34:13.444" activeThreads="4">
  <mem-info id="9" free="6530624" total="8388608" percent="77">
    <mem type="nursery" free="457752" total="2097152" percent="21">
      <mem type="allocate" free="457752" total="1048576" percent="43" />
      <mem type="survivor" free="0" total="1048576" percent="0" />
    </mem>
    <mem type="tenure" free="6072872" total="6291456" percent="96">
      <mem type="soa" free="5757480" total="5976064" percent="96" />
      <mem type="loa" free="315392" total="315392" percent="100" />
    </mem>
    <pending-finalizers system="106" default="0" reference="31" classloader="0" />
    <remembered-set count="3062" />
  </mem-info>
</gc-end>
<cycle-end id="10" type="scavenge" contextid="4" timestamp="2025-12-15T03:34:13.445" />
<allocation-satisfied id="11" threadId="0000000000025A00" bytesRequested="8200" />
<af-end id="12" timestamp="2025-12-15T03:34:13.446" threadId="0000000000026478" success="true" from="nursery"/>
<exclusive-end id="13" timestamp="2025-12-15T03:34:13.447" durationms="11.819" />

<exclusive-start id="14" timestamp="2025-12-15T03:34:13.626" intervalms="191.174">
  <response-info timems="0.068" idlems="0.068" threads="0" lastid="0000000000025A00" lastname="main" />
</exclusive-start>
<af-start id="15" threadId="0000000000026478" totalBytesRequested="9592" timestamp="2025-12-15T03:34:13.627" intervalms="191.272" type="nursery" />
<cycle-start id="16" type="scavenge" contextid="0" timestamp="2025-12-15T03:34:13.628" intervalms="191.367" />
<gc-start id="17" type="scavenge" contextid="16" timestamp="2025-12-15T03:34:13.629">
  <mem-info id="18" free="6027192" total="8388608" percent="71">
    <mem type="nursery" free="0" total="2097152" percent="0">
      <mem type="allocate" free="0" total="1048576" percent="0" />
      <mem type="survivor" free="0" total="1048576" percent="0" />
    </mem>
    <mem type="tenure" free="6027192" total="6291456" percent="95">
      <mem type="soa" free="5711800" total="5976064" percent="95" />
      <mem type="loa" free="315392" total="315392" percent="100" />
    </mem>
    <remembered-set count="3862" />
  </mem-info>
</gc-start>
<allocation-stats totalBytes="472648" discardedBytes="30784" >
  <allocated-bytes non-tlh="53880" tlh="418768" />
  <largest-consumer threadName="main" threadId="0000000000025A00" bytes="398072" />
</allocation-stats>
<gc-op id="19" type="scavenge" timems="2.466" contextid="16" timestamp="2025-12-15T03:34:13.634">
  <scavenger-info tenureage="5" tenuremask="7fe0" tiltratio="50" />
  <memory-copied type="nursery" objects="11405" bytes="516136" bytesdiscarded="45568" />
  <finalization candidates="110" enqueued="29" />
  <ownableSynchronizers candidates="1" cleared="0" />
  <references type="soft" candidates="36" cleared="0" enqueued="0" dynamicThreshold="32" maxThreshold="32" />
  <references type="weak" candidates="193" cleared="72" enqueued="72" />
  <references type="phantom" candidates="20" cleared="2" enqueued="2" />
  <object-monitors candidates="1" cleared="0"  />
</gc-op>
<gc-end id="20" type="scavenge" contextid="16" durationms="5.340" usertimems="2.777" systemtimems="3.074" stalltimems="2.764" timestamp="2025-12-15T03:34:13.635" activeThreads="3">
  <mem-info id="21" free="6512776" total="8388608" percent="77">
    <mem type="nursery" free="485584" total="2097152" percent="23">
      <mem type="allocate" free="485584" total="1048576" percent="46" />
      <mem type="survivor" free="0" total="1048576" percent="0" />
    </mem>
    <mem type="tenure" free="6027192" total="6291456" percent="95">
      <mem type="soa" free="5711800" total="5976064" percent="95" />
      <mem type="loa" free="315392" total="315392" percent="100" />
    </mem>
    <pending-finalizers system="29" default="0" reference="74" classloader="0" />
    <remembered-set count="3862" />
  </mem-info>
</gc-end>
<cycle-end id="22" type="scavenge" contextid="16" timestamp="2025-12-15T03:34:13.636" />
<allocation-satisfied id="23" threadId="0000000000025A00" bytesRequested="9592" />
<af-end id="24" timestamp="2025-12-15T03:34:13.637" threadId="0000000000026478" success="true" from="nursery"/>
<exclusive-end id="25" timestamp="2025-12-15T03:34:13.638" durationms="11.662" />

<exclusive-start id="26" timestamp="2025-12-15T03:34:13.776" intervalms="149.971">
  <response-info timems="0.051" idlems="0.051" threads="0" lastid="0000000000025A00" lastname="main" />
</exclusive-start>
<af-start id="27" threadId="0000000000026478" totalBytesRequested="8200" timestamp="2025-12-15T03:34:13.777" intervalms="149.792" type="nursery" />
<cycle-start id="28" type="scavenge" contextid="0" timestamp="2025-12-15T03:34:13.778" intervalms="149.941" />
<gc-start id="29" type="scavenge" contextid="28" timestamp="2025-12-15T03:34:13.779">
  <mem-info id="30" free="6015992" total="8388608" percent="71">
    <mem type="nursery" free="0" total="2097152" percent="0">
      <mem type="allocate" free="0" total="1048576" percent="0" />
      <mem type="survivor" free="0" total="1048576" percent="0" />
    </mem>
    <mem type="tenure" free="6015992" total="6291456" percent="95">
      <mem type="soa" free="5700600" total="5976064" percent="95" />
      <mem type="loa" free="315392" total="315392" percent="100" />
    </mem>
    <remembered-set count="4010" />
  </mem-info>
</gc-start>
<allocation-stats totalBytes="486608" discardedBytes="10176" >
  <allocated-bytes non-tlh="20792" tlh="465816" />
  <largest-consumer threadName="main" threadId="0000000000025A00" bytes="486608" />
</allocation-stats>
<gc-op id="31" type="scavenge" timems="3.489" contextid="28" timestamp="2025-12-15T03:34:13.784">
  <scavenger-info tenureage="4" tenuremask="7ff0" tiltratio="50" />
  <memory-copied type="nursery" objects="12324" bytes="548688" bytesdiscarded="24368" />
  <finalization candidates="92" enqueued="7" />
  <ownableSynchronizers candidates="1" cleared="0" />
  <references type="soft" candidates="41" cleared="0" enqueued="0" dynamicThreshold="32" maxThreshold="32" />
  <references type="weak" candidates="185" cleared="61" enqueued="61" />
  <references type="phantom" candidates="21" cleared="2" enqueued="2" />
  <object-monitors candidates="1" cleared="0"  />
</gc-op>
<gc-end id="32" type="scavenge" contextid="28" durationms="6.357" usertimems="7.214" systemtimems="0.000" stalltimems="4.266" timestamp="2025-12-15T03:34:13.785" activeThreads="3">
  <mem-info id="33" free="6490216" total="8388608" percent="77">
    <mem type="nursery" free="474224" total="2097152" percent="22">
      <mem type="allocate" free="474224" total="1048576" percent="45" />
      <mem type="survivor" free="0" total="1048576" percent="0" />
    </mem>
    <mem type="tenure" free="6015992" total="6291456" percent="95">
      <mem type="soa" free="5700600" total="5976064" percent="95" />
      <mem type="loa" free="315392" total="315392" percent="100" />
    </mem>
    <pending-finalizers system="7" default="0" reference="63" classloader="0" />
    <remembered-set count="1750" />
  </mem-info>
</gc-end>
<cycle-end id="34" type="scavenge" contextid="28" timestamp="2025-12-15T03:34:13.786" />
<allocation-satisfied id="35" threadId="0000000000025A00" bytesRequested="8200" />
<af-end id="36" timestamp="2025-12-15T03:34:13.788" threadId="0000000000026478" success="true" from="nursery"/>
<exclusive-end id="37" timestamp="2025-12-15T03:34:13.789" durationms="12.677" />

<exclusive-start id="38" timestamp="2025-12-15T03:34:14.067" intervalms="290.793">
  <response-info timems="0.051" idlems="0.051" threads="0" lastid="0000000000025A00" lastname="main" />
</exclusive-start>
<af-start id="39" threadId="0000000000026478" totalBytesRequested="64" timestamp="2025-12-15T03:34:14.068" intervalms="290.910" type="nursery" />
<cycle-start id="40" type="scavenge" contextid="0" timestamp="2025-12-15T03:34:14.069" intervalms="290.782" />
<gc-start id="41" type="scavenge" contextid="40" timestamp="2025-12-15T03:34:14.070">
  <mem-info id="42" free="5999888" total="8388608" percent="71">
    <mem type="nursery" free="0" total="2097152" percent="0">
      <mem type="allocate" free="0" total="1048576" percent="0" />
      <mem type="survivor" free="0" total="1048576" percent="0" />
    </mem>
    <mem type="tenure" free="5999888" total="6291456" percent="95">
      <mem type="soa" free="5684496" total="5976064" percent="95" />
      <mem type="loa" free="315392" total="315392" percent="100" />
    </mem>
    <remembered-set count="1969" />
  </mem-info>
</gc-start>
<allocation-stats totalBytes="489768" discardedBytes="560" >
  <allocated-bytes non-tlh="24304" tlh="465464" />
  <largest-consumer threadName="main" threadId="0000000000025A00" bytes="489768" />
</allocation-stats>
<gc-op id="43" type="scavenge" timems="3.443" contextid="40" timestamp="2025-12-15T03:34:14.075">
  <scavenger-info tenureage="3" tenuremask="fff8" tiltratio="50" />
  <memory-copied type="nursery" objects="2372" bytes="83936" bytesdiscarded="99224" />
  <memory-copied type="tenure" objects="9962" bytes="464032" bytesdiscarded="264" />
  <finalization candidates="128" enqueued="26" />
  <ownableSynchronizers candidates="3" cleared="0" />
  <references type="soft" candidates="39" cleared="0" enqueued="0" dynamicThreshold="32" maxThreshold="32" />
  <references type="weak" candidates="101" cleared="56" enqueued="56" />
  <references type="phantom" candidates="4" cleared="3" enqueued="3" />
  <object-monitors candidates="1" cleared="0"  />
</gc-op>
<gc-end id="44" type="scavenge" contextid="40" durationms="6.434" usertimems="6.181" systemtimems="0.000" stalltimems="4.134" timestamp="2025-12-15T03:34:14.076" activeThreads="3">
  <mem-info id="45" free="6308240" total="8388608" percent="75">
    <mem type="nursery" free="865200" total="2097152" percent="41">
      <mem type="allocate" free="865200" total="1048576" percent="82" />
      <mem type="survivor" free="0" total="1048576" percent="0" />
    </mem>
    <mem type="tenure" free="5443040" total="6291456" percent="86">
      <mem type="soa" free="5127648" total="5976064" percent="85" />
      <mem type="loa" free="315392" total="315392" percent="100" />
    </mem>
    <pending-finalizers system="26" default="0" reference="59" classloader="0" />
    <remembered-set count="551" />
  </mem-info>
</gc-end>
<cycle-end id="46" type="scavenge" contextid="40" timestamp="2025-12-15T03:34:14.077" />
<allocation-satisfied id="47" threadId="0000000000025A00" bytesRequested="64" />
<af-end id="48" timestamp="2025-12-15T03:34:14.079" threadId="0000000000026478" success="true" from="nursery"/>
<exclusive-end id="49" timestamp="2025-12-15T03:34:14.080" durationms="13.367" />

<exclusive-start id="50" timestamp="2025-12-15T03:34:14.779" intervalms="712.560">
  <response-info timems="0.046" idlems="0.046" threads="0" lastid="0000000000025A00" lastname="main" />
</exclusive-start>
<af-start id="51" threadId="0000000000026478" totalBytesRequested="24" timestamp="2025-12-15T03:34:14.780" intervalms="712.191" type="nursery" />
<cycle-start id="52" type="scavenge" contextid="0" timestamp="2025-12-15T03:34:14.781" intervalms="711.797" />
<gc-start id="53" type="scavenge" contextid="52" timestamp="2025-12-15T03:34:14.781">
  <mem-info id="54" free="5443000" total="8388608" percent="64">
    <mem type="nursery" free="0" total="2097152" percent="0">
      <mem type="allocate" free="0" total="1048576" percent="0" />
      <mem type="survivor" free="0" total="1048576" percent="0" />
    </mem>
    <mem type="tenure" free="5443000" total="6291456" percent="86">
      <mem type="soa" free="5127608" total="5976064" percent="85" />
      <mem type="loa" free="315392" total="315392" percent="100" />
    </mem>
    <remembered-set count="552" />
  </mem-info>
</gc-start>
<allocation-stats totalBytes="864816" discardedBytes="424" >
  <allocated-bytes non-tlh="104" tlh="864712" />
  <largest-consumer threadName="main" threadId="0000000000025A00" bytes="864816" />
</allocation-stats>
<gc-op id="55" type="scavenge" timems="2.174" contextid="52" timestamp="2025-12-15T03:34:14.785">
  <scavenger-info tenureage="3" tenuremask="fff8" tiltratio="50" />
  <memory-copied type="nursery" objects="1214" bytes="43960" bytesdiscarded="22256" />
  <memory-copied type="tenure" objects="1138" bytes="41544" bytesdiscarded="16" />
  <finalization candidates="38" enqueued="0" />
  <ownableSynchronizers candidates="2" cleared="0" />
  <references type="soft" candidates="21" cleared="0" enqueued="0" dynamicThreshold="32" maxThreshold="32" />
  <references type="weak" candidates="23" cleared="0" enqueued="0" />
  <references type="phantom" candidates="1" cleared="0" enqueued="0" />
  <object-monitors candidates="1" cleared="0"  />
</gc-op>
<gc-end id="56" type="scavenge" contextid="52" durationms="4.734" usertimems="1.751" systemtimems="1.702" stalltimems="2.965" timestamp="2025-12-15T03:34:14.786" activeThreads="3">
  <mem-info id="57" free="6363072" total="8388608" percent="75">
    <mem type="nursery" free="982280" total="2097152" percent="46">
      <mem type="allocate" free="982280" total="1048576" percent="93" />
      <mem type="survivor" free="0" total="1048576" percent="0" />
    </mem>
    <mem type="tenure" free="5380792" total="6291456" percent="85">
      <mem type="soa" free="5065400" total="5976064" percent="84" />
      <mem type="loa" free="315392" total="315392" percent="100" />
    </mem>
    <remembered-set count="381" />
  </mem-info>
</gc-end>
<cycle-end id="58" type="scavenge" contextid="52" timestamp="2025-12-15T03:34:14.787" />
<allocation-satisfied id="59" threadId="0000000000025A00" bytesRequested="24" />
<af-end id="60" timestamp="2025-12-15T03:34:14.788" threadId="0000000000026478" success="true" from="nursery"/>
<exclusive-end id="61" timestamp="2025-12-15T03:34:14.789" durationms="9.443" />

<exclusive-start id="62" timestamp="2025-12-15T03:34:15.019" intervalms="240.145">
  <response-info timems="0.058" idlems="0.058" threads="0" lastid="0000000000025A00" lastname="main" />
</exclusive-start>
<af-start id="63" threadId="0000000000026478" totalBytesRequested="120" timestamp="2025-12-15T03:34:15.020" intervalms="240.457" type="nursery" />
<cycle-start id="64" type="scavenge" contextid="0" timestamp="2025-12-15T03:34:15.021" intervalms="240.659" />
<gc-start id="65" type="scavenge" contextid="64" timestamp="2025-12-15T03:34:15.022">
  <mem-info id="66" free="5325392" total="8388608" percent="63">
    <mem type="nursery" free="0" total="2097152" percent="0">
      <mem type="allocate" free="0" total="1048576" percent="0" />
      <mem type="survivor" free="0" total="1048576" percent="0" />
    </mem>
    <mem type="tenure" free="5325392" total="6291456" percent="84">
      <mem type="soa" free="5010000" total="5976064" percent="83" />
      <mem type="loa" free="315392" total="315392" percent="100" />
    </mem>
    <remembered-set count="1356" />
  </mem-info>
</gc-start>
<allocation-stats totalBytes="1036208" discardedBytes="1472" >
  <allocated-bytes non-tlh="55424" tlh="980784" />
  <largest-consumer threadName="main" threadId="0000000000025A00" bytes="1036208" />
</allocation-stats>
<gc-op id="67" type="scavenge" timems="2.486" contextid="64" timestamp="2025-12-15T03:34:15.026">
  <scavenger-info tenureage="3" tenuremask="ffe8" tiltratio="50" />
  <memory-copied type="nursery" objects="4006" bytes="253608" bytesdiscarded="40856" />
  <memory-copied type="tenure" objects="554" bytes="19440" bytesdiscarded="0" />
  <finalization candidates="81" enqueued="37" />
  <ownableSynchronizers candidates="2" cleared="0" />
  <references type="soft" candidates="73" cleared="0" enqueued="0" dynamicThreshold="32" maxThreshold="32" />
  <references type="weak" candidates="79" cleared="29" enqueued="29" />
  <references type="phantom" candidates="7" cleared="4" enqueued="4" />
  <object-monitors candidates="1" cleared="0"  />
</gc-op>
<gc-end id="68" type="scavenge" contextid="64" durationms="5.005" usertimems="4.269" systemtimems="0.000" stalltimems="1.622" timestamp="2025-12-15T03:34:15.027" activeThreads="2">
  <mem-info id="69" free="6044424" total="8388608" percent="72">
    <mem type="nursery" free="753840" total="2097152" percent="35">
      <mem type="allocate" free="753840" total="1048576" percent="71" />
      <mem type="survivor" free="0" total="1048576" percent="0" />
    </mem>
    <mem type="tenure" free="5290584" total="6291456" percent="84">
      <mem type="soa" free="4975192" total="5976064" percent="83" />
      <mem type="loa" free="315392" total="315392" percent="100" />
    </mem>
    <pending-finalizers system="37" default="0" reference="33" classloader="0" />
    <remembered-set count="1131" />
  </mem-info>
</gc-end>
<cycle-end id="70" type="scavenge" contextid="64" timestamp="2025-12-15T03:34:15.028" />
<allocation-satisfied id="71" threadId="0000000000025A00" bytesRequested="120" />
<af-end id="72" timestamp="2025-12-15T03:34:15.030" threadId="0000000000026478" success="true" from="nursery"/>
<exclusive-end id="73" timestamp="2025-12-15T03:34:15.030" durationms="10.903" />

<exclusive-start id="74" timestamp="2025-12-15T03:34:15.050" intervalms="30.622">
  <response-info timems="0.048" idlems="0.048" threads="0" lastid="0000000000025A00" lastname="main" />
</exclusive-start>
<af-start id="75" threadId="0000000000026478" totalBytesRequested="16" timestamp="2025-12-15T03:34:15.051" intervalms="30.397" type="nursery" />
<cycle-start id="76" type="scavenge" contextid="0" timestamp="2025-12-15T03:34:15.051" intervalms="30.150" />
<gc-start id="77" type="scavenge" contextid="76" timestamp="2025-12-15T03:34:15.052">
  <mem-info id="78" free="5260880" total="8388608" percent="62">
    <mem type="nursery" free="0" total="2097152" percent="0">
      <mem type="allocate" free="0" total="1048576" percent="0" />
      <mem type="survivor" free="0" total="1048576" percent="0" />
    </mem>
    <mem type="tenure" free="5260880" total="6291456" percent="83">
      <mem type="soa" free="4945488" total="5976064" percent="82" />
      <mem type="loa" free="315392" total="315392" percent="100" />
    </mem>
    <remembered-set count="1615" />
  </mem-info>
</gc-start>
<allocation-stats totalBytes="783496" discardedBytes="48" >
  <allocated-bytes non-tlh="575760" tlh="207736" />
  <largest-consumer threadName="main" threadId="0000000000025A00" bytes="783496" />
</allocation-stats>
<gc-op id="79" type="scavenge" timems="1.996" contextid="76" timestamp="2025-12-15T03:34:15.055">
  <scavenger-info tenureage="5" tenuremask="ffe0" tiltratio="50" />
  <memory-copied type="nursery" objects="7505" bytes="931688" bytesdiscarded="24600" />
  <finalization candidates="64" enqueued="13" />
  <ownableSynchronizers candidates="2" cleared="0" />
  <references type="soft" candidates="84" cleared="0" enqueued="0" dynamicThreshold="32" maxThreshold="32" />
  <references type="weak" candidates="65" cleared="7" enqueued="7" />
  <references type="phantom" candidates="13" cleared="4" enqueued="4" />
  <object-monitors candidates="1" cleared="0"  />
</gc-op>
<heap-resize id="80" type="expand" space="nursery" amount="131072" count="1" timems="0.059" reason="excessive time being spent scavenging" timestamp="2025-12-15T03:34:15.056" />
<gc-end id="81" type="scavenge" contextid="76" durationms="4.978" usertimems="2.116" systemtimems="2.064" stalltimems="0.718" timestamp="2025-12-15T03:34:15.057" activeThreads="2">
  <mem-info id="82" free="5418384" total="8519680" percent="63">
    <mem type="nursery" free="157504" total="2228224" percent="7">
      <mem type="allocate" free="157504" total="1114112" percent="14" />
      <mem type="survivor" free="0" total="1114112" percent="0" />
    </mem>
    <mem type="tenure" free="5260880" total="6291456" percent="83">
      <mem type="soa" free="4945488" total="5976064" percent="82" />
      <mem type="loa" free="315392" total="315392" percent="100" />
    </mem>
    <pending-finalizers system="13" default="0" reference="11" classloader="0" />
    <remembered-set count="1606" />
  </mem-info>
</gc-end>
<cycle-end id="83" type="scavenge" contextid="76" timestamp="2025-12-15T03:34:15.058" />
<allocation-satisfied id="84" threadId="0000000000025A00" bytesRequested="16" />
<af-end id="85" timestamp="2025-12-15T03:34:15.060" threadId="0000000000026478" success="true" from="nursery"/>
<exclusive-end id="86" timestamp="2025-12-15T03:34:15.060" durationms="10.205" />

<exclusive-start id="87" timestamp="2025-12-15T03:34:15.066" intervalms="15.969">
  <response-info timems="0.236" idlems="0.236" threads="0" lastid="0000000000025A00" lastname="main" />
</exclusive-start>
<af-start id="88" threadId="0000000000026478" totalBytesRequested="8200" timestamp="2025-12-15T03:34:15.067" intervalms="15.919" type="nursery" />
<cycle-start id="89" type="scavenge" contextid="0" timestamp="2025-12-15T03:34:15.068" intervalms="16.106" />
<gc-start id="90" type="scavenge" contextid="89" timestamp="2025-12-15T03:34:15.069">
  <mem-info id="91" free="5231792" total="8519680" percent="61">
    <mem type="nursery" free="0" total="2228224" percent="0">
      <mem type="allocate" free="0" total="1114112" percent="0" />
      <mem type="survivor" free="0" total="1114112" percent="0" />
    </mem>
    <mem type="tenure" free="5231792" total="6291456" percent="83">
      <mem type="soa" free="4916400" total="5976064" percent="82" />
      <mem type="loa" free="315392" total="315392" percent="100" />
    </mem>
    <remembered-set count="2151" />
  </mem-info>
</gc-start>
<allocation-stats totalBytes="174016" discardedBytes="12576" >
  <allocated-bytes non-tlh="29104" tlh="144912" />
  <largest-consumer threadName="main" threadId="0000000000025A00" bytes="174016" />
</allocation-stats>
<gc-op id="92" type="scavenge" timems="2.036" contextid="89" timestamp="2025-12-15T03:34:15.072">
  <scavenger-info tenureage="3" tenuremask="fff8" tiltratio="50" />
  <memory-copied type="nursery" objects="7611" bytes="913624" bytesdiscarded="44304" />
  <memory-copied type="tenure" objects="444" bytes="15024" bytesdiscarded="0" />
  <finalization candidates="51" enqueued="0" />
  <ownableSynchronizers candidates="2" cleared="0" />
  <references type="soft" candidates="72" cleared="0" enqueued="0" dynamicThreshold="32" maxThreshold="32" />
  <references type="weak" candidates="39" cleared="0" enqueued="0" />
  <references type="phantom" candidates="7" cleared="0" enqueued="0" />
  <object-monitors candidates="1" cleared="0"  />
</gc-op>
<heap-resize id="93" type="expand" space="nursery" amount="393216" count="1" timems="0.051" reason="excessive time being spent scavenging" timestamp="2025-12-15T03:34:15.073" />
<gc-end id="94" type="scavenge" contextid="89" durationms="5.232" usertimems="2.007" systemtimems="1.958" stalltimems="1.035" timestamp="2025-12-15T03:34:15.074" activeThreads="2">
  <mem-info id="95" free="5569760" total="8912896" percent="62">
    <mem type="nursery" free="352560" total="2621440" percent="13">
      <mem type="allocate" free="352560" total="1310720" percent="26" />
      <mem type="survivor" free="0" total="1310720" percent="0" />
    </mem>
    <mem type="tenure" free="5217200" total="6291456" percent="82">
      <mem type="soa" free="4901808" total="5976064" percent="82" />
      <mem type="loa" free="315392" total="315392" percent="100" />
    </mem>
    <remembered-set count="1213" />
  </mem-info>
</gc-end>
<cycle-end id="96" type="scavenge" contextid="89" timestamp="2025-12-15T03:34:15.075" />
<allocation-satisfied id="97" threadId="0000000000025A00" bytesRequested="8200" />
<af-end id="98" timestamp="2025-12-15T03:34:15.076" threadId="0000000000026478" success="true" from="nursery"/>
<exclusive-end id="99" timestamp="2025-12-15T03:34:15.077" durationms="11.237" />

<exclusive-start id="100" timestamp="2025-12-15T03:34:15.110" intervalms="43.667">
  <response-info timems="0.066" idlems="0.066" threads="0" lastid="0000000000025A00" lastname="main" />
</exclusive-start>
<af-start id="101" threadId="0000000000026478" totalBytesRequested="48" timestamp="2025-12-15T03:34:15.111" intervalms="43.805" type="nursery" />
<cycle-start id="102" type="scavenge" contextid="0" timestamp="2025-12-15T03:34:15.111" intervalms="43.853" />
<gc-start id="103" type="scavenge" contextid="102" timestamp="2025-12-15T03:34:15.112">
  <mem-info id="104" free="5215136" total="8912896" percent="58">
    <mem type="nursery" free="0" total="2621440" percent="0">
      <mem type="allocate" free="0" total="1310720" percent="0" />
      <mem type="survivor" free="0" total="1310720" percent="0" />
    </mem>
    <mem type="tenure" free="5215136" total="6291456" percent="82">
      <mem type="soa" free="4899744" total="5976064" percent="81" />
      <mem type="loa" free="315392" total="315392" percent="100" />
    </mem>
    <remembered-set count="1249" />
  </mem-info>
</gc-start>
<allocation-stats totalBytes="354080" discardedBytes="544" >
  <allocated-bytes non-tlh="10264" tlh="343816" />
  <largest-consumer threadName="main" threadId="0000000000025A00" bytes="354080" />
</allocation-stats>
<gc-op id="105" type="scavenge" timems="2.109" contextid="102" timestamp="2025-12-15T03:34:15.116">
  <scavenger-info tenureage="2" tenuremask="fffc" tiltratio="50" />
  <memory-copied type="nursery" objects="3625" bytes="158112" bytesdiscarded="50280" />
  <memory-copied type="tenure" objects="6579" bytes="873552" bytesdiscarded="384" />
  <finalization candidates="34" enqueued="0" />
  <references type="soft" candidates="4" cleared="0" enqueued="0" dynamicThreshold="32" maxThreshold="32" />
  <references type="weak" candidates="16" cleared="16" enqueued="16" />
  <object-monitors candidates="1" cleared="0"  />
</gc-op>
<heap-resize id="106" type="expand" space="nursery" amount="262144" count="1" timems="0.073" reason="excessive time being spent scavenging" timestamp="2025-12-15T03:34:15.117" />
<gc-end id="107" type="scavenge" contextid="102" durationms="6.213" usertimems="2.160" systemtimems="2.095" stalltimems="0.558" timestamp="2025-12-15T03:34:15.118" activeThreads="2">
  <mem-info id="108" free="5504472" total="9175040" percent="59">
    <mem type="nursery" free="1233400" total="2883584" percent="42">
      <mem type="allocate" free="1233400" total="1441792" percent="85" />
      <mem type="survivor" free="0" total="1441792" percent="0" />
    </mem>
    <mem type="tenure" free="4271072" total="6291456" percent="67">
      <mem type="soa" free="3955680" total="5976064" percent="66" />
      <mem type="loa" free="315392" total="315392" percent="100" />
    </mem>
    <pending-finalizers system="0" default="0" reference="16" classloader="0" />
    <remembered-set count="676" />
  </mem-info>
</gc-end>
<cycle-end id="109" type="scavenge" contextid="102" timestamp="2025-12-15T03:34:15.119" />
<allocation-satisfied id="110" threadId="0000000000025A00" bytesRequested="48" />
<af-end id="111" timestamp="2025-12-15T03:34:15.121" threadId="0000000000026478" success="true" from="nursery"/>
<exclusive-end id="112" timestamp="2025-12-15T03:34:15.122" durationms="12.089" />

<exclusive-start id="113" timestamp="2025-12-15T03:34:15.164" intervalms="54.309">
  <response-info timems="0.066" idlems="0.066" threads="0" lastid="0000000000025A00" lastname="main" />
</exclusive-start>
<af-start id="114" threadId="0000000000026478" totalBytesRequested="36344" timestamp="2025-12-15T03:34:15.165" intervalms="54.518" type="nursery" />
<cycle-start id="115" type="scavenge" contextid="0" timestamp="2025-12-15T03:34:15.166" intervalms="54.543" />
<gc-start id="116" type="scavenge" contextid="115" timestamp="2025-12-15T03:34:15.167">
  <mem-info id="117" free="4251024" total="9175040" percent="46">
    <mem type="nursery" free="0" total="2883584" percent="0">
      <mem type="allocate" free="0" total="1441792" percent="0" />
      <mem type="survivor" free="0" total="1441792" percent="0" />
    </mem>
    <mem type="tenure" free="4251024" total="6291456" percent="67">
      <mem type="soa" free="3935632" total="5976064" percent="65" />
      <mem type="loa" free="315392" total="315392" percent="100" />
    </mem>
    <remembered-set count="986" />
  </mem-info>
</gc-start>
<allocation-stats totalBytes="1218672" discardedBytes="34776" >
  <allocated-bytes non-tlh="113840" tlh="1104832" />
  <largest-consumer threadName="main" threadId="0000000000025A00" bytes="1218672" />
</allocation-stats>
<gc-op id="118" type="scavenge" timems="1.542" contextid="115" timestamp="2025-12-15T03:34:15.170">
  <scavenger-info tenureage="3" tenuremask="fff8" tiltratio="50" />
  <memory-copied type="nursery" objects="1729" bytes="56168" bytesdiscarded="20144" />
  <finalization candidates="39" enqueued="26" />
  <references type="soft" candidates="19" cleared="0" enqueued="0" dynamicThreshold="32" maxThreshold="32" />
  <references type="weak" candidates="50" cleared="36" enqueued="36" />
  <references type="phantom" candidates="4" cleared="4" enqueued="4" />
  <object-monitors candidates="1" cleared="0"  />
</gc-op>
<gc-end id="119" type="scavenge" contextid="115" durationms="4.245" usertimems="2.039" systemtimems="0.000" stalltimems="1.232" timestamp="2025-12-15T03:34:15.171" activeThreads="2">
  <mem-info id="120" free="5878160" total="9175040" percent="64">
    <mem type="nursery" free="1627136" total="2883584" percent="56">
      <mem type="allocate" free="1627136" total="1703936" percent="95" />
      <mem type="survivor" free="0" total="1179648" percent="0" />
    </mem>
    <mem type="tenure" free="4251024" total="6291456" percent="67">
      <mem type="soa" free="3935632" total="5976064" percent="65" />
      <mem type="loa" free="315392" total="315392" percent="100" />
    </mem>
    <pending-finalizers system="26" default="0" reference="40" classloader="0" />
    <remembered-set count="447" />
  </mem-info>
</gc-end>
<cycle-end id="121" type="scavenge" contextid="115" timestamp="2025-12-15T03:34:15.172" />
<allocation-satisfied id="122" threadId="0000000000025A00" bytesRequested="36344" />
<af-end id="123" timestamp="2025-12-15T03:34:15.174" threadId="0000000000026478" success="true" from="nursery"/>
<exclusive-end id="124" timestamp="2025-12-15T03:34:15.175" durationms="10.853" />

<exclusive-start id="125" timestamp="2025-12-15T03:34:15.214" intervalms="50.265">
  <response-info timems="0.061" idlems="0.061" threads="0" lastid="0000000000025A00" lastname="main" />
</exclusive-start>
<af-start id="126" threadId="0000000000026478" totalBytesRequested="1032" timestamp="2025-12-15T03:34:15.215" intervalms="50.172" type="nursery" />
<cycle-start id="127" type="scavenge" contextid="0" timestamp="2025-12-15T03:34:15.216" intervalms="50.173" />
<gc-start id="128" type="scavenge" contextid="127" timestamp="2025-12-15T03:34:15.217">
  <mem-info id="129" free="4188760" total="9175040" percent="45">
    <mem type="nursery" free="0" total="2883584" percent="0">
      <mem type="allocate" free="0" total="1703936" percent="0" />
      <mem type="survivor" free="0" total="1179648" percent="0" />
    </mem>
    <mem type="tenure" free="4188760" total="6291456" percent="66">
      <mem type="soa" free="3873368" total="5976064" percent="64" />
      <mem type="loa" free="315392" total="315392" percent="100" />
    </mem>
    <remembered-set count="1208" />
  </mem-info>
</gc-start>
<allocation-stats totalBytes="1688712" discardedBytes="688" >
  <allocated-bytes non-tlh="228696" tlh="1460016" />
  <largest-consumer threadName="main" threadId="0000000000025A00" bytes="1688712" />
</allocation-stats>
<gc-op id="130" type="scavenge" timems="1.774" contextid="127" timestamp="2025-12-15T03:34:15.220">
  <scavenger-info tenureage="3" tenuremask="fff8" tiltratio="59" />
  <memory-copied type="nursery" objects="3374" bytes="260976" bytesdiscarded="22008" />
  <memory-copied type="tenure" objects="592" bytes="23808" bytesdiscarded="0" />
  <finalization candidates="78" enqueued="39" />
  <ownableSynchronizers candidates="1" cleared="0" />
  <references type="soft" candidates="38" cleared="0" enqueued="0" dynamicThreshold="32" maxThreshold="32" />
  <references type="weak" candidates="163" cleared="110" enqueued="110" />
  <references type="phantom" candidates="12" cleared="3" enqueued="3" />
  <object-monitors candidates="1" cleared="0"  />
</gc-op>
<heap-resize id="131" type="expand" space="nursery" amount="262144" count="1" timems="0.049" reason="excessive time being spent scavenging" timestamp="2025-12-15T03:34:15.221" />
<gc-end id="132" type="scavenge" contextid="127" durationms="5.016" usertimems="3.374" systemtimems="0.000" stalltimems="1.214" timestamp="2025-12-15T03:34:15.222" activeThreads="2">
  <mem-info id="133" free="5936776" total="9437184" percent="62">
    <mem type="nursery" free="1748016" total="3145728" percent="55">
      <mem type="allocate" free="1748016" total="2031616" percent="86" />
      <mem type="survivor" free="0" total="1114112" percent="0" />
    </mem>
    <mem type="tenure" free="4188760" total="6291456" percent="66">
      <mem type="soa" free="3873368" total="5976064" percent="64" />
      <mem type="loa" free="315392" total="315392" percent="100" />
    </mem>
    <pending-finalizers system="39" default="0" reference="113" classloader="0" />
    <remembered-set count="1151" />
  </mem-info>
</gc-end>
<cycle-end id="134" type="scavenge" contextid="127" timestamp="2025-12-15T03:34:15.223" />
<allocation-satisfied id="135" threadId="0000000000025A00" bytesRequested="1032" />
<af-end id="136" timestamp="2025-12-15T03:34:15.225" threadId="0000000000026478" success="true" from="nursery"/>
<exclusive-end id="137" timestamp="2025-12-15T03:34:15.225" durationms="11.142" />

<exclusive-start id="138" timestamp="2025-12-15T03:34:15.346" intervalms="132.196">
  <response-info timems="0.687" idlems="0.419" threads="1" lastid="0000000000029600" lastname="JIT Compilation Thread-000" />
</exclusive-start>
<af-start id="139" threadId="0000000000026478" totalBytesRequested="47528" timestamp="2025-12-15T03:34:15.347" intervalms="132.007" type="nursery" />
<cycle-start id="140" type="scavenge" contextid="0" timestamp="2025-12-15T03:34:15.348" intervalms="131.986" />
<gc-start id="141" type="scavenge" contextid="140" timestamp="2025-12-15T03:34:15.349">
  <mem-info id="142" free="4005808" total="9437184" percent="42">
    <mem type="nursery" free="0" total="3145728" percent="0">
      <mem type="allocate" free="0" total="2031616" percent="0" />
      <mem type="survivor" free="0" total="1114112" percent="0" />
    </mem>
    <mem type="tenure" free="4005808" total="6291456" percent="63">
      <mem type="soa" free="3690416" total="5976064" percent="61" />
      <mem type="loa" free="315392" total="315392" percent="100" />
    </mem>
    <remembered-set count="3589" />
  </mem-info>
</gc-start>
<allocation-stats totalBytes="1912256" discardedBytes="18712" >
  <allocated-bytes non-tlh="183984" tlh="1728272" />
  <largest-consumer threadName="main" threadId="0000000000025A00" bytes="1908160" />
</allocation-stats>
<gc-op id="143" type="scavenge" timems="2.998" contextid="140" timestamp="2025-12-15T03:34:15.353">
  <scavenger-info tenureage="3" tenuremask="fff8" tiltratio="64" />
  <memory-copied type="nursery" objects="14077" bytes="751336" bytesdiscarded="17208" />
  <memory-copied type="tenure" objects="24" bytes="848" bytesdiscarded="0" />
  <finalization candidates="432" enqueued="264" />
  <ownableSynchronizers candidates="5" cleared="0" />
  <references type="soft" candidates="500" cleared="0" enqueued="0" dynamicThreshold="32" maxThreshold="32" />
  <references type="weak" candidates="462" cleared="245" enqueued="245" />
  <references type="phantom" candidates="50" cleared="35" enqueued="35" />
  <object-monitors candidates="5" cleared="0"  />
</gc-op>
<gc-end id="144" type="scavenge" contextid="140" durationms="5.245" usertimems="0.000" systemtimems="5.724" stalltimems="1.284" timestamp="2025-12-15T03:34:15.354" activeThreads="2">
  <mem-info id="145" free="4925128" total="9437184" percent="52">
    <mem type="nursery" free="933912" total="3145728" percent="29">
      <mem type="allocate" free="933912" total="1703936" percent="54" />
      <mem type="survivor" free="0" total="1441792" percent="0" />
    </mem>
    <mem type="tenure" free="3991216" total="6291456" percent="63">
      <mem type="soa" free="3675824" total="5976064" percent="61" />
      <mem type="loa" free="315392" total="315392" percent="100" />
    </mem>
    <pending-finalizers system="264" default="0" reference="280" classloader="0" />
    <remembered-set count="3335" />
  </mem-info>
</gc-end>
<cycle-end id="146" type="scavenge" contextid="140" timestamp="2025-12-15T03:34:15.355" />
<allocation-satisfied id="147" threadId="0000000000025A00" bytesRequested="47528" />
<af-end id="148" timestamp="2025-12-15T03:34:15.356" threadId="0000000000026478" success="true" from="nursery"/>
<exclusive-end id="149" timestamp="2025-12-15T03:34:15.357" durationms="10.524" />

<exclusive-start id="150" timestamp="2025-12-15T03:34:15.403" intervalms="56.757">
  <response-info timems="0.085" idlems="0.085" threads="0" lastid="0000000000025A00" lastname="main" />
</exclusive-start>
<af-start id="151" threadId="0000000000026478" totalBytesRequested="24" timestamp="2025-12-15T03:34:15.404" intervalms="56.952" type="nursery" />
<cycle-start id="152" type="scavenge" contextid="0" timestamp="2025-12-15T03:34:15.406" intervalms="57.490" />
<gc-start id="153" type="scavenge" contextid="152" timestamp="2025-12-15T03:34:15.407">
  <mem-info id="154" free="3951376" total="9437184" percent="41">
    <mem type="nursery" free="0" total="3145728" percent="0">
      <mem type="allocate" free="0" total="1703936" percent="0" />
      <mem type="survivor" free="0" total="1441792" percent="0" />
    </mem>
    <mem type="tenure" free="3951376" total="6291456" percent="62">
      <mem type="soa" free="3635984" total="5976064" percent="60" />
      <mem type="loa" free="315392" total="315392" percent="100" />
    </mem>
    <remembered-set count="4085" />
  </mem-info>
</gc-start>
<allocation-stats totalBytes="973216" discardedBytes="536" >
  <allocated-bytes non-tlh="87368" tlh="885848" />
  <largest-consumer threadName="main" threadId="0000000000025A00" bytes="973216" />
</allocation-stats>
<gc-op id="155" type="scavenge" timems="4.422" contextid="152" timestamp="2025-12-15T03:34:15.414">
  <scavenger-info tenureage="3" tenuremask="fff8" tiltratio="54" />
  <memory-copied type="nursery" objects="23545" bytes="999744" bytesdiscarded="41024" />
  <memory-copied type="tenure" objects="945" bytes="24784" bytesdiscarded="0" />
  <finalization candidates="189" enqueued="11" />
  <ownableSynchronizers candidates="9" cleared="0" />
  <references type="soft" candidates="3133" cleared="0" enqueued="0" dynamicThreshold="32" maxThreshold="32" />
  <references type="weak" candidates="305" cleared="80" enqueued="80" />
  <references type="phantom" candidates="18" cleared="4" enqueued="4" />
  <object-monitors candidates="5" cleared="0"  />
</gc-op>
<heap-resize id="156" type="expand" space="nursery" amount="262144" count="1" timems="0.073" reason="excessive time being spent scavenging" timestamp="2025-12-15T03:34:15.415" />
<gc-end id="157" type="scavenge" contextid="152" durationms="9.270" usertimems="4.643" systemtimems="4.530" stalltimems="1.023" timestamp="2025-12-15T03:34:15.416" activeThreads="2">
  <mem-info id="158" free="4599240" total="9699328" percent="47">
    <mem type="nursery" free="662456" total="3407872" percent="19">
      <mem type="allocate" free="662456" total="1703936" percent="38" />
      <mem type="survivor" free="0" total="1703936" percent="0" />
    </mem>
    <mem type="tenure" free="3936784" total="6291456" percent="62">
      <mem type="soa" free="3621392" total="5976064" percent="60" />
      <mem type="loa" free="315392" total="315392" percent="100" />
    </mem>
    <pending-finalizers system="11" default="0" reference="84" classloader="0" />
    <remembered-set count="3357" />
  </mem-info>
</gc-end>
<cycle-end id="159" type="scavenge" contextid="152" timestamp="2025-12-15T03:34:15.417" />
<allocation-satisfied id="160" threadId="0000000000025A00" bytesRequested="24" />
<af-end id="161" timestamp="2025-12-15T03:34:15.419" threadId="0000000000026478" success="true" from="nursery"/>
<exclusive-end id="162" timestamp="2025-12-15T03:34:15.420" durationms="17.046" />

<exclusive-start id="163" timestamp="2025-12-15T03:34:15.495" intervalms="92.250">
  <response-info timems="0.212" idlems="0.153" threads="1" lastid="0000000000029600" lastname="JIT Compilation Thread-000" />
</exclusive-start>
<af-start id="164" threadId="0000000000026478" totalBytesRequested="48" timestamp="2025-12-15T03:34:15.496" intervalms="92.252" type="nursery" />
<cycle-start id="165" type="scavenge" contextid="0" timestamp="2025-12-15T03:34:15.497" intervalms="91.779" />
<gc-start id="166" type="scavenge" contextid="165" timestamp="2025-12-15T03:34:15.498">
  <mem-info id="167" free="3911392" total="9699328" percent="40">
    <mem type="nursery" free="0" total="3407872" percent="0">
      <mem type="allocate" free="0" total="1703936" percent="0" />
      <mem type="survivor" free="0" total="1703936" percent="0" />
    </mem>
    <mem type="tenure" free="3911392" total="6291456" percent="62">
      <mem type="soa" free="3596000" total="5976064" percent="60" />
      <mem type="loa" free="315392" total="315392" percent="100" />
    </mem>
    <remembered-set count="3723" />
  </mem-info>
</gc-start>
<allocation-stats totalBytes="687048" discardedBytes="800" >
  <allocated-bytes non-tlh="25416" tlh="661632" />
  <largest-consumer threadName="main" threadId="0000000000025A00" bytes="687048" />
</allocation-stats>
<gc-op id="168" type="scavenge" timems="3.770" contextid="165" timestamp="2025-12-15T03:34:15.503">
  <scavenger-info tenureage="2" tenuremask="fffc" tiltratio="50" />
  <memory-copied type="nursery" objects="13530" bytes="455064" bytesdiscarded="30040" />
  <memory-copied type="tenure" objects="12023" bytes="636480" bytesdiscarded="920" />
  <finalization candidates="197" enqueued="19" />
  <ownableSynchronizers candidates="9" cleared="0" />
  <references type="soft" candidates="3016" cleared="0" enqueued="0" dynamicThreshold="32" maxThreshold="32" />
  <references type="weak" candidates="111" cleared="73" enqueued="72" />
  <references type="phantom" candidates="9" cleared="8" enqueued="8" />
  <object-monitors candidates="5" cleared="0"  />
</gc-op>
<gc-end id="169" type="scavenge" contextid="165" durationms="6.008" usertimems="7.717" systemtimems="0.000" stalltimems="0.602" timestamp="2025-12-15T03:34:15.504" activeThreads="2">
  <mem-info id="170" free="4663192" total="9699328" percent="48">
    <mem type="nursery" free="1415168" total="3407872" percent="41">
      <mem type="allocate" free="1415168" total="1900544" percent="74" />
      <mem type="survivor" free="0" total="1507328" percent="0" />
    </mem>
    <mem type="tenure" free="3248024" total="6291456" percent="51">
      <mem type="soa" free="2932632" total="5976064" percent="49" />
      <mem type="loa" free="315392" total="315392" percent="100" />
    </mem>
    <pending-finalizers system="19" default="0" reference="80" classloader="0" />
    <remembered-set count="1292" />
  </mem-info>
</gc-end>
<cycle-end id="171" type="scavenge" contextid="165" timestamp="2025-12-15T03:34:15.505" />
<allocation-satisfied id="172" threadId="0000000000025A00" bytesRequested="48" />
<af-end id="173" timestamp="2025-12-15T03:34:15.506" threadId="0000000000026478" success="true" from="nursery"/>
<exclusive-end id="174" timestamp="2025-12-15T03:34:15.507" durationms="11.521" />

<exclusive-start id="175" timestamp="2025-12-15T03:34:15.587" intervalms="91.273">
  <response-info timems="0.078" idlems="0.078" threads="0" lastid="0000000000025A00" lastname="main" />
</exclusive-start>
<af-start id="176" threadId="0000000000026478" totalBytesRequested="16" timestamp="2025-12-15T03:34:15.588" intervalms="91.174" type="nursery" />
<cycle-start id="177" type="scavenge" contextid="0" timestamp="2025-12-15T03:34:15.588" intervalms="91.058" />
<gc-start id="178" type="scavenge" contextid="177" timestamp="2025-12-15T03:34:15.589">
  <mem-info id="179" free="3177808" total="9699328" percent="32">
    <mem type="nursery" free="0" total="3407872" percent="0">
      <mem type="allocate" free="0" total="1900544" percent="0" />
      <mem type="survivor" free="0" total="1507328" percent="0" />
    </mem>
    <mem type="tenure" free="3177808" total="6291456" percent="50">
      <mem type="soa" free="2862416" total="5976064" percent="47" />
      <mem type="loa" free="315392" total="315392" percent="100" />
    </mem>
    <remembered-set count="2252" />
  </mem-info>
</gc-start>
<allocation-stats totalBytes="1484400" discardedBytes="984" >
  <allocated-bytes non-tlh="70264" tlh="1414136" />
  <largest-consumer threadName="main" threadId="0000000000025A00" bytes="1484400" />
</allocation-stats>
<gc-op id="180" type="scavenge" timems="3.453" contextid="177" timestamp="2025-12-15T03:34:15.594">
  <scavenger-info tenureage="2" tenuremask="fffc" tiltratio="55" />
  <memory-copied type="nursery" objects="11350" bytes="371360" bytesdiscarded="23872" />
  <memory-copied type="tenure" objects="11160" bytes="347168" bytesdiscarded="120" />
  <finalization candidates="46" enqueued="15" />
  <ownableSynchronizers candidates="15" cleared="0" />
  <references type="soft" candidates="383" cleared="0" enqueued="0" dynamicThreshold="32" maxThreshold="32" />
  <references type="weak" candidates="285" cleared="262" enqueued="262" />
  <references type="phantom" candidates="7" cleared="4" enqueued="4" />
  <object-monitors candidates="5" cleared="0"  />
</gc-op>
<heap-resize id="181" type="expand" space="nursery" amount="262144" count="1" timems="0.064" reason="excessive time being spent scavenging" timestamp="2025-12-15T03:34:15.595" />
<gc-end id="182" type="scavenge" contextid="177" durationms="6.742" usertimems="7.323" systemtimems="0.000" stalltimems="0.713" timestamp="2025-12-15T03:34:15.596" activeThreads="2">
  <mem-info id="183" free="4660016" total="9961472" percent="46">
    <mem type="nursery" free="1832688" total="3670016" percent="49">
      <mem type="allocate" free="1832688" total="2228224" percent="82" />
      <mem type="survivor" free="0" total="1441792" percent="0" />
    </mem>
    <mem type="tenure" free="2827328" total="6291456" percent="44">
      <mem type="soa" free="2511936" total="5976064" percent="42" />
      <mem type="loa" free="315392" total="315392" percent="100" />
    </mem>
    <pending-finalizers system="15" default="0" reference="266" classloader="0" />
    <remembered-set count="1533" />
  </mem-info>
</gc-end>
<cycle-end id="184" type="scavenge" contextid="177" timestamp="2025-12-15T03:34:15.597" />
<allocation-satisfied id="185" threadId="0000000000025A00" bytesRequested="16" />
<af-end id="186" timestamp="2025-12-15T03:34:15.598" threadId="0000000000026478" success="true" from="nursery"/>
<exclusive-end id="187" timestamp="2025-12-15T03:34:15.599" durationms="11.856" />

<exclusive-start id="188" timestamp="2025-12-15T03:34:15.690" intervalms="102.810">
  <response-info timems="0.087" idlems="0.056" threads="1" lastid="0000000000029600" lastname="JIT Compilation Thread-000" />
</exclusive-start>
<af-start id="189" threadId="000000000058CF78" totalBytesRequested="2008" timestamp="2025-12-15T03:34:15.690" intervalms="102.746" type="nursery" />
<cycle-start id="190" type="scavenge" contextid="0" timestamp="2025-12-15T03:34:15.691" intervalms="102.883" />
<gc-start id="191" type="scavenge" contextid="190" timestamp="2025-12-15T03:34:15.692">
  <mem-info id="192" free="2743288" total="9961472" percent="27">
    <mem type="nursery" free="0" total="3670016" percent="0">
      <mem type="allocate" free="0" total="2228224" percent="0" />
      <mem type="survivor" free="0" total="1441792" percent="0" />
    </mem>
    <mem type="tenure" free="2743288" total="6291456" percent="43">
      <mem type="soa" free="2427896" total="5976064" percent="40" />
      <mem type="loa" free="315392" total="315392" percent="100" />
    </mem>
    <remembered-set count="2636" />
  </mem-info>
</gc-start>
<allocation-stats totalBytes="1914360" discardedBytes="2368" >
  <allocated-bytes non-tlh="122744" tlh="1791616" />
  <largest-consumer threadName="main" threadId="0000000000025A00" bytes="1846216" />
</allocation-stats>
<gc-op id="193" type="scavenge" timems="3.169" contextid="190" timestamp="2025-12-15T03:34:15.697">
  <scavenger-info tenureage="2" tenuremask="7ffc" tiltratio="60" />
  <memory-copied type="nursery" objects="17025" bytes="532008" bytesdiscarded="20184" />
  <memory-copied type="tenure" objects="1618" bytes="74816" bytesdiscarded="48" />
  <finalization candidates="294" enqueued="173" />
  <ownableSynchronizers candidates="23" cleared="3" />
  <references type="soft" candidates="101" cleared="0" enqueued="0" dynamicThreshold="32" maxThreshold="32" />
  <references type="weak" candidates="490" cleared="348" enqueued="348" />
  <references type="phantom" candidates="29" cleared="26" enqueued="26" />
  <object-monitors candidates="5" cleared="0"  />
</gc-op>
<gc-end id="194" type="scavenge" contextid="190" durationms="5.585" usertimems="3.536" systemtimems="1.951" stalltimems="1.046" timestamp="2025-12-15T03:34:15.698" activeThreads="2">
  <mem-info id="195" free="4452080" total="9961472" percent="44">
    <mem type="nursery" free="1871608" total="3670016" percent="50">
      <mem type="allocate" free="1871608" total="2424832" percent="77" />
      <mem type="survivor" free="0" total="1245184" percent="0" />
    </mem>
    <mem type="tenure" free="2580472" total="6291456" percent="41">
      <mem type="soa" free="2265080" total="5976064" percent="37" />
      <mem type="loa" free="315392" total="315392" percent="100" />
    </mem>
    <pending-finalizers system="173" default="0" reference="374" classloader="0" />
    <remembered-set count="2168" />
  </mem-info>
</gc-end>
<cycle-end id="196" type="scavenge" contextid="190" timestamp="2025-12-15T03:34:15.699" />
<allocation-satisfied id="197" threadId="000000000058C500" bytesRequested="2008" />
<af-end id="198" timestamp="2025-12-15T03:34:15.700" threadId="000000000058CF78" success="true" from="nursery"/>
<exclusive-end id="199" timestamp="2025-12-15T03:34:15.700" durationms="10.781" />

<exclusive-start id="200" timestamp="2025-12-15T03:34:15.758" intervalms="68.724">
  <response-info timems="0.063" idlems="0.063" threads="0" lastid="0000000000025A00" lastname="main" />
</exclusive-start>
<af-start id="201" threadId="0000000000026478" totalBytesRequested="330088" timestamp="2025-12-15T03:34:15.759" intervalms="68.916" type="nursery" />
<cycle-start id="202" type="scavenge" contextid="0" timestamp="2025-12-15T03:34:15.760" intervalms="68.772" />
<gc-start id="203" type="scavenge" contextid="202" timestamp="2025-12-15T03:34:15.761">
  <mem-info id="204" free="2837744" total="9961472" percent="28">
    <mem type="nursery" free="282360" total="3670016" percent="7">
      <mem type="allocate" free="282360" total="2424832" percent="11" />
      <mem type="survivor" free="0" total="1245184" percent="0" />
    </mem>
    <mem type="tenure" free="2555384" total="6291456" percent="40">
      <mem type="soa" free="2239992" total="5976064" percent="37" />
      <mem type="loa" free="315392" total="315392" percent="100" />
    </mem>
    <remembered-set count="2512" />
  </mem-info>
</gc-start>
<allocation-stats totalBytes="1603360" discardedBytes="10976" >
  <allocated-bytes non-tlh="27096" tlh="1576264" />
  <largest-consumer threadName="main" threadId="0000000000025A00" bytes="1489952" />
</allocation-stats>
<gc-op id="205" type="scavenge" timems="2.923" contextid="202" timestamp="2025-12-15T03:34:15.765">
  <scavenger-info tenureage="2" tenuremask="7ffc" tiltratio="66" />
  <memory-copied type="nursery" objects="14588" bytes="493064" bytesdiscarded="28336" />
  <memory-copied type="tenure" objects="5360" bytes="160864" bytesdiscarded="56" />
  <finalization candidates="127" enqueued="12" />
  <ownableSynchronizers candidates="21" cleared="0" />
  <references type="soft" candidates="110" cleared="0" enqueued="0" dynamicThreshold="32" maxThreshold="32" />
  <references type="weak" candidates="224" cleared="73" enqueued="73" />
  <references type="phantom" candidates="6" cleared="4" enqueued="4" />
  <object-monitors candidates="5" cleared="0"  />
</gc-op>
<heap-resize id="206" type="expand" space="nursery" amount="262144" count="1" timems="0.075" reason="excessive time being spent scavenging" timestamp="2025-12-15T03:34:15.766" />
<gc-end id="207" type="scavenge" contextid="202" durationms="6.064" usertimems="5.565" systemtimems="0.692" stalltimems="0.537" timestamp="2025-12-15T03:34:15.767" activeThreads="2">
  <mem-info id="208" free="4537760" total="10223616" percent="44">
    <mem type="nursery" free="2164600" total="3932160" percent="55">
      <mem type="allocate" free="2164600" total="2686976" percent="80" />
      <mem type="survivor" free="0" total="1245184" percent="0" />
    </mem>
    <mem type="tenure" free="2373160" total="6291456" percent="37">
      <mem type="soa" free="2057768" total="5976064" percent="34" />
      <mem type="loa" free="315392" total="315392" percent="100" />
    </mem>
    <pending-finalizers system="12" default="0" reference="77" classloader="0" />
    <remembered-set count="1588" />
  </mem-info>
</gc-end>
<cycle-end id="209" type="scavenge" contextid="202" timestamp="2025-12-15T03:34:15.768" />
<allocation-satisfied id="210" threadId="0000000000025A00" bytesRequested="330088" />
<af-end id="211" timestamp="2025-12-15T03:34:15.769" threadId="0000000000026478" success="true" from="nursery"/>
<exclusive-end id="212" timestamp="2025-12-15T03:34:15.770" durationms="11.454" />

<exclusive-start id="213" timestamp="2025-12-15T03:34:15.858" intervalms="99.688">
  <response-info timems="0.049" idlems="0.049" threads="0" lastid="0000000000025A00" lastname="main" />
</exclusive-start>
<af-start id="214" threadId="0000000000026478" totalBytesRequested="10584" timestamp="2025-12-15T03:34:15.859" intervalms="99.400" type="nursery" />
<cycle-start id="215" type="scavenge" contextid="0" timestamp="2025-12-15T03:34:15.859" intervalms="99.302" />
<gc-start id="216" type="scavenge" contextid="215" timestamp="2025-12-15T03:34:15.860">
  <mem-info id="217" free="2372896" total="10223616" percent="23">
    <mem type="nursery" free="0" total="3932160" percent="0">
      <mem type="allocate" free="0" total="2686976" percent="0" />
      <mem type="survivor" free="0" total="1245184" percent="0" />
    </mem>
    <mem type="tenure" free="2372896" total="6291456" percent="37">
      <mem type="soa" free="2057504" total="5976064" percent="34" />
      <mem type="loa" free="315392" total="315392" percent="100" />
    </mem>
    <remembered-set count="1604" />
  </mem-info>
</gc-start>
<allocation-stats totalBytes="2104192" discardedBytes="60672" >
  <allocated-bytes non-tlh="330352" tlh="1773840" />
  <largest-consumer threadName="main" threadId="0000000000025A00" bytes="2104192" />
</allocation-stats>
<gc-op id="218" type="scavenge" timems="3.141" contextid="215" timestamp="2025-12-15T03:34:15.865">
  <scavenger-info tenureage="2" tenuremask="7ffc" tiltratio="68" />
  <memory-copied type="nursery" objects="5049" bytes="221592" bytesdiscarded="18600" />
  <memory-copied type="tenure" objects="9904" bytes="303168" bytesdiscarded="112" />
  <finalization candidates="107" enqueued="0" />
  <ownableSynchronizers candidates="11" cleared="0" />
  <references type="soft" candidates="25" cleared="0" enqueued="0" dynamicThreshold="32" maxThreshold="32" />
  <references type="weak" candidates="18" cleared="0" enqueued="0" />
  <references type="phantom" candidates="3" cleared="0" enqueued="0" />
  <object-monitors candidates="5" cleared="0"  />
</gc-op>
<gc-end id="219" type="scavenge" contextid="215" durationms="6.464" usertimems="3.956" systemtimems="2.033" stalltimems="1.246" timestamp="2025-12-15T03:34:15.867" activeThreads="2">
  <mem-info id="220" free="4728656" total="10223616" percent="46">
    <mem type="nursery" free="2643256" total="3932160" percent="67">
      <mem type="allocate" free="2643256" total="2883584" percent="91" />
      <mem type="survivor" free="0" total="1048576" percent="0" />
    </mem>
    <mem type="tenure" free="2085400" total="6291456" percent="33">
      <mem type="soa" free="1770008" total="5976064" percent="29" />
      <mem type="loa" free="315392" total="315392" percent="100" />
    </mem>
    <remembered-set count="490" />
  </mem-info>
</gc-end>
<cycle-end id="221" type="scavenge" contextid="215" timestamp="2025-12-15T03:34:15.867" />
<allocation-satisfied id="222" threadId="0000000000025A00" bytesRequested="10584" />
<af-end id="223" timestamp="2025-12-15T03:34:15.869" threadId="0000000000026478" success="true" from="nursery"/>
<exclusive-end id="224" timestamp="2025-12-15T03:34:15.869" durationms="11.525" />

<exclusive-start id="225" timestamp="2025-12-15T03:34:15.957" intervalms="98.811">
  <response-info timems="0.058" idlems="0.058" threads="0" lastid="0000000000025A00" lastname="main" />
</exclusive-start>
<af-start id="226" threadId="0000000000026478" totalBytesRequested="15240" timestamp="2025-12-15T03:34:15.957" intervalms="98.794" type="nursery" />
<cycle-start id="227" type="scavenge" contextid="0" timestamp="2025-12-15T03:34:15.958" intervalms="98.785" />
<gc-start id="228" type="scavenge" contextid="227" timestamp="2025-12-15T03:34:15.959">
  <mem-info id="229" free="2084960" total="10223616" percent="20">
    <mem type="nursery" free="0" total="3932160" percent="0">
      <mem type="allocate" free="0" total="2883584" percent="0" />
      <mem type="survivor" free="0" total="1048576" percent="0" />
    </mem>
    <mem type="tenure" free="2084960" total="6291456" percent="33">
      <mem type="soa" free="1769568" total="5976064" percent="29" />
      <mem type="loa" free="315392" total="315392" percent="100" />
    </mem>
    <remembered-set count="503" />
  </mem-info>
</gc-start>
<allocation-stats totalBytes="2563344" discardedBytes="80352" >
  <allocated-bytes non-tlh="721400" tlh="1841944" />
  <largest-consumer threadName="main" threadId="0000000000025A00" bytes="2563344" />
</allocation-stats>
<gc-op id="230" type="scavenge" timems="1.700" contextid="227" timestamp="2025-12-15T03:34:15.962">
  <scavenger-info tenureage="3" tenuremask="7ff8" tiltratio="73" />
  <memory-copied type="nursery" objects="5429" bytes="273472" bytesdiscarded="20896" />
  <finalization candidates="7" enqueued="0" />
  <ownableSynchronizers candidates="1" cleared="0" />
  <references type="soft" candidates="25" cleared="0" enqueued="0" dynamicThreshold="32" maxThreshold="32" />
  <references type="weak" candidates="18" cleared="0" enqueued="0" />
  <references type="phantom" candidates="3" cleared="0" enqueued="0" />
  <object-monitors candidates="5" cleared="0"  />
</gc-op>
<gc-end id="231" type="scavenge" contextid="227" durationms="4.386" usertimems="3.265" systemtimems="0.000" stalltimems="0.934" timestamp="2025-12-15T03:34:15.963" activeThreads="2">
  <mem-info id="232" free="4805112" total="10223616" percent="47">
    <mem type="nursery" free="2720152" total="3932160" percent="69">
      <mem type="allocate" free="2720152" total="3014656" percent="90" />
      <mem type="survivor" free="0" total="917504" percent="0" />
    </mem>
    <mem type="tenure" free="2084960" total="6291456" percent="33">
      <mem type="soa" free="1769568" total="5976064" percent="29" />
      <mem type="loa" free="315392" total="315392" percent="100" />
    </mem>
    <remembered-set count="258" />
  </mem-info>
</gc-end>
<cycle-end id="233" type="scavenge" contextid="227" timestamp="2025-12-15T03:34:15.964" />
<allocation-satisfied id="234" threadId="0000000000025A00" bytesRequested="15240" />
<af-end id="235" timestamp="2025-12-15T03:34:15.966" threadId="0000000000026478" success="true" from="nursery"/>
<exclusive-end id="236" timestamp="2025-12-15T03:34:15.966" durationms="9.575" />

<exclusive-start id="237" timestamp="2025-12-15T03:34:16.081" intervalms="124.485">
  <response-info timems="0.057" idlems="0.057" threads="0" lastid="0000000000025A00" lastname="main" />
</exclusive-start>
<af-start id="238" threadId="0000000000026478" totalBytesRequested="16392" timestamp="2025-12-15T03:34:16.082" intervalms="124.589" type="nursery" />
<cycle-start id="239" type="scavenge" contextid="0" timestamp="2025-12-15T03:34:16.083" intervalms="124.660" />
<gc-start id="240" type="scavenge" contextid="239" timestamp="2025-12-15T03:34:16.084">
  <mem-info id="241" free="2084712" total="10223616" percent="20">
    <mem type="nursery" free="0" total="3932160" percent="0">
      <mem type="allocate" free="0" total="3014656" percent="0" />
      <mem type="survivor" free="0" total="917504" percent="0" />
    </mem>
    <mem type="tenure" free="2084712" total="6291456" percent="33">
      <mem type="soa" free="1769320" total="5976064" percent="29" />
      <mem type="loa" free="315392" total="315392" percent="100" />
    </mem>
    <remembered-set count="270" />
  </mem-info>
</gc-start>
<allocation-stats totalBytes="2633048" discardedBytes="87352" >
  <allocated-bytes non-tlh="557488" tlh="2075560" />
  <largest-consumer threadName="main" threadId="0000000000025A00" bytes="2633048" />
</allocation-stats>
<gc-op id="242" type="scavenge" timems="1.520" contextid="239" timestamp="2025-12-15T03:34:16.087">
  <scavenger-info tenureage="3" tenuremask="7ff8" tiltratio="76" />
  <memory-copied type="nursery" objects="1386" bytes="259696" bytesdiscarded="27032" />
  <memory-copied type="tenure" objects="4563" bytes="185896" bytesdiscarded="104" />
  <finalization candidates="7" enqueued="0" />
  <ownableSynchronizers candidates="1" cleared="0" />
  <references type="phantom" candidates="3" cleared="0" enqueued="0" />
  <object-monitors candidates="5" cleared="0"  />
</gc-op>
<gc-end id="243" type="scavenge" contextid="239" durationms="3.852" usertimems="1.692" systemtimems="0.860" stalltimems="0.670" timestamp="2025-12-15T03:34:16.088" activeThreads="2">
  <mem-info id="244" free="4738640" total="10223616" percent="46">
    <mem type="nursery" free="2858984" total="3932160" percent="72">
      <mem type="allocate" free="2858984" total="3145728" percent="90" />
      <mem type="survivor" free="0" total="786432" percent="0" />
    </mem>
    <mem type="tenure" free="1879656" total="6291456" percent="29">
      <mem type="soa" free="1564264" total="5976064" percent="26" />
      <mem type="loa" free="315392" total="315392" percent="100" />
    </mem>
    <remembered-set count="158" />
  </mem-info>
</gc-end>
<cycle-end id="245" type="scavenge" contextid="239" timestamp="2025-12-15T03:34:16.088" />
<allocation-satisfied id="246" threadId="0000000000025A00" bytesRequested="16392" />
<af-end id="247" timestamp="2025-12-15T03:34:16.090" threadId="0000000000026478" success="true" from="nursery"/>
<exclusive-end id="248" timestamp="2025-12-15T03:34:16.090" durationms="9.116" />

<exclusive-start id="249" timestamp="2025-12-15T03:34:16.213" intervalms="131.224">
  <response-info timems="0.061" idlems="0.061" threads="0" lastid="0000000000025A00" lastname="main" />
</exclusive-start>
<af-start id="250" threadId="0000000000026478" totalBytesRequested="8200" timestamp="2025-12-15T03:34:16.213" intervalms="131.149" type="nursery" />
<cycle-start id="251" type="scavenge" contextid="0" timestamp="2025-12-15T03:34:16.214" intervalms="131.150" />
<gc-start id="252" type="scavenge" contextid="251" timestamp="2025-12-15T03:34:16.215">
  <mem-info id="253" free="1879488" total="10223616" percent="18">
    <mem type="nursery" free="0" total="3932160" percent="0">
      <mem type="allocate" free="0" total="3145728" percent="0" />
      <mem type="survivor" free="0" total="786432" percent="0" />
    </mem>
    <mem type="tenure" free="1879488" total="6291456" percent="29">
      <mem type="soa" free="1564096" total="5976064" percent="26" />
      <mem type="loa" free="315392" total="315392" percent="100" />
    </mem>
    <remembered-set count="214" />
  </mem-info>
</gc-start>
<allocation-stats totalBytes="2811280" discardedBytes="47872" >
  <allocated-bytes non-tlh="520208" tlh="2291072" />
  <largest-consumer threadName="main" threadId="0000000000025A00" bytes="2811280" />
</allocation-stats>
<gc-op id="254" type="scavenge" timems="0.959" contextid="251" timestamp="2025-12-15T03:34:16.217">
  <scavenger-info tenureage="5" tenuremask="7fe0" tiltratio="80" />
  <memory-copied type="nursery" objects="1791" bytes="67688" bytesdiscarded="25992" />
  <references type="phantom" candidates="3" cleared="0" enqueued="0" />
  <object-monitors candidates="5" cleared="0"  />
</gc-op>
<gc-end id="255" type="scavenge" contextid="251" durationms="3.449" usertimems="0.000" systemtimems="1.436" stalltimems="0.626" timestamp="2025-12-15T03:34:16.218" activeThreads="2">
  <mem-info id="256" free="4997056" total="10223616" percent="48">
    <mem type="nursery" free="3117568" total="3932160" percent="79">
      <mem type="allocate" free="3117568" total="3211264" percent="97" />
      <mem type="survivor" free="0" total="720896" percent="0" />
    </mem>
    <mem type="tenure" free="1879488" total="6291456" percent="29">
      <mem type="soa" free="1564096" total="5976064" percent="26" />
      <mem type="loa" free="315392" total="315392" percent="100" />
    </mem>
    <remembered-set count="153" />
  </mem-info>
</gc-end>
<cycle-end id="257" type="scavenge" contextid="251" timestamp="2025-12-15T03:34:16.219" />
<allocation-satisfied id="258" threadId="0000000000025A00" bytesRequested="8200" />
<af-end id="259" timestamp="2025-12-15T03:34:16.221" threadId="0000000000026478" success="true" from="nursery"/>
<exclusive-end id="260" timestamp="2025-12-15T03:34:16.221" durationms="8.880" />

<exclusive-start id="261" timestamp="2025-12-15T03:34:16.324" intervalms="111.793">
  <response-info timems="0.065" idlems="0.065" threads="0" lastid="0000000000025A00" lastname="main" />
</exclusive-start>
<af-start id="262" threadId="0000000000026478" totalBytesRequested="32776" timestamp="2025-12-15T03:34:16.325" intervalms="112.035" type="nursery" />
<cycle-start id="263" type="scavenge" contextid="0" timestamp="2025-12-15T03:34:16.326" intervalms="112.213" />
<gc-start id="264" type="scavenge" contextid="263" timestamp="2025-12-15T03:34:16.327">
  <mem-info id="265" free="1879320" total="10223616" percent="18">
    <mem type="nursery" free="0" total="3932160" percent="0">
      <mem type="allocate" free="0" total="3211264" percent="0" />
      <mem type="survivor" free="0" total="720896" percent="0" />
    </mem>
    <mem type="tenure" free="1879320" total="6291456" percent="29">
      <mem type="soa" free="1563928" total="5976064" percent="26" />
      <mem type="loa" free="315392" total="315392" percent="100" />
    </mem>
    <remembered-set count="214" />
  </mem-info>
</gc-start>
<allocation-stats totalBytes="3054424" discardedBytes="63312" >
  <allocated-bytes non-tlh="823296" tlh="2231128" />
  <largest-consumer threadName="main" threadId="0000000000025A00" bytes="3054424" />
</allocation-stats>
<gc-op id="266" type="scavenge" timems="1.114" contextid="263" timestamp="2025-12-15T03:34:16.330">
  <scavenger-info tenureage="6" tenuremask="7fc0" tiltratio="81" />
  <memory-copied type="nursery" objects="2360" bytes="572480" bytesdiscarded="14504" />
  <references type="phantom" candidates="3" cleared="0" enqueued="0" />
  <object-monitors candidates="5" cleared="0"  />
</gc-op>
<gc-end id="267" type="scavenge" contextid="263" durationms="3.328" usertimems="0.000" systemtimems="1.860" stalltimems="0.638" timestamp="2025-12-15T03:34:16.330" activeThreads="2">
  <mem-info id="268" free="3979296" total="10223616" percent="38">
    <mem type="nursery" free="2099976" total="3932160" percent="53">
      <mem type="allocate" free="2099976" total="2686976" percent="78" />
      <mem type="survivor" free="0" total="1245184" percent="0" />
    </mem>
    <mem type="tenure" free="1879320" total="6291456" percent="29">
      <mem type="soa" free="1563928" total="5976064" percent="26" />
      <mem type="loa" free="315392" total="315392" percent="100" />
    </mem>
    <remembered-set count="150" />
  </mem-info>
</gc-end>
<cycle-end id="269" type="scavenge" contextid="263" timestamp="2025-12-15T03:34:16.331" />
<allocation-satisfied id="270" threadId="0000000000025A00" bytesRequested="32776" />
<af-end id="271" timestamp="2025-12-15T03:34:16.333" threadId="0000000000026478" success="true" from="nursery"/>
<exclusive-end id="272" timestamp="2025-12-15T03:34:16.333" durationms="9.001" />

<exclusive-start id="273" timestamp="2025-12-15T03:34:16.428" intervalms="103.563">
  <response-info timems="0.052" idlems="0.052" threads="0" lastid="0000000000025A00" lastname="main" />
</exclusive-start>
<af-start id="274" threadId="0000000000026478" totalBytesRequested="1128" timestamp="2025-12-15T03:34:16.429" intervalms="103.473" type="nursery" />
<cycle-start id="275" type="scavenge" contextid="0" timestamp="2025-12-15T03:34:16.429" intervalms="103.240" />
<gc-start id="276" type="scavenge" contextid="275" timestamp="2025-12-15T03:34:16.430">
  <mem-info id="277" free="1879128" total="10223616" percent="18">
    <mem type="nursery" free="0" total="3932160" percent="0">
      <mem type="allocate" free="0" total="2686976" percent="0" />
      <mem type="survivor" free="0" total="1245184" percent="0" />
    </mem>
    <mem type="tenure" free="1879128" total="6291456" percent="29">
      <mem type="soa" free="1563736" total="5976064" percent="26" />
      <mem type="loa" free="315392" total="315392" percent="100" />
    </mem>
    <remembered-set count="189" />
  </mem-info>
</gc-start>
<allocation-stats totalBytes="2050096" discardedBytes="50072" >
  <allocated-bytes non-tlh="265792" tlh="1784304" />
  <largest-consumer threadName="main" threadId="0000000000025A00" bytes="2050096" />
</allocation-stats>
<gc-op id="278" type="scavenge" timems="1.639" contextid="275" timestamp="2025-12-15T03:34:16.433">
  <scavenger-info tenureage="6" tenuremask="7fc0" tiltratio="68" />
  <memory-copied type="nursery" objects="2653" bytes="118128" bytesdiscarded="10880" />
  <references type="phantom" candidates="3" cleared="0" enqueued="0" />
  <object-monitors candidates="5" cleared="0"  />
</gc-op>
<gc-end id="279" type="scavenge" contextid="275" durationms="3.757" usertimems="1.497" systemtimems="0.783" stalltimems="0.674" timestamp="2025-12-15T03:34:16.434" activeThreads="2">
  <mem-info id="280" free="4568152" total="10223616" percent="44">
    <mem type="nursery" free="2689024" total="3932160" percent="68">
      <mem type="allocate" free="2689024" total="2818048" percent="95" />
      <mem type="survivor" free="0" total="1114112" percent="0" />
    </mem>
    <mem type="tenure" free="1879128" total="6291456" percent="29">
      <mem type="soa" free="1563736" total="5976064" percent="26" />
      <mem type="loa" free="315392" total="315392" percent="100" />
    </mem>
    <remembered-set count="152" />
  </mem-info>
</gc-end>
<cycle-end id="281" type="scavenge" contextid="275" timestamp="2025-12-15T03:34:16.435" />
<allocation-satisfied id="282" threadId="0000000000025A00" bytesRequested="1128" />
<af-end id="283" timestamp="2025-12-15T03:34:16.436" threadId="0000000000026478" success="true" from="nursery"/>
<exclusive-end id="284" timestamp="2025-12-15T03:34:16.437" durationms="8.685" />

<exclusive-start id="285" timestamp="2025-12-15T03:34:16.536" intervalms="107.918">
  <response-info timems="0.059" idlems="0.059" threads="0" lastid="0000000000025A00" lastname="main" />
</exclusive-start>
<af-start id="286" threadId="0000000000026478" totalBytesRequested="41272" timestamp="2025-12-15T03:34:16.537" intervalms="107.832" type="nursery" />
<cycle-start id="287" type="scavenge" contextid="0" timestamp="2025-12-15T03:34:16.537" intervalms="107.747" />
<gc-start id="288" type="scavenge" contextid="287" timestamp="2025-12-15T03:34:16.538">
  <mem-info id="289" free="1879064" total="10223616" percent="18">
    <mem type="nursery" free="0" total="3932160" percent="0">
      <mem type="allocate" free="0" total="2818048" percent="0" />
      <mem type="survivor" free="0" total="1114112" percent="0" />
    </mem>
    <mem type="tenure" free="1879064" total="6291456" percent="29">
      <mem type="soa" free="1563672" total="5976064" percent="26" />
      <mem type="loa" free="315392" total="315392" percent="100" />
    </mem>
    <remembered-set count="209" />
  </mem-info>
</gc-start>
<allocation-stats totalBytes="2612736" discardedBytes="76352" >
  <allocated-bytes non-tlh="487256" tlh="2125480" />
  <largest-consumer threadName="main" threadId="0000000000025A00" bytes="2612736" />
</allocation-stats>
<gc-op id="290" type="scavenge" timems="1.365" contextid="287" timestamp="2025-12-15T03:34:16.541">
  <scavenger-info tenureage="5" tenuremask="7fa0" tiltratio="71" />
  <memory-copied type="nursery" objects="2678" bytes="93784" bytesdiscarded="14496" />
  <memory-copied type="tenure" objects="371" bytes="12528" bytesdiscarded="0" />
  <references type="phantom" candidates="2" cleared="0" enqueued="0" />
  <object-monitors candidates="5" cleared="0"  />
</gc-op>
<gc-end id="291" type="scavenge" contextid="287" durationms="3.587" usertimems="1.616" systemtimems="0.837" stalltimems="0.708" timestamp="2025-12-15T03:34:16.542" activeThreads="2">
  <mem-info id="292" free="4785432" total="10223616" percent="46">
    <mem type="nursery" free="2906368" total="3932160" percent="73">
      <mem type="allocate" free="2906368" total="3014656" percent="96" />
      <mem type="survivor" free="0" total="917504" percent="0" />
    </mem>
    <mem type="tenure" free="1879064" total="6291456" percent="29">
      <mem type="soa" free="1563672" total="5976064" percent="26" />
      <mem type="loa" free="315392" total="315392" percent="100" />
    </mem>
    <remembered-set count="174" />
  </mem-info>
</gc-end>
<cycle-end id="293" type="scavenge" contextid="287" timestamp="2025-12-15T03:34:16.542" />
<allocation-satisfied id="294" threadId="0000000000025A00" bytesRequested="41272" />
<af-end id="295" timestamp="2025-12-15T03:34:16.544" threadId="0000000000026478" success="true" from="nursery"/>
<exclusive-end id="296" timestamp="2025-12-15T03:34:16.544" durationms="8.599" />

<exclusive-start id="297" timestamp="2025-12-15T03:34:16.631" intervalms="94.899">
  <response-info timems="0.060" idlems="0.060" threads="0" lastid="0000000000025A00" lastname="main" />
</exclusive-start>
<af-start id="298" threadId="0000000000026478" totalBytesRequested="4064" timestamp="2025-12-15T03:34:16.631" intervalms="94.805" type="nursery" />
<cycle-start id="299" type="scavenge" contextid="0" timestamp="2025-12-15T03:34:16.632" intervalms="94.956" />
<gc-start id="300" type="scavenge" contextid="299" timestamp="2025-12-15T03:34:16.633">
  <mem-info id="301" free="1878968" total="10223616" percent="18">
    <mem type="nursery" free="0" total="3932160" percent="0">
      <mem type="allocate" free="0" total="3014656" percent="0" />
      <mem type="survivor" free="0" total="917504" percent="0" />
    </mem>
    <mem type="tenure" free="1878968" total="6291456" percent="29">
      <mem type="soa" free="1563576" total="5976064" percent="26" />
      <mem type="loa" free="315392" total="315392" percent="100" />
    </mem>
    <remembered-set count="219" />
  </mem-info>
</gc-start>
<allocation-stats totalBytes="2855680" discardedBytes="50784" >
  <allocated-bytes non-tlh="1098992" tlh="1756688" />
  <largest-consumer threadName="main" threadId="0000000000025A00" bytes="2855680" />
</allocation-stats>
<gc-op id="302" type="scavenge" timems="1.219" contextid="299" timestamp="2025-12-15T03:34:16.636">
  <scavenger-info tenureage="8" tenuremask="7f00" tiltratio="76" />
  <memory-copied type="nursery" objects="3001" bytes="109992" bytesdiscarded="12880" />
  <references type="phantom" candidates="3" cleared="0" enqueued="0" />
  <object-monitors candidates="5" cleared="0"  />
</gc-op>
<gc-end id="303" type="scavenge" contextid="299" durationms="3.610" usertimems="1.178" systemtimems="0.611" stalltimems="0.728" timestamp="2025-12-15T03:34:16.637" activeThreads="2">
  <mem-info id="304" free="4901816" total="10223616" percent="47">
    <mem type="nursery" free="3022848" total="3932160" percent="76">
      <mem type="allocate" free="3022848" total="3145728" percent="96" />
      <mem type="survivor" free="0" total="786432" percent="0" />
    </mem>
    <mem type="tenure" free="1878968" total="6291456" percent="29">
      <mem type="soa" free="1563576" total="5976064" percent="26" />
      <mem type="loa" free="315392" total="315392" percent="100" />
    </mem>
    <remembered-set count="177" />
  </mem-info>
</gc-end>
<cycle-end id="305" type="scavenge" contextid="299" timestamp="2025-12-15T03:34:16.638" />
<allocation-satisfied id="306" threadId="0000000000025A00" bytesRequested="4064" />
<af-end id="307" timestamp="2025-12-15T03:34:16.639" threadId="0000000000026478" success="true" from="nursery"/>
<exclusive-end id="308" timestamp="2025-12-15T03:34:16.640" durationms="8.898" />

<exclusive-start id="309" timestamp="2025-12-15T03:34:16.761" intervalms="130.556">
  <response-info timems="0.095" idlems="0.095" threads="0" lastid="0000000000025A00" lastname="main" />
</exclusive-start>
<af-start id="310" threadId="0000000000026478" totalBytesRequested="8200" timestamp="2025-12-15T03:34:16.762" intervalms="130.617" type="nursery" />
<cycle-start id="311" type="scavenge" contextid="0" timestamp="2025-12-15T03:34:16.763" intervalms="130.618" />
<gc-start id="312" type="scavenge" contextid="311" timestamp="2025-12-15T03:34:16.764">
  <mem-info id="313" free="1878864" total="10223616" percent="18">
    <mem type="nursery" free="0" total="3932160" percent="0">
      <mem type="allocate" free="0" total="3145728" percent="0" />
      <mem type="survivor" free="0" total="786432" percent="0" />
    </mem>
    <mem type="tenure" free="1878864" total="6291456" percent="29">
      <mem type="soa" free="1563472" total="5976064" percent="26" />
      <mem type="loa" free="315392" total="315392" percent="100" />
    </mem>
    <remembered-set count="241" />
  </mem-info>
</gc-start>
<allocation-stats totalBytes="2881112" discardedBytes="141840" >
  <allocated-bytes non-tlh="513128" tlh="2367984" />
  <largest-consumer threadName="main" threadId="0000000000025A00" bytes="2881112" />
</allocation-stats>
<gc-op id="314" type="scavenge" timems="1.082" contextid="311" timestamp="2025-12-15T03:34:16.766">
  <scavenger-info tenureage="4" tenuremask="7f70" tiltratio="80" />
  <memory-copied type="nursery" objects="1699" bytes="68272" bytesdiscarded="23104" />
  <memory-copied type="tenure" objects="1831" bytes="61408" bytesdiscarded="80" />
  <references type="phantom" candidates="3" cleared="0" enqueued="0" />
  <object-monitors candidates="5" cleared="0"  />
</gc-op>
<gc-end id="315" type="scavenge" contextid="311" durationms="3.133" usertimems="1.939" systemtimems="0.000" stalltimems="0.381" timestamp="2025-12-15T03:34:16.767" activeThreads="2">
  <mem-info id="316" free="4969040" total="10223616" percent="48">
    <mem type="nursery" free="3185408" total="3932160" percent="81">
      <mem type="allocate" free="3185408" total="3276800" percent="97" />
      <mem type="survivor" free="0" total="655360" percent="0" />
    </mem>
    <mem type="tenure" free="1783632" total="6291456" percent="28">
      <mem type="soa" free="1468240" total="5976064" percent="24" />
      <mem type="loa" free="315392" total="315392" percent="100" />
    </mem>
    <remembered-set count="199" />
  </mem-info>
</gc-end>
<cycle-end id="317" type="scavenge" contextid="311" timestamp="2025-12-15T03:34:16.767" />
<allocation-satisfied id="318" threadId="0000000000025A00" bytesRequested="8200" />
<af-end id="319" timestamp="2025-12-15T03:34:16.769" threadId="0000000000026478" success="true" from="nursery"/>
<exclusive-end id="320" timestamp="2025-12-15T03:34:16.770" durationms="8.316" />

<exclusive-start id="321" timestamp="2025-12-15T03:34:16.898" intervalms="136.971">
  <response-info timems="0.054" idlems="0.054" threads="0" lastid="0000000000025A00" lastname="main" />
</exclusive-start>
<af-start id="322" threadId="0000000000026478" totalBytesRequested="7488" timestamp="2025-12-15T03:34:16.899" intervalms="136.944" type="nursery" />
<cycle-start id="323" type="scavenge" contextid="0" timestamp="2025-12-15T03:34:16.900" intervalms="136.912" />
<gc-start id="324" type="scavenge" contextid="323" timestamp="2025-12-15T03:34:16.900">
  <mem-info id="325" free="1783480" total="10223616" percent="17">
    <mem type="nursery" free="0" total="3932160" percent="0">
      <mem type="allocate" free="0" total="3276800" percent="0" />
      <mem type="survivor" free="0" total="655360" percent="0" />
    </mem>
    <mem type="tenure" free="1783480" total="6291456" percent="28">
      <mem type="soa" free="1468088" total="5976064" percent="24" />
      <mem type="loa" free="315392" total="315392" percent="100" />
    </mem>
    <remembered-set count="288" />
  </mem-info>
</gc-start>
<allocation-stats totalBytes="3116584" discardedBytes="68976" >
  <allocated-bytes non-tlh="511656" tlh="2604928" />
  <largest-consumer threadName="main" threadId="0000000000025A00" bytes="3116584" />
</allocation-stats>
<gc-op id="326" type="scavenge" timems="1.263" contextid="323" timestamp="2025-12-15T03:34:16.903">
  <scavenger-info tenureage="3" tenuremask="7c18" tiltratio="83" />
  <memory-copied type="nursery" objects="1488" bytes="64200" bytesdiscarded="37168" />
  <memory-copied type="tenure" objects="782" bytes="26360" bytesdiscarded="16" />
  <references type="phantom" candidates="3" cleared="0" enqueued="0" />
  <object-monitors candidates="5" cleared="0"  />
</gc-op>
<gc-end id="327" type="scavenge" contextid="323" durationms="3.312" usertimems="1.788" systemtimems="0.924" stalltimems="0.390" timestamp="2025-12-15T03:34:16.904" activeThreads="2">
  <mem-info id="328" free="4997560" total="10223616" percent="48">
    <mem type="nursery" free="3240960" total="3932160" percent="82">
      <mem type="allocate" free="3240960" total="3342336" percent="96" />
      <mem type="survivor" free="0" total="589824" percent="0" />
    </mem>
    <mem type="tenure" free="1756600" total="6291456" percent="27">
      <mem type="soa" free="1441208" total="5976064" percent="24" />
      <mem type="loa" free="315392" total="315392" percent="100" />
    </mem>
    <remembered-set count="213" />
  </mem-info>
</gc-end>
<cycle-end id="329" type="scavenge" contextid="323" timestamp="2025-12-15T03:34:16.904" />
<allocation-satisfied id="330" threadId="0000000000025A00" bytesRequested="7488" />
<af-end id="331" timestamp="2025-12-15T03:34:16.906" threadId="0000000000026478" success="true" from="nursery"/>
<exclusive-end id="332" timestamp="2025-12-15T03:34:16.906" durationms="8.190" />

<exclusive-start id="333" timestamp="2025-12-15T03:34:17.007" intervalms="108.767">
  <response-info timems="0.052" idlems="0.052" threads="0" lastid="0000000000025A00" lastname="main" />
</exclusive-start>
<af-start id="334" threadId="0000000000026478" totalBytesRequested="2104" timestamp="2025-12-15T03:34:17.008" intervalms="108.776" type="nursery" />
<cycle-start id="335" type="scavenge" contextid="0" timestamp="2025-12-15T03:34:17.009" intervalms="109.163" />
<gc-start id="336" type="scavenge" contextid="335" timestamp="2025-12-15T03:34:17.010">
  <mem-info id="337" free="1756600" total="10223616" percent="17">
    <mem type="nursery" free="0" total="3932160" percent="0">
      <mem type="allocate" free="0" total="3342336" percent="0" />
      <mem type="survivor" free="0" total="589824" percent="0" />
    </mem>
    <mem type="tenure" free="1756600" total="6291456" percent="27">
      <mem type="soa" free="1441208" total="5976064" percent="24" />
      <mem type="loa" free="315392" total="315392" percent="100" />
    </mem>
    <remembered-set count="293" />
  </mem-info>
</gc-start>
<allocation-stats totalBytes="3185288" discardedBytes="55672" >
  <allocated-bytes non-tlh="908408" tlh="2276880" />
  <largest-consumer threadName="main" threadId="0000000000025A00" bytes="3185288" />
</allocation-stats>
<gc-op id="338" type="scavenge" timems="0.819" contextid="335" timestamp="2025-12-15T03:34:17.012">
  <scavenger-info tenureage="3" tenuremask="ffc8" tiltratio="85" />
  <memory-copied type="nursery" objects="1717" bytes="65392" bytesdiscarded="32136" />
  <memory-copied type="tenure" objects="308" bytes="10352" bytesdiscarded="0" />
  <references type="phantom" candidates="2" cleared="0" enqueued="0" />
  <object-monitors candidates="5" cleared="0"  />
</gc-op>
<gc-end id="339" type="scavenge" contextid="335" durationms="3.263" usertimems="1.705" systemtimems="0.281" stalltimems="0.157" timestamp="2025-12-15T03:34:17.013" activeThreads="2">
  <mem-info id="340" free="5105592" total="10223616" percent="49">
    <mem type="nursery" free="3375872" total="3932160" percent="85">
      <mem type="allocate" free="3375872" total="3473408" percent="97" />
      <mem type="survivor" free="0" total="458752" percent="0" />
    </mem>
    <mem type="tenure" free="1729720" total="6291456" percent="27">
      <mem type="soa" free="1414328" total="5976064" percent="23" />
      <mem type="loa" free="315392" total="315392" percent="100" />
    </mem>
    <remembered-set count="211" />
  </mem-info>
</gc-end>
<cycle-end id="341" type="scavenge" contextid="335" timestamp="2025-12-15T03:34:17.014" />
<allocation-satisfied id="342" threadId="0000000000025A00" bytesRequested="2104" />
<af-end id="343" timestamp="2025-12-15T03:34:17.015" threadId="0000000000026478" success="true" from="nursery"/>
<exclusive-end id="344" timestamp="2025-12-15T03:34:17.016" durationms="8.747" />

<exclusive-start id="345" timestamp="2025-12-15T03:34:17.141" intervalms="133.635">
  <response-info timems="0.053" idlems="0.053" threads="0" lastid="0000000000025A00" lastname="main" />
</exclusive-start>
<af-start id="346" threadId="0000000000026478" totalBytesRequested="2704" timestamp="2025-12-15T03:34:17.141" intervalms="133.667" type="nursery" />
<cycle-start id="347" type="scavenge" contextid="0" timestamp="2025-12-15T03:34:17.142" intervalms="133.424" />
<gc-start id="348" type="scavenge" contextid="347" timestamp="2025-12-15T03:34:17.143">
  <mem-info id="349" free="1729720" total="10223616" percent="16">
    <mem type="nursery" free="0" total="3932160" percent="0">
      <mem type="allocate" free="0" total="3473408" percent="0" />
      <mem type="survivor" free="0" total="458752" percent="0" />
    </mem>
    <mem type="tenure" free="1729720" total="6291456" percent="27">
      <mem type="soa" free="1414328" total="5976064" percent="23" />
      <mem type="loa" free="315392" total="315392" percent="100" />
    </mem>
    <remembered-set count="298" />
  </mem-info>
</gc-start>
<allocation-stats totalBytes="3300480" discardedBytes="75392" >
  <allocated-bytes non-tlh="744800" tlh="2555680" />
  <largest-consumer threadName="main" threadId="0000000000025A00" bytes="3300480" />
</allocation-stats>
<gc-op id="350" type="scavenge" timems="1.040" contextid="347" timestamp="2025-12-15T03:34:17.146">
  <scavenger-info tenureage="3" tenuremask="ffe8" tiltratio="88" />
  <memory-copied type="nursery" objects="1774" bytes="68200" bytesdiscarded="35472" />
  <memory-copied type="tenure" objects="556" bytes="26304" bytesdiscarded="0" />
  <references type="phantom" candidates="3" cleared="0" enqueued="0" />
  <object-monitors candidates="5" cleared="0"  />
</gc-op>
<gc-end id="351" type="scavenge" contextid="347" durationms="3.376" usertimems="2.102" systemtimems="0.000" stalltimems="0.389" timestamp="2025-12-15T03:34:17.147" activeThreads="2">
  <mem-info id="352" free="5144248" total="10223616" percent="50">
    <mem type="nursery" free="3435264" total="3932160" percent="87">
      <mem type="allocate" free="3435264" total="3538944" percent="97" />
      <mem type="survivor" free="0" total="393216" percent="0" />
    </mem>
    <mem type="tenure" free="1708984" total="6291456" percent="27">
      <mem type="soa" free="1393592" total="5976064" percent="23" />
      <mem type="loa" free="315392" total="315392" percent="100" />
    </mem>
    <remembered-set count="232" />
  </mem-info>
</gc-end>
<cycle-end id="353" type="scavenge" contextid="347" timestamp="2025-12-15T03:34:17.147" />
<allocation-satisfied id="354" threadId="0000000000025A00" bytesRequested="2704" />
<af-end id="355" timestamp="2025-12-15T03:34:17.148" threadId="0000000000026478" success="true" from="nursery"/>
<exclusive-end id="356" timestamp="2025-12-15T03:34:17.149" durationms="8.519" />

<exclusive-start id="357" timestamp="2025-12-15T03:34:17.275" intervalms="134.133">
  <response-info timems="0.059" idlems="0.059" threads="0" lastid="0000000000025A00" lastname="main" />
</exclusive-start>
<af-start id="358" threadId="0000000000026478" totalBytesRequested="1128" timestamp="2025-12-15T03:34:17.276" intervalms="134.392" type="nursery" />
<cycle-start id="359" type="scavenge" contextid="0" timestamp="2025-12-15T03:34:17.277" intervalms="134.322" />
<gc-start id="360" type="scavenge" contextid="359" timestamp="2025-12-15T03:34:17.278">
  <mem-info id="361" free="1708944" total="10223616" percent="16">
    <mem type="nursery" free="0" total="3932160" percent="0">
      <mem type="allocate" free="0" total="3538944" percent="0" />
      <mem type="survivor" free="0" total="393216" percent="0" />
    </mem>
    <mem type="tenure" free="1708944" total="6291456" percent="27">
      <mem type="soa" free="1393552" total="5976064" percent="23" />
      <mem type="loa" free="315392" total="315392" percent="100" />
    </mem>
    <remembered-set count="336" />
  </mem-info>
</gc-start>
<allocation-stats totalBytes="3402272" discardedBytes="33032" >
  <allocated-bytes non-tlh="546080" tlh="2856192" />
  <largest-consumer threadName="main" threadId="0000000000025A00" bytes="3402272" />
</allocation-stats>
<gc-op id="362" type="scavenge" timems="1.003" contextid="359" timestamp="2025-12-15T03:34:17.280">
  <scavenger-info tenureage="3" tenuremask="ffe8" tiltratio="90" />
  <memory-copied type="nursery" objects="1848" bytes="65200" bytesdiscarded="23880" />
  <memory-copied type="tenure" objects="590" bytes="19688" bytesdiscarded="8" />
  <references type="weak" candidates="1" cleared="0" enqueued="0" />
  <references type="phantom" candidates="4" cleared="0" enqueued="0" />
  <object-monitors candidates="5" cleared="0"  />
</gc-op>
<gc-end id="363" type="scavenge" contextid="359" durationms="3.285" usertimems="1.185" systemtimems="0.606" stalltimems="0.421" timestamp="2025-12-15T03:34:17.281" activeThreads="2">
  <mem-info id="364" free="5105040" total="10223616" percent="49">
    <mem type="nursery" free="3449856" total="3932160" percent="87">
      <mem type="allocate" free="3449856" total="3538944" percent="97" />
      <mem type="survivor" free="0" total="393216" percent="0" />
    </mem>
    <mem type="tenure" free="1655184" total="6291456" percent="26">
      <mem type="soa" free="1339792" total="5976064" percent="22" />
      <mem type="loa" free="315392" total="315392" percent="100" />
    </mem>
    <remembered-set count="242" />
  </mem-info>
</gc-end>
<cycle-end id="365" type="scavenge" contextid="359" timestamp="2025-12-15T03:34:17.282" />
<allocation-satisfied id="366" threadId="0000000000025A00" bytesRequested="1128" />
<af-end id="367" timestamp="2025-12-15T03:34:17.283" threadId="0000000000026478" success="true" from="nursery"/>
<exclusive-end id="368" timestamp="2025-12-15T03:34:17.284" durationms="9.267" />

<exclusive-start id="369" timestamp="2025-12-15T03:34:17.428" intervalms="152.892">
  <response-info timems="0.053" idlems="0.053" threads="0" lastid="0000000000025A00" lastname="main" />
</exclusive-start>
<af-start id="370" threadId="0000000000026478" totalBytesRequested="8200" timestamp="2025-12-15T03:34:17.428" intervalms="152.716" type="nursery" />
<cycle-start id="371" type="scavenge" contextid="0" timestamp="2025-12-15T03:34:17.429" intervalms="152.679" />
<gc-start id="372" type="scavenge" contextid="371" timestamp="2025-12-15T03:34:17.430">
  <mem-info id="373" free="1655184" total="10223616" percent="16">
    <mem type="nursery" free="0" total="3932160" percent="0">
      <mem type="allocate" free="0" total="3538944" percent="0" />
      <mem type="survivor" free="0" total="393216" percent="0" />
    </mem>
    <mem type="tenure" free="1655184" total="6291456" percent="26">
      <mem type="soa" free="1339792" total="5976064" percent="22" />
      <mem type="loa" free="315392" total="315392" percent="100" />
    </mem>
    <remembered-set count="350" />
  </mem-info>
</gc-start>
<allocation-stats totalBytes="3406288" discardedBytes="43568" >
  <allocated-bytes non-tlh="439824" tlh="2966464" />
  <largest-consumer threadName="main" threadId="0000000000025A00" bytes="3406288" />
</allocation-stats>
<gc-op id="374" type="scavenge" timems="0.899" contextid="371" timestamp="2025-12-15T03:34:17.432">
  <scavenger-info tenureage="3" tenuremask="ffe8" tiltratio="90" />
  <memory-copied type="nursery" objects="1993" bytes="72416" bytesdiscarded="25104" />
  <memory-copied type="tenure" objects="550" bytes="18504" bytesdiscarded="0" />
  <references type="phantom" candidates="3" cleared="0" enqueued="0" />
  <object-monitors candidates="5" cleared="0"  />
</gc-op>
<gc-end id="375" type="scavenge" contextid="371" durationms="2.697" usertimems="1.015" systemtimems="0.520" stalltimems="0.361" timestamp="2025-12-15T03:34:17.433" activeThreads="2">
  <mem-info id="376" free="5096592" total="10223616" percent="49">
    <mem type="nursery" free="3441408" total="3932160" percent="87">
      <mem type="allocate" free="3441408" total="3538944" percent="97" />
      <mem type="survivor" free="0" total="393216" percent="0" />
    </mem>
    <mem type="tenure" free="1655184" total="6291456" percent="26">
      <mem type="soa" free="1339792" total="5976064" percent="22" />
      <mem type="loa" free="315392" total="315392" percent="100" />
    </mem>
    <remembered-set count="253" />
  </mem-info>
</gc-end>
<cycle-end id="377" type="scavenge" contextid="371" timestamp="2025-12-15T03:34:17.433" />
<allocation-satisfied id="378" threadId="0000000000025A00" bytesRequested="8200" />
<af-end id="379" timestamp="2025-12-15T03:34:17.435" threadId="0000000000026478" success="true" from="nursery"/>
<exclusive-end id="380" timestamp="2025-12-15T03:34:17.436" durationms="7.956" />

<exclusive-start id="381" timestamp="2025-12-15T03:34:17.595" intervalms="166.933">
  <response-info timems="0.055" idlems="0.055" threads="0" lastid="0000000000025A00" lastname="main" />
</exclusive-start>
<af-start id="382" threadId="0000000000026478" totalBytesRequested="54016" timestamp="2025-12-15T03:34:17.595" intervalms="166.840" type="nursery" />
<cycle-start id="383" type="scavenge" contextid="0" timestamp="2025-12-15T03:34:17.596" intervalms="166.813" />
<gc-start id="384" type="scavenge" contextid="383" timestamp="2025-12-15T03:34:17.597">
  <mem-info id="385" free="1655184" total="10223616" percent="16">
    <mem type="nursery" free="0" total="3932160" percent="0">
      <mem type="allocate" free="0" total="3538944" percent="0" />
      <mem type="survivor" free="0" total="393216" percent="0" />
    </mem>
    <mem type="tenure" free="1655184" total="6291456" percent="26">
      <mem type="soa" free="1339792" total="5976064" percent="22" />
      <mem type="loa" free="315392" total="315392" percent="100" />
    </mem>
    <remembered-set count="461" />
  </mem-info>
</gc-start>
<allocation-stats totalBytes="3390160" discardedBytes="51248" >
  <allocated-bytes non-tlh="132056" tlh="3258104" />
  <largest-consumer threadName="main" threadId="0000000000025A00" bytes="3390160" />
</allocation-stats>
<gc-op id="386" type="scavenge" timems="1.203" contextid="383" timestamp="2025-12-15T03:34:17.599">
  <scavenger-info tenureage="3" tenuremask="ffe8" tiltratio="90" />
  <memory-copied type="nursery" objects="2253" bytes="91208" bytesdiscarded="36792" />
  <memory-copied type="tenure" objects="597" bytes="20144" bytesdiscarded="0" />
  <references type="phantom" candidates="2" cleared="0" enqueued="0" />
  <object-monitors candidates="5" cleared="0"  />
</gc-op>
<gc-end id="387" type="scavenge" contextid="383" durationms="3.182" usertimems="1.658" systemtimems="0.875" stalltimems="0.543" timestamp="2025-12-15T03:34:17.600" activeThreads="2">
  <mem-info id="388" free="4987784" total="10223616" percent="48">
    <mem type="nursery" free="3410936" total="3932160" percent="86">
      <mem type="allocate" free="3410936" total="3538944" percent="96" />
      <mem type="survivor" free="0" total="393216" percent="0" />
    </mem>
    <mem type="tenure" free="1576848" total="6291456" percent="25">
      <mem type="soa" free="1261456" total="5976064" percent="21" />
      <mem type="loa" free="315392" total="315392" percent="100" />
    </mem>
    <remembered-set count="244" />
  </mem-info>
</gc-end>
<cycle-end id="389" type="scavenge" contextid="383" timestamp="2025-12-15T03:34:17.601" />
<allocation-satisfied id="390" threadId="0000000000025A00" bytesRequested="54016" />
<af-end id="391" timestamp="2025-12-15T03:34:17.602" threadId="0000000000026478" success="true" from="nursery"/>
<exclusive-end id="392" timestamp="2025-12-15T03:34:17.603" durationms="8.342" />

<exclusive-start id="393" timestamp="2025-12-15T03:34:17.735" intervalms="140.494">
  <response-info timems="0.056" idlems="0.056" threads="0" lastid="0000000000025A00" lastname="main" />
</exclusive-start>
<af-start id="394" threadId="0000000000026478" totalBytesRequested="78272" timestamp="2025-12-15T03:34:17.736" intervalms="140.677" type="nursery" />
<cycle-start id="395" type="scavenge" contextid="0" timestamp="2025-12-15T03:34:17.737" intervalms="140.665" />
<gc-start id="396" type="scavenge" contextid="395" timestamp="2025-12-15T03:34:17.738">
  <mem-info id="397" free="1576752" total="10223616" percent="15">
    <mem type="nursery" free="0" total="3932160" percent="0">
      <mem type="allocate" free="0" total="3538944" percent="0" />
      <mem type="survivor" free="0" total="393216" percent="0" />
    </mem>
    <mem type="tenure" free="1576752" total="6291456" percent="25">
      <mem type="soa" free="1261360" total="5976064" percent="21" />
      <mem type="loa" free="315392" total="315392" percent="100" />
    </mem>
    <remembered-set count="333" />
  </mem-info>
</gc-start>
<allocation-stats totalBytes="3278640" discardedBytes="132392" >
  <allocated-bytes non-tlh="847016" tlh="2431624" />
  <largest-consumer threadName="main" threadId="0000000000025A00" bytes="3278640" />
</allocation-stats>
<gc-op id="398" type="scavenge" timems="0.942" contextid="395" timestamp="2025-12-15T03:34:17.740">
  <scavenger-info tenureage="3" tenuremask="ffe8" tiltratio="90" />
  <memory-copied type="nursery" objects="2157" bytes="88040" bytesdiscarded="23832" />
  <memory-copied type="tenure" objects="656" bytes="22048" bytesdiscarded="0" />
  <references type="phantom" candidates="2" cleared="0" enqueued="0" />
  <object-monitors candidates="5" cleared="0"  />
</gc-op>
<gc-end id="399" type="scavenge" contextid="395" durationms="3.126" usertimems="1.070" systemtimems="0.568" stalltimems="0.391" timestamp="2025-12-15T03:34:17.741" activeThreads="2">
  <mem-info id="400" free="5003816" total="10223616" percent="48">
    <mem type="nursery" free="3427064" total="3932160" percent="87">
      <mem type="allocate" free="3427064" total="3538944" percent="96" />
      <mem type="survivor" free="0" total="393216" percent="0" />
    </mem>
    <mem type="tenure" free="1576752" total="6291456" percent="25">
      <mem type="soa" free="1261360" total="5976064" percent="21" />
      <mem type="loa" free="315392" total="315392" percent="100" />
    </mem>
    <remembered-set count="244" />
  </mem-info>
</gc-end>
<cycle-end id="401" type="scavenge" contextid="395" timestamp="2025-12-15T03:34:17.742" />
<allocation-satisfied id="402" threadId="0000000000025A00" bytesRequested="78272" />
<af-end id="403" timestamp="2025-12-15T03:34:17.743" threadId="0000000000026478" success="true" from="nursery"/>
<exclusive-end id="404" timestamp="2025-12-15T03:34:17.744" durationms="8.869" />

<exclusive-start id="405" timestamp="2025-12-15T03:34:17.896" intervalms="160.890">
  <response-info timems="0.057" idlems="0.057" threads="0" lastid="0000000000025A00" lastname="main" />
</exclusive-start>
<af-start id="406" threadId="0000000000026478" totalBytesRequested="8200" timestamp="2025-12-15T03:34:17.897" intervalms="160.927" type="nursery" />
<cycle-start id="407" type="scavenge" contextid="0" timestamp="2025-12-15T03:34:17.898" intervalms="161.237" />
<gc-start id="408" type="scavenge" contextid="407" timestamp="2025-12-15T03:34:17.899">
  <mem-info id="409" free="1576752" total="10223616" percent="15">
    <mem type="nursery" free="0" total="3932160" percent="0">
      <mem type="allocate" free="0" total="3538944" percent="0" />
      <mem type="survivor" free="0" total="393216" percent="0" />
    </mem>
    <mem type="tenure" free="1576752" total="6291456" percent="25">
      <mem type="soa" free="1261360" total="5976064" percent="21" />
      <mem type="loa" free="315392" total="315392" percent="100" />
    </mem>
    <remembered-set count="332" />
  </mem-info>
</gc-start>
<allocation-stats totalBytes="3362928" discardedBytes="64136" >
  <allocated-bytes non-tlh="268176" tlh="3094752" />
  <largest-consumer threadName="main" threadId="0000000000025A00" bytes="3362928" />
</allocation-stats>
<gc-op id="410" type="scavenge" timems="1.560" contextid="407" timestamp="2025-12-15T03:34:17.902">
  <scavenger-info tenureage="3" tenuremask="ffe8" tiltratio="90" />
  <memory-copied type="nursery" objects="2092" bytes="95088" bytesdiscarded="16776" />
  <memory-copied type="tenure" objects="677" bytes="22832" bytesdiscarded="0" />
  <references type="phantom" candidates="3" cleared="0" enqueued="0" />
  <object-monitors candidates="5" cleared="0"  />
</gc-op>
<gc-end id="411" type="scavenge" contextid="407" durationms="4.319" usertimems="2.288" systemtimems="0.000" stalltimems="1.141" timestamp="2025-12-15T03:34:17.903" activeThreads="2">
  <mem-info id="412" free="4976936" total="10223616" percent="48">
    <mem type="nursery" free="3427064" total="3932160" percent="87">
      <mem type="allocate" free="3427064" total="3538944" percent="96" />
      <mem type="survivor" free="0" total="393216" percent="0" />
    </mem>
    <mem type="tenure" free="1549872" total="6291456" percent="24">
      <mem type="soa" free="1234480" total="5976064" percent="20" />
      <mem type="loa" free="315392" total="315392" percent="100" />
    </mem>
    <remembered-set count="245" />
  </mem-info>
</gc-end>
<cycle-end id="413" type="scavenge" contextid="407" timestamp="2025-12-15T03:34:17.904" />
<allocation-satisfied id="414" threadId="0000000000025A00" bytesRequested="8200" />
<af-end id="415" timestamp="2025-12-15T03:34:17.906" threadId="0000000000026478" success="true" from="nursery"/>
<exclusive-end id="416" timestamp="2025-12-15T03:34:17.907" durationms="10.957" />

<exclusive-start id="417" timestamp="2025-12-15T03:34:18.033" intervalms="136.832">
  <response-info timems="0.058" idlems="0.058" threads="0" lastid="0000000000025A00" lastname="main" />
</exclusive-start>
<af-start id="418" threadId="0000000000026478" totalBytesRequested="62192" timestamp="2025-12-15T03:34:18.034" intervalms="136.774" type="nursery" />
<cycle-start id="419" type="scavenge" contextid="0" timestamp="2025-12-15T03:34:18.035" intervalms="136.589" />
<gc-start id="420" type="scavenge" contextid="419" timestamp="2025-12-15T03:34:18.036">
  <mem-info id="421" free="1549872" total="10223616" percent="15">
    <mem type="nursery" free="0" total="3932160" percent="0">
      <mem type="allocate" free="0" total="3538944" percent="0" />
      <mem type="survivor" free="0" total="393216" percent="0" />
    </mem>
    <mem type="tenure" free="1549872" total="6291456" percent="24">
      <mem type="soa" free="1234480" total="5976064" percent="20" />
      <mem type="loa" free="315392" total="315392" percent="100" />
    </mem>
    <remembered-set count="341" />
  </mem-info>
</gc-start>
<allocation-stats totalBytes="3280256" discardedBytes="146808" >
  <allocated-bytes non-tlh="565192" tlh="2715064" />
  <largest-consumer threadName="main" threadId="0000000000025A00" bytes="3280256" />
</allocation-stats>
<gc-op id="422" type="scavenge" timems="0.944" contextid="419" timestamp="2025-12-15T03:34:18.038">
  <scavenger-info tenureage="3" tenuremask="ffe8" tiltratio="90" />
  <memory-copied type="nursery" objects="1767" bytes="59432" bytesdiscarded="41936" />
  <memory-copied type="tenure" objects="899" bytes="45432" bytesdiscarded="16" />
  <references type="phantom" candidates="2" cleared="0" enqueued="0" />
  <object-monitors candidates="5" cleared="0"  />
</gc-op>
<gc-end id="423" type="scavenge" contextid="419" durationms="3.802" usertimems="1.228" systemtimems="0.664" stalltimems="0.390" timestamp="2025-12-15T03:34:18.039" activeThreads="2">
  <mem-info id="424" free="4938016" total="10223616" percent="48">
    <mem type="nursery" free="3437568" total="3932160" percent="87">
      <mem type="allocate" free="3437568" total="3538944" percent="97" />
      <mem type="survivor" free="0" total="393216" percent="0" />
    </mem>
    <mem type="tenure" free="1500448" total="6291456" percent="23">
      <mem type="soa" free="1185056" total="5976064" percent="19" />
      <mem type="loa" free="315392" total="315392" percent="100" />
    </mem>
    <remembered-set count="237" />
  </mem-info>
</gc-end>
<cycle-end id="425" type="scavenge" contextid="419" timestamp="2025-12-15T03:34:18.040" />
<allocation-satisfied id="426" threadId="0000000000025A00" bytesRequested="62192" />
<af-end id="427" timestamp="2025-12-15T03:34:18.042" threadId="0000000000026478" success="true" from="nursery"/>
<exclusive-end id="428" timestamp="2025-12-15T03:34:18.043" durationms="10.123" />

<exclusive-start id="429" timestamp="2025-12-15T03:34:18.184" intervalms="151.389">
  <response-info timems="0.049" idlems="0.049" threads="0" lastid="0000000000025A00" lastname="main" />
</exclusive-start>
<af-start id="430" threadId="0000000000026478" totalBytesRequested="1472" timestamp="2025-12-15T03:34:18.185" intervalms="151.380" type="nursery" />
<cycle-start id="431" type="scavenge" contextid="0" timestamp="2025-12-15T03:34:18.186" intervalms="151.267" />
<gc-start id="432" type="scavenge" contextid="431" timestamp="2025-12-15T03:34:18.187">
  <mem-info id="433" free="1500352" total="10223616" percent="14">
    <mem type="nursery" free="0" total="3932160" percent="0">
      <mem type="allocate" free="0" total="3538944" percent="0" />
      <mem type="survivor" free="0" total="393216" percent="0" />
    </mem>
    <mem type="tenure" free="1500352" total="6291456" percent="23">
      <mem type="soa" free="1184960" total="5976064" percent="19" />
      <mem type="loa" free="315392" total="315392" percent="100" />
    </mem>
    <remembered-set count="349" />
  </mem-info>
</gc-start>
<allocation-stats totalBytes="3424800" discardedBytes="12864" >
  <allocated-bytes non-tlh="214848" tlh="3209952" />
  <largest-consumer threadName="main" threadId="0000000000025A00" bytes="3424800" />
</allocation-stats>
<gc-op id="434" type="scavenge" timems="0.919" contextid="431" timestamp="2025-12-15T03:34:18.189">
  <scavenger-info tenureage="3" tenuremask="ffe8" tiltratio="90" />
  <memory-copied type="nursery" objects="1877" bytes="75832" bytesdiscarded="31680" />
  <memory-copied type="tenure" objects="560" bytes="18880" bytesdiscarded="0" />
  <references type="phantom" candidates="2" cleared="0" enqueued="0" />
  <object-monitors candidates="5" cleared="0"  />
</gc-op>
<gc-end id="435" type="scavenge" contextid="431" durationms="3.566" usertimems="1.419" systemtimems="0.752" stalltimems="0.413" timestamp="2025-12-15T03:34:18.190" activeThreads="2">
  <mem-info id="436" free="4931776" total="10223616" percent="48">
    <mem type="nursery" free="3431424" total="3932160" percent="87">
      <mem type="allocate" free="3431424" total="3538944" percent="96" />
      <mem type="survivor" free="0" total="393216" percent="0" />
    </mem>
    <mem type="tenure" free="1500352" total="6291456" percent="23">
      <mem type="soa" free="1184960" total="5976064" percent="19" />
      <mem type="loa" free="315392" total="315392" percent="100" />
    </mem>
    <remembered-set count="248" />
  </mem-info>
</gc-end>
<cycle-end id="437" type="scavenge" contextid="431" timestamp="2025-12-15T03:34:18.192" />
<allocation-satisfied id="438" threadId="0000000000025A00" bytesRequested="1472" />
<af-end id="439" timestamp="2025-12-15T03:34:18.194" threadId="0000000000026478" success="true" from="nursery"/>
<exclusive-end id="440" timestamp="2025-12-15T03:34:18.194" durationms="10.135" />

<exclusive-start id="441" timestamp="2025-12-15T03:34:18.324" intervalms="139.410">
  <response-info timems="0.062" idlems="0.062" threads="0" lastid="0000000000025A00" lastname="main" />
</exclusive-start>
<af-start id="442" threadId="0000000000026478" totalBytesRequested="4104" timestamp="2025-12-15T03:34:18.324" intervalms="139.311" type="nursery" />
<cycle-start id="443" type="scavenge" contextid="0" timestamp="2025-12-15T03:34:18.326" intervalms="139.701" />
<gc-start id="444" type="scavenge" contextid="443" timestamp="2025-12-15T03:34:18.326">
  <mem-info id="445" free="1500352" total="10223616" percent="14">
    <mem type="nursery" free="0" total="3932160" percent="0">
      <mem type="allocate" free="0" total="3538944" percent="0" />
      <mem type="survivor" free="0" total="393216" percent="0" />
    </mem>
    <mem type="tenure" free="1500352" total="6291456" percent="23">
      <mem type="soa" free="1184960" total="5976064" percent="19" />
      <mem type="loa" free="315392" total="315392" percent="100" />
    </mem>
    <remembered-set count="359" />
  </mem-info>
</gc-start>
<allocation-stats totalBytes="3360072" discardedBytes="71352" >
  <allocated-bytes non-tlh="463840" tlh="2896232" />
  <largest-consumer threadName="main" threadId="0000000000025A00" bytes="3360072" />
</allocation-stats>
<gc-op id="446" type="scavenge" timems="0.978" contextid="443" timestamp="2025-12-15T03:34:18.329">
  <scavenger-info tenureage="2" tenuremask="ffec" tiltratio="90" />
  <memory-copied type="nursery" objects="1404" bytes="69784" bytesdiscarded="36360" />
  <memory-copied type="tenure" objects="1186" bytes="39656" bytesdiscarded="64" />
  <references type="phantom" candidates="3" cleared="0" enqueued="0" />
  <object-monitors candidates="5" cleared="0"  />
</gc-op>
<gc-end id="447" type="scavenge" contextid="443" durationms="4.007" usertimems="2.414" systemtimems="0.000" stalltimems="0.325" timestamp="2025-12-15T03:34:18.330" activeThreads="2">
  <mem-info id="448" free="4860944" total="10223616" percent="47">
    <mem type="nursery" free="3432784" total="3932160" percent="87">
      <mem type="allocate" free="3432784" total="3538944" percent="97" />
      <mem type="survivor" free="0" total="393216" percent="0" />
    </mem>
    <mem type="tenure" free="1428160" total="6291456" percent="22">
      <mem type="soa" free="1112768" total="5976064" percent="18" />
      <mem type="loa" free="315392" total="315392" percent="100" />
    </mem>
    <remembered-set count="233" />
  </mem-info>
</gc-end>
<cycle-end id="449" type="scavenge" contextid="443" timestamp="2025-12-15T03:34:18.331" />
<allocation-satisfied id="450" threadId="0000000000025A00" bytesRequested="4104" />
<af-end id="451" timestamp="2025-12-15T03:34:18.333" threadId="0000000000026478" success="true" from="nursery"/>
<exclusive-end id="452" timestamp="2025-12-15T03:34:18.333" durationms="9.803" />

<exclusive-start id="453" timestamp="2025-12-15T03:34:18.491" intervalms="167.655">
  <response-info timems="0.047" idlems="0.047" threads="0" lastid="0000000000025A00" lastname="main" />
</exclusive-start>
<af-start id="454" threadId="0000000000026478" totalBytesRequested="1032" timestamp="2025-12-15T03:34:18.492" intervalms="167.780" type="nursery" />
<cycle-start id="455" type="scavenge" contextid="0" timestamp="2025-12-15T03:34:18.493" intervalms="167.519" />
<gc-start id="456" type="scavenge" contextid="455" timestamp="2025-12-15T03:34:18.494">
  <mem-info id="457" free="1428104" total="10223616" percent="13">
    <mem type="nursery" free="0" total="3932160" percent="0">
      <mem type="allocate" free="0" total="3538944" percent="0" />
      <mem type="survivor" free="0" total="393216" percent="0" />
    </mem>
    <mem type="tenure" free="1428104" total="6291456" percent="22">
      <mem type="soa" free="1112712" total="5976064" percent="18" />
      <mem type="loa" free="315392" total="315392" percent="100" />
    </mem>
    <remembered-set count="381" />
  </mem-info>
</gc-start>
<allocation-stats totalBytes="3398008" discardedBytes="34832" >
  <allocated-bytes non-tlh="269216" tlh="3128792" />
  <largest-consumer threadName="main" threadId="0000000000025A00" bytes="3398008" />
</allocation-stats>
<gc-op id="458" type="scavenge" timems="1.012" contextid="455" timestamp="2025-12-15T03:34:18.497">
  <scavenger-info tenureage="2" tenuremask="400c" tiltratio="90" />
  <memory-copied type="nursery" objects="1538" bytes="66600" bytesdiscarded="40904" />
  <memory-copied type="tenure" objects="670" bytes="22544" bytesdiscarded="0" />
  <references type="phantom" candidates="3" cleared="0" enqueued="0" />
  <object-monitors candidates="5" cleared="0"  />
</gc-op>
<gc-end id="459" type="scavenge" contextid="455" durationms="3.707" usertimems="1.302" systemtimems="0.712" stalltimems="0.492" timestamp="2025-12-15T03:34:18.498" activeThreads="2">
  <mem-info id="460" free="4826504" total="10223616" percent="47">
    <mem type="nursery" free="3431424" total="3932160" percent="87">
      <mem type="allocate" free="3431424" total="3538944" percent="96" />
      <mem type="survivor" free="0" total="393216" percent="0" />
    </mem>
    <mem type="tenure" free="1395080" total="6291456" percent="22">
      <mem type="soa" free="1079688" total="5976064" percent="18" />
      <mem type="loa" free="315392" total="315392" percent="100" />
    </mem>
    <remembered-set count="250" />
  </mem-info>
</gc-end>
<cycle-end id="461" type="scavenge" contextid="455" timestamp="2025-12-15T03:34:18.498" />
<allocation-satisfied id="462" threadId="0000000000025A00" bytesRequested="1032" />
<af-end id="463" timestamp="2025-12-15T03:34:18.501" threadId="0000000000026478" success="true" from="nursery"/>
<exclusive-end id="464" timestamp="2025-12-15T03:34:18.502" durationms="10.427" />

<exclusive-start id="465" timestamp="2025-12-15T03:34:18.630" intervalms="138.928">
  <response-info timems="0.045" idlems="0.045" threads="0" lastid="0000000000025A00" lastname="main" />
</exclusive-start>
<af-start id="466" threadId="0000000000026478" totalBytesRequested="16392" timestamp="2025-12-15T03:34:18.631" intervalms="139.066" type="nursery" />
<cycle-start id="467" type="scavenge" contextid="0" timestamp="2025-12-15T03:34:18.632" intervalms="139.291" />
<gc-start id="468" type="scavenge" contextid="467" timestamp="2025-12-15T03:34:18.634">
  <mem-info id="469" free="1378248" total="10223616" percent="13">
    <mem type="nursery" free="0" total="3932160" percent="0">
      <mem type="allocate" free="0" total="3538944" percent="0" />
      <mem type="survivor" free="0" total="393216" percent="0" />
    </mem>
    <mem type="tenure" free="1378248" total="6291456" percent="21">
      <mem type="soa" free="1062856" total="5976064" percent="17" />
      <mem type="loa" free="315392" total="315392" percent="100" />
    </mem>
    <remembered-set count="1026" />
  </mem-info>
</gc-start>
<allocation-stats totalBytes="3441944" discardedBytes="6312" >
  <allocated-bytes non-tlh="389464" tlh="3052480" />
  <largest-consumer threadName="main" threadId="0000000000025A00" bytes="3437848" />
</allocation-stats>
<gc-op id="470" type="scavenge" timems="2.676" contextid="467" timestamp="2025-12-15T03:34:18.638">
  <scavenger-info tenureage="2" tenuremask="4004" tiltratio="90" />
  <memory-copied type="nursery" objects="5336" bytes="392168" bytesdiscarded="232" />
  <memory-copied type="tenure" objects="2076" bytes="69456" bytesdiscarded="64" />
  <copy-failed type="nursery" objects="1454" bytes="48680" />
  <finalization candidates="97" enqueued="57" />
  <ownableSynchronizers candidates="58" cleared="31" />
  <references type="soft" candidates="29" cleared="0" enqueued="0" dynamicThreshold="32" maxThreshold="32" />
  <references type="weak" candidates="92" cleared="56" enqueued="56" />
  <references type="phantom" candidates="55" cleared="19" enqueued="19" />
  <object-monitors candidates="6" cleared="0"  />
</gc-op>
<gc-end id="471" type="scavenge" contextid="467" durationms="6.013" usertimems="1.957" systemtimems="3.083" stalltimems="1.715" timestamp="2025-12-15T03:34:18.639" activeThreads="2">
  <mem-info id="472" free="3767240" total="10223616" percent="36">
    <mem type="nursery" free="2490368" total="3932160" percent="63">
      <mem type="allocate" free="2490368" total="2883584" percent="86" />
      <mem type="survivor" free="0" total="1048576" percent="0" />
    </mem>
    <mem type="tenure" free="1276872" total="6291456" percent="20">
      <mem type="soa" free="961480" total="5976064" percent="16" />
      <mem type="loa" free="315392" total="315392" percent="100" />
    </mem>
    <pending-finalizers system="57" default="0" reference="75" classloader="0" />
    <remembered-set count="777" />
  </mem-info>
</gc-end>
<cycle-end id="473" type="scavenge" contextid="467" timestamp="2025-12-15T03:34:18.641" />
<allocation-satisfied id="474" threadId="0000000000025A00" bytesRequested="16392" />
<af-end id="475" timestamp="2025-12-15T03:34:18.642" threadId="0000000000026478" success="true" from="nursery"/>
<exclusive-end id="476" timestamp="2025-12-15T03:34:18.643" durationms="13.023" />

<exclusive-start id="477" timestamp="2025-12-15T03:34:18.679" intervalms="48.882">
  <response-info timems="0.064" idlems="0.064" threads="0" lastid="0000000000025A00" lastname="main" />
</exclusive-start>
<af-start id="478" threadId="0000000000026478" totalBytesRequested="16" timestamp="2025-12-15T03:34:18.680" intervalms="48.770" type="nursery" />
<cycle-start id="479" type="scavenge" contextid="0" timestamp="2025-12-15T03:34:18.681" intervalms="48.610" />
<gc-start id="480" type="scavenge" contextid="479" timestamp="2025-12-15T03:34:18.682">
  <mem-info id="481" free="1275064" total="10223616" percent="12">
    <mem type="nursery" free="0" total="3932160" percent="0">
      <mem type="allocate" free="0" total="2883584" percent="0" />
      <mem type="survivor" free="0" total="1048576" percent="0" />
    </mem>
    <mem type="tenure" free="1275064" total="6291456" percent="20">
      <mem type="soa" free="959672" total="5976064" percent="16" />
      <mem type="loa" free="315392" total="315392" percent="100" />
    </mem>
    <remembered-set count="1034" />
  </mem-info>
</gc-start>
<allocation-stats totalBytes="2491928" discardedBytes="248" >
  <allocated-bytes non-tlh="18200" tlh="2473728" />
  <largest-consumer threadName="main" threadId="0000000000025A00" bytes="2487832" />
</allocation-stats>
<gc-op id="482" type="scavenge" timems="2.443" contextid="479" timestamp="2025-12-15T03:34:18.686">
  <scavenger-info tenureage="2" tenuremask="fff4" tiltratio="73" />
  <memory-copied type="nursery" objects="12036" bytes="760992" bytesdiscarded="21728" />
  <memory-copied type="tenure" objects="549" bytes="17664" bytesdiscarded="24" />
  <finalization candidates="26" enqueued="0" />
  <ownableSynchronizers candidates="84" cleared="42" />
  <references type="soft" candidates="29" cleared="0" enqueued="0" dynamicThreshold="32" maxThreshold="32" />
  <references type="weak" candidates="43" cleared="8" enqueued="8" />
  <references type="phantom" candidates="74" cleared="0" enqueued="0" />
  <object-monitors candidates="6" cleared="0"  />
</gc-op>
<heap-resize id="483" type="expand" space="nursery" amount="262144" count="1" timems="0.120" reason="excessive time being spent scavenging" timestamp="2025-12-15T03:34:18.688" />
<gc-end id="484" type="scavenge" contextid="479" durationms="6.495" usertimems="5.075" systemtimems="0.000" stalltimems="0.847" timestamp="2025-12-15T03:34:18.689" activeThreads="2">
  <mem-info id="485" free="3191632" total="10485760" percent="30">
    <mem type="nursery" free="1968024" total="4194304" percent="46">
      <mem type="allocate" free="1968024" total="2752512" percent="71" />
      <mem type="survivor" free="0" total="1441792" percent="0" />
    </mem>
    <mem type="tenure" free="1223608" total="6291456" percent="19">
      <mem type="soa" free="908216" total="5976064" percent="15" />
      <mem type="loa" free="315392" total="315392" percent="100" />
    </mem>
    <pending-finalizers system="0" default="0" reference="8" classloader="0" />
    <remembered-set count="776" />
  </mem-info>
</gc-end>
<cycle-end id="486" type="scavenge" contextid="479" timestamp="2025-12-15T03:34:18.689" />
<allocation-satisfied id="487" threadId="0000000000025A00" bytesRequested="16" />
<af-end id="488" timestamp="2025-12-15T03:34:18.691" threadId="0000000000026478" success="true" from="nursery"/>
<exclusive-end id="489" timestamp="2025-12-15T03:34:18.692" durationms="12.728" />

<exclusive-start id="490" timestamp="2025-12-15T03:34:18.733" intervalms="54.209">
  <response-info timems="0.058" idlems="0.058" threads="0" lastid="0000000000025A00" lastname="main" />
</exclusive-start>
<af-start id="491" threadId="0000000000026478" totalBytesRequested="1040" timestamp="2025-12-15T03:34:18.734" intervalms="54.443" type="nursery" />
<cycle-start id="492" type="scavenge" contextid="0" timestamp="2025-12-15T03:34:18.735" intervalms="54.427" />
<gc-start id="493" type="scavenge" contextid="492" timestamp="2025-12-15T03:34:18.736">
  <mem-info id="494" free="1221120" total="10485760" percent="11">
    <mem type="nursery" free="0" total="4194304" percent="0">
      <mem type="allocate" free="0" total="2752512" percent="0" />
      <mem type="survivor" free="0" total="1441792" percent="0" />
    </mem>
    <mem type="tenure" free="1221120" total="6291456" percent="19">
      <mem type="soa" free="905728" total="5976064" percent="15" />
      <mem type="loa" free="315392" total="315392" percent="100" />
    </mem>
    <remembered-set count="882" />
  </mem-info>
</gc-start>
<allocation-stats totalBytes="1962288" discardedBytes="8224" >
  <allocated-bytes non-tlh="2504" tlh="1959784" />
  <largest-consumer threadName="main" threadId="0000000000025A00" bytes="1962288" />
</allocation-stats>
<gc-op id="495" type="scavenge" timems="3.656" contextid="492" timestamp="2025-12-15T03:34:18.742">
  <scavenger-info tenureage="2" tenuremask="fff4" tiltratio="65" />
  <memory-copied type="nursery" objects="10582" bytes="613320" bytesdiscarded="60808" />
  <memory-copied type="tenure" objects="4478" bytes="352696" bytesdiscarded="32" />
  <finalization candidates="44" enqueued="9" />
  <ownableSynchronizers candidates="42" cleared="0" />
  <references type="weak" candidates="12" cleared="9" enqueued="9" />
  <references type="phantom" candidates="40" cleared="1" enqueued="1" />
  <object-monitors candidates="6" cleared="0"  />
</gc-op>
<heap-resize id="496" type="expand" space="nursery" amount="262144" count="1" timems="0.059" reason="excessive time being spent scavenging" timestamp="2025-12-15T03:34:18.743" />
<gc-end id="497" type="scavenge" contextid="492" durationms="7.630" usertimems="2.945" systemtimems="3.622" stalltimems="1.553" timestamp="2025-12-15T03:34:18.744" activeThreads="2">
  <mem-info id="498" free="3330776" total="10747904" percent="30">
    <mem type="nursery" free="2404296" total="4456448" percent="53">
      <mem type="allocate" free="2404296" total="3080192" percent="78" />
      <mem type="survivor" free="0" total="1376256" percent="0" />
    </mem>
    <mem type="tenure" free="926480" total="6291456" percent="14">
      <mem type="soa" free="611088" total="5976064" percent="10" />
      <mem type="loa" free="315392" total="315392" percent="100" />
    </mem>
    <pending-finalizers system="9" default="0" reference="10" classloader="0" />
    <remembered-set count="367" />
  </mem-info>
</gc-end>
<cycle-end id="499" type="scavenge" contextid="492" timestamp="2025-12-15T03:34:18.745" />
<allocation-satisfied id="500" threadId="0000000000025A00" bytesRequested="1040" />
<af-end id="501" timestamp="2025-12-15T03:34:18.747" threadId="0000000000026478" success="true" from="nursery"/>
<exclusive-end id="502" timestamp="2025-12-15T03:34:18.748" durationms="14.679" />

<exclusive-start id="503" timestamp="2025-12-15T03:34:18.771" intervalms="37.554">
  <response-info timems="0.061" idlems="0.061" threads="0" lastid="0000000000025A00" lastname="main" />
</exclusive-start>
<af-start id="504" threadId="0000000000026478" totalBytesRequested="16" timestamp="2025-12-15T03:34:18.772" intervalms="37.217" type="nursery" />
<cycle-start id="505" type="scavenge" contextid="0" timestamp="2025-12-15T03:34:18.773" intervalms="37.391" />
<gc-start id="506" type="scavenge" contextid="505" timestamp="2025-12-15T03:34:18.774">
  <mem-info id="507" free="926144" total="10747904" percent="8">
    <mem type="nursery" free="0" total="4456448" percent="0">
      <mem type="allocate" free="0" total="3080192" percent="0" />
      <mem type="survivor" free="0" total="1376256" percent="0" />
    </mem>
    <mem type="tenure" free="926144" total="6291456" percent="14">
      <mem type="soa" free="610752" total="5976064" percent="10" />
      <mem type="loa" free="315392" total="315392" percent="100" />
    </mem>
    <remembered-set count="398" />
  </mem-info>
</gc-start>
<allocation-stats totalBytes="2403304" discardedBytes="1328" >
  <allocated-bytes non-tlh="1376" tlh="2401928" />
  <largest-consumer threadName="main" threadId="0000000000025A00" bytes="2403304" />
</allocation-stats>
<gc-op id="508" type="scavenge" timems="3.155" contextid="505" timestamp="2025-12-15T03:34:18.779">
  <scavenger-info tenureage="2" tenuremask="fff4" tiltratio="69" />
  <memory-copied type="nursery" objects="5805" bytes="326344" bytesdiscarded="33880" />
  <memory-copied type="tenure" objects="6985" bytes="390360" bytesdiscarded="840" />
  <finalization candidates="15" enqueued="3" />
  <ownableSynchronizers candidates="28" cleared="0" />
  <references type="weak" candidates="3" cleared="0" enqueued="0" />
  <object-monitors candidates="6" cleared="0"  />
</gc-op>
<heap-resize id="509" type="expand" space="nursery" amount="393216" count="1" timems="0.063" reason="excessive time being spent scavenging" timestamp="2025-12-15T03:34:18.780" />
<gc-end id="510" type="scavenge" contextid="505" durationms="6.752" usertimems="6.399" systemtimems="0.000" stalltimems="0.828" timestamp="2025-12-15T03:34:18.780" activeThreads="2">
  <mem-info id="511" free="3701432" total="11141120" percent="33">
    <mem type="nursery" free="3178720" total="4849664" percent="65">
      <mem type="allocate" free="3178720" total="3538944" percent="89" />
      <mem type="survivor" free="0" total="1310720" percent="0" />
    </mem>
    <mem type="tenure" free="522712" total="6291456" percent="8">
      <mem type="soa" free="207320" total="5976064" percent="3" />
      <mem type="loa" free="315392" total="315392" percent="100" />
    </mem>
    <pending-finalizers system="3" default="0" reference="0" classloader="0" />
    <remembered-set count="357" />
  </mem-info>
</gc-end>
<cycle-end id="512" type="scavenge" contextid="505" timestamp="2025-12-15T03:34:18.781" />
<allocation-satisfied id="513" threadId="0000000000025A00" bytesRequested="16" />
<af-end id="514" timestamp="2025-12-15T03:34:18.783" threadId="0000000000026478" success="true" from="nursery"/>
<exclusive-end id="515" timestamp="2025-12-15T03:34:18.784" durationms="13.364" />

<concurrent-kickoff id="516" timestamp="2025-12-15T03:34:18.958">
  <kickoff reason="threshold reached" targetBytes="1867303" thresholdFreeBytes="258745"  remainingFree="241888" tenureFreeBytes="342048" nurseryFreeBytes="241888" />
</concurrent-kickoff>
<exclusive-start id="517" timestamp="2025-12-15T03:34:18.959" intervalms="188.046">
  <response-info timems="0.048" idlems="0.048" threads="0" lastid="00000000005F7800" lastname="Equinox start level thread - Equinox Container: 24d7c223-93ad-4" />
</exclusive-start>
<cycle-start id="518" type="global" contextid="0" timestamp="2025-12-15T03:34:18.960" intervalms="6692.938" />
<concurrent-start id="519" type="global mark" contextid="518" timestamp="2025-12-15T03:34:18.961">
</concurrent-start>
<exclusive-end id="520" timestamp="2025-12-15T03:34:18.961" durationms="2.620" />

<concurrent-end id="521" type="global mark" contextid="518" timestamp="2025-12-15T03:34:18.977">
<gc-op id="522" type="trace" timems="16.768" contextid="518" timestamp="2025-12-15T03:34:18.977">
  <trace bytesTraced="2836592" workStackOverflowCount="0" />
  <card-cleaning reason="card cleaning threshold reached" bytesTraced="22796" cardsCleaned="67" />
</gc-op>
</concurrent-end>

<exclusive-start id="523" timestamp="2025-12-15T03:34:18.979" intervalms="20.414">
  <response-info timems="0.056" idlems="0.056" threads="0" lastid="00000000005EC100" lastname="Equinox start level thread - Equinox Container: 24d7c223-93ad-4" />
</exclusive-start>
<concurrent-global-final id="524" timestamp="2025-12-15T03:34:18.981" contextid="518" intervalms="6713.896" >
  <concurrent-trace-info reason="card cleaning threshold reached" tracedByMutators="287132" tracedByHelpers="2572256" cardsCleaned="67" workStackOverflowCount="0" />
</concurrent-global-final>
<gc-start id="525" type="global" contextid="518" timestamp="2025-12-15T03:34:18.982">
  <mem-info id="526" free="381480" total="11141120" percent="3">
    <mem type="nursery" free="49376" total="4849664" percent="1">
      <mem type="allocate" free="49376" total="3538944" percent="1" />
      <mem type="survivor" free="0" total="1310720" percent="0" />
    </mem>
    <mem type="tenure" free="332104" total="6291456" percent="5">
      <mem type="soa" free="16712" total="5976064" percent="0" />
      <mem type="loa" free="315392" total="315392" percent="100" />
    </mem>
    <remembered-set count="3353" />
  </mem-info>
</gc-start>
<allocation-stats totalBytes="3302744" discardedBytes="17208" >
  <allocated-bytes non-tlh="190624" tlh="3112120" />
  <largest-consumer threadName="Equinox start level thread - Equinox Container: 24d7c223-93ad-40be-a83d-0d3d382c86f4" threadId="00000000005F3B00" bytes="1230904" />
</allocation-stats>
<gc-op id="527" type="rs-scan" timems="1.670" contextid="518" timestamp="2025-12-15T03:34:18.986">
  <scan objectsFound="8157" bytesTraced="379088" workStackOverflowCount="0" />
</gc-op>
<gc-op id="528" type="card-cleaning" timems="0.683" contextid="518" timestamp="2025-12-15T03:34:18.987">
  <card-cleaning cardsCleaned="10" bytesTraced="14348" workStackOverflowCount="0" />
</gc-op>
<gc-op id="529" type="mark" timems="8.321" contextid="518" timestamp="2025-12-15T03:34:18.997">
  <trace-info objectcount="4683" scancount="3976" scanbytes="123592" />
  <finalization candidates="913" enqueued="258" />
  <ownableSynchronizers candidates="117" cleared="2" />
  <references type="soft" candidates="3920" cleared="0" enqueued="0" dynamicThreshold="32" maxThreshold="32" />
  <references type="weak" candidates="1334" cleared="487" enqueued="487" />
  <references type="phantom" candidates="148" cleared="28" enqueued="28" />
  <stringconstants candidates="10556" cleared="49"  />
  <object-monitors candidates="18" cleared="8"  />
</gc-op>
<gc-op id="530" type="classunload" timems="0.032" contextid="518" timestamp="2025-12-15T03:34:18.998">
  <classunload-info classloadercandidates="18" classloadersunloaded="0" classesunloaded="0" anonymousclassesunloaded="0" quiescems="0.000" setupms="0.031" scanms="0.000" postms="0.000" />
</gc-op>
<gc-op id="531" type="sweep" timems="1.593" contextid="518" timestamp="2025-12-15T03:34:19.000" />
<heap-resize id="532" type="expand" space="tenure" amount="1507328" count="1" timems="0.104" reason="insufficient free space following gc" timestamp="2025-12-15T03:34:19.002" />
<gc-end id="533" type="global" contextid="518" durationms="21.498" usertimems="26.056" systemtimems="0.000" stalltimems="30.442" timestamp="2025-12-15T03:34:19.003" activeThreads="5">
  <mem-info id="534" free="4967552" total="12648448" percent="39">
    <mem type="nursery" free="2587192" total="4849664" percent="53">
      <mem type="allocate" free="2587192" total="3538944" percent="73" />
      <mem type="survivor" free="0" total="1310720" percent="0" />
    </mem>
    <mem type="tenure" free="2380360" total="7798784" percent="30" micro-fragmented="110101" macro-fragmented="0">
      <mem type="soa" free="1990216" total="7408640" percent="26" />
      <mem type="loa" free="390144" total="390144" percent="100" />
    </mem>
    <pending-finalizers system="258" default="0" reference="515" classloader="0" />
    <remembered-set count="2863" />
  </mem-info>
</gc-end>
<cycle-end id="535" type="global" contextid="518" timestamp="2025-12-15T03:34:19.004" />
<exclusive-end id="536" timestamp="2025-12-15T03:34:19.006" durationms="26.273" />

<exclusive-start id="537" timestamp="2025-12-15T03:34:19.134" intervalms="155.194">
  <response-info timems="0.058" idlems="0.058" threads="0" lastid="00000000005EC100" lastname="Equinox start level thread - Equinox Container: 24d7c223-93ad-4" />
</exclusive-start>
<af-start id="538" threadId="00000000005ECB78" totalBytesRequested="7976" timestamp="2025-12-15T03:34:19.135" intervalms="363.687" type="nursery" />
<cycle-start id="539" type="scavenge" contextid="0" timestamp="2025-12-15T03:34:19.137" intervalms="364.409" />
<gc-start id="540" type="scavenge" contextid="539" timestamp="2025-12-15T03:34:19.139">
  <mem-info id="541" free="2232656" total="12648448" percent="17">
    <mem type="nursery" free="15848" total="4849664" percent="0">
      <mem type="allocate" free="15848" total="3538944" percent="0" />
      <mem type="survivor" free="0" total="1310720" percent="0" />
    </mem>
    <mem type="tenure" free="2216808" total="7798784" percent="28">
      <mem type="soa" free="1826664" total="7408640" percent="24" />
      <mem type="loa" free="390144" total="390144" percent="100" />
    </mem>
    <remembered-set count="4878" />
  </mem-info>
</gc-start>
<allocation-stats totalBytes="2682696" discardedBytes="35576" >
  <allocated-bytes non-tlh="665280" tlh="2017416" />
  <largest-consumer threadName="Equinox start level thread - Equinox Container: 24d7c223-93ad-40be-a83d-0d3d382c86f4" threadId="00000000005EC100" bytes="1401280" />
</allocation-stats>
<gc-op id="542" type="scavenge" timems="5.651" contextid="539" timestamp="2025-12-15T03:34:19.147">
  <scavenger-info tenureage="2" tenuremask="fff4" tiltratio="72" />
  <memory-copied type="nursery" objects="20105" bytes="837992" bytesdiscarded="27288" />
  <memory-copied type="tenure" objects="154" bytes="4080" bytesdiscarded="8" />
  <finalization candidates="356" enqueued="108" />
  <ownableSynchronizers candidates="326" cleared="214" />
  <references type="soft" candidates="282" cleared="0" enqueued="0" dynamicThreshold="9" maxThreshold="32" />
  <references type="weak" candidates="882" cleared="478" enqueued="472" />
  <references type="phantom" candidates="29" cleared="22" enqueued="22" />
  <object-monitors candidates="11" cleared="0"  />
</gc-op>
<gc-end id="543" type="scavenge" contextid="539" durationms="8.730" usertimems="5.917" systemtimems="4.906" stalltimems="1.727" timestamp="2025-12-15T03:34:19.148" activeThreads="2">
  <mem-info id="544" free="4575920" total="12648448" percent="36">
    <mem type="nursery" free="2408432" total="4849664" percent="49">
      <mem type="allocate" free="2408432" total="3276800" percent="73" />
      <mem type="survivor" free="0" total="1572864" percent="0" />
    </mem>
    <mem type="tenure" free="2167488" total="7798784" percent="27">
      <mem type="soa" free="1777344" total="7408640" percent="23" />
      <mem type="loa" free="390144" total="390144" percent="100" />
    </mem>
    <pending-finalizers system="108" default="0" reference="494" classloader="0" />
    <remembered-set count="4581" />
  </mem-info>
</gc-end>
<cycle-end id="545" type="scavenge" contextid="539" timestamp="2025-12-15T03:34:19.149" />
<allocation-satisfied id="546" threadId="00000000005EC100" bytesRequested="7976" />
<af-end id="547" timestamp="2025-12-15T03:34:19.150" threadId="00000000005ECB78" success="true" from="nursery"/>
<exclusive-end id="548" timestamp="2025-12-15T03:34:19.151" durationms="16.414" />

<exclusive-start id="549" timestamp="2025-12-15T03:34:19.229" intervalms="94.167">
  <response-info timems="0.617" idlems="0.390" threads="1" lastid="0000000000029600" lastname="JIT Compilation Thread-000" />
</exclusive-start>
<af-start id="550" threadId="00000000005F0878" totalBytesRequested="72" timestamp="2025-12-15T03:34:19.229" intervalms="94.113" type="nursery" />
<cycle-start id="551" type="scavenge" contextid="0" timestamp="2025-12-15T03:34:19.230" intervalms="93.261" />
<gc-start id="552" type="scavenge" contextid="551" timestamp="2025-12-15T03:34:19.232">
  <mem-info id="553" free="2150416" total="12648448" percent="17">
    <mem type="nursery" free="0" total="4849664" percent="0">
      <mem type="allocate" free="0" total="3276800" percent="0" />
      <mem type="survivor" free="0" total="1572864" percent="0" />
    </mem>
    <mem type="tenure" free="2150416" total="7798784" percent="27">
      <mem type="soa" free="1760272" total="7408640" percent="23" />
      <mem type="loa" free="390144" total="390144" percent="100" />
    </mem>
    <remembered-set count="4877" />
  </mem-info>
</gc-start>
<allocation-stats totalBytes="2419184" discardedBytes="3408" >
  <allocated-bytes non-tlh="22136" tlh="2397048" />
  <largest-consumer threadName="Equinox start level thread - Equinox Container: 24d7c223-93ad-40be-a83d-0d3d382c86f4" threadId="00000000005EC100" bytes="2139344" />
</allocation-stats>
<gc-op id="554" type="scavenge" timems="5.161" contextid="551" timestamp="2025-12-15T03:34:19.239">
  <scavenger-info tenureage="4" tenuremask="fff0" tiltratio="67" />
  <memory-copied type="nursery" objects="23107" bytes="911320" bytesdiscarded="40112" />
  <finalization candidates="239" enqueued="0" />
  <ownableSynchronizers candidates="215" cleared="44" />
  <references type="soft" candidates="304" cleared="0" enqueued="0" dynamicThreshold="9" maxThreshold="32" />
  <references type="weak" candidates="499" cleared="55" enqueued="55" />
  <references type="phantom" candidates="6" cleared="0" enqueued="0" />
  <object-monitors candidates="12" cleared="1"  />
</gc-op>
<heap-resize id="555" type="expand" space="nursery" amount="393216" count="1" timems="0.062" reason="excessive time being spent scavenging" timestamp="2025-12-15T03:34:19.244" />
<gc-end id="556" type="scavenge" contextid="551" durationms="12.726" usertimems="10.153" systemtimems="0.643" stalltimems="0.777" timestamp="2025-12-15T03:34:19.245" activeThreads="2">
  <mem-info id="557" free="4997880" total="13041664" percent="38">
    <mem type="nursery" free="2847464" total="5242880" percent="54">
      <mem type="allocate" free="2847464" total="3801088" percent="74" />
      <mem type="survivor" free="0" total="1441792" percent="0" />
    </mem>
    <mem type="tenure" free="2150416" total="7798784" percent="27">
      <mem type="soa" free="1760272" total="7408640" percent="23" />
      <mem type="loa" free="390144" total="390144" percent="100" />
    </mem>
    <pending-finalizers system="0" default="0" reference="55" classloader="0" />
    <remembered-set count="4807" />
  </mem-info>
</gc-end>
<cycle-end id="558" type="scavenge" contextid="551" timestamp="2025-12-15T03:34:19.245" />
<allocation-satisfied id="559" threadId="00000000005EFE00" bytesRequested="72" />
<af-end id="560" timestamp="2025-12-15T03:34:19.247" threadId="00000000005F0878" success="true" from="nursery"/>
<exclusive-end id="561" timestamp="2025-12-15T03:34:19.248" durationms="19.227" />

<exclusive-start id="562" timestamp="2025-12-15T03:34:19.312" intervalms="83.074">
  <response-info timems="0.061" idlems="0.061" threads="0" lastid="00000000005EFE00" lastname="Equinox start level thread - Equinox Container: 24d7c223-93ad-4" />
</exclusive-start>
<af-start id="563" threadId="00000000005F0878" totalBytesRequested="24" timestamp="2025-12-15T03:34:19.313" intervalms="83.046" type="nursery" />
<cycle-start id="564" type="scavenge" contextid="0" timestamp="2025-12-15T03:34:19.313" intervalms="83.004" />
<gc-start id="565" type="scavenge" contextid="564" timestamp="2025-12-15T03:34:19.314">
  <mem-info id="566" free="2098504" total="13041664" percent="16">
    <mem type="nursery" free="0" total="5242880" percent="0">
      <mem type="allocate" free="0" total="3801088" percent="0" />
      <mem type="survivor" free="0" total="1441792" percent="0" />
    </mem>
    <mem type="tenure" free="2098504" total="7798784" percent="26">
      <mem type="soa" free="1708360" total="7408640" percent="23" />
      <mem type="loa" free="390144" total="390144" percent="100" />
    </mem>
    <remembered-set count="5471" />
  </mem-info>
</gc-start>
<allocation-stats totalBytes="2889280" discardedBytes="2816" >
  <allocated-bytes non-tlh="77488" tlh="2811792" />
  <largest-consumer threadName="Equinox start level thread - Equinox Container: 24d7c223-93ad-40be-a83d-0d3d382c86f4" threadId="00000000005F7800" bytes="1245088" />
</allocation-stats>
<gc-op id="567" type="scavenge" timems="5.135" contextid="564" timestamp="2025-12-15T03:34:19.321">
  <scavenger-info tenureage="3" tenuremask="fff8" tiltratio="72" />
  <memory-copied type="nursery" objects="32144" bytes="1260488" bytesdiscarded="17504" />
  <memory-copied type="tenure" objects="55" bytes="1208" bytesdiscarded="0" />
  <finalization candidates="249" enqueued="10" />
  <ownableSynchronizers candidates="633" cleared="188" />
  <references type="soft" candidates="519" cleared="0" enqueued="0" dynamicThreshold="9" maxThreshold="32" />
  <references type="weak" candidates="773" cleared="231" enqueued="231" />
  <references type="phantom" candidates="10" cleared="4" enqueued="4" />
  <object-monitors candidates="13" cleared="0"  />
</gc-op>
<heap-resize id="568" type="expand" space="nursery" amount="262144" count="1" timems="0.057" reason="excessive time being spent scavenging" timestamp="2025-12-15T03:34:19.322" />
<gc-end id="569" type="scavenge" contextid="564" durationms="8.338" usertimems="10.693" systemtimems="0.000" stalltimems="0.640" timestamp="2025-12-15T03:34:19.323" activeThreads="2">
  <mem-info id="570" free="4280904" total="13303808" percent="32">
    <mem type="nursery" free="2191072" total="5505024" percent="39">
      <mem type="allocate" free="2191072" total="3473408" percent="63" />
      <mem type="survivor" free="0" total="2031616" percent="0" />
    </mem>
    <mem type="tenure" free="2089832" total="7798784" percent="26">
      <mem type="soa" free="1699688" total="7408640" percent="22" />
      <mem type="loa" free="390144" total="390144" percent="100" />
    </mem>
    <pending-finalizers system="10" default="0" reference="235" classloader="0" />
    <remembered-set count="2067" />
  </mem-info>
</gc-end>
<cycle-end id="571" type="scavenge" contextid="564" timestamp="2025-12-15T03:34:19.323" />
<allocation-satisfied id="572" threadId="00000000005EFE00" bytesRequested="24" />
<af-end id="573" timestamp="2025-12-15T03:34:19.325" threadId="00000000005F0878" success="true" from="nursery"/>
<exclusive-end id="574" timestamp="2025-12-15T03:34:19.326" durationms="14.117" />

<exclusive-start id="575" timestamp="2025-12-15T03:34:19.413" intervalms="101.529">
  <response-info timems="0.130" idlems="0.130" threads="0" lastid="0000000000831B00" lastname="Default Executor-thread-1" />
</exclusive-start>
<af-start id="576" threadId="0000000000832578" totalBytesRequested="8200" timestamp="2025-12-15T03:34:19.414" intervalms="101.545" type="nursery" />
<cycle-start id="577" type="scavenge" contextid="0" timestamp="2025-12-15T03:34:19.417" intervalms="103.013" />
<gc-start id="578" type="scavenge" contextid="577" timestamp="2025-12-15T03:34:19.419">
  <mem-info id="579" free="2040432" total="13303808" percent="15">
    <mem type="nursery" free="0" total="5505024" percent="0">
      <mem type="allocate" free="0" total="3473408" percent="0" />
      <mem type="survivor" free="0" total="2031616" percent="0" />
    </mem>
    <mem type="tenure" free="2040432" total="7798784" percent="26">
      <mem type="soa" free="1650288" total="7408640" percent="22" />
      <mem type="loa" free="390144" total="390144" percent="100" />
    </mem>
    <remembered-set count="2752" />
  </mem-info>
</gc-start>
<allocation-stats totalBytes="2217320" discardedBytes="20368" >
  <allocated-bytes non-tlh="54840" tlh="2162480" />
  <largest-consumer threadName="Default Executor-thread-1" threadId="0000000000831B00" bytes="959816" />
</allocation-stats>
<gc-op id="580" type="scavenge" timems="5.396" contextid="577" timestamp="2025-12-15T03:34:19.426">
  <scavenger-info tenureage="5" tenuremask="ffe0" tiltratio="63" />
  <memory-copied type="nursery" objects="41692" bytes="1618600" bytesdiscarded="17592" />
  <finalization candidates="239" enqueued="3" />
  <ownableSynchronizers candidates="600" cleared="62" />
  <references type="soft" candidates="686" cleared="0" enqueued="0" dynamicThreshold="9" maxThreshold="32" />
  <references type="weak" candidates="841" cleared="229" enqueued="228" />
  <references type="phantom" candidates="8" cleared="1" enqueued="1" />
  <object-monitors candidates="15" cleared="1"  />
</gc-op>
<gc-end id="581" type="scavenge" contextid="577" durationms="8.215" usertimems="11.096" systemtimems="3.679" stalltimems="2.450" timestamp="2025-12-15T03:34:19.427" activeThreads="3">
  <mem-info id="582" free="3545400" total="13303808" percent="26">
    <mem type="nursery" free="1504968" total="5505024" percent="27">
      <mem type="allocate" free="1504968" total="3145728" percent="47" />
      <mem type="survivor" free="0" total="2359296" percent="0" />
    </mem>
    <mem type="tenure" free="2040432" total="7798784" percent="26">
      <mem type="soa" free="1650288" total="7408640" percent="22" />
      <mem type="loa" free="390144" total="390144" percent="100" />
    </mem>
    <pending-finalizers system="3" default="0" reference="229" classloader="0" />
    <remembered-set count="2524" />
  </mem-info>
</gc-end>
<cycle-end id="583" type="scavenge" contextid="577" timestamp="2025-12-15T03:34:19.428" />
<allocation-satisfied id="584" threadId="0000000000831B00" bytesRequested="8200" />
<af-end id="585" timestamp="2025-12-15T03:34:19.430" threadId="0000000000832578" success="true" from="nursery"/>
<exclusive-end id="586" timestamp="2025-12-15T03:34:19.431" durationms="17.446" />

<exclusive-start id="587" timestamp="2025-12-15T03:34:19.463" intervalms="49.895">
  <response-info timems="0.058" idlems="0.058" threads="0" lastid="0000000000831B00" lastname="Default Executor-thread-1" />
</exclusive-start>
<af-start id="588" threadId="0000000000832578" totalBytesRequested="16392" timestamp="2025-12-15T03:34:19.464" intervalms="49.926" type="nursery" />
<cycle-start id="589" type="scavenge" contextid="0" timestamp="2025-12-15T03:34:19.465" intervalms="48.370" />
<gc-start id="590" type="scavenge" contextid="589" timestamp="2025-12-15T03:34:19.466">
  <mem-info id="591" free="2040216" total="13303808" percent="15">
    <mem type="nursery" free="0" total="5505024" percent="0">
      <mem type="allocate" free="0" total="3145728" percent="0" />
      <mem type="survivor" free="0" total="2359296" percent="0" />
    </mem>
    <mem type="tenure" free="2040216" total="7798784" percent="26">
      <mem type="soa" free="1650072" total="7408640" percent="22" />
      <mem type="loa" free="390144" total="390144" percent="100" />
    </mem>
    <remembered-set count="2534" />
  </mem-info>
</gc-start>
<allocation-stats totalBytes="1481816" discardedBytes="23368" >
  <allocated-bytes non-tlh="8416" tlh="1473400" />
  <largest-consumer threadName="Default Executor-thread-1" threadId="0000000000831B00" bytes="1477720" />
</allocation-stats>
<gc-op id="592" type="scavenge" timems="5.619" contextid="589" timestamp="2025-12-15T03:34:19.473">
  <scavenger-info tenureage="3" tenuremask="7018" tiltratio="57" />
  <memory-copied type="nursery" objects="23264" bytes="893416" bytesdiscarded="90448" />
  <memory-copied type="tenure" objects="21730" bytes="861896" bytesdiscarded="672" />
  <finalization candidates="236" enqueued="0" />
  <ownableSynchronizers candidates="538" cleared="0" />
  <references type="soft" candidates="382" cleared="0" enqueued="0" dynamicThreshold="9" maxThreshold="32" />
  <references type="weak" candidates="171" cleared="1" enqueued="1" />
  <references type="phantom" candidates="2" cleared="0" enqueued="0" />
  <object-monitors candidates="14" cleared="0"  />
</gc-op>
<heap-resize id="593" type="expand" space="nursery" amount="655360" count="1" timems="0.056" reason="excessive time being spent scavenging" timestamp="2025-12-15T03:34:19.474" />
<gc-end id="594" type="scavenge" contextid="589" durationms="9.106" usertimems="10.866" systemtimems="3.598" stalltimems="3.518" timestamp="2025-12-15T03:34:19.475" activeThreads="3">
  <mem-info id="595" free="3600264" total="13959168" percent="25">
    <mem type="nursery" free="2552816" total="6160384" percent="41">
      <mem type="allocate" free="2552816" total="3538944" percent="72" />
      <mem type="survivor" free="0" total="2621440" percent="0" />
    </mem>
    <mem type="tenure" free="1047448" total="7798784" percent="13">
      <mem type="soa" free="657304" total="7408640" percent="8" />
      <mem type="loa" free="390144" total="390144" percent="100" />
    </mem>
    <pending-finalizers system="0" default="0" reference="1" classloader="0" />
    <remembered-set count="1166" />
  </mem-info>
</gc-end>
<cycle-end id="596" type="scavenge" contextid="589" timestamp="2025-12-15T03:34:19.476" />
<allocation-satisfied id="597" threadId="0000000000831B00" bytesRequested="16392" />
<af-end id="598" timestamp="2025-12-15T03:34:19.478" threadId="0000000000832578" success="true" from="nursery"/>
<exclusive-end id="599" timestamp="2025-12-15T03:34:19.478" durationms="15.277" />

<concurrent-kickoff id="600" timestamp="2025-12-15T03:34:19.519">
  <kickoff reason="threshold reached" targetBytes="2533027" thresholdFreeBytes="351134"  remainingFree="246768" tenureFreeBytes="1047400" nurseryFreeBytes="246768" />
</concurrent-kickoff>
<exclusive-start id="601" timestamp="2025-12-15T03:34:19.520" intervalms="56.998">
  <response-info timems="0.058" idlems="0.058" threads="0" lastid="0000000000831B00" lastname="Default Executor-thread-1" />
</exclusive-start>
<cycle-start id="602" type="global" contextid="0" timestamp="2025-12-15T03:34:19.521" intervalms="561.127" />
<concurrent-start id="603" type="global mark" contextid="602" timestamp="2025-12-15T03:34:19.521">
</concurrent-start>
<exclusive-end id="604" timestamp="2025-12-15T03:34:19.522" durationms="1.873" />

<exclusive-start id="605" timestamp="2025-12-15T03:34:19.534" intervalms="13.962">
  <response-info timems="0.066" idlems="0.066" threads="0" lastid="0000000000831B00" lastname="Default Executor-thread-1" />
</exclusive-start>
<af-start id="606" threadId="0000000000832578" totalBytesRequested="16392" timestamp="2025-12-15T03:34:19.535" intervalms="70.841" type="nursery" />
<cycle-start id="607" type="scavenge" contextid="0" timestamp="2025-12-15T03:34:19.536" intervalms="70.724" />
<gc-start id="608" type="scavenge" contextid="607" timestamp="2025-12-15T03:34:19.537">
  <mem-info id="609" free="1047400" total="13959168" percent="7">
    <mem type="nursery" free="0" total="6160384" percent="0">
      <mem type="allocate" free="0" total="3538944" percent="0" />
      <mem type="survivor" free="0" total="2621440" percent="0" />
    </mem>
    <mem type="tenure" free="1047400" total="7798784" percent="13">
      <mem type="soa" free="657256" total="7408640" percent="8" />
      <mem type="loa" free="390144" total="390144" percent="100" />
    </mem>
    <remembered-set count="1167" />
  </mem-info>
</gc-start>
<allocation-stats totalBytes="2460288" discardedBytes="92576" >
  <allocated-bytes non-tlh="16440" tlh="2443848" />
  <largest-consumer threadName="Default Executor-thread-1" threadId="0000000000831B00" bytes="2460288" />
</allocation-stats>
<gc-op id="610" type="scavenge" timems="4.047" contextid="607" timestamp="2025-12-15T03:34:19.542">
  <scavenger-info tenureage="3" tenuremask="7008" tiltratio="57" />
  <memory-copied type="nursery" objects="20557" bytes="758744" bytesdiscarded="27488" />
  <memory-copied type="tenure" objects="9131" bytes="359296" bytesdiscarded="568" />
  <ownableSynchronizers candidates="368" cleared="0" />
  <references type="soft" candidates="167" cleared="0" enqueued="0" dynamicThreshold="9" maxThreshold="32" />
  <references type="weak" candidates="71" cleared="0" enqueued="0" />
  <references type="phantom" candidates="1" cleared="0" enqueued="0" />
  <object-monitors candidates="14" cleared="0"  />
</gc-op>
<heap-resize id="611" type="expand" space="nursery" amount="262144" count="1" timems="0.063" reason="excessive time being spent scavenging" timestamp="2025-12-15T03:34:19.543" />
<gc-end id="612" type="scavenge" contextid="607" durationms="7.814" usertimems="4.893" systemtimems="5.915" stalltimems="2.735" timestamp="2025-12-15T03:34:19.544" activeThreads="3">
  <mem-info id="613" free="4050616" total="14221312" percent="28">
    <mem type="nursery" free="3407448" total="6422528" percent="53">
      <mem type="allocate" free="3407448" total="4194304" percent="81" />
      <mem type="survivor" free="0" total="2228224" percent="0" />
    </mem>
    <mem type="tenure" free="643168" total="7798784" percent="8">
      <mem type="soa" free="253024" total="7408640" percent="3" />
      <mem type="loa" free="390144" total="390144" percent="100" />
    </mem>
    <remembered-set count="519" />
  </mem-info>
</gc-end>
<cycle-end id="614" type="scavenge" contextid="607" timestamp="2025-12-15T03:34:19.546" />
<allocation-satisfied id="615" threadId="0000000000831B00" bytesRequested="16392" />
<af-end id="616" timestamp="2025-12-15T03:34:19.547" threadId="0000000000832578" success="true" from="nursery"/>
<exclusive-end id="617" timestamp="2025-12-15T03:34:19.548" durationms="13.647" />

<concurrent-end id="618" type="global mark" contextid="602" timestamp="2025-12-15T03:34:19.625">
<gc-op id="619" type="trace" timems="103.325" contextid="602" timestamp="2025-12-15T03:34:19.625">
  <trace bytesTraced="3845500" workStackOverflowCount="0" />
  <card-cleaning reason="card cleaning threshold reached" bytesTraced="22824" cardsCleaned="61" />
</gc-op>
</concurrent-end>

<exclusive-start id="620" timestamp="2025-12-15T03:34:19.626" intervalms="92.005">
  <response-info timems="0.065" idlems="0.065" threads="0" lastid="0000000000831B00" lastname="Default Executor-thread-1" />
</exclusive-start>
<concurrent-global-final id="621" timestamp="2025-12-15T03:34:19.627" contextid="602" intervalms="646.064" >
  <concurrent-trace-info reason="card cleaning threshold reached" tracedByMutators="537460" tracedByHelpers="3330864" cardsCleaned="61" workStackOverflowCount="0" />
</concurrent-global-final>
<gc-start id="622" type="global" contextid="602" timestamp="2025-12-15T03:34:19.628">
  <mem-info id="623" free="643168" total="14221312" percent="4">
    <mem type="nursery" free="0" total="6422528" percent="0">
      <mem type="allocate" free="0" total="4194304" percent="0" />
      <mem type="survivor" free="0" total="2228224" percent="0" />
    </mem>
    <mem type="tenure" free="643168" total="7798784" percent="8">
      <mem type="soa" free="253024" total="7408640" percent="3" />
      <mem type="loa" free="390144" total="390144" percent="100" />
    </mem>
    <remembered-set count="519" />
  </mem-info>
</gc-start>
<allocation-stats totalBytes="3332568" discardedBytes="74880" >
  <allocated-bytes non-tlh="16392" tlh="3316176" />
  <largest-consumer threadName="Default Executor-thread-1" threadId="0000000000831B00" bytes="3332568" />
</allocation-stats>
<gc-op id="624" type="rs-scan" timems="2.625" contextid="602" timestamp="2025-12-15T03:34:19.631">
  <scan objectsFound="21742" bytesTraced="680408" workStackOverflowCount="0" />
</gc-op>
<gc-op id="625" type="card-cleaning" timems="0.851" contextid="602" timestamp="2025-12-15T03:34:19.633">
  <card-cleaning cardsCleaned="2" bytesTraced="1344" workStackOverflowCount="0" />
</gc-op>
<gc-op id="626" type="mark" timems="10.771" contextid="602" timestamp="2025-12-15T03:34:19.644">
  <trace-info objectcount="3717" scancount="2018" scanbytes="54876" />
  <finalization candidates="730" enqueued="0" />
  <ownableSynchronizers candidates="624" cleared="0" />
  <references type="soft" candidates="4480" cleared="0" enqueued="0" dynamicThreshold="9" maxThreshold="32" />
  <references type="weak" candidates="1244" cleared="0" enqueued="0" />
  <references type="phantom" candidates="123" cleared="0" enqueued="0" />
  <stringconstants candidates="12412" cleared="17"  />
  <object-monitors candidates="14" cleared="0"  />
</gc-op>
<gc-op id="627" type="classunload" timems="0.028" contextid="602" timestamp="2025-12-15T03:34:19.645">
  <classunload-info classloadercandidates="31" classloadersunloaded="0" classesunloaded="0" anonymousclassesunloaded="0" quiescems="0.000" setupms="0.027" scanms="0.000" postms="0.000" />
</gc-op>
<gc-op id="628" type="sweep" timems="1.446" contextid="602" timestamp="2025-12-15T03:34:19.647" />
<heap-resize id="629" type="expand" space="tenure" amount="2097152" count="1" timems="0.088" reason="insufficient free space following gc" timestamp="2025-12-15T03:34:19.648" />
<gc-end id="630" type="global" contextid="602" durationms="21.339" usertimems="20.527" systemtimems="16.899" stalltimems="49.857" timestamp="2025-12-15T03:34:19.649" activeThreads="6">
  <mem-info id="631" free="5536560" total="16318464" percent="33">
    <mem type="nursery" free="2554992" total="6422528" percent="39">
      <mem type="allocate" free="2554992" total="4194304" percent="60" />
      <mem type="survivor" free="0" total="2228224" percent="0" />
    </mem>
    <mem type="tenure" free="2981568" total="9895936" percent="30" micro-fragmented="203286" macro-fragmented="0">
      <mem type="soa" free="2485952" total="9400320" percent="26" />
      <mem type="loa" free="495616" total="495616" percent="100" />
    </mem>
    <remembered-set count="517" />
  </mem-info>
</gc-end>
<cycle-end id="632" type="global" contextid="602" timestamp="2025-12-15T03:34:19.650" />
<exclusive-end id="633" timestamp="2025-12-15T03:34:19.650" durationms="24.317" />

<exclusive-start id="634" timestamp="2025-12-15T03:34:19.703" intervalms="76.709">
  <response-info timems="0.050" idlems="0.050" threads="0" lastid="0000000000831B00" lastname="Default Executor-thread-1" />
</exclusive-start>
<af-start id="635" threadId="0000000000832578" totalBytesRequested="16392" timestamp="2025-12-15T03:34:19.704" intervalms="168.717" type="nursery" />
<cycle-start id="636" type="scavenge" contextid="0" timestamp="2025-12-15T03:34:19.704" intervalms="168.596" />
<gc-start id="637" type="scavenge" contextid="636" timestamp="2025-12-15T03:34:19.705">
  <mem-info id="638" free="2981568" total="16318464" percent="18">
    <mem type="nursery" free="0" total="6422528" percent="0">
      <mem type="allocate" free="0" total="4194304" percent="0" />
      <mem type="survivor" free="0" total="2228224" percent="0" />
    </mem>
    <mem type="tenure" free="2981568" total="9895936" percent="30">
      <mem type="soa" free="2485952" total="9400320" percent="26" />
      <mem type="loa" free="495616" total="495616" percent="100" />
    </mem>
    <remembered-set count="517" />
  </mem-info>
</gc-start>
<allocation-stats totalBytes="2529448" discardedBytes="16744" >
  <allocated-bytes non-tlh="952832" tlh="1576616" />
  <largest-consumer threadName="Default Executor-thread-1" threadId="0000000000831B00" bytes="2529448" />
</allocation-stats>
<gc-op id="639" type="scavenge" timems="3.756" contextid="636" timestamp="2025-12-15T03:34:19.710">
  <scavenger-info tenureage="3" tenuremask="7008" tiltratio="65" />
  <memory-copied type="nursery" objects="25450" bytes="896224" bytesdiscarded="80664" />
  <memory-copied type="tenure" objects="10433" bytes="385656" bytesdiscarded="1368" />
  <ownableSynchronizers candidates="1149" cleared="1050" />
  <references type="phantom" candidates="1" cleared="0" enqueued="0" />
  <object-monitors candidates="14" cleared="0"  />
</gc-op>
<gc-end id="640" type="scavenge" contextid="636" durationms="5.579" usertimems="6.691" systemtimems="2.355" stalltimems="2.627" timestamp="2025-12-15T03:34:19.710" activeThreads="3">
  <mem-info id="641" free="6066768" total="16318464" percent="37">
    <mem type="nursery" free="3545088" total="6422528" percent="55">
      <mem type="allocate" free="3545088" total="4521984" percent="78" />
      <mem type="survivor" free="0" total="1900544" percent="0" />
    </mem>
    <mem type="tenure" free="2521680" total="9895936" percent="25">
      <mem type="soa" free="2026064" total="9400320" percent="21" />
      <mem type="loa" free="495616" total="495616" percent="100" />
    </mem>
    <remembered-set count="241" />
  </mem-info>
</gc-end>
<cycle-end id="642" type="scavenge" contextid="636" timestamp="2025-12-15T03:34:19.711" />
<allocation-satisfied id="643" threadId="0000000000831B00" bytesRequested="16392" />
<af-end id="644" timestamp="2025-12-15T03:34:19.713" threadId="0000000000832578" success="true" from="nursery"/>
<exclusive-end id="645" timestamp="2025-12-15T03:34:19.713" durationms="10.465" />

<exclusive-start id="646" timestamp="2025-12-15T03:34:19.785" intervalms="81.822">
  <response-info timems="0.058" idlems="0.058" threads="0" lastid="0000000000831B00" lastname="Default Executor-thread-1" />
</exclusive-start>
<af-start id="647" threadId="0000000000832578" totalBytesRequested="16392" timestamp="2025-12-15T03:34:19.785" intervalms="81.859" type="nursery" />
<cycle-start id="648" type="scavenge" contextid="0" timestamp="2025-12-15T03:34:19.786" intervalms="82.104" />
<gc-start id="649" type="scavenge" contextid="648" timestamp="2025-12-15T03:34:19.787">
  <mem-info id="650" free="2521680" total="16318464" percent="15">
    <mem type="nursery" free="0" total="6422528" percent="0">
      <mem type="allocate" free="0" total="4521984" percent="0" />
      <mem type="survivor" free="0" total="1900544" percent="0" />
    </mem>
    <mem type="tenure" free="2521680" total="9895936" percent="25">
      <mem type="soa" free="2026064" total="9400320" percent="21" />
      <mem type="loa" free="495616" total="495616" percent="100" />
    </mem>
    <remembered-set count="246" />
  </mem-info>
</gc-start>
<allocation-stats totalBytes="3531216" discardedBytes="13872" >
  <allocated-bytes non-tlh="16392" tlh="3514824" />
  <largest-consumer threadName="Default Executor-thread-1" threadId="0000000000831B00" bytes="3531216" />
</allocation-stats>
<gc-op id="651" type="scavenge" timems="3.484" contextid="648" timestamp="2025-12-15T03:34:19.792">
  <scavenger-info tenureage="3" tenuremask="7008" tiltratio="70" />
  <memory-copied type="nursery" objects="30938" bytes="1075504" bytesdiscarded="35520" />
  <memory-copied type="tenure" objects="3684" bytes="138464" bytesdiscarded="88" />
  <references type="phantom" candidates="1" cleared="0" enqueued="0" />
  <object-monitors candidates="14" cleared="0"  />
</gc-op>
<gc-end id="652" type="scavenge" contextid="648" durationms="5.707" usertimems="6.784" systemtimems="0.897" stalltimems="2.841" timestamp="2025-12-15T03:34:19.793" activeThreads="3">
  <mem-info id="653" free="5839192" total="16318464" percent="35">
    <mem type="nursery" free="3476488" total="6422528" percent="54">
      <mem type="allocate" free="3476488" total="4587520" percent="75" />
      <mem type="survivor" free="0" total="1835008" percent="0" />
    </mem>
    <mem type="tenure" free="2362704" total="9895936" percent="23">
      <mem type="soa" free="1867088" total="9400320" percent="19" />
      <mem type="loa" free="495616" total="495616" percent="100" />
    </mem>
    <remembered-set count="270" />
  </mem-info>
</gc-end>
<cycle-end id="654" type="scavenge" contextid="648" timestamp="2025-12-15T03:34:19.794" />
<allocation-satisfied id="655" threadId="0000000000831B00" bytesRequested="16392" />
<af-end id="656" timestamp="2025-12-15T03:34:19.795" threadId="0000000000832578" success="true" from="nursery"/>
<exclusive-end id="657" timestamp="2025-12-15T03:34:19.796" durationms="10.933" />

<exclusive-start id="658" timestamp="2025-12-15T03:34:19.871" intervalms="86.130">
  <response-info timems="0.063" idlems="0.063" threads="0" lastid="0000000000831B00" lastname="Default Executor-thread-1" />
</exclusive-start>
<af-start id="659" threadId="0000000000832578" totalBytesRequested="16392" timestamp="2025-12-15T03:34:19.872" intervalms="86.140" type="nursery" />
<cycle-start id="660" type="scavenge" contextid="0" timestamp="2025-12-15T03:34:19.872" intervalms="86.054" />
<gc-start id="661" type="scavenge" contextid="660" timestamp="2025-12-15T03:34:19.873">
  <mem-info id="662" free="2361728" total="16318464" percent="14">
    <mem type="nursery" free="0" total="6422528" percent="0">
      <mem type="allocate" free="0" total="4587520" percent="0" />
      <mem type="survivor" free="0" total="1835008" percent="0" />
    </mem>
    <mem type="tenure" free="2361728" total="9895936" percent="23">
      <mem type="soa" free="1866112" total="9400320" percent="19" />
      <mem type="loa" free="495616" total="495616" percent="100" />
    </mem>
    <remembered-set count="331" />
  </mem-info>
</gc-start>
<allocation-stats totalBytes="3461688" discardedBytes="15776" >
  <allocated-bytes non-tlh="17368" tlh="3444320" />
  <largest-consumer threadName="Default Executor-thread-1" threadId="0000000000831B00" bytes="3432168" />
</allocation-stats>
<gc-op id="663" type="scavenge" timems="4.048" contextid="660" timestamp="2025-12-15T03:34:19.879">
  <scavenger-info tenureage="3" tenuremask="7008" tiltratio="71" />
  <memory-copied type="nursery" objects="33567" bytes="1168816" bytesdiscarded="21624" />
  <memory-copied type="tenure" objects="6424" bytes="223248" bytesdiscarded="824" />
  <ownableSynchronizers candidates="4" cleared="0" />
  <references type="weak" candidates="16" cleared="4" enqueued="4" />
  <references type="phantom" candidates="1" cleared="0" enqueued="0" />
  <object-monitors candidates="16" cleared="0"  />
</gc-op>
<heap-resize id="664" type="expand" space="nursery" amount="393216" count="1" timems="0.059" reason="excessive time being spent scavenging" timestamp="2025-12-15T03:34:19.879" />
<gc-end id="665" type="scavenge" contextid="660" durationms="6.814" usertimems="10.085" systemtimems="0.000" stalltimems="3.324" timestamp="2025-12-15T03:34:19.880" activeThreads="3">
  <mem-info id="666" free="5736632" total="16711680" percent="34">
    <mem type="nursery" free="3724688" total="6815744" percent="54">
      <mem type="allocate" free="3724688" total="4915200" percent="75" />
      <mem type="survivor" free="0" total="1900544" percent="0" />
    </mem>
    <mem type="tenure" free="2011944" total="9895936" percent="20">
      <mem type="soa" free="1516328" total="9400320" percent="16" />
      <mem type="loa" free="495616" total="495616" percent="100" />
    </mem>
    <pending-finalizers system="0" default="0" reference="4" classloader="0" />
    <remembered-set count="306" />
  </mem-info>
</gc-end>
<cycle-end id="667" type="scavenge" contextid="660" timestamp="2025-12-15T03:34:19.881" />
<allocation-satisfied id="668" threadId="0000000000831B00" bytesRequested="16392" />
<af-end id="669" timestamp="2025-12-15T03:34:19.882" threadId="0000000000832578" success="true" from="nursery"/>
<exclusive-end id="670" timestamp="2025-12-15T03:34:19.883" durationms="12.329" />

<exclusive-start id="671" timestamp="2025-12-15T03:34:19.960" intervalms="88.812">
  <response-info timems="0.057" idlems="0.057" threads="0" lastid="0000000000831B00" lastname="Default Executor-thread-1" />
</exclusive-start>
<af-start id="672" threadId="0000000000832578" totalBytesRequested="16392" timestamp="2025-12-15T03:34:19.960" intervalms="88.898" type="nursery" />
<cycle-start id="673" type="scavenge" contextid="0" timestamp="2025-12-15T03:34:19.961" intervalms="88.999" />
<gc-start id="674" type="scavenge" contextid="673" timestamp="2025-12-15T03:34:19.962">
  <mem-info id="675" free="2011944" total="16711680" percent="12">
    <mem type="nursery" free="0" total="6815744" percent="0">
      <mem type="allocate" free="0" total="4915200" percent="0" />
      <mem type="survivor" free="0" total="1900544" percent="0" />
    </mem>
    <mem type="tenure" free="2011944" total="9895936" percent="20">
      <mem type="soa" free="1516328" total="9400320" percent="16" />
      <mem type="loa" free="495616" total="495616" percent="100" />
    </mem>
    <remembered-set count="326" />
  </mem-info>
</gc-start>
<allocation-stats totalBytes="3690232" discardedBytes="34456" >
  <allocated-bytes non-tlh="16392" tlh="3673840" />
  <largest-consumer threadName="Default Executor-thread-1" threadId="0000000000831B00" bytes="3690232" />
</allocation-stats>
<gc-op id="676" type="scavenge" timems="3.875" contextid="673" timestamp="2025-12-15T03:34:19.968">
  <scavenger-info tenureage="3" tenuremask="7008" tiltratio="72" />
  <memory-copied type="nursery" objects="27777" bytes="982072" bytesdiscarded="48984" />
  <memory-copied type="tenure" objects="15327" bytes="520544" bytesdiscarded="224" />
  <ownableSynchronizers candidates="4" cleared="0" />
  <references type="weak" candidates="12" cleared="0" enqueued="0" />
  <references type="phantom" candidates="1" cleared="0" enqueued="0" />
  <object-monitors candidates="16" cleared="0"  />
</gc-op>
<gc-end id="677" type="scavenge" contextid="673" durationms="6.437" usertimems="9.670" systemtimems="0.000" stalltimems="2.947" timestamp="2025-12-15T03:34:19.969" activeThreads="3">
  <mem-info id="678" free="5504896" total="16711680" percent="32">
    <mem type="nursery" free="4015192" total="6815744" percent="58">
      <mem type="allocate" free="4015192" total="5046272" percent="79" />
      <mem type="survivor" free="0" total="1769472" percent="0" />
    </mem>
    <mem type="tenure" free="1489704" total="9895936" percent="15">
      <mem type="soa" free="994088" total="9400320" percent="10" />
      <mem type="loa" free="495616" total="495616" percent="100" />
    </mem>
    <remembered-set count="370" />
  </mem-info>
</gc-end>
<cycle-end id="679" type="scavenge" contextid="673" timestamp="2025-12-15T03:34:19.969" />
<allocation-satisfied id="680" threadId="0000000000831B00" bytesRequested="16392" />
<af-end id="681" timestamp="2025-12-15T03:34:19.971" threadId="0000000000832578" success="true" from="nursery"/>
<exclusive-end id="682" timestamp="2025-12-15T03:34:19.972" durationms="11.969" />

<concurrent-kickoff id="683" timestamp="2025-12-15T03:34:20.037">
  <kickoff reason="threshold reached" targetBytes="3517733" thresholdFreeBytes="487360"  remainingFree="382040" tenureFreeBytes="1489704" nurseryFreeBytes="382040" />
</concurrent-kickoff>
<exclusive-start id="684" timestamp="2025-12-15T03:34:20.038" intervalms="78.781">
  <response-info timems="0.051" idlems="0.051" threads="0" lastid="0000000000831B00" lastname="Default Executor-thread-1" />
</exclusive-start>
<cycle-start id="685" type="global" contextid="0" timestamp="2025-12-15T03:34:20.039" intervalms="518.520" />
<concurrent-start id="686" type="global mark" contextid="685" timestamp="2025-12-15T03:34:20.040">
</concurrent-start>
<exclusive-end id="687" timestamp="2025-12-15T03:34:20.041" durationms="2.866" />

<exclusive-start id="688" timestamp="2025-12-15T03:34:20.057" intervalms="18.595">
  <response-info timems="0.051" idlems="0.051" threads="0" lastid="0000000000831B00" lastname="Default Executor-thread-1" />
</exclusive-start>
<af-start id="689" threadId="0000000000832578" totalBytesRequested="16392" timestamp="2025-12-15T03:34:20.058" intervalms="97.429" type="nursery" />
<cycle-start id="690" type="scavenge" contextid="0" timestamp="2025-12-15T03:34:20.059" intervalms="97.516" />
<gc-start id="691" type="scavenge" contextid="690" timestamp="2025-12-15T03:34:20.060">
  <mem-info id="692" free="1489704" total="16711680" percent="8">
    <mem type="nursery" free="0" total="6815744" percent="0">
      <mem type="allocate" free="0" total="5046272" percent="0" />
      <mem type="survivor" free="0" total="1769472" percent="0" />
    </mem>
    <mem type="tenure" free="1489704" total="9895936" percent="15">
      <mem type="soa" free="994088" total="9400320" percent="10" />
      <mem type="loa" free="495616" total="495616" percent="100" />
    </mem>
    <remembered-set count="406" />
  </mem-info>
</gc-start>
<allocation-stats totalBytes="3966352" discardedBytes="48840" >
  <allocated-bytes non-tlh="16392" tlh="3949960" />
  <largest-consumer threadName="Default Executor-thread-1" threadId="0000000000831B00" bytes="3966352" />
</allocation-stats>
<gc-op id="693" type="scavenge" timems="3.886" contextid="690" timestamp="2025-12-15T03:34:20.066">
  <scavenger-info tenureage="3" tenuremask="7008" tiltratio="74" />
  <memory-copied type="nursery" objects="29004" bytes="1019296" bytesdiscarded="24768" />
  <memory-copied type="tenure" objects="9174" bytes="318752" bytesdiscarded="872" />
  <ownableSynchronizers candidates="4" cleared="0" />
  <references type="weak" candidates="12" cleared="0" enqueued="0" />
  <references type="phantom" candidates="1" cleared="0" enqueued="0" />
  <object-monitors candidates="16" cleared="0"  />
</gc-op>
<heap-resize id="694" type="expand" space="nursery" amount="393216" count="1" timems="0.053" reason="excessive time being spent scavenging" timestamp="2025-12-15T03:34:20.067" />
<gc-end id="695" type="scavenge" contextid="690" durationms="7.625" usertimems="4.748" systemtimems="4.424" stalltimems="3.611" timestamp="2025-12-15T03:34:20.068" activeThreads="3">
  <mem-info id="696" free="5474368" total="17104896" percent="32">
    <mem type="nursery" free="4395400" total="7208960" percent="60">
      <mem type="allocate" free="4395400" total="5439488" percent="80" />
      <mem type="survivor" free="0" total="1769472" percent="0" />
    </mem>
    <mem type="tenure" free="1078968" total="9895936" percent="10">
      <mem type="soa" free="583352" total="9400320" percent="6" />
      <mem type="loa" free="495616" total="495616" percent="100" />
    </mem>
    <remembered-set count="395" />
  </mem-info>
</gc-end>
<cycle-end id="697" type="scavenge" contextid="690" timestamp="2025-12-15T03:34:20.068" />
<allocation-satisfied id="698" threadId="0000000000831B00" bytesRequested="16392" />
<af-end id="699" timestamp="2025-12-15T03:34:20.070" threadId="0000000000832578" success="true" from="nursery"/>
<exclusive-end id="700" timestamp="2025-12-15T03:34:20.071" durationms="13.886" />

<concurrent-end id="701" type="global mark" contextid="685" timestamp="2025-12-15T03:34:20.176">
<gc-op id="702" type="trace" timems="135.604" contextid="685" timestamp="2025-12-15T03:34:20.176">
  <trace bytesTraced="4077484" workStackOverflowCount="0" />
  <card-cleaning reason="card cleaning threshold reached" bytesTraced="2048" cardsCleaned="55" />
</gc-op>
</concurrent-end>

<exclusive-start id="703" timestamp="2025-12-15T03:34:20.178" intervalms="120.878">
  <response-info timems="0.058" idlems="0.058" threads="0" lastid="0000000000831B00" lastname="Default Executor-thread-1" />
</exclusive-start>
<concurrent-global-final id="704" timestamp="2025-12-15T03:34:20.179" contextid="685" intervalms="552.274" >
  <concurrent-trace-info reason="card cleaning threshold reached" tracedByMutators="25628" tracedByHelpers="4053904" cardsCleaned="55" workStackOverflowCount="0" />
</concurrent-global-final>
<gc-start id="705" type="global" contextid="685" timestamp="2025-12-15T03:34:20.180">
  <mem-info id="706" free="1078968" total="17104896" percent="6">
    <mem type="nursery" free="0" total="7208960" percent="0">
      <mem type="allocate" free="0" total="5439488" percent="0" />
      <mem type="survivor" free="0" total="1769472" percent="0" />
    </mem>
    <mem type="tenure" free="1078968" total="9895936" percent="10">
      <mem type="soa" free="583352" total="9400320" percent="6" />
      <mem type="loa" free="495616" total="495616" percent="100" />
    </mem>
    <remembered-set count="463" />
  </mem-info>
</gc-start>
<allocation-stats totalBytes="4323008" discardedBytes="72392" >
  <allocated-bytes non-tlh="16392" tlh="4306616" />
  <largest-consumer threadName="Default Executor-thread-1" threadId="0000000000831B00" bytes="4323008" />
</allocation-stats>
<gc-op id="707" type="rs-scan" timems="3.134" contextid="685" timestamp="2025-12-15T03:34:20.185">
  <scan objectsFound="59872" bytesTraced="1701620" workStackOverflowCount="0" />
</gc-op>
<gc-op id="708" type="card-cleaning" timems="1.734" contextid="685" timestamp="2025-12-15T03:34:20.188">
  <card-cleaning cardsCleaned="4" bytesTraced="1928" workStackOverflowCount="0" />
</gc-op>
<gc-op id="709" type="mark" timems="5.909" contextid="685" timestamp="2025-12-15T03:34:20.195">
  <trace-info objectcount="173" scancount="167" scanbytes="3328" />
  <finalization candidates="730" enqueued="0" />
  <ownableSynchronizers candidates="628" cleared="2" />
  <references type="soft" candidates="4480" cleared="0" enqueued="0" dynamicThreshold="9" maxThreshold="32" />
  <references type="weak" candidates="1256" cleared="0" enqueued="0" />
  <references type="phantom" candidates="123" cleared="0" enqueued="0" />
  <stringconstants candidates="12398" cleared="0"  />
  <object-monitors candidates="16" cleared="0"  />
</gc-op>
<gc-op id="710" type="sweep" timems="2.676" contextid="685" timestamp="2025-12-15T03:34:20.199" />
<heap-resize id="711" type="expand" space="tenure" amount="2293760" count="1" timems="0.087" reason="insufficient free space following gc" timestamp="2025-12-15T03:34:20.200" />
<gc-end id="712" type="global" contextid="685" durationms="20.801" usertimems="30.305" systemtimems="7.185" stalltimems="48.133" timestamp="2025-12-15T03:34:20.201" activeThreads="8">
  <mem-info id="713" free="6991072" total="19398656" percent="36">
    <mem type="nursery" free="3305320" total="7208960" percent="45">
      <mem type="allocate" free="3305320" total="5439488" percent="60" />
      <mem type="survivor" free="0" total="1769472" percent="0" />
    </mem>
    <mem type="tenure" free="3685752" total="12189696" percent="30" micro-fragmented="173496" macro-fragmented="0">
      <mem type="soa" free="3075448" total="11579392" percent="26" />
      <mem type="loa" free="610304" total="610304" percent="100" />
    </mem>
    <remembered-set count="458" />
  </mem-info>
</gc-end>
<cycle-end id="714" type="global" contextid="685" timestamp="2025-12-15T03:34:20.202" />
<exclusive-end id="715" timestamp="2025-12-15T03:34:20.203" durationms="25.372" />

<exclusive-start id="716" timestamp="2025-12-15T03:34:20.281" intervalms="103.629">
  <response-info timems="0.059" idlems="0.059" threads="0" lastid="0000000000831B00" lastname="Default Executor-thread-1" />
</exclusive-start>
<af-start id="717" threadId="0000000000832578" totalBytesRequested="16392" timestamp="2025-12-15T03:34:20.283" intervalms="224.661" type="nursery" />
<cycle-start id="718" type="scavenge" contextid="0" timestamp="2025-12-15T03:34:20.283" intervalms="224.539" />
<gc-start id="719" type="scavenge" contextid="718" timestamp="2025-12-15T03:34:20.284">
  <mem-info id="720" free="3685752" total="19398656" percent="19">
    <mem type="nursery" free="0" total="7208960" percent="0">
      <mem type="allocate" free="0" total="5439488" percent="0" />
      <mem type="survivor" free="0" total="1769472" percent="0" />
    </mem>
    <mem type="tenure" free="3685752" total="12189696" percent="30">
      <mem type="soa" free="3075448" total="11579392" percent="26" />
      <mem type="loa" free="610304" total="610304" percent="100" />
    </mem>
    <remembered-set count="544" />
  </mem-info>
</gc-start>
<allocation-stats totalBytes="3254440" discardedBytes="34784" >
  <allocated-bytes non-tlh="1366160" tlh="1888280" />
  <largest-consumer threadName="Default Executor-thread-1" threadId="0000000000831B00" bytes="3254440" />
</allocation-stats>
<gc-op id="721" type="scavenge" timems="3.609" contextid="718" timestamp="2025-12-15T03:34:20.290">
  <scavenger-info tenureage="3" tenuremask="7008" tiltratio="75" />
  <memory-copied type="nursery" objects="39567" bytes="1391688" bytesdiscarded="35896" />
  <memory-copied type="tenure" objects="9045" bytes="312296" bytesdiscarded="736" />
  <ownableSynchronizers candidates="1252" cleared="1248" />
  <references type="phantom" candidates="1" cleared="0" enqueued="0" />
  <object-monitors candidates="16" cleared="0"  />
</gc-op>
<gc-end id="722" type="scavenge" contextid="718" durationms="6.598" usertimems="8.307" systemtimems="1.460" stalltimems="1.604" timestamp="2025-12-15T03:34:20.291" activeThreads="3">
  <mem-info id="723" free="6906488" total="19398656" percent="35">
    <mem type="nursery" free="3684216" total="7208960" percent="51">
      <mem type="allocate" free="3684216" total="5111808" percent="72" />
      <mem type="survivor" free="0" total="2097152" percent="0" />
    </mem>
    <mem type="tenure" free="3222272" total="12189696" percent="26">
      <mem type="soa" free="2611968" total="11579392" percent="22" />
      <mem type="loa" free="610304" total="610304" percent="100" />
    </mem>
    <remembered-set count="381" />
  </mem-info>
</gc-end>
<cycle-end id="724" type="scavenge" contextid="718" timestamp="2025-12-15T03:34:20.292" />
<allocation-satisfied id="725" threadId="0000000000831B00" bytesRequested="16392" />
<af-end id="726" timestamp="2025-12-15T03:34:20.294" threadId="0000000000832578" success="true" from="nursery"/>
<exclusive-end id="727" timestamp="2025-12-15T03:34:20.295" durationms="13.583" />

<exclusive-start id="728" timestamp="2025-12-15T03:34:20.381" intervalms="99.381">
  <response-info timems="0.055" idlems="0.055" threads="0" lastid="0000000000831B00" lastname="Default Executor-thread-1" />
</exclusive-start>
<af-start id="729" threadId="0000000000832578" totalBytesRequested="8200" timestamp="2025-12-15T03:34:20.382" intervalms="99.254" type="nursery" />
<cycle-start id="730" type="scavenge" contextid="0" timestamp="2025-12-15T03:34:20.383" intervalms="99.354" />
<gc-start id="731" type="scavenge" contextid="730" timestamp="2025-12-15T03:34:20.384">
  <mem-info id="732" free="3222272" total="19398656" percent="16">
    <mem type="nursery" free="0" total="7208960" percent="0">
      <mem type="allocate" free="0" total="5111808" percent="0" />
      <mem type="survivor" free="0" total="2097152" percent="0" />
    </mem>
    <mem type="tenure" free="3222272" total="12189696" percent="26">
      <mem type="soa" free="2611968" total="11579392" percent="22" />
      <mem type="loa" free="610304" total="610304" percent="100" />
    </mem>
    <remembered-set count="448" />
  </mem-info>
</gc-start>
<allocation-stats totalBytes="3667192" discardedBytes="17024" >
  <allocated-bytes non-tlh="16392" tlh="3650800" />
  <largest-consumer threadName="Default Executor-thread-1" threadId="0000000000831B00" bytes="3646712" />
</allocation-stats>
<gc-op id="733" type="scavenge" timems="4.151" contextid="730" timestamp="2025-12-15T03:34:20.389">
  <scavenger-info tenureage="3" tenuremask="7008" tiltratio="70" />
  <memory-copied type="nursery" objects="39172" bytes="1387848" bytesdiscarded="38856" />
  <memory-copied type="tenure" objects="9539" bytes="333664" bytesdiscarded="192" />
  <ownableSynchronizers candidates="4" cleared="0" />
  <references type="weak" candidates="2" cleared="0" enqueued="0" />
  <references type="phantom" candidates="1" cleared="0" enqueued="0" />
  <object-monitors candidates="18" cleared="0"  />
</gc-op>
<gc-end id="734" type="scavenge" contextid="730" durationms="6.715" usertimems="4.748" systemtimems="5.967" stalltimems="2.486" timestamp="2025-12-15T03:34:20.390" activeThreads="3">
  <mem-info id="735" free="6724040" total="19398656" percent="34">
    <mem type="nursery" free="3947192" total="7208960" percent="54">
      <mem type="allocate" free="3947192" total="5373952" percent="73" />
      <mem type="survivor" free="0" total="1835008" percent="0" />
    </mem>
    <mem type="tenure" free="2776848" total="12189696" percent="22">
      <mem type="soa" free="2166544" total="11579392" percent="18" />
      <mem type="loa" free="610304" total="610304" percent="100" />
    </mem>
    <remembered-set count="437" />
  </mem-info>
</gc-end>
<cycle-end id="736" type="scavenge" contextid="730" timestamp="2025-12-15T03:34:20.392" />
<allocation-satisfied id="737" threadId="0000000000831B00" bytesRequested="8200" />
<af-end id="738" timestamp="2025-12-15T03:34:20.393" threadId="0000000000832578" success="true" from="nursery"/>
<exclusive-end id="739" timestamp="2025-12-15T03:34:20.394" durationms="13.004" />

<exclusive-start id="740" timestamp="2025-12-15T03:34:20.470" intervalms="88.769">
  <response-info timems="0.063" idlems="0.063" threads="0" lastid="0000000000831B00" lastname="Default Executor-thread-1" />
</exclusive-start>
<af-start id="741" threadId="0000000000832578" totalBytesRequested="16392" timestamp="2025-12-15T03:34:20.471" intervalms="88.749" type="nursery" />
<cycle-start id="742" type="scavenge" contextid="0" timestamp="2025-12-15T03:34:20.471" intervalms="88.600" />
<gc-start id="743" type="scavenge" contextid="742" timestamp="2025-12-15T03:34:20.472">
  <mem-info id="744" free="2776848" total="19398656" percent="14">
    <mem type="nursery" free="0" total="7208960" percent="0">
      <mem type="allocate" free="0" total="5373952" percent="0" />
      <mem type="survivor" free="0" total="1835008" percent="0" />
    </mem>
    <mem type="tenure" free="2776848" total="12189696" percent="22">
      <mem type="soa" free="2166544" total="11579392" percent="18" />
      <mem type="loa" free="610304" total="610304" percent="100" />
    </mem>
    <remembered-set count="472" />
  </mem-info>
</gc-start>
<allocation-stats totalBytes="3907000" discardedBytes="40192" >
  <allocated-bytes non-tlh="8200" tlh="3898800" />
  <largest-consumer threadName="Default Executor-thread-1" threadId="0000000000831B00" bytes="3907000" />
</allocation-stats>
<gc-op id="745" type="scavenge" timems="3.840" contextid="742" timestamp="2025-12-15T03:34:20.477">
  <scavenger-info tenureage="3" tenuremask="7008" tiltratio="74" />
  <memory-copied type="nursery" objects="38667" bytes="1393280" bytesdiscarded="49288" />
  <memory-copied type="tenure" objects="10401" bytes="355744" bytesdiscarded="48" />
  <ownableSynchronizers candidates="4" cleared="0" />
  <references type="weak" candidates="2" cleared="0" enqueued="0" />
  <references type="phantom" candidates="1" cleared="0" enqueued="0" />
  <object-monitors candidates="18" cleared="0"  />
</gc-op>
<heap-resize id="746" type="expand" space="nursery" amount="393216" count="1" timems="0.055" reason="excessive time being spent scavenging" timestamp="2025-12-15T03:34:20.479" />
<gc-end id="747" type="scavenge" contextid="742" durationms="7.547" usertimems="4.677" systemtimems="5.946" stalltimems="2.049" timestamp="2025-12-15T03:34:20.480" activeThreads="3">
  <mem-info id="748" free="6628848" total="19791872" percent="33">
    <mem type="nursery" free="4259040" total="7602176" percent="56">
      <mem type="allocate" free="4259040" total="5701632" percent="74" />
      <mem type="survivor" free="0" total="1900544" percent="0" />
    </mem>
    <mem type="tenure" free="2369808" total="12189696" percent="19">
      <mem type="soa" free="1759504" total="11579392" percent="15" />
      <mem type="loa" free="610304" total="610304" percent="100" />
    </mem>
    <remembered-set count="459" />
  </mem-info>
</gc-end>
<cycle-end id="749" type="scavenge" contextid="742" timestamp="2025-12-15T03:34:20.481" />
<allocation-satisfied id="750" threadId="0000000000831B00" bytesRequested="16392" />
<af-end id="751" timestamp="2025-12-15T03:34:20.482" threadId="0000000000832578" success="true" from="nursery"/>
<exclusive-end id="752" timestamp="2025-12-15T03:34:20.483" durationms="13.463" />

<exclusive-start id="753" timestamp="2025-12-15T03:34:20.562" intervalms="92.049">
  <response-info timems="0.058" idlems="0.058" threads="0" lastid="0000000000831B00" lastname="Default Executor-thread-1" />
</exclusive-start>
<af-start id="754" threadId="0000000000832578" totalBytesRequested="25864" timestamp="2025-12-15T03:34:20.563" intervalms="91.963" type="nursery" />
<cycle-start id="755" type="scavenge" contextid="0" timestamp="2025-12-15T03:34:20.563" intervalms="92.030" />
<gc-start id="756" type="scavenge" contextid="755" timestamp="2025-12-15T03:34:20.564">
  <mem-info id="757" free="2369808" total="19791872" percent="11">
    <mem type="nursery" free="0" total="7602176" percent="0">
      <mem type="allocate" free="0" total="5701632" percent="0" />
      <mem type="survivor" free="0" total="1900544" percent="0" />
    </mem>
    <mem type="tenure" free="2369808" total="12189696" percent="19">
      <mem type="soa" free="1759504" total="11579392" percent="15" />
      <mem type="loa" free="610304" total="610304" percent="100" />
    </mem>
    <remembered-set count="521" />
  </mem-info>
</gc-start>
<allocation-stats totalBytes="4247192" discardedBytes="11848" >
  <allocated-bytes non-tlh="16392" tlh="4230800" />
  <largest-consumer threadName="Default Executor-thread-1" threadId="0000000000831B00" bytes="4247192" />
</allocation-stats>
<gc-op id="758" type="scavenge" timems="5.500" contextid="755" timestamp="2025-12-15T03:34:20.571">
  <scavenger-info tenureage="2" tenuremask="700c" tiltratio="75" />
  <memory-copied type="nursery" objects="20433" bytes="769408" bytesdiscarded="45488" />
  <memory-copied type="tenure" objects="28760" bytes="1031712" bytesdiscarded="1336" />
  <ownableSynchronizers candidates="4" cleared="0" />
  <references type="phantom" candidates="1" cleared="0" enqueued="0" />
  <object-monitors candidates="18" cleared="0"  />
</gc-op>
<heap-resize id="759" type="expand" space="nursery" amount="393216" count="1" timems="0.050" reason="excessive time being spent scavenging" timestamp="2025-12-15T03:34:20.573" />
<gc-end id="760" type="scavenge" contextid="755" durationms="9.313" usertimems="12.101" systemtimems="1.302" stalltimems="3.935" timestamp="2025-12-15T03:34:20.574" activeThreads="3">
  <mem-info id="761" free="6649424" total="20185088" percent="32">
    <mem type="nursery" free="5279944" total="7995392" percent="66">
      <mem type="allocate" free="5279944" total="6094848" percent="86" />
      <mem type="survivor" free="0" total="1900544" percent="0" />
    </mem>
    <mem type="tenure" free="1369480" total="12189696" percent="11">
      <mem type="soa" free="759176" total="11579392" percent="6" />
      <mem type="loa" free="610304" total="610304" percent="100" />
    </mem>
    <remembered-set count="394" />
  </mem-info>
</gc-end>
<cycle-end id="762" type="scavenge" contextid="755" timestamp="2025-12-15T03:34:20.575" />
<allocation-satisfied id="763" threadId="0000000000831B00" bytesRequested="25864" />
<af-end id="764" timestamp="2025-12-15T03:34:20.577" threadId="0000000000832578" success="true" from="nursery"/>
<exclusive-end id="765" timestamp="2025-12-15T03:34:20.578" durationms="15.897" />

<concurrent-kickoff id="766" timestamp="2025-12-15T03:34:20.660">
  <kickoff reason="threshold reached" targetBytes="4456206" thresholdFreeBytes="617530"  remainingFree="512200" tenureFreeBytes="1369480" nurseryFreeBytes="512200" />
</concurrent-kickoff>
<exclusive-start id="767" timestamp="2025-12-15T03:34:20.662" intervalms="99.867">
  <response-info timems="0.051" idlems="0.051" threads="0" lastid="0000000000831B00" lastname="Default Executor-thread-1" />
</exclusive-start>
<cycle-start id="768" type="global" contextid="0" timestamp="2025-12-15T03:34:20.662" intervalms="622.840" />
<concurrent-start id="769" type="global mark" contextid="768" timestamp="2025-12-15T03:34:20.663">
</concurrent-start>
<exclusive-end id="770" timestamp="2025-12-15T03:34:20.664" durationms="2.229" />

<exclusive-start id="771" timestamp="2025-12-15T03:34:20.680" intervalms="18.599">
  <response-info timems="0.063" idlems="0.063" threads="0" lastid="0000000000831B00" lastname="Default Executor-thread-1" />
</exclusive-start>
<af-start id="772" threadId="0000000000832578" totalBytesRequested="8200" timestamp="2025-12-15T03:34:20.681" intervalms="118.836" type="nursery" />
<cycle-start id="773" type="scavenge" contextid="0" timestamp="2025-12-15T03:34:20.682" intervalms="118.780" />
<gc-start id="774" type="scavenge" contextid="773" timestamp="2025-12-15T03:34:20.683">
  <mem-info id="775" free="1369480" total="20185088" percent="6">
    <mem type="nursery" free="0" total="7995392" percent="0">
      <mem type="allocate" free="0" total="6094848" percent="0" />
      <mem type="survivor" free="0" total="1900544" percent="0" />
    </mem>
    <mem type="tenure" free="1369480" total="12189696" percent="11">
      <mem type="soa" free="759176" total="11579392" percent="6" />
      <mem type="loa" free="610304" total="610304" percent="100" />
    </mem>
    <remembered-set count="503" />
  </mem-info>
</gc-start>
<allocation-stats totalBytes="5267752" discardedBytes="12192" >
  <allocated-bytes non-tlh="25864" tlh="5241888" />
  <largest-consumer threadName="Default Executor-thread-1" threadId="0000000000831B00" bytes="5267752" />
</allocation-stats>
<gc-op id="776" type="scavenge" timems="2.958" contextid="773" timestamp="2025-12-15T03:34:20.688">
  <scavenger-info tenureage="12" tenuremask="7000" tiltratio="76" />
  <memory-copied type="nursery" objects="33887" bytes="1222144" bytesdiscarded="34376" />
  <references type="phantom" candidates="1" cleared="0" enqueued="0" />
  <object-monitors candidates="18" cleared="0"  />
</gc-op>
<gc-end id="777" type="scavenge" contextid="773" durationms="5.615" usertimems="5.220" systemtimems="1.901" stalltimems="1.797" timestamp="2025-12-15T03:34:20.689" activeThreads="3">
  <mem-info id="778" free="6273336" total="20185088" percent="31">
    <mem type="nursery" free="4903856" total="7995392" percent="61">
      <mem type="allocate" free="4903856" total="6160384" percent="79" />
      <mem type="survivor" free="0" total="1835008" percent="0" />
    </mem>
    <mem type="tenure" free="1369480" total="12189696" percent="11">
      <mem type="soa" free="759176" total="11579392" percent="6" />
      <mem type="loa" free="610304" total="610304" percent="100" />
    </mem>
    <remembered-set count="503" />
  </mem-info>
</gc-end>
<cycle-end id="779" type="scavenge" contextid="773" timestamp="2025-12-15T03:34:20.690" />
<allocation-satisfied id="780" threadId="0000000000831B00" bytesRequested="8200" />
<af-end id="781" timestamp="2025-12-15T03:34:20.691" threadId="0000000000832578" success="true" from="nursery"/>
<exclusive-end id="782" timestamp="2025-12-15T03:34:20.692" durationms="11.995" />

<concurrent-end id="783" type="global mark" contextid="768" timestamp="2025-12-15T03:34:20.800">
<gc-op id="784" type="trace" timems="137.225" contextid="768" timestamp="2025-12-15T03:34:20.800">
  <trace bytesTraced="6175144" workStackOverflowCount="0" />
  <card-cleaning reason="card cleaning threshold reached" bytesTraced="33360" cardsCleaned="111" />
</gc-op>
</concurrent-end>

<exclusive-start id="785" timestamp="2025-12-15T03:34:20.802" intervalms="121.657">
  <response-info timems="1.438" idlems="0.767" threads="1" lastid="0000000000831B00" lastname="Default Executor-thread-1" />
</exclusive-start>
<af-start id="786" threadId="00000000007E8178" totalBytesRequested="32" timestamp="2025-12-15T03:34:20.803" intervalms="121.220" type="nursery" />
<percolate-collect id="787" from="nursery" to="global" reason="concurrent mark exhausted" timestamp="2025-12-15T03:34:20.803"/>
<gc-start id="788" type="global" contextid="768" timestamp="2025-12-15T03:34:20.804">
  <mem-info id="789" free="1368328" total="20185088" percent="6">
    <mem type="nursery" free="0" total="7995392" percent="0">
      <mem type="allocate" free="0" total="6160384" percent="0" />
      <mem type="survivor" free="0" total="1835008" percent="0" />
    </mem>
    <mem type="tenure" free="1368328" total="12189696" percent="11">
      <mem type="soa" free="758024" total="11579392" percent="6" />
      <mem type="loa" free="610304" total="610304" percent="100" />
    </mem>
    <remembered-set count="621" />
  </mem-info>
</gc-start>
<allocation-stats totalBytes="4863776" discardedBytes="41232" >
  <allocated-bytes non-tlh="9352" tlh="4854424" />
  <largest-consumer threadName="Default Executor-thread-1" threadId="0000000000831B00" bytes="4822248" />
</allocation-stats>
<gc-op id="790" type="rs-scan" timems="3.568" contextid="768" timestamp="2025-12-15T03:34:20.809">
  <scan objectsFound="21703" bytesTraced="642900" workStackOverflowCount="0" />
</gc-op>
<gc-op id="791" type="card-cleaning" timems="1.659" contextid="768" timestamp="2025-12-15T03:34:20.812">
  <card-cleaning cardsCleaned="8" bytesTraced="429228" workStackOverflowCount="0" />
</gc-op>
<gc-op id="792" type="mark" timems="6.294" contextid="768" timestamp="2025-12-15T03:34:20.819">
  <trace-info objectcount="210" scancount="195" scanbytes="4564" />
  <finalization candidates="735" enqueued="5" />
  <ownableSynchronizers candidates="630" cleared="2" />
  <references type="soft" candidates="4480" cleared="0" enqueued="0" dynamicThreshold="9" maxThreshold="32" />
  <references type="weak" candidates="1275" cleared="11" enqueued="11" />
  <references type="phantom" candidates="125" cleared="2" enqueued="2" />
  <stringconstants candidates="12408" cleared="0"  />
  <object-monitors candidates="18" cleared="0"  />
</gc-op>
<gc-op id="793" type="sweep" timems="2.433" contextid="768" timestamp="2025-12-15T03:34:20.822" />
<heap-resize id="794" type="expand" space="tenure" amount="2883584" count="1" timems="2.046" reason="insufficient free space following gc" timestamp="2025-12-15T03:34:20.825" />
<gc-end id="795" type="global" contextid="768" durationms="21.806" usertimems="26.474" systemtimems="18.959" stalltimems="54.929" timestamp="2025-12-15T03:34:20.826" activeThreads="9">
  <mem-info id="796" free="8175656" total="23068672" percent="35">
    <mem type="nursery" free="3643232" total="7995392" percent="45">
      <mem type="allocate" free="3643232" total="6160384" percent="59" />
      <mem type="survivor" free="0" total="1835008" percent="0" />
    </mem>
    <mem type="tenure" free="4532424" total="15073280" percent="30" micro-fragmented="150421" macro-fragmented="0">
      <mem type="soa" free="3778760" total="14319616" percent="26" />
      <mem type="loa" free="753664" total="753664" percent="100" />
    </mem>
    <pending-finalizers system="5" default="0" reference="13" classloader="0" />
    <remembered-set count="621" />
  </mem-info>
</gc-end>
<cycle-end id="797" type="global" contextid="768" timestamp="2025-12-15T03:34:20.827" />
<allocation-satisfied id="798" threadId="00000000007E7700" bytesRequested="32" />
<af-end id="799" timestamp="2025-12-15T03:34:20.828" threadId="00000000007E8178" success="true" from="nursery"/>
<exclusive-end id="800" timestamp="2025-12-15T03:34:20.829" durationms="26.827" />

<exclusive-start id="801" timestamp="2025-12-15T03:34:20.902" intervalms="100.634">
  <response-info timems="0.067" idlems="0.067" threads="0" lastid="0000000000831B00" lastname="Default Executor-thread-1" />
</exclusive-start>
<af-start id="802" threadId="0000000000832578" totalBytesRequested="16" timestamp="2025-12-15T03:34:20.903" intervalms="100.722" type="nursery" />
<cycle-start id="803" type="scavenge" contextid="0" timestamp="2025-12-15T03:34:20.904" intervalms="221.969" />
<gc-start id="804" type="scavenge" contextid="803" timestamp="2025-12-15T03:34:20.905">
  <mem-info id="805" free="4507520" total="23068672" percent="19">
    <mem type="nursery" free="0" total="7995392" percent="0">
      <mem type="allocate" free="0" total="6160384" percent="0" />
      <mem type="survivor" free="0" total="1835008" percent="0" />
    </mem>
    <mem type="tenure" free="4507520" total="15073280" percent="29">
      <mem type="soa" free="3753856" total="14319616" percent="26" />
      <mem type="loa" free="753664" total="753664" percent="100" />
    </mem>
    <remembered-set count="1057" />
  </mem-info>
</gc-start>
<allocation-stats totalBytes="3630816" discardedBytes="22944" >
  <allocated-bytes non-tlh="1314984" tlh="2315832" />
  <largest-consumer threadName="Default Executor-thread-1" threadId="0000000000831B00" bytes="3617800" />
</allocation-stats>
<gc-op id="806" type="scavenge" timems="5.023" contextid="803" timestamp="2025-12-15T03:34:20.911">
  <scavenger-info tenureage="3" tenuremask="7008" tiltratio="77" />
  <memory-copied type="nursery" objects="47162" bytes="1703576" bytesdiscarded="33792" />
  <memory-copied type="tenure" objects="9895" bytes="352952" bytesdiscarded="312" />
  <ownableSynchronizers candidates="1259" cleared="1256" />
  <references type="soft" candidates="7" cleared="0" enqueued="0" dynamicThreshold="9" maxThreshold="32" />
  <references type="weak" candidates="47" cleared="23" enqueued="22" />
  <object-monitors candidates="19" cleared="0"  />
</gc-op>
<gc-end id="807" type="scavenge" contextid="803" durationms="7.606" usertimems="12.735" systemtimems="0.000" stalltimems="3.157" timestamp="2025-12-15T03:34:20.913" activeThreads="3">
  <mem-info id="808" free="7619560" total="23068672" percent="33">
    <mem type="nursery" free="3702032" total="7995392" percent="46">
      <mem type="allocate" free="3702032" total="5439488" percent="68" />
      <mem type="survivor" free="0" total="2555904" percent="0" />
    </mem>
    <mem type="tenure" free="3917528" total="15073280" percent="25">
      <mem type="soa" free="3163864" total="14319616" percent="22" />
      <mem type="loa" free="753664" total="753664" percent="100" />
    </mem>
    <pending-finalizers system="0" default="0" reference="22" classloader="0" />
    <remembered-set count="882" />
  </mem-info>
</gc-end>
<cycle-end id="809" type="scavenge" contextid="803" timestamp="2025-12-15T03:34:20.914" />
<allocation-satisfied id="810" threadId="0000000000831B00" bytesRequested="16" />
<af-end id="811" timestamp="2025-12-15T03:34:20.916" threadId="0000000000832578" success="true" from="nursery"/>
<exclusive-end id="812" timestamp="2025-12-15T03:34:20.916" durationms="13.855" />

<exclusive-start id="813" timestamp="2025-12-15T03:34:20.976" intervalms="73.278">
  <response-info timems="0.099" idlems="0.099" threads="0" lastid="0000000000831B00" lastname="Default Executor-thread-1" />
</exclusive-start>
<af-start id="814" threadId="0000000000832578" totalBytesRequested="24" timestamp="2025-12-15T03:34:20.976" intervalms="73.192" type="nursery" />
<cycle-start id="815" type="scavenge" contextid="0" timestamp="2025-12-15T03:34:20.977" intervalms="73.305" />
<gc-start id="816" type="scavenge" contextid="815" timestamp="2025-12-15T03:34:20.978">
  <mem-info id="817" free="3911432" total="23068672" percent="16">
    <mem type="nursery" free="0" total="7995392" percent="0">
      <mem type="allocate" free="0" total="5439488" percent="0" />
      <mem type="survivor" free="0" total="2555904" percent="0" />
    </mem>
    <mem type="tenure" free="3911432" total="15073280" percent="25">
      <mem type="soa" free="3157768" total="14319616" percent="22" />
      <mem type="loa" free="753664" total="753664" percent="100" />
    </mem>
    <remembered-set count="1040" />
  </mem-info>
</gc-start>
<allocation-stats totalBytes="3708000" discardedBytes="128" >
  <allocated-bytes non-tlh="6112" tlh="3701888" />
  <largest-consumer threadName="Default Executor-thread-1" threadId="0000000000831B00" bytes="3708000" />
</allocation-stats>
<gc-op id="818" type="scavenge" timems="5.756" contextid="815" timestamp="2025-12-15T03:34:20.986">
  <scavenger-info tenureage="2" tenuremask="780c" tiltratio="68" />
  <memory-copied type="nursery" objects="36209" bytes="1203856" bytesdiscarded="63248" />
  <memory-copied type="tenure" objects="23981" bytes="868768" bytesdiscarded="1648" />
  <finalization candidates="4" enqueued="4" />
  <ownableSynchronizers candidates="3" cleared="0" />
  <references type="soft" candidates="7" cleared="0" enqueued="0" dynamicThreshold="9" maxThreshold="32" />
  <references type="weak" candidates="52" cleared="17" enqueued="17" />
  <references type="phantom" candidates="1" cleared="1" enqueued="1" />
  <object-monitors candidates="19" cleared="0"  />
</gc-op>
<heap-resize id="819" type="expand" space="nursery" amount="524288" count="1" timems="0.058" reason="excessive time being spent scavenging" timestamp="2025-12-15T03:34:20.987" />
<gc-end id="820" type="scavenge" contextid="815" durationms="9.646" usertimems="10.575" systemtimems="3.464" stalltimems="4.726" timestamp="2025-12-15T03:34:20.988" activeThreads="3">
  <mem-info id="821" free="7603920" total="23592960" percent="32">
    <mem type="nursery" free="4565504" total="8519680" percent="53">
      <mem type="allocate" free="4565504" total="5832704" percent="78" />
      <mem type="survivor" free="0" total="2686976" percent="0" />
    </mem>
    <mem type="tenure" free="3038416" total="15073280" percent="20">
      <mem type="soa" free="2284752" total="14319616" percent="15" />
      <mem type="loa" free="753664" total="753664" percent="100" />
    </mem>
    <pending-finalizers system="4" default="0" reference="18" classloader="0" />
    <remembered-set count="878" />
  </mem-info>
</gc-end>
<cycle-end id="822" type="scavenge" contextid="815" timestamp="2025-12-15T03:34:20.989" />
<allocation-satisfied id="823" threadId="0000000000831B00" bytesRequested="24" />
<af-end id="824" timestamp="2025-12-15T03:34:20.990" threadId="0000000000832578" success="true" from="nursery"/>
<exclusive-end id="825" timestamp="2025-12-15T03:34:20.991" durationms="15.334" />

<exclusive-start id="826" timestamp="2025-12-15T03:34:21.045" intervalms="69.258">
  <response-info timems="0.067" idlems="0.067" threads="0" lastid="0000000000831B00" lastname="Default Executor-thread-1" />
</exclusive-start>
<af-start id="827" threadId="0000000000832578" totalBytesRequested="40" timestamp="2025-12-15T03:34:21.046" intervalms="69.318" type="nursery" />
<cycle-start id="828" type="scavenge" contextid="0" timestamp="2025-12-15T03:34:21.047" intervalms="69.514" />
<gc-start id="829" type="scavenge" contextid="828" timestamp="2025-12-15T03:34:21.048">
  <mem-info id="830" free="3038416" total="23592960" percent="12">
    <mem type="nursery" free="0" total="8519680" percent="0">
      <mem type="allocate" free="0" total="5832704" percent="0" />
      <mem type="survivor" free="0" total="2686976" percent="0" />
    </mem>
    <mem type="tenure" free="3038416" total="15073280" percent="20">
      <mem type="soa" free="2284752" total="14319616" percent="15" />
      <mem type="loa" free="753664" total="753664" percent="100" />
    </mem>
    <remembered-set count="882" />
  </mem-info>
</gc-start>
<allocation-stats totalBytes="4565400" discardedBytes="104" >
  <allocated-bytes non-tlh="24" tlh="4565376" />
  <largest-consumer threadName="Default Executor-thread-1" threadId="0000000000831B00" bytes="4565400" />
</allocation-stats>
<gc-op id="831" type="scavenge" timems="3.846" contextid="828" timestamp="2025-12-15T03:34:21.053">
  <scavenger-info tenureage="2" tenuremask="7804" tiltratio="68" />
  <memory-copied type="nursery" objects="15861" bytes="485120" bytesdiscarded="30200" />
  <memory-copied type="tenure" objects="21454" bytes="775416" bytesdiscarded="864" />
  <ownableSynchronizers candidates="3" cleared="0" />
  <references type="weak" candidates="12" cleared="1" enqueued="1" />
  <object-monitors candidates="19" cleared="0"  />
</gc-op>
<heap-resize id="832" type="expand" space="nursery" amount="393216" count="1" timems="0.046" reason="excessive time being spent scavenging" timestamp="2025-12-15T03:34:21.054" />
<gc-end id="833" type="scavenge" contextid="828" durationms="6.806" usertimems="8.754" systemtimems="1.625" stalltimems="1.554" timestamp="2025-12-15T03:34:21.055" activeThreads="3">
  <mem-info id="834" free="8231896" total="23986176" percent="34">
    <mem type="nursery" free="5972736" total="8912896" percent="67">
      <mem type="allocate" free="5972736" total="6488064" percent="92" />
      <mem type="survivor" free="0" total="2424832" percent="0" />
    </mem>
    <mem type="tenure" free="2259160" total="15073280" percent="14">
      <mem type="soa" free="1505496" total="14319616" percent="10" />
      <mem type="loa" free="753664" total="753664" percent="100" />
    </mem>
    <pending-finalizers system="0" default="0" reference="1" classloader="0" />
    <remembered-set count="551" />
  </mem-info>
</gc-end>
<cycle-end id="835" type="scavenge" contextid="828" timestamp="2025-12-15T03:34:21.056" />
<allocation-satisfied id="836" threadId="0000000000831B00" bytesRequested="40" />
<af-end id="837" timestamp="2025-12-15T03:34:21.057" threadId="0000000000832578" success="true" from="nursery"/>
<exclusive-end id="838" timestamp="2025-12-15T03:34:21.058" durationms="12.708" />

<concurrent-kickoff id="839" timestamp="2025-12-15T03:34:21.085">
  <kickoff reason="threshold reached" targetBytes="5913645" thresholdFreeBytes="819113"  remainingFree="578304" tenureFreeBytes="2259160" nurseryFreeBytes="578304" />
</concurrent-kickoff>
<exclusive-start id="840" timestamp="2025-12-15T03:34:21.086" intervalms="41.092">
  <response-info timems="0.058" idlems="0.058" threads="0" lastid="0000000000831B00" lastname="Default Executor-thread-1" />
</exclusive-start>
<cycle-start id="841" type="global" contextid="0" timestamp="2025-12-15T03:34:21.087" intervalms="424.629" />
<concurrent-start id="842" type="global mark" contextid="841" timestamp="2025-12-15T03:34:21.088">
</concurrent-start>
<exclusive-end id="843" timestamp="2025-12-15T03:34:21.088" durationms="2.304" />

<exclusive-start id="844" timestamp="2025-12-15T03:34:21.095" intervalms="8.920">
  <response-info timems="0.085" idlems="0.085" threads="0" lastid="0000000000831B00" lastname="Default Executor-thread-1" />
</exclusive-start>
<af-start id="845" threadId="0000000000832578" totalBytesRequested="32" timestamp="2025-12-15T03:34:21.096" intervalms="50.178" type="nursery" />
<cycle-start id="846" type="scavenge" contextid="0" timestamp="2025-12-15T03:34:21.097" intervalms="49.867" />
<gc-start id="847" type="scavenge" contextid="846" timestamp="2025-12-15T03:34:21.098">
  <mem-info id="848" free="2259160" total="23986176" percent="9">
    <mem type="nursery" free="0" total="8912896" percent="0">
      <mem type="allocate" free="0" total="6488064" percent="0" />
      <mem type="survivor" free="0" total="2424832" percent="0" />
    </mem>
    <mem type="tenure" free="2259160" total="15073280" percent="14">
      <mem type="soa" free="1505496" total="14319616" percent="10" />
      <mem type="loa" free="753664" total="753664" percent="100" />
    </mem>
    <remembered-set count="552" />
  </mem-info>
</gc-start>
<allocation-stats totalBytes="5972456" discardedBytes="280" >
  <allocated-bytes non-tlh="40" tlh="5972416" />
  <largest-consumer threadName="Default Executor-thread-1" threadId="0000000000831B00" bytes="5972456" />
</allocation-stats>
<gc-op id="849" type="scavenge" timems="2.213" contextid="846" timestamp="2025-12-15T03:34:21.102">
  <scavenger-info tenureage="2" tenuremask="7004" tiltratio="72" />
  <memory-copied type="nursery" objects="2651" bytes="136528" bytesdiscarded="39344" />
  <memory-copied type="tenure" objects="14526" bytes="420712" bytesdiscarded="392" />
  <object-monitors candidates="19" cleared="0"  />
</gc-op>
<heap-resize id="850" type="expand" space="nursery" amount="393216" count="1" timems="0.053" reason="excessive time being spent scavenging" timestamp="2025-12-15T03:34:21.103" />
<gc-end id="851" type="scavenge" contextid="846" durationms="5.663" usertimems="5.546" systemtimems="0.451" stalltimems="1.059" timestamp="2025-12-15T03:34:21.104" activeThreads="3">
  <mem-info id="852" free="8865240" total="24379392" percent="36">
    <mem type="nursery" free="7033088" total="9306112" percent="75">
      <mem type="allocate" free="7033088" total="7208960" percent="97" />
      <mem type="survivor" free="0" total="2097152" percent="0" />
    </mem>
    <mem type="tenure" free="1832152" total="15073280" percent="12">
      <mem type="soa" free="1078488" total="14319616" percent="7" />
      <mem type="loa" free="753664" total="753664" percent="100" />
    </mem>
    <remembered-set count="346" />
  </mem-info>
</gc-end>
<cycle-end id="853" type="scavenge" contextid="846" timestamp="2025-12-15T03:34:21.105" />
<allocation-satisfied id="854" threadId="0000000000831B00" bytesRequested="32" />
<af-end id="855" timestamp="2025-12-15T03:34:21.113" threadId="0000000000832578" success="true" from="nursery"/>
<exclusive-end id="856" timestamp="2025-12-15T03:34:21.114" durationms="18.803" />

<exclusive-start id="857" timestamp="2025-12-15T03:34:21.166" intervalms="71.060">
  <response-info timems="0.066" idlems="0.066" threads="0" lastid="0000000000831B00" lastname="Default Executor-thread-1" />
</exclusive-start>
<af-start id="858" threadId="0000000000832578" totalBytesRequested="16" timestamp="2025-12-15T03:34:21.167" intervalms="71.052" type="nursery" />
<percolate-collect id="859" from="nursery" to="global" reason="concurrent mark exhausted" timestamp="2025-12-15T03:34:21.168"/>
<concurrent-end id="860" type="global mark" contextid="841" timestamp="2025-12-15T03:34:21.169">
<gc-op id="861" type="trace" timems="78.334" contextid="841" timestamp="2025-12-15T03:34:21.169">
  <trace bytesTraced="7568784" workStackOverflowCount="0" />
  <card-cleaning reason="card cleaning threshold reached" bytesTraced="17336" cardsCleaned="44" />
</gc-op>
</concurrent-end>

<gc-start id="862" type="global" contextid="841" timestamp="2025-12-15T03:34:21.171">
  <mem-info id="863" free="1832152" total="24379392" percent="7">
    <mem type="nursery" free="0" total="9306112" percent="0">
      <mem type="allocate" free="0" total="7208960" percent="0" />
      <mem type="survivor" free="0" total="2097152" percent="0" />
    </mem>
    <mem type="tenure" free="1832152" total="15073280" percent="12">
      <mem type="soa" free="1078488" total="14319616" percent="7" />
      <mem type="loa" free="753664" total="753664" percent="100" />
    </mem>
    <remembered-set count="348" />
  </mem-info>
</gc-start>
<allocation-stats totalBytes="7032552" discardedBytes="536" >
  <allocated-bytes non-tlh="32" tlh="7032520" />
  <largest-consumer threadName="Default Executor-thread-1" threadId="0000000000831B00" bytes="7032552" />
</allocation-stats>
<concurrent-halted id="864" timestamp="2025-12-15T03:34:21.172">
  <halted state="Complete" status="exhausted" />
  <traced bytesTarget="5899696" bytesTotal="7586120" bytesByMutator="2858744" bytesByHelper="4727376" percent="128" />
  <cards cleaned="44" thresholdBytes="322680" />
</concurrent-halted>
<gc-op id="865" type="rs-scan" timems="2.347" contextid="841" timestamp="2025-12-15T03:34:21.176">
  <scan objectsFound="3698" bytesTraced="123624" workStackOverflowCount="0" />
</gc-op>
<gc-op id="866" type="card-cleaning" timems="2.374" contextid="841" timestamp="2025-12-15T03:34:21.179">
  <card-cleaning cardsCleaned="0" bytesTraced="0" workStackOverflowCount="0" />
</gc-op>
<gc-op id="867" type="mark" timems="8.025" contextid="841" timestamp="2025-12-15T03:34:21.188">
  <trace-info objectcount="4274" scancount="3588" scanbytes="98312" />
  <finalization candidates="730" enqueued="0" />
  <ownableSynchronizers candidates="631" cleared="2" />
  <references type="soft" candidates="4486" cleared="0" enqueued="0" dynamicThreshold="9" maxThreshold="32" />
  <references type="weak" candidates="1293" cleared="0" enqueued="0" />
  <references type="phantom" candidates="122" cleared="0" enqueued="0" />
  <stringconstants candidates="12660" cleared="0"  />
  <object-monitors candidates="19" cleared="0"  />
</gc-op>
<gc-op id="868" type="sweep" timems="3.351" contextid="841" timestamp="2025-12-15T03:34:21.192" />
<heap-resize id="869" type="expand" space="tenure" amount="3342336" count="1" timems="0.087" reason="insufficient free space following gc" timestamp="2025-12-15T03:34:21.193" />
<gc-end id="870" type="global" contextid="841" durationms="22.923" usertimems="26.312" systemtimems="15.607" stalltimems="87.690" timestamp="2025-12-15T03:34:21.194" activeThreads="11">
  <mem-info id="871" free="12509704" total="27721728" percent="45">
    <mem type="nursery" free="6956848" total="9306112" percent="74">
      <mem type="allocate" free="6956848" total="7208960" percent="96" />
      <mem type="survivor" free="0" total="2097152" percent="0" />
    </mem>
    <mem type="tenure" free="5552856" total="18415616" percent="30" micro-fragmented="134977" macro-fragmented="0">
      <mem type="soa" free="4631256" total="17494016" percent="26" />
      <mem type="loa" free="921600" total="921600" percent="100" />
    </mem>
    <remembered-set count="348" />
  </mem-info>
</gc-end>
<cycle-end id="872" type="global" contextid="841" timestamp="2025-12-15T03:34:21.194" />
<allocation-satisfied id="873" threadId="0000000000831B00" bytesRequested="16" />
<af-end id="874" timestamp="2025-12-15T03:34:21.196" threadId="0000000000832578" success="true" from="nursery"/>
<exclusive-end id="875" timestamp="2025-12-15T03:34:21.196" durationms="30.203" />

<exclusive-start id="876" timestamp="2025-12-15T03:34:21.230" intervalms="63.956">
  <response-info timems="0.070" idlems="0.070" threads="0" lastid="0000000000831B00" lastname="Default Executor-thread-1" />
</exclusive-start>
<af-start id="877" threadId="0000000000832578" totalBytesRequested="24" timestamp="2025-12-15T03:34:21.231" intervalms="63.815" type="nursery" />
<cycle-start id="878" type="scavenge" contextid="0" timestamp="2025-12-15T03:34:21.232" intervalms="134.920" />
<gc-start id="879" type="scavenge" contextid="878" timestamp="2025-12-15T03:34:21.233">
  <mem-info id="880" free="5552856" total="27721728" percent="20">
    <mem type="nursery" free="0" total="9306112" percent="0">
      <mem type="allocate" free="0" total="7208960" percent="0" />
      <mem type="survivor" free="0" total="2097152" percent="0" />
    </mem>
    <mem type="tenure" free="5552856" total="18415616" percent="30">
      <mem type="soa" free="4631256" total="17494016" percent="26" />
      <mem type="loa" free="921600" total="921600" percent="100" />
    </mem>
    <remembered-set count="349" />
  </mem-info>
</gc-start>
<allocation-stats totalBytes="6953936" discardedBytes="2912" >
  <allocated-bytes non-tlh="16" tlh="6953920" />
  <largest-consumer threadName="Default Executor-thread-1" threadId="0000000000831B00" bytes="6953936" />
</allocation-stats>
<gc-op id="881" type="scavenge" timems="2.270" contextid="878" timestamp="2025-12-15T03:34:21.237">
  <scavenger-info tenureage="2" tenuremask="6004" tiltratio="77" />
  <memory-copied type="nursery" objects="3362" bytes="180920" bytesdiscarded="24136" />
  <memory-copied type="tenure" objects="1134" bytes="57696" bytesdiscarded="1272" />
  <ownableSynchronizers candidates="1258" cleared="1258" />
  <object-monitors candidates="19" cleared="0"  />
</gc-op>
<gc-end id="882" type="scavenge" contextid="878" durationms="5.537" usertimems="3.403" systemtimems="1.170" stalltimems="2.451" timestamp="2025-12-15T03:34:21.238" activeThreads="3">
  <mem-info id="883" free="12945216" total="27721728" percent="46">
    <mem type="nursery" free="7462656" total="9306112" percent="80">
      <mem type="allocate" free="7462656" total="7667712" percent="97" />
      <mem type="survivor" free="0" total="1638400" percent="0" />
    </mem>
    <mem type="tenure" free="5482560" total="18415616" percent="29">
      <mem type="soa" free="4560960" total="17494016" percent="26" />
      <mem type="loa" free="921600" total="921600" percent="100" />
    </mem>
    <remembered-set count="337" />
  </mem-info>
</gc-end>
<cycle-end id="884" type="scavenge" contextid="878" timestamp="2025-12-15T03:34:21.239" />
<allocation-satisfied id="885" threadId="0000000000831B00" bytesRequested="24" />
<af-end id="886" timestamp="2025-12-15T03:34:21.241" threadId="0000000000832578" success="true" from="nursery"/>
<exclusive-end id="887" timestamp="2025-12-15T03:34:21.242" durationms="11.892" />

<exclusive-start id="888" timestamp="2025-12-15T03:34:21.275" intervalms="44.812">
  <response-info timems="0.071" idlems="0.071" threads="0" lastid="0000000000831B00" lastname="Default Executor-thread-1" />
</exclusive-start>
<af-start id="889" threadId="0000000000832578" totalBytesRequested="32" timestamp="2025-12-15T03:34:21.276" intervalms="44.907" type="nursery" />
<cycle-start id="890" type="scavenge" contextid="0" timestamp="2025-12-15T03:34:21.277" intervalms="44.843" />
<gc-start id="891" type="scavenge" contextid="890" timestamp="2025-12-15T03:34:21.277">
  <mem-info id="892" free="5482560" total="27721728" percent="19">
    <mem type="nursery" free="0" total="9306112" percent="0">
      <mem type="allocate" free="0" total="7667712" percent="0" />
      <mem type="survivor" free="0" total="1638400" percent="0" />
    </mem>
    <mem type="tenure" free="5482560" total="18415616" percent="29">
      <mem type="soa" free="4560960" total="17494016" percent="26" />
      <mem type="loa" free="921600" total="921600" percent="100" />
    </mem>
    <remembered-set count="340" />
  </mem-info>
</gc-start>
<allocation-stats totalBytes="7462512" discardedBytes="144" >
  <allocated-bytes non-tlh="24" tlh="7462488" />
  <largest-consumer threadName="Default Executor-thread-1" threadId="0000000000831B00" bytes="7462512" />
</allocation-stats>
<gc-op id="893" type="scavenge" timems="1.340" contextid="890" timestamp="2025-12-15T03:34:21.281">
  <scavenger-info tenureage="2" tenuremask="4004" tiltratio="82" />
  <memory-copied type="nursery" objects="2957" bytes="150144" bytesdiscarded="81792" />
  <memory-copied type="tenure" objects="1250" bytes="70136" bytesdiscarded="520" />
  <object-monitors candidates="19" cleared="0"  />
</gc-op>
<heap-resize id="894" type="expand" space="nursery" amount="524288" count="1" timems="0.055" reason="excessive time being spent scavenging" timestamp="2025-12-15T03:34:21.282" />
<gc-end id="895" type="scavenge" contextid="890" durationms="5.099" usertimems="2.256" systemtimems="0.770" stalltimems="1.578" timestamp="2025-12-15T03:34:21.283" activeThreads="3">
  <mem-info id="896" free="13439312" total="28246016" percent="47">
    <mem type="nursery" free="8091136" total="9830400" percent="82">
      <mem type="allocate" free="8091136" total="8323072" percent="97" />
      <mem type="survivor" free="0" total="1507328" percent="0" />
    </mem>
    <mem type="tenure" free="5348176" total="18415616" percent="29">
      <mem type="soa" free="4426576" total="17494016" percent="25" />
      <mem type="loa" free="921600" total="921600" percent="100" />
    </mem>
    <remembered-set count="267" />
  </mem-info>
</gc-end>
<cycle-end id="897" type="scavenge" contextid="890" timestamp="2025-12-15T03:34:21.284" />
<allocation-satisfied id="898" threadId="0000000000831B00" bytesRequested="32" />
<af-end id="899" timestamp="2025-12-15T03:34:21.285" threadId="0000000000832578" success="true" from="nursery"/>
<exclusive-end id="900" timestamp="2025-12-15T03:34:21.286" durationms="11.370" />

<exclusive-start id="901" timestamp="2025-12-15T03:34:21.322" intervalms="46.986">
  <response-info timems="0.061" idlems="0.061" threads="0" lastid="0000000000831B00" lastname="Default Executor-thread-1" />
</exclusive-start>
<af-start id="902" threadId="0000000000832578" totalBytesRequested="56" timestamp="2025-12-15T03:34:21.323" intervalms="46.939" type="nursery" />
<cycle-start id="903" type="scavenge" contextid="0" timestamp="2025-12-15T03:34:21.324" intervalms="47.110" />
<gc-start id="904" type="scavenge" contextid="903" timestamp="2025-12-15T03:34:21.325">
  <mem-info id="905" free="5348176" total="28246016" percent="18">
    <mem type="nursery" free="0" total="9830400" percent="0">
      <mem type="allocate" free="0" total="8323072" percent="0" />
      <mem type="survivor" free="0" total="1507328" percent="0" />
    </mem>
    <mem type="tenure" free="5348176" total="18415616" percent="29">
      <mem type="soa" free="4426576" total="17494016" percent="25" />
      <mem type="loa" free="921600" total="921600" percent="100" />
    </mem>
    <remembered-set count="284" />
  </mem-info>
</gc-start>
<allocation-stats totalBytes="8090760" discardedBytes="376" >
  <allocated-bytes non-tlh="32" tlh="8090728" />
  <largest-consumer threadName="Default Executor-thread-1" threadId="0000000000831B00" bytes="8090760" />
</allocation-stats>
<gc-op id="906" type="scavenge" timems="1.527" contextid="903" timestamp="2025-12-15T03:34:21.329">
  <scavenger-info tenureage="2" tenuremask="4004" tiltratio="84" />
  <memory-copied type="nursery" objects="2584" bytes="101456" bytesdiscarded="19120" />
  <memory-copied type="tenure" objects="1926" bytes="104336" bytesdiscarded="456" />
  <object-monitors candidates="19" cleared="0"  />
</gc-op>
<heap-resize id="907" type="expand" space="nursery" amount="524288" count="1" timems="0.043" reason="excessive time being spent scavenging" timestamp="2025-12-15T03:34:21.330" />
<gc-end id="908" type="scavenge" contextid="903" durationms="5.568" usertimems="3.243" systemtimems="0.000" stalltimems="0.639" timestamp="2025-12-15T03:34:21.331" activeThreads="2">
  <mem-info id="909" free="14292216" total="28770304" percent="49">
    <mem type="nursery" free="9054464" total="10354688" percent="87">
      <mem type="allocate" free="9054464" total="9175040" percent="98" />
      <mem type="survivor" free="0" total="1179648" percent="0" />
    </mem>
    <mem type="tenure" free="5237752" total="18415616" percent="28">
      <mem type="soa" free="4316152" total="17494016" percent="24" />
      <mem type="loa" free="921600" total="921600" percent="100" />
    </mem>
    <remembered-set count="279" />
  </mem-info>
</gc-end>
<cycle-end id="910" type="scavenge" contextid="903" timestamp="2025-12-15T03:34:21.331" />
<allocation-satisfied id="911" threadId="0000000000831B00" bytesRequested="56" />
<af-end id="912" timestamp="2025-12-15T03:34:21.334" threadId="0000000000832578" success="true" from="nursery"/>
<exclusive-end id="913" timestamp="2025-12-15T03:34:21.335" durationms="12.870" />

<exclusive-start id="914" timestamp="2025-12-15T03:34:21.376" intervalms="53.938">
  <response-info timems="0.078" idlems="0.078" threads="0" lastid="0000000000831B00" lastname="Default Executor-thread-1" />
</exclusive-start>
<af-start id="915" threadId="0000000000832578" totalBytesRequested="32" timestamp="2025-12-15T03:34:21.377" intervalms="54.298" type="nursery" />
<cycle-start id="916" type="scavenge" contextid="0" timestamp="2025-12-15T03:34:21.378" intervalms="54.431" />
<gc-start id="917" type="scavenge" contextid="916" timestamp="2025-12-15T03:34:21.379">
  <mem-info id="918" free="5237552" total="28770304" percent="18">
    <mem type="nursery" free="0" total="10354688" percent="0">
      <mem type="allocate" free="0" total="9175040" percent="0" />
      <mem type="survivor" free="0" total="1179648" percent="0" />
    </mem>
    <mem type="tenure" free="5237552" total="18415616" percent="28">
      <mem type="soa" free="4315952" total="17494016" percent="24" />
      <mem type="loa" free="921600" total="921600" percent="100" />
    </mem>
    <remembered-set count="317" />
  </mem-info>
</gc-start>
<allocation-stats totalBytes="9054312" discardedBytes="352" >
  <allocated-bytes non-tlh="256" tlh="9054056" />
  <largest-consumer threadName="Default Executor-thread-1" threadId="0000000000831B00" bytes="9033832" />
</allocation-stats>
<gc-op id="919" type="scavenge" timems="1.355" contextid="916" timestamp="2025-12-15T03:34:21.382">
  <scavenger-info tenureage="2" tenuremask="4004" tiltratio="88" />
  <memory-copied type="nursery" objects="2293" bytes="82544" bytesdiscarded="25744" />
  <memory-copied type="tenure" objects="757" bytes="36904" bytesdiscarded="416" />
  <ownableSynchronizers candidates="2" cleared="0" />
  <object-monitors candidates="19" cleared="0"  />
</gc-op>
<gc-end id="920" type="scavenge" contextid="916" durationms="4.047" usertimems="2.061" systemtimems="0.000" stalltimems="0.607" timestamp="2025-12-15T03:34:21.383" activeThreads="2">
  <mem-info id="921" free="14407392" total="28770304" percent="50">
    <mem type="nursery" free="9197824" total="10354688" percent="88">
      <mem type="allocate" free="9197824" total="9306112" percent="98" />
      <mem type="survivor" free="0" total="1048576" percent="0" />
    </mem>
    <mem type="tenure" free="5209568" total="18415616" percent="28">
      <mem type="soa" free="4287968" total="17494016" percent="24" />
      <mem type="loa" free="921600" total="921600" percent="100" />
    </mem>
    <remembered-set count="300" />
  </mem-info>
</gc-end>
<cycle-end id="922" type="scavenge" contextid="916" timestamp="2025-12-15T03:34:21.384" />
<allocation-satisfied id="923" threadId="0000000000831B00" bytesRequested="32" />
<af-end id="924" timestamp="2025-12-15T03:34:21.386" threadId="0000000000832578" success="true" from="nursery"/>
<exclusive-end id="925" timestamp="2025-12-15T03:34:21.387" durationms="10.795" />

<exclusive-start id="926" timestamp="2025-12-15T03:34:21.427" intervalms="51.016">
  <response-info timems="0.070" idlems="0.070" threads="0" lastid="0000000000831B00" lastname="Default Executor-thread-1" />
</exclusive-start>
<af-start id="927" threadId="0000000000832578" totalBytesRequested="24" timestamp="2025-12-15T03:34:21.428" intervalms="50.737" type="nursery" />
<cycle-start id="928" type="scavenge" contextid="0" timestamp="2025-12-15T03:34:21.429" intervalms="50.469" />
<gc-start id="929" type="scavenge" contextid="928" timestamp="2025-12-15T03:34:21.430">
  <mem-info id="930" free="5209320" total="28770304" percent="18">
    <mem type="nursery" free="0" total="10354688" percent="0">
      <mem type="allocate" free="0" total="9306112" percent="0" />
      <mem type="survivor" free="0" total="1048576" percent="0" />
    </mem>
    <mem type="tenure" free="5209320" total="18415616" percent="28">
      <mem type="soa" free="4287720" total="17494016" percent="24" />
      <mem type="loa" free="921600" total="921600" percent="100" />
    </mem>
    <remembered-set count="311" />
  </mem-info>
</gc-start>
<allocation-stats totalBytes="9197568" discardedBytes="504" >
  <allocated-bytes non-tlh="280" tlh="9197288" />
  <largest-consumer threadName="Default Executor-thread-1" threadId="0000000000831B00" bytes="9197568" />
</allocation-stats>
<gc-op id="931" type="scavenge" timems="1.105" contextid="928" timestamp="2025-12-15T03:34:21.432">
  <scavenger-info tenureage="2" tenuremask="4004" tiltratio="89" />
  <memory-copied type="nursery" objects="933" bytes="32408" bytesdiscarded="32096" />
  <memory-copied type="tenure" objects="1417" bytes="45720" bytesdiscarded="40" />
  <ownableSynchronizers candidates="2" cleared="0" />
  <references type="weak" candidates="1" cleared="0" enqueued="0" />
  <object-monitors candidates="19" cleared="0"  />
</gc-op>
<heap-resize id="932" type="expand" space="nursery" amount="524288" count="1" timems="0.058" reason="excessive time being spent scavenging" timestamp="2025-12-15T03:34:21.433" />
<gc-end id="933" type="scavenge" contextid="928" durationms="5.330" usertimems="2.386" systemtimems="0.000" stalltimems="0.340" timestamp="2025-12-15T03:34:21.435" activeThreads="2">
  <mem-info id="934" free="14856280" total="29294592" percent="50">
    <mem type="nursery" free="9700352" total="10878976" percent="89">
      <mem type="allocate" free="9700352" total="9764864" percent="99" />
      <mem type="survivor" free="0" total="1114112" percent="0" />
    </mem>
    <mem type="tenure" free="5155928" total="18415616" percent="27">
      <mem type="soa" free="4234328" total="17494016" percent="24" />
      <mem type="loa" free="921600" total="921600" percent="100" />
    </mem>
    <remembered-set count="295" />
  </mem-info>
</gc-end>
<cycle-end id="935" type="scavenge" contextid="928" timestamp="2025-12-15T03:34:21.437" />
<allocation-satisfied id="936" threadId="0000000000831B00" bytesRequested="24" />
<af-end id="937" timestamp="2025-12-15T03:34:21.438" threadId="0000000000832578" success="true" from="nursery"/>
<exclusive-end id="938" timestamp="2025-12-15T03:34:21.439" durationms="12.343" />

<exclusive-start id="939" timestamp="2025-12-15T03:34:21.482" intervalms="55.073">
  <response-info timems="0.063" idlems="0.063" threads="0" lastid="0000000000831B00" lastname="Default Executor-thread-1" />
</exclusive-start>
<af-start id="940" threadId="0000000000832578" totalBytesRequested="64" timestamp="2025-12-15T03:34:21.483" intervalms="55.111" type="nursery" />
<cycle-start id="941" type="scavenge" contextid="0" timestamp="2025-12-15T03:34:21.484" intervalms="55.407" />
<gc-start id="942" type="scavenge" contextid="941" timestamp="2025-12-15T03:34:21.485">
  <mem-info id="943" free="5155928" total="29294592" percent="17">
    <mem type="nursery" free="0" total="10878976" percent="0">
      <mem type="allocate" free="0" total="9764864" percent="0" />
      <mem type="survivor" free="0" total="1114112" percent="0" />
    </mem>
    <mem type="tenure" free="5155928" total="18415616" percent="27">
      <mem type="soa" free="4234328" total="17494016" percent="24" />
      <mem type="loa" free="921600" total="921600" percent="100" />
    </mem>
    <remembered-set count="296" />
  </mem-info>
</gc-start>
<allocation-stats totalBytes="9699752" discardedBytes="600" >
  <allocated-bytes non-tlh="24" tlh="9699728" />
  <largest-consumer threadName="Default Executor-thread-1" threadId="0000000000831B00" bytes="9699752" />
</allocation-stats>
<gc-op id="944" type="scavenge" timems="1.381" contextid="941" timestamp="2025-12-15T03:34:21.488">
  <scavenger-info tenureage="14" tenuremask="4000" tiltratio="89" />
  <memory-copied type="nursery" objects="1154" bytes="41944" bytesdiscarded="1832" />
  <ownableSynchronizers candidates="2" cleared="0" />
  <references type="weak" candidates="1" cleared="0" enqueued="0" />
  <object-monitors candidates="19" cleared="0"  />
</gc-op>
<gc-end id="945" type="scavenge" contextid="941" durationms="4.339" usertimems="1.718" systemtimems="0.000" stalltimems="0.932" timestamp="2025-12-15T03:34:21.489" activeThreads="2">
  <mem-info id="946" free="14877016" total="29294592" percent="50">
    <mem type="nursery" free="9721088" total="10878976" percent="89">
      <mem type="allocate" free="9721088" total="9764864" percent="99" />
      <mem type="survivor" free="0" total="1114112" percent="0" />
    </mem>
    <mem type="tenure" free="5155928" total="18415616" percent="27">
      <mem type="soa" free="4234328" total="17494016" percent="24" />
      <mem type="loa" free="921600" total="921600" percent="100" />
    </mem>
    <remembered-set count="292" />
  </mem-info>
</gc-end>
<cycle-end id="947" type="scavenge" contextid="941" timestamp="2025-12-15T03:34:21.490" />
<allocation-satisfied id="948" threadId="0000000000831B00" bytesRequested="64" />
<af-end id="949" timestamp="2025-12-15T03:34:21.492" threadId="0000000000832578" success="true" from="nursery"/>
<exclusive-end id="950" timestamp="2025-12-15T03:34:21.493" durationms="10.863" />

<exclusive-start id="951" timestamp="2025-12-15T03:34:21.540" intervalms="58.391">
  <response-info timems="0.246" idlems="0.246" threads="0" lastid="0000000000831B00" lastname="Default Executor-thread-1" />
</exclusive-start>
<af-start id="952" threadId="0000000000832578" totalBytesRequested="40" timestamp="2025-12-15T03:34:21.541" intervalms="58.336" type="nursery" />
<cycle-start id="953" type="scavenge" contextid="0" timestamp="2025-12-15T03:34:21.542" intervalms="58.149" />
<gc-start id="954" type="scavenge" contextid="953" timestamp="2025-12-15T03:34:21.543">
  <mem-info id="955" free="5155664" total="29294592" percent="17">
    <mem type="nursery" free="0" total="10878976" percent="0">
      <mem type="allocate" free="0" total="9764864" percent="0" />
      <mem type="survivor" free="0" total="1114112" percent="0" />
    </mem>
    <mem type="tenure" free="5155664" total="18415616" percent="27">
      <mem type="soa" free="4234064" total="17494016" percent="24" />
      <mem type="loa" free="921600" total="921600" percent="100" />
    </mem>
    <remembered-set count="365" />
  </mem-info>
</gc-start>
<allocation-stats totalBytes="9720648" discardedBytes="704" >
  <allocated-bytes non-tlh="328" tlh="9720320" />
  <largest-consumer threadName="Default Executor-thread-1" threadId="0000000000831B00" bytes="9720648" />
</allocation-stats>
<gc-op id="956" type="scavenge" timems="2.272" contextid="953" timestamp="2025-12-15T03:34:21.547">
  <scavenger-info tenureage="3" tenuremask="4008" tiltratio="89" />
  <memory-copied type="nursery" objects="2166" bytes="64336" bytesdiscarded="8624" />
  <memory-copied type="tenure" objects="456" bytes="15072" bytesdiscarded="0" />
  <ownableSynchronizers candidates="2" cleared="0" />
  <references type="weak" candidates="4" cleared="3" enqueued="3" />
  <object-monitors candidates="19" cleared="0"  />
</gc-op>
<heap-resize id="957" type="expand" space="nursery" amount="655360" count="1" timems="0.056" reason="excessive time being spent scavenging" timestamp="2025-12-15T03:34:21.549" />
<gc-end id="958" type="scavenge" contextid="953" durationms="6.347" usertimems="0.000" systemtimems="3.695" stalltimems="1.900" timestamp="2025-12-15T03:34:21.549" activeThreads="2">
  <mem-info id="959" free="15422800" total="29949952" percent="51">
    <mem type="nursery" free="10281728" total="11534336" percent="89">
      <mem type="allocate" free="10281728" total="10354688" percent="99" />
      <mem type="survivor" free="0" total="1179648" percent="0" />
    </mem>
    <mem type="tenure" free="5141072" total="18415616" percent="27">
      <mem type="soa" free="4219472" total="17494016" percent="24" />
      <mem type="loa" free="921600" total="921600" percent="100" />
    </mem>
    <pending-finalizers system="0" default="0" reference="3" classloader="0" />
    <remembered-set count="336" />
  </mem-info>
</gc-end>
<cycle-end id="960" type="scavenge" contextid="953" timestamp="2025-12-15T03:34:21.550" />
<allocation-satisfied id="961" threadId="0000000000831B00" bytesRequested="40" />
<af-end id="962" timestamp="2025-12-15T03:34:21.552" threadId="0000000000832578" success="true" from="nursery"/>
<exclusive-end id="963" timestamp="2025-12-15T03:34:21.553" durationms="12.402" />

<exclusive-start id="964" timestamp="2025-12-15T03:34:21.612" intervalms="72.090">
  <response-info timems="0.082" idlems="0.082" threads="0" lastid="0000000000831B00" lastname="Default Executor-thread-1" />
</exclusive-start>
<af-start id="965" threadId="0000000000832578" totalBytesRequested="48" timestamp="2025-12-15T03:34:21.613" intervalms="72.146" type="nursery" />
<cycle-start id="966" type="scavenge" contextid="0" timestamp="2025-12-15T03:34:21.614" intervalms="72.151" />
<gc-start id="967" type="scavenge" contextid="966" timestamp="2025-12-15T03:34:21.615">
  <mem-info id="968" free="5141072" total="29949952" percent="17">
    <mem type="nursery" free="0" total="11534336" percent="0">
      <mem type="allocate" free="0" total="10354688" percent="0" />
      <mem type="survivor" free="0" total="1179648" percent="0" />
    </mem>
    <mem type="tenure" free="5141072" total="18415616" percent="27">
      <mem type="soa" free="4219472" total="17494016" percent="24" />
      <mem type="loa" free="921600" total="921600" percent="100" />
    </mem>
    <remembered-set count="554" />
  </mem-info>
</gc-start>
<allocation-stats totalBytes="10280632" discardedBytes="1096" >
  <allocated-bytes non-tlh="40" tlh="10280592" />
  <largest-consumer threadName="Default Executor-thread-1" threadId="0000000000831B00" bytes="10280632" />
</allocation-stats>
<gc-op id="969" type="scavenge" timems="2.368" contextid="966" timestamp="2025-12-15T03:34:21.620">
  <scavenger-info tenureage="5" tenuremask="ffe0" tiltratio="89" />
  <memory-copied type="nursery" objects="9365" bytes="257120" bytesdiscarded="13216" />
  <references type="weak" candidates="1" cleared="0" enqueued="0" />
  <object-monitors candidates="19" cleared="0"  />
</gc-op>
<gc-end id="970" type="scavenge" contextid="966" durationms="5.451" usertimems="3.018" systemtimems="0.974" stalltimems="1.528" timestamp="2025-12-15T03:34:21.621" activeThreads="2">
  <mem-info id="971" free="15225424" total="29949952" percent="50">
    <mem type="nursery" free="10084352" total="11534336" percent="87">
      <mem type="allocate" free="10084352" total="10354688" percent="97" />
      <mem type="survivor" free="0" total="1179648" percent="0" />
    </mem>
    <mem type="tenure" free="5141072" total="18415616" percent="27">
      <mem type="soa" free="4219472" total="17494016" percent="24" />
      <mem type="loa" free="921600" total="921600" percent="100" />
    </mem>
    <remembered-set count="547" />
  </mem-info>
</gc-end>
<cycle-end id="972" type="scavenge" contextid="966" timestamp="2025-12-15T03:34:21.622" />
<allocation-satisfied id="973" threadId="0000000000831B00" bytesRequested="48" />
<af-end id="974" timestamp="2025-12-15T03:34:21.623" threadId="0000000000832578" success="true" from="nursery"/>
<exclusive-end id="975" timestamp="2025-12-15T03:34:21.624" durationms="11.872" />

<exclusive-start id="976" timestamp="2025-12-15T03:34:21.666" intervalms="54.112">
  <response-info timems="0.068" idlems="0.068" threads="0" lastid="0000000000831B00" lastname="Default Executor-thread-1" />
</exclusive-start>
<af-start id="977" threadId="0000000000832578" totalBytesRequested="24" timestamp="2025-12-15T03:34:21.668" intervalms="54.283" type="nursery" />
<cycle-start id="978" type="scavenge" contextid="0" timestamp="2025-12-15T03:34:21.668" intervalms="54.055" />
<gc-start id="979" type="scavenge" contextid="978" timestamp="2025-12-15T03:34:21.669">
  <mem-info id="980" free="5141072" total="29949952" percent="17">
    <mem type="nursery" free="0" total="11534336" percent="0">
      <mem type="allocate" free="0" total="10354688" percent="0" />
      <mem type="survivor" free="0" total="1179648" percent="0" />
    </mem>
    <mem type="tenure" free="5141072" total="18415616" percent="27">
      <mem type="soa" free="4219472" total="17494016" percent="24" />
      <mem type="loa" free="921600" total="921600" percent="100" />
    </mem>
    <remembered-set count="574" />
  </mem-info>
</gc-start>
<allocation-stats totalBytes="10083648" discardedBytes="704" >
  <allocated-bytes non-tlh="48" tlh="10083600" />
  <largest-consumer threadName="Default Executor-thread-1" threadId="0000000000831B00" bytes="10083648" />
</allocation-stats>
<gc-op id="981" type="scavenge" timems="1.606" contextid="978" timestamp="2025-12-15T03:34:21.672">
  <scavenger-info tenureage="3" tenuremask="fff8" tiltratio="89" />
  <memory-copied type="nursery" objects="11337" bytes="311600" bytesdiscarded="64720" />
  <memory-copied type="tenure" objects="273" bytes="10056" bytesdiscarded="16" />
  <object-monitors candidates="19" cleared="0"  />
</gc-op>
<heap-resize id="982" type="expand" space="nursery" amount="524288" count="1" timems="0.074" reason="excessive time being spent scavenging" timestamp="2025-12-15T03:34:21.673" />
<gc-end id="983" type="scavenge" contextid="978" durationms="4.950" usertimems="0.118" systemtimems="3.126" stalltimems="0.401" timestamp="2025-12-15T03:34:21.674" activeThreads="2">
  <mem-info id="984" free="15549008" total="30474240" percent="51">
    <mem type="nursery" free="10437120" total="12058624" percent="86">
      <mem type="allocate" free="10437120" total="10813440" percent="96" />
      <mem type="survivor" free="0" total="1245184" percent="0" />
    </mem>
    <mem type="tenure" free="5111888" total="18415616" percent="27">
      <mem type="soa" free="4190288" total="17494016" percent="23" />
      <mem type="loa" free="921600" total="921600" percent="100" />
    </mem>
    <remembered-set count="554" />
  </mem-info>
</gc-end>
<cycle-end id="985" type="scavenge" contextid="978" timestamp="2025-12-15T03:34:21.675" />
<allocation-satisfied id="986" threadId="0000000000831B00" bytesRequested="24" />
<af-end id="987" timestamp="2025-12-15T03:34:21.677" threadId="0000000000832578" success="true" from="nursery"/>
<exclusive-end id="988" timestamp="2025-12-15T03:34:21.678" durationms="11.244" />

<exclusive-start id="989" timestamp="2025-12-15T03:34:21.721" intervalms="54.774">
  <response-info timems="0.085" idlems="0.085" threads="0" lastid="0000000000831B00" lastname="Default Executor-thread-1" />
</exclusive-start>
<af-start id="990" threadId="0000000000832578" totalBytesRequested="32" timestamp="2025-12-15T03:34:21.722" intervalms="54.809" type="nursery" />
<cycle-start id="991" type="scavenge" contextid="0" timestamp="2025-12-15T03:34:21.723" intervalms="54.944" />
<gc-start id="992" type="scavenge" contextid="991" timestamp="2025-12-15T03:34:21.724">
  <mem-info id="993" free="5111888" total="30474240" percent="16">
    <mem type="nursery" free="0" total="12058624" percent="0">
      <mem type="allocate" free="0" total="10813440" percent="0" />
      <mem type="survivor" free="0" total="1245184" percent="0" />
    </mem>
    <mem type="tenure" free="5111888" total="18415616" percent="27">
      <mem type="soa" free="4190288" total="17494016" percent="23" />
      <mem type="loa" free="921600" total="921600" percent="100" />
    </mem>
    <remembered-set count="556" />
  </mem-info>
</gc-start>
<allocation-stats totalBytes="10436544" discardedBytes="576" >
  <allocated-bytes non-tlh="24" tlh="10436520" />
  <largest-consumer threadName="Default Executor-thread-1" threadId="0000000000831B00" bytes="10436544" />
</allocation-stats>
<gc-op id="994" type="scavenge" timems="2.294" contextid="991" timestamp="2025-12-15T03:34:21.730">
  <scavenger-info tenureage="3" tenuremask="ffc8" tiltratio="89" />
  <memory-copied type="nursery" objects="9826" bytes="270248" bytesdiscarded="12376" />
  <memory-copied type="tenure" objects="1757" bytes="49720" bytesdiscarded="16" />
  <object-monitors candidates="19" cleared="0"  />
</gc-op>
<heap-resize id="995" type="expand" space="nursery" amount="655360" count="1" timems="0.059" reason="excessive time being spent scavenging" timestamp="2025-12-15T03:34:21.731" />
<gc-end id="996" type="scavenge" contextid="991" durationms="7.676" usertimems="4.587" systemtimems="0.000" stalltimems="0.835" timestamp="2025-12-15T03:34:21.732" activeThreads="2">
  <mem-info id="997" free="16182608" total="31129600" percent="51">
    <mem type="nursery" free="11120640" total="12713984" percent="87">
      <mem type="allocate" free="11120640" total="11403264" percent="97" />
      <mem type="survivor" free="0" total="1310720" percent="0" />
    </mem>
    <mem type="tenure" free="5061968" total="18415616" percent="27">
      <mem type="soa" free="4140368" total="17494016" percent="23" />
      <mem type="loa" free="921600" total="921600" percent="100" />
    </mem>
    <remembered-set count="508" />
  </mem-info>
</gc-end>
<cycle-end id="998" type="scavenge" contextid="991" timestamp="2025-12-15T03:34:21.733" />
<allocation-satisfied id="999" threadId="0000000000831B00" bytesRequested="32" />
<af-end id="1000" timestamp="2025-12-15T03:34:21.734" threadId="0000000000832578" success="true" from="nursery"/>
<exclusive-end id="1001" timestamp="2025-12-15T03:34:21.735" durationms="13.453" />

<exclusive-start id="1002" timestamp="2025-12-15T03:34:21.782" intervalms="61.203">
  <response-info timems="0.080" idlems="0.080" threads="0" lastid="0000000000831B00" lastname="Default Executor-thread-1" />
</exclusive-start>
<af-start id="1003" threadId="0000000000832578" totalBytesRequested="48" timestamp="2025-12-15T03:34:21.783" intervalms="60.986" type="nursery" />
<cycle-start id="1004" type="scavenge" contextid="0" timestamp="2025-12-15T03:34:21.784" intervalms="61.087" />
<gc-start id="1005" type="scavenge" contextid="1004" timestamp="2025-12-15T03:34:21.785">
  <mem-info id="1006" free="5061968" total="31129600" percent="16">
    <mem type="nursery" free="0" total="12713984" percent="0">
      <mem type="allocate" free="0" total="11403264" percent="0" />
      <mem type="survivor" free="0" total="1310720" percent="0" />
    </mem>
    <mem type="tenure" free="5061968" total="18415616" percent="27">
      <mem type="soa" free="4140368" total="17494016" percent="23" />
      <mem type="loa" free="921600" total="921600" percent="100" />
    </mem>
    <remembered-set count="509" />
  </mem-info>
</gc-start>
<allocation-stats totalBytes="11120072" discardedBytes="568" >
  <allocated-bytes non-tlh="32" tlh="11120040" />
  <largest-consumer threadName="Default Executor-thread-1" threadId="0000000000831B00" bytes="11120072" />
</allocation-stats>
<gc-op id="1007" type="scavenge" timems="1.772" contextid="1004" timestamp="2025-12-15T03:34:21.789">
  <scavenger-info tenureage="3" tenuremask="ffe8" tiltratio="89" />
  <memory-copied type="nursery" objects="2904" bytes="87568" bytesdiscarded="34544" />
  <memory-copied type="tenure" objects="7067" bytes="187856" bytesdiscarded="112" />
  <object-monitors candidates="19" cleared="0"  />
</gc-op>
<gc-end id="1008" type="scavenge" contextid="1004" durationms="4.865" usertimems="0.616" systemtimems="3.406" stalltimems="0.171" timestamp="2025-12-15T03:34:21.790" activeThreads="2">
  <mem-info id="1009" free="16107344" total="31129600" percent="51">
    <mem type="nursery" free="11281152" total="12713984" percent="88">
      <mem type="allocate" free="11281152" total="11403264" percent="98" />
      <mem type="survivor" free="0" total="1310720" percent="0" />
    </mem>
    <mem type="tenure" free="4826192" total="18415616" percent="26">
      <mem type="soa" free="3904592" total="17494016" percent="22" />
      <mem type="loa" free="921600" total="921600" percent="100" />
    </mem>
    <remembered-set count="317" />
  </mem-info>
</gc-end>
<cycle-end id="1010" type="scavenge" contextid="1004" timestamp="2025-12-15T03:34:21.791" />
<allocation-satisfied id="1011" threadId="0000000000831B00" bytesRequested="48" />
<af-end id="1012" timestamp="2025-12-15T03:34:21.793" threadId="0000000000832578" success="true" from="nursery"/>
<exclusive-end id="1013" timestamp="2025-12-15T03:34:21.794" durationms="11.204" />

<exclusive-start id="1014" timestamp="2025-12-15T03:34:21.842" intervalms="59.954">
  <response-info timems="0.095" idlems="0.095" threads="0" lastid="0000000000831B00" lastname="Default Executor-thread-1" />
</exclusive-start>
<af-start id="1015" threadId="0000000000832578" totalBytesRequested="24" timestamp="2025-12-15T03:34:21.843" intervalms="59.907" type="nursery" />
<cycle-start id="1016" type="scavenge" contextid="0" timestamp="2025-12-15T03:34:21.844" intervalms="59.844" />
<gc-start id="1017" type="scavenge" contextid="1016" timestamp="2025-12-15T03:34:21.845">
  <mem-info id="1018" free="4826192" total="31129600" percent="15">
    <mem type="nursery" free="0" total="12713984" percent="0">
      <mem type="allocate" free="0" total="11403264" percent="0" />
      <mem type="survivor" free="0" total="1310720" percent="0" />
    </mem>
    <mem type="tenure" free="4826192" total="18415616" percent="26">
      <mem type="soa" free="3904592" total="17494016" percent="22" />
      <mem type="loa" free="921600" total="921600" percent="100" />
    </mem>
    <remembered-set count="344" />
  </mem-info>
</gc-start>
<allocation-stats totalBytes="11280720" discardedBytes="432" >
  <allocated-bytes non-tlh="48" tlh="11280672" />
  <largest-consumer threadName="Default Executor-thread-1" threadId="0000000000831B00" bytes="11260240" />
</allocation-stats>
<gc-op id="1019" type="scavenge" timems="1.560" contextid="1016" timestamp="2025-12-15T03:34:21.849">
  <scavenger-info tenureage="3" tenuremask="ffe8" tiltratio="89" />
  <memory-copied type="nursery" objects="869" bytes="30480" bytesdiscarded="13296" />
  <memory-copied type="tenure" objects="2278" bytes="65576" bytesdiscarded="64" />
  <ownableSynchronizers candidates="2" cleared="0" />
  <object-monitors candidates="19" cleared="0"  />
</gc-op>
<heap-resize id="1020" type="expand" space="nursery" amount="655360" count="1" timems="0.068" reason="excessive time being spent scavenging" timestamp="2025-12-15T03:34:21.850" />
<gc-end id="1021" type="scavenge" contextid="1016" durationms="5.359" usertimems="3.210" systemtimems="0.000" stalltimems="0.679" timestamp="2025-12-15T03:34:21.851" activeThreads="2">
  <mem-info id="1022" free="16731728" total="31784960" percent="52">
    <mem type="nursery" free="11949312" total="13369344" percent="89">
      <mem type="allocate" free="11949312" total="11993088" percent="99" />
      <mem type="survivor" free="0" total="1376256" percent="0" />
    </mem>
    <mem type="tenure" free="4782416" total="18415616" percent="25">
      <mem type="soa" free="3860816" total="17494016" percent="22" />
      <mem type="loa" free="921600" total="921600" percent="100" />
    </mem>
    <remembered-set count="281" />
  </mem-info>
</gc-end>
<cycle-end id="1023" type="scavenge" contextid="1016" timestamp="2025-12-15T03:34:21.852" />
<allocation-satisfied id="1024" threadId="0000000000831B00" bytesRequested="24" />
<af-end id="1025" timestamp="2025-12-15T03:34:21.853" threadId="0000000000832578" success="true" from="nursery"/>
<exclusive-end id="1026" timestamp="2025-12-15T03:34:21.854" durationms="11.598" />

<exclusive-start id="1027" timestamp="2025-12-15T03:34:21.907" intervalms="64.458">
  <response-info timems="0.098" idlems="0.098" threads="0" lastid="0000000000831B00" lastname="Default Executor-thread-1" />
</exclusive-start>
<af-start id="1028" threadId="0000000000832578" totalBytesRequested="16" timestamp="2025-12-15T03:34:21.909" intervalms="65.936" type="nursery" />
<cycle-start id="1029" type="scavenge" contextid="0" timestamp="2025-12-15T03:34:21.911" intervalms="66.376" />
<gc-start id="1030" type="scavenge" contextid="1029" timestamp="2025-12-15T03:34:21.912">
  <mem-info id="1031" free="4782416" total="31784960" percent="15">
    <mem type="nursery" free="0" total="13369344" percent="0">
      <mem type="allocate" free="0" total="11993088" percent="0" />
      <mem type="survivor" free="0" total="1376256" percent="0" />
    </mem>
    <mem type="tenure" free="4782416" total="18415616" percent="25">
      <mem type="soa" free="3860816" total="17494016" percent="22" />
      <mem type="loa" free="921600" total="921600" percent="100" />
    </mem>
    <remembered-set count="286" />
  </mem-info>
</gc-start>
<allocation-stats totalBytes="11948736" discardedBytes="576" >
  <allocated-bytes non-tlh="24" tlh="11948712" />
  <largest-consumer threadName="Default Executor-thread-1" threadId="0000000000831B00" bytes="11948736" />
</allocation-stats>
<gc-op id="1032" type="scavenge" timems="1.175" contextid="1029" timestamp="2025-12-15T03:34:21.915">
  <scavenger-info tenureage="3" tenuremask="ffe8" tiltratio="89" />
  <memory-copied type="nursery" objects="891" bytes="30560" bytesdiscarded="13216" />
  <memory-copied type="tenure" objects="232" bytes="7976" bytesdiscarded="0" />
  <ownableSynchronizers candidates="2" cleared="0" />
  <object-monitors candidates="19" cleared="0"  />
</gc-op>
<gc-end id="1033" type="scavenge" contextid="1029" durationms="4.468" usertimems="0.000" systemtimems="1.832" stalltimems="0.632" timestamp="2025-12-15T03:34:21.916" activeThreads="2">
  <mem-info id="1034" free="16731728" total="31784960" percent="52">
    <mem type="nursery" free="11949312" total="13369344" percent="89">
      <mem type="allocate" free="11949312" total="11993088" percent="99" />
      <mem type="survivor" free="0" total="1376256" percent="0" />
    </mem>
    <mem type="tenure" free="4782416" total="18415616" percent="25">
      <mem type="soa" free="3860816" total="17494016" percent="22" />
      <mem type="loa" free="921600" total="921600" percent="100" />
    </mem>
    <remembered-set count="281" />
  </mem-info>
</gc-end>
<cycle-end id="1035" type="scavenge" contextid="1029" timestamp="2025-12-15T03:34:21.917" />
<allocation-satisfied id="1036" threadId="0000000000831B00" bytesRequested="16" />
<af-end id="1037" timestamp="2025-12-15T03:34:21.919" threadId="0000000000832578" success="true" from="nursery"/>
<exclusive-end id="1038" timestamp="2025-12-15T03:34:21.920" durationms="13.387" />

<exclusive-start id="1039" timestamp="2025-12-15T03:34:21.966" intervalms="58.774">
  <response-info timems="0.060" idlems="0.060" threads="0" lastid="0000000000831B00" lastname="Default Executor-thread-1" />
</exclusive-start>
<af-start id="1040" threadId="0000000000832578" totalBytesRequested="72" timestamp="2025-12-15T03:34:21.967" intervalms="57.469" type="nursery" />
<cycle-start id="1041" type="scavenge" contextid="0" timestamp="2025-12-15T03:34:21.968" intervalms="57.137" />
<gc-start id="1042" type="scavenge" contextid="1041" timestamp="2025-12-15T03:34:21.969">
  <mem-info id="1043" free="4782416" total="31784960" percent="15">
    <mem type="nursery" free="0" total="13369344" percent="0">
      <mem type="allocate" free="0" total="11993088" percent="0" />
      <mem type="survivor" free="0" total="1376256" percent="0" />
    </mem>
    <mem type="tenure" free="4782416" total="18415616" percent="25">
      <mem type="soa" free="3860816" total="17494016" percent="22" />
      <mem type="loa" free="921600" total="921600" percent="100" />
    </mem>
    <remembered-set count="305" />
  </mem-info>
</gc-start>
<allocation-stats totalBytes="11948264" discardedBytes="1048" >
  <allocated-bytes non-tlh="16" tlh="11948248" />
  <largest-consumer threadName="Default Executor-thread-1" threadId="0000000000831B00" bytes="11948264" />
</allocation-stats>
<gc-op id="1044" type="scavenge" timems="1.231" contextid="1041" timestamp="2025-12-15T03:34:21.972">
  <scavenger-info tenureage="14" tenuremask="4000" tiltratio="89" />
  <memory-copied type="nursery" objects="1240" bytes="40224" bytesdiscarded="18144" />
  <ownableSynchronizers candidates="2" cleared="0" />
  <object-monitors candidates="19" cleared="0"  />
</gc-op>
<heap-resize id="1045" type="expand" space="nursery" amount="655360" count="1" timems="0.050" reason="excessive time being spent scavenging" timestamp="2025-12-15T03:34:21.973" />
<gc-end id="1046" type="scavenge" contextid="1041" durationms="5.371" usertimems="0.000" systemtimems="2.617" stalltimems="0.629" timestamp="2025-12-15T03:34:21.974" activeThreads="2">
  <mem-info id="1047" free="17306960" total="32440320" percent="53">
    <mem type="nursery" free="12524544" total="14024704" percent="89">
      <mem type="allocate" free="12524544" total="12582912" percent="99" />
      <mem type="survivor" free="0" total="1441792" percent="0" />
    </mem>
    <mem type="tenure" free="4782416" total="18415616" percent="25">
      <mem type="soa" free="3860816" total="17494016" percent="22" />
      <mem type="loa" free="921600" total="921600" percent="100" />
    </mem>
    <remembered-set count="284" />
  </mem-info>
</gc-end>
<cycle-end id="1048" type="scavenge" contextid="1041" timestamp="2025-12-15T03:34:21.975" />
<allocation-satisfied id="1049" threadId="0000000000831B00" bytesRequested="72" />
<af-end id="1050" timestamp="2025-12-15T03:34:21.977" threadId="0000000000832578" success="true" from="nursery"/>
<exclusive-end id="1051" timestamp="2025-12-15T03:34:21.978" durationms="12.692" />

<exclusive-start id="1052" timestamp="2025-12-15T03:34:22.246" intervalms="280.750">
  <response-info timems="0.062" idlems="0.062" threads="0" lastid="0000000000831B00" lastname="Default Executor-thread-1" />
</exclusive-start>
<af-start id="1053" threadId="0000000000832578" totalBytesRequested="8200" timestamp="2025-12-15T03:34:22.247" intervalms="280.460" type="nursery" />
<cycle-start id="1054" type="scavenge" contextid="0" timestamp="2025-12-15T03:34:22.248" intervalms="280.385" />
<gc-start id="1055" type="scavenge" contextid="1054" timestamp="2025-12-15T03:34:22.249">
  <mem-info id="1056" free="4770808" total="32440320" percent="14">
    <mem type="nursery" free="0" total="14024704" percent="0">
      <mem type="allocate" free="0" total="12582912" percent="0" />
      <mem type="survivor" free="0" total="1441792" percent="0" />
    </mem>
    <mem type="tenure" free="4770808" total="18415616" percent="25">
      <mem type="soa" free="3849208" total="17494016" percent="22" />
      <mem type="loa" free="921600" total="921600" percent="100" />
    </mem>
    <remembered-set count="3193" />
  </mem-info>
</gc-start>
<allocation-stats totalBytes="12504168" discardedBytes="31984" >
  <allocated-bytes non-tlh="252008" tlh="12252160" />
  <largest-consumer threadName="Default Executor-thread-1" threadId="0000000000831B00" bytes="12463128" />
</allocation-stats>
<gc-op id="1057" type="scavenge" timems="4.697" contextid="1054" timestamp="2025-12-15T03:34:22.256">
  <scavenger-info tenureage="14" tenuremask="4000" tiltratio="89" />
  <memory-copied type="nursery" objects="30233" bytes="1430040" bytesdiscarded="10792" />
  <memory-copied type="tenure" objects="4177" bytes="96312" bytesdiscarded="48" />
  <copy-failed type="nursery" objects="4177" bytes="96312" />
  <ownableSynchronizers candidates="77" cleared="45" />
  <references type="soft" candidates="2" cleared="0" enqueued="0" dynamicThreshold="9" maxThreshold="32" />
  <references type="weak" candidates="56" cleared="43" enqueued="43" />
  <references type="phantom" candidates="49" cleared="0" enqueued="0" />
  <object-monitors candidates="19" cleared="0"  />
</gc-op>
<gc-end id="1058" type="scavenge" contextid="1054" durationms="7.410" usertimems="8.693" systemtimems="0.068" stalltimems="1.466" timestamp="2025-12-15T03:34:22.256" activeThreads="2">
  <mem-info id="1059" free="13518328" total="32440320" percent="41">
    <mem type="nursery" free="8847360" total="14024704" percent="63">
      <mem type="allocate" free="8847360" total="10289152" percent="85" />
      <mem type="survivor" free="0" total="3735552" percent="0" />
    </mem>
    <mem type="tenure" free="4670968" total="18415616" percent="25">
      <mem type="soa" free="3749368" total="17494016" percent="21" />
      <mem type="loa" free="921600" total="921600" percent="100" />
    </mem>
    <pending-finalizers system="0" default="0" reference="43" classloader="0" />
    <remembered-set count="2649" />
  </mem-info>
</gc-end>
<cycle-end id="1060" type="scavenge" contextid="1054" timestamp="2025-12-15T03:34:22.257" />
<allocation-satisfied id="1061" threadId="0000000000831B00" bytesRequested="8200" />
<af-end id="1062" timestamp="2025-12-15T03:34:22.259" threadId="0000000000832578" success="true" from="nursery"/>
<exclusive-end id="1063" timestamp="2025-12-15T03:34:22.260" durationms="13.460" />

<exclusive-start id="1064" timestamp="2025-12-15T03:34:22.454" intervalms="207.599">
  <response-info timems="0.061" idlems="0.061" threads="0" lastid="0000000000831B00" lastname="Default Executor-thread-1" />
</exclusive-start>
<af-start id="1065" threadId="0000000000832578" totalBytesRequested="62192" timestamp="2025-12-15T03:34:22.455" intervalms="207.619" type="nursery" />
<cycle-start id="1066" type="scavenge" contextid="0" timestamp="2025-12-15T03:34:22.456" intervalms="207.578" />
<gc-start id="1067" type="scavenge" contextid="1066" timestamp="2025-12-15T03:34:22.457">
  <mem-info id="1068" free="4670208" total="32440320" percent="14">
    <mem type="nursery" free="0" total="14024704" percent="0">
      <mem type="allocate" free="0" total="10289152" percent="0" />
      <mem type="survivor" free="0" total="3735552" percent="0" />
    </mem>
    <mem type="tenure" free="4670208" total="18415616" percent="25">
      <mem type="soa" free="3748608" total="17494016" percent="21" />
      <mem type="loa" free="921600" total="921600" percent="100" />
    </mem>
    <remembered-set count="2977" />
  </mem-info>
</gc-start>
<allocation-stats totalBytes="8835528" discardedBytes="12592" >
  <allocated-bytes non-tlh="187616" tlh="8647912" />
  <largest-consumer threadName="Default Executor-thread-1" threadId="0000000000831B00" bytes="8737192" />
</allocation-stats>
<gc-op id="1069" type="scavenge" timems="4.941" contextid="1066" timestamp="2025-12-15T03:34:22.463">
  <scavenger-info tenureage="4" tenuremask="ffd0" tiltratio="73" />
  <memory-copied type="nursery" objects="49418" bytes="2607824" bytesdiscarded="25616" />
  <memory-copied type="tenure" objects="16" bytes="632" bytesdiscarded="0" />
  <ownableSynchronizers candidates="226" cleared="116" />
  <references type="soft" candidates="2" cleared="0" enqueued="0" dynamicThreshold="9" maxThreshold="32" />
  <references type="weak" candidates="14" cleared="0" enqueued="0" />
  <references type="phantom" candidates="162" cleared="0" enqueued="0" />
  <object-monitors candidates="19" cleared="0"  />
</gc-op>
<gc-end id="1070" type="scavenge" contextid="1066" durationms="7.563" usertimems="8.848" systemtimems="0.112" stalltimems="0.967" timestamp="2025-12-15T03:34:22.464" activeThreads="2">
  <mem-info id="1071" free="11602880" total="32440320" percent="35">
    <mem type="nursery" free="6932672" total="14024704" percent="49">
      <mem type="allocate" free="6932672" total="9568256" percent="72" />
      <mem type="survivor" free="0" total="4456448" percent="0" />
    </mem>
    <mem type="tenure" free="4670208" total="18415616" percent="25">
      <mem type="soa" free="3748608" total="17494016" percent="21" />
      <mem type="loa" free="921600" total="921600" percent="100" />
    </mem>
    <remembered-set count="2847" />
  </mem-info>
</gc-end>
<cycle-end id="1072" type="scavenge" contextid="1066" timestamp="2025-12-15T03:34:22.465" />
<allocation-satisfied id="1073" threadId="0000000000831B00" bytesRequested="62192" />
<af-end id="1074" timestamp="2025-12-15T03:34:22.467" threadId="0000000000832578" success="true" from="nursery"/>
<exclusive-end id="1075" timestamp="2025-12-15T03:34:22.468" durationms="13.765" />

<exclusive-start id="1076" timestamp="2025-12-15T03:34:22.552" intervalms="97.700">
  <response-info timems="0.080" idlems="0.080" threads="0" lastid="0000000000886D00" lastname="Bundle File Closer" />
</exclusive-start>
<af-start id="1077" threadId="0000000000887778" totalBytesRequested="16" timestamp="2025-12-15T03:34:22.553" intervalms="97.756" type="nursery" />
<cycle-start id="1078" type="scavenge" contextid="0" timestamp="2025-12-15T03:34:22.554" intervalms="97.891" />
<gc-start id="1079" type="scavenge" contextid="1078" timestamp="2025-12-15T03:34:22.555">
  <mem-info id="1080" free="4669832" total="32440320" percent="14">
    <mem type="nursery" free="0" total="14024704" percent="0">
      <mem type="allocate" free="0" total="9568256" percent="0" />
      <mem type="survivor" free="0" total="4456448" percent="0" />
    </mem>
    <mem type="tenure" free="4669832" total="18415616" percent="25">
      <mem type="soa" free="3748232" total="17494016" percent="21" />
      <mem type="loa" free="921600" total="921600" percent="100" />
    </mem>
    <remembered-set count="3101" />
  </mem-info>
</gc-start>
<allocation-stats totalBytes="6905944" discardedBytes="27104" >
  <allocated-bytes non-tlh="298424" tlh="6607520" />
  <largest-consumer threadName="Default Executor-thread-1" threadId="0000000000831B00" bytes="6844616" />
</allocation-stats>
<gc-op id="1081" type="scavenge" timems="6.405" contextid="1078" timestamp="2025-12-15T03:34:22.563">
  <scavenger-info tenureage="3" tenuremask="ffd8" tiltratio="68" />
  <memory-copied type="nursery" objects="63997" bytes="4003688" bytesdiscarded="26176" />
  <memory-copied type="tenure" objects="648" bytes="19376" bytesdiscarded="0" />
  <ownableSynchronizers candidates="220" cleared="66" />
  <references type="soft" candidates="2" cleared="0" enqueued="0" dynamicThreshold="9" maxThreshold="32" />
  <references type="weak" candidates="14" cleared="0" enqueued="0" />
  <references type="phantom" candidates="228" cleared="0" enqueued="0" />
  <object-monitors candidates="19" cleared="0"  />
</gc-op>
<heap-resize id="1082" type="expand" space="nursery" amount="655360" count="1" timems="0.052" reason="excessive time being spent scavenging" timestamp="2025-12-15T03:34:22.564" />
<gc-end id="1083" type="scavenge" contextid="1078" durationms="10.663" usertimems="12.773" systemtimems="0.000" stalltimems="0.994" timestamp="2025-12-15T03:34:22.565" activeThreads="2">
  <mem-info id="1084" free="8594952" total="33095680" percent="25">
    <mem type="nursery" free="4028032" total="14680064" percent="27">
      <mem type="allocate" free="4028032" total="8060928" percent="49" />
      <mem type="survivor" free="0" total="6619136" percent="0" />
    </mem>
    <mem type="tenure" free="4566920" total="18415616" percent="24">
      <mem type="soa" free="3645320" total="17494016" percent="20" />
      <mem type="loa" free="921600" total="921600" percent="100" />
    </mem>
    <remembered-set count="2669" />
  </mem-info>
</gc-end>
<cycle-end id="1085" type="scavenge" contextid="1078" timestamp="2025-12-15T03:34:22.567" />
<allocation-satisfied id="1086" threadId="0000000000886D00" bytesRequested="16" />
<af-end id="1087" timestamp="2025-12-15T03:34:22.569" threadId="0000000000887778" success="true" from="nursery"/>
<exclusive-end id="1088" timestamp="2025-12-15T03:34:22.570" durationms="18.007" />

<exclusive-start id="1089" timestamp="2025-12-15T03:34:22.692" intervalms="140.538">
  <response-info timems="0.061" idlems="0.061" threads="0" lastid="0000000000831B00" lastname="Default Executor-thread-1" />
</exclusive-start>
<af-start id="1090" threadId="0000000000832578" totalBytesRequested="48" timestamp="2025-12-15T03:34:22.693" intervalms="140.302" type="nursery" />
<cycle-start id="1091" type="scavenge" contextid="0" timestamp="2025-12-15T03:34:22.694" intervalms="140.042" />
<gc-start id="1092" type="scavenge" contextid="1091" timestamp="2025-12-15T03:34:22.695">
  <mem-info id="1093" free="4566816" total="33095680" percent="13">
    <mem type="nursery" free="0" total="14680064" percent="0">
      <mem type="allocate" free="0" total="8060928" percent="0" />
      <mem type="survivor" free="0" total="6619136" percent="0" />
    </mem>
    <mem type="tenure" free="4566816" total="18415616" percent="24">
      <mem type="soa" free="3645216" total="17494016" percent="20" />
      <mem type="loa" free="921600" total="921600" percent="100" />
    </mem>
    <remembered-set count="2849" />
  </mem-info>
</gc-start>
<allocation-stats totalBytes="4026368" discardedBytes="1768" >
  <allocated-bytes non-tlh="120" tlh="4026248" />
  <largest-consumer threadName="Default Executor-thread-1" threadId="0000000000831B00" bytes="4005872" />
</allocation-stats>
<gc-op id="1094" type="scavenge" timems="7.051" contextid="1091" timestamp="2025-12-15T03:34:22.703">
  <scavenger-info tenureage="2" tenuremask="ff4c" tiltratio="54" />
  <memory-copied type="nursery" objects="23014" bytes="1925944" bytesdiscarded="114464" />
  <memory-copied type="tenure" objects="48743" bytes="2580704" bytesdiscarded="2304" />
  <ownableSynchronizers candidates="194" cleared="24" />
  <references type="weak" candidates="2" cleared="0" enqueued="0" />
  <references type="phantom" candidates="91" cleared="0" enqueued="0" />
  <object-monitors candidates="20" cleared="0"  />
</gc-op>
<gc-end id="1095" type="scavenge" contextid="1091" durationms="8.940" usertimems="13.999" systemtimems="0.000" stalltimems="0.451" timestamp="2025-12-15T03:34:22.703" activeThreads="2">
  <mem-info id="1096" free="8546888" total="33095680" percent="25">
    <mem type="nursery" free="6609136" total="14680064" percent="45">
      <mem type="allocate" free="6609136" total="8650752" percent="76" />
      <mem type="survivor" free="0" total="6029312" percent="0" />
    </mem>
    <mem type="tenure" free="1937752" total="18415616" percent="10">
      <mem type="soa" free="1016152" total="17494016" percent="5" />
      <mem type="loa" free="921600" total="921600" percent="100" />
    </mem>
    <remembered-set count="646" />
  </mem-info>
</gc-end>
<cycle-end id="1097" type="scavenge" contextid="1091" timestamp="2025-12-15T03:34:22.704" />
<allocation-satisfied id="1098" threadId="0000000000831B00" bytesRequested="48" />
<af-end id="1099" timestamp="2025-12-15T03:34:22.705" threadId="0000000000832578" success="true" from="nursery"/>
<exclusive-end id="1100" timestamp="2025-12-15T03:34:22.706" durationms="13.842" />

<concurrent-kickoff id="1101" timestamp="2025-12-15T03:34:22.773">
  <kickoff reason="threshold reached" targetBytes="7610005" thresholdFreeBytes="1055012"  remainingFree="887024" tenureFreeBytes="1937592" nurseryFreeBytes="887024" />
</concurrent-kickoff>
<exclusive-start id="1102" timestamp="2025-12-15T03:34:22.774" intervalms="82.227">
  <response-info timems="0.090" idlems="0.090" threads="0" lastid="0000000000831B00" lastname="Default Executor-thread-1" />
</exclusive-start>
<cycle-start id="1103" type="global" contextid="0" timestamp="2025-12-15T03:34:22.775" intervalms="1688.402" />
<concurrent-start id="1104" type="global mark" contextid="1103" timestamp="2025-12-15T03:34:22.776">
</concurrent-start>
<exclusive-end id="1105" timestamp="2025-12-15T03:34:22.777" durationms="2.275" />

<exclusive-start id="1106" timestamp="2025-12-15T03:34:22.809" intervalms="34.273">
  <response-info timems="0.067" idlems="0.067" threads="0" lastid="0000000000831B00" lastname="Default Executor-thread-1" />
</exclusive-start>
<af-start id="1107" threadId="0000000000832578" totalBytesRequested="16392" timestamp="2025-12-15T03:34:22.809" intervalms="116.453" type="nursery" />
<percolate-collect id="1108" from="nursery" to="global" reason="concurrent mark exhausted" timestamp="2025-12-15T03:34:22.810"/>
<concurrent-end id="1109" type="global mark" contextid="1103" timestamp="2025-12-15T03:34:22.811">
<gc-op id="1110" type="trace" timems="32.717" contextid="1103" timestamp="2025-12-15T03:34:22.811">
  <trace bytesTraced="8852432" workStackOverflowCount="0" />
  <card-cleaning reason="card cleaning threshold reached" bytesTraced="5932" cardsCleaned="38" />
</gc-op>
</concurrent-end>

<gc-start id="1111" type="global" contextid="1103" timestamp="2025-12-15T03:34:22.812">
  <mem-info id="1112" free="1937544" total="33095680" percent="5">
    <mem type="nursery" free="0" total="14680064" percent="0">
      <mem type="allocate" free="0" total="8650752" percent="0" />
      <mem type="survivor" free="0" total="6029312" percent="0" />
    </mem>
    <mem type="tenure" free="1937544" total="18415616" percent="10">
      <mem type="soa" free="1015944" total="17494016" percent="5" />
      <mem type="loa" free="921600" total="921600" percent="100" />
    </mem>
    <remembered-set count="1045" />
  </mem-info>
</gc-start>
<allocation-stats totalBytes="6593312" discardedBytes="16032" >
  <allocated-bytes non-tlh="256" tlh="6593056" />
  <largest-consumer threadName="Default Executor-thread-1" threadId="0000000000831B00" bytes="6515568" />
</allocation-stats>
<concurrent-halted id="1113" timestamp="2025-12-15T03:34:22.813">
  <halted state="Complete" status="exhausted" />
  <traced bytesTarget="7610005" bytesTotal="8858364" bytesByMutator="3821608" bytesByHelper="5036756" percent="116" />
  <cards cleaned="38" thresholdBytes="415610" />
</concurrent-halted>
<gc-op id="1114" type="rs-scan" timems="5.279" contextid="1103" timestamp="2025-12-15T03:34:22.819">
  <scan objectsFound="38475" bytesTraced="1132188" workStackOverflowCount="0" />
</gc-op>
<gc-op id="1115" type="card-cleaning" timems="2.932" contextid="1103" timestamp="2025-12-15T03:34:22.823">
  <card-cleaning cardsCleaned="50" bytesTraced="32332" workStackOverflowCount="0" />
</gc-op>
<gc-op id="1116" type="mark" timems="11.325" contextid="1103" timestamp="2025-12-15T03:34:22.835">
  <trace-info objectcount="169" scancount="161" scanbytes="3152" />
  <finalization candidates="730" enqueued="0" />
  <ownableSynchronizers candidates="976" cleared="109" />
  <references type="soft" candidates="4488" cleared="0" enqueued="0" dynamicThreshold="9" maxThreshold="32" />
  <references type="weak" candidates="1310" cleared="0" enqueued="0" />
  <references type="phantom" candidates="365" cleared="0" enqueued="0" />
  <stringconstants candidates="12764" cleared="1"  />
  <object-monitors candidates="20" cleared="0"  />
</gc-op>
<gc-op id="1117" type="sweep" timems="4.648" contextid="1103" timestamp="2025-12-15T03:34:22.841" />
<heap-resize id="1118" type="expand" space="tenure" amount="3276800" count="1" timems="0.614" reason="insufficient free space following gc" timestamp="2025-12-15T03:34:22.842" />
<gc-end id="1119" type="global" contextid="1103" durationms="31.076" usertimems="55.514" systemtimems="20.361" stalltimems="186.903" timestamp="2025-12-15T03:34:22.843" activeThreads="15">
  <mem-info id="1120" free="11575928" total="36372480" percent="31">
    <mem type="nursery" free="5041768" total="14680064" percent="34">
      <mem type="allocate" free="5041768" total="8650752" percent="58" />
      <mem type="survivor" free="0" total="6029312" percent="0" />
    </mem>
    <mem type="tenure" free="6534160" total="21692416" percent="30" micro-fragmented="257597" macro-fragmented="0">
      <mem type="soa" free="5448720" total="20606976" percent="26" />
      <mem type="loa" free="1085440" total="1085440" percent="100" />
    </mem>
    <remembered-set count="925" />
  </mem-info>
</gc-end>
<cycle-end id="1121" type="global" contextid="1103" timestamp="2025-12-15T03:34:22.844" />
<allocation-satisfied id="1122" threadId="0000000000831B00" bytesRequested="16392" />
<af-end id="1123" timestamp="2025-12-15T03:34:22.846" threadId="0000000000832578" success="true" from="nursery"/>
<exclusive-end id="1124" timestamp="2025-12-15T03:34:22.846" durationms="37.668" />

<exclusive-start id="1125" timestamp="2025-12-15T03:34:22.866" intervalms="57.174">
  <response-info timems="0.067" idlems="0.067" threads="0" lastid="0000000000831B00" lastname="Default Executor-thread-1" />
</exclusive-start>
<af-start id="1126" threadId="0000000000832578" totalBytesRequested="132480" timestamp="2025-12-15T03:34:22.867" intervalms="57.296" type="nursery" />
<cycle-start id="1127" type="scavenge" contextid="0" timestamp="2025-12-15T03:34:22.868" intervalms="173.905" />
<gc-start id="1128" type="scavenge" contextid="1127" timestamp="2025-12-15T03:34:22.869">
  <mem-info id="1129" free="10149792" total="36372480" percent="27">
    <mem type="nursery" free="3615632" total="14680064" percent="24">
      <mem type="allocate" free="3615632" total="8650752" percent="41" />
      <mem type="survivor" free="0" total="6029312" percent="0" />
    </mem>
    <mem type="tenure" free="6534160" total="21692416" percent="30">
      <mem type="soa" free="5448720" total="20606976" percent="26" />
      <mem type="loa" free="1085440" total="1085440" percent="100" />
    </mem>
    <remembered-set count="1047" />
  </mem-info>
</gc-start>
<allocation-stats totalBytes="1364768" discardedBytes="57256" >
  <allocated-bytes non-tlh="366144" tlh="998624" />
  <largest-consumer threadName="Default Executor-thread-1" threadId="0000000000831B00" bytes="1328168" />
</allocation-stats>
<gc-op id="1130" type="scavenge" timems="4.439" contextid="1127" timestamp="2025-12-15T03:34:22.875">
  <scavenger-info tenureage="2" tenuremask="ffe4" tiltratio="58" />
  <memory-copied type="nursery" objects="27372" bytes="1742504" bytesdiscarded="58344" />
  <memory-copied type="tenure" objects="15242" bytes="1422128" bytesdiscarded="10280" />
  <ownableSynchronizers candidates="1640" cleared="1493" />
  <references type="weak" candidates="2" cleared="0" enqueued="0" />
  <references type="phantom" candidates="150" cleared="0" enqueued="0" />
  <object-monitors candidates="20" cleared="0"  />
</gc-op>
<gc-end id="1131" type="scavenge" contextid="1127" durationms="6.934" usertimems="11.148" systemtimems="0.000" stalltimems="2.534" timestamp="2025-12-15T03:34:22.876" activeThreads="3">
  <mem-info id="1132" free="12598920" total="36372480" percent="34">
    <mem type="nursery" free="7568800" total="14680064" percent="51">
      <mem type="allocate" free="7568800" total="9371648" percent="80" />
      <mem type="survivor" free="0" total="5308416" percent="0" />
    </mem>
    <mem type="tenure" free="5030120" total="21692416" percent="23">
      <mem type="soa" free="3944680" total="20606976" percent="19" />
      <mem type="loa" free="1085440" total="1085440" percent="100" />
    </mem>
    <remembered-set count="783" />
  </mem-info>
</gc-end>
<cycle-end id="1133" type="scavenge" contextid="1127" timestamp="2025-12-15T03:34:22.876" />
<allocation-satisfied id="1134" threadId="0000000000831B00" bytesRequested="132480" />
<af-end id="1135" timestamp="2025-12-15T03:34:22.878" threadId="0000000000832578" success="true" from="nursery"/>
<exclusive-end id="1136" timestamp="2025-12-15T03:34:22.879" durationms="12.714" />

<exclusive-start id="1137" timestamp="2025-12-15T03:34:22.995" intervalms="129.235">
  <response-info timems="0.069" idlems="0.069" threads="0" lastid="0000000000831B00" lastname="Default Executor-thread-1" />
</exclusive-start>
<af-start id="1138" threadId="0000000000832578" totalBytesRequested="16912" timestamp="2025-12-15T03:34:22.996" intervalms="129.206" type="nursery" />
<cycle-start id="1139" type="scavenge" contextid="0" timestamp="2025-12-15T03:34:22.997" intervalms="129.138" />
<gc-start id="1140" type="scavenge" contextid="1139" timestamp="2025-12-15T03:34:22.998">
  <mem-info id="1141" free="5029784" total="36372480" percent="13">
    <mem type="nursery" free="0" total="14680064" percent="0">
      <mem type="allocate" free="0" total="9371648" percent="0" />
      <mem type="survivor" free="0" total="5308416" percent="0" />
    </mem>
    <mem type="tenure" free="5029784" total="21692416" percent="23">
      <mem type="soa" free="3944344" total="20606976" percent="19" />
      <mem type="loa" free="1085440" total="1085440" percent="100" />
    </mem>
    <remembered-set count="1256" />
  </mem-info>
</gc-start>
<allocation-stats totalBytes="7560640" discardedBytes="8496" >
  <allocated-bytes non-tlh="132816" tlh="7427824" />
  <largest-consumer threadName="Default Executor-thread-1" threadId="0000000000831B00" bytes="7482896" />
</allocation-stats>
<gc-op id="1142" type="scavenge" timems="4.555" contextid="1139" timestamp="2025-12-15T03:34:23.003">
  <scavenger-info tenureage="4" tenuremask="fff0" tiltratio="63" />
  <memory-copied type="nursery" objects="45674" bytes="2944872" bytesdiscarded="31888" />
  <ownableSynchronizers candidates="286" cleared="111" />
  <references type="weak" candidates="1" cleared="0" enqueued="0" />
  <references type="phantom" candidates="261" cleared="0" enqueued="0" />
  <object-monitors candidates="20" cleared="0"  />
</gc-op>
<gc-end id="1143" type="scavenge" contextid="1139" durationms="6.588" usertimems="12.014" systemtimems="0.000" stalltimems="2.532" timestamp="2025-12-15T03:34:23.004" activeThreads="3">
  <mem-info id="1144" free="11486744" total="36372480" percent="31">
    <mem type="nursery" free="6456960" total="14680064" percent="43">
      <mem type="allocate" free="6456960" total="9437184" percent="68" />
      <mem type="survivor" free="0" total="5242880" percent="0" />
    </mem>
    <mem type="tenure" free="5029784" total="21692416" percent="23">
      <mem type="soa" free="3944344" total="20606976" percent="19" />
      <mem type="loa" free="1085440" total="1085440" percent="100" />
    </mem>
    <remembered-set count="994" />
  </mem-info>
</gc-end>
<cycle-end id="1145" type="scavenge" contextid="1139" timestamp="2025-12-15T03:34:23.005" />
<allocation-satisfied id="1146" threadId="0000000000831B00" bytesRequested="16912" />
<af-end id="1147" timestamp="2025-12-15T03:34:23.006" threadId="0000000000832578" success="true" from="nursery"/>
<exclusive-end id="1148" timestamp="2025-12-15T03:34:23.006" durationms="11.404" />

<exclusive-start id="1149" timestamp="2025-12-15T03:34:23.174" intervalms="179.070">
  <response-info timems="0.062" idlems="0.062" threads="0" lastid="0000000000831B00" lastname="Default Executor-thread-1" />
</exclusive-start>
<af-start id="1150" threadId="0000000000832578" totalBytesRequested="8200" timestamp="2025-12-15T03:34:23.175" intervalms="179.029" type="nursery" />
<cycle-start id="1151" type="scavenge" contextid="0" timestamp="2025-12-15T03:34:23.176" intervalms="178.918" />
<gc-start id="1152" type="scavenge" contextid="1151" timestamp="2025-12-15T03:34:23.177">
  <mem-info id="1153" free="5029600" total="36372480" percent="13">
    <mem type="nursery" free="0" total="14680064" percent="0">
      <mem type="allocate" free="0" total="9437184" percent="0" />
      <mem type="survivor" free="0" total="5242880" percent="0" />
    </mem>
    <mem type="tenure" free="5029600" total="21692416" percent="23">
      <mem type="soa" free="3944160" total="20606976" percent="19" />
      <mem type="loa" free="1085440" total="1085440" percent="100" />
    </mem>
    <remembered-set count="1533" />
  </mem-info>
</gc-start>
<allocation-stats totalBytes="6455728" discardedBytes="1416" >
  <allocated-bytes non-tlh="17096" tlh="6438632" />
  <largest-consumer threadName="Default Executor-thread-1" threadId="0000000000831B00" bytes="6414816" />
</allocation-stats>
<gc-op id="1154" type="scavenge" timems="5.307" contextid="1151" timestamp="2025-12-15T03:34:23.183">
  <scavenger-info tenureage="2" tenuremask="fffc" tiltratio="64" />
  <memory-copied type="nursery" objects="29996" bytes="2043680" bytesdiscarded="48352" />
  <memory-copied type="tenure" objects="27290" bytes="1701504" bytesdiscarded="936" />
  <ownableSynchronizers candidates="260" cleared="51" />
  <references type="phantom" candidates="163" cleared="0" enqueued="0" />
  <object-monitors candidates="20" cleared="0"  />
</gc-op>
<gc-end id="1155" type="scavenge" contextid="1151" durationms="7.440" usertimems="12.322" systemtimems="2.835" stalltimems="1.145" timestamp="2025-12-15T03:34:23.184" activeThreads="3">
  <mem-info id="1156" free="10892288" total="36372480" percent="29">
    <mem type="nursery" free="7605144" total="14680064" percent="51">
      <mem type="allocate" free="7605144" total="9699328" percent="78" />
      <mem type="survivor" free="0" total="4980736" percent="0" />
    </mem>
    <mem type="tenure" free="3287144" total="21692416" percent="15">
      <mem type="soa" free="2201704" total="20606976" percent="10" />
      <mem type="loa" free="1085440" total="1085440" percent="100" />
    </mem>
    <remembered-set count="717" />
  </mem-info>
</gc-end>
<cycle-end id="1157" type="scavenge" contextid="1151" timestamp="2025-12-15T03:34:23.185" />
<allocation-satisfied id="1158" threadId="0000000000831B00" bytesRequested="8200" />
<af-end id="1159" timestamp="2025-12-15T03:34:23.186" threadId="0000000000832578" success="true" from="nursery"/>
<exclusive-end id="1160" timestamp="2025-12-15T03:34:23.187" durationms="12.506" />

<concurrent-kickoff id="1161" timestamp="2025-12-15T03:34:23.301">
  <kickoff reason="threshold reached" targetBytes="9246139" thresholdFreeBytes="1281098"  remainingFree="1076112" tenureFreeBytes="3286184" nurseryFreeBytes="1076112" />
</concurrent-kickoff>
<exclusive-start id="1162" timestamp="2025-12-15T03:34:23.302" intervalms="127.981">
  <response-info timems="0.064" idlems="0.064" threads="0" lastid="0000000000831B00" lastname="Default Executor-thread-1" />
</exclusive-start>
<cycle-start id="1163" type="global" contextid="0" timestamp="2025-12-15T03:34:23.303" intervalms="527.756" />
<concurrent-start id="1164" type="global mark" contextid="1163" timestamp="2025-12-15T03:34:23.304">
</concurrent-start>
<exclusive-end id="1165" timestamp="2025-12-15T03:34:23.305" durationms="2.493" />

<concurrent-end id="1166" type="global mark" contextid="1163" timestamp="2025-12-15T03:34:23.375">
<gc-op id="1167" type="trace" timems="71.285" contextid="1163" timestamp="2025-12-15T03:34:23.375">
  <trace bytesTraced="9663684" workStackOverflowCount="0" />
  <card-cleaning reason="card cleaning threshold reached" bytesTraced="8564" cardsCleaned="21" />
</gc-op>
</concurrent-end>

<exclusive-start id="1168" timestamp="2025-12-15T03:34:23.377" intervalms="74.402">
  <response-info timems="0.063" idlems="0.063" threads="0" lastid="0000000000831B00" lastname="Default Executor-thread-1" />
</exclusive-start>
<concurrent-global-final id="1169" timestamp="2025-12-15T03:34:23.377" contextid="1163" intervalms="3198.363" >
  <concurrent-trace-info reason="card cleaning threshold reached" tracedByMutators="2320260" tracedByHelpers="7351988" cardsCleaned="21" workStackOverflowCount="0" />
</concurrent-global-final>
<gc-start id="1170" type="global" contextid="1163" timestamp="2025-12-15T03:34:23.378">
  <mem-info id="1171" free="3285912" total="36372480" percent="9">
    <mem type="nursery" free="0" total="14680064" percent="0">
      <mem type="allocate" free="0" total="9699328" percent="0" />
      <mem type="survivor" free="0" total="4980736" percent="0" />
    </mem>
    <mem type="tenure" free="3285912" total="21692416" percent="15">
      <mem type="soa" free="2200472" total="20606976" percent="10" />
      <mem type="loa" free="1085440" total="1085440" percent="100" />
    </mem>
    <remembered-set count="1075" />
  </mem-info>
</gc-start>
<allocation-stats totalBytes="7530432" discardedBytes="75944" >
  <allocated-bytes non-tlh="218256" tlh="7312176" />
  <largest-consumer threadName="Default Executor-thread-1" threadId="0000000000831B00" bytes="7456832" />
</allocation-stats>
<gc-op id="1172" type="rs-scan" timems="7.028" contextid="1163" timestamp="2025-12-15T03:34:23.386">
  <scan objectsFound="45768" bytesTraced="1346592" workStackOverflowCount="0" />
</gc-op>
<gc-op id="1173" type="card-cleaning" timems="2.476" contextid="1163" timestamp="2025-12-15T03:34:23.390">
  <card-cleaning cardsCleaned="4" bytesTraced="4088" workStackOverflowCount="0" />
</gc-op>
<gc-op id="1174" type="mark" timems="11.933" contextid="1163" timestamp="2025-12-15T03:34:23.402">
  <trace-info objectcount="362" scancount="294" scanbytes="6880" />
  <finalization candidates="730" enqueued="0" />
  <ownableSynchronizers candidates="1106" cleared="71" />
  <references type="soft" candidates="4488" cleared="0" enqueued="0" dynamicThreshold="9" maxThreshold="32" />
  <references type="weak" candidates="1308" cleared="0" enqueued="0" />
  <references type="phantom" candidates="352" cleared="0" enqueued="0" />
  <stringconstants candidates="12798" cleared="23"  />
  <object-monitors candidates="20" cleared="0"  />
</gc-op>
<gc-op id="1175" type="sweep" timems="4.294" contextid="1163" timestamp="2025-12-15T03:34:23.408" />
<heap-resize id="1176" type="expand" space="tenure" amount="2162688" count="1" timems="0.533" reason="insufficient free space following gc" timestamp="2025-12-15T03:34:23.409" />
<gc-end id="1177" type="global" contextid="1163" durationms="31.566" usertimems="42.368" systemtimems="31.821" stalltimems="217.622" timestamp="2025-12-15T03:34:23.410" activeThreads="17">
  <mem-info id="1178" free="13561048" total="38535168" percent="35">
    <mem type="nursery" free="6359168" total="14680064" percent="43">
      <mem type="allocate" free="6359168" total="9699328" percent="65" />
      <mem type="survivor" free="0" total="4980736" percent="0" />
    </mem>
    <mem type="tenure" free="7201880" total="23855104" percent="30" micro-fragmented="319049" macro-fragmented="0">
      <mem type="soa" free="6008920" total="22662144" percent="26" />
      <mem type="loa" free="1192960" total="1192960" percent="100" />
    </mem>
    <remembered-set count="949" />
  </mem-info>
</gc-end>
<cycle-end id="1179" type="global" contextid="1163" timestamp="2025-12-15T03:34:23.411" />
<exclusive-end id="1180" timestamp="2025-12-15T03:34:23.412" durationms="35.021" />

<exclusive-start id="1181" timestamp="2025-12-15T03:34:23.583" intervalms="206.548">
  <response-info timems="0.083" idlems="0.083" threads="0" lastid="0000000000831B00" lastname="Default Executor-thread-1" />
</exclusive-start>
<af-start id="1182" threadId="0000000000832578" totalBytesRequested="824" timestamp="2025-12-15T03:34:23.584" intervalms="409.311" type="nursery" />
<cycle-start id="1183" type="scavenge" contextid="0" timestamp="2025-12-15T03:34:23.585" intervalms="409.689" />
<gc-start id="1184" type="scavenge" contextid="1183" timestamp="2025-12-15T03:34:23.586">
  <mem-info id="1185" free="7200128" total="38535168" percent="18">
    <mem type="nursery" free="0" total="14680064" percent="0">
      <mem type="allocate" free="0" total="9699328" percent="0" />
      <mem type="survivor" free="0" total="4980736" percent="0" />
    </mem>
    <mem type="tenure" free="7200128" total="23855104" percent="30">
      <mem type="soa" free="6007168" total="22662144" percent="26" />
      <mem type="loa" free="1192960" total="1192960" percent="100" />
    </mem>
    <remembered-set count="1236" />
  </mem-info>
</gc-start>
<allocation-stats totalBytes="6241008" discardedBytes="92856" >
  <allocated-bytes non-tlh="2487904" tlh="3753104" />
  <largest-consumer threadName="Default Executor-thread-1" threadId="0000000000831B00" bytes="6203176" />
</allocation-stats>
<gc-op id="1186" type="scavenge" timems="4.689" contextid="1183" timestamp="2025-12-15T03:34:23.593">
  <scavenger-info tenureage="2" tenuremask="ffe4" tiltratio="66" />
  <memory-copied type="nursery" objects="32811" bytes="2515336" bytesdiscarded="174160" />
  <memory-copied type="tenure" objects="18279" bytes="1201032" bytesdiscarded="4704" />
  <ownableSynchronizers candidates="2147" cleared="1960" />
  <references type="weak" candidates="2" cleared="1" enqueued="1" />
  <references type="phantom" candidates="168" cleared="0" enqueued="0" />
  <object-monitors candidates="20" cleared="0"  />
</gc-op>
<gc-end id="1187" type="scavenge" contextid="1183" durationms="7.483" usertimems="14.102" systemtimems="0.000" stalltimems="4.943" timestamp="2025-12-15T03:34:23.594" activeThreads="4">
  <mem-info id="1188" free="13153256" total="38535168" percent="34">
    <mem type="nursery" free="7269744" total="14680064" percent="49">
      <mem type="allocate" free="7269744" total="9961472" percent="72" />
      <mem type="survivor" free="0" total="4718592" percent="0" />
    </mem>
    <mem type="tenure" free="5883512" total="23855104" percent="24">
      <mem type="soa" free="4690552" total="22662144" percent="20" />
      <mem type="loa" free="1192960" total="1192960" percent="100" />
    </mem>
    <pending-finalizers system="0" default="0" reference="1" classloader="0" />
    <remembered-set count="860" />
  </mem-info>
</gc-end>
<cycle-end id="1189" type="scavenge" contextid="1183" timestamp="2025-12-15T03:34:23.595" />
<allocation-satisfied id="1190" threadId="0000000000831B00" bytesRequested="824" />
<af-end id="1191" timestamp="2025-12-15T03:34:23.597" threadId="0000000000832578" success="true" from="nursery"/>
<exclusive-end id="1192" timestamp="2025-12-15T03:34:23.598" durationms="14.546" />

<exclusive-start id="1193" timestamp="2025-12-15T03:34:23.703" intervalms="120.084">
  <response-info timems="0.077" idlems="0.077" threads="0" lastid="0000000000831B00" lastname="Default Executor-thread-1" />
</exclusive-start>
<af-start id="1194" threadId="0000000000832578" totalBytesRequested="8200" timestamp="2025-12-15T03:34:23.704" intervalms="119.717" type="nursery" />
<cycle-start id="1195" type="scavenge" contextid="0" timestamp="2025-12-15T03:34:23.705" intervalms="119.246" />
<gc-start id="1196" type="scavenge" contextid="1195" timestamp="2025-12-15T03:34:23.705">
  <mem-info id="1197" free="5883512" total="38535168" percent="15">
    <mem type="nursery" free="0" total="14680064" percent="0">
      <mem type="allocate" free="0" total="9961472" percent="0" />
      <mem type="survivor" free="0" total="4718592" percent="0" />
    </mem>
    <mem type="tenure" free="5883512" total="23855104" percent="24">
      <mem type="soa" free="4690552" total="22662144" percent="20" />
      <mem type="loa" free="1192960" total="1192960" percent="100" />
    </mem>
    <remembered-set count="1423" />
  </mem-info>
</gc-start>
<allocation-stats totalBytes="7238144" discardedBytes="31600" >
  <allocated-bytes non-tlh="824" tlh="7237320" />
  <largest-consumer threadName="Default Executor-thread-1" threadId="0000000000831B00" bytes="7160528" />
</allocation-stats>
<gc-op id="1198" type="scavenge" timems="5.658" contextid="1195" timestamp="2025-12-15T03:34:23.713">
  <scavenger-info tenureage="2" tenuremask="7004" tiltratio="67" />
  <memory-copied type="nursery" objects="39113" bytes="2993600" bytesdiscarded="89568" />
  <memory-copied type="tenure" objects="11650" bytes="835784" bytesdiscarded="1848" />
  <ownableSynchronizers candidates="319" cleared="123" />
  <references type="weak" candidates="2" cleared="0" enqueued="0" />
  <references type="phantom" candidates="240" cleared="0" enqueued="0" />
  <object-monitors candidates="20" cleared="0"  />
</gc-op>
<heap-resize id="1199" type="expand" space="nursery" amount="655360" count="1" timems="0.082" reason="excessive time being spent scavenging" timestamp="2025-12-15T03:34:23.714" />
<gc-end id="1200" type="scavenge" contextid="1195" durationms="9.489" usertimems="16.668" systemtimems="0.000" stalltimems="5.860" timestamp="2025-12-15T03:34:23.715" activeThreads="4">
  <mem-info id="1201" free="12689496" total="39190528" percent="32">
    <mem type="nursery" free="7661552" total="15335424" percent="49">
      <mem type="allocate" free="7661552" total="10747904" percent="71" />
      <mem type="survivor" free="0" total="4587520" percent="0" />
    </mem>
    <mem type="tenure" free="5027944" total="23855104" percent="21" macro-fragmented="2592282">
      <mem type="soa" free="3834984" total="22662144" percent="16" />
      <mem type="loa" free="1192960" total="1192960" percent="100" />
    </mem>
    <remembered-set count="1006" />
  </mem-info>
</gc-end>
<cycle-end id="1202" type="scavenge" contextid="1195" timestamp="2025-12-15T03:34:23.716" />
<allocation-satisfied id="1203" threadId="0000000000831B00" bytesRequested="8200" />
<af-end id="1204" timestamp="2025-12-15T03:34:23.717" threadId="0000000000832578" success="true" from="nursery"/>
<exclusive-end id="1205" timestamp="2025-12-15T03:34:23.717" durationms="14.328" />

<exclusive-start id="1206" timestamp="2025-12-15T03:34:23.784" intervalms="80.986">
  <response-info timems="0.067" idlems="0.067" threads="0" lastid="0000000000831B00" lastname="Default Executor-thread-1" />
</exclusive-start>
<af-start id="1207" threadId="0000000000832578" totalBytesRequested="8200" timestamp="2025-12-15T03:34:23.785" intervalms="81.037" type="nursery" />
<cycle-start id="1208" type="scavenge" contextid="0" timestamp="2025-12-15T03:34:23.786" intervalms="81.293" />
<gc-start id="1209" type="scavenge" contextid="1208" timestamp="2025-12-15T03:34:23.787">
  <mem-info id="1210" free="5027824" total="39190528" percent="12">
    <mem type="nursery" free="0" total="15335424" percent="0">
      <mem type="allocate" free="0" total="10747904" percent="0" />
      <mem type="survivor" free="0" total="4587520" percent="0" />
    </mem>
    <mem type="tenure" free="5027824" total="23855104" percent="21">
      <mem type="soa" free="3834864" total="22662144" percent="16" />
      <mem type="loa" free="1192960" total="1192960" percent="100" />
    </mem>
    <remembered-set count="1429" />
  </mem-info>
</gc-start>
<allocation-stats totalBytes="7653648" discardedBytes="8024" >
  <allocated-bytes non-tlh="8320" tlh="7645328" />
  <largest-consumer threadName="Default Executor-thread-1" threadId="0000000000831B00" bytes="7584088" />
</allocation-stats>
<gc-op id="1211" type="scavenge" timems="6.398" contextid="1208" timestamp="2025-12-15T03:34:23.795">
  <scavenger-info tenureage="12" tenuremask="7000" tiltratio="70" />
  <memory-copied type="nursery" objects="56946" bytes="4101480" bytesdiscarded="45632" />
  <ownableSynchronizers candidates="312" cleared="90" />
  <references type="weak" candidates="2" cleared="0" enqueued="0" />
  <references type="phantom" candidates="300" cleared="0" enqueued="0" />
  <object-monitors candidates="20" cleared="0"  />
</gc-op>
<heap-resize id="1212" type="expand" space="nursery" amount="786432" count="1" timems="0.053" reason="excessive time being spent scavenging" timestamp="2025-12-15T03:34:23.796" />
<gc-end id="1213" type="scavenge" contextid="1208" durationms="10.362" usertimems="24.205" systemtimems="1.007" stalltimems="8.797" timestamp="2025-12-15T03:34:23.797" activeThreads="4">
  <mem-info id="1214" free="10575736" total="39976960" percent="26">
    <mem type="nursery" free="5547912" total="16121856" percent="34">
      <mem type="allocate" free="5547912" total="9699328" percent="57" />
      <mem type="survivor" free="0" total="6422528" percent="0" />
    </mem>
    <mem type="tenure" free="5027824" total="23855104" percent="21" macro-fragmented="0">
      <mem type="soa" free="3834864" total="22662144" percent="16" />
      <mem type="loa" free="1192960" total="1192960" percent="100" />
    </mem>
    <remembered-set count="1236" />
  </mem-info>
</gc-end>
<cycle-end id="1215" type="scavenge" contextid="1208" timestamp="2025-12-15T03:34:23.798" />
<allocation-satisfied id="1216" threadId="0000000000831B00" bytesRequested="8200" />
<af-end id="1217" timestamp="2025-12-15T03:34:23.800" threadId="0000000000832578" success="true" from="nursery"/>
<exclusive-end id="1218" timestamp="2025-12-15T03:34:23.801" durationms="16.581" />

<exclusive-start id="1219" timestamp="2025-12-15T03:34:23.903" intervalms="118.853">
  <response-info timems="0.098" idlems="0.098" threads="0" lastid="0000000000831B00" lastname="Default Executor-thread-1" />
</exclusive-start>
<af-start id="1220" threadId="0000000000832578" totalBytesRequested="32" timestamp="2025-12-15T03:34:23.904" intervalms="118.872" type="nursery" />
<cycle-start id="1221" type="scavenge" contextid="0" timestamp="2025-12-15T03:34:23.905" intervalms="118.849" />
<gc-start id="1222" type="scavenge" contextid="1221" timestamp="2025-12-15T03:34:23.906">
  <mem-info id="1223" free="5027680" total="39976960" percent="12">
    <mem type="nursery" free="0" total="16121856" percent="0">
      <mem type="allocate" free="0" total="9699328" percent="0" />
      <mem type="survivor" free="0" total="6422528" percent="0" />
    </mem>
    <mem type="tenure" free="5027680" total="23855104" percent="21">
      <mem type="soa" free="3834720" total="22662144" percent="16" />
      <mem type="loa" free="1192960" total="1192960" percent="100" />
    </mem>
    <remembered-set count="1457" />
  </mem-info>
</gc-start>
<allocation-stats totalBytes="5546688" discardedBytes="1368" >
  <allocated-bytes non-tlh="179272" tlh="5367416" />
  <largest-consumer threadName="Default Executor-thread-1" threadId="0000000000831B00" bytes="5460744" />
</allocation-stats>
<gc-op id="1224" type="scavenge" timems="8.524" contextid="1221" timestamp="2025-12-15T03:34:23.916">
  <scavenger-info tenureage="2" tenuremask="7804" tiltratio="60" />
  <memory-copied type="nursery" objects="51227" bytes="3004072" bytesdiscarded="166464" />
  <memory-copied type="tenure" objects="17923" bytes="1326272" bytesdiscarded="824" />
  <ownableSynchronizers candidates="359" cleared="83" />
  <references type="weak" candidates="1" cleared="0" enqueued="0" />
  <references type="phantom" candidates="177" cleared="0" enqueued="0" />
  <object-monitors candidates="20" cleared="0"  />
</gc-op>
<heap-resize id="1225" type="expand" space="nursery" amount="655360" count="1" timems="0.058" reason="excessive time being spent scavenging" timestamp="2025-12-15T03:34:23.917" />
<gc-end id="1226" type="scavenge" contextid="1221" durationms="11.723" usertimems="19.147" systemtimems="9.093" stalltimems="8.010" timestamp="2025-12-15T03:34:23.917" activeThreads="4">
  <mem-info id="1227" free="10828112" total="40632320" percent="26">
    <mem type="nursery" free="7442760" total="16777216" percent="44">
      <mem type="allocate" free="7442760" total="10616832" percent="70" />
      <mem type="survivor" free="0" total="6160384" percent="0" />
    </mem>
    <mem type="tenure" free="3385352" total="23855104" percent="14" macro-fragmented="2160235">
      <mem type="soa" free="2192392" total="22662144" percent="9" />
      <mem type="loa" free="1192960" total="1192960" percent="100" />
    </mem>
    <remembered-set count="1278" />
  </mem-info>
</gc-end>
<cycle-end id="1228" type="scavenge" contextid="1221" timestamp="2025-12-15T03:34:23.918" />
<allocation-satisfied id="1229" threadId="0000000000831B00" bytesRequested="32" />
<af-end id="1230" timestamp="2025-12-15T03:34:23.920" threadId="0000000000832578" success="true" from="nursery"/>
<exclusive-end id="1231" timestamp="2025-12-15T03:34:23.921" durationms="17.645" />

<concurrent-kickoff id="1232" timestamp="2025-12-15T03:34:24.115">
  <kickoff reason="threshold reached" targetBytes="10264146" thresholdFreeBytes="1422454"  remainingFree="1261896" tenureFreeBytes="3383160" nurseryFreeBytes="1261896" />
</concurrent-kickoff>
<exclusive-start id="1233" timestamp="2025-12-15T03:34:24.117" intervalms="213.566">
  <response-info timems="0.141" idlems="0.141" threads="0" lastid="0000000000831B00" lastname="Default Executor-thread-1" />
</exclusive-start>
<cycle-start id="1234" type="global" contextid="0" timestamp="2025-12-15T03:34:24.117" intervalms="814.303" />
<concurrent-start id="1235" type="global mark" contextid="1234" timestamp="2025-12-15T03:34:24.118">
</concurrent-start>
<exclusive-end id="1236" timestamp="2025-12-15T03:34:24.119" durationms="2.080" />

<exclusive-start id="1237" timestamp="2025-12-15T03:34:24.163" intervalms="46.750">
  <response-info timems="0.083" idlems="0.083" threads="0" lastid="0000000000831B00" lastname="Default Executor-thread-1" />
</exclusive-start>
<af-start id="1238" threadId="0000000000832578" totalBytesRequested="264" timestamp="2025-12-15T03:34:24.164" intervalms="260.515" type="nursery" />
<cycle-start id="1239" type="scavenge" contextid="0" timestamp="2025-12-15T03:34:24.165" intervalms="260.642" />
<gc-start id="1240" type="scavenge" contextid="1239" timestamp="2025-12-15T03:34:24.166">
  <mem-info id="1241" free="3383160" total="40632320" percent="8">
    <mem type="nursery" free="0" total="16777216" percent="0">
      <mem type="allocate" free="0" total="10616832" percent="0" />
      <mem type="survivor" free="0" total="6160384" percent="0" />
    </mem>
    <mem type="tenure" free="3383160" total="23855104" percent="14">
      <mem type="soa" free="2190200" total="22662144" percent="9" />
      <mem type="loa" free="1192960" total="1192960" percent="100" />
    </mem>
    <remembered-set count="1755" />
  </mem-info>
</gc-start>
<allocation-stats totalBytes="7442784" discardedBytes="2168" >
  <allocated-bytes non-tlh="2224" tlh="7440560" />
  <largest-consumer threadName="Default Executor-thread-1" threadId="0000000000831B00" bytes="7422304" />
</allocation-stats>
<gc-op id="1242" type="scavenge" timems="5.377" contextid="1239" timestamp="2025-12-15T03:34:24.173">
  <scavenger-info tenureage="11" tenuremask="7800" tiltratio="63" />
  <memory-copied type="nursery" objects="63435" bytes="3513216" bytesdiscarded="173296" />
  <finalization candidates="8" enqueued="8" />
  <ownableSynchronizers candidates="229" cleared="21" />
  <references type="soft" candidates="8" cleared="0" enqueued="0" dynamicThreshold="9" maxThreshold="32" />
  <references type="weak" candidates="24" cleared="16" enqueued="16" />
  <references type="phantom" candidates="198" cleared="4" enqueued="4" />
  <object-monitors candidates="20" cleared="0"  />
</gc-op>
<gc-end id="1243" type="scavenge" contextid="1239" durationms="7.824" usertimems="18.412" systemtimems="0.000" stalltimems="9.038" timestamp="2025-12-15T03:34:24.174" activeThreads="5">
  <mem-info id="1244" free="10767240" total="40632320" percent="26">
    <mem type="nursery" free="7384080" total="16777216" percent="44">
      <mem type="allocate" free="7384080" total="11075584" percent="66" />
      <mem type="survivor" free="0" total="5701632" percent="0" />
    </mem>
    <mem type="tenure" free="3383160" total="23855104" percent="14" macro-fragmented="0">
      <mem type="soa" free="2190200" total="22662144" percent="9" />
      <mem type="loa" free="1192960" total="1192960" percent="100" />
    </mem>
    <pending-finalizers system="8" default="0" reference="20" classloader="0" />
    <remembered-set count="1520" />
  </mem-info>
</gc-end>
<cycle-end id="1245" type="scavenge" contextid="1239" timestamp="2025-12-15T03:34:24.175" />
<allocation-satisfied id="1246" threadId="0000000000831B00" bytesRequested="264" />
<af-end id="1247" timestamp="2025-12-15T03:34:24.177" threadId="0000000000832578" success="true" from="nursery"/>
<exclusive-end id="1248" timestamp="2025-12-15T03:34:24.177" durationms="13.889" />

<concurrent-end id="1249" type="global mark" contextid="1234" timestamp="2025-12-15T03:34:24.178">
<gc-op id="1250" type="trace" timems="60.089" contextid="1234" timestamp="2025-12-15T03:34:24.178">
  <trace bytesTraced="10995096" workStackOverflowCount="0" />
  <card-cleaning reason="card cleaning threshold reached" bytesTraced="8476" cardsCleaned="38" />
</gc-op>
</concurrent-end>

<exclusive-start id="1251" timestamp="2025-12-15T03:34:24.190" intervalms="26.571">
  <response-info timems="10.493" idlems="5.305" threads="1" lastid="0000000000240B00" lastname="Finalizer thread" />
</exclusive-start>
<concurrent-global-final id="1252" timestamp="2025-12-15T03:34:24.191" contextid="1234" intervalms="813.440" >
  <concurrent-trace-info reason="card cleaning threshold reached" tracedByMutators="2930432" tracedByHelpers="8073140" cardsCleaned="38" workStackOverflowCount="0" />
</concurrent-global-final>
<gc-start id="1253" type="global" contextid="1234" timestamp="2025-12-15T03:34:24.192">
  <mem-info id="1254" free="10603136" total="40632320" percent="26">
    <mem type="nursery" free="7219976" total="16777216" percent="43">
      <mem type="allocate" free="7219976" total="11075584" percent="65" />
      <mem type="survivor" free="0" total="5701632" percent="0" />
    </mem>
    <mem type="tenure" free="3383160" total="23855104" percent="14">
      <mem type="soa" free="2190200" total="22662144" percent="9" />
      <mem type="loa" free="1192960" total="1192960" percent="100" />
    </mem>
    <pending-finalizers system="8" default="0" reference="19" classloader="0" />
    <remembered-set count="1520" />
  </mem-info>
</gc-start>
<allocation-stats totalBytes="164104" discardedBytes="0" >
  <allocated-bytes non-tlh="264" tlh="163840" />
  <largest-consumer threadName="Default Executor-thread-1" threadId="0000000000831B00" bytes="164104" />
</allocation-stats>
<gc-op id="1255" type="rs-scan" timems="5.395" contextid="1234" timestamp="2025-12-15T03:34:24.199">
  <scan objectsFound="46193" bytesTraced="1437760" workStackOverflowCount="0" />
</gc-op>
<gc-op id="1256" type="card-cleaning" timems="2.423" contextid="1234" timestamp="2025-12-15T03:34:24.202">
  <card-cleaning cardsCleaned="160" bytesTraced="215132" workStackOverflowCount="0" />
</gc-op>
<gc-op id="1257" type="mark" timems="17.530" contextid="1234" timestamp="2025-12-15T03:34:24.220">
  <trace-info objectcount="4645" scancount="4551" scanbytes="218860" />
  <finalization candidates="730" enqueued="0" />
  <ownableSynchronizers candidates="1277" cleared="2" />
  <references type="soft" candidates="4496" cleared="0" enqueued="0" dynamicThreshold="9" maxThreshold="32" />
  <references type="weak" candidates="1316" cleared="0" enqueued="0" />
  <references type="phantom" candidates="348" cleared="0" enqueued="0" />
  <stringconstants candidates="12807" cleared="2"  />
  <object-monitors candidates="20" cleared="0"  />
</gc-op>
<gc-op id="1258" type="sweep" timems="4.980" contextid="1234" timestamp="2025-12-15T03:34:24.226" />
<heap-resize id="1259" type="expand" space="tenure" amount="2752512" count="1" timems="2.724" reason="insufficient free space following gc" timestamp="2025-12-15T03:34:24.229" />
<gc-end id="1260" type="global" contextid="1234" durationms="38.624" usertimems="38.706" systemtimems="35.184" stalltimems="350.174" timestamp="2025-12-15T03:34:24.230" activeThreads="19">
  <mem-info id="1261" free="15554760" total="43384832" percent="35">
    <mem type="nursery" free="7555048" total="16777216" percent="45">
      <mem type="allocate" free="7555048" total="11075584" percent="68" />
      <mem type="survivor" free="0" total="5701632" percent="0" />
    </mem>
    <mem type="tenure" free="7999712" total="26607616" percent="30" micro-fragmented="403633" macro-fragmented="0">
      <mem type="soa" free="6668512" total="25276416" percent="26" />
      <mem type="loa" free="1331200" total="1331200" percent="100" />
    </mem>
    <pending-finalizers system="8" default="0" reference="19" classloader="0" />
    <remembered-set count="1495" />
  </mem-info>
</gc-end>
<cycle-end id="1262" type="global" contextid="1234" timestamp="2025-12-15T03:34:24.231" />
<exclusive-end id="1263" timestamp="2025-12-15T03:34:24.232" durationms="41.670" />

<exclusive-start id="1264" timestamp="2025-12-15T03:34:24.365" intervalms="175.600">
  <response-info timems="0.068" idlems="0.068" threads="0" lastid="0000000000831B00" lastname="Default Executor-thread-1" />
</exclusive-start>
<af-start id="1265" threadId="0000000000832578" totalBytesRequested="264" timestamp="2025-12-15T03:34:24.366" intervalms="202.011" type="nursery" />
<cycle-start id="1266" type="scavenge" contextid="0" timestamp="2025-12-15T03:34:24.367" intervalms="201.819" />
<gc-start id="1267" type="scavenge" contextid="1266" timestamp="2025-12-15T03:34:24.368">
  <mem-info id="1268" free="7998784" total="43384832" percent="18">
    <mem type="nursery" free="0" total="16777216" percent="0">
      <mem type="allocate" free="0" total="11075584" percent="0" />
      <mem type="survivor" free="0" total="5701632" percent="0" />
    </mem>
    <mem type="tenure" free="7998784" total="26607616" percent="30">
      <mem type="soa" free="6667584" total="25276416" percent="26" />
      <mem type="loa" free="1331200" total="1331200" percent="100" />
    </mem>
    <remembered-set count="2709" />
  </mem-info>
</gc-start>
<allocation-stats totalBytes="7553040" discardedBytes="2936" >
  <allocated-bytes non-tlh="928" tlh="7552112" />
  <largest-consumer threadName="Default Executor-thread-1" threadId="0000000000831B00" bytes="7532560" />
</allocation-stats>
<gc-op id="1269" type="scavenge" timems="5.073" contextid="1266" timestamp="2025-12-15T03:34:24.374">
  <scavenger-info tenureage="2" tenuremask="7c0c" tiltratio="66" />
  <memory-copied type="nursery" objects="39001" bytes="1705288" bytesdiscarded="299256" />
  <memory-copied type="tenure" objects="30880" bytes="2113976" bytesdiscarded="8736" />
  <ownableSynchronizers candidates="2344" cleared="2136" />
  <references type="soft" candidates="8" cleared="0" enqueued="0" dynamicThreshold="9" maxThreshold="32" />
  <references type="weak" candidates="11" cleared="3" enqueued="3" />
  <references type="phantom" candidates="23" cleared="0" enqueued="0" />
  <object-monitors candidates="20" cleared="0"  />
</gc-op>
<gc-end id="1270" type="scavenge" contextid="1266" durationms="7.311" usertimems="10.364" systemtimems="7.062" stalltimems="8.099" timestamp="2025-12-15T03:34:24.375" activeThreads="5">
  <mem-info id="1271" free="14995792" total="43384832" percent="34">
    <mem type="nursery" free="9331344" total="16777216" percent="55">
      <mem type="allocate" free="9331344" total="11337728" percent="82" />
      <mem type="survivor" free="0" total="5439488" percent="0" />
    </mem>
    <mem type="tenure" free="5664448" total="26607616" percent="21" macro-fragmented="0">
      <mem type="soa" free="4333248" total="25276416" percent="17" />
      <mem type="loa" free="1331200" total="1331200" percent="100" />
    </mem>
    <pending-finalizers system="0" default="0" reference="3" classloader="0" />
    <remembered-set count="1140" />
  </mem-info>
</gc-end>
<cycle-end id="1272" type="scavenge" contextid="1266" timestamp="2025-12-15T03:34:24.376" />
<allocation-satisfied id="1273" threadId="0000000000831B00" bytesRequested="264" />
<af-end id="1274" timestamp="2025-12-15T03:34:24.377" threadId="0000000000832578" success="true" from="nursery"/>
<exclusive-end id="1275" timestamp="2025-12-15T03:34:24.378" durationms="12.509" />

<exclusive-start id="1276" timestamp="2025-12-15T03:34:24.522" intervalms="156.675">
  <response-info timems="0.069" idlems="0.069" threads="0" lastid="0000000000831B00" lastname="Default Executor-thread-1" />
</exclusive-start>
<af-start id="1277" threadId="0000000000832578" totalBytesRequested="1040" timestamp="2025-12-15T03:34:24.523" intervalms="156.749" type="nursery" />
<cycle-start id="1278" type="scavenge" contextid="0" timestamp="2025-12-15T03:34:24.524" intervalms="156.615" />
<gc-start id="1279" type="scavenge" contextid="1278" timestamp="2025-12-15T03:34:24.525">
  <mem-info id="1280" free="5664352" total="43384832" percent="13">
    <mem type="nursery" free="0" total="16777216" percent="0">
      <mem type="allocate" free="0" total="11337728" percent="0" />
      <mem type="survivor" free="0" total="5439488" percent="0" />
    </mem>
    <mem type="tenure" free="5664352" total="26607616" percent="21">
      <mem type="soa" free="4333152" total="25276416" percent="17" />
      <mem type="loa" free="1331200" total="1331200" percent="100" />
    </mem>
    <remembered-set count="1610" />
  </mem-info>
</gc-start>
<allocation-stats totalBytes="9328360" discardedBytes="3080" >
  <allocated-bytes non-tlh="360" tlh="9328000" />
  <largest-consumer threadName="Default Executor-thread-1" threadId="0000000000831B00" bytes="9315984" />
</allocation-stats>
<gc-op id="1281" type="scavenge" timems="4.572" contextid="1278" timestamp="2025-12-15T03:34:24.530">
  <scavenger-info tenureage="6" tenuremask="7c40" tiltratio="67" />
  <memory-copied type="nursery" objects="21732" bytes="1154536" bytesdiscarded="45752" />
  <memory-copied type="tenure" objects="19961" bytes="755120" bytesdiscarded="160" />
  <ownableSynchronizers candidates="94" cleared="0" />
  <references type="soft" candidates="8" cleared="0" enqueued="0" dynamicThreshold="9" maxThreshold="32" />
  <references type="weak" candidates="8" cleared="0" enqueued="0" />
  <references type="phantom" candidates="23" cleared="0" enqueued="0" />
  <object-monitors candidates="20" cleared="0"  />
</gc-op>
<gc-end id="1282" type="scavenge" contextid="1278" durationms="6.824" usertimems="15.368" systemtimems="7.147" stalltimems="9.055" timestamp="2025-12-15T03:34:24.531" activeThreads="5">
  <mem-info id="1283" free="15612272" total="43384832" percent="35">
    <mem type="nursery" free="10792200" total="16777216" percent="64">
      <mem type="allocate" free="10792200" total="11993088" percent="89" />
      <mem type="survivor" free="0" total="4784128" percent="0" />
    </mem>
    <mem type="tenure" free="4820072" total="26607616" percent="18" macro-fragmented="0">
      <mem type="soa" free="3488872" total="25276416" percent="13" />
      <mem type="loa" free="1331200" total="1331200" percent="100" />
    </mem>
    <remembered-set count="890" />
  </mem-info>
</gc-end>
<cycle-end id="1284" type="scavenge" contextid="1278" timestamp="2025-12-15T03:34:24.532" />
<allocation-satisfied id="1285" threadId="0000000000831B00" bytesRequested="1040" />
<af-end id="1286" timestamp="2025-12-15T03:34:24.533" threadId="0000000000832578" success="true" from="nursery"/>
<exclusive-end id="1287" timestamp="2025-12-15T03:34:24.534" durationms="11.917" />

<concurrent-kickoff id="1288" timestamp="2025-12-15T03:34:24.626">
  <kickoff reason="threshold reached" targetBytes="11613174" thresholdFreeBytes="1608897"  remainingFree="1330440" tenureFreeBytes="4820072" nurseryFreeBytes="1330440" />
</concurrent-kickoff>
<exclusive-start id="1289" timestamp="2025-12-15T03:34:24.627" intervalms="105.033">
  <response-info timems="0.066" idlems="0.066" threads="0" lastid="0000000000831B00" lastname="Default Executor-thread-1" />
</exclusive-start>
<cycle-start id="1290" type="global" contextid="0" timestamp="2025-12-15T03:34:24.628" intervalms="510.559" />
<concurrent-start id="1291" type="global mark" contextid="1290" timestamp="2025-12-15T03:34:24.628">
</concurrent-start>
<exclusive-end id="1292" timestamp="2025-12-15T03:34:24.629" durationms="1.767" />

<exclusive-start id="1293" timestamp="2025-12-15T03:34:24.709" intervalms="81.766">
  <response-info timems="0.091" idlems="0.091" threads="0" lastid="0000000000831B00" lastname="Default Executor-thread-1" />
</exclusive-start>
<af-start id="1294" threadId="0000000000832578" totalBytesRequested="48" timestamp="2025-12-15T03:34:24.710" intervalms="186.914" type="nursery" />
<cycle-start id="1295" type="scavenge" contextid="0" timestamp="2025-12-15T03:34:24.711" intervalms="186.902" />
<gc-start id="1296" type="scavenge" contextid="1295" timestamp="2025-12-15T03:34:24.711">
  <mem-info id="1297" free="4820072" total="43384832" percent="11">
    <mem type="nursery" free="0" total="16777216" percent="0">
      <mem type="allocate" free="0" total="11993088" percent="0" />
      <mem type="survivor" free="0" total="4784128" percent="0" />
    </mem>
    <mem type="tenure" free="4820072" total="26607616" percent="18">
      <mem type="soa" free="3488872" total="25276416" percent="13" />
      <mem type="loa" free="1331200" total="1331200" percent="100" />
    </mem>
    <remembered-set count="1394" />
  </mem-info>
</gc-start>
<allocation-stats totalBytes="10790216" discardedBytes="1984" >
  <allocated-bytes non-tlh="1040" tlh="10789176" />
  <largest-consumer threadName="Default Executor-thread-1" threadId="0000000000831B00" bytes="10790216" />
</allocation-stats>
<gc-op id="1298" type="scavenge" timems="3.981" contextid="1295" timestamp="2025-12-15T03:34:24.717">
  <scavenger-info tenureage="11" tenuremask="7800" tiltratio="71" />
  <memory-copied type="nursery" objects="25463" bytes="856920" bytesdiscarded="27816" />
  <ownableSynchronizers candidates="17" cleared="0" />
  <references type="soft" candidates="8" cleared="0" enqueued="0" dynamicThreshold="9" maxThreshold="32" />
  <references type="weak" candidates="8" cleared="0" enqueued="0" />
  <references type="phantom" candidates="23" cleared="0" enqueued="0" />
  <object-monitors candidates="20" cleared="0"  />
</gc-op>
<gc-end id="1299" type="scavenge" contextid="1295" durationms="6.580" usertimems="11.677" systemtimems="0.000" stalltimems="9.012" timestamp="2025-12-15T03:34:24.718" activeThreads="5">
  <mem-info id="1300" free="16583184" total="43384832" percent="38">
    <mem type="nursery" free="11763112" total="16777216" percent="70">
      <mem type="allocate" free="11763112" total="12648448" percent="93" />
      <mem type="survivor" free="0" total="4128768" percent="0" />
    </mem>
    <mem type="tenure" free="4820072" total="26607616" percent="18" macro-fragmented="1469">
      <mem type="soa" free="3488872" total="25276416" percent="13" />
      <mem type="loa" free="1331200" total="1331200" percent="100" />
    </mem>
    <remembered-set count="1162" />
  </mem-info>
</gc-end>
<cycle-end id="1301" type="scavenge" contextid="1295" timestamp="2025-12-15T03:34:24.719" />
<allocation-satisfied id="1302" threadId="0000000000831B00" bytesRequested="48" />
<af-end id="1303" timestamp="2025-12-15T03:34:24.720" threadId="0000000000832578" success="true" from="nursery"/>
<exclusive-end id="1304" timestamp="2025-12-15T03:34:24.721" durationms="11.663" />

<concurrent-end id="1305" type="global mark" contextid="1290" timestamp="2025-12-15T03:34:24.721">
<gc-op id="1306" type="trace" timems="93.070" contextid="1290" timestamp="2025-12-15T03:34:24.721">
  <trace bytesTraced="12207660" workStackOverflowCount="0" />
  <card-cleaning reason="card cleaning threshold reached" bytesTraced="17196" cardsCleaned="117" />
</gc-op>
</concurrent-end>

<exclusive-start id="1307" timestamp="2025-12-15T03:34:24.723" intervalms="14.117">
  <response-info timems="0.057" idlems="0.057" threads="0" lastid="0000000000831B00" lastname="Default Executor-thread-1" />
</exclusive-start>
<concurrent-global-final id="1308" timestamp="2025-12-15T03:34:24.724" contextid="1290" intervalms="533.038" >
  <concurrent-trace-info reason="card cleaning threshold reached" tracedByMutators="4134128" tracedByHelpers="8090728" cardsCleaned="117" workStackOverflowCount="0" />
</concurrent-global-final>
<gc-start id="1309" type="global" contextid="1290" timestamp="2025-12-15T03:34:24.725">
  <mem-info id="1310" free="16394720" total="43384832" percent="37">
    <mem type="nursery" free="11574648" total="16777216" percent="68">
      <mem type="allocate" free="11574648" total="12648448" percent="91" />
      <mem type="survivor" free="0" total="4128768" percent="0" />
    </mem>
    <mem type="tenure" free="4820072" total="26607616" percent="18">
      <mem type="soa" free="3488872" total="25276416" percent="13" />
      <mem type="loa" free="1331200" total="1331200" percent="100" />
    </mem>
    <remembered-set count="1162" />
  </mem-info>
</gc-start>
<allocation-stats totalBytes="188464" discardedBytes="0" >
  <allocated-bytes non-tlh="48" tlh="188416" />
  <largest-consumer threadName="Default Executor-thread-1" threadId="0000000000831B00" bytes="188464" />
</allocation-stats>
<gc-op id="1311" type="rs-scan" timems="7.404" contextid="1290" timestamp="2025-12-15T03:34:24.734">
  <scan objectsFound="20826" bytesTraced="727480" workStackOverflowCount="0" />
</gc-op>
<gc-op id="1312" type="card-cleaning" timems="2.589" contextid="1290" timestamp="2025-12-15T03:34:24.737">
  <card-cleaning cardsCleaned="193" bytesTraced="75624" workStackOverflowCount="0" />
</gc-op>
<gc-op id="1313" type="mark" timems="12.761" contextid="1290" timestamp="2025-12-15T03:34:24.751">
  <trace-info objectcount="4354" scancount="4342" scanbytes="115336" />
  <finalization candidates="730" enqueued="0" />
  <ownableSynchronizers candidates="1275" cleared="0" />
  <references type="soft" candidates="4496" cleared="0" enqueued="0" dynamicThreshold="9" maxThreshold="32" />
  <references type="weak" candidates="1316" cleared="0" enqueued="0" />
  <references type="phantom" candidates="347" cleared="0" enqueued="0" />
  <stringconstants candidates="12810" cleared="0"  />
  <object-monitors candidates="20" cleared="1"  />
</gc-op>
<gc-op id="1314" type="sweep" timems="5.930" contextid="1290" timestamp="2025-12-15T03:34:24.757" />
<heap-resize id="1315" type="expand" space="tenure" amount="4128768" count="1" timems="3.603" reason="insufficient free space following gc" timestamp="2025-12-15T03:34:24.762" />
<gc-end id="1316" type="global" contextid="1290" durationms="37.763" usertimems="46.369" systemtimems="38.098" stalltimems="288.996" timestamp="2025-12-15T03:34:24.763" activeThreads="20">
  <mem-info id="1317" free="21042712" total="47513600" percent="44">
    <mem type="nursery" free="11789240" total="16777216" percent="70">
      <mem type="allocate" free="11789240" total="12648448" percent="93" />
      <mem type="survivor" free="0" total="4128768" percent="0" />
    </mem>
    <mem type="tenure" free="9253472" total="30736384" percent="30" micro-fragmented="412748" macro-fragmented="27173">
      <mem type="soa" free="7716448" total="29199360" percent="26" />
      <mem type="loa" free="1537024" total="1537024" percent="100" />
    </mem>
    <remembered-set count="1162" />
  </mem-info>
</gc-end>
<cycle-end id="1318" type="global" contextid="1290" timestamp="2025-12-15T03:34:24.764" />
<exclusive-end id="1319" timestamp="2025-12-15T03:34:24.764" durationms="41.099" />

<exclusive-start id="1320" timestamp="2025-12-15T03:34:24.872" intervalms="149.091">
  <response-info timems="0.068" idlems="0.068" threads="0" lastid="0000000000831B00" lastname="Default Executor-thread-1" />
</exclusive-start>
<af-start id="1321" threadId="0000000000832578" totalBytesRequested="72" timestamp="2025-12-15T03:34:24.873" intervalms="162.965" type="nursery" />
<cycle-start id="1322" type="scavenge" contextid="0" timestamp="2025-12-15T03:34:24.874" intervalms="162.895" />
<gc-start id="1323" type="scavenge" contextid="1322" timestamp="2025-12-15T03:34:24.874">
  <mem-info id="1324" free="9253472" total="47513600" percent="19">
    <mem type="nursery" free="0" total="16777216" percent="0">
      <mem type="allocate" free="0" total="12648448" percent="0" />
      <mem type="survivor" free="0" total="4128768" percent="0" />
    </mem>
    <mem type="tenure" free="9253472" total="30736384" percent="30">
      <mem type="soa" free="7716448" total="29199360" percent="26" />
      <mem type="loa" free="1537024" total="1537024" percent="100" />
    </mem>
    <remembered-set count="1748" />
  </mem-info>
</gc-start>
<allocation-stats totalBytes="11785992" discardedBytes="3248" >
  <allocated-bytes non-tlh="0" tlh="11785992" />
  <largest-consumer threadName="Default Executor-thread-1" threadId="0000000000831B00" bytes="11765512" />
</allocation-stats>
<gc-op id="1325" type="scavenge" timems="4.560" contextid="1322" timestamp="2025-12-15T03:34:24.880">
  <scavenger-info tenureage="12" tenuremask="7000" tiltratio="75" />
  <memory-copied type="nursery" objects="41634" bytes="2067896" bytesdiscarded="44712" />
  <ownableSynchronizers candidates="2552" cleared="2535" />
  <references type="soft" candidates="8" cleared="0" enqueued="0" dynamicThreshold="9" maxThreshold="32" />
  <references type="weak" candidates="8" cleared="0" enqueued="0" />
  <references type="phantom" candidates="23" cleared="0" enqueued="0" />
  <object-monitors candidates="19" cleared="0"  />
</gc-op>
<gc-end id="1326" type="scavenge" contextid="1322" durationms="7.223" usertimems="13.979" systemtimems="0.000" stalltimems="6.033" timestamp="2025-12-15T03:34:24.882" activeThreads="4">
  <mem-info id="1327" free="19788712" total="47513600" percent="41">
    <mem type="nursery" free="10535240" total="16777216" percent="62">
      <mem type="allocate" free="10535240" total="12648448" percent="83" />
      <mem type="survivor" free="0" total="4128768" percent="0" />
    </mem>
    <mem type="tenure" free="9253472" total="30736384" percent="30" macro-fragmented="0">
      <mem type="soa" free="7716448" total="29199360" percent="26" />
      <mem type="loa" free="1537024" total="1537024" percent="100" />
    </mem>
    <remembered-set count="1315" />
  </mem-info>
</gc-end>
<cycle-end id="1328" type="scavenge" contextid="1322" timestamp="2025-12-15T03:34:24.882" />
<allocation-satisfied id="1329" threadId="0000000000831B00" bytesRequested="72" />
<af-end id="1330" timestamp="2025-12-15T03:34:24.884" threadId="0000000000832578" success="true" from="nursery"/>
<exclusive-end id="1331" timestamp="2025-12-15T03:34:24.885" durationms="12.465" />

<exclusive-start id="1332" timestamp="2025-12-15T03:34:24.951" intervalms="79.073">
  <response-info timems="0.066" idlems="0.066" threads="0" lastid="0000000000831B00" lastname="Default Executor-thread-1" />
</exclusive-start>
<af-start id="1333" threadId="0000000000832578" totalBytesRequested="24" timestamp="2025-12-15T03:34:24.952" intervalms="79.156" type="nursery" />
<cycle-start id="1334" type="scavenge" contextid="0" timestamp="2025-12-15T03:34:24.953" intervalms="79.343" />
<gc-start id="1335" type="scavenge" contextid="1334" timestamp="2025-12-15T03:34:24.954">
  <mem-info id="1336" free="9253472" total="47513600" percent="19">
    <mem type="nursery" free="0" total="16777216" percent="0">
      <mem type="allocate" free="0" total="12648448" percent="0" />
      <mem type="survivor" free="0" total="4128768" percent="0" />
    </mem>
    <mem type="tenure" free="9253472" total="30736384" percent="30">
      <mem type="soa" free="7716448" total="29199360" percent="26" />
      <mem type="loa" free="1537024" total="1537024" percent="100" />
    </mem>
    <remembered-set count="1609" />
  </mem-info>
</gc-start>
<allocation-stats totalBytes="10531712" discardedBytes="3528" >
  <allocated-bytes non-tlh="72" tlh="10531640" />
  <largest-consumer threadName="Default Executor-thread-1" threadId="0000000000831B00" bytes="10531712" />
</allocation-stats>
<gc-op id="1337" type="scavenge" timems="3.068" contextid="1334" timestamp="2025-12-15T03:34:24.959">
  <scavenger-info tenureage="5" tenuremask="7020" tiltratio="75" />
  <memory-copied type="nursery" objects="24990" bytes="723080" bytesdiscarded="58240" />
  <memory-copied type="tenure" objects="7529" bytes="335504" bytesdiscarded="1064" />
  <ownableSynchronizers candidates="17" cleared="0" />
  <object-monitors candidates="19" cleared="0"  />
</gc-op>
<heap-resize id="1338" type="expand" space="nursery" amount="786432" count="1" timems="0.063" reason="excessive time being spent scavenging" timestamp="2025-12-15T03:34:24.960" />
<gc-end id="1339" type="scavenge" contextid="1334" durationms="6.452" usertimems="10.617" systemtimems="0.000" stalltimems="2.116" timestamp="2025-12-15T03:34:24.961" activeThreads="4">
  <mem-info id="1340" free="21654160" total="48300032" percent="44">
    <mem type="nursery" free="12784632" total="17563648" percent="72">
      <mem type="allocate" free="12784632" total="13565952" percent="94" />
      <mem type="survivor" free="0" total="3997696" percent="0" />
    </mem>
    <mem type="tenure" free="8869528" total="30736384" percent="28" macro-fragmented="18870">
      <mem type="soa" free="7332504" total="29199360" percent="25" />
      <mem type="loa" free="1537024" total="1537024" percent="100" />
    </mem>
    <remembered-set count="1199" />
  </mem-info>
</gc-end>
<cycle-end id="1341" type="scavenge" contextid="1334" timestamp="2025-12-15T03:34:24.962" />
<allocation-satisfied id="1342" threadId="0000000000831B00" bytesRequested="24" />
<af-end id="1343" timestamp="2025-12-15T03:34:24.963" threadId="0000000000832578" success="true" from="nursery"/>
<exclusive-end id="1344" timestamp="2025-12-15T03:34:24.964" durationms="12.908" />

<exclusive-start id="1345" timestamp="2025-12-15T03:34:25.028" intervalms="76.845">
  <response-info timems="0.115" idlems="0.115" threads="0" lastid="0000000000831B00" lastname="Default Executor-thread-1" />
</exclusive-start>
<af-start id="1346" threadId="0000000000832578" totalBytesRequested="16" timestamp="2025-12-15T03:34:25.029" intervalms="77.004" type="nursery" />
<cycle-start id="1347" type="scavenge" contextid="0" timestamp="2025-12-15T03:34:25.030" intervalms="77.084" />
<gc-start id="1348" type="scavenge" contextid="1347" timestamp="2025-12-15T03:34:25.031">
  <mem-info id="1349" free="8869416" total="48300032" percent="18">
    <mem type="nursery" free="0" total="17563648" percent="0">
      <mem type="allocate" free="0" total="13565952" percent="0" />
      <mem type="survivor" free="0" total="3997696" percent="0" />
    </mem>
    <mem type="tenure" free="8869416" total="30736384" percent="28">
      <mem type="soa" free="7332392" total="29199360" percent="25" />
      <mem type="loa" free="1537024" total="1537024" percent="100" />
    </mem>
    <remembered-set count="1484" />
  </mem-info>
</gc-start>
<allocation-stats totalBytes="12781200" discardedBytes="3544" >
  <allocated-bytes non-tlh="136" tlh="12781064" />
  <largest-consumer threadName="Default Executor-thread-1" threadId="0000000000831B00" bytes="12781200" />
</allocation-stats>
<gc-op id="1350" type="scavenge" timems="3.893" contextid="1347" timestamp="2025-12-15T03:34:25.037">
  <scavenger-info tenureage="13" tenuremask="6000" tiltratio="77" />
  <memory-copied type="nursery" objects="38801" bytes="1682320" bytesdiscarded="46112" />
  <finalization candidates="1" enqueued="1" />
  <ownableSynchronizers candidates="2" cleared="0" />
  <object-monitors candidates="19" cleared="0"  />
</gc-op>
<heap-resize id="1351" type="expand" space="nursery" amount="655360" count="1" timems="0.056" reason="excessive time being spent scavenging" timestamp="2025-12-15T03:34:25.038" />
<gc-end id="1352" type="scavenge" contextid="1347" durationms="7.497" usertimems="6.743" systemtimems="4.800" stalltimems="5.306" timestamp="2025-12-15T03:34:25.039" activeThreads="4">
  <mem-info id="1353" free="21427832" total="48955392" percent="43">
    <mem type="nursery" free="12558416" total="18219008" percent="68">
      <mem type="allocate" free="12558416" total="14286848" percent="87" />
      <mem type="survivor" free="0" total="3932160" percent="0" />
    </mem>
    <mem type="tenure" free="8869416" total="30736384" percent="28" macro-fragmented="0">
      <mem type="soa" free="7332392" total="29199360" percent="25" />
      <mem type="loa" free="1537024" total="1537024" percent="100" />
    </mem>
    <pending-finalizers system="1" default="0" reference="0" classloader="0" />
    <remembered-set count="1274" />
  </mem-info>
</gc-end>
<cycle-end id="1354" type="scavenge" contextid="1347" timestamp="2025-12-15T03:34:25.040" />
<allocation-satisfied id="1355" threadId="0000000000831B00" bytesRequested="16" />
<af-end id="1356" timestamp="2025-12-15T03:34:25.041" threadId="0000000000832578" success="true" from="nursery"/>
<exclusive-end id="1357" timestamp="2025-12-15T03:34:25.042" durationms="14.038" />

<exclusive-start id="1358" timestamp="2025-12-15T03:34:25.108" intervalms="79.929">
  <response-info timems="0.092" idlems="0.092" threads="0" lastid="0000000000831B00" lastname="Default Executor-thread-1" />
</exclusive-start>
<af-start id="1359" threadId="0000000000832578" totalBytesRequested="16" timestamp="2025-12-15T03:34:25.109" intervalms="79.957" type="nursery" />
<cycle-start id="1360" type="scavenge" contextid="0" timestamp="2025-12-15T03:34:25.110" intervalms="80.133" />
<gc-start id="1361" type="scavenge" contextid="1360" timestamp="2025-12-15T03:34:25.111">
  <mem-info id="1362" free="8869416" total="48955392" percent="18">
    <mem type="nursery" free="0" total="18219008" percent="0">
      <mem type="allocate" free="0" total="14286848" percent="0" />
      <mem type="survivor" free="0" total="3932160" percent="0" />
    </mem>
    <mem type="tenure" free="8869416" total="30736384" percent="28">
      <mem type="soa" free="7332392" total="29199360" percent="25" />
      <mem type="loa" free="1537024" total="1537024" percent="100" />
    </mem>
    <remembered-set count="1668" />
  </mem-info>
</gc-start>
<allocation-stats totalBytes="12553984" discardedBytes="4432" >
  <allocated-bytes non-tlh="16" tlh="12553968" />
  <largest-consumer threadName="Default Executor-thread-1" threadId="0000000000831B00" bytes="12553984" />
</allocation-stats>
<gc-op id="1363" type="scavenge" timems="3.698" contextid="1360" timestamp="2025-12-15T03:34:25.116">
  <scavenger-info tenureage="13" tenuremask="6000" tiltratio="78" />
  <memory-copied type="nursery" objects="32143" bytes="931096" bytesdiscarded="17384" />
  <ownableSynchronizers candidates="2" cleared="0" />
  <object-monitors candidates="19" cleared="0"  />
</gc-op>
<gc-end id="1364" type="scavenge" contextid="1360" durationms="6.320" usertimems="11.458" systemtimems="0.000" stalltimems="4.017" timestamp="2025-12-15T03:34:25.117" activeThreads="4">
  <mem-info id="1365" free="22732072" total="48955392" percent="46">
    <mem type="nursery" free="13862656" total="18219008" percent="76">
      <mem type="allocate" free="13862656" total="14811136" percent="93" />
      <mem type="survivor" free="0" total="3407872" percent="0" />
    </mem>
    <mem type="tenure" free="8869416" total="30736384" percent="28" macro-fragmented="6450429">
      <mem type="soa" free="7332392" total="29199360" percent="25" />
      <mem type="loa" free="1537024" total="1537024" percent="100" />
    </mem>
    <remembered-set count="1441" />
  </mem-info>
</gc-end>
<cycle-end id="1366" type="scavenge" contextid="1360" timestamp="2025-12-15T03:34:25.118" />
<allocation-satisfied id="1367" threadId="0000000000831B00" bytesRequested="16" />
<af-end id="1368" timestamp="2025-12-15T03:34:25.119" threadId="0000000000832578" success="true" from="nursery"/>
<exclusive-end id="1369" timestamp="2025-12-15T03:34:25.120" durationms="11.756" />

<exclusive-start id="1370" timestamp="2025-12-15T03:34:25.187" intervalms="79.186">
  <response-info timems="0.076" idlems="0.076" threads="0" lastid="0000000000831B00" lastname="Default Executor-thread-1" />
</exclusive-start>
<af-start id="1371" threadId="0000000000832578" totalBytesRequested="2064" timestamp="2025-12-15T03:34:25.188" intervalms="78.945" type="nursery" />
<cycle-start id="1372" type="scavenge" contextid="0" timestamp="2025-12-15T03:34:25.189" intervalms="78.664" />
<gc-start id="1373" type="scavenge" contextid="1372" timestamp="2025-12-15T03:34:25.190">
  <mem-info id="1374" free="8869416" total="48955392" percent="18">
    <mem type="nursery" free="0" total="18219008" percent="0">
      <mem type="allocate" free="0" total="14811136" percent="0" />
      <mem type="survivor" free="0" total="3407872" percent="0" />
    </mem>
    <mem type="tenure" free="8869416" total="30736384" percent="28">
      <mem type="soa" free="7332392" total="29199360" percent="25" />
      <mem type="loa" free="1537024" total="1537024" percent="100" />
    </mem>
    <remembered-set count="1801" />
  </mem-info>
</gc-start>
<allocation-stats totalBytes="13857400" discardedBytes="5256" >
  <allocated-bytes non-tlh="16" tlh="13857384" />
  <largest-consumer threadName="Default Executor-thread-1" threadId="0000000000831B00" bytes="13857400" />
</allocation-stats>
<gc-op id="1375" type="scavenge" timems="3.362" contextid="1372" timestamp="2025-12-15T03:34:25.194">
  <scavenger-info tenureage="14" tenuremask="4000" tiltratio="81" />
  <memory-copied type="nursery" objects="36937" bytes="1308928" bytesdiscarded="16720" />
  <ownableSynchronizers candidates="2" cleared="0" />
  <object-monitors candidates="19" cleared="0"  />
</gc-op>
<heap-resize id="1376" type="expand" space="nursery" amount="917504" count="1" timems="0.240" reason="excessive time being spent scavenging" timestamp="2025-12-15T03:34:25.195" />
<gc-end id="1377" type="scavenge" contextid="1372" durationms="6.515" usertimems="11.300" systemtimems="0.000" stalltimems="3.037" timestamp="2025-12-15T03:34:25.196" activeThreads="4">
  <mem-info id="1378" free="23337944" total="49872896" percent="46">
    <mem type="nursery" free="14468528" total="19136512" percent="75">
      <mem type="allocate" free="14468528" total="15794176" percent="91" />
      <mem type="survivor" free="0" total="3342336" percent="0" />
    </mem>
    <mem type="tenure" free="8869416" total="30736384" percent="28" macro-fragmented="5375358">
      <mem type="soa" free="7332392" total="29199360" percent="25" />
      <mem type="loa" free="1537024" total="1537024" percent="100" />
    </mem>
    <remembered-set count="1528" />
  </mem-info>
</gc-end>
<cycle-end id="1379" type="scavenge" contextid="1372" timestamp="2025-12-15T03:34:25.197" />
<allocation-satisfied id="1380" threadId="0000000000831B00" bytesRequested="2064" />
<af-end id="1381" timestamp="2025-12-15T03:34:25.199" threadId="0000000000832578" success="true" from="nursery"/>
<exclusive-end id="1382" timestamp="2025-12-15T03:34:25.199" durationms="12.048" />

<exclusive-start id="1383" timestamp="2025-12-15T03:34:25.285" intervalms="97.315">
  <response-info timems="0.076" idlems="0.076" threads="0" lastid="0000000000831B00" lastname="Default Executor-thread-1" />
</exclusive-start>
<af-start id="1384" threadId="0000000000832578" totalBytesRequested="16" timestamp="2025-12-15T03:34:25.285" intervalms="97.251" type="nursery" />
<cycle-start id="1385" type="scavenge" contextid="0" timestamp="2025-12-15T03:34:25.286" intervalms="97.153" />
<gc-start id="1386" type="scavenge" contextid="1385" timestamp="2025-12-15T03:34:25.287">
  <mem-info id="1387" free="8869416" total="49872896" percent="17">
    <mem type="nursery" free="0" total="19136512" percent="0">
      <mem type="allocate" free="0" total="15794176" percent="0" />
      <mem type="survivor" free="0" total="3342336" percent="0" />
    </mem>
    <mem type="tenure" free="8869416" total="30736384" percent="28">
      <mem type="soa" free="7332392" total="29199360" percent="25" />
      <mem type="loa" free="1537024" total="1537024" percent="100" />
    </mem>
    <remembered-set count="2269" />
  </mem-info>
</gc-start>
<allocation-stats totalBytes="14466160" discardedBytes="2368" >
  <allocated-bytes non-tlh="2064" tlh="14464096" />
  <largest-consumer threadName="Default Executor-thread-1" threadId="0000000000831B00" bytes="14462064" />
</allocation-stats>
<gc-op id="1388" type="scavenge" timems="4.869" contextid="1385" timestamp="2025-12-15T03:34:25.293">
  <scavenger-info tenureage="14" tenuremask="4000" tiltratio="82" />
  <memory-copied type="nursery" objects="72366" bytes="3336376" bytesdiscarded="5960" />
  <memory-copied type="tenure" objects="4541" bytes="137640" bytesdiscarded="120" />
  <copy-failed type="nursery" objects="4541" bytes="137640" />
  <ownableSynchronizers candidates="2" cleared="0" />
  <object-monitors candidates="19" cleared="0"  />
</gc-op>
<gc-end id="1389" type="scavenge" contextid="1385" durationms="7.022" usertimems="23.808" systemtimems="4.841" stalltimems="2.203" timestamp="2025-12-15T03:34:25.294" activeThreads="4">
  <mem-info id="1390" free="17338664" total="49872896" percent="34">
    <mem type="nursery" free="8781824" total="19136512" percent="45">
      <mem type="allocate" free="8781824" total="12124160" percent="72" />
      <mem type="survivor" free="0" total="7012352" percent="0" />
    </mem>
    <mem type="tenure" free="8556840" total="30736384" percent="27" macro-fragmented="6450429">
      <mem type="soa" free="7019816" total="29199360" percent="24" />
      <mem type="loa" free="1537024" total="1537024" percent="100" />
    </mem>
    <remembered-set count="2913" />
  </mem-info>
</gc-end>
<cycle-end id="1391" type="scavenge" contextid="1385" timestamp="2025-12-15T03:34:25.294" />
<allocation-satisfied id="1392" threadId="0000000000831B00" bytesRequested="16" />
<af-end id="1393" timestamp="2025-12-15T03:34:25.296" threadId="0000000000832578" success="true" from="nursery"/>
<exclusive-end id="1394" timestamp="2025-12-15T03:34:25.296" durationms="11.931" />

<exclusive-start id="1395" timestamp="2025-12-15T03:34:25.325" intervalms="40.927">
  <response-info timems="0.095" idlems="0.095" threads="0" lastid="0000000000831B00" lastname="Default Executor-thread-1" />
</exclusive-start>
<af-start id="1396" threadId="0000000000832578" totalBytesRequested="24" timestamp="2025-12-15T03:34:25.327" intervalms="41.386" type="nursery" />
<cycle-start id="1397" type="scavenge" contextid="0" timestamp="2025-12-15T03:34:25.327" intervalms="41.498" />
<gc-start id="1398" type="scavenge" contextid="1397" timestamp="2025-12-15T03:34:25.328">
  <mem-info id="1399" free="8556840" total="49872896" percent="17">
    <mem type="nursery" free="0" total="19136512" percent="0">
      <mem type="allocate" free="0" total="12124160" percent="0" />
      <mem type="survivor" free="0" total="7012352" percent="0" />
    </mem>
    <mem type="tenure" free="8556840" total="30736384" percent="27">
      <mem type="soa" free="7019816" total="29199360" percent="24" />
      <mem type="loa" free="1537024" total="1537024" percent="100" />
    </mem>
    <remembered-set count="3148" />
  </mem-info>
</gc-start>
<allocation-stats totalBytes="8779232" discardedBytes="2592" >
  <allocated-bytes non-tlh="16" tlh="8779216" />
  <largest-consumer threadName="Default Executor-thread-1" threadId="0000000000831B00" bytes="8779232" />
</allocation-stats>
<gc-op id="1400" type="scavenge" timems="4.289" contextid="1397" timestamp="2025-12-15T03:34:25.334">
  <scavenger-info tenureage="14" tenuremask="4000" tiltratio="63" />
  <memory-copied type="nursery" objects="48438" bytes="1501520" bytesdiscarded="107016" />
  <ownableSynchronizers candidates="2" cleared="0" />
  <object-monitors candidates="19" cleared="0"  />
</gc-op>
<heap-resize id="1401" type="expand" space="nursery" amount="1835008" count="1" timems="0.059" reason="excessive time being spent scavenging" timestamp="2025-12-15T03:34:25.335" />
<gc-end id="1402" type="scavenge" contextid="1397" durationms="7.694" usertimems="10.644" systemtimems="4.692" stalltimems="6.385" timestamp="2025-12-15T03:34:25.336" activeThreads="5">
  <mem-info id="1403" free="20776400" total="51707904" percent="40">
    <mem type="nursery" free="12219560" total="20971520" percent="58">
      <mem type="allocate" free="12219560" total="13828096" percent="88" />
      <mem type="survivor" free="0" total="7143424" percent="0" />
    </mem>
    <mem type="tenure" free="8556840" total="30736384" percent="27" macro-fragmented="7950592">
      <mem type="soa" free="7019816" total="29199360" percent="24" />
      <mem type="loa" free="1537024" total="1537024" percent="100" />
    </mem>
    <remembered-set count="3037" />
  </mem-info>
</gc-end>
<cycle-end id="1404" type="scavenge" contextid="1397" timestamp="2025-12-15T03:34:25.337" />
<allocation-satisfied id="1405" threadId="0000000000831B00" bytesRequested="24" />
<af-end id="1406" timestamp="2025-12-15T03:34:25.338" threadId="0000000000832578" success="true" from="nursery"/>
<exclusive-end id="1407" timestamp="2025-12-15T03:34:25.339" durationms="13.594" />

<exclusive-start id="1408" timestamp="2025-12-15T03:34:25.386" intervalms="60.397">
  <response-info timems="0.088" idlems="0.088" threads="0" lastid="0000000000831B00" lastname="Default Executor-thread-1" />
</exclusive-start>
<af-start id="1409" threadId="0000000000832578" totalBytesRequested="1040" timestamp="2025-12-15T03:34:25.387" intervalms="60.062" type="nursery" />
<cycle-start id="1410" type="scavenge" contextid="0" timestamp="2025-12-15T03:34:25.388" intervalms="60.216" />
<gc-start id="1411" type="scavenge" contextid="1410" timestamp="2025-12-15T03:34:25.389">
  <mem-info id="1412" free="8556840" total="51707904" percent="16">
    <mem type="nursery" free="0" total="20971520" percent="0">
      <mem type="allocate" free="0" total="13828096" percent="0" />
      <mem type="survivor" free="0" total="7143424" percent="0" />
    </mem>
    <mem type="tenure" free="8556840" total="30736384" percent="27">
      <mem type="soa" free="7019816" total="29199360" percent="24" />
      <mem type="loa" free="1537024" total="1537024" percent="100" />
    </mem>
    <remembered-set count="3177" />
  </mem-info>
</gc-start>
<allocation-stats totalBytes="12215592" discardedBytes="3968" >
  <allocated-bytes non-tlh="24" tlh="12215568" />
  <largest-consumer threadName="Default Executor-thread-1" threadId="0000000000831B00" bytes="12195112" />
</allocation-stats>
<gc-op id="1413" type="scavenge" timems="4.720" contextid="1410" timestamp="2025-12-15T03:34:25.395">
  <scavenger-info tenureage="9" tenuremask="4600" tiltratio="65" />
  <memory-copied type="nursery" objects="44595" bytes="1772096" bytesdiscarded="51520" />
  <memory-copied type="tenure" objects="6578" bytes="180816" bytesdiscarded="216" />
  <ownableSynchronizers candidates="4" cleared="2" />
  <object-monitors candidates="19" cleared="0"  />
</gc-op>
<heap-resize id="1414" type="expand" space="nursery" amount="1179648" count="1" timems="0.061" reason="excessive time being spent scavenging" timestamp="2025-12-15T03:34:25.396" />
<gc-end id="1415" type="scavenge" contextid="1410" durationms="7.851" usertimems="9.744" systemtimems="7.716" stalltimems="6.252" timestamp="2025-12-15T03:34:25.396" activeThreads="5">
  <mem-info id="1416" free="22669224" total="52887552" percent="42">
    <mem type="nursery" free="14298240" total="22151168" percent="64">
      <mem type="allocate" free="14298240" total="16121856" percent="88" />
      <mem type="survivor" free="0" total="6029312" percent="0" />
    </mem>
    <mem type="tenure" free="8370984" total="30736384" percent="27" macro-fragmented="7700565">
      <mem type="soa" free="6833960" total="29199360" percent="23" />
      <mem type="loa" free="1537024" total="1537024" percent="100" />
    </mem>
    <remembered-set count="2770" />
  </mem-info>
</gc-end>
<cycle-end id="1417" type="scavenge" contextid="1410" timestamp="2025-12-15T03:34:25.397" />
<allocation-satisfied id="1418" threadId="0000000000831B00" bytesRequested="1040" />
<af-end id="1419" timestamp="2025-12-15T03:34:25.399" threadId="0000000000832578" success="true" from="nursery"/>
<exclusive-end id="1420" timestamp="2025-12-15T03:34:25.400" durationms="13.796" />

<exclusive-start id="1421" timestamp="2025-12-15T03:34:25.440" intervalms="54.095">
  <response-info timems="0.086" idlems="0.086" threads="0" lastid="0000000000831B00" lastname="Default Executor-thread-1" />
</exclusive-start>
<af-start id="1422" threadId="0000000000832578" totalBytesRequested="1040" timestamp="2025-12-15T03:34:25.441" intervalms="54.226" type="nursery" />
<cycle-start id="1423" type="scavenge" contextid="0" timestamp="2025-12-15T03:34:25.442" intervalms="54.169" />
<gc-start id="1424" type="scavenge" contextid="1423" timestamp="2025-12-15T03:34:25.443">
  <mem-info id="1425" free="8370984" total="52887552" percent="15">
    <mem type="nursery" free="0" total="22151168" percent="0">
      <mem type="allocate" free="0" total="16121856" percent="0" />
      <mem type="survivor" free="0" total="6029312" percent="0" />
    </mem>
    <mem type="tenure" free="8370984" total="30736384" percent="27">
      <mem type="soa" free="6833960" total="29199360" percent="23" />
      <mem type="loa" free="1537024" total="1537024" percent="100" />
    </mem>
    <remembered-set count="2957" />
  </mem-info>
</gc-start>
<allocation-stats totalBytes="14292432" discardedBytes="5808" >
  <allocated-bytes non-tlh="1040" tlh="14291392" />
  <largest-consumer threadName="Default Executor-thread-1" threadId="0000000000831B00" bytes="14292432" />
</allocation-stats>
<gc-op id="1426" type="scavenge" timems="3.643" contextid="1423" timestamp="2025-12-15T03:34:25.448">
  <scavenger-info tenureage="14" tenuremask="4000" tiltratio="72" />
  <memory-copied type="nursery" objects="45123" bytes="1445744" bytesdiscarded="74736" />
  <ownableSynchronizers candidates="2" cleared="0" />
  <object-monitors candidates="19" cleared="0"  />
</gc-op>
<heap-resize id="1427" type="expand" space="nursery" amount="1310720" count="1" timems="0.063" reason="excessive time being spent scavenging" timestamp="2025-12-15T03:34:25.450" />
<gc-end id="1428" type="scavenge" contextid="1423" durationms="7.692" usertimems="11.807" systemtimems="4.012" stalltimems="4.546" timestamp="2025-12-15T03:34:25.450" activeThreads="5">
  <mem-info id="1429" free="25003976" total="54198272" percent="46">
    <mem type="nursery" free="16632992" total="23461888" percent="70">
      <mem type="allocate" free="16632992" total="18153472" percent="91" />
      <mem type="survivor" free="0" total="5308416" percent="0" />
    </mem>
    <mem type="tenure" free="8370984" total="30736384" percent="27" macro-fragmented="4479464">
      <mem type="soa" free="6833960" total="29199360" percent="23" />
      <mem type="loa" free="1537024" total="1537024" percent="100" />
    </mem>
    <remembered-set count="2838" />
  </mem-info>
</gc-end>
<cycle-end id="1430" type="scavenge" contextid="1423" timestamp="2025-12-15T03:34:25.451" />
<allocation-satisfied id="1431" threadId="0000000000831B00" bytesRequested="1040" />
<af-end id="1432" timestamp="2025-12-15T03:34:25.453" threadId="0000000000832578" success="true" from="nursery"/>
<exclusive-end id="1433" timestamp="2025-12-15T03:34:25.453" durationms="13.424" />

<exclusive-start id="1434" timestamp="2025-12-15T03:34:25.624" intervalms="184.275">
  <response-info timems="0.091" idlems="0.091" threads="0" lastid="0000000000831B00" lastname="Default Executor-thread-1" />
</exclusive-start>
<af-start id="1435" threadId="0000000000832578" totalBytesRequested="24" timestamp="2025-12-15T03:34:25.625" intervalms="184.063" type="nursery" />
<cycle-start id="1436" type="scavenge" contextid="0" timestamp="2025-12-15T03:34:25.626" intervalms="184.027" />
<gc-start id="1437" type="scavenge" contextid="1436" timestamp="2025-12-15T03:34:25.627">
  <mem-info id="1438" free="8370984" total="54198272" percent="15">
    <mem type="nursery" free="0" total="23461888" percent="0">
      <mem type="allocate" free="0" total="18153472" percent="0" />
      <mem type="survivor" free="0" total="5308416" percent="0" />
    </mem>
    <mem type="tenure" free="8370984" total="30736384" percent="27">
      <mem type="soa" free="6833960" total="29199360" percent="23" />
      <mem type="loa" free="1537024" total="1537024" percent="100" />
    </mem>
    <remembered-set count="3175" />
  </mem-info>
</gc-start>
<allocation-stats totalBytes="16628960" discardedBytes="4032" >
  <allocated-bytes non-tlh="1040" tlh="16627920" />
  <largest-consumer threadName="Default Executor-thread-1" threadId="0000000000831B00" bytes="16628960" />
</allocation-stats>
<gc-op id="1439" type="scavenge" timems="3.813" contextid="1436" timestamp="2025-12-15T03:34:25.632">
  <scavenger-info tenureage="14" tenuremask="4000" tiltratio="77" />
  <memory-copied type="nursery" objects="48323" bytes="1439800" bytesdiscarded="38024" />
  <ownableSynchronizers candidates="2" cleared="0" />
  <object-monitors candidates="19" cleared="0"  />
</gc-op>
<gc-end id="1440" type="scavenge" contextid="1436" durationms="6.468" usertimems="13.057" systemtimems="0.000" stalltimems="2.615" timestamp="2025-12-15T03:34:25.633" activeThreads="4">
  <mem-info id="1441" free="25964136" total="54198272" percent="47">
    <mem type="nursery" free="17593152" total="23461888" percent="74">
      <mem type="allocate" free="17593152" total="19070976" percent="92" />
      <mem type="survivor" free="0" total="4390912" percent="0" />
    </mem>
    <mem type="tenure" free="8370984" total="30736384" percent="27" macro-fragmented="3732887">
      <mem type="soa" free="6833960" total="29199360" percent="23" />
      <mem type="loa" free="1537024" total="1537024" percent="100" />
    </mem>
    <remembered-set count="2965" />
  </mem-info>
</gc-end>
<cycle-end id="1442" type="scavenge" contextid="1436" timestamp="2025-12-15T03:34:25.634" />
<allocation-satisfied id="1443" threadId="0000000000831B00" bytesRequested="24" />
<af-end id="1444" timestamp="2025-12-15T03:34:25.636" threadId="0000000000832578" success="true" from="nursery"/>
<exclusive-end id="1445" timestamp="2025-12-15T03:34:25.637" durationms="12.657" />

<exclusive-start id="1446" timestamp="2025-12-15T03:34:25.742" intervalms="117.704">
  <response-info timems="0.080" idlems="0.080" threads="0" lastid="0000000000831B00" lastname="Default Executor-thread-1" />
</exclusive-start>
<af-start id="1447" threadId="0000000000832578" totalBytesRequested="64" timestamp="2025-12-15T03:34:25.743" intervalms="117.963" type="nursery" />
<cycle-start id="1448" type="scavenge" contextid="0" timestamp="2025-12-15T03:34:25.744" intervalms="117.925" />
<gc-start id="1449" type="scavenge" contextid="1448" timestamp="2025-12-15T03:34:25.745">
  <mem-info id="1450" free="8370984" total="54198272" percent="15">
    <mem type="nursery" free="0" total="23461888" percent="0">
      <mem type="allocate" free="0" total="19070976" percent="0" />
      <mem type="survivor" free="0" total="4390912" percent="0" />
    </mem>
    <mem type="tenure" free="8370984" total="30736384" percent="27">
      <mem type="soa" free="6833960" total="29199360" percent="23" />
      <mem type="loa" free="1537024" total="1537024" percent="100" />
    </mem>
    <remembered-set count="3035" />
  </mem-info>
</gc-start>
<allocation-stats totalBytes="17586624" discardedBytes="6528" >
  <allocated-bytes non-tlh="24" tlh="17586600" />
  <largest-consumer threadName="Default Executor-thread-1" threadId="0000000000831B00" bytes="17586624" />
</allocation-stats>
<gc-op id="1451" type="scavenge" timems="3.419" contextid="1448" timestamp="2025-12-15T03:34:25.749">
  <scavenger-info tenureage="5" tenuremask="4820" tiltratio="81" />
  <memory-copied type="nursery" objects="38410" bytes="1200384" bytesdiscarded="47376" />
  <memory-copied type="tenure" objects="12283" bytes="336424" bytesdiscarded="280" />
  <ownableSynchronizers candidates="2" cleared="0" />
  <object-monitors candidates="19" cleared="0"  />
</gc-op>
<gc-end id="1452" type="scavenge" contextid="1448" durationms="5.926" usertimems="24.019" systemtimems="0.000" stalltimems="2.526" timestamp="2025-12-15T03:34:25.750" activeThreads="4">
  <mem-info id="1453" free="26383640" total="54198272" percent="48">
    <mem type="nursery" free="18347504" total="23461888" percent="78">
      <mem type="allocate" free="18347504" total="19595264" percent="93" />
      <mem type="survivor" free="0" total="3866624" percent="0" />
    </mem>
    <mem type="tenure" free="8036136" total="30736384" percent="26" macro-fragmented="0">
      <mem type="soa" free="6499112" total="29199360" percent="22" />
      <mem type="loa" free="1537024" total="1537024" percent="100" />
    </mem>
    <remembered-set count="1353" />
  </mem-info>
</gc-end>
<cycle-end id="1454" type="scavenge" contextid="1448" timestamp="2025-12-15T03:34:25.751" />
<allocation-satisfied id="1455" threadId="0000000000831B00" bytesRequested="64" />
<af-end id="1456" timestamp="2025-12-15T03:34:25.753" threadId="0000000000832578" success="true" from="nursery"/>
<exclusive-end id="1457" timestamp="2025-12-15T03:34:25.753" durationms="11.194" />

<exclusive-start id="1458" timestamp="2025-12-15T03:34:25.810" intervalms="67.805">
  <response-info timems="0.061" idlems="0.061" threads="0" lastid="0000000000831B00" lastname="Default Executor-thread-1" />
</exclusive-start>
<af-start id="1459" threadId="0000000000832578" totalBytesRequested="8208" timestamp="2025-12-15T03:34:25.811" intervalms="67.574" type="nursery" />
<cycle-start id="1460" type="scavenge" contextid="0" timestamp="2025-12-15T03:34:25.812" intervalms="67.750" />
<gc-start id="1461" type="scavenge" contextid="1460" timestamp="2025-12-15T03:34:25.812">
  <mem-info id="1462" free="8035880" total="54198272" percent="14">
    <mem type="nursery" free="0" total="23461888" percent="0">
      <mem type="allocate" free="0" total="19595264" percent="0" />
      <mem type="survivor" free="0" total="3866624" percent="0" />
    </mem>
    <mem type="tenure" free="8035880" total="30736384" percent="26">
      <mem type="soa" free="6498856" total="29199360" percent="22" />
      <mem type="loa" free="1537024" total="1537024" percent="100" />
    </mem>
    <remembered-set count="1431" />
  </mem-info>
</gc-start>
<allocation-stats totalBytes="18339232" discardedBytes="8528" >
  <allocated-bytes non-tlh="320" tlh="18338912" />
  <largest-consumer threadName="Default Executor-thread-1" threadId="0000000000831B00" bytes="18339232" />
</allocation-stats>
<gc-op id="1463" type="scavenge" timems="3.114" contextid="1460" timestamp="2025-12-15T03:34:25.817">
  <scavenger-info tenureage="9" tenuremask="4a00" tiltratio="83" />
  <memory-copied type="nursery" objects="28531" bytes="937152" bytesdiscarded="29024" />
  <memory-copied type="tenure" objects="7274" bytes="209176" bytesdiscarded="64" />
  <ownableSynchronizers candidates="2" cleared="0" />
  <references type="weak" candidates="1" cleared="1" enqueued="1" />
  <object-monitors candidates="19" cleared="0"  />
</gc-op>
<heap-resize id="1464" type="expand" space="nursery" amount="917504" count="1" timems="0.055" reason="excessive time being spent scavenging" timestamp="2025-12-15T03:34:25.817" />
<gc-end id="1465" type="scavenge" contextid="1460" durationms="5.850" usertimems="7.877" systemtimems="1.594" stalltimems="3.723" timestamp="2025-12-15T03:34:25.818" activeThreads="4">
  <mem-info id="1466" free="27596808" total="55115776" percent="50">
    <mem type="nursery" free="19874272" total="24379392" percent="81">
      <mem type="allocate" free="19874272" total="20840448" percent="95" />
      <mem type="survivor" free="0" total="3538944" percent="0" />
    </mem>
    <mem type="tenure" free="7722536" total="30736384" percent="25" macro-fragmented="6875521">
      <mem type="soa" free="6185512" total="29199360" percent="21" />
      <mem type="loa" free="1537024" total="1537024" percent="100" />
    </mem>
    <pending-finalizers system="0" default="0" reference="1" classloader="0" />
    <remembered-set count="1163" />
  </mem-info>
</gc-end>
<cycle-end id="1467" type="scavenge" contextid="1460" timestamp="2025-12-15T03:34:25.819" />
<allocation-satisfied id="1468" threadId="0000000000831B00" bytesRequested="8208" />
<af-end id="1469" timestamp="2025-12-15T03:34:25.821" threadId="0000000000832578" success="true" from="nursery"/>
<exclusive-end id="1470" timestamp="2025-12-15T03:34:25.822" durationms="11.997" />

<exclusive-start id="1471" timestamp="2025-12-15T03:34:25.878" intervalms="68.182">
  <response-info timems="0.103" idlems="0.103" threads="0" lastid="0000000000831B00" lastname="Default Executor-thread-1" />
</exclusive-start>
<af-start id="1472" threadId="0000000000832578" totalBytesRequested="264" timestamp="2025-12-15T03:34:25.879" intervalms="68.626" type="nursery" />
<cycle-start id="1473" type="scavenge" contextid="0" timestamp="2025-12-15T03:34:25.880" intervalms="68.445" />
<gc-start id="1474" type="scavenge" contextid="1473" timestamp="2025-12-15T03:34:25.881">
  <mem-info id="1475" free="7722536" total="55115776" percent="14">
    <mem type="nursery" free="0" total="24379392" percent="0">
      <mem type="allocate" free="0" total="20840448" percent="0" />
      <mem type="survivor" free="0" total="3538944" percent="0" />
    </mem>
    <mem type="tenure" free="7722536" total="30736384" percent="25">
      <mem type="soa" free="6185512" total="29199360" percent="21" />
      <mem type="loa" free="1537024" total="1537024" percent="100" />
    </mem>
    <remembered-set count="1385" />
  </mem-info>
</gc-start>
<allocation-stats totalBytes="19868400" discardedBytes="5872" >
  <allocated-bytes non-tlh="8208" tlh="19860192" />
  <largest-consumer threadName="Default Executor-thread-1" threadId="0000000000831B00" bytes="19847920" />
</allocation-stats>
<gc-op id="1476" type="scavenge" timems="2.924" contextid="1473" timestamp="2025-12-15T03:34:25.886">
  <scavenger-info tenureage="9" tenuremask="4a00" tiltratio="85" />
  <memory-copied type="nursery" objects="24886" bytes="766968" bytesdiscarded="31248" />
  <memory-copied type="tenure" objects="6526" bytes="186136" bytesdiscarded="32" />
  <ownableSynchronizers candidates="4" cleared="2" />
  <object-monitors candidates="19" cleared="0"  />
</gc-op>
<gc-end id="1477" type="scavenge" contextid="1473" durationms="5.420" usertimems="4.007" systemtimems="4.958" stalltimems="2.614" timestamp="2025-12-15T03:34:25.886" activeThreads="4">
  <mem-info id="1478" free="28184864" total="55115776" percent="51">
    <mem type="nursery" free="20632056" total="24379392" percent="84">
      <mem type="allocate" free="20632056" total="21430272" percent="96" />
      <mem type="survivor" free="0" total="2949120" percent="0" />
    </mem>
    <mem type="tenure" free="7552808" total="30736384" percent="24" macro-fragmented="3732887">
      <mem type="soa" free="6015784" total="29199360" percent="20" />
      <mem type="loa" free="1537024" total="1537024" percent="100" />
    </mem>
    <remembered-set count="1002" />
  </mem-info>
</gc-end>
<cycle-end id="1479" type="scavenge" contextid="1473" timestamp="2025-12-15T03:34:25.887" />
<allocation-satisfied id="1480" threadId="0000000000831B00" bytesRequested="264" />
<af-end id="1481" timestamp="2025-12-15T03:34:25.889" threadId="0000000000832578" success="true" from="nursery"/>
<exclusive-end id="1482" timestamp="2025-12-15T03:34:25.889" durationms="11.390" />

<exclusive-start id="1483" timestamp="2025-12-15T03:34:26.198" intervalms="320.348">
  <response-info timems="0.068" idlems="0.068" threads="0" lastid="0000000000831B00" lastname="Default Executor-thread-1" />
</exclusive-start>
<af-start id="1484" threadId="0000000000832578" totalBytesRequested="45136" timestamp="2025-12-15T03:34:26.199" intervalms="320.138" type="nursery" />
<cycle-start id="1485" type="scavenge" contextid="0" timestamp="2025-12-15T03:34:26.200" intervalms="320.181" />
<gc-start id="1486" type="scavenge" contextid="1485" timestamp="2025-12-15T03:34:26.201">
  <mem-info id="1487" free="7550480" total="55115776" percent="13">
    <mem type="nursery" free="0" total="24379392" percent="0">
      <mem type="allocate" free="0" total="21430272" percent="0" />
      <mem type="survivor" free="0" total="2949120" percent="0" />
    </mem>
    <mem type="tenure" free="7550480" total="30736384" percent="24">
      <mem type="soa" free="6013456" total="29199360" percent="20" />
      <mem type="loa" free="1537024" total="1537024" percent="100" />
    </mem>
    <remembered-set count="2637" />
  </mem-info>
</gc-start>
<allocation-stats totalBytes="20628976" discardedBytes="5408" >
  <allocated-bytes non-tlh="478776" tlh="20150200" />
  <largest-consumer threadName="Default Executor-thread-1" threadId="0000000000831B00" bytes="20059800" />
</allocation-stats>
<gc-op id="1488" type="scavenge" timems="5.690" contextid="1485" timestamp="2025-12-15T03:34:26.208">
  <scavenger-info tenureage="14" tenuremask="4000" tiltratio="87" />
  <memory-copied type="nursery" objects="58873" bytes="2945176" bytesdiscarded="1968" />
  <memory-copied type="tenure" objects="18333" bytes="1269896" bytesdiscarded="2016" />
  <copy-failed type="nursery" objects="18333" bytes="1270304" />
  <ownableSynchronizers candidates="2" cleared="0" />
  <references type="soft" candidates="1" cleared="0" enqueued="0" dynamicThreshold="9" maxThreshold="32" />
  <references type="weak" candidates="8" cleared="5" enqueued="5" />
  <references type="phantom" candidates="217" cleared="0" enqueued="0" />
  <object-monitors candidates="19" cleared="0"  />
</gc-op>
<gc-end id="1489" type="scavenge" contextid="1485" durationms="7.836" usertimems="17.529" systemtimems="0.982" stalltimems="4.528" timestamp="2025-12-15T03:34:26.209" activeThreads="4">
  <mem-info id="1490" free="18169064" total="55115776" percent="32">
    <mem type="nursery" free="11862016" total="24379392" percent="48">
      <mem type="allocate" free="11862016" total="14811136" percent="80" />
      <mem type="survivor" free="0" total="9568256" percent="0" />
    </mem>
    <mem type="tenure" free="6307048" total="30736384" percent="20" macro-fragmented="5979627">
      <mem type="soa" free="4770024" total="29199360" percent="16" />
      <mem type="loa" free="1537024" total="1537024" percent="100" />
    </mem>
    <pending-finalizers system="0" default="0" reference="5" classloader="0" />
    <remembered-set count="3544" />
  </mem-info>
</gc-end>
<cycle-end id="1491" type="scavenge" contextid="1485" timestamp="2025-12-15T03:34:26.210" />
<allocation-satisfied id="1492" threadId="0000000000831B00" bytesRequested="45136" />
<af-end id="1493" timestamp="2025-12-15T03:34:26.211" threadId="0000000000832578" success="true" from="nursery"/>
<exclusive-end id="1494" timestamp="2025-12-15T03:34:26.211" durationms="13.080" />

<exclusive-start id="1495" timestamp="2025-12-15T03:34:26.411" intervalms="212.253">
  <response-info timems="0.068" idlems="0.068" threads="0" lastid="0000000000831B00" lastname="Default Executor-thread-1" />
</exclusive-start>
<af-start id="1496" threadId="0000000000832578" totalBytesRequested="24" timestamp="2025-12-15T03:34:26.411" intervalms="211.979" type="nursery" />
<cycle-start id="1497" type="scavenge" contextid="0" timestamp="2025-12-15T03:34:26.412" intervalms="211.961" />
<gc-start id="1498" type="scavenge" contextid="1497" timestamp="2025-12-15T03:34:26.413">
  <mem-info id="1499" free="6306744" total="55115776" percent="11">
    <mem type="nursery" free="0" total="24379392" percent="0">
      <mem type="allocate" free="0" total="14811136" percent="0" />
      <mem type="survivor" free="0" total="9568256" percent="0" />
    </mem>
    <mem type="tenure" free="6306744" total="30736384" percent="20">
      <mem type="soa" free="4769720" total="29199360" percent="16" />
      <mem type="loa" free="1537024" total="1537024" percent="100" />
    </mem>
    <remembered-set count="3871" />
  </mem-info>
</gc-start>
<allocation-stats totalBytes="11860520" discardedBytes="1800" >
  <allocated-bytes non-tlh="212720" tlh="11647800" />
  <largest-consumer threadName="Default Executor-thread-1" threadId="0000000000831B00" bytes="11831848" />
</allocation-stats>
<gc-op id="1500" type="scavenge" timems="5.750" contextid="1497" timestamp="2025-12-15T03:34:26.420">
  <scavenger-info tenureage="3" tenuremask="ff08" tiltratio="60" />
  <memory-copied type="nursery" objects="67842" bytes="4160752" bytesdiscarded="35512" />
  <memory-copied type="tenure" objects="8079" bytes="235800" bytesdiscarded="48" />
  <ownableSynchronizers candidates="4" cleared="2" />
  <references type="soft" candidates="1" cleared="0" enqueued="0" dynamicThreshold="9" maxThreshold="32" />
  <references type="weak" candidates="3" cleared="0" enqueued="0" />
  <references type="phantom" candidates="222" cleared="0" enqueued="0" />
  <object-monitors candidates="19" cleared="0"  />
</gc-op>
<gc-end id="1501" type="scavenge" contextid="1497" durationms="8.382" usertimems="19.580" systemtimems="0.000" stalltimems="4.583" timestamp="2025-12-15T03:34:26.421" activeThreads="4">
  <mem-info id="1502" free="17267160" total="55115776" percent="31">
    <mem type="nursery" free="11529504" total="24379392" percent="47">
      <mem type="allocate" free="11529504" total="15728640" percent="73" />
      <mem type="survivor" free="0" total="8650752" percent="0" />
    </mem>
    <mem type="tenure" free="5737656" total="30736384" percent="18" macro-fragmented="1800196">
      <mem type="soa" free="4200632" total="29199360" percent="14" />
      <mem type="loa" free="1537024" total="1537024" percent="100" />
    </mem>
    <remembered-set count="3092" />
  </mem-info>
</gc-end>
<cycle-end id="1503" type="scavenge" contextid="1497" timestamp="2025-12-15T03:34:26.422" />
<allocation-satisfied id="1504" threadId="0000000000831B00" bytesRequested="24" />
<af-end id="1505" timestamp="2025-12-15T03:34:26.423" threadId="0000000000832578" success="true" from="nursery"/>
<exclusive-end id="1506" timestamp="2025-12-15T03:34:26.424" durationms="13.685" />

<exclusive-start id="1507" timestamp="2025-12-15T03:34:26.651" intervalms="239.998">
  <response-info timems="0.082" idlems="0.082" threads="0" lastid="0000000000831B00" lastname="Default Executor-thread-1" />
</exclusive-start>
<af-start id="1508" threadId="0000000000832578" totalBytesRequested="88" timestamp="2025-12-15T03:34:26.652" intervalms="240.515" type="nursery" />
<cycle-start id="1509" type="scavenge" contextid="0" timestamp="2025-12-15T03:34:26.653" intervalms="240.568" />
<gc-start id="1510" type="scavenge" contextid="1509" timestamp="2025-12-15T03:34:26.654">
  <mem-info id="1511" free="5731960" total="55115776" percent="10">
    <mem type="nursery" free="0" total="24379392" percent="0">
      <mem type="allocate" free="0" total="15728640" percent="0" />
      <mem type="survivor" free="0" total="8650752" percent="0" />
    </mem>
    <mem type="tenure" free="5731960" total="30736384" percent="18">
      <mem type="soa" free="4194936" total="29199360" percent="14" />
      <mem type="loa" free="1537024" total="1537024" percent="100" />
    </mem>
    <remembered-set count="3772" />
  </mem-info>
</gc-start>
<allocation-stats totalBytes="11532680" discardedBytes="2520" >
  <allocated-bytes non-tlh="176648" tlh="11356032" />
  <largest-consumer threadName="Default Executor-thread-1" threadId="0000000000831B00" bytes="11524488" />
</allocation-stats>
<gc-op id="1512" type="scavenge" timems="5.714" contextid="1509" timestamp="2025-12-15T03:34:26.661">
  <scavenger-info tenureage="3" tenuremask="f5e8" tiltratio="64" />
  <memory-copied type="nursery" objects="70713" bytes="3887960" bytesdiscarded="88168" />
  <memory-copied type="tenure" objects="13271" bytes="385400" bytesdiscarded="48" />
  <ownableSynchronizers candidates="88" cleared="0" />
  <references type="soft" candidates="1" cleared="0" enqueued="0" dynamicThreshold="9" maxThreshold="32" />
  <references type="weak" candidates="329" cleared="2" enqueued="2" />
  <references type="phantom" candidates="242" cleared="0" enqueued="0" />
  <object-monitors candidates="19" cleared="0"  />
</gc-op>
<gc-end id="1513" type="scavenge" contextid="1509" durationms="8.936" usertimems="16.491" systemtimems="3.373" stalltimems="4.620" timestamp="2025-12-15T03:34:26.663" activeThreads="4">
  <mem-info id="1514" free="17575400" total="55115776" percent="31">
    <mem type="nursery" free="12404848" total="24379392" percent="50">
      <mem type="allocate" free="12404848" total="16384000" percent="75" />
      <mem type="survivor" free="0" total="7995392" percent="0" />
    </mem>
    <mem type="tenure" free="5170552" total="30736384" percent="16" macro-fragmented="0">
      <mem type="soa" free="3633528" total="29199360" percent="12" />
      <mem type="loa" free="1537024" total="1537024" percent="100" />
    </mem>
    <pending-finalizers system="0" default="0" reference="2" classloader="0" />
    <remembered-set count="2743" />
  </mem-info>
</gc-end>
<cycle-end id="1515" type="scavenge" contextid="1509" timestamp="2025-12-15T03:34:26.664" />
<allocation-satisfied id="1516" threadId="0000000000831B00" bytesRequested="88" />
<af-end id="1517" timestamp="2025-12-15T03:34:26.666" threadId="0000000000832578" success="true" from="nursery"/>
<exclusive-end id="1518" timestamp="2025-12-15T03:34:26.666" durationms="15.912" />

<exclusive-start id="1519" timestamp="2025-12-15T03:34:26.986" intervalms="335.512">
  <response-info timems="0.073" idlems="0.073" threads="0" lastid="00000000005EFE00" lastname="Equinox start level thread - Equinox Container: 24d7c223-93ad-4" />
</exclusive-start>
<af-start id="1520" threadId="00000000005F0878" totalBytesRequested="456" timestamp="2025-12-15T03:34:26.987" intervalms="335.281" type="nursery" />
<cycle-start id="1521" type="scavenge" contextid="0" timestamp="2025-12-15T03:34:26.988" intervalms="335.411" />
<gc-start id="1522" type="scavenge" contextid="1521" timestamp="2025-12-15T03:34:26.989">
  <mem-info id="1523" free="5072104" total="55115776" percent="9">
    <mem type="nursery" free="0" total="24379392" percent="0">
      <mem type="allocate" free="0" total="16384000" percent="0" />
      <mem type="survivor" free="0" total="7995392" percent="0" />
    </mem>
    <mem type="tenure" free="5072104" total="30736384" percent="16">
      <mem type="soa" free="3535080" total="29199360" percent="12" />
      <mem type="loa" free="1537024" total="1537024" percent="100" />
    </mem>
    <remembered-set count="5579" />
  </mem-info>
</gc-start>
<allocation-stats totalBytes="12496744" discardedBytes="6552" >
  <allocated-bytes non-tlh="315896" tlh="12180848" />
  <largest-consumer threadName="Start Level: Equinox Container: 24d7c223-93ad-40be-a83d-0d3d382c86f4" threadId="00000000005E4400" bytes="3517848" />
</allocation-stats>
<gc-op id="1524" type="scavenge" timems="8.523" contextid="1521" timestamp="2025-12-15T03:34:27.000">
  <scavenger-info tenureage="3" tenuremask="fc28" tiltratio="67" />
  <memory-copied type="nursery" objects="77949" bytes="4196032" bytesdiscarded="37176" />
  <memory-copied type="tenure" objects="34857" bytes="1124392" bytesdiscarded="192" />
  <finalization candidates="9" enqueued="9" />
  <ownableSynchronizers candidates="1458" cleared="537" />
  <references type="soft" candidates="406" cleared="0" enqueued="0" dynamicThreshold="9" maxThreshold="32" />
  <references type="weak" candidates="893" cleared="329" enqueued="328" />
  <references type="phantom" candidates="276" cleared="0" enqueued="0" />
  <object-monitors candidates="22" cleared="0"  />
</gc-op>
<gc-end id="1525" type="scavenge" contextid="1521" durationms="11.482" usertimems="26.770" systemtimems="0.342" stalltimems="7.986" timestamp="2025-12-15T03:34:27.001" activeThreads="4">
  <mem-info id="1526" free="17947544" total="55115776" percent="32">
    <mem type="nursery" free="14041264" total="24379392" percent="57">
      <mem type="allocate" free="14041264" total="18284544" percent="76" />
      <mem type="survivor" free="0" total="6094848" percent="0" />
    </mem>
    <mem type="tenure" free="3906280" total="30736384" percent="12" macro-fragmented="3660398">
      <mem type="soa" free="2369256" total="29199360" percent="8" />
      <mem type="loa" free="1537024" total="1537024" percent="100" />
    </mem>
    <pending-finalizers system="9" default="0" reference="328" classloader="0" />
    <remembered-set count="2720" />
  </mem-info>
</gc-end>
<cycle-end id="1527" type="scavenge" contextid="1521" timestamp="2025-12-15T03:34:27.001" />
<allocation-satisfied id="1528" threadId="00000000005EFE00" bytesRequested="456" />
<af-end id="1529" timestamp="2025-12-15T03:34:27.003" threadId="00000000005F0878" success="true" from="nursery"/>
<exclusive-end id="1530" timestamp="2025-12-15T03:34:27.004" durationms="17.663" />

<concurrent-kickoff id="1531" timestamp="2025-12-15T03:34:27.130">
  <kickoff reason="threshold reached" targetBytes="13551036" thresholdFreeBytes="1878725"  remainingFree="1839280" tenureFreeBytes="3704136" nurseryFreeBytes="1839280" />
</concurrent-kickoff>
<exclusive-start id="1532" timestamp="2025-12-15T03:34:27.131" intervalms="144.894">
  <response-info timems="0.681" idlems="0.482" threads="3" lastid="00000000005F3B00" lastname="Equinox start level thread - Equinox Container: 24d7c223-93ad-4" />
</exclusive-start>
<cycle-start id="1533" type="global" contextid="0" timestamp="2025-12-15T03:34:27.132" intervalms="2503.895" />
<concurrent-start id="1534" type="global mark" contextid="1533" timestamp="2025-12-15T03:34:27.133">
</concurrent-start>
<exclusive-end id="1535" timestamp="2025-12-15T03:34:27.133" durationms="2.398" />

<concurrent-end id="1536" type="global mark" contextid="1533" timestamp="2025-12-15T03:34:27.160">
<gc-op id="1537" type="trace" timems="27.851" contextid="1533" timestamp="2025-12-15T03:34:27.160">
  <trace bytesTraced="12802652" workStackOverflowCount="0" />
  <card-cleaning reason="card cleaning threshold reached" bytesTraced="31444" cardsCleaned="152" />
</gc-op>
</concurrent-end>

<exclusive-start id="1538" timestamp="2025-12-15T03:34:27.166" intervalms="35.177">
  <response-info timems="4.447" idlems="2.653" threads="4" lastid="0000000000867500" lastname="Default Executor-thread-4" />
</exclusive-start>
<af-start id="1539" threadId="0000000000873978" totalBytesRequested="4632" timestamp="2025-12-15T03:34:27.167" intervalms="179.661" type="nursery" />
<percolate-collect id="1540" from="nursery" to="global" reason="concurrent mark exhausted" timestamp="2025-12-15T03:34:27.167"/>
<gc-start id="1541" type="global" contextid="1533" timestamp="2025-12-15T03:34:27.168">
  <mem-info id="1542" free="3673520" total="55115776" percent="6">
    <mem type="nursery" free="0" total="24379392" percent="0">
      <mem type="allocate" free="0" total="18284544" percent="0" />
      <mem type="survivor" free="0" total="6094848" percent="0" />
    </mem>
    <mem type="tenure" free="3673520" total="30736384" percent="11">
      <mem type="soa" free="2136496" total="29199360" percent="7" />
      <mem type="loa" free="1537024" total="1537024" percent="100" />
    </mem>
    <remembered-set count="6038" />
  </mem-info>
</gc-start>
<allocation-stats totalBytes="14262424" discardedBytes="11600" >
  <allocated-bytes non-tlh="546336" tlh="13716088" />
  <largest-consumer threadName="Equinox start level thread - Equinox Container: 24d7c223-93ad-40be-a83d-0d3d382c86f4" threadId="00000000005F3B00" bytes="4851552" />
</allocation-stats>
<gc-op id="1543" type="rs-scan" timems="5.378" contextid="1533" timestamp="2025-12-15T03:34:27.175">
  <scan objectsFound="129696" bytesTraced="4378104" workStackOverflowCount="0" />
</gc-op>
<gc-op id="1544" type="card-cleaning" timems="2.269" contextid="1533" timestamp="2025-12-15T03:34:27.178">
  <card-cleaning cardsCleaned="18" bytesTraced="36756" workStackOverflowCount="0" />
</gc-op>
<gc-op id="1545" type="mark" timems="52.264" contextid="1533" timestamp="2025-12-15T03:34:27.231">
  <trace-info objectcount="5938" scancount="5541" scanbytes="155524" />
  <finalization candidates="758" enqueued="34" />
  <ownableSynchronizers candidates="3731" cleared="725" />
  <references type="soft" candidates="5830" cleared="1310" enqueued="1292" dynamicThreshold="9" maxThreshold="32" />
  <references type="weak" candidates="2860" cleared="674" enqueued="670" />
  <references type="phantom" candidates="356" cleared="18" enqueued="18" />
  <stringconstants candidates="15578" cleared="49"  />
  <object-monitors candidates="32" cleared="5"  />
</gc-op>
<gc-op id="1546" type="classunload" timems="0.689" contextid="1533" timestamp="2025-12-15T03:34:27.232">
  <classunload-info classloadercandidates="80" classloadersunloaded="5" classesunloaded="5" anonymousclassesunloaded="0" quiescems="0.000" setupms="0.664" scanms="0.015" postms="0.010" />
</gc-op>
<gc-op id="1547" type="sweep" timems="4.958" contextid="1533" timestamp="2025-12-15T03:34:27.238" />
<heap-resize id="1548" type="expand" space="tenure" amount="1048576" count="1" timems="2.458" reason="insufficient free space following gc" timestamp="2025-12-15T03:34:27.241" />
<gc-end id="1549" type="global" contextid="1533" durationms="73.478" usertimems="93.667" systemtimems="41.893" stalltimems="1001.639" timestamp="2025-12-15T03:34:27.242" activeThreads="20">
  <mem-info id="1550" free="20968904" total="56164352" percent="37">
    <mem type="nursery" free="11222424" total="24379392" percent="46">
      <mem type="allocate" free="11222424" total="18284544" percent="61" />
      <mem type="survivor" free="0" total="6094848" percent="0" />
    </mem>
    <mem type="tenure" free="9746480" total="31784960" percent="30" micro-fragmented="702714" macro-fragmented="0">
      <mem type="soa" free="8157232" total="30195712" percent="27" />
      <mem type="loa" free="1589248" total="1589248" percent="100" />
    </mem>
    <pending-finalizers system="34" default="0" reference="1980" classloader="0" />
    <remembered-set count="5191" />
  </mem-info>
</gc-end>
<cycle-end id="1551" type="global" contextid="1533" timestamp="2025-12-15T03:34:27.243" />
<allocation-satisfied id="1552" threadId="0000000000872F00" bytesRequested="4632" />
<af-end id="1553" timestamp="2025-12-15T03:34:27.244" threadId="0000000000873978" success="true" from="nursery"/>
<exclusive-end id="1554" timestamp="2025-12-15T03:34:27.245" durationms="78.403" />

<exclusive-start id="1555" timestamp="2025-12-15T03:34:27.301" intervalms="135.258">
  <response-info timems="0.091" idlems="0.091" threads="0" lastid="00000000005F7800" lastname="Equinox start level thread - Equinox Container: 24d7c223-93ad-4" />
</exclusive-start>
<af-start id="1556" threadId="00000000005F8278" totalBytesRequested="235856" timestamp="2025-12-15T03:34:27.302" intervalms="135.519" type="nursery" />
<cycle-start id="1557" type="scavenge" contextid="0" timestamp="2025-12-15T03:34:27.303" intervalms="314.893" />
<gc-start id="1558" type="scavenge" contextid="1557" timestamp="2025-12-15T03:34:27.304">
  <mem-info id="1559" free="13967520" total="56164352" percent="24">
    <mem type="nursery" free="4350984" total="24379392" percent="17">
      <mem type="allocate" free="4350984" total="18284544" percent="23" />
      <mem type="survivor" free="0" total="6094848" percent="0" />
    </mem>
    <mem type="tenure" free="9616536" total="31784960" percent="30">
      <mem type="soa" free="8027288" total="30195712" percent="26" />
      <mem type="loa" free="1589248" total="1589248" percent="100" />
    </mem>
    <remembered-set count="8273" />
  </mem-info>
</gc-start>
<allocation-stats totalBytes="6898176" discardedBytes="74832" >
  <allocated-bytes non-tlh="156608" tlh="6741568" />
  <largest-consumer threadName="Equinox start level thread - Equinox Container: 24d7c223-93ad-40be-a83d-0d3d382c86f4" threadId="00000000005EC100" bytes="1775984" />
</allocation-stats>
<gc-op id="1560" type="scavenge" timems="9.134" contextid="1557" timestamp="2025-12-15T03:34:27.314">
  <scavenger-info tenureage="3" tenuremask="4008" tiltratio="75" />
  <memory-copied type="nursery" objects="125526" bytes="5516720" bytesdiscarded="49896" />
  <memory-copied type="tenure" objects="16484" bytes="561048" bytesdiscarded="1008" />
  <ownableSynchronizers candidates="5264" cleared="2903" />
  <references type="soft" candidates="1935" cleared="0" enqueued="0" dynamicThreshold="9" maxThreshold="32" />
  <references type="weak" candidates="1483" cleared="395" enqueued="395" />
  <references type="phantom" candidates="297" cleared="0" enqueued="0" />
  <object-monitors candidates="31" cleared="3"  />
</gc-op>
<gc-end id="1561" type="scavenge" contextid="1557" durationms="11.580" usertimems="30.890" systemtimems="0.319" stalltimems="6.264" timestamp="2025-12-15T03:34:27.315" activeThreads="4">
  <mem-info id="1562" free="19746280" total="56164352" percent="35">
    <mem type="nursery" free="10797888" total="24379392" percent="44">
      <mem type="allocate" free="10797888" total="16384000" percent="65" />
      <mem type="survivor" free="0" total="7995392" percent="0" />
    </mem>
    <mem type="tenure" free="8948392" total="31784960" percent="28" macro-fragmented="0">
      <mem type="soa" free="7359144" total="30195712" percent="24" />
      <mem type="loa" free="1589248" total="1589248" percent="100" />
    </mem>
    <pending-finalizers system="0" default="0" reference="395" classloader="0" />
    <remembered-set count="7646" />
  </mem-info>
</gc-end>
<cycle-end id="1563" type="scavenge" contextid="1557" timestamp="2025-12-15T03:34:27.316" />
<allocation-satisfied id="1564" threadId="00000000005F7800" bytesRequested="235856" />
<af-end id="1565" timestamp="2025-12-15T03:34:27.318" threadId="00000000005F8278" success="true" from="nursery"/>
<exclusive-end id="1566" timestamp="2025-12-15T03:34:27.318" durationms="17.015" />

<exclusive-start id="1567" timestamp="2025-12-15T03:34:27.370" intervalms="68.829">
  <response-info timems="0.098" idlems="0.098" threads="0" lastid="00000000005F3B00" lastname="Equinox start level thread - Equinox Container: 24d7c223-93ad-4" />
</exclusive-start>
<af-start id="1568" threadId="00000000005F4578" totalBytesRequested="1056" timestamp="2025-12-15T03:34:27.371" intervalms="68.771" type="nursery" />
<cycle-start id="1569" type="scavenge" contextid="0" timestamp="2025-12-15T03:34:27.372" intervalms="68.964" />
<gc-start id="1570" type="scavenge" contextid="1569" timestamp="2025-12-15T03:34:27.373">
  <mem-info id="1571" free="8883080" total="56164352" percent="15">
    <mem type="nursery" free="0" total="24379392" percent="0">
      <mem type="allocate" free="0" total="16384000" percent="0" />
      <mem type="survivor" free="0" total="7995392" percent="0" />
    </mem>
    <mem type="tenure" free="8883080" total="31784960" percent="27">
      <mem type="soa" free="7293832" total="30195712" percent="24" />
      <mem type="loa" free="1589248" total="1589248" percent="100" />
    </mem>
    <remembered-set count="9289" />
  </mem-info>
</gc-start>
<allocation-stats totalBytes="10856744" discardedBytes="1320" >
  <allocated-bytes non-tlh="296032" tlh="10560712" />
  <largest-consumer threadName="Equinox start level thread - Equinox Container: 24d7c223-93ad-40be-a83d-0d3d382c86f4" threadId="00000000005EFE00" bytes="4814104" />
</allocation-stats>
<gc-op id="1572" type="scavenge" timems="10.325" contextid="1569" timestamp="2025-12-15T03:34:27.385">
  <scavenger-info tenureage="13" tenuremask="6000" tiltratio="67" />
  <memory-copied type="nursery" objects="141751" bytes="6023936" bytesdiscarded="96488" />
  <finalization candidates="5" enqueued="5" />
  <ownableSynchronizers candidates="2691" cleared="123" />
  <references type="soft" candidates="2065" cleared="0" enqueued="0" dynamicThreshold="9" maxThreshold="32" />
  <references type="weak" candidates="1516" cleared="249" enqueued="249" />
  <references type="phantom" candidates="269" cleared="1" enqueued="1" />
  <object-monitors candidates="30" cleared="0"  />
</gc-op>
<heap-resize id="1573" type="expand" space="nursery" amount="2490368" count="1" timems="0.178" reason="excessive time being spent scavenging" timestamp="2025-12-15T03:34:27.386" />
<gc-end id="1574" type="scavenge" contextid="1569" durationms="13.856" usertimems="44.345" systemtimems="1.847" stalltimems="16.043" timestamp="2025-12-15T03:34:27.387" activeThreads="5">
  <mem-info id="1575" free="20633568" total="58654720" percent="35">
    <mem type="nursery" free="11750488" total="26869760" percent="43">
      <mem type="allocate" free="11750488" total="17891328" percent="65" />
      <mem type="survivor" free="0" total="8978432" percent="0" />
    </mem>
    <mem type="tenure" free="8883080" total="31784960" percent="27" macro-fragmented="82176">
      <mem type="soa" free="7293832" total="30195712" percent="24" />
      <mem type="loa" free="1589248" total="1589248" percent="100" />
    </mem>
    <pending-finalizers system="5" default="0" reference="250" classloader="0" />
    <remembered-set count="8178" />
  </mem-info>
</gc-end>
<cycle-end id="1576" type="scavenge" contextid="1569" timestamp="2025-12-15T03:34:27.388" />
<allocation-satisfied id="1577" threadId="00000000005F3B00" bytesRequested="1056" />
<af-end id="1578" timestamp="2025-12-15T03:34:27.389" threadId="00000000005F4578" success="true" from="nursery"/>
<exclusive-end id="1579" timestamp="2025-12-15T03:34:27.390" durationms="19.541" />

<exclusive-start id="1580" timestamp="2025-12-15T03:34:27.454" intervalms="83.570">
  <response-info timems="0.290" idlems="0.290" threads="0" lastid="00000000005EC100" lastname="Equinox start level thread - Equinox Container: 24d7c223-93ad-4" />
</exclusive-start>
<af-start id="1581" threadId="00000000005ECB78" totalBytesRequested="32" timestamp="2025-12-15T03:34:27.455" intervalms="83.521" type="nursery" />
<cycle-start id="1582" type="scavenge" contextid="0" timestamp="2025-12-15T03:34:27.455" intervalms="83.395" />
<gc-start id="1583" type="scavenge" contextid="1582" timestamp="2025-12-15T03:34:27.456">
  <mem-info id="1584" free="8794440" total="58654720" percent="14">
    <mem type="nursery" free="0" total="26869760" percent="0">
      <mem type="allocate" free="0" total="17891328" percent="0" />
      <mem type="survivor" free="0" total="8978432" percent="0" />
    </mem>
    <mem type="tenure" free="8794440" total="31784960" percent="27">
      <mem type="soa" free="7205192" total="30195712" percent="23" />
      <mem type="loa" free="1589248" total="1589248" percent="100" />
    </mem>
    <remembered-set count="9626" />
  </mem-info>
</gc-start>
<allocation-stats totalBytes="11829784" discardedBytes="5056" >
  <allocated-bytes non-tlh="85408" tlh="11744376" />
  <largest-consumer threadName="Equinox start level thread - Equinox Container: 24d7c223-93ad-40be-a83d-0d3d382c86f4" threadId="00000000005F7800" bytes="4101520" />
</allocation-stats>
<gc-op id="1585" type="scavenge" timems="10.106" contextid="1582" timestamp="2025-12-15T03:34:27.468">
  <scavenger-info tenureage="12" tenuremask="7000" tiltratio="66" />
  <memory-copied type="nursery" objects="164201" bytes="7110992" bytesdiscarded="92944" />
  <finalization candidates="16" enqueued="16" />
  <ownableSynchronizers candidates="3163" cleared="226" />
  <references type="soft" candidates="2333" cleared="0" enqueued="0" dynamicThreshold="9" maxThreshold="32" />
  <references type="weak" candidates="1990" cleared="461" enqueued="461" />
  <references type="phantom" candidates="276" cleared="1" enqueued="1" />
  <object-monitors candidates="30" cleared="0"  />
</gc-op>
<heap-resize id="1586" type="expand" space="nursery" amount="1966080" count="1" timems="0.067" reason="excessive time being spent scavenging" timestamp="2025-12-15T03:34:27.469" />
<gc-end id="1587" type="scavenge" contextid="1582" durationms="13.513" usertimems="35.686" systemtimems="5.233" stalltimems="10.417" timestamp="2025-12-15T03:34:27.470" activeThreads="5">
  <mem-info id="1588" free="19917200" total="60620800" percent="32">
    <mem type="nursery" free="11122760" total="28835840" percent="38">
      <mem type="allocate" free="11122760" total="18350080" percent="60" />
      <mem type="survivor" free="0" total="10485760" percent="0" />
    </mem>
    <mem type="tenure" free="8794440" total="31784960" percent="27" macro-fragmented="0">
      <mem type="soa" free="7205192" total="30195712" percent="23" />
      <mem type="loa" free="1589248" total="1589248" percent="100" />
    </mem>
    <pending-finalizers system="16" default="0" reference="462" classloader="0" />
    <remembered-set count="5110" />
  </mem-info>
</gc-end>
<cycle-end id="1589" type="scavenge" contextid="1582" timestamp="2025-12-15T03:34:27.471" />
<allocation-satisfied id="1590" threadId="00000000005EC100" bytesRequested="32" />
<af-end id="1591" timestamp="2025-12-15T03:34:27.472" threadId="00000000005ECB78" success="true" from="nursery"/>
<exclusive-end id="1592" timestamp="2025-12-15T03:34:27.473" durationms="18.870" />

<exclusive-start id="1593" timestamp="2025-12-15T03:34:27.514" intervalms="59.824">
  <response-info timems="0.103" idlems="0.103" threads="0" lastid="00000000005F3B00" lastname="Equinox start level thread - Equinox Container: 24d7c223-93ad-4" />
</exclusive-start>
<af-start id="1594" threadId="00000000005F4578" totalBytesRequested="16" timestamp="2025-12-15T03:34:27.514" intervalms="59.921" type="nursery" />
<cycle-start id="1595" type="scavenge" contextid="0" timestamp="2025-12-15T03:34:27.515" intervalms="59.871" />
<gc-start id="1596" type="scavenge" contextid="1595" timestamp="2025-12-15T03:34:27.516">
  <mem-info id="1597" free="8752472" total="60620800" percent="14">
    <mem type="nursery" free="0" total="28835840" percent="0">
      <mem type="allocate" free="0" total="18350080" percent="0" />
      <mem type="survivor" free="0" total="10485760" percent="0" />
    </mem>
    <mem type="tenure" free="8752472" total="31784960" percent="27">
      <mem type="soa" free="7163224" total="30195712" percent="23" />
      <mem type="loa" free="1589248" total="1589248" percent="100" />
    </mem>
    <remembered-set count="5981" />
  </mem-info>
</gc-start>
<allocation-stats totalBytes="11155080" discardedBytes="5976" >
  <allocated-bytes non-tlh="205608" tlh="10949472" />
  <largest-consumer threadName="Equinox start level thread - Equinox Container: 24d7c223-93ad-40be-a83d-0d3d382c86f4" threadId="00000000005EC100" bytes="4413416" />
</allocation-stats>
<gc-op id="1598" type="scavenge" timems="10.837" contextid="1595" timestamp="2025-12-15T03:34:27.528">
  <scavenger-info tenureage="3" tenuremask="7808" tiltratio="63" />
  <memory-copied type="nursery" objects="104525" bytes="4932264" bytesdiscarded="54848" />
  <memory-copied type="tenure" objects="64723" bytes="2193584" bytesdiscarded="1080" />
  <finalization candidates="6" enqueued="6" />
  <ownableSynchronizers candidates="3219" cleared="133" />
  <references type="soft" candidates="973" cleared="0" enqueued="0" dynamicThreshold="9" maxThreshold="32" />
  <references type="weak" candidates="1314" cleared="186" enqueued="186" />
  <references type="phantom" candidates="252" cleared="1" enqueued="1" />
  <object-monitors candidates="30" cleared="1"  />
</gc-op>
<heap-resize id="1599" type="expand" space="nursery" amount="3014656" count="1" timems="0.239" reason="excessive time being spent scavenging" timestamp="2025-12-15T03:34:27.529" />
<gc-end id="1600" type="scavenge" contextid="1595" durationms="13.919" usertimems="42.255" systemtimems="4.277" stalltimems="15.864" timestamp="2025-12-15T03:34:27.530" activeThreads="6">
  <mem-info id="1601" free="22533128" total="63635456" percent="35">
    <mem type="nursery" free="16230424" total="31850496" percent="50">
      <mem type="allocate" free="16230424" total="21233664" percent="76" />
      <mem type="survivor" free="0" total="10616832" percent="0" />
    </mem>
    <mem type="tenure" free="6302704" total="31784960" percent="19" macro-fragmented="3978888">
      <mem type="soa" free="4713456" total="30195712" percent="15" />
      <mem type="loa" free="1589248" total="1589248" percent="100" />
    </mem>
    <pending-finalizers system="6" default="0" reference="187" classloader="0" />
    <remembered-set count="7677" />
  </mem-info>
</gc-end>
<cycle-end id="1602" type="scavenge" contextid="1595" timestamp="2025-12-15T03:34:27.531" />
<allocation-satisfied id="1603" threadId="00000000005F3B00" bytesRequested="16" />
<af-end id="1604" timestamp="2025-12-15T03:34:27.532" threadId="00000000005F4578" success="true" from="nursery"/>
<exclusive-end id="1605" timestamp="2025-12-15T03:34:27.533" durationms="19.321" />

<exclusive-start id="1606" timestamp="2025-12-15T03:34:27.637" intervalms="123.896">
  <response-info timems="0.067" idlems="0.067" threads="0" lastid="00000000005F3B00" lastname="Equinox start level thread - Equinox Container: 24d7c223-93ad-4" />
</exclusive-start>
<af-start id="1607" threadId="00000000005F4578" totalBytesRequested="5136" timestamp="2025-12-15T03:34:27.638" intervalms="123.806" type="nursery" />
<cycle-start id="1608" type="scavenge" contextid="0" timestamp="2025-12-15T03:34:27.639" intervalms="123.936" />
<gc-start id="1609" type="scavenge" contextid="1608" timestamp="2025-12-15T03:34:27.640">
  <mem-info id="1610" free="6181128" total="63635456" percent="9">
    <mem type="nursery" free="0" total="31850496" percent="0">
      <mem type="allocate" free="0" total="21233664" percent="0" />
      <mem type="survivor" free="0" total="10616832" percent="0" />
    </mem>
    <mem type="tenure" free="6181128" total="31784960" percent="19">
      <mem type="soa" free="4591880" total="30195712" percent="15" />
      <mem type="loa" free="1589248" total="1589248" percent="100" />
    </mem>
    <remembered-set count="10336" />
  </mem-info>
</gc-start>
<allocation-stats totalBytes="16341744" discardedBytes="10256" >
  <allocated-bytes non-tlh="502680" tlh="15839064" />
  <largest-consumer threadName="Equinox start level thread - Equinox Container: 24d7c223-93ad-40be-a83d-0d3d382c86f4" threadId="00000000005F7800" bytes="6537784" />
</allocation-stats>
<gc-op id="1611" type="scavenge" timems="9.389" contextid="1608" timestamp="2025-12-15T03:34:27.651">
  <scavenger-info tenureage="11" tenuremask="7800" tiltratio="66" />
  <memory-copied type="nursery" objects="142931" bytes="6555920" bytesdiscarded="67640" />
  <finalization candidates="27" enqueued="27" />
  <ownableSynchronizers candidates="2934" cleared="540" />
  <references type="soft" candidates="1847" cleared="0" enqueued="0" dynamicThreshold="9" maxThreshold="32" />
  <references type="weak" candidates="1956" cleared="372" enqueued="372" />
  <references type="phantom" candidates="294" cleared="10" enqueued="10" />
  <object-monitors candidates="30" cleared="0"  />
</gc-op>
<heap-resize id="1612" type="expand" space="nursery" amount="1441792" count="1" timems="0.056" reason="excessive time being spent scavenging" timestamp="2025-12-15T03:34:27.652" />
<gc-end id="1613" type="scavenge" contextid="1608" durationms="13.471" usertimems="29.561" systemtimems="17.319" stalltimems="19.880" timestamp="2025-12-15T03:34:27.653" activeThreads="7">
  <mem-info id="1614" free="22341248" total="65077248" percent="34">
    <mem type="nursery" free="16160120" total="33292288" percent="48">
      <mem type="allocate" free="16160120" total="22806528" percent="70" />
      <mem type="survivor" free="0" total="10485760" percent="0" />
    </mem>
    <mem type="tenure" free="6181128" total="31784960" percent="19" macro-fragmented="0">
      <mem type="soa" free="4591880" total="30195712" percent="15" />
      <mem type="loa" free="1589248" total="1589248" percent="100" />
    </mem>
    <pending-finalizers system="27" default="0" reference="382" classloader="0" />
    <remembered-set count="9177" />
  </mem-info>
</gc-end>
<cycle-end id="1615" type="scavenge" contextid="1608" timestamp="2025-12-15T03:34:27.654" />
<allocation-satisfied id="1616" threadId="00000000005F3B00" bytesRequested="5136" />
<af-end id="1617" timestamp="2025-12-15T03:34:27.656" threadId="00000000005F4578" success="true" from="nursery"/>
<exclusive-end id="1618" timestamp="2025-12-15T03:34:27.657" durationms="19.397" />

<exclusive-start id="1619" timestamp="2025-12-15T03:34:28.161" intervalms="523.963">
  <response-info timems="0.062" idlems="0.062" threads="0" lastid="00000000005E4400" lastname="Start Level: Equinox Container: 24d7c223-93ad-40be-a83d-0d3d382" />
</exclusive-start>
<af-start id="1620" threadId="00000000005E4E78" totalBytesRequested="496" timestamp="2025-12-15T03:34:28.162" intervalms="523.891" type="nursery" />
<cycle-start id="1621" type="scavenge" contextid="0" timestamp="2025-12-15T03:34:28.163" intervalms="523.669" />
<gc-start id="1622" type="scavenge" contextid="1621" timestamp="2025-12-15T03:34:28.164">
  <mem-info id="1623" free="5790376" total="65077248" percent="8">
    <mem type="nursery" free="0" total="33292288" percent="0">
      <mem type="allocate" free="0" total="22806528" percent="0" />
      <mem type="survivor" free="0" total="10485760" percent="0" />
    </mem>
    <mem type="tenure" free="5790376" total="31784960" percent="18">
      <mem type="soa" free="4201128" total="30195712" percent="13" />
      <mem type="loa" free="1589248" total="1589248" percent="100" />
    </mem>
    <remembered-set count="15192" />
  </mem-info>
</gc-start>
<allocation-stats totalBytes="16525424" discardedBytes="13648" >
  <allocated-bytes non-tlh="675168" tlh="15850256" />
  <largest-consumer threadName="Equinox start level thread - Equinox Container: 24d7c223-93ad-40be-a83d-0d3d382c86f4" threadId="00000000005F3B00" bytes="6801152" />
</allocation-stats>
<gc-op id="1624" type="scavenge" timems="10.047" contextid="1621" timestamp="2025-12-15T03:34:28.175">
  <scavenger-info tenureage="6" tenuremask="7840" tiltratio="68" />
  <memory-copied type="nursery" objects="147180" bytes="6807784" bytesdiscarded="119864" />
  <memory-copied type="tenure" objects="40290" bytes="1333264" bytesdiscarded="504" />
  <finalization candidates="168" enqueued="168" />
  <ownableSynchronizers candidates="3390" cleared="255" />
  <references type="soft" candidates="2432" cleared="0" enqueued="0" dynamicThreshold="9" maxThreshold="32" />
  <references type="weak" candidates="2873" cleared="1042" enqueued="1040" />
  <references type="phantom" candidates="367" cleared="95" enqueued="95" />
  <object-monitors candidates="32" cleared="0"  />
</gc-op>
<gc-end id="1625" type="scavenge" contextid="1621" durationms="12.544" usertimems="45.791" systemtimems="8.319" stalltimems="17.681" timestamp="2025-12-15T03:34:28.176" activeThreads="7">
  <mem-info id="1626" free="21297896" total="65077248" percent="32">
    <mem type="nursery" free="17299256" total="33292288" percent="51">
      <mem type="allocate" free="17299256" total="24248320" percent="71" />
      <mem type="survivor" free="0" total="9043968" percent="0" />
    </mem>
    <mem type="tenure" free="3998640" total="31784960" percent="12" macro-fragmented="0">
      <mem type="soa" free="2409392" total="30195712" percent="7" />
      <mem type="loa" free="1589248" total="1589248" percent="100" />
    </mem>
    <pending-finalizers system="168" default="0" reference="1135" classloader="0" />
    <remembered-set count="11566" />
  </mem-info>
</gc-end>
<cycle-end id="1627" type="scavenge" contextid="1621" timestamp="2025-12-15T03:34:28.177" />
<allocation-satisfied id="1628" threadId="00000000005E4400" bytesRequested="496" />
<af-end id="1629" timestamp="2025-12-15T03:34:28.179" threadId="00000000005E4E78" success="true" from="nursery"/>
<exclusive-end id="1630" timestamp="2025-12-15T03:34:28.180" durationms="18.154" />

<concurrent-kickoff id="1631" timestamp="2025-12-15T03:34:28.489">
  <kickoff reason="threshold reached" targetBytes="13876601" thresholdFreeBytes="1926193"  remainingFree="1656632" tenureFreeBytes="3742816" nurseryFreeBytes="1656632" />
</concurrent-kickoff>
<exclusive-start id="1632" timestamp="2025-12-15T03:34:28.490" intervalms="328.862">
  <response-info timems="0.077" idlems="0.077" threads="0" lastid="00000000005E4400" lastname="Start Level: Equinox Container: 24d7c223-93ad-40be-a83d-0d3d382" />
</exclusive-start>
<cycle-start id="1633" type="global" contextid="0" timestamp="2025-12-15T03:34:28.491" intervalms="1359.592" />
<concurrent-start id="1634" type="global mark" contextid="1633" timestamp="2025-12-15T03:34:28.492">
</concurrent-start>
<exclusive-end id="1635" timestamp="2025-12-15T03:34:28.493" durationms="3.156" />

<concurrent-end id="1636" type="global mark" contextid="1633" timestamp="2025-12-15T03:34:28.565">
<gc-op id="1637" type="trace" timems="72.622" contextid="1633" timestamp="2025-12-15T03:34:28.565">
  <trace bytesTraced="17002216" workStackOverflowCount="0" />
  <card-cleaning reason="card cleaning threshold reached" bytesTraced="148492" cardsCleaned="442" />
</gc-op>
</concurrent-end>

<exclusive-start id="1638" timestamp="2025-12-15T03:34:28.567" intervalms="76.696">
  <response-info timems="0.069" idlems="0.069" threads="0" lastid="00000000005E4400" lastname="Start Level: Equinox Container: 24d7c223-93ad-40be-a83d-0d3d382" />
</exclusive-start>
<concurrent-global-final id="1639" timestamp="2025-12-15T03:34:28.568" contextid="1633" intervalms="3844.144" >
  <concurrent-trace-info reason="card cleaning threshold reached" tracedByMutators="3620964" tracedByHelpers="13529744" cardsCleaned="442" workStackOverflowCount="0" />
</concurrent-global-final>
<gc-start id="1640" type="global" contextid="1633" timestamp="2025-12-15T03:34:28.569">
  <mem-info id="1641" free="4125296" total="65077248" percent="6">
    <mem type="nursery" free="448312" total="33292288" percent="1">
      <mem type="allocate" free="448312" total="24248320" percent="1" />
      <mem type="survivor" free="0" total="9043968" percent="0" />
    </mem>
    <mem type="tenure" free="3676984" total="31784960" percent="11">
      <mem type="soa" free="2087736" total="30195712" percent="6" />
      <mem type="loa" free="1589248" total="1589248" percent="100" />
    </mem>
    <remembered-set count="16359" />
  </mem-info>
</gc-start>
<allocation-stats totalBytes="17165336" discardedBytes="7264" >
  <allocated-bytes non-tlh="430456" tlh="16734880" />
  <largest-consumer threadName="Start Level: Equinox Container: 24d7c223-93ad-40be-a83d-0d3d382c86f4" threadId="00000000005E4400" bytes="15504512" />
</allocation-stats>
<gc-op id="1642" type="rs-scan" timems="8.335" contextid="1633" timestamp="2025-12-15T03:34:28.579">
  <scan objectsFound="164127" bytesTraced="5894108" workStackOverflowCount="0" />
</gc-op>
<gc-op id="1643" type="card-cleaning" timems="2.701" contextid="1633" timestamp="2025-12-15T03:34:28.582">
  <card-cleaning cardsCleaned="1" bytesTraced="192" workStackOverflowCount="0" />
</gc-op>
<gc-op id="1644" type="mark" timems="31.549" contextid="1633" timestamp="2025-12-15T03:34:28.615">
  <trace-info objectcount="11785" scancount="10736" scanbytes="280340" />
  <finalization candidates="751" enqueued="33" />
  <ownableSynchronizers candidates="6429" cleared="181" />
  <references type="soft" candidates="8059" cleared="356" enqueued="348" dynamicThreshold="9" maxThreshold="32" />
  <references type="weak" candidates="11820" cleared="536" enqueued="529" />
  <references type="phantom" candidates="366" cleared="24" enqueued="24" />
  <stringconstants candidates="24765" cleared="108"  />
  <object-monitors candidates="32" cleared="1"  />
</gc-op>
<gc-op id="1645" type="classunload" timems="1.537" contextid="1633" timestamp="2025-12-15T03:34:28.617">
  <classunload-info classloadercandidates="263" classloadersunloaded="10" classesunloaded="5" anonymousclassesunloaded="5" quiescems="0.000" setupms="1.476" scanms="0.047" postms="0.013" />
</gc-op>
<gc-op id="1646" type="sweep" timems="3.797" contextid="1633" timestamp="2025-12-15T03:34:28.622" />
<heap-resize id="1647" type="expand" space="tenure" amount="7012352" count="1" timems="0.480" reason="insufficient free space following gc" timestamp="2025-12-15T03:34:28.623" />
<gc-end id="1648" type="global" contextid="1633" durationms="55.197" usertimems="118.741" systemtimems="50.062" stalltimems="589.939" timestamp="2025-12-15T03:34:28.624" activeThreads="20">
  <mem-info id="1649" free="26523192" total="72089600" percent="36">
    <mem type="nursery" free="14883432" total="33292288" percent="44">
      <mem type="allocate" free="14883432" total="24248320" percent="61" />
      <mem type="survivor" free="0" total="9043968" percent="0" />
    </mem>
    <mem type="tenure" free="11639760" total="38797312" percent="30" micro-fragmented="957230" macro-fragmented="2750299">
      <mem type="soa" free="9699280" total="36856832" percent="26" />
      <mem type="loa" free="1940480" total="1940480" percent="100" />
    </mem>
    <pending-finalizers system="33" default="0" reference="901" classloader="0" />
    <remembered-set count="14441" />
  </mem-info>
</gc-end>
<cycle-end id="1650" type="global" contextid="1633" timestamp="2025-12-15T03:34:28.625" />
<exclusive-end id="1651" timestamp="2025-12-15T03:34:28.625" durationms="58.458" />

<exclusive-start id="1652" timestamp="2025-12-15T03:34:29.412" intervalms="845.333">
  <response-info timems="0.074" idlems="0.074" threads="0" lastid="00000000005E4400" lastname="Start Level: Equinox Container: 24d7c223-93ad-40be-a83d-0d3d382" />
</exclusive-start>
<af-start id="1653" threadId="00000000005E4E78" totalBytesRequested="19200" timestamp="2025-12-15T03:34:29.413" intervalms="1251.078" type="nursery" />
<cycle-start id="1654" type="scavenge" contextid="0" timestamp="2025-12-15T03:34:29.414" intervalms="1251.580" />
<gc-start id="1655" type="scavenge" contextid="1654" timestamp="2025-12-15T03:34:29.415">
  <mem-info id="1656" free="11385168" total="72089600" percent="15">
    <mem type="nursery" free="0" total="33292288" percent="0">
      <mem type="allocate" free="0" total="24248320" percent="0" />
      <mem type="survivor" free="0" total="9043968" percent="0" />
    </mem>
    <mem type="tenure" free="11385168" total="38797312" percent="29">
      <mem type="soa" free="9444688" total="36856832" percent="25" />
      <mem type="loa" free="1940480" total="1940480" percent="100" />
    </mem>
    <remembered-set count="18362" />
  </mem-info>
</gc-start>
<allocation-stats totalBytes="15009040" discardedBytes="97216" >
  <allocated-bytes non-tlh="2140576" tlh="12868464" />
  <largest-consumer threadName="Start Level: Equinox Container: 24d7c223-93ad-40be-a83d-0d3d382c86f4" threadId="00000000005E4400" bytes="14818568" />
</allocation-stats>
<gc-op id="1657" type="scavenge" timems="11.012" contextid="1654" timestamp="2025-12-15T03:34:29.429">
  <scavenger-info tenureage="3" tenuremask="7908" tiltratio="72" />
  <memory-copied type="nursery" objects="161413" bytes="7315184" bytesdiscarded="70576" />
  <memory-copied type="tenure" objects="26904" bytes="1165408" bytesdiscarded="1240" />
  <finalization candidates="21" enqueued="20" />
  <ownableSynchronizers candidates="10376" cleared="7269" />
  <references type="soft" candidates="3409" cleared="0" enqueued="0" dynamicThreshold="9" maxThreshold="32" />
  <references type="weak" candidates="9491" cleared="435" enqueued="430" />
  <references type="phantom" candidates="276" cleared="8" enqueued="8" />
  <object-monitors candidates="31" cleared="0"  />
</gc-op>
<gc-end id="1658" type="scavenge" contextid="1654" durationms="15.109" usertimems="60.206" systemtimems="3.190" stalltimems="25.932" timestamp="2025-12-15T03:34:29.431" activeThreads="8">
  <mem-info id="1659" free="26041024" total="72089600" percent="36">
    <mem type="nursery" free="16315384" total="33292288" percent="49">
      <mem type="allocate" free="16315384" total="23724032" percent="68" />
      <mem type="survivor" free="0" total="9568256" percent="0" />
    </mem>
    <mem type="tenure" free="9725640" total="38797312" percent="25" macro-fragmented="5375358">
      <mem type="soa" free="7785160" total="36856832" percent="21" />
      <mem type="loa" free="1940480" total="1940480" percent="100" />
    </mem>
    <pending-finalizers system="20" default="0" reference="438" classloader="0" />
    <remembered-set count="15808" />
  </mem-info>
</gc-end>
<cycle-end id="1660" type="scavenge" contextid="1654" timestamp="2025-12-15T03:34:29.432" />
<allocation-satisfied id="1661" threadId="00000000005E4400" bytesRequested="19200" />
<af-end id="1662" timestamp="2025-12-15T03:34:29.434" threadId="00000000005E4E78" success="true" from="nursery"/>
<exclusive-end id="1663" timestamp="2025-12-15T03:34:29.435" durationms="22.524" />

<exclusive-start id="1664" timestamp="2025-12-15T03:34:29.728" intervalms="315.773">
  <response-info timems="0.074" idlems="0.074" threads="0" lastid="00000000005E4400" lastname="Start Level: Equinox Container: 24d7c223-93ad-40be-a83d-0d3d382" />
</exclusive-start>
<af-start id="1665" threadId="00000000005E4E78" totalBytesRequested="80" timestamp="2025-12-15T03:34:29.729" intervalms="315.839" type="nursery" />
<cycle-start id="1666" type="scavenge" contextid="0" timestamp="2025-12-15T03:34:29.730" intervalms="315.495" />
<gc-start id="1667" type="scavenge" contextid="1666" timestamp="2025-12-15T03:34:29.731">
  <mem-info id="1668" free="9704232" total="72089600" percent="13">
    <mem type="nursery" free="0" total="33292288" percent="0">
      <mem type="allocate" free="0" total="23724032" percent="0" />
      <mem type="survivor" free="0" total="9568256" percent="0" />
    </mem>
    <mem type="tenure" free="9704232" total="38797312" percent="25">
      <mem type="soa" free="7763752" total="36856832" percent="21" />
      <mem type="loa" free="1940480" total="1940480" percent="100" />
    </mem>
    <remembered-set count="16502" />
  </mem-info>
</gc-start>
<allocation-stats totalBytes="16336272" discardedBytes="520" >
  <allocated-bytes non-tlh="40608" tlh="16295664" />
  <largest-consumer threadName="Start Level: Equinox Container: 24d7c223-93ad-40be-a83d-0d3d382c86f4" threadId="00000000005E4400" bytes="16213440" />
</allocation-stats>
<gc-op id="1669" type="scavenge" timems="9.567" contextid="1666" timestamp="2025-12-15T03:34:29.742">
  <scavenger-info tenureage="10" tenuremask="7c00" tiltratio="71" />
  <memory-copied type="nursery" objects="167708" bytes="7606688" bytesdiscarded="75280" />
  <finalization candidates="48" enqueued="47" />
  <ownableSynchronizers candidates="2973" cleared="59" />
  <references type="soft" candidates="3467" cleared="0" enqueued="0" dynamicThreshold="9" maxThreshold="32" />
  <references type="weak" candidates="9300" cleared="140" enqueued="140" />
  <references type="phantom" candidates="294" cleared="20" enqueued="20" />
  <object-monitors candidates="31" cleared="0"  />
</gc-op>
<gc-end id="1670" type="scavenge" contextid="1666" durationms="14.143" usertimems="47.092" systemtimems="4.400" stalltimems="26.496" timestamp="2025-12-15T03:34:29.745" activeThreads="8">
  <mem-info id="1671" free="25526744" total="72089600" percent="35">
    <mem type="nursery" free="15822512" total="33292288" percent="47">
      <mem type="allocate" free="15822512" total="23527424" percent="67" />
      <mem type="survivor" free="0" total="9764864" percent="0" />
    </mem>
    <mem type="tenure" free="9704232" total="38797312" percent="25" macro-fragmented="3732887">
      <mem type="soa" free="7763752" total="36856832" percent="21" />
      <mem type="loa" free="1940480" total="1940480" percent="100" />
    </mem>
    <pending-finalizers system="47" default="0" reference="160" classloader="0" />
    <remembered-set count="13267" />
  </mem-info>
</gc-end>
<cycle-end id="1672" type="scavenge" contextid="1666" timestamp="2025-12-15T03:34:29.746" />
<allocation-satisfied id="1673" threadId="00000000005E4400" bytesRequested="80" />
<af-end id="1674" timestamp="2025-12-15T03:34:29.748" threadId="00000000005E4E78" success="true" from="nursery"/>
<exclusive-end id="1675" timestamp="2025-12-15T03:34:29.749" durationms="20.396" />

<exclusive-start id="1676" timestamp="2025-12-15T03:34:30.425" intervalms="696.904">
  <response-info timems="0.075" idlems="0.075" threads="0" lastid="00000000005E4400" lastname="Start Level: Equinox Container: 24d7c223-93ad-40be-a83d-0d3d382" />
</exclusive-start>
<af-start id="1677" threadId="00000000005E4E78" totalBytesRequested="336" timestamp="2025-12-15T03:34:30.426" intervalms="696.726" type="nursery" />
<cycle-start id="1678" type="scavenge" contextid="0" timestamp="2025-12-15T03:34:30.427" intervalms="696.881" />
<gc-start id="1679" type="scavenge" contextid="1678" timestamp="2025-12-15T03:34:30.428">
  <mem-info id="1680" free="9688440" total="72089600" percent="13">
    <mem type="nursery" free="0" total="33292288" percent="0">
      <mem type="allocate" free="0" total="23527424" percent="0" />
      <mem type="survivor" free="0" total="9764864" percent="0" />
    </mem>
    <mem type="tenure" free="9688440" total="38797312" percent="24">
      <mem type="soa" free="7747960" total="36856832" percent="21" />
      <mem type="loa" free="1940480" total="1940480" percent="100" />
    </mem>
    <remembered-set count="14100" />
  </mem-info>
</gc-start>
<allocation-stats totalBytes="15835784" discardedBytes="2520" >
  <allocated-bytes non-tlh="706904" tlh="15128880" />
  <largest-consumer threadName="Start Level: Equinox Container: 24d7c223-93ad-40be-a83d-0d3d382c86f4" threadId="00000000005E4400" bytes="15733640" />
</allocation-stats>
<gc-op id="1681" type="scavenge" timems="9.807" contextid="1678" timestamp="2025-12-15T03:34:30.440">
  <scavenger-info tenureage="9" tenuremask="7e00" tiltratio="70" />
  <memory-copied type="nursery" objects="175881" bytes="7976488" bytesdiscarded="140104" />
  <finalization candidates="11" enqueued="10" />
  <ownableSynchronizers candidates="2965" cleared="5" />
  <references type="soft" candidates="3473" cleared="0" enqueued="0" dynamicThreshold="9" maxThreshold="32" />
  <references type="weak" candidates="9400" cleared="107" enqueued="107" />
  <references type="phantom" candidates="273" cleared="7" enqueued="7" />
  <object-monitors candidates="31" cleared="0"  />
</gc-op>
<gc-end id="1682" type="scavenge" contextid="1678" durationms="13.135" usertimems="47.349" systemtimems="6.436" stalltimems="26.222" timestamp="2025-12-15T03:34:30.441" activeThreads="8">
  <mem-info id="1683" free="24549264" total="72089600" percent="34">
    <mem type="nursery" free="14860824" total="33292288" percent="44">
      <mem type="allocate" free="14860824" total="23003136" percent="64" />
      <mem type="survivor" free="0" total="10289152" percent="0" />
    </mem>
    <mem type="tenure" free="9688440" total="38797312" percent="24" macro-fragmented="0">
      <mem type="soa" free="7747960" total="36856832" percent="21" />
      <mem type="loa" free="1940480" total="1940480" percent="100" />
    </mem>
    <pending-finalizers system="10" default="0" reference="114" classloader="0" />
    <remembered-set count="7473" />
  </mem-info>
</gc-end>
<cycle-end id="1684" type="scavenge" contextid="1678" timestamp="2025-12-15T03:34:30.442" />
<allocation-satisfied id="1685" threadId="00000000005E4400" bytesRequested="336" />
<af-end id="1686" timestamp="2025-12-15T03:34:30.444" threadId="00000000005E4E78" success="true" from="nursery"/>
<exclusive-end id="1687" timestamp="2025-12-15T03:34:30.445" durationms="19.843" />

<exclusive-start id="1688" timestamp="2025-12-15T03:34:30.840" intervalms="415.217">
  <response-info timems="0.035" idlems="0.035" threads="0" lastid="00000000005E4400" lastname="Start Level: Equinox Container: 24d7c223-93ad-40be-a83d-0d3d382" />
</exclusive-start>
<af-start id="1689" threadId="00000000005E4E78" totalBytesRequested="232" timestamp="2025-12-15T03:34:30.841" intervalms="415.298" type="nursery" />
<cycle-start id="1690" type="scavenge" contextid="0" timestamp="2025-12-15T03:34:30.842" intervalms="414.891" />
<gc-start id="1691" type="scavenge" contextid="1690" timestamp="2025-12-15T03:34:30.842">
  <mem-info id="1692" free="9594592" total="72089600" percent="13">
    <mem type="nursery" free="0" total="33292288" percent="0">
      <mem type="allocate" free="0" total="23003136" percent="0" />
      <mem type="survivor" free="0" total="10289152" percent="0" />
    </mem>
    <mem type="tenure" free="9594592" total="38797312" percent="24">
      <mem type="soa" free="7654112" total="36856832" percent="20" />
      <mem type="loa" free="1940480" total="1940480" percent="100" />
    </mem>
    <remembered-set count="9099" />
  </mem-info>
</gc-start>
<allocation-stats totalBytes="14949136" discardedBytes="5536" >
  <allocated-bytes non-tlh="94184" tlh="14854952" />
  <largest-consumer threadName="Start Level: Equinox Container: 24d7c223-93ad-40be-a83d-0d3d382c86f4" threadId="00000000005E4400" bytes="14838576" />
</allocation-stats>
<gc-op id="1693" type="scavenge" timems="9.865" contextid="1690" timestamp="2025-12-15T03:34:30.853">
  <scavenger-info tenureage="5" tenuremask="7f20" tiltratio="69" />
  <memory-copied type="nursery" objects="134926" bytes="6911544" bytesdiscarded="173392" />
  <memory-copied type="tenure" objects="54749" bytes="1751528" bytesdiscarded="448" />
  <finalization candidates="2" enqueued="0" />
  <ownableSynchronizers candidates="3417" cleared="157" />
  <references type="soft" candidates="2832" cleared="0" enqueued="0" dynamicThreshold="9" maxThreshold="32" />
  <references type="weak" candidates="9064" cleared="301" enqueued="296" />
  <references type="phantom" candidates="285" cleared="6" enqueued="6" />
  <object-monitors candidates="31" cleared="0"  />
</gc-op>
<gc-end id="1694" type="scavenge" contextid="1690" durationms="11.784" usertimems="51.491" systemtimems="0.993" stalltimems="27.511" timestamp="2025-12-15T03:34:30.854" activeThreads="8">
  <mem-info id="1695" free="23625704" total="72089600" percent="32">
    <mem type="nursery" free="15965200" total="33292288" percent="47">
      <mem type="allocate" free="15965200" total="23068672" percent="69" />
      <mem type="survivor" free="0" total="10223616" percent="0" />
    </mem>
    <mem type="tenure" free="7660504" total="38797312" percent="19" macro-fragmented="3732887">
      <mem type="soa" free="5720024" total="36856832" percent="15" />
      <mem type="loa" free="1940480" total="1940480" percent="100" />
    </mem>
    <pending-finalizers system="0" default="0" reference="302" classloader="0" />
    <remembered-set count="7313" />
  </mem-info>
</gc-end>
<cycle-end id="1696" type="scavenge" contextid="1690" timestamp="2025-12-15T03:34:30.855" />
<allocation-satisfied id="1697" threadId="00000000005E4400" bytesRequested="232" />
<af-end id="1698" timestamp="2025-12-15T03:34:30.856" threadId="00000000005E4E78" success="true" from="nursery"/>
<exclusive-end id="1699" timestamp="2025-12-15T03:34:30.857" durationms="16.366" />

<exclusive-start id="1700" timestamp="2025-12-15T03:34:31.027" intervalms="186.770">
  <response-info timems="0.042" idlems="0.042" threads="0" lastid="00000000005EC100" lastname="Equinox start level thread - Equinox Container: 24d7c223-93ad-4" />
</exclusive-start>
<af-start id="1701" threadId="00000000005ECB78" totalBytesRequested="6736" timestamp="2025-12-15T03:34:31.028" intervalms="186.569" type="nursery" />
<cycle-start id="1702" type="scavenge" contextid="0" timestamp="2025-12-15T03:34:31.028" intervalms="186.589" />
<gc-start id="1703" type="scavenge" contextid="1702" timestamp="2025-12-15T03:34:31.030">
  <mem-info id="1704" free="7564608" total="72089600" percent="10">
    <mem type="nursery" free="0" total="33292288" percent="0">
      <mem type="allocate" free="0" total="23068672" percent="0" />
      <mem type="survivor" free="0" total="10223616" percent="0" />
    </mem>
    <mem type="tenure" free="7564608" total="38797312" percent="19">
      <mem type="soa" free="5624128" total="36856832" percent="15" />
      <mem type="loa" free="1940480" total="1940480" percent="100" />
    </mem>
    <remembered-set count="9218" />
  </mem-info>
</gc-start>
<allocation-stats totalBytes="16036320" discardedBytes="24776" >
  <allocated-bytes non-tlh="114448" tlh="15921872" />
  <largest-consumer threadName="Start Level: Equinox Container: 24d7c223-93ad-40be-a83d-0d3d382c86f4" threadId="00000000005E4400" bytes="12349576" />
</allocation-stats>
<gc-op id="1705" type="scavenge" timems="7.568" contextid="1702" timestamp="2025-12-15T03:34:31.039">
  <scavenger-info tenureage="4" tenuremask="7f30" tiltratio="69" />
  <memory-copied type="nursery" objects="49780" bytes="3206256" bytesdiscarded="553232" />
  <memory-copied type="tenure" objects="102339" bytes="3583312" bytesdiscarded="960" />
  <finalization candidates="11" enqueued="9" />
  <ownableSynchronizers candidates="3044" cleared="291" />
  <references type="soft" candidates="890" cleared="0" enqueued="0" dynamicThreshold="9" maxThreshold="32" />
  <references type="weak" candidates="864" cleared="376" enqueued="375" />
  <references type="phantom" candidates="309" cleared="11" enqueued="11" />
  <object-monitors candidates="35" cleared="3"  />
</gc-op>
<gc-end id="1706" type="scavenge" contextid="1702" durationms="9.671" usertimems="28.536" systemtimems="4.072" stalltimems="14.818" timestamp="2025-12-15T03:34:31.040" activeThreads="8">
  <mem-info id="1707" free="23444032" total="72089600" percent="32">
    <mem type="nursery" free="19626856" total="33292288" percent="58">
      <mem type="allocate" free="19626856" total="23396352" percent="83" />
      <mem type="survivor" free="0" total="9895936" percent="0" />
    </mem>
    <mem type="tenure" free="3817176" total="38797312" percent="9" macro-fragmented="2750299">
      <mem type="soa" free="1876696" total="36856832" percent="5" />
      <mem type="loa" free="1940480" total="1940480" percent="100" />
    </mem>
    <pending-finalizers system="9" default="0" reference="386" classloader="0" />
    <remembered-set count="4832" />
  </mem-info>
</gc-end>
<cycle-end id="1708" type="scavenge" contextid="1702" timestamp="2025-12-15T03:34:31.040" />
<allocation-satisfied id="1709" threadId="00000000005EC100" bytesRequested="6736" />
<af-end id="1710" timestamp="2025-12-15T03:34:31.041" threadId="00000000005ECB78" success="true" from="nursery"/>
<exclusive-end id="1711" timestamp="2025-12-15T03:34:31.042" durationms="14.707" />

<concurrent-kickoff id="1712" timestamp="2025-12-15T03:34:31.262">
  <kickoff reason="threshold reached" targetBytes="17712043" thresholdFreeBytes="2455727"  remainingFree="2367936" tenureFreeBytes="3609376" nurseryFreeBytes="2367936" />
</concurrent-kickoff>
<exclusive-start id="1713" timestamp="2025-12-15T03:34:31.262" intervalms="235.350">
  <response-info timems="0.035" idlems="0.035" threads="0" lastid="000000000086B100" lastname="Default Executor-thread-5" />
</exclusive-start>
<cycle-start id="1714" type="global" contextid="0" timestamp="2025-12-15T03:34:31.263" intervalms="2771.339" />
<concurrent-start id="1715" type="global mark" contextid="1714" timestamp="2025-12-15T03:34:31.263">
</concurrent-start>
<exclusive-end id="1716" timestamp="2025-12-15T03:34:31.263" durationms="1.107" />

<concurrent-end id="1717" type="global mark" contextid="1714" timestamp="2025-12-15T03:34:31.303">
<gc-op id="1718" type="trace" timems="40.310" contextid="1714" timestamp="2025-12-15T03:34:31.303">
  <trace bytesTraced="23107208" workStackOverflowCount="0" />
  <card-cleaning reason="card cleaning threshold reached" bytesTraced="85168" cardsCleaned="247" />
</gc-op>
</concurrent-end>

<exclusive-start id="1719" timestamp="2025-12-15T03:34:31.304" intervalms="41.925">
  <response-info timems="0.044" idlems="0.044" threads="0" lastid="000000000086B100" lastname="Default Executor-thread-5" />
</exclusive-start>
<concurrent-global-final id="1720" timestamp="2025-12-15T03:34:31.305" contextid="1714" intervalms="2736.727" >
  <concurrent-trace-info reason="card cleaning threshold reached" tracedByMutators="3425060" tracedByHelpers="19767316" cardsCleaned="247" workStackOverflowCount="0" />
</concurrent-global-final>
<gc-start id="1721" type="global" contextid="1714" timestamp="2025-12-15T03:34:31.306">
  <mem-info id="1722" free="3583016" total="72089600" percent="4">
    <mem type="nursery" free="8640" total="33292288" percent="0">
      <mem type="allocate" free="8640" total="23396352" percent="0" />
      <mem type="survivor" free="0" total="9895936" percent="0" />
    </mem>
    <mem type="tenure" free="3574376" total="38797312" percent="9">
      <mem type="soa" free="1633896" total="36856832" percent="4" />
      <mem type="loa" free="1940480" total="1940480" percent="100" />
    </mem>
    <remembered-set count="9014" />
  </mem-info>
</gc-start>
<allocation-stats totalBytes="19693624" discardedBytes="167392" >
  <allocated-bytes non-tlh="970264" tlh="18723360" />
  <largest-consumer threadName="Equinox start level thread - Equinox Container: 24d7c223-93ad-40be-a83d-0d3d382c86f4" threadId="00000000005EFE00" bytes="9018520" />
</allocation-stats>
<gc-op id="1723" type="rs-scan" timems="2.259" contextid="1714" timestamp="2025-12-15T03:34:31.309">
  <scan objectsFound="59126" bytesTraced="2270400" workStackOverflowCount="0" />
</gc-op>
<gc-op id="1724" type="card-cleaning" timems="1.020" contextid="1714" timestamp="2025-12-15T03:34:31.311">
  <card-cleaning cardsCleaned="3" bytesTraced="1072" workStackOverflowCount="0" />
</gc-op>
<gc-op id="1725" type="mark" timems="13.452" contextid="1714" timestamp="2025-12-15T03:34:31.324">
  <trace-info objectcount="3621" scancount="3443" scanbytes="108648" />
  <finalization candidates="728" enqueued="9" />
  <ownableSynchronizers candidates="8001" cleared="81" />
  <references type="soft" candidates="9741" cleared="0" enqueued="0" dynamicThreshold="9" maxThreshold="32" />
  <references type="weak" candidates="13093" cleared="684" enqueued="684" />
  <references type="phantom" candidates="411" cleared="6" enqueued="6" />
  <stringconstants candidates="30493" cleared="143"  />
  <object-monitors candidates="149" cleared="82"  />
</gc-op>
<gc-op id="1726" type="classunload" timems="1.066" contextid="1714" timestamp="2025-12-15T03:34:31.326">
  <classunload-info classloadercandidates="361" classloadersunloaded="0" classesunloaded="7" anonymousclassesunloaded="7" quiescems="0.000" setupms="1.042" scanms="0.023" postms="0.000" />
</gc-op>
<gc-op id="1727" type="sweep" timems="2.133" contextid="1714" timestamp="2025-12-15T03:34:31.329" />
<heap-resize id="1728" type="expand" space="tenure" amount="9830400" count="1" timems="1.353" reason="insufficient free space following gc" timestamp="2025-12-15T03:34:31.330" />
<gc-end id="1729" type="global" contextid="1714" durationms="25.114" usertimems="59.396" systemtimems="7.202" stalltimems="252.799" timestamp="2025-12-15T03:34:31.331" activeThreads="20">
  <mem-info id="1730" free="33551176" total="81920000" percent="40">
    <mem type="nursery" free="18955936" total="33292288" percent="56">
      <mem type="allocate" free="18955936" total="23396352" percent="81" />
      <mem type="survivor" free="0" total="9895936" percent="0" />
    </mem>
    <mem type="tenure" free="14595240" total="48627712" percent="30" micro-fragmented="969664" macro-fragmented="0">
      <mem type="soa" free="12163240" total="46195712" percent="26" />
      <mem type="loa" free="2432000" total="2432000" percent="100" />
    </mem>
    <pending-finalizers system="9" default="0" reference="690" classloader="0" />
    <remembered-set count="7497" />
  </mem-info>
</gc-end>
<cycle-end id="1731" type="global" contextid="1714" timestamp="2025-12-15T03:34:31.332" />
<exclusive-end id="1732" timestamp="2025-12-15T03:34:31.332" durationms="27.942" />

<exclusive-start id="1733" timestamp="2025-12-15T03:34:31.457" intervalms="152.357">
  <response-info timems="0.393" idlems="0.216" threads="1" lastid="000000000085BB00" lastname="Default Executor-thread-2" />
</exclusive-start>
<af-start id="1734" threadId="000000000086BB78" totalBytesRequested="25104" timestamp="2025-12-15T03:34:31.457" intervalms="429.510" type="nursery" />
<cycle-start id="1735" type="scavenge" contextid="0" timestamp="2025-12-15T03:34:31.458" intervalms="429.385" />
<gc-start id="1736" type="scavenge" contextid="1735" timestamp="2025-12-15T03:34:31.458">
  <mem-info id="1737" free="14357008" total="81920000" percent="17">
    <mem type="nursery" free="0" total="33292288" percent="0">
      <mem type="allocate" free="0" total="23396352" percent="0" />
      <mem type="survivor" free="0" total="9895936" percent="0" />
    </mem>
    <mem type="tenure" free="14357008" total="48627712" percent="29">
      <mem type="soa" free="11925008" total="46195712" percent="25" />
      <mem type="loa" free="2432000" total="2432000" percent="100" />
    </mem>
    <remembered-set count="10774" />
  </mem-info>
</gc-start>
<allocation-stats totalBytes="18929232" discardedBytes="229784" >
  <allocated-bytes non-tlh="5638264" tlh="13290968" />
  <largest-consumer threadName="Default Executor-thread-4" threadId="0000000000867500" bytes="5651440" />
</allocation-stats>
<gc-op id="1738" type="scavenge" timems="4.293" contextid="1735" timestamp="2025-12-15T03:34:31.464">
  <scavenger-info tenureage="8" tenuremask="7f00" tiltratio="70" />
  <memory-copied type="nursery" objects="73147" bytes="4246744" bytesdiscarded="160456" />
  <finalization candidates="22" enqueued="21" />
  <ownableSynchronizers candidates="15885" cleared="14553" />
  <references type="soft" candidates="1609" cleared="0" enqueued="0" dynamicThreshold="9" maxThreshold="32" />
  <references type="weak" candidates="1398" cleared="385" enqueued="385" />
  <references type="phantom" candidates="362" cleared="9" enqueued="9" />
  <object-monitors candidates="207" cleared="89"  />
</gc-op>
<gc-end id="1739" type="scavenge" contextid="1735" durationms="6.180" usertimems="17.831" systemtimems="0.000" stalltimems="16.684" timestamp="2025-12-15T03:34:31.464" activeThreads="8">
  <mem-info id="1740" free="33988192" total="81920000" percent="41">
    <mem type="nursery" free="19631184" total="33292288" percent="58">
      <mem type="allocate" free="19631184" total="24051712" percent="81" />
      <mem type="survivor" free="0" total="9240576" percent="0" />
    </mem>
    <mem type="tenure" free="14357008" total="48627712" percent="29" macro-fragmented="0">
      <mem type="soa" free="11925008" total="46195712" percent="25" />
      <mem type="loa" free="2432000" total="2432000" percent="100" />
    </mem>
    <pending-finalizers system="21" default="0" reference="394" classloader="0" />
    <remembered-set count="9395" />
  </mem-info>
</gc-end>
<cycle-end id="1741" type="scavenge" contextid="1735" timestamp="2025-12-15T03:34:31.465" />
<allocation-satisfied id="1742" threadId="000000000086B100" bytesRequested="25104" />
<af-end id="1743" timestamp="2025-12-15T03:34:31.466" threadId="000000000086BB78" success="true" from="nursery"/>
<exclusive-end id="1744" timestamp="2025-12-15T03:34:31.467" durationms="9.902" />

<exclusive-start id="1745" timestamp="2025-12-15T03:34:31.547" intervalms="90.543">
  <response-info timems="0.145" idlems="0.145" threads="0" lastid="0000000000872F00" lastname="Default Executor-thread-6" />
</exclusive-start>
<af-start id="1746" threadId="0000000000873978" totalBytesRequested="992" timestamp="2025-12-15T03:34:31.548" intervalms="90.523" type="nursery" />
<cycle-start id="1747" type="scavenge" contextid="0" timestamp="2025-12-15T03:34:31.548" intervalms="90.530" />
<gc-start id="1748" type="scavenge" contextid="1747" timestamp="2025-12-15T03:34:31.549">
  <mem-info id="1749" free="14244200" total="81920000" percent="17">
    <mem type="nursery" free="0" total="33292288" percent="0">
      <mem type="allocate" free="0" total="24051712" percent="0" />
      <mem type="survivor" free="0" total="9240576" percent="0" />
    </mem>
    <mem type="tenure" free="14244200" total="48627712" percent="29">
      <mem type="soa" free="11812200" total="46195712" percent="25" />
      <mem type="loa" free="2432000" total="2432000" percent="100" />
    </mem>
    <remembered-set count="11013" />
  </mem-info>
</gc-start>
<allocation-stats totalBytes="19651368" discardedBytes="83920" >
  <allocated-bytes non-tlh="235736" tlh="19415632" />
  <largest-consumer threadName="Default Executor-thread-5" threadId="000000000086B100" bytes="6756224" />
</allocation-stats>
<gc-op id="1750" type="scavenge" timems="3.897" contextid="1747" timestamp="2025-12-15T03:34:31.554">
  <scavenger-info tenureage="8" tenuremask="7f00" tiltratio="72" />
  <memory-copied type="nursery" objects="82815" bytes="4871920" bytesdiscarded="69352" />
  <finalization candidates="8" enqueued="6" />
  <ownableSynchronizers candidates="1437" cleared="42" />
  <references type="soft" candidates="1657" cleared="0" enqueued="0" dynamicThreshold="9" maxThreshold="32" />
  <references type="weak" candidates="1568" cleared="364" enqueued="348" />
  <references type="phantom" candidates="370" cleared="3" enqueued="3" />
  <object-monitors candidates="149" cleared="24"  />
</gc-op>
<heap-resize id="1751" type="expand" space="nursery" amount="1310720" count="1" timems="0.043" reason="excessive time being spent scavenging" timestamp="2025-12-15T03:34:31.554" />
<gc-end id="1752" type="scavenge" contextid="1747" durationms="5.981" usertimems="6.857" systemtimems="9.304" stalltimems="11.151" timestamp="2025-12-15T03:34:31.555" activeThreads="7">
  <mem-info id="1753" free="34783824" total="83230720" percent="41">
    <mem type="nursery" free="20539624" total="34603008" percent="59">
      <mem type="allocate" free="20539624" total="25493504" percent="80" />
      <mem type="survivor" free="0" total="9109504" percent="0" />
    </mem>
    <mem type="tenure" free="14244200" total="48627712" percent="29" macro-fragmented="7740516">
      <mem type="soa" free="11812200" total="46195712" percent="25" />
      <mem type="loa" free="2432000" total="2432000" percent="100" />
    </mem>
    <pending-finalizers system="6" default="0" reference="351" classloader="0" />
    <remembered-set count="9845" />
  </mem-info>
</gc-end>
<cycle-end id="1754" type="scavenge" contextid="1747" timestamp="2025-12-15T03:34:31.555" />
<allocation-satisfied id="1755" threadId="0000000000872F00" bytesRequested="992" />
<af-end id="1756" timestamp="2025-12-15T03:34:31.556" threadId="0000000000873978" success="true" from="nursery"/>
<exclusive-end id="1757" timestamp="2025-12-15T03:34:31.557" durationms="9.688" />

<exclusive-start id="1758" timestamp="2025-12-15T03:34:31.726" intervalms="178.444">
  <response-info timems="0.040" idlems="0.040" threads="0" lastid="000000000086B100" lastname="Default Executor-thread-5" />
</exclusive-start>
<af-start id="1759" threadId="000000000086BB78" totalBytesRequested="18248" timestamp="2025-12-15T03:34:31.726" intervalms="178.663" type="nursery" />
<cycle-start id="1760" type="scavenge" contextid="0" timestamp="2025-12-15T03:34:31.727" intervalms="178.915" />
<gc-start id="1761" type="scavenge" contextid="1760" timestamp="2025-12-15T03:34:31.728">
  <mem-info id="1762" free="14093600" total="83230720" percent="16">
    <mem type="nursery" free="0" total="34603008" percent="0">
      <mem type="allocate" free="0" total="25493504" percent="0" />
      <mem type="survivor" free="0" total="9109504" percent="0" />
    </mem>
    <mem type="tenure" free="14093600" total="48627712" percent="28">
      <mem type="soa" free="11661600" total="46195712" percent="25" />
      <mem type="loa" free="2432000" total="2432000" percent="100" />
    </mem>
    <remembered-set count="12373" />
  </mem-info>
</gc-start>
<allocation-stats totalBytes="20458920" discardedBytes="231304" >
  <allocated-bytes non-tlh="656456" tlh="19802464" />
  <largest-consumer threadName="Default Executor-thread-3" threadId="0000000000863800" bytes="8829400" />
</allocation-stats>
<gc-op id="1763" type="scavenge" timems="4.196" contextid="1760" timestamp="2025-12-15T03:34:31.733">
  <scavenger-info tenureage="8" tenuremask="7f00" tiltratio="73" />
  <memory-copied type="nursery" objects="93129" bytes="5498160" bytesdiscarded="74304" />
  <finalization candidates="22" enqueued="19" />
  <ownableSynchronizers candidates="1467" cleared="10" />
  <references type="soft" candidates="1879" cleared="0" enqueued="0" dynamicThreshold="9" maxThreshold="32" />
  <references type="weak" candidates="2375" cleared="968" enqueued="950" />
  <references type="phantom" candidates="381" cleared="4" enqueued="4" />
  <object-monitors candidates="165" cleared="27"  />
</gc-op>
<gc-end id="1764" type="scavenge" contextid="1760" durationms="6.258" usertimems="13.950" systemtimems="2.223" stalltimems="9.511" timestamp="2025-12-15T03:34:31.734" activeThreads="6">
  <mem-info id="1765" free="34590744" total="83230720" percent="41">
    <mem type="nursery" free="20497144" total="34603008" percent="59">
      <mem type="allocate" free="20497144" total="26083328" percent="78" />
      <mem type="survivor" free="0" total="8519680" percent="0" />
    </mem>
    <mem type="tenure" free="14093600" total="48627712" percent="28" macro-fragmented="0">
      <mem type="soa" free="11661600" total="46195712" percent="25" />
      <mem type="loa" free="2432000" total="2432000" percent="100" />
    </mem>
    <pending-finalizers system="19" default="0" reference="954" classloader="0" />
    <remembered-set count="7533" />
  </mem-info>
</gc-end>
<cycle-end id="1766" type="scavenge" contextid="1760" timestamp="2025-12-15T03:34:31.735" />
<allocation-satisfied id="1767" threadId="000000000086B100" bytesRequested="18248" />
<af-end id="1768" timestamp="2025-12-15T03:34:31.736" threadId="000000000086BB78" success="true" from="nursery"/>
<exclusive-end id="1769" timestamp="2025-12-15T03:34:31.736" durationms="10.836" />

<exclusive-start id="1770" timestamp="2025-12-15T03:34:32.045" intervalms="319.480">
  <response-info timems="0.044" idlems="0.044" threads="0" lastid="0000000000867500" lastname="Default Executor-thread-4" />
</exclusive-start>
<af-start id="1771" threadId="0000000000867F78" totalBytesRequested="96" timestamp="2025-12-15T03:34:32.046" intervalms="319.352" type="nursery" />
<cycle-start id="1772" type="scavenge" contextid="0" timestamp="2025-12-15T03:34:32.046" intervalms="319.223" />
<gc-start id="1773" type="scavenge" contextid="1772" timestamp="2025-12-15T03:34:32.047">
  <mem-info id="1774" free="13865248" total="83230720" percent="16">
    <mem type="nursery" free="0" total="34603008" percent="0">
      <mem type="allocate" free="0" total="26083328" percent="0" />
      <mem type="survivor" free="0" total="8519680" percent="0" />
    </mem>
    <mem type="tenure" free="13865248" total="48627712" percent="28">
      <mem type="soa" free="11433248" total="46195712" percent="24" />
      <mem type="loa" free="2432000" total="2432000" percent="100" />
    </mem>
    <remembered-set count="11738" />
  </mem-info>
</gc-start>
<allocation-stats totalBytes="20695016" discardedBytes="28240" >
  <allocated-bytes non-tlh="425032" tlh="20269984" />
  <largest-consumer threadName="Default Executor-thread-3" threadId="0000000000863800" bytes="8160624" />
</allocation-stats>
<gc-op id="1775" type="scavenge" timems="4.259" contextid="1772" timestamp="2025-12-15T03:34:32.052">
  <scavenger-info tenureage="4" tenuremask="7f10" tiltratio="75" />
  <memory-copied type="nursery" objects="88136" bytes="5142928" bytesdiscarded="89240" />
  <memory-copied type="tenure" objects="19264" bytes="956272" bytesdiscarded="3184" />
  <finalization candidates="54" enqueued="51" />
  <ownableSynchronizers candidates="1557" cleared="18" />
  <references type="soft" candidates="2096" cleared="0" enqueued="0" dynamicThreshold="9" maxThreshold="32" />
  <references type="weak" candidates="2431" cleared="956" enqueued="950" />
  <references type="phantom" candidates="335" cleared="15" enqueued="15" />
  <object-monitors candidates="174" cleared="29"  />
</gc-op>
<gc-end id="1776" type="scavenge" contextid="1772" durationms="6.481" usertimems="19.096" systemtimems="0.000" stalltimems="7.028" timestamp="2025-12-15T03:34:32.054" activeThreads="6">
  <mem-info id="1777" free="33822248" total="83230720" percent="40">
    <mem type="nursery" free="21167432" total="34603008" percent="61">
      <mem type="allocate" free="21167432" total="26411008" percent="80" />
      <mem type="survivor" free="0" total="8192000" percent="0" />
    </mem>
    <mem type="tenure" free="12654816" total="48627712" percent="26" macro-fragmented="9288619">
      <mem type="soa" free="10222816" total="46195712" percent="22" />
      <mem type="loa" free="2432000" total="2432000" percent="100" />
    </mem>
    <pending-finalizers system="51" default="0" reference="965" classloader="0" />
    <remembered-set count="9417" />
  </mem-info>
</gc-end>
<cycle-end id="1778" type="scavenge" contextid="1772" timestamp="2025-12-15T03:34:32.054" />
<allocation-satisfied id="1779" threadId="0000000000867500" bytesRequested="96" />
<af-end id="1780" timestamp="2025-12-15T03:34:32.056" threadId="0000000000867F78" success="true" from="nursery"/>
<exclusive-end id="1781" timestamp="2025-12-15T03:34:32.056" durationms="11.302" />

<exclusive-start id="1782" timestamp="2025-12-15T03:34:32.111" intervalms="65.921">
  <response-info timems="0.118" idlems="0.059" threads="1" lastid="000000000004BA00" lastname="IProfiler" />
</exclusive-start>
<af-start id="1783" threadId="000000000085C578" totalBytesRequested="2840" timestamp="2025-12-15T03:34:32.111" intervalms="65.730" type="nursery" />
<cycle-start id="1784" type="scavenge" contextid="0" timestamp="2025-12-15T03:34:32.112" intervalms="65.561" />
<gc-start id="1785" type="scavenge" contextid="1784" timestamp="2025-12-15T03:34:32.113">
  <mem-info id="1786" free="12588160" total="83230720" percent="15">
    <mem type="nursery" free="0" total="34603008" percent="0">
      <mem type="allocate" free="0" total="26411008" percent="0" />
      <mem type="survivor" free="0" total="8192000" percent="0" />
    </mem>
    <mem type="tenure" free="12588160" total="48627712" percent="25">
      <mem type="soa" free="10156160" total="46195712" percent="21" />
      <mem type="loa" free="2432000" total="2432000" percent="100" />
    </mem>
    <remembered-set count="10384" />
  </mem-info>
</gc-start>
<allocation-stats totalBytes="21001216" discardedBytes="232872" >
  <allocated-bytes non-tlh="328912" tlh="20672304" />
  <largest-consumer threadName="Default Executor-thread-2" threadId="000000000085BB00" bytes="16907008" />
</allocation-stats>
<gc-op id="1787" type="scavenge" timems="4.760" contextid="1784" timestamp="2025-12-15T03:34:32.118">
  <scavenger-info tenureage="4" tenuremask="7f10" tiltratio="76" />
  <memory-copied type="nursery" objects="65769" bytes="3970416" bytesdiscarded="166832" />
  <memory-copied type="tenure" objects="27000" bytes="1746016" bytesdiscarded="336" />
  <finalization candidates="22" enqueued="19" />
  <ownableSynchronizers candidates="1190" cleared="11" />
  <references type="soft" candidates="1512" cleared="0" enqueued="0" dynamicThreshold="9" maxThreshold="32" />
  <references type="weak" candidates="1286" cleared="339" enqueued="331" />
  <references type="phantom" candidates="178" cleared="11" enqueued="11" />
  <object-monitors candidates="149" cleared="4"  />
</gc-op>
<heap-resize id="1788" type="expand" space="nursery" amount="1703936" count="1" timems="0.030" reason="excessive time being spent scavenging" timestamp="2025-12-15T03:34:32.119" />
<gc-end id="1789" type="scavenge" contextid="1784" durationms="6.644" usertimems="11.994" systemtimems="5.990" stalltimems="10.667" timestamp="2025-12-15T03:34:32.119" activeThreads="6">
  <mem-info id="1790" free="34444776" total="84934656" percent="40">
    <mem type="nursery" free="23904200" total="36306944" percent="65">
      <mem type="allocate" free="23904200" total="28049408" percent="85" />
      <mem type="survivor" free="0" total="8257536" percent="0" />
    </mem>
    <mem type="tenure" free="10540576" total="48627712" percent="21" macro-fragmented="9900751">
      <mem type="soa" free="8108576" total="46195712" percent="17" />
      <mem type="loa" free="2432000" total="2432000" percent="100" />
    </mem>
    <pending-finalizers system="19" default="0" reference="342" classloader="0" />
    <remembered-set count="7012" />
  </mem-info>
</gc-end>
<cycle-end id="1791" type="scavenge" contextid="1784" timestamp="2025-12-15T03:34:32.120" />
<allocation-satisfied id="1792" threadId="000000000085BB00" bytesRequested="2840" />
<af-end id="1793" timestamp="2025-12-15T03:34:32.121" threadId="000000000085C578" success="true" from="nursery"/>
<exclusive-end id="1794" timestamp="2025-12-15T03:34:32.121" durationms="10.238" />

<exclusive-start id="1795" timestamp="2025-12-15T03:34:32.541" intervalms="429.501">
  <response-info timems="0.054" idlems="0.054" threads="0" lastid="0000000000863800" lastname="Default Executor-thread-3" />
</exclusive-start>
<af-start id="1796" threadId="0000000000864278" totalBytesRequested="72" timestamp="2025-12-15T03:34:32.541" intervalms="429.875" type="nursery" />
<cycle-start id="1797" type="scavenge" contextid="0" timestamp="2025-12-15T03:34:32.542" intervalms="429.892" />
<gc-start id="1798" type="scavenge" contextid="1797" timestamp="2025-12-15T03:34:32.542">
  <mem-info id="1799" free="10313360" total="84934656" percent="12">
    <mem type="nursery" free="0" total="36306944" percent="0">
      <mem type="allocate" free="0" total="28049408" percent="0" />
      <mem type="survivor" free="0" total="8257536" percent="0" />
    </mem>
    <mem type="tenure" free="10313360" total="48627712" percent="21">
      <mem type="soa" free="7881360" total="46195712" percent="17" />
      <mem type="loa" free="2432000" total="2432000" percent="100" />
    </mem>
    <remembered-set count="10846" />
  </mem-info>
</gc-start>
<allocation-stats totalBytes="24061088" discardedBytes="70328" >
  <allocated-bytes non-tlh="230056" tlh="23831032" />
  <largest-consumer threadName="Default Executor-thread-3" threadId="0000000000863800" bytes="15672504" />
</allocation-stats>
<gc-op id="1800" type="scavenge" timems="6.274" contextid="1797" timestamp="2025-12-15T03:34:32.550">
  <scavenger-info tenureage="3" tenuremask="7f18" tiltratio="77" />
  <memory-copied type="nursery" objects="67507" bytes="3397224" bytesdiscarded="185696" />
  <memory-copied type="tenure" objects="29633" bytes="2082040" bytesdiscarded="1928" />
  <finalization candidates="165" enqueued="150" />
  <ownableSynchronizers candidates="719" cleared="20" />
  <references type="soft" candidates="1610" cleared="0" enqueued="0" dynamicThreshold="9" maxThreshold="32" />
  <references type="weak" candidates="1354" cleared="627" enqueued="610" />
  <references type="phantom" candidates="160" cleared="63" enqueued="63" />
  <object-monitors candidates="145" cleared="0"  />
</gc-op>
<gc-end id="1801" type="scavenge" contextid="1797" durationms="8.317" usertimems="21.350" systemtimems="4.237" stalltimems="11.105" timestamp="2025-12-15T03:34:32.551" activeThreads="6">
  <mem-info id="1802" free="33529944" total="84934656" percent="39">
    <mem type="nursery" free="25442672" total="36306944" percent="70">
      <mem type="allocate" free="25442672" total="29032448" percent="87" />
      <mem type="survivor" free="0" total="7274496" percent="0" />
    </mem>
    <mem type="tenure" free="8087272" total="48627712" percent="16" macro-fragmented="0">
      <mem type="soa" free="5655272" total="46195712" percent="12" />
      <mem type="loa" free="2432000" total="2432000" percent="100" />
    </mem>
    <pending-finalizers system="127" default="23" reference="673" classloader="0" />
    <remembered-set count="6447" />
  </mem-info>
</gc-end>
<cycle-end id="1803" type="scavenge" contextid="1797" timestamp="2025-12-15T03:34:32.552" />
<allocation-satisfied id="1804" threadId="0000000000863800" bytesRequested="72" />
<af-end id="1805" timestamp="2025-12-15T03:34:32.552" threadId="0000000000864278" success="true" from="nursery"/>
<exclusive-end id="1806" timestamp="2025-12-15T03:34:32.553" durationms="12.259" />

<exclusive-start id="1807" timestamp="2025-12-15T03:34:32.819" intervalms="278.890">
  <response-info timems="0.042" idlems="0.042" threads="0" lastid="0000000000863800" lastname="Default Executor-thread-3" />
</exclusive-start>
<af-start id="1808" threadId="0000000000864278" totalBytesRequested="64" timestamp="2025-12-15T03:34:32.820" intervalms="278.498" type="nursery" />
<cycle-start id="1809" type="scavenge" contextid="0" timestamp="2025-12-15T03:34:32.821" intervalms="278.802" />
<gc-start id="1810" type="scavenge" contextid="1809" timestamp="2025-12-15T03:34:32.821">
  <mem-info id="1811" free="8087224" total="84934656" percent="9">
    <mem type="nursery" free="0" total="36306944" percent="0">
      <mem type="allocate" free="0" total="29032448" percent="0" />
      <mem type="survivor" free="0" total="7274496" percent="0" />
    </mem>
    <mem type="tenure" free="8087224" total="48627712" percent="16">
      <mem type="soa" free="5655224" total="46195712" percent="12" />
      <mem type="loa" free="2432000" total="2432000" percent="100" />
    </mem>
    <remembered-set count="6554" />
  </mem-info>
</gc-start>
<allocation-stats totalBytes="25440840" discardedBytes="1880" >
  <allocated-bytes non-tlh="120" tlh="25440720" />
  <largest-consumer threadName="Default Executor-thread-3" threadId="0000000000863800" bytes="25076296" />
</allocation-stats>
<gc-op id="1812" type="scavenge" timems="4.882" contextid="1809" timestamp="2025-12-15T03:34:32.827">
  <scavenger-info tenureage="8" tenuremask="7f00" tiltratio="79" />
  <memory-copied type="nursery" objects="132397" bytes="6261144" bytesdiscarded="101320" />
  <memory-copied type="tenure" objects="11876" bytes="427056" bytesdiscarded="128" />
  <finalization candidates="120" enqueued="72" />
  <ownableSynchronizers candidates="571" cleared="37" />
  <references type="soft" candidates="1247" cleared="0" enqueued="0" dynamicThreshold="9" maxThreshold="32" />
  <references type="weak" candidates="659" cleared="37" enqueued="37" />
  <references type="phantom" candidates="109" cleared="0" enqueued="0" />
  <object-monitors candidates="145" cleared="0"  />
</gc-op>
<gc-end id="1813" type="scavenge" contextid="1809" durationms="6.207" usertimems="15.922" systemtimems="5.965" stalltimems="7.647" timestamp="2025-12-15T03:34:32.828" activeThreads="6">
  <mem-info id="1814" free="26577704" total="84934656" percent="31">
    <mem type="nursery" free="19385632" total="36306944" percent="53">
      <mem type="allocate" free="19385632" total="25755648" percent="75" />
      <mem type="survivor" free="0" total="10551296" percent="0" />
    </mem>
    <mem type="tenure" free="7192072" total="48627712" percent="14" macro-fragmented="5979627">
      <mem type="soa" free="4760072" total="46195712" percent="10" />
      <mem type="loa" free="2432000" total="2432000" percent="100" />
    </mem>
    <pending-finalizers system="0" default="72" reference="37" classloader="0" />
    <remembered-set count="5358" />
  </mem-info>
</gc-end>
<cycle-end id="1815" type="scavenge" contextid="1809" timestamp="2025-12-15T03:34:32.828" />
<allocation-satisfied id="1816" threadId="0000000000863800" bytesRequested="64" />
<af-end id="1817" timestamp="2025-12-15T03:34:32.829" threadId="0000000000864278" success="true" from="nursery"/>
<exclusive-end id="1818" timestamp="2025-12-15T03:34:32.830" durationms="10.086" />

<concurrent-kickoff id="1819" timestamp="2025-12-15T03:34:32.968">
  <kickoff reason="threshold reached" targetBytes="23503979" thresholdFreeBytes="3255901"  remainingFree="3169504" tenureFreeBytes="7184400" nurseryFreeBytes="3169504" />
</concurrent-kickoff>
<exclusive-start id="1820" timestamp="2025-12-15T03:34:32.969" intervalms="149.636">
  <response-info timems="0.038" idlems="0.038" threads="0" lastid="0000000000863800" lastname="Default Executor-thread-3" />
</exclusive-start>
<cycle-start id="1821" type="global" contextid="0" timestamp="2025-12-15T03:34:32.970" intervalms="1706.921" />
<concurrent-start id="1822" type="global mark" contextid="1821" timestamp="2025-12-15T03:34:32.970">
</concurrent-start>
<exclusive-end id="1823" timestamp="2025-12-15T03:34:32.971" durationms="1.507" />

<exclusive-start id="1824" timestamp="2025-12-15T03:34:33.013" intervalms="43.761">
  <response-info timems="0.039" idlems="0.039" threads="0" lastid="0000000000863800" lastname="Default Executor-thread-3" />
</exclusive-start>
<af-start id="1825" threadId="0000000000864278" totalBytesRequested="64" timestamp="2025-12-15T03:34:33.013" intervalms="193.413" type="nursery" />
<cycle-start id="1826" type="scavenge" contextid="0" timestamp="2025-12-15T03:34:33.014" intervalms="192.992" />
<gc-start id="1827" type="scavenge" contextid="1826" timestamp="2025-12-15T03:34:33.014">
  <mem-info id="1828" free="7184400" total="84934656" percent="8">
    <mem type="nursery" free="0" total="36306944" percent="0">
      <mem type="allocate" free="0" total="25755648" percent="0" />
      <mem type="survivor" free="0" total="10551296" percent="0" />
    </mem>
    <mem type="tenure" free="7184400" total="48627712" percent="14">
      <mem type="soa" free="4752400" total="46195712" percent="10" />
      <mem type="loa" free="2432000" total="2432000" percent="100" />
    </mem>
    <remembered-set count="5502" />
  </mem-info>
</gc-start>
<allocation-stats totalBytes="19388768" discardedBytes="4536" >
  <allocated-bytes non-tlh="7736" tlh="19381032" />
  <largest-consumer threadName="Default Executor-thread-3" threadId="0000000000863800" bytes="19380576" />
</allocation-stats>
<gc-op id="1829" type="scavenge" timems="4.413" contextid="1826" timestamp="2025-12-15T03:34:33.020">
  <scavenger-info tenureage="8" tenuremask="7f00" tiltratio="70" />
  <memory-copied type="nursery" objects="144430" bytes="6425216" bytesdiscarded="30448" />
  <finalization candidates="141" enqueued="94" />
  <ownableSynchronizers candidates="256" cleared="3" />
  <references type="soft" candidates="1249" cleared="0" enqueued="0" dynamicThreshold="9" maxThreshold="32" />
  <references type="weak" candidates="664" cleared="36" enqueued="36" />
  <references type="phantom" candidates="103" cleared="1" enqueued="1" />
  <object-monitors candidates="145" cleared="0"  />
</gc-op>
<gc-end id="1830" type="scavenge" contextid="1826" durationms="6.139" usertimems="18.498" systemtimems="0.000" stalltimems="7.787" timestamp="2025-12-15T03:34:33.020" activeThreads="6">
  <mem-info id="1831" free="28374152" total="84934656" percent="33">
    <mem type="nursery" free="21189752" total="36306944" percent="58">
      <mem type="allocate" free="21189752" total="27656192" percent="76" />
      <mem type="survivor" free="0" total="8650752" percent="0" />
    </mem>
    <mem type="tenure" free="7184400" total="48627712" percent="14" macro-fragmented="6639699">
      <mem type="soa" free="4752400" total="46195712" percent="10" />
      <mem type="loa" free="2432000" total="2432000" percent="100" />
    </mem>
    <pending-finalizers system="2" default="92" reference="37" classloader="0" />
    <remembered-set count="2633" />
  </mem-info>
</gc-end>
<cycle-end id="1832" type="scavenge" contextid="1826" timestamp="2025-12-15T03:34:33.021" />
<allocation-satisfied id="1833" threadId="0000000000863800" bytesRequested="64" />
<af-end id="1834" timestamp="2025-12-15T03:34:33.022" threadId="0000000000864278" success="true" from="nursery"/>
<exclusive-end id="1835" timestamp="2025-12-15T03:34:33.022" durationms="9.508" />

<concurrent-end id="1836" type="global mark" contextid="1821" timestamp="2025-12-15T03:34:33.023">
<gc-op id="1837" type="trace" timems="52.843" contextid="1821" timestamp="2025-12-15T03:34:33.023">
  <trace bytesTraced="25920740" workStackOverflowCount="0" />
  <card-cleaning reason="card cleaning threshold reached" bytesTraced="4716" cardsCleaned="13" />
</gc-op>
</concurrent-end>

<exclusive-start id="1838" timestamp="2025-12-15T03:34:33.024" intervalms="11.262">
  <response-info timems="0.029" idlems="0.029" threads="0" lastid="0000000000863800" lastname="Default Executor-thread-3" />
</exclusive-start>
<concurrent-global-final id="1839" timestamp="2025-12-15T03:34:33.025" contextid="1821" intervalms="1719.902" >
  <concurrent-trace-info reason="card cleaning threshold reached" tracedByMutators="8179352" tracedByHelpers="17746104" cardsCleaned="13" workStackOverflowCount="0" />
</concurrent-global-final>
<gc-start id="1840" type="global" contextid="1821" timestamp="2025-12-15T03:34:33.025">
  <mem-info id="1841" free="28095560" total="84934656" percent="33">
    <mem type="nursery" free="20911160" total="36306944" percent="57">
      <mem type="allocate" free="20911160" total="27656192" percent="75" />
      <mem type="survivor" free="0" total="8650752" percent="0" />
    </mem>
    <mem type="tenure" free="7184400" total="48627712" percent="14">
      <mem type="soa" free="4752400" total="46195712" percent="10" />
      <mem type="loa" free="2432000" total="2432000" percent="100" />
    </mem>
    <remembered-set count="2641" />
  </mem-info>
</gc-start>
<allocation-stats totalBytes="278592" discardedBytes="0" >
  <allocated-bytes non-tlh="64" tlh="278528" />
  <largest-consumer threadName="Default Executor-thread-3" threadId="0000000000863800" bytes="278592" />
</allocation-stats>
<gc-op id="1842" type="rs-scan" timems="3.350" contextid="1821" timestamp="2025-12-15T03:34:33.030">
  <scan objectsFound="97053" bytesTraced="3235176" workStackOverflowCount="0" />
</gc-op>
<gc-op id="1843" type="card-cleaning" timems="1.741" contextid="1821" timestamp="2025-12-15T03:34:33.032">
  <card-cleaning cardsCleaned="510" bytesTraced="828720" workStackOverflowCount="0" />
</gc-op>
<gc-op id="1844" type="mark" timems="12.387" contextid="1821" timestamp="2025-12-15T03:34:33.045">
  <trace-info objectcount="9674" scancount="9066" scanbytes="287020" />
  <finalization candidates="768" enqueued="0" />
  <ownableSynchronizers candidates="8336" cleared="6" />
  <references type="soft" candidates="11354" cleared="0" enqueued="0" dynamicThreshold="9" maxThreshold="32" />
  <references type="weak" candidates="13598" cleared="0" enqueued="0" />
  <references type="phantom" candidates="441" cleared="0" enqueued="0" />
  <stringconstants candidates="36853" cleared="99"  />
  <object-monitors candidates="145" cleared="30"  />
</gc-op>
<gc-op id="1845" type="classunload" timems="1.419" contextid="1821" timestamp="2025-12-15T03:34:33.047">
  <classunload-info classloadercandidates="399" classloadersunloaded="0" classesunloaded="6" anonymousclassesunloaded="6" quiescems="0.000" setupms="1.362" scanms="0.056" postms="0.000" />
</gc-op>
<gc-op id="1846" type="sweep" timems="1.928" contextid="1821" timestamp="2025-12-15T03:34:33.049" />
<heap-resize id="1847" type="expand" space="tenure" amount="8454144" count="1" timems="1.111" reason="insufficient free space following gc" timestamp="2025-12-15T03:34:33.051" />
<gc-end id="1848" type="global" contextid="1821" durationms="26.397" usertimems="52.145" systemtimems="25.468" stalltimems="226.153" timestamp="2025-12-15T03:34:33.052" activeThreads="20">
  <mem-info id="1849" free="38544136" total="93388800" percent="41">
    <mem type="nursery" free="21379528" total="36306944" percent="58">
      <mem type="allocate" free="21379528" total="27656192" percent="77" />
      <mem type="survivor" free="0" total="8650752" percent="0" />
    </mem>
    <mem type="tenure" free="17164608" total="57081856" percent="30" micro-fragmented="1393197" macro-fragmented="5533083">
      <mem type="soa" free="14309696" total="54226944" percent="26" />
      <mem type="loa" free="2854912" total="2854912" percent="100" />
    </mem>
    <remembered-set count="2579" />
  </mem-info>
</gc-end>
<cycle-end id="1850" type="global" contextid="1821" timestamp="2025-12-15T03:34:33.052" />
<exclusive-end id="1851" timestamp="2025-12-15T03:34:33.053" durationms="29.016" />

<exclusive-start id="1852" timestamp="2025-12-15T03:34:33.174" intervalms="150.047">
  <response-info timems="0.039" idlems="0.039" threads="0" lastid="0000000000863800" lastname="Default Executor-thread-3" />
</exclusive-start>
<af-start id="1853" threadId="0000000000864278" totalBytesRequested="482208" timestamp="2025-12-15T03:34:33.175" intervalms="161.655" type="nursery" />
<cycle-start id="1854" type="scavenge" contextid="0" timestamp="2025-12-15T03:34:33.175" intervalms="161.893" />
<gc-start id="1855" type="scavenge" contextid="1854" timestamp="2025-12-15T03:34:33.176">
  <mem-info id="1856" free="17095616" total="93388800" percent="18">
    <mem type="nursery" free="0" total="36306944" percent="0">
      <mem type="allocate" free="0" total="27656192" percent="0" />
      <mem type="survivor" free="0" total="8650752" percent="0" />
    </mem>
    <mem type="tenure" free="17095616" total="57081856" percent="29">
      <mem type="soa" free="14240704" total="54226944" percent="26" />
      <mem type="loa" free="2854912" total="2854912" percent="100" />
    </mem>
    <remembered-set count="4178" />
  </mem-info>
</gc-start>
<allocation-stats totalBytes="21414296" discardedBytes="16424" >
  <allocated-bytes non-tlh="53328" tlh="21360968" />
  <largest-consumer threadName="Default Executor-thread-3" threadId="0000000000863800" bytes="21348760" />
</allocation-stats>
<gc-op id="1857" type="scavenge" timems="4.066" contextid="1854" timestamp="2025-12-15T03:34:33.181">
  <scavenger-info tenureage="5" tenuremask="7f20" tiltratio="76" />
  <memory-copied type="nursery" objects="112618" bytes="6475560" bytesdiscarded="45528" />
  <memory-copied type="tenure" objects="15184" bytes="561408" bytesdiscarded="1952" />
  <finalization candidates="144" enqueued="97" />
  <ownableSynchronizers candidates="16681" cleared="16420" />
  <references type="soft" candidates="704" cleared="0" enqueued="0" dynamicThreshold="9" maxThreshold="32" />
  <references type="weak" candidates="677" cleared="195" enqueued="195" />
  <references type="phantom" candidates="189" cleared="2" enqueued="2" />
  <object-monitors candidates="115" cleared="1"  />
</gc-op>
<gc-end id="1858" type="scavenge" contextid="1854" durationms="5.776" usertimems="12.392" systemtimems="4.763" stalltimems="7.188" timestamp="2025-12-15T03:34:33.182" activeThreads="6">
  <mem-info id="1859" free="37880632" total="93388800" percent="40">
    <mem type="nursery" free="21518152" total="36306944" percent="59">
      <mem type="allocate" free="21518152" total="28049408" percent="76" />
      <mem type="survivor" free="0" total="8257536" percent="0" />
    </mem>
    <mem type="tenure" free="16362480" total="57081856" percent="28" macro-fragmented="5375358">
      <mem type="soa" free="13507568" total="54226944" percent="24" />
      <mem type="loa" free="2854912" total="2854912" percent="100" />
    </mem>
    <pending-finalizers system="5" default="92" reference="197" classloader="0" />
    <remembered-set count="2745" />
  </mem-info>
</gc-end>
<cycle-end id="1860" type="scavenge" contextid="1854" timestamp="2025-12-15T03:34:33.182" />
<allocation-satisfied id="1861" threadId="0000000000863800" bytesRequested="482208" />
<af-end id="1862" timestamp="2025-12-15T03:34:33.184" threadId="0000000000864278" success="true" from="nursery"/>
<exclusive-end id="1863" timestamp="2025-12-15T03:34:33.184" durationms="10.061" />

<exclusive-start id="1864" timestamp="2025-12-15T03:34:33.389" intervalms="215.260">
  <response-info timems="0.033" idlems="0.033" threads="0" lastid="0000000000863800" lastname="Default Executor-thread-3" />
</exclusive-start>
<af-start id="1865" threadId="0000000000864278" totalBytesRequested="1680" timestamp="2025-12-15T03:34:33.390" intervalms="215.199" type="nursery" />
<cycle-start id="1866" type="scavenge" contextid="0" timestamp="2025-12-15T03:34:33.391" intervalms="215.276" />
<gc-start id="1867" type="scavenge" contextid="1866" timestamp="2025-12-15T03:34:33.391">
  <mem-info id="1868" free="16181168" total="93388800" percent="17">
    <mem type="nursery" free="0" total="36306944" percent="0">
      <mem type="allocate" free="0" total="28049408" percent="0" />
      <mem type="survivor" free="0" total="8257536" percent="0" />
    </mem>
    <mem type="tenure" free="16181168" total="57081856" percent="28">
      <mem type="soa" free="13326256" total="54226944" percent="24" />
      <mem type="loa" free="2854912" total="2854912" percent="100" />
    </mem>
    <remembered-set count="5410" />
  </mem-info>
</gc-start>
<allocation-stats totalBytes="21687800" discardedBytes="3768" >
  <allocated-bytes non-tlh="663824" tlh="21023976" />
  <largest-consumer threadName="Default Executor-thread-3" threadId="0000000000863800" bytes="21425992" />
</allocation-stats>
<gc-op id="1869" type="scavenge" timems="7.060" contextid="1866" timestamp="2025-12-15T03:34:33.399">
  <scavenger-info tenureage="8" tenuremask="7f00" tiltratio="77" />
  <memory-copied type="nursery" objects="134139" bytes="7975624" bytesdiscarded="29864" />
  <finalization candidates="69" enqueued="22" />
  <ownableSynchronizers candidates="343" cleared="24" />
  <references type="soft" candidates="1391" cleared="0" enqueued="0" dynamicThreshold="9" maxThreshold="32" />
  <references type="weak" candidates="2206" cleared="772" enqueued="771" />
  <references type="phantom" candidates="223" cleared="12" enqueued="12" />
  <object-monitors candidates="114" cleared="0"  />
</gc-op>
<gc-end id="1870" type="scavenge" contextid="1866" durationms="8.534" usertimems="24.373" systemtimems="3.423" stalltimems="14.595" timestamp="2025-12-15T03:34:33.400" activeThreads="6">
  <mem-info id="1871" free="33400584" total="93388800" percent="35">
    <mem type="nursery" free="17219416" total="36306944" percent="47">
      <mem type="allocate" free="17219416" total="25231360" percent="68" />
      <mem type="survivor" free="0" total="11075584" percent="0" />
    </mem>
    <mem type="tenure" free="16181168" total="57081856" percent="28" macro-fragmented="0">
      <mem type="soa" free="13326256" total="54226944" percent="24" />
      <mem type="loa" free="2854912" total="2854912" percent="100" />
    </mem>
    <pending-finalizers system="22" default="0" reference="783" classloader="0" />
    <remembered-set count="4969" />
  </mem-info>
</gc-end>
<cycle-end id="1872" type="scavenge" contextid="1866" timestamp="2025-12-15T03:34:33.401" />
<allocation-satisfied id="1873" threadId="0000000000863800" bytesRequested="1680" />
<af-end id="1874" timestamp="2025-12-15T03:34:33.402" threadId="0000000000864278" success="true" from="nursery"/>
<exclusive-end id="1875" timestamp="2025-12-15T03:34:33.403" durationms="13.775" />

<exclusive-start id="1876" timestamp="2025-12-15T03:34:33.589" intervalms="199.163">
  <response-info timems="0.069" idlems="0.043" threads="2" lastid="000000000085BB00" lastname="Default Executor-thread-2" />
</exclusive-start>
<af-start id="1877" threadId="000000000086BB78" totalBytesRequested="16392" timestamp="2025-12-15T03:34:33.589" intervalms="199.229" type="nursery" />
<cycle-start id="1878" type="scavenge" contextid="0" timestamp="2025-12-15T03:34:33.590" intervalms="199.225" />
<gc-start id="1879" type="scavenge" contextid="1878" timestamp="2025-12-15T03:34:33.591">
  <mem-info id="1880" free="16099768" total="93388800" percent="17">
    <mem type="nursery" free="0" total="36306944" percent="0">
      <mem type="allocate" free="0" total="25231360" percent="0" />
      <mem type="survivor" free="0" total="11075584" percent="0" />
    </mem>
    <mem type="tenure" free="16099768" total="57081856" percent="28">
      <mem type="soa" free="13244856" total="54226944" percent="24" />
      <mem type="loa" free="2854912" total="2854912" percent="100" />
    </mem>
    <remembered-set count="6431" />
  </mem-info>
</gc-start>
<allocation-stats totalBytes="17179424" discardedBytes="119880" >
  <allocated-bytes non-tlh="383672" tlh="16795752" />
  <largest-consumer threadName="Default Executor-thread-3" threadId="0000000000863800" bytes="10653120" />
</allocation-stats>
<gc-op id="1881" type="scavenge" timems="5.104" contextid="1878" timestamp="2025-12-15T03:34:33.597">
  <scavenger-info tenureage="4" tenuremask="7fb0" tiltratio="69" />
  <memory-copied type="nursery" objects="55268" bytes="5151744" bytesdiscarded="252248" />
  <memory-copied type="tenure" objects="96981" bytes="4036512" bytesdiscarded="2096" />
  <finalization candidates="122" enqueued="55" />
  <ownableSynchronizers candidates="489" cleared="113" />
  <references type="soft" candidates="1153" cleared="0" enqueued="0" dynamicThreshold="9" maxThreshold="32" />
  <references type="weak" candidates="1752" cleared="457" enqueued="445" />
  <references type="phantom" candidates="276" cleared="39" enqueued="39" />
  <object-monitors candidates="124" cleared="10"  />
</gc-op>
<gc-end id="1882" type="scavenge" contextid="1878" durationms="6.579" usertimems="17.752" systemtimems="3.665" stalltimems="6.530" timestamp="2025-12-15T03:34:33.597" activeThreads="6">
  <mem-info id="1883" free="32096480" total="93388800" percent="34">
    <mem type="nursery" free="20085464" total="36306944" percent="55">
      <mem type="allocate" free="20085464" total="25493504" percent="78" />
      <mem type="survivor" free="0" total="10813440" percent="0" />
    </mem>
    <mem type="tenure" free="12011016" total="57081856" percent="21" macro-fragmented="6450429">
      <mem type="soa" free="9156104" total="54226944" percent="16" />
      <mem type="loa" free="2854912" total="2854912" percent="100" />
    </mem>
    <pending-finalizers system="31" default="24" reference="484" classloader="0" />
    <remembered-set count="4964" />
  </mem-info>
</gc-end>
<cycle-end id="1884" type="scavenge" contextid="1878" timestamp="2025-12-15T03:34:33.598" />
<allocation-satisfied id="1885" threadId="000000000086B100" bytesRequested="16392" />
<af-end id="1886" timestamp="2025-12-15T03:34:33.599" threadId="000000000086BB78" success="true" from="nursery"/>
<exclusive-end id="1887" timestamp="2025-12-15T03:34:33.600" durationms="11.072" />

<exclusive-start id="1888" timestamp="2025-12-15T03:34:33.629" intervalms="40.861">
  <response-info timems="0.047" idlems="0.047" threads="0" lastid="0000000000867500" lastname="Default Executor-thread-4" />
</exclusive-start>
<af-start id="1889" threadId="0000000000867F78" totalBytesRequested="1520" timestamp="2025-12-15T03:34:33.630" intervalms="40.916" type="nursery" />
<cycle-start id="1890" type="scavenge" contextid="0" timestamp="2025-12-15T03:34:33.631" intervalms="41.262" />
<gc-start id="1891" type="scavenge" contextid="1890" timestamp="2025-12-15T03:34:33.632">
  <mem-info id="1892" free="12008232" total="93388800" percent="12">
    <mem type="nursery" free="0" total="36306944" percent="0">
      <mem type="allocate" free="0" total="25493504" percent="0" />
      <mem type="survivor" free="0" total="10813440" percent="0" />
    </mem>
    <mem type="tenure" free="12008232" total="57081856" percent="21">
      <mem type="soa" free="9153320" total="54226944" percent="16" />
      <mem type="loa" free="2854912" total="2854912" percent="100" />
    </mem>
    <remembered-set count="5222" />
  </mem-info>
</gc-start>
<allocation-stats totalBytes="20062976" discardedBytes="25272" >
  <allocated-bytes non-tlh="460168" tlh="19602808" />
  <largest-consumer threadName="Default Executor-thread-6" threadId="0000000000872F00" bytes="5578176" />
</allocation-stats>
<gc-op id="1893" type="scavenge" timems="3.689" contextid="1890" timestamp="2025-12-15T03:34:33.637">
  <scavenger-info tenureage="7" tenuremask="7f80" tiltratio="70" />
  <memory-copied type="nursery" objects="73897" bytes="6016240" bytesdiscarded="131904" />
  <memory-copied type="tenure" objects="4720" bytes="542328" bytesdiscarded="328" />
  <finalization candidates="136" enqueued="110" />
  <ownableSynchronizers candidates="534" cleared="124" />
  <references type="soft" candidates="960" cleared="0" enqueued="0" dynamicThreshold="9" maxThreshold="32" />
  <references type="weak" candidates="1311" cleared="56" enqueued="56" />
  <references type="phantom" candidates="253" cleared="9" enqueued="9" />
  <object-monitors candidates="116" cleared="1"  />
</gc-op>
<heap-resize id="1894" type="expand" space="nursery" amount="2621440" count="1" timems="0.068" reason="excessive time being spent scavenging" timestamp="2025-12-15T03:34:33.638" />
<gc-end id="1895" type="scavenge" contextid="1890" durationms="6.457" usertimems="11.633" systemtimems="1.851" stalltimems="12.920" timestamp="2025-12-15T03:34:33.639" activeThreads="7">
  <mem-info id="1896" free="32698232" total="96010240" percent="34">
    <mem type="nursery" free="21634408" total="38928384" percent="55">
      <mem type="allocate" free="21634408" total="27787264" percent="77" />
      <mem type="survivor" free="0" total="11141120" percent="0" />
    </mem>
    <mem type="tenure" free="11063824" total="57081856" percent="19" macro-fragmented="0">
      <mem type="soa" free="8208912" total="54226944" percent="15" />
      <mem type="loa" free="2854912" total="2854912" percent="100" />
    </mem>
    <pending-finalizers system="0" default="110" reference="65" classloader="0" />
    <remembered-set count="3016" />
  </mem-info>
</gc-end>
<cycle-end id="1897" type="scavenge" contextid="1890" timestamp="2025-12-15T03:34:33.639" />
<allocation-satisfied id="1898" threadId="0000000000867500" bytesRequested="1520" />
<af-end id="1899" timestamp="2025-12-15T03:34:33.640" threadId="0000000000867F78" success="true" from="nursery"/>
<exclusive-end id="1900" timestamp="2025-12-15T03:34:33.641" durationms="11.709" />

<exclusive-start id="1901" timestamp="2025-12-15T03:34:33.666" intervalms="36.469">
  <response-info timems="0.060" idlems="0.050" threads="2" lastid="000000000085BB00" lastname="Default Executor-thread-2" />
</exclusive-start>
<af-start id="1902" threadId="0000000000867F78" totalBytesRequested="1888" timestamp="2025-12-15T03:34:33.667" intervalms="36.291" type="nursery" />
<cycle-start id="1903" type="scavenge" contextid="0" timestamp="2025-12-15T03:34:33.667" intervalms="35.974" />
<gc-start id="1904" type="scavenge" contextid="1903" timestamp="2025-12-15T03:34:33.668">
  <mem-info id="1905" free="11063488" total="96010240" percent="11">
    <mem type="nursery" free="0" total="38928384" percent="0">
      <mem type="allocate" free="0" total="27787264" percent="0" />
      <mem type="survivor" free="0" total="11141120" percent="0" />
    </mem>
    <mem type="tenure" free="11063488" total="57081856" percent="19">
      <mem type="soa" free="8208576" total="54226944" percent="15" />
      <mem type="loa" free="2854912" total="2854912" percent="100" />
    </mem>
    <remembered-set count="3117" />
  </mem-info>
</gc-start>
<allocation-stats totalBytes="21614784" discardedBytes="19960" >
  <allocated-bytes non-tlh="67400" tlh="21547384" />
  <largest-consumer threadName="ClassloaderMapProcessingThread-9" threadId="000000000148D700" bytes="6212288" />
</allocation-stats>
<gc-op id="1906" type="scavenge" timems="5.081" contextid="1903" timestamp="2025-12-15T03:34:33.674">
  <scavenger-info tenureage="3" tenuremask="7f88" tiltratio="71" />
  <memory-copied type="nursery" objects="65975" bytes="6389992" bytesdiscarded="201016" />
  <memory-copied type="tenure" objects="22329" bytes="1538552" bytesdiscarded="416" />
  <finalization candidates="469" enqueued="446" />
  <ownableSynchronizers candidates="359" cleared="20" />
  <references type="soft" candidates="275" cleared="0" enqueued="0" dynamicThreshold="9" maxThreshold="32" />
  <references type="weak" candidates="345" cleared="20" enqueued="20" />
  <references type="phantom" candidates="220" cleared="0" enqueued="0" />
  <object-monitors candidates="115" cleared="0"  />
</gc-op>
<heap-resize id="1907" type="expand" space="nursery" amount="3407872" count="1" timems="0.037" reason="excessive time being spent scavenging" timestamp="2025-12-15T03:34:33.675" />
<gc-end id="1908" type="scavenge" contextid="1903" durationms="7.444" usertimems="12.349" systemtimems="6.071" stalltimems="9.075" timestamp="2025-12-15T03:34:33.676" activeThreads="6">
  <mem-info id="1909" free="34375688" total="99418112" percent="34">
    <mem type="nursery" free="24927792" total="42336256" percent="58">
      <mem type="allocate" free="24927792" total="31522816" percent="79" />
      <mem type="survivor" free="0" total="10813440" percent="0" />
    </mem>
    <mem type="tenure" free="9447896" total="57081856" percent="16" macro-fragmented="0">
      <mem type="soa" free="6592984" total="54226944" percent="12" />
      <mem type="loa" free="2854912" total="2854912" percent="100" />
    </mem>
    <pending-finalizers system="0" default="446" reference="20" classloader="0" />
    <remembered-set count="1657" />
  </mem-info>
</gc-end>
<cycle-end id="1910" type="scavenge" contextid="1903" timestamp="2025-12-15T03:34:33.676" />
<allocation-satisfied id="1911" threadId="0000000000867500" bytesRequested="1888" />
<af-end id="1912" timestamp="2025-12-15T03:34:33.677" threadId="0000000000867F78" success="true" from="nursery"/>
<exclusive-end id="1913" timestamp="2025-12-15T03:34:33.678" durationms="11.956" />

<exclusive-start id="1914" timestamp="2025-12-15T03:34:33.703" intervalms="37.335">
  <response-info timems="0.058" idlems="0.058" threads="0" lastid="0000000000872F00" lastname="Default Executor-thread-6" />
</exclusive-start>
<af-start id="1915" threadId="0000000000873978" totalBytesRequested="3712" timestamp="2025-12-15T03:34:33.704" intervalms="37.430" type="nursery" />
<cycle-start id="1916" type="scavenge" contextid="0" timestamp="2025-12-15T03:34:33.705" intervalms="37.518" />
<gc-start id="1917" type="scavenge" contextid="1916" timestamp="2025-12-15T03:34:33.706">
  <mem-info id="1918" free="9444240" total="99418112" percent="9">
    <mem type="nursery" free="0" total="42336256" percent="0">
      <mem type="allocate" free="0" total="31522816" percent="0" />
      <mem type="survivor" free="0" total="10813440" percent="0" />
    </mem>
    <mem type="tenure" free="9444240" total="57081856" percent="16">
      <mem type="soa" free="6589328" total="54226944" percent="12" />
      <mem type="loa" free="2854912" total="2854912" percent="100" />
    </mem>
    <remembered-set count="1789" />
  </mem-info>
</gc-start>
<allocation-stats totalBytes="24914288" discardedBytes="17160" >
  <allocated-bytes non-tlh="63792" tlh="24850496" />
  <largest-consumer threadName="ClassloaderMapProcessingThread-9" threadId="000000000148D700" bytes="5832136" />
</allocation-stats>
<gc-op id="1919" type="scavenge" timems="7.211" contextid="1916" timestamp="2025-12-15T03:34:33.714">
  <scavenger-info tenureage="7" tenuremask="7f80" tiltratio="74" />
  <memory-copied type="nursery" objects="91078" bytes="7882344" bytesdiscarded="258208" />
  <finalization candidates="508" enqueued="484" />
  <ownableSynchronizers candidates="207" cleared="4" />
  <references type="soft" candidates="275" cleared="0" enqueued="0" dynamicThreshold="9" maxThreshold="32" />
  <references type="weak" candidates="342" cleared="12" enqueued="12" />
  <references type="phantom" candidates="233" cleared="8" enqueued="8" />
  <object-monitors candidates="115" cleared="0"  />
</gc-op>
<heap-resize id="1920" type="expand" space="nursery" amount="4849664" count="1" timems="0.042" reason="excessive time being spent scavenging" timestamp="2025-12-15T03:34:33.715" />
<gc-end id="1921" type="scavenge" contextid="1916" durationms="10.462" usertimems="21.329" systemtimems="3.581" stalltimems="13.590" timestamp="2025-12-15T03:34:33.716" activeThreads="6">
  <mem-info id="1922" free="35836920" total="104267776" percent="34">
    <mem type="nursery" free="26392680" total="47185920" percent="55">
      <mem type="allocate" free="26392680" total="34537472" percent="76" />
      <mem type="survivor" free="0" total="12648448" percent="0" />
    </mem>
    <mem type="tenure" free="9444240" total="57081856" percent="16" macro-fragmented="0">
      <mem type="soa" free="6589328" total="54226944" percent="12" />
      <mem type="loa" free="2854912" total="2854912" percent="100" />
    </mem>
    <pending-finalizers system="0" default="484" reference="20" classloader="0" />
    <remembered-set count="1696" />
  </mem-info>
</gc-end>
<cycle-end id="1923" type="scavenge" contextid="1916" timestamp="2025-12-15T03:34:33.717" />
<allocation-satisfied id="1924" threadId="0000000000872F00" bytesRequested="3712" />
<af-end id="1925" timestamp="2025-12-15T03:34:33.718" threadId="0000000000873978" success="true" from="nursery"/>
<exclusive-end id="1926" timestamp="2025-12-15T03:34:33.719" durationms="16.145" />

<exclusive-start id="1927" timestamp="2025-12-15T03:34:33.753" intervalms="49.323">
  <response-info timems="0.118" idlems="0.072" threads="2" lastid="000000000085BB00" lastname="Default Executor-thread-2" />
</exclusive-start>
<af-start id="1928" threadId="000000000086BB78" totalBytesRequested="12480" timestamp="2025-12-15T03:34:33.753" intervalms="49.128" type="nursery" />
<cycle-start id="1929" type="scavenge" contextid="0" timestamp="2025-12-15T03:34:33.754" intervalms="49.094" />
<gc-start id="1930" type="scavenge" contextid="1929" timestamp="2025-12-15T03:34:33.755">
  <mem-info id="1931" free="9444240" total="104267776" percent="9">
    <mem type="nursery" free="0" total="47185920" percent="0">
      <mem type="allocate" free="0" total="34537472" percent="0" />
      <mem type="survivor" free="0" total="12648448" percent="0" />
    </mem>
    <mem type="tenure" free="9444240" total="57081856" percent="16">
      <mem type="soa" free="6589328" total="54226944" percent="12" />
      <mem type="loa" free="2854912" total="2854912" percent="100" />
    </mem>
    <remembered-set count="1739" />
  </mem-info>
</gc-start>
<allocation-stats totalBytes="26238400" discardedBytes="154280" >
  <allocated-bytes non-tlh="628296" tlh="25610104" />
  <largest-consumer threadName="ClassloaderMapProcessingThread-9" threadId="000000000148D700" bytes="6880264" />
</allocation-stats>
<gc-op id="1932" type="scavenge" timems="4.756" contextid="1929" timestamp="2025-12-15T03:34:33.760">
  <scavenger-info tenureage="7" tenuremask="7f80" tiltratio="73" />
  <memory-copied type="nursery" objects="94984" bytes="8095760" bytesdiscarded="72392" />
  <memory-copied type="tenure" objects="793" bytes="47176" bytesdiscarded="8" />
  <finalization candidates="410" enqueued="386" />
  <ownableSynchronizers candidates="203" cleared="0" />
  <references type="soft" candidates="273" cleared="0" enqueued="0" dynamicThreshold="9" maxThreshold="32" />
  <references type="weak" candidates="330" cleared="4" enqueued="4" />
  <references type="phantom" candidates="226" cleared="0" enqueued="0" />
  <object-monitors candidates="115" cleared="0"  />
</gc-op>
<heap-resize id="1933" type="expand" space="nursery" amount="3145728" count="1" timems="1.186" reason="excessive time being spent scavenging" timestamp="2025-12-15T03:34:33.762" />
<gc-end id="1934" type="scavenge" contextid="1929" durationms="8.267" usertimems="17.489" systemtimems="2.972" stalltimems="11.141" timestamp="2025-12-15T03:34:33.763" activeThreads="6">
  <mem-info id="1935" free="40228616" total="107413504" percent="37">
    <mem type="nursery" free="30887448" total="50331648" percent="61">
      <mem type="allocate" free="30887448" total="39059456" percent="79" />
      <mem type="survivor" free="0" total="11272192" percent="0" />
    </mem>
    <mem type="tenure" free="9341168" total="57081856" percent="16" macro-fragmented="7175554">
      <mem type="soa" free="6486256" total="54226944" percent="11" />
      <mem type="loa" free="2854912" total="2854912" percent="100" />
    </mem>
    <pending-finalizers system="0" default="386" reference="4" classloader="0" />
    <remembered-set count="1498" />
  </mem-info>
</gc-end>
<cycle-end id="1936" type="scavenge" contextid="1929" timestamp="2025-12-15T03:34:33.763" />
<allocation-satisfied id="1937" threadId="000000000086B100" bytesRequested="12480" />
<af-end id="1938" timestamp="2025-12-15T03:34:33.765" threadId="000000000086BB78" success="true" from="nursery"/>
<exclusive-end id="1939" timestamp="2025-12-15T03:34:33.765" durationms="12.687" />

<exclusive-start id="1940" timestamp="2025-12-15T03:34:33.796" intervalms="43.768">
  <response-info timems="1.503" idlems="1.192" threads="4" lastid="0000000000029600" lastname="JIT Compilation Thread-000" />
</exclusive-start>
<af-start id="1941" threadId="000000000148E178" totalBytesRequested="56" timestamp="2025-12-15T03:34:33.797" intervalms="43.901" type="nursery" />
<cycle-start id="1942" type="scavenge" contextid="0" timestamp="2025-12-15T03:34:33.798" intervalms="43.777" />
<gc-start id="1943" type="scavenge" contextid="1942" timestamp="2025-12-15T03:34:33.798">
  <mem-info id="1944" free="9341168" total="107413504" percent="8">
    <mem type="nursery" free="0" total="50331648" percent="0">
      <mem type="allocate" free="0" total="39059456" percent="0" />
      <mem type="survivor" free="0" total="11272192" percent="0" />
    </mem>
    <mem type="tenure" free="9341168" total="57081856" percent="16">
      <mem type="soa" free="6486256" total="54226944" percent="11" />
      <mem type="loa" free="2854912" total="2854912" percent="100" />
    </mem>
    <remembered-set count="1597" />
  </mem-info>
</gc-start>
<allocation-stats totalBytes="30855448" discardedBytes="32000" >
  <allocated-bytes non-tlh="72904" tlh="30782544" />
  <largest-consumer threadName="Default Executor-thread-5" threadId="000000000086B100" bytes="7491368" />
</allocation-stats>
<gc-op id="1945" type="scavenge" timems="7.517" contextid="1942" timestamp="2025-12-15T03:34:33.807">
  <scavenger-info tenureage="4" tenuremask="7fb0" tiltratio="77" />
  <memory-copied type="nursery" objects="58478" bytes="6303208" bytesdiscarded="235536" />
  <memory-copied type="tenure" objects="44629" bytes="3201856" bytesdiscarded="2976" />
  <finalization candidates="617" enqueued="592" />
  <ownableSynchronizers candidates="202" cleared="0" />
  <references type="soft" candidates="2" cleared="0" enqueued="0" dynamicThreshold="9" maxThreshold="32" />
  <references type="weak" candidates="38" cleared="7" enqueued="7" />
  <references type="phantom" candidates="80" cleared="12" enqueued="12" />
  <object-monitors candidates="115" cleared="0"  />
</gc-op>
<heap-resize id="1946" type="expand" space="nursery" amount="4849664" count="1" timems="0.033" reason="excessive time being spent scavenging" timestamp="2025-12-15T03:34:33.808" />
<gc-end id="1947" type="scavenge" contextid="1942" durationms="10.504" usertimems="22.241" systemtimems="3.075" stalltimems="12.609" timestamp="2025-12-15T03:34:33.809" activeThreads="6">
  <mem-info id="1948" free="43220504" total="112263168" percent="38">
    <mem type="nursery" free="37234776" total="55181312" percent="67">
      <mem type="allocate" free="37234776" total="43778048" percent="85" />
      <mem type="survivor" free="0" total="11403264" percent="0" />
    </mem>
    <mem type="tenure" free="5985728" total="57081856" percent="10" macro-fragmented="5703021">
      <mem type="soa" free="3130816" total="54226944" percent="5" />
      <mem type="loa" free="2854912" total="2854912" percent="100" />
    </mem>
    <pending-finalizers system="0" default="592" reference="19" classloader="0" />
    <remembered-set count="3937" />
  </mem-info>
</gc-end>
<cycle-end id="1949" type="scavenge" contextid="1942" timestamp="2025-12-15T03:34:33.810" />
<allocation-satisfied id="1950" threadId="000000000148D700" bytesRequested="56" />
<af-end id="1951" timestamp="2025-12-15T03:34:33.811" threadId="000000000148E178" success="true" from="nursery"/>
<exclusive-end id="1952" timestamp="2025-12-15T03:34:33.812" durationms="15.228" />

<concurrent-kickoff id="1953" timestamp="2025-12-15T03:34:33.841">
  <kickoff reason="threshold reached" targetBytes="28144539" thresholdFreeBytes="3901655"  remainingFree="3763256" tenureFreeBytes="5985728" nurseryFreeBytes="3763256" />
</concurrent-kickoff>
<exclusive-start id="1954" timestamp="2025-12-15T03:34:33.842" intervalms="45.910">
  <response-info timems="0.146" idlems="0.091" threads="2" lastid="0000000000863800" lastname="Default Executor-thread-3" />
</exclusive-start>
<cycle-start id="1955" type="global" contextid="0" timestamp="2025-12-15T03:34:33.843" intervalms="873.134" />
<concurrent-start id="1956" type="global mark" contextid="1955" timestamp="2025-12-15T03:34:33.843">
</concurrent-start>
<exclusive-end id="1957" timestamp="2025-12-15T03:34:33.844" durationms="1.733" />

<exclusive-start id="1958" timestamp="2025-12-15T03:34:33.859" intervalms="16.688">
  <response-info timems="0.220" idlems="0.126" threads="2" lastid="0000000000029600" lastname="JIT Compilation Thread-000" />
</exclusive-start>
<af-start id="1959" threadId="0000000000873978" totalBytesRequested="5968" timestamp="2025-12-15T03:34:33.859" intervalms="62.445" type="nursery" />
<cycle-start id="1960" type="scavenge" contextid="0" timestamp="2025-12-15T03:34:33.860" intervalms="62.691" />
<gc-start id="1961" type="scavenge" contextid="1960" timestamp="2025-12-15T03:34:33.861">
  <mem-info id="1962" free="5985728" total="112263168" percent="5">
    <mem type="nursery" free="0" total="55181312" percent="0">
      <mem type="allocate" free="0" total="43778048" percent="0" />
      <mem type="survivor" free="0" total="11403264" percent="0" />
    </mem>
    <mem type="tenure" free="5985728" total="57081856" percent="10">
      <mem type="soa" free="3130816" total="54226944" percent="5" />
      <mem type="loa" free="2854912" total="2854912" percent="100" />
    </mem>
    <remembered-set count="4032" />
  </mem-info>
</gc-start>
<allocation-stats totalBytes="37129184" discardedBytes="105592" >
  <allocated-bytes non-tlh="530416" tlh="36598768" />
  <largest-consumer threadName="Default Executor-thread-6" threadId="0000000000872F00" bytes="9659664" />
</allocation-stats>
<gc-op id="1963" type="scavenge" timems="3.473" contextid="1960" timestamp="2025-12-15T03:34:33.866">
  <scavenger-info tenureage="7" tenuremask="7f80" tiltratio="79" />
  <memory-copied type="nursery" objects="63523" bytes="7255784" bytesdiscarded="78448" />
  <finalization candidates="690" enqueued="688" />
  <ownableSynchronizers candidates="19" cleared="0" />
  <references type="soft" candidates="2" cleared="0" enqueued="0" dynamicThreshold="9" maxThreshold="32" />
  <references type="weak" candidates="76" cleared="47" enqueued="47" />
  <references type="phantom" candidates="79" cleared="8" enqueued="8" />
  <object-monitors candidates="115" cleared="0"  />
</gc-op>
<heap-resize id="1964" type="expand" space="nursery" amount="2228224" count="1" timems="0.044" reason="excessive time being spent scavenging" timestamp="2025-12-15T03:34:33.866" />
<gc-end id="1965" type="scavenge" contextid="1960" durationms="5.957" usertimems="3.694" systemtimems="8.134" stalltimems="8.812" timestamp="2025-12-15T03:34:33.867" activeThreads="6">
  <mem-info id="1966" free="45180192" total="114491392" percent="39">
    <mem type="nursery" free="39194464" total="57409536" percent="68">
      <mem type="allocate" free="39194464" total="46530560" percent="84" />
      <mem type="survivor" free="0" total="10878976" percent="0" />
    </mem>
    <mem type="tenure" free="5985728" total="57081856" percent="10" macro-fragmented="5184564">
      <mem type="soa" free="3130816" total="54226944" percent="5" />
      <mem type="loa" free="2854912" total="2854912" percent="100" />
    </mem>
    <pending-finalizers system="0" default="688" reference="55" classloader="0" />
    <remembered-set count="3940" />
  </mem-info>
</gc-end>
<cycle-end id="1967" type="scavenge" contextid="1960" timestamp="2025-12-15T03:34:33.868" />
<allocation-satisfied id="1968" threadId="0000000000872F00" bytesRequested="5968" />
<af-end id="1969" timestamp="2025-12-15T03:34:33.869" threadId="0000000000873978" success="true" from="nursery"/>
<exclusive-end id="1970" timestamp="2025-12-15T03:34:33.869" durationms="10.239" />

<exclusive-start id="1971" timestamp="2025-12-15T03:34:33.903" intervalms="44.116">
  <response-info timems="0.189" idlems="0.100" threads="2" lastid="0000000000029600" lastname="JIT Compilation Thread-000" />
</exclusive-start>
<af-start id="1972" threadId="000000000086BB78" totalBytesRequested="1264" timestamp="2025-12-15T03:34:33.904" intervalms="44.127" type="nursery" />
<cycle-start id="1973" type="scavenge" contextid="0" timestamp="2025-12-15T03:34:33.904" intervalms="43.879" />
<gc-start id="1974" type="scavenge" contextid="1973" timestamp="2025-12-15T03:34:33.905">
  <mem-info id="1975" free="5982520" total="114491392" percent="5">
    <mem type="nursery" free="0" total="57409536" percent="0">
      <mem type="allocate" free="0" total="46530560" percent="0" />
      <mem type="survivor" free="0" total="10878976" percent="0" />
    </mem>
    <mem type="tenure" free="5982520" total="57081856" percent="10">
      <mem type="soa" free="3127608" total="54226944" percent="5" />
      <mem type="loa" free="2854912" total="2854912" percent="100" />
    </mem>
    <remembered-set count="4146" />
  </mem-info>
</gc-start>
<allocation-stats totalBytes="39179240" discardedBytes="18432" >
  <allocated-bytes non-tlh="9176" tlh="39170064" />
  <largest-consumer threadName="Default Executor-thread-6" threadId="0000000000872F00" bytes="12744632" />
</allocation-stats>
<gc-op id="1976" type="scavenge" timems="3.912" contextid="1973" timestamp="2025-12-15T03:34:33.910">
  <scavenger-info tenureage="4" tenuremask="7f90" tiltratio="81" />
  <memory-copied type="nursery" objects="52894" bytes="8988272" bytesdiscarded="97368" />
  <memory-copied type="tenure" objects="7890" bytes="489352" bytesdiscarded="864" />
  <finalization candidates="1056" enqueued="1053" />
  <ownableSynchronizers candidates="22" cleared="5" />
  <references type="soft" candidates="2" cleared="0" enqueued="0" dynamicThreshold="9" maxThreshold="32" />
  <references type="weak" candidates="83" cleared="39" enqueued="39" />
  <references type="phantom" candidates="124" cleared="2" enqueued="2" />
  <object-monitors candidates="115" cleared="0"  />
</gc-op>
<heap-resize id="1977" type="expand" space="nursery" amount="3407872" count="1" timems="1.103" reason="excessive time being spent scavenging" timestamp="2025-12-15T03:34:33.912" />
<gc-end id="1978" type="scavenge" contextid="1973" durationms="7.435" usertimems="16.244" systemtimems="0.000" stalltimems="4.652" timestamp="2025-12-15T03:34:33.912" activeThreads="5">
  <mem-info id="1979" free="43463424" total="117899264" percent="36">
    <mem type="nursery" free="38226792" total="60817408" percent="62">
      <mem type="allocate" free="38226792" total="47316992" percent="80" />
      <mem type="survivor" free="0" total="13500416" percent="0" />
    </mem>
    <mem type="tenure" free="5236632" total="57081856" percent="9" macro-fragmented="4320470">
      <mem type="soa" free="2381720" total="54226944" percent="4" />
      <mem type="loa" free="2854912" total="2854912" percent="100" />
    </mem>
    <pending-finalizers system="6" default="1047" reference="41" classloader="0" />
    <remembered-set count="3922" />
  </mem-info>
</gc-end>
<cycle-end id="1980" type="scavenge" contextid="1973" timestamp="2025-12-15T03:34:33.913" />
<allocation-satisfied id="1981" threadId="000000000086B100" bytesRequested="1264" />
<af-end id="1982" timestamp="2025-12-15T03:34:33.914" threadId="000000000086BB78" success="true" from="nursery"/>
<exclusive-end id="1983" timestamp="2025-12-15T03:34:33.915" durationms="11.963" />

<exclusive-start id="1984" timestamp="2025-12-15T03:34:33.962" intervalms="59.096">
  <response-info timems="0.057" idlems="0.057" threads="0" lastid="000000000085BB00" lastname="Default Executor-thread-2" />
</exclusive-start>
<af-start id="1985" threadId="000000000085C578" totalBytesRequested="58984" timestamp="2025-12-15T03:34:33.963" intervalms="59.249" type="nursery" />
<cycle-start id="1986" type="scavenge" contextid="0" timestamp="2025-12-15T03:34:33.964" intervalms="59.315" />
<gc-start id="1987" type="scavenge" contextid="1986" timestamp="2025-12-15T03:34:33.964">
  <mem-info id="1988" free="5214368" total="117899264" percent="4">
    <mem type="nursery" free="0" total="60817408" percent="0">
      <mem type="allocate" free="0" total="47316992" percent="0" />
      <mem type="survivor" free="0" total="13500416" percent="0" />
    </mem>
    <mem type="tenure" free="5214368" total="57081856" percent="9">
      <mem type="soa" free="2359456" total="54226944" percent="4" />
      <mem type="loa" free="2854912" total="2854912" percent="100" />
    </mem>
    <remembered-set count="4560" />
  </mem-info>
</gc-start>
<allocation-stats totalBytes="38022880" discardedBytes="226176" >
  <allocated-bytes non-tlh="356952" tlh="37665928" />
  <largest-consumer threadName="Default Executor-thread-6" threadId="0000000000872F00" bytes="13057192" />
</allocation-stats>
<gc-op id="1989" type="scavenge" timems="4.672" contextid="1986" timestamp="2025-12-15T03:34:33.970">
  <scavenger-info tenureage="6" tenuremask="7fc0" tiltratio="77" />
  <memory-copied type="nursery" objects="65005" bytes="10121296" bytesdiscarded="267960" />
  <memory-copied type="tenure" objects="8615" bytes="472344" bytesdiscarded="184" />
  <finalization candidates="1393" enqueued="1393" />
  <ownableSynchronizers candidates="19" cleared="2" />
  <references type="soft" candidates="6" cleared="0" enqueued="0" dynamicThreshold="9" maxThreshold="32" />
  <references type="weak" candidates="166" cleared="131" enqueued="131" />
  <references type="phantom" candidates="125" cleared="4" enqueued="4" />
  <object-monitors candidates="115" cleared="0"  />
</gc-op>
<heap-resize id="1990" type="expand" space="nursery" amount="3014656" count="1" timems="0.104" reason="excessive time being spent scavenging" timestamp="2025-12-15T03:34:33.971" />
<gc-end id="1991" type="scavenge" contextid="1986" durationms="7.354" usertimems="7.063" systemtimems="9.308" stalltimems="7.325" timestamp="2025-12-15T03:34:33.971" activeThreads="5">
  <mem-info id="1992" free="43628368" total="120913920" percent="36">
    <mem type="nursery" free="38958032" total="63832064" percent="61">
      <mem type="allocate" free="38958032" total="49348608" percent="78" />
      <mem type="survivor" free="0" total="14483456" percent="0" />
    </mem>
    <mem type="tenure" free="4670336" total="57081856" percent="8" macro-fragmented="4392478">
      <mem type="soa" free="1815424" total="54226944" percent="3" />
      <mem type="loa" free="2854912" total="2854912" percent="100" />
    </mem>
    <pending-finalizers system="10" default="1383" reference="135" classloader="0" />
    <remembered-set count="3897" />
  </mem-info>
</gc-end>
<cycle-end id="1993" type="scavenge" contextid="1986" timestamp="2025-12-15T03:34:33.972" />
<allocation-satisfied id="1994" threadId="000000000085BB00" bytesRequested="58984" />
<af-end id="1995" timestamp="2025-12-15T03:34:33.975" threadId="000000000085C578" success="true" from="nursery"/>
<exclusive-end id="1996" timestamp="2025-12-15T03:34:33.976" durationms="13.471" />

<concurrent-end id="1997" type="global mark" contextid="1955" timestamp="2025-12-15T03:34:33.977">
<gc-op id="1998" type="trace" timems="133.904" contextid="1955" timestamp="2025-12-15T03:34:33.977">
  <trace bytesTraced="31504848" workStackOverflowCount="0" />
  <card-cleaning reason="card cleaning threshold reached" bytesTraced="320740" cardsCleaned="812" />
</gc-op>
</concurrent-end>

<exclusive-start id="1999" timestamp="2025-12-15T03:34:33.978" intervalms="16.280">
  <response-info timems="0.069" idlems="0.069" threads="0" lastid="0000000000863800" lastname="Default Executor-thread-3" />
</exclusive-start>
<concurrent-global-final id="2000" timestamp="2025-12-15T03:34:33.979" contextid="1955" intervalms="954.451" >
  <concurrent-trace-info reason="card cleaning threshold reached" tracedByMutators="25118064" tracedByHelpers="6707524" cardsCleaned="812" workStackOverflowCount="0" />
</concurrent-global-final>
<gc-start id="2001" type="global" contextid="1955" timestamp="2025-12-15T03:34:33.980">
  <mem-info id="2002" free="42537080" total="120913920" percent="35">
    <mem type="nursery" free="37866856" total="63832064" percent="59">
      <mem type="allocate" free="37866856" total="49348608" percent="76" />
      <mem type="survivor" free="0" total="14483456" percent="0" />
    </mem>
    <mem type="tenure" free="4670224" total="57081856" percent="8">
      <mem type="soa" free="1815312" total="54226944" percent="3" />
      <mem type="loa" free="2854912" total="2854912" percent="100" />
    </mem>
    <remembered-set count="3911" />
  </mem-info>
</gc-start>
<allocation-stats totalBytes="1091248" discardedBytes="40" >
  <allocated-bytes non-tlh="59096" tlh="1032152" />
  <largest-consumer threadName="Default Executor-thread-6" threadId="0000000000872F00" bytes="454616" />
</allocation-stats>
<gc-op id="2003" type="rs-scan" timems="4.644" contextid="1955" timestamp="2025-12-15T03:34:33.986">
  <scan objectsFound="40735" bytesTraced="2365288" workStackOverflowCount="0" />
</gc-op>
<gc-op id="2004" type="card-cleaning" timems="3.631" contextid="1955" timestamp="2025-12-15T03:34:33.991">
  <card-cleaning cardsCleaned="22" bytesTraced="289036" workStackOverflowCount="0" />
</gc-op>
<gc-op id="2005" type="mark" timems="22.727" contextid="1955" timestamp="2025-12-15T03:34:34.015">
  <trace-info objectcount="4389" scancount="3888" scanbytes="401132" />
  <finalization candidates="805" enqueued="13" />
  <ownableSynchronizers candidates="8659" cleared="3" />
  <references type="soft" candidates="12306" cleared="5" enqueued="4" dynamicThreshold="9" maxThreshold="32" />
  <references type="weak" candidates="14901" cleared="2" enqueued="2" />
  <references type="phantom" candidates="477" cleared="0" enqueued="0" />
  <stringconstants candidates="38681" cleared="65"  />
  <object-monitors candidates="115" cleared="12"  />
</gc-op>
<gc-op id="2006" type="classunload" timems="1.444" contextid="1955" timestamp="2025-12-15T03:34:34.017">
  <classunload-info classloadercandidates="414" classloadersunloaded="1" classesunloaded="1" anonymousclassesunloaded="0" quiescems="0.000" setupms="1.416" scanms="0.017" postms="0.010" />
</gc-op>
<gc-op id="2007" type="sweep" timems="4.207" contextid="1955" timestamp="2025-12-15T03:34:34.022" />
<heap-resize id="2008" type="expand" space="tenure" amount="13697024" count="1" timems="1.344" reason="insufficient free space following gc" timestamp="2025-12-15T03:34:34.024" />
<gc-end id="2009" type="global" contextid="1955" durationms="44.356" usertimems="79.010" systemtimems="63.580" stalltimems="408.254" timestamp="2025-12-15T03:34:34.024" activeThreads="20">
  <mem-info id="2010" free="65503440" total="134610944" percent="48">
    <mem type="nursery" free="44230304" total="63832064" percent="69">
      <mem type="allocate" free="44230304" total="49348608" percent="89" />
      <mem type="survivor" free="0" total="14483456" percent="0" />
    </mem>
    <mem type="tenure" free="21273136" total="70778880" percent="30" micro-fragmented="1526002" macro-fragmented="16296">
      <mem type="soa" free="17734192" total="67239936" percent="26" />
      <mem type="loa" free="3538944" total="3538944" percent="100" />
    </mem>
    <pending-finalizers system="0" default="13" reference="6" classloader="0" />
    <remembered-set count="3874" />
  </mem-info>
</gc-end>
<cycle-end id="2011" type="global" contextid="1955" timestamp="2025-12-15T03:34:34.025" />
<exclusive-end id="2012" timestamp="2025-12-15T03:34:34.026" durationms="47.251" />

<exclusive-start id="2013" timestamp="2025-12-15T03:34:34.111" intervalms="132.597">
  <response-info timems="0.066" idlems="0.066" threads="0" lastid="0000000000867500" lastname="Default Executor-thread-4" />
</exclusive-start>
<af-start id="2014" threadId="0000000000867F78" totalBytesRequested="2792" timestamp="2025-12-15T03:34:34.112" intervalms="149.330" type="nursery" />
<cycle-start id="2015" type="scavenge" contextid="0" timestamp="2025-12-15T03:34:34.114" intervalms="150.204" />
<gc-start id="2016" type="scavenge" contextid="2015" timestamp="2025-12-15T03:34:34.115">
  <mem-info id="2017" free="21227584" total="134610944" percent="15">
    <mem type="nursery" free="0" total="63832064" percent="0">
      <mem type="allocate" free="0" total="49348608" percent="0" />
      <mem type="survivor" free="0" total="14483456" percent="0" />
    </mem>
    <mem type="tenure" free="21227584" total="70778880" percent="29">
      <mem type="soa" free="17688640" total="67239936" percent="26" />
      <mem type="loa" free="3538944" total="3538944" percent="100" />
    </mem>
    <remembered-set count="4810" />
  </mem-info>
</gc-start>
<allocation-stats totalBytes="44228096" discardedBytes="21824" >
  <allocated-bytes non-tlh="326544" tlh="43901552" />
  <largest-consumer threadName="Default Executor-thread-6" threadId="0000000000872F00" bytes="13885560" />
</allocation-stats>
<gc-op id="2018" type="scavenge" timems="11.615" contextid="2015" timestamp="2025-12-15T03:34:34.128">
  <scavenger-info tenureage="7" tenuremask="7f80" tiltratio="77" />
  <memory-copied type="nursery" objects="119977" bytes="8892144" bytesdiscarded="145312" />
  <finalization candidates="283" enqueued="282" />
  <ownableSynchronizers candidates="17384" cleared="17358" />
  <references type="soft" candidates="83" cleared="0" enqueued="0" dynamicThreshold="9" maxThreshold="32" />
  <references type="weak" candidates="302" cleared="187" enqueued="182" />
  <references type="phantom" candidates="181" cleared="41" enqueued="41" />
  <object-monitors candidates="106" cleared="2"  />
</gc-op>
<heap-resize id="2019" type="expand" space="nursery" amount="2359296" count="1" timems="0.049" reason="excessive time being spent scavenging" timestamp="2025-12-15T03:34:34.129" />
<gc-end id="2020" type="scavenge" contextid="2015" durationms="14.658" usertimems="28.268" systemtimems="10.901" stalltimems="9.901" timestamp="2025-12-15T03:34:34.130" activeThreads="5">
  <mem-info id="2021" free="64354760" total="136970240" percent="46">
    <mem type="nursery" free="43127176" total="66191360" percent="65">
      <mem type="allocate" free="43127176" total="52166656" percent="82" />
      <mem type="survivor" free="0" total="14024704" percent="0" />
    </mem>
    <mem type="tenure" free="21227584" total="70778880" percent="29" macro-fragmented="0">
      <mem type="soa" free="17688640" total="67239936" percent="26" />
      <mem type="loa" free="3538944" total="3538944" percent="100" />
    </mem>
    <pending-finalizers system="58" default="224" reference="223" classloader="0" />
    <remembered-set count="4488" />
  </mem-info>
</gc-end>
<cycle-end id="2022" type="scavenge" contextid="2015" timestamp="2025-12-15T03:34:34.131" />
<allocation-satisfied id="2023" threadId="0000000000867500" bytesRequested="2792" />
<af-end id="2024" timestamp="2025-12-15T03:34:34.132" threadId="0000000000867F78" success="true" from="nursery"/>
<exclusive-end id="2025" timestamp="2025-12-15T03:34:34.132" durationms="21.371" />

<exclusive-start id="2026" timestamp="2025-12-15T03:34:34.196" intervalms="85.277">
  <response-info timems="0.061" idlems="0.061" threads="0" lastid="000000000086B100" lastname="Default Executor-thread-5" />
</exclusive-start>
<af-start id="2027" threadId="000000000086BB78" totalBytesRequested="8200" timestamp="2025-12-15T03:34:34.197" intervalms="84.810" type="nursery" />
<cycle-start id="2028" type="scavenge" contextid="0" timestamp="2025-12-15T03:34:34.198" intervalms="84.011" />
<gc-start id="2029" type="scavenge" contextid="2028" timestamp="2025-12-15T03:34:34.199">
  <mem-info id="2030" free="21227376" total="136970240" percent="15">
    <mem type="nursery" free="0" total="66191360" percent="0">
      <mem type="allocate" free="0" total="52166656" percent="0" />
      <mem type="survivor" free="0" total="14024704" percent="0" />
    </mem>
    <mem type="tenure" free="21227376" total="70778880" percent="29">
      <mem type="soa" free="17688432" total="67239936" percent="26" />
      <mem type="loa" free="3538944" total="3538944" percent="100" />
    </mem>
    <remembered-set count="4628" />
  </mem-info>
</gc-start>
<allocation-stats totalBytes="42901296" discardedBytes="226088" >
  <allocated-bytes non-tlh="3000" tlh="42898296" />
  <largest-consumer threadName="Default Executor-thread-6" threadId="0000000000872F00" bytes="17077872" />
</allocation-stats>
<gc-op id="2031" type="scavenge" timems="9.782" contextid="2028" timestamp="2025-12-15T03:34:34.210">
  <scavenger-info tenureage="7" tenuremask="7f80" tiltratio="78" />
  <memory-copied type="nursery" objects="161650" bytes="13877432" bytesdiscarded="144912" />
  <memory-copied type="tenure" objects="2788" bytes="1652616" bytesdiscarded="21400" />
  <copy-failed type="nursery" objects="2788" bytes="1652872" />
  <finalization candidates="1184" enqueued="1182" />
  <ownableSynchronizers candidates="58" cleared="39" />
  <references type="soft" candidates="83" cleared="0" enqueued="0" dynamicThreshold="9" maxThreshold="32" />
  <references type="weak" candidates="130" cleared="9" enqueued="9" />
  <references type="phantom" candidates="159" cleared="0" enqueued="0" />
  <object-monitors candidates="104" cleared="0"  />
</gc-op>
<heap-resize id="2032" type="expand" space="nursery" amount="4587520" count="1" timems="0.063" reason="excessive time being spent scavenging" timestamp="2025-12-15T03:34:34.211" />
<gc-end id="2033" type="scavenge" contextid="2028" durationms="12.851" usertimems="40.130" systemtimems="5.299" stalltimems="14.134" timestamp="2025-12-15T03:34:34.212" activeThreads="6">
  <mem-info id="2034" free="46795536" total="141557760" percent="33">
    <mem type="nursery" free="27328512" total="70778880" percent="38">
      <mem type="allocate" free="27328512" total="41353216" percent="66" />
      <mem type="survivor" free="0" total="29425664" percent="0" />
    </mem>
    <mem type="tenure" free="19467024" total="70778880" percent="27" macro-fragmented="15967895">
      <mem type="soa" free="15928080" total="67239936" percent="23" />
      <mem type="loa" free="3538944" total="3538944" percent="100" />
    </mem>
    <pending-finalizers system="0" default="1182" reference="9" classloader="0" />
    <remembered-set count="4382" />
  </mem-info>
</gc-end>
<cycle-end id="2035" type="scavenge" contextid="2028" timestamp="2025-12-15T03:34:34.213" />
<allocation-satisfied id="2036" threadId="000000000086B100" bytesRequested="8200" />
<af-end id="2037" timestamp="2025-12-15T03:34:34.214" threadId="000000000086BB78" success="true" from="nursery"/>
<exclusive-end id="2038" timestamp="2025-12-15T03:34:34.214" durationms="18.102" />

<exclusive-start id="2039" timestamp="2025-12-15T03:34:34.242" intervalms="46.152">
  <response-info timems="0.346" idlems="0.270" threads="1" lastid="000000000004BA00" lastname="IProfiler" />
</exclusive-start>
<af-start id="2040" threadId="0000000000864278" totalBytesRequested="80" timestamp="2025-12-15T03:34:34.243" intervalms="46.298" type="nursery" />
<cycle-start id="2041" type="scavenge" contextid="0" timestamp="2025-12-15T03:34:34.244" intervalms="46.456" />
<gc-start id="2042" type="scavenge" contextid="2041" timestamp="2025-12-15T03:34:34.245">
  <mem-info id="2043" free="19466952" total="141557760" percent="13">
    <mem type="nursery" free="0" total="70778880" percent="0">
      <mem type="allocate" free="0" total="41353216" percent="0" />
      <mem type="survivor" free="0" total="29425664" percent="0" />
    </mem>
    <mem type="tenure" free="19466952" total="70778880" percent="27">
      <mem type="soa" free="15928008" total="67239936" percent="23" />
      <mem type="loa" free="3538944" total="3538944" percent="100" />
    </mem>
    <remembered-set count="4430" />
  </mem-info>
</gc-start>
<allocation-stats totalBytes="27149544" discardedBytes="179040" >
  <allocated-bytes non-tlh="171944" tlh="26977600" />
  <largest-consumer threadName="Default Executor-thread-4" threadId="0000000000867500" bytes="8663560" />
</allocation-stats>
<gc-op id="2044" type="scavenge" timems="13.403" contextid="2041" timestamp="2025-12-15T03:34:34.260">
  <scavenger-info tenureage="6" tenuremask="7fc0" tiltratio="58" />
  <memory-copied type="nursery" objects="154168" bytes="13142496" bytesdiscarded="367936" />
  <memory-copied type="tenure" objects="11259" bytes="1176616" bytesdiscarded="5048" />
  <finalization candidates="656" enqueued="654" />
  <ownableSynchronizers candidates="59" cleared="16" />
  <references type="soft" candidates="83" cleared="0" enqueued="0" dynamicThreshold="9" maxThreshold="32" />
  <references type="weak" candidates="129" cleared="11" enqueued="11" />
  <references type="phantom" candidates="114" cleared="0" enqueued="0" />
  <object-monitors candidates="104" cleared="0"  />
</gc-op>
<heap-resize id="2045" type="expand" space="nursery" amount="10616832" count="1" timems="0.052" reason="excessive time being spent scavenging" timestamp="2025-12-15T03:34:34.260" />
<gc-end id="2046" type="scavenge" contextid="2041" durationms="16.386" usertimems="56.863" systemtimems="6.701" stalltimems="19.082" timestamp="2025-12-15T03:34:34.261" activeThreads="7">
  <mem-info id="2047" free="56027856" total="152174592" percent="36">
    <mem type="nursery" free="38129560" total="81395712" percent="46">
      <mem type="allocate" free="38129560" total="51642368" percent="73" />
      <mem type="survivor" free="0" total="29753344" percent="0" />
    </mem>
    <mem type="tenure" free="17898296" total="70778880" percent="25" macro-fragmented="11146344">
      <mem type="soa" free="14359352" total="67239936" percent="21" />
      <mem type="loa" free="3538944" total="3538944" percent="100" />
    </mem>
    <pending-finalizers system="0" default="654" reference="11" classloader="0" />
    <remembered-set count="4138" />
  </mem-info>
</gc-end>
<cycle-end id="2048" type="scavenge" contextid="2041" timestamp="2025-12-15T03:34:34.262" />
<allocation-satisfied id="2049" threadId="0000000000863800" bytesRequested="80" />
<af-end id="2050" timestamp="2025-12-15T03:34:34.264" threadId="0000000000864278" success="true" from="nursery"/>
<exclusive-end id="2051" timestamp="2025-12-15T03:34:34.264" durationms="21.572" />

<exclusive-start id="2052" timestamp="2025-12-15T03:34:34.313" intervalms="70.323">
  <response-info timems="0.063" idlems="0.063" threads="0" lastid="0000000000867500" lastname="Default Executor-thread-4" />
</exclusive-start>
<af-start id="2053" threadId="0000000000867F78" totalBytesRequested="120" timestamp="2025-12-15T03:34:34.313" intervalms="70.163" type="nursery" />
<cycle-start id="2054" type="scavenge" contextid="0" timestamp="2025-12-15T03:34:34.314" intervalms="69.931" />
<gc-start id="2055" type="scavenge" contextid="2054" timestamp="2025-12-15T03:34:34.315">
  <mem-info id="2056" free="17898296" total="152174592" percent="11">
    <mem type="nursery" free="0" total="81395712" percent="0">
      <mem type="allocate" free="0" total="51642368" percent="0" />
      <mem type="survivor" free="0" total="29753344" percent="0" />
    </mem>
    <mem type="tenure" free="17898296" total="70778880" percent="25">
      <mem type="soa" free="14359352" total="67239936" percent="21" />
      <mem type="loa" free="3538944" total="3538944" percent="100" />
    </mem>
    <remembered-set count="4250" />
  </mem-info>
</gc-start>
<allocation-stats totalBytes="38105104" discardedBytes="24456" >
  <allocated-bytes non-tlh="80" tlh="38105024" />
  <largest-consumer threadName="Default Executor-thread-5" threadId="000000000086B100" bytes="11932552" />
</allocation-stats>
<gc-op id="2057" type="scavenge" timems="14.114" contextid="2054" timestamp="2025-12-15T03:34:34.331">
  <scavenger-info tenureage="3" tenuremask="7fc8" tiltratio="63" />
  <memory-copied type="nursery" objects="105130" bytes="12110696" bytesdiscarded="346896" />
  <memory-copied type="tenure" objects="75049" bytes="3756080" bytesdiscarded="1648" />
  <finalization candidates="891" enqueued="888" />
  <ownableSynchronizers candidates="70" cleared="21" />
  <references type="soft" candidates="6" cleared="0" enqueued="0" dynamicThreshold="9" maxThreshold="32" />
  <references type="weak" candidates="68" cleared="16" enqueued="16" />
  <references type="phantom" candidates="92" cleared="0" enqueued="0" />
  <object-monitors candidates="104" cleared="0"  />
</gc-op>
<heap-resize id="2058" type="expand" space="nursery" amount="8912896" count="1" timems="0.059" reason="excessive time being spent scavenging" timestamp="2025-12-15T03:34:34.331" />
<gc-end id="2059" type="scavenge" contextid="2054" durationms="16.942" usertimems="60.088" systemtimems="7.297" stalltimems="41.546" timestamp="2025-12-15T03:34:34.332" activeThreads="8">
  <mem-info id="2060" free="65084968" total="161087488" percent="40">
    <mem type="nursery" free="51241504" total="90308608" percent="56">
      <mem type="allocate" free="51241504" total="63700992" percent="80" />
      <mem type="survivor" free="0" total="26607616" percent="0" />
    </mem>
    <mem type="tenure" free="13843464" total="70778880" percent="19" macro-fragmented="12399358">
      <mem type="soa" free="10304520" total="67239936" percent="15" />
      <mem type="loa" free="3538944" total="3538944" percent="100" />
    </mem>
    <pending-finalizers system="0" default="888" reference="16" classloader="0" />
    <remembered-set count="4563" />
  </mem-info>
</gc-end>
<cycle-end id="2061" type="scavenge" contextid="2054" timestamp="2025-12-15T03:34:34.333" />
<allocation-satisfied id="2062" threadId="0000000000867500" bytesRequested="120" />
<af-end id="2063" timestamp="2025-12-15T03:34:34.334" threadId="0000000000867F78" success="true" from="nursery"/>
<exclusive-end id="2064" timestamp="2025-12-15T03:34:34.335" durationms="21.958" />

<exclusive-start id="2065" timestamp="2025-12-15T03:34:34.408" intervalms="94.892">
  <response-info timems="0.065" idlems="0.051" threads="1" lastid="000000000086B100" lastname="Default Executor-thread-5" />
</exclusive-start>
<af-start id="2066" threadId="0000000000873978" totalBytesRequested="264" timestamp="2025-12-15T03:34:34.408" intervalms="94.998" type="nursery" />
<cycle-start id="2067" type="scavenge" contextid="0" timestamp="2025-12-15T03:34:34.409" intervalms="95.347" />
<gc-start id="2068" type="scavenge" contextid="2067" timestamp="2025-12-15T03:34:34.410">
  <mem-info id="2069" free="13843104" total="161087488" percent="8">
    <mem type="nursery" free="0" total="90308608" percent="0">
      <mem type="allocate" free="0" total="63700992" percent="0" />
      <mem type="survivor" free="0" total="26607616" percent="0" />
    </mem>
    <mem type="tenure" free="13843104" total="70778880" percent="19">
      <mem type="soa" free="10304160" total="67239936" percent="15" />
      <mem type="loa" free="3538944" total="3538944" percent="100" />
    </mem>
    <remembered-set count="4988" />
  </mem-info>
</gc-start>
<allocation-stats totalBytes="51186824" discardedBytes="55040" >
  <allocated-bytes non-tlh="8680" tlh="51178144" />
  <largest-consumer threadName="Default Executor-thread-3" threadId="0000000000863800" bytes="15706048" />
</allocation-stats>
<gc-op id="2070" type="scavenge" timems="19.614" contextid="2067" timestamp="2025-12-15T03:34:34.431">
  <scavenger-info tenureage="5" tenuremask="7fe0" tiltratio="70" />
  <memory-copied type="nursery" objects="87126" bytes="8681752" bytesdiscarded="409872" />
  <memory-copied type="tenure" objects="29539" bytes="2988816" bytesdiscarded="1776" />
  <finalization candidates="1090" enqueued="1087" />
  <ownableSynchronizers candidates="52" cleared="17" />
  <references type="weak" candidates="61" cleared="27" enqueued="27" />
  <references type="phantom" candidates="35" cleared="0" enqueued="0" />
  <object-monitors candidates="104" cleared="0"  />
</gc-op>
<heap-resize id="2071" type="expand" space="nursery" amount="9175040" count="1" timems="0.047" reason="excessive time being spent scavenging" timestamp="2025-12-15T03:34:34.432" />
<gc-end id="2072" type="scavenge" contextid="2067" durationms="22.360" usertimems="42.634" systemtimems="28.909" stalltimems="46.525" timestamp="2025-12-15T03:34:34.433" activeThreads="8">
  <mem-info id="2073" free="76343744" total="170262528" percent="44">
    <mem type="nursery" free="66010768" total="99483648" percent="66">
      <mem type="allocate" free="66010768" total="75104256" percent="87" />
      <mem type="survivor" free="0" total="24379392" percent="0" />
    </mem>
    <mem type="tenure" free="10332976" total="70778880" percent="14" macro-fragmented="9042711">
      <mem type="soa" free="6794032" total="67239936" percent="10" />
      <mem type="loa" free="3538944" total="3538944" percent="100" />
    </mem>
    <pending-finalizers system="0" default="1087" reference="27" classloader="0" />
    <remembered-set count="1334" />
  </mem-info>
</gc-end>
<cycle-end id="2074" type="scavenge" contextid="2067" timestamp="2025-12-15T03:34:34.433" />
<allocation-satisfied id="2075" threadId="0000000000872F00" bytesRequested="264" />
<af-end id="2076" timestamp="2025-12-15T03:34:34.435" threadId="0000000000873978" success="true" from="nursery"/>
<exclusive-end id="2077" timestamp="2025-12-15T03:34:34.435" durationms="27.400" />

<concurrent-kickoff id="2078" timestamp="2025-12-15T03:34:34.521">
  <kickoff reason="threshold reached" targetBytes="35810680" thresholdFreeBytes="4970194"  remainingFree="4796048" tenureFreeBytes="10332976" nurseryFreeBytes="4796048" />
</concurrent-kickoff>
<exclusive-start id="2079" timestamp="2025-12-15T03:34:34.524" intervalms="116.120">
  <response-info timems="0.059" idlems="0.059" threads="0" lastid="0000000000872F00" lastname="Default Executor-thread-6" />
</exclusive-start>
<cycle-start id="2080" type="global" contextid="0" timestamp="2025-12-15T03:34:34.524" intervalms="681.612" />
<concurrent-start id="2081" type="global mark" contextid="2080" timestamp="2025-12-15T03:34:34.525">
</concurrent-start>
<exclusive-end id="2082" timestamp="2025-12-15T03:34:34.525" durationms="1.676" />

<exclusive-start id="2083" timestamp="2025-12-15T03:34:34.566" intervalms="41.988">
  <response-info timems="0.123" idlems="0.123" threads="0" lastid="000000000085BB00" lastname="Default Executor-thread-2" />
</exclusive-start>
<af-start id="2084" threadId="000000000085C578" totalBytesRequested="24" timestamp="2025-12-15T03:34:34.566" intervalms="158.002" type="nursery" />
<cycle-start id="2085" type="scavenge" contextid="0" timestamp="2025-12-15T03:34:34.567" intervalms="157.697" />
<gc-start id="2086" type="scavenge" contextid="2085" timestamp="2025-12-15T03:34:34.568">
  <mem-info id="2087" free="10332976" total="170262528" percent="6">
    <mem type="nursery" free="0" total="99483648" percent="0">
      <mem type="allocate" free="0" total="75104256" percent="0" />
      <mem type="survivor" free="0" total="24379392" percent="0" />
    </mem>
    <mem type="tenure" free="10332976" total="70778880" percent="14">
      <mem type="soa" free="6794032" total="67239936" percent="10" />
      <mem type="loa" free="3538944" total="3538944" percent="100" />
    </mem>
    <remembered-set count="1664" />
  </mem-info>
</gc-start>
<allocation-stats totalBytes="65921912" discardedBytes="88856" >
  <allocated-bytes non-tlh="26688" tlh="65895224" />
  <largest-consumer threadName="Default Executor-thread-6" threadId="0000000000872F00" bytes="20712304" />
</allocation-stats>
<gc-op id="2088" type="scavenge" timems="8.705" contextid="2085" timestamp="2025-12-15T03:34:34.578">
  <scavenger-info tenureage="6" tenuremask="7fc0" tiltratio="75" />
  <memory-copied type="nursery" objects="103010" bytes="10081536" bytesdiscarded="254664" />
  <finalization candidates="1375" enqueued="1372" />
  <ownableSynchronizers candidates="35" cleared="0" />
  <references type="weak" candidates="101" cleared="62" enqueued="62" />
  <references type="phantom" candidates="34" cleared="2" enqueued="2" />
  <object-monitors candidates="104" cleared="0"  />
</gc-op>
<gc-end id="2089" type="scavenge" contextid="2085" durationms="10.716" usertimems="33.899" systemtimems="9.054" stalltimems="35.000" timestamp="2025-12-15T03:34:34.579" activeThreads="9">
  <mem-info id="2090" free="78896512" total="170262528" percent="46">
    <mem type="nursery" free="68563536" total="99483648" percent="68">
      <mem type="allocate" free="68563536" total="78905344" percent="86" />
      <mem type="survivor" free="0" total="20578304" percent="0" />
    </mem>
    <mem type="tenure" free="10332976" total="70778880" percent="14" macro-fragmented="9561168">
      <mem type="soa" free="6794032" total="67239936" percent="10" />
      <mem type="loa" free="3538944" total="3538944" percent="100" />
    </mem>
    <pending-finalizers system="0" default="1372" reference="64" classloader="0" />
    <remembered-set count="1481" />
  </mem-info>
</gc-end>
<cycle-end id="2091" type="scavenge" contextid="2085" timestamp="2025-12-15T03:34:34.580" />
<allocation-satisfied id="2092" threadId="000000000085BB00" bytesRequested="24" />
<af-end id="2093" timestamp="2025-12-15T03:34:34.581" threadId="000000000085C578" success="true" from="nursery"/>
<exclusive-end id="2094" timestamp="2025-12-15T03:34:34.581" durationms="15.339" />

<exclusive-start id="2095" timestamp="2025-12-15T03:34:34.680" intervalms="113.980">
  <response-info timems="0.062" idlems="0.062" threads="0" lastid="0000000000863800" lastname="Default Executor-thread-3" />
</exclusive-start>
<af-start id="2096" threadId="0000000000864278" totalBytesRequested="1032" timestamp="2025-12-15T03:34:34.680" intervalms="114.030" type="nursery" />
<cycle-start id="2097" type="scavenge" contextid="0" timestamp="2025-12-15T03:34:34.681" intervalms="114.103" />
<gc-start id="2098" type="scavenge" contextid="2097" timestamp="2025-12-15T03:34:34.682">
  <mem-info id="2099" free="10329048" total="170262528" percent="6">
    <mem type="nursery" free="0" total="99483648" percent="0">
      <mem type="allocate" free="0" total="78905344" percent="0" />
      <mem type="survivor" free="0" total="20578304" percent="0" />
    </mem>
    <mem type="tenure" free="10329048" total="70778880" percent="14">
      <mem type="soa" free="6790104" total="67239936" percent="10" />
      <mem type="loa" free="3538944" total="3538944" percent="100" />
    </mem>
    <remembered-set count="1840" />
  </mem-info>
</gc-start>
<allocation-stats totalBytes="68547632" discardedBytes="19832" >
  <allocated-bytes non-tlh="326872" tlh="68220760" />
  <largest-consumer threadName="Default Executor-thread-5" threadId="000000000086B100" bytes="18052032" />
</allocation-stats>
<gc-op id="2100" type="scavenge" timems="7.622" contextid="2097" timestamp="2025-12-15T03:34:34.691">
  <scavenger-info tenureage="6" tenuremask="7fc0" tiltratio="79" />
  <memory-copied type="nursery" objects="144611" bytes="7504128" bytesdiscarded="105760" />
  <finalization candidates="415" enqueued="383" />
  <ownableSynchronizers candidates="51" cleared="8" />
  <references type="soft" candidates="24" cleared="0" enqueued="0" dynamicThreshold="9" maxThreshold="32" />
  <references type="weak" candidates="209" cleared="167" enqueued="167" />
  <references type="phantom" candidates="101" cleared="57" enqueued="57" />
  <object-monitors candidates="104" cleared="0"  />
</gc-op>
<heap-resize id="2101" type="expand" space="nursery" amount="5111808" count="1" timems="0.101" reason="excessive time being spent scavenging" timestamp="2025-12-15T03:34:34.692" />
<gc-end id="2102" type="scavenge" contextid="2097" durationms="10.244" usertimems="28.690" systemtimems="7.515" stalltimems="24.797" timestamp="2025-12-15T03:34:34.692" activeThreads="8">
  <mem-info id="2103" free="87305784" total="175374336" percent="49">
    <mem type="nursery" free="76976736" total="104595456" percent="73">
      <mem type="allocate" free="76976736" total="84606976" percent="90" />
      <mem type="survivor" free="0" total="19988480" percent="0" />
    </mem>
    <mem type="tenure" free="10329048" total="70778880" percent="14" macro-fragmented="8486097">
      <mem type="soa" free="6790104" total="67239936" percent="10" />
      <mem type="loa" free="3538944" total="3538944" percent="100" />
    </mem>
    <pending-finalizers system="0" default="383" reference="224" classloader="0" />
    <remembered-set count="1720" />
  </mem-info>
</gc-end>
<cycle-end id="2104" type="scavenge" contextid="2097" timestamp="2025-12-15T03:34:34.693" />
<allocation-satisfied id="2105" threadId="0000000000863800" bytesRequested="1032" />
<af-end id="2106" timestamp="2025-12-15T03:34:34.694" threadId="0000000000864278" success="true" from="nursery"/>
<exclusive-end id="2107" timestamp="2025-12-15T03:34:34.695" durationms="15.167" />

<exclusive-start id="2108" timestamp="2025-12-15T03:34:34.838" intervalms="158.252">
  <response-info timems="0.061" idlems="0.061" threads="0" lastid="0000000000872F00" lastname="Default Executor-thread-6" />
</exclusive-start>
<af-start id="2109" threadId="0000000000873978" totalBytesRequested="1040" timestamp="2025-12-15T03:34:34.839" intervalms="158.183" type="nursery" />
<cycle-start id="2110" type="scavenge" contextid="0" timestamp="2025-12-15T03:34:34.839" intervalms="158.139" />
<gc-start id="2111" type="scavenge" contextid="2110" timestamp="2025-12-15T03:34:34.840">
  <mem-info id="2112" free="10307016" total="175374336" percent="5">
    <mem type="nursery" free="0" total="104595456" percent="0">
      <mem type="allocate" free="0" total="84606976" percent="0" />
      <mem type="survivor" free="0" total="19988480" percent="0" />
    </mem>
    <mem type="tenure" free="10307016" total="70778880" percent="14">
      <mem type="soa" free="6768072" total="67239936" percent="10" />
      <mem type="loa" free="3538944" total="3538944" percent="100" />
    </mem>
    <remembered-set count="2474" />
  </mem-info>
</gc-start>
<allocation-stats totalBytes="76972544" discardedBytes="26224" >
  <allocated-bytes non-tlh="170408" tlh="76802136" />
  <largest-consumer threadName="Default Executor-thread-6" threadId="0000000000872F00" bytes="19656352" />
</allocation-stats>
<gc-op id="2113" type="scavenge" timems="8.242" contextid="2110" timestamp="2025-12-15T03:34:34.850">
  <scavenger-info tenureage="7" tenuremask="7f80" tiltratio="80" />
  <memory-copied type="nursery" objects="182113" bytes="9572512" bytesdiscarded="86496" />
  <finalization candidates="317" enqueued="244" />
  <ownableSynchronizers candidates="89" cleared="28" />
  <references type="soft" candidates="139" cleared="0" enqueued="0" dynamicThreshold="9" maxThreshold="32" />
  <references type="weak" candidates="346" cleared="281" enqueued="281" />
  <references type="phantom" candidates="231" cleared="198" enqueued="198" />
  <object-monitors candidates="104" cleared="0"  />
</gc-op>
<gc-end id="2114" type="scavenge" contextid="2110" durationms="10.260" usertimems="42.123" systemtimems="1.557" stalltimems="21.522" timestamp="2025-12-15T03:34:34.851" activeThreads="8">
  <mem-info id="2115" free="87143432" total="175374336" percent="49">
    <mem type="nursery" free="76836416" total="104595456" percent="73">
      <mem type="allocate" free="76836416" total="86507520" percent="88" />
      <mem type="survivor" free="0" total="18087936" percent="0" />
    </mem>
    <mem type="tenure" free="10307016" total="70778880" percent="14" macro-fragmented="9561168">
      <mem type="soa" free="6768072" total="67239936" percent="10" />
      <mem type="loa" free="3538944" total="3538944" percent="100" />
    </mem>
    <pending-finalizers system="6" default="238" reference="479" classloader="0" />
    <remembered-set count="2350" />
  </mem-info>
</gc-end>
<cycle-end id="2116" type="scavenge" contextid="2110" timestamp="2025-12-15T03:34:34.851" />
<allocation-satisfied id="2117" threadId="0000000000872F00" bytesRequested="1040" />
<af-end id="2118" timestamp="2025-12-15T03:34:34.853" threadId="0000000000873978" success="true" from="nursery"/>
<exclusive-end id="2119" timestamp="2025-12-15T03:34:34.853" durationms="15.092" />

<exclusive-start id="2120" timestamp="2025-12-15T03:34:35.013" intervalms="175.124">
  <response-info timems="0.065" idlems="0.065" threads="0" lastid="000000000085BB00" lastname="Default Executor-thread-2" />
</exclusive-start>
<af-start id="2121" threadId="000000000085C578" totalBytesRequested="1704" timestamp="2025-12-15T03:34:35.014" intervalms="175.268" type="nursery" />
<cycle-start id="2122" type="scavenge" contextid="0" timestamp="2025-12-15T03:34:35.015" intervalms="175.366" />
<gc-start id="2123" type="scavenge" contextid="2122" timestamp="2025-12-15T03:34:35.016">
  <mem-info id="2124" free="10281080" total="175374336" percent="5">
    <mem type="nursery" free="0" total="104595456" percent="0">
      <mem type="allocate" free="0" total="86507520" percent="0" />
      <mem type="survivor" free="0" total="18087936" percent="0" />
    </mem>
    <mem type="tenure" free="10281080" total="70778880" percent="14">
      <mem type="soa" free="6742136" total="67239936" percent="10" />
      <mem type="loa" free="3538944" total="3538944" percent="100" />
    </mem>
    <remembered-set count="2857" />
  </mem-info>
</gc-start>
<allocation-stats totalBytes="76817256" discardedBytes="45096" >
  <allocated-bytes non-tlh="706064" tlh="76111192" />
  <largest-consumer threadName="ClassloaderMapProcessingThread-9" threadId="000000000148D700" bytes="21684392" />
</allocation-stats>
<gc-op id="2125" type="scavenge" timems="10.595" contextid="2122" timestamp="2025-12-15T03:34:35.027">
  <scavenger-info tenureage="7" tenuremask="7f80" tiltratio="82" />
  <memory-copied type="nursery" objects="160899" bytes="11530920" bytesdiscarded="206656" />
  <memory-copied type="tenure" objects="32449" bytes="1387056" bytesdiscarded="1352" />
  <finalization candidates="531" enqueued="453" />
  <ownableSynchronizers candidates="128" cleared="52" />
  <references type="soft" candidates="228" cleared="0" enqueued="0" dynamicThreshold="9" maxThreshold="32" />
  <references type="weak" candidates="447" cleared="269" enqueued="269" />
  <references type="phantom" candidates="237" cleared="44" enqueued="44" />
  <object-monitors candidates="129" cleared="24"  />
</gc-op>
<heap-resize id="2126" type="expand" space="nursery" amount="4325376" count="1" timems="0.181" reason="excessive time being spent scavenging" timestamp="2025-12-15T03:34:35.028" />
<gc-end id="2127" type="scavenge" contextid="2122" durationms="13.476" usertimems="58.838" systemtimems="11.807" stalltimems="17.010" timestamp="2025-12-15T03:34:35.029" activeThreads="8">
  <mem-info id="2128" free="88376208" total="179699712" percent="49">
    <mem type="nursery" free="79415640" total="108920832" percent="72">
      <mem type="allocate" free="79415640" total="91160576" percent="87" />
      <mem type="survivor" free="0" total="17760256" percent="0" />
    </mem>
    <mem type="tenure" free="8960568" total="70778880" percent="12" macro-fragmented="0">
      <mem type="soa" free="5421624" total="67239936" percent="8" />
      <mem type="loa" free="3538944" total="3538944" percent="100" />
    </mem>
    <pending-finalizers system="65" default="388" reference="313" classloader="0" />
    <remembered-set count="2859" />
  </mem-info>
</gc-end>
<cycle-end id="2129" type="scavenge" contextid="2122" timestamp="2025-12-15T03:34:35.030" />
<allocation-satisfied id="2130" threadId="000000000085BB00" bytesRequested="1704" />
<af-end id="2131" timestamp="2025-12-15T03:34:35.031" threadId="000000000085C578" success="true" from="nursery"/>
<exclusive-end id="2132" timestamp="2025-12-15T03:34:35.032" durationms="18.461" />

<concurrent-end id="2133" type="global mark" contextid="2080" timestamp="2025-12-15T03:34:35.221">
<gc-op id="2134" type="trace" timems="695.928" contextid="2080" timestamp="2025-12-15T03:34:35.221">
  <trace bytesTraced="38419816" workStackOverflowCount="0" />
  <card-cleaning reason="card cleaning threshold reached" bytesTraced="544964" cardsCleaned="1236" />
</gc-op>
</concurrent-end>

<exclusive-start id="2135" timestamp="2025-12-15T03:34:35.222" intervalms="209.274">
  <response-info timems="0.788" idlems="0.426" threads="1" lastid="0000000000872F00" lastname="Default Executor-thread-6" />
</exclusive-start>
<af-start id="2136" threadId="000000000148E178" totalBytesRequested="16" timestamp="2025-12-15T03:34:35.223" intervalms="209.046" type="nursery" />
<percolate-collect id="2137" from="nursery" to="global" reason="concurrent mark exhausted" timestamp="2025-12-15T03:34:35.223"/>
<gc-start id="2138" type="global" contextid="2080" timestamp="2025-12-15T03:34:35.224">
  <mem-info id="2139" free="8903376" total="179699712" percent="4">
    <mem type="nursery" free="0" total="108920832" percent="0">
      <mem type="allocate" free="0" total="91160576" percent="0" />
      <mem type="survivor" free="0" total="17760256" percent="0" />
    </mem>
    <mem type="tenure" free="8903376" total="70778880" percent="12">
      <mem type="soa" free="5364432" total="67239936" percent="7" />
      <mem type="loa" free="3538944" total="3538944" percent="100" />
    </mem>
    <remembered-set count="3539" />
  </mem-info>
</gc-start>
<allocation-stats totalBytes="79361768" discardedBytes="111064" >
  <allocated-bytes non-tlh="58896" tlh="79302872" />
  <largest-consumer threadName="Default Executor-thread-2" threadId="000000000085BB00" bytes="37881248" />
</allocation-stats>
<heap-resize id="2140" type="loa contract" space="tenure" amount="707584" count="1" timems="0.000" reason="contract underutilized loa" timestamp="2025-12-15T03:34:35.225" />
<gc-op id="2141" type="rs-scan" timems="5.229" contextid="2080" timestamp="2025-12-15T03:34:35.231">
  <scan objectsFound="154447" bytesTraced="6939768" workStackOverflowCount="0" />
</gc-op>
<gc-op id="2142" type="card-cleaning" timems="1.748" contextid="2080" timestamp="2025-12-15T03:34:35.234">
  <card-cleaning cardsCleaned="10" bytesTraced="5832" workStackOverflowCount="0" />
</gc-op>
<gc-op id="2143" type="mark" timems="27.536" contextid="2080" timestamp="2025-12-15T03:34:35.262">
  <trace-info objectcount="25101" scancount="19269" scanbytes="954212" />
  <finalization candidates="2568" enqueued="1672" />
  <ownableSynchronizers candidates="8763" cleared="1" />
  <references type="soft" candidates="12656" cleared="2" enqueued="2" dynamicThreshold="9" maxThreshold="32" />
  <references type="weak" candidates="15474" cleared="278" enqueued="278" />
  <references type="phantom" candidates="614" cleared="56" enqueued="56" />
  <stringconstants candidates="39258" cleared="10"  />
  <object-monitors candidates="226" cleared="112"  />
</gc-op>
<gc-op id="2144" type="classunload" timems="0.061" contextid="2080" timestamp="2025-12-15T03:34:35.262">
  <classunload-info classloadercandidates="422" classloadersunloaded="0" classesunloaded="0" anonymousclassesunloaded="0" quiescems="0.000" setupms="0.061" scanms="0.000" postms="0.000" />
</gc-op>
<gc-op id="2145" type="sweep" timems="5.742" contextid="2080" timestamp="2025-12-15T03:34:35.269" />
<heap-resize id="2146" type="expand" space="tenure" amount="10092544" count="1" timems="1.527" reason="insufficient free space following gc" timestamp="2025-12-15T03:34:35.271" />
<heap-resize id="2147" type="loa contract" space="tenure" amount="2426880" count="1" timems="0.000" reason="contract to meet minimum soa" timestamp="2025-12-15T03:34:35.272" />
<gc-end id="2148" type="global" contextid="2080" durationms="48.223" usertimems="147.914" systemtimems="37.771" stalltimems="513.195" timestamp="2025-12-15T03:34:35.272" activeThreads="20">
  <mem-info id="2149" free="95875408" total="189792256" percent="50">
    <mem type="nursery" free="71573824" total="108920832" percent="65">
      <mem type="allocate" free="71573824" total="91160576" percent="78" />
      <mem type="survivor" free="0" total="17760256" percent="0" />
    </mem>
    <mem type="tenure" free="24301584" total="80871424" percent="30" micro-fragmented="1566564" macro-fragmented="0">
      <mem type="soa" free="23492624" total="80062464" percent="29" />
      <mem type="loa" free="808960" total="808960" percent="100" />
    </mem>
    <pending-finalizers system="82" default="1590" reference="336" classloader="0" />
    <remembered-set count="3245" />
  </mem-info>
</gc-end>
<cycle-end id="2150" type="global" contextid="2080" timestamp="2025-12-15T03:34:35.273" />
<allocation-satisfied id="2151" threadId="000000000148D700" bytesRequested="16" />
<af-end id="2152" timestamp="2025-12-15T03:34:35.274" threadId="000000000148E178" success="true" from="nursery"/>
<exclusive-end id="2153" timestamp="2025-12-15T03:34:35.275" durationms="52.324" />

<exclusive-start id="2154" timestamp="2025-12-15T03:34:35.443" intervalms="220.682">
  <response-info timems="0.065" idlems="0.045" threads="3" lastid="0000000000863800" lastname="Default Executor-thread-3" />
</exclusive-start>
<af-start id="2155" threadId="0000000000873978" totalBytesRequested="4840" timestamp="2025-12-15T03:34:35.444" intervalms="220.734" type="nursery" />
<cycle-start id="2156" type="scavenge" contextid="0" timestamp="2025-12-15T03:34:35.444" intervalms="429.665" />
<gc-start id="2157" type="scavenge" contextid="2156" timestamp="2025-12-15T03:34:35.445">
  <mem-info id="2158" free="24236432" total="189792256" percent="12">
    <mem type="nursery" free="0" total="108920832" percent="0">
      <mem type="allocate" free="0" total="91160576" percent="0" />
      <mem type="survivor" free="0" total="17760256" percent="0" />
    </mem>
    <mem type="tenure" free="24236432" total="80871424" percent="29">
      <mem type="soa" free="23427472" total="80062464" percent="29" />
      <mem type="loa" free="808960" total="808960" percent="100" />
    </mem>
    <remembered-set count="4330" />
  </mem-info>
</gc-start>
<allocation-stats totalBytes="70298920" discardedBytes="1145488" >
  <allocated-bytes non-tlh="15741240" tlh="54557680" />
  <largest-consumer threadName="Default Executor-thread-2" threadId="000000000085BB00" bytes="41732392" />
</allocation-stats>
<gc-op id="2159" type="scavenge" timems="12.729" contextid="2156" timestamp="2025-12-15T03:34:35.459">
  <scavenger-info tenureage="7" tenuremask="7f80" tiltratio="83" />
  <memory-copied type="nursery" objects="242452" bytes="17716016" bytesdiscarded="25664" />
  <memory-copied type="tenure" objects="13221" bytes="3224384" bytesdiscarded="35056" />
  <copy-failed type="nursery" objects="8674" bytes="3006288" />
  <finalization candidates="2136" enqueued="2032" />
  <ownableSynchronizers candidates="17537" cleared="17449" />
  <references type="soft" candidates="415" cleared="0" enqueued="0" dynamicThreshold="9" maxThreshold="32" />
  <references type="weak" candidates="769" cleared="477" enqueued="477" />
  <references type="phantom" candidates="398" cleared="170" enqueued="170" />
  <object-monitors candidates="218" cleared="95"  />
</gc-op>
<gc-end id="2160" type="scavenge" contextid="2156" durationms="15.084" usertimems="82.712" systemtimems="7.013" stalltimems="35.654" timestamp="2025-12-15T03:34:35.460" activeThreads="9">
  <mem-info id="2161" free="74804216" total="189792256" percent="39">
    <mem type="nursery" free="54067200" total="108920832" percent="49">
      <mem type="allocate" free="54067200" total="71827456" percent="75" />
      <mem type="survivor" free="0" total="37093376" percent="0" />
    </mem>
    <mem type="tenure" free="20737016" total="80871424" percent="25" macro-fragmented="16050736">
      <mem type="soa" free="19928056" total="80062464" percent="24" />
      <mem type="loa" free="808960" total="808960" percent="100" />
    </mem>
    <pending-finalizers system="35" default="1997" reference="647" classloader="0" />
    <remembered-set count="5092" />
  </mem-info>
</gc-end>
<cycle-end id="2162" type="scavenge" contextid="2156" timestamp="2025-12-15T03:34:35.461" />
<allocation-satisfied id="2163" threadId="0000000000872F00" bytesRequested="4840" />
<af-end id="2164" timestamp="2025-12-15T03:34:35.462" threadId="0000000000873978" success="true" from="nursery"/>
<exclusive-end id="2165" timestamp="2025-12-15T03:34:35.463" durationms="19.906" />

<exclusive-start id="2166" timestamp="2025-12-15T03:34:35.604" intervalms="160.762">
  <response-info timems="0.497" idlems="0.270" threads="1" lastid="000000000086B100" lastname="Default Executor-thread-5" />
</exclusive-start>
<af-start id="2167" threadId="0000000001891678" totalBytesRequested="16" timestamp="2025-12-15T03:34:35.605" intervalms="160.855" type="nursery" />
<cycle-start id="2168" type="scavenge" contextid="0" timestamp="2025-12-15T03:34:35.605" intervalms="160.807" />
<gc-start id="2169" type="scavenge" contextid="2168" timestamp="2025-12-15T03:34:35.607">
  <mem-info id="2170" free="20681256" total="189792256" percent="10">
    <mem type="nursery" free="0" total="108920832" percent="0">
      <mem type="allocate" free="0" total="71827456" percent="0" />
      <mem type="survivor" free="0" total="37093376" percent="0" />
    </mem>
    <mem type="tenure" free="20681256" total="80871424" percent="25">
      <mem type="soa" free="19872296" total="80062464" percent="24" />
      <mem type="loa" free="808960" total="808960" percent="100" />
    </mem>
    <remembered-set count="6235" />
  </mem-info>
</gc-start>
<allocation-stats totalBytes="54102728" discardedBytes="20232" >
  <allocated-bytes non-tlh="80104" tlh="54022624" />
  <largest-consumer threadName="Default Executor-thread-2" threadId="000000000085BB00" bytes="35977032" />
</allocation-stats>
<gc-op id="2171" type="scavenge" timems="12.506" contextid="2168" timestamp="2025-12-15T03:34:35.621">
  <scavenger-info tenureage="7" tenuremask="7f80" tiltratio="65" />
  <memory-copied type="nursery" objects="288131" bytes="21166272" bytesdiscarded="258224" />
  <memory-copied type="tenure" objects="6929" bytes="457584" bytesdiscarded="752" />
  <finalization candidates="1597" enqueued="1494" />
  <ownableSynchronizers candidates="578" cleared="208" />
  <references type="soft" candidates="688" cleared="0" enqueued="0" dynamicThreshold="9" maxThreshold="32" />
  <references type="weak" candidates="777" cleared="309" enqueued="309" />
  <references type="phantom" candidates="262" cleared="16" enqueued="16" />
  <object-monitors candidates="157" cleared="27"  />
</gc-op>
<heap-resize id="2172" type="expand" space="nursery" amount="4849664" count="1" timems="0.051" reason="excessive time being spent scavenging" timestamp="2025-12-15T03:34:35.621" />
<gc-end id="2173" type="scavenge" contextid="2168" durationms="15.364" usertimems="82.665" systemtimems="8.985" stalltimems="33.755" timestamp="2025-12-15T03:34:35.622" activeThreads="10">
  <mem-info id="2174" free="81934016" total="194641920" percent="42">
    <mem type="nursery" free="62115944" total="113770496" percent="54">
      <mem type="allocate" free="62115944" total="83558400" percent="74" />
      <mem type="survivor" free="0" total="30212096" percent="0" />
    </mem>
    <mem type="tenure" free="19818072" total="80871424" percent="24" macro-fragmented="13375613">
      <mem type="soa" free="19009112" total="80062464" percent="23" />
      <mem type="loa" free="808960" total="808960" percent="100" />
    </mem>
    <pending-finalizers system="35" default="1459" reference="325" classloader="0" />
    <remembered-set count="5687" />
  </mem-info>
</gc-end>
<cycle-end id="2175" type="scavenge" contextid="2168" timestamp="2025-12-15T03:34:35.623" />
<allocation-satisfied id="2176" threadId="0000000001890C00" bytesRequested="16" />
<af-end id="2177" timestamp="2025-12-15T03:34:35.624" threadId="0000000001891678" success="true" from="nursery"/>
<exclusive-end id="2178" timestamp="2025-12-15T03:34:35.625" durationms="21.169" />

<exclusive-start id="2179" timestamp="2025-12-15T03:34:35.827" intervalms="223.044">
  <response-info timems="0.086" idlems="0.086" threads="0" lastid="000000000085BB00" lastname="Default Executor-thread-2" />
</exclusive-start>
<af-start id="2180" threadId="000000000085C578" totalBytesRequested="4824" timestamp="2025-12-15T03:34:35.828" intervalms="223.039" type="nursery" />
<cycle-start id="2181" type="scavenge" contextid="0" timestamp="2025-12-15T03:34:35.828" intervalms="223.126" />
<gc-start id="2182" type="scavenge" contextid="2181" timestamp="2025-12-15T03:34:35.830">
  <mem-info id="2183" free="19765240" total="194641920" percent="10">
    <mem type="nursery" free="0" total="113770496" percent="0">
      <mem type="allocate" free="0" total="83558400" percent="0" />
      <mem type="survivor" free="0" total="30212096" percent="0" />
    </mem>
    <mem type="tenure" free="19765240" total="80871424" percent="24">
      <mem type="soa" free="18956280" total="80062464" percent="23" />
      <mem type="loa" free="808960" total="808960" percent="100" />
    </mem>
    <remembered-set count="6818" />
  </mem-info>
</gc-start>
<allocation-stats totalBytes="62126960" discardedBytes="38872" >
  <allocated-bytes non-tlh="49904" tlh="62077056" />
  <largest-consumer threadName="Default Executor-thread-2" threadId="000000000085BB00" bytes="43209848" />
</allocation-stats>
<gc-op id="2184" type="scavenge" timems="14.130" contextid="2181" timestamp="2025-12-15T03:34:35.845">
  <scavenger-info tenureage="4" tenuremask="7f90" tiltratio="73" />
  <memory-copied type="nursery" objects="320575" bytes="21867584" bytesdiscarded="644512" />
  <memory-copied type="tenure" objects="69786" bytes="3710672" bytesdiscarded="1936" />
  <finalization candidates="2168" enqueued="2065" />
  <ownableSynchronizers candidates="1286" cleared="880" />
  <references type="soft" candidates="1217" cleared="0" enqueued="0" dynamicThreshold="9" maxThreshold="32" />
  <references type="weak" candidates="766" cleared="146" enqueued="146" />
  <references type="phantom" candidates="260" cleared="1" enqueued="1" />
  <object-monitors candidates="137" cleared="4"  />
</gc-op>
<gc-end id="2185" type="scavenge" contextid="2181" durationms="16.185" usertimems="101.927" systemtimems="10.067" stalltimems="40.149" timestamp="2025-12-15T03:34:35.846" activeThreads="11">
  <mem-info id="2186" free="78677016" total="194641920" percent="40">
    <mem type="nursery" free="63061984" total="113770496" percent="55">
      <mem type="allocate" free="63061984" total="85590016" percent="73" />
      <mem type="survivor" free="0" total="28180480" percent="0" />
    </mem>
    <mem type="tenure" free="15615032" total="80871424" percent="19" macro-fragmented="13375613">
      <mem type="soa" free="14806072" total="80062464" percent="18" />
      <mem type="loa" free="808960" total="808960" percent="100" />
    </mem>
    <pending-finalizers system="3" default="2062" reference="147" classloader="0" />
    <remembered-set count="5911" />
  </mem-info>
</gc-end>
<cycle-end id="2187" type="scavenge" contextid="2181" timestamp="2025-12-15T03:34:35.847" />
<allocation-satisfied id="2188" threadId="000000000085BB00" bytesRequested="4824" />
<af-end id="2189" timestamp="2025-12-15T03:34:35.848" threadId="000000000085C578" success="true" from="nursery"/>
<exclusive-end id="2190" timestamp="2025-12-15T03:34:35.848" durationms="21.384" />

<exclusive-start id="2191" timestamp="2025-12-15T03:34:36.040" intervalms="212.939">
  <response-info timems="0.095" idlems="0.095" threads="0" lastid="000000000085BB00" lastname="Default Executor-thread-2" />
</exclusive-start>
<af-start id="2192" threadId="000000000085C578" totalBytesRequested="42760" timestamp="2025-12-15T03:34:36.041" intervalms="212.914" type="nursery" />
<cycle-start id="2193" type="scavenge" contextid="0" timestamp="2025-12-15T03:34:36.041" intervalms="212.983" />
<gc-start id="2194" type="scavenge" contextid="2193" timestamp="2025-12-15T03:34:36.042">
  <mem-info id="2195" free="15555040" total="194641920" percent="7">
    <mem type="nursery" free="0" total="113770496" percent="0">
      <mem type="allocate" free="0" total="85590016" percent="0" />
      <mem type="survivor" free="0" total="28180480" percent="0" />
    </mem>
    <mem type="tenure" free="15555040" total="80871424" percent="19">
      <mem type="soa" free="14746080" total="80062464" percent="18" />
      <mem type="loa" free="808960" total="808960" percent="100" />
    </mem>
    <remembered-set count="6922" />
  </mem-info>
</gc-start>
<allocation-stats totalBytes="63090728" discardedBytes="31248" >
  <allocated-bytes non-tlh="64816" tlh="63025912" />
  <largest-consumer threadName="Default Executor-thread-2" threadId="000000000085BB00" bytes="45612192" />
</allocation-stats>
<gc-op id="2196" type="scavenge" timems="15.510" contextid="2193" timestamp="2025-12-15T03:34:36.059">
  <scavenger-info tenureage="7" tenuremask="7f80" tiltratio="75" />
  <memory-copied type="nursery" objects="381384" bytes="24470928" bytesdiscarded="348912" />
  <memory-copied type="tenure" objects="7185" bytes="560720" bytesdiscarded="624" />
  <finalization candidates="2181" enqueued="2119" />
  <ownableSynchronizers candidates="669" cleared="234" />
  <references type="soft" candidates="1441" cleared="0" enqueued="0" dynamicThreshold="9" maxThreshold="32" />
  <references type="weak" candidates="1000" cleared="293" enqueued="293" />
  <references type="phantom" candidates="309" cleared="39" enqueued="39" />
  <object-monitors candidates="232" cleared="97"  />
</gc-op>
<heap-resize id="2197" type="expand" space="nursery" amount="5636096" count="1" timems="0.053" reason="excessive time being spent scavenging" timestamp="2025-12-15T03:34:36.060" />
<gc-end id="2198" type="scavenge" contextid="2193" durationms="18.230" usertimems="108.197" systemtimems="12.574" stalltimems="68.489" timestamp="2025-12-15T03:34:36.060" activeThreads="12">
  <mem-info id="2199" free="75192352" total="200278016" percent="37">
    <mem type="nursery" free="60422808" total="119406592" percent="50">
      <mem type="allocate" free="60422808" total="85262336" percent="70" />
      <mem type="survivor" free="0" total="34144256" percent="0" />
    </mem>
    <mem type="tenure" free="14769544" total="80871424" percent="18" macro-fragmented="13375613">
      <mem type="soa" free="13960584" total="80062464" percent="17" />
      <mem type="loa" free="808960" total="808960" percent="100" />
    </mem>
    <pending-finalizers system="74" default="2045" reference="332" classloader="0" />
    <remembered-set count="5054" />
  </mem-info>
</gc-end>
<cycle-end id="2200" type="scavenge" contextid="2193" timestamp="2025-12-15T03:34:36.061" />
<allocation-satisfied id="2201" threadId="000000000085BB00" bytesRequested="42760" />
<af-end id="2202" timestamp="2025-12-15T03:34:36.062" threadId="000000000085C578" success="true" from="nursery"/>
<exclusive-end id="2203" timestamp="2025-12-15T03:34:36.063" durationms="23.075" />

<exclusive-start id="2204" timestamp="2025-12-15T03:34:36.255" intervalms="215.124">
  <response-info timems="0.127" idlems="0.127" threads="0" lastid="000000000085BB00" lastname="Default Executor-thread-2" />
</exclusive-start>
<af-start id="2205" threadId="000000000085C578" totalBytesRequested="32" timestamp="2025-12-15T03:34:36.256" intervalms="215.162" type="nursery" />
<cycle-start id="2206" type="scavenge" contextid="0" timestamp="2025-12-15T03:34:36.256" intervalms="215.130" />
<gc-start id="2207" type="scavenge" contextid="2206" timestamp="2025-12-15T03:34:36.257">
  <mem-info id="2208" free="14719240" total="200278016" percent="7">
    <mem type="nursery" free="0" total="119406592" percent="0">
      <mem type="allocate" free="0" total="85262336" percent="0" />
      <mem type="survivor" free="0" total="34144256" percent="0" />
    </mem>
    <mem type="tenure" free="14719240" total="80871424" percent="18">
      <mem type="soa" free="13910280" total="80062464" percent="17" />
      <mem type="loa" free="808960" total="808960" percent="100" />
    </mem>
    <remembered-set count="6059" />
  </mem-info>
</gc-start>
<allocation-stats totalBytes="60460312" discardedBytes="12800" >
  <allocated-bytes non-tlh="93064" tlh="60367248" />
  <largest-consumer threadName="Default Executor-thread-2" threadId="000000000085BB00" bytes="42307600" />
</allocation-stats>
<gc-op id="2209" type="scavenge" timems="18.120" contextid="2206" timestamp="2025-12-15T03:34:36.277">
  <scavenger-info tenureage="5" tenuremask="7fa0" tiltratio="71" />
  <memory-copied type="nursery" objects="428090" bytes="23877184" bytesdiscarded="304616" />
  <memory-copied type="tenure" objects="60862" bytes="4621448" bytesdiscarded="3336" />
  <finalization candidates="1729" enqueued="1668" />
  <ownableSynchronizers candidates="2096" cleared="1660" />
  <references type="soft" candidates="1473" cleared="0" enqueued="0" dynamicThreshold="9" maxThreshold="32" />
  <references type="weak" candidates="765" cleared="43" enqueued="43" />
  <references type="phantom" candidates="110" cleared="1" enqueued="1" />
  <object-monitors candidates="136" cleared="0"  />
</gc-op>
<heap-resize id="2210" type="expand" space="nursery" amount="4718592" count="1" timems="0.054" reason="excessive time being spent scavenging" timestamp="2025-12-15T03:34:36.278" />
<gc-end id="2211" type="scavenge" contextid="2206" durationms="21.027" usertimems="157.770" systemtimems="3.137" stalltimems="65.971" timestamp="2025-12-15T03:34:36.278" activeThreads="12">
  <mem-info id="2212" free="76857120" total="204996608" percent="37">
    <mem type="nursery" free="66562432" total="124125184" percent="53">
      <mem type="allocate" free="66562432" total="90767360" percent="73" />
      <mem type="survivor" free="0" total="33357824" percent="0" />
    </mem>
    <mem type="tenure" free="10294688" total="80871424" percent="12" macro-fragmented="7740516">
      <mem type="soa" free="9485728" total="80062464" percent="11" />
      <mem type="loa" free="808960" total="808960" percent="100" />
    </mem>
    <pending-finalizers system="3" default="1665" reference="44" classloader="0" />
    <remembered-set count="8768" />
  </mem-info>
</gc-end>
<cycle-end id="2213" type="scavenge" contextid="2206" timestamp="2025-12-15T03:34:36.280" />
<allocation-satisfied id="2214" threadId="000000000085BB00" bytesRequested="32" />
<af-end id="2215" timestamp="2025-12-15T03:34:36.281" threadId="000000000085C578" success="true" from="nursery"/>
<exclusive-end id="2216" timestamp="2025-12-15T03:34:36.281" durationms="26.364" />

<exclusive-start id="2217" timestamp="2025-12-15T03:34:36.461" intervalms="205.795">
  <response-info timems="0.090" idlems="0.090" threads="0" lastid="0000000000872F00" lastname="Default Executor-thread-6" />
</exclusive-start>
<af-start id="2218" threadId="0000000000873978" totalBytesRequested="16" timestamp="2025-12-15T03:34:36.462" intervalms="205.904" type="nursery" />
<cycle-start id="2219" type="scavenge" contextid="0" timestamp="2025-12-15T03:34:36.462" intervalms="205.922" />
<gc-start id="2220" type="scavenge" contextid="2219" timestamp="2025-12-15T03:34:36.463">
  <mem-info id="2221" free="10269144" total="204996608" percent="5">
    <mem type="nursery" free="0" total="124125184" percent="0">
      <mem type="allocate" free="0" total="90767360" percent="0" />
      <mem type="survivor" free="0" total="33357824" percent="0" />
    </mem>
    <mem type="tenure" free="10269144" total="80871424" percent="12">
      <mem type="soa" free="9460184" total="80062464" percent="11" />
      <mem type="loa" free="808960" total="808960" percent="100" />
    </mem>
    <remembered-set count="9346" />
  </mem-info>
</gc-start>
<allocation-stats totalBytes="66576352" discardedBytes="11624" >
  <allocated-bytes non-tlh="25576" tlh="66550776" />
  <largest-consumer threadName="Default Executor-thread-2" threadId="000000000085BB00" bytes="48458624" />
</allocation-stats>
<gc-op id="2222" type="scavenge" timems="23.976" contextid="2219" timestamp="2025-12-15T03:34:36.488">
  <scavenger-info tenureage="4" tenuremask="7f90" tiltratio="73" />
  <memory-copied type="nursery" objects="396818" bytes="23723384" bytesdiscarded="478784" />
  <memory-copied type="tenure" objects="56055" bytes="2322704" bytesdiscarded="1880" />
  <finalization candidates="1712" enqueued="1685" />
  <ownableSynchronizers candidates="2959" cleared="2560" />
  <references type="soft" candidates="1286" cleared="0" enqueued="0" dynamicThreshold="9" maxThreshold="32" />
  <references type="weak" candidates="669" cleared="78" enqueued="78" />
  <references type="phantom" candidates="106" cleared="8" enqueued="8" />
  <object-monitors candidates="145" cleared="7"  />
</gc-op>
<heap-resize id="2223" type="expand" space="nursery" amount="6815744" count="1" timems="0.107" reason="excessive time being spent scavenging" timestamp="2025-12-15T03:34:36.489" />
<gc-end id="2224" type="scavenge" contextid="2219" durationms="26.782" usertimems="193.334" systemtimems="13.554" stalltimems="81.451" timestamp="2025-12-15T03:34:36.490" activeThreads="13">
  <mem-info id="2225" free="81449224" total="211812352" percent="38">
    <mem type="nursery" free="73433960" total="130940928" percent="56">
      <mem type="allocate" free="73433960" total="97648640" percent="75" />
      <mem type="survivor" free="0" total="33292288" percent="0" />
    </mem>
    <mem type="tenure" free="8015264" total="80871424" percent="9" macro-fragmented="5375358">
      <mem type="soa" free="7206304" total="80062464" percent="9" />
      <mem type="loa" free="808960" total="808960" percent="100" />
    </mem>
    <pending-finalizers system="11" default="1674" reference="86" classloader="0" />
    <remembered-set count="12868" />
  </mem-info>
</gc-end>
<cycle-end id="2226" type="scavenge" contextid="2219" timestamp="2025-12-15T03:34:36.491" />
<allocation-satisfied id="2227" threadId="0000000000872F00" bytesRequested="16" />
<af-end id="2228" timestamp="2025-12-15T03:34:36.492" threadId="0000000000873978" success="true" from="nursery"/>
<exclusive-end id="2229" timestamp="2025-12-15T03:34:36.493" durationms="32.008" />

<concurrent-kickoff id="2230" timestamp="2025-12-15T03:34:36.632">
  <kickoff reason="threshold reached" targetBytes="41693647" thresholdFreeBytes="5783863"  remainingFree="5669728" tenureFreeBytes="7999208" nurseryFreeBytes="5669728" />
</concurrent-kickoff>
<exclusive-start id="2231" timestamp="2025-12-15T03:34:36.634" intervalms="173.168">
  <response-info timems="0.116" idlems="0.116" threads="0" lastid="0000000000863800" lastname="Default Executor-thread-3" />
</exclusive-start>
<cycle-start id="2232" type="global" contextid="0" timestamp="2025-12-15T03:34:36.635" intervalms="2110.276" />
<concurrent-start id="2233" type="global mark" contextid="2232" timestamp="2025-12-15T03:34:36.635">
</concurrent-start>
<exclusive-end id="2234" timestamp="2025-12-15T03:34:36.636" durationms="1.960" />

<concurrent-end id="2235" type="global mark" contextid="2232" timestamp="2025-12-15T03:34:36.674">
<gc-op id="2236" type="trace" timems="39.066" contextid="2232" timestamp="2025-12-15T03:34:36.674">
  <trace bytesTraced="42096428" workStackOverflowCount="0" />
  <card-cleaning reason="card cleaning threshold reached" bytesTraced="26492" cardsCleaned="67" />
</gc-op>
</concurrent-end>

<exclusive-start id="2237" timestamp="2025-12-15T03:34:36.676" intervalms="42.291">
  <response-info timems="0.095" idlems="0.095" threads="0" lastid="0000000000863800" lastname="Default Executor-thread-3" />
</exclusive-start>
<concurrent-global-final id="2238" timestamp="2025-12-15T03:34:36.677" contextid="2232" intervalms="2697.899" >
  <concurrent-trace-info reason="card cleaning threshold reached" tracedByMutators="31825432" tracedByHelpers="10297488" cardsCleaned="67" workStackOverflowCount="0" />
</concurrent-global-final>
<gc-start id="2239" type="global" contextid="2232" timestamp="2025-12-15T03:34:36.678">
  <mem-info id="2240" free="8840560" total="211812352" percent="4">
    <mem type="nursery" free="844640" total="130940928" percent="0">
      <mem type="allocate" free="844640" total="97648640" percent="0" />
      <mem type="survivor" free="0" total="33292288" percent="0" />
    </mem>
    <mem type="tenure" free="7995920" total="80871424" percent="9">
      <mem type="soa" free="7186960" total="80062464" percent="8" />
      <mem type="loa" free="808960" total="808960" percent="100" />
    </mem>
    <remembered-set count="13611" />
  </mem-info>
</gc-start>
<allocation-stats totalBytes="72591808" discardedBytes="16856" >
  <allocated-bytes non-tlh="84904" tlh="72506904" />
  <largest-consumer threadName="Default Executor-thread-2" threadId="000000000085BB00" bytes="26829296" />
</allocation-stats>
<gc-op id="2241" type="rs-scan" timems="9.981" contextid="2232" timestamp="2025-12-15T03:34:36.689">
  <scan objectsFound="445197" bytesTraced="17556720" workStackOverflowCount="0" />
</gc-op>
<gc-op id="2242" type="card-cleaning" timems="2.114" contextid="2232" timestamp="2025-12-15T03:34:36.692">
  <card-cleaning cardsCleaned="15" bytesTraced="7540" workStackOverflowCount="0" />
</gc-op>
<gc-op id="2243" type="mark" timems="11.623" contextid="2232" timestamp="2025-12-15T03:34:36.704">
  <trace-info objectcount="24634" scancount="22073" scanbytes="2361364" />
  <finalization candidates="1738" enqueued="842" />
  <ownableSynchronizers candidates="16133" cleared="7026" />
  <references type="soft" candidates="14284" cleared="0" enqueued="0" dynamicThreshold="9" maxThreshold="32" />
  <references type="weak" candidates="16070" cleared="93" enqueued="93" />
  <references type="phantom" candidates="600" cleared="3" enqueued="3" />
  <stringconstants candidates="40751" cleared="28"  />
  <object-monitors candidates="139" cleared="11"  />
</gc-op>
<gc-op id="2244" type="sweep" timems="3.521" contextid="2232" timestamp="2025-12-15T03:34:36.709" />
<heap-resize id="2245" type="expand" space="tenure" amount="15073280" count="1" timems="0.138" reason="insufficient free space following gc" timestamp="2025-12-15T03:34:36.710" />
<gc-end id="2246" type="global" contextid="2232" durationms="32.417" usertimems="157.294" systemtimems="35.866" stalltimems="195.610" timestamp="2025-12-15T03:34:36.710" activeThreads="20">
  <mem-info id="2247" free="100481008" total="226885632" percent="44">
    <mem type="nursery" free="71669672" total="130940928" percent="54">
      <mem type="allocate" free="71669672" total="97648640" percent="73" />
      <mem type="survivor" free="0" total="33292288" percent="0" />
    </mem>
    <mem type="tenure" free="28811336" total="95944704" percent="30" micro-fragmented="1698692" macro-fragmented="5375358">
      <mem type="soa" free="27851848" total="94985216" percent="29" />
      <mem type="loa" free="959488" total="959488" percent="100" />
    </mem>
    <pending-finalizers system="6" default="836" reference="96" classloader="0" />
    <remembered-set count="12224" />
  </mem-info>
</gc-end>
<cycle-end id="2248" type="global" contextid="2232" timestamp="2025-12-15T03:34:36.711" />
<exclusive-end id="2249" timestamp="2025-12-15T03:34:36.712" durationms="35.661" />

<exclusive-start id="2250" timestamp="2025-12-15T03:34:36.942" intervalms="265.755">
  <response-info timems="0.094" idlems="0.094" threads="0" lastid="000000000086B100" lastname="Default Executor-thread-5" />
</exclusive-start>
<af-start id="2251" threadId="000000000086BB78" totalBytesRequested="24" timestamp="2025-12-15T03:34:36.943" intervalms="481.113" type="nursery" />
<cycle-start id="2252" type="scavenge" contextid="0" timestamp="2025-12-15T03:34:36.943" intervalms="480.960" />
<gc-start id="2253" type="scavenge" contextid="2252" timestamp="2025-12-15T03:34:36.944">
  <mem-info id="2254" free="28718656" total="226885632" percent="12">
    <mem type="nursery" free="0" total="130940928" percent="0">
      <mem type="allocate" free="0" total="97648640" percent="0" />
      <mem type="survivor" free="0" total="33292288" percent="0" />
    </mem>
    <mem type="tenure" free="28718656" total="95944704" percent="29">
      <mem type="soa" free="27759168" total="94985216" percent="29" />
      <mem type="loa" free="959488" total="959488" percent="100" />
    </mem>
    <remembered-set count="14097" />
  </mem-info>
</gc-start>
<allocation-stats totalBytes="70840976" discardedBytes="896400" >
  <allocated-bytes non-tlh="8516320" tlh="62324656" />
  <largest-consumer threadName="Default Executor-thread-2" threadId="000000000085BB00" bytes="26528664" />
</allocation-stats>
<gc-op id="2255" type="scavenge" timems="16.987" contextid="2252" timestamp="2025-12-15T03:34:36.963">
  <scavenger-info tenureage="6" tenuremask="7fc0" tiltratio="74" />
  <memory-copied type="nursery" objects="267704" bytes="18857408" bytesdiscarded="406280" />
  <memory-copied type="tenure" objects="68070" bytes="3257640" bytesdiscarded="17744" />
  <finalization candidates="103" enqueued="75" />
  <ownableSynchronizers candidates="21704" cleared="21671" />
  <references type="soft" candidates="1753" cleared="0" enqueued="0" dynamicThreshold="9" maxThreshold="32" />
  <references type="weak" candidates="715" cleared="387" enqueued="383" />
  <references type="phantom" candidates="115" cleared="12" enqueued="12" />
  <object-monitors candidates="140" cleared="8"  />
</gc-op>
<gc-end id="2256" type="scavenge" contextid="2252" durationms="19.101" usertimems="146.820" systemtimems="26.784" stalltimems="101.483" timestamp="2025-12-15T03:34:36.964" activeThreads="15">
  <mem-info id="2257" free="105552016" total="226885632" percent="46">
    <mem type="nursery" free="80478048" total="130940928" percent="61">
      <mem type="allocate" free="80478048" total="99745792" percent="80" />
      <mem type="survivor" free="0" total="31195136" percent="0" />
    </mem>
    <mem type="tenure" free="25073968" total="95944704" percent="26" macro-fragmented="13375613">
      <mem type="soa" free="24114480" total="94985216" percent="25" />
      <mem type="loa" free="959488" total="959488" percent="100" />
    </mem>
    <pending-finalizers system="53" default="22" reference="395" classloader="0" />
    <remembered-set count="11474" />
  </mem-info>
</gc-end>
<cycle-end id="2258" type="scavenge" contextid="2252" timestamp="2025-12-15T03:34:36.964" />
<allocation-satisfied id="2259" threadId="000000000086B100" bytesRequested="24" />
<af-end id="2260" timestamp="2025-12-15T03:34:36.965" threadId="000000000086BB78" success="true" from="nursery"/>
<exclusive-end id="2261" timestamp="2025-12-15T03:34:36.966" durationms="23.889" />

<exclusive-start id="2262" timestamp="2025-12-15T03:34:37.233" intervalms="290.956">
  <response-info timems="0.039" idlems="0.039" threads="0" lastid="000000000085BB00" lastname="Default Executor-thread-2" />
</exclusive-start>
<af-start id="2263" threadId="000000000085C578" totalBytesRequested="24" timestamp="2025-12-15T03:34:37.233" intervalms="290.740" type="nursery" />
<cycle-start id="2264" type="scavenge" contextid="0" timestamp="2025-12-15T03:34:37.234" intervalms="290.626" />
<gc-start id="2265" type="scavenge" contextid="2264" timestamp="2025-12-15T03:34:37.235">
  <mem-info id="2266" free="24922664" total="226885632" percent="10">
    <mem type="nursery" free="0" total="130940928" percent="0">
      <mem type="allocate" free="0" total="99745792" percent="0" />
      <mem type="survivor" free="0" total="31195136" percent="0" />
    </mem>
    <mem type="tenure" free="24922664" total="95944704" percent="25">
      <mem type="soa" free="23963176" total="94985216" percent="25" />
      <mem type="loa" free="959488" total="959488" percent="100" />
    </mem>
    <remembered-set count="14739" />
  </mem-info>
</gc-start>
<allocation-stats totalBytes="80464736" discardedBytes="153728" >
  <allocated-bytes non-tlh="140440" tlh="80324296" />
  <largest-consumer threadName="Default Executor-thread-2" threadId="000000000085BB00" bytes="38551792" />
</allocation-stats>
<gc-op id="2267" type="scavenge" timems="9.443" contextid="2264" timestamp="2025-12-15T03:34:37.245">
  <scavenger-info tenureage="7" tenuremask="7f80" tiltratio="76" />
  <memory-copied type="nursery" objects="375384" bytes="24231992" bytesdiscarded="219584" />
  <finalization candidates="286" enqueued="286" />
  <ownableSynchronizers candidates="121" cleared="41" />
  <references type="soft" candidates="1812" cleared="0" enqueued="0" dynamicThreshold="9" maxThreshold="32" />
  <references type="weak" candidates="1279" cleared="847" enqueued="828" />
  <references type="phantom" candidates="197" cleared="90" enqueued="90" />
  <object-monitors candidates="150" cleared="16"  />
</gc-op>
<gc-end id="2268" type="scavenge" contextid="2264" durationms="11.046" usertimems="78.401" systemtimems="2.514" stalltimems="58.437" timestamp="2025-12-15T03:34:37.246" activeThreads="15">
  <mem-info id="2269" free="95748336" total="226885632" percent="42">
    <mem type="nursery" free="70825672" total="130940928" percent="54">
      <mem type="allocate" free="70825672" total="95289344" percent="74" />
      <mem type="survivor" free="0" total="35651584" percent="0" />
    </mem>
    <mem type="tenure" free="24922664" total="95944704" percent="25" macro-fragmented="13375613">
      <mem type="soa" free="23963176" total="94985216" percent="25" />
      <mem type="loa" free="959488" total="959488" percent="100" />
    </mem>
    <pending-finalizers system="38" default="248" reference="918" classloader="0" />
    <remembered-set count="13295" />
  </mem-info>
</gc-end>
<cycle-end id="2270" type="scavenge" contextid="2264" timestamp="2025-12-15T03:34:37.246" />
<allocation-satisfied id="2271" threadId="000000000085BB00" bytesRequested="24" />
<af-end id="2272" timestamp="2025-12-15T03:34:37.247" threadId="000000000085C578" success="true" from="nursery"/>
<exclusive-end id="2273" timestamp="2025-12-15T03:34:37.248" durationms="14.974" />

<exclusive-start id="2274" timestamp="2025-12-15T03:34:37.371" intervalms="138.321">
  <response-info timems="0.039" idlems="0.039" threads="0" lastid="000000000085BB00" lastname="Default Executor-thread-2" />
</exclusive-start>
<af-start id="2275" threadId="000000000085C578" totalBytesRequested="10064" timestamp="2025-12-15T03:34:37.372" intervalms="138.365" type="nursery" />
<cycle-start id="2276" type="scavenge" contextid="0" timestamp="2025-12-15T03:34:37.373" intervalms="138.555" />
<gc-start id="2277" type="scavenge" contextid="2276" timestamp="2025-12-15T03:34:37.374">
  <mem-info id="2278" free="24825704" total="226885632" percent="10">
    <mem type="nursery" free="0" total="130940928" percent="0">
      <mem type="allocate" free="0" total="95289344" percent="0" />
      <mem type="survivor" free="0" total="35651584" percent="0" />
    </mem>
    <mem type="tenure" free="24825704" total="95944704" percent="25">
      <mem type="soa" free="23866216" total="94985216" percent="25" />
      <mem type="loa" free="959488" total="959488" percent="100" />
    </mem>
    <remembered-set count="14909" />
  </mem-info>
</gc-start>
<allocation-stats totalBytes="70899096" discardedBytes="22784" >
  <allocated-bytes non-tlh="96232" tlh="70802864" />
  <largest-consumer threadName="Default Executor-thread-2" threadId="000000000085BB00" bytes="61208584" />
</allocation-stats>
<gc-op id="2279" type="scavenge" timems="9.803" contextid="2276" timestamp="2025-12-15T03:34:37.384">
  <scavenger-info tenureage="7" tenuremask="7f80" tiltratio="72" />
  <memory-copied type="nursery" objects="439011" bytes="33384944" bytesdiscarded="384248" />
  <finalization candidates="2184" enqueued="2182" />
  <ownableSynchronizers candidates="117" cleared="16" />
  <references type="soft" candidates="2403" cleared="0" enqueued="0" dynamicThreshold="9" maxThreshold="32" />
  <references type="weak" candidates="838" cleared="349" enqueued="337" />
  <references type="phantom" candidates="170" cleared="0" enqueued="0" />
  <object-monitors candidates="134" cleared="0"  />
</gc-op>
<heap-resize id="2280" type="expand" space="nursery" amount="5636096" count="1" timems="0.034" reason="excessive time being spent scavenging" timestamp="2025-12-15T03:34:37.385" />
<gc-end id="2281" type="scavenge" contextid="2276" durationms="12.384" usertimems="87.716" systemtimems="3.779" stalltimems="52.910" timestamp="2025-12-15T03:34:37.386" activeThreads="15">
  <mem-info id="2282" free="76181240" total="232521728" percent="32">
    <mem type="nursery" free="51355536" total="136577024" percent="37">
      <mem type="allocate" free="51355536" total="85131264" percent="60" />
      <mem type="survivor" free="0" total="51445760" percent="0" />
    </mem>
    <mem type="tenure" free="24825704" total="95944704" percent="25" macro-fragmented="19260884">
      <mem type="soa" free="23866216" total="94985216" percent="25" />
      <mem type="loa" free="959488" total="959488" percent="100" />
    </mem>
    <pending-finalizers system="9" default="2173" reference="337" classloader="0" />
    <remembered-set count="13608" />
  </mem-info>
</gc-end>
<cycle-end id="2283" type="scavenge" contextid="2276" timestamp="2025-12-15T03:34:37.387" />
<allocation-satisfied id="2284" threadId="000000000085BB00" bytesRequested="10064" />
<af-end id="2285" timestamp="2025-12-15T03:34:37.388" threadId="000000000085C578" success="true" from="nursery"/>
<exclusive-end id="2286" timestamp="2025-12-15T03:34:37.388" durationms="16.981" />

<exclusive-start id="2287" timestamp="2025-12-15T03:34:37.473" intervalms="101.639">
  <response-info timems="0.038" idlems="0.038" threads="0" lastid="000000000085BB00" lastname="Default Executor-thread-2" />
</exclusive-start>
<af-start id="2288" threadId="000000000085C578" totalBytesRequested="16192" timestamp="2025-12-15T03:34:37.474" intervalms="101.785" type="nursery" />
<cycle-start id="2289" type="scavenge" contextid="0" timestamp="2025-12-15T03:34:37.474" intervalms="101.951" />
<gc-start id="2290" type="scavenge" contextid="2289" timestamp="2025-12-15T03:34:37.476">
  <mem-info id="2291" free="24792024" total="232521728" percent="10">
    <mem type="nursery" free="0" total="136577024" percent="0">
      <mem type="allocate" free="0" total="85131264" percent="0" />
      <mem type="survivor" free="0" total="51445760" percent="0" />
    </mem>
    <mem type="tenure" free="24792024" total="95944704" percent="25">
      <mem type="soa" free="23832536" total="94985216" percent="25" />
      <mem type="loa" free="959488" total="959488" percent="100" />
    </mem>
    <remembered-set count="14547" />
  </mem-info>
</gc-start>
<allocation-stats totalBytes="51295480" discardedBytes="93032" >
  <allocated-bytes non-tlh="43040" tlh="51252440" />
  <largest-consumer threadName="Default Executor-thread-2" threadId="000000000085BB00" bytes="44426776" />
</allocation-stats>
<gc-op id="2292" type="scavenge" timems="13.102" contextid="2289" timestamp="2025-12-15T03:34:37.490">
  <scavenger-info tenureage="3" tenuremask="7fc8" tiltratio="62" />
  <memory-copied type="nursery" objects="266451" bytes="20084528" bytesdiscarded="408472" />
  <memory-copied type="tenure" objects="172441" bytes="12907512" bytesdiscarded="13536" />
  <finalization candidates="1247" enqueued="1247" />
  <ownableSynchronizers candidates="110" cleared="2" />
  <references type="soft" candidates="895" cleared="0" enqueued="0" dynamicThreshold="9" maxThreshold="32" />
  <references type="weak" candidates="408" cleared="145" enqueued="141" />
  <references type="phantom" candidates="180" cleared="4" enqueued="4" />
  <object-monitors candidates="134" cleared="1"  />
</gc-op>
<heap-resize id="2293" type="expand" space="nursery" amount="8781824" count="1" timems="0.035" reason="excessive time being spent scavenging" timestamp="2025-12-15T03:34:37.490" />
<gc-end id="2294" type="scavenge" contextid="2289" durationms="15.372" usertimems="91.253" systemtimems="22.349" stalltimems="67.326" timestamp="2025-12-15T03:34:37.491" activeThreads="15">
  <mem-info id="2295" free="85824168" total="241303552" percent="35">
    <mem type="nursery" free="74071488" total="145358848" percent="50">
      <mem type="allocate" free="74071488" total="94568448" percent="78" />
      <mem type="survivor" free="0" total="50790400" percent="0" />
    </mem>
    <mem type="tenure" free="11752680" total="95944704" percent="12" macro-fragmented="168253">
      <mem type="soa" free="10793192" total="94985216" percent="11" />
      <mem type="loa" free="959488" total="959488" percent="100" />
    </mem>
    <pending-finalizers system="1" default="1246" reference="145" classloader="0" />
    <remembered-set count="9156" />
  </mem-info>
</gc-end>
<cycle-end id="2296" type="scavenge" contextid="2289" timestamp="2025-12-15T03:34:37.492" />
<allocation-satisfied id="2297" threadId="000000000085BB00" bytesRequested="16192" />
<af-end id="2298" timestamp="2025-12-15T03:34:37.493" threadId="000000000085C578" success="true" from="nursery"/>
<exclusive-end id="2299" timestamp="2025-12-15T03:34:37.493" durationms="20.454" />

<concurrent-kickoff id="2300" timestamp="2025-12-15T03:34:37.622">
  <kickoff reason="threshold reached" targetBytes="49530714" thresholdFreeBytes="6870115"  remainingFree="6536640" tenureFreeBytes="11691880" nurseryFreeBytes="6536640" />
</concurrent-kickoff>
<exclusive-start id="2301" timestamp="2025-12-15T03:34:37.623" intervalms="150.375">
  <response-info timems="0.042" idlems="0.042" threads="0" lastid="0000000000863800" lastname="Default Executor-thread-3" />
</exclusive-start>
<cycle-start id="2302" type="global" contextid="0" timestamp="2025-12-15T03:34:37.624" intervalms="989.252" />
<concurrent-start id="2303" type="global mark" contextid="2302" timestamp="2025-12-15T03:34:37.624">
</concurrent-start>
<exclusive-end id="2304" timestamp="2025-12-15T03:34:37.625" durationms="1.553" />

<exclusive-start id="2305" timestamp="2025-12-15T03:34:37.679" intervalms="56.239">
  <response-info timems="0.041" idlems="0.041" threads="0" lastid="000000000085BB00" lastname="Default Executor-thread-2" />
</exclusive-start>
<af-start id="2306" threadId="000000000085C578" totalBytesRequested="4072" timestamp="2025-12-15T03:34:37.680" intervalms="206.525" type="nursery" />
<cycle-start id="2307" type="scavenge" contextid="0" timestamp="2025-12-15T03:34:37.681" intervalms="206.391" />
<gc-start id="2308" type="scavenge" contextid="2307" timestamp="2025-12-15T03:34:37.682">
  <mem-info id="2309" free="11690616" total="241303552" percent="4">
    <mem type="nursery" free="0" total="145358848" percent="0">
      <mem type="allocate" free="0" total="94568448" percent="0" />
      <mem type="survivor" free="0" total="50790400" percent="0" />
    </mem>
    <mem type="tenure" free="11690616" total="95944704" percent="12">
      <mem type="soa" free="10731128" total="94985216" percent="11" />
      <mem type="loa" free="959488" total="959488" percent="100" />
    </mem>
    <remembered-set count="10164" />
  </mem-info>
</gc-start>
<allocation-stats totalBytes="74116464" discardedBytes="17088" >
  <allocated-bytes non-tlh="78256" tlh="74038208" />
  <largest-consumer threadName="Default Executor-thread-2" threadId="000000000085BB00" bytes="62210304" />
</allocation-stats>
<gc-op id="2310" type="scavenge" timems="12.712" contextid="2307" timestamp="2025-12-15T03:34:37.695">
  <scavenger-info tenureage="3" tenuremask="7fc8" tiltratio="65" />
  <memory-copied type="nursery" objects="131186" bytes="17297648" bytesdiscarded="374264" />
  <memory-copied type="tenure" objects="167123" bytes="7394544" bytesdiscarded="2672" />
  <finalization candidates="2482" enqueued="2482" />
  <ownableSynchronizers candidates="147" cleared="1" />
  <references type="soft" candidates="756" cleared="0" enqueued="0" dynamicThreshold="9" maxThreshold="32" />
  <references type="weak" candidates="666" cleared="463" enqueued="463" />
  <references type="phantom" candidates="158" cleared="25" enqueued="25" />
  <object-monitors candidates="133" cleared="0"  />
</gc-op>
<gc-end id="2311" type="scavenge" contextid="2307" durationms="14.344" usertimems="83.835" systemtimems="3.353" stalltimems="66.508" timestamp="2025-12-15T03:34:37.696" activeThreads="16">
  <mem-info id="2312" free="88575440" total="241303552" percent="36">
    <mem type="nursery" free="84490424" total="145358848" percent="58">
      <mem type="allocate" free="84490424" total="102170624" percent="82" />
      <mem type="survivor" free="0" total="43188224" percent="0" />
    </mem>
    <mem type="tenure" free="4085016" total="95944704" percent="4" macro-fragmented="27173">
      <mem type="soa" free="3125528" total="94985216" percent="3" />
      <mem type="loa" free="959488" total="959488" percent="100" />
    </mem>
    <pending-finalizers system="59" default="2423" reference="488" classloader="0" />
    <remembered-set count="5883" />
  </mem-info>
</gc-end>
<cycle-end id="2313" type="scavenge" contextid="2307" timestamp="2025-12-15T03:34:37.697" />
<allocation-satisfied id="2314" threadId="000000000085BB00" bytesRequested="4072" />
<af-end id="2315" timestamp="2025-12-15T03:34:37.698" threadId="000000000085C578" success="true" from="nursery"/>
<exclusive-end id="2316" timestamp="2025-12-15T03:34:37.699" durationms="19.309" />

<concurrent-end id="2317" type="global mark" contextid="2302" timestamp="2025-12-15T03:34:37.699">
<gc-op id="2318" type="trace" timems="75.076" contextid="2302" timestamp="2025-12-15T03:34:37.700">
  <trace bytesTraced="50254188" workStackOverflowCount="0" />
  <card-cleaning reason="card cleaning threshold reached" bytesTraced="19932" cardsCleaned="49" />
</gc-op>
</concurrent-end>

<exclusive-start id="2319" timestamp="2025-12-15T03:34:37.701" intervalms="21.298">
  <response-info timems="0.036" idlems="0.036" threads="0" lastid="0000000000863800" lastname="Default Executor-thread-3" />
</exclusive-start>
<concurrent-global-final id="2320" timestamp="2025-12-15T03:34:37.701" contextid="2302" intervalms="1024.387" >
  <concurrent-trace-info reason="card cleaning threshold reached" tracedByMutators="19885284" tracedByHelpers="30388836" cardsCleaned="49" workStackOverflowCount="0" />
</concurrent-global-final>
<gc-start id="2321" type="global" contextid="2302" timestamp="2025-12-15T03:34:37.702">
  <mem-info id="2322" free="87297512" total="241303552" percent="36">
    <mem type="nursery" free="83212496" total="145358848" percent="57">
      <mem type="allocate" free="83212496" total="102170624" percent="81" />
      <mem type="survivor" free="0" total="43188224" percent="0" />
    </mem>
    <mem type="tenure" free="4085016" total="95944704" percent="4">
      <mem type="soa" free="3125528" total="94985216" percent="3" />
      <mem type="loa" free="959488" total="959488" percent="100" />
    </mem>
    <remembered-set count="5899" />
  </mem-info>
</gc-start>
<allocation-stats totalBytes="1277928" discardedBytes="0" >
  <allocated-bytes non-tlh="4072" tlh="1273856" />
  <largest-consumer threadName="Default Executor-thread-2" threadId="000000000085BB00" bytes="1032168" />
</allocation-stats>
<gc-op id="2323" type="rs-scan" timems="5.544" contextid="2302" timestamp="2025-12-15T03:34:37.709">
  <scan objectsFound="238426" bytesTraced="15214404" workStackOverflowCount="0" />
</gc-op>
<gc-op id="2324" type="card-cleaning" timems="2.072" contextid="2302" timestamp="2025-12-15T03:34:37.712">
  <card-cleaning cardsCleaned="1811" bytesTraced="3196504" workStackOverflowCount="0" />
</gc-op>
<gc-op id="2325" type="mark" timems="15.751" contextid="2302" timestamp="2025-12-15T03:34:37.729">
  <trace-info objectcount="12983" scancount="11793" scanbytes="396628" />
  <finalization candidates="915" enqueued="19" />
  <ownableSynchronizers candidates="9214" cleared="117" />
  <references type="soft" candidates="15521" cleared="8" enqueued="8" dynamicThreshold="9" maxThreshold="32" />
  <references type="weak" candidates="15875" cleared="0" enqueued="0" />
  <references type="phantom" candidates="407" cleared="0" enqueued="0" />
  <stringconstants candidates="43680" cleared="49"  />
  <object-monitors candidates="133" cleared="7"  />
</gc-op>
<gc-op id="2326" type="classunload" timems="1.525" contextid="2302" timestamp="2025-12-15T03:34:37.731">
  <classunload-info classloadercandidates="467" classloadersunloaded="1" classesunloaded="5" anonymousclassesunloaded="5" quiescems="0.000" setupms="1.498" scanms="0.024" postms="0.002" />
</gc-op>
<gc-op id="2327" type="sweep" timems="2.914" contextid="2302" timestamp="2025-12-15T03:34:37.735" />
<heap-resize id="2328" type="expand" space="tenure" amount="27721728" count="1" timems="0.081" reason="insufficient free space following gc" timestamp="2025-12-15T03:34:37.735" />
<gc-end id="2329" type="global" contextid="2302" durationms="33.425" usertimems="103.154" systemtimems="26.872" stalltimems="290.160" timestamp="2025-12-15T03:34:37.736" activeThreads="20">
  <mem-info id="2330" free="131361320" total="269025280" percent="48">
    <mem type="nursery" free="94258752" total="145358848" percent="64">
      <mem type="allocate" free="94258752" total="102170624" percent="92" />
      <mem type="survivor" free="0" total="43188224" percent="0" />
    </mem>
    <mem type="tenure" free="37102568" total="123666432" percent="30" micro-fragmented="2194700" macro-fragmented="0">
      <mem type="soa" free="35865576" total="122429440" percent="29" />
      <mem type="loa" free="1236992" total="1236992" percent="100" />
    </mem>
    <pending-finalizers system="0" default="19" reference="8" classloader="0" />
    <remembered-set count="5488" />
  </mem-info>
</gc-end>
<cycle-end id="2331" type="global" contextid="2302" timestamp="2025-12-15T03:34:37.736" />
<exclusive-end id="2332" timestamp="2025-12-15T03:34:37.737" durationms="36.198" />

<exclusive-start id="2333" timestamp="2025-12-15T03:34:37.914" intervalms="213.407">
  <response-info timems="0.045" idlems="0.045" threads="0" lastid="000000000085BB00" lastname="Default Executor-thread-2" />
</exclusive-start>
<af-start id="2334" threadId="000000000085C578" totalBytesRequested="32776" timestamp="2025-12-15T03:34:37.915" intervalms="234.856" type="nursery" />
<cycle-start id="2335" type="scavenge" contextid="0" timestamp="2025-12-15T03:34:37.916" intervalms="234.663" />
<gc-start id="2336" type="scavenge" contextid="2335" timestamp="2025-12-15T03:34:37.916">
  <mem-info id="2337" free="36990808" total="269025280" percent="13">
    <mem type="nursery" free="0" total="145358848" percent="0">
      <mem type="allocate" free="0" total="102170624" percent="0" />
      <mem type="survivor" free="0" total="43188224" percent="0" />
    </mem>
    <mem type="tenure" free="36990808" total="123666432" percent="29">
      <mem type="soa" free="35753816" total="122429440" percent="29" />
      <mem type="loa" free="1236992" total="1236992" percent="100" />
    </mem>
    <remembered-set count="7541" />
  </mem-info>
</gc-start>
<allocation-stats totalBytes="94296760" discardedBytes="62872" >
  <allocated-bytes non-tlh="398856" tlh="93897904" />
  <largest-consumer threadName="Default Executor-thread-2" threadId="000000000085BB00" bytes="83980536" />
</allocation-stats>
<gc-op id="2338" type="scavenge" timems="9.069" contextid="2335" timestamp="2025-12-15T03:34:37.926">
  <scavenger-info tenureage="6" tenuremask="7fc0" tiltratio="70" />
  <memory-copied type="nursery" objects="163193" bytes="21713808" bytesdiscarded="614424" />
  <memory-copied type="tenure" objects="22646" bytes="1322464" bytesdiscarded="15976" />
  <finalization candidates="3833" enqueued="3833" />
  <ownableSynchronizers candidates="18130" cleared="18032" />
  <references type="soft" candidates="866" cleared="0" enqueued="0" dynamicThreshold="9" maxThreshold="32" />
  <references type="weak" candidates="509" cleared="279" enqueued="279" />
  <references type="phantom" candidates="169" cleared="15" enqueued="15" />
  <object-monitors candidates="126" cleared="0"  />
</gc-op>
<gc-end id="2339" type="scavenge" contextid="2335" durationms="10.619" usertimems="46.710" systemtimems="17.031" stalltimems="77.033" timestamp="2025-12-15T03:34:37.927" activeThreads="17">
  <mem-info id="2340" free="117309608" total="269025280" percent="43">
    <mem type="nursery" free="82001784" total="145358848" percent="56">
      <mem type="allocate" free="82001784" total="104333312" percent="78" />
      <mem type="survivor" free="0" total="41025536" percent="0" />
    </mem>
    <mem type="tenure" free="35307824" total="123666432" percent="28" macro-fragmented="16050736">
      <mem type="soa" free="34070832" total="122429440" percent="27" />
      <mem type="loa" free="1236992" total="1236992" percent="100" />
    </mem>
    <pending-finalizers system="57" default="3776" reference="294" classloader="0" />
    <remembered-set count="4137" />
  </mem-info>
</gc-end>
<cycle-end id="2341" type="scavenge" contextid="2335" timestamp="2025-12-15T03:34:37.928" />
<allocation-satisfied id="2342" threadId="000000000085BB00" bytesRequested="32776" />
<af-end id="2343" timestamp="2025-12-15T03:34:37.929" threadId="000000000085C578" success="true" from="nursery"/>
<exclusive-end id="2344" timestamp="2025-12-15T03:34:37.930" durationms="15.569" />

<exclusive-start id="2345" timestamp="2025-12-15T03:34:38.072" intervalms="157.707">
  <response-info timems="0.105" idlems="0.074" threads="1" lastid="0000000000863800" lastname="Default Executor-thread-3" />
</exclusive-start>
<af-start id="2346" threadId="000000000085C578" totalBytesRequested="280" timestamp="2025-12-15T03:34:38.073" intervalms="157.599" type="nursery" />
<cycle-start id="2347" type="scavenge" contextid="0" timestamp="2025-12-15T03:34:38.073" intervalms="157.700" />
<gc-start id="2348" type="scavenge" contextid="2347" timestamp="2025-12-15T03:34:38.074">
  <mem-info id="2349" free="35283440" total="269025280" percent="13">
    <mem type="nursery" free="0" total="145358848" percent="0">
      <mem type="allocate" free="0" total="104333312" percent="0" />
      <mem type="survivor" free="0" total="41025536" percent="0" />
    </mem>
    <mem type="tenure" free="35283440" total="123666432" percent="28">
      <mem type="soa" free="34046448" total="122429440" percent="27" />
      <mem type="loa" free="1236992" total="1236992" percent="100" />
    </mem>
    <remembered-set count="4798" />
  </mem-info>
</gc-start>
<allocation-stats totalBytes="81994648" discardedBytes="26432" >
  <allocated-bytes non-tlh="52072" tlh="81942576" />
  <largest-consumer threadName="Default Executor-thread-2" threadId="000000000085BB00" bytes="71184152" />
</allocation-stats>
<gc-op id="2350" type="scavenge" timems="7.688" contextid="2347" timestamp="2025-12-15T03:34:38.082">
  <scavenger-info tenureage="6" tenuremask="7fc0" tiltratio="71" />
  <memory-copied type="nursery" objects="168026" bytes="20447208" bytesdiscarded="908232" />
  <finalization candidates="2879" enqueued="2878" />
  <ownableSynchronizers candidates="154" cleared="56" />
  <references type="soft" candidates="911" cleared="0" enqueued="0" dynamicThreshold="9" maxThreshold="32" />
  <references type="weak" candidates="365" cleared="95" enqueued="95" />
  <references type="phantom" candidates="187" cleared="25" enqueued="25" />
  <object-monitors candidates="126" cleared="0"  />
</gc-op>
<heap-resize id="2351" type="expand" space="nursery" amount="5373952" count="1" timems="0.038" reason="excessive time being spent scavenging" timestamp="2025-12-15T03:34:38.083" />
<gc-end id="2352" type="scavenge" contextid="2347" durationms="9.352" usertimems="50.281" systemtimems="0.000" stalltimems="60.543" timestamp="2025-12-15T03:34:38.083" activeThreads="15">
  <mem-info id="2353" free="125007944" total="274399232" percent="45">
    <mem type="nursery" free="89724504" total="150732800" percent="59">
      <mem type="allocate" free="89724504" total="111083520" percent="80" />
      <mem type="survivor" free="0" total="39649280" percent="0" />
    </mem>
    <mem type="tenure" free="35283440" total="123666432" percent="28" macro-fragmented="23113062">
      <mem type="soa" free="34046448" total="122429440" percent="27" />
      <mem type="loa" free="1236992" total="1236992" percent="100" />
    </mem>
    <pending-finalizers system="23" default="2855" reference="120" classloader="0" />
    <remembered-set count="4047" />
  </mem-info>
</gc-end>
<cycle-end id="2354" type="scavenge" contextid="2347" timestamp="2025-12-15T03:34:38.084" />
<allocation-satisfied id="2355" threadId="000000000085BB00" bytesRequested="280" />
<af-end id="2356" timestamp="2025-12-15T03:34:38.085" threadId="000000000085C578" success="true" from="nursery"/>
<exclusive-end id="2357" timestamp="2025-12-15T03:34:38.086" durationms="13.607" />

<exclusive-start id="2358" timestamp="2025-12-15T03:34:38.261" intervalms="189.432">
  <response-info timems="0.034" idlems="0.034" threads="0" lastid="0000000000872F00" lastname="Default Executor-thread-6" />
</exclusive-start>
<af-start id="2359" threadId="0000000000873978" totalBytesRequested="90328" timestamp="2025-12-15T03:34:38.262" intervalms="189.555" type="nursery" />
<cycle-start id="2360" type="scavenge" contextid="0" timestamp="2025-12-15T03:34:38.263" intervalms="189.391" />
<gc-start id="2361" type="scavenge" contextid="2360" timestamp="2025-12-15T03:34:38.263">
  <mem-info id="2362" free="35181536" total="274399232" percent="12">
    <mem type="nursery" free="0" total="150732800" percent="0">
      <mem type="allocate" free="0" total="111083520" percent="0" />
      <mem type="survivor" free="0" total="39649280" percent="0" />
    </mem>
    <mem type="tenure" free="35181536" total="123666432" percent="28">
      <mem type="soa" free="33944544" total="122429440" percent="27" />
      <mem type="loa" free="1236992" total="1236992" percent="100" />
    </mem>
    <remembered-set count="6412" />
  </mem-info>
</gc-start>
<allocation-stats totalBytes="89663096" discardedBytes="142112" >
  <allocated-bytes non-tlh="80984" tlh="89582112" />
  <largest-consumer threadName="Default Executor-thread-2" threadId="000000000085BB00" bytes="65789656" />
</allocation-stats>
<gc-op id="2363" type="scavenge" timems="7.130" contextid="2360" timestamp="2025-12-15T03:34:38.272">
  <scavenger-info tenureage="6" tenuremask="7fc0" tiltratio="73" />
  <memory-copied type="nursery" objects="174644" bytes="14325640" bytesdiscarded="410800" />
  <finalization candidates="1178" enqueued="1178" />
  <ownableSynchronizers candidates="187" cleared="24" />
  <references type="soft" candidates="1055" cleared="0" enqueued="0" dynamicThreshold="9" maxThreshold="32" />
  <references type="weak" candidates="1153" cleared="545" enqueued="537" />
  <references type="phantom" candidates="257" cleared="49" enqueued="49" />
  <object-monitors candidates="127" cleared="0"  />
</gc-op>
<gc-end id="2364" type="scavenge" contextid="2360" durationms="8.897" usertimems="35.313" systemtimems="9.084" stalltimems="43.880" timestamp="2025-12-15T03:34:38.272" activeThreads="13">
  <mem-info id="2365" free="135515720" total="274399232" percent="49">
    <mem type="nursery" free="100334184" total="150732800" percent="66">
      <mem type="allocate" free="100334184" total="115081216" percent="87" />
      <mem type="survivor" free="0" total="35651584" percent="0" />
    </mem>
    <mem type="tenure" free="35181536" total="123666432" percent="28" macro-fragmented="27735676">
      <mem type="soa" free="33944544" total="122429440" percent="27" />
      <mem type="loa" free="1236992" total="1236992" percent="100" />
    </mem>
    <pending-finalizers system="92" default="1086" reference="586" classloader="0" />
    <remembered-set count="4191" />
  </mem-info>
</gc-end>
<cycle-end id="2366" type="scavenge" contextid="2360" timestamp="2025-12-15T03:34:38.273" />
<allocation-satisfied id="2367" threadId="0000000000872F00" bytesRequested="90328" />
<af-end id="2368" timestamp="2025-12-15T03:34:38.274" threadId="0000000000873978" success="true" from="nursery"/>
<exclusive-end id="2369" timestamp="2025-12-15T03:34:38.274" durationms="13.163" />

<exclusive-start id="2370" timestamp="2025-12-15T03:34:38.427" intervalms="165.312">
  <response-info timems="0.048" idlems="0.048" threads="0" lastid="000000000085BB00" lastname="Default Executor-thread-2" />
</exclusive-start>
<af-start id="2371" threadId="000000000085C578" totalBytesRequested="72" timestamp="2025-12-15T03:34:38.427" intervalms="165.125" type="nursery" />
<cycle-start id="2372" type="scavenge" contextid="0" timestamp="2025-12-15T03:34:38.428" intervalms="165.139" />
<gc-start id="2373" type="scavenge" contextid="2372" timestamp="2025-12-15T03:34:38.428">
  <mem-info id="2374" free="35102776" total="274399232" percent="12">
    <mem type="nursery" free="0" total="150732800" percent="0">
      <mem type="allocate" free="0" total="115081216" percent="0" />
      <mem type="survivor" free="0" total="35651584" percent="0" />
    </mem>
    <mem type="tenure" free="35102776" total="123666432" percent="28">
      <mem type="soa" free="33865784" total="122429440" percent="27" />
      <mem type="loa" free="1236992" total="1236992" percent="100" />
    </mem>
    <remembered-set count="5587" />
  </mem-info>
</gc-start>
<allocation-stats totalBytes="100389920" discardedBytes="18744" >
  <allocated-bytes non-tlh="164808" tlh="100225112" />
  <largest-consumer threadName="Default Executor-thread-2" threadId="000000000085BB00" bytes="81575048" />
</allocation-stats>
<gc-op id="2375" type="scavenge" timems="7.130" contextid="2372" timestamp="2025-12-15T03:34:38.437">
  <scavenger-info tenureage="6" tenuremask="7fc0" tiltratio="76" />
  <memory-copied type="nursery" objects="150007" bytes="11641896" bytesdiscarded="318248" />
  <memory-copied type="tenure" objects="45773" bytes="2316496" bytesdiscarded="10008" />
  <finalization candidates="8" enqueued="8" />
  <ownableSynchronizers candidates="213" cleared="46" />
  <references type="soft" candidates="744" cleared="0" enqueued="0" dynamicThreshold="9" maxThreshold="32" />
  <references type="weak" candidates="1335" cleared="457" enqueued="455" />
  <references type="phantom" candidates="200" cleared="2" enqueued="2" />
  <object-monitors candidates="127" cleared="0"  />
</gc-op>
<gc-end id="2376" type="scavenge" contextid="2372" durationms="8.880" usertimems="31.403" systemtimems="8.445" stalltimems="37.222" timestamp="2025-12-15T03:34:38.437" activeThreads="11">
  <mem-info id="2377" free="139293936" total="274399232" percent="50">
    <mem type="nursery" free="106656264" total="150732800" percent="70">
      <mem type="allocate" free="106656264" total="118620160" percent="89" />
      <mem type="survivor" free="0" total="32112640" percent="0" />
    </mem>
    <mem type="tenure" free="32637672" total="123666432" percent="26" macro-fragmented="27735676">
      <mem type="soa" free="31400680" total="122429440" percent="25" />
      <mem type="loa" free="1236992" total="1236992" percent="100" />
    </mem>
    <pending-finalizers system="4" default="4" reference="457" classloader="0" />
    <remembered-set count="4869" />
  </mem-info>
</gc-end>
<cycle-end id="2378" type="scavenge" contextid="2372" timestamp="2025-12-15T03:34:38.438" />
<allocation-satisfied id="2379" threadId="000000000085BB00" bytesRequested="72" />
<af-end id="2380" timestamp="2025-12-15T03:34:38.439" threadId="000000000085C578" success="true" from="nursery"/>
<exclusive-end id="2381" timestamp="2025-12-15T03:34:38.439" durationms="12.174" />

<exclusive-start id="2382" timestamp="2025-12-15T03:34:38.817" intervalms="390.468">
  <response-info timems="0.050" idlems="0.050" threads="0" lastid="0000000000863800" lastname="Default Executor-thread-3" />
</exclusive-start>
<af-start id="2383" threadId="0000000000864278" totalBytesRequested="40" timestamp="2025-12-15T03:34:38.818" intervalms="390.371" type="nursery" />
<cycle-start id="2384" type="scavenge" contextid="0" timestamp="2025-12-15T03:34:38.818" intervalms="390.298" />
<gc-start id="2385" type="scavenge" contextid="2384" timestamp="2025-12-15T03:34:38.819">
  <mem-info id="2386" free="32609040" total="274399232" percent="11">
    <mem type="nursery" free="0" total="150732800" percent="0">
      <mem type="allocate" free="0" total="118620160" percent="0" />
      <mem type="survivor" free="0" total="32112640" percent="0" />
    </mem>
    <mem type="tenure" free="32609040" total="123666432" percent="26">
      <mem type="soa" free="31372048" total="122429440" percent="25" />
      <mem type="loa" free="1236992" total="1236992" percent="100" />
    </mem>
    <remembered-set count="5848" />
  </mem-info>
</gc-start>
<allocation-stats totalBytes="106657648" discardedBytes="13984" >
  <allocated-bytes non-tlh="15440" tlh="106642208" />
  <largest-consumer threadName="Default Executor-thread-2" threadId="000000000085BB00" bytes="100629144" />
</allocation-stats>
<gc-op id="2387" type="scavenge" timems="6.826" contextid="2384" timestamp="2025-12-15T03:34:38.826">
  <scavenger-info tenureage="7" tenuremask="7f80" tiltratio="78" />
  <memory-copied type="nursery" objects="243696" bytes="15031848" bytesdiscarded="137056" />
  <finalization candidates="576" enqueued="576" />
  <ownableSynchronizers candidates="2367" cleared="2117" />
  <references type="soft" candidates="890" cleared="0" enqueued="0" dynamicThreshold="9" maxThreshold="32" />
  <references type="weak" candidates="1399" cleared="407" enqueued="407" />
  <references type="phantom" candidates="764" cleared="568" enqueued="568" />
  <object-monitors candidates="127" cleared="0"  />
</gc-op>
<gc-end id="2388" type="scavenge" contextid="2384" durationms="8.352" usertimems="42.093" systemtimems="1.422" stalltimems="25.454" timestamp="2025-12-15T03:34:38.827" activeThreads="10">
  <mem-info id="2389" free="137854840" total="274399232" percent="50">
    <mem type="nursery" free="105245800" total="150732800" percent="69">
      <mem type="allocate" free="105245800" total="120455168" percent="87" />
      <mem type="survivor" free="0" total="30277632" percent="0" />
    </mem>
    <mem type="tenure" free="32609040" total="123666432" percent="26" macro-fragmented="1763">
      <mem type="soa" free="31372048" total="122429440" percent="25" />
      <mem type="loa" free="1236992" total="1236992" percent="100" />
    </mem>
    <pending-finalizers system="0" default="576" reference="975" classloader="0" />
    <remembered-set count="4842" />
  </mem-info>
</gc-end>
<cycle-end id="2390" type="scavenge" contextid="2384" timestamp="2025-12-15T03:34:38.828" />
<allocation-satisfied id="2391" threadId="0000000000863800" bytesRequested="40" />
<af-end id="2392" timestamp="2025-12-15T03:34:38.829" threadId="0000000000864278" success="true" from="nursery"/>
<exclusive-end id="2393" timestamp="2025-12-15T03:34:38.830" durationms="12.413" />

<exclusive-start id="2394" timestamp="2025-12-15T03:34:39.323" intervalms="505.583">
  <response-info timems="0.050" idlems="0.050" threads="0" lastid="0000000000867500" lastname="Default Executor-thread-4" />
</exclusive-start>
<af-start id="2395" threadId="0000000000867F78" totalBytesRequested="16" timestamp="2025-12-15T03:34:39.323" intervalms="505.731" type="nursery" />
<cycle-start id="2396" type="scavenge" contextid="0" timestamp="2025-12-15T03:34:39.324" intervalms="506.074" />
<gc-start id="2397" type="scavenge" contextid="2396" timestamp="2025-12-15T03:34:39.325">
  <mem-info id="2398" free="32562840" total="274399232" percent="11">
    <mem type="nursery" free="0" total="150732800" percent="0">
      <mem type="allocate" free="0" total="120455168" percent="0" />
      <mem type="survivor" free="0" total="30277632" percent="0" />
    </mem>
    <mem type="tenure" free="32562840" total="123666432" percent="26">
      <mem type="soa" free="31325848" total="122429440" percent="25" />
      <mem type="loa" free="1236992" total="1236992" percent="100" />
    </mem>
    <remembered-set count="5774" />
  </mem-info>
</gc-start>
<allocation-stats totalBytes="105277216" discardedBytes="14056" >
  <allocated-bytes non-tlh="45512" tlh="105231704" />
  <largest-consumer threadName="Default Executor-thread-2" threadId="000000000085BB00" bytes="37181152" />
</allocation-stats>
<gc-op id="2399" type="scavenge" timems="7.300" contextid="2396" timestamp="2025-12-15T03:34:39.333">
  <scavenger-info tenureage="7" tenuremask="7f80" tiltratio="79" />
  <memory-copied type="nursery" objects="207637" bytes="13749832" bytesdiscarded="293832" />
  <memory-copied type="tenure" objects="10056" bytes="759416" bytesdiscarded="8800" />
  <finalization candidates="290" enqueued="290" />
  <ownableSynchronizers candidates="19802" cleared="19586" />
  <references type="soft" candidates="981" cleared="0" enqueued="0" dynamicThreshold="9" maxThreshold="32" />
  <references type="weak" candidates="1149" cleared="213" enqueued="206" />
  <references type="phantom" candidates="481" cleared="287" enqueued="287" />
  <object-monitors candidates="129" cleared="1"  />
</gc-op>
<gc-end id="2400" type="scavenge" contextid="2396" durationms="8.927" usertimems="33.639" systemtimems="7.680" stalltimems="31.948" timestamp="2025-12-15T03:34:39.334" activeThreads="10">
  <mem-info id="2401" free="140500304" total="274399232" percent="51">
    <mem type="nursery" free="108747488" total="150732800" percent="72">
      <mem type="allocate" free="108747488" total="122814464" percent="88" />
      <mem type="survivor" free="0" total="27918336" percent="0" />
    </mem>
    <mem type="tenure" free="31752816" total="123666432" percent="25" macro-fragmented="0">
      <mem type="soa" free="30515824" total="122429440" percent="24" />
      <mem type="loa" free="1236992" total="1236992" percent="100" />
    </mem>
    <pending-finalizers system="6" default="284" reference="493" classloader="0" />
    <remembered-set count="4660" />
  </mem-info>
</gc-end>
<cycle-end id="2402" type="scavenge" contextid="2396" timestamp="2025-12-15T03:34:39.334" />
<allocation-satisfied id="2403" threadId="0000000000867500" bytesRequested="16" />
<af-end id="2404" timestamp="2025-12-15T03:34:39.335" threadId="0000000000867F78" success="true" from="nursery"/>
<exclusive-end id="2405" timestamp="2025-12-15T03:34:39.336" durationms="12.888" />

<exclusive-start id="2406" timestamp="2025-12-15T03:34:41.008" intervalms="1685.500">
  <response-info timems="0.063" idlems="0.063" threads="0" lastid="00000000018DAB00" lastname="Default Executor-thread-27" />
</exclusive-start>
<af-start id="2407" threadId="00000000018DB578" totalBytesRequested="96" timestamp="2025-12-15T03:34:41.064" intervalms="1740.493" type="nursery" />
<cycle-start id="2408" type="scavenge" contextid="0" timestamp="2025-12-15T03:34:41.066" intervalms="1742.319" />
<gc-start id="2409" type="scavenge" contextid="2408" timestamp="2025-12-15T03:34:41.068">
  <mem-info id="2410" free="31390304" total="274399232" percent="11">
    <mem type="nursery" free="0" total="150732800" percent="0">
      <mem type="allocate" free="0" total="122814464" percent="0" />
      <mem type="survivor" free="0" total="27918336" percent="0" />
    </mem>
    <mem type="tenure" free="31390304" total="123666432" percent="25">
      <mem type="soa" free="30153312" total="122429440" percent="24" />
      <mem type="loa" free="1236992" total="1236992" percent="100" />
    </mem>
    <remembered-set count="12518" />
  </mem-info>
</gc-start>
<allocation-stats totalBytes="109042840" discardedBytes="67160" >
  <allocated-bytes non-tlh="9157616" tlh="99885224" />
  <largest-consumer threadName="Connection worker" threadId="0000000001850200" bytes="76343320" />
</allocation-stats>
<gc-op id="2411" type="scavenge" timems="30.795" contextid="2408" timestamp="2025-12-15T03:34:41.102">
  <scavenger-info tenureage="4" tenuremask="7f90" tiltratio="81" />
  <memory-copied type="nursery" objects="248085" bytes="25073368" bytesdiscarded="365944" />
  <memory-copied type="tenure" objects="38499" bytes="4040352" bytesdiscarded="4736" />
  <finalization candidates="767" enqueued="763" />
  <ownableSynchronizers candidates="610" cleared="249" />
  <references type="soft" candidates="1403" cleared="0" enqueued="0" dynamicThreshold="9" maxThreshold="32" />
  <references type="weak" candidates="5252" cleared="4410" enqueued="4338" />
  <references type="phantom" candidates="1223" cleared="182" enqueued="182" />
  <object-monitors candidates="165" cleared="1"  />
</gc-op>
<gc-end id="2412" type="scavenge" contextid="2408" durationms="36.296" usertimems="133.735" systemtimems="35.936" stalltimems="35.925" timestamp="2025-12-15T03:34:41.104" activeThreads="9">
  <mem-info id="2413" free="110634480" total="274399232" percent="40">
    <mem type="nursery" free="83525664" total="150732800" percent="55">
      <mem type="allocate" free="83525664" total="108986368" percent="76" />
      <mem type="survivor" free="0" total="41746432" percent="0" />
    </mem>
    <mem type="tenure" free="27108816" total="123666432" percent="21" macro-fragmented="23113062">
      <mem type="soa" free="25871824" total="122429440" percent="21" />
      <mem type="loa" free="1236992" total="1236992" percent="100" />
    </mem>
    <pending-finalizers system="79" default="684" reference="4520" classloader="0" />
    <remembered-set count="9675" />
  </mem-info>
</gc-end>
<cycle-end id="2414" type="scavenge" contextid="2408" timestamp="2025-12-15T03:34:41.105" />
<allocation-satisfied id="2415" threadId="00000000018DAB00" bytesRequested="96" />
<af-end id="2416" timestamp="2025-12-15T03:34:41.107" threadId="00000000018DB578" success="true" from="nursery"/>
<exclusive-end id="2417" timestamp="2025-12-15T03:34:41.107" durationms="99.226" />

<exclusive-start id="2418" timestamp="2025-12-15T03:35:32.782" intervalms="51773.907">
  <response-info timems="0.074" idlems="0.074" threads="0" lastid="0000000001892500" lastname="Default Executor-thread-14" />
</exclusive-start>
<af-start id="2419" threadId="0000000001892F78" totalBytesRequested="11944" timestamp="2025-12-15T03:35:32.783" intervalms="51718.777" type="nursery" />
<cycle-start id="2420" type="scavenge" contextid="0" timestamp="2025-12-15T03:35:32.783" intervalms="51716.802" />
<gc-start id="2421" type="scavenge" contextid="2420" timestamp="2025-12-15T03:35:32.784">
  <mem-info id="2422" free="26720952" total="274399232" percent="9">
    <mem type="nursery" free="0" total="150732800" percent="0">
      <mem type="allocate" free="0" total="108986368" percent="0" />
      <mem type="survivor" free="0" total="41746432" percent="0" />
    </mem>
    <mem type="tenure" free="26720952" total="123666432" percent="21">
      <mem type="soa" free="25483960" total="122429440" percent="20" />
      <mem type="loa" free="1236992" total="1236992" percent="100" />
    </mem>
    <remembered-set count="44532" />
  </mem-info>
</gc-start>
<allocation-stats totalBytes="83807960" discardedBytes="105568" >
  <allocated-bytes non-tlh="1210424" tlh="82597536" />
  <largest-consumer threadName="Connection worker" threadId="0000000001850200" bytes="36013128" />
</allocation-stats>
<gc-op id="2423" type="scavenge" timems="9.111" contextid="2420" timestamp="2025-12-15T03:35:32.794">
  <scavenger-info tenureage="7" tenuremask="7f80" tiltratio="72" />
  <memory-copied type="nursery" objects="263980" bytes="22798528" bytesdiscarded="307656" />
  <memory-copied type="tenure" objects="31941" bytes="2090936" bytesdiscarded="1632" />
  <finalization candidates="214" enqueued="206" />
  <ownableSynchronizers candidates="4788" cleared="4449" />
  <references type="soft" candidates="1775" cleared="0" enqueued="0" dynamicThreshold="9" maxThreshold="32" />
  <references type="weak" candidates="4277" cleared="3274" enqueued="3264" />
  <references type="phantom" candidates="1142" cleared="60" enqueued="60" />
  <object-monitors candidates="165" cleared="0"  />
</gc-op>
<gc-end id="2424" type="scavenge" contextid="2420" durationms="26.706" usertimems="51.997" systemtimems="18.659" stalltimems="31.635" timestamp="2025-12-15T03:35:32.811" activeThreads="12">
  <mem-info id="2425" free="112414656" total="274399232" percent="40">
    <mem type="nursery" free="88027504" total="150732800" percent="58">
      <mem type="allocate" free="88027504" total="111149056" percent="79" />
      <mem type="survivor" free="0" total="39583744" percent="0" />
    </mem>
    <mem type="tenure" free="24387152" total="123666432" percent="19" macro-fragmented="16050736">
      <mem type="soa" free="23150160" total="122429440" percent="18" />
      <mem type="loa" free="1236992" total="1236992" percent="100" />
    </mem>
    <pending-finalizers system="164" default="42" reference="3324" classloader="0" />
    <remembered-set count="31780" />
  </mem-info>
</gc-end>
<cycle-end id="2426" type="scavenge" contextid="2420" timestamp="2025-12-15T03:35:32.811" />
<allocation-satisfied id="2427" threadId="0000000001892500" bytesRequested="11944" />
<af-end id="2428" timestamp="2025-12-15T03:35:32.812" threadId="0000000001892F78" success="true" from="nursery"/>
<exclusive-end id="2429" timestamp="2025-12-15T03:35:32.813" durationms="30.743" />

<exclusive-start id="2430" timestamp="2025-12-15T03:35:45.888" intervalms="13105.963">
  <response-info timems="0.167" idlems="0.167" threads="0" lastid="0000000000555500" lastname="Active Thread: Equinox Container: 24d7c223-93ad-40be-a83d-0d3d3" />
</exclusive-start>
<af-start id="2431" threadId="0000000000555F78" totalBytesRequested="24" timestamp="2025-12-15T03:35:46.037" intervalms="13254.385" type="nursery" />
<cycle-start id="2432" type="scavenge" contextid="0" timestamp="2025-12-15T03:35:46.130" intervalms="13347.133" />
<gc-start id="2433" type="scavenge" contextid="2432" timestamp="2025-12-15T03:35:46.182">
  <mem-info id="2434" free="24336752" total="274399232" percent="8">
    <mem type="nursery" free="0" total="150732800" percent="0">
      <mem type="allocate" free="0" total="111149056" percent="0" />
      <mem type="survivor" free="0" total="39583744" percent="0" />
    </mem>
    <mem type="tenure" free="24336752" total="123666432" percent="19">
      <mem type="soa" free="23099760" total="122429440" percent="18" />
      <mem type="loa" free="1236992" total="1236992" percent="100" />
    </mem>
    <remembered-set count="33363" />
  </mem-info>
</gc-start>
<allocation-stats totalBytes="88058400" discardedBytes="19504" >
  <allocated-bytes non-tlh="295168" tlh="87763232" />
  <largest-consumer threadName="Default Executor-thread-14" threadId="0000000001892500" bytes="57382232" />
</allocation-stats>
<gc-op id="2435" type="scavenge" timems="46.188" contextid="2432" timestamp="2025-12-15T03:35:46.235">
  <scavenger-info tenureage="4" tenuremask="7f90" tiltratio="73" />
  <memory-copied type="nursery" objects="283276" bytes="22770064" bytesdiscarded="392184" />
  <memory-copied type="tenure" objects="79510" bytes="5099600" bytesdiscarded="3824" />
  <finalization candidates="158" enqueued="150" />
  <ownableSynchronizers candidates="4799" cleared="4301" />
  <references type="soft" candidates="1803" cleared="0" enqueued="0" dynamicThreshold="9" maxThreshold="32" />
  <references type="weak" candidates="2051" cleared="729" enqueued="697" />
  <references type="phantom" candidates="1211" cleared="13" enqueued="13" />
  <object-monitors candidates="174" cleared="6"  />
</gc-op>
<gc-end id="2436" type="scavenge" contextid="2432" durationms="454.780" usertimems="505.350" systemtimems="58.068" stalltimems="80.522" timestamp="2025-12-15T03:35:46.636" activeThreads="13">
  <mem-info id="2437" free="109221488" total="274399232" percent="39">
    <mem type="nursery" free="90194768" total="150732800" percent="59">
      <mem type="allocate" free="90194768" total="113377280" percent="79" />
      <mem type="survivor" free="0" total="37355520" percent="0" />
    </mem>
    <mem type="tenure" free="19026720" total="123666432" percent="15" macro-fragmented="13375613">
      <mem type="soa" free="17789728" total="122429440" percent="14" />
      <mem type="loa" free="1236992" total="1236992" percent="100" />
    </mem>
    <pending-finalizers system="30" default="120" reference="710" classloader="0" />
    <remembered-set count="30264" />
  </mem-info>
</gc-end>
<cycle-end id="2438" type="scavenge" contextid="2432" timestamp="2025-12-15T03:35:46.637" />
<allocation-satisfied id="2439" threadId="0000000000555500" bytesRequested="24" />
<af-end id="2440" timestamp="2025-12-15T03:35:46.639" threadId="0000000000555F78" success="true" from="nursery"/>
<exclusive-end id="2441" timestamp="2025-12-15T03:35:46.639" durationms="751.004" />

<exclusive-start id="2442" timestamp="2025-12-15T03:39:03.033" intervalms="197144.743">
  <response-info timems="0.084" idlems="0.084" threads="0" lastid="000000000184E900" lastname="Default Executor-thread-38" />
</exclusive-start>
<af-start id="2443" threadId="000000000184F378" totalBytesRequested="24" timestamp="2025-12-15T03:39:03.034" intervalms="196997.115" type="nursery" />
<cycle-start id="2444" type="scavenge" contextid="0" timestamp="2025-12-15T03:39:03.035" intervalms="196904.998" />
<gc-start id="2445" type="scavenge" contextid="2444" timestamp="2025-12-15T03:39:03.038">
  <mem-info id="2446" free="19025376" total="274399232" percent="6">
    <mem type="nursery" free="0" total="150732800" percent="0">
      <mem type="allocate" free="0" total="113377280" percent="0" />
      <mem type="survivor" free="0" total="37355520" percent="0" />
    </mem>
    <mem type="tenure" free="19025376" total="123666432" percent="15">
      <mem type="soa" free="17788384" total="122429440" percent="14" />
      <mem type="loa" free="1236992" total="1236992" percent="100" />
    </mem>
    <remembered-set count="30399" />
  </mem-info>
</gc-start>
<allocation-stats totalBytes="90153960" discardedBytes="42152" >
  <allocated-bytes non-tlh="263520" tlh="89890440" />
  <largest-consumer threadName="Timer-7" threadId="0000000001005000" bytes="2664328" />
</allocation-stats>
<gc-op id="2447" type="scavenge" timems="28.761" contextid="2444" timestamp="2025-12-15T03:39:03.069">
  <scavenger-info tenureage="7" tenuremask="7f80" tiltratio="75" />
  <memory-copied type="nursery" objects="239348" bytes="21447992" bytesdiscarded="206856" />
  <finalization candidates="8" enqueued="0" />
  <ownableSynchronizers candidates="16894" cleared="16459" />
  <references type="soft" candidates="1802" cleared="0" enqueued="0" dynamicThreshold="9" maxThreshold="32" />
  <references type="weak" candidates="1207" cleared="0" enqueued="0" />
  <references type="phantom" candidates="1194" cleared="0" enqueued="0" />
  <object-monitors candidates="188" cleared="17"  />
</gc-op>
<gc-end id="2448" type="scavenge" contextid="2444" durationms="67.871" usertimems="138.833" systemtimems="9.829" stalltimems="71.794" timestamp="2025-12-15T03:39:03.106" activeThreads="10">
  <mem-info id="2449" free="112570296" total="274399232" percent="41">
    <mem type="nursery" free="93544920" total="150732800" percent="62">
      <mem type="allocate" free="93544920" total="115212288" percent="81" />
      <mem type="survivor" free="0" total="35520512" percent="0" />
    </mem>
    <mem type="tenure" free="19025376" total="123666432" percent="15" macro-fragmented="13375613">
      <mem type="soa" free="17788384" total="122429440" percent="14" />
      <mem type="loa" free="1236992" total="1236992" percent="100" />
    </mem>
    <remembered-set count="27662" />
  </mem-info>
</gc-end>
<cycle-end id="2450" type="scavenge" contextid="2444" timestamp="2025-12-15T03:39:03.107" />
<allocation-satisfied id="2451" threadId="000000000184E900" bytesRequested="24" />
<af-end id="2452" timestamp="2025-12-15T03:39:03.108" threadId="000000000184F378" success="true" from="nursery"/>
<exclusive-end id="2453" timestamp="2025-12-15T03:39:03.108" durationms="75.641" />

<exclusive-start id="2454" timestamp="2025-12-15T03:41:32.725" intervalms="149691.924">
  <response-info timems="0.148" idlems="0.148" threads="0" lastid="00000000001D0800" lastname="VM Runtime State Listener" />
</exclusive-start>
<sys-start reason="vm idle" id="2455" timestamp="2025-12-15T03:41:32.727" intervalms="440459.990" />
<cycle-start id="2456" type="global" contextid="0" timestamp="2025-12-15T03:41:32.729" intervalms="415105.032" />
<gc-start id="2457" type="global" contextid="2456" timestamp="2025-12-15T03:41:32.734">
  <mem-info id="2458" free="45301664" total="274399232" percent="16">
    <mem type="nursery" free="26276288" total="150732800" percent="17">
      <mem type="allocate" free="26276288" total="115212288" percent="22" />
      <mem type="survivor" free="0" total="35520512" percent="0" />
    </mem>
    <mem type="tenure" free="19025376" total="123666432" percent="15">
      <mem type="soa" free="17788384" total="122429440" percent="14" />
      <mem type="loa" free="1236992" total="1236992" percent="100" />
    </mem>
    <remembered-set count="27711" />
  </mem-info>
</gc-start>
<allocation-stats totalBytes="67242408" discardedBytes="26224" >
  <allocated-bytes non-tlh="24" tlh="67242384" />
  <largest-consumer threadName="Default Executor-thread-20" threadId="0000000001818D00" bytes="2018544" />
</allocation-stats>
<gc-op id="2459" type="mark" timems="95.844" contextid="2456" timestamp="2025-12-15T03:41:32.833">
  <trace-info objectcount="2120597" scancount="1836325" scanbytes="69216376" />
  <finalization candidates="904" enqueued="0" />
  <ownableSynchronizers candidates="22152" cleared="12626" />
  <references type="soft" candidates="17470" cleared="0" enqueued="0" dynamicThreshold="9" maxThreshold="32" />
  <references type="weak" candidates="16955" cleared="22" enqueued="14" />
  <references type="phantom" candidates="1347" cleared="0" enqueued="0" />
  <stringconstants candidates="50496" cleared="92"  />
  <object-monitors candidates="171" cleared="8"  />
</gc-op>
<gc-op id="2460" type="classunload" timems="3.705" contextid="2456" timestamp="2025-12-15T03:41:32.838">
  <classunload-info classloadercandidates="533" classloadersunloaded="7" classesunloaded="6" anonymousclassesunloaded="0" quiescems="0.000" setupms="3.521" scanms="0.074" postms="0.109" />
</gc-op>
<gc-op id="2461" type="sweep" timems="5.819" contextid="2456" timestamp="2025-12-15T03:41:32.846" />
<mem-info id="2462" free="128335200" total="274399232" percent="46">
  <mem type="nursery" free="93942224" total="150732800" percent="62">
    <mem type="allocate" free="93942224" total="115212288" percent="81" />
    <mem type="survivor" free="0" total="35520512" percent="0" />
  </mem>
  <mem type="tenure" free="34392976" total="123666432" percent="27" micro-fragmented="3240809" macro-fragmented="9288619">
    <mem type="soa" free="33155984" total="122429440" percent="27" />
    <mem type="loa" free="1236992" total="1236992" percent="100" />
  </mem>
  <pending-finalizers system="0" default="0" reference="14" classloader="0" />
  <remembered-set count="24853" />
</mem-info>
<gc-op id="2463" type="compact" timems="298.813" contextid="2456" timestamp="2025-12-15T03:41:33.146">
  <compact-info movecount="2114980" movebytes="105954624" reason="compact on aggressive collection" />
</gc-op>
<gc-end id="2464" type="global" contextid="2456" durationms="435.360" usertimems="2751.779" systemtimems="132.160" stalltimems="750.753" timestamp="2025-12-15T03:41:33.169" activeThreads="20">
  <mem-info id="2465" free="132190608" total="274399232" percent="48">
    <mem type="nursery" free="94226200" total="150732800" percent="62">
      <mem type="allocate" free="94226200" total="115212288" percent="81" />
      <mem type="survivor" free="0" total="35520512" percent="0" />
    </mem>
    <mem type="tenure" free="37964408" total="123666432" percent="30">
      <mem type="soa" free="36727416" total="122429440" percent="29" />
      <mem type="loa" free="1236992" total="1236992" percent="100" />
    </mem>
    <pending-finalizers system="0" default="0" reference="14" classloader="0" />
    <remembered-set count="24853" />
  </mem-info>
</gc-end>
<cycle-end id="2466" type="global" contextid="2456" timestamp="2025-12-15T03:41:33.171" />
<sys-end id="2467" timestamp="2025-12-15T03:41:33.171" />
<exclusive-end id="2468" timestamp="2025-12-15T03:41:33.172" durationms="447.483" />

<heap-resize id="2469" type="release free pages" space="tenure" amount="37941248" count="1" timems="2.417" reason="idle" timestamp="2025-12-15T03:41:33.176" />
<exclusive-start id="2470" timestamp="2025-12-15T03:45:02.341" intervalms="209616.261">
  <response-info timems="0.051" idlems="0.051" threads="0" lastid="0000000001850200" lastname="Default Executor-thread-75" />
</exclusive-start>
<af-start id="2471" threadId="0000000001850C78" totalBytesRequested="24" timestamp="2025-12-15T03:45:02.342" intervalms="359308.375" type="nursery" />
<cycle-start id="2472" type="scavenge" contextid="0" timestamp="2025-12-15T03:45:02.344" intervalms="359308.844" />
<gc-start id="2473" type="scavenge" contextid="2472" timestamp="2025-12-15T03:45:02.346">
  <mem-info id="2474" free="37964408" total="274399232" percent="13">
    <mem type="nursery" free="0" total="150732800" percent="0">
      <mem type="allocate" free="0" total="115212288" percent="0" />
      <mem type="survivor" free="0" total="35520512" percent="0" />
    </mem>
    <mem type="tenure" free="37964408" total="123666432" percent="30">
      <mem type="soa" free="36727416" total="122429440" percent="29" />
      <mem type="loa" free="1236992" total="1236992" percent="100" />
    </mem>
    <remembered-set count="24869" />
  </mem-info>
</gc-start>
<allocation-stats totalBytes="94185960" discardedBytes="40240" >
  <allocated-bytes non-tlh="0" tlh="94185960" />
  <largest-consumer threadName="Scheduled Executor-thread-1" threadId="00000000007E7700" bytes="2731848" />
</allocation-stats>
<gc-op id="2475" type="scavenge" timems="20.744" contextid="2472" timestamp="2025-12-15T03:45:02.370">
  <scavenger-info tenureage="4" tenuremask="7f90" tiltratio="76" />
  <memory-copied type="nursery" objects="149043" bytes="6831208" bytesdiscarded="515680" />
  <memory-copied type="tenure" objects="78558" bytes="14025216" bytesdiscarded="6024" />
  <finalization candidates="8" enqueued="0" />
  <ownableSynchronizers candidates="36148" cleared="35718" />
  <references type="soft" candidates="847" cleared="0" enqueued="0" dynamicThreshold="9" maxThreshold="32" />
  <references type="weak" candidates="557" cleared="3" enqueued="3" />
  <references type="phantom" candidates="197" cleared="0" enqueued="0" />
  <object-monitors candidates="183" cleared="19"  />
</gc-op>
<gc-end id="2476" type="scavenge" contextid="2472" durationms="36.725" usertimems="64.371" systemtimems="36.509" stalltimems="35.197" timestamp="2025-12-15T03:45:02.383" activeThreads="11">
  <mem-info id="2477" free="133213592" total="274399232" percent="48">
    <mem type="nursery" free="109628336" total="150732800" percent="72">
      <mem type="allocate" free="109628336" total="116981760" percent="93" />
      <mem type="survivor" free="0" total="33751040" percent="0" />
    </mem>
    <mem type="tenure" free="23585256" total="123666432" percent="19" macro-fragmented="19260884">
      <mem type="soa" free="22348264" total="122429440" percent="18" />
      <mem type="loa" free="1236992" total="1236992" percent="100" />
    </mem>
    <pending-finalizers system="0" default="0" reference="3" classloader="0" />
    <remembered-set count="22430" />
  </mem-info>
</gc-end>
<cycle-end id="2478" type="scavenge" contextid="2472" timestamp="2025-12-15T03:45:02.384" />
<allocation-satisfied id="2479" threadId="0000000001850200" bytesRequested="24" />
<af-end id="2480" timestamp="2025-12-15T03:45:02.385" threadId="0000000001850C78" success="true" from="nursery"/>
<exclusive-end id="2481" timestamp="2025-12-15T03:45:02.385" durationms="44.428" />

<exclusive-start id="2482" timestamp="2025-12-15T03:49:10.536" intervalms="248195.422">
  <response-info timems="0.082" idlems="0.082" threads="0" lastid="00000000018C3600" lastname="Default Executor-thread-8" />
</exclusive-start>
<af-start id="2483" threadId="00000000018C4078" totalBytesRequested="184" timestamp="2025-12-15T03:49:10.538" intervalms="248195.119" type="nursery" />
<cycle-start id="2484" type="scavenge" contextid="0" timestamp="2025-12-15T03:49:10.539" intervalms="248194.508" />
<gc-start id="2485" type="scavenge" contextid="2484" timestamp="2025-12-15T03:49:10.540">
  <mem-info id="2486" free="23585256" total="274399232" percent="8">
    <mem type="nursery" free="0" total="150732800" percent="0">
      <mem type="allocate" free="0" total="116981760" percent="0" />
      <mem type="survivor" free="0" total="33751040" percent="0" />
    </mem>
    <mem type="tenure" free="23585256" total="123666432" percent="19">
      <mem type="soa" free="22348264" total="122429440" percent="18" />
      <mem type="loa" free="1236992" total="1236992" percent="100" />
    </mem>
    <remembered-set count="22470" />
  </mem-info>
</gc-start>
<allocation-stats totalBytes="109591576" discardedBytes="36760" >
  <allocated-bytes non-tlh="24" tlh="109591552" />
  <largest-consumer threadName="Scheduled Executor-thread-1" threadId="00000000007E7700" bytes="3194712" />
</allocation-stats>
<gc-op id="2487" type="scavenge" timems="24.672" contextid="2484" timestamp="2025-12-15T03:49:10.567">
  <scavenger-info tenureage="8" tenuremask="7f00" tiltratio="77" />
  <memory-copied type="nursery" objects="149095" bytes="6834984" bytesdiscarded="185368" />
  <finalization candidates="4" enqueued="0" />
  <ownableSynchronizers candidates="21070" cleared="20764" />
  <references type="soft" candidates="847" cleared="0" enqueued="0" dynamicThreshold="9" maxThreshold="32" />
  <references type="weak" candidates="554" cleared="0" enqueued="0" />
  <references type="phantom" candidates="197" cleared="0" enqueued="0" />
  <object-monitors candidates="164" cleared="0"  />
</gc-op>
<gc-end id="2488" type="scavenge" contextid="2484" durationms="40.311" usertimems="91.762" systemtimems="11.593" stalltimems="198.238" timestamp="2025-12-15T03:49:10.580" activeThreads="14">
  <mem-info id="2489" free="138586560" total="274399232" percent="50">
    <mem type="nursery" free="115001304" total="150732800" percent="76">
      <mem type="allocate" free="115001304" total="122028032" percent="94" />
      <mem type="survivor" free="0" total="28704768" percent="0" />
    </mem>
    <mem type="tenure" free="23585256" total="123666432" percent="19" macro-fragmented="16050736">
      <mem type="soa" free="22348264" total="122429440" percent="18" />
      <mem type="loa" free="1236992" total="1236992" percent="100" />
    </mem>
    <remembered-set count="22416" />
  </mem-info>
</gc-end>
<cycle-end id="2490" type="scavenge" contextid="2484" timestamp="2025-12-15T03:49:10.583" />
<allocation-satisfied id="2491" threadId="00000000018C3600" bytesRequested="184" />
<af-end id="2492" timestamp="2025-12-15T03:49:10.585" threadId="00000000018C4078" success="true" from="nursery"/>
<exclusive-end id="2493" timestamp="2025-12-15T03:49:10.585" durationms="49.062" />

<exclusive-start id="2494" timestamp="2025-12-15T03:53:27.279" intervalms="256742.623">
  <response-info timems="0.109" idlems="0.109" threads="0" lastid="000000000184DC00" lastname="Default Executor-thread-95" />
</exclusive-start>
<af-start id="2495" threadId="000000000184E678" totalBytesRequested="16" timestamp="2025-12-15T03:53:27.281" intervalms="256743.665" type="nursery" />
<cycle-start id="2496" type="scavenge" contextid="0" timestamp="2025-12-15T03:53:27.283" intervalms="256744.257" />
<gc-start id="2497" type="scavenge" contextid="2496" timestamp="2025-12-15T03:53:27.286">
  <mem-info id="2498" free="23585256" total="274399232" percent="8">
    <mem type="nursery" free="0" total="150732800" percent="0">
      <mem type="allocate" free="0" total="122028032" percent="0" />
      <mem type="survivor" free="0" total="28704768" percent="0" />
    </mem>
    <mem type="tenure" free="23585256" total="123666432" percent="19">
      <mem type="soa" free="22348264" total="122429440" percent="18" />
      <mem type="loa" free="1236992" total="1236992" percent="100" />
    </mem>
    <remembered-set count="22464" />
  </mem-info>
</gc-start>
<allocation-stats totalBytes="114959032" discardedBytes="42272" >
  <allocated-bytes non-tlh="184" tlh="114958848" />
  <largest-consumer threadName="Default Executor-thread-50" threadId="0000000001816800" bytes="3275720" />
</allocation-stats>
<gc-op id="2499" type="scavenge" timems="13.181" contextid="2496" timestamp="2025-12-15T03:53:27.301">
  <scavenger-info tenureage="4" tenuremask="7e30" tiltratio="80" />
  <memory-copied type="nursery" objects="26010" bytes="1074776" bytesdiscarded="1078936" />
  <memory-copied type="tenure" objects="123108" bytes="5760504" bytesdiscarded="2864" />
  <finalization candidates="4" enqueued="0" />
  <ownableSynchronizers candidates="21801" cleared="21490" />
  <references type="soft" candidates="96" cleared="0" enqueued="0" dynamicThreshold="9" maxThreshold="32" />
  <references type="weak" candidates="92" cleared="0" enqueued="0" />
  <references type="phantom" candidates="1" cleared="0" enqueued="0" />
  <object-monitors candidates="185" cleared="16"  />
</gc-op>
<gc-end id="2500" type="scavenge" contextid="2496" durationms="23.004" usertimems="23.852" systemtimems="29.773" stalltimems="43.750" timestamp="2025-12-15T03:53:27.309" activeThreads="12">
  <mem-info id="2501" free="141812992" total="274399232" percent="51">
    <mem type="nursery" free="123936496" total="150732800" percent="82">
      <mem type="allocate" free="123936496" total="126091264" percent="98" />
      <mem type="survivor" free="0" total="24641536" percent="0" />
    </mem>
    <mem type="tenure" free="17876496" total="123666432" percent="14" macro-fragmented="13375613">
      <mem type="soa" free="16639504" total="122429440" percent="13" />
      <mem type="loa" free="1236992" total="1236992" percent="100" />
    </mem>
    <remembered-set count="1566" />
  </mem-info>
</gc-end>
<cycle-end id="2502" type="scavenge" contextid="2496" timestamp="2025-12-15T03:53:27.311" />
<allocation-satisfied id="2503" threadId="000000000184DC00" bytesRequested="16" />
<af-end id="2504" timestamp="2025-12-15T03:53:27.313" threadId="000000000184E678" success="true" from="nursery"/>
<exclusive-end id="2505" timestamp="2025-12-15T03:53:27.314" durationms="34.804" />

<exclusive-start id="2506" timestamp="2025-12-15T03:53:37.351" intervalms="10072.294">
  <response-info timems="0.042" idlems="0.042" threads="0" lastid="00000000001D0800" lastname="VM Runtime State Listener" />
</exclusive-start>
<sys-start reason="vm idle" id="2507" timestamp="2025-12-15T03:53:37.352" intervalms="724625.442" />
<cycle-start id="2508" type="global" contextid="0" timestamp="2025-12-15T03:53:37.353" intervalms="724624.038" />
<gc-start id="2509" type="global" contextid="2508" timestamp="2025-12-15T03:53:37.355">
  <mem-info id="2510" free="135525616" total="274399232" percent="49">
    <mem type="nursery" free="117649120" total="150732800" percent="78">
      <mem type="allocate" free="117649120" total="126091264" percent="93" />
      <mem type="survivor" free="0" total="24641536" percent="0" />
    </mem>
    <mem type="tenure" free="17876496" total="123666432" percent="14">
      <mem type="soa" free="16639504" total="122429440" percent="13" />
      <mem type="loa" free="1236992" total="1236992" percent="100" />
    </mem>
    <remembered-set count="1615" />
  </mem-info>
</gc-start>
<allocation-stats totalBytes="6284464" discardedBytes="2912" >
  <allocated-bytes non-tlh="16" tlh="6284448" />
  <largest-consumer threadName="Default Executor-thread-34" threadId="0000000001893C00" bytes="258040" />
</allocation-stats>
<gc-op id="2511" type="mark" timems="39.694" contextid="2508" timestamp="2025-12-15T03:53:37.396">
  <trace-info objectcount="2117988" scancount="1833944" scanbytes="69111580" />
  <finalization candidates="904" enqueued="0" />
  <ownableSynchronizers candidates="10378" cleared="852" />
  <references type="soft" candidates="17466" cleared="752" enqueued="749" dynamicThreshold="9" maxThreshold="32" />
  <references type="weak" candidates="16732" cleared="2" enqueued="2" />
  <references type="phantom" candidates="1341" cleared="0" enqueued="0" />
  <stringconstants candidates="50404" cleared="73"  />
  <object-monitors candidates="169" cleared="5"  />
</gc-op>
<gc-op id="2512" type="classunload" timems="2.910" contextid="2508" timestamp="2025-12-15T03:53:37.401">
  <classunload-info classloadercandidates="526" classloadersunloaded="1" classesunloaded="1" anonymousclassesunloaded="0" quiescems="0.000" setupms="2.873" scanms="0.026" postms="0.010" />
</gc-op>
<gc-op id="2513" type="sweep" timems="8.235" contextid="2508" timestamp="2025-12-15T03:53:37.411" />
<heap-resize id="2514" type="expand" space="tenure" amount="27000832" count="1" timems="0.108" reason="insufficient free space following gc" timestamp="2025-12-15T03:53:37.420" />
<gc-end id="2515" type="global" contextid="2508" durationms="68.502" usertimems="440.493" systemtimems="71.036" stalltimems="506.262" timestamp="2025-12-15T03:53:37.423" activeThreads="20">
  <mem-info id="2516" free="170050240" total="301400064" percent="56">
    <mem type="nursery" free="124836624" total="150732800" percent="82">
      <mem type="allocate" free="124836624" total="126091264" percent="99" />
      <mem type="survivor" free="0" total="24641536" percent="0" />
    </mem>
    <mem type="tenure" free="45213616" total="150667264" percent="30" micro-fragmented="87247" macro-fragmented="13375613">
      <mem type="soa" free="43706288" total="149159936" percent="29" />
      <mem type="loa" free="1507328" total="1507328" percent="100" />
    </mem>
    <pending-finalizers system="0" default="0" reference="751" classloader="0" />
    <remembered-set count="1593" />
  </mem-info>
</gc-end>
<cycle-end id="2517" type="global" contextid="2508" timestamp="2025-12-15T03:53:37.426" />
<heap-fixup timems="7.647" reason="class unloading"  timestamp="2025-12-15T03:53:37.426" />
<sys-end id="2518" timestamp="2025-12-15T03:53:37.427" />
<exclusive-end id="2519" timestamp="2025-12-15T03:53:37.429" durationms="77.920" />

<heap-resize id="2520" type="release free pages" space="tenure" amount="45117440" count="1" timems="0.650" reason="idle" timestamp="2025-12-15T03:53:37.432" />
<exclusive-start id="2521" timestamp="2025-12-15T03:58:19.162" intervalms="281810.705">
  <response-info timems="0.078" idlems="0.078" threads="0" lastid="000000000187E200" lastname="Default Executor-thread-53" />
</exclusive-start>
<af-start id="2522" threadId="000000000187EC78" totalBytesRequested="152" timestamp="2025-12-15T03:58:19.164" intervalms="291882.642" type="nursery" />
<cycle-start id="2523" type="scavenge" contextid="0" timestamp="2025-12-15T03:58:19.166" intervalms="291882.738" />
<gc-start id="2524" type="scavenge" contextid="2523" timestamp="2025-12-15T03:58:19.168">
  <mem-info id="2525" free="45213616" total="301400064" percent="15">
    <mem type="nursery" free="0" total="150732800" percent="0">
      <mem type="allocate" free="0" total="126091264" percent="0" />
      <mem type="survivor" free="0" total="24641536" percent="0" />
    </mem>
    <mem type="tenure" free="45213616" total="150667264" percent="30">
      <mem type="soa" free="43706288" total="149159936" percent="29" />
      <mem type="loa" free="1507328" total="1507328" percent="100" />
    </mem>
    <remembered-set count="2576" />
  </mem-info>
</gc-start>
<allocation-stats totalBytes="124789384" discardedBytes="47240" >
  <allocated-bytes non-tlh="0" tlh="124789384" />
  <largest-consumer threadName="Timer-7" threadId="0000000001005000" bytes="3589832" />
</allocation-stats>
<gc-op id="2526" type="scavenge" timems="12.112" contextid="2523" timestamp="2025-12-15T03:58:19.183">
  <scavenger-info tenureage="8" tenuremask="7d00" tiltratio="83" />
  <memory-copied type="nursery" objects="2684" bytes="110672" bytesdiscarded="1328176" />
  <memory-copied type="tenure" objects="23306" bytes="963880" bytesdiscarded="1768" />
  <ownableSynchronizers candidates="42624" cleared="42538" />
  <references type="weak" candidates="27" cleared="0" enqueued="0" />
  <object-monitors candidates="164" cleared="0"  />
</gc-op>
<gc-end id="2527" type="scavenge" contextid="2523" durationms="18.811" usertimems="13.020" systemtimems="14.231" stalltimems="51.385" timestamp="2025-12-15T03:58:19.187" activeThreads="12">
  <mem-info id="2528" free="173409808" total="301400064" percent="57">
    <mem type="nursery" free="129305088" total="150732800" percent="85">
      <mem type="allocate" free="129305088" total="130744320" percent="98" />
      <mem type="survivor" free="0" total="19988480" percent="0" />
    </mem>
    <mem type="tenure" free="44104720" total="150667264" percent="29" macro-fragmented="27735676">
      <mem type="soa" free="42597392" total="149159936" percent="28" />
      <mem type="loa" free="1507328" total="1507328" percent="100" />
    </mem>
    <remembered-set count="1311" />
  </mem-info>
</gc-end>
<cycle-end id="2529" type="scavenge" contextid="2523" timestamp="2025-12-15T03:58:19.188" />
<allocation-satisfied id="2530" threadId="000000000187E200" bytesRequested="152" />
<af-end id="2531" timestamp="2025-12-15T03:58:19.191" threadId="000000000187EC78" success="true" from="nursery"/>
<exclusive-end id="2532" timestamp="2025-12-15T03:58:19.192" durationms="29.863" />

<exclusive-start id="2533" timestamp="2025-12-15T04:03:11.031" intervalms="291868.935">
  <response-info timems="0.053" idlems="0.053" threads="0" lastid="0000000000831B00" lastname="Default Executor-thread-78" />
</exclusive-start>
<af-start id="2534" threadId="0000000000832578" totalBytesRequested="176" timestamp="2025-12-15T04:03:11.312" intervalms="292147.584" type="nursery" />
<cycle-start id="2535" type="scavenge" contextid="0" timestamp="2025-12-15T04:03:11.662" intervalms="292495.944" />
<gc-start id="2536" type="scavenge" contextid="2535" timestamp="2025-12-15T04:03:11.665">
  <mem-info id="2537" free="44104720" total="301400064" percent="14">
    <mem type="nursery" free="0" total="150732800" percent="0">
      <mem type="allocate" free="0" total="130744320" percent="0" />
      <mem type="survivor" free="0" total="19988480" percent="0" />
    </mem>
    <mem type="tenure" free="44104720" total="150667264" percent="29">
      <mem type="soa" free="42597392" total="149159936" percent="28" />
      <mem type="loa" free="1507328" total="1507328" percent="100" />
    </mem>
    <remembered-set count="1368" />
  </mem-info>
</gc-start>
<allocation-stats totalBytes="129265160" discardedBytes="39928" >
  <allocated-bytes non-tlh="152" tlh="129265008" />
  <largest-consumer threadName="Scheduled Executor-thread-1" threadId="00000000007E7700" bytes="3673968" />
</allocation-stats>
<gc-op id="2538" type="scavenge" timems="20.310" contextid="2535" timestamp="2025-12-15T04:03:11.687">
  <scavenger-info tenureage="3" tenuremask="fdc8" tiltratio="86" />
  <memory-copied type="nursery" objects="2741" bytes="113248" bytesdiscarded="175136" />
  <ownableSynchronizers candidates="24515" cleared="24430" />
  <references type="weak" candidates="27" cleared="0" enqueued="0" />
  <object-monitors candidates="164" cleared="0"  />
</gc-op>
<gc-end id="2539" type="scavenge" contextid="2535" durationms="28.078" usertimems="10.021" systemtimems="5.419" stalltimems="102.157" timestamp="2025-12-15T04:03:11.693" activeThreads="11">
  <mem-info id="2540" free="178492432" total="301400064" percent="59">
    <mem type="nursery" free="134387712" total="150732800" percent="89">
      <mem type="allocate" free="134387712" total="134676480" percent="99" />
      <mem type="survivor" free="0" total="16056320" percent="0" />
    </mem>
    <mem type="tenure" free="44104720" total="150667264" percent="29" macro-fragmented="27735676">
      <mem type="soa" free="42597392" total="149159936" percent="28" />
      <mem type="loa" free="1507328" total="1507328" percent="100" />
    </mem>
    <remembered-set count="1304" />
  </mem-info>
</gc-end>
<cycle-end id="2541" type="scavenge" contextid="2535" timestamp="2025-12-15T04:03:11.694" />
<allocation-satisfied id="2542" threadId="0000000000831B00" bytesRequested="176" />
<af-end id="2543" timestamp="2025-12-15T04:03:11.695" threadId="0000000000832578" success="true" from="nursery"/>
<exclusive-end id="2544" timestamp="2025-12-15T04:03:11.696" durationms="664.643" />

<exclusive-start id="2545" timestamp="2025-12-15T04:08:14.766" intervalms="303734.693">
  <response-info timems="0.117" idlems="0.117" threads="0" lastid="00000000005F7800" lastname="Default Executor-thread-82" />
</exclusive-start>
<af-start id="2546" threadId="00000000005F8278" totalBytesRequested="24" timestamp="2025-12-15T04:08:14.767" intervalms="303455.965" type="nursery" />
<cycle-start id="2547" type="scavenge" contextid="0" timestamp="2025-12-15T04:08:14.769" intervalms="303107.277" />
<gc-start id="2548" type="scavenge" contextid="2547" timestamp="2025-12-15T04:08:14.772">
  <mem-info id="2549" free="44104720" total="301400064" percent="14">
    <mem type="nursery" free="0" total="150732800" percent="0">
      <mem type="allocate" free="0" total="134676480" percent="0" />
      <mem type="survivor" free="0" total="16056320" percent="0" />
    </mem>
    <mem type="tenure" free="44104720" total="150667264" percent="29">
      <mem type="soa" free="42597392" total="149159936" percent="28" />
      <mem type="loa" free="1507328" total="1507328" percent="100" />
    </mem>
    <remembered-set count="1363" />
  </mem-info>
</gc-start>
<allocation-stats totalBytes="134351080" discardedBytes="36632" >
  <allocated-bytes non-tlh="176" tlh="134350904" />
  <largest-consumer threadName="Timer-7" threadId="0000000001005000" bytes="3856944" />
</allocation-stats>
<gc-op id="2550" type="scavenge" timems="24.723" contextid="2547" timestamp="2025-12-15T04:08:14.800">
  <scavenger-info tenureage="4" tenuremask="ffd0" tiltratio="89" />
  <memory-copied type="nursery" objects="2503" bytes="100776" bytesdiscarded="160984" />
  <memory-copied type="tenure" objects="243" bytes="13824" bytesdiscarded="8" />
  <ownableSynchronizers candidates="25463" cleared="25378" />
  <references type="weak" candidates="16" cleared="0" enqueued="0" />
  <object-monitors candidates="164" cleared="0"  />
</gc-op>
<gc-end id="2551" type="scavenge" contextid="2547" durationms="35.073" usertimems="13.348" systemtimems="7.824" stalltimems="45.310" timestamp="2025-12-15T04:08:14.807" activeThreads="10">
  <mem-info id="2552" free="179437840" total="301400064" percent="59">
    <mem type="nursery" free="135397632" total="150732800" percent="89">
      <mem type="allocate" free="135397632" total="135659520" percent="99" />
      <mem type="survivor" free="0" total="15073280" percent="0" />
    </mem>
    <mem type="tenure" free="44040208" total="150667264" percent="29" macro-fragmented="39939376">
      <mem type="soa" free="42532880" total="149159936" percent="28" />
      <mem type="loa" free="1507328" total="1507328" percent="100" />
    </mem>
    <remembered-set count="586" />
  </mem-info>
</gc-end>
<cycle-end id="2553" type="scavenge" contextid="2547" timestamp="2025-12-15T04:08:14.809" />
<allocation-satisfied id="2554" threadId="00000000005F7800" bytesRequested="24" />
<af-end id="2555" timestamp="2025-12-15T04:08:14.810" threadId="00000000005F8278" success="true" from="nursery"/>
<exclusive-end id="2556" timestamp="2025-12-15T04:08:14.811" durationms="45.248" />

<exclusive-start id="2557" timestamp="2025-12-15T04:13:21.652" intervalms="306886.191">
  <response-info timems="0.135" idlems="0.135" threads="0" lastid="0000000001992600" lastname="Default Executor-thread-47" />
</exclusive-start>
<af-start id="2558" threadId="0000000001993078" totalBytesRequested="160" timestamp="2025-12-15T04:13:21.654" intervalms="306886.385" type="nursery" />
<cycle-start id="2559" type="scavenge" contextid="0" timestamp="2025-12-15T04:13:21.656" intervalms="306886.877" />
<gc-start id="2560" type="scavenge" contextid="2559" timestamp="2025-12-15T04:13:21.659">
  <mem-info id="2561" free="44040208" total="301400064" percent="14">
    <mem type="nursery" free="0" total="150732800" percent="0">
      <mem type="allocate" free="0" total="135659520" percent="0" />
      <mem type="survivor" free="0" total="15073280" percent="0" />
    </mem>
    <mem type="tenure" free="44040208" total="150667264" percent="29">
      <mem type="soa" free="42532880" total="149159936" percent="28" />
      <mem type="loa" free="1507328" total="1507328" percent="100" />
    </mem>
    <remembered-set count="643" />
  </mem-info>
</gc-start>
<allocation-stats totalBytes="135357808" discardedBytes="39824" >
  <allocated-bytes non-tlh="24" tlh="135357784" />
  <largest-consumer threadName="Timer-7" threadId="0000000001005000" bytes="3957312" />
</allocation-stats>
<gc-op id="2562" type="scavenge" timems="31.029" contextid="2559" timestamp="2025-12-15T04:13:21.693">
  <scavenger-info tenureage="4" tenuremask="ff70" tiltratio="90" />
  <memory-copied type="nursery" objects="2088" bytes="78136" bytesdiscarded="98504" />
  <memory-copied type="tenure" objects="307" bytes="17144" bytesdiscarded="0" />
  <ownableSynchronizers candidates="25739" cleared="25665" />
  <object-monitors candidates="164" cleared="0"  />
</gc-op>
<gc-end id="2563" type="scavenge" contextid="2559" durationms="45.971" usertimems="19.691" systemtimems="14.650" stalltimems="59.909" timestamp="2025-12-15T04:13:21.705" activeThreads="12">
  <mem-info id="2564" free="179348752" total="301400064" percent="59">
    <mem type="nursery" free="135482880" total="150732800" percent="89">
      <mem type="allocate" free="135482880" total="135659520" percent="99" />
      <mem type="survivor" free="0" total="15073280" percent="0" />
    </mem>
    <mem type="tenure" free="43865872" total="150667264" percent="29" macro-fragmented="33282812">
      <mem type="soa" free="42358544" total="149159936" percent="28" />
      <mem type="loa" free="1507328" total="1507328" percent="100" />
    </mem>
    <remembered-set count="689" />
  </mem-info>
</gc-end>
<cycle-end id="2565" type="scavenge" contextid="2559" timestamp="2025-12-15T04:13:21.707" />
<allocation-satisfied id="2566" threadId="0000000001992600" bytesRequested="160" />
<af-end id="2567" timestamp="2025-12-15T04:13:21.711" threadId="0000000001993078" success="true" from="nursery"/>
<exclusive-end id="2568" timestamp="2025-12-15T04:13:21.713" durationms="60.678" />

<exclusive-start id="2569" timestamp="2025-12-15T04:18:26.618" intervalms="304966.090">
  <response-info timems="0.161" idlems="0.161" threads="0" lastid="0000000000867500" lastname="Default Executor-thread-107" />
</exclusive-start>
<af-start id="2570" threadId="0000000000867F78" totalBytesRequested="16" timestamp="2025-12-15T04:18:26.620" intervalms="304966.436" type="nursery" />
<cycle-start id="2571" type="scavenge" contextid="0" timestamp="2025-12-15T04:18:26.623" intervalms="304967.234" />
<gc-start id="2572" type="scavenge" contextid="2571" timestamp="2025-12-15T04:18:26.630">
  <mem-info id="2573" free="43865872" total="301400064" percent="14">
    <mem type="nursery" free="0" total="150732800" percent="0">
      <mem type="allocate" free="0" total="135659520" percent="0" />
      <mem type="survivor" free="0" total="15073280" percent="0" />
    </mem>
    <mem type="tenure" free="43865872" total="150667264" percent="29">
      <mem type="soa" free="42358544" total="149159936" percent="28" />
      <mem type="loa" free="1507328" total="1507328" percent="100" />
    </mem>
    <remembered-set count="759" />
  </mem-info>
</gc-start>
<allocation-stats totalBytes="135438960" discardedBytes="43920" >
  <allocated-bytes non-tlh="160" tlh="135438800" />
  <largest-consumer threadName="Default Executor-thread-96" threadId="000000000183E200" bytes="3849248" />
</allocation-stats>
<gc-op id="2574" type="scavenge" timems="63.038" contextid="2571" timestamp="2025-12-15T04:18:26.696">
  <scavenger-info tenureage="6" tenuremask="ff40" tiltratio="90" />
  <memory-copied type="nursery" objects="2222" bytes="85888" bytesdiscarded="235640" />
  <ownableSynchronizers candidates="25611" cleared="25542" />
  <references type="weak" candidates="11" cleared="0" enqueued="0" />
  <object-monitors candidates="184" cleared="9"  />
</gc-op>
<gc-end id="2575" type="scavenge" contextid="2571" durationms="72.484" usertimems="11.614" systemtimems="24.899" stalltimems="334.000" timestamp="2025-12-15T04:18:26.702" activeThreads="14">
  <mem-info id="2576" free="179203600" total="301400064" percent="59">
    <mem type="nursery" free="135337728" total="150732800" percent="89">
      <mem type="allocate" free="135337728" total="135659520" percent="99" />
      <mem type="survivor" free="0" total="15073280" percent="0" />
    </mem>
    <mem type="tenure" free="43865872" total="150667264" percent="29" macro-fragmented="39939376">
      <mem type="soa" free="42358544" total="149159936" percent="28" />
      <mem type="loa" free="1507328" total="1507328" percent="100" />
    </mem>
    <remembered-set count="687" />
  </mem-info>
</gc-end>
<cycle-end id="2577" type="scavenge" contextid="2571" timestamp="2025-12-15T04:18:26.703" />
<allocation-satisfied id="2578" threadId="0000000000867500" bytesRequested="16" />
<af-end id="2579" timestamp="2025-12-15T04:18:26.705" threadId="0000000000867F78" success="true" from="nursery"/>
<exclusive-end id="2580" timestamp="2025-12-15T04:18:26.707" durationms="88.611" />

<exclusive-start id="2581" timestamp="2025-12-15T04:23:30.493" intervalms="303874.556">
  <response-info timems="0.166" idlems="0.166" threads="0" lastid="0000000001888F00" lastname="Default Executor-thread-135" />
</exclusive-start>
<af-start id="2582" threadId="0000000001889978" totalBytesRequested="56" timestamp="2025-12-15T04:23:30.494" intervalms="303874.169" type="nursery" />
<cycle-start id="2583" type="scavenge" contextid="0" timestamp="2025-12-15T04:23:30.497" intervalms="303874.031" />
<gc-start id="2584" type="scavenge" contextid="2583" timestamp="2025-12-15T04:23:30.506">
  <mem-info id="2585" free="43865872" total="301400064" percent="14">
    <mem type="nursery" free="0" total="150732800" percent="0">
      <mem type="allocate" free="0" total="135659520" percent="0" />
      <mem type="survivor" free="0" total="15073280" percent="0" />
    </mem>
    <mem type="tenure" free="43865872" total="150667264" percent="29">
      <mem type="soa" free="42358544" total="149159936" percent="28" />
      <mem type="loa" free="1507328" total="1507328" percent="100" />
    </mem>
    <remembered-set count="752" />
  </mem-info>
</gc-start>
<allocation-stats totalBytes="135293512" discardedBytes="44216" >
  <allocated-bytes non-tlh="16" tlh="135293496" />
  <largest-consumer threadName="Timer-7" threadId="0000000001005000" bytes="3852976" />
</allocation-stats>
<gc-op id="2586" type="scavenge" timems="29.479" contextid="2583" timestamp="2025-12-15T04:23:30.538">
  <scavenger-info tenureage="5" tenuremask="ffe0" tiltratio="90" />
  <memory-copied type="nursery" objects="2535" bytes="99496" bytesdiscarded="244800" />
  <ownableSynchronizers candidates="25500" cleared="25426" />
  <references type="weak" candidates="15" cleared="0" enqueued="0" />
  <object-monitors candidates="195" cleared="16"  />
</gc-op>
<gc-end id="2587" type="scavenge" contextid="2583" durationms="35.318" usertimems="0.000" systemtimems="31.583" stalltimems="58.738" timestamp="2025-12-15T04:23:30.542" activeThreads="15">
  <mem-info id="2588" free="179180808" total="301400064" percent="59">
    <mem type="nursery" free="135314936" total="150732800" percent="89">
      <mem type="allocate" free="135314936" total="135659520" percent="99" />
      <mem type="survivor" free="0" total="15073280" percent="0" />
    </mem>
    <mem type="tenure" free="43865872" total="150667264" percent="29" macro-fragmented="39939376">
      <mem type="soa" free="42358544" total="149159936" percent="28" />
      <mem type="loa" free="1507328" total="1507328" percent="100" />
    </mem>
    <remembered-set count="600" />
  </mem-info>
</gc-end>
<cycle-end id="2589" type="scavenge" contextid="2583" timestamp="2025-12-15T04:23:30.542" />
<allocation-satisfied id="2590" threadId="0000000001888F00" bytesRequested="56" />
<af-end id="2591" timestamp="2025-12-15T04:23:30.543" threadId="0000000001889978" success="true" from="nursery"/>
<exclusive-end id="2592" timestamp="2025-12-15T04:23:30.544" durationms="51.363" />

<exclusive-start id="2593" timestamp="2025-12-15T04:28:09.063" intervalms="278570.655">
  <response-info timems="0.147" idlems="0.147" threads="0" lastid="000000000187D500" lastname="Default Executor-thread-49" />
</exclusive-start>
<af-start id="2594" threadId="000000000187DF78" totalBytesRequested="168" timestamp="2025-12-15T04:28:09.066" intervalms="278571.158" type="nursery" />
<cycle-start id="2595" type="scavenge" contextid="0" timestamp="2025-12-15T04:28:09.069" intervalms="278572.209" />
<gc-start id="2596" type="scavenge" contextid="2595" timestamp="2025-12-15T04:28:09.073">
  <mem-info id="2597" free="43670688" total="301400064" percent="14">
    <mem type="nursery" free="0" total="150732800" percent="0">
      <mem type="allocate" free="0" total="135659520" percent="0" />
      <mem type="survivor" free="0" total="15073280" percent="0" />
    </mem>
    <mem type="tenure" free="43670688" total="150667264" percent="28">
      <mem type="soa" free="42163360" total="149159936" percent="28" />
      <mem type="loa" free="1507328" total="1507328" percent="100" />
    </mem>
    <remembered-set count="3480" />
  </mem-info>
</gc-start>
<allocation-stats totalBytes="135456048" discardedBytes="54072" >
  <allocated-bytes non-tlh="234040" tlh="135222008" />
  <largest-consumer threadName="Default Executor-thread-135" threadId="0000000001888F00" bytes="11176240" />
</allocation-stats>
<gc-op id="2598" type="scavenge" timems="40.926" contextid="2595" timestamp="2025-12-15T04:28:09.118">
  <scavenger-info tenureage="5" tenuremask="ffe0" tiltratio="90" />
  <memory-copied type="nursery" objects="20796" bytes="845288" bytesdiscarded="437448" />
  <finalization candidates="43" enqueued="42" />
  <ownableSynchronizers candidates="23378" cleared="23300" />
  <references type="soft" candidates="69" cleared="0" enqueued="0" dynamicThreshold="9" maxThreshold="32" />
  <references type="weak" candidates="362" cleared="234" enqueued="233" />
  <references type="phantom" candidates="80" cleared="67" enqueued="67" />
  <object-monitors candidates="179" cleared="0"  />
</gc-op>
<gc-end id="2599" type="scavenge" contextid="2595" durationms="74.974" usertimems="27.070" systemtimems="38.106" stalltimems="244.175" timestamp="2025-12-15T04:28:09.148" activeThreads="17">
  <mem-info id="2600" free="178044512" total="301400064" percent="59">
    <mem type="nursery" free="134373824" total="150732800" percent="89">
      <mem type="allocate" free="134373824" total="135659520" percent="99" />
      <mem type="survivor" free="0" total="15073280" percent="0" />
    </mem>
    <mem type="tenure" free="43670688" total="150667264" percent="28" macro-fragmented="23113062">
      <mem type="soa" free="42163360" total="149159936" percent="28" />
      <mem type="loa" free="1507328" total="1507328" percent="100" />
    </mem>
    <pending-finalizers system="42" default="0" reference="300" classloader="0" />
    <remembered-set count="3308" />
  </mem-info>
</gc-end>
<cycle-end id="2601" type="scavenge" contextid="2595" timestamp="2025-12-15T04:28:09.150" />
<allocation-satisfied id="2602" threadId="000000000187D500" bytesRequested="168" />
<af-end id="2603" timestamp="2025-12-15T04:28:09.152" threadId="000000000187DF78" success="true" from="nursery"/>
<exclusive-end id="2604" timestamp="2025-12-15T04:28:09.152" durationms="88.937" />

<exclusive-start id="2605" timestamp="2025-12-15T04:29:14.700" intervalms="65636.768">
  <response-info timems="0.151" idlems="0.151" threads="0" lastid="00000000001D0800" lastname="VM Runtime State Listener" />
</exclusive-start>
<sys-start reason="vm idle" id="2606" timestamp="2025-12-15T04:29:14.701" intervalms="2137349.306" />
<cycle-start id="2607" type="global" contextid="0" timestamp="2025-12-15T04:29:14.704" intervalms="2137350.980" />
<gc-start id="2608" type="global" contextid="2607" timestamp="2025-12-15T04:29:14.709">
  <mem-info id="2609" free="147389880" total="301400064" percent="48">
    <mem type="nursery" free="103719192" total="150732800" percent="68">
      <mem type="allocate" free="103719192" total="135659520" percent="76" />
      <mem type="survivor" free="0" total="15073280" percent="0" />
    </mem>
    <mem type="tenure" free="43670688" total="150667264" percent="28">
      <mem type="soa" free="42163360" total="149159936" percent="28" />
      <mem type="loa" free="1507328" total="1507328" percent="100" />
    </mem>
    <remembered-set count="3369" />
  </mem-info>
</gc-start>
<allocation-stats totalBytes="30643968" discardedBytes="10664" >
  <allocated-bytes non-tlh="168" tlh="30643800" />
  <largest-consumer threadName="Default Executor-thread-137" threadId="000000000198E900" bytes="1002464" />
</allocation-stats>
<gc-op id="2610" type="mark" timems="58.581" contextid="2607" timestamp="2025-12-15T04:29:14.770">
  <trace-info objectcount="2129668" scancount="1841552" scanbytes="69305524" />
  <finalization candidates="905" enqueued="0" />
  <ownableSynchronizers candidates="15028" cleared="5498" />
  <references type="soft" candidates="16779" cleared="1997" enqueued="1989" dynamicThreshold="9" maxThreshold="32" />
  <references type="weak" candidates="16628" cleared="10" enqueued="1" />
  <references type="phantom" candidates="1343" cleared="0" enqueued="0" />
  <stringconstants candidates="51832" cleared="484"  />
  <object-monitors candidates="179" cleared="15"  />
</gc-op>
<gc-op id="2611" type="classunload" timems="0.142" contextid="2607" timestamp="2025-12-15T04:29:14.771">
  <classunload-info classloadercandidates="526" classloadersunloaded="0" classesunloaded="0" anonymousclassesunloaded="0" quiescems="0.000" setupms="0.142" scanms="0.000" postms="0.000" />
</gc-op>
<gc-op id="2612" type="sweep" timems="3.900" contextid="2607" timestamp="2025-12-15T04:29:14.776" />
<mem-info id="2613" free="178908608" total="301400064" percent="59">
  <mem type="nursery" free="134625360" total="150732800" percent="89">
    <mem type="allocate" free="134625360" total="135659520" percent="99" />
    <mem type="survivor" free="0" total="15073280" percent="0" />
  </mem>
  <mem type="tenure" free="44283248" total="150667264" percent="29" micro-fragmented="361857" macro-fragmented="39939376">
    <mem type="soa" free="42775920" total="149159936" percent="28" />
    <mem type="loa" free="1507328" total="1507328" percent="100" />
  </mem>
  <pending-finalizers system="0" default="0" reference="1990" classloader="0" />
  <remembered-set count="3014" />
</mem-info>
<gc-op id="2614" type="compact" timems="198.382" contextid="2607" timestamp="2025-12-15T04:29:14.977">
  <compact-info movecount="2003807" movebytes="99721632" reason="compact on aggressive collection" />
</gc-op>
<heap-resize id="2615" type="expand" space="tenure" amount="1048576" count="1" timems="0.102" reason="insufficient free space following gc" timestamp="2025-12-15T04:29:14.977" />
<gc-end id="2616" type="global" contextid="2607" durationms="271.380" usertimems="1725.320" systemtimems="0.000" stalltimems="527.524" timestamp="2025-12-15T04:29:14.981" activeThreads="20">
  <mem-info id="2617" free="180543808" total="302448640" percent="59">
    <mem type="nursery" free="134843912" total="150732800" percent="89">
      <mem type="allocate" free="134843912" total="135659520" percent="99" />
      <mem type="survivor" free="0" total="15073280" percent="0" />
    </mem>
    <mem type="tenure" free="45699896" total="151715840" percent="30">
      <mem type="soa" free="44182328" total="150198272" percent="29" />
      <mem type="loa" free="1517568" total="1517568" percent="100" />
    </mem>
    <pending-finalizers system="0" default="0" reference="1990" classloader="0" />
    <remembered-set count="3014" />
  </mem-info>
</gc-end>
<cycle-end id="2618" type="global" contextid="2607" timestamp="2025-12-15T04:29:14.981" />
<sys-end id="2619" timestamp="2025-12-15T04:29:14.982" />
<exclusive-end id="2620" timestamp="2025-12-15T04:29:14.982" durationms="282.422" />

<heap-resize id="2621" type="release free pages" space="tenure" amount="45674496" count="1" timems="1.221" reason="idle" timestamp="2025-12-15T04:29:14.984" />
<exclusive-start id="2622" timestamp="2025-12-15T04:34:20.078" intervalms="305378.052">
  <response-info timems="0.137" idlems="0.137" threads="0" lastid="00000000018DC800" lastname="Default Executor-thread-124" />
</exclusive-start>
<af-start id="2623" threadId="00000000018DD278" totalBytesRequested="16" timestamp="2025-12-15T04:34:20.081" intervalms="371015.023" type="nursery" />
<cycle-start id="2624" type="scavenge" contextid="0" timestamp="2025-12-15T04:34:20.084" intervalms="371014.994" />
<gc-start id="2625" type="scavenge" contextid="2624" timestamp="2025-12-15T04:34:20.089">
  <mem-info id="2626" free="45699896" total="302448640" percent="15">
    <mem type="nursery" free="0" total="150732800" percent="0">
      <mem type="allocate" free="0" total="135659520" percent="0" />
      <mem type="survivor" free="0" total="15073280" percent="0" />
    </mem>
    <mem type="tenure" free="45699896" total="151715840" percent="30">
      <mem type="soa" free="44182328" total="150198272" percent="29" />
      <mem type="loa" free="1517568" total="1517568" percent="100" />
    </mem>
    <remembered-set count="5804" />
  </mem-info>
</gc-start>
<allocation-stats totalBytes="134795552" discardedBytes="48360" >
  <allocated-bytes non-tlh="0" tlh="134795552" />
  <largest-consumer threadName="Default Executor-thread-41" threadId="0000000001A68100" bytes="3996624" />
</allocation-stats>
<gc-op id="2627" type="scavenge" timems="26.400" contextid="2624" timestamp="2025-12-15T04:34:20.119">
  <scavenger-info tenureage="5" tenuremask="ffe0" tiltratio="90" />
  <memory-copied type="nursery" objects="19808" bytes="811368" bytesdiscarded="493552" />
  <finalization candidates="1" enqueued="0" />
  <ownableSynchronizers candidates="44521" cleared="44444" />
  <references type="soft" candidates="69" cleared="0" enqueued="0" dynamicThreshold="9" maxThreshold="32" />
  <references type="weak" candidates="128" cleared="0" enqueued="0" />
  <references type="phantom" candidates="13" cleared="0" enqueued="0" />
  <object-monitors candidates="164" cleared="0"  />
</gc-op>
<gc-end id="2628" type="scavenge" contextid="2624" durationms="48.812" usertimems="50.347" systemtimems="15.221" stalltimems="170.759" timestamp="2025-12-15T04:34:20.138" activeThreads="17">
  <mem-info id="2629" free="180052032" total="302448640" percent="59">
    <mem type="nursery" free="134352136" total="150732800" percent="89">
      <mem type="allocate" free="134352136" total="135659520" percent="99" />
      <mem type="survivor" free="0" total="15073280" percent="0" />
    </mem>
    <mem type="tenure" free="45699896" total="151715840" percent="30" macro-fragmented="27735676">
      <mem type="soa" free="44182328" total="150198272" percent="29" />
      <mem type="loa" free="1517568" total="1517568" percent="100" />
    </mem>
    <remembered-set count="4946" />
  </mem-info>
</gc-end>
<cycle-end id="2630" type="scavenge" contextid="2624" timestamp="2025-12-15T04:34:20.141" />
<allocation-satisfied id="2631" threadId="00000000018DC800" bytesRequested="16" />
<af-end id="2632" timestamp="2025-12-15T04:34:20.143" threadId="00000000018DD278" success="true" from="nursery"/>
<exclusive-end id="2633" timestamp="2025-12-15T04:34:20.144" durationms="66.001" />

<exclusive-start id="2634" timestamp="2025-12-15T04:38:14.714" intervalms="234636.222">
  <response-info timems="0.142" idlems="0.142" threads="0" lastid="00000000001D0800" lastname="VM Runtime State Listener" />
</exclusive-start>
<sys-start reason="vm idle" id="2635" timestamp="2025-12-15T04:38:14.716" intervalms="540014.659" />
<cycle-start id="2636" type="global" contextid="0" timestamp="2025-12-15T04:38:14.719" intervalms="540014.811" />
<gc-start id="2637" type="global" contextid="2636" timestamp="2025-12-15T04:38:14.722">
  <mem-info id="2638" free="75481136" total="302448640" percent="24">
    <mem type="nursery" free="29781240" total="150732800" percent="19">
      <mem type="allocate" free="29781240" total="135659520" percent="21" />
      <mem type="survivor" free="0" total="15073280" percent="0" />
    </mem>
    <mem type="tenure" free="45699896" total="151715840" percent="30">
      <mem type="soa" free="44182328" total="150198272" percent="29" />
      <mem type="loa" free="1517568" total="1517568" percent="100" />
    </mem>
    <remembered-set count="5004" />
  </mem-info>
</gc-start>
<allocation-stats totalBytes="104536856" discardedBytes="34040" >
  <allocated-bytes non-tlh="16" tlh="104536840" />
  <largest-consumer threadName="Scheduled Executor-thread-1" threadId="00000000007E7700" bytes="3018576" />
</allocation-stats>
<gc-op id="2639" type="mark" timems="128.516" contextid="2636" timestamp="2025-12-15T04:38:14.853">
  <trace-info objectcount="2117909" scancount="1830705" scanbytes="68951940" />
  <finalization candidates="905" enqueued="0" />
  <ownableSynchronizers candidates="29165" cleared="19635" />
  <references type="soft" candidates="14782" cleared="1362" enqueued="1355" dynamicThreshold="9" maxThreshold="32" />
  <references type="weak" candidates="16618" cleared="0" enqueued="0" />
  <references type="phantom" candidates="1343" cleared="0" enqueued="0" />
  <stringconstants candidates="51348" cleared="816"  />
  <object-monitors candidates="164" cleared="0"  />
</gc-op>
<gc-op id="2640" type="classunload" timems="0.110" contextid="2636" timestamp="2025-12-15T04:38:14.855">
  <classunload-info classloadercandidates="526" classloadersunloaded="0" classesunloaded="0" anonymousclassesunloaded="0" quiescems="0.000" setupms="0.109" scanms="0.000" postms="0.000" />
</gc-op>
<gc-op id="2641" type="sweep" timems="6.235" contextid="2636" timestamp="2025-12-15T04:38:14.863" />
<gc-end id="2642" type="global" contextid="2636" durationms="142.935" usertimems="781.091" systemtimems="0.000" stalltimems="834.171" timestamp="2025-12-15T04:38:14.865" activeThreads="20">
  <mem-info id="2643" free="180439632" total="302448640" percent="59">
    <mem type="nursery" free="134656440" total="150732800" percent="89">
      <mem type="allocate" free="134656440" total="135659520" percent="99" />
      <mem type="survivor" free="0" total="15073280" percent="0" />
    </mem>
    <mem type="tenure" free="45783192" total="151715840" percent="30" micro-fragmented="306604" macro-fragmented="39939376">
      <mem type="soa" free="44265624" total="150198272" percent="29" />
      <mem type="loa" free="1517568" total="1517568" percent="100" />
    </mem>
    <pending-finalizers system="0" default="0" reference="1355" classloader="0" />
    <remembered-set count="3024" />
  </mem-info>
</gc-end>
<cycle-end id="2644" type="global" contextid="2636" timestamp="2025-12-15T04:38:14.866" />
<sys-end id="2645" timestamp="2025-12-15T04:38:14.867" />
<exclusive-end id="2646" timestamp="2025-12-15T04:38:14.868" durationms="153.430" />

<heap-resize id="2647" type="release free pages" space="tenure" amount="45690880" count="1" timems="1.378" reason="idle" timestamp="2025-12-15T04:38:14.870" />
<exclusive-start id="2648" timestamp="2025-12-15T04:43:17.996" intervalms="303281.387">
  <response-info timems="0.161" idlems="0.161" threads="0" lastid="0000000001A66A00" lastname="Default Executor-thread-150" />
</exclusive-start>
<af-start id="2649" threadId="0000000001A67478" totalBytesRequested="24" timestamp="2025-12-15T04:43:17.998" intervalms="537917.186" type="nursery" />
<cycle-start id="2650" type="scavenge" contextid="0" timestamp="2025-12-15T04:43:18.001" intervalms="537916.638" />
<gc-start id="2651" type="scavenge" contextid="2650" timestamp="2025-12-15T04:43:18.005">
  <mem-info id="2652" free="45783192" total="302448640" percent="15">
    <mem type="nursery" free="0" total="150732800" percent="0">
      <mem type="allocate" free="0" total="135659520" percent="0" />
      <mem type="survivor" free="0" total="15073280" percent="0" />
    </mem>
    <mem type="tenure" free="45783192" total="151715840" percent="30">
      <mem type="soa" free="44265624" total="150198272" percent="29" />
      <mem type="loa" free="1517568" total="1517568" percent="100" />
    </mem>
    <remembered-set count="4797" />
  </mem-info>
</gc-start>
<allocation-stats totalBytes="134613488" discardedBytes="42952" >
  <allocated-bytes non-tlh="2056" tlh="134611432" />
  <largest-consumer threadName="Timer-7" threadId="0000000001005000" bytes="3950152" />
</allocation-stats>
<gc-op id="2653" type="scavenge" timems="37.381" contextid="2650" timestamp="2025-12-15T04:43:18.046">
  <scavenger-info tenureage="5" tenuremask="ffe0" tiltratio="90" />
  <memory-copied type="nursery" objects="19984" bytes="820912" bytesdiscarded="385208" />
  <finalization candidates="1" enqueued="0" />
  <ownableSynchronizers candidates="44449" cleared="44365" />
  <references type="soft" candidates="69" cleared="0" enqueued="0" dynamicThreshold="9" maxThreshold="32" />
  <references type="weak" candidates="125" cleared="0" enqueued="0" />
  <references type="phantom" candidates="12" cleared="0" enqueued="0" />
  <object-monitors candidates="184" cleared="13"  />
</gc-op>
<gc-end id="2654" type="scavenge" contextid="2650" durationms="46.880" usertimems="33.837" systemtimems="28.809" stalltimems="231.236" timestamp="2025-12-15T04:43:18.051" activeThreads="16">
  <mem-info id="2655" free="180233912" total="302448640" percent="59">
    <mem type="nursery" free="134450720" total="150732800" percent="89">
      <mem type="allocate" free="134450720" total="135659520" percent="99" />
      <mem type="survivor" free="0" total="15073280" percent="0" />
    </mem>
    <mem type="tenure" free="45783192" total="151715840" percent="30" macro-fragmented="39939376">
      <mem type="soa" free="44265624" total="150198272" percent="29" />
      <mem type="loa" free="1517568" total="1517568" percent="100" />
    </mem>
    <remembered-set count="2400" />
  </mem-info>
</gc-end>
<cycle-end id="2656" type="scavenge" contextid="2650" timestamp="2025-12-15T04:43:18.053" />
<allocation-satisfied id="2657" threadId="0000000001A66A00" bytesRequested="24" />
<af-end id="2658" timestamp="2025-12-15T04:43:18.056" threadId="0000000001A67478" success="true" from="nursery"/>
<exclusive-end id="2659" timestamp="2025-12-15T04:43:18.057" durationms="61.655" />

<exclusive-start id="2660" timestamp="2025-12-15T04:48:21.277" intervalms="303281.220">
  <response-info timems="0.189" idlems="0.189" threads="0" lastid="000000000187EE00" lastname="Default Executor-thread-66" />
</exclusive-start>
<af-start id="2661" threadId="000000000187F878" totalBytesRequested="184" timestamp="2025-12-15T04:48:21.279" intervalms="303281.136" type="nursery" />
<cycle-start id="2662" type="scavenge" contextid="0" timestamp="2025-12-15T04:48:21.281" intervalms="303279.834" />
<gc-start id="2663" type="scavenge" contextid="2662" timestamp="2025-12-15T04:48:21.288">
  <mem-info id="2664" free="45783192" total="302448640" percent="15">
    <mem type="nursery" free="0" total="150732800" percent="0">
      <mem type="allocate" free="0" total="135659520" percent="0" />
      <mem type="survivor" free="0" total="15073280" percent="0" />
    </mem>
    <mem type="tenure" free="45783192" total="151715840" percent="30">
      <mem type="soa" free="44265624" total="150198272" percent="29" />
      <mem type="loa" free="1517568" total="1517568" percent="100" />
    </mem>
    <remembered-set count="2459" />
  </mem-info>
</gc-start>
<allocation-stats totalBytes="134413976" discardedBytes="36744" >
  <allocated-bytes non-tlh="24" tlh="134413952" />
  <largest-consumer threadName="Timer-7" threadId="0000000001005000" bytes="3852976" />
</allocation-stats>
<gc-op id="2665" type="scavenge" timems="33.976" contextid="2662" timestamp="2025-12-15T04:48:21.324">
  <scavenger-info tenureage="3" tenuremask="ffe8" tiltratio="90" />
  <memory-copied type="nursery" objects="2524" bytes="99416" bytesdiscarded="1341216" />
  <memory-copied type="tenure" objects="17555" bytes="724832" bytesdiscarded="2768" />
  <finalization candidates="1" enqueued="0" />
  <ownableSynchronizers candidates="25449" cleared="25365" />
  <references type="weak" candidates="17" cleared="0" enqueued="0" />
  <object-monitors candidates="171" cleared="0"  />
</gc-op>
<gc-end id="2666" type="scavenge" contextid="2662" durationms="38.062" usertimems="16.798" systemtimems="41.303" stalltimems="274.039" timestamp="2025-12-15T04:48:21.326" activeThreads="16">
  <mem-info id="2667" free="179048768" total="302448640" percent="59">
    <mem type="nursery" free="134218752" total="150732800" percent="89">
      <mem type="allocate" free="134218752" total="135659520" percent="98" />
      <mem type="survivor" free="0" total="15073280" percent="0" />
    </mem>
    <mem type="tenure" free="44830016" total="151715840" percent="29" macro-fragmented="0">
      <mem type="soa" free="43312448" total="150198272" percent="28" />
      <mem type="loa" free="1517568" total="1517568" percent="100" />
    </mem>
    <remembered-set count="1927" />
  </mem-info>
</gc-end>
<cycle-end id="2668" type="scavenge" contextid="2662" timestamp="2025-12-15T04:48:21.328" />
<allocation-satisfied id="2669" threadId="000000000187EE00" bytesRequested="184" />
<af-end id="2670" timestamp="2025-12-15T04:48:21.330" threadId="000000000187F878" success="true" from="nursery"/>
<exclusive-end id="2671" timestamp="2025-12-15T04:48:21.331" durationms="53.712" />

<exclusive-start id="2672" timestamp="2025-12-15T04:53:23.132" intervalms="301855.659">
  <response-info timems="0.118" idlems="0.118" threads="0" lastid="0000000001891800" lastname="Default Executor-thread-187" />
</exclusive-start>
<af-start id="2673" threadId="0000000001892278" totalBytesRequested="152" timestamp="2025-12-15T04:53:23.135" intervalms="301855.916" type="nursery" />
<cycle-start id="2674" type="scavenge" contextid="0" timestamp="2025-12-15T04:53:23.138" intervalms="301856.723" />
<gc-start id="2675" type="scavenge" contextid="2674" timestamp="2025-12-15T04:53:23.141">
  <mem-info id="2676" free="44830016" total="302448640" percent="14">
    <mem type="nursery" free="0" total="150732800" percent="0">
      <mem type="allocate" free="0" total="135659520" percent="0" />
      <mem type="survivor" free="0" total="15073280" percent="0" />
    </mem>
    <mem type="tenure" free="44830016" total="151715840" percent="29">
      <mem type="soa" free="43312448" total="150198272" percent="28" />
      <mem type="loa" free="1517568" total="1517568" percent="100" />
    </mem>
    <remembered-set count="1992" />
  </mem-info>
</gc-start>
<allocation-stats totalBytes="134169696" discardedBytes="49056" >
  <allocated-bytes non-tlh="184" tlh="134169512" />
  <largest-consumer threadName="Scheduled Executor-thread-1" threadId="00000000007E7700" bytes="3788592" />
</allocation-stats>
<gc-op id="2677" type="scavenge" timems="24.072" contextid="2674" timestamp="2025-12-15T04:53:23.168">
  <scavenger-info tenureage="5" tenuremask="ffa0" tiltratio="90" />
  <memory-copied type="nursery" objects="2473" bytes="98344" bytesdiscarded="321192" />
  <memory-copied type="tenure" objects="42" bytes="2352" bytesdiscarded="0" />
  <ownableSynchronizers candidates="25363" cleared="25276" />
  <references type="weak" candidates="22" cleared="0" enqueued="0" />
  <object-monitors candidates="211" cleared="32"  />
</gc-op>
<gc-end id="2678" type="scavenge" contextid="2674" durationms="32.416" usertimems="23.173" systemtimems="10.264" stalltimems="141.120" timestamp="2025-12-15T04:53:23.173" activeThreads="14">
  <mem-info id="2679" free="180069440" total="302448640" percent="59">
    <mem type="nursery" free="135239424" total="150732800" percent="89">
      <mem type="allocate" free="135239424" total="135659520" percent="99" />
      <mem type="survivor" free="0" total="15073280" percent="0" />
    </mem>
    <mem type="tenure" free="44830016" total="151715840" percent="29" macro-fragmented="27735676">
      <mem type="soa" free="43312448" total="150198272" percent="28" />
      <mem type="loa" free="1517568" total="1517568" percent="100" />
    </mem>
    <remembered-set count="584" />
  </mem-info>
</gc-end>
<cycle-end id="2680" type="scavenge" contextid="2674" timestamp="2025-12-15T04:53:23.175" />
<allocation-satisfied id="2681" threadId="0000000001891800" bytesRequested="152" />
<af-end id="2682" timestamp="2025-12-15T04:53:23.177" threadId="0000000001892278" success="true" from="nursery"/>
<exclusive-end id="2683" timestamp="2025-12-15T04:53:23.178" durationms="45.174" />

<exclusive-start id="2684" timestamp="2025-12-15T04:53:29.725" intervalms="6592.534">
  <response-info timems="0.060" idlems="0.060" threads="0" lastid="00000000001D0800" lastname="VM Runtime State Listener" />
</exclusive-start>
<sys-start reason="vm idle" id="2685" timestamp="2025-12-15T04:53:29.726" intervalms="915010.194" />
<cycle-start id="2686" type="global" contextid="0" timestamp="2025-12-15T04:53:29.728" intervalms="915009.082" />
<gc-start id="2687" type="global" contextid="2686" timestamp="2025-12-15T04:53:29.729">
  <mem-info id="2688" free="175342504" total="302448640" percent="57">
    <mem type="nursery" free="130512488" total="150732800" percent="86">
      <mem type="allocate" free="130512488" total="135659520" percent="96" />
      <mem type="survivor" free="0" total="15073280" percent="0" />
    </mem>
    <mem type="tenure" free="44830016" total="151715840" percent="29">
      <mem type="soa" free="43312448" total="150198272" percent="28" />
      <mem type="loa" free="1517568" total="1517568" percent="100" />
    </mem>
    <remembered-set count="630" />
  </mem-info>
</gc-start>
<allocation-stats totalBytes="4726720" discardedBytes="216" >
  <allocated-bytes non-tlh="152" tlh="4726568" />
  <largest-consumer threadName="Default Executor-thread-186" threadId="0000000001A65D00" bytes="196600" />
</allocation-stats>
<gc-op id="2689" type="mark" timems="61.235" contextid="2686" timestamp="2025-12-15T04:53:29.793">
  <trace-info objectcount="2105890" scancount="1819963" scanbytes="68601868" />
  <finalization candidates="905" enqueued="4" />
  <ownableSynchronizers candidates="10096" cleared="566" />
  <references type="soft" candidates="13392" cleared="1195" enqueued="1145" dynamicThreshold="9" maxThreshold="32" />
  <references type="weak" candidates="16581" cleared="20" enqueued="12" />
  <references type="phantom" candidates="1342" cleared="0" enqueued="0" />
  <stringconstants candidates="50532" cleared="650"  />
  <object-monitors candidates="179" cleared="15"  />
</gc-op>
<gc-op id="2690" type="classunload" timems="13.839" contextid="2686" timestamp="2025-12-15T04:53:29.808">
  <classunload-info classloadercandidates="526" classloadersunloaded="3" classesunloaded="26" anonymousclassesunloaded="23" quiescems="0.000" setupms="13.622" scanms="0.208" postms="0.008" />
</gc-op>
<gc-op id="2691" type="sweep" timems="5.245" contextid="2686" timestamp="2025-12-15T04:53:29.815" />
<mem-info id="2692" free="180674784" total="302448640" percent="59">
  <mem type="nursery" free="135353856" total="150732800" percent="89">
    <mem type="allocate" free="135353856" total="135659520" percent="99" />
    <mem type="survivor" free="0" total="15073280" percent="0" />
  </mem>
  <mem type="tenure" free="45320928" total="151715840" percent="29" micro-fragmented="516927" macro-fragmented="39939376">
    <mem type="soa" free="43803360" total="150198272" percent="29" />
    <mem type="loa" free="1517568" total="1517568" percent="100" />
  </mem>
  <pending-finalizers system="4" default="0" reference="1157" classloader="0" />
  <remembered-set count="595" />
</mem-info>
<gc-op id="2693" type="compact" timems="173.257" contextid="2686" timestamp="2025-12-15T04:53:29.990">
  <compact-info movecount="1653221" movebytes="83282400" reason="compact on aggressive collection" />
</gc-op>
<gc-end id="2694" type="global" contextid="2686" durationms="262.081" usertimems="1791.948" systemtimems="0.000" stalltimems="622.979" timestamp="2025-12-15T04:53:29.991" activeThreads="20">
  <mem-info id="2695" free="181375328" total="302448640" percent="59">
    <mem type="nursery" free="135563160" total="150732800" percent="89">
      <mem type="allocate" free="135563160" total="135659520" percent="99" />
      <mem type="survivor" free="0" total="15073280" percent="0" />
    </mem>
    <mem type="tenure" free="45812168" total="151715840" percent="30">
      <mem type="soa" free="44294600" total="150198272" percent="29" />
      <mem type="loa" free="1517568" total="1517568" percent="100" />
    </mem>
    <pending-finalizers system="4" default="0" reference="1157" classloader="0" />
    <remembered-set count="595" />
  </mem-info>
</gc-end>
<cycle-end id="2696" type="global" contextid="2686" timestamp="2025-12-15T04:53:29.992" />
<sys-end id="2697" timestamp="2025-12-15T04:53:29.993" />
<exclusive-end id="2698" timestamp="2025-12-15T04:53:29.994" durationms="268.893" />

<heap-resize id="2699" type="release free pages" space="tenure" amount="45785088" count="1" timems="1.033" reason="idle" timestamp="2025-12-15T04:53:29.996" />
<exclusive-start id="2700" timestamp="2025-12-15T04:58:36.952" intervalms="307226.606">
  <response-info timems="0.132" idlems="0.132" threads="0" lastid="0000000000831B00" lastname="Default Executor-thread-184" />
</exclusive-start>
<af-start id="2701" threadId="0000000000832578" totalBytesRequested="152" timestamp="2025-12-15T04:58:36.954" intervalms="313818.713" type="nursery" />
<cycle-start id="2702" type="scavenge" contextid="0" timestamp="2025-12-15T04:58:36.956" intervalms="313818.334" />
<gc-start id="2703" type="scavenge" contextid="2702" timestamp="2025-12-15T04:58:36.959">
  <mem-info id="2704" free="45812168" total="302448640" percent="15">
    <mem type="nursery" free="0" total="150732800" percent="0">
      <mem type="allocate" free="0" total="135659520" percent="0" />
      <mem type="survivor" free="0" total="15073280" percent="0" />
    </mem>
    <mem type="tenure" free="45812168" total="151715840" percent="30">
      <mem type="soa" free="44294600" total="150198272" percent="29" />
      <mem type="loa" free="1517568" total="1517568" percent="100" />
    </mem>
    <remembered-set count="2168" />
  </mem-info>
</gc-start>
<allocation-stats totalBytes="135513528" discardedBytes="49632" >
  <allocated-bytes non-tlh="0" tlh="135513528" />
  <largest-consumer threadName="Timer-7" threadId="0000000001005000" bytes="4018936" />
</allocation-stats>
<gc-op id="2705" type="scavenge" timems="16.985" contextid="2702" timestamp="2025-12-15T04:58:36.979">
  <scavenger-info tenureage="4" tenuremask="ffb0" tiltratio="90" />
  <memory-copied type="nursery" objects="2480" bytes="99376" bytesdiscarded="315936" />
  <memory-copied type="tenure" objects="4" bytes="64" bytesdiscarded="0" />
  <ownableSynchronizers candidates="44686" cleared="44606" />
  <references type="weak" candidates="22" cleared="0" enqueued="0" />
  <object-monitors candidates="164" cleared="0"  />
</gc-op>
<gc-end id="2706" type="scavenge" contextid="2702" durationms="29.356" usertimems="6.026" systemtimems="26.884" stalltimems="101.196" timestamp="2025-12-15T04:58:36.989" activeThreads="13">
  <mem-info id="2707" free="181036760" total="302448640" percent="59">
    <mem type="nursery" free="135244032" total="150732800" percent="89">
      <mem type="allocate" free="135244032" total="135659520" percent="99" />
      <mem type="survivor" free="0" total="15073280" percent="0" />
    </mem>
    <mem type="tenure" free="45792728" total="151715840" percent="30" macro-fragmented="33282812">
      <mem type="soa" free="44275160" total="150198272" percent="29" />
      <mem type="loa" free="1517568" total="1517568" percent="100" />
    </mem>
    <remembered-set count="1705" />
  </mem-info>
</gc-end>
<cycle-end id="2708" type="scavenge" contextid="2702" timestamp="2025-12-15T04:58:36.990" />
<allocation-satisfied id="2709" threadId="0000000000831B00" bytesRequested="152" />
<af-end id="2710" timestamp="2025-12-15T04:58:36.991" threadId="0000000000832578" success="true" from="nursery"/>
<exclusive-end id="2711" timestamp="2025-12-15T04:58:36.992" durationms="40.647" />

<exclusive-start id="2712" timestamp="2025-12-15T05:03:42.185" intervalms="305233.010">
  <response-info timems="0.136" idlems="0.136" threads="0" lastid="00000000018DD400" lastname="Default Executor-thread-214" />
</exclusive-start>
<af-start id="2713" threadId="00000000018DDE78" totalBytesRequested="168" timestamp="2025-12-15T05:03:42.187" intervalms="305233.094" type="nursery" />
<cycle-start id="2714" type="scavenge" contextid="0" timestamp="2025-12-15T05:03:42.190" intervalms="305233.661" />
<gc-start id="2715" type="scavenge" contextid="2714" timestamp="2025-12-15T05:03:42.193">
  <mem-info id="2716" free="45792728" total="302448640" percent="15">
    <mem type="nursery" free="0" total="150732800" percent="0">
      <mem type="allocate" free="0" total="135659520" percent="0" />
      <mem type="survivor" free="0" total="15073280" percent="0" />
    </mem>
    <mem type="tenure" free="45792728" total="151715840" percent="30">
      <mem type="soa" free="44275160" total="150198272" percent="29" />
      <mem type="loa" free="1517568" total="1517568" percent="100" />
    </mem>
    <remembered-set count="1764" />
  </mem-info>
</gc-start>
<allocation-stats totalBytes="135199208" discardedBytes="44824" >
  <allocated-bytes non-tlh="152" tlh="135199056" />
  <largest-consumer threadName="Timer-7" threadId="0000000001005000" bytes="3856960" />
</allocation-stats>
<gc-op id="2717" type="scavenge" timems="17.130" contextid="2714" timestamp="2025-12-15T05:03:42.213">
  <scavenger-info tenureage="6" tenuremask="ffc0" tiltratio="90" />
  <memory-copied type="nursery" objects="2635" bytes="106472" bytesdiscarded="222616" />
  <ownableSynchronizers candidates="25625" cleared="25543" />
  <references type="weak" candidates="24" cleared="0" enqueued="0" />
  <object-monitors candidates="184" cleared="18"  />
</gc-op>
<gc-end id="2718" type="scavenge" contextid="2714" durationms="29.527" usertimems="15.553" systemtimems="7.801" stalltimems="102.813" timestamp="2025-12-15T05:03:42.222" activeThreads="11">
  <mem-info id="2719" free="181122776" total="302448640" percent="59">
    <mem type="nursery" free="135330048" total="150732800" percent="89">
      <mem type="allocate" free="135330048" total="135659520" percent="99" />
      <mem type="survivor" free="0" total="15073280" percent="0" />
    </mem>
    <mem type="tenure" free="45792728" total="151715840" percent="30" macro-fragmented="27735676">
      <mem type="soa" free="44275160" total="150198272" percent="29" />
      <mem type="loa" free="1517568" total="1517568" percent="100" />
    </mem>
    <remembered-set count="1705" />
  </mem-info>
</gc-end>
<cycle-end id="2720" type="scavenge" contextid="2714" timestamp="2025-12-15T05:03:42.225" />
<allocation-satisfied id="2721" threadId="00000000018DD400" bytesRequested="168" />
<af-end id="2722" timestamp="2025-12-15T05:03:42.226" threadId="00000000018DDE78" success="true" from="nursery"/>
<exclusive-end id="2723" timestamp="2025-12-15T05:03:42.227" durationms="42.561" />

<exclusive-start id="2724" timestamp="2025-12-15T05:08:45.244" intervalms="303058.968">
  <response-info timems="0.129" idlems="0.129" threads="0" lastid="0000000001850200" lastname="Default Executor-thread-75" />
</exclusive-start>
<af-start id="2725" threadId="0000000001850C78" totalBytesRequested="2056" timestamp="2025-12-15T05:08:45.246" intervalms="303058.828" type="nursery" />
<cycle-start id="2726" type="scavenge" contextid="0" timestamp="2025-12-15T05:08:45.249" intervalms="303059.226" />
<gc-start id="2727" type="scavenge" contextid="2726" timestamp="2025-12-15T05:08:45.251">
  <mem-info id="2728" free="45792728" total="302448640" percent="15">
    <mem type="nursery" free="0" total="150732800" percent="0">
      <mem type="allocate" free="0" total="135659520" percent="0" />
      <mem type="survivor" free="0" total="15073280" percent="0" />
    </mem>
    <mem type="tenure" free="45792728" total="151715840" percent="30">
      <mem type="soa" free="44275160" total="150198272" percent="29" />
      <mem type="loa" free="1517568" total="1517568" percent="100" />
    </mem>
    <remembered-set count="1767" />
  </mem-info>
</gc-start>
<allocation-stats totalBytes="135276568" discardedBytes="53480" >
  <allocated-bytes non-tlh="168" tlh="135276400" />
  <largest-consumer threadName="Timer-7" threadId="0000000001005000" bytes="3852976" />
</allocation-stats>
<gc-op id="2729" type="scavenge" timems="16.762" contextid="2726" timestamp="2025-12-15T05:08:45.271">
  <scavenger-info tenureage="5" tenuremask="ffe0" tiltratio="90" />
  <memory-copied type="nursery" objects="2584" bytes="105984" bytesdiscarded="169272" />
  <ownableSynchronizers candidates="25450" cleared="25365" />
  <references type="weak" candidates="26" cleared="0" enqueued="0" />
  <object-monitors candidates="186" cleared="18"  />
</gc-op>
<gc-end id="2730" type="scavenge" contextid="2726" durationms="25.527" usertimems="9.197" systemtimems="16.011" stalltimems="55.672" timestamp="2025-12-15T05:08:45.277" activeThreads="9">
  <mem-info id="2731" free="181176536" total="302448640" percent="59">
    <mem type="nursery" free="135383808" total="150732800" percent="89">
      <mem type="allocate" free="135383808" total="135659520" percent="99" />
      <mem type="survivor" free="0" total="15073280" percent="0" />
    </mem>
    <mem type="tenure" free="45792728" total="151715840" percent="30" macro-fragmented="33282812">
      <mem type="soa" free="44275160" total="150198272" percent="29" />
      <mem type="loa" free="1517568" total="1517568" percent="100" />
    </mem>
    <remembered-set count="541" />
  </mem-info>
</gc-end>
<cycle-end id="2732" type="scavenge" contextid="2726" timestamp="2025-12-15T05:08:45.279" />
<allocation-satisfied id="2733" threadId="0000000001850200" bytesRequested="2056" />
<af-end id="2734" timestamp="2025-12-15T05:08:45.282" threadId="0000000001850C78" success="true" from="nursery"/>
<exclusive-end id="2735" timestamp="2025-12-15T05:08:45.283" durationms="39.588" />

<exclusive-start id="2736" timestamp="2025-12-15T05:13:53.621" intervalms="308377.861">
  <response-info timems="0.133" idlems="0.133" threads="0" lastid="0000000001880600" lastname="Thread-17" />
</exclusive-start>
<af-start id="2737" threadId="0000000001881078" totalBytesRequested="24" timestamp="2025-12-15T05:13:53.623" intervalms="308377.904" type="nursery" />
<cycle-start id="2738" type="scavenge" contextid="0" timestamp="2025-12-15T05:13:53.626" intervalms="308377.020" />
<gc-start id="2739" type="scavenge" contextid="2738" timestamp="2025-12-15T05:13:53.628">
  <mem-info id="2740" free="45792728" total="302448640" percent="15">
    <mem type="nursery" free="0" total="150732800" percent="0">
      <mem type="allocate" free="0" total="135659520" percent="0" />
      <mem type="survivor" free="0" total="15073280" percent="0" />
    </mem>
    <mem type="tenure" free="45792728" total="151715840" percent="30">
      <mem type="soa" free="44275160" total="150198272" percent="29" />
      <mem type="loa" free="1517568" total="1517568" percent="100" />
    </mem>
    <remembered-set count="599" />
  </mem-info>
</gc-start>
<allocation-stats totalBytes="135346664" discardedBytes="37144" >
  <allocated-bytes non-tlh="2056" tlh="135344608" />
  <largest-consumer threadName="Timer-7" threadId="0000000001005000" bytes="3906512" />
</allocation-stats>
<gc-op id="2741" type="scavenge" timems="16.453" contextid="2738" timestamp="2025-12-15T05:13:53.647">
  <scavenger-info tenureage="5" tenuremask="ffa0" tiltratio="90" />
  <memory-copied type="nursery" objects="2527" bytes="100976" bytesdiscarded="166072" />
  <ownableSynchronizers candidates="25875" cleared="25790" />
  <references type="weak" candidates="26" cleared="0" enqueued="0" />
  <object-monitors candidates="168" cleared="0"  />
</gc-op>
<gc-end id="2742" type="scavenge" contextid="2738" durationms="21.998" usertimems="4.159" systemtimems="17.312" stalltimems="53.758" timestamp="2025-12-15T05:13:53.650" activeThreads="9">
  <mem-info id="2743" free="181184984" total="302448640" percent="59">
    <mem type="nursery" free="135392256" total="150732800" percent="89">
      <mem type="allocate" free="135392256" total="135659520" percent="99" />
      <mem type="survivor" free="0" total="15073280" percent="0" />
    </mem>
    <mem type="tenure" free="45792728" total="151715840" percent="30" macro-fragmented="33282812">
      <mem type="soa" free="44275160" total="150198272" percent="29" />
      <mem type="loa" free="1517568" total="1517568" percent="100" />
    </mem>
    <remembered-set count="531" />
  </mem-info>
</gc-end>
<cycle-end id="2744" type="scavenge" contextid="2738" timestamp="2025-12-15T05:13:53.652" />
<allocation-satisfied id="2745" threadId="0000000001880600" bytesRequested="24" />
<af-end id="2746" timestamp="2025-12-15T05:13:53.653" threadId="0000000001881078" success="true" from="nursery"/>
<exclusive-end id="2747" timestamp="2025-12-15T05:13:53.654" durationms="32.674" />

<exclusive-start id="2748" timestamp="2025-12-15T05:19:00.677" intervalms="307055.928">
  <response-info timems="0.105" idlems="0.105" threads="0" lastid="00000000018DAB00" lastname="Default Executor-thread-232" />
</exclusive-start>
<af-start id="2749" threadId="00000000018DB578" totalBytesRequested="16" timestamp="2025-12-15T05:19:00.679" intervalms="307055.542" type="nursery" />
<cycle-start id="2750" type="scavenge" contextid="0" timestamp="2025-12-15T05:19:00.681" intervalms="307055.036" />
<gc-start id="2751" type="scavenge" contextid="2750" timestamp="2025-12-15T05:19:00.683">
  <mem-info id="2752" free="45792728" total="302448640" percent="15">
    <mem type="nursery" free="0" total="150732800" percent="0">
      <mem type="allocate" free="0" total="135659520" percent="0" />
      <mem type="survivor" free="0" total="15073280" percent="0" />
    </mem>
    <mem type="tenure" free="45792728" total="151715840" percent="30">
      <mem type="soa" free="44275160" total="150198272" percent="29" />
      <mem type="loa" free="1517568" total="1517568" percent="100" />
    </mem>
    <remembered-set count="591" />
  </mem-info>
</gc-start>
<allocation-stats totalBytes="135354432" discardedBytes="37824" >
  <allocated-bytes non-tlh="24" tlh="135354408" />
  <largest-consumer threadName="Scheduled Executor-thread-1" threadId="00000000007E7700" bytes="3788616" />
</allocation-stats>
<gc-op id="2753" type="scavenge" timems="18.642" contextid="2750" timestamp="2025-12-15T05:19:00.705">
  <scavenger-info tenureage="3" tenuremask="ffe8" tiltratio="90" />
  <memory-copied type="nursery" objects="2482" bytes="97544" bytesdiscarded="149384" />
  <memory-copied type="tenure" objects="168" bytes="9408" bytesdiscarded="0" />
  <ownableSynchronizers candidates="25772" cleared="25687" />
  <references type="weak" candidates="14" cleared="0" enqueued="0" />
  <object-monitors candidates="168" cleared="0"  />
</gc-op>
<gc-end id="2754" type="scavenge" contextid="2750" durationms="23.915" usertimems="6.115" systemtimems="13.408" stalltimems="45.519" timestamp="2025-12-15T05:19:00.707" activeThreads="9">
  <mem-info id="2755" free="181089376" total="302448640" percent="59">
    <mem type="nursery" free="135412472" total="150732800" percent="89">
      <mem type="allocate" free="135412472" total="135659520" percent="99" />
      <mem type="survivor" free="0" total="15073280" percent="0" />
    </mem>
    <mem type="tenure" free="45676904" total="151715840" percent="30" macro-fragmented="39939376">
      <mem type="soa" free="44159336" total="150198272" percent="29" />
      <mem type="loa" free="1517568" total="1517568" percent="100" />
    </mem>
    <remembered-set count="580" />
  </mem-info>
</gc-end>
<cycle-end id="2756" type="scavenge" contextid="2750" timestamp="2025-12-15T05:19:00.708" />
<allocation-satisfied id="2757" threadId="00000000018DAB00" bytesRequested="16" />
<af-end id="2758" timestamp="2025-12-15T05:19:00.709" threadId="00000000018DB578" success="true" from="nursery"/>
<exclusive-end id="2759" timestamp="2025-12-15T05:19:00.710" durationms="32.784" />

<exclusive-start id="2760" timestamp="2025-12-15T05:24:07.223" intervalms="306545.724">
  <response-info timems="0.064" idlems="0.064" threads="0" lastid="0000000001893C00" lastname="Default Executor-thread-247" />
</exclusive-start>
<af-start id="2761" threadId="0000000001894678" totalBytesRequested="176" timestamp="2025-12-15T05:24:07.225" intervalms="306546.066" type="nursery" />
<cycle-start id="2762" type="scavenge" contextid="0" timestamp="2025-12-15T05:24:07.227" intervalms="306545.928" />
<gc-start id="2763" type="scavenge" contextid="2762" timestamp="2025-12-15T05:24:07.230">
  <mem-info id="2764" free="45676904" total="302448640" percent="15">
    <mem type="nursery" free="0" total="150732800" percent="0">
      <mem type="allocate" free="0" total="135659520" percent="0" />
      <mem type="survivor" free="0" total="15073280" percent="0" />
    </mem>
    <mem type="tenure" free="45676904" total="151715840" percent="30">
      <mem type="soa" free="44159336" total="150198272" percent="29" />
      <mem type="loa" free="1517568" total="1517568" percent="100" />
    </mem>
    <remembered-set count="643" />
  </mem-info>
</gc-start>
<allocation-stats totalBytes="135374680" discardedBytes="37792" >
  <allocated-bytes non-tlh="16" tlh="135374664" />
  <largest-consumer threadName="Timer-7" threadId="0000000001005000" bytes="3906512" />
</allocation-stats>
<gc-op id="2765" type="scavenge" timems="23.659" contextid="2762" timestamp="2025-12-15T05:24:07.256">
  <scavenger-info tenureage="5" tenuremask="ffa0" tiltratio="90" />
  <memory-copied type="nursery" objects="2566" bytes="101832" bytesdiscarded="178040" />
  <ownableSynchronizers candidates="25719" cleared="25637" />
  <references type="weak" candidates="22" cleared="0" enqueued="0" />
  <object-monitors candidates="188" cleared="12"  />
</gc-op>
<gc-end id="2766" type="scavenge" contextid="2762" durationms="28.970" usertimems="4.766" systemtimems="4.963" stalltimems="11.622" timestamp="2025-12-15T05:24:07.259" activeThreads="10">
  <mem-info id="2767" free="181056104" total="302448640" percent="59">
    <mem type="nursery" free="135379200" total="150732800" percent="89">
      <mem type="allocate" free="135379200" total="135659520" percent="99" />
      <mem type="survivor" free="0" total="15073280" percent="0" />
    </mem>
    <mem type="tenure" free="45676904" total="151715840" percent="30" macro-fragmented="39939376">
      <mem type="soa" free="44159336" total="150198272" percent="29" />
      <mem type="loa" free="1517568" total="1517568" percent="100" />
    </mem>
    <remembered-set count="584" />
  </mem-info>
</gc-end>
<cycle-end id="2768" type="scavenge" contextid="2762" timestamp="2025-12-15T05:24:07.260" />
<allocation-satisfied id="2769" threadId="0000000001893C00" bytesRequested="176" />
<af-end id="2770" timestamp="2025-12-15T05:24:07.262" threadId="0000000001894678" success="true" from="nursery"/>
<exclusive-end id="2771" timestamp="2025-12-15T05:24:07.263" durationms="39.629" />

<exclusive-start id="2772" timestamp="2025-12-15T05:26:59.768" intervalms="172544.398">
  <response-info timems="0.154" idlems="0.154" threads="0" lastid="00000000001D0800" lastname="VM Runtime State Listener" />
</exclusive-start>
<sys-start reason="vm idle" id="2773" timestamp="2025-12-15T05:26:59.769" intervalms="2010042.473" />
<cycle-start id="2774" type="global" contextid="0" timestamp="2025-12-15T05:26:59.771" intervalms="2010043.648" />
<gc-start id="2775" type="global" contextid="2774" timestamp="2025-12-15T05:26:59.789">
  <mem-info id="2776" free="103829944" total="302448640" percent="34">
    <mem type="nursery" free="58153040" total="150732800" percent="38">
      <mem type="allocate" free="58153040" total="135659520" percent="42" />
      <mem type="survivor" free="0" total="15073280" percent="0" />
    </mem>
    <mem type="tenure" free="45676904" total="151715840" percent="30">
      <mem type="soa" free="44159336" total="150198272" percent="29" />
      <mem type="loa" free="1517568" total="1517568" percent="100" />
    </mem>
    <remembered-set count="642" />
  </mem-info>
</gc-start>
<allocation-stats totalBytes="77193936" discardedBytes="32224" >
  <allocated-bytes non-tlh="176" tlh="77193760" />
  <largest-consumer threadName="Default Executor-thread-43" threadId="0000000001993E00" bytes="2321328" />
</allocation-stats>
<gc-op id="2777" type="mark" timems="72.921" contextid="2774" timestamp="2025-12-15T05:26:59.864">
  <trace-info objectcount="2099885" scancount="1814313" scanbytes="68414720" />
  <finalization candidates="901" enqueued="0" />
  <ownableSynchronizers candidates="23991" cleared="14461" />
  <references type="soft" candidates="12197" cleared="658" enqueued="328" dynamicThreshold="9" maxThreshold="32" />
  <references type="weak" candidates="16546" cleared="0" enqueued="0" />
  <references type="phantom" candidates="1342" cleared="0" enqueued="0" />
  <stringconstants candidates="49882" cleared="353"  />
  <object-monitors candidates="176" cleared="12"  />
</gc-op>
<gc-op id="2778" type="classunload" timems="10.685" contextid="2774" timestamp="2025-12-15T05:26:59.875">
  <classunload-info classloadercandidates="523" classloadersunloaded="0" classesunloaded="4" anonymousclassesunloaded="4" quiescems="0.000" setupms="10.539" scanms="0.144" postms="0.001" />
</gc-op>
<gc-op id="2779" type="sweep" timems="3.478" contextid="2774" timestamp="2025-12-15T05:26:59.880" />
<gc-end id="2780" type="global" contextid="2774" durationms="98.709" usertimems="824.486" systemtimems="0.000" stalltimems="600.426" timestamp="2025-12-15T05:26:59.887" activeThreads="20">
  <mem-info id="2781" free="181234440" total="302448640" percent="59">
    <mem type="nursery" free="135349704" total="150732800" percent="89">
      <mem type="allocate" free="135349704" total="135659520" percent="99" />
      <mem type="survivor" free="0" total="15073280" percent="0" />
    </mem>
    <mem type="tenure" free="45884736" total="151715840" percent="30" micro-fragmented="144680" macro-fragmented="39939376">
      <mem type="soa" free="44367168" total="150198272" percent="29" />
      <mem type="loa" free="1517568" total="1517568" percent="100" />
    </mem>
    <pending-finalizers system="0" default="0" reference="328" classloader="0" />
    <remembered-set count="606" />
  </mem-info>
</gc-end>
<cycle-end id="2782" type="global" contextid="2774" timestamp="2025-12-15T05:26:59.889" />
<heap-fixup timems="5.737" reason="class unloading"  timestamp="2025-12-15T05:26:59.889" />
<sys-end id="2783" timestamp="2025-12-15T05:26:59.890" />
<exclusive-end id="2784" timestamp="2025-12-15T05:26:59.892" durationms="124.269" />

<heap-resize id="2785" type="release free pages" space="tenure" amount="45772800" count="1" timems="1.055" reason="idle" timestamp="2025-12-15T05:26:59.894" />
<exclusive-start id="2786" timestamp="2025-12-15T05:32:05.235" intervalms="305467.055">
  <response-info timems="0.095" idlems="0.095" threads="0" lastid="00000000005EFE00" lastname="Default Executor-thread-46" />
</exclusive-start>
<af-start id="2787" threadId="00000000005F0878" totalBytesRequested="24" timestamp="2025-12-15T05:32:05.363" intervalms="478138.201" type="nursery" />
<cycle-start id="2788" type="scavenge" contextid="0" timestamp="2025-12-15T05:32:05.374" intervalms="478147.613" />
<gc-start id="2789" type="scavenge" contextid="2788" timestamp="2025-12-15T05:32:05.388">
  <mem-info id="2790" free="45884736" total="302448640" percent="15">
    <mem type="nursery" free="0" total="150732800" percent="0">
      <mem type="allocate" free="0" total="135659520" percent="0" />
      <mem type="survivor" free="0" total="15073280" percent="0" />
    </mem>
    <mem type="tenure" free="45884736" total="151715840" percent="30">
      <mem type="soa" free="44367168" total="150198272" percent="29" />
      <mem type="loa" free="1517568" total="1517568" percent="100" />
    </mem>
    <remembered-set count="1054" />
  </mem-info>
</gc-start>
<allocation-stats totalBytes="135305872" discardedBytes="43832" >
  <allocated-bytes non-tlh="0" tlh="135305872" />
  <largest-consumer threadName="Timer-7" threadId="0000000001005000" bytes="3872672" />
</allocation-stats>
<gc-op id="2791" type="scavenge" timems="12.584" contextid="2788" timestamp="2025-12-15T05:32:05.538">
  <scavenger-info tenureage="3" tenuremask="ffe8" tiltratio="90" />
  <memory-copied type="nursery" objects="2566" bytes="104016" bytesdiscarded="232192" />
  <ownableSynchronizers candidates="44521" cleared="44441" />
  <references type="weak" candidates="22" cleared="0" enqueued="0" />
  <object-monitors candidates="164" cleared="0"  />
</gc-op>
<gc-end id="2792" type="scavenge" contextid="2788" durationms="157.905" usertimems="37.736" systemtimems="12.513" stalltimems="65.924" timestamp="2025-12-15T05:32:05.546" activeThreads="14">
  <mem-info id="2793" free="181207872" total="302448640" percent="59">
    <mem type="nursery" free="135323136" total="150732800" percent="89">
      <mem type="allocate" free="135323136" total="135659520" percent="99" />
      <mem type="survivor" free="0" total="15073280" percent="0" />
    </mem>
    <mem type="tenure" free="45884736" total="151715840" percent="30" macro-fragmented="39939376">
      <mem type="soa" free="44367168" total="150198272" percent="29" />
      <mem type="loa" free="1517568" total="1517568" percent="100" />
    </mem>
    <remembered-set count="875" />
  </mem-info>
</gc-end>
<cycle-end id="2794" type="scavenge" contextid="2788" timestamp="2025-12-15T05:32:05.551" />
<allocation-satisfied id="2795" threadId="00000000005EFE00" bytesRequested="24" />
<af-end id="2796" timestamp="2025-12-15T05:32:05.561" threadId="00000000005F0878" success="true" from="nursery"/>
<exclusive-end id="2797" timestamp="2025-12-15T05:32:05.565" durationms="330.036" />

<exclusive-start id="2798" timestamp="2025-12-15T05:37:09.926" intervalms="304691.688">
  <response-info timems="0.226" idlems="0.226" threads="0" lastid="0000000001880600" lastname="Thread-17" />
</exclusive-start>
<af-start id="2799" threadId="0000000001881078" totalBytesRequested="24" timestamp="2025-12-15T05:37:09.928" intervalms="304565.009" type="nursery" />
<cycle-start id="2800" type="scavenge" contextid="0" timestamp="2025-12-15T05:37:09.930" intervalms="304556.119" />
<gc-start id="2801" type="scavenge" contextid="2800" timestamp="2025-12-15T05:37:09.933">
  <mem-info id="2802" free="45884736" total="302448640" percent="15">
    <mem type="nursery" free="0" total="150732800" percent="0">
      <mem type="allocate" free="0" total="135659520" percent="0" />
      <mem type="survivor" free="0" total="15073280" percent="0" />
    </mem>
    <mem type="tenure" free="45884736" total="151715840" percent="30">
      <mem type="soa" free="44367168" total="150198272" percent="29" />
      <mem type="loa" free="1517568" total="1517568" percent="100" />
    </mem>
    <remembered-set count="938" />
  </mem-info>
</gc-start>
<allocation-stats totalBytes="135277008" discardedBytes="46128" >
  <allocated-bytes non-tlh="24" tlh="135276984" />
  <largest-consumer threadName="Scheduled Executor-thread-1" threadId="00000000007E7700" bytes="3686184" />
</allocation-stats>
<gc-op id="2803" type="scavenge" timems="11.751" contextid="2800" timestamp="2025-12-15T05:37:09.947">
  <scavenger-info tenureage="6" tenuremask="ffc0" tiltratio="90" />
  <memory-copied type="nursery" objects="2523" bytes="102040" bytesdiscarded="179408" />
  <ownableSynchronizers candidates="25562" cleared="25477" />
  <references type="weak" candidates="27" cleared="0" enqueued="0" />
  <object-monitors candidates="184" cleared="15"  />
</gc-op>
<gc-end id="2804" type="scavenge" contextid="2800" durationms="14.660" usertimems="7.901" systemtimems="2.775" stalltimems="45.279" timestamp="2025-12-15T05:37:09.948" activeThreads="9">
  <mem-info id="2805" free="181262400" total="302448640" percent="59">
    <mem type="nursery" free="135377664" total="150732800" percent="89">
      <mem type="allocate" free="135377664" total="135659520" percent="99" />
      <mem type="survivor" free="0" total="15073280" percent="0" />
    </mem>
    <mem type="tenure" free="45884736" total="151715840" percent="30" macro-fragmented="39939376">
      <mem type="soa" free="44367168" total="150198272" percent="29" />
      <mem type="loa" free="1517568" total="1517568" percent="100" />
    </mem>
    <remembered-set count="877" />
  </mem-info>
</gc-end>
<cycle-end id="2806" type="scavenge" contextid="2800" timestamp="2025-12-15T05:37:09.948" />
<allocation-satisfied id="2807" threadId="0000000001880600" bytesRequested="24" />
<af-end id="2808" timestamp="2025-12-15T05:37:09.949" threadId="0000000001881078" success="true" from="nursery"/>
<exclusive-end id="2809" timestamp="2025-12-15T05:37:09.949" durationms="22.984" />

<exclusive-start id="2810" timestamp="2025-12-15T05:42:15.154" intervalms="305227.826">
  <response-info timems="0.139" idlems="0.139" threads="0" lastid="0000000001888300" lastname="Default Executor-thread-286" />
</exclusive-start>
<af-start id="2811" threadId="0000000001888D78" totalBytesRequested="56" timestamp="2025-12-15T05:42:15.156" intervalms="305227.711" type="nursery" />
<cycle-start id="2812" type="scavenge" contextid="0" timestamp="2025-12-15T05:42:15.158" intervalms="305227.598" />
<gc-start id="2813" type="scavenge" contextid="2812" timestamp="2025-12-15T05:42:15.160">
  <mem-info id="2814" free="45884736" total="302448640" percent="15">
    <mem type="nursery" free="0" total="150732800" percent="0">
      <mem type="allocate" free="0" total="135659520" percent="0" />
      <mem type="survivor" free="0" total="15073280" percent="0" />
    </mem>
    <mem type="tenure" free="45884736" total="151715840" percent="30">
      <mem type="soa" free="44367168" total="150198272" percent="29" />
      <mem type="loa" free="1517568" total="1517568" percent="100" />
    </mem>
    <remembered-set count="935" />
  </mem-info>
</gc-start>
<allocation-stats totalBytes="135334136" discardedBytes="43528" >
  <allocated-bytes non-tlh="24" tlh="135334112" />
  <largest-consumer threadName="Default Executor-thread-246" threadId="0000000001993200" bytes="3869704" />
</allocation-stats>
<gc-op id="2815" type="scavenge" timems="29.095" contextid="2812" timestamp="2025-12-15T05:42:15.192">
  <scavenger-info tenureage="4" tenuremask="ffb0" tiltratio="90" />
  <memory-copied type="nursery" objects="2523" bytes="102880" bytesdiscarded="100208" />
  <ownableSynchronizers candidates="25640" cleared="25552" />
  <references type="weak" candidates="30" cleared="0" enqueued="0" />
  <object-monitors candidates="189" cleared="17"  />
</gc-op>
<gc-end id="2816" type="scavenge" contextid="2812" durationms="50.963" usertimems="14.654" systemtimems="9.873" stalltimems="38.040" timestamp="2025-12-15T05:42:15.211" activeThreads="8">
  <mem-info id="2817" free="181340736" total="302448640" percent="59">
    <mem type="nursery" free="135456000" total="150732800" percent="89">
      <mem type="allocate" free="135456000" total="135659520" percent="99" />
      <mem type="survivor" free="0" total="15073280" percent="0" />
    </mem>
    <mem type="tenure" free="45884736" total="151715840" percent="30" macro-fragmented="0">
      <mem type="soa" free="44367168" total="150198272" percent="29" />
      <mem type="loa" free="1517568" total="1517568" percent="100" />
    </mem>
    <remembered-set count="528" />
  </mem-info>
</gc-end>
<cycle-end id="2818" type="scavenge" contextid="2812" timestamp="2025-12-15T05:42:15.213" />
<allocation-satisfied id="2819" threadId="0000000001888300" bytesRequested="56" />
<af-end id="2820" timestamp="2025-12-15T05:42:15.215" threadId="0000000001888D78" success="true" from="nursery"/>
<exclusive-end id="2821" timestamp="2025-12-15T05:42:15.216" durationms="62.001" />

<exclusive-start id="2822" timestamp="2025-12-15T05:43:59.787" intervalms="104633.018">
  <response-info timems="0.233" idlems="0.233" threads="0" lastid="00000000001D0800" lastname="VM Runtime State Listener" />
</exclusive-start>
<sys-start reason="vm idle" id="2823" timestamp="2025-12-15T05:43:59.789" intervalms="1020020.406" />
<cycle-start id="2824" type="global" contextid="0" timestamp="2025-12-15T05:43:59.791" intervalms="1020019.861" />
<gc-start id="2825" type="global" contextid="2824" timestamp="2025-12-15T05:43:59.800">
  <mem-info id="2826" free="133884424" total="302448640" percent="44">
    <mem type="nursery" free="87999688" total="150732800" percent="58">
      <mem type="allocate" free="87999688" total="135659520" percent="64" />
      <mem type="survivor" free="0" total="15073280" percent="0" />
    </mem>
    <mem type="tenure" free="45884736" total="151715840" percent="30">
      <mem type="soa" free="44367168" total="150198272" percent="29" />
      <mem type="loa" free="1517568" total="1517568" percent="100" />
    </mem>
    <remembered-set count="580" />
  </mem-info>
</gc-start>
<allocation-stats totalBytes="47440080" discardedBytes="16232" >
  <allocated-bytes non-tlh="56" tlh="47440024" />
  <largest-consumer threadName="Default Executor-thread-270" threadId="0000000001A1E200" bytes="1490688" />
</allocation-stats>
<gc-op id="2827" type="mark" timems="90.036" contextid="2824" timestamp="2025-12-15T05:43:59.894">
  <trace-info objectcount="2097950" scancount="1812436" scanbytes="68358216" />
  <finalization candidates="901" enqueued="0" />
  <ownableSynchronizers candidates="18285" cleared="8755" />
  <references type="soft" candidates="11539" cleared="235" enqueued="235" dynamicThreshold="9" maxThreshold="32" />
  <references type="weak" candidates="16534" cleared="0" enqueued="0" />
  <references type="phantom" candidates="1341" cleared="0" enqueued="0" />
  <stringconstants candidates="49529" cleared="32"  />
  <object-monitors candidates="172" cleared="8"  />
</gc-op>
<gc-op id="2828" type="classunload" timems="0.093" contextid="2824" timestamp="2025-12-15T05:43:59.895">
  <classunload-info classloadercandidates="523" classloadersunloaded="0" classesunloaded="0" anonymousclassesunloaded="0" quiescems="0.000" setupms="0.093" scanms="0.000" postms="0.000" />
</gc-op>
<gc-op id="2829" type="sweep" timems="8.380" contextid="2824" timestamp="2025-12-15T05:43:59.905" />
<mem-info id="2830" free="181294040" total="302448640" percent="59">
  <mem type="nursery" free="135375984" total="150732800" percent="89">
    <mem type="allocate" free="135375984" total="135659520" percent="99" />
    <mem type="survivor" free="0" total="15073280" percent="0" />
  </mem>
  <mem type="tenure" free="45918056" total="151715840" percent="30" micro-fragmented="137828" macro-fragmented="33282812">
    <mem type="soa" free="44400488" total="150198272" percent="29" />
    <mem type="loa" free="1517568" total="1517568" percent="100" />
  </mem>
  <pending-finalizers system="0" default="0" reference="235" classloader="0" />
  <remembered-set count="568" />
</mem-info>
<gc-op id="2831" type="compact" timems="290.238" contextid="2824" timestamp="2025-12-15T05:44:00.198">
  <compact-info movecount="1710268" movebytes="83759552" reason="compact on aggressive collection" />
</gc-op>
<gc-end id="2832" type="global" contextid="2824" durationms="399.956" usertimems="2758.677" systemtimems="0.000" stalltimems="837.000" timestamp="2025-12-15T05:44:00.200" activeThreads="20">
  <mem-info id="2833" free="181636128" total="302448640" percent="60">
    <mem type="nursery" free="135557728" total="150732800" percent="89">
      <mem type="allocate" free="135557728" total="135659520" percent="99" />
      <mem type="survivor" free="0" total="15073280" percent="0" />
    </mem>
    <mem type="tenure" free="46078400" total="151715840" percent="30">
      <mem type="soa" free="44560832" total="150198272" percent="29" />
      <mem type="loa" free="1517568" total="1517568" percent="100" />
    </mem>
    <pending-finalizers system="0" default="0" reference="235" classloader="0" />
    <remembered-set count="568" />
  </mem-info>
</gc-end>
<cycle-end id="2834" type="global" contextid="2824" timestamp="2025-12-15T05:44:00.201" />
<sys-end id="2835" timestamp="2025-12-15T05:44:00.202" />
<exclusive-end id="2836" timestamp="2025-12-15T05:44:00.203" durationms="415.587" />

<heap-resize id="2837" type="release free pages" space="tenure" amount="46051328" count="1" timems="1.360" reason="idle" timestamp="2025-12-15T05:44:00.205" />
<exclusive-start id="2838" timestamp="2025-12-15T05:49:03.450" intervalms="303662.598">
  <response-info timems="0.291" idlems="0.291" threads="0" lastid="0000000000872F00" lastname="Default Executor-thread-282" />
</exclusive-start>
<af-start id="2839" threadId="0000000000873978" totalBytesRequested="184" timestamp="2025-12-15T05:49:03.451" intervalms="408295.352" type="nursery" />
<cycle-start id="2840" type="scavenge" contextid="0" timestamp="2025-12-15T05:49:03.454" intervalms="408295.832" />
<gc-start id="2841" type="scavenge" contextid="2840" timestamp="2025-12-15T05:49:03.457">
  <mem-info id="2842" free="46078400" total="302448640" percent="15">
    <mem type="nursery" free="0" total="150732800" percent="0">
      <mem type="allocate" free="0" total="135659520" percent="0" />
      <mem type="survivor" free="0" total="15073280" percent="0" />
    </mem>
    <mem type="tenure" free="46078400" total="151715840" percent="30">
      <mem type="soa" free="44560832" total="150198272" percent="29" />
      <mem type="loa" free="1517568" total="1517568" percent="100" />
    </mem>
    <remembered-set count="1025" />
  </mem-info>
</gc-start>
<allocation-stats totalBytes="135509896" discardedBytes="47832" >
  <allocated-bytes non-tlh="0" tlh="135509896" />
  <largest-consumer threadName="Timer-7" threadId="0000000001005000" bytes="4018824" />
</allocation-stats>
<gc-op id="2843" type="scavenge" timems="14.755" contextid="2840" timestamp="2025-12-15T05:49:03.474">
  <scavenger-info tenureage="5" tenuremask="ff60" tiltratio="90" />
  <memory-copied type="nursery" objects="2734" bytes="112184" bytesdiscarded="196032" />
  <ownableSynchronizers candidates="44457" cleared="44368" />
  <references type="weak" candidates="31" cleared="0" enqueued="0" />
  <object-monitors candidates="184" cleared="19"  />
</gc-op>
<heap-resize id="2844" type="contract" space="nursery" amount="1572864" count="1" timems="0.359" reason="insufficient time being spent scavenging" timestamp="2025-12-15T05:49:03.476" />
<gc-end id="2845" type="scavenge" contextid="2840" durationms="20.887" usertimems="9.953" systemtimems="1.834" stalltimems="57.425" timestamp="2025-12-15T05:49:03.477" activeThreads="10">
  <mem-info id="2846" free="179987392" total="300875776" percent="59">
    <mem type="nursery" free="133908992" total="149159936" percent="89">
      <mem type="allocate" free="133908992" total="134217728" percent="99" />
      <mem type="survivor" free="0" total="14942208" percent="0" />
    </mem>
    <mem type="tenure" free="46078400" total="151715840" percent="30" macro-fragmented="19260884">
      <mem type="soa" free="44560832" total="150198272" percent="29" />
      <mem type="loa" free="1517568" total="1517568" percent="100" />
    </mem>
    <remembered-set count="751" />
  </mem-info>
</gc-end>
<cycle-end id="2847" type="scavenge" contextid="2840" timestamp="2025-12-15T05:49:03.479" />
<allocation-satisfied id="2848" threadId="0000000000872F00" bytesRequested="184" />
<af-end id="2849" timestamp="2025-12-15T05:49:03.480" threadId="0000000000873978" success="true" from="nursery"/>
<exclusive-end id="2850" timestamp="2025-12-15T05:49:03.481" durationms="31.197" />

<exclusive-start id="2851" timestamp="2025-12-15T05:54:05.898" intervalms="302448.348">
  <response-info timems="0.164" idlems="0.164" threads="0" lastid="0000000001A93E00" lastname="Default Executor-thread-306" />
</exclusive-start>
<af-start id="2852" threadId="0000000001A94878" totalBytesRequested="176" timestamp="2025-12-15T05:54:05.902" intervalms="302451.078" type="nursery" />
<cycle-start id="2853" type="scavenge" contextid="0" timestamp="2025-12-15T05:54:05.905" intervalms="302451.424" />
<gc-start id="2854" type="scavenge" contextid="2853" timestamp="2025-12-15T05:54:05.910">
  <mem-info id="2855" free="46078400" total="300875776" percent="15">
    <mem type="nursery" free="0" total="149159936" percent="0">
      <mem type="allocate" free="0" total="134217728" percent="0" />
      <mem type="survivor" free="0" total="14942208" percent="0" />
    </mem>
    <mem type="tenure" free="46078400" total="151715840" percent="30">
      <mem type="soa" free="44560832" total="150198272" percent="29" />
      <mem type="loa" free="1517568" total="1517568" percent="100" />
    </mem>
    <remembered-set count="808" />
  </mem-info>
</gc-start>
<allocation-stats totalBytes="133866680" discardedBytes="42312" >
  <allocated-bytes non-tlh="184" tlh="133866496" />
  <largest-consumer threadName="Timer-7" threadId="0000000001005000" bytes="3854624" />
</allocation-stats>
<gc-op id="2856" type="scavenge" timems="13.645" contextid="2853" timestamp="2025-12-15T05:54:05.929">
  <scavenger-info tenureage="6" tenuremask="fec0" tiltratio="89" />
  <memory-copied type="nursery" objects="2648" bytes="108944" bytesdiscarded="172664" />
  <ownableSynchronizers candidates="25404" cleared="25315" />
  <references type="weak" candidates="31" cleared="0" enqueued="0" />
  <object-monitors candidates="165" cleared="0"  />
</gc-op>
<gc-end id="2857" type="scavenge" contextid="2853" durationms="20.737" usertimems="11.328" systemtimems="0.000" stalltimems="38.623" timestamp="2025-12-15T05:54:05.931" activeThreads="9">
  <mem-info id="2858" free="180014272" total="300875776" percent="59">
    <mem type="nursery" free="133935872" total="149159936" percent="89">
      <mem type="allocate" free="133935872" total="134217728" percent="99" />
      <mem type="survivor" free="0" total="14942208" percent="0" />
    </mem>
    <mem type="tenure" free="46078400" total="151715840" percent="30" macro-fragmented="27735676">
      <mem type="soa" free="44560832" total="150198272" percent="29" />
      <mem type="loa" free="1517568" total="1517568" percent="100" />
    </mem>
    <remembered-set count="747" />
  </mem-info>
</gc-end>
<cycle-end id="2859" type="scavenge" contextid="2853" timestamp="2025-12-15T05:54:05.932" />
<allocation-satisfied id="2860" threadId="0000000001A93E00" bytesRequested="176" />
<af-end id="2861" timestamp="2025-12-15T05:54:05.936" threadId="0000000001A94878" success="true" from="nursery"/>
<exclusive-end id="2862" timestamp="2025-12-15T05:54:05.938" durationms="39.797" />

<exclusive-start id="2863" timestamp="2025-12-15T05:56:01.365" intervalms="115466.483">
  <response-info timems="0.062" idlems="0.062" threads="0" lastid="00000000001D0800" lastname="VM Runtime State Listener" />
</exclusive-start>
<sys-start reason="vm idle" id="2864" timestamp="2025-12-15T05:56:01.366" intervalms="721576.374" />
<cycle-start id="2865" type="global" contextid="0" timestamp="2025-12-15T05:56:01.367" intervalms="721575.424" />
<gc-start id="2866" type="global" contextid="2865" timestamp="2025-12-15T05:56:01.368">
  <mem-info id="2867" free="127900688" total="300875776" percent="42">
    <mem type="nursery" free="81822288" total="149159936" percent="54">
      <mem type="allocate" free="81822288" total="134217728" percent="60" />
      <mem type="survivor" free="0" total="14942208" percent="0" />
    </mem>
    <mem type="tenure" free="46078400" total="151715840" percent="30">
      <mem type="soa" free="44560832" total="150198272" percent="29" />
      <mem type="loa" free="1517568" total="1517568" percent="100" />
    </mem>
    <remembered-set count="805" />
  </mem-info>
</gc-start>
<allocation-stats totalBytes="52096880" discardedBytes="16704" >
  <allocated-bytes non-tlh="176" tlh="52096704" />
  <largest-consumer threadName="Default Executor-thread-307" threadId="00000000018C4D00" bytes="1543696" />
</allocation-stats>
<gc-op id="2868" type="mark" timems="42.078" contextid="2865" timestamp="2025-12-15T05:56:01.411">
  <trace-info objectcount="2095536" scancount="1810192" scanbytes="68279796" />
  <finalization candidates="901" enqueued="0" />
  <ownableSynchronizers candidates="19177" cleared="9647" />
  <references type="soft" candidates="11304" cleared="321" enqueued="317" dynamicThreshold="9" maxThreshold="32" />
  <references type="weak" candidates="16534" cleared="0" enqueued="0" />
  <references type="phantom" candidates="1341" cleared="0" enqueued="0" />
  <stringconstants candidates="49497" cleared="21"  />
  <object-monitors candidates="165" cleared="1"  />
</gc-op>
<gc-op id="2869" type="classunload" timems="3.137" contextid="2865" timestamp="2025-12-15T05:56:01.415">
  <classunload-info classloadercandidates="523" classloadersunloaded="1" classesunloaded="1" anonymousclassesunloaded="0" quiescems="0.000" setupms="3.004" scanms="0.096" postms="0.036" />
</gc-op>
<gc-op id="2870" type="sweep" timems="1.890" contextid="2865" timestamp="2025-12-15T05:56:01.418" />
<gc-end id="2871" type="global" contextid="2865" durationms="62.054" usertimems="468.812" systemtimems="23.651" stalltimems="465.094" timestamp="2025-12-15T05:56:01.430" activeThreads="20">
  <mem-info id="2872" free="180033560" total="300875776" percent="59">
    <mem type="nursery" free="133933208" total="149159936" percent="89">
      <mem type="allocate" free="133933208" total="134217728" percent="99" />
      <mem type="survivor" free="0" total="14942208" percent="0" />
    </mem>
    <mem type="tenure" free="46100352" total="151715840" percent="30" micro-fragmented="51307" macro-fragmented="33282812">
      <mem type="soa" free="44582784" total="150198272" percent="29" />
      <mem type="loa" free="1517568" total="1517568" percent="100" />
    </mem>
    <pending-finalizers system="0" default="0" reference="317" classloader="0" />
    <remembered-set count="570" />
  </mem-info>
</gc-end>
<cycle-end id="2873" type="global" contextid="2865" timestamp="2025-12-15T05:56:01.431" />
<heap-fixup timems="9.190" reason="class unloading"  timestamp="2025-12-15T05:56:01.431" />
<sys-end id="2874" timestamp="2025-12-15T05:56:01.432" />
<exclusive-end id="2875" timestamp="2025-12-15T05:56:01.433" durationms="68.190" />

<heap-resize id="2876" type="release free pages" space="tenure" amount="46051328" count="1" timems="0.498" reason="idle" timestamp="2025-12-15T05:56:01.434" />
<exclusive-start id="2877" timestamp="2025-12-15T06:01:03.478" intervalms="302113.511">
  <response-info timems="0.089" idlems="0.089" threads="0" lastid="0000000001888F00" lastname="Default Executor-thread-321" />
</exclusive-start>
<af-start id="2878" threadId="0000000001889978" totalBytesRequested="24" timestamp="2025-12-15T06:01:03.484" intervalms="417581.852" type="nursery" />
<cycle-start id="2879" type="scavenge" contextid="0" timestamp="2025-12-15T06:01:03.488" intervalms="417582.382" />
<gc-start id="2880" type="scavenge" contextid="2879" timestamp="2025-12-15T06:01:03.492">
  <mem-info id="2881" free="46100352" total="300875776" percent="15">
    <mem type="nursery" free="0" total="149159936" percent="0">
      <mem type="allocate" free="0" total="134217728" percent="0" />
      <mem type="survivor" free="0" total="14942208" percent="0" />
    </mem>
    <mem type="tenure" free="46100352" total="151715840" percent="30">
      <mem type="soa" free="44582784" total="150198272" percent="29" />
      <mem type="loa" free="1517568" total="1517568" percent="100" />
    </mem>
    <remembered-set count="1101" />
  </mem-info>
</gc-start>
<allocation-stats totalBytes="133878352" discardedBytes="54856" >
  <allocated-bytes non-tlh="0" tlh="133878352" />
  <largest-consumer threadName="Timer-7" threadId="0000000001005000" bytes="3896616" />
</allocation-stats>
<gc-op id="2882" type="scavenge" timems="11.132" contextid="2879" timestamp="2025-12-15T06:01:03.507">
  <scavenger-info tenureage="14" tenuremask="4000" tiltratio="89" />
  <memory-copied type="nursery" objects="2736" bytes="113152" bytesdiscarded="125232" />
  <ownableSynchronizers candidates="44358" cleared="44268" />
  <references type="weak" candidates="32" cleared="0" enqueued="0" />
  <object-monitors candidates="184" cleared="19"  />
</gc-op>
<gc-end id="2883" type="scavenge" contextid="2879" durationms="19.540" usertimems="2.382" systemtimems="9.467" stalltimems="31.924" timestamp="2025-12-15T06:01:03.511" activeThreads="8">
  <mem-info id="2884" free="180079232" total="300875776" percent="59">
    <mem type="nursery" free="133978880" total="149159936" percent="89">
      <mem type="allocate" free="133978880" total="134217728" percent="99" />
      <mem type="survivor" free="0" total="14942208" percent="0" />
    </mem>
    <mem type="tenure" free="46100352" total="151715840" percent="30" macro-fragmented="39939376">
      <mem type="soa" free="44582784" total="150198272" percent="29" />
      <mem type="loa" free="1517568" total="1517568" percent="100" />
    </mem>
    <remembered-set count="830" />
  </mem-info>
</gc-end>
<cycle-end id="2885" type="scavenge" contextid="2879" timestamp="2025-12-15T06:01:03.518" />
<allocation-satisfied id="2886" threadId="0000000001888F00" bytesRequested="24" />
<af-end id="2887" timestamp="2025-12-15T06:01:03.521" threadId="0000000001889978" success="true" from="nursery"/>
<exclusive-end id="2888" timestamp="2025-12-15T06:01:03.521" durationms="43.325" />

<exclusive-start id="2889" timestamp="2025-12-15T06:03:21.857" intervalms="138379.191">
  <response-info timems="0.588" idlems="0.588" threads="0" lastid="00000000001D0800" lastname="VM Runtime State Listener" />
</exclusive-start>
<sys-start reason="vm idle" id="2890" timestamp="2025-12-15T06:03:21.859" intervalms="440493.561" />
<cycle-start id="2891" type="global" contextid="0" timestamp="2025-12-15T06:03:21.861" intervalms="440493.804" />
<gc-start id="2892" type="global" contextid="2891" timestamp="2025-12-15T06:03:21.862">
  <mem-info id="2893" free="117815912" total="300875776" percent="39">
    <mem type="nursery" free="71715560" total="149159936" percent="48">
      <mem type="allocate" free="71715560" total="134217728" percent="53" />
      <mem type="survivor" free="0" total="14942208" percent="0" />
    </mem>
    <mem type="tenure" free="46100352" total="151715840" percent="30">
      <mem type="soa" free="44582784" total="150198272" percent="29" />
      <mem type="loa" free="1517568" total="1517568" percent="100" />
    </mem>
    <remembered-set count="883" />
  </mem-info>
</gc-start>
<allocation-stats totalBytes="62238632" discardedBytes="24688" >
  <allocated-bytes non-tlh="24" tlh="62238608" />
  <largest-consumer threadName="Default Executor-thread-340" threadId="0000000000831B00" bytes="1842264" />
</allocation-stats>
<gc-op id="2894" type="mark" timems="40.696" contextid="2891" timestamp="2025-12-15T06:03:21.904">
  <trace-info objectcount="2093280" scancount="1808226" scanbytes="68205232" />
  <finalization candidates="901" enqueued="0" />
  <ownableSynchronizers candidates="21124" cleared="11594" />
  <references type="soft" candidates="10972" cleared="369" enqueued="367" dynamicThreshold="9" maxThreshold="32" />
  <references type="weak" candidates="16527" cleared="11" enqueued="11" />
  <references type="phantom" candidates="1341" cleared="0" enqueued="0" />
  <stringconstants candidates="49476" cleared="35"  />
  <object-monitors candidates="166" cleared="1"  />
</gc-op>
<gc-op id="2895" type="classunload" timems="3.736" contextid="2891" timestamp="2025-12-15T06:03:21.909">
  <classunload-info classloadercandidates="522" classloadersunloaded="0" classesunloaded="11" anonymousclassesunloaded="11" quiescems="0.000" setupms="3.555" scanms="0.179" postms="0.001" />
</gc-op>
<gc-op id="2896" type="sweep" timems="2.989" contextid="2891" timestamp="2025-12-15T06:03:21.913" />
<mem-info id="2897" free="180048080" total="300875776" percent="59">
  <mem type="nursery" free="133912312" total="149159936" percent="89">
    <mem type="allocate" free="133912312" total="134217728" percent="99" />
    <mem type="survivor" free="0" total="14942208" percent="0" />
  </mem>
  <mem type="tenure" free="46135768" total="151715840" percent="30" micro-fragmented="181291" macro-fragmented="19260884">
    <mem type="soa" free="44618200" total="150198272" percent="29" />
    <mem type="loa" free="1517568" total="1517568" percent="100" />
  </mem>
  <pending-finalizers system="0" default="0" reference="378" classloader="0" />
  <remembered-set count="562" />
</mem-info>
<gc-op id="2898" type="compact" timems="122.582" contextid="2891" timestamp="2025-12-15T06:03:22.036">
  <compact-info movecount="1632614" movebytes="81301776" reason="compact on aggressive collection" />
</gc-op>
<gc-end id="2899" type="global" contextid="2891" durationms="175.468" usertimems="1124.832" systemtimems="53.059" stalltimems="404.107" timestamp="2025-12-15T06:03:22.037" activeThreads="20">
  <mem-info id="2900" free="180358184" total="300875776" percent="59">
    <mem type="nursery" free="134114280" total="149159936" percent="89">
      <mem type="allocate" free="134114280" total="134217728" percent="99" />
      <mem type="survivor" free="0" total="14942208" percent="0" />
    </mem>
    <mem type="tenure" free="46243904" total="151715840" percent="30">
      <mem type="soa" free="44726336" total="150198272" percent="29" />
      <mem type="loa" free="1517568" total="1517568" percent="100" />
    </mem>
    <pending-finalizers system="0" default="0" reference="378" classloader="0" />
    <remembered-set count="562" />
  </mem-info>
</gc-end>
<cycle-end id="2901" type="global" contextid="2891" timestamp="2025-12-15T06:03:22.038" />
<sys-end id="2902" timestamp="2025-12-15T06:03:22.038" />
<exclusive-end id="2903" timestamp="2025-12-15T06:03:22.039" durationms="181.483" />

<heap-resize id="2904" type="release free pages" space="tenure" amount="46219264" count="1" timems="0.776" reason="idle" timestamp="2025-12-15T06:03:22.040" />
<exclusive-start id="2905" timestamp="2025-12-15T06:08:25.398" intervalms="303540.375">
  <response-info timems="0.204" idlems="0.204" threads="0" lastid="0000000001850200" lastname="Default Executor-thread-75" />
</exclusive-start>
<af-start id="2906" threadId="0000000001850C78" totalBytesRequested="160" timestamp="2025-12-15T06:08:25.399" intervalms="441915.002" type="nursery" />
<cycle-start id="2907" type="scavenge" contextid="0" timestamp="2025-12-15T06:08:25.401" intervalms="441912.870" />
<gc-start id="2908" type="scavenge" contextid="2907" timestamp="2025-12-15T06:08:25.404">
  <mem-info id="2909" free="46243904" total="300875776" percent="15">
    <mem type="nursery" free="0" total="149159936" percent="0">
      <mem type="allocate" free="0" total="134217728" percent="0" />
      <mem type="survivor" free="0" total="14942208" percent="0" />
    </mem>
    <mem type="tenure" free="46243904" total="151715840" percent="30">
      <mem type="soa" free="44726336" total="150198272" percent="29" />
      <mem type="loa" free="1517568" total="1517568" percent="100" />
    </mem>
    <remembered-set count="1127" />
  </mem-info>
</gc-start>
<allocation-stats totalBytes="134070568" discardedBytes="43712" >
  <allocated-bytes non-tlh="0" tlh="134070568" />
  <largest-consumer threadName="Scheduled Executor-thread-1" threadId="00000000007E7700" bytes="3727176" />
</allocation-stats>
<gc-op id="2910" type="scavenge" timems="18.028" contextid="2907" timestamp="2025-12-15T06:08:25.424">
  <scavenger-info tenureage="14" tenuremask="4000" tiltratio="89" />
  <memory-copied type="nursery" objects="2690" bytes="111576" bytesdiscarded="107816" />
  <ownableSynchronizers candidates="44352" cleared="44262" />
  <references type="weak" candidates="32" cleared="0" enqueued="0" />
  <object-monitors candidates="165" cleared="0"  />
</gc-op>
<gc-end id="2911" type="scavenge" contextid="2907" durationms="22.420" usertimems="7.160" systemtimems="4.915" stalltimems="61.204" timestamp="2025-12-15T06:08:25.426" activeThreads="7">
  <mem-info id="2912" free="180241984" total="300875776" percent="59">
    <mem type="nursery" free="133998080" total="149159936" percent="89">
      <mem type="allocate" free="133998080" total="134217728" percent="99" />
      <mem type="survivor" free="0" total="14942208" percent="0" />
    </mem>
    <mem type="tenure" free="46243904" total="151715840" percent="30" macro-fragmented="39939376">
      <mem type="soa" free="44726336" total="150198272" percent="29" />
      <mem type="loa" free="1517568" total="1517568" percent="100" />
    </mem>
    <remembered-set count="885" />
  </mem-info>
</gc-end>
<cycle-end id="2913" type="scavenge" contextid="2907" timestamp="2025-12-15T06:08:25.428" />
<allocation-satisfied id="2914" threadId="0000000001850200" bytesRequested="160" />
<af-end id="2915" timestamp="2025-12-15T06:08:25.430" threadId="0000000001850C78" success="true" from="nursery"/>
<exclusive-end id="2916" timestamp="2025-12-15T06:08:25.431" durationms="32.962" />

<exclusive-start id="2917" timestamp="2025-12-15T06:13:26.737" intervalms="301339.268">
  <response-info timems="0.094" idlems="0.094" threads="0" lastid="0000000001976E00" lastname="Default Executor-thread-280" />
</exclusive-start>
<af-start id="2918" threadId="0000000001977878" totalBytesRequested="2056" timestamp="2025-12-15T06:13:26.740" intervalms="301340.755" type="nursery" />
<cycle-start id="2919" type="scavenge" contextid="0" timestamp="2025-12-15T06:13:26.742" intervalms="301341.001" />
<gc-start id="2920" type="scavenge" contextid="2919" timestamp="2025-12-15T06:13:26.743">
  <mem-info id="2921" free="46243904" total="300875776" percent="15">
    <mem type="nursery" free="0" total="149159936" percent="0">
      <mem type="allocate" free="0" total="134217728" percent="0" />
      <mem type="survivor" free="0" total="14942208" percent="0" />
    </mem>
    <mem type="tenure" free="46243904" total="151715840" percent="30">
      <mem type="soa" free="44726336" total="150198272" percent="29" />
      <mem type="loa" free="1517568" total="1517568" percent="100" />
    </mem>
    <remembered-set count="946" />
  </mem-info>
</gc-start>
<allocation-stats totalBytes="133952016" discardedBytes="46064" >
  <allocated-bytes non-tlh="160" tlh="133951856" />
  <largest-consumer threadName="Timer-7" threadId="0000000001005000" bytes="3840592" />
</allocation-stats>
<gc-op id="2922" type="scavenge" timems="7.226" contextid="2919" timestamp="2025-12-15T06:13:26.753">
  <scavenger-info tenureage="14" tenuremask="4000" tiltratio="89" />
  <memory-copied type="nursery" objects="2721" bytes="113552" bytesdiscarded="74872" />
  <ownableSynchronizers candidates="25316" cleared="25225" />
  <references type="weak" candidates="33" cleared="0" enqueued="0" />
  <object-monitors candidates="185" cleared="19"  />
</gc-op>
<gc-end id="2923" type="scavenge" contextid="2919" durationms="12.598" usertimems="1.920" systemtimems="3.530" stalltimems="19.620" timestamp="2025-12-15T06:13:26.756" activeThreads="7">
  <mem-info id="2924" free="180272704" total="300875776" percent="59">
    <mem type="nursery" free="134028800" total="149159936" percent="89">
      <mem type="allocate" free="134028800" total="134217728" percent="99" />
      <mem type="survivor" free="0" total="14942208" percent="0" />
    </mem>
    <mem type="tenure" free="46243904" total="151715840" percent="30" macro-fragmented="39939376">
      <mem type="soa" free="44726336" total="150198272" percent="29" />
      <mem type="loa" free="1517568" total="1517568" percent="100" />
    </mem>
    <remembered-set count="887" />
  </mem-info>
</gc-end>
<cycle-end id="2925" type="scavenge" contextid="2919" timestamp="2025-12-15T06:13:26.757" />
<allocation-satisfied id="2926" threadId="0000000001976E00" bytesRequested="2056" />
<af-end id="2927" timestamp="2025-12-15T06:13:26.761" threadId="0000000001977878" success="true" from="nursery"/>
<exclusive-end id="2928" timestamp="2025-12-15T06:13:26.762" durationms="25.624" />

<exclusive-start id="2929" timestamp="2025-12-15T06:18:30.658" intervalms="303921.145">
  <response-info timems="0.191" idlems="0.191" threads="0" lastid="00000000018C4D00" lastname="Default Executor-thread-307" />
</exclusive-start>
<af-start id="2930" threadId="00000000018C5778" totalBytesRequested="136" timestamp="2025-12-15T06:18:30.660" intervalms="303920.045" type="nursery" />
<cycle-start id="2931" type="scavenge" contextid="0" timestamp="2025-12-15T06:18:30.662" intervalms="303920.185" />
<gc-start id="2932" type="scavenge" contextid="2931" timestamp="2025-12-15T06:18:30.669">
  <mem-info id="2933" free="46243904" total="300875776" percent="15">
    <mem type="nursery" free="0" total="149159936" percent="0">
      <mem type="allocate" free="0" total="134217728" percent="0" />
      <mem type="survivor" free="0" total="14942208" percent="0" />
    </mem>
    <mem type="tenure" free="46243904" total="151715840" percent="30">
      <mem type="soa" free="44726336" total="150198272" percent="29" />
      <mem type="loa" free="1517568" total="1517568" percent="100" />
    </mem>
    <remembered-set count="946" />
  </mem-info>
</gc-start>
<allocation-stats totalBytes="133988304" discardedBytes="40496" >
  <allocated-bytes non-tlh="2056" tlh="133986248" />
  <largest-consumer threadName="Default Executor-thread-336" threadId="0000000001890C00" bytes="3886648" />
</allocation-stats>
<gc-op id="2934" type="scavenge" timems="10.680" contextid="2931" timestamp="2025-12-15T06:18:30.685">
  <scavenger-info tenureage="14" tenuremask="4000" tiltratio="89" />
  <memory-copied type="nursery" objects="2888" bytes="122688" bytesdiscarded="78264" />
  <ownableSynchronizers candidates="25510" cleared="25419" />
  <references type="weak" candidates="33" cleared="0" enqueued="0" />
  <object-monitors candidates="166" cleared="0"  />
</gc-op>
<gc-end id="2935" type="scavenge" contextid="2931" durationms="17.830" usertimems="0.742" systemtimems="5.837" stalltimems="26.647" timestamp="2025-12-15T06:18:30.687" activeThreads="6">
  <mem-info id="2936" free="180260416" total="300875776" percent="59">
    <mem type="nursery" free="134016512" total="149159936" percent="89">
      <mem type="allocate" free="134016512" total="134217728" percent="99" />
      <mem type="survivor" free="0" total="14942208" percent="0" />
    </mem>
    <mem type="tenure" free="46243904" total="151715840" percent="30" macro-fragmented="0">
      <mem type="soa" free="44726336" total="150198272" percent="29" />
      <mem type="loa" free="1517568" total="1517568" percent="100" />
    </mem>
    <remembered-set count="504" />
  </mem-info>
</gc-end>
<cycle-end id="2937" type="scavenge" contextid="2931" timestamp="2025-12-15T06:18:30.688" />
<allocation-satisfied id="2938" threadId="00000000018C4D00" bytesRequested="136" />
<af-end id="2939" timestamp="2025-12-15T06:18:30.692" threadId="00000000018C5778" success="true" from="nursery"/>
<exclusive-end id="2940" timestamp="2025-12-15T06:18:30.693" durationms="35.466" />

<exclusive-start id="2941" timestamp="2025-12-15T06:23:30.580" intervalms="299922.314">
  <response-info timems="0.142" idlems="0.142" threads="0" lastid="000000000086B100" lastname="Default Executor-thread-347" />
</exclusive-start>
<af-start id="2942" threadId="000000000086BB78" totalBytesRequested="32" timestamp="2025-12-15T06:23:30.582" intervalms="299921.873" type="nursery" />
<cycle-start id="2943" type="scavenge" contextid="0" timestamp="2025-12-15T06:23:30.583" intervalms="299921.744" />
<gc-start id="2944" type="scavenge" contextid="2943" timestamp="2025-12-15T06:23:30.585">
  <mem-info id="2945" free="46243904" total="300875776" percent="15">
    <mem type="nursery" free="0" total="149159936" percent="0">
      <mem type="allocate" free="0" total="134217728" percent="0" />
      <mem type="survivor" free="0" total="14942208" percent="0" />
    </mem>
    <mem type="tenure" free="46243904" total="151715840" percent="30">
      <mem type="soa" free="44726336" total="150198272" percent="29" />
      <mem type="loa" free="1517568" total="1517568" percent="100" />
    </mem>
    <remembered-set count="562" />
  </mem-info>
</gc-start>
<allocation-stats totalBytes="133970800" discardedBytes="45712" >
  <allocated-bytes non-tlh="136" tlh="133970664" />
  <largest-consumer threadName="Timer-7" threadId="0000000001005000" bytes="3840592" />
</allocation-stats>
<gc-op id="2946" type="scavenge" timems="18.384" contextid="2943" timestamp="2025-12-15T06:23:30.605">
  <scavenger-info tenureage="14" tenuremask="4000" tiltratio="89" />
  <memory-copied type="nursery" objects="2760" bytes="113440" bytesdiscarded="81176" />
  <ownableSynchronizers candidates="25223" cleared="25132" />
  <references type="weak" candidates="33" cleared="0" enqueued="0" />
  <object-monitors candidates="186" cleared="20"  />
</gc-op>
<gc-end id="2947" type="scavenge" contextid="2943" durationms="24.293" usertimems="0.040" systemtimems="13.449" stalltimems="21.452" timestamp="2025-12-15T06:23:30.609" activeThreads="5">
  <mem-info id="2948" free="180266560" total="300875776" percent="59">
    <mem type="nursery" free="134022656" total="149159936" percent="89">
      <mem type="allocate" free="134022656" total="134217728" percent="99" />
      <mem type="survivor" free="0" total="14942208" percent="0" />
    </mem>
    <mem type="tenure" free="46243904" total="151715840" percent="30" macro-fragmented="33282812">
      <mem type="soa" free="44726336" total="150198272" percent="29" />
      <mem type="loa" free="1517568" total="1517568" percent="100" />
    </mem>
    <remembered-set count="505" />
  </mem-info>
</gc-end>
<cycle-end id="2949" type="scavenge" contextid="2943" timestamp="2025-12-15T06:23:30.610" />
<allocation-satisfied id="2950" threadId="000000000086B100" bytesRequested="32" />
<af-end id="2951" timestamp="2025-12-15T06:23:30.611" threadId="000000000086BB78" success="true" from="nursery"/>
<exclusive-end id="2952" timestamp="2025-12-15T06:23:30.611" durationms="31.010" />

<exclusive-start id="2953" timestamp="2025-12-15T06:28:33.633" intervalms="303052.460">
  <response-info timems="0.055" idlems="0.055" threads="0" lastid="000000000194DA00" lastname="Default Executor-thread-349" />
</exclusive-start>
<af-start id="2954" threadId="000000000194E478" totalBytesRequested="24" timestamp="2025-12-15T06:28:33.635" intervalms="303053.034" type="nursery" />
<cycle-start id="2955" type="scavenge" contextid="0" timestamp="2025-12-15T06:28:33.637" intervalms="303053.156" />
<gc-start id="2956" type="scavenge" contextid="2955" timestamp="2025-12-15T06:28:33.640">
  <mem-info id="2957" free="46243904" total="300875776" percent="15">
    <mem type="nursery" free="0" total="149159936" percent="0">
      <mem type="allocate" free="0" total="134217728" percent="0" />
      <mem type="survivor" free="0" total="14942208" percent="0" />
    </mem>
    <mem type="tenure" free="46243904" total="151715840" percent="30">
      <mem type="soa" free="44726336" total="150198272" percent="29" />
      <mem type="loa" free="1517568" total="1517568" percent="100" />
    </mem>
    <remembered-set count="563" />
  </mem-info>
</gc-start>
<allocation-stats totalBytes="133981424" discardedBytes="41232" >
  <allocated-bytes non-tlh="32" tlh="133981392" />
  <largest-consumer threadName="Timer-7" threadId="0000000001005000" bytes="3840592" />
</allocation-stats>
<gc-op id="2958" type="scavenge" timems="8.241" contextid="2955" timestamp="2025-12-15T06:28:33.651">
  <scavenger-info tenureage="14" tenuremask="4000" tiltratio="89" />
  <memory-copied type="nursery" objects="2653" bytes="108800" bytesdiscarded="104440" />
  <ownableSynchronizers candidates="25427" cleared="25336" />
  <references type="weak" candidates="33" cleared="0" enqueued="0" />
  <object-monitors candidates="166" cleared="0"  />
</gc-op>
<gc-end id="2959" type="scavenge" contextid="2955" durationms="12.778" usertimems="2.038" systemtimems="3.877" stalltimems="16.830" timestamp="2025-12-15T06:28:33.653" activeThreads="6">
  <mem-info id="2960" free="180248128" total="300875776" percent="59">
    <mem type="nursery" free="134004224" total="149159936" percent="89">
      <mem type="allocate" free="134004224" total="134217728" percent="99" />
      <mem type="survivor" free="0" total="14942208" percent="0" />
    </mem>
    <mem type="tenure" free="46243904" total="151715840" percent="30" macro-fragmented="33282812">
      <mem type="soa" free="44726336" total="150198272" percent="29" />
      <mem type="loa" free="1517568" total="1517568" percent="100" />
    </mem>
    <remembered-set count="504" />
  </mem-info>
</gc-end>
<cycle-end id="2961" type="scavenge" contextid="2955" timestamp="2025-12-15T06:28:33.654" />
<allocation-satisfied id="2962" threadId="000000000194DA00" bytesRequested="24" />
<af-end id="2963" timestamp="2025-12-15T06:28:33.655" threadId="000000000194E478" success="true" from="nursery"/>
<exclusive-end id="2964" timestamp="2025-12-15T06:28:33.655" durationms="22.367" />

<exclusive-start id="2965" timestamp="2025-12-15T06:33:36.294" intervalms="302661.537">
  <response-info timems="0.055" idlems="0.055" threads="0" lastid="00000000018A4A00" lastname="Default Executor-thread-31" />
</exclusive-start>
<af-start id="2966" threadId="00000000018A5478" totalBytesRequested="296" timestamp="2025-12-15T06:33:36.295" intervalms="302660.344" type="nursery" />
<cycle-start id="2967" type="scavenge" contextid="0" timestamp="2025-12-15T06:33:36.296" intervalms="302659.675" />
<gc-start id="2968" type="scavenge" contextid="2967" timestamp="2025-12-15T06:33:36.297">
  <mem-info id="2969" free="46243904" total="300875776" percent="15">
    <mem type="nursery" free="0" total="149159936" percent="0">
      <mem type="allocate" free="0" total="134217728" percent="0" />
      <mem type="survivor" free="0" total="14942208" percent="0" />
    </mem>
    <mem type="tenure" free="46243904" total="151715840" percent="30">
      <mem type="soa" free="44726336" total="150198272" percent="29" />
      <mem type="loa" free="1517568" total="1517568" percent="100" />
    </mem>
    <remembered-set count="561" />
  </mem-info>
</gc-start>
<allocation-stats totalBytes="133969016" discardedBytes="35208" >
  <allocated-bytes non-tlh="24" tlh="133968992" />
  <largest-consumer threadName="Timer-7" threadId="0000000001005000" bytes="3840592" />
</allocation-stats>
<gc-op id="2970" type="scavenge" timems="9.983" contextid="2967" timestamp="2025-12-15T06:33:36.309">
  <scavenger-info tenureage="14" tenuremask="4000" tiltratio="89" />
  <memory-copied type="nursery" objects="2743" bytes="112968" bytesdiscarded="114864" />
  <ownableSynchronizers candidates="25421" cleared="25330" />
  <references type="weak" candidates="33" cleared="0" enqueued="0" />
  <object-monitors candidates="166" cleared="0"  />
</gc-op>
<gc-end id="2971" type="scavenge" contextid="2967" durationms="13.060" usertimems="0.234" systemtimems="4.909" stalltimems="3.185" timestamp="2025-12-15T06:33:36.310" activeThreads="6">
  <mem-info id="2972" free="180233536" total="300875776" percent="59">
    <mem type="nursery" free="133989632" total="149159936" percent="89">
      <mem type="allocate" free="133989632" total="134217728" percent="99" />
      <mem type="survivor" free="0" total="14942208" percent="0" />
    </mem>
    <mem type="tenure" free="46243904" total="151715840" percent="30" macro-fragmented="39939376">
      <mem type="soa" free="44726336" total="150198272" percent="29" />
      <mem type="loa" free="1517568" total="1517568" percent="100" />
    </mem>
    <remembered-set count="503" />
  </mem-info>
</gc-end>
<cycle-end id="2973" type="scavenge" contextid="2967" timestamp="2025-12-15T06:33:36.311" />
<allocation-satisfied id="2974" threadId="00000000018A4A00" bytesRequested="296" />
<af-end id="2975" timestamp="2025-12-15T06:33:36.312" threadId="00000000018A5478" success="true" from="nursery"/>
<exclusive-end id="2976" timestamp="2025-12-15T06:33:36.313" durationms="18.281" />

<exclusive-start id="2977" timestamp="2025-12-15T06:38:37.632" intervalms="301337.464">
  <response-info timems="0.062" idlems="0.062" threads="0" lastid="00000000005F3B00" lastname="Default Executor-thread-318" />
</exclusive-start>
<af-start id="2978" threadId="00000000005F4578" totalBytesRequested="144" timestamp="2025-12-15T06:38:37.633" intervalms="301337.641" type="nursery" />
<cycle-start id="2979" type="scavenge" contextid="0" timestamp="2025-12-15T06:38:37.635" intervalms="301338.772" />
<gc-start id="2980" type="scavenge" contextid="2979" timestamp="2025-12-15T06:38:37.637">
  <mem-info id="2981" free="46243312" total="300875776" percent="15">
    <mem type="nursery" free="0" total="149159936" percent="0">
      <mem type="allocate" free="0" total="134217728" percent="0" />
      <mem type="survivor" free="0" total="14942208" percent="0" />
    </mem>
    <mem type="tenure" free="46243312" total="151715840" percent="30">
      <mem type="soa" free="44725744" total="150198272" percent="29" />
      <mem type="loa" free="1517568" total="1517568" percent="100" />
    </mem>
    <remembered-set count="590" />
  </mem-info>
</gc-start>
<allocation-stats totalBytes="133942704" discardedBytes="47520" >
  <allocated-bytes non-tlh="888" tlh="133941816" />
  <largest-consumer threadName="Timer-7" threadId="0000000001005000" bytes="3840592" />
</allocation-stats>
<gc-op id="2982" type="scavenge" timems="12.535" contextid="2979" timestamp="2025-12-15T06:38:37.652">
  <scavenger-info tenureage="12" tenuremask="5000" tiltratio="89" />
  <memory-copied type="nursery" objects="2865" bytes="118336" bytesdiscarded="173080" />
  <memory-copied type="tenure" objects="2" bytes="1040" bytesdiscarded="0" />
  <ownableSynchronizers candidates="25319" cleared="25228" />
  <references type="weak" candidates="37" cleared="0" enqueued="0" />
  <references type="phantom" candidates="1" cleared="0" enqueued="0" />
  <object-monitors candidates="186" cleared="20"  />
</gc-op>
<gc-end id="2983" type="scavenge" contextid="2979" durationms="17.252" usertimems="2.973" systemtimems="5.779" stalltimems="25.823" timestamp="2025-12-15T06:38:37.654" activeThreads="8">
  <mem-info id="2984" free="180164160" total="300875776" percent="59">
    <mem type="nursery" free="133925888" total="149159936" percent="89">
      <mem type="allocate" free="133925888" total="134217728" percent="99" />
      <mem type="survivor" free="0" total="14942208" percent="0" />
    </mem>
    <mem type="tenure" free="46238272" total="151715840" percent="30" macro-fragmented="23113062">
      <mem type="soa" free="44720704" total="150198272" percent="29" />
      <mem type="loa" free="1517568" total="1517568" percent="100" />
    </mem>
    <remembered-set count="518" />
  </mem-info>
</gc-end>
<cycle-end id="2985" type="scavenge" contextid="2979" timestamp="2025-12-15T06:38:37.655" />
<allocation-satisfied id="2986" threadId="00000000005F3B00" bytesRequested="144" />
<af-end id="2987" timestamp="2025-12-15T06:38:37.657" threadId="00000000005F4578" success="true" from="nursery"/>
<exclusive-end id="2988" timestamp="2025-12-15T06:38:37.658" durationms="26.120" />

<exclusive-start id="2989" timestamp="2025-12-15T06:43:40.018" intervalms="302386.269">
  <response-info timems="0.084" idlems="0.084" threads="0" lastid="000000000187EE00" lastname="Default Executor-thread-343" />
</exclusive-start>
<af-start id="2990" threadId="000000000187F878" totalBytesRequested="184" timestamp="2025-12-15T06:43:40.021" intervalms="302387.686" type="nursery" />
<cycle-start id="2991" type="scavenge" contextid="0" timestamp="2025-12-15T06:43:40.023" intervalms="302388.301" />
<gc-start id="2992" type="scavenge" contextid="2991" timestamp="2025-12-15T06:43:40.028">
  <mem-info id="2993" free="46238272" total="300875776" percent="15">
    <mem type="nursery" free="0" total="149159936" percent="0">
      <mem type="allocate" free="0" total="134217728" percent="0" />
      <mem type="survivor" free="0" total="14942208" percent="0" />
    </mem>
    <mem type="tenure" free="46238272" total="151715840" percent="30">
      <mem type="soa" free="44720704" total="150198272" percent="29" />
      <mem type="loa" free="1517568" total="1517568" percent="100" />
    </mem>
    <remembered-set count="575" />
  </mem-info>
</gc-start>
<allocation-stats totalBytes="133889488" discardedBytes="36400" >
  <allocated-bytes non-tlh="144" tlh="133889344" />
  <largest-consumer threadName="Default Executor-thread-332" threadId="0000000001990200" bytes="3979952" />
</allocation-stats>
<gc-op id="2994" type="scavenge" timems="52.518" contextid="2991" timestamp="2025-12-15T06:43:40.085">
  <scavenger-info tenureage="14" tenuremask="4000" tiltratio="89" />
  <memory-copied type="nursery" objects="2693" bytes="110408" bytesdiscarded="199584" />
  <ownableSynchronizers candidates="25383" cleared="25292" />
  <references type="weak" candidates="37" cleared="0" enqueued="0" />
  <references type="phantom" candidates="1" cleared="0" enqueued="0" />
  <object-monitors candidates="166" cleared="0"  />
</gc-op>
<gc-end id="2995" type="scavenge" contextid="2991" durationms="62.473" usertimems="6.360" systemtimems="17.504" stalltimems="131.059" timestamp="2025-12-15T06:43:40.090" activeThreads="9">
  <mem-info id="2996" free="180145728" total="300875776" percent="59">
    <mem type="nursery" free="133907456" total="149159936" percent="89">
      <mem type="allocate" free="133907456" total="134217728" percent="99" />
      <mem type="survivor" free="0" total="14942208" percent="0" />
    </mem>
    <mem type="tenure" free="46238272" total="151715840" percent="30" macro-fragmented="16050736">
      <mem type="soa" free="44720704" total="150198272" percent="29" />
      <mem type="loa" free="1517568" total="1517568" percent="100" />
    </mem>
    <remembered-set count="512" />
  </mem-info>
</gc-end>
<cycle-end id="2997" type="scavenge" contextid="2991" timestamp="2025-12-15T06:43:40.092" />
<allocation-satisfied id="2998" threadId="000000000187EE00" bytesRequested="184" />
<af-end id="2999" timestamp="2025-12-15T06:43:40.093" threadId="000000000187F878" success="true" from="nursery"/>
<exclusive-end id="3000" timestamp="2025-12-15T06:43:40.094" durationms="75.893" />

<exclusive-start id="3001" timestamp="2025-12-15T06:48:40.743" intervalms="300724.990">
  <response-info timems="0.057" idlems="0.057" threads="0" lastid="0000000000434D00" lastname="Default Executor-thread-98" />
</exclusive-start>
<af-start id="3002" threadId="0000000000435778" totalBytesRequested="24" timestamp="2025-12-15T06:48:40.745" intervalms="300724.093" type="nursery" />
<cycle-start id="3003" type="scavenge" contextid="0" timestamp="2025-12-15T06:48:40.746" intervalms="300722.800" />
<gc-start id="3004" type="scavenge" contextid="3003" timestamp="2025-12-15T06:48:40.749">
  <mem-info id="3005" free="46238272" total="300875776" percent="15">
    <mem type="nursery" free="0" total="149159936" percent="0">
      <mem type="allocate" free="0" total="134217728" percent="0" />
      <mem type="survivor" free="0" total="14942208" percent="0" />
    </mem>
    <mem type="tenure" free="46238272" total="151715840" percent="30">
      <mem type="soa" free="44720704" total="150198272" percent="29" />
      <mem type="loa" free="1517568" total="1517568" percent="100" />
    </mem>
    <remembered-set count="571" />
  </mem-info>
</gc-start>
<allocation-stats totalBytes="133872000" discardedBytes="35456" >
  <allocated-bytes non-tlh="184" tlh="133871816" />
  <largest-consumer threadName="Default Executor-thread-332" threadId="0000000001990200" bytes="3992608" />
</allocation-stats>
<gc-op id="3006" type="scavenge" timems="16.443" contextid="3003" timestamp="2025-12-15T06:48:40.769">
  <scavenger-info tenureage="14" tenuremask="4000" tiltratio="89" />
  <memory-copied type="nursery" objects="2645" bytes="107664" bytesdiscarded="253784" />
  <ownableSynchronizers candidates="25253" cleared="25162" />
  <references type="weak" candidates="37" cleared="0" enqueued="0" />
  <references type="phantom" candidates="1" cleared="0" enqueued="0" />
  <object-monitors candidates="166" cleared="0"  />
</gc-op>
<gc-end id="3007" type="scavenge" contextid="3003" durationms="21.298" usertimems="6.895" systemtimems="13.823" stalltimems="77.531" timestamp="2025-12-15T06:48:40.770" activeThreads="11">
  <mem-info id="3008" free="180094272" total="300875776" percent="59">
    <mem type="nursery" free="133856000" total="149159936" percent="89">
      <mem type="allocate" free="133856000" total="134217728" percent="99" />
      <mem type="survivor" free="0" total="14942208" percent="0" />
    </mem>
    <mem type="tenure" free="46238272" total="151715840" percent="30" macro-fragmented="33282812">
      <mem type="soa" free="44720704" total="150198272" percent="29" />
      <mem type="loa" free="1517568" total="1517568" percent="100" />
    </mem>
    <remembered-set count="504" />
  </mem-info>
</gc-end>
<cycle-end id="3009" type="scavenge" contextid="3003" timestamp="2025-12-15T06:48:40.771" />
<allocation-satisfied id="3010" threadId="0000000000434D00" bytesRequested="24" />
<af-end id="3011" timestamp="2025-12-15T06:48:40.773" threadId="0000000000435778" success="true" from="nursery"/>
<exclusive-end id="3012" timestamp="2025-12-15T06:48:40.774" durationms="30.527" />

<exclusive-start id="3013" timestamp="2025-12-15T06:53:42.770" intervalms="302026.668">
  <response-info timems="0.083" idlems="0.083" threads="0" lastid="000000000184E900" lastname="Default Executor-thread-381" />
</exclusive-start>
<af-start id="3014" threadId="000000000184F378" totalBytesRequested="152" timestamp="2025-12-15T06:53:42.771" intervalms="302026.078" type="nursery" />
<cycle-start id="3015" type="scavenge" contextid="0" timestamp="2025-12-15T06:53:42.772" intervalms="302025.778" />
<gc-start id="3016" type="scavenge" contextid="3015" timestamp="2025-12-15T06:53:42.773">
  <mem-info id="3017" free="46238272" total="300875776" percent="15">
    <mem type="nursery" free="0" total="149159936" percent="0">
      <mem type="allocate" free="0" total="134217728" percent="0" />
      <mem type="survivor" free="0" total="14942208" percent="0" />
    </mem>
    <mem type="tenure" free="46238272" total="151715840" percent="30">
      <mem type="soa" free="44720704" total="150198272" percent="29" />
      <mem type="loa" free="1517568" total="1517568" percent="100" />
    </mem>
    <remembered-set count="562" />
  </mem-info>
</gc-start>
<allocation-stats totalBytes="133820008" discardedBytes="35992" >
  <allocated-bytes non-tlh="24" tlh="133819984" />
  <largest-consumer threadName="Timer-7" threadId="0000000001005000" bytes="3840592" />
</allocation-stats>
<gc-op id="3018" type="scavenge" timems="20.569" contextid="3015" timestamp="2025-12-15T06:53:42.798">
  <scavenger-info tenureage="14" tenuremask="4000" tiltratio="89" />
  <memory-copied type="nursery" objects="2676" bytes="108488" bytesdiscarded="209960" />
  <memory-copied type="tenure" objects="14" bytes="784" bytesdiscarded="0" />
  <ownableSynchronizers candidates="25375" cleared="25284" />
  <references type="weak" candidates="36" cleared="0" enqueued="0" />
  <references type="phantom" candidates="1" cleared="0" enqueued="0" />
  <object-monitors candidates="166" cleared="0"  />
</gc-op>
<gc-end id="3019" type="scavenge" contextid="3015" durationms="32.404" usertimems="13.453" systemtimems="9.060" stalltimems="85.081" timestamp="2025-12-15T06:53:42.805" activeThreads="10">
  <mem-info id="3020" free="180089664" total="300875776" percent="59">
    <mem type="nursery" free="133899008" total="149159936" percent="89">
      <mem type="allocate" free="133899008" total="134217728" percent="99" />
      <mem type="survivor" free="0" total="14942208" percent="0" />
    </mem>
    <mem type="tenure" free="46190656" total="151715840" percent="30" macro-fragmented="27735676">
      <mem type="soa" free="44673088" total="150198272" percent="29" />
      <mem type="loa" free="1517568" total="1517568" percent="100" />
    </mem>
    <remembered-set count="509" />
  </mem-info>
</gc-end>
<cycle-end id="3021" type="scavenge" contextid="3015" timestamp="2025-12-15T06:53:42.811" />
<allocation-satisfied id="3022" threadId="000000000184E900" bytesRequested="152" />
<af-end id="3023" timestamp="2025-12-15T06:53:42.813" threadId="000000000184F378" success="true" from="nursery"/>
<exclusive-end id="3024" timestamp="2025-12-15T06:53:42.814" durationms="44.011" />

<exclusive-start id="3025" timestamp="2025-12-15T06:58:43.291" intervalms="300521.629">
  <response-info timems="0.100" idlems="0.100" threads="0" lastid="00000000018C1D00" lastname="Default Executor-thread-415" />
</exclusive-start>
<af-start id="3026" threadId="00000000018C2778" totalBytesRequested="72" timestamp="2025-12-15T06:58:43.293" intervalms="300522.269" type="nursery" />
<cycle-start id="3027" type="scavenge" contextid="0" timestamp="2025-12-15T06:58:43.295" intervalms="300523.233" />
<gc-start id="3028" type="scavenge" contextid="3027" timestamp="2025-12-15T06:58:43.298">
  <mem-info id="3029" free="46190656" total="300875776" percent="15">
    <mem type="nursery" free="0" total="149159936" percent="0">
      <mem type="allocate" free="0" total="134217728" percent="0" />
      <mem type="survivor" free="0" total="14942208" percent="0" />
    </mem>
    <mem type="tenure" free="46190656" total="151715840" percent="30">
      <mem type="soa" free="44673088" total="150198272" percent="29" />
      <mem type="loa" free="1517568" total="1517568" percent="100" />
    </mem>
    <remembered-set count="571" />
  </mem-info>
</gc-start>
<allocation-stats totalBytes="133851632" discardedBytes="47376" >
  <allocated-bytes non-tlh="152" tlh="133851480" />
  <largest-consumer threadName="Default Executor-thread-361" threadId="0000000000799F00" bytes="3869984" />
</allocation-stats>
<gc-op id="3030" type="scavenge" timems="19.236" contextid="3027" timestamp="2025-12-15T06:58:43.321">
  <scavenger-info tenureage="13" tenuremask="6000" tiltratio="89" />
  <memory-copied type="nursery" objects="2634" bytes="105336" bytesdiscarded="51680" />
  <memory-copied type="tenure" objects="42" bytes="2352" bytesdiscarded="0" />
  <ownableSynchronizers candidates="25241" cleared="25151" />
  <references type="weak" candidates="33" cleared="0" enqueued="0" />
  <references type="phantom" candidates="1" cleared="0" enqueued="0" />
  <object-monitors candidates="186" cleared="20"  />
</gc-op>
<gc-end id="3031" type="scavenge" contextid="3027" durationms="24.539" usertimems="3.839" systemtimems="7.749" stalltimems="30.951" timestamp="2025-12-15T06:58:43.322" activeThreads="9">
  <mem-info id="3032" free="180203328" total="300875776" percent="59">
    <mem type="nursery" free="134060288" total="149159936" percent="89">
      <mem type="allocate" free="134060288" total="134217728" percent="99" />
      <mem type="survivor" free="0" total="14942208" percent="0" />
    </mem>
    <mem type="tenure" free="46143040" total="151715840" percent="30" macro-fragmented="27735676">
      <mem type="soa" free="44625472" total="150198272" percent="29" />
      <mem type="loa" free="1517568" total="1517568" percent="100" />
    </mem>
    <remembered-set count="524" />
  </mem-info>
</gc-end>
<cycle-end id="3033" type="scavenge" contextid="3027" timestamp="2025-12-15T06:58:43.323" />
<allocation-satisfied id="3034" threadId="00000000018C1D00" bytesRequested="72" />
<af-end id="3035" timestamp="2025-12-15T06:58:43.326" threadId="00000000018C2778" success="true" from="nursery"/>
<exclusive-end id="3036" timestamp="2025-12-15T06:58:43.327" durationms="35.701" />

<exclusive-start id="3037" timestamp="2025-12-15T07:03:44.090" intervalms="300798.305">
  <response-info timems="0.085" idlems="0.085" threads="0" lastid="0000000001A1E200" lastname="Default Executor-thread-428" />
</exclusive-start>
<af-start id="3038" threadId="0000000001A1EC78" totalBytesRequested="24" timestamp="2025-12-15T07:03:44.091" intervalms="300798.242" type="nursery" />
<cycle-start id="3039" type="scavenge" contextid="0" timestamp="2025-12-15T07:03:44.093" intervalms="300797.833" />
<gc-start id="3040" type="scavenge" contextid="3039" timestamp="2025-12-15T07:03:44.094">
  <mem-info id="3041" free="46143040" total="300875776" percent="15">
    <mem type="nursery" free="0" total="149159936" percent="0">
      <mem type="allocate" free="0" total="134217728" percent="0" />
      <mem type="survivor" free="0" total="14942208" percent="0" />
    </mem>
    <mem type="tenure" free="46143040" total="151715840" percent="30">
      <mem type="soa" free="44625472" total="150198272" percent="29" />
      <mem type="loa" free="1517568" total="1517568" percent="100" />
    </mem>
    <remembered-set count="582" />
  </mem-info>
</gc-start>
<allocation-stats totalBytes="134002072" discardedBytes="58216" >
  <allocated-bytes non-tlh="72" tlh="134002000" />
  <largest-consumer threadName="Timer-7" threadId="0000000001005000" bytes="3840592" />
</allocation-stats>
<gc-op id="3042" type="scavenge" timems="13.200" contextid="3039" timestamp="2025-12-15T07:03:44.109">
  <scavenger-info tenureage="14" tenuremask="4000" tiltratio="89" />
  <memory-copied type="nursery" objects="2631" bytes="106648" bytesdiscarded="236096" />
  <ownableSynchronizers candidates="25290" cleared="25200" />
  <references type="weak" candidates="36" cleared="0" enqueued="0" />
  <references type="phantom" candidates="1" cleared="0" enqueued="0" />
  <object-monitors candidates="206" cleared="37"  />
</gc-op>
<heap-resize id="3043" type="contract" space="nursery" amount="1572864" count="1" timems="0.302" reason="insufficient time being spent scavenging" timestamp="2025-12-15T07:03:44.110" />
<gc-end id="3044" type="scavenge" contextid="3039" durationms="18.394" usertimems="3.297" systemtimems="6.704" stalltimems="28.902" timestamp="2025-12-15T07:03:44.113" activeThreads="10">
  <mem-info id="3045" free="178575680" total="299302912" percent="59">
    <mem type="nursery" free="132432640" total="147587072" percent="89">
      <mem type="allocate" free="132432640" total="132775936" percent="99" />
      <mem type="survivor" free="0" total="14811136" percent="0" />
    </mem>
    <mem type="tenure" free="46143040" total="151715840" percent="30" macro-fragmented="39939376">
      <mem type="soa" free="44625472" total="150198272" percent="29" />
      <mem type="loa" free="1517568" total="1517568" percent="100" />
    </mem>
    <remembered-set count="525" />
  </mem-info>
</gc-end>
<cycle-end id="3046" type="scavenge" contextid="3039" timestamp="2025-12-15T07:03:44.114" />
<allocation-satisfied id="3047" threadId="0000000001A1E200" bytesRequested="24" />
<af-end id="3048" timestamp="2025-12-15T07:03:44.117" threadId="0000000001A1EC78" success="true" from="nursery"/>
<exclusive-end id="3049" timestamp="2025-12-15T07:03:44.118" durationms="28.736" />

<exclusive-start id="3050" timestamp="2025-12-15T07:08:15.648" intervalms="271557.923">
  <response-info timems="0.105" idlems="0.105" threads="0" lastid="00000000001D0800" lastname="VM Runtime State Listener" />
</exclusive-start>
<sys-start reason="vm idle" id="3051" timestamp="2025-12-15T07:08:15.649" intervalms="3893789.431" />
<cycle-start id="3052" type="global" contextid="0" timestamp="2025-12-15T07:08:15.650" intervalms="3893789.004" />
<gc-start id="3053" type="global" contextid="3052" timestamp="2025-12-15T07:08:15.651">
  <mem-info id="3054" free="57477440" total="299302912" percent="19">
    <mem type="nursery" free="11334400" total="147587072" percent="7">
      <mem type="allocate" free="11334400" total="132775936" percent="8" />
      <mem type="survivor" free="0" total="14811136" percent="0" />
    </mem>
    <mem type="tenure" free="46143040" total="151715840" percent="30">
      <mem type="soa" free="44625472" total="150198272" percent="29" />
      <mem type="loa" free="1517568" total="1517568" percent="100" />
    </mem>
    <remembered-set count="583" />
  </mem-info>
</gc-start>
<allocation-stats totalBytes="121047296" discardedBytes="50944" >
  <allocated-bytes non-tlh="24" tlh="121047272" />
  <largest-consumer threadName="Timer-7" threadId="0000000001005000" bytes="3426928" />
</allocation-stats>
<gc-op id="3055" type="mark" timems="53.820" contextid="3052" timestamp="2025-12-15T07:08:15.706">
  <trace-info objectcount="2080999" scancount="1797342" scanbytes="67790244" />
  <finalization candidates="901" enqueued="0" />
  <ownableSynchronizers candidates="32307" cleared="22778" />
  <references type="soft" candidates="10600" cleared="3170" enqueued="3026" dynamicThreshold="9" maxThreshold="32" />
  <references type="weak" candidates="16520" cleared="24" enqueued="1" />
  <references type="phantom" candidates="1342" cleared="0" enqueued="0" />
  <stringconstants candidates="49444" cleared="402"  />
  <object-monitors candidates="209" cleared="44"  />
</gc-op>
<gc-op id="3056" type="classunload" timems="4.757" contextid="3052" timestamp="2025-12-15T07:08:15.711">
  <classunload-info classloadercandidates="522" classloadersunloaded="26" classesunloaded="32" anonymousclassesunloaded="6" quiescems="0.000" setupms="3.577" scanms="1.031" postms="0.148" />
</gc-op>
<gc-op id="3057" type="sweep" timems="3.059" contextid="3052" timestamp="2025-12-15T07:08:15.715" />
<gc-end id="3058" type="global" contextid="3052" durationms="69.521" usertimems="490.786" systemtimems="104.252" stalltimems="410.018" timestamp="2025-12-15T07:08:15.720" activeThreads="20">
  <mem-info id="3059" free="178901248" total="299302912" percent="59">
    <mem type="nursery" free="132447616" total="147587072" percent="89">
      <mem type="allocate" free="132447616" total="132775936" percent="99" />
      <mem type="survivor" free="0" total="14811136" percent="0" />
    </mem>
    <mem type="tenure" free="46453632" total="151715840" percent="30" micro-fragmented="275552" macro-fragmented="33282812">
      <mem type="soa" free="44936064" total="150198272" percent="29" />
      <mem type="loa" free="1517568" total="1517568" percent="100" />
    </mem>
    <pending-finalizers system="0" default="0" reference="3027" classloader="0" />
    <remembered-set count="563" />
  </mem-info>
</gc-end>
<cycle-end id="3060" type="global" contextid="3052" timestamp="2025-12-15T07:08:15.721" />
<heap-fixup timems="4.708" reason="class unloading"  timestamp="2025-12-15T07:08:15.721" />
<sys-end id="3061" timestamp="2025-12-15T07:08:15.722" />
<exclusive-end id="3062" timestamp="2025-12-15T07:08:15.723" durationms="75.029" />

<heap-resize id="3063" type="release free pages" space="tenure" amount="46272512" count="1" timems="2.775" reason="idle" timestamp="2025-12-15T07:08:15.726" />
<exclusive-start id="3064" timestamp="2025-12-15T07:13:12.180" intervalms="296532.161">
  <response-info timems="0.091" idlems="0.091" threads="0" lastid="000000000181B500" lastname="Default Executor-thread-517" />
</exclusive-start>
<af-start id="3065" threadId="000000000181BF78" totalBytesRequested="1032" timestamp="2025-12-15T07:13:12.185" intervalms="568093.312" type="nursery" />
<cycle-start id="3066" type="scavenge" contextid="0" timestamp="2025-12-15T07:13:12.190" intervalms="568097.101" />
<gc-start id="3067" type="scavenge" contextid="3066" timestamp="2025-12-15T07:13:12.196">
  <mem-info id="3068" free="46453632" total="299302912" percent="15">
    <mem type="nursery" free="0" total="147587072" percent="0">
      <mem type="allocate" free="0" total="132775936" percent="0" />
      <mem type="survivor" free="0" total="14811136" percent="0" />
    </mem>
    <mem type="tenure" free="46453632" total="151715840" percent="30">
      <mem type="soa" free="44936064" total="150198272" percent="29" />
      <mem type="loa" free="1517568" total="1517568" percent="100" />
    </mem>
    <remembered-set count="4682" />
  </mem-info>
</gc-start>
<allocation-stats totalBytes="132386592" discardedBytes="61024" >
  <allocated-bytes non-tlh="0" tlh="132386592" />
  <largest-consumer threadName="Scheduled Executor-thread-1" threadId="00000000007E7700" bytes="3730984" />
</allocation-stats>
<gc-op id="3069" type="scavenge" timems="17.834" contextid="3066" timestamp="2025-12-15T07:13:12.226">
  <scavenger-info tenureage="14" tenuremask="4000" tiltratio="89" />
  <memory-copied type="nursery" objects="2708" bytes="109464" bytesdiscarded="305408" />
  <ownableSynchronizers candidates="43777" cleared="43686" />
  <references type="weak" candidates="37" cleared="0" enqueued="0" />
  <references type="phantom" candidates="1" cleared="0" enqueued="0" />
  <object-monitors candidates="185" cleared="20"  />
</gc-op>
<gc-end id="3070" type="scavenge" contextid="3066" durationms="35.326" usertimems="23.276" systemtimems="1.710" stalltimems="105.495" timestamp="2025-12-15T07:13:12.232" activeThreads="12">
  <mem-info id="3071" free="178814080" total="299302912" percent="59">
    <mem type="nursery" free="132360448" total="147587072" percent="89">
      <mem type="allocate" free="132360448" total="132775936" percent="99" />
      <mem type="survivor" free="0" total="14811136" percent="0" />
    </mem>
    <mem type="tenure" free="46453632" total="151715840" percent="30" macro-fragmented="27735676">
      <mem type="soa" free="44936064" total="150198272" percent="29" />
      <mem type="loa" free="1517568" total="1517568" percent="100" />
    </mem>
    <remembered-set count="3531" />
  </mem-info>
</gc-end>
<cycle-end id="3072" type="scavenge" contextid="3066" timestamp="2025-12-15T07:13:12.239" />
<allocation-satisfied id="3073" threadId="000000000181B500" bytesRequested="1032" />
<af-end id="3074" timestamp="2025-12-15T07:13:12.244" threadId="000000000181BF78" success="true" from="nursery"/>
<exclusive-end id="3075" timestamp="2025-12-15T07:13:12.245" durationms="65.697" />

<exclusive-start id="3076" timestamp="2025-12-15T07:18:11.050" intervalms="298870.459">
  <response-info timems="0.123" idlems="0.123" threads="0" lastid="0000000001845F00" lastname="Default Executor-thread-508" />
</exclusive-start>
<af-start id="3077" threadId="0000000001846978" totalBytesRequested="176" timestamp="2025-12-15T07:18:11.053" intervalms="298868.093" type="nursery" />
<cycle-start id="3078" type="scavenge" contextid="0" timestamp="2025-12-15T07:18:11.055" intervalms="298865.325" />
<gc-start id="3079" type="scavenge" contextid="3078" timestamp="2025-12-15T07:18:11.063">
  <mem-info id="3080" free="46453632" total="299302912" percent="15">
    <mem type="nursery" free="0" total="147587072" percent="0">
      <mem type="allocate" free="0" total="132775936" percent="0" />
      <mem type="survivor" free="0" total="14811136" percent="0" />
    </mem>
    <mem type="tenure" free="46453632" total="151715840" percent="30">
      <mem type="soa" free="44936064" total="150198272" percent="29" />
      <mem type="loa" free="1517568" total="1517568" percent="100" />
    </mem>
    <remembered-set count="3590" />
  </mem-info>
</gc-start>
<allocation-stats totalBytes="132319456" discardedBytes="40992" >
  <allocated-bytes non-tlh="1032" tlh="132318424" />
  <largest-consumer threadName="Timer-7" threadId="0000000001005000" bytes="3736064" />
</allocation-stats>
<gc-op id="3081" type="scavenge" timems="20.624" contextid="3078" timestamp="2025-12-15T07:18:11.098">
  <scavenger-info tenureage="14" tenuremask="4000" tiltratio="89" />
  <memory-copied type="nursery" objects="2662" bytes="108584" bytesdiscarded="227024" />
  <memory-copied type="tenure" objects="14" bytes="784" bytesdiscarded="0" />
  <ownableSynchronizers candidates="25091" cleared="25000" />
  <references type="weak" candidates="36" cleared="0" enqueued="0" />
  <references type="phantom" candidates="1" cleared="0" enqueued="0" />
  <object-monitors candidates="165" cleared="0"  />
</gc-op>
<gc-end id="3082" type="scavenge" contextid="3078" durationms="40.865" usertimems="3.318" systemtimems="15.820" stalltimems="76.753" timestamp="2025-12-15T07:18:11.104" activeThreads="10">
  <mem-info id="3083" free="178877648" total="299302912" percent="59">
    <mem type="nursery" free="132440056" total="147587072" percent="89">
      <mem type="allocate" free="132440056" total="132775936" percent="99" />
      <mem type="survivor" free="0" total="14811136" percent="0" />
    </mem>
    <mem type="tenure" free="46437592" total="151715840" percent="30" macro-fragmented="33282812">
      <mem type="soa" free="44920024" total="150198272" percent="29" />
      <mem type="loa" free="1517568" total="1517568" percent="100" />
    </mem>
    <remembered-set count="3536" />
  </mem-info>
</gc-end>
<cycle-end id="3084" type="scavenge" contextid="3078" timestamp="2025-12-15T07:18:11.110" />
<allocation-satisfied id="3085" threadId="0000000001845F00" bytesRequested="176" />
<af-end id="3086" timestamp="2025-12-15T07:18:11.118" threadId="0000000001846978" success="true" from="nursery"/>
<exclusive-end id="3087" timestamp="2025-12-15T07:18:11.125" durationms="74.776" />

<exclusive-start id="3088" timestamp="2025-12-15T07:23:06.842" intervalms="295792.053">
  <response-info timems="0.077" idlems="0.077" threads="0" lastid="000000000195F800" lastname="Default Executor-thread-500" />
</exclusive-start>
<af-start id="3089" threadId="0000000001960278" totalBytesRequested="136" timestamp="2025-12-15T07:23:06.846" intervalms="295793.039" type="nursery" />
<cycle-start id="3090" type="scavenge" contextid="0" timestamp="2025-12-15T07:23:06.853" intervalms="295797.764" />
<gc-start id="3091" type="scavenge" contextid="3090" timestamp="2025-12-15T07:23:06.859">
  <mem-info id="3092" free="46437592" total="299302912" percent="15">
    <mem type="nursery" free="0" total="147587072" percent="0">
      <mem type="allocate" free="0" total="132775936" percent="0" />
      <mem type="survivor" free="0" total="14811136" percent="0" />
    </mem>
    <mem type="tenure" free="46437592" total="151715840" percent="30">
      <mem type="soa" free="44920024" total="150198272" percent="29" />
      <mem type="loa" free="1517568" total="1517568" percent="100" />
    </mem>
    <remembered-set count="3594" />
  </mem-info>
</gc-start>
<allocation-stats totalBytes="132391408" discardedBytes="48648" >
  <allocated-bytes non-tlh="176" tlh="132391232" />
  <largest-consumer threadName="Timer-7" threadId="0000000001005000" bytes="3795216" />
</allocation-stats>
<gc-op id="3093" type="scavenge" timems="48.808" contextid="3090" timestamp="2025-12-15T07:23:06.918">
  <scavenger-info tenureage="14" tenuremask="4000" tiltratio="89" />
  <memory-copied type="nursery" objects="2867" bytes="119288" bytesdiscarded="178152" />
  <ownableSynchronizers candidates="24855" cleared="24763" />
  <references type="weak" candidates="38" cleared="0" enqueued="0" />
  <references type="phantom" candidates="1" cleared="0" enqueued="0" />
  <object-monitors candidates="185" cleared="18"  />
</gc-op>
<gc-end id="3094" type="scavenge" contextid="3090" durationms="64.680" usertimems="1.854" systemtimems="17.264" stalltimems="103.358" timestamp="2025-12-15T07:23:06.924" activeThreads="9">
  <mem-info id="3095" free="178915544" total="299302912" percent="59">
    <mem type="nursery" free="132477952" total="147587072" percent="89">
      <mem type="allocate" free="132477952" total="132775936" percent="99" />
      <mem type="survivor" free="0" total="14811136" percent="0" />
    </mem>
    <mem type="tenure" free="46437592" total="151715840" percent="30" macro-fragmented="23113062">
      <mem type="soa" free="44920024" total="150198272" percent="29" />
      <mem type="loa" free="1517568" total="1517568" percent="100" />
    </mem>
    <remembered-set count="507" />
  </mem-info>
</gc-end>
<cycle-end id="3096" type="scavenge" contextid="3090" timestamp="2025-12-15T07:23:06.931" />
<allocation-satisfied id="3097" threadId="000000000195F800" bytesRequested="136" />
<af-end id="3098" timestamp="2025-12-15T07:23:06.941" threadId="0000000001960278" success="true" from="nursery"/>
<exclusive-end id="3099" timestamp="2025-12-15T07:23:06.947" durationms="104.825" />

<exclusive-start id="3100" timestamp="2025-12-15T07:23:59.666" intervalms="52823.954">
  <response-info timems="0.101" idlems="0.101" threads="0" lastid="00000000001D0800" lastname="VM Runtime State Listener" />
</exclusive-start>
<sys-start reason="vm idle" id="3101" timestamp="2025-12-15T07:23:59.669" intervalms="944020.820" />
<cycle-start id="3102" type="global" contextid="0" timestamp="2025-12-15T07:23:59.672" intervalms="944021.958" />
<gc-start id="3103" type="global" contextid="3102" timestamp="2025-12-15T07:23:59.674">
  <mem-info id="3104" free="153307216" total="299302912" percent="51">
    <mem type="nursery" free="106869624" total="147587072" percent="72">
      <mem type="allocate" free="106869624" total="132775936" percent="80" />
      <mem type="survivor" free="0" total="14811136" percent="0" />
    </mem>
    <mem type="tenure" free="46437592" total="151715840" percent="30">
      <mem type="soa" free="44920024" total="150198272" percent="29" />
      <mem type="loa" free="1517568" total="1517568" percent="100" />
    </mem>
    <remembered-set count="559" />
  </mem-info>
</gc-start>
<allocation-stats totalBytes="25596440" discardedBytes="11888" >
  <allocated-bytes non-tlh="136" tlh="25596304" />
  <largest-consumer threadName="Default Executor-thread-332" threadId="0000000001990200" bytes="835168" />
</allocation-stats>
<gc-op id="3105" type="mark" timems="61.807" contextid="3102" timestamp="2025-12-15T07:23:59.742">
  <trace-info objectcount="2068653" scancount="1785933" scanbytes="67444128" />
  <finalization candidates="901" enqueued="0" />
  <ownableSynchronizers candidates="13966" cleared="4437" />
  <references type="soft" candidates="7430" cleared="0" enqueued="0" dynamicThreshold="9" maxThreshold="32" />
  <references type="weak" candidates="16496" cleared="0" enqueued="0" />
  <references type="phantom" candidates="1342" cleared="0" enqueued="0" />
  <stringconstants candidates="49042" cleared="933"  />
  <object-monitors candidates="167" cleared="2"  />
</gc-op>
<gc-op id="3106" type="classunload" timems="0.057" contextid="3102" timestamp="2025-12-15T07:23:59.743">
  <classunload-info classloadercandidates="496" classloadersunloaded="0" classesunloaded="0" anonymousclassesunloaded="0" quiescems="0.000" setupms="0.056" scanms="0.000" postms="0.000" />
</gc-op>
<gc-op id="3107" type="sweep" timems="3.192" contextid="3102" timestamp="2025-12-15T07:23:59.746" />
<mem-info id="3108" free="179273952" total="299302912" percent="59">
  <mem type="nursery" free="132485296" total="147587072" percent="89">
    <mem type="allocate" free="132485296" total="132775936" percent="99" />
    <mem type="survivor" free="0" total="14811136" percent="0" />
  </mem>
  <mem type="tenure" free="46788656" total="151715840" percent="30" micro-fragmented="252158" macro-fragmented="39939376">
    <mem type="soa" free="45271088" total="150198272" percent="30" />
    <mem type="loa" free="1517568" total="1517568" percent="100" />
  </mem>
  <remembered-set count="551" />
</mem-info>
<gc-op id="3109" type="compact" timems="144.772" contextid="3102" timestamp="2025-12-15T07:23:59.892">
  <compact-info movecount="2029231" movebytes="102949112" reason="compact on aggressive collection" />
</gc-op>
<gc-end id="3110" type="global" contextid="3102" durationms="218.905" usertimems="1302.744" systemtimems="0.000" stalltimems="520.692" timestamp="2025-12-15T07:23:59.893" activeThreads="20">
  <mem-info id="3111" free="179810536" total="299302912" percent="60">
    <mem type="nursery" free="132669608" total="147587072" percent="89">
      <mem type="allocate" free="132669608" total="132775936" percent="99" />
      <mem type="survivor" free="0" total="14811136" percent="0" />
    </mem>
    <mem type="tenure" free="47140928" total="151715840" percent="31">
      <mem type="soa" free="45623360" total="150198272" percent="30" />
      <mem type="loa" free="1517568" total="1517568" percent="100" />
    </mem>
    <remembered-set count="551" />
  </mem-info>
</gc-end>
<cycle-end id="3112" type="global" contextid="3102" timestamp="2025-12-15T07:23:59.894" />
<sys-end id="3113" timestamp="2025-12-15T07:23:59.894" />
<exclusive-end id="3114" timestamp="2025-12-15T07:23:59.895" durationms="228.717" />

<heap-resize id="3115" type="release free pages" space="tenure" amount="47108096" count="1" timems="0.935" reason="idle" timestamp="2025-12-15T07:23:59.897" />
<exclusive-start id="3116" timestamp="2025-12-15T07:28:59.488" intervalms="299821.539">
  <response-info timems="0.063" idlems="0.063" threads="0" lastid="00000000019D7400" lastname="Default Executor-thread-471" />
</exclusive-start>
<af-start id="3117" threadId="00000000019D7E78" totalBytesRequested="24" timestamp="2025-12-15T07:28:59.490" intervalms="352644.330" type="nursery" />
<cycle-start id="3118" type="scavenge" contextid="0" timestamp="2025-12-15T07:28:59.492" intervalms="352639.182" />
<gc-start id="3119" type="scavenge" contextid="3118" timestamp="2025-12-15T07:28:59.494">
  <mem-info id="3120" free="47140928" total="299302912" percent="15">
    <mem type="nursery" free="0" total="147587072" percent="0">
      <mem type="allocate" free="0" total="132775936" percent="0" />
      <mem type="survivor" free="0" total="14811136" percent="0" />
    </mem>
    <mem type="tenure" free="47140928" total="151715840" percent="31">
      <mem type="soa" free="45623360" total="150198272" percent="30" />
      <mem type="loa" free="1517568" total="1517568" percent="100" />
    </mem>
    <remembered-set count="558" />
  </mem-info>
</gc-start>
<allocation-stats totalBytes="132621840" discardedBytes="47768" >
  <allocated-bytes non-tlh="0" tlh="132621840" />
  <largest-consumer threadName="Default Executor-thread-405" threadId="0000000001893C00" bytes="3771408" />
</allocation-stats>
<gc-op id="3121" type="scavenge" timems="17.710" contextid="3118" timestamp="2025-12-15T07:28:59.515">
  <scavenger-info tenureage="14" tenuremask="4000" tiltratio="89" />
  <memory-copied type="nursery" objects="2658" bytes="108584" bytesdiscarded="113088" />
  <memory-copied type="tenure" objects="14" bytes="784" bytesdiscarded="0" />
  <ownableSynchronizers candidates="44139" cleared="44047" />
  <references type="weak" candidates="37" cleared="0" enqueued="0" />
  <references type="phantom" candidates="1" cleared="0" enqueued="0" />
  <object-monitors candidates="165" cleared="0"  />
</gc-op>
<gc-end id="3122" type="scavenge" contextid="3118" durationms="21.955" usertimems="8.471" systemtimems="7.972" stalltimems="66.304" timestamp="2025-12-15T07:28:59.516" activeThreads="10">
  <mem-info id="3123" free="179647296" total="299302912" percent="60">
    <mem type="nursery" free="132553984" total="147587072" percent="89">
      <mem type="allocate" free="132553984" total="132775936" percent="99" />
      <mem type="survivor" free="0" total="14811136" percent="0" />
    </mem>
    <mem type="tenure" free="47093312" total="151715840" percent="31" macro-fragmented="39939376">
      <mem type="soa" free="45575744" total="150198272" percent="30" />
      <mem type="loa" free="1517568" total="1517568" percent="100" />
    </mem>
    <remembered-set count="502" />
  </mem-info>
</gc-end>
<cycle-end id="3124" type="scavenge" contextid="3118" timestamp="2025-12-15T07:28:59.518" />
<allocation-satisfied id="3125" threadId="00000000019D7400" bytesRequested="24" />
<af-end id="3126" timestamp="2025-12-15T07:28:59.519" threadId="00000000019D7E78" success="true" from="nursery"/>
<exclusive-end id="3127" timestamp="2025-12-15T07:28:59.520" durationms="32.285" />

<exclusive-start id="3128" timestamp="2025-12-15T07:33:58.026" intervalms="298537.926">
  <response-info timems="0.081" idlems="0.081" threads="0" lastid="00000000018F9700" lastname="Default Executor-thread-516" />
</exclusive-start>
<af-start id="3129" threadId="00000000018FA178" totalBytesRequested="96" timestamp="2025-12-15T07:33:58.027" intervalms="298536.678" type="nursery" />
<cycle-start id="3130" type="scavenge" contextid="0" timestamp="2025-12-15T07:33:58.028" intervalms="298535.712" />
<gc-start id="3131" type="scavenge" contextid="3130" timestamp="2025-12-15T07:33:58.031">
  <mem-info id="3132" free="47093312" total="299302912" percent="15">
    <mem type="nursery" free="0" total="147587072" percent="0">
      <mem type="allocate" free="0" total="132775936" percent="0" />
      <mem type="survivor" free="0" total="14811136" percent="0" />
    </mem>
    <mem type="tenure" free="47093312" total="151715840" percent="31">
      <mem type="soa" free="45575744" total="150198272" percent="30" />
      <mem type="loa" free="1517568" total="1517568" percent="100" />
    </mem>
    <remembered-set count="559" />
  </mem-info>
</gc-start>
<allocation-stats totalBytes="132517728" discardedBytes="36256" >
  <allocated-bytes non-tlh="24" tlh="132517704" />
  <largest-consumer threadName="Scheduled Executor-thread-1" threadId="00000000007E7700" bytes="3780456" />
</allocation-stats>
<gc-op id="3133" type="scavenge" timems="14.797" contextid="3130" timestamp="2025-12-15T07:33:58.048">
  <scavenger-info tenureage="14" tenuremask="4000" tiltratio="89" />
  <memory-copied type="nursery" objects="2638" bytes="106952" bytesdiscarded="236064" />
  <ownableSynchronizers candidates="25047" cleared="24956" />
  <references type="weak" candidates="37" cleared="0" enqueued="0" />
  <references type="phantom" candidates="1" cleared="0" enqueued="0" />
  <object-monitors candidates="165" cleared="0"  />
</gc-op>
<gc-end id="3134" type="scavenge" contextid="3130" durationms="17.685" usertimems="6.148" systemtimems="3.562" stalltimems="42.019" timestamp="2025-12-15T07:33:58.049" activeThreads="10">
  <mem-info id="3135" free="179525952" total="299302912" percent="59">
    <mem type="nursery" free="132432640" total="147587072" percent="89">
      <mem type="allocate" free="132432640" total="132775936" percent="99" />
      <mem type="survivor" free="0" total="14811136" percent="0" />
    </mem>
    <mem type="tenure" free="47093312" total="151715840" percent="31" macro-fragmented="33282812">
      <mem type="soa" free="45575744" total="150198272" percent="30" />
      <mem type="loa" free="1517568" total="1517568" percent="100" />
    </mem>
    <remembered-set count="502" />
  </mem-info>
</gc-end>
<cycle-end id="3136" type="scavenge" contextid="3130" timestamp="2025-12-15T07:33:58.050" />
<allocation-satisfied id="3137" threadId="00000000018F9700" bytesRequested="96" />
<af-end id="3138" timestamp="2025-12-15T07:33:58.052" threadId="00000000018FA178" success="true" from="nursery"/>
<exclusive-end id="3139" timestamp="2025-12-15T07:33:58.052" durationms="26.374" />

<exclusive-start id="3140" timestamp="2025-12-15T07:38:51.992" intervalms="293966.637">
  <response-info timems="0.097" idlems="0.097" threads="0" lastid="0000000001875800" lastname="Default Executor-thread-346" />
</exclusive-start>
<af-start id="3141" threadId="0000000001876278" totalBytesRequested="24" timestamp="2025-12-15T07:38:51.995" intervalms="293968.699" type="nursery" />
<cycle-start id="3142" type="scavenge" contextid="0" timestamp="2025-12-15T07:38:51.997" intervalms="293968.957" />
<gc-start id="3143" type="scavenge" contextid="3142" timestamp="2025-12-15T07:38:51.999">
  <mem-info id="3144" free="47093312" total="299302912" percent="15">
    <mem type="nursery" free="0" total="147587072" percent="0">
      <mem type="allocate" free="0" total="132775936" percent="0" />
      <mem type="survivor" free="0" total="14811136" percent="0" />
    </mem>
    <mem type="tenure" free="47093312" total="151715840" percent="31">
      <mem type="soa" free="45575744" total="150198272" percent="30" />
      <mem type="loa" free="1517568" total="1517568" percent="100" />
    </mem>
    <remembered-set count="563" />
  </mem-info>
</gc-start>
<allocation-stats totalBytes="132382360" discardedBytes="50280" >
  <allocated-bytes non-tlh="96" tlh="132382264" />
  <largest-consumer threadName="Timer-7" threadId="0000000001005000" bytes="3840592" />
</allocation-stats>
<gc-op id="3145" type="scavenge" timems="9.294" contextid="3142" timestamp="2025-12-15T07:38:52.011">
  <scavenger-info tenureage="14" tenuremask="4000" tiltratio="89" />
  <memory-copied type="nursery" objects="2604" bytes="106408" bytesdiscarded="166368" />
  <ownableSynchronizers candidates="24764" cleared="24673" />
  <references type="weak" candidates="37" cleared="0" enqueued="0" />
  <references type="phantom" candidates="1" cleared="0" enqueued="0" />
  <object-monitors candidates="225" cleared="60"  />
</gc-op>
<gc-end id="3146" type="scavenge" contextid="3142" durationms="14.438" usertimems="6.462" systemtimems="8.718" stalltimems="49.204" timestamp="2025-12-15T07:38:52.013" activeThreads="11">
  <mem-info id="3147" free="179595840" total="299302912" percent="60">
    <mem type="nursery" free="132502528" total="147587072" percent="89">
      <mem type="allocate" free="132502528" total="132775936" percent="99" />
      <mem type="survivor" free="0" total="14811136" percent="0" />
    </mem>
    <mem type="tenure" free="47093312" total="151715840" percent="31" macro-fragmented="0">
      <mem type="soa" free="45575744" total="150198272" percent="30" />
      <mem type="loa" free="1517568" total="1517568" percent="100" />
    </mem>
    <remembered-set count="503" />
  </mem-info>
</gc-end>
<cycle-end id="3148" type="scavenge" contextid="3142" timestamp="2025-12-15T07:38:52.014" />
<allocation-satisfied id="3149" threadId="0000000001875800" bytesRequested="24" />
<af-end id="3150" timestamp="2025-12-15T07:38:52.016" threadId="0000000001876278" success="true" from="nursery"/>
<exclusive-end id="3151" timestamp="2025-12-15T07:38:52.016" durationms="23.822" />

<exclusive-start id="3152" timestamp="2025-12-15T07:42:26.053" intervalms="214060.663">
  <response-info timems="0.581" idlems="0.581" threads="0" lastid="00000000001D0800" lastname="VM Runtime State Listener" />
</exclusive-start>
<sys-start reason="vm idle" id="3153" timestamp="2025-12-15T07:42:26.055" intervalms="1106385.385" />
<cycle-start id="3154" type="global" contextid="0" timestamp="2025-12-15T07:42:26.057" intervalms="1106385.112" />
<gc-start id="3155" type="global" contextid="3154" timestamp="2025-12-15T07:42:26.059">
  <mem-info id="3156" free="83905064" total="299302912" percent="28">
    <mem type="nursery" free="36811752" total="147587072" percent="24">
      <mem type="allocate" free="36811752" total="132775936" percent="27" />
      <mem type="survivor" free="0" total="14811136" percent="0" />
    </mem>
    <mem type="tenure" free="47093312" total="151715840" percent="31">
      <mem type="soa" free="45575744" total="150198272" percent="30" />
      <mem type="loa" free="1517568" total="1517568" percent="100" />
    </mem>
    <remembered-set count="561" />
  </mem-info>
</gc-start>
<allocation-stats totalBytes="95658520" discardedBytes="32256" >
  <allocated-bytes non-tlh="24" tlh="95658496" />
  <largest-consumer threadName="Timer-7" threadId="0000000001005000" bytes="2648728" />
</allocation-stats>
<gc-op id="3157" type="mark" timems="49.982" contextid="3154" timestamp="2025-12-15T07:42:26.111">
  <trace-info objectcount="2068199" scancount="1785497" scanbytes="67430984" />
  <finalization candidates="901" enqueued="0" />
  <ownableSynchronizers candidates="27423" cleared="17894" />
  <references type="soft" candidates="7430" cleared="44" enqueued="40" dynamicThreshold="9" maxThreshold="32" />
  <references type="weak" candidates="16496" cleared="0" enqueued="0" />
  <references type="phantom" candidates="1342" cleared="0" enqueued="0" />
  <stringconstants candidates="48109" cleared="1"  />
  <object-monitors candidates="165" cleared="0"  />
</gc-op>
<gc-op id="3158" type="classunload" timems="2.144" contextid="3154" timestamp="2025-12-15T07:42:26.116">
  <classunload-info classloadercandidates="496" classloadersunloaded="1" classesunloaded="1" anonymousclassesunloaded="0" quiescems="0.000" setupms="1.617" scanms="0.524" postms="0.002" />
</gc-op>
<gc-op id="3159" type="sweep" timems="2.646" contextid="3154" timestamp="2025-12-15T07:42:26.120" />
<gc-end id="3160" type="global" contextid="3154" durationms="67.755" usertimems="287.968" systemtimems="44.107" stalltimems="408.050" timestamp="2025-12-15T07:42:26.126" activeThreads="20">
  <mem-info id="3161" free="179613800" total="299302912" percent="60">
    <mem type="nursery" free="132464400" total="147587072" percent="89">
      <mem type="allocate" free="132464400" total="132775936" percent="99" />
      <mem type="survivor" free="0" total="14811136" percent="0" />
    </mem>
    <mem type="tenure" free="47149400" total="151715840" percent="31" micro-fragmented="513" macro-fragmented="39939376">
      <mem type="soa" free="45631832" total="150198272" percent="30" />
      <mem type="loa" free="1517568" total="1517568" percent="100" />
    </mem>
    <pending-finalizers system="0" default="0" reference="40" classloader="0" />
    <remembered-set count="561" />
  </mem-info>
</gc-end>
<cycle-end id="3162" type="global" contextid="3154" timestamp="2025-12-15T07:42:26.128" />
<heap-fixup timems="5.249" reason="class unloading"  timestamp="2025-12-15T07:42:26.128" />
<sys-end id="3163" timestamp="2025-12-15T07:42:26.129" />
<exclusive-end id="3164" timestamp="2025-12-15T07:42:26.130" durationms="77.009" />

<heap-resize id="3165" type="release free pages" space="tenure" amount="47108096" count="1" timems="1.049" reason="idle" timestamp="2025-12-15T07:42:26.132" />
<exclusive-start id="3166" timestamp="2025-12-15T07:47:24.164" intervalms="298111.189">
  <response-info timems="0.116" idlems="0.116" threads="0" lastid="0000000001990E00" lastname="Default Executor-thread-617" />
</exclusive-start>
<af-start id="3167" threadId="0000000001991878" totalBytesRequested="176" timestamp="2025-12-15T07:47:24.166" intervalms="512170.723" type="nursery" />
<cycle-start id="3168" type="scavenge" contextid="0" timestamp="2025-12-15T07:47:24.168" intervalms="512171.000" />
<gc-start id="3169" type="scavenge" contextid="3168" timestamp="2025-12-15T07:47:24.170">
  <mem-info id="3170" free="47149400" total="299302912" percent="15">
    <mem type="nursery" free="0" total="147587072" percent="0">
      <mem type="allocate" free="0" total="132775936" percent="0" />
      <mem type="survivor" free="0" total="14811136" percent="0" />
    </mem>
    <mem type="tenure" free="47149400" total="151715840" percent="31">
      <mem type="soa" free="45631832" total="150198272" percent="30" />
      <mem type="loa" free="1517568" total="1517568" percent="100" />
    </mem>
    <remembered-set count="644" />
  </mem-info>
</gc-start>
<allocation-stats totalBytes="132416376" discardedBytes="48024" >
  <allocated-bytes non-tlh="3088" tlh="132413288" />
  <largest-consumer threadName="Timer-7" threadId="0000000001005000" bytes="3857096" />
</allocation-stats>
<gc-op id="3171" type="scavenge" timems="20.439" contextid="3168" timestamp="2025-12-15T07:47:24.194">
  <scavenger-info tenureage="14" tenuremask="4000" tiltratio="89" />
  <memory-copied type="nursery" objects="2737" bytes="112824" bytesdiscarded="183480" />
  <ownableSynchronizers candidates="43932" cleared="43841" />
  <references type="weak" candidates="37" cleared="0" enqueued="0" />
  <references type="phantom" candidates="1" cleared="0" enqueued="0" />
  <object-monitors candidates="185" cleared="20"  />
</gc-op>
<gc-end id="3172" type="scavenge" contextid="3168" durationms="25.696" usertimems="4.391" systemtimems="13.235" stalltimems="71.072" timestamp="2025-12-15T07:47:24.196" activeThreads="9">
  <mem-info id="3173" free="179628624" total="299302912" percent="60">
    <mem type="nursery" free="132479224" total="147587072" percent="89">
      <mem type="allocate" free="132479224" total="132775936" percent="99" />
      <mem type="survivor" free="0" total="14811136" percent="0" />
    </mem>
    <mem type="tenure" free="47149400" total="151715840" percent="31" macro-fragmented="33282812">
      <mem type="soa" free="45631832" total="150198272" percent="30" />
      <mem type="loa" free="1517568" total="1517568" percent="100" />
    </mem>
    <remembered-set count="543" />
  </mem-info>
</gc-end>
<cycle-end id="3174" type="scavenge" contextid="3168" timestamp="2025-12-15T07:47:24.197" />
<allocation-satisfied id="3175" threadId="0000000001990E00" bytesRequested="176" />
<af-end id="3176" timestamp="2025-12-15T07:47:24.200" threadId="0000000001991878" success="true" from="nursery"/>
<exclusive-end id="3177" timestamp="2025-12-15T07:47:24.201" durationms="36.935" />

<exclusive-start id="3178" timestamp="2025-12-15T07:52:21.775" intervalms="297610.465">
  <response-info timems="0.074" idlems="0.074" threads="0" lastid="0000000001A1EE00" lastname="Thread-16" />
</exclusive-start>
<af-start id="3179" threadId="0000000001A1F878" totalBytesRequested="24" timestamp="2025-12-15T07:52:21.776" intervalms="297609.578" type="nursery" />
<cycle-start id="3180" type="scavenge" contextid="0" timestamp="2025-12-15T07:52:21.776" intervalms="297608.388" />
<gc-start id="3181" type="scavenge" contextid="3180" timestamp="2025-12-15T07:52:21.777">
  <mem-info id="3182" free="47149400" total="299302912" percent="15">
    <mem type="nursery" free="0" total="147587072" percent="0">
      <mem type="allocate" free="0" total="132775936" percent="0" />
      <mem type="survivor" free="0" total="14811136" percent="0" />
    </mem>
    <mem type="tenure" free="47149400" total="151715840" percent="31">
      <mem type="soa" free="45631832" total="150198272" percent="30" />
      <mem type="loa" free="1517568" total="1517568" percent="100" />
    </mem>
    <remembered-set count="600" />
  </mem-info>
</gc-start>
<allocation-stats totalBytes="132442136" discardedBytes="37088" >
  <allocated-bytes non-tlh="176" tlh="132441960" />
  <largest-consumer threadName="Timer-7" threadId="0000000001005000" bytes="3840592" />
</allocation-stats>
<gc-op id="3183" type="scavenge" timems="8.741" contextid="3180" timestamp="2025-12-15T07:52:21.787">
  <scavenger-info tenureage="14" tenuremask="4000" tiltratio="89" />
  <memory-copied type="nursery" objects="2610" bytes="105880" bytesdiscarded="187216" />
  <ownableSynchronizers candidates="25000" cleared="24909" />
  <references type="weak" candidates="37" cleared="0" enqueued="0" />
  <references type="phantom" candidates="1" cleared="0" enqueued="0" />
  <object-monitors candidates="165" cleared="0"  />
</gc-op>
<gc-end id="3184" type="scavenge" contextid="3180" durationms="11.046" usertimems="4.956" systemtimems="4.799" stalltimems="22.404" timestamp="2025-12-15T07:52:21.788" activeThreads="9">
  <mem-info id="3185" free="179631960" total="299302912" percent="60">
    <mem type="nursery" free="132482560" total="147587072" percent="89">
      <mem type="allocate" free="132482560" total="132775936" percent="99" />
      <mem type="survivor" free="0" total="14811136" percent="0" />
    </mem>
    <mem type="tenure" free="47149400" total="151715840" percent="31" macro-fragmented="19260884">
      <mem type="soa" free="45631832" total="150198272" percent="30" />
      <mem type="loa" free="1517568" total="1517568" percent="100" />
    </mem>
    <remembered-set count="541" />
  </mem-info>
</gc-end>
<cycle-end id="3186" type="scavenge" contextid="3180" timestamp="2025-12-15T07:52:21.789" />
<allocation-satisfied id="3187" threadId="0000000001A1EE00" bytesRequested="24" />
<af-end id="3188" timestamp="2025-12-15T07:52:21.790" threadId="0000000001A1F878" success="true" from="nursery"/>
<exclusive-end id="3189" timestamp="2025-12-15T07:52:21.791" durationms="16.180" />

<exclusive-start id="3190" timestamp="2025-12-15T07:57:21.379" intervalms="299604.690">
  <response-info timems="0.101" idlems="0.101" threads="0" lastid="0000000001835300" lastname="Default Executor-thread-39" />
</exclusive-start>
<af-start id="3191" threadId="0000000001835D78" totalBytesRequested="128" timestamp="2025-12-15T07:57:21.381" intervalms="299605.086" type="nursery" />
<cycle-start id="3192" type="scavenge" contextid="0" timestamp="2025-12-15T07:57:21.383" intervalms="299606.288" />
<gc-start id="3193" type="scavenge" contextid="3192" timestamp="2025-12-15T07:57:21.385">
  <mem-info id="3194" free="47149400" total="299302912" percent="15">
    <mem type="nursery" free="0" total="147587072" percent="0">
      <mem type="allocate" free="0" total="132775936" percent="0" />
      <mem type="survivor" free="0" total="14811136" percent="0" />
    </mem>
    <mem type="tenure" free="47149400" total="151715840" percent="31">
      <mem type="soa" free="45631832" total="150198272" percent="30" />
      <mem type="loa" free="1517568" total="1517568" percent="100" />
    </mem>
    <remembered-set count="601" />
  </mem-info>
</gc-start>
<allocation-stats totalBytes="132443904" discardedBytes="38656" >
  <allocated-bytes non-tlh="24" tlh="132443880" />
  <largest-consumer threadName="Scheduled Executor-thread-1" threadId="00000000007E7700" bytes="3788640" />
</allocation-stats>
<gc-op id="3195" type="scavenge" timems="13.977" contextid="3192" timestamp="2025-12-15T07:57:21.402">
  <scavenger-info tenureage="14" tenuremask="4000" tiltratio="89" />
  <memory-copied type="nursery" objects="2602" bytes="106280" bytesdiscarded="228304" />
  <memory-copied type="tenure" objects="30" bytes="992" bytesdiscarded="0" />
  <ownableSynchronizers candidates="25135" cleared="25044" />
  <references type="weak" candidates="33" cleared="0" enqueued="0" />
  <object-monitors candidates="165" cleared="0"  />
</gc-op>
<gc-end id="3196" type="scavenge" contextid="3192" durationms="17.318" usertimems="5.729" systemtimems="17.029" stalltimems="39.897" timestamp="2025-12-15T07:57:21.402" activeThreads="9">
  <mem-info id="3197" free="179570872" total="299302912" percent="59">
    <mem type="nursery" free="132441088" total="147587072" percent="89">
      <mem type="allocate" free="132441088" total="132775936" percent="99" />
      <mem type="survivor" free="0" total="14811136" percent="0" />
    </mem>
    <mem type="tenure" free="47129784" total="151715840" percent="31" macro-fragmented="27735676">
      <mem type="soa" free="45612216" total="150198272" percent="30" />
      <mem type="loa" free="1517568" total="1517568" percent="100" />
    </mem>
    <remembered-set count="493" />
  </mem-info>
</gc-end>
<cycle-end id="3198" type="scavenge" contextid="3192" timestamp="2025-12-15T07:57:21.403" />
<allocation-satisfied id="3199" threadId="0000000001835300" bytesRequested="128" />
<af-end id="3200" timestamp="2025-12-15T07:57:21.404" threadId="0000000001835D78" success="true" from="nursery"/>
<exclusive-end id="3201" timestamp="2025-12-15T07:57:21.404" durationms="25.076" />

<exclusive-start id="3202" timestamp="2025-12-15T08:02:18.481" intervalms="297101.956">
  <response-info timems="0.183" idlems="0.183" threads="0" lastid="00000000005EFE00" lastname="Default Executor-thread-626" />
</exclusive-start>
<af-start id="3203" threadId="00000000005F0878" totalBytesRequested="32" timestamp="2025-12-15T08:02:18.488" intervalms="297106.683" type="nursery" />
<cycle-start id="3204" type="scavenge" contextid="0" timestamp="2025-12-15T08:02:18.490" intervalms="297107.132" />
<gc-start id="3205" type="scavenge" contextid="3204" timestamp="2025-12-15T08:02:18.492">
  <mem-info id="3206" free="47129784" total="299302912" percent="15">
    <mem type="nursery" free="0" total="147587072" percent="0">
      <mem type="allocate" free="0" total="132775936" percent="0" />
      <mem type="survivor" free="0" total="14811136" percent="0" />
    </mem>
    <mem type="tenure" free="47129784" total="151715840" percent="31">
      <mem type="soa" free="45612216" total="150198272" percent="30" />
      <mem type="loa" free="1517568" total="1517568" percent="100" />
    </mem>
    <remembered-set count="552" />
  </mem-info>
</gc-start>
<allocation-stats totalBytes="132397688" discardedBytes="43400" >
  <allocated-bytes non-tlh="128" tlh="132397560" />
  <largest-consumer threadName="Default Executor-thread-540" threadId="000000000198F500" bytes="3869952" />
</allocation-stats>
<gc-op id="3207" type="scavenge" timems="16.004" contextid="3204" timestamp="2025-12-15T08:02:18.511">
  <scavenger-info tenureage="14" tenuremask="4000" tiltratio="89" />
  <memory-copied type="nursery" objects="2637" bytes="108456" bytesdiscarded="166816" />
  <ownableSynchronizers candidates="24981" cleared="24890" />
  <references type="weak" candidates="33" cleared="0" enqueued="0" />
  <object-monitors candidates="185" cleared="20"  />
</gc-op>
<gc-end id="3208" type="scavenge" contextid="3204" durationms="20.340" usertimems="7.172" systemtimems="5.942" stalltimems="73.892" timestamp="2025-12-15T08:02:18.512" activeThreads="9">
  <mem-info id="3209" free="179630008" total="299302912" percent="60">
    <mem type="nursery" free="132500224" total="147587072" percent="89">
      <mem type="allocate" free="132500224" total="132775936" percent="99" />
      <mem type="survivor" free="0" total="14811136" percent="0" />
    </mem>
    <mem type="tenure" free="47129784" total="151715840" percent="31" macro-fragmented="27735676">
      <mem type="soa" free="45612216" total="150198272" percent="30" />
      <mem type="loa" free="1517568" total="1517568" percent="100" />
    </mem>
    <remembered-set count="494" />
  </mem-info>
</gc-end>
<cycle-end id="3210" type="scavenge" contextid="3204" timestamp="2025-12-15T08:02:18.514" />
<allocation-satisfied id="3211" threadId="00000000005EFE00" bytesRequested="32" />
<af-end id="3212" timestamp="2025-12-15T08:02:18.515" threadId="00000000005F0878" success="true" from="nursery"/>
<exclusive-end id="3213" timestamp="2025-12-15T08:02:18.515" durationms="33.953" />

<exclusive-start id="3214" timestamp="2025-12-15T08:07:16.334" intervalms="297852.727">
  <response-info timems="0.052" idlems="0.052" threads="0" lastid="0000000001901400" lastname="Default Executor-thread-640" />
</exclusive-start>
<af-start id="3215" threadId="0000000001901E78" totalBytesRequested="144" timestamp="2025-12-15T08:07:16.335" intervalms="297846.983" type="nursery" />
<cycle-start id="3216" type="scavenge" contextid="0" timestamp="2025-12-15T08:07:16.337" intervalms="297846.871" />
<gc-start id="3217" type="scavenge" contextid="3216" timestamp="2025-12-15T08:07:16.338">
  <mem-info id="3218" free="47129784" total="299302912" percent="15">
    <mem type="nursery" free="0" total="147587072" percent="0">
      <mem type="allocate" free="0" total="132775936" percent="0" />
      <mem type="survivor" free="0" total="14811136" percent="0" />
    </mem>
    <mem type="tenure" free="47129784" total="151715840" percent="31">
      <mem type="soa" free="45612216" total="150198272" percent="30" />
      <mem type="loa" free="1517568" total="1517568" percent="100" />
    </mem>
    <remembered-set count="553" />
  </mem-info>
</gc-start>
<allocation-stats totalBytes="132455280" discardedBytes="44944" >
  <allocated-bytes non-tlh="32" tlh="132455248" />
  <largest-consumer threadName="Default Executor-thread-39" threadId="0000000001835300" bytes="3984816" />
</allocation-stats>
<gc-op id="3219" type="scavenge" timems="17.028" contextid="3216" timestamp="2025-12-15T08:07:16.358">
  <scavenger-info tenureage="14" tenuremask="4000" tiltratio="89" />
  <memory-copied type="nursery" objects="2636" bytes="106832" bytesdiscarded="156152" />
  <ownableSynchronizers candidates="25025" cleared="24934" />
  <references type="weak" candidates="33" cleared="0" enqueued="0" />
  <object-monitors candidates="185" cleared="20"  />
</gc-op>
<gc-end id="3220" type="scavenge" contextid="3216" durationms="23.089" usertimems="5.263" systemtimems="1.769" stalltimems="33.258" timestamp="2025-12-15T08:07:16.362" activeThreads="8">
  <mem-info id="3221" free="179642296" total="299302912" percent="60">
    <mem type="nursery" free="132512512" total="147587072" percent="89">
      <mem type="allocate" free="132512512" total="132775936" percent="99" />
      <mem type="survivor" free="0" total="14811136" percent="0" />
    </mem>
    <mem type="tenure" free="47129784" total="151715840" percent="31" macro-fragmented="39939376">
      <mem type="soa" free="45612216" total="150198272" percent="30" />
      <mem type="loa" free="1517568" total="1517568" percent="100" />
    </mem>
    <remembered-set count="494" />
  </mem-info>
</gc-end>
<cycle-end id="3222" type="scavenge" contextid="3216" timestamp="2025-12-15T08:07:16.363" />
<allocation-satisfied id="3223" threadId="0000000001901400" bytesRequested="144" />
<af-end id="3224" timestamp="2025-12-15T08:07:16.364" threadId="0000000001901E78" success="true" from="nursery"/>
<exclusive-end id="3225" timestamp="2025-12-15T08:07:16.366" durationms="31.524" />

<exclusive-start id="3226" timestamp="2025-12-15T08:12:13.980" intervalms="297645.636">
  <response-info timems="0.079" idlems="0.079" threads="0" lastid="0000000001890C00" lastname="Default Executor-thread-636" />
</exclusive-start>
<af-start id="3227" threadId="0000000001891678" totalBytesRequested="24" timestamp="2025-12-15T08:12:13.982" intervalms="297647.142" type="nursery" />
<cycle-start id="3228" type="scavenge" contextid="0" timestamp="2025-12-15T08:12:13.983" intervalms="297646.061" />
<gc-start id="3229" type="scavenge" contextid="3228" timestamp="2025-12-15T08:12:13.984">
  <mem-info id="3230" free="47129784" total="299302912" percent="15">
    <mem type="nursery" free="0" total="147587072" percent="0">
      <mem type="allocate" free="0" total="132775936" percent="0" />
      <mem type="survivor" free="0" total="14811136" percent="0" />
    </mem>
    <mem type="tenure" free="47129784" total="151715840" percent="31">
      <mem type="soa" free="45612216" total="150198272" percent="30" />
      <mem type="loa" free="1517568" total="1517568" percent="100" />
    </mem>
    <remembered-set count="551" />
  </mem-info>
</gc-start>
<allocation-stats totalBytes="132473656" discardedBytes="38856" >
  <allocated-bytes non-tlh="144" tlh="132473512" />
  <largest-consumer threadName="Timer-7" threadId="0000000001005000" bytes="3840592" />
</allocation-stats>
<gc-op id="3231" type="scavenge" timems="42.969" contextid="3228" timestamp="2025-12-15T08:12:14.029">
  <scavenger-info tenureage="14" tenuremask="4000" tiltratio="89" />
  <memory-copied type="nursery" objects="2791" bytes="115904" bytesdiscarded="174136" />
  <ownableSynchronizers candidates="25006" cleared="24915" />
  <references type="weak" candidates="33" cleared="0" enqueued="0" />
  <object-monitors candidates="165" cleared="0"  />
</gc-op>
<gc-end id="3232" type="scavenge" contextid="3228" durationms="45.632" usertimems="3.812" systemtimems="8.461" stalltimems="102.551" timestamp="2025-12-15T08:12:14.030" activeThreads="9">
  <mem-info id="3233" free="179615416" total="299302912" percent="60">
    <mem type="nursery" free="132485632" total="147587072" percent="89">
      <mem type="allocate" free="132485632" total="132775936" percent="99" />
      <mem type="survivor" free="0" total="14811136" percent="0" />
    </mem>
    <mem type="tenure" free="47129784" total="151715840" percent="31" macro-fragmented="0">
      <mem type="soa" free="45612216" total="150198272" percent="30" />
      <mem type="loa" free="1517568" total="1517568" percent="100" />
    </mem>
    <remembered-set count="494" />
  </mem-info>
</gc-end>
<cycle-end id="3234" type="scavenge" contextid="3228" timestamp="2025-12-15T08:12:14.031" />
<allocation-satisfied id="3235" threadId="0000000001890C00" bytesRequested="24" />
<af-end id="3236" timestamp="2025-12-15T08:12:14.033" threadId="0000000001891678" success="true" from="nursery"/>
<exclusive-end id="3237" timestamp="2025-12-15T08:12:14.033" durationms="53.773" />

<exclusive-start id="3238" timestamp="2025-12-15T08:17:13.298" intervalms="299318.308">
  <response-info timems="0.110" idlems="0.110" threads="0" lastid="000000000184E900" lastname="Default Executor-thread-652" />
</exclusive-start>
<af-start id="3239" threadId="000000000184F378" totalBytesRequested="120" timestamp="2025-12-15T08:17:13.299" intervalms="299317.696" type="nursery" />
<cycle-start id="3240" type="scavenge" contextid="0" timestamp="2025-12-15T08:17:13.301" intervalms="299318.612" />
<gc-start id="3241" type="scavenge" contextid="3240" timestamp="2025-12-15T08:17:13.303">
  <mem-info id="3242" free="47129784" total="299302912" percent="15">
    <mem type="nursery" free="0" total="147587072" percent="0">
      <mem type="allocate" free="0" total="132775936" percent="0" />
      <mem type="survivor" free="0" total="14811136" percent="0" />
    </mem>
    <mem type="tenure" free="47129784" total="151715840" percent="31">
      <mem type="soa" free="45612216" total="150198272" percent="30" />
      <mem type="loa" free="1517568" total="1517568" percent="100" />
    </mem>
    <remembered-set count="553" />
  </mem-info>
</gc-start>
<allocation-stats totalBytes="132448472" discardedBytes="37160" >
  <allocated-bytes non-tlh="24" tlh="132448448" />
  <largest-consumer threadName="Default Executor-thread-583" threadId="00000000019D7400" bytes="3885256" />
</allocation-stats>
<gc-op id="3243" type="scavenge" timems="9.694" contextid="3240" timestamp="2025-12-15T08:17:13.316">
  <scavenger-info tenureage="14" tenuremask="4000" tiltratio="89" />
  <memory-copied type="nursery" objects="2846" bytes="119160" bytesdiscarded="222336" />
  <ownableSynchronizers candidates="25123" cleared="25032" />
  <references type="weak" candidates="33" cleared="0" enqueued="0" />
  <object-monitors candidates="165" cleared="0"  />
</gc-op>
<gc-end id="3244" type="scavenge" contextid="3240" durationms="12.885" usertimems="4.167" systemtimems="9.295" stalltimems="56.020" timestamp="2025-12-15T08:17:13.316" activeThreads="11">
  <mem-info id="3245" free="179563960" total="299302912" percent="59">
    <mem type="nursery" free="132434176" total="147587072" percent="89">
      <mem type="allocate" free="132434176" total="132775936" percent="99" />
      <mem type="survivor" free="0" total="14811136" percent="0" />
    </mem>
    <mem type="tenure" free="47129784" total="151715840" percent="31" macro-fragmented="27735676">
      <mem type="soa" free="45612216" total="150198272" percent="30" />
      <mem type="loa" free="1517568" total="1517568" percent="100" />
    </mem>
    <remembered-set count="494" />
  </mem-info>
</gc-end>
<cycle-end id="3246" type="scavenge" contextid="3240" timestamp="2025-12-15T08:17:13.317" />
<allocation-satisfied id="3247" threadId="000000000184E900" bytesRequested="120" />
<af-end id="3248" timestamp="2025-12-15T08:17:13.318" threadId="000000000184F378" success="true" from="nursery"/>
<exclusive-end id="3249" timestamp="2025-12-15T08:17:13.318" durationms="19.891" />

<exclusive-start id="3250" timestamp="2025-12-15T08:22:11.016" intervalms="297717.709">
  <response-info timems="0.056" idlems="0.056" threads="0" lastid="0000000001850200" lastname="Default Executor-thread-75" />
</exclusive-start>
<af-start id="3251" threadId="0000000001850C78" totalBytesRequested="296" timestamp="2025-12-15T08:22:11.017" intervalms="297717.345" type="nursery" />
<cycle-start id="3252" type="scavenge" contextid="0" timestamp="2025-12-15T08:22:11.018" intervalms="297716.237" />
<gc-start id="3253" type="scavenge" contextid="3252" timestamp="2025-12-15T08:22:11.019">
  <mem-info id="3254" free="47129784" total="299302912" percent="15">
    <mem type="nursery" free="0" total="147587072" percent="0">
      <mem type="allocate" free="0" total="132775936" percent="0" />
      <mem type="survivor" free="0" total="14811136" percent="0" />
    </mem>
    <mem type="tenure" free="47129784" total="151715840" percent="31">
      <mem type="soa" free="45612216" total="150198272" percent="30" />
      <mem type="loa" free="1517568" total="1517568" percent="100" />
    </mem>
    <remembered-set count="552" />
  </mem-info>
</gc-start>
<allocation-stats totalBytes="132391176" discardedBytes="43000" >
  <allocated-bytes non-tlh="120" tlh="132391056" />
  <largest-consumer threadName="Timer-7" threadId="0000000001005000" bytes="3840592" />
</allocation-stats>
<gc-op id="3255" type="scavenge" timems="55.070" contextid="3252" timestamp="2025-12-15T08:22:11.076">
  <scavenger-info tenureage="14" tenuremask="4000" tiltratio="89" />
  <memory-copied type="nursery" objects="2790" bytes="113224" bytesdiscarded="168144" />
  <memory-copied type="tenure" objects="14" bytes="784" bytesdiscarded="0" />
  <ownableSynchronizers candidates="25023" cleared="24931" />
  <references type="weak" candidates="33" cleared="0" enqueued="0" />
  <object-monitors candidates="185" cleared="19"  />
</gc-op>
<heap-resize id="3256" type="contract" space="nursery" amount="1441792" count="1" timems="0.274" reason="insufficient time being spent scavenging" timestamp="2025-12-15T08:22:11.077" />
<gc-end id="3257" type="scavenge" contextid="3252" durationms="58.955" usertimems="10.064" systemtimems="1.476" stalltimems="35.617" timestamp="2025-12-15T08:22:11.078" activeThreads="9">
  <mem-info id="3258" free="178342472" total="297861120" percent="59">
    <mem type="nursery" free="131248896" total="146145280" percent="89">
      <mem type="allocate" free="131248896" total="131530752" percent="99" />
      <mem type="survivor" free="0" total="14614528" percent="0" />
    </mem>
    <mem type="tenure" free="47093576" total="151715840" percent="31" macro-fragmented="33282812">
      <mem type="soa" free="45576008" total="150198272" percent="30" />
      <mem type="loa" free="1517568" total="1517568" percent="100" />
    </mem>
    <remembered-set count="497" />
  </mem-info>
</gc-end>
<cycle-end id="3259" type="scavenge" contextid="3252" timestamp="2025-12-15T08:22:11.079" />
<allocation-satisfied id="3260" threadId="0000000001850200" bytesRequested="296" />
<af-end id="3261" timestamp="2025-12-15T08:22:11.079" threadId="0000000001850C78" success="true" from="nursery"/>
<exclusive-end id="3262" timestamp="2025-12-15T08:22:11.080" durationms="63.842" />

<exclusive-start id="3263" timestamp="2025-12-15T08:27:05.812" intervalms="294796.201">
  <response-info timems="0.050" idlems="0.050" threads="0" lastid="0000000001A66A00" lastname="Default Executor-thread-539" />
</exclusive-start>
<af-start id="3264" threadId="0000000001A67478" totalBytesRequested="176" timestamp="2025-12-15T08:27:05.813" intervalms="294796.088" type="nursery" />
<cycle-start id="3265" type="scavenge" contextid="0" timestamp="2025-12-15T08:27:05.814" intervalms="294796.051" />
<gc-start id="3266" type="scavenge" contextid="3265" timestamp="2025-12-15T08:27:05.815">
  <mem-info id="3267" free="47093576" total="297861120" percent="15">
    <mem type="nursery" free="0" total="146145280" percent="0">
      <mem type="allocate" free="0" total="131530752" percent="0" />
      <mem type="survivor" free="0" total="14614528" percent="0" />
    </mem>
    <mem type="tenure" free="47093576" total="151715840" percent="31">
      <mem type="soa" free="45576008" total="150198272" percent="30" />
      <mem type="loa" free="1517568" total="1517568" percent="100" />
    </mem>
    <remembered-set count="557" />
  </mem-info>
</gc-start>
<allocation-stats totalBytes="131210024" discardedBytes="38872" >
  <allocated-bytes non-tlh="296" tlh="131209728" />
  <largest-consumer threadName="Timer-7" threadId="0000000001005000" bytes="3840592" />
</allocation-stats>
<gc-op id="3268" type="scavenge" timems="18.916" contextid="3265" timestamp="2025-12-15T08:27:05.835">
  <scavenger-info tenureage="14" tenuremask="4000" tiltratio="90" />
  <memory-copied type="nursery" objects="2734" bytes="111424" bytesdiscarded="310728" />
  <memory-copied type="tenure" objects="28" bytes="1568" bytesdiscarded="0" />
  <ownableSynchronizers candidates="24754" cleared="24663" />
  <references type="weak" candidates="31" cleared="0" enqueued="0" />
  <object-monitors candidates="166" cleared="0"  />
</gc-op>
<gc-end id="3269" type="scavenge" contextid="3265" durationms="21.533" usertimems="9.788" systemtimems="0.816" stalltimems="26.341" timestamp="2025-12-15T08:27:05.836" activeThreads="16">
  <mem-info id="3270" free="178160456" total="297861120" percent="59">
    <mem type="nursery" free="131108352" total="146145280" percent="89">
      <mem type="allocate" free="131108352" total="131530752" percent="99" />
      <mem type="survivor" free="0" total="14614528" percent="0" />
    </mem>
    <mem type="tenure" free="47052104" total="151715840" percent="31" macro-fragmented="33282812">
      <mem type="soa" free="45534536" total="150198272" percent="30" />
      <mem type="loa" free="1517568" total="1517568" percent="100" />
    </mem>
    <remembered-set count="502" />
  </mem-info>
</gc-end>
<cycle-end id="3271" type="scavenge" contextid="3265" timestamp="2025-12-15T08:27:05.837" />
<allocation-satisfied id="3272" threadId="0000000001A66A00" bytesRequested="176" />
<af-end id="3273" timestamp="2025-12-15T08:27:05.838" threadId="0000000001A67478" success="true" from="nursery"/>
<exclusive-end id="3274" timestamp="2025-12-15T08:27:05.839" durationms="27.271" />

<exclusive-start id="3275" timestamp="2025-12-15T08:31:59.584" intervalms="293771.996">
  <response-info timems="0.110" idlems="0.110" threads="0" lastid="00000000018DAB00" lastname="Default Executor-thread-688" />
</exclusive-start>
<af-start id="3276" threadId="00000000018DB578" totalBytesRequested="16" timestamp="2025-12-15T08:31:59.586" intervalms="293772.994" type="nursery" />
<cycle-start id="3277" type="scavenge" contextid="0" timestamp="2025-12-15T08:31:59.588" intervalms="293773.875" />
<gc-start id="3278" type="scavenge" contextid="3277" timestamp="2025-12-15T08:31:59.590">
  <mem-info id="3279" free="47052104" total="297861120" percent="15">
    <mem type="nursery" free="0" total="146145280" percent="0">
      <mem type="allocate" free="0" total="131530752" percent="0" />
      <mem type="survivor" free="0" total="14614528" percent="0" />
    </mem>
    <mem type="tenure" free="47052104" total="151715840" percent="31">
      <mem type="soa" free="45534536" total="150198272" percent="30" />
      <mem type="loa" free="1517568" total="1517568" percent="100" />
    </mem>
    <remembered-set count="561" />
  </mem-info>
</gc-start>
<allocation-stats totalBytes="131064856" discardedBytes="43496" >
  <allocated-bytes non-tlh="176" tlh="131064680" />
  <largest-consumer threadName="Default Executor-thread-631" threadId="0000000001892500" bytes="3684752" />
</allocation-stats>
<gc-op id="3280" type="scavenge" timems="18.394" contextid="3277" timestamp="2025-12-15T08:31:59.613">
  <scavenger-info tenureage="14" tenuremask="4000" tiltratio="90" />
  <memory-copied type="nursery" objects="2575" bytes="104272" bytesdiscarded="386104" />
  <ownableSynchronizers candidates="24688" cleared="24599" />
  <references type="weak" candidates="31" cleared="0" enqueued="0" />
  <object-monitors candidates="186" cleared="20"  />
</gc-op>
<gc-end id="3281" type="scavenge" contextid="3277" durationms="24.876" usertimems="6.770" systemtimems="19.790" stalltimems="175.291" timestamp="2025-12-15T08:31:59.615" activeThreads="20">
  <mem-info id="3282" free="178092104" total="297861120" percent="59">
    <mem type="nursery" free="131040000" total="146145280" percent="89">
      <mem type="allocate" free="131040000" total="131530752" percent="99" />
      <mem type="survivor" free="0" total="14614528" percent="0" />
    </mem>
    <mem type="tenure" free="47052104" total="151715840" percent="31" macro-fragmented="39939376">
      <mem type="soa" free="45534536" total="150198272" percent="30" />
      <mem type="loa" free="1517568" total="1517568" percent="100" />
    </mem>
    <remembered-set count="502" />
  </mem-info>
</gc-end>
<cycle-end id="3283" type="scavenge" contextid="3277" timestamp="2025-12-15T08:31:59.617" />
<allocation-satisfied id="3284" threadId="00000000018DAB00" bytesRequested="16" />
<af-end id="3285" timestamp="2025-12-15T08:31:59.619" threadId="00000000018DB578" success="true" from="nursery"/>
<exclusive-end id="3286" timestamp="2025-12-15T08:31:59.621" durationms="37.097" />

<exclusive-start id="3287" timestamp="2025-12-15T08:36:52.785" intervalms="293200.725">
  <response-info timems="0.087" idlems="0.087" threads="0" lastid="0000000001993200" lastname="Default Executor-thread-721" />
</exclusive-start>
<af-start id="3288" threadId="0000000001993C78" totalBytesRequested="128" timestamp="2025-12-15T08:36:52.788" intervalms="293202.070" type="nursery" />
<cycle-start id="3289" type="scavenge" contextid="0" timestamp="2025-12-15T08:36:52.791" intervalms="293203.691" />
<gc-start id="3290" type="scavenge" contextid="3289" timestamp="2025-12-15T08:36:52.794">
  <mem-info id="3291" free="47052104" total="297861120" percent="15">
    <mem type="nursery" free="0" total="146145280" percent="0">
      <mem type="allocate" free="0" total="131530752" percent="0" />
      <mem type="survivor" free="0" total="14614528" percent="0" />
    </mem>
    <mem type="tenure" free="47052104" total="151715840" percent="31">
      <mem type="soa" free="45534536" total="150198272" percent="30" />
      <mem type="loa" free="1517568" total="1517568" percent="100" />
    </mem>
    <remembered-set count="564" />
  </mem-info>
</gc-start>
<allocation-stats totalBytes="130990384" discardedBytes="49616" >
  <allocated-bytes non-tlh="16" tlh="130990368" />
  <largest-consumer threadName="Timer-7" threadId="0000000001005000" bytes="3840592" />
</allocation-stats>
<gc-op id="3292" type="scavenge" timems="13.963" contextid="3289" timestamp="2025-12-15T08:36:52.810">
  <scavenger-info tenureage="14" tenuremask="4000" tiltratio="90" />
  <memory-copied type="nursery" objects="2752" bytes="112992" bytesdiscarded="228896" />
  <ownableSynchronizers candidates="24660" cleared="24566" />
  <references type="weak" candidates="35" cleared="0" enqueued="0" />
  <object-monitors candidates="206" cleared="36"  />
</gc-op>
<gc-end id="3293" type="scavenge" contextid="3289" durationms="23.314" usertimems="7.129" systemtimems="12.532" stalltimems="67.565" timestamp="2025-12-15T08:36:52.817" activeThreads="17">
  <mem-info id="3294" free="178240328" total="297861120" percent="59">
    <mem type="nursery" free="131188224" total="146145280" percent="89">
      <mem type="allocate" free="131188224" total="131530752" percent="99" />
      <mem type="survivor" free="0" total="14614528" percent="0" />
    </mem>
    <mem type="tenure" free="47052104" total="151715840" percent="31" macro-fragmented="39939376">
      <mem type="soa" free="45534536" total="150198272" percent="30" />
      <mem type="loa" free="1517568" total="1517568" percent="100" />
    </mem>
    <remembered-set count="503" />
  </mem-info>
</gc-end>
<cycle-end id="3295" type="scavenge" contextid="3289" timestamp="2025-12-15T08:36:52.818" />
<allocation-satisfied id="3296" threadId="0000000001993200" bytesRequested="128" />
<af-end id="3297" timestamp="2025-12-15T08:36:52.820" threadId="0000000001993C78" success="true" from="nursery"/>
<exclusive-end id="3298" timestamp="2025-12-15T08:36:52.821" durationms="36.851" />

<exclusive-start id="3299" timestamp="2025-12-15T08:41:46.952" intervalms="294167.041">
  <response-info timems="0.250" idlems="0.170" threads="1" lastid="0000000001850200" lastname="Default Executor-thread-75" />
</exclusive-start>
<af-start id="3300" threadId="00000000005F4578" totalBytesRequested="16" timestamp="2025-12-15T08:41:46.955" intervalms="294166.667" type="nursery" />
<cycle-start id="3301" type="scavenge" contextid="0" timestamp="2025-12-15T08:41:46.957" intervalms="294166.134" />
<gc-start id="3302" type="scavenge" contextid="3301" timestamp="2025-12-15T08:41:46.961">
  <mem-info id="3303" free="47052104" total="297861120" percent="15">
    <mem type="nursery" free="0" total="146145280" percent="0">
      <mem type="allocate" free="0" total="131530752" percent="0" />
      <mem type="survivor" free="0" total="14614528" percent="0" />
    </mem>
    <mem type="tenure" free="47052104" total="151715840" percent="31">
      <mem type="soa" free="45534536" total="150198272" percent="30" />
      <mem type="loa" free="1517568" total="1517568" percent="100" />
    </mem>
    <remembered-set count="559" />
  </mem-info>
</gc-start>
<allocation-stats totalBytes="131136368" discardedBytes="51856" >
  <allocated-bytes non-tlh="128" tlh="131136240" />
  <largest-consumer threadName="Default Executor-thread-675" threadId="00000000019D8000" bytes="3672160" />
</allocation-stats>
<gc-op id="3304" type="scavenge" timems="8.530" contextid="3301" timestamp="2025-12-15T08:41:46.972">
  <scavenger-info tenureage="14" tenuremask="4000" tiltratio="90" />
  <memory-copied type="nursery" objects="2625" bytes="106872" bytesdiscarded="395688" />
  <ownableSynchronizers candidates="24729" cleared="24635" />
  <references type="weak" candidates="35" cleared="0" enqueued="0" />
  <object-monitors candidates="190" cleared="20"  />
</gc-op>
<gc-end id="3305" type="scavenge" contextid="3301" durationms="14.268" usertimems="2.188" systemtimems="13.931" stalltimems="60.378" timestamp="2025-12-15T08:41:46.975" activeThreads="17">
  <mem-info id="3306" free="178079816" total="297861120" percent="59">
    <mem type="nursery" free="131027712" total="146145280" percent="89">
      <mem type="allocate" free="131027712" total="131530752" percent="99" />
      <mem type="survivor" free="0" total="14614528" percent="0" />
    </mem>
    <mem type="tenure" free="47052104" total="151715840" percent="31" macro-fragmented="23113062">
      <mem type="soa" free="45534536" total="150198272" percent="30" />
      <mem type="loa" free="1517568" total="1517568" percent="100" />
    </mem>
    <remembered-set count="488" />
  </mem-info>
</gc-end>
<cycle-end id="3307" type="scavenge" contextid="3301" timestamp="2025-12-15T08:41:46.977" />
<allocation-satisfied id="3308" threadId="00000000005F3B00" bytesRequested="16" />
<af-end id="3309" timestamp="2025-12-15T08:41:46.979" threadId="00000000005F4578" success="true" from="nursery"/>
<exclusive-end id="3310" timestamp="2025-12-15T08:41:46.979" durationms="27.712" />

<exclusive-start id="3311" timestamp="2025-12-15T08:46:42.236" intervalms="295284.177">
  <response-info timems="0.124" idlems="0.124" threads="0" lastid="00000000018A4A00" lastname="Default Executor-thread-31" />
</exclusive-start>
<af-start id="3312" threadId="00000000018A5478" totalBytesRequested="56" timestamp="2025-12-15T08:46:42.237" intervalms="295282.518" type="nursery" />
<cycle-start id="3313" type="scavenge" contextid="0" timestamp="2025-12-15T08:46:42.238" intervalms="295280.653" />
<gc-start id="3314" type="scavenge" contextid="3313" timestamp="2025-12-15T08:46:42.239">
  <mem-info id="3315" free="47052104" total="297861120" percent="15">
    <mem type="nursery" free="0" total="146145280" percent="0">
      <mem type="allocate" free="0" total="131530752" percent="0" />
      <mem type="survivor" free="0" total="14614528" percent="0" />
    </mem>
    <mem type="tenure" free="47052104" total="151715840" percent="31">
      <mem type="soa" free="45534536" total="150198272" percent="30" />
      <mem type="loa" free="1517568" total="1517568" percent="100" />
    </mem>
    <remembered-set count="546" />
  </mem-info>
</gc-start>
<allocation-stats totalBytes="130988024" discardedBytes="39688" >
  <allocated-bytes non-tlh="16" tlh="130988008" />
  <largest-consumer threadName="Timer-7" threadId="0000000001005000" bytes="3840592" />
</allocation-stats>
<gc-op id="3316" type="scavenge" timems="10.151" contextid="3313" timestamp="2025-12-15T08:46:42.253">
  <scavenger-info tenureage="14" tenuremask="4000" tiltratio="90" />
  <memory-copied type="nursery" objects="2554" bytes="104864" bytesdiscarded="331840" />
  <ownableSynchronizers candidates="24799" cleared="24705" />
  <references type="weak" candidates="35" cleared="0" enqueued="0" />
  <object-monitors candidates="170" cleared="0"  />
</gc-op>
<gc-end id="3317" type="scavenge" contextid="3313" durationms="14.149" usertimems="2.867" systemtimems="6.587" stalltimems="18.300" timestamp="2025-12-15T08:46:42.253" activeThreads="14">
  <mem-info id="3318" free="178145864" total="297861120" percent="59">
    <mem type="nursery" free="131093760" total="146145280" percent="89">
      <mem type="allocate" free="131093760" total="131530752" percent="99" />
      <mem type="survivor" free="0" total="14614528" percent="0" />
    </mem>
    <mem type="tenure" free="47052104" total="151715840" percent="31" macro-fragmented="39939376">
      <mem type="soa" free="45534536" total="150198272" percent="30" />
      <mem type="loa" free="1517568" total="1517568" percent="100" />
    </mem>
    <remembered-set count="485" />
  </mem-info>
</gc-end>
<cycle-end id="3319" type="scavenge" contextid="3313" timestamp="2025-12-15T08:46:42.254" />
<allocation-satisfied id="3320" threadId="00000000018A4A00" bytesRequested="56" />
<af-end id="3321" timestamp="2025-12-15T08:46:42.256" threadId="00000000018A5478" success="true" from="nursery"/>
<exclusive-end id="3322" timestamp="2025-12-15T08:46:42.256" durationms="20.296" />

<exclusive-start id="3323" timestamp="2025-12-15T08:51:33.595" intervalms="291359.322">
  <response-info timems="0.078" idlems="0.078" threads="0" lastid="000000000187D500" lastname="Default Executor-thread-799" />
</exclusive-start>
<af-start id="3324" threadId="000000000187DF78" totalBytesRequested="24" timestamp="2025-12-15T08:51:33.602" intervalms="291364.943" type="nursery" />
<cycle-start id="3325" type="scavenge" contextid="0" timestamp="2025-12-15T08:51:33.603" intervalms="291365.186" />
<gc-start id="3326" type="scavenge" contextid="3325" timestamp="2025-12-15T08:51:33.606">
  <mem-info id="3327" free="47052104" total="297861120" percent="15">
    <mem type="nursery" free="0" total="146145280" percent="0">
      <mem type="allocate" free="0" total="131530752" percent="0" />
      <mem type="survivor" free="0" total="14614528" percent="0" />
    </mem>
    <mem type="tenure" free="47052104" total="151715840" percent="31">
      <mem type="soa" free="45534536" total="150198272" percent="30" />
      <mem type="loa" free="1517568" total="1517568" percent="100" />
    </mem>
    <remembered-set count="544" />
  </mem-info>
</gc-start>
<allocation-stats totalBytes="131039992" discardedBytes="53768" >
  <allocated-bytes non-tlh="56" tlh="131039936" />
  <largest-consumer threadName="Timer-7" threadId="0000000001005000" bytes="3840592" />
</allocation-stats>
<gc-op id="3328" type="scavenge" timems="16.605" contextid="3325" timestamp="2025-12-15T08:51:33.629">
  <scavenger-info tenureage="14" tenuremask="4000" tiltratio="90" />
  <memory-copied type="nursery" objects="2696" bytes="110320" bytesdiscarded="305312" />
  <memory-copied type="tenure" objects="14" bytes="784" bytesdiscarded="0" />
  <ownableSynchronizers candidates="24504" cleared="24409" />
  <references type="weak" candidates="35" cleared="0" enqueued="0" />
  <object-monitors candidates="210" cleared="39"  />
</gc-op>
<gc-end id="3329" type="scavenge" contextid="3325" durationms="24.028" usertimems="7.272" systemtimems="6.480" stalltimems="79.792" timestamp="2025-12-15T08:51:33.630" activeThreads="15">
  <mem-info id="3330" free="178125128" total="297861120" percent="59">
    <mem type="nursery" free="131114496" total="146145280" percent="89">
      <mem type="allocate" free="131114496" total="131530752" percent="99" />
      <mem type="survivor" free="0" total="14614528" percent="0" />
    </mem>
    <mem type="tenure" free="47010632" total="151715840" percent="30" macro-fragmented="27735676">
      <mem type="soa" free="45493064" total="150198272" percent="30" />
      <mem type="loa" free="1517568" total="1517568" percent="100" />
    </mem>
    <remembered-set count="491" />
  </mem-info>
</gc-end>
<cycle-end id="3331" type="scavenge" contextid="3325" timestamp="2025-12-15T08:51:33.631" />
<allocation-satisfied id="3332" threadId="000000000187D500" bytesRequested="24" />
<af-end id="3333" timestamp="2025-12-15T08:51:33.637" threadId="000000000187DF78" success="true" from="nursery"/>
<exclusive-end id="3334" timestamp="2025-12-15T08:51:33.637" durationms="42.357" />

<exclusive-start id="3335" timestamp="2025-12-15T08:54:10.221" intervalms="156625.603">
  <response-info timems="0.056" idlems="0.056" threads="0" lastid="00000000001D0800" lastname="VM Runtime State Listener" />
</exclusive-start>
<sys-start reason="vm idle" id="3336" timestamp="2025-12-15T08:54:10.222" intervalms="4304167.654" />
<cycle-start id="3337" type="global" contextid="0" timestamp="2025-12-15T08:54:10.224" intervalms="4304167.238" />
<gc-start id="3338" type="global" contextid="3337" timestamp="2025-12-15T08:54:10.225">
  <mem-info id="3339" free="107465008" total="297861120" percent="36">
    <mem type="nursery" free="60454376" total="146145280" percent="41">
      <mem type="allocate" free="60454376" total="131530752" percent="45" />
      <mem type="survivor" free="0" total="14614528" percent="0" />
    </mem>
    <mem type="tenure" free="47010632" total="151715840" percent="30">
      <mem type="soa" free="45493064" total="150198272" percent="30" />
      <mem type="loa" free="1517568" total="1517568" percent="100" />
    </mem>
    <remembered-set count="544" />
  </mem-info>
</gc-start>
<allocation-stats totalBytes="70636960" discardedBytes="23160" >
  <allocated-bytes non-tlh="24" tlh="70636936" />
  <largest-consumer threadName="Default Executor-thread-710" threadId="000000000187EE00" bytes="2088536" />
</allocation-stats>
<gc-op id="3340" type="mark" timems="64.222" contextid="3337" timestamp="2025-12-15T08:54:10.292">
  <trace-info objectcount="2068113" scancount="1785437" scanbytes="67426404" />
  <finalization candidates="901" enqueued="0" />
  <ownableSynchronizers candidates="22639" cleared="13110" />
  <references type="soft" candidates="7386" cleared="0" enqueued="0" dynamicThreshold="9" maxThreshold="32" />
  <references type="weak" candidates="16496" cleared="0" enqueued="0" />
  <references type="phantom" candidates="1342" cleared="0" enqueued="0" />
  <stringconstants candidates="48108" cleared="0"  />
  <object-monitors candidates="171" cleared="6"  />
</gc-op>
<gc-op id="3341" type="classunload" timems="0.042" contextid="3337" timestamp="2025-12-15T08:54:10.293">
  <classunload-info classloadercandidates="495" classloadersunloaded="0" classesunloaded="0" anonymousclassesunloaded="0" quiescems="0.000" setupms="0.042" scanms="0.000" postms="0.000" />
</gc-op>
<gc-op id="3342" type="sweep" timems="2.460" contextid="3337" timestamp="2025-12-15T08:54:10.296" />
<mem-info id="3343" free="178357032" total="297861120" percent="59">
  <mem type="nursery" free="131209064" total="146145280" percent="89">
    <mem type="allocate" free="131209064" total="131530752" percent="99" />
    <mem type="survivor" free="0" total="14614528" percent="0" />
  </mem>
  <mem type="tenure" free="47147968" total="151715840" percent="31" micro-fragmented="513" macro-fragmented="27735676">
    <mem type="soa" free="45630400" total="150198272" percent="30" />
    <mem type="loa" free="1517568" total="1517568" percent="100" />
  </mem>
  <remembered-set count="538" />
</mem-info>
<gc-op id="3344" type="compact" timems="116.151" contextid="3337" timestamp="2025-12-15T08:54:10.413">
  <compact-info movecount="1923592" movebytes="97008192" reason="compact on aggressive collection" />
</gc-op>
<gc-end id="3345" type="global" contextid="3337" durationms="188.535" usertimems="1177.493" systemtimems="63.467" stalltimems="634.500" timestamp="2025-12-15T08:54:10.414" activeThreads="20">
  <mem-info id="3346" free="178585576" total="297861120" percent="59">
    <mem type="nursery" free="131421528" total="146145280" percent="89">
      <mem type="allocate" free="131421528" total="131530752" percent="99" />
      <mem type="survivor" free="0" total="14614528" percent="0" />
    </mem>
    <mem type="tenure" free="47164048" total="151715840" percent="31">
      <mem type="soa" free="45646480" total="150198272" percent="30" />
      <mem type="loa" free="1517568" total="1517568" percent="100" />
    </mem>
    <remembered-set count="538" />
  </mem-info>
</gc-end>
<cycle-end id="3347" type="global" contextid="3337" timestamp="2025-12-15T08:54:10.415" />
<sys-end id="3348" timestamp="2025-12-15T08:54:10.415" />
<exclusive-end id="3349" timestamp="2025-12-15T08:54:10.415" durationms="194.606" />

<heap-resize id="3350" type="release free pages" space="tenure" amount="47136768" count="1" timems="1.081" reason="idle" timestamp="2025-12-15T08:54:10.417" />
<exclusive-start id="3351" timestamp="2025-12-15T08:59:07.418" intervalms="297197.421">
  <response-info timems="0.084" idlems="0.084" threads="0" lastid="0000000000872F00" lastname="Default Executor-thread-749" />
</exclusive-start>
<af-start id="3352" threadId="0000000000873978" totalBytesRequested="264" timestamp="2025-12-15T08:59:07.421" intervalms="453819.291" type="nursery" />
<cycle-start id="3353" type="scavenge" contextid="0" timestamp="2025-12-15T08:59:07.424" intervalms="453820.845" />
<gc-start id="3354" type="scavenge" contextid="3353" timestamp="2025-12-15T08:59:07.429">
  <mem-info id="3355" free="47164048" total="297861120" percent="15">
    <mem type="nursery" free="0" total="146145280" percent="0">
      <mem type="allocate" free="0" total="131530752" percent="0" />
      <mem type="survivor" free="0" total="14614528" percent="0" />
    </mem>
    <mem type="tenure" free="47164048" total="151715840" percent="31">
      <mem type="soa" free="45646480" total="150198272" percent="30" />
      <mem type="loa" free="1517568" total="1517568" percent="100" />
    </mem>
    <remembered-set count="544" />
  </mem-info>
</gc-start>
<allocation-stats totalBytes="131381264" discardedBytes="40264" >
  <allocated-bytes non-tlh="0" tlh="131381264" />
  <largest-consumer threadName="Default Executor-thread-779" threadId="0000000000831B00" bytes="3769800" />
</allocation-stats>
<gc-op id="3356" type="scavenge" timems="37.210" contextid="3353" timestamp="2025-12-15T08:59:07.471">
  <scavenger-info tenureage="14" tenuremask="4000" tiltratio="90" />
  <memory-copied type="nursery" objects="2651" bytes="108120" bytesdiscarded="301712" />
  <ownableSynchronizers candidates="43808" cleared="43715" />
  <references type="weak" candidates="35" cleared="0" enqueued="0" />
  <object-monitors candidates="165" cleared="0"  />
</gc-op>
<gc-end id="3357" type="scavenge" contextid="3353" durationms="43.299" usertimems="4.440" systemtimems="17.798" stalltimems="100.144" timestamp="2025-12-15T08:59:07.472" activeThreads="14">
  <mem-info id="3358" free="178284688" total="297861120" percent="59">
    <mem type="nursery" free="131120640" total="146145280" percent="89">
      <mem type="allocate" free="131120640" total="131530752" percent="99" />
      <mem type="survivor" free="0" total="14614528" percent="0" />
    </mem>
    <mem type="tenure" free="47164048" total="151715840" percent="31" macro-fragmented="0">
      <mem type="soa" free="45646480" total="150198272" percent="30" />
      <mem type="loa" free="1517568" total="1517568" percent="100" />
    </mem>
    <remembered-set count="485" />
  </mem-info>
</gc-end>
<cycle-end id="3359" type="scavenge" contextid="3353" timestamp="2025-12-15T08:59:07.474" />
<allocation-satisfied id="3360" threadId="0000000000872F00" bytesRequested="264" />
<af-end id="3361" timestamp="2025-12-15T08:59:07.475" threadId="0000000000873978" success="true" from="nursery"/>
<exclusive-end id="3362" timestamp="2025-12-15T08:59:07.476" durationms="57.976" />

<exclusive-start id="3363" timestamp="2025-12-15T08:59:30.770" intervalms="23352.243">
  <response-info timems="0.077" idlems="0.077" threads="0" lastid="00000000001D0800" lastname="VM Runtime State Listener" />
</exclusive-start>
<sys-start reason="vm idle" id="3364" timestamp="2025-12-15T08:59:30.771" intervalms="320548.923" />
<cycle-start id="3365" type="global" contextid="0" timestamp="2025-12-15T08:59:30.772" intervalms="320548.029" />
<gc-start id="3366" type="global" contextid="3365" timestamp="2025-12-15T08:59:30.773">
  <mem-info id="3367" free="166119304" total="297861120" percent="55">
    <mem type="nursery" free="118955256" total="146145280" percent="81">
      <mem type="allocate" free="118955256" total="131530752" percent="90" />
      <mem type="survivor" free="0" total="14614528" percent="0" />
    </mem>
    <mem type="tenure" free="47164048" total="151715840" percent="31">
      <mem type="soa" free="45646480" total="150198272" percent="30" />
      <mem type="loa" free="1517568" total="1517568" percent="100" />
    </mem>
    <remembered-set count="537" />
  </mem-info>
</gc-start>
<allocation-stats totalBytes="12162104" discardedBytes="3280" >
  <allocated-bytes non-tlh="264" tlh="12161840" />
  <largest-consumer threadName="Default Executor-thread-782" threadId="00000000019DA500" bytes="491392" />
</allocation-stats>
<gc-op id="3368" type="mark" timems="47.089" contextid="3365" timestamp="2025-12-15T08:59:30.821">
  <trace-info objectcount="2068018" scancount="1785319" scanbytes="67424576" />
  <finalization candidates="901" enqueued="0" />
  <ownableSynchronizers candidates="11489" cleared="1960" />
  <references type="soft" candidates="7386" cleared="0" enqueued="0" dynamicThreshold="9" maxThreshold="32" />
  <references type="weak" candidates="16496" cleared="0" enqueued="0" />
  <references type="phantom" candidates="1342" cleared="0" enqueued="0" />
  <stringconstants candidates="48108" cleared="0"  />
  <object-monitors candidates="165" cleared="0"  />
</gc-op>
<gc-op id="3369" type="classunload" timems="0.034" contextid="3365" timestamp="2025-12-15T08:59:30.822">
  <classunload-info classloadercandidates="495" classloadersunloaded="0" classesunloaded="0" anonymousclassesunloaded="0" quiescems="0.000" setupms="0.034" scanms="0.000" postms="0.000" />
</gc-op>
<gc-op id="3370" type="sweep" timems="2.021" contextid="3365" timestamp="2025-12-15T08:59:30.825" />
<gc-end id="3371" type="global" contextid="3365" durationms="52.640" usertimems="310.949" systemtimems="45.456" stalltimems="431.666" timestamp="2025-12-15T08:59:30.825" activeThreads="20">
  <mem-info id="3372" free="178400376" total="297861120" percent="59">
    <mem type="nursery" free="131236328" total="146145280" percent="89">
      <mem type="allocate" free="131236328" total="131530752" percent="99" />
      <mem type="survivor" free="0" total="14614528" percent="0" />
    </mem>
    <mem type="tenure" free="47164048" total="151715840" percent="31" micro-fragmented="0" macro-fragmented="39939376">
      <mem type="soa" free="45646480" total="150198272" percent="30" />
      <mem type="loa" free="1517568" total="1517568" percent="100" />
    </mem>
    <remembered-set count="537" />
  </mem-info>
</gc-end>
<cycle-end id="3373" type="global" contextid="3365" timestamp="2025-12-15T08:59:30.826" />
<sys-end id="3374" timestamp="2025-12-15T08:59:30.827" />
<exclusive-end id="3375" timestamp="2025-12-15T08:59:30.827" durationms="56.723" />

<heap-resize id="3376" type="release free pages" space="tenure" amount="47136768" count="1" timems="0.711" reason="idle" timestamp="2025-12-15T08:59:30.828" />
<exclusive-start id="3377" timestamp="2025-12-15T09:04:28.173" intervalms="297402.912">
  <response-info timems="0.076" idlems="0.076" threads="0" lastid="0000000000DE7A00" lastname="Timer-6" />
</exclusive-start>
<af-start id="3378" threadId="0000000000DE8478" totalBytesRequested="64" timestamp="2025-12-15T09:04:28.188" intervalms="320766.472" type="nursery" />
<cycle-start id="3379" type="scavenge" contextid="0" timestamp="2025-12-15T09:04:28.192" intervalms="320767.726" />
<gc-start id="3380" type="scavenge" contextid="3379" timestamp="2025-12-15T09:04:28.206">
  <mem-info id="3381" free="47164048" total="297861120" percent="15">
    <mem type="nursery" free="0" total="146145280" percent="0">
      <mem type="allocate" free="0" total="131530752" percent="0" />
      <mem type="survivor" free="0" total="14614528" percent="0" />
    </mem>
    <mem type="tenure" free="47164048" total="151715840" percent="31">
      <mem type="soa" free="45646480" total="150198272" percent="30" />
      <mem type="loa" free="1517568" total="1517568" percent="100" />
    </mem>
    <remembered-set count="544" />
  </mem-info>
</gc-start>
<allocation-stats totalBytes="131187296" discardedBytes="49032" >
  <allocated-bytes non-tlh="1160" tlh="131186136" />
  <largest-consumer threadName="Default Executor-thread-799" threadId="000000000187D500" bytes="3824040" />
</allocation-stats>
<gc-op id="3382" type="scavenge" timems="30.511" contextid="3379" timestamp="2025-12-15T09:04:28.249">
  <scavenger-info tenureage="14" tenuremask="4000" tiltratio="90" />
  <memory-copied type="nursery" objects="2547" bytes="104504" bytesdiscarded="412848" />
  <ownableSynchronizers candidates="43932" cleared="43839" />
  <references type="weak" candidates="35" cleared="0" enqueued="0" />
  <object-monitors candidates="165" cleared="0"  />
</gc-op>
<gc-end id="3383" type="scavenge" contextid="3379" durationms="45.334" usertimems="7.634" systemtimems="11.533" stalltimems="49.796" timestamp="2025-12-15T09:04:28.251" activeThreads="17">
  <mem-info id="3384" free="178177168" total="297861120" percent="59">
    <mem type="nursery" free="131013120" total="146145280" percent="89">
      <mem type="allocate" free="131013120" total="131530752" percent="99" />
      <mem type="survivor" free="0" total="14614528" percent="0" />
    </mem>
    <mem type="tenure" free="47164048" total="151715840" percent="31" macro-fragmented="23113062">
      <mem type="soa" free="45646480" total="150198272" percent="30" />
      <mem type="loa" free="1517568" total="1517568" percent="100" />
    </mem>
    <remembered-set count="484" />
  </mem-info>
</gc-end>
<cycle-end id="3385" type="scavenge" contextid="3379" timestamp="2025-12-15T09:04:28.253" />
<allocation-satisfied id="3386" threadId="0000000000DE7A00" bytesRequested="64" />
<af-end id="3387" timestamp="2025-12-15T09:04:28.255" threadId="0000000000DE8478" success="true" from="nursery"/>
<exclusive-end id="3388" timestamp="2025-12-15T09:04:28.256" durationms="82.316" />

<exclusive-start id="3389" timestamp="2025-12-15T09:09:24.075" intervalms="295902.112">
  <response-info timems="0.062" idlems="0.062" threads="0" lastid="00000000018A4A00" lastname="Default Executor-thread-31" />
</exclusive-start>
<af-start id="3390" threadId="00000000018A5478" totalBytesRequested="40" timestamp="2025-12-15T09:09:24.083" intervalms="295895.296" type="nursery" />
<cycle-start id="3391" type="scavenge" contextid="0" timestamp="2025-12-15T09:09:24.086" intervalms="295893.844" />
<gc-start id="3392" type="scavenge" contextid="3391" timestamp="2025-12-15T09:09:24.089">
  <mem-info id="3393" free="47164048" total="297861120" percent="15">
    <mem type="nursery" free="0" total="146145280" percent="0">
      <mem type="allocate" free="0" total="131530752" percent="0" />
      <mem type="survivor" free="0" total="14614528" percent="0" />
    </mem>
    <mem type="tenure" free="47164048" total="151715840" percent="31">
      <mem type="soa" free="45646480" total="150198272" percent="30" />
      <mem type="loa" free="1517568" total="1517568" percent="100" />
    </mem>
    <remembered-set count="542" />
  </mem-info>
</gc-start>
<allocation-stats totalBytes="130975000" discardedBytes="38120" >
  <allocated-bytes non-tlh="64" tlh="130974936" />
  <largest-consumer threadName="Timer-7" threadId="0000000001005000" bytes="3857168" />
</allocation-stats>
<gc-op id="3394" type="scavenge" timems="16.044" contextid="3391" timestamp="2025-12-15T09:09:24.109">
  <scavenger-info tenureage="14" tenuremask="4000" tiltratio="90" />
  <memory-copied type="nursery" objects="2690" bytes="110816" bytesdiscarded="445704" />
  <ownableSynchronizers candidates="24872" cleared="24779" />
  <references type="weak" candidates="35" cleared="0" enqueued="0" />
  <object-monitors candidates="165" cleared="0"  />
</gc-op>
<gc-end id="3395" type="scavenge" contextid="3391" durationms="22.376" usertimems="6.127" systemtimems="12.812" stalltimems="176.738" timestamp="2025-12-15T09:09:24.111" activeThreads="19">
  <mem-info id="3396" free="178138000" total="297861120" percent="59">
    <mem type="nursery" free="130973952" total="146145280" percent="89">
      <mem type="allocate" free="130973952" total="131530752" percent="99" />
      <mem type="survivor" free="0" total="14614528" percent="0" />
    </mem>
    <mem type="tenure" free="47164048" total="151715840" percent="31" macro-fragmented="39939376">
      <mem type="soa" free="45646480" total="150198272" percent="30" />
      <mem type="loa" free="1517568" total="1517568" percent="100" />
    </mem>
    <remembered-set count="483" />
  </mem-info>
</gc-end>
<cycle-end id="3397" type="scavenge" contextid="3391" timestamp="2025-12-15T09:09:24.113" />
<allocation-satisfied id="3398" threadId="00000000018A4A00" bytesRequested="40" />
<af-end id="3399" timestamp="2025-12-15T09:09:24.116" threadId="00000000018A5478" success="true" from="nursery"/>
<exclusive-end id="3400" timestamp="2025-12-15T09:09:24.117" durationms="41.782" />

<exclusive-start id="3401" timestamp="2025-12-15T09:14:18.374" intervalms="294298.663">
  <response-info timems="0.082" idlems="0.082" threads="0" lastid="000000000187E200" lastname="Default Executor-thread-800" />
</exclusive-start>
<af-start id="3402" threadId="000000000187EC78" totalBytesRequested="48" timestamp="2025-12-15T09:14:18.376" intervalms="294292.508" type="nursery" />
<cycle-start id="3403" type="scavenge" contextid="0" timestamp="2025-12-15T09:14:18.378" intervalms="294291.890" />
<gc-start id="3404" type="scavenge" contextid="3403" timestamp="2025-12-15T09:14:18.379">
  <mem-info id="3405" free="47164048" total="297861120" percent="15">
    <mem type="nursery" free="0" total="146145280" percent="0">
      <mem type="allocate" free="0" total="131530752" percent="0" />
      <mem type="survivor" free="0" total="14614528" percent="0" />
    </mem>
    <mem type="tenure" free="47164048" total="151715840" percent="31">
      <mem type="soa" free="45646480" total="150198272" percent="30" />
      <mem type="loa" free="1517568" total="1517568" percent="100" />
    </mem>
    <remembered-set count="541" />
  </mem-info>
</gc-start>
<allocation-stats totalBytes="130936296" discardedBytes="37656" >
  <allocated-bytes non-tlh="40" tlh="130936256" />
  <largest-consumer threadName="Timer-7" threadId="0000000001005000" bytes="3857168" />
</allocation-stats>
<gc-op id="3406" type="scavenge" timems="19.044" contextid="3403" timestamp="2025-12-15T09:14:18.399">
  <scavenger-info tenureage="14" tenuremask="4000" tiltratio="90" />
  <memory-copied type="nursery" objects="2722" bytes="111072" bytesdiscarded="344080" />
  <memory-copied type="tenure" objects="14" bytes="784" bytesdiscarded="0" />
  <ownableSynchronizers candidates="24713" cleared="24620" />
  <references type="weak" candidates="34" cleared="0" enqueued="0" />
  <object-monitors candidates="165" cleared="0"  />
</gc-op>
<gc-end id="3407" type="scavenge" contextid="3403" durationms="21.267" usertimems="3.665" systemtimems="13.061" stalltimems="117.826" timestamp="2025-12-15T09:14:18.400" activeThreads="15">
  <mem-info id="3408" free="178206096" total="297861120" percent="59">
    <mem type="nursery" free="131075328" total="146145280" percent="89">
      <mem type="allocate" free="131075328" total="131530752" percent="99" />
      <mem type="survivor" free="0" total="14614528" percent="0" />
    </mem>
    <mem type="tenure" free="47130768" total="151715840" percent="31" macro-fragmented="33282812">
      <mem type="soa" free="45613200" total="150198272" percent="30" />
      <mem type="loa" free="1517568" total="1517568" percent="100" />
    </mem>
    <remembered-set count="488" />
  </mem-info>
</gc-end>
<cycle-end id="3409" type="scavenge" contextid="3403" timestamp="2025-12-15T09:14:18.402" />
<allocation-satisfied id="3410" threadId="000000000187E200" bytesRequested="48" />
<af-end id="3411" timestamp="2025-12-15T09:14:18.404" threadId="000000000187EC78" success="true" from="nursery"/>
<exclusive-end id="3412" timestamp="2025-12-15T09:14:18.405" durationms="30.842" />

<exclusive-start id="3413" timestamp="2025-12-15T09:19:13.580" intervalms="295206.160">
  <response-info timems="0.080" idlems="0.080" threads="0" lastid="0000000000872F00" lastname="Default Executor-thread-749" />
</exclusive-start>
<af-start id="3414" threadId="0000000000873978" totalBytesRequested="184" timestamp="2025-12-15T09:19:13.581" intervalms="295205.931" type="nursery" />
<cycle-start id="3415" type="scavenge" contextid="0" timestamp="2025-12-15T09:19:13.583" intervalms="295205.008" />
<gc-start id="3416" type="scavenge" contextid="3415" timestamp="2025-12-15T09:19:13.584">
  <mem-info id="3417" free="47130768" total="297861120" percent="15">
    <mem type="nursery" free="0" total="146145280" percent="0">
      <mem type="allocate" free="0" total="131530752" percent="0" />
      <mem type="survivor" free="0" total="14614528" percent="0" />
    </mem>
    <mem type="tenure" free="47130768" total="151715840" percent="31">
      <mem type="soa" free="45613200" total="150198272" percent="30" />
      <mem type="loa" free="1517568" total="1517568" percent="100" />
    </mem>
    <remembered-set count="547" />
  </mem-info>
</gc-start>
<allocation-stats totalBytes="131037672" discardedBytes="37656" >
  <allocated-bytes non-tlh="48" tlh="131037624" />
  <largest-consumer threadName="Timer-7" threadId="0000000001005000" bytes="3642848" />
</allocation-stats>
<gc-op id="3418" type="scavenge" timems="22.589" contextid="3415" timestamp="2025-12-15T09:19:13.608">
  <scavenger-info tenureage="5" tenuremask="4020" tiltratio="90" />
  <memory-copied type="nursery" objects="2397" bytes="93752" bytesdiscarded="221792" />
  <memory-copied type="tenure" objects="377" bytes="20088" bytesdiscarded="0" />
  <ownableSynchronizers candidates="24763" cleared="24671" />
  <references type="weak" candidates="13" cleared="0" enqueued="0" />
  <object-monitors candidates="165" cleared="0"  />
</gc-op>
<gc-end id="3419" type="scavenge" contextid="3415" durationms="25.704" usertimems="11.573" systemtimems="6.255" stalltimems="102.903" timestamp="2025-12-15T09:19:13.610" activeThreads="15">
  <mem-info id="3420" free="178123920" total="297861120" percent="59">
    <mem type="nursery" free="131215104" total="146145280" percent="89">
      <mem type="allocate" free="131215104" total="131530752" percent="99" />
      <mem type="survivor" free="0" total="14614528" percent="0" />
    </mem>
    <mem type="tenure" free="46908816" total="151715840" percent="30" macro-fragmented="39939376">
      <mem type="soa" free="45391248" total="150198272" percent="30" />
      <mem type="loa" free="1517568" total="1517568" percent="100" />
    </mem>
    <remembered-set count="610" />
  </mem-info>
</gc-end>
<cycle-end id="3421" type="scavenge" contextid="3415" timestamp="2025-12-15T09:19:13.610" />
<allocation-satisfied id="3422" threadId="0000000000872F00" bytesRequested="184" />
<af-end id="3423" timestamp="2025-12-15T09:19:13.612" threadId="0000000000873978" success="true" from="nursery"/>
<exclusive-end id="3424" timestamp="2025-12-15T09:19:13.612" durationms="31.949" />

<exclusive-start id="3425" timestamp="2025-12-15T09:24:10.400" intervalms="296820.176">
  <response-info timems="0.048" idlems="0.048" threads="0" lastid="0000000001901400" lastname="Default Executor-thread-797" />
</exclusive-start>
<af-start id="3426" threadId="0000000001901E78" totalBytesRequested="32" timestamp="2025-12-15T09:24:10.401" intervalms="296819.952" type="nursery" />
<cycle-start id="3427" type="scavenge" contextid="0" timestamp="2025-12-15T09:24:10.403" intervalms="296819.902" />
<gc-start id="3428" type="scavenge" contextid="3427" timestamp="2025-12-15T09:24:10.403">
  <mem-info id="3429" free="46908816" total="297861120" percent="15">
    <mem type="nursery" free="0" total="146145280" percent="0">
      <mem type="allocate" free="0" total="131530752" percent="0" />
      <mem type="survivor" free="0" total="14614528" percent="0" />
    </mem>
    <mem type="tenure" free="46908816" total="151715840" percent="30">
      <mem type="soa" free="45391248" total="150198272" percent="30" />
      <mem type="loa" free="1517568" total="1517568" percent="100" />
    </mem>
    <remembered-set count="667" />
  </mem-info>
</gc-start>
<allocation-stats totalBytes="131177096" discardedBytes="38008" >
  <allocated-bytes non-tlh="184" tlh="131176912" />
  <largest-consumer threadName="Default Executor-thread-736" threadId="0000000001902000" bytes="3779808" />
</allocation-stats>
<gc-op id="3430" type="scavenge" timems="7.715" contextid="3427" timestamp="2025-12-15T09:24:10.412">
  <scavenger-info tenureage="9" tenuremask="4200" tiltratio="90" />
  <memory-copied type="nursery" objects="2308" bytes="88032" bytesdiscarded="225264" />
  <memory-copied type="tenure" objects="98" bytes="5488" bytesdiscarded="0" />
  <ownableSynchronizers candidates="24933" cleared="24862" />
  <references type="weak" candidates="6" cleared="0" enqueued="0" />
  <object-monitors candidates="165" cleared="0"  />
</gc-op>
<gc-end id="3431" type="scavenge" contextid="3427" durationms="9.755" usertimems="11.026" systemtimems="3.341" stalltimems="65.183" timestamp="2025-12-15T09:24:10.413" activeThreads="16">
  <mem-info id="3432" free="178027240" total="297861120" percent="59">
    <mem type="nursery" free="131217408" total="146145280" percent="89">
      <mem type="allocate" free="131217408" total="131530752" percent="99" />
      <mem type="survivor" free="0" total="14614528" percent="0" />
    </mem>
    <mem type="tenure" free="46809832" total="151715840" percent="30" macro-fragmented="27735676">
      <mem type="soa" free="45292264" total="150198272" percent="30" />
      <mem type="loa" free="1517568" total="1517568" percent="100" />
    </mem>
    <remembered-set count="637" />
  </mem-info>
</gc-end>
<cycle-end id="3433" type="scavenge" contextid="3427" timestamp="2025-12-15T09:24:10.414" />
<allocation-satisfied id="3434" threadId="0000000001901400" bytesRequested="32" />
<af-end id="3435" timestamp="2025-12-15T09:24:10.414" threadId="0000000001901E78" success="true" from="nursery"/>
<exclusive-end id="3436" timestamp="2025-12-15T09:24:10.414" durationms="14.073" />

<exclusive-start id="3437" timestamp="2025-12-15T09:29:05.682" intervalms="295281.452">
  <response-info timems="0.112" idlems="0.112" threads="0" lastid="000000000184F500" lastname="Default Executor-thread-773" />
</exclusive-start>
<af-start id="3438" threadId="000000000184FF78" totalBytesRequested="24" timestamp="2025-12-15T09:29:05.684" intervalms="295282.514" type="nursery" />
<cycle-start id="3439" type="scavenge" contextid="0" timestamp="2025-12-15T09:29:05.686" intervalms="295283.002" />
<gc-start id="3440" type="scavenge" contextid="3439" timestamp="2025-12-15T09:29:05.687">
  <mem-info id="3441" free="46809832" total="297861120" percent="15">
    <mem type="nursery" free="0" total="146145280" percent="0">
      <mem type="allocate" free="0" total="131530752" percent="0" />
      <mem type="survivor" free="0" total="14614528" percent="0" />
    </mem>
    <mem type="tenure" free="46809832" total="151715840" percent="30">
      <mem type="soa" free="45292264" total="150198272" percent="30" />
      <mem type="loa" free="1517568" total="1517568" percent="100" />
    </mem>
    <remembered-set count="697" />
  </mem-info>
</gc-start>
<allocation-stats totalBytes="131182648" discardedBytes="34760" >
  <allocated-bytes non-tlh="32" tlh="131182616" />
  <largest-consumer threadName="Default Executor-thread-770" threadId="000000000086B100" bytes="3810440" />
</allocation-stats>
<gc-op id="3442" type="scavenge" timems="17.948" contextid="3439" timestamp="2025-12-15T09:29:05.707">
  <scavenger-info tenureage="14" tenuremask="4000" tiltratio="90" />
  <memory-copied type="nursery" objects="2076" bytes="78616" bytesdiscarded="216000" />
  <ownableSynchronizers candidates="24769" cleared="24705" />
  <references type="weak" candidates="6" cleared="0" enqueued="0" />
  <object-monitors candidates="165" cleared="0"  />
</gc-op>
<gc-end id="3443" type="scavenge" contextid="3439" durationms="24.888" usertimems="6.828" systemtimems="10.097" stalltimems="122.186" timestamp="2025-12-15T09:29:05.712" activeThreads="13">
  <mem-info id="3444" free="178045920" total="297861120" percent="59">
    <mem type="nursery" free="131236088" total="146145280" percent="89">
      <mem type="allocate" free="131236088" total="131530752" percent="99" />
      <mem type="survivor" free="0" total="14614528" percent="0" />
    </mem>
    <mem type="tenure" free="46809832" total="151715840" percent="30" macro-fragmented="39939376">
      <mem type="soa" free="45292264" total="150198272" percent="30" />
      <mem type="loa" free="1517568" total="1517568" percent="100" />
    </mem>
    <remembered-set count="636" />
  </mem-info>
</gc-end>
<cycle-end id="3445" type="scavenge" contextid="3439" timestamp="2025-12-15T09:29:05.713" />
<allocation-satisfied id="3446" threadId="000000000184F500" bytesRequested="24" />
<af-end id="3447" timestamp="2025-12-15T09:29:05.716" threadId="000000000184FF78" success="true" from="nursery"/>
<exclusive-end id="3448" timestamp="2025-12-15T09:29:05.718" durationms="35.875" />

<exclusive-start id="3449" timestamp="2025-12-15T09:34:01.010" intervalms="295327.657">
  <response-info timems="0.128" idlems="0.128" threads="0" lastid="0000000001902000" lastname="Default Executor-thread-736" />
</exclusive-start>
<af-start id="3450" threadId="0000000001902A78" totalBytesRequested="160" timestamp="2025-12-15T09:34:01.012" intervalms="295327.674" type="nursery" />
<cycle-start id="3451" type="scavenge" contextid="0" timestamp="2025-12-15T09:34:01.013" intervalms="295327.734" />
<gc-start id="3452" type="scavenge" contextid="3451" timestamp="2025-12-15T09:34:01.015">
  <mem-info id="3453" free="46809832" total="297861120" percent="15">
    <mem type="nursery" free="0" total="146145280" percent="0">
      <mem type="allocate" free="0" total="131530752" percent="0" />
      <mem type="survivor" free="0" total="14614528" percent="0" />
    </mem>
    <mem type="tenure" free="46809832" total="151715840" percent="30">
      <mem type="soa" free="45292264" total="150198272" percent="30" />
      <mem type="loa" free="1517568" total="1517568" percent="100" />
    </mem>
    <remembered-set count="694" />
  </mem-info>
</gc-start>
<allocation-stats totalBytes="131201240" discardedBytes="34848" >
  <allocated-bytes non-tlh="24" tlh="131201216" />
  <largest-consumer threadName="Timer-7" threadId="0000000001005000" bytes="3642848" />
</allocation-stats>
<gc-op id="3454" type="scavenge" timems="17.602" contextid="3451" timestamp="2025-12-15T09:34:01.034">
  <scavenger-info tenureage="10" tenuremask="4400" tiltratio="90" />
  <memory-copied type="nursery" objects="2173" bytes="82680" bytesdiscarded="129032" />
  <memory-copied type="tenure" objects="70" bytes="3920" bytesdiscarded="0" />
  <ownableSynchronizers candidates="24767" cleared="24703" />
  <references type="weak" candidates="1" cleared="0" enqueued="0" />
  <object-monitors candidates="165" cleared="0"  />
</gc-op>
<heap-resize id="3455" type="contract" space="nursery" amount="1441792" count="1" timems="0.106" reason="insufficient time being spent scavenging" timestamp="2025-12-15T09:34:01.035" />
<gc-end id="3456" type="scavenge" contextid="3451" durationms="20.902" usertimems="11.334" systemtimems="6.745" stalltimems="60.592" timestamp="2025-12-15T09:34:01.036" activeThreads="11">
  <mem-info id="3457" free="176738016" total="296419328" percent="59">
    <mem type="nursery" free="129942776" total="144703488" percent="89">
      <mem type="allocate" free="129942776" total="130154496" percent="99" />
      <mem type="survivor" free="0" total="14548992" percent="0" />
    </mem>
    <mem type="tenure" free="46795240" total="151715840" percent="30" macro-fragmented="39939376">
      <mem type="soa" free="45277672" total="150198272" percent="30" />
      <mem type="loa" free="1517568" total="1517568" percent="100" />
    </mem>
    <remembered-set count="653" />
  </mem-info>
</gc-end>
<cycle-end id="3458" type="scavenge" contextid="3451" timestamp="2025-12-15T09:34:01.037" />
<allocation-satisfied id="3459" threadId="0000000001902000" bytesRequested="160" />
<af-end id="3460" timestamp="2025-12-15T09:34:01.038" threadId="0000000001902A78" success="true" from="nursery"/>
<exclusive-end id="3461" timestamp="2025-12-15T09:34:01.039" durationms="29.415" />

<exclusive-start id="3462" timestamp="2025-12-15T09:38:53.216" intervalms="292206.698">
  <response-info timems="0.085" idlems="0.085" threads="0" lastid="000000000181B500" lastname="Default Executor-thread-714" />
</exclusive-start>
<af-start id="3463" threadId="000000000181BF78" totalBytesRequested="160" timestamp="2025-12-15T09:38:53.218" intervalms="292206.067" type="nursery" />
<cycle-start id="3464" type="scavenge" contextid="0" timestamp="2025-12-15T09:38:53.219" intervalms="292205.713" />
<gc-start id="3465" type="scavenge" contextid="3464" timestamp="2025-12-15T09:38:53.223">
  <mem-info id="3466" free="46795240" total="296419328" percent="15">
    <mem type="nursery" free="0" total="144703488" percent="0">
      <mem type="allocate" free="0" total="130154496" percent="0" />
      <mem type="survivor" free="0" total="14548992" percent="0" />
    </mem>
    <mem type="tenure" free="46795240" total="151715840" percent="30">
      <mem type="soa" free="45277672" total="150198272" percent="30" />
      <mem type="loa" free="1517568" total="1517568" percent="100" />
    </mem>
    <remembered-set count="719" />
  </mem-info>
</gc-start>
<allocation-stats totalBytes="129896624" discardedBytes="46152" >
  <allocated-bytes non-tlh="160" tlh="129896464" />
  <largest-consumer threadName="Timer-7" threadId="0000000001005000" bytes="3667752" />
</allocation-stats>
<gc-op id="3467" type="scavenge" timems="15.732" contextid="3464" timestamp="2025-12-15T09:38:53.243">
  <scavenger-info tenureage="13" tenuremask="6000" tiltratio="89" />
  <memory-copied type="nursery" objects="2421" bytes="94704" bytesdiscarded="208096" />
  <memory-copied type="tenure" objects="14" bytes="784" bytesdiscarded="0" />
  <ownableSynchronizers candidates="24499" cleared="24427" />
  <references type="weak" candidates="13" cleared="0" enqueued="0" />
  <object-monitors candidates="185" cleared="7"  />
</gc-op>
<gc-end id="3468" type="scavenge" contextid="3464" durationms="24.417" usertimems="4.128" systemtimems="9.912" stalltimems="55.427" timestamp="2025-12-15T09:38:53.247" activeThreads="12">
  <mem-info id="3469" free="176691424" total="296419328" percent="59">
    <mem type="nursery" free="129916920" total="144703488" percent="89">
      <mem type="allocate" free="129916920" total="130220032" percent="99" />
      <mem type="survivor" free="0" total="14483456" percent="0" />
    </mem>
    <mem type="tenure" free="46774504" total="151715840" percent="30" macro-fragmented="39939376">
      <mem type="soa" free="45256936" total="150198272" percent="30" />
      <mem type="loa" free="1517568" total="1517568" percent="100" />
    </mem>
    <remembered-set count="659" />
  </mem-info>
</gc-end>
<cycle-end id="3470" type="scavenge" contextid="3464" timestamp="2025-12-15T09:38:53.248" />
<allocation-satisfied id="3471" threadId="000000000181B500" bytesRequested="160" />
<af-end id="3472" timestamp="2025-12-15T09:38:53.253" threadId="000000000181BF78" success="true" from="nursery"/>
<exclusive-end id="3473" timestamp="2025-12-15T09:38:53.254" durationms="37.581" />

<exclusive-start id="3474" timestamp="2025-12-15T09:43:46.498" intervalms="293282.200">
  <response-info timems="0.056" idlems="0.056" threads="0" lastid="00000000019D9900" lastname="Default Executor-thread-806" />
</exclusive-start>
<af-start id="3475" threadId="00000000019DA378" totalBytesRequested="24" timestamp="2025-12-15T09:43:46.500" intervalms="293282.634" type="nursery" />
<cycle-start id="3476" type="scavenge" contextid="0" timestamp="2025-12-15T09:43:46.502" intervalms="293282.981" />
<gc-start id="3477" type="scavenge" contextid="3476" timestamp="2025-12-15T09:43:46.504">
  <mem-info id="3478" free="46774504" total="296419328" percent="15">
    <mem type="nursery" free="0" total="144703488" percent="0">
      <mem type="allocate" free="0" total="130220032" percent="0" />
      <mem type="survivor" free="0" total="14483456" percent="0" />
    </mem>
    <mem type="tenure" free="46774504" total="151715840" percent="30">
      <mem type="soa" free="45256936" total="150198272" percent="30" />
      <mem type="loa" free="1517568" total="1517568" percent="100" />
    </mem>
    <remembered-set count="717" />
  </mem-info>
</gc-start>
<allocation-stats totalBytes="129878568" discardedBytes="38352" >
  <allocated-bytes non-tlh="160" tlh="129878408" />
  <largest-consumer threadName="Timer-7" threadId="0000000001005000" bytes="3667752" />
</allocation-stats>
<gc-op id="3479" type="scavenge" timems="9.579" contextid="3476" timestamp="2025-12-15T09:43:46.516">
  <scavenger-info tenureage="14" tenuremask="4000" tiltratio="89" />
  <memory-copied type="nursery" objects="2369" bytes="93208" bytesdiscarded="168328" />
  <ownableSynchronizers candidates="24606" cleared="24535" />
  <references type="weak" candidates="13" cleared="0" enqueued="0" />
  <object-monitors candidates="178" cleared="0"  />
</gc-op>
<gc-end id="3480" type="scavenge" contextid="3476" durationms="13.859" usertimems="2.640" systemtimems="8.989" stalltimems="36.369" timestamp="2025-12-15T09:43:46.518" activeThreads="11">
  <mem-info id="3481" free="176732896" total="296419328" percent="59">
    <mem type="nursery" free="129958392" total="144703488" percent="89">
      <mem type="allocate" free="129958392" total="130220032" percent="99" />
      <mem type="survivor" free="0" total="14483456" percent="0" />
    </mem>
    <mem type="tenure" free="46774504" total="151715840" percent="30" macro-fragmented="27735676">
      <mem type="soa" free="45256936" total="150198272" percent="30" />
      <mem type="loa" free="1517568" total="1517568" percent="100" />
    </mem>
    <remembered-set count="566" />
  </mem-info>
</gc-end>
<cycle-end id="3482" type="scavenge" contextid="3476" timestamp="2025-12-15T09:43:46.519" />
<allocation-satisfied id="3483" threadId="00000000019D9900" bytesRequested="24" />
<af-end id="3484" timestamp="2025-12-15T09:43:46.520" threadId="00000000019DA378" success="true" from="nursery"/>
<exclusive-end id="3485" timestamp="2025-12-15T09:43:46.521" durationms="22.160" />

<exclusive-start id="3486" timestamp="2025-12-15T21:13:40.200" intervalms="280524.878">
  <response-info timems="0.086" idlems="0.086" threads="0" lastid="00000000001D0800" lastname="VM Runtime State Listener" />
</exclusive-start>
<sys-start reason="vm idle" id="3487" timestamp="2025-12-15T21:13:40.203" intervalms="2936254.891" />
<cycle-start id="3488" type="global" contextid="0" timestamp="2025-12-15T21:13:40.207" intervalms="2936258.016" />
<gc-start id="3489" type="global" contextid="3488" timestamp="2025-12-15T21:13:40.210">
  <mem-info id="3490" free="51710688" total="296419328" percent="17">
    <mem type="nursery" free="4936184" total="144703488" percent="3">
      <mem type="allocate" free="4936184" total="130220032" percent="3" />
      <mem type="survivor" free="0" total="14483456" percent="0" />
    </mem>
    <mem type="tenure" free="46774504" total="151715840" percent="30">
      <mem type="soa" free="45256936" total="150198272" percent="30" />
      <mem type="loa" free="1517568" total="1517568" percent="100" />
    </mem>
    <remembered-set count="632" />
  </mem-info>
</gc-start>
<allocation-stats totalBytes="124980248" discardedBytes="41960" >
  <allocated-bytes non-tlh="24" tlh="124980224" />
  <largest-consumer threadName="Timer-7" threadId="0000000001005000" bytes="3667944" />
</allocation-stats>
<gc-op id="3491" type="mark" timems="44.928" contextid="3488" timestamp="2025-12-15T21:13:40.266">
  <trace-info objectcount="2068074" scancount="1785384" scanbytes="67425632" />
  <finalization candidates="901" enqueued="0" />
  <ownableSynchronizers candidates="33050" cleared="23521" />
  <references type="soft" candidates="7386" cleared="0" enqueued="0" dynamicThreshold="9" maxThreshold="32" />
  <references type="weak" candidates="16496" cleared="0" enqueued="0" />
  <references type="phantom" candidates="1342" cleared="0" enqueued="0" />
  <stringconstants candidates="48108" cleared="0"  />
  <object-monitors candidates="198" cleared="33"  />
</gc-op>
<gc-op id="3492" type="classunload" timems="0.106" contextid="3488" timestamp="2025-12-15T21:13:40.274">
  <classunload-info classloadercandidates="495" classloadersunloaded="0" classesunloaded="0" anonymousclassesunloaded="0" quiescems="0.000" setupms="0.106" scanms="0.000" postms="0.000" />
</gc-op>
<gc-op id="3493" type="sweep" timems="2.409" contextid="3488" timestamp="2025-12-15T21:13:40.285" />
<mem-info id="3494" free="177042344" total="296419328" percent="59">
  <mem type="nursery" free="129900792" total="144703488" percent="89">
    <mem type="allocate" free="129900792" total="130220032" percent="99" />
    <mem type="survivor" free="0" total="14483456" percent="0" />
  </mem>
  <mem type="tenure" free="47141552" total="151715840" percent="31" micro-fragmented="9988" macro-fragmented="39939376">
    <mem type="soa" free="45623984" total="150198272" percent="30" />
    <mem type="loa" free="1517568" total="1517568" percent="100" />
  </mem>
  <remembered-set count="603" />
</mem-info>
<gc-op id="3495" type="compact" timems="40.717" contextid="3488" timestamp="2025-12-15T21:13:40.340">
  <compact-info movecount="148507" movebytes="7577088" reason="compact on aggressive collection" />
</gc-op>
<gc-end id="3496" type="global" contextid="3488" durationms="134.797" usertimems="613.089" systemtimems="26.353" stalltimems="451.785" timestamp="2025-12-15T21:13:40.345" activeThreads="20">
  <mem-info id="3497" free="177275872" total="296419328" percent="59">
    <mem type="nursery" free="130123704" total="144703488" percent="89">
      <mem type="allocate" free="130123704" total="130220032" percent="99" />
      <mem type="survivor" free="0" total="14483456" percent="0" />
    </mem>
    <mem type="tenure" free="47152168" total="151715840" percent="31">
      <mem type="soa" free="45634600" total="150198272" percent="30" />
      <mem type="loa" free="1517568" total="1517568" percent="100" />
    </mem>
    <remembered-set count="603" />
  </mem-info>
</gc-end>
<cycle-end id="3498" type="global" contextid="3488" timestamp="2025-12-15T21:13:40.352" />
<sys-end id="3499" timestamp="2025-12-15T21:13:40.360" />
<exclusive-end id="3500" timestamp="2025-12-15T21:13:40.364" durationms="164.000" />

<heap-resize id="3501" type="release free pages" space="tenure" amount="47120384" count="1" timems="1.112" reason="idle" timestamp="2025-12-15T21:13:40.372" />
<exclusive-start id="3502" timestamp="2025-12-15T21:18:31.439" intervalms="291239.076">
  <response-info timems="0.069" idlems="0.069" threads="0" lastid="0000000001888F00" lastname="Default Executor-thread-873" />
</exclusive-start>
<af-start id="3503" threadId="0000000001889978" totalBytesRequested="264" timestamp="2025-12-15T21:18:31.440" intervalms="571762.996" type="nursery" />
<cycle-start id="3504" type="scavenge" contextid="0" timestamp="2025-12-15T21:18:31.441" intervalms="571762.532" />
<gc-start id="3505" type="scavenge" contextid="3504" timestamp="2025-12-15T21:18:31.443">
  <mem-info id="3506" free="47152168" total="296419328" percent="15">
    <mem type="nursery" free="0" total="144703488" percent="0">
      <mem type="allocate" free="0" total="130220032" percent="0" />
      <mem type="survivor" free="0" total="14483456" percent="0" />
    </mem>
    <mem type="tenure" free="47152168" total="151715840" percent="31">
      <mem type="soa" free="45634600" total="150198272" percent="30" />
      <mem type="loa" free="1517568" total="1517568" percent="100" />
    </mem>
    <remembered-set count="604" />
  </mem-info>
</gc-start>
<allocation-stats totalBytes="130075280" discardedBytes="48424" >
  <allocated-bytes non-tlh="0" tlh="130075280" />
  <largest-consumer threadName="Scheduled Executor-thread-1" threadId="00000000007E7700" bytes="3773984" />
</allocation-stats>
<gc-op id="3507" type="scavenge" timems="31.213" contextid="3504" timestamp="2025-12-15T21:18:31.475">
  <scavenger-info tenureage="14" tenuremask="4000" tiltratio="89" />
  <memory-copied type="nursery" objects="2600" bytes="104656" bytesdiscarded="203600" />
  <ownableSynchronizers candidates="43388" cleared="43304" />
  <references type="weak" candidates="25" cleared="0" enqueued="0" />
  <object-monitors candidates="205" cleared="35"  />
</gc-op>
<gc-end id="3508" type="scavenge" contextid="3504" durationms="35.895" usertimems="7.703" systemtimems="1.511" stalltimems="243.630" timestamp="2025-12-15T21:18:31.479" activeThreads="10">
  <mem-info id="3509" free="177063464" total="296419328" percent="59">
    <mem type="nursery" free="129911296" total="144703488" percent="89">
      <mem type="allocate" free="129911296" total="130220032" percent="99" />
      <mem type="survivor" free="0" total="14483456" percent="0" />
    </mem>
    <mem type="tenure" free="47152168" total="151715840" percent="31" macro-fragmented="39939376">
      <mem type="soa" free="45634600" total="150198272" percent="30" />
      <mem type="loa" free="1517568" total="1517568" percent="100" />
    </mem>
    <remembered-set count="542" />
  </mem-info>
</gc-end>
<cycle-end id="3510" type="scavenge" contextid="3504" timestamp="2025-12-15T21:18:31.480" />
<allocation-satisfied id="3511" threadId="0000000001888F00" bytesRequested="264" />
<af-end id="3512" timestamp="2025-12-15T21:18:31.482" threadId="0000000001889978" success="true" from="nursery"/>
<exclusive-end id="3513" timestamp="2025-12-15T21:18:31.483" durationms="43.370" />

<exclusive-start id="3514" timestamp="2025-12-15T21:23:25.554" intervalms="294114.279">
  <response-info timems="0.064" idlems="0.064" threads="0" lastid="00000000005F7800" lastname="Default Executor-thread-829" />
</exclusive-start>
<af-start id="3515" threadId="00000000005F8278" totalBytesRequested="24" timestamp="2025-12-15T21:23:25.555" intervalms="294114.915" type="nursery" />
<cycle-start id="3516" type="scavenge" contextid="0" timestamp="2025-12-15T21:23:25.557" intervalms="294115.723" />
<gc-start id="3517" type="scavenge" contextid="3516" timestamp="2025-12-15T21:23:25.559">
  <mem-info id="3518" free="47152168" total="296419328" percent="15">
    <mem type="nursery" free="0" total="144703488" percent="0">
      <mem type="allocate" free="0" total="130220032" percent="0" />
      <mem type="survivor" free="0" total="14483456" percent="0" />
    </mem>
    <mem type="tenure" free="47152168" total="151715840" percent="31">
      <mem type="soa" free="45634600" total="150198272" percent="30" />
      <mem type="loa" free="1517568" total="1517568" percent="100" />
    </mem>
    <remembered-set count="601" />
  </mem-info>
</gc-start>
<allocation-stats totalBytes="129867288" discardedBytes="44008" >
  <allocated-bytes non-tlh="264" tlh="129867024" />
  <largest-consumer threadName="Default Executor-thread-876" threadId="000000000195F800" bytes="3939048" />
</allocation-stats>
<gc-op id="3519" type="scavenge" timems="6.402" contextid="3516" timestamp="2025-12-15T21:23:25.568">
  <scavenger-info tenureage="14" tenuremask="4000" tiltratio="89" />
  <memory-copied type="nursery" objects="2461" bytes="98584" bytesdiscarded="156184" />
  <ownableSynchronizers candidates="24691" cleared="24607" />
  <references type="weak" candidates="25" cleared="0" enqueued="0" />
  <object-monitors candidates="170" cleared="0"  />
</gc-op>
<gc-end id="3520" type="scavenge" contextid="3516" durationms="10.458" usertimems="1.722" systemtimems="4.187" stalltimems="20.659" timestamp="2025-12-15T21:23:25.569" activeThreads="8">
  <mem-info id="3521" free="177117224" total="296419328" percent="59">
    <mem type="nursery" free="129965056" total="144703488" percent="89">
      <mem type="allocate" free="129965056" total="130220032" percent="99" />
      <mem type="survivor" free="0" total="14483456" percent="0" />
    </mem>
    <mem type="tenure" free="47152168" total="151715840" percent="31" macro-fragmented="33282812">
      <mem type="soa" free="45634600" total="150198272" percent="30" />
      <mem type="loa" free="1517568" total="1517568" percent="100" />
    </mem>
    <remembered-set count="524" />
  </mem-info>
</gc-end>
<cycle-end id="3522" type="scavenge" contextid="3516" timestamp="2025-12-15T21:23:25.571" />
<allocation-satisfied id="3523" threadId="00000000005F7800" bytesRequested="24" />
<af-end id="3524" timestamp="2025-12-15T21:23:25.573" threadId="00000000005F8278" success="true" from="nursery"/>
<exclusive-end id="3525" timestamp="2025-12-15T21:23:25.574" durationms="20.593" />

<exclusive-start id="3526" timestamp="2025-12-15T21:28:18.009" intervalms="292454.813">
  <response-info timems="0.132" idlems="0.132" threads="0" lastid="0000000001994B00" lastname="Default Executor-thread-892" />
</exclusive-start>
<af-start id="3527" threadId="0000000001995578" totalBytesRequested="32" timestamp="2025-12-15T21:28:18.010" intervalms="292455.102" type="nursery" />
<cycle-start id="3528" type="scavenge" contextid="0" timestamp="2025-12-15T21:28:18.012" intervalms="292455.278" />
<gc-start id="3529" type="scavenge" contextid="3528" timestamp="2025-12-15T21:28:18.015">
  <mem-info id="3530" free="47152168" total="296419328" percent="15">
    <mem type="nursery" free="0" total="144703488" percent="0">
      <mem type="allocate" free="0" total="130220032" percent="0" />
      <mem type="survivor" free="0" total="14483456" percent="0" />
    </mem>
    <mem type="tenure" free="47152168" total="151715840" percent="31">
      <mem type="soa" free="45634600" total="150198272" percent="30" />
      <mem type="loa" free="1517568" total="1517568" percent="100" />
    </mem>
    <remembered-set count="586" />
  </mem-info>
</gc-start>
<allocation-stats totalBytes="129916344" discardedBytes="48712" >
  <allocated-bytes non-tlh="24" tlh="129916320" />
  <largest-consumer threadName="Timer-7" threadId="0000000001005000" bytes="3675416" />
</allocation-stats>
<gc-op id="3531" type="scavenge" timems="18.037" contextid="3528" timestamp="2025-12-15T21:28:18.036">
  <scavenger-info tenureage="14" tenuremask="4000" tiltratio="89" />
  <memory-copied type="nursery" objects="2556" bytes="103768" bytesdiscarded="138336" />
  <ownableSynchronizers candidates="24559" cleared="24468" />
  <references type="weak" candidates="32" cleared="0" enqueued="0" />
  <object-monitors candidates="190" cleared="13"  />
</gc-op>
<gc-end id="3532" type="scavenge" contextid="3528" durationms="21.977" usertimems="17.534" systemtimems="0.000" stalltimems="47.734" timestamp="2025-12-15T21:28:18.037" activeThreads="7">
  <mem-info id="3533" free="177129512" total="296419328" percent="59">
    <mem type="nursery" free="129977344" total="144703488" percent="89">
      <mem type="allocate" free="129977344" total="130220032" percent="99" />
      <mem type="survivor" free="0" total="14483456" percent="0" />
    </mem>
    <mem type="tenure" free="47152168" total="151715840" percent="31" macro-fragmented="0">
      <mem type="soa" free="45634600" total="150198272" percent="30" />
      <mem type="loa" free="1517568" total="1517568" percent="100" />
    </mem>
    <remembered-set count="527" />
  </mem-info>
</gc-end>
<cycle-end id="3534" type="scavenge" contextid="3528" timestamp="2025-12-15T21:28:18.038" />
<allocation-satisfied id="3535" threadId="0000000001994B00" bytesRequested="32" />
<af-end id="3536" timestamp="2025-12-15T21:28:18.039" threadId="0000000001995578" success="true" from="nursery"/>
<exclusive-end id="3537" timestamp="2025-12-15T21:28:18.040" durationms="31.323" />

<exclusive-start id="3538" timestamp="2025-12-15T21:33:12.211" intervalms="294202.429">
  <response-info timems="0.159" idlems="0.159" threads="0" lastid="0000000000831B00" lastname="Default Executor-thread-890" />
</exclusive-start>
<af-start id="3539" threadId="0000000000832578" totalBytesRequested="184" timestamp="2025-12-15T21:33:12.213" intervalms="294202.167" type="nursery" />
<cycle-start id="3540" type="scavenge" contextid="0" timestamp="2025-12-15T21:33:12.214" intervalms="294201.817" />
<gc-start id="3541" type="scavenge" contextid="3540" timestamp="2025-12-15T21:33:12.216">
  <mem-info id="3542" free="47152168" total="296419328" percent="15">
    <mem type="nursery" free="0" total="144703488" percent="0">
      <mem type="allocate" free="0" total="130220032" percent="0" />
      <mem type="survivor" free="0" total="14483456" percent="0" />
    </mem>
    <mem type="tenure" free="47152168" total="151715840" percent="31">
      <mem type="soa" free="45634600" total="150198272" percent="30" />
      <mem type="loa" free="1517568" total="1517568" percent="100" />
    </mem>
    <remembered-set count="585" />
  </mem-info>
</gc-start>
<allocation-stats totalBytes="129935296" discardedBytes="42048" >
  <allocated-bytes non-tlh="32" tlh="129935264" />
  <largest-consumer threadName="Default Executor-thread-734" threadId="0000000001A66A00" bytes="3685784" />
</allocation-stats>
<gc-op id="3543" type="scavenge" timems="14.034" contextid="3540" timestamp="2025-12-15T21:33:12.232">
  <scavenger-info tenureage="14" tenuremask="4000" tiltratio="89" />
  <memory-copied type="nursery" objects="2706" bytes="110496" bytesdiscarded="117336" />
  <ownableSynchronizers candidates="24699" cleared="24608" />
  <references type="weak" candidates="32" cleared="0" enqueued="0" />
  <object-monitors candidates="177" cleared="0"  />
</gc-op>
<gc-end id="3544" type="scavenge" contextid="3540" durationms="17.387" usertimems="0.977" systemtimems="9.297" stalltimems="42.514" timestamp="2025-12-15T21:33:12.234" activeThreads="7">
  <mem-info id="3545" free="177144104" total="296419328" percent="59">
    <mem type="nursery" free="129991936" total="144703488" percent="89">
      <mem type="allocate" free="129991936" total="130220032" percent="99" />
      <mem type="survivor" free="0" total="14483456" percent="0" />
    </mem>
    <mem type="tenure" free="47152168" total="151715840" percent="31" macro-fragmented="39939376">
      <mem type="soa" free="45634600" total="150198272" percent="30" />
      <mem type="loa" free="1517568" total="1517568" percent="100" />
    </mem>
    <remembered-set count="500" />
  </mem-info>
</gc-end>
<cycle-end id="3546" type="scavenge" contextid="3540" timestamp="2025-12-15T21:33:12.235" />
<allocation-satisfied id="3547" threadId="0000000000831B00" bytesRequested="184" />
<af-end id="3548" timestamp="2025-12-15T21:33:12.237" threadId="0000000000832578" success="true" from="nursery"/>
<exclusive-end id="3549" timestamp="2025-12-15T21:33:12.237" durationms="26.319" />

<exclusive-start id="3550" timestamp="2025-12-15T21:38:10.130" intervalms="291882.257">
  <response-info timems="0.153" idlems="0.153" threads="0" lastid="0000000001930100" lastname="Default Executor-thread-899" />
</exclusive-start>
<af-start id="3551" threadId="0000000001930B78" totalBytesRequested="72" timestamp="2025-12-15T21:38:10.132" intervalms="291883.058" type="nursery" />
<cycle-start id="3552" type="scavenge" contextid="0" timestamp="2025-12-15T21:38:10.135" intervalms="291883.948" />
<gc-start id="3553" type="scavenge" contextid="3552" timestamp="2025-12-15T21:38:10.138">
  <mem-info id="3554" free="47152168" total="296419328" percent="15">
    <mem type="nursery" free="0" total="144703488" percent="0">
      <mem type="allocate" free="0" total="130220032" percent="0" />
      <mem type="survivor" free="0" total="14483456" percent="0" />
    </mem>
    <mem type="tenure" free="47152168" total="151715840" percent="31">
      <mem type="soa" free="45634600" total="150198272" percent="30" />
      <mem type="loa" free="1517568" total="1517568" percent="100" />
    </mem>
    <remembered-set count="558" />
  </mem-info>
</gc-start>
<allocation-stats totalBytes="129944520" discardedBytes="47416" >
  <allocated-bytes non-tlh="184" tlh="129944336" />
  <largest-consumer threadName="Timer-7" threadId="0000000001005000" bytes="3818712" />
</allocation-stats>
<gc-op id="3555" type="scavenge" timems="16.692" contextid="3552" timestamp="2025-12-15T21:38:10.158">
  <scavenger-info tenureage="14" tenuremask="4000" tiltratio="89" />
  <memory-copied type="nursery" objects="2557" bytes="104272" bytesdiscarded="88048" />
  <ownableSynchronizers candidates="24524" cleared="24430" />
  <references type="weak" candidates="33" cleared="0" enqueued="0" />
  <object-monitors candidates="197" cleared="19"  />
</gc-op>
<gc-end id="3556" type="scavenge" contextid="3552" durationms="23.807" usertimems="0.767" systemtimems="10.816" stalltimems="49.724" timestamp="2025-12-15T21:38:10.161" activeThreads="7">
  <mem-info id="3557" free="177179432" total="296419328" percent="59">
    <mem type="nursery" free="130027264" total="144703488" percent="89">
      <mem type="allocate" free="130027264" total="130220032" percent="99" />
      <mem type="survivor" free="0" total="14483456" percent="0" />
    </mem>
    <mem type="tenure" free="47152168" total="151715840" percent="31" macro-fragmented="39939376">
      <mem type="soa" free="45634600" total="150198272" percent="30" />
      <mem type="loa" free="1517568" total="1517568" percent="100" />
    </mem>
    <remembered-set count="500" />
  </mem-info>
</gc-end>
<cycle-end id="3558" type="scavenge" contextid="3552" timestamp="2025-12-15T21:38:10.163" />
<allocation-satisfied id="3559" threadId="0000000001930100" bytesRequested="72" />
<af-end id="3560" timestamp="2025-12-15T21:38:10.166" threadId="0000000001930B78" success="true" from="nursery"/>
<exclusive-end id="3561" timestamp="2025-12-15T21:38:10.167" durationms="37.346" />

<exclusive-start id="3562" timestamp="2025-12-15T21:45:45.367" intervalms="105045.386">
  <response-info timems="0.081" idlems="0.081" threads="0" lastid="00000000001D0800" lastname="VM Runtime State Listener" />
</exclusive-start>
<sys-start reason="vm idle" id="3563" timestamp="2025-12-15T21:45:45.368" intervalms="1568936.805" />
<cycle-start id="3564" type="global" contextid="0" timestamp="2025-12-15T21:45:45.369" intervalms="1568933.983" />
<gc-start id="3565" type="global" contextid="3564" timestamp="2025-12-15T21:45:45.370">
  <mem-info id="3566" free="128776928" total="296419328" percent="43">
    <mem type="nursery" free="81624760" total="144703488" percent="56">
      <mem type="allocate" free="81624760" total="130220032" percent="62" />
      <mem type="survivor" free="0" total="14483456" percent="0" />
    </mem>
    <mem type="tenure" free="47152168" total="151715840" percent="31">
      <mem type="soa" free="45634600" total="150198272" percent="30" />
      <mem type="loa" free="1517568" total="1517568" percent="100" />
    </mem>
    <remembered-set count="554" />
  </mem-info>
</gc-start>
<allocation-stats totalBytes="48385800" discardedBytes="16704" >
  <allocated-bytes non-tlh="72" tlh="48385728" />
  <largest-consumer threadName="Default Executor-thread-899" threadId="0000000001930100" bytes="1437064" />
</allocation-stats>
<gc-op id="3567" type="mark" timems="76.185" contextid="3564" timestamp="2025-12-15T21:45:45.448">
  <trace-info objectcount="2068031" scancount="1785328" scanbytes="67424816" />
  <finalization candidates="901" enqueued="0" />
  <ownableSynchronizers candidates="18339" cleared="8810" />
  <references type="soft" candidates="7386" cleared="0" enqueued="0" dynamicThreshold="9" maxThreshold="32" />
  <references type="weak" candidates="16496" cleared="0" enqueued="0" />
  <references type="phantom" candidates="1342" cleared="0" enqueued="0" />
  <stringconstants candidates="48108" cleared="0"  />
  <object-monitors candidates="178" cleared="13"  />
</gc-op>
<gc-op id="3568" type="classunload" timems="0.047" contextid="3564" timestamp="2025-12-15T21:45:45.449">
  <classunload-info classloadercandidates="495" classloadersunloaded="0" classesunloaded="0" anonymousclassesunloaded="0" quiescems="0.000" setupms="0.047" scanms="0.000" postms="0.000" />
</gc-op>
<gc-op id="3569" type="sweep" timems="2.222" contextid="3564" timestamp="2025-12-15T21:45:45.452" />
<gc-end id="3570" type="global" contextid="3564" durationms="82.765" usertimems="830.571" systemtimems="0.978" stalltimems="535.378" timestamp="2025-12-15T21:45:45.453" activeThreads="20">
  <mem-info id="3571" free="177086536" total="296419328" percent="59">
    <mem type="nursery" free="129927640" total="144703488" percent="89">
      <mem type="allocate" free="129927640" total="130220032" percent="99" />
      <mem type="survivor" free="0" total="14483456" percent="0" />
    </mem>
    <mem type="tenure" free="47158896" total="151715840" percent="31" micro-fragmented="0" macro-fragmented="39939376">
      <mem type="soa" free="45641328" total="150198272" percent="30" />
      <mem type="loa" free="1517568" total="1517568" percent="100" />
    </mem>
    <remembered-set count="544" />
  </mem-info>
</gc-end>
<cycle-end id="3572" type="global" contextid="3564" timestamp="2025-12-15T21:45:45.454" />
<sys-end id="3573" timestamp="2025-12-15T21:45:45.454" />
<exclusive-end id="3574" timestamp="2025-12-15T21:45:45.455" durationms="88.467" />

<heap-resize id="3575" type="release free pages" space="tenure" amount="47120384" count="1" timems="0.628" reason="idle" timestamp="2025-12-15T21:45:45.456" />
<exclusive-start id="3576" timestamp="2025-12-15T21:50:39.149" intervalms="293782.390">
  <response-info timems="0.149" idlems="0.149" threads="0" lastid="0000000001888300" lastname="Default Executor-thread-836" />
</exclusive-start>
<af-start id="3577" threadId="0000000001888D78" totalBytesRequested="24" timestamp="2025-12-15T21:50:39.151" intervalms="398827.358" type="nursery" />
<cycle-start id="3578" type="scavenge" contextid="0" timestamp="2025-12-15T21:50:39.153" intervalms="398827.148" />
<gc-start id="3579" type="scavenge" contextid="3578" timestamp="2025-12-15T21:50:39.156">
  <mem-info id="3580" free="47158896" total="296419328" percent="15">
    <mem type="nursery" free="0" total="144703488" percent="0">
      <mem type="allocate" free="0" total="130220032" percent="0" />
      <mem type="survivor" free="0" total="14483456" percent="0" />
    </mem>
    <mem type="tenure" free="47158896" total="151715840" percent="31">
      <mem type="soa" free="45641328" total="150198272" percent="30" />
      <mem type="loa" free="1517568" total="1517568" percent="100" />
    </mem>
    <remembered-set count="549" />
  </mem-info>
</gc-start>
<allocation-stats totalBytes="129878008" discardedBytes="49632" >
  <allocated-bytes non-tlh="2056" tlh="129875952" />
  <largest-consumer threadName="Timer-7" threadId="0000000001005000" bytes="3614968" />
</allocation-stats>
<gc-op id="3581" type="scavenge" timems="20.665" contextid="3578" timestamp="2025-12-15T21:50:39.179">
  <scavenger-info tenureage="14" tenuremask="4000" tiltratio="89" />
  <memory-copied type="nursery" objects="2591" bytes="106472" bytesdiscarded="112912" />
  <ownableSynchronizers candidates="43602" cleared="43511" />
  <references type="weak" candidates="33" cleared="0" enqueued="0" />
  <object-monitors candidates="165" cleared="0"  />
</gc-op>
<gc-end id="3582" type="scavenge" contextid="3578" durationms="24.341" usertimems="0.000" systemtimems="16.082" stalltimems="58.173" timestamp="2025-12-15T21:50:39.180" activeThreads="7">
  <mem-info id="3583" free="177159280" total="296419328" percent="59">
    <mem type="nursery" free="130000384" total="144703488" percent="89">
      <mem type="allocate" free="130000384" total="130220032" percent="99" />
      <mem type="survivor" free="0" total="14483456" percent="0" />
    </mem>
    <mem type="tenure" free="47158896" total="151715840" percent="31" macro-fragmented="0">
      <mem type="soa" free="45641328" total="150198272" percent="30" />
      <mem type="loa" free="1517568" total="1517568" percent="100" />
    </mem>
    <remembered-set count="490" />
  </mem-info>
</gc-end>
<cycle-end id="3584" type="scavenge" contextid="3578" timestamp="2025-12-15T21:50:39.181" />
<allocation-satisfied id="3585" threadId="0000000001888300" bytesRequested="24" />
<af-end id="3586" timestamp="2025-12-15T21:50:39.183" threadId="0000000001888D78" success="true" from="nursery"/>
<exclusive-end id="3587" timestamp="2025-12-15T21:50:39.184" durationms="34.711" />

<exclusive-start id="3588" timestamp="2025-12-15T21:55:31.878" intervalms="292729.363">
  <response-info timems="0.174" idlems="0.174" threads="0" lastid="000000000197EB00" lastname="Default Executor-thread-935" />
</exclusive-start>
<af-start id="3589" threadId="000000000197F578" totalBytesRequested="184" timestamp="2025-12-15T21:55:31.880" intervalms="292729.246" type="nursery" />
<cycle-start id="3590" type="scavenge" contextid="0" timestamp="2025-12-15T21:55:31.882" intervalms="292728.894" />
<gc-start id="3591" type="scavenge" contextid="3590" timestamp="2025-12-15T21:55:31.885">
  <mem-info id="3592" free="47158896" total="296419328" percent="15">
    <mem type="nursery" free="0" total="144703488" percent="0">
      <mem type="allocate" free="0" total="130220032" percent="0" />
      <mem type="survivor" free="0" total="14483456" percent="0" />
    </mem>
    <mem type="tenure" free="47158896" total="151715840" percent="31">
      <mem type="soa" free="45641328" total="150198272" percent="30" />
      <mem type="loa" free="1517568" total="1517568" percent="100" />
    </mem>
    <remembered-set count="550" />
  </mem-info>
</gc-start>
<allocation-stats totalBytes="129945440" discardedBytes="54944" >
  <allocated-bytes non-tlh="24" tlh="129945416" />
  <largest-consumer threadName="Timer-7" threadId="0000000001005000" bytes="3818712" />
</allocation-stats>
<gc-op id="3593" type="scavenge" timems="24.861" contextid="3590" timestamp="2025-12-15T21:55:31.912">
  <scavenger-info tenureage="14" tenuremask="4000" tiltratio="89" />
  <memory-copied type="nursery" objects="2735" bytes="112336" bytesdiscarded="85928" />
  <ownableSynchronizers candidates="24617" cleared="24524" />
  <references type="weak" candidates="35" cleared="0" enqueued="0" />
  <object-monitors candidates="205" cleared="38"  />
</gc-op>
<gc-end id="3594" type="scavenge" contextid="3590" durationms="29.966" usertimems="13.586" systemtimems="0.455" stalltimems="66.723" timestamp="2025-12-15T21:55:31.915" activeThreads="7">
  <mem-info id="3595" free="177180016" total="296419328" percent="59">
    <mem type="nursery" free="130021120" total="144703488" percent="89">
      <mem type="allocate" free="130021120" total="130220032" percent="99" />
      <mem type="survivor" free="0" total="14483456" percent="0" />
    </mem>
    <mem type="tenure" free="47158896" total="151715840" percent="31" macro-fragmented="33282812">
      <mem type="soa" free="45641328" total="150198272" percent="30" />
      <mem type="loa" free="1517568" total="1517568" percent="100" />
    </mem>
    <remembered-set count="491" />
  </mem-info>
</gc-end>
<cycle-end id="3596" type="scavenge" contextid="3590" timestamp="2025-12-15T21:55:31.916" />
<allocation-satisfied id="3597" threadId="000000000197EB00" bytesRequested="184" />
<af-end id="3598" timestamp="2025-12-15T21:55:31.918" threadId="000000000197F578" success="true" from="nursery"/>
<exclusive-end id="3599" timestamp="2025-12-15T21:55:31.919" durationms="40.545" />

<exclusive-start id="3600" timestamp="2025-12-15T21:59:25.017" intervalms="233138.828">
  <response-info timems="0.431" idlems="0.431" threads="0" lastid="00000000001D0800" lastname="VM Runtime State Listener" />
</exclusive-start>
<sys-start reason="vm idle" id="3601" timestamp="2025-12-15T21:59:25.019" intervalms="819651.237" />
<cycle-start id="3602" type="global" contextid="0" timestamp="2025-12-15T21:59:25.022" intervalms="819652.746" />
<gc-start id="3603" type="global" contextid="3602" timestamp="2025-12-15T21:59:25.024">
  <mem-info id="3604" free="73354424" total="296419328" percent="24">
    <mem type="nursery" free="26195528" total="144703488" percent="18">
      <mem type="allocate" free="26195528" total="130220032" percent="20" />
      <mem type="survivor" free="0" total="14483456" percent="0" />
    </mem>
    <mem type="tenure" free="47158896" total="151715840" percent="31">
      <mem type="soa" free="45641328" total="150198272" percent="30" />
      <mem type="loa" free="1517568" total="1517568" percent="100" />
    </mem>
    <remembered-set count="548" />
  </mem-info>
</gc-start>
<allocation-stats totalBytes="103789600" discardedBytes="35992" >
  <allocated-bytes non-tlh="184" tlh="103789416" />
  <largest-consumer threadName="Scheduled Executor-thread-1" threadId="00000000007E7700" bytes="3010416" />
</allocation-stats>
<gc-op id="3605" type="mark" timems="89.870" contextid="3602" timestamp="2025-12-15T21:59:25.118">
  <trace-info objectcount="2067982" scancount="1785289" scanbytes="67423872" />
  <finalization candidates="901" enqueued="0" />
  <ownableSynchronizers candidates="29038" cleared="19509" />
  <references type="soft" candidates="7386" cleared="0" enqueued="0" dynamicThreshold="9" maxThreshold="32" />
  <references type="weak" candidates="16496" cleared="0" enqueued="0" />
  <references type="phantom" candidates="1342" cleared="0" enqueued="0" />
  <stringconstants candidates="48108" cleared="0"  />
  <object-monitors candidates="167" cleared="2"  />
</gc-op>
<gc-op id="3606" type="classunload" timems="0.096" contextid="3602" timestamp="2025-12-15T21:59:25.120">
  <classunload-info classloadercandidates="495" classloadersunloaded="0" classesunloaded="0" anonymousclassesunloaded="0" quiescems="0.000" setupms="0.095" scanms="0.000" postms="0.000" />
</gc-op>
<gc-op id="3607" type="sweep" timems="4.952" contextid="3602" timestamp="2025-12-15T21:59:25.126" />
<mem-info id="3608" free="177097840" total="296419328" percent="59">
  <mem type="nursery" free="129935936" total="144703488" percent="89">
    <mem type="allocate" free="129935936" total="130220032" percent="99" />
    <mem type="survivor" free="0" total="14483456" percent="0" />
  </mem>
  <mem type="tenure" free="47161904" total="151715840" percent="31" micro-fragmented="0" macro-fragmented="19260884">
    <mem type="soa" free="45644336" total="150198272" percent="30" />
    <mem type="loa" free="1517568" total="1517568" percent="100" />
  </mem>
  <remembered-set count="540" />
</mem-info>
<gc-op id="3609" type="compact" timems="63.125" contextid="3602" timestamp="2025-12-15T21:59:25.193">
  <compact-info movecount="50215" movebytes="1900000" reason="compact on aggressive collection" />
</gc-op>
<gc-end id="3610" type="global" contextid="3602" durationms="170.266" usertimems="1201.271" systemtimems="21.122" stalltimems="885.074" timestamp="2025-12-15T21:59:25.195" activeThreads="20">
  <mem-info id="3611" free="177279400" total="296419328" percent="59">
    <mem type="nursery" free="130115352" total="144703488" percent="89">
      <mem type="allocate" free="130115352" total="130220032" percent="99" />
      <mem type="survivor" free="0" total="14483456" percent="0" />
    </mem>
    <mem type="tenure" free="47164048" total="151715840" percent="31">
      <mem type="soa" free="45646480" total="150198272" percent="30" />
      <mem type="loa" free="1517568" total="1517568" percent="100" />
    </mem>
    <remembered-set count="540" />
  </mem-info>
</gc-end>
<cycle-end id="3612" type="global" contextid="3602" timestamp="2025-12-15T21:59:25.196" />
<sys-end id="3613" timestamp="2025-12-15T21:59:25.197" />
<exclusive-end id="3614" timestamp="2025-12-15T21:59:25.198" durationms="180.764" />

<heap-resize id="3615" type="release free pages" space="tenure" amount="47132672" count="1" timems="1.296" reason="idle" timestamp="2025-12-15T21:59:25.200" />
<exclusive-start id="3616" timestamp="2025-12-15T22:04:17.840" intervalms="292823.256">
  <response-info timems="0.276" idlems="0.276" threads="0" lastid="00000000018DD400" lastname="Default Executor-thread-954" />
</exclusive-start>
<af-start id="3617" threadId="00000000018DDE78" totalBytesRequested="24" timestamp="2025-12-15T22:04:17.842" intervalms="525962.253" type="nursery" />
<cycle-start id="3618" type="scavenge" contextid="0" timestamp="2025-12-15T22:04:17.845" intervalms="525962.640" />
<gc-start id="3619" type="scavenge" contextid="3618" timestamp="2025-12-15T22:04:17.847">
  <mem-info id="3620" free="47164048" total="296419328" percent="15">
    <mem type="nursery" free="0" total="144703488" percent="0">
      <mem type="allocate" free="0" total="130220032" percent="0" />
      <mem type="survivor" free="0" total="14483456" percent="0" />
    </mem>
    <mem type="tenure" free="47164048" total="151715840" percent="31">
      <mem type="soa" free="45646480" total="150198272" percent="30" />
      <mem type="loa" free="1517568" total="1517568" percent="100" />
    </mem>
    <remembered-set count="541" />
  </mem-info>
</gc-start>
<allocation-stats totalBytes="130070152" discardedBytes="45200" >
  <allocated-bytes non-tlh="0" tlh="130070152" />
  <largest-consumer threadName="Timer-7" threadId="0000000001005000" bytes="3816144" />
</allocation-stats>
<gc-op id="3621" type="scavenge" timems="10.750" contextid="3618" timestamp="2025-12-15T22:04:17.862">
  <scavenger-info tenureage="14" tenuremask="4000" tiltratio="89" />
  <memory-copied type="nursery" objects="2831" bytes="118000" bytesdiscarded="115744" />
  <ownableSynchronizers candidates="43571" cleared="43477" />
  <references type="weak" candidates="36" cleared="0" enqueued="0" />
  <object-monitors candidates="185" cleared="19"  />
</gc-op>
<gc-end id="3622" type="scavenge" contextid="3618" durationms="15.710" usertimems="2.314" systemtimems="5.755" stalltimems="21.020" timestamp="2025-12-15T22:04:17.863" activeThreads="7">
  <mem-info id="3623" free="177149840" total="296419328" percent="59">
    <mem type="nursery" free="129985792" total="144703488" percent="89">
      <mem type="allocate" free="129985792" total="130220032" percent="99" />
      <mem type="survivor" free="0" total="14483456" percent="0" />
    </mem>
    <mem type="tenure" free="47164048" total="151715840" percent="31" macro-fragmented="39939376">
      <mem type="soa" free="45646480" total="150198272" percent="30" />
      <mem type="loa" free="1517568" total="1517568" percent="100" />
    </mem>
    <remembered-set count="483" />
  </mem-info>
</gc-end>
<cycle-end id="3624" type="scavenge" contextid="3618" timestamp="2025-12-15T22:04:17.864" />
<allocation-satisfied id="3625" threadId="00000000018DD400" bytesRequested="24" />
<af-end id="3626" timestamp="2025-12-15T22:04:17.866" threadId="00000000018DDE78" success="true" from="nursery"/>
<exclusive-end id="3627" timestamp="2025-12-15T22:04:17.866" durationms="25.727" />

<exclusive-start id="3628" timestamp="2025-12-15T22:09:09.601" intervalms="291760.829">
  <response-info timems="0.139" idlems="0.139" threads="0" lastid="00000000018C4D00" lastname="Default Executor-thread-1011" />
</exclusive-start>
<af-start id="3629" threadId="00000000018C5778" totalBytesRequested="160" timestamp="2025-12-15T22:09:09.603" intervalms="291760.714" type="nursery" />
<cycle-start id="3630" type="scavenge" contextid="0" timestamp="2025-12-15T22:09:09.606" intervalms="291760.647" />
<gc-start id="3631" type="scavenge" contextid="3630" timestamp="2025-12-15T22:09:09.608">
  <mem-info id="3632" free="47164048" total="296419328" percent="15">
    <mem type="nursery" free="0" total="144703488" percent="0">
      <mem type="allocate" free="0" total="130220032" percent="0" />
      <mem type="survivor" free="0" total="14483456" percent="0" />
    </mem>
    <mem type="tenure" free="47164048" total="151715840" percent="31">
      <mem type="soa" free="45646480" total="150198272" percent="30" />
      <mem type="loa" free="1517568" total="1517568" percent="100" />
    </mem>
    <remembered-set count="542" />
  </mem-info>
</gc-start>
<allocation-stats totalBytes="129934832" discardedBytes="50960" >
  <allocated-bytes non-tlh="24" tlh="129934808" />
  <largest-consumer threadName="Scheduled Executor-thread-1" threadId="00000000007E7700" bytes="3788600" />
</allocation-stats>
<gc-op id="3633" type="scavenge" timems="23.878" contextid="3630" timestamp="2025-12-15T22:09:09.636">
  <scavenger-info tenureage="14" tenuremask="4000" tiltratio="89" />
  <memory-copied type="nursery" objects="2767" bytes="113840" bytesdiscarded="113728" />
  <ownableSynchronizers candidates="24540" cleared="24446" />
  <references type="weak" candidates="36" cleared="0" enqueued="0" />
  <object-monitors candidates="206" cleared="40"  />
</gc-op>
<gc-end id="3634" type="scavenge" contextid="3630" durationms="29.574" usertimems="6.553" systemtimems="9.663" stalltimems="75.172" timestamp="2025-12-15T22:09:09.638" activeThreads="7">
  <mem-info id="3635" free="177155984" total="296419328" percent="59">
    <mem type="nursery" free="129991936" total="144703488" percent="89">
      <mem type="allocate" free="129991936" total="130220032" percent="99" />
      <mem type="survivor" free="0" total="14483456" percent="0" />
    </mem>
    <mem type="tenure" free="47164048" total="151715840" percent="31" macro-fragmented="0">
      <mem type="soa" free="45646480" total="150198272" percent="30" />
      <mem type="loa" free="1517568" total="1517568" percent="100" />
    </mem>
    <remembered-set count="478" />
  </mem-info>
</gc-end>
<cycle-end id="3636" type="scavenge" contextid="3630" timestamp="2025-12-15T22:09:09.640" />
<allocation-satisfied id="3637" threadId="00000000018C4D00" bytesRequested="160" />
<af-end id="3638" timestamp="2025-12-15T22:09:09.643" threadId="00000000018C5778" success="true" from="nursery"/>
<exclusive-end id="3639" timestamp="2025-12-15T22:09:09.645" durationms="43.464" />

<exclusive-start id="3640" timestamp="2025-12-15T22:12:47.965" intervalms="218363.744">
  <response-info timems="0.154" idlems="0.154" threads="0" lastid="00000000001D0800" lastname="VM Runtime State Listener" />
</exclusive-start>
<sys-start reason="vm idle" id="3641" timestamp="2025-12-15T22:12:47.967" intervalms="802947.984" />
<cycle-start id="3642" type="global" contextid="0" timestamp="2025-12-15T22:12:47.969" intervalms="802947.688" />
<gc-start id="3643" type="global" contextid="3642" timestamp="2025-12-15T22:12:47.972">
  <mem-info id="3644" free="79462128" total="296419328" percent="26">
    <mem type="nursery" free="32298080" total="144703488" percent="22">
      <mem type="allocate" free="32298080" total="130220032" percent="24" />
      <mem type="survivor" free="0" total="14483456" percent="0" />
    </mem>
    <mem type="tenure" free="47164048" total="151715840" percent="31">
      <mem type="soa" free="45646480" total="150198272" percent="30" />
      <mem type="loa" free="1517568" total="1517568" percent="100" />
    </mem>
    <remembered-set count="535" />
  </mem-info>
</gc-start>
<allocation-stats totalBytes="97656424" discardedBytes="37432" >
  <allocated-bytes non-tlh="160" tlh="97656264" />
  <largest-consumer threadName="Timer-7" threadId="0000000001005000" bytes="2848152" />
</allocation-stats>
<gc-op id="3645" type="mark" timems="100.725" contextid="3642" timestamp="2025-12-15T22:12:48.075">
  <trace-info objectcount="2068064" scancount="1785351" scanbytes="67425408" />
  <finalization candidates="901" enqueued="0" />
  <ownableSynchronizers candidates="27808" cleared="18279" />
  <references type="soft" candidates="7386" cleared="0" enqueued="0" dynamicThreshold="9" maxThreshold="32" />
  <references type="weak" candidates="16496" cleared="0" enqueued="0" />
  <references type="phantom" candidates="1342" cleared="0" enqueued="0" />
  <stringconstants candidates="48108" cleared="0"  />
  <object-monitors candidates="186" cleared="21"  />
</gc-op>
<gc-op id="3646" type="classunload" timems="0.086" contextid="3642" timestamp="2025-12-15T22:12:48.076">
  <classunload-info classloadercandidates="495" classloadersunloaded="0" classesunloaded="0" anonymousclassesunloaded="0" quiescems="0.000" setupms="0.085" scanms="0.000" postms="0.000" />
</gc-op>
<gc-op id="3647" type="sweep" timems="5.592" contextid="3642" timestamp="2025-12-15T22:12:48.083" />
<gc-end id="3648" type="global" contextid="3642" durationms="112.146" usertimems="887.548" systemtimems="32.271" stalltimems="806.757" timestamp="2025-12-15T22:12:48.084" activeThreads="20">
  <mem-info id="3649" free="177072296" total="296419328" percent="59">
    <mem type="nursery" free="129908248" total="144703488" percent="89">
      <mem type="allocate" free="129908248" total="130220032" percent="99" />
      <mem type="survivor" free="0" total="14483456" percent="0" />
    </mem>
    <mem type="tenure" free="47164048" total="151715840" percent="31" micro-fragmented="0" macro-fragmented="0">
      <mem type="soa" free="45646480" total="150198272" percent="30" />
      <mem type="loa" free="1517568" total="1517568" percent="100" />
    </mem>
    <remembered-set count="531" />
  </mem-info>
</gc-end>
<cycle-end id="3650" type="global" contextid="3642" timestamp="2025-12-15T22:12:48.085" />
<sys-end id="3651" timestamp="2025-12-15T22:12:48.085" />
<exclusive-end id="3652" timestamp="2025-12-15T22:12:48.085" durationms="120.470" />

<heap-resize id="3653" type="release free pages" space="tenure" amount="47132672" count="1" timems="1.492" reason="idle" timestamp="2025-12-15T22:12:48.087" />
<exclusive-start id="3654" timestamp="2025-12-15T22:17:40.847" intervalms="292882.162">
  <response-info timems="0.102" idlems="0.102" threads="0" lastid="00000000019D7400" lastname="Default Executor-thread-1001" />
</exclusive-start>
<af-start id="3655" threadId="00000000019D7E78" totalBytesRequested="64" timestamp="2025-12-15T22:17:40.849" intervalms="511245.571" type="nursery" />
<cycle-start id="3656" type="scavenge" contextid="0" timestamp="2025-12-15T22:17:40.850" intervalms="511244.954" />
<gc-start id="3657" type="scavenge" contextid="3656" timestamp="2025-12-15T22:17:40.853">
  <mem-info id="3658" free="47164048" total="296419328" percent="15">
    <mem type="nursery" free="0" total="144703488" percent="0">
      <mem type="allocate" free="0" total="130220032" percent="0" />
      <mem type="survivor" free="0" total="14483456" percent="0" />
    </mem>
    <mem type="tenure" free="47164048" total="151715840" percent="31">
      <mem type="soa" free="45646480" total="150198272" percent="30" />
      <mem type="loa" free="1517568" total="1517568" percent="100" />
    </mem>
    <remembered-set count="534" />
  </mem-info>
</gc-start>
<allocation-stats totalBytes="129854416" discardedBytes="53832" >
  <allocated-bytes non-tlh="2616" tlh="129851800" />
  <largest-consumer threadName="Scheduled Executor-thread-1" threadId="00000000007E7700" bytes="3685376" />
</allocation-stats>
<gc-op id="3659" type="scavenge" timems="10.795" contextid="3656" timestamp="2025-12-15T22:17:40.866">
  <scavenger-info tenureage="14" tenuremask="4000" tiltratio="89" />
  <memory-copied type="nursery" objects="2728" bytes="112320" bytesdiscarded="123640" />
  <ownableSynchronizers candidates="43571" cleared="43476" />
  <references type="weak" candidates="37" cleared="0" enqueued="0" />
  <object-monitors candidates="185" cleared="20"  />
</gc-op>
<gc-end id="3660" type="scavenge" contextid="3656" durationms="13.881" usertimems="2.343" systemtimems="5.856" stalltimems="12.718" timestamp="2025-12-15T22:17:40.866" activeThreads="7">
  <mem-info id="3661" free="177147536" total="296419328" percent="59">
    <mem type="nursery" free="129983488" total="144703488" percent="89">
      <mem type="allocate" free="129983488" total="130220032" percent="99" />
      <mem type="survivor" free="0" total="14483456" percent="0" />
    </mem>
    <mem type="tenure" free="47164048" total="151715840" percent="31" macro-fragmented="0">
      <mem type="soa" free="45646480" total="150198272" percent="30" />
      <mem type="loa" free="1517568" total="1517568" percent="100" />
    </mem>
    <remembered-set count="475" />
  </mem-info>
</gc-end>
<cycle-end id="3662" type="scavenge" contextid="3656" timestamp="2025-12-15T22:17:40.867" />
<allocation-satisfied id="3663" threadId="00000000019D7400" bytesRequested="64" />
<af-end id="3664" timestamp="2025-12-15T22:17:40.867" threadId="00000000019D7E78" success="true" from="nursery"/>
<exclusive-end id="3665" timestamp="2025-12-15T22:17:40.868" durationms="20.675" />

<exclusive-start id="3666" timestamp="2025-12-15T22:22:34.108" intervalms="293261.149">
  <response-info timems="0.127" idlems="0.127" threads="0" lastid="0000000001888300" lastname="Default Executor-thread-1043" />
</exclusive-start>
<af-start id="3667" threadId="0000000001888D78" totalBytesRequested="1032" timestamp="2025-12-15T22:22:34.110" intervalms="293261.339" type="nursery" />
<cycle-start id="3668" type="scavenge" contextid="0" timestamp="2025-12-15T22:22:34.113" intervalms="293262.136" />
<gc-start id="3669" type="scavenge" contextid="3668" timestamp="2025-12-15T22:22:34.115">
  <mem-info id="3670" free="47164048" total="296419328" percent="15">
    <mem type="nursery" free="0" total="144703488" percent="0">
      <mem type="allocate" free="0" total="130220032" percent="0" />
      <mem type="survivor" free="0" total="14483456" percent="0" />
    </mem>
    <mem type="tenure" free="47164048" total="151715840" percent="31">
      <mem type="soa" free="45646480" total="150198272" percent="30" />
      <mem type="loa" free="1517568" total="1517568" percent="100" />
    </mem>
    <remembered-set count="532" />
  </mem-info>
</gc-start>
<allocation-stats totalBytes="129943408" discardedBytes="40080" >
  <allocated-bytes non-tlh="64" tlh="129943344" />
  <largest-consumer threadName="Timer-7" threadId="0000000001005000" bytes="3728296" />
</allocation-stats>
<gc-op id="3671" type="scavenge" timems="21.533" contextid="3668" timestamp="2025-12-15T22:22:34.140">
  <scavenger-info tenureage="14" tenuremask="4000" tiltratio="89" />
  <memory-copied type="nursery" objects="2643" bytes="108680" bytesdiscarded="92160" />
  <ownableSynchronizers candidates="24644" cleared="24549" />
  <references type="weak" candidates="37" cleared="0" enqueued="0" />
  <object-monitors candidates="185" cleared="20"  />
</gc-op>
<gc-end id="3672" type="scavenge" contextid="3668" durationms="26.625" usertimems="1.845" systemtimems="13.568" stalltimems="51.942" timestamp="2025-12-15T22:22:34.142" activeThreads="8">
  <mem-info id="3673" free="177182864" total="296419328" percent="59">
    <mem type="nursery" free="130018816" total="144703488" percent="89">
      <mem type="allocate" free="130018816" total="130220032" percent="99" />
      <mem type="survivor" free="0" total="14483456" percent="0" />
    </mem>
    <mem type="tenure" free="47164048" total="151715840" percent="31" macro-fragmented="27735676">
      <mem type="soa" free="45646480" total="150198272" percent="30" />
      <mem type="loa" free="1517568" total="1517568" percent="100" />
    </mem>
    <remembered-set count="475" />
  </mem-info>
</gc-end>
<cycle-end id="3674" type="scavenge" contextid="3668" timestamp="2025-12-15T22:22:34.144" />
<allocation-satisfied id="3675" threadId="0000000001888300" bytesRequested="1032" />
<af-end id="3676" timestamp="2025-12-15T22:22:34.146" threadId="0000000001888D78" success="true" from="nursery"/>
<exclusive-end id="3677" timestamp="2025-12-15T22:22:34.147" durationms="38.384" />

<exclusive-start id="3678" timestamp="2025-12-15T22:26:09.579" intervalms="215470.248">
  <response-info timems="0.090" idlems="0.090" threads="0" lastid="00000000001D0800" lastname="VM Runtime State Listener" />
</exclusive-start>
<sys-start reason="vm idle" id="3679" timestamp="2025-12-15T22:26:09.580" intervalms="801613.056" />
<cycle-start id="3680" type="global" contextid="0" timestamp="2025-12-15T22:26:09.582" intervalms="801612.894" />
<gc-start id="3681" type="global" contextid="3680" timestamp="2025-12-15T22:26:09.585">
  <mem-info id="3682" free="81261704" total="296419328" percent="27">
    <mem type="nursery" free="34097656" total="144703488" percent="23">
      <mem type="allocate" free="34097656" total="130220032" percent="26" />
      <mem type="survivor" free="0" total="14483456" percent="0" />
    </mem>
    <mem type="tenure" free="47164048" total="151715840" percent="31">
      <mem type="soa" free="45646480" total="150198272" percent="30" />
      <mem type="loa" free="1517568" total="1517568" percent="100" />
    </mem>
    <remembered-set count="533" />
  </mem-info>
</gc-start>
<allocation-stats totalBytes="95891944" discardedBytes="29216" >
  <allocated-bytes non-tlh="1032" tlh="95890912" />
  <largest-consumer threadName="Scheduled Executor-thread-1" threadId="00000000007E7700" bytes="2645880" />
</allocation-stats>
<gc-op id="3683" type="mark" timems="64.624" contextid="3680" timestamp="2025-12-15T22:26:09.652">
  <trace-info objectcount="2068025" scancount="1785324" scanbytes="67424736" />
  <finalization candidates="901" enqueued="0" />
  <ownableSynchronizers candidates="27568" cleared="18039" />
  <references type="soft" candidates="7386" cleared="0" enqueued="0" dynamicThreshold="9" maxThreshold="32" />
  <references type="weak" candidates="16496" cleared="0" enqueued="0" />
  <references type="phantom" candidates="1342" cleared="0" enqueued="0" />
  <stringconstants candidates="48108" cleared="0"  />
  <object-monitors candidates="165" cleared="0"  />
</gc-op>
<gc-op id="3684" type="classunload" timems="0.040" contextid="3680" timestamp="2025-12-15T22:26:09.653">
  <classunload-info classloadercandidates="495" classloadersunloaded="0" classesunloaded="0" anonymousclassesunloaded="0" quiescems="0.000" setupms="0.039" scanms="0.000" postms="0.000" />
</gc-op>
<gc-op id="3685" type="sweep" timems="2.003" contextid="3680" timestamp="2025-12-15T22:26:09.656" />
<mem-info id="3686" free="177094536" total="296419328" percent="59">
  <mem type="nursery" free="129930488" total="144703488" percent="89">
    <mem type="allocate" free="129930488" total="130220032" percent="99" />
    <mem type="survivor" free="0" total="14483456" percent="0" />
  </mem>
  <mem type="tenure" free="47164048" total="151715840" percent="31" micro-fragmented="0" macro-fragmented="0">
    <mem type="soa" free="45646480" total="150198272" percent="30" />
    <mem type="loa" free="1517568" total="1517568" percent="100" />
  </mem>
  <remembered-set count="533" />
</mem-info>
<gc-op id="3687" type="compact" timems="27.594" contextid="3680" timestamp="2025-12-15T22:26:09.685">
  <compact-info movecount="36655" movebytes="1490504" reason="compact on aggressive collection" />
</gc-op>
<gc-end id="3688" type="global" contextid="3680" durationms="100.599" usertimems="869.618" systemtimems="38.366" stalltimems="434.994" timestamp="2025-12-15T22:26:09.686" activeThreads="20">
  <mem-info id="3689" free="177278080" total="296419328" percent="59">
    <mem type="nursery" free="130112448" total="144703488" percent="89">
      <mem type="allocate" free="130112448" total="130220032" percent="99" />
      <mem type="survivor" free="0" total="14483456" percent="0" />
    </mem>
    <mem type="tenure" free="47165632" total="151715840" percent="31">
      <mem type="soa" free="45648064" total="150198272" percent="30" />
      <mem type="loa" free="1517568" total="1517568" percent="100" />
    </mem>
    <remembered-set count="533" />
  </mem-info>
</gc-end>
<cycle-end id="3690" type="global" contextid="3680" timestamp="2025-12-15T22:26:09.686" />
<sys-end id="3691" timestamp="2025-12-15T22:26:09.687" />
<exclusive-end id="3692" timestamp="2025-12-15T22:26:09.687" durationms="108.512" />

<heap-resize id="3693" type="release free pages" space="tenure" amount="47132672" count="1" timems="0.646" reason="idle" timestamp="2025-12-15T22:26:09.688" />
<exclusive-start id="3694" timestamp="2025-12-15T22:31:00.825" intervalms="291246.093">
  <response-info timems="0.145" idlems="0.145" threads="0" lastid="0000000001892500" lastname="Default Executor-thread-1022" />
</exclusive-start>
<af-start id="3695" threadId="0000000001892F78" totalBytesRequested="24" timestamp="2025-12-15T22:31:00.826" intervalms="506716.433" type="nursery" />
<cycle-start id="3696" type="scavenge" contextid="0" timestamp="2025-12-15T22:31:00.829" intervalms="506716.426" />
<gc-start id="3697" type="scavenge" contextid="3696" timestamp="2025-12-15T22:31:00.832">
  <mem-info id="3698" free="47165632" total="296419328" percent="15">
    <mem type="nursery" free="0" total="144703488" percent="0">
      <mem type="allocate" free="0" total="130220032" percent="0" />
      <mem type="survivor" free="0" total="14483456" percent="0" />
    </mem>
    <mem type="tenure" free="47165632" total="151715840" percent="31">
      <mem type="soa" free="45648064" total="150198272" percent="30" />
      <mem type="loa" free="1517568" total="1517568" percent="100" />
    </mem>
    <remembered-set count="535" />
  </mem-info>
</gc-start>
<allocation-stats totalBytes="130061440" discardedBytes="51008" >
  <allocated-bytes non-tlh="0" tlh="130061440" />
  <largest-consumer threadName="Timer-7" threadId="0000000001005000" bytes="3779200" />
</allocation-stats>
<gc-op id="3699" type="scavenge" timems="75.323" contextid="3696" timestamp="2025-12-15T22:31:00.910">
  <scavenger-info tenureage="14" tenuremask="4000" tiltratio="89" />
  <memory-copied type="nursery" objects="2845" bytes="116776" bytesdiscarded="158368" />
  <ownableSynchronizers candidates="43436" cleared="43341" />
  <references type="weak" candidates="37" cleared="0" enqueued="0" />
  <object-monitors candidates="185" cleared="20"  />
</gc-op>
<heap-resize id="3700" type="contract" space="nursery" amount="1441792" count="1" timems="1.160" reason="insufficient time being spent scavenging" timestamp="2025-12-15T22:31:00.913" />
<gc-end id="3701" type="scavenge" contextid="3696" durationms="83.816" usertimems="9.970" systemtimems="22.759" stalltimems="269.584" timestamp="2025-12-15T22:31:00.916" activeThreads="9">
  <mem-info id="3702" free="175799232" total="294977536" percent="59">
    <mem type="nursery" free="128633600" total="143261696" percent="89">
      <mem type="allocate" free="128633600" total="128909312" percent="99" />
      <mem type="survivor" free="0" total="14352384" percent="0" />
    </mem>
    <mem type="tenure" free="47165632" total="151715840" percent="31" macro-fragmented="33282812">
      <mem type="soa" free="45648064" total="150198272" percent="30" />
      <mem type="loa" free="1517568" total="1517568" percent="100" />
    </mem>
    <remembered-set count="476" />
  </mem-info>
</gc-end>
<cycle-end id="3703" type="scavenge" contextid="3696" timestamp="2025-12-15T22:31:00.918" />
<allocation-satisfied id="3704" threadId="0000000001892500" bytesRequested="24" />
<af-end id="3705" timestamp="2025-12-15T22:31:00.920" threadId="0000000001892F78" success="true" from="nursery"/>
<exclusive-end id="3706" timestamp="2025-12-15T22:31:00.921" durationms="96.162" />

<exclusive-start id="3707" timestamp="2025-12-15T22:34:34.613" intervalms="213788.230">
  <response-info timems="0.092" idlems="0.092" threads="0" lastid="00000000018C1D00" lastname="Framework stop - Equinox Container: 24d7c223-93ad-40be-a83d-0d3" />
</exclusive-start>
<af-start id="3708" threadId="00000000018C2778" totalBytesRequested="696" timestamp="2025-12-15T22:34:34.614" intervalms="213787.783" type="nursery" />
<cycle-start id="3709" type="scavenge" contextid="0" timestamp="2025-12-15T22:34:34.616" intervalms="213786.653" />
<gc-start id="3710" type="scavenge" contextid="3709" timestamp="2025-12-15T22:34:34.617">
  <mem-info id="3711" free="47079208" total="294977536" percent="15">
    <mem type="nursery" free="0" total="143261696" percent="0">
      <mem type="allocate" free="0" total="128909312" percent="0" />
      <mem type="survivor" free="0" total="14352384" percent="0" />
    </mem>
    <mem type="tenure" free="47079208" total="151715840" percent="31">
      <mem type="soa" free="45561640" total="150198272" percent="30" />
      <mem type="loa" free="1517568" total="1517568" percent="100" />
    </mem>
    <remembered-set count="7482" />
  </mem-info>
</gc-start>
<allocation-stats totalBytes="128655056" discardedBytes="64208" >
  <allocated-bytes non-tlh="576096" tlh="128078960" />
  <largest-consumer threadName="Framework stop - Equinox Container: 24d7c223-93ad-40be-a83d-0d3d382c86f4" threadId="00000000018C1D00" bytes="16963544" />
</allocation-stats>
<gc-op id="3712" type="scavenge" timems="8.995" contextid="3709" timestamp="2025-12-15T22:34:34.629">
  <scavenger-info tenureage="14" tenuremask="4000" tiltratio="89" />
  <memory-copied type="nursery" objects="19036" bytes="1437128" bytesdiscarded="464632" />
  <finalization candidates="3" enqueued="3" />
  <ownableSynchronizers candidates="17963" cleared="17832" />
  <references type="soft" candidates="1181" cleared="0" enqueued="0" dynamicThreshold="9" maxThreshold="32" />
  <references type="weak" candidates="405" cleared="184" enqueued="160" />
  <references type="phantom" candidates="50" cleared="2" enqueued="2" />
  <object-monitors candidates="180" cleared="0"  />
</gc-op>
<gc-end id="3713" type="scavenge" contextid="3709" durationms="21.414" usertimems="12.298" systemtimems="12.873" stalltimems="64.869" timestamp="2025-12-15T22:34:34.639" activeThreads="10">
  <mem-info id="3714" free="174084232" total="294977536" percent="59">
    <mem type="nursery" free="127005024" total="143261696" percent="88">
      <mem type="allocate" free="127005024" total="128909312" percent="98" />
      <mem type="survivor" free="0" total="14352384" percent="0" />
    </mem>
    <mem type="tenure" free="47079208" total="151715840" percent="31" macro-fragmented="39939376">
      <mem type="soa" free="45561640" total="150198272" percent="30" />
      <mem type="loa" free="1517568" total="1517568" percent="100" />
    </mem>
    <pending-finalizers system="3" default="0" reference="162" classloader="0" />
    <remembered-set count="4185" />
  </mem-info>
</gc-end>
<cycle-end id="3715" type="scavenge" contextid="3709" timestamp="2025-12-15T22:34:34.641" />
<allocation-satisfied id="3716" threadId="00000000018C1D00" bytesRequested="696" />
<af-end id="3717" timestamp="2025-12-15T22:34:34.644" threadId="00000000018C2778" success="true" from="nursery"/>
<exclusive-end id="3718" timestamp="2025-12-15T22:34:34.645" durationms="32.424" />

</verbosegc>

