<?xml version="1.0" ?>

<verbosegc xmlns="http://www.ibm.com/j9/verbosegc" version="266a8c6f5_CMPRSS">

<initialized id="1" timestamp="2025-12-10T06:44:36.079">
  <attribute name="gcPolicy" value="-Xgcpolicy:gencon" />
  <attribute name="maxHeapSize" value="0xf7440000" />
  <attribute name="initialHeapSize" value="0x800000" />
  <attribute name="compressedRefs" value="true" />
  <attribute name="compressedRefsDisplacement" value="0x0" />
  <attribute name="compressedRefsShift" value="0x3" />
  <attribute name="pageSize" value="0x1000" />
  <attribute name="pageType" value="not used" />
  <attribute name="requestedPageSize" value="0x1000" />
  <attribute name="requestedPageType" value="not used" />
  <attribute name="gcthreads" value="20" />
  <attribute name="gcthreads Concurrent Mark" value="1" />
  <attribute name="packetListSplit" value="3" />
  <attribute name="cacheListSplit" value="3" />
  <attribute name="splitFreeListSplitAmount" value="3" />
  <attribute name="numaNodes" value="0" />
  <system>
    <attribute name="physicalMemory" value="16593891328" />
    <attribute name="addressablePhysicalMemory" value="16593891328" />
    <attribute name="container memory limit set" value="false" />
    <attribute name="numCPUs" value="20" />
    <attribute name="numCPUs active" value="20" />
    <attribute name="architecture" value="amd64" />
    <attribute name="os" value="Linux" />
    <attribute name="osVersion" value="6.6.87.2-microsoft-standard-WSL2" />
  </system>
  <vmargs>
    <vmarg name="-Xoptionsfile=/opt/java/openjdk/lib/options.default" />
    <vmarg name="-Xlockword:mode=default,noLockword=java/lang/String,noLockword=java/util/MapEntry,noLockword=java/util/HashMap$Entry,noLockword..." />
    <vmarg name="-XX:+EnsureHashed:java/lang/Class,java/lang/Thread" />
    <vmarg name="-Xjcl:jclse29" />
    <vmarg name="-Dcom.ibm.oti.vm.bootstrap.library.path=/opt/java/openjdk/lib/default:/opt/java/openjdk/lib" />
    <vmarg name="-Dsun.boot.library.path=/opt/java/openjdk/lib/default:/opt/java/openjdk/lib" />
    <vmarg name="-Djava.library.path=/opt/java/openjdk/lib/default:/opt/java/openjdk/lib:/usr/lib64:/usr/lib" />
    <vmarg name="-Djava.home=/opt/java/openjdk" />
    <vmarg name="-Duser.dir=/opt/ibm/wlp/output/defaultServer" />
    <vmarg name="-XX:+IgnoreUnrecognizedVMOptions" />
    <vmarg name="-XX:+PortableSharedCache" />
    <vmarg name="-XX:+IdleTuningGcOnIdle" />
    <vmarg name="-Xshareclasses:name=openj9_system_scc,cacheDir=/opt/java/.scc,readonly,nonFatal" />
    <vmarg name="-Xverbosegclog:/logs/verbosegc.%seq.log,10,1024" />
    <vmarg name="-Djdk.nativePBKDF2=true" />
    <vmarg name="-XX:+IgnoreUnrecognizedVMOptions" />
    <vmarg name="-XX:+IdleTuningGcOnIdle" />
    <vmarg name="-Xshareclasses:name=openj9_system_scc,cacheDir=/opt/java/.scc,readonly,nonFatal" />
    <vmarg name="-Dosgi.checkConfiguration=false" />
    <vmarg name="-Djdk.nativePBKDF2=true" />
    <vmarg name="-XX:+IgnoreUnrecognizedVMOptions" />
    <vmarg name="-XX:+IdleTuningGcOnIdle" />
    <vmarg name="-Xshareclasses:name=openj9_system_scc,cacheDir=/opt/java/.scc,readonly,nonFatal" />
    <vmarg name="-Dosgi.checkConfiguration=false" />
    <vmarg name="-javaagent:/opt/ibm/wlp/bin/tools/ws-javaagent.jar" />
    <vmarg name="-Djava.awt.headless=true" />
    <vmarg name="-Djdk.attach.allowAttachSelf=true" />
    <vmarg name="-Xbootclasspath/a:/opt/ibm/zosconnect/lib/icu4j-71.1.jar:/opt/ibm/zosconnect/lib/icu4j-charset-71.1.jar" />
    <vmarg name="--add-exports=java.base/sun.security.action=ALL-UNNAMED" />
    <vmarg name="--add-exports=java.naming/com.sun.jndi.ldap=ALL-UNNAMED" />
    <vmarg name="--add-exports=java.naming/com.sun.jndi.url.ldap=ALL-UNNAMED" />
    <vmarg name="--add-exports=jdk.naming.dns/com.sun.jndi.dns=ALL-UNNAMED" />
    <vmarg name="--add-exports=jdk.naming.dns/com.sun.jndi.url.dns=ALL-UNNAMED" />
    <vmarg name="--add-exports=java.security.jgss/sun.security.krb5.internal=ALL-UNNAMED" />
    <vmarg name="--add-exports=jdk.attach/sun.tools.attach=ALL-UNNAMED" />
    <vmarg name="--add-opens=java.base/java.util=ALL-UNNAMED" />
    <vmarg name="--add-opens=java.base/java.lang=ALL-UNNAMED" />
    <vmarg name="--add-opens=java.base/java.util.concurrent=ALL-UNNAMED" />
    <vmarg name="--add-opens=java.base/java.io=ALL-UNNAMED" />
    <vmarg name="--add-opens=java.base/java.nio=ALL-UNNAMED" />
    <vmarg name="--add-opens=java.base/sun.nio.ch=ALL-UNNAMED" />
    <vmarg name="--add-opens=java.naming/javax.naming.spi=ALL-UNNAMED" />
    <vmarg name="--add-opens=java.naming/com.sun.naming.internal=ALL-UNNAMED" />
    <vmarg name="--add-opens=jdk.naming.rmi/com.sun.jndi.url.rmi=ALL-UNNAMED" />
    <vmarg name="--add-opens=java.naming/javax.naming=ALL-UNNAMED" />
    <vmarg name="--add-opens=java.rmi/java.rmi=ALL-UNNAMED" />
    <vmarg name="--add-opens=java.sql/java.sql=ALL-UNNAMED" />
    <vmarg name="--add-opens=java.management/javax.management=ALL-UNNAMED" />
    <vmarg name="--add-opens=java.base/java.lang.reflect=ALL-UNNAMED" />
    <vmarg name="--add-opens=java.desktop/java.awt.image=ALL-UNNAMED" />
    <vmarg name="--add-opens=java.base/java.security=ALL-UNNAMED" />
    <vmarg name="--add-opens=java.base/java.net=ALL-UNNAMED" />
    <vmarg name="--add-opens=java.base/java.text=ALL-UNNAMED" />
    <vmarg name="--add-opens=java.base/sun.net.www.protocol.https=ALL-UNNAMED" />
    <vmarg name="--add-exports=jdk.management.agent/jdk.internal.agent=ALL-UNNAMED" />
    <vmarg name="--add-exports=java.base/jdk.internal.vm=ALL-UNNAMED" />
    <vmarg name="-Djava.class.path=/opt/ibm/wlp/bin/tools/ws-server.jar" />
    <vmarg name="-Dsun.java.command=/opt/ibm/wlp/bin/tools/ws-server.jar defaultServer --clean" />
    <vmarg name="-Dsun.java.launcher=SUN_STANDARD" />
  </vmargs>
</initialized>

<exclusive-start id="2" timestamp="2025-12-10T06:44:36.224" intervalms="145.045">
  <response-info timems="0.019" idlems="0.019" threads="0" lastid="0000000000025A00" lastname="main" />
</exclusive-start>
<af-start id="3" threadId="0000000000026478" totalBytesRequested="8200" timestamp="2025-12-10T06:44:36.224" intervalms="145.811" type="nursery" />
<cycle-start id="4" type="scavenge" contextid="0" timestamp="2025-12-10T06:44:36.225" intervalms="146.340" />
<gc-start id="5" type="scavenge" contextid="4" timestamp="2025-12-10T06:44:36.226">
  <mem-info id="6" free="6072872" total="8388608" percent="72">
    <mem type="nursery" free="0" total="2097152" percent="0">
      <mem type="allocate" free="0" total="1048576" percent="0" />
      <mem type="survivor" free="0" total="1048576" percent="0" />
    </mem>
    <mem type="tenure" free="6072872" total="6291456" percent="96">
      <mem type="soa" free="5757480" total="5976064" percent="96" />
      <mem type="loa" free="315392" total="315392" percent="100" />
    </mem>
    <remembered-set count="3062" />
  </mem-info>
</gc-start>
<allocation-stats totalBytes="1261632" discardedBytes="5528" >
  <allocated-bytes non-tlh="234976" tlh="1026656" />
  <largest-consumer threadName="main" threadId="0000000000025A00" bytes="1175616" />
</allocation-stats>
<gc-op id="7" type="scavenge" timems="1.683" contextid="4" timestamp="2025-12-10T06:44:36.229">
  <scavenger-info tenureage="2" tenuremask="fffc" tiltratio="50" />
  <memory-copied type="nursery" objects="10198" bytes="475696" bytesdiscarded="53448" />
  <finalization candidates="170" enqueued="106" />
  <ownableSynchronizers candidates="1" cleared="0" />
  <references type="soft" candidates="18" cleared="0" enqueued="0" dynamicThreshold="32" maxThreshold="32" />
  <references type="weak" candidates="126" cleared="26" enqueued="26" />
  <references type="phantom" candidates="24" cleared="5" enqueued="5" />
  <object-monitors candidates="1" cleared="0"  />
</gc-op>
<gc-end id="8" type="scavenge" contextid="4" durationms="3.710" usertimems="1.961" systemtimems="1.106" stalltimems="3.855" timestamp="2025-12-10T06:44:36.229" activeThreads="4">
  <mem-info id="9" free="6591104" total="8388608" percent="78">
    <mem type="nursery" free="518232" total="2097152" percent="24">
      <mem type="allocate" free="518232" total="1048576" percent="49" />
      <mem type="survivor" free="0" total="1048576" percent="0" />
    </mem>
    <mem type="tenure" free="6072872" total="6291456" percent="96">
      <mem type="soa" free="5757480" total="5976064" percent="96" />
      <mem type="loa" free="315392" total="315392" percent="100" />
    </mem>
    <pending-finalizers system="106" default="0" reference="31" classloader="0" />
    <remembered-set count="3062" />
  </mem-info>
</gc-end>
<cycle-end id="10" type="scavenge" contextid="4" timestamp="2025-12-10T06:44:36.230" />
<allocation-satisfied id="11" threadId="0000000000025A00" bytesRequested="8200" />
<af-end id="12" timestamp="2025-12-10T06:44:36.231" threadId="0000000000026478" success="true" from="nursery"/>
<exclusive-end id="13" timestamp="2025-12-10T06:44:36.232" durationms="7.915" />

<exclusive-start id="14" timestamp="2025-12-10T06:44:36.253" intervalms="28.914">
  <response-info timems="0.033" idlems="0.033" threads="0" lastid="0000000000025A00" lastname="main" />
</exclusive-start>
<af-start id="15" threadId="0000000000026478" totalBytesRequested="13408" timestamp="2025-12-10T06:44:36.254" intervalms="29.957" type="nursery" />
<cycle-start id="16" type="scavenge" contextid="0" timestamp="2025-12-10T06:44:36.255" intervalms="30.238" />
<gc-start id="17" type="scavenge" contextid="16" timestamp="2025-12-10T06:44:36.256">
  <mem-info id="18" free="6024792" total="8388608" percent="71">
    <mem type="nursery" free="0" total="2097152" percent="0">
      <mem type="allocate" free="0" total="1048576" percent="0" />
      <mem type="survivor" free="0" total="1048576" percent="0" />
    </mem>
    <mem type="tenure" free="6024792" total="6291456" percent="95">
      <mem type="soa" free="5709400" total="5976064" percent="95" />
      <mem type="loa" free="315392" total="315392" percent="100" />
    </mem>
    <remembered-set count="3903" />
  </mem-info>
</gc-start>
<allocation-stats totalBytes="557792" discardedBytes="8520" >
  <allocated-bytes non-tlh="56280" tlh="501512" />
  <largest-consumer threadName="main" threadId="0000000000025A00" bytes="483264" />
</allocation-stats>
<gc-op id="19" type="scavenge" timems="1.317" contextid="16" timestamp="2025-12-10T06:44:36.258">
  <scavenger-info tenureage="5" tenuremask="7fe0" tiltratio="50" />
  <memory-copied type="nursery" objects="11556" bytes="541432" bytesdiscarded="43784" />
  <finalization candidates="119" enqueued="35" />
  <ownableSynchronizers candidates="1" cleared="0" />
  <references type="soft" candidates="39" cleared="0" enqueued="0" dynamicThreshold="32" maxThreshold="32" />
  <references type="weak" candidates="209" cleared="84" enqueued="84" />
  <references type="phantom" candidates="22" cleared="3" enqueued="3" />
  <object-monitors candidates="1" cleared="0"  />
</gc-op>
<heap-resize id="20" type="expand" space="nursery" amount="131072" count="1" timems="0.061" reason="excessive time being spent scavenging" timestamp="2025-12-10T06:44:36.259" />
<gc-end id="21" type="scavenge" contextid="16" durationms="3.867" usertimems="1.734" systemtimems="0.964" stalltimems="1.613" timestamp="2025-12-10T06:44:36.260" activeThreads="3">
  <mem-info id="22" free="6552376" total="8519680" percent="76">
    <mem type="nursery" free="527584" total="2228224" percent="23">
      <mem type="allocate" free="527584" total="1114112" percent="47" />
      <mem type="survivor" free="0" total="1114112" percent="0" />
    </mem>
    <mem type="tenure" free="6024792" total="6291456" percent="95">
      <mem type="soa" free="5709400" total="5976064" percent="95" />
      <mem type="loa" free="315392" total="315392" percent="100" />
    </mem>
    <pending-finalizers system="35" default="0" reference="87" classloader="0" />
    <remembered-set count="3903" />
  </mem-info>
</gc-end>
<cycle-end id="23" type="scavenge" contextid="16" timestamp="2025-12-10T06:44:36.260" />
<allocation-satisfied id="24" threadId="0000000000025A00" bytesRequested="13408" />
<af-end id="25" timestamp="2025-12-10T06:44:36.261" threadId="0000000000026478" success="true" from="nursery"/>
<exclusive-end id="26" timestamp="2025-12-10T06:44:36.262" durationms="9.382" />

<exclusive-start id="27" timestamp="2025-12-10T06:44:36.277" intervalms="24.170">
  <response-info timems="0.029" idlems="0.029" threads="0" lastid="0000000000025A00" lastname="main" />
</exclusive-start>
<af-start id="28" threadId="0000000000026478" totalBytesRequested="7176" timestamp="2025-12-10T06:44:36.277" intervalms="23.067" type="nursery" />
<cycle-start id="29" type="scavenge" contextid="0" timestamp="2025-12-10T06:44:36.278" intervalms="22.793" />
<gc-start id="30" type="scavenge" contextid="29" timestamp="2025-12-10T06:44:36.278">
  <mem-info id="31" free="6013824" total="8519680" percent="70">
    <mem type="nursery" free="0" total="2228224" percent="0">
      <mem type="allocate" free="0" total="1114112" percent="0" />
      <mem type="survivor" free="0" total="1114112" percent="0" />
    </mem>
    <mem type="tenure" free="6013824" total="6291456" percent="95">
      <mem type="soa" free="5698432" total="5976064" percent="95" />
      <mem type="loa" free="315392" total="315392" percent="100" />
    </mem>
    <remembered-set count="4050" />
  </mem-info>
</gc-start>
<allocation-stats totalBytes="505040" discardedBytes="33512" >
  <allocated-bytes non-tlh="35832" tlh="469208" />
  <largest-consumer threadName="main" threadId="0000000000025A00" bytes="505040" />
</allocation-stats>
<gc-op id="32" type="scavenge" timems="1.266" contextid="29" timestamp="2025-12-10T06:44:36.281">
  <scavenger-info tenureage="4" tenuremask="7ff0" tiltratio="50" />
  <memory-copied type="nursery" objects="11891" bytes="549616" bytesdiscarded="21080" />
  <finalization candidates="86" enqueued="1" />
  <ownableSynchronizers candidates="1" cleared="0" />
  <references type="soft" candidates="41" cleared="0" enqueued="0" dynamicThreshold="32" maxThreshold="32" />
  <references type="weak" candidates="180" cleared="54" enqueued="54" />
  <references type="phantom" candidates="20" cleared="1" enqueued="1" />
  <object-monitors candidates="1" cleared="0"  />
</gc-op>
<heap-resize id="33" type="expand" space="nursery" amount="131072" count="1" timems="0.050" reason="excessive time being spent scavenging" timestamp="2025-12-10T06:44:36.281" />
<gc-end id="34" type="scavenge" contextid="29" durationms="3.259" usertimems="1.945" systemtimems="0.973" stalltimems="1.245" timestamp="2025-12-10T06:44:36.282" activeThreads="3">
  <mem-info id="35" free="6621480" total="8650752" percent="76">
    <mem type="nursery" free="607656" total="2359296" percent="25">
      <mem type="allocate" free="607656" total="1179648" percent="51" />
      <mem type="survivor" free="0" total="1179648" percent="0" />
    </mem>
    <mem type="tenure" free="6013824" total="6291456" percent="95">
      <mem type="soa" free="5698432" total="5976064" percent="95" />
      <mem type="loa" free="315392" total="315392" percent="100" />
    </mem>
    <pending-finalizers system="1" default="0" reference="55" classloader="0" />
    <remembered-set count="1789" />
  </mem-info>
</gc-end>
<cycle-end id="36" type="scavenge" contextid="29" timestamp="2025-12-10T06:44:36.282" />
<allocation-satisfied id="37" threadId="0000000000025A00" bytesRequested="7176" />
<af-end id="38" timestamp="2025-12-10T06:44:36.283" threadId="0000000000026478" success="true" from="nursery"/>
<exclusive-end id="39" timestamp="2025-12-10T06:44:36.284" durationms="7.262" />

<exclusive-start id="40" timestamp="2025-12-10T06:44:36.383" intervalms="106.218">
  <response-info timems="0.023" idlems="0.023" threads="0" lastid="0000000000025A00" lastname="main" />
</exclusive-start>
<af-start id="41" threadId="0000000000026478" totalBytesRequested="16" timestamp="2025-12-10T06:44:36.384" intervalms="106.136" type="nursery" />
<cycle-start id="42" type="scavenge" contextid="0" timestamp="2025-12-10T06:44:36.384" intervalms="106.164" />
<gc-start id="43" type="scavenge" contextid="42" timestamp="2025-12-10T06:44:36.385">
  <mem-info id="44" free="5998584" total="8650752" percent="69">
    <mem type="nursery" free="0" total="2359296" percent="0">
      <mem type="allocate" free="0" total="1179648" percent="0" />
      <mem type="survivor" free="0" total="1179648" percent="0" />
    </mem>
    <mem type="tenure" free="5998584" total="6291456" percent="95">
      <mem type="soa" free="5683192" total="5976064" percent="95" />
      <mem type="loa" free="315392" total="315392" percent="100" />
    </mem>
    <remembered-set count="1988" />
  </mem-info>
</gc-start>
<allocation-stats totalBytes="621592" discardedBytes="1304" >
  <allocated-bytes non-tlh="22416" tlh="599176" />
  <largest-consumer threadName="main" threadId="0000000000025A00" bytes="621592" />
</allocation-stats>
<gc-op id="45" type="scavenge" timems="1.623" contextid="42" timestamp="2025-12-10T06:44:36.387">
  <scavenger-info tenureage="3" tenuremask="fff8" tiltratio="50" />
  <memory-copied type="nursery" objects="2619" bytes="98288" bytesdiscarded="19768" />
  <memory-copied type="tenure" objects="9960" bytes="463992" bytesdiscarded="600" />
  <finalization candidates="136" enqueued="31" />
  <ownableSynchronizers candidates="3" cleared="0" />
  <references type="soft" candidates="40" cleared="0" enqueued="0" dynamicThreshold="32" maxThreshold="32" />
  <references type="weak" candidates="114" cleared="61" enqueued="61" />
  <references type="phantom" candidates="4" cleared="3" enqueued="3" />
  <object-monitors candidates="1" cleared="0"  />
</gc-op>
<gc-end id="46" type="scavenge" contextid="42" durationms="3.272" usertimems="0.000" systemtimems="3.351" stalltimems="1.753" timestamp="2025-12-10T06:44:36.388" activeThreads="3">
  <mem-info id="47" free="6569912" total="8650752" percent="75">
    <mem type="nursery" free="1061376" total="2359296" percent="44">
      <mem type="allocate" free="1061376" total="1179648" percent="89" />
      <mem type="survivor" free="0" total="1179648" percent="0" />
    </mem>
    <mem type="tenure" free="5508536" total="6291456" percent="87">
      <mem type="soa" free="5193144" total="5976064" percent="86" />
      <mem type="loa" free="315392" total="315392" percent="100" />
    </mem>
    <pending-finalizers system="31" default="0" reference="64" classloader="0" />
    <remembered-set count="540" />
  </mem-info>
</gc-end>
<cycle-end id="48" type="scavenge" contextid="42" timestamp="2025-12-10T06:44:36.389" />
<allocation-satisfied id="49" threadId="0000000000025A00" bytesRequested="16" />
<af-end id="50" timestamp="2025-12-10T06:44:36.390" threadId="0000000000026478" success="true" from="nursery"/>
<exclusive-end id="51" timestamp="2025-12-10T06:44:36.390" durationms="7.450" />

<exclusive-start id="52" timestamp="2025-12-10T06:44:36.405" intervalms="22.224">
  <response-info timems="0.093" idlems="0.063" threads="1" lastid="0000000000029600" lastname="JIT Compilation Thread-000" />
</exclusive-start>
<af-start id="53" threadId="0000000000026478" totalBytesRequested="482208" timestamp="2025-12-10T06:44:36.406" intervalms="22.353" type="nursery" />
<cycle-start id="54" type="scavenge" contextid="0" timestamp="2025-12-10T06:44:36.407" intervalms="22.500" />
<gc-start id="55" type="scavenge" contextid="54" timestamp="2025-12-10T06:44:36.407">
  <mem-info id="56" free="5845552" total="8650752" percent="67">
    <mem type="nursery" free="397808" total="2359296" percent="16">
      <mem type="allocate" free="397808" total="1179648" percent="33" />
      <mem type="survivor" free="0" total="1179648" percent="0" />
    </mem>
    <mem type="tenure" free="5447744" total="6291456" percent="86">
      <mem type="soa" free="5132352" total="5976064" percent="85" />
      <mem type="loa" free="315392" total="315392" percent="100" />
    </mem>
    <remembered-set count="1544" />
  </mem-info>
</gc-start>
<allocation-stats totalBytes="723736" discardedBytes="624" >
  <allocated-bytes non-tlh="60808" tlh="662928" />
  <largest-consumer threadName="main" threadId="0000000000025A00" bytes="723736" />
</allocation-stats>
<gc-op id="57" type="scavenge" timems="1.226" contextid="54" timestamp="2025-12-10T06:44:36.410">
  <scavenger-info tenureage="3" tenuremask="fff8" tiltratio="50" />
  <memory-copied type="nursery" objects="7649" bytes="347056" bytesdiscarded="22520" />
  <memory-copied type="tenure" objects="1229" bytes="44416" bytesdiscarded="120" />
  <finalization candidates="110" enqueued="41" />
  <ownableSynchronizers candidates="2" cleared="0" />
  <references type="soft" candidates="79" cleared="0" enqueued="0" dynamicThreshold="32" maxThreshold="32" />
  <references type="weak" candidates="80" cleared="25" enqueued="25" />
  <references type="phantom" candidates="12" cleared="7" enqueued="7" />
  <object-monitors candidates="1" cleared="0"  />
</gc-op>
<heap-resize id="58" type="expand" space="nursery" amount="262144" count="1" timems="0.023" reason="excessive time being spent scavenging" timestamp="2025-12-10T06:44:36.410" />
<gc-end id="59" type="scavenge" contextid="54" durationms="3.778" usertimems="1.506" systemtimems="0.988" stalltimems="1.479" timestamp="2025-12-10T06:44:36.411" activeThreads="3">
  <mem-info id="60" free="6284840" total="8912896" percent="70">
    <mem type="nursery" free="940776" total="2621440" percent="35">
      <mem type="allocate" free="940776" total="1310720" percent="71" />
      <mem type="survivor" free="0" total="1310720" percent="0" />
    </mem>
    <mem type="tenure" free="5344064" total="6291456" percent="84">
      <mem type="soa" free="5028672" total="5976064" percent="84" />
      <mem type="loa" free="315392" total="315392" percent="100" />
    </mem>
    <pending-finalizers system="41" default="0" reference="32" classloader="0" />
    <remembered-set count="1363" />
  </mem-info>
</gc-end>
<cycle-end id="61" type="scavenge" contextid="54" timestamp="2025-12-10T06:44:36.412" />
<allocation-satisfied id="62" threadId="0000000000025A00" bytesRequested="482208" />
<af-end id="63" timestamp="2025-12-10T06:44:36.413" threadId="0000000000026478" success="true" from="nursery"/>
<exclusive-end id="64" timestamp="2025-12-10T06:44:36.414" durationms="8.449" />

<exclusive-start id="65" timestamp="2025-12-10T06:44:36.423" intervalms="17.793">
  <response-info timems="0.070" idlems="0.070" threads="0" lastid="0000000000025A00" lastname="main" />
</exclusive-start>
<af-start id="66" threadId="0000000000026478" totalBytesRequested="5264" timestamp="2025-12-10T06:44:36.424" intervalms="17.835" type="nursery" />
<cycle-start id="67" type="scavenge" contextid="0" timestamp="2025-12-10T06:44:36.425" intervalms="18.066" />
<gc-start id="68" type="scavenge" contextid="67" timestamp="2025-12-10T06:44:36.425">
  <mem-info id="69" free="5290776" total="8912896" percent="59">
    <mem type="nursery" free="0" total="2621440" percent="0">
      <mem type="allocate" free="0" total="1310720" percent="0" />
      <mem type="survivor" free="0" total="1310720" percent="0" />
    </mem>
    <mem type="tenure" free="5290776" total="6291456" percent="84">
      <mem type="soa" free="4975384" total="5976064" percent="83" />
      <mem type="loa" free="315392" total="315392" percent="100" />
    </mem>
    <remembered-set count="2351" />
  </mem-info>
</gc-start>
<allocation-stats totalBytes="972184" discardedBytes="21880" >
  <allocated-bytes non-tlh="599224" tlh="372960" />
  <largest-consumer threadName="main" threadId="0000000000025A00" bytes="972184" />
</allocation-stats>
<gc-op id="70" type="scavenge" timems="0.892" contextid="67" timestamp="2025-12-10T06:44:36.428">
  <scavenger-info tenureage="3" tenuremask="7ff8" tiltratio="50" />
  <memory-copied type="nursery" objects="7698" bytes="926040" bytesdiscarded="53688" />
  <memory-copied type="tenure" objects="468" bytes="16632" bytesdiscarded="0" />
  <finalization candidates="56" enqueued="4" />
  <ownableSynchronizers candidates="2" cleared="0" />
  <references type="soft" candidates="88" cleared="0" enqueued="0" dynamicThreshold="32" maxThreshold="32" />
  <references type="weak" candidates="71" cleared="11" enqueued="11" />
  <references type="phantom" candidates="8" cleared="1" enqueued="1" />
  <object-monitors candidates="1" cleared="0"  />
</gc-op>
<heap-resize id="71" type="expand" space="nursery" amount="262144" count="1" timems="0.022" reason="excessive time being spent scavenging" timestamp="2025-12-10T06:44:36.429" />
<gc-end id="72" type="scavenge" contextid="67" durationms="4.225" usertimems="1.101" systemtimems="0.706" stalltimems="0.343" timestamp="2025-12-10T06:44:36.430" activeThreads="2">
  <mem-info id="73" free="5731808" total="9175040" percent="62">
    <mem type="nursery" free="461768" total="2883584" percent="16">
      <mem type="allocate" free="461768" total="1441792" percent="32" />
      <mem type="survivor" free="0" total="1441792" percent="0" />
    </mem>
    <mem type="tenure" free="5270040" total="6291456" percent="83">
      <mem type="soa" free="4954648" total="5976064" percent="82" />
      <mem type="loa" free="315392" total="315392" percent="100" />
    </mem>
    <pending-finalizers system="4" default="0" reference="12" classloader="0" />
    <remembered-set count="2152" />
  </mem-info>
</gc-end>
<cycle-end id="74" type="scavenge" contextid="67" timestamp="2025-12-10T06:44:36.430" />
<allocation-satisfied id="75" threadId="0000000000025A00" bytesRequested="5264" />
<af-end id="76" timestamp="2025-12-10T06:44:36.432" threadId="0000000000026478" success="true" from="nursery"/>
<exclusive-end id="77" timestamp="2025-12-10T06:44:36.433" durationms="9.596" />

<exclusive-start id="78" timestamp="2025-12-10T06:44:36.444" intervalms="20.832">
  <response-info timems="0.037" idlems="0.037" threads="0" lastid="0000000000025A00" lastname="main" />
</exclusive-start>
<af-start id="79" threadId="0000000000026478" totalBytesRequested="24" timestamp="2025-12-10T06:44:36.444" intervalms="20.651" type="nursery" />
<cycle-start id="80" type="scavenge" contextid="0" timestamp="2025-12-10T06:44:36.445" intervalms="20.275" />
<gc-start id="81" type="scavenge" contextid="80" timestamp="2025-12-10T06:44:36.446">
  <mem-info id="82" free="5269192" total="9175040" percent="57">
    <mem type="nursery" free="0" total="2883584" percent="0">
      <mem type="allocate" free="0" total="1441792" percent="0" />
      <mem type="survivor" free="0" total="1441792" percent="0" />
    </mem>
    <mem type="tenure" free="5269192" total="6291456" percent="83">
      <mem type="soa" free="4953800" total="5976064" percent="82" />
      <mem type="loa" free="315392" total="315392" percent="100" />
    </mem>
    <remembered-set count="2166" />
  </mem-info>
</gc-start>
<allocation-stats totalBytes="462504" discardedBytes="112" >
  <allocated-bytes non-tlh="6112" tlh="456392" />
  <largest-consumer threadName="main" threadId="0000000000025A00" bytes="462504" />
</allocation-stats>
<gc-op id="83" type="scavenge" timems="1.410" contextid="80" timestamp="2025-12-10T06:44:36.448">
  <scavenger-info tenureage="3" tenuremask="7ff8" tiltratio="50" />
  <memory-copied type="nursery" objects="12521" bytes="1127184" bytesdiscarded="14352" />
  <memory-copied type="tenure" objects="598" bytes="22976" bytesdiscarded="8" />
  <finalization candidates="51" enqueued="0" />
  <ownableSynchronizers candidates="2" cleared="0" />
  <references type="soft" candidates="71" cleared="0" enqueued="0" dynamicThreshold="32" maxThreshold="32" />
  <references type="weak" candidates="37" cleared="6" enqueued="6" />
  <references type="phantom" candidates="6" cleared="0" enqueued="0" />
  <object-monitors candidates="1" cleared="0"  />
</gc-op>
<heap-resize id="84" type="expand" space="nursery" amount="262144" count="1" timems="0.054" reason="excessive time being spent scavenging" timestamp="2025-12-10T06:44:36.449" />
<gc-end id="85" type="scavenge" contextid="80" durationms="3.491" usertimems="1.128" systemtimems="1.785" stalltimems="0.348" timestamp="2025-12-10T06:44:36.449" activeThreads="2">
  <mem-info id="86" free="5652680" total="9437184" percent="59">
    <mem type="nursery" free="431104" total="3145728" percent="13">
      <mem type="allocate" free="431104" total="1572864" percent="27" />
      <mem type="survivor" free="0" total="1572864" percent="0" />
    </mem>
    <mem type="tenure" free="5221576" total="6291456" percent="82">
      <mem type="soa" free="4906184" total="5976064" percent="82" />
      <mem type="loa" free="315392" total="315392" percent="100" />
    </mem>
    <pending-finalizers system="0" default="0" reference="6" classloader="0" />
    <remembered-set count="1194" />
  </mem-info>
</gc-end>
<cycle-end id="87" type="scavenge" contextid="80" timestamp="2025-12-10T06:44:36.449" />
<allocation-satisfied id="88" threadId="0000000000025A00" bytesRequested="24" />
<af-end id="89" timestamp="2025-12-10T06:44:36.451" threadId="0000000000026478" success="true" from="nursery"/>
<exclusive-end id="90" timestamp="2025-12-10T06:44:36.451" durationms="7.241" />

<exclusive-start id="91" timestamp="2025-12-10T06:44:36.456" intervalms="12.703">
  <response-info timems="0.025" idlems="0.025" threads="0" lastid="0000000000025A00" lastname="main" />
</exclusive-start>
<af-start id="92" threadId="0000000000026478" totalBytesRequested="3024" timestamp="2025-12-10T06:44:36.457" intervalms="12.776" type="nursery" />
<cycle-start id="93" type="scavenge" contextid="0" timestamp="2025-12-10T06:44:36.458" intervalms="12.750" />
<gc-start id="94" type="scavenge" contextid="93" timestamp="2025-12-10T06:44:36.458">
  <mem-info id="95" free="5219584" total="9437184" percent="55">
    <mem type="nursery" free="0" total="3145728" percent="0">
      <mem type="allocate" free="0" total="1572864" percent="0" />
      <mem type="survivor" free="0" total="1572864" percent="0" />
    </mem>
    <mem type="tenure" free="5219584" total="6291456" percent="82">
      <mem type="soa" free="4904192" total="5976064" percent="82" />
      <mem type="loa" free="315392" total="315392" percent="100" />
    </mem>
    <remembered-set count="1228" />
  </mem-info>
</gc-start>
<allocation-stats totalBytes="419248" discardedBytes="13848" >
  <allocated-bytes non-tlh="2016" tlh="417232" />
  <largest-consumer threadName="main" threadId="0000000000025A00" bytes="419248" />
</allocation-stats>
<gc-op id="96" type="scavenge" timems="1.027" contextid="93" timestamp="2025-12-10T06:44:36.461">
  <scavenger-info tenureage="2" tenuremask="7ffc" tiltratio="50" />
  <memory-copied type="nursery" objects="8395" bytes="335384" bytesdiscarded="15328" />
  <memory-copied type="tenure" objects="7022" bytes="889712" bytesdiscarded="632" />
  <finalization candidates="31" enqueued="0" />
  <references type="weak" candidates="16" cleared="15" enqueued="15" />
  <references type="phantom" candidates="1" cleared="0" enqueued="0" />
  <object-monitors candidates="1" cleared="0"  />
</gc-op>
<heap-resize id="97" type="expand" space="nursery" amount="393216" count="1" timems="0.024" reason="excessive time being spent scavenging" timestamp="2025-12-10T06:44:36.461" />
<gc-end id="98" type="scavenge" contextid="93" durationms="3.753" usertimems="1.700" systemtimems="0.407" stalltimems="0.354" timestamp="2025-12-10T06:44:36.462" activeThreads="2">
  <mem-info id="99" free="5733448" total="9830400" percent="58">
    <mem type="nursery" free="1418744" total="3538944" percent="40">
      <mem type="allocate" free="1418744" total="1769472" percent="80" />
      <mem type="survivor" free="0" total="1769472" percent="0" />
    </mem>
    <mem type="tenure" free="4314704" total="6291456" percent="68">
      <mem type="soa" free="3999312" total="5976064" percent="66" />
      <mem type="loa" free="315392" total="315392" percent="100" />
    </mem>
    <pending-finalizers system="0" default="0" reference="15" classloader="0" />
    <remembered-set count="141" />
  </mem-info>
</gc-end>
<cycle-end id="100" type="scavenge" contextid="93" timestamp="2025-12-10T06:44:36.463" />
<allocation-satisfied id="101" threadId="0000000000025A00" bytesRequested="3024" />
<af-end id="102" timestamp="2025-12-10T06:44:36.464" threadId="0000000000026478" success="true" from="nursery"/>
<exclusive-end id="103" timestamp="2025-12-10T06:44:36.465" durationms="8.275" />

<exclusive-start id="104" timestamp="2025-12-10T06:44:36.489" intervalms="32.547">
  <response-info timems="0.019" idlems="0.019" threads="0" lastid="0000000000025A00" lastname="main" />
</exclusive-start>
<af-start id="105" threadId="0000000000026478" totalBytesRequested="93744" timestamp="2025-12-10T06:44:36.490" intervalms="32.517" type="nursery" />
<cycle-start id="106" type="scavenge" contextid="0" timestamp="2025-12-10T06:44:36.490" intervalms="32.557" />
<gc-start id="107" type="scavenge" contextid="106" timestamp="2025-12-10T06:44:36.491">
  <mem-info id="108" free="4290400" total="9830400" percent="43">
    <mem type="nursery" free="47048" total="3538944" percent="1">
      <mem type="allocate" free="47048" total="1769472" percent="2" />
      <mem type="survivor" free="0" total="1769472" percent="0" />
    </mem>
    <mem type="tenure" free="4243352" total="6291456" percent="67">
      <mem type="soa" free="3927960" total="5976064" percent="65" />
      <mem type="loa" free="315392" total="315392" percent="100" />
    </mem>
    <remembered-set count="1031" />
  </mem-info>
</gc-start>
<allocation-stats totalBytes="1424752" discardedBytes="18296" >
  <allocated-bytes non-tlh="201168" tlh="1223584" />
  <largest-consumer threadName="main" threadId="0000000000025A00" bytes="1424752" />
</allocation-stats>
<gc-op id="109" type="scavenge" timems="0.577" contextid="106" timestamp="2025-12-10T06:44:36.492">
  <scavenger-info tenureage="2" tenuremask="7ffc" tiltratio="50" />
  <memory-copied type="nursery" objects="2006" bytes="60040" bytesdiscarded="24672" />
  <memory-copied type="tenure" objects="10" bytes="344" bytesdiscarded="0" />
  <finalization candidates="46" enqueued="30" />
  <ownableSynchronizers candidates="1" cleared="0" />
  <references type="soft" candidates="21" cleared="0" enqueued="0" dynamicThreshold="32" maxThreshold="32" />
  <references type="weak" candidates="94" cleared="73" enqueued="73" />
  <references type="phantom" candidates="8" cleared="5" enqueued="5" />
  <object-monitors candidates="1" cleared="0"  />
</gc-op>
<gc-end id="110" type="scavenge" contextid="106" durationms="2.196" usertimems="0.509" systemtimems="0.297" stalltimems="0.387" timestamp="2025-12-10T06:44:36.493" activeThreads="2">
  <mem-info id="111" free="6255256" total="9830400" percent="63">
    <mem type="nursery" free="2011904" total="3538944" percent="56">
      <mem type="allocate" free="2011904" total="2097152" percent="95" />
      <mem type="survivor" free="0" total="1441792" percent="0" />
    </mem>
    <mem type="tenure" free="4243352" total="6291456" percent="67">
      <mem type="soa" free="3927960" total="5976064" percent="65" />
      <mem type="loa" free="315392" total="315392" percent="100" />
    </mem>
    <pending-finalizers system="30" default="0" reference="78" classloader="0" />
    <remembered-set count="1013" />
  </mem-info>
</gc-end>
<cycle-end id="112" type="scavenge" contextid="106" timestamp="2025-12-10T06:44:36.493" />
<allocation-satisfied id="113" threadId="0000000000025A00" bytesRequested="93744" />
<af-end id="114" timestamp="2025-12-10T06:44:36.494" threadId="0000000000026478" success="true" from="nursery"/>
<exclusive-end id="115" timestamp="2025-12-10T06:44:36.495" durationms="5.924" />

<exclusive-start id="116" timestamp="2025-12-10T06:44:36.536" intervalms="47.197">
  <response-info timems="0.031" idlems="0.031" threads="0" lastid="0000000000025A00" lastname="main" />
</exclusive-start>
<af-start id="117" threadId="0000000000026478" totalBytesRequested="24" timestamp="2025-12-10T06:44:36.537" intervalms="47.087" type="nursery" />
<cycle-start id="118" type="scavenge" contextid="0" timestamp="2025-12-10T06:44:36.537" intervalms="47.105" />
<gc-start id="119" type="scavenge" contextid="118" timestamp="2025-12-10T06:44:36.538">
  <mem-info id="120" free="4126200" total="9830400" percent="41">
    <mem type="nursery" free="0" total="3538944" percent="0">
      <mem type="allocate" free="0" total="2097152" percent="0" />
      <mem type="survivor" free="0" total="1441792" percent="0" />
    </mem>
    <mem type="tenure" free="4126200" total="6291456" percent="65">
      <mem type="soa" free="3810808" total="5976064" percent="63" />
      <mem type="loa" free="315392" total="315392" percent="100" />
    </mem>
    <remembered-set count="2668" />
  </mem-info>
</gc-start>
<allocation-stats totalBytes="2128032" discardedBytes="1024" >
  <allocated-bytes non-tlh="210896" tlh="1917136" />
  <largest-consumer threadName="main" threadId="0000000000025A00" bytes="2128032" />
</allocation-stats>
<gc-op id="121" type="scavenge" timems="1.103" contextid="118" timestamp="2025-12-10T06:44:36.540">
  <scavenger-info tenureage="3" tenuremask="7ff8" tiltratio="59" />
  <memory-copied type="nursery" objects="9548" bytes="503104" bytesdiscarded="22768" />
  <finalization candidates="400" enqueued="258" />
  <ownableSynchronizers candidates="5" cleared="0" />
  <references type="soft" candidates="466" cleared="0" enqueued="0" dynamicThreshold="32" maxThreshold="32" />
  <references type="weak" candidates="454" cleared="256" enqueued="256" />
  <references type="phantom" candidates="36" cleared="22" enqueued="22" />
  <object-monitors candidates="4" cleared="0"  />
</gc-op>
<gc-end id="122" type="scavenge" contextid="118" durationms="2.475" usertimems="2.159" systemtimems="0.000" stalltimems="0.415" timestamp="2025-12-10T06:44:36.540" activeThreads="2">
  <mem-info id="123" free="5761792" total="9830400" percent="58">
    <mem type="nursery" free="1635592" total="3538944" percent="46">
      <mem type="allocate" free="1635592" total="2162688" percent="75" />
      <mem type="survivor" free="0" total="1376256" percent="0" />
    </mem>
    <mem type="tenure" free="4126200" total="6291456" percent="65">
      <mem type="soa" free="3810808" total="5976064" percent="63" />
      <mem type="loa" free="315392" total="315392" percent="100" />
    </mem>
    <pending-finalizers system="258" default="0" reference="278" classloader="0" />
    <remembered-set count="2618" />
  </mem-info>
</gc-end>
<cycle-end id="124" type="scavenge" contextid="118" timestamp="2025-12-10T06:44:36.541" />
<allocation-satisfied id="125" threadId="0000000000025A00" bytesRequested="24" />
<af-end id="126" timestamp="2025-12-10T06:44:36.542" threadId="0000000000026478" success="true" from="nursery"/>
<exclusive-end id="127" timestamp="2025-12-10T06:44:36.543" durationms="6.406" />

<exclusive-start id="128" timestamp="2025-12-10T06:44:36.595" intervalms="58.588">
  <response-info timems="0.021" idlems="0.021" threads="0" lastid="0000000000025A00" lastname="main" />
</exclusive-start>
<af-start id="129" threadId="0000000000026478" totalBytesRequested="32" timestamp="2025-12-10T06:44:36.595" intervalms="58.585" type="nursery" />
<cycle-start id="130" type="scavenge" contextid="0" timestamp="2025-12-10T06:44:36.596" intervalms="58.641" />
<gc-start id="131" type="scavenge" contextid="130" timestamp="2025-12-10T06:44:36.597">
  <mem-info id="132" free="4004448" total="9830400" percent="40">
    <mem type="nursery" free="0" total="3538944" percent="0">
      <mem type="allocate" free="0" total="2162688" percent="0" />
      <mem type="survivor" free="0" total="1376256" percent="0" />
    </mem>
    <mem type="tenure" free="4004448" total="6291456" percent="63">
      <mem type="soa" free="3689056" total="5976064" percent="61" />
      <mem type="loa" free="315392" total="315392" percent="100" />
    </mem>
    <remembered-set count="4403" />
  </mem-info>
</gc-start>
<allocation-stats totalBytes="1757152" discardedBytes="192" >
  <allocated-bytes non-tlh="121776" tlh="1635376" />
  <largest-consumer threadName="main" threadId="0000000000025A00" bytes="1753056" />
</allocation-stats>
<gc-op id="133" type="scavenge" timems="1.798" contextid="130" timestamp="2025-12-10T06:44:36.600">
  <scavenger-info tenureage="3" tenuremask="7ff8" tiltratio="61" />
  <memory-copied type="nursery" objects="25778" bytes="1083768" bytesdiscarded="16984" />
  <memory-copied type="tenure" objects="22" bytes="696" bytesdiscarded="0" />
  <finalization candidates="242" enqueued="58" />
  <ownableSynchronizers candidates="9" cleared="0" />
  <references type="soft" candidates="3475" cleared="0" enqueued="0" dynamicThreshold="32" maxThreshold="32" />
  <references type="weak" candidates="388" cleared="148" enqueued="147" />
  <references type="phantom" candidates="36" cleared="21" enqueued="21" />
  <object-monitors candidates="5" cleared="0"  />
</gc-op>
<heap-resize id="134" type="expand" space="nursery" amount="262144" count="1" timems="0.020" reason="excessive time being spent scavenging" timestamp="2025-12-10T06:44:36.600" />
<gc-end id="135" type="scavenge" contextid="130" durationms="4.084" usertimems="3.748" systemtimems="0.000" stalltimems="0.266" timestamp="2025-12-10T06:44:36.601" activeThreads="2">
  <mem-info id="136" free="4788296" total="10092544" percent="47">
    <mem type="nursery" free="798440" total="3801088" percent="21">
      <mem type="allocate" free="798440" total="1900544" percent="42" />
      <mem type="survivor" free="0" total="1900544" percent="0" />
    </mem>
    <mem type="tenure" free="3989856" total="6291456" percent="63">
      <mem type="soa" free="3674464" total="5976064" percent="61" />
      <mem type="loa" free="315392" total="315392" percent="100" />
    </mem>
    <pending-finalizers system="58" default="0" reference="168" classloader="0" />
    <remembered-set count="3597" />
  </mem-info>
</gc-end>
<cycle-end id="137" type="scavenge" contextid="130" timestamp="2025-12-10T06:44:36.601" />
<allocation-satisfied id="138" threadId="0000000000025A00" bytesRequested="32" />
<af-end id="139" timestamp="2025-12-10T06:44:36.602" threadId="0000000000026478" success="true" from="nursery"/>
<exclusive-end id="140" timestamp="2025-12-10T06:44:36.602" durationms="7.696" />

<exclusive-start id="141" timestamp="2025-12-10T06:44:36.621" intervalms="26.053">
  <response-info timems="0.028" idlems="0.028" threads="0" lastid="0000000000025A00" lastname="main" />
</exclusive-start>
<af-start id="142" threadId="0000000000026478" totalBytesRequested="16" timestamp="2025-12-10T06:44:36.621" intervalms="26.087" type="nursery" />
<cycle-start id="143" type="scavenge" contextid="0" timestamp="2025-12-10T06:44:36.622" intervalms="25.936" />
<gc-start id="144" type="scavenge" contextid="143" timestamp="2025-12-10T06:44:36.623">
  <mem-info id="145" free="3941648" total="10092544" percent="39">
    <mem type="nursery" free="0" total="3801088" percent="0">
      <mem type="allocate" free="0" total="1900544" percent="0" />
      <mem type="survivor" free="0" total="1900544" percent="0" />
    </mem>
    <mem type="tenure" free="3941648" total="6291456" percent="62">
      <mem type="soa" free="3626256" total="5976064" percent="60" />
      <mem type="loa" free="315392" total="315392" percent="100" />
    </mem>
    <remembered-set count="4276" />
  </mem-info>
</gc-start>
<allocation-stats totalBytes="846488" discardedBytes="160" >
  <allocated-bytes non-tlh="64632" tlh="781856" />
  <largest-consumer threadName="main" threadId="0000000000025A00" bytes="846488" />
</allocation-stats>
<gc-op id="146" type="scavenge" timems="2.850" contextid="143" timestamp="2025-12-10T06:44:36.626">
  <scavenger-info tenureage="2" tenuremask="7ffc" tiltratio="50" />
  <memory-copied type="nursery" objects="19540" bytes="690160" bytesdiscarded="29384" />
  <memory-copied type="tenure" objects="8317" bytes="454232" bytesdiscarded="624" />
  <finalization candidates="217" enqueued="20" />
  <ownableSynchronizers candidates="11" cleared="0" />
  <references type="soft" candidates="3053" cleared="0" enqueued="0" dynamicThreshold="32" maxThreshold="32" />
  <references type="weak" candidates="201" cleared="142" enqueued="142" />
  <references type="phantom" candidates="9" cleared="8" enqueued="8" />
  <object-monitors candidates="5" cleared="0"  />
</gc-op>
<heap-resize id="147" type="expand" space="nursery" amount="393216" count="1" timems="0.057" reason="excessive time being spent scavenging" timestamp="2025-12-10T06:44:36.627" />
<gc-end id="148" type="scavenge" contextid="143" durationms="5.052" usertimems="3.945" systemtimems="1.712" stalltimems="0.846" timestamp="2025-12-10T06:44:36.628" activeThreads="2">
  <mem-info id="149" free="4943504" total="10485760" percent="47">
    <mem type="nursery" free="1442688" total="4194304" percent="34">
      <mem type="allocate" free="1442688" total="2162688" percent="66" />
      <mem type="survivor" free="0" total="2031616" percent="0" />
    </mem>
    <mem type="tenure" free="3500816" total="6291456" percent="55">
      <mem type="soa" free="3185424" total="5976064" percent="53" />
      <mem type="loa" free="315392" total="315392" percent="100" />
    </mem>
    <pending-finalizers system="20" default="0" reference="150" classloader="0" />
    <remembered-set count="2686" />
  </mem-info>
</gc-end>
<cycle-end id="150" type="scavenge" contextid="143" timestamp="2025-12-10T06:44:36.628" />
<allocation-satisfied id="151" threadId="0000000000025A00" bytesRequested="16" />
<af-end id="152" timestamp="2025-12-10T06:44:36.629" threadId="0000000000026478" success="true" from="nursery"/>
<exclusive-end id="153" timestamp="2025-12-10T06:44:36.630" durationms="8.654" />

<exclusive-start id="154" timestamp="2025-12-10T06:44:36.661" intervalms="40.081">
  <response-info timems="0.029" idlems="0.029" threads="0" lastid="0000000000025A00" lastname="main" />
</exclusive-start>
<af-start id="155" threadId="0000000000026478" totalBytesRequested="24" timestamp="2025-12-10T06:44:36.662" intervalms="40.160" type="nursery" />
<cycle-start id="156" type="scavenge" contextid="0" timestamp="2025-12-10T06:44:36.662" intervalms="40.216" />
<gc-start id="157" type="scavenge" contextid="156" timestamp="2025-12-10T06:44:36.663">
  <mem-info id="158" free="3446008" total="10485760" percent="32">
    <mem type="nursery" free="0" total="4194304" percent="0">
      <mem type="allocate" free="0" total="2162688" percent="0" />
      <mem type="survivor" free="0" total="2031616" percent="0" />
    </mem>
    <mem type="tenure" free="3446008" total="6291456" percent="54">
      <mem type="soa" free="3130616" total="5976064" percent="52" />
      <mem type="loa" free="315392" total="315392" percent="100" />
    </mem>
    <remembered-set count="3386" />
  </mem-info>
</gc-start>
<allocation-stats totalBytes="1497304" discardedBytes="192" >
  <allocated-bytes non-tlh="54824" tlh="1442480" />
  <largest-consumer threadName="main" threadId="0000000000025A00" bytes="1497304" />
</allocation-stats>
<gc-op id="159" type="scavenge" timems="2.079" contextid="156" timestamp="2025-12-10T06:44:36.666">
  <scavenger-info tenureage="1" tenuremask="7ffe" tiltratio="51" />
  <memory-copied type="nursery" objects="10573" bytes="312896" bytesdiscarded="65536" />
  <memory-copied type="tenure" objects="18925" bytes="668960" bytesdiscarded="192" />
  <finalization candidates="83" enqueued="19" />
  <ownableSynchronizers candidates="18" cleared="2" />
  <references type="soft" candidates="21" cleared="0" enqueued="0" dynamicThreshold="32" maxThreshold="32" />
  <references type="weak" candidates="248" cleared="231" enqueued="231" />
  <references type="phantom" candidates="4" cleared="2" enqueued="2" />
  <object-monitors candidates="5" cleared="0"  />
</gc-op>
<heap-resize id="160" type="expand" space="nursery" amount="262144" count="1" timems="0.027" reason="excessive time being spent scavenging" timestamp="2025-12-10T06:44:36.667" />
<gc-end id="161" type="scavenge" contextid="156" durationms="4.417" usertimems="2.915" systemtimems="1.181" stalltimems="0.497" timestamp="2025-12-10T06:44:36.667" activeThreads="2">
  <mem-info id="162" free="5051352" total="10747904" percent="46">
    <mem type="nursery" free="2308352" total="4456448" percent="51">
      <mem type="allocate" free="2308352" total="2686976" percent="85" />
      <mem type="survivor" free="0" total="1769472" percent="0" />
    </mem>
    <mem type="tenure" free="2743000" total="6291456" percent="43">
      <mem type="soa" free="2427608" total="5976064" percent="40" />
      <mem type="loa" free="315392" total="315392" percent="100" />
    </mem>
    <pending-finalizers system="19" default="0" reference="233" classloader="0" />
    <remembered-set count="1499" />
  </mem-info>
</gc-end>
<cycle-end id="163" type="scavenge" contextid="156" timestamp="2025-12-10T06:44:36.668" />
<allocation-satisfied id="164" threadId="0000000000025A00" bytesRequested="24" />
<af-end id="165" timestamp="2025-12-10T06:44:36.669" threadId="0000000000026478" success="true" from="nursery"/>
<exclusive-end id="166" timestamp="2025-12-10T06:44:36.669" durationms="8.075" />

<exclusive-start id="167" timestamp="2025-12-10T06:44:36.718" intervalms="56.955">
  <response-info timems="0.032" idlems="0.032" threads="0" lastid="0000000000025A00" lastname="main" />
</exclusive-start>
<af-start id="168" threadId="0000000000026478" totalBytesRequested="24" timestamp="2025-12-10T06:44:36.719" intervalms="57.180" type="nursery" />
<cycle-start id="169" type="scavenge" contextid="0" timestamp="2025-12-10T06:44:36.720" intervalms="57.396" />
<gc-start id="170" type="scavenge" contextid="169" timestamp="2025-12-10T06:44:36.720">
  <mem-info id="171" free="2650992" total="10747904" percent="24">
    <mem type="nursery" free="0" total="4456448" percent="0">
      <mem type="allocate" free="0" total="2686976" percent="0" />
      <mem type="survivor" free="0" total="1769472" percent="0" />
    </mem>
    <mem type="tenure" free="2650992" total="6291456" percent="42">
      <mem type="soa" free="2335600" total="5976064" percent="39" />
      <mem type="loa" free="315392" total="315392" percent="100" />
    </mem>
    <remembered-set count="2737" />
  </mem-info>
</gc-start>
<allocation-stats totalBytes="2398072" discardedBytes="2288" >
  <allocated-bytes non-tlh="130720" tlh="2267352" />
  <largest-consumer threadName="main" threadId="0000000000025A00" bytes="2200088" />
</allocation-stats>
<gc-op id="172" type="scavenge" timems="1.284" contextid="169" timestamp="2025-12-10T06:44:36.723">
  <scavenger-info tenureage="1" tenuremask="7ffe" tiltratio="60" />
  <memory-copied type="nursery" objects="10411" bytes="395584" bytesdiscarded="59552" />
  <memory-copied type="tenure" objects="9516" bytes="277128" bytesdiscarded="112" />
  <finalization candidates="283" enqueued="174" />
  <ownableSynchronizers candidates="20" cleared="1" />
  <references type="soft" candidates="102" cleared="0" enqueued="0" dynamicThreshold="32" maxThreshold="32" />
  <references type="weak" candidates="490" cleared="352" enqueued="352" />
  <references type="phantom" candidates="31" cleared="30" enqueued="30" />
  <object-monitors candidates="5" cleared="0"  />
</gc-op>
<gc-end id="173" type="scavenge" contextid="169" durationms="3.146" usertimems="2.064" systemtimems="0.708" stalltimems="0.274" timestamp="2025-12-10T06:44:36.723" activeThreads="2">
  <mem-info id="174" free="4942280" total="10747904" percent="45">
    <mem type="nursery" free="2558304" total="4456448" percent="57">
      <mem type="allocate" free="2558304" total="3014656" percent="84" />
      <mem type="survivor" free="0" total="1441792" percent="0" />
    </mem>
    <mem type="tenure" free="2383976" total="6291456" percent="37">
      <mem type="soa" free="2068584" total="5976064" percent="34" />
      <mem type="loa" free="315392" total="315392" percent="100" />
    </mem>
    <pending-finalizers system="174" default="0" reference="382" classloader="0" />
    <remembered-set count="2033" />
  </mem-info>
</gc-end>
<cycle-end id="175" type="scavenge" contextid="169" timestamp="2025-12-10T06:44:36.724" />
<allocation-satisfied id="176" threadId="0000000000025A00" bytesRequested="24" />
<af-end id="177" timestamp="2025-12-10T06:44:36.725" threadId="0000000000026478" success="true" from="nursery"/>
<exclusive-end id="178" timestamp="2025-12-10T06:44:36.726" durationms="8.005" />

<exclusive-start id="179" timestamp="2025-12-10T06:44:36.777" intervalms="58.952">
  <response-info timems="0.028" idlems="0.028" threads="0" lastid="0000000000025A00" lastname="main" />
</exclusive-start>
<af-start id="180" threadId="0000000000026478" totalBytesRequested="8200" timestamp="2025-12-10T06:44:36.777" intervalms="58.724" type="nursery" />
<cycle-start id="181" type="scavenge" contextid="0" timestamp="2025-12-10T06:44:36.778" intervalms="58.628" />
<gc-start id="182" type="scavenge" contextid="181" timestamp="2025-12-10T06:44:36.779">
  <mem-info id="183" free="2382560" total="10747904" percent="22">
    <mem type="nursery" free="0" total="4456448" percent="0">
      <mem type="allocate" free="0" total="3014656" percent="0" />
      <mem type="survivor" free="0" total="1441792" percent="0" />
    </mem>
    <mem type="tenure" free="2382560" total="6291456" percent="37">
      <mem type="soa" free="2067168" total="5976064" percent="34" />
      <mem type="loa" free="315392" total="315392" percent="100" />
    </mem>
    <remembered-set count="2074" />
  </mem-info>
</gc-start>
<allocation-stats totalBytes="2541144" discardedBytes="18576" >
  <allocated-bytes non-tlh="384816" tlh="2156328" />
  <largest-consumer threadName="main" threadId="0000000000025A00" bytes="2529496" />
</allocation-stats>
<gc-op id="184" type="scavenge" timems="1.116" contextid="181" timestamp="2025-12-10T06:44:36.781">
  <scavenger-info tenureage="1" tenuremask="7ffe" tiltratio="67" />
  <memory-copied type="nursery" objects="2245" bytes="96656" bytesdiscarded="19296" />
  <memory-copied type="tenure" objects="6968" bytes="250880" bytesdiscarded="232" />
  <finalization candidates="100" enqueued="0" />
  <ownableSynchronizers candidates="10" cleared="0" />
  <references type="weak" candidates="4" cleared="4" enqueued="4" />
  <references type="phantom" candidates="3" cleared="0" enqueued="0" />
  <object-monitors candidates="5" cleared="0"  />
</gc-op>
<gc-end id="185" type="scavenge" contextid="181" durationms="2.912" usertimems="1.610" systemtimems="0.570" stalltimems="0.372" timestamp="2025-12-10T06:44:36.782" activeThreads="2">
  <mem-info id="186" free="5205216" total="10747904" percent="48">
    <mem type="nursery" free="3095296" total="4456448" percent="69">
      <mem type="allocate" free="3095296" total="3211264" percent="96" />
      <mem type="survivor" free="0" total="1245184" percent="0" />
    </mem>
    <mem type="tenure" free="2109920" total="6291456" percent="33">
      <mem type="soa" free="1794528" total="5976064" percent="30" />
      <mem type="loa" free="315392" total="315392" percent="100" />
    </mem>
    <pending-finalizers system="0" default="0" reference="4" classloader="0" />
    <remembered-set count="1265" />
  </mem-info>
</gc-end>
<cycle-end id="187" type="scavenge" contextid="181" timestamp="2025-12-10T06:44:36.782" />
<allocation-satisfied id="188" threadId="0000000000025A00" bytesRequested="8200" />
<af-end id="189" timestamp="2025-12-10T06:44:36.783" threadId="0000000000026478" success="true" from="nursery"/>
<exclusive-end id="190" timestamp="2025-12-10T06:44:36.784" durationms="7.248" />

<exclusive-start id="191" timestamp="2025-12-10T06:44:36.850" intervalms="72.849">
  <response-info timems="0.060" idlems="0.060" threads="0" lastid="0000000000025A00" lastname="main" />
</exclusive-start>
<af-start id="192" threadId="0000000000026478" totalBytesRequested="12680" timestamp="2025-12-10T06:44:36.851" intervalms="73.017" type="nursery" />
<cycle-start id="193" type="scavenge" contextid="0" timestamp="2025-12-10T06:44:36.851" intervalms="73.221" />
<gc-start id="194" type="scavenge" contextid="193" timestamp="2025-12-10T06:44:36.852">
  <mem-info id="195" free="2109376" total="10747904" percent="19">
    <mem type="nursery" free="0" total="4456448" percent="0">
      <mem type="allocate" free="0" total="3211264" percent="0" />
      <mem type="survivor" free="0" total="1245184" percent="0" />
    </mem>
    <mem type="tenure" free="2109376" total="6291456" percent="33">
      <mem type="soa" free="1793984" total="5976064" percent="30" />
      <mem type="loa" free="315392" total="315392" percent="100" />
    </mem>
    <remembered-set count="1326" />
  </mem-info>
</gc-start>
<allocation-stats totalBytes="3078616" discardedBytes="17224" >
  <allocated-bytes non-tlh="591640" tlh="2486976" />
  <largest-consumer threadName="main" threadId="0000000000025A00" bytes="3078616" />
</allocation-stats>
<gc-op id="196" type="scavenge" timems="1.681" contextid="193" timestamp="2025-12-10T06:44:36.855">
  <scavenger-info tenureage="2" tenuremask="7ffc" tiltratio="72" />
  <memory-copied type="nursery" objects="2655" bytes="241656" bytesdiscarded="30024" />
  <references type="phantom" candidates="2" cleared="0" enqueued="0" />
  <object-monitors candidates="5" cleared="0"  />
</gc-op>
<gc-end id="197" type="scavenge" contextid="193" durationms="4.057" usertimems="0.000" systemtimems="2.783" stalltimems="0.894" timestamp="2025-12-10T06:44:36.856" activeThreads="2">
  <mem-info id="198" free="5180024" total="10747904" percent="48">
    <mem type="nursery" free="3070648" total="4456448" percent="68">
      <mem type="allocate" free="3070648" total="3342336" percent="91" />
      <mem type="survivor" free="0" total="1114112" percent="0" />
    </mem>
    <mem type="tenure" free="2109376" total="6291456" percent="33">
      <mem type="soa" free="1793984" total="5976064" percent="30" />
      <mem type="loa" free="315392" total="315392" percent="100" />
    </mem>
    <remembered-set count="175" />
  </mem-info>
</gc-end>
<cycle-end id="199" type="scavenge" contextid="193" timestamp="2025-12-10T06:44:36.857" />
<allocation-satisfied id="200" threadId="0000000000025A00" bytesRequested="12680" />
<af-end id="201" timestamp="2025-12-10T06:44:36.859" threadId="0000000000026478" success="true" from="nursery"/>
<exclusive-end id="202" timestamp="2025-12-10T06:44:36.859" durationms="9.449" />

<exclusive-start id="203" timestamp="2025-12-10T06:44:36.945" intervalms="94.766">
  <response-info timems="0.078" idlems="0.078" threads="0" lastid="0000000000025A00" lastname="main" />
</exclusive-start>
<af-start id="204" threadId="0000000000026478" totalBytesRequested="8200" timestamp="2025-12-10T06:44:36.945" intervalms="94.819" type="nursery" />
<cycle-start id="205" type="scavenge" contextid="0" timestamp="2025-12-10T06:44:36.946" intervalms="94.838" />
<gc-start id="206" type="scavenge" contextid="205" timestamp="2025-12-10T06:44:36.947">
  <mem-info id="207" free="2109128" total="10747904" percent="19">
    <mem type="nursery" free="0" total="4456448" percent="0">
      <mem type="allocate" free="0" total="3342336" percent="0" />
      <mem type="survivor" free="0" total="1114112" percent="0" />
    </mem>
    <mem type="tenure" free="2109128" total="6291456" percent="33">
      <mem type="soa" free="1793736" total="5976064" percent="30" />
      <mem type="loa" free="315392" total="315392" percent="100" />
    </mem>
    <remembered-set count="237" />
  </mem-info>
</gc-start>
<allocation-stats totalBytes="3005368" discardedBytes="65528" >
  <allocated-bytes non-tlh="269712" tlh="2735656" />
  <largest-consumer threadName="main" threadId="0000000000025A00" bytes="3005368" />
</allocation-stats>
<gc-op id="208" type="scavenge" timems="1.093" contextid="205" timestamp="2025-12-10T06:44:36.950">
  <scavenger-info tenureage="3" tenuremask="7ff8" tiltratio="75" />
  <memory-copied type="nursery" objects="3177" bytes="133512" bytesdiscarded="26216" />
  <references type="phantom" candidates="3" cleared="0" enqueued="0" />
  <object-monitors candidates="5" cleared="0"  />
</gc-op>
<gc-end id="209" type="scavenge" contextid="205" durationms="3.163" usertimems="1.442" systemtimems="0.534" stalltimems="0.478" timestamp="2025-12-10T06:44:36.950" activeThreads="2">
  <mem-info id="210" free="5422792" total="10747904" percent="50">
    <mem type="nursery" free="3313664" total="4456448" percent="74">
      <mem type="allocate" free="3313664" total="3473408" percent="95" />
      <mem type="survivor" free="0" total="983040" percent="0" />
    </mem>
    <mem type="tenure" free="2109128" total="6291456" percent="33">
      <mem type="soa" free="1793736" total="5976064" percent="30" />
      <mem type="loa" free="315392" total="315392" percent="100" />
    </mem>
    <remembered-set count="154" />
  </mem-info>
</gc-end>
<cycle-end id="211" type="scavenge" contextid="205" timestamp="2025-12-10T06:44:36.951" />
<allocation-satisfied id="212" threadId="0000000000025A00" bytesRequested="8200" />
<af-end id="213" timestamp="2025-12-10T06:44:36.952" threadId="0000000000026478" success="true" from="nursery"/>
<exclusive-end id="214" timestamp="2025-12-10T06:44:36.953" durationms="8.391" />

<exclusive-start id="215" timestamp="2025-12-10T06:44:37.039" intervalms="94.506">
  <response-info timems="0.030" idlems="0.030" threads="0" lastid="0000000000025A00" lastname="main" />
</exclusive-start>
<af-start id="216" threadId="0000000000026478" totalBytesRequested="7048" timestamp="2025-12-10T06:44:37.039" intervalms="94.011" type="nursery" />
<cycle-start id="217" type="scavenge" contextid="0" timestamp="2025-12-10T06:44:37.040" intervalms="93.385" />
<gc-start id="218" type="scavenge" contextid="217" timestamp="2025-12-10T06:44:37.040">
  <mem-info id="219" free="2108896" total="10747904" percent="19">
    <mem type="nursery" free="0" total="4456448" percent="0">
      <mem type="allocate" free="0" total="3473408" percent="0" />
      <mem type="survivor" free="0" total="983040" percent="0" />
    </mem>
    <mem type="tenure" free="2108896" total="6291456" percent="33">
      <mem type="soa" free="1793504" total="5976064" percent="30" />
      <mem type="loa" free="315392" total="315392" percent="100" />
    </mem>
    <remembered-set count="233" />
  </mem-info>
</gc-start>
<allocation-stats totalBytes="3239288" discardedBytes="74608" >
  <allocated-bytes non-tlh="382408" tlh="2856880" />
  <largest-consumer threadName="main" threadId="0000000000025A00" bytes="3239288" />
</allocation-stats>
<gc-op id="220" type="scavenge" timems="0.572" contextid="217" timestamp="2025-12-10T06:44:37.041">
  <scavenger-info tenureage="4" tenuremask="7ff0" tiltratio="77" />
  <memory-copied type="nursery" objects="3834" bytes="167936" bytesdiscarded="36336" />
  <references type="phantom" candidates="3" cleared="0" enqueued="0" />
  <object-monitors candidates="5" cleared="0"  />
</gc-op>
<gc-end id="221" type="scavenge" contextid="217" durationms="1.644" usertimems="0.661" systemtimems="0.253" stalltimems="0.352" timestamp="2025-12-10T06:44:37.041" activeThreads="2">
  <mem-info id="222" free="5509096" total="10747904" percent="51">
    <mem type="nursery" free="3400200" total="4456448" percent="76">
      <mem type="allocate" free="3400200" total="3604480" percent="94" />
      <mem type="survivor" free="0" total="851968" percent="0" />
    </mem>
    <mem type="tenure" free="2108896" total="6291456" percent="33">
      <mem type="soa" free="1793504" total="5976064" percent="30" />
      <mem type="loa" free="315392" total="315392" percent="100" />
    </mem>
    <remembered-set count="148" />
  </mem-info>
</gc-end>
<cycle-end id="223" type="scavenge" contextid="217" timestamp="2025-12-10T06:44:37.042" />
<allocation-satisfied id="224" threadId="0000000000025A00" bytesRequested="7048" />
<af-end id="225" timestamp="2025-12-10T06:44:37.043" threadId="0000000000026478" success="true" from="nursery"/>
<exclusive-end id="226" timestamp="2025-12-10T06:44:37.043" durationms="3.971" />

<exclusive-start id="227" timestamp="2025-12-10T06:44:37.093" intervalms="53.576">
  <response-info timems="0.041" idlems="0.041" threads="0" lastid="0000000000025A00" lastname="main" />
</exclusive-start>
<af-start id="228" threadId="0000000000026478" totalBytesRequested="8200" timestamp="2025-12-10T06:44:37.093" intervalms="53.782" type="nursery" />
<cycle-start id="229" type="scavenge" contextid="0" timestamp="2025-12-10T06:44:37.094" intervalms="54.049" />
<gc-start id="230" type="scavenge" contextid="229" timestamp="2025-12-10T06:44:37.094">
  <mem-info id="231" free="2108736" total="10747904" percent="19">
    <mem type="nursery" free="0" total="4456448" percent="0">
      <mem type="allocate" free="0" total="3604480" percent="0" />
      <mem type="survivor" free="0" total="851968" percent="0" />
    </mem>
    <mem type="tenure" free="2108736" total="6291456" percent="33">
      <mem type="soa" free="1793344" total="5976064" percent="30" />
      <mem type="loa" free="315392" total="315392" percent="100" />
    </mem>
    <remembered-set count="195" />
  </mem-info>
</gc-start>
<allocation-stats totalBytes="3277896" discardedBytes="122464" >
  <allocated-bytes non-tlh="860392" tlh="2417504" />
  <largest-consumer threadName="main" threadId="0000000000025A00" bytes="3277896" />
</allocation-stats>
<gc-op id="232" type="scavenge" timems="0.638" contextid="229" timestamp="2025-12-10T06:44:37.096">
  <scavenger-info tenureage="4" tenuremask="7ff0" tiltratio="80" />
  <memory-copied type="nursery" objects="2079" bytes="80392" bytesdiscarded="7648" />
  <memory-copied type="tenure" objects="2154" bytes="91304" bytesdiscarded="64" />
  <references type="phantom" candidates="3" cleared="0" enqueued="0" />
  <object-monitors candidates="5" cleared="0"  />
</gc-op>
<gc-end id="233" type="scavenge" contextid="229" durationms="1.821" usertimems="1.439" systemtimems="0.000" stalltimems="0.202" timestamp="2025-12-10T06:44:37.096" activeThreads="2">
  <mem-info id="234" free="5635520" total="10747904" percent="52">
    <mem type="nursery" free="3647496" total="4456448" percent="81">
      <mem type="allocate" free="3647496" total="3735552" percent="97" />
      <mem type="survivor" free="0" total="720896" percent="0" />
    </mem>
    <mem type="tenure" free="1988024" total="6291456" percent="31">
      <mem type="soa" free="1672632" total="5976064" percent="27" />
      <mem type="loa" free="315392" total="315392" percent="100" />
    </mem>
    <remembered-set count="167" />
  </mem-info>
</gc-end>
<cycle-end id="235" type="scavenge" contextid="229" timestamp="2025-12-10T06:44:37.096" />
<allocation-satisfied id="236" threadId="0000000000025A00" bytesRequested="8200" />
<af-end id="237" timestamp="2025-12-10T06:44:37.097" threadId="0000000000026478" success="true" from="nursery"/>
<exclusive-end id="238" timestamp="2025-12-10T06:44:37.097" durationms="4.421" />

<exclusive-start id="239" timestamp="2025-12-10T06:44:37.179" intervalms="86.693">
  <response-info timems="0.028" idlems="0.028" threads="0" lastid="0000000000025A00" lastname="main" />
</exclusive-start>
<af-start id="240" threadId="0000000000026478" totalBytesRequested="5408" timestamp="2025-12-10T06:44:37.180" intervalms="86.514" type="nursery" />
<cycle-start id="241" type="scavenge" contextid="0" timestamp="2025-12-10T06:44:37.180" intervalms="86.531" />
<gc-start id="242" type="scavenge" contextid="241" timestamp="2025-12-10T06:44:37.181">
  <mem-info id="243" free="1987776" total="10747904" percent="18">
    <mem type="nursery" free="0" total="4456448" percent="0">
      <mem type="allocate" free="0" total="3735552" percent="0" />
      <mem type="survivor" free="0" total="720896" percent="0" />
    </mem>
    <mem type="tenure" free="1987776" total="6291456" percent="31">
      <mem type="soa" free="1672384" total="5976064" percent="27" />
      <mem type="loa" free="315392" total="315392" percent="100" />
    </mem>
    <remembered-set count="252" />
  </mem-info>
</gc-start>
<allocation-stats totalBytes="3587904" discardedBytes="59840" >
  <allocated-bytes non-tlh="606248" tlh="2981656" />
  <largest-consumer threadName="main" threadId="0000000000025A00" bytes="3587904" />
</allocation-stats>
<gc-op id="244" type="scavenge" timems="0.656" contextid="241" timestamp="2025-12-10T06:44:37.182">
  <scavenger-info tenureage="6" tenuremask="7fc0" tiltratio="83" />
  <memory-copied type="nursery" objects="2724" bytes="110320" bytesdiscarded="24840" />
  <references type="weak" candidates="1" cleared="0" enqueued="0" />
  <references type="phantom" candidates="4" cleared="0" enqueued="0" />
  <object-monitors candidates="5" cleared="0"  />
</gc-op>
<gc-end id="245" type="scavenge" contextid="241" durationms="1.767" usertimems="0.228" systemtimems="0.684" stalltimems="0.556" timestamp="2025-12-10T06:44:37.182" activeThreads="2">
  <mem-info id="246" free="5719232" total="10747904" percent="53">
    <mem type="nursery" free="3731456" total="4456448" percent="83">
      <mem type="allocate" free="3731456" total="3866624" percent="96" />
      <mem type="survivor" free="0" total="589824" percent="0" />
    </mem>
    <mem type="tenure" free="1987776" total="6291456" percent="31">
      <mem type="soa" free="1672384" total="5976064" percent="27" />
      <mem type="loa" free="315392" total="315392" percent="100" />
    </mem>
    <remembered-set count="175" />
  </mem-info>
</gc-end>
<cycle-end id="247" type="scavenge" contextid="241" timestamp="2025-12-10T06:44:37.183" />
<allocation-satisfied id="248" threadId="0000000000025A00" bytesRequested="5408" />
<af-end id="249" timestamp="2025-12-10T06:44:37.183" threadId="0000000000026478" success="true" from="nursery"/>
<exclusive-end id="250" timestamp="2025-12-10T06:44:37.184" durationms="4.424" />

<exclusive-start id="251" timestamp="2025-12-10T06:44:37.230" intervalms="50.486">
  <response-info timems="0.050" idlems="0.050" threads="0" lastid="0000000000025A00" lastname="main" />
</exclusive-start>
<af-start id="252" threadId="0000000000026478" totalBytesRequested="41640" timestamp="2025-12-10T06:44:37.231" intervalms="51.052" type="nursery" />
<cycle-start id="253" type="scavenge" contextid="0" timestamp="2025-12-10T06:44:37.232" intervalms="51.419" />
<gc-start id="254" type="scavenge" contextid="253" timestamp="2025-12-10T06:44:37.232">
  <mem-info id="255" free="1987728" total="10747904" percent="18">
    <mem type="nursery" free="0" total="4456448" percent="0">
      <mem type="allocate" free="0" total="3866624" percent="0" />
      <mem type="survivor" free="0" total="589824" percent="0" />
    </mem>
    <mem type="tenure" free="1987728" total="6291456" percent="31">
      <mem type="soa" free="1672336" total="5976064" percent="27" />
      <mem type="loa" free="315392" total="315392" percent="100" />
    </mem>
    <remembered-set count="220" />
  </mem-info>
</gc-start>
<allocation-stats totalBytes="3529128" discardedBytes="202376" >
  <allocated-bytes non-tlh="1428816" tlh="2100312" />
  <largest-consumer threadName="main" threadId="0000000000025A00" bytes="3529128" />
</allocation-stats>
<gc-op id="256" type="scavenge" timems="1.272" contextid="253" timestamp="2025-12-10T06:44:37.235">
  <scavenger-info tenureage="3" tenuremask="7fb8" tiltratio="86" />
  <memory-copied type="nursery" objects="1391" bytes="409696" bytesdiscarded="3040" />
  <memory-copied type="tenure" objects="1646" bytes="59160" bytesdiscarded="48" />
  <references type="phantom" candidates="2" cleared="0" enqueued="0" />
  <object-monitors candidates="5" cleared="0"  />
</gc-op>
<heap-resize id="257" type="expand" space="nursery" amount="262144" count="1" timems="0.055" reason="excessive time being spent scavenging" timestamp="2025-12-10T06:44:37.236" />
<gc-end id="258" type="scavenge" contextid="253" durationms="3.915" usertimems="2.178" systemtimems="0.000" stalltimems="0.884" timestamp="2025-12-10T06:44:37.236" activeThreads="2">
  <mem-info id="259" free="5317704" total="11010048" percent="48">
    <mem type="nursery" free="3388344" total="4718592" percent="71">
      <mem type="allocate" free="3388344" total="3801088" percent="89" />
      <mem type="survivor" free="0" total="917504" percent="0" />
    </mem>
    <mem type="tenure" free="1929360" total="6291456" percent="30">
      <mem type="soa" free="1613968" total="5976064" percent="27" />
      <mem type="loa" free="315392" total="315392" percent="100" />
    </mem>
    <remembered-set count="233" />
  </mem-info>
</gc-end>
<cycle-end id="260" type="scavenge" contextid="253" timestamp="2025-12-10T06:44:37.237" />
<allocation-satisfied id="261" threadId="0000000000025A00" bytesRequested="41640" />
<af-end id="262" timestamp="2025-12-10T06:44:37.238" threadId="0000000000026478" success="true" from="nursery"/>
<exclusive-end id="263" timestamp="2025-12-10T06:44:37.239" durationms="9.005" />

<exclusive-start id="264" timestamp="2025-12-10T06:44:37.336" intervalms="106.055">
  <response-info timems="0.067" idlems="0.067" threads="0" lastid="0000000000025A00" lastname="main" />
</exclusive-start>
<af-start id="265" threadId="0000000000026478" totalBytesRequested="2752" timestamp="2025-12-10T06:44:37.337" intervalms="105.910" type="nursery" />
<cycle-start id="266" type="scavenge" contextid="0" timestamp="2025-12-10T06:44:37.337" intervalms="105.680" />
<gc-start id="267" type="scavenge" contextid="266" timestamp="2025-12-10T06:44:37.338">
  <mem-info id="268" free="1929256" total="11010048" percent="17">
    <mem type="nursery" free="0" total="4718592" percent="0">
      <mem type="allocate" free="0" total="3801088" percent="0" />
      <mem type="survivor" free="0" total="917504" percent="0" />
    </mem>
    <mem type="tenure" free="1929256" total="6291456" percent="30">
      <mem type="soa" free="1613864" total="5976064" percent="27" />
      <mem type="loa" free="315392" total="315392" percent="100" />
    </mem>
    <remembered-set count="356" />
  </mem-info>
</gc-start>
<allocation-stats totalBytes="3241656" discardedBytes="146792" >
  <allocated-bytes non-tlh="380392" tlh="2861264" />
  <largest-consumer threadName="main" threadId="0000000000025A00" bytes="3241656" />
</allocation-stats>
<gc-op id="269" type="scavenge" timems="1.334" contextid="266" timestamp="2025-12-10T06:44:37.340">
  <scavenger-info tenureage="7" tenuremask="7f80" tiltratio="80" />
  <memory-copied type="nursery" objects="2106" bytes="81608" bytesdiscarded="15920" />
  <references type="phantom" candidates="3" cleared="0" enqueued="0" />
  <object-monitors candidates="5" cleared="0"  />
</gc-op>
<gc-end id="270" type="scavenge" contextid="266" durationms="3.553" usertimems="1.909" systemtimems="0.823" stalltimems="0.763" timestamp="2025-12-10T06:44:37.341" activeThreads="2">
  <mem-info id="271" free="5763880" total="11010048" percent="52">
    <mem type="nursery" free="3834624" total="4718592" percent="81">
      <mem type="allocate" free="3834624" total="3932160" percent="97" />
      <mem type="survivor" free="0" total="786432" percent="0" />
    </mem>
    <mem type="tenure" free="1929256" total="6291456" percent="30">
      <mem type="soa" free="1613864" total="5976064" percent="27" />
      <mem type="loa" free="315392" total="315392" percent="100" />
    </mem>
    <remembered-set count="231" />
  </mem-info>
</gc-end>
<cycle-end id="272" type="scavenge" contextid="266" timestamp="2025-12-10T06:44:37.343" />
<allocation-satisfied id="273" threadId="0000000000025A00" bytesRequested="2752" />
<af-end id="274" timestamp="2025-12-10T06:44:37.344" threadId="0000000000026478" success="true" from="nursery"/>
<exclusive-end id="275" timestamp="2025-12-10T06:44:37.345" durationms="9.147" />

<exclusive-start id="276" timestamp="2025-12-10T06:44:37.414" intervalms="78.240">
  <response-info timems="0.035" idlems="0.035" threads="0" lastid="0000000000025A00" lastname="main" />
</exclusive-start>
<af-start id="277" threadId="0000000000026478" totalBytesRequested="1032" timestamp="2025-12-10T06:44:37.415" intervalms="77.897" type="nursery" />
<cycle-start id="278" type="scavenge" contextid="0" timestamp="2025-12-10T06:44:37.415" intervalms="77.541" />
<gc-start id="279" type="scavenge" contextid="278" timestamp="2025-12-10T06:44:37.415">
  <mem-info id="280" free="1929104" total="11010048" percent="17">
    <mem type="nursery" free="0" total="4718592" percent="0">
      <mem type="allocate" free="0" total="3932160" percent="0" />
      <mem type="survivor" free="0" total="786432" percent="0" />
    </mem>
    <mem type="tenure" free="1929104" total="6291456" percent="30">
      <mem type="soa" free="1613712" total="5976064" percent="27" />
      <mem type="loa" free="315392" total="315392" percent="100" />
    </mem>
    <remembered-set count="321" />
  </mem-info>
</gc-start>
<allocation-stats totalBytes="3745776" discardedBytes="89000" >
  <allocated-bytes non-tlh="973016" tlh="2772760" />
  <largest-consumer threadName="main" threadId="0000000000025A00" bytes="3745776" />
</allocation-stats>
<gc-op id="281" type="scavenge" timems="0.613" contextid="278" timestamp="2025-12-10T06:44:37.417">
  <scavenger-info tenureage="3" tenuremask="7f18" tiltratio="83" />
  <memory-copied type="nursery" objects="1790" bytes="91432" bytesdiscarded="40192" />
  <memory-copied type="tenure" objects="1036" bytes="34864" bytesdiscarded="0" />
  <references type="phantom" candidates="3" cleared="0" enqueued="0" />
  <object-monitors candidates="5" cleared="0"  />
</gc-op>
<gc-end id="282" type="scavenge" contextid="278" durationms="1.894" usertimems="0.939" systemtimems="0.396" stalltimems="0.299" timestamp="2025-12-10T06:44:37.417" activeThreads="2">
  <mem-info id="283" free="5839960" total="11010048" percent="53">
    <mem type="nursery" free="3931592" total="4718592" percent="83">
      <mem type="allocate" free="3931592" total="4063232" percent="96" />
      <mem type="survivor" free="0" total="655360" percent="0" />
    </mem>
    <mem type="tenure" free="1908368" total="6291456" percent="30">
      <mem type="soa" free="1592976" total="5976064" percent="26" />
      <mem type="loa" free="315392" total="315392" percent="100" />
    </mem>
    <remembered-set count="228" />
  </mem-info>
</gc-end>
<cycle-end id="284" type="scavenge" contextid="278" timestamp="2025-12-10T06:44:37.418" />
<allocation-satisfied id="285" threadId="0000000000025A00" bytesRequested="1032" />
<af-end id="286" timestamp="2025-12-10T06:44:37.418" threadId="0000000000026478" success="true" from="nursery"/>
<exclusive-end id="287" timestamp="2025-12-10T06:44:37.419" durationms="4.618" />

<exclusive-start id="288" timestamp="2025-12-10T06:44:37.489" intervalms="75.342">
  <response-info timems="0.036" idlems="0.036" threads="0" lastid="0000000000025A00" lastname="main" />
</exclusive-start>
<af-start id="289" threadId="0000000000026478" totalBytesRequested="8200" timestamp="2025-12-10T06:44:37.490" intervalms="75.283" type="nursery" />
<cycle-start id="290" type="scavenge" contextid="0" timestamp="2025-12-10T06:44:37.490" intervalms="75.328" />
<gc-start id="291" type="scavenge" contextid="290" timestamp="2025-12-10T06:44:37.490">
  <mem-info id="292" free="1908368" total="11010048" percent="17">
    <mem type="nursery" free="0" total="4718592" percent="0">
      <mem type="allocate" free="0" total="4063232" percent="0" />
      <mem type="survivor" free="0" total="655360" percent="0" />
    </mem>
    <mem type="tenure" free="1908368" total="6291456" percent="30">
      <mem type="soa" free="1592976" total="5976064" percent="26" />
      <mem type="loa" free="315392" total="315392" percent="100" />
    </mem>
    <remembered-set count="323" />
  </mem-info>
</gc-start>
<allocation-stats totalBytes="3878624" discardedBytes="52968" >
  <allocated-bytes non-tlh="823792" tlh="3054832" />
  <largest-consumer threadName="main" threadId="0000000000025A00" bytes="3878624" />
</allocation-stats>
<gc-op id="293" type="scavenge" timems="0.639" contextid="290" timestamp="2025-12-10T06:44:37.492">
  <scavenger-info tenureage="3" tenuremask="ffc8" tiltratio="86" />
  <memory-copied type="nursery" objects="2070" bytes="81528" bytesdiscarded="15992" />
  <memory-copied type="tenure" objects="329" bytes="11032" bytesdiscarded="16" />
  <references type="phantom" candidates="3" cleared="0" enqueued="0" />
  <object-monitors candidates="5" cleared="0"  />
</gc-op>
<gc-end id="294" type="scavenge" contextid="290" durationms="2.573" usertimems="0.850" systemtimems="0.355" stalltimems="0.279" timestamp="2025-12-10T06:44:37.493" activeThreads="2">
  <mem-info id="295" free="5918864" total="11010048" percent="53">
    <mem type="nursery" free="4031232" total="4718592" percent="85">
      <mem type="allocate" free="4031232" total="4128768" percent="97" />
      <mem type="survivor" free="0" total="589824" percent="0" />
    </mem>
    <mem type="tenure" free="1887632" total="6291456" percent="30">
      <mem type="soa" free="1572240" total="5976064" percent="26" />
      <mem type="loa" free="315392" total="315392" percent="100" />
    </mem>
    <remembered-set count="231" />
  </mem-info>
</gc-end>
<cycle-end id="296" type="scavenge" contextid="290" timestamp="2025-12-10T06:44:37.493" />
<allocation-satisfied id="297" threadId="0000000000025A00" bytesRequested="8200" />
<af-end id="298" timestamp="2025-12-10T06:44:37.494" threadId="0000000000026478" success="true" from="nursery"/>
<exclusive-end id="299" timestamp="2025-12-10T06:44:37.494" durationms="4.902" />

<exclusive-start id="300" timestamp="2025-12-10T06:44:37.557" intervalms="67.824">
  <response-info timems="0.029" idlems="0.029" threads="0" lastid="0000000000025A00" lastname="main" />
</exclusive-start>
<af-start id="301" threadId="0000000000026478" totalBytesRequested="4320" timestamp="2025-12-10T06:44:37.558" intervalms="67.743" type="nursery" />
<cycle-start id="302" type="scavenge" contextid="0" timestamp="2025-12-10T06:44:37.558" intervalms="67.723" />
<gc-start id="303" type="scavenge" contextid="302" timestamp="2025-12-10T06:44:37.558">
  <mem-info id="304" free="1887592" total="11010048" percent="17">
    <mem type="nursery" free="0" total="4718592" percent="0">
      <mem type="allocate" free="0" total="4128768" percent="0" />
      <mem type="survivor" free="0" total="589824" percent="0" />
    </mem>
    <mem type="tenure" free="1887592" total="6291456" percent="30">
      <mem type="soa" free="1572200" total="5976064" percent="26" />
      <mem type="loa" free="315392" total="315392" percent="100" />
    </mem>
    <remembered-set count="354" />
  </mem-info>
</gc-start>
<allocation-stats totalBytes="3991040" discardedBytes="40232" >
  <allocated-bytes non-tlh="590896" tlh="3400144" />
  <largest-consumer threadName="main" threadId="0000000000025A00" bytes="3991040" />
</allocation-stats>
<gc-op id="305" type="scavenge" timems="0.469" contextid="302" timestamp="2025-12-10T06:44:37.559">
  <scavenger-info tenureage="3" tenuremask="ffe8" tiltratio="87" />
  <memory-copied type="nursery" objects="2267" bytes="131720" bytesdiscarded="5048" />
  <memory-copied type="tenure" objects="707" bytes="31424" bytesdiscarded="40" />
  <references type="phantom" candidates="3" cleared="0" enqueued="0" />
  <object-monitors candidates="5" cleared="0"  />
</gc-op>
<gc-end id="306" type="scavenge" contextid="302" durationms="1.374" usertimems="0.955" systemtimems="0.000" stalltimems="0.175" timestamp="2025-12-10T06:44:37.560" activeThreads="2">
  <mem-info id="307" free="5924376" total="11010048" percent="53">
    <mem type="nursery" free="4057520" total="4718592" percent="85">
      <mem type="allocate" free="4057520" total="4194304" percent="96" />
      <mem type="survivor" free="0" total="524288" percent="0" />
    </mem>
    <mem type="tenure" free="1866856" total="6291456" percent="29">
      <mem type="soa" free="1551464" total="5976064" percent="25" />
      <mem type="loa" free="315392" total="315392" percent="100" />
    </mem>
    <remembered-set count="261" />
  </mem-info>
</gc-end>
<cycle-end id="308" type="scavenge" contextid="302" timestamp="2025-12-10T06:44:37.560" />
<allocation-satisfied id="309" threadId="0000000000025A00" bytesRequested="4320" />
<af-end id="310" timestamp="2025-12-10T06:44:37.561" threadId="0000000000026478" success="true" from="nursery"/>
<exclusive-end id="311" timestamp="2025-12-10T06:44:37.561" durationms="3.770" />

<exclusive-start id="312" timestamp="2025-12-10T06:44:37.621" intervalms="63.861">
  <response-info timems="0.035" idlems="0.035" threads="0" lastid="0000000000025A00" lastname="main" />
</exclusive-start>
<af-start id="313" threadId="0000000000026478" totalBytesRequested="11776" timestamp="2025-12-10T06:44:37.622" intervalms="64.010" type="nursery" />
<cycle-start id="314" type="scavenge" contextid="0" timestamp="2025-12-10T06:44:37.622" intervalms="64.154" />
<gc-start id="315" type="scavenge" contextid="314" timestamp="2025-12-10T06:44:37.623">
  <mem-info id="316" free="1866856" total="11010048" percent="16">
    <mem type="nursery" free="0" total="4718592" percent="0">
      <mem type="allocate" free="0" total="4194304" percent="0" />
      <mem type="survivor" free="0" total="524288" percent="0" />
    </mem>
    <mem type="tenure" free="1866856" total="6291456" percent="29">
      <mem type="soa" free="1551464" total="5976064" percent="25" />
      <mem type="loa" free="315392" total="315392" percent="100" />
    </mem>
    <remembered-set count="393" />
  </mem-info>
</gc-start>
<allocation-stats totalBytes="3948160" discardedBytes="109360" >
  <allocated-bytes non-tlh="360472" tlh="3587688" />
  <largest-consumer threadName="main" threadId="0000000000025A00" bytes="3948160" />
</allocation-stats>
<gc-op id="317" type="scavenge" timems="0.447" contextid="314" timestamp="2025-12-10T06:44:37.624">
  <scavenger-info tenureage="3" tenuremask="ffe8" tiltratio="88" />
  <memory-copied type="nursery" objects="2369" bytes="79792" bytesdiscarded="17736" />
  <memory-copied type="tenure" objects="642" bytes="21472" bytesdiscarded="0" />
  <references type="phantom" candidates="2" cleared="0" enqueued="0" />
  <object-monitors candidates="5" cleared="0"  />
</gc-op>
<gc-end id="318" type="scavenge" contextid="314" durationms="1.738" usertimems="0.945" systemtimems="0.000" stalltimems="0.191" timestamp="2025-12-10T06:44:37.624" activeThreads="2">
  <mem-info id="319" free="5963624" total="11010048" percent="54">
    <mem type="nursery" free="4096768" total="4718592" percent="86">
      <mem type="allocate" free="4096768" total="4194304" percent="97" />
      <mem type="survivor" free="0" total="524288" percent="0" />
    </mem>
    <mem type="tenure" free="1866856" total="6291456" percent="29">
      <mem type="soa" free="1551464" total="5976064" percent="25" />
      <mem type="loa" free="315392" total="315392" percent="100" />
    </mem>
    <remembered-set count="273" />
  </mem-info>
</gc-end>
<cycle-end id="320" type="scavenge" contextid="314" timestamp="2025-12-10T06:44:37.625" />
<allocation-satisfied id="321" threadId="0000000000025A00" bytesRequested="11776" />
<af-end id="322" timestamp="2025-12-10T06:44:37.626" threadId="0000000000026478" success="true" from="nursery"/>
<exclusive-end id="323" timestamp="2025-12-10T06:44:37.626" durationms="4.800" />

<exclusive-start id="324" timestamp="2025-12-10T06:44:37.692" intervalms="70.944">
  <response-info timems="0.041" idlems="0.041" threads="0" lastid="0000000000025A00" lastname="main" />
</exclusive-start>
<af-start id="325" threadId="0000000000026478" totalBytesRequested="184448" timestamp="2025-12-10T06:44:37.692" intervalms="70.801" type="nursery" />
<cycle-start id="326" type="scavenge" contextid="0" timestamp="2025-12-10T06:44:37.693" intervalms="70.615" />
<gc-start id="327" type="scavenge" contextid="326" timestamp="2025-12-10T06:44:37.693">
  <mem-info id="328" free="2031368" total="11010048" percent="18">
    <mem type="nursery" free="164608" total="4718592" percent="3">
      <mem type="allocate" free="164608" total="4194304" percent="3" />
      <mem type="survivor" free="0" total="524288" percent="0" />
    </mem>
    <mem type="tenure" free="1866760" total="6291456" percent="29">
      <mem type="soa" free="1551368" total="5976064" percent="25" />
      <mem type="loa" free="315392" total="315392" percent="100" />
    </mem>
    <remembered-set count="477" />
  </mem-info>
</gc-start>
<allocation-stats totalBytes="3929816" discardedBytes="2440" >
  <allocated-bytes non-tlh="135728" tlh="3794088" />
  <largest-consumer threadName="main" threadId="0000000000025A00" bytes="3929816" />
</allocation-stats>
<gc-op id="329" type="scavenge" timems="0.476" contextid="326" timestamp="2025-12-10T06:44:37.694">
  <scavenger-info tenureage="3" tenuremask="ffe8" tiltratio="88" />
  <memory-copied type="nursery" objects="2662" bytes="105064" bytesdiscarded="23184" />
  <memory-copied type="tenure" objects="660" bytes="22224" bytesdiscarded="16" />
  <references type="phantom" candidates="2" cleared="0" enqueued="0" />
  <object-monitors candidates="5" cleared="0"  />
</gc-op>
<gc-end id="330" type="scavenge" contextid="326" durationms="1.462" usertimems="0.609" systemtimems="0.253" stalltimems="0.206" timestamp="2025-12-10T06:44:37.694" activeThreads="2">
  <mem-info id="331" free="5912072" total="11010048" percent="53">
    <mem type="nursery" free="4066048" total="4718592" percent="86">
      <mem type="allocate" free="4066048" total="4194304" percent="96" />
      <mem type="survivor" free="0" total="524288" percent="0" />
    </mem>
    <mem type="tenure" free="1846024" total="6291456" percent="29">
      <mem type="soa" free="1530632" total="5976064" percent="25" />
      <mem type="loa" free="315392" total="315392" percent="100" />
    </mem>
    <remembered-set count="254" />
  </mem-info>
</gc-end>
<cycle-end id="332" type="scavenge" contextid="326" timestamp="2025-12-10T06:44:37.695" />
<allocation-satisfied id="333" threadId="0000000000025A00" bytesRequested="184448" />
<af-end id="334" timestamp="2025-12-10T06:44:37.695" threadId="0000000000026478" success="true" from="nursery"/>
<exclusive-end id="335" timestamp="2025-12-10T06:44:37.696" durationms="3.885" />

<exclusive-start id="336" timestamp="2025-12-10T06:44:37.747" intervalms="54.928">
  <response-info timems="0.053" idlems="0.053" threads="0" lastid="0000000000025A00" lastname="main" />
</exclusive-start>
<af-start id="337" threadId="0000000000026478" totalBytesRequested="6448" timestamp="2025-12-10T06:44:37.747" intervalms="54.943" type="nursery" />
<cycle-start id="338" type="scavenge" contextid="0" timestamp="2025-12-10T06:44:37.748" intervalms="55.009" />
<gc-start id="339" type="scavenge" contextid="338" timestamp="2025-12-10T06:44:37.748">
  <mem-info id="340" free="1846024" total="11010048" percent="16">
    <mem type="nursery" free="0" total="4718592" percent="0">
      <mem type="allocate" free="0" total="4194304" percent="0" />
      <mem type="survivor" free="0" total="524288" percent="0" />
    </mem>
    <mem type="tenure" free="1846024" total="6291456" percent="29">
      <mem type="soa" free="1530632" total="5976064" percent="25" />
      <mem type="loa" free="315392" total="315392" percent="100" />
    </mem>
    <remembered-set count="354" />
  </mem-info>
</gc-start>
<allocation-stats totalBytes="3978856" discardedBytes="87192" >
  <allocated-bytes non-tlh="682920" tlh="3295936" />
  <largest-consumer threadName="main" threadId="0000000000025A00" bytes="3978856" />
</allocation-stats>
<gc-op id="341" type="scavenge" timems="0.404" contextid="338" timestamp="2025-12-10T06:44:37.749">
  <scavenger-info tenureage="3" tenuremask="ffe8" tiltratio="88" />
  <memory-copied type="nursery" objects="2507" bytes="111800" bytesdiscarded="12608" />
  <memory-copied type="tenure" objects="828" bytes="27872" bytesdiscarded="24" />
  <references type="phantom" candidates="3" cleared="0" enqueued="0" />
  <object-monitors candidates="5" cleared="0"  />
</gc-op>
<gc-end id="342" type="scavenge" contextid="338" durationms="1.270" usertimems="0.548" systemtimems="0.234" stalltimems="0.139" timestamp="2025-12-10T06:44:37.749" activeThreads="2">
  <mem-info id="343" free="5849864" total="11010048" percent="53">
    <mem type="nursery" free="4069888" total="4718592" percent="86">
      <mem type="allocate" free="4069888" total="4194304" percent="97" />
      <mem type="survivor" free="0" total="524288" percent="0" />
    </mem>
    <mem type="tenure" free="1779976" total="6291456" percent="28">
      <mem type="soa" free="1464584" total="5976064" percent="24" />
      <mem type="loa" free="315392" total="315392" percent="100" />
    </mem>
    <remembered-set count="255" />
  </mem-info>
</gc-end>
<cycle-end id="344" type="scavenge" contextid="338" timestamp="2025-12-10T06:44:37.750" />
<allocation-satisfied id="345" threadId="0000000000025A00" bytesRequested="6448" />
<af-end id="346" timestamp="2025-12-10T06:44:37.750" threadId="0000000000026478" success="true" from="nursery"/>
<exclusive-end id="347" timestamp="2025-12-10T06:44:37.750" durationms="3.462" />

<exclusive-start id="348" timestamp="2025-12-10T06:44:37.804" intervalms="56.730">
  <response-info timems="0.027" idlems="0.027" threads="0" lastid="0000000000025A00" lastname="main" />
</exclusive-start>
<af-start id="349" threadId="0000000000026478" totalBytesRequested="32776" timestamp="2025-12-10T06:44:37.804" intervalms="56.709" type="nursery" />
<cycle-start id="350" type="scavenge" contextid="0" timestamp="2025-12-10T06:44:37.804" intervalms="56.652" />
<gc-start id="351" type="scavenge" contextid="350" timestamp="2025-12-10T06:44:37.805">
  <mem-info id="352" free="1779976" total="11010048" percent="16">
    <mem type="nursery" free="0" total="4718592" percent="0">
      <mem type="allocate" free="0" total="4194304" percent="0" />
      <mem type="survivor" free="0" total="524288" percent="0" />
    </mem>
    <mem type="tenure" free="1779976" total="6291456" percent="28">
      <mem type="soa" free="1464584" total="5976064" percent="24" />
      <mem type="loa" free="315392" total="315392" percent="100" />
    </mem>
    <remembered-set count="356" />
  </mem-info>
</gc-start>
<allocation-stats totalBytes="4016560" discardedBytes="53328" >
  <allocated-bytes non-tlh="472608" tlh="3543952" />
  <largest-consumer threadName="main" threadId="0000000000025A00" bytes="4016560" />
</allocation-stats>
<gc-op id="353" type="scavenge" timems="0.469" contextid="350" timestamp="2025-12-10T06:44:37.806">
  <scavenger-info tenureage="3" tenuremask="ffe8" tiltratio="88" />
  <memory-copied type="nursery" objects="2402" bytes="378544" bytesdiscarded="19976" />
  <memory-copied type="tenure" objects="845" bytes="28440" bytesdiscarded="0" />
  <references type="phantom" candidates="3" cleared="0" enqueued="0" />
  <object-monitors candidates="5" cleared="0"  />
</gc-op>
<gc-end id="354" type="scavenge" contextid="350" durationms="1.299" usertimems="0.608" systemtimems="0.266" stalltimems="0.183" timestamp="2025-12-10T06:44:37.806" activeThreads="2">
  <mem-info id="355" free="5346112" total="11010048" percent="48">
    <mem type="nursery" free="3599160" total="4718592" percent="76">
      <mem type="allocate" free="3599160" total="3997696" percent="90" />
      <mem type="survivor" free="0" total="720896" percent="0" />
    </mem>
    <mem type="tenure" free="1746952" total="6291456" percent="27">
      <mem type="soa" free="1431560" total="5976064" percent="23" />
      <mem type="loa" free="315392" total="315392" percent="100" />
    </mem>
    <remembered-set count="252" />
  </mem-info>
</gc-end>
<cycle-end id="356" type="scavenge" contextid="350" timestamp="2025-12-10T06:44:37.806" />
<allocation-satisfied id="357" threadId="0000000000025A00" bytesRequested="32776" />
<af-end id="358" timestamp="2025-12-10T06:44:37.807" threadId="0000000000026478" success="true" from="nursery"/>
<exclusive-end id="359" timestamp="2025-12-10T06:44:37.807" durationms="3.830" />

<exclusive-start id="360" timestamp="2025-12-10T06:44:37.860" intervalms="56.576">
  <response-info timems="0.034" idlems="0.034" threads="0" lastid="0000000000025A00" lastname="main" />
</exclusive-start>
<af-start id="361" threadId="0000000000026478" totalBytesRequested="7136" timestamp="2025-12-10T06:44:37.861" intervalms="56.553" type="nursery" />
<cycle-start id="362" type="scavenge" contextid="0" timestamp="2025-12-10T06:44:37.861" intervalms="56.606" />
<gc-start id="363" type="scavenge" contextid="362" timestamp="2025-12-10T06:44:37.861">
  <mem-info id="364" free="1746856" total="11010048" percent="15">
    <mem type="nursery" free="0" total="4718592" percent="0">
      <mem type="allocate" free="0" total="3997696" percent="0" />
      <mem type="survivor" free="0" total="720896" percent="0" />
    </mem>
    <mem type="tenure" free="1746856" total="6291456" percent="27">
      <mem type="soa" free="1431464" total="5976064" percent="23" />
      <mem type="loa" free="315392" total="315392" percent="100" />
    </mem>
    <remembered-set count="362" />
  </mem-info>
</gc-start>
<allocation-stats totalBytes="3482840" discardedBytes="116416" >
  <allocated-bytes non-tlh="32872" tlh="3449968" />
  <largest-consumer threadName="main" threadId="0000000000025A00" bytes="3482840" />
</allocation-stats>
<gc-op id="365" type="scavenge" timems="0.577" contextid="362" timestamp="2025-12-10T06:44:37.862">
  <scavenger-info tenureage="3" tenuremask="ffe8" tiltratio="84" />
  <memory-copied type="nursery" objects="2100" bytes="84488" bytesdiscarded="16880" />
  <memory-copied type="tenure" objects="968" bytes="47856" bytesdiscarded="16" />
  <references type="phantom" candidates="3" cleared="0" enqueued="0" />
  <object-monitors candidates="5" cleared="0"  />
</gc-op>
<gc-end id="366" type="scavenge" contextid="362" durationms="1.468" usertimems="0.975" systemtimems="0.416" stalltimems="0.179" timestamp="2025-12-10T06:44:37.863" activeThreads="2">
  <mem-info id="367" free="5587608" total="11010048" percent="50">
    <mem type="nursery" free="3896320" total="4718592" percent="82">
      <mem type="allocate" free="3896320" total="3997696" percent="97" />
      <mem type="survivor" free="0" total="720896" percent="0" />
    </mem>
    <mem type="tenure" free="1691288" total="6291456" percent="26">
      <mem type="soa" free="1375896" total="5976064" percent="23" />
      <mem type="loa" free="315392" total="315392" percent="100" />
    </mem>
    <remembered-set count="253" />
  </mem-info>
</gc-end>
<cycle-end id="368" type="scavenge" contextid="362" timestamp="2025-12-10T06:44:37.863" />
<allocation-satisfied id="369" threadId="0000000000025A00" bytesRequested="7136" />
<af-end id="370" timestamp="2025-12-10T06:44:37.864" threadId="0000000000026478" success="true" from="nursery"/>
<exclusive-end id="371" timestamp="2025-12-10T06:44:37.864" durationms="3.797" />

<exclusive-start id="372" timestamp="2025-12-10T06:44:37.912" intervalms="51.549">
  <response-info timems="0.030" idlems="0.030" threads="0" lastid="0000000000025A00" lastname="main" />
</exclusive-start>
<af-start id="373" threadId="0000000000026478" totalBytesRequested="8200" timestamp="2025-12-10T06:44:37.912" intervalms="51.554" type="nursery" />
<cycle-start id="374" type="scavenge" contextid="0" timestamp="2025-12-10T06:44:37.912" intervalms="51.548" />
<gc-start id="375" type="scavenge" contextid="374" timestamp="2025-12-10T06:44:37.913">
  <mem-info id="376" free="1691288" total="11010048" percent="15">
    <mem type="nursery" free="0" total="4718592" percent="0">
      <mem type="allocate" free="0" total="3997696" percent="0" />
      <mem type="survivor" free="0" total="720896" percent="0" />
    </mem>
    <mem type="tenure" free="1691288" total="6291456" percent="26">
      <mem type="soa" free="1375896" total="5976064" percent="23" />
      <mem type="loa" free="315392" total="315392" percent="100" />
    </mem>
    <remembered-set count="373" />
  </mem-info>
</gc-start>
<allocation-stats totalBytes="3797784" discardedBytes="98536" >
  <allocated-bytes non-tlh="622064" tlh="3175720" />
  <largest-consumer threadName="main" threadId="0000000000025A00" bytes="3797784" />
</allocation-stats>
<gc-op id="377" type="scavenge" timems="0.404" contextid="374" timestamp="2025-12-10T06:44:37.914">
  <scavenger-info tenureage="3" tenuremask="ffe8" tiltratio="84" />
  <memory-copied type="nursery" objects="2139" bytes="78056" bytesdiscarded="29448" />
  <memory-copied type="tenure" objects="660" bytes="22216" bytesdiscarded="16" />
  <references type="phantom" candidates="3" cleared="0" enqueued="0" />
  <object-monitors candidates="5" cleared="0"  />
</gc-op>
<gc-end id="378" type="scavenge" contextid="374" durationms="1.432" usertimems="0.530" systemtimems="0.229" stalltimems="0.158" timestamp="2025-12-10T06:44:37.914" activeThreads="2">
  <mem-info id="379" free="5673368" total="11010048" percent="51">
    <mem type="nursery" free="4021248" total="4718592" percent="85">
      <mem type="allocate" free="4021248" total="4128768" percent="97" />
      <mem type="survivor" free="0" total="589824" percent="0" />
    </mem>
    <mem type="tenure" free="1652120" total="6291456" percent="26">
      <mem type="soa" free="1336728" total="5976064" percent="22" />
      <mem type="loa" free="315392" total="315392" percent="100" />
    </mem>
    <remembered-set count="272" />
  </mem-info>
</gc-end>
<cycle-end id="380" type="scavenge" contextid="374" timestamp="2025-12-10T06:44:37.915" />
<allocation-satisfied id="381" threadId="0000000000025A00" bytesRequested="8200" />
<af-end id="382" timestamp="2025-12-10T06:44:37.915" threadId="0000000000026478" success="true" from="nursery"/>
<exclusive-end id="383" timestamp="2025-12-10T06:44:37.915" durationms="3.302" />

<exclusive-start id="384" timestamp="2025-12-10T06:44:37.977" intervalms="65.174">
  <response-info timems="0.028" idlems="0.028" threads="0" lastid="0000000000025A00" lastname="main" />
</exclusive-start>
<af-start id="385" threadId="0000000000026478" totalBytesRequested="7688" timestamp="2025-12-10T06:44:37.977" intervalms="65.276" type="nursery" />
<cycle-start id="386" type="scavenge" contextid="0" timestamp="2025-12-10T06:44:37.978" intervalms="65.186" />
<gc-start id="387" type="scavenge" contextid="386" timestamp="2025-12-10T06:44:37.978">
  <mem-info id="388" free="1652064" total="11010048" percent="15">
    <mem type="nursery" free="0" total="4718592" percent="0">
      <mem type="allocate" free="0" total="4128768" percent="0" />
      <mem type="survivor" free="0" total="589824" percent="0" />
    </mem>
    <mem type="tenure" free="1652064" total="6291456" percent="26">
      <mem type="soa" free="1336672" total="5976064" percent="22" />
      <mem type="loa" free="315392" total="315392" percent="100" />
    </mem>
    <remembered-set count="434" />
  </mem-info>
</gc-start>
<allocation-stats totalBytes="3956088" discardedBytes="65216" >
  <allocated-bytes non-tlh="372800" tlh="3583288" />
  <largest-consumer threadName="main" threadId="0000000000025A00" bytes="3956088" />
</allocation-stats>
<gc-op id="389" type="scavenge" timems="0.427" contextid="386" timestamp="2025-12-10T06:44:37.979">
  <scavenger-info tenureage="2" tenuremask="ffec" tiltratio="87" />
  <memory-copied type="nursery" objects="1621" bytes="54696" bytesdiscarded="25936" />
  <memory-copied type="tenure" objects="1406" bytes="47024" bytesdiscarded="32" />
  <references type="phantom" candidates="2" cleared="0" enqueued="0" />
  <object-monitors candidates="5" cleared="0"  />
</gc-op>
<gc-end id="390" type="scavenge" contextid="386" durationms="1.448" usertimems="0.586" systemtimems="0.254" stalltimems="0.117" timestamp="2025-12-10T06:44:37.980" activeThreads="2">
  <mem-info id="391" free="5693536" total="11010048" percent="51">
    <mem type="nursery" free="4113664" total="4718592" percent="87">
      <mem type="allocate" free="4113664" total="4194304" percent="98" />
      <mem type="survivor" free="0" total="524288" percent="0" />
    </mem>
    <mem type="tenure" free="1579872" total="6291456" percent="25">
      <mem type="soa" free="1264480" total="5976064" percent="21" />
      <mem type="loa" free="315392" total="315392" percent="100" />
    </mem>
    <remembered-set count="261" />
  </mem-info>
</gc-end>
<cycle-end id="392" type="scavenge" contextid="386" timestamp="2025-12-10T06:44:37.980" />
<allocation-satisfied id="393" threadId="0000000000025A00" bytesRequested="7688" />
<af-end id="394" timestamp="2025-12-10T06:44:37.981" threadId="0000000000026478" success="true" from="nursery"/>
<exclusive-end id="395" timestamp="2025-12-10T06:44:37.981" durationms="4.002" />

<exclusive-start id="396" timestamp="2025-12-10T06:44:38.032" intervalms="54.702">
  <response-info timems="0.029" idlems="0.029" threads="0" lastid="0000000000025A00" lastname="main" />
</exclusive-start>
<af-start id="397" threadId="0000000000026478" totalBytesRequested="32" timestamp="2025-12-10T06:44:38.032" intervalms="54.783" type="nursery" />
<cycle-start id="398" type="scavenge" contextid="0" timestamp="2025-12-10T06:44:38.033" intervalms="55.079" />
<gc-start id="399" type="scavenge" contextid="398" timestamp="2025-12-10T06:44:38.033">
  <mem-info id="400" free="1563040" total="11010048" percent="14">
    <mem type="nursery" free="0" total="4718592" percent="0">
      <mem type="allocate" free="0" total="4194304" percent="0" />
      <mem type="survivor" free="0" total="524288" percent="0" />
    </mem>
    <mem type="tenure" free="1563040" total="6291456" percent="24">
      <mem type="soa" free="1247648" total="5976064" percent="20" />
      <mem type="loa" free="315392" total="315392" percent="100" />
    </mem>
    <remembered-set count="1178" />
  </mem-info>
</gc-start>
<allocation-stats totalBytes="4129000" discardedBytes="1496" >
  <allocated-bytes non-tlh="396120" tlh="3732880" />
  <largest-consumer threadName="main" threadId="0000000000025A00" bytes="4124904" />
</allocation-stats>
<gc-op id="401" type="scavenge" timems="0.981" contextid="398" timestamp="2025-12-10T06:44:38.035">
  <scavenger-info tenureage="2" tenuremask="ffec" tiltratio="88" />
  <memory-copied type="nursery" objects="8294" bytes="521480" bytesdiscarded="1712" />
  <memory-copied type="tenure" objects="1452" bytes="62032" bytesdiscarded="272" />
  <copy-failed type="nursery" objects="772" bytes="39168" />
  <finalization candidates="97" enqueued="57" />
  <ownableSynchronizers candidates="78" cleared="43" />
  <references type="soft" candidates="31" cleared="0" enqueued="0" dynamicThreshold="32" maxThreshold="32" />
  <references type="weak" candidates="98" cleared="60" enqueued="60" />
  <references type="phantom" candidates="65" cleared="19" enqueued="19" />
  <object-monitors candidates="6" cleared="0"  />
</gc-op>
<gc-end id="402" type="scavenge" contextid="398" durationms="2.477" usertimems="1.301" systemtimems="0.556" stalltimems="0.464" timestamp="2025-12-10T06:44:38.036" activeThreads="2">
  <mem-info id="403" free="4229024" total="11010048" percent="38">
    <mem type="nursery" free="2818048" total="4718592" percent="59">
      <mem type="allocate" free="2818048" total="3342336" percent="84" />
      <mem type="survivor" free="0" total="1376256" percent="0" />
    </mem>
    <mem type="tenure" free="1410976" total="6291456" percent="22">
      <mem type="soa" free="1095584" total="5976064" percent="18" />
      <mem type="loa" free="315392" total="315392" percent="100" />
    </mem>
    <pending-finalizers system="57" default="0" reference="79" classloader="0" />
    <remembered-set count="681" />
  </mem-info>
</gc-end>
<cycle-end id="404" type="scavenge" contextid="398" timestamp="2025-12-10T06:44:38.036" />
<allocation-satisfied id="405" threadId="0000000000025A00" bytesRequested="32" />
<af-end id="406" timestamp="2025-12-10T06:44:38.037" threadId="0000000000026478" success="true" from="nursery"/>
<exclusive-end id="407" timestamp="2025-12-10T06:44:38.037" durationms="5.818" />

<exclusive-start id="408" timestamp="2025-12-10T06:44:38.059" intervalms="27.180">
  <response-info timems="0.024" idlems="0.024" threads="0" lastid="0000000000025A00" lastname="main" />
</exclusive-start>
<af-start id="409" threadId="0000000000026478" totalBytesRequested="56" timestamp="2025-12-10T06:44:38.059" intervalms="27.197" type="nursery" />
<cycle-start id="410" type="scavenge" contextid="0" timestamp="2025-12-10T06:44:38.060" intervalms="27.192" />
<gc-start id="411" type="scavenge" contextid="410" timestamp="2025-12-10T06:44:38.061">
  <mem-info id="412" free="1407464" total="11010048" percent="12">
    <mem type="nursery" free="0" total="4718592" percent="0">
      <mem type="allocate" free="0" total="3342336" percent="0" />
      <mem type="survivor" free="0" total="1376256" percent="0" />
    </mem>
    <mem type="tenure" free="1407464" total="6291456" percent="22">
      <mem type="soa" free="1092072" total="5976064" percent="18" />
      <mem type="loa" free="315392" total="315392" percent="100" />
    </mem>
    <remembered-set count="883" />
  </mem-info>
</gc-start>
<allocation-stats totalBytes="2820464" discardedBytes="1096" >
  <allocated-bytes non-tlh="3544" tlh="2816920" />
  <largest-consumer threadName="main" threadId="0000000000025A00" bytes="2816368" />
</allocation-stats>
<gc-op id="413" type="scavenge" timems="1.050" contextid="410" timestamp="2025-12-10T06:44:38.063">
  <scavenger-info tenureage="2" tenuremask="fff4" tiltratio="70" />
  <memory-copied type="nursery" objects="14464" bytes="817408" bytesdiscarded="22080" />
  <memory-copied type="tenure" objects="848" bytes="28376" bytesdiscarded="0" />
  <finalization candidates="46" enqueued="3" />
  <ownableSynchronizers candidates="83" cleared="30" />
  <references type="soft" candidates="31" cleared="0" enqueued="0" dynamicThreshold="32" maxThreshold="32" />
  <references type="weak" candidates="58" cleared="17" enqueued="17" />
  <references type="phantom" candidates="74" cleared="1" enqueued="1" />
  <object-monitors candidates="6" cleared="0"  />
</gc-op>
<heap-resize id="414" type="expand" space="nursery" amount="262144" count="1" timems="0.020" reason="excessive time being spent scavenging" timestamp="2025-12-10T06:44:38.063" />
<gc-end id="415" type="scavenge" contextid="410" durationms="2.861" usertimems="1.560" systemtimems="0.643" stalltimems="0.228" timestamp="2025-12-10T06:44:38.063" activeThreads="2">
  <mem-info id="416" free="4037912" total="11272192" percent="35">
    <mem type="nursery" free="2630448" total="4980736" percent="52">
      <mem type="allocate" free="2630448" total="3473408" percent="75" />
      <mem type="survivor" free="0" total="1507328" percent="0" />
    </mem>
    <mem type="tenure" free="1407464" total="6291456" percent="22">
      <mem type="soa" free="1092072" total="5976064" percent="18" />
      <mem type="loa" free="315392" total="315392" percent="100" />
    </mem>
    <pending-finalizers system="3" default="0" reference="18" classloader="0" />
    <remembered-set count="716" />
  </mem-info>
</gc-end>
<cycle-end id="417" type="scavenge" contextid="410" timestamp="2025-12-10T06:44:38.064" />
<allocation-satisfied id="418" threadId="0000000000025A00" bytesRequested="56" />
<af-end id="419" timestamp="2025-12-10T06:44:38.064" threadId="0000000000026478" success="true" from="nursery"/>
<exclusive-end id="420" timestamp="2025-12-10T06:44:38.065" durationms="6.166" />

<exclusive-start id="421" timestamp="2025-12-10T06:44:38.076" intervalms="17.112">
  <response-info timems="0.029" idlems="0.029" threads="0" lastid="0000000000025A00" lastname="main" />
</exclusive-start>
<af-start id="422" threadId="0000000000026478" totalBytesRequested="2064" timestamp="2025-12-10T06:44:38.077" intervalms="17.168" type="nursery" />
<cycle-start id="423" type="scavenge" contextid="0" timestamp="2025-12-10T06:44:38.077" intervalms="17.161" />
<gc-start id="424" type="scavenge" contextid="423" timestamp="2025-12-10T06:44:38.078">
  <mem-info id="425" free="1406344" total="11272192" percent="12">
    <mem type="nursery" free="0" total="4980736" percent="0">
      <mem type="allocate" free="0" total="3473408" percent="0" />
      <mem type="survivor" free="0" total="1507328" percent="0" />
    </mem>
    <mem type="tenure" free="1406344" total="6291456" percent="22">
      <mem type="soa" free="1090952" total="5976064" percent="18" />
      <mem type="loa" free="315392" total="315392" percent="100" />
    </mem>
    <remembered-set count="752" />
  </mem-info>
</gc-start>
<allocation-stats totalBytes="2629472" discardedBytes="2096" >
  <allocated-bytes non-tlh="1176" tlh="2628296" />
  <largest-consumer threadName="main" threadId="0000000000025A00" bytes="2629472" />
</allocation-stats>
<gc-op id="426" type="scavenge" timems="1.635" contextid="423" timestamp="2025-12-10T06:44:38.080">
  <scavenger-info tenureage="2" tenuremask="fff4" tiltratio="69" />
  <memory-copied type="nursery" objects="8596" bytes="424496" bytesdiscarded="23576" />
  <memory-copied type="tenure" objects="7009" bytes="479432" bytesdiscarded="704" />
  <finalization candidates="61" enqueued="9" />
  <ownableSynchronizers candidates="53" cleared="0" />
  <references type="weak" candidates="3" cleared="0" enqueued="0" />
  <references type="phantom" candidates="27" cleared="0" enqueued="0" />
  <object-monitors candidates="6" cleared="0"  />
</gc-op>
<heap-resize id="427" type="expand" space="nursery" amount="524288" count="1" timems="0.020" reason="excessive time being spent scavenging" timestamp="2025-12-10T06:44:38.081" />
<gc-end id="428" type="scavenge" contextid="423" durationms="3.604" usertimems="0.563" systemtimems="2.877" stalltimems="0.362" timestamp="2025-12-10T06:44:38.081" activeThreads="2">
  <mem-info id="429" free="4470792" total="11796480" percent="37">
    <mem type="nursery" free="3548840" total="5505024" percent="64">
      <mem type="allocate" free="3548840" total="3997696" percent="88" />
      <mem type="survivor" free="0" total="1507328" percent="0" />
    </mem>
    <mem type="tenure" free="921952" total="6291456" percent="14">
      <mem type="soa" free="606560" total="5976064" percent="10" />
      <mem type="loa" free="315392" total="315392" percent="100" />
    </mem>
    <pending-finalizers system="9" default="0" reference="0" classloader="0" />
    <remembered-set count="410" />
  </mem-info>
</gc-end>
<cycle-end id="430" type="scavenge" contextid="423" timestamp="2025-12-10T06:44:38.082" />
<allocation-satisfied id="431" threadId="0000000000025A00" bytesRequested="2064" />
<af-end id="432" timestamp="2025-12-10T06:44:38.083" threadId="0000000000026478" success="true" from="nursery"/>
<exclusive-end id="433" timestamp="2025-12-10T06:44:38.083" durationms="7.071" />

<concurrent-kickoff id="434" timestamp="2025-12-10T06:44:38.138">
  <kickoff reason="threshold reached" targetBytes="1867303" thresholdFreeBytes="258921"  remainingFree="210600" tenureFreeBytes="764296" nurseryFreeBytes="210600" />
</concurrent-kickoff>
<exclusive-start id="435" timestamp="2025-12-10T06:44:38.139" intervalms="63.107">
  <response-info timems="0.029" idlems="0.029" threads="0" lastid="00000000005EFE00" lastname="Equinox start level thread - Equinox Container: 1f7f485a-4629-4" />
</exclusive-start>
<cycle-start id="436" type="global" contextid="0" timestamp="2025-12-10T06:44:38.140" intervalms="2061.009" />
<concurrent-start id="437" type="global mark" contextid="436" timestamp="2025-12-10T06:44:38.140">
</concurrent-start>
<exclusive-end id="438" timestamp="2025-12-10T06:44:38.141" durationms="1.714" />

<concurrent-end id="439" type="global mark" contextid="436" timestamp="2025-12-10T06:44:38.150">
<gc-op id="440" type="trace" timems="9.946" contextid="436" timestamp="2025-12-10T06:44:38.150">
  <trace bytesTraced="2707468" workStackOverflowCount="0" />
  <card-cleaning reason="card cleaning threshold reached" bytesTraced="18012" cardsCleaned="62" />
</gc-op>
</concurrent-end>

<exclusive-start id="441" timestamp="2025-12-10T06:44:38.151" intervalms="12.000">
  <response-info timems="0.025" idlems="0.025" threads="0" lastid="00000000005EC100" lastname="Equinox start level thread - Equinox Container: 1f7f485a-4629-4" />
</exclusive-start>
<concurrent-global-final id="442" timestamp="2025-12-10T06:44:38.151" contextid="436" intervalms="2072.783" >
  <concurrent-trace-info reason="card cleaning threshold reached" tracedByMutators="363664" tracedByHelpers="2361816" cardsCleaned="62" workStackOverflowCount="0" />
</concurrent-global-final>
<gc-start id="443" type="global" contextid="436" timestamp="2025-12-10T06:44:38.152">
  <mem-info id="444" free="837640" total="11796480" percent="7">
    <mem type="nursery" free="87720" total="5505024" percent="1">
      <mem type="allocate" free="87720" total="3997696" percent="2" />
      <mem type="survivor" free="0" total="1507328" percent="0" />
    </mem>
    <mem type="tenure" free="749920" total="6291456" percent="11">
      <mem type="soa" free="434528" total="5976064" percent="7" />
      <mem type="loa" free="315392" total="315392" percent="100" />
    </mem>
    <remembered-set count="3090" />
  </mem-info>
</gc-start>
<allocation-stats totalBytes="3628560" discardedBytes="4592" >
  <allocated-bytes non-tlh="174096" tlh="3454464" />
  <largest-consumer threadName="main" threadId="0000000000025A00" bytes="1468480" />
</allocation-stats>
<gc-op id="445" type="rs-scan" timems="0.701" contextid="436" timestamp="2025-12-10T06:44:38.153">
  <scan objectsFound="10958" bytesTraced="456704" workStackOverflowCount="0" />
</gc-op>
<gc-op id="446" type="card-cleaning" timems="0.433" contextid="436" timestamp="2025-12-10T06:44:38.154">
  <card-cleaning cardsCleaned="22" bytesTraced="15856" workStackOverflowCount="0" />
</gc-op>
<gc-op id="447" type="mark" timems="7.083" contextid="436" timestamp="2025-12-10T06:44:38.162">
  <trace-info objectcount="4539" scancount="3833" scanbytes="118272" />
  <finalization candidates="860" enqueued="226" />
  <ownableSynchronizers candidates="103" cleared="2" />
  <references type="soft" candidates="3892" cleared="0" enqueued="0" dynamicThreshold="32" maxThreshold="32" />
  <references type="weak" candidates="1193" cleared="390" enqueued="390" />
  <references type="phantom" candidates="143" cleared="22" enqueued="22" />
  <stringconstants candidates="10464" cleared="48"  />
  <object-monitors candidates="18" cleared="9"  />
</gc-op>
<gc-op id="448" type="classunload" timems="0.017" contextid="436" timestamp="2025-12-10T06:44:38.162">
  <classunload-info classloadercandidates="17" classloadersunloaded="0" classesunloaded="0" anonymousclassesunloaded="0" quiescems="0.000" setupms="0.017" scanms="0.000" postms="0.000" />
</gc-op>
<gc-op id="449" type="sweep" timems="0.983" contextid="436" timestamp="2025-12-10T06:44:38.164" />
<heap-resize id="450" type="expand" space="tenure" amount="1114112" count="1" timems="0.054" reason="insufficient free space following gc" timestamp="2025-12-10T06:44:38.165" />
<gc-end id="451" type="global" contextid="436" durationms="13.521" usertimems="12.654" systemtimems="5.389" stalltimems="27.793" timestamp="2025-12-10T06:44:38.165" activeThreads="5">
  <mem-info id="452" free="5181352" total="12910592" percent="40">
    <mem type="nursery" free="2924192" total="5505024" percent="53">
      <mem type="allocate" free="2924192" total="3997696" percent="73" />
      <mem type="survivor" free="0" total="1507328" percent="0" />
    </mem>
    <mem type="tenure" free="2257160" total="7405568" percent="30" micro-fragmented="119841" macro-fragmented="0">
      <mem type="soa" free="1886472" total="7034880" percent="26" />
      <mem type="loa" free="370688" total="370688" percent="100" />
    </mem>
    <pending-finalizers system="226" default="0" reference="412" classloader="0" />
    <remembered-set count="2690" />
  </mem-info>
</gc-end>
<cycle-end id="453" type="global" contextid="436" timestamp="2025-12-10T06:44:38.166" />
<exclusive-end id="454" timestamp="2025-12-10T06:44:38.166" durationms="15.250" />

<exclusive-start id="455" timestamp="2025-12-10T06:44:38.216" intervalms="65.427">
  <response-info timems="0.031" idlems="0.031" threads="0" lastid="00000000005EC100" lastname="Equinox start level thread - Equinox Container: 1f7f485a-4629-4" />
</exclusive-start>
<af-start id="456" threadId="00000000005ECB78" totalBytesRequested="56" timestamp="2025-12-10T06:44:38.217" intervalms="140.450" type="nursery" />
<cycle-start id="457" type="scavenge" contextid="0" timestamp="2025-12-10T06:44:38.217" intervalms="140.197" />
<gc-start id="458" type="scavenge" contextid="457" timestamp="2025-12-10T06:44:38.218">
  <mem-info id="459" free="2058504" total="12910592" percent="15">
    <mem type="nursery" free="0" total="5505024" percent="0">
      <mem type="allocate" free="0" total="3997696" percent="0" />
      <mem type="survivor" free="0" total="1507328" percent="0" />
    </mem>
    <mem type="tenure" free="2058504" total="7405568" percent="27">
      <mem type="soa" free="1687816" total="7034880" percent="23" />
      <mem type="loa" free="370688" total="370688" percent="100" />
    </mem>
    <remembered-set count="5074" />
  </mem-info>
</gc-start>
<allocation-stats totalBytes="3068928" discardedBytes="27144" >
  <allocated-bytes non-tlh="550624" tlh="2518304" />
  <largest-consumer threadName="Equinox start level thread - Equinox Container: 1f7f485a-4629-4767-9cc9-30e45ea3d6c4" threadId="00000000005EC100" bytes="1641952" />
</allocation-stats>
<gc-op id="460" type="scavenge" timems="2.206" contextid="457" timestamp="2025-12-10T06:44:38.221">
  <scavenger-info tenureage="2" tenuremask="fff4" tiltratio="72" />
  <memory-copied type="nursery" objects="20605" bytes="830976" bytesdiscarded="21952" />
  <memory-copied type="tenure" objects="4455" bytes="250808" bytesdiscarded="440" />
  <finalization candidates="387" enqueued="139" />
  <ownableSynchronizers candidates="337" cleared="210" />
  <references type="soft" candidates="279" cleared="0" enqueued="0" dynamicThreshold="9" maxThreshold="32" />
  <references type="weak" candidates="987" cleared="582" enqueued="579" />
  <references type="phantom" candidates="33" cleared="28" enqueued="28" />
  <object-monitors candidates="12" cleared="0"  />
</gc-op>
<gc-end id="461" type="scavenge" contextid="457" durationms="3.200" usertimems="1.209" systemtimems="3.300" stalltimems="0.306" timestamp="2025-12-10T06:44:38.221" activeThreads="2">
  <mem-info id="462" free="4874312" total="12910592" percent="37">
    <mem type="nursery" free="3141608" total="5505024" percent="57">
      <mem type="allocate" free="3141608" total="3997696" percent="78" />
      <mem type="survivor" free="0" total="1507328" percent="0" />
    </mem>
    <mem type="tenure" free="1732704" total="7405568" percent="23">
      <mem type="soa" free="1362016" total="7034880" percent="19" />
      <mem type="loa" free="370688" total="370688" percent="100" />
    </mem>
    <pending-finalizers system="139" default="0" reference="607" classloader="0" />
    <remembered-set count="4772" />
  </mem-info>
</gc-end>
<cycle-end id="463" type="scavenge" contextid="457" timestamp="2025-12-10T06:44:38.221" />
<allocation-satisfied id="464" threadId="00000000005EC100" bytesRequested="56" />
<af-end id="465" timestamp="2025-12-10T06:44:38.222" threadId="00000000005ECB78" success="true" from="nursery"/>
<exclusive-end id="466" timestamp="2025-12-10T06:44:38.222" durationms="5.426" />

<exclusive-start id="467" timestamp="2025-12-10T06:44:38.248" intervalms="31.450">
  <response-info timems="0.127" idlems="0.082" threads="1" lastid="0000000000029600" lastname="JIT Compilation Thread-000" />
</exclusive-start>
<af-start id="468" threadId="00000000005F4578" totalBytesRequested="112" timestamp="2025-12-10T06:44:38.249" intervalms="31.591" type="nursery" />
<cycle-start id="469" type="scavenge" contextid="0" timestamp="2025-12-10T06:44:38.249" intervalms="31.876" />
<gc-start id="470" type="scavenge" contextid="469" timestamp="2025-12-10T06:44:38.250">
  <mem-info id="471" free="1722656" total="12910592" percent="13">
    <mem type="nursery" free="0" total="5505024" percent="0">
      <mem type="allocate" free="0" total="3997696" percent="0" />
      <mem type="survivor" free="0" total="1507328" percent="0" />
    </mem>
    <mem type="tenure" free="1722656" total="7405568" percent="23">
      <mem type="soa" free="1351968" total="7034880" percent="19" />
      <mem type="loa" free="370688" total="370688" percent="100" />
    </mem>
    <remembered-set count="5030" />
  </mem-info>
</gc-start>
<allocation-stats totalBytes="3150872" discardedBytes="784" >
  <allocated-bytes non-tlh="26496" tlh="3124376" />
  <largest-consumer threadName="Equinox start level thread - Equinox Container: 1f7f485a-4629-4767-9cc9-30e45ea3d6c4" threadId="00000000005EC100" bytes="2128552" />
</allocation-stats>
<gc-op id="472" type="scavenge" timems="1.648" contextid="469" timestamp="2025-12-10T06:44:38.252">
  <scavenger-info tenureage="4" tenuremask="fff0" tiltratio="72" />
  <memory-copied type="nursery" objects="25649" bytes="1054960" bytesdiscarded="25288" />
  <finalization candidates="249" enqueued="4" />
  <ownableSynchronizers candidates="304" cleared="90" />
  <references type="soft" candidates="307" cleared="0" enqueued="0" dynamicThreshold="9" maxThreshold="32" />
  <references type="weak" candidates="495" cleared="42" enqueued="42" />
  <references type="phantom" candidates="10" cleared="3" enqueued="3" />
  <object-monitors candidates="12" cleared="0"  />
</gc-op>
<heap-resize id="473" type="expand" space="nursery" amount="262144" count="1" timems="0.026" reason="excessive time being spent scavenging" timestamp="2025-12-10T06:44:38.253" />
<gc-end id="474" type="scavenge" contextid="469" durationms="3.554" usertimems="4.507" systemtimems="0.000" stalltimems="1.263" timestamp="2025-12-10T06:44:38.253" activeThreads="3">
  <mem-info id="475" free="4702720" total="13172736" percent="35">
    <mem type="nursery" free="2980064" total="5767168" percent="51">
      <mem type="allocate" free="2980064" total="4063232" percent="73" />
      <mem type="survivor" free="0" total="1703936" percent="0" />
    </mem>
    <mem type="tenure" free="1722656" total="7405568" percent="23">
      <mem type="soa" free="1351968" total="7034880" percent="19" />
      <mem type="loa" free="370688" total="370688" percent="100" />
    </mem>
    <pending-finalizers system="4" default="0" reference="45" classloader="0" />
    <remembered-set count="4947" />
  </mem-info>
</gc-end>
<cycle-end id="476" type="scavenge" contextid="469" timestamp="2025-12-10T06:44:38.254" />
<allocation-satisfied id="477" threadId="00000000005F3B00" bytesRequested="112" />
<af-end id="478" timestamp="2025-12-10T06:44:38.254" threadId="00000000005F4578" success="true" from="nursery"/>
<exclusive-end id="479" timestamp="2025-12-10T06:44:38.255" durationms="6.753" />

<exclusive-start id="480" timestamp="2025-12-10T06:44:38.296" intervalms="48.104">
  <response-info timems="0.025" idlems="0.025" threads="0" lastid="0000000000836400" lastname="Default Executor-thread-1" />
</exclusive-start>
<af-start id="481" threadId="0000000000836E78" totalBytesRequested="56" timestamp="2025-12-10T06:44:38.297" intervalms="47.964" type="nursery" />
<cycle-start id="482" type="scavenge" contextid="0" timestamp="2025-12-10T06:44:38.297" intervalms="47.873" />
<gc-start id="483" type="scavenge" contextid="482" timestamp="2025-12-10T06:44:38.298">
  <mem-info id="484" free="1640616" total="13172736" percent="12">
    <mem type="nursery" free="0" total="5767168" percent="0">
      <mem type="allocate" free="0" total="4063232" percent="0" />
      <mem type="survivor" free="0" total="1703936" percent="0" />
    </mem>
    <mem type="tenure" free="1640616" total="7405568" percent="22">
      <mem type="soa" free="1269928" total="7034880" percent="18" />
      <mem type="loa" free="370688" total="370688" percent="100" />
    </mem>
    <remembered-set count="6116" />
  </mem-info>
</gc-start>
<allocation-stats totalBytes="3060080" discardedBytes="2024" >
  <allocated-bytes non-tlh="82152" tlh="2977928" />
  <largest-consumer threadName="Equinox start level thread - Equinox Container: 1f7f485a-4629-4767-9cc9-30e45ea3d6c4" threadId="00000000005F3B00" bytes="1384232" />
</allocation-stats>
<gc-op id="485" type="scavenge" timems="1.825" contextid="482" timestamp="2025-12-10T06:44:38.300">
  <scavenger-info tenureage="3" tenuremask="fff8" tiltratio="70" />
  <memory-copied type="nursery" objects="38297" bytes="1493368" bytesdiscarded="38176" />
  <memory-copied type="tenure" objects="100" bytes="2720" bytesdiscarded="0" />
  <finalization candidates="256" enqueued="11" />
  <ownableSynchronizers candidates="738" cleared="204" />
  <references type="soft" candidates="679" cleared="0" enqueued="0" dynamicThreshold="9" maxThreshold="32" />
  <references type="weak" candidates="964" cleared="359" enqueued="358" />
  <references type="phantom" candidates="10" cleared="4" enqueued="4" />
  <object-monitors candidates="16" cleared="1"  />
</gc-op>
<gc-end id="486" type="scavenge" contextid="482" durationms="3.024" usertimems="5.257" systemtimems="0.000" stalltimems="0.737" timestamp="2025-12-10T06:44:38.301" activeThreads="3">
  <mem-info id="487" free="3511376" total="13172736" percent="26">
    <mem type="nursery" free="1936808" total="5767168" percent="33">
      <mem type="allocate" free="1936808" total="3473408" percent="55" />
      <mem type="survivor" free="0" total="2293760" percent="0" />
    </mem>
    <mem type="tenure" free="1574568" total="7405568" percent="21">
      <mem type="soa" free="1203880" total="7034880" percent="17" />
      <mem type="loa" free="370688" total="370688" percent="100" />
    </mem>
    <pending-finalizers system="11" default="0" reference="362" classloader="0" />
    <remembered-set count="2542" />
  </mem-info>
</gc-end>
<cycle-end id="488" type="scavenge" contextid="482" timestamp="2025-12-10T06:44:38.301" />
<allocation-satisfied id="489" threadId="0000000000836400" bytesRequested="56" />
<af-end id="490" timestamp="2025-12-10T06:44:38.302" threadId="0000000000836E78" success="true" from="nursery"/>
<exclusive-end id="491" timestamp="2025-12-10T06:44:38.302" durationms="6.028" />

<exclusive-start id="492" timestamp="2025-12-10T06:44:38.320" intervalms="24.091">
  <response-info timems="0.031" idlems="0.031" threads="0" lastid="0000000000836400" lastname="Default Executor-thread-1" />
</exclusive-start>
<af-start id="493" threadId="0000000000836E78" totalBytesRequested="8200" timestamp="2025-12-10T06:44:38.321" intervalms="24.012" type="nursery" />
<cycle-start id="494" type="scavenge" contextid="0" timestamp="2025-12-10T06:44:38.321" intervalms="23.854" />
<gc-start id="495" type="scavenge" contextid="494" timestamp="2025-12-10T06:44:38.321">
  <mem-info id="496" free="1568608" total="13172736" percent="11">
    <mem type="nursery" free="0" total="5767168" percent="0">
      <mem type="allocate" free="0" total="3473408" percent="0" />
      <mem type="survivor" free="0" total="2293760" percent="0" />
    </mem>
    <mem type="tenure" free="1568608" total="7405568" percent="21">
      <mem type="soa" free="1197920" total="7034880" percent="17" />
      <mem type="loa" free="370688" total="370688" percent="100" />
    </mem>
    <remembered-set count="2632" />
  </mem-info>
</gc-start>
<allocation-stats totalBytes="1919040" discardedBytes="23728" >
  <allocated-bytes non-tlh="6016" tlh="1913024" />
  <largest-consumer threadName="Default Executor-thread-1" threadId="0000000000836400" bytes="1914944" />
</allocation-stats>
<gc-op id="497" type="scavenge" timems="1.902" contextid="494" timestamp="2025-12-10T06:44:38.324">
  <scavenger-info tenureage="5" tenuremask="ffe0" tiltratio="60" />
  <memory-copied type="nursery" objects="43575" bytes="1697512" bytesdiscarded="46760" />
  <finalization candidates="236" enqueued="0" />
  <ownableSynchronizers candidates="534" cleared="0" />
  <references type="soft" candidates="685" cleared="0" enqueued="0" dynamicThreshold="9" maxThreshold="32" />
  <references type="weak" candidates="663" cleared="52" enqueued="52" />
  <references type="phantom" candidates="7" cleared="0" enqueued="0" />
  <object-monitors candidates="15" cleared="0"  />
</gc-op>
<heap-resize id="498" type="expand" space="nursery" amount="524288" count="1" timems="0.028" reason="excessive time being spent scavenging" timestamp="2025-12-10T06:44:38.325" />
<gc-end id="499" type="scavenge" contextid="494" durationms="4.038" usertimems="5.143" systemtimems="0.000" stalltimems="1.127" timestamp="2025-12-10T06:44:38.325" activeThreads="3">
  <mem-info id="500" free="3490112" total="13697024" percent="25">
    <mem type="nursery" free="1921504" total="6291456" percent="30">
      <mem type="allocate" free="1921504" total="3670016" percent="52" />
      <mem type="survivor" free="0" total="2621440" percent="0" />
    </mem>
    <mem type="tenure" free="1568608" total="7405568" percent="21">
      <mem type="soa" free="1197920" total="7034880" percent="17" />
      <mem type="loa" free="370688" total="370688" percent="100" />
    </mem>
    <pending-finalizers system="0" default="0" reference="52" classloader="0" />
    <remembered-set count="2520" />
  </mem-info>
</gc-end>
<cycle-end id="501" type="scavenge" contextid="494" timestamp="2025-12-10T06:44:38.326" />
<allocation-satisfied id="502" threadId="0000000000836400" bytesRequested="8200" />
<af-end id="503" timestamp="2025-12-10T06:44:38.327" threadId="0000000000836E78" success="true" from="nursery"/>
<exclusive-end id="504" timestamp="2025-12-10T06:44:38.327" durationms="6.996" />

<exclusive-start id="505" timestamp="2025-12-10T06:44:38.340" intervalms="19.717">
  <response-info timems="0.030" idlems="0.030" threads="0" lastid="0000000000836400" lastname="Default Executor-thread-1" />
</exclusive-start>
<af-start id="506" threadId="0000000000836E78" totalBytesRequested="16392" timestamp="2025-12-10T06:44:38.340" intervalms="19.935" type="nursery" />
<cycle-start id="507" type="scavenge" contextid="0" timestamp="2025-12-10T06:44:38.341" intervalms="20.290" />
<gc-start id="508" type="scavenge" contextid="507" timestamp="2025-12-10T06:44:38.342">
  <mem-info id="509" free="1568560" total="13697024" percent="11">
    <mem type="nursery" free="0" total="6291456" percent="0">
      <mem type="allocate" free="0" total="3670016" percent="0" />
      <mem type="survivor" free="0" total="2621440" percent="0" />
    </mem>
    <mem type="tenure" free="1568560" total="7405568" percent="21">
      <mem type="soa" free="1197872" total="7034880" percent="17" />
      <mem type="loa" free="370688" total="370688" percent="100" />
    </mem>
    <remembered-set count="2522" />
  </mem-info>
</gc-start>
<allocation-stats totalBytes="1818296" discardedBytes="103256" >
  <allocated-bytes non-tlh="8248" tlh="1810048" />
  <largest-consumer threadName="Default Executor-thread-1" threadId="0000000000836400" bytes="1814200" />
</allocation-stats>
<gc-op id="510" type="scavenge" timems="2.633" contextid="507" timestamp="2025-12-10T06:44:38.345">
  <scavenger-info tenureage="3" tenuremask="f018" tiltratio="58" />
  <memory-copied type="nursery" objects="23988" bytes="873440" bytesdiscarded="42624" />
  <memory-copied type="tenure" objects="24217" bytes="995192" bytesdiscarded="368" />
  <finalization candidates="236" enqueued="0" />
  <ownableSynchronizers candidates="534" cleared="0" />
  <references type="soft" candidates="378" cleared="0" enqueued="0" dynamicThreshold="9" maxThreshold="32" />
  <references type="weak" candidates="161" cleared="0" enqueued="0" />
  <references type="phantom" candidates="2" cleared="0" enqueued="0" />
  <object-monitors candidates="15" cleared="0"  />
</gc-op>
<heap-resize id="511" type="expand" space="nursery" amount="655360" count="1" timems="0.026" reason="excessive time being spent scavenging" timestamp="2025-12-10T06:44:38.346" />
<gc-end id="512" type="scavenge" contextid="507" durationms="4.874" usertimems="7.569" systemtimems="0.000" stalltimems="1.216" timestamp="2025-12-10T06:44:38.346" activeThreads="3">
  <mem-info id="513" free="4015832" total="14352384" percent="27">
    <mem type="nursery" free="3473112" total="6946816" percent="49">
      <mem type="allocate" free="3473112" total="4390912" percent="79" />
      <mem type="survivor" free="0" total="2555904" percent="0" />
    </mem>
    <mem type="tenure" free="542720" total="7405568" percent="7">
      <mem type="soa" free="172032" total="7034880" percent="2" />
      <mem type="loa" free="370688" total="370688" percent="100" />
    </mem>
    <remembered-set count="813" />
  </mem-info>
</gc-end>
<cycle-end id="514" type="scavenge" contextid="507" timestamp="2025-12-10T06:44:38.347" />
<allocation-satisfied id="515" threadId="0000000000836400" bytesRequested="16392" />
<af-end id="516" timestamp="2025-12-10T06:44:38.348" threadId="0000000000836E78" success="true" from="nursery"/>
<exclusive-end id="517" timestamp="2025-12-10T06:44:38.348" durationms="8.469" />

<concurrent-kickoff id="518" timestamp="2025-12-10T06:44:38.370">
  <kickoff reason="threshold reached" targetBytes="2378830" thresholdFreeBytes="328977"  remainingFree="155352" tenureFreeBytes="542720" nurseryFreeBytes="155352" />
</concurrent-kickoff>
<exclusive-start id="519" timestamp="2025-12-10T06:44:38.371" intervalms="30.907">
  <response-info timems="0.029" idlems="0.029" threads="0" lastid="0000000000836400" lastname="Default Executor-thread-1" />
</exclusive-start>
<cycle-start id="520" type="global" contextid="0" timestamp="2025-12-10T06:44:38.371" intervalms="231.627" />
<concurrent-start id="521" type="global mark" contextid="520" timestamp="2025-12-10T06:44:38.372">
</concurrent-start>
<exclusive-end id="522" timestamp="2025-12-10T06:44:38.372" durationms="1.148" />

<exclusive-start id="523" timestamp="2025-12-10T06:44:38.375" intervalms="4.623">
  <response-info timems="0.023" idlems="0.023" threads="0" lastid="0000000000836400" lastname="Default Executor-thread-1" />
</exclusive-start>
<af-start id="524" threadId="0000000000836E78" totalBytesRequested="16392" timestamp="2025-12-10T06:44:38.376" intervalms="35.441" type="nursery" />
<cycle-start id="525" type="scavenge" contextid="0" timestamp="2025-12-10T06:44:38.377" intervalms="35.329" />
<gc-start id="526" type="scavenge" contextid="525" timestamp="2025-12-10T06:44:38.377">
  <mem-info id="527" free="542720" total="14352384" percent="3">
    <mem type="nursery" free="0" total="6946816" percent="0">
      <mem type="allocate" free="0" total="4390912" percent="0" />
      <mem type="survivor" free="0" total="2555904" percent="0" />
    </mem>
    <mem type="tenure" free="542720" total="7405568" percent="7">
      <mem type="soa" free="172032" total="7034880" percent="2" />
      <mem type="loa" free="370688" total="370688" percent="100" />
    </mem>
    <remembered-set count="813" />
  </mem-info>
</gc-start>
<allocation-stats totalBytes="3446200" discardedBytes="26912" >
  <allocated-bytes non-tlh="16392" tlh="3429808" />
  <largest-consumer threadName="Default Executor-thread-1" threadId="0000000000836400" bytes="3446200" />
</allocation-stats>
<gc-op id="528" type="scavenge" timems="2.720" contextid="525" timestamp="2025-12-10T06:44:38.381">
  <scavenger-info tenureage="3" tenuremask="7008" tiltratio="63" />
  <memory-copied type="nursery" objects="19899" bytes="722952" bytesdiscarded="34616" />
  <memory-copied type="tenure" objects="13195" bytes="467216" bytesdiscarded="288" />
  <ownableSynchronizers candidates="321" cleared="0" />
  <references type="soft" candidates="6" cleared="0" enqueued="0" dynamicThreshold="9" maxThreshold="32" />
  <references type="weak" candidates="6" cleared="0" enqueued="0" />
  <references type="phantom" candidates="1" cleared="0" enqueued="0" />
  <object-monitors candidates="15" cleared="0"  />
  <heap-resize type="expand" space="tenure" amount="393216" count="6" timems="0.168" reason="continue current collection" />
</gc-op>
<heap-resize id="529" type="expand" space="nursery" amount="393216" count="1" timems="0.058" reason="excessive time being spent scavenging" timestamp="2025-12-10T06:44:38.381" />
<gc-end id="530" type="scavenge" contextid="525" durationms="4.889" usertimems="4.751" systemtimems="2.768" stalltimems="1.405" timestamp="2025-12-10T06:44:38.382" activeThreads="3">
  <mem-info id="531" free="4744344" total="15138816" percent="31">
    <mem type="nursery" free="4354200" total="7340032" percent="59">
      <mem type="allocate" free="4354200" total="5111808" percent="85" />
      <mem type="survivor" free="0" total="2228224" percent="0" />
    </mem>
    <mem type="tenure" free="390144" total="7798784" percent="5">
      <mem type="soa" free="0" total="7408640" percent="0" />
      <mem type="loa" free="390144" total="390144" percent="100" />
    </mem>
    <remembered-set count="254" />
  </mem-info>
</gc-end>
<cycle-end id="532" type="scavenge" contextid="525" timestamp="2025-12-10T06:44:38.383" />
<allocation-satisfied id="533" threadId="0000000000836400" bytesRequested="16392" />
<af-end id="534" timestamp="2025-12-10T06:44:38.384" threadId="0000000000836E78" success="true" from="nursery"/>
<exclusive-end id="535" timestamp="2025-12-10T06:44:38.384" durationms="8.765" />

<concurrent-end id="536" type="global mark" contextid="520" timestamp="2025-12-10T06:44:38.426">
<gc-op id="537" type="trace" timems="54.081" contextid="520" timestamp="2025-12-10T06:44:38.426">
  <trace bytesTraced="4010432" workStackOverflowCount="0" />
  <card-cleaning reason="card cleaning threshold reached" bytesTraced="2524" cardsCleaned="9" />
</gc-op>
</concurrent-end>

<exclusive-start id="538" timestamp="2025-12-10T06:44:38.427" intervalms="51.308">
  <response-info timems="0.027" idlems="0.027" threads="0" lastid="0000000000836400" lastname="Default Executor-thread-1" />
</exclusive-start>
<concurrent-global-final id="539" timestamp="2025-12-10T06:44:38.427" contextid="520" intervalms="275.674" >
  <concurrent-trace-info reason="card cleaning threshold reached" tracedByMutators="24320" tracedByHelpers="3988636" cardsCleaned="9" workStackOverflowCount="0" />
</concurrent-global-final>
<gc-start id="540" type="global" contextid="520" timestamp="2025-12-10T06:44:38.428">
  <mem-info id="541" free="390144" total="15138816" percent="2">
    <mem type="nursery" free="0" total="7340032" percent="0">
      <mem type="allocate" free="0" total="5111808" percent="0" />
      <mem type="survivor" free="0" total="2228224" percent="0" />
    </mem>
    <mem type="tenure" free="390144" total="7798784" percent="5">
      <mem type="soa" free="0" total="7408640" percent="0" />
      <mem type="loa" free="390144" total="390144" percent="100" />
    </mem>
    <remembered-set count="254" />
  </mem-info>
</gc-start>
<allocation-stats totalBytes="4350904" discardedBytes="3296" >
  <allocated-bytes non-tlh="16392" tlh="4334512" />
  <largest-consumer threadName="Default Executor-thread-1" threadId="0000000000836400" bytes="4350904" />
</allocation-stats>
<gc-op id="542" type="rs-scan" timems="1.620" contextid="520" timestamp="2025-12-10T06:44:38.430">
  <scan objectsFound="23637" bytesTraced="686380" workStackOverflowCount="0" />
</gc-op>
<gc-op id="543" type="card-cleaning" timems="0.633" contextid="520" timestamp="2025-12-10T06:44:38.431">
  <card-cleaning cardsCleaned="2" bytesTraced="868" workStackOverflowCount="0" />
</gc-op>
<gc-op id="544" type="mark" timems="4.471" contextid="520" timestamp="2025-12-10T06:44:38.436">
  <trace-info objectcount="2931" scancount="1574" scanbytes="42464" />
  <finalization candidates="730" enqueued="0" />
  <ownableSynchronizers candidates="620" cleared="0" />
  <references type="soft" candidates="4482" cleared="0" enqueued="0" dynamicThreshold="9" maxThreshold="32" />
  <references type="weak" candidates="1243" cleared="0" enqueued="0" />
  <references type="phantom" candidates="124" cleared="0" enqueued="0" />
  <stringconstants candidates="12408" cleared="19"  />
  <object-monitors candidates="15" cleared="0"  />
</gc-op>
<gc-op id="545" type="classunload" timems="0.009" contextid="520" timestamp="2025-12-10T06:44:38.437">
  <classunload-info classloadercandidates="31" classloadersunloaded="0" classesunloaded="0" anonymousclassesunloaded="0" quiescems="0.000" setupms="0.008" scanms="0.000" postms="0.000" />
</gc-op>
<gc-op id="546" type="sweep" timems="0.828" contextid="520" timestamp="2025-12-10T06:44:38.438" />
<heap-resize id="547" type="expand" space="tenure" amount="2424832" count="1" timems="0.069" reason="insufficient free space following gc" timestamp="2025-12-10T06:44:38.439" />
<gc-end id="548" type="global" contextid="520" durationms="11.497" usertimems="6.003" systemtimems="10.604" stalltimems="27.832" timestamp="2025-12-10T06:44:38.439" activeThreads="7">
  <mem-info id="549" free="6299672" total="17563648" percent="35">
    <mem type="nursery" free="3231768" total="7340032" percent="44">
      <mem type="allocate" free="3231768" total="5111808" percent="63" />
      <mem type="survivor" free="0" total="2228224" percent="0" />
    </mem>
    <mem type="tenure" free="3067904" total="10223616" percent="30" micro-fragmented="143212" macro-fragmented="0">
      <mem type="soa" free="2555904" total="9711616" percent="26" />
      <mem type="loa" free="512000" total="512000" percent="100" />
    </mem>
    <remembered-set count="254" />
  </mem-info>
</gc-end>
<cycle-end id="550" type="global" contextid="520" timestamp="2025-12-10T06:44:38.439" />
<exclusive-end id="551" timestamp="2025-12-10T06:44:38.440" durationms="13.297" />

<exclusive-start id="552" timestamp="2025-12-10T06:44:38.470" intervalms="43.364">
  <response-info timems="0.030" idlems="0.030" threads="0" lastid="0000000000836400" lastname="Default Executor-thread-1" />
</exclusive-start>
<af-start id="553" threadId="0000000000836E78" totalBytesRequested="48" timestamp="2025-12-10T06:44:38.471" intervalms="94.757" type="nursery" />
<cycle-start id="554" type="scavenge" contextid="0" timestamp="2025-12-10T06:44:38.471" intervalms="94.781" />
<gc-start id="555" type="scavenge" contextid="554" timestamp="2025-12-10T06:44:38.472">
  <mem-info id="556" free="3067904" total="17563648" percent="17">
    <mem type="nursery" free="0" total="7340032" percent="0">
      <mem type="allocate" free="0" total="5111808" percent="0" />
      <mem type="survivor" free="0" total="2228224" percent="0" />
    </mem>
    <mem type="tenure" free="3067904" total="10223616" percent="30">
      <mem type="soa" free="2555904" total="9711616" percent="26" />
      <mem type="loa" free="512000" total="512000" percent="100" />
    </mem>
    <remembered-set count="254" />
  </mem-info>
</gc-start>
<allocation-stats totalBytes="3201672" discardedBytes="14552" >
  <allocated-bytes non-tlh="1339392" tlh="1862280" />
  <largest-consumer threadName="Default Executor-thread-1" threadId="0000000000836400" bytes="3201672" />
</allocation-stats>
<gc-op id="557" type="scavenge" timems="1.850" contextid="554" timestamp="2025-12-10T06:44:38.475">
  <scavenger-info tenureage="3" tenuremask="7008" tiltratio="69" />
  <memory-copied type="nursery" objects="33556" bytes="1187208" bytesdiscarded="71432" />
  <memory-copied type="tenure" objects="5993" bytes="229424" bytesdiscarded="1400" />
  <ownableSynchronizers candidates="1240" cleared="1240" />
  <references type="phantom" candidates="1" cleared="0" enqueued="0" />
  <object-monitors candidates="15" cleared="0"  />
</gc-op>
<gc-end id="558" type="scavenge" contextid="554" durationms="3.442" usertimems="3.555" systemtimems="1.120" stalltimems="1.157" timestamp="2025-12-10T06:44:38.475" activeThreads="3">
  <mem-info id="559" free="6767384" total="17563648" percent="38">
    <mem type="nursery" free="3984232" total="7340032" percent="54">
      <mem type="allocate" free="3984232" total="5242880" percent="75" />
      <mem type="survivor" free="0" total="2097152" percent="0" />
    </mem>
    <mem type="tenure" free="2783152" total="10223616" percent="27">
      <mem type="soa" free="2271152" total="9711616" percent="23" />
      <mem type="loa" free="512000" total="512000" percent="100" />
    </mem>
    <remembered-set count="272" />
  </mem-info>
</gc-end>
<cycle-end id="560" type="scavenge" contextid="554" timestamp="2025-12-10T06:44:38.476" />
<allocation-satisfied id="561" threadId="0000000000836400" bytesRequested="48" />
<af-end id="562" timestamp="2025-12-10T06:44:38.477" threadId="0000000000836E78" success="true" from="nursery"/>
<exclusive-end id="563" timestamp="2025-12-10T06:44:38.477" durationms="7.345" />

<exclusive-start id="564" timestamp="2025-12-10T06:44:38.513" intervalms="42.709">
  <response-info timems="0.030" idlems="0.030" threads="0" lastid="0000000000836400" lastname="Default Executor-thread-1" />
</exclusive-start>
<af-start id="565" threadId="0000000000836E78" totalBytesRequested="64" timestamp="2025-12-10T06:44:38.513" intervalms="42.769" type="nursery" />
<cycle-start id="566" type="scavenge" contextid="0" timestamp="2025-12-10T06:44:38.514" intervalms="42.655" />
<gc-start id="567" type="scavenge" contextid="566" timestamp="2025-12-10T06:44:38.514">
  <mem-info id="568" free="2783152" total="17563648" percent="15">
    <mem type="nursery" free="0" total="7340032" percent="0">
      <mem type="allocate" free="0" total="5242880" percent="0" />
      <mem type="survivor" free="0" total="2097152" percent="0" />
    </mem>
    <mem type="tenure" free="2783152" total="10223616" percent="27">
      <mem type="soa" free="2271152" total="9711616" percent="23" />
      <mem type="loa" free="512000" total="512000" percent="100" />
    </mem>
    <remembered-set count="279" />
  </mem-info>
</gc-start>
<allocation-stats totalBytes="3983712" discardedBytes="520" >
  <allocated-bytes non-tlh="48" tlh="3983664" />
  <largest-consumer threadName="Default Executor-thread-1" threadId="0000000000836400" bytes="3983712" />
</allocation-stats>
<gc-op id="569" type="scavenge" timems="1.646" contextid="566" timestamp="2025-12-10T06:44:38.517">
  <scavenger-info tenureage="3" tenuremask="7008" tiltratio="71" />
  <memory-copied type="nursery" objects="39218" bytes="1381080" bytesdiscarded="27160" />
  <memory-copied type="tenure" objects="4785" bytes="166528" bytesdiscarded="48" />
  <references type="phantom" candidates="1" cleared="0" enqueued="0" />
  <object-monitors candidates="15" cleared="0"  />
</gc-op>
<heap-resize id="570" type="expand" space="nursery" amount="262144" count="1" timems="0.044" reason="excessive time being spent scavenging" timestamp="2025-12-10T06:44:38.518" />
<gc-end id="571" type="scavenge" contextid="566" durationms="3.731" usertimems="3.352" systemtimems="1.066" stalltimems="0.998" timestamp="2025-12-10T06:44:38.518" activeThreads="3">
  <mem-info id="572" free="6540216" total="17825792" percent="36">
    <mem type="nursery" free="4031240" total="7602176" percent="53">
      <mem type="allocate" free="4031240" total="5439488" percent="74" />
      <mem type="survivor" free="0" total="2162688" percent="0" />
    </mem>
    <mem type="tenure" free="2508976" total="10223616" percent="24">
      <mem type="soa" free="1996976" total="9711616" percent="20" />
      <mem type="loa" free="512000" total="512000" percent="100" />
    </mem>
    <remembered-set count="272" />
  </mem-info>
</gc-end>
<cycle-end id="573" type="scavenge" contextid="566" timestamp="2025-12-10T06:44:38.519" />
<allocation-satisfied id="574" threadId="0000000000836400" bytesRequested="64" />
<af-end id="575" timestamp="2025-12-10T06:44:38.520" threadId="0000000000836E78" success="true" from="nursery"/>
<exclusive-end id="576" timestamp="2025-12-10T06:44:38.520" durationms="7.254" />

<exclusive-start id="577" timestamp="2025-12-10T06:44:38.557" intervalms="44.506">
  <response-info timems="0.032" idlems="0.032" threads="0" lastid="0000000000836400" lastname="Default Executor-thread-1" />
</exclusive-start>
<af-start id="578" threadId="0000000000836E78" totalBytesRequested="16392" timestamp="2025-12-10T06:44:38.558" intervalms="44.404" type="nursery" />
<cycle-start id="579" type="scavenge" contextid="0" timestamp="2025-12-10T06:44:38.558" intervalms="44.286" />
<gc-start id="580" type="scavenge" contextid="579" timestamp="2025-12-10T06:44:38.559">
  <mem-info id="581" free="2508976" total="17825792" percent="14">
    <mem type="nursery" free="0" total="7602176" percent="0">
      <mem type="allocate" free="0" total="5439488" percent="0" />
      <mem type="survivor" free="0" total="2162688" percent="0" />
    </mem>
    <mem type="tenure" free="2508976" total="10223616" percent="24">
      <mem type="soa" free="1996976" total="9711616" percent="20" />
      <mem type="loa" free="512000" total="512000" percent="100" />
    </mem>
    <remembered-set count="287" />
  </mem-info>
</gc-start>
<allocation-stats totalBytes="3985024" discardedBytes="46216" >
  <allocated-bytes non-tlh="64" tlh="3984960" />
  <largest-consumer threadName="Default Executor-thread-1" threadId="0000000000836400" bytes="3985024" />
</allocation-stats>
<gc-op id="582" type="scavenge" timems="1.619" contextid="579" timestamp="2025-12-10T06:44:38.561">
  <scavenger-info tenureage="3" tenuremask="7008" tiltratio="71" />
  <memory-copied type="nursery" objects="40458" bytes="1410448" bytesdiscarded="33384" />
  <memory-copied type="tenure" objects="9106" bytes="315144" bytesdiscarded="472" />
  <references type="phantom" candidates="1" cleared="0" enqueued="0" />
  <object-monitors candidates="15" cleared="0"  />
</gc-op>
<gc-end id="583" type="scavenge" contextid="579" durationms="2.761" usertimems="3.717" systemtimems="0.982" stalltimems="0.821" timestamp="2025-12-10T06:44:38.562" activeThreads="3">
  <mem-info id="584" free="6473648" total="17825792" percent="36">
    <mem type="nursery" free="4323328" total="7602176" percent="56">
      <mem type="allocate" free="4323328" total="5767168" percent="74" />
      <mem type="survivor" free="0" total="1835008" percent="0" />
    </mem>
    <mem type="tenure" free="2150320" total="10223616" percent="21">
      <mem type="soa" free="1638320" total="9711616" percent="16" />
      <mem type="loa" free="512000" total="512000" percent="100" />
    </mem>
    <remembered-set count="334" />
  </mem-info>
</gc-end>
<cycle-end id="585" type="scavenge" contextid="579" timestamp="2025-12-10T06:44:38.562" />
<allocation-satisfied id="586" threadId="0000000000836400" bytesRequested="16392" />
<af-end id="587" timestamp="2025-12-10T06:44:38.563" threadId="0000000000836E78" success="true" from="nursery"/>
<exclusive-end id="588" timestamp="2025-12-10T06:44:38.563" durationms="6.141" />

<exclusive-start id="589" timestamp="2025-12-10T06:44:38.600" intervalms="42.721">
  <response-info timems="0.036" idlems="0.036" threads="0" lastid="0000000000836400" lastname="Default Executor-thread-1" />
</exclusive-start>
<af-start id="590" threadId="0000000000836E78" totalBytesRequested="112" timestamp="2025-12-10T06:44:38.600" intervalms="42.506" type="nursery" />
<cycle-start id="591" type="scavenge" contextid="0" timestamp="2025-12-10T06:44:38.601" intervalms="42.620" />
<gc-start id="592" type="scavenge" contextid="591" timestamp="2025-12-10T06:44:38.601">
  <mem-info id="593" free="2150320" total="17825792" percent="12">
    <mem type="nursery" free="0" total="7602176" percent="0">
      <mem type="allocate" free="0" total="5767168" percent="0" />
      <mem type="survivor" free="0" total="1835008" percent="0" />
    </mem>
    <mem type="tenure" free="2150320" total="10223616" percent="21">
      <mem type="soa" free="1638320" total="9711616" percent="16" />
      <mem type="loa" free="512000" total="512000" percent="100" />
    </mem>
    <remembered-set count="366" />
  </mem-info>
</gc-start>
<allocation-stats totalBytes="4322184" discardedBytes="1144" >
  <allocated-bytes non-tlh="16392" tlh="4305792" />
  <largest-consumer threadName="Default Executor-thread-1" threadId="0000000000836400" bytes="4322184" />
</allocation-stats>
<gc-op id="594" type="scavenge" timems="2.832" contextid="591" timestamp="2025-12-10T06:44:38.605">
  <scavenger-info tenureage="3" tenuremask="7008" tiltratio="75" />
  <memory-copied type="nursery" objects="32210" bytes="1139016" bytesdiscarded="26560" />
  <memory-copied type="tenure" objects="19646" bytes="676032" bytesdiscarded="872" />
  <references type="phantom" candidates="1" cleared="0" enqueued="0" />
  <object-monitors candidates="15" cleared="0"  />
</gc-op>
<heap-resize id="595" type="expand" space="nursery" amount="524288" count="1" timems="0.039" reason="excessive time being spent scavenging" timestamp="2025-12-10T06:44:38.606" />
<gc-end id="596" type="scavenge" contextid="591" durationms="5.004" usertimems="0.418" systemtimems="7.500" stalltimems="1.589" timestamp="2025-12-10T06:44:38.606" activeThreads="3">
  <mem-info id="597" free="6473856" total="18350080" percent="35">
    <mem type="nursery" free="4994800" total="8126464" percent="61">
      <mem type="allocate" free="4994800" total="6160384" percent="81" />
      <mem type="survivor" free="0" total="1966080" percent="0" />
    </mem>
    <mem type="tenure" free="1479056" total="10223616" percent="14">
      <mem type="soa" free="967056" total="9711616" percent="9" />
      <mem type="loa" free="512000" total="512000" percent="100" />
    </mem>
    <remembered-set count="409" />
  </mem-info>
</gc-end>
<cycle-end id="598" type="scavenge" contextid="591" timestamp="2025-12-10T06:44:38.607" />
<allocation-satisfied id="599" threadId="0000000000836400" bytesRequested="112" />
<af-end id="600" timestamp="2025-12-10T06:44:38.608" threadId="0000000000836E78" success="true" from="nursery"/>
<exclusive-end id="601" timestamp="2025-12-10T06:44:38.609" durationms="8.709" />

<concurrent-kickoff id="602" timestamp="2025-12-10T06:44:38.640">
  <kickoff reason="threshold reached" targetBytes="3634322" thresholdFreeBytes="502418"  remainingFree="333552" tenureFreeBytes="1479056" nurseryFreeBytes="333552" />
</concurrent-kickoff>
<exclusive-start id="603" timestamp="2025-12-10T06:44:38.641" intervalms="40.816">
  <response-info timems="0.033" idlems="0.033" threads="0" lastid="0000000000836400" lastname="Default Executor-thread-1" />
</exclusive-start>
<cycle-start id="604" type="global" contextid="0" timestamp="2025-12-10T06:44:38.641" intervalms="270.023" />
<concurrent-start id="605" type="global mark" contextid="604" timestamp="2025-12-10T06:44:38.642">
</concurrent-start>
<exclusive-end id="606" timestamp="2025-12-10T06:44:38.642" durationms="1.157" />

<exclusive-start id="607" timestamp="2025-12-10T06:44:38.647" intervalms="5.772">
  <response-info timems="0.024" idlems="0.024" threads="0" lastid="0000000000836400" lastname="Default Executor-thread-1" />
</exclusive-start>
<af-start id="608" threadId="0000000000836E78" totalBytesRequested="8200" timestamp="2025-12-10T06:44:38.647" intervalms="46.745" type="nursery" />
<cycle-start id="609" type="scavenge" contextid="0" timestamp="2025-12-10T06:44:38.648" intervalms="46.840" />
<gc-start id="610" type="scavenge" contextid="609" timestamp="2025-12-10T06:44:38.648">
  <mem-info id="611" free="1479056" total="18350080" percent="8">
    <mem type="nursery" free="0" total="8126464" percent="0">
      <mem type="allocate" free="0" total="6160384" percent="0" />
      <mem type="survivor" free="0" total="1966080" percent="0" />
    </mem>
    <mem type="tenure" free="1479056" total="10223616" percent="14">
      <mem type="soa" free="967056" total="9711616" percent="9" />
      <mem type="loa" free="512000" total="512000" percent="100" />
    </mem>
    <remembered-set count="506" />
  </mem-info>
</gc-start>
<allocation-stats totalBytes="4953072" discardedBytes="41728" >
  <allocated-bytes non-tlh="112" tlh="4952960" />
  <largest-consumer threadName="Default Executor-thread-1" threadId="0000000000836400" bytes="4953072" />
</allocation-stats>
<gc-op id="612" type="scavenge" timems="2.394" contextid="609" timestamp="2025-12-10T06:44:38.652">
  <scavenger-info tenureage="3" tenuremask="7008" tiltratio="75" />
  <memory-copied type="nursery" objects="34810" bytes="1208216" bytesdiscarded="49896" />
  <memory-copied type="tenure" objects="10448" bytes="361904" bytesdiscarded="824" />
  <references type="phantom" candidates="1" cleared="0" enqueued="0" />
  <object-monitors candidates="15" cleared="0"  />
</gc-op>
<heap-resize id="613" type="expand" space="nursery" amount="393216" count="1" timems="0.095" reason="excessive time being spent scavenging" timestamp="2025-12-10T06:44:38.652" />
<gc-end id="614" type="scavenge" contextid="609" durationms="4.638" usertimems="1.129" systemtimems="4.759" stalltimems="2.095" timestamp="2025-12-10T06:44:38.653" activeThreads="3">
  <mem-info id="615" free="6462984" total="18743296" percent="34">
    <mem type="nursery" free="5361016" total="8519680" percent="62">
      <mem type="allocate" free="5361016" total="6619136" percent="80" />
      <mem type="survivor" free="0" total="1900544" percent="0" />
    </mem>
    <mem type="tenure" free="1101968" total="10223616" percent="10">
      <mem type="soa" free="589968" total="9711616" percent="6" />
      <mem type="loa" free="512000" total="512000" percent="100" />
    </mem>
    <remembered-set count="435" />
  </mem-info>
</gc-end>
<cycle-end id="616" type="scavenge" contextid="609" timestamp="2025-12-10T06:44:38.653" />
<allocation-satisfied id="617" threadId="0000000000836400" bytesRequested="8200" />
<af-end id="618" timestamp="2025-12-10T06:44:38.654" threadId="0000000000836E78" success="true" from="nursery"/>
<exclusive-end id="619" timestamp="2025-12-10T06:44:38.655" durationms="8.341" />

<concurrent-end id="620" type="global mark" contextid="604" timestamp="2025-12-10T06:44:38.704">
<gc-op id="621" type="trace" timems="62.337" contextid="604" timestamp="2025-12-10T06:44:38.704">
  <trace bytesTraced="4069916" workStackOverflowCount="0" />
  <card-cleaning reason="card cleaning threshold reached" bytesTraced="1912" cardsCleaned="97" />
</gc-op>
</concurrent-end>

<exclusive-start id="622" timestamp="2025-12-10T06:44:38.705" intervalms="58.141">
  <response-info timems="0.032" idlems="0.032" threads="0" lastid="0000000000836400" lastname="Default Executor-thread-1" />
</exclusive-start>
<concurrent-global-final id="623" timestamp="2025-12-10T06:44:38.705" contextid="604" intervalms="278.130" >
  <concurrent-trace-info reason="card cleaning threshold reached" tracedByMutators="323028" tracedByHelpers="3748800" cardsCleaned="97" workStackOverflowCount="0" />
</concurrent-global-final>
<gc-start id="624" type="global" contextid="604" timestamp="2025-12-10T06:44:38.706">
  <mem-info id="625" free="1101968" total="18743296" percent="5">
    <mem type="nursery" free="0" total="8519680" percent="0">
      <mem type="allocate" free="0" total="6619136" percent="0" />
      <mem type="survivor" free="0" total="1900544" percent="0" />
    </mem>
    <mem type="tenure" free="1101968" total="10223616" percent="10">
      <mem type="soa" free="589968" total="9711616" percent="6" />
      <mem type="loa" free="512000" total="512000" percent="100" />
    </mem>
    <remembered-set count="504" />
  </mem-info>
</gc-start>
<allocation-stats totalBytes="5331776" discardedBytes="29240" >
  <allocated-bytes non-tlh="8200" tlh="5323576" />
  <largest-consumer threadName="Default Executor-thread-1" threadId="0000000000836400" bytes="5331776" />
</allocation-stats>
<gc-op id="626" type="rs-scan" timems="2.224" contextid="604" timestamp="2025-12-10T06:44:38.709">
  <scan objectsFound="75690" bytesTraced="2147296" workStackOverflowCount="0" />
</gc-op>
<gc-op id="627" type="card-cleaning" timems="0.569" contextid="604" timestamp="2025-12-10T06:44:38.710">
  <card-cleaning cardsCleaned="3" bytesTraced="1204" workStackOverflowCount="0" />
</gc-op>
<gc-op id="628" type="mark" timems="3.139" contextid="604" timestamp="2025-12-10T06:44:38.714">
  <trace-info objectcount="161" scancount="156" scanbytes="3072" />
  <finalization candidates="730" enqueued="0" />
  <ownableSynchronizers candidates="620" cleared="0" />
  <references type="soft" candidates="4482" cleared="0" enqueued="0" dynamicThreshold="9" maxThreshold="32" />
  <references type="weak" candidates="1243" cleared="0" enqueued="0" />
  <references type="phantom" candidates="124" cleared="0" enqueued="0" />
  <stringconstants candidates="12389" cleared="0"  />
  <object-monitors candidates="15" cleared="0"  />
</gc-op>
<gc-op id="629" type="sweep" timems="0.893" contextid="604" timestamp="2025-12-10T06:44:38.715" />
<heap-resize id="630" type="expand" space="tenure" amount="2490368" count="1" timems="0.066" reason="insufficient free space following gc" timestamp="2025-12-10T06:44:38.715" />
<gc-end id="631" type="global" contextid="604" durationms="10.277" usertimems="21.072" systemtimems="2.631" stalltimems="21.181" timestamp="2025-12-10T06:44:38.716" activeThreads="8">
  <mem-info id="632" free="7821040" total="21233664" percent="36">
    <mem type="nursery" free="4004456" total="8519680" percent="47">
      <mem type="allocate" free="4004456" total="6619136" percent="60" />
      <mem type="survivor" free="0" total="1900544" percent="0" />
    </mem>
    <mem type="tenure" free="3816584" total="12713984" percent="30" micro-fragmented="156545" macro-fragmented="0">
      <mem type="soa" free="3180680" total="12078080" percent="26" />
      <mem type="loa" free="635904" total="635904" percent="100" />
    </mem>
    <remembered-set count="502" />
  </mem-info>
</gc-end>
<cycle-end id="633" type="global" contextid="604" timestamp="2025-12-10T06:44:38.716" />
<exclusive-end id="634" timestamp="2025-12-10T06:44:38.717" durationms="11.913" />

<exclusive-start id="635" timestamp="2025-12-10T06:44:38.746" intervalms="41.022">
  <response-info timems="0.041" idlems="0.041" threads="0" lastid="0000000000836400" lastname="Default Executor-thread-1" />
</exclusive-start>
<af-start id="636" threadId="0000000000836E78" totalBytesRequested="80" timestamp="2025-12-10T06:44:38.746" intervalms="99.105" type="nursery" />
<cycle-start id="637" type="scavenge" contextid="0" timestamp="2025-12-10T06:44:38.747" intervalms="99.073" />
<gc-start id="638" type="scavenge" contextid="637" timestamp="2025-12-10T06:44:38.747">
  <mem-info id="639" free="3816584" total="21233664" percent="17">
    <mem type="nursery" free="0" total="8519680" percent="0">
      <mem type="allocate" free="0" total="6619136" percent="0" />
      <mem type="survivor" free="0" total="1900544" percent="0" />
    </mem>
    <mem type="tenure" free="3816584" total="12713984" percent="30">
      <mem type="soa" free="3180680" total="12078080" percent="26" />
      <mem type="loa" free="635904" total="635904" percent="100" />
    </mem>
    <remembered-set count="531" />
  </mem-info>
</gc-start>
<allocation-stats totalBytes="3970216" discardedBytes="18680" >
  <allocated-bytes non-tlh="1450608" tlh="2519608" />
  <largest-consumer threadName="Default Executor-thread-1" threadId="0000000000836400" bytes="3970216" />
</allocation-stats>
<gc-op id="640" type="scavenge" timems="2.277" contextid="637" timestamp="2025-12-10T06:44:38.750">
  <scavenger-info tenureage="3" tenuremask="7008" tiltratio="77" />
  <memory-copied type="nursery" objects="47685" bytes="1722160" bytesdiscarded="88592" />
  <memory-copied type="tenure" objects="10353" bytes="363520" bytesdiscarded="224" />
  <ownableSynchronizers candidates="1240" cleared="1240" />
  <references type="phantom" candidates="1" cleared="0" enqueued="0" />
  <object-monitors candidates="15" cleared="0"  />
</gc-op>
<gc-end id="641" type="scavenge" contextid="637" durationms="3.832" usertimems="4.794" systemtimems="1.587" stalltimems="1.341" timestamp="2025-12-10T06:44:38.751" activeThreads="3">
  <mem-info id="642" free="7409824" total="21233664" percent="34">
    <mem type="nursery" free="4087480" total="8519680" percent="47">
      <mem type="allocate" free="4087480" total="5898240" percent="69" />
      <mem type="survivor" free="0" total="2621440" percent="0" />
    </mem>
    <mem type="tenure" free="3322344" total="12713984" percent="26">
      <mem type="soa" free="2686440" total="12078080" percent="22" />
      <mem type="loa" free="635904" total="635904" percent="100" />
    </mem>
    <remembered-set count="451" />
  </mem-info>
</gc-end>
<cycle-end id="643" type="scavenge" contextid="637" timestamp="2025-12-10T06:44:38.752" />
<allocation-satisfied id="644" threadId="0000000000836400" bytesRequested="80" />
<af-end id="645" timestamp="2025-12-10T06:44:38.753" threadId="0000000000836E78" success="true" from="nursery"/>
<exclusive-end id="646" timestamp="2025-12-10T06:44:38.753" durationms="7.285" />

<exclusive-start id="647" timestamp="2025-12-10T06:44:38.783" intervalms="36.913">
  <response-info timems="0.047" idlems="0.047" threads="0" lastid="0000000000836400" lastname="Default Executor-thread-1" />
</exclusive-start>
<af-start id="648" threadId="0000000000836E78" totalBytesRequested="8200" timestamp="2025-12-10T06:44:38.783" intervalms="37.161" type="nursery" />
<cycle-start id="649" type="scavenge" contextid="0" timestamp="2025-12-10T06:44:38.784" intervalms="37.143" />
<gc-start id="650" type="scavenge" contextid="649" timestamp="2025-12-10T06:44:38.785">
  <mem-info id="651" free="3321368" total="21233664" percent="15">
    <mem type="nursery" free="0" total="8519680" percent="0">
      <mem type="allocate" free="0" total="5898240" percent="0" />
      <mem type="survivor" free="0" total="2621440" percent="0" />
    </mem>
    <mem type="tenure" free="3321368" total="12713984" percent="26">
      <mem type="soa" free="2685464" total="12078080" percent="22" />
      <mem type="loa" free="635904" total="635904" percent="100" />
    </mem>
    <remembered-set count="553" />
  </mem-info>
</gc-start>
<allocation-stats totalBytes="4075296" discardedBytes="13160" >
  <allocated-bytes non-tlh="1056" tlh="4074240" />
  <largest-consumer threadName="Default Executor-thread-1" threadId="0000000000836400" bytes="4045776" />
</allocation-stats>
<gc-op id="652" type="scavenge" timems="3.557" contextid="649" timestamp="2025-12-10T06:44:38.789">
  <scavenger-info tenureage="2" tenuremask="700c" tiltratio="69" />
  <memory-copied type="nursery" objects="33293" bytes="1229312" bytesdiscarded="89584" />
  <memory-copied type="tenure" objects="24447" bytes="843688" bytesdiscarded="232" />
  <ownableSynchronizers candidates="4" cleared="0" />
  <references type="weak" candidates="20" cleared="4" enqueued="4" />
  <references type="phantom" candidates="1" cleared="0" enqueued="0" />
  <object-monitors candidates="18" cleared="1"  />
</gc-op>
<heap-resize id="653" type="expand" space="nursery" amount="655360" count="1" timems="0.077" reason="excessive time being spent scavenging" timestamp="2025-12-10T06:44:38.790" />
<gc-end id="654" type="scavenge" contextid="649" durationms="5.877" usertimems="6.535" systemtimems="3.611" stalltimems="1.640" timestamp="2025-12-10T06:44:38.790" activeThreads="3">
  <mem-info id="655" free="7601120" total="21889024" percent="34">
    <mem type="nursery" free="5169096" total="9175040" percent="56">
      <mem type="allocate" free="5169096" total="6488064" percent="79" />
      <mem type="survivor" free="0" total="2686976" percent="0" />
    </mem>
    <mem type="tenure" free="2432024" total="12713984" percent="19">
      <mem type="soa" free="1796120" total="12078080" percent="14" />
      <mem type="loa" free="635904" total="635904" percent="100" />
    </mem>
    <pending-finalizers system="0" default="0" reference="4" classloader="0" />
    <remembered-set count="493" />
  </mem-info>
</gc-end>
<cycle-end id="656" type="scavenge" contextid="649" timestamp="2025-12-10T06:44:38.791" />
<allocation-satisfied id="657" threadId="0000000000836400" bytesRequested="8200" />
<af-end id="658" timestamp="2025-12-10T06:44:38.792" threadId="0000000000836E78" success="true" from="nursery"/>
<exclusive-end id="659" timestamp="2025-12-10T06:44:38.793" durationms="10.009" />

<exclusive-start id="660" timestamp="2025-12-10T06:44:38.846" intervalms="63.131">
  <response-info timems="0.036" idlems="0.036" threads="0" lastid="0000000000836400" lastname="Default Executor-thread-1" />
</exclusive-start>
<af-start id="661" threadId="0000000000836E78" totalBytesRequested="8200" timestamp="2025-12-10T06:44:38.846" intervalms="62.921" type="nursery" />
<cycle-start id="662" type="scavenge" contextid="0" timestamp="2025-12-10T06:44:38.847" intervalms="62.868" />
<gc-start id="663" type="scavenge" contextid="662" timestamp="2025-12-10T06:44:38.847">
  <mem-info id="664" free="2432024" total="21889024" percent="11">
    <mem type="nursery" free="0" total="9175040" percent="0">
      <mem type="allocate" free="0" total="6488064" percent="0" />
      <mem type="survivor" free="0" total="2686976" percent="0" />
    </mem>
    <mem type="tenure" free="2432024" total="12713984" percent="19">
      <mem type="soa" free="1796120" total="12078080" percent="14" />
      <mem type="loa" free="635904" total="635904" percent="100" />
    </mem>
    <remembered-set count="586" />
  </mem-info>
</gc-start>
<allocation-stats totalBytes="5152632" discardedBytes="16464" >
  <allocated-bytes non-tlh="24592" tlh="5128040" />
  <largest-consumer threadName="Default Executor-thread-1" threadId="0000000000836400" bytes="5152632" />
</allocation-stats>
<gc-op id="665" type="scavenge" timems="2.454" contextid="662" timestamp="2025-12-10T06:44:38.851">
  <scavenger-info tenureage="12" tenuremask="7000" tiltratio="70" />
  <memory-copied type="nursery" objects="46479" bytes="1697384" bytesdiscarded="44064" />
  <ownableSynchronizers candidates="4" cleared="0" />
  <references type="weak" candidates="16" cleared="0" enqueued="0" />
  <references type="phantom" candidates="1" cleared="0" enqueued="0" />
  <object-monitors candidates="17" cleared="0"  />
</gc-op>
<gc-end id="666" type="scavenge" contextid="662" durationms="3.802" usertimems="5.236" systemtimems="1.787" stalltimems="0.941" timestamp="2025-12-10T06:44:38.851" activeThreads="3">
  <mem-info id="667" free="7178616" total="21889024" percent="32">
    <mem type="nursery" free="4746592" total="9175040" percent="51">
      <mem type="allocate" free="4746592" total="6488064" percent="73" />
      <mem type="survivor" free="0" total="2686976" percent="0" />
    </mem>
    <mem type="tenure" free="2432024" total="12713984" percent="19">
      <mem type="soa" free="1796120" total="12078080" percent="14" />
      <mem type="loa" free="635904" total="635904" percent="100" />
    </mem>
    <remembered-set count="584" />
  </mem-info>
</gc-end>
<cycle-end id="668" type="scavenge" contextid="662" timestamp="2025-12-10T06:44:38.852" />
<allocation-satisfied id="669" threadId="0000000000836400" bytesRequested="8200" />
<af-end id="670" timestamp="2025-12-10T06:44:38.853" threadId="0000000000836E78" success="true" from="nursery"/>
<exclusive-end id="671" timestamp="2025-12-10T06:44:38.853" durationms="7.348" />

<exclusive-start id="672" timestamp="2025-12-10T06:44:38.890" intervalms="44.677">
  <response-info timems="0.037" idlems="0.037" threads="0" lastid="0000000000836400" lastname="Default Executor-thread-1" />
</exclusive-start>
<af-start id="673" threadId="0000000000836E78" totalBytesRequested="8200" timestamp="2025-12-10T06:44:38.891" intervalms="44.524" type="nursery" />
<cycle-start id="674" type="scavenge" contextid="0" timestamp="2025-12-10T06:44:38.891" intervalms="44.320" />
<gc-start id="675" type="scavenge" contextid="674" timestamp="2025-12-10T06:44:38.891">
  <mem-info id="676" free="2431728" total="21889024" percent="11">
    <mem type="nursery" free="0" total="9175040" percent="0">
      <mem type="allocate" free="0" total="6488064" percent="0" />
      <mem type="survivor" free="0" total="2686976" percent="0" />
    </mem>
    <mem type="tenure" free="2431728" total="12713984" percent="19">
      <mem type="soa" free="1795824" total="12078080" percent="14" />
      <mem type="loa" free="635904" total="635904" percent="100" />
    </mem>
    <remembered-set count="661" />
  </mem-info>
</gc-start>
<allocation-stats totalBytes="4722952" discardedBytes="23936" >
  <allocated-bytes non-tlh="8496" tlh="4714456" />
  <largest-consumer threadName="Default Executor-thread-1" threadId="0000000000836400" bytes="4722952" />
</allocation-stats>
<gc-op id="677" type="scavenge" timems="2.695" contextid="674" timestamp="2025-12-10T06:44:38.895">
  <scavenger-info tenureage="2" tenuremask="700c" tiltratio="70" />
  <memory-copied type="nursery" objects="25435" bytes="900360" bytesdiscarded="112624" />
  <memory-copied type="tenure" objects="33279" bytes="1227912" bytesdiscarded="520" />
  <ownableSynchronizers candidates="4" cleared="0" />
  <references type="phantom" candidates="1" cleared="0" enqueued="0" />
  <object-monitors candidates="17" cleared="0"  />
</gc-op>
<heap-resize id="678" type="expand" space="nursery" amount="524288" count="1" timems="0.020" reason="excessive time being spent scavenging" timestamp="2025-12-10T06:44:38.895" />
<gc-end id="679" type="scavenge" contextid="674" durationms="3.916" usertimems="6.178" systemtimems="2.114" stalltimems="0.775" timestamp="2025-12-10T06:44:38.895" activeThreads="3">
  <mem-info id="680" free="7135856" total="22413312" percent="31">
    <mem type="nursery" free="5933824" total="9699328" percent="61">
      <mem type="allocate" free="5933824" total="6946816" percent="85" />
      <mem type="survivor" free="0" total="2752512" percent="0" />
    </mem>
    <mem type="tenure" free="1202032" total="12713984" percent="9">
      <mem type="soa" free="566128" total="12078080" percent="4" />
      <mem type="loa" free="635904" total="635904" percent="100" />
    </mem>
    <remembered-set count="471" />
  </mem-info>
</gc-end>
<cycle-end id="681" type="scavenge" contextid="674" timestamp="2025-12-10T06:44:38.896" />
<allocation-satisfied id="682" threadId="0000000000836400" bytesRequested="8200" />
<af-end id="683" timestamp="2025-12-10T06:44:38.896" threadId="0000000000836E78" success="true" from="nursery"/>
<exclusive-end id="684" timestamp="2025-12-10T06:44:38.896" durationms="5.709" />

<concurrent-kickoff id="685" timestamp="2025-12-10T06:44:38.927">
  <kickoff reason="threshold reached" targetBytes="4616774" thresholdFreeBytes="638767"  remainingFree="518912" tenureFreeBytes="1171032" nurseryFreeBytes="518912" />
</concurrent-kickoff>
<exclusive-start id="686" timestamp="2025-12-10T06:44:38.927" intervalms="36.861">
  <response-info timems="0.037" idlems="0.037" threads="0" lastid="0000000000836400" lastname="Default Executor-thread-1" />
</exclusive-start>
<cycle-start id="687" type="global" contextid="0" timestamp="2025-12-10T06:44:38.928" intervalms="286.547" />
<concurrent-start id="688" type="global mark" contextid="687" timestamp="2025-12-10T06:44:38.928">
</concurrent-start>
<exclusive-end id="689" timestamp="2025-12-10T06:44:38.929" durationms="1.241" />

<exclusive-start id="690" timestamp="2025-12-10T06:44:38.936" intervalms="8.250">
  <response-info timems="0.039" idlems="0.039" threads="0" lastid="0000000000836400" lastname="Default Executor-thread-1" />
</exclusive-start>
<af-start id="691" threadId="0000000000836E78" totalBytesRequested="200" timestamp="2025-12-10T06:44:38.936" intervalms="45.240" type="nursery" />
<cycle-start id="692" type="scavenge" contextid="0" timestamp="2025-12-10T06:44:38.937" intervalms="45.435" />
<gc-start id="693" type="scavenge" contextid="692" timestamp="2025-12-10T06:44:38.937">
  <mem-info id="694" free="1171032" total="22413312" percent="5">
    <mem type="nursery" free="0" total="9699328" percent="0">
      <mem type="allocate" free="0" total="6946816" percent="0" />
      <mem type="survivor" free="0" total="2752512" percent="0" />
    </mem>
    <mem type="tenure" free="1171032" total="12713984" percent="9">
      <mem type="soa" free="535128" total="12078080" percent="4" />
      <mem type="loa" free="635904" total="635904" percent="100" />
    </mem>
    <remembered-set count="1048" />
  </mem-info>
</gc-start>
<allocation-stats totalBytes="5963912" discardedBytes="912" >
  <allocated-bytes non-tlh="39200" tlh="5924712" />
  <largest-consumer threadName="Default Executor-thread-1" threadId="0000000000836400" bytes="5963912" />
</allocation-stats>
<gc-op id="695" type="scavenge" timems="2.495" contextid="692" timestamp="2025-12-10T06:44:38.940">
  <scavenger-info tenureage="2" tenuremask="7004" tiltratio="71" />
  <memory-copied type="nursery" objects="32772" bytes="1086408" bytesdiscarded="41288" />
  <memory-copied type="tenure" objects="13186" bytes="467928" bytesdiscarded="344" />
  <finalization candidates="4" enqueued="4" />
  <references type="soft" candidates="7" cleared="0" enqueued="0" dynamicThreshold="9" maxThreshold="32" />
  <references type="weak" candidates="68" cleared="40" enqueued="39" />
  <references type="phantom" candidates="1" cleared="1" enqueued="1" />
  <object-monitors candidates="17" cleared="0"  />
  <heap-resize type="expand" space="tenure" amount="65536" count="1" timems="0.040" reason="continue current collection" />
</gc-op>
<gc-end id="696" type="scavenge" contextid="692" durationms="3.755" usertimems="2.174" systemtimems="3.593" stalltimems="4.500" timestamp="2025-12-10T06:44:38.941" activeThreads="4">
  <mem-info id="697" free="6912224" total="22478848" percent="30">
    <mem type="nursery" free="6212192" total="9699328" percent="64">
      <mem type="allocate" free="6212192" total="7340032" percent="84" />
      <mem type="survivor" free="0" total="2359296" percent="0" />
    </mem>
    <mem type="tenure" free="700032" total="12779520" percent="5">
      <mem type="soa" free="61056" total="12140544" percent="0" />
      <mem type="loa" free="638976" total="638976" percent="100" />
    </mem>
    <pending-finalizers system="4" default="0" reference="40" classloader="0" />
    <remembered-set count="825" />
  </mem-info>
</gc-end>
<cycle-end id="698" type="scavenge" contextid="692" timestamp="2025-12-10T06:44:38.941" />
<allocation-satisfied id="699" threadId="0000000000836400" bytesRequested="200" />
<af-end id="700" timestamp="2025-12-10T06:44:38.942" threadId="0000000000836E78" success="true" from="nursery"/>
<exclusive-end id="701" timestamp="2025-12-10T06:44:38.943" durationms="6.959" />

<concurrent-end id="702" type="global mark" contextid="687" timestamp="2025-12-10T06:44:38.979">
<gc-op id="703" type="trace" timems="51.106" contextid="687" timestamp="2025-12-10T06:44:38.979">
  <trace bytesTraced="6871336" workStackOverflowCount="0" />
  <card-cleaning reason="card cleaning threshold reached" bytesTraced="25808" cardsCleaned="61" />
</gc-op>
</concurrent-end>

<exclusive-start id="704" timestamp="2025-12-10T06:44:38.981" intervalms="45.381">
  <response-info timems="0.040" idlems="0.040" threads="0" lastid="0000000000836400" lastname="Default Executor-thread-1" />
</exclusive-start>
<concurrent-global-final id="705" timestamp="2025-12-10T06:44:38.982" contextid="687" intervalms="276.591" >
  <concurrent-trace-info reason="card cleaning threshold reached" tracedByMutators="1279728" tracedByHelpers="5617416" cardsCleaned="61" workStackOverflowCount="0" />
</concurrent-global-final>
<gc-start id="706" type="global" contextid="687" timestamp="2025-12-10T06:44:38.983">
  <mem-info id="707" free="700032" total="22478848" percent="3">
    <mem type="nursery" free="0" total="9699328" percent="0">
      <mem type="allocate" free="0" total="7340032" percent="0" />
      <mem type="survivor" free="0" total="2359296" percent="0" />
    </mem>
    <mem type="tenure" free="700032" total="12779520" percent="5">
      <mem type="soa" free="61056" total="12140544" percent="0" />
      <mem type="loa" free="638976" total="638976" percent="100" />
    </mem>
    <remembered-set count="842" />
  </mem-info>
</gc-start>
<allocation-stats totalBytes="6211840" discardedBytes="352" >
  <allocated-bytes non-tlh="200" tlh="6211640" />
  <largest-consumer threadName="Default Executor-thread-1" threadId="0000000000836400" bytes="6211840" />
</allocation-stats>
<gc-op id="708" type="rs-scan" timems="1.648" contextid="687" timestamp="2025-12-10T06:44:38.985">
  <scan objectsFound="28306" bytesTraced="858716" workStackOverflowCount="0" />
</gc-op>
<gc-op id="709" type="card-cleaning" timems="0.407" contextid="687" timestamp="2025-12-10T06:44:38.986">
  <card-cleaning cardsCleaned="0" bytesTraced="0" workStackOverflowCount="0" />
</gc-op>
<gc-op id="710" type="mark" timems="2.418" contextid="687" timestamp="2025-12-10T06:44:38.988">
  <trace-info objectcount="2416" scancount="2136" scanbytes="59340" />
  <finalization candidates="730" enqueued="0" />
  <ownableSynchronizers candidates="624" cleared="2" />
  <references type="soft" candidates="4488" cleared="0" enqueued="0" dynamicThreshold="9" maxThreshold="32" />
  <references type="weak" candidates="1288" cleared="1" enqueued="1" />
  <references type="phantom" candidates="123" cleared="0" enqueued="0" />
  <stringconstants candidates="12649" cleared="0"  />
  <object-monitors candidates="17" cleared="0"  />
</gc-op>
<gc-op id="711" type="sweep" timems="0.892" contextid="687" timestamp="2025-12-10T06:44:38.990" />
<heap-resize id="712" type="expand" space="tenure" amount="3997696" count="1" timems="0.037" reason="insufficient free space following gc" timestamp="2025-12-10T06:44:38.990" />
<gc-end id="713" type="global" contextid="687" durationms="7.857" usertimems="13.009" systemtimems="7.164" stalltimems="22.015" timestamp="2025-12-10T06:44:38.990" activeThreads="10">
  <mem-info id="714" free="11026352" total="26476544" percent="41">
    <mem type="nursery" free="5958840" total="9699328" percent="61">
      <mem type="allocate" free="5958840" total="7340032" percent="81" />
      <mem type="survivor" free="0" total="2359296" percent="0" />
    </mem>
    <mem type="tenure" free="5067512" total="16777216" percent="30" micro-fragmented="199815" macro-fragmented="0">
      <mem type="soa" free="4227832" total="15937536" percent="26" />
      <mem type="loa" free="839680" total="839680" percent="100" />
    </mem>
    <pending-finalizers system="0" default="0" reference="1" classloader="0" />
    <remembered-set count="780" />
  </mem-info>
</gc-end>
<cycle-end id="715" type="global" contextid="687" timestamp="2025-12-10T06:44:38.991" />
<exclusive-end id="716" timestamp="2025-12-10T06:44:38.991" durationms="10.194" />

<exclusive-start id="717" timestamp="2025-12-10T06:44:39.001" intervalms="19.949">
  <response-info timems="0.045" idlems="0.045" threads="0" lastid="0000000000836400" lastname="Default Executor-thread-1" />
</exclusive-start>
<af-start id="718" threadId="0000000000836E78" totalBytesRequested="16" timestamp="2025-12-10T06:44:39.001" intervalms="65.175" type="nursery" />
<cycle-start id="719" type="scavenge" contextid="0" timestamp="2025-12-10T06:44:39.002" intervalms="65.037" />
<gc-start id="720" type="scavenge" contextid="719" timestamp="2025-12-10T06:44:39.002">
  <mem-info id="721" free="5067312" total="26476544" percent="19">
    <mem type="nursery" free="0" total="9699328" percent="0">
      <mem type="allocate" free="0" total="7340032" percent="0" />
      <mem type="survivor" free="0" total="2359296" percent="0" />
    </mem>
    <mem type="tenure" free="5067312" total="16777216" percent="30">
      <mem type="soa" free="4227632" total="15937536" percent="26" />
      <mem type="loa" free="839680" total="839680" percent="100" />
    </mem>
    <remembered-set count="796" />
  </mem-info>
</gc-start>
<allocation-stats totalBytes="5955520" discardedBytes="3520" >
  <allocated-bytes non-tlh="200" tlh="5955320" />
  <largest-consumer threadName="Default Executor-thread-1" threadId="0000000000836400" bytes="5955520" />
</allocation-stats>
<gc-op id="722" type="scavenge" timems="1.201" contextid="719" timestamp="2025-12-10T06:44:39.004">
  <scavenger-info tenureage="2" tenuremask="7004" tiltratio="75" />
  <memory-copied type="nursery" objects="25670" bytes="834688" bytesdiscarded="65616" />
  <memory-copied type="tenure" objects="12231" bytes="431608" bytesdiscarded="760" />
  <ownableSynchronizers candidates="1244" cleared="1244" />
  <references type="soft" candidates="7" cleared="0" enqueued="0" dynamicThreshold="9" maxThreshold="32" />
  <references type="weak" candidates="28" cleared="0" enqueued="0" />
  <object-monitors candidates="17" cleared="0"  />
</gc-op>
<gc-end id="723" type="scavenge" contextid="719" durationms="2.399" usertimems="4.132" systemtimems="0.000" stalltimems="0.817" timestamp="2025-12-10T06:44:39.004" activeThreads="4">
  <mem-info id="724" free="11188488" total="26476544" percent="42">
    <mem type="nursery" free="6636320" total="9699328" percent="68">
      <mem type="allocate" free="6636320" total="7536640" percent="88" />
      <mem type="survivor" free="0" total="2162688" percent="0" />
    </mem>
    <mem type="tenure" free="4552168" total="16777216" percent="27">
      <mem type="soa" free="3712488" total="15937536" percent="23" />
      <mem type="loa" free="839680" total="839680" percent="100" />
    </mem>
    <remembered-set count="701" />
  </mem-info>
</gc-end>
<cycle-end id="725" type="scavenge" contextid="719" timestamp="2025-12-10T06:44:39.005" />
<allocation-satisfied id="726" threadId="0000000000836400" bytesRequested="16" />
<af-end id="727" timestamp="2025-12-10T06:44:39.006" threadId="0000000000836E78" success="true" from="nursery"/>
<exclusive-end id="728" timestamp="2025-12-10T06:44:39.006" durationms="5.154" />

<exclusive-start id="729" timestamp="2025-12-10T06:44:39.017" intervalms="16.051">
  <response-info timems="0.039" idlems="0.039" threads="0" lastid="0000000000836400" lastname="Default Executor-thread-1" />
</exclusive-start>
<af-start id="730" threadId="0000000000836E78" totalBytesRequested="48" timestamp="2025-12-10T06:44:39.018" intervalms="16.336" type="nursery" />
<cycle-start id="731" type="scavenge" contextid="0" timestamp="2025-12-10T06:44:39.018" intervalms="16.679" />
<gc-start id="732" type="scavenge" contextid="731" timestamp="2025-12-10T06:44:39.019">
  <mem-info id="733" free="4551920" total="26476544" percent="17">
    <mem type="nursery" free="0" total="9699328" percent="0">
      <mem type="allocate" free="0" total="7536640" percent="0" />
      <mem type="survivor" free="0" total="2162688" percent="0" />
    </mem>
    <mem type="tenure" free="4551920" total="16777216" percent="27">
      <mem type="soa" free="3712240" total="15937536" percent="23" />
      <mem type="loa" free="839680" total="839680" percent="100" />
    </mem>
    <remembered-set count="709" />
  </mem-info>
</gc-start>
<allocation-stats totalBytes="6636328" discardedBytes="240" >
  <allocated-bytes non-tlh="264" tlh="6636064" />
  <largest-consumer threadName="Default Executor-thread-1" threadId="0000000000836400" bytes="6636328" />
</allocation-stats>
<gc-op id="734" type="scavenge" timems="2.070" contextid="731" timestamp="2025-12-10T06:44:39.022">
  <scavenger-info tenureage="2" tenuremask="7004" tiltratio="77" />
  <memory-copied type="nursery" objects="6042" bytes="208984" bytesdiscarded="18336" />
  <memory-copied type="tenure" objects="20303" bytes="646248" bytesdiscarded="1264" />
  <references type="weak" candidates="1" cleared="0" enqueued="0" />
  <object-monitors candidates="17" cleared="0"  />
</gc-op>
<heap-resize id="735" type="expand" space="nursery" amount="1048576" count="1" timems="0.024" reason="excessive time being spent scavenging" timestamp="2025-12-10T06:44:39.022" />
<gc-end id="736" type="scavenge" contextid="731" durationms="3.742" usertimems="4.617" systemtimems="0.000" stalltimems="3.328" timestamp="2025-12-10T06:44:39.023" activeThreads="4">
  <mem-info id="737" free="12147944" total="27525120" percent="44">
    <mem type="nursery" free="8292352" total="10747904" percent="77">
      <mem type="allocate" free="8292352" total="8519680" percent="97" />
      <mem type="survivor" free="0" total="2228224" percent="0" />
    </mem>
    <mem type="tenure" free="3855592" total="16777216" percent="22">
      <mem type="soa" free="3015912" total="15937536" percent="18" />
      <mem type="loa" free="839680" total="839680" percent="100" />
    </mem>
    <remembered-set count="390" />
  </mem-info>
</gc-end>
<cycle-end id="738" type="scavenge" contextid="731" timestamp="2025-12-10T06:44:39.023" />
<allocation-satisfied id="739" threadId="0000000000836400" bytesRequested="48" />
<af-end id="740" timestamp="2025-12-10T06:44:39.023" threadId="0000000000836E78" success="true" from="nursery"/>
<exclusive-end id="741" timestamp="2025-12-10T06:44:39.024" durationms="6.773" />

<exclusive-start id="742" timestamp="2025-12-10T06:44:39.045" intervalms="27.658">
  <response-info timems="0.038" idlems="0.038" threads="0" lastid="0000000000836400" lastname="Default Executor-thread-1" />
</exclusive-start>
<af-start id="743" threadId="0000000000836E78" totalBytesRequested="72" timestamp="2025-12-10T06:44:39.045" intervalms="27.703" type="nursery" />
<cycle-start id="744" type="scavenge" contextid="0" timestamp="2025-12-10T06:44:39.046" intervalms="27.581" />
<gc-start id="745" type="scavenge" contextid="744" timestamp="2025-12-10T06:44:39.047">
  <mem-info id="746" free="3855328" total="27525120" percent="14">
    <mem type="nursery" free="0" total="10747904" percent="0">
      <mem type="allocate" free="0" total="8519680" percent="0" />
      <mem type="survivor" free="0" total="2228224" percent="0" />
    </mem>
    <mem type="tenure" free="3855328" total="16777216" percent="22">
      <mem type="soa" free="3015648" total="15937536" percent="18" />
      <mem type="loa" free="839680" total="839680" percent="100" />
    </mem>
    <remembered-set count="647" />
  </mem-info>
</gc-start>
<allocation-stats totalBytes="8291912" discardedBytes="704" >
  <allocated-bytes non-tlh="312" tlh="8291600" />
  <largest-consumer threadName="Default Executor-thread-1" threadId="0000000000836400" bytes="8291912" />
</allocation-stats>
<gc-op id="747" type="scavenge" timems="0.997" contextid="744" timestamp="2025-12-10T06:44:39.048">
  <scavenger-info tenureage="2" tenuremask="6004" tiltratio="79" />
  <memory-copied type="nursery" objects="7933" bytes="216552" bytesdiscarded="25632" />
  <memory-copied type="tenure" objects="3277" bytes="97000" bytesdiscarded="16" />
  <references type="weak" candidates="4" cleared="3" enqueued="3" />
  <object-monitors candidates="17" cleared="0"  />
</gc-op>
<heap-resize id="748" type="expand" space="nursery" amount="524288" count="1" timems="0.036" reason="excessive time being spent scavenging" timestamp="2025-12-10T06:44:39.049" />
<gc-end id="749" type="scavenge" contextid="744" durationms="2.615" usertimems="1.547" systemtimems="0.499" stalltimems="1.903" timestamp="2025-12-10T06:44:39.049" activeThreads="4">
  <mem-info id="750" free="13016024" total="28049408" percent="46">
    <mem type="nursery" free="9260536" total="11272192" percent="82">
      <mem type="allocate" free="9260536" total="9502720" percent="97" />
      <mem type="survivor" free="0" total="1769472" percent="0" />
    </mem>
    <mem type="tenure" free="3755488" total="16777216" percent="22">
      <mem type="soa" free="2915808" total="15937536" percent="18" />
      <mem type="loa" free="839680" total="839680" percent="100" />
    </mem>
    <pending-finalizers system="0" default="0" reference="3" classloader="0" />
    <remembered-set count="583" />
  </mem-info>
</gc-end>
<cycle-end id="751" type="scavenge" contextid="744" timestamp="2025-12-10T06:44:39.050" />
<allocation-satisfied id="752" threadId="0000000000836400" bytesRequested="72" />
<af-end id="753" timestamp="2025-12-10T06:44:39.050" threadId="0000000000836E78" success="true" from="nursery"/>
<exclusive-end id="754" timestamp="2025-12-10T06:44:39.051" durationms="6.142" />

<exclusive-start id="755" timestamp="2025-12-10T06:44:39.067" intervalms="21.976">
  <response-info timems="0.039" idlems="0.039" threads="0" lastid="0000000000836400" lastname="Default Executor-thread-1" />
</exclusive-start>
<af-start id="756" threadId="0000000000836E78" totalBytesRequested="24" timestamp="2025-12-10T06:44:39.067" intervalms="21.954" type="nursery" />
<cycle-start id="757" type="scavenge" contextid="0" timestamp="2025-12-10T06:44:39.068" intervalms="21.851" />
<gc-start id="758" type="scavenge" contextid="757" timestamp="2025-12-10T06:44:39.068">
  <mem-info id="759" free="3755488" total="28049408" percent="13">
    <mem type="nursery" free="0" total="11272192" percent="0">
      <mem type="allocate" free="0" total="9502720" percent="0" />
      <mem type="survivor" free="0" total="1769472" percent="0" />
    </mem>
    <mem type="tenure" free="3755488" total="16777216" percent="22">
      <mem type="soa" free="2915808" total="15937536" percent="18" />
      <mem type="loa" free="839680" total="839680" percent="100" />
    </mem>
    <remembered-set count="622" />
  </mem-info>
</gc-start>
<allocation-stats totalBytes="9259912" discardedBytes="624" >
  <allocated-bytes non-tlh="72" tlh="9259840" />
  <largest-consumer threadName="Default Executor-thread-1" threadId="0000000000836400" bytes="9259912" />
</allocation-stats>
<gc-op id="760" type="scavenge" timems="0.976" contextid="757" timestamp="2025-12-10T06:44:39.070">
  <scavenger-info tenureage="14" tenuremask="4000" tiltratio="84" />
  <memory-copied type="nursery" objects="10135" bytes="278832" bytesdiscarded="35280" />
  <references type="weak" candidates="1" cleared="0" enqueued="0" />
  <object-monitors candidates="17" cleared="0"  />
</gc-op>
<heap-resize id="761" type="expand" space="nursery" amount="655360" count="1" timems="0.024" reason="excessive time being spent scavenging" timestamp="2025-12-10T06:44:39.071" />
<gc-end id="762" type="scavenge" contextid="757" durationms="2.781" usertimems="1.571" systemtimems="0.502" stalltimems="1.127" timestamp="2025-12-10T06:44:39.071" activeThreads="3">
  <mem-info id="763" free="13861600" total="28704768" percent="48">
    <mem type="nursery" free="10106112" total="11927552" percent="84">
      <mem type="allocate" free="10106112" total="10420224" percent="96" />
      <mem type="survivor" free="0" total="1507328" percent="0" />
    </mem>
    <mem type="tenure" free="3755488" total="16777216" percent="22">
      <mem type="soa" free="2915808" total="15937536" percent="18" />
      <mem type="loa" free="839680" total="839680" percent="100" />
    </mem>
    <remembered-set count="546" />
  </mem-info>
</gc-end>
<cycle-end id="764" type="scavenge" contextid="757" timestamp="2025-12-10T06:44:39.072" />
<allocation-satisfied id="765" threadId="0000000000836400" bytesRequested="24" />
<af-end id="766" timestamp="2025-12-10T06:44:39.072" threadId="0000000000836E78" success="true" from="nursery"/>
<exclusive-end id="767" timestamp="2025-12-10T06:44:39.073" durationms="6.064" />

<exclusive-start id="768" timestamp="2025-12-10T06:44:39.089" intervalms="22.889">
  <response-info timems="0.033" idlems="0.033" threads="0" lastid="0000000000836400" lastname="Default Executor-thread-1" />
</exclusive-start>
<af-start id="769" threadId="0000000000836E78" totalBytesRequested="24" timestamp="2025-12-10T06:44:39.090" intervalms="22.847" type="nursery" />
<cycle-start id="770" type="scavenge" contextid="0" timestamp="2025-12-10T06:44:39.091" intervalms="22.975" />
<gc-start id="771" type="scavenge" contextid="770" timestamp="2025-12-10T06:44:39.091">
  <mem-info id="772" free="3755488" total="28704768" percent="13">
    <mem type="nursery" free="0" total="11927552" percent="0">
      <mem type="allocate" free="0" total="10420224" percent="0" />
      <mem type="survivor" free="0" total="1507328" percent="0" />
    </mem>
    <mem type="tenure" free="3755488" total="16777216" percent="22">
      <mem type="soa" free="2915808" total="15937536" percent="18" />
      <mem type="loa" free="839680" total="839680" percent="100" />
    </mem>
    <remembered-set count="571" />
  </mem-info>
</gc-start>
<allocation-stats totalBytes="10105640" discardedBytes="472" >
  <allocated-bytes non-tlh="24" tlh="10105616" />
  <largest-consumer threadName="Default Executor-thread-1" threadId="0000000000836400" bytes="10105640" />
</allocation-stats>
<gc-op id="773" type="scavenge" timems="0.889" contextid="770" timestamp="2025-12-10T06:44:39.093">
  <scavenger-info tenureage="14" tenuremask="4000" tiltratio="87" />
  <memory-copied type="nursery" objects="12273" bytes="340488" bytesdiscarded="33528" />
  <references type="weak" candidates="1" cleared="0" enqueued="0" />
  <object-monitors candidates="17" cleared="0"  />
</gc-op>
<heap-resize id="774" type="expand" space="nursery" amount="655360" count="1" timems="0.055" reason="excessive time being spent scavenging" timestamp="2025-12-10T06:44:39.094" />
<gc-end id="775" type="scavenge" contextid="770" durationms="3.236" usertimems="1.483" systemtimems="0.475" stalltimems="0.963" timestamp="2025-12-10T06:44:39.094" activeThreads="3">
  <mem-info id="776" free="14653664" total="29360128" percent="49">
    <mem type="nursery" free="10898176" total="12582912" percent="86">
      <mem type="allocate" free="10898176" total="11272192" percent="96" />
      <mem type="survivor" free="0" total="1310720" percent="0" />
    </mem>
    <mem type="tenure" free="3755488" total="16777216" percent="22">
      <mem type="soa" free="2915808" total="15937536" percent="18" />
      <mem type="loa" free="839680" total="839680" percent="100" />
    </mem>
    <remembered-set count="565" />
  </mem-info>
</gc-end>
<cycle-end id="777" type="scavenge" contextid="770" timestamp="2025-12-10T06:44:39.095" />
<allocation-satisfied id="778" threadId="0000000000836400" bytesRequested="24" />
<af-end id="779" timestamp="2025-12-10T06:44:39.096" threadId="0000000000836E78" success="true" from="nursery"/>
<exclusive-end id="780" timestamp="2025-12-10T06:44:39.097" durationms="7.036" />

<exclusive-start id="781" timestamp="2025-12-10T06:44:39.113" intervalms="23.145">
  <response-info timems="0.029" idlems="0.029" threads="0" lastid="0000000000836400" lastname="Default Executor-thread-1" />
</exclusive-start>
<af-start id="782" threadId="0000000000836E78" totalBytesRequested="48" timestamp="2025-12-10T06:44:39.113" intervalms="23.249" type="nursery" />
<cycle-start id="783" type="scavenge" contextid="0" timestamp="2025-12-10T06:44:39.114" intervalms="23.146" />
<gc-start id="784" type="scavenge" contextid="783" timestamp="2025-12-10T06:44:39.114">
  <mem-info id="785" free="3755488" total="29360128" percent="12">
    <mem type="nursery" free="0" total="12582912" percent="0">
      <mem type="allocate" free="0" total="11272192" percent="0" />
      <mem type="survivor" free="0" total="1310720" percent="0" />
    </mem>
    <mem type="tenure" free="3755488" total="16777216" percent="22">
      <mem type="soa" free="2915808" total="15937536" percent="18" />
      <mem type="loa" free="839680" total="839680" percent="100" />
    </mem>
    <remembered-set count="566" />
  </mem-info>
</gc-start>
<allocation-stats totalBytes="10897712" discardedBytes="464" >
  <allocated-bytes non-tlh="24" tlh="10897688" />
  <largest-consumer threadName="Default Executor-thread-1" threadId="0000000000836400" bytes="10897712" />
</allocation-stats>
<gc-op id="786" type="scavenge" timems="0.836" contextid="783" timestamp="2025-12-10T06:44:39.116">
  <scavenger-info tenureage="3" tenuremask="4008" tiltratio="89" />
  <memory-copied type="nursery" objects="5142" bytes="150856" bytesdiscarded="58040" />
  <memory-copied type="tenure" objects="7260" bytes="194080" bytesdiscarded="112" />
  <references type="weak" candidates="1" cleared="0" enqueued="0" />
  <object-monitors candidates="17" cleared="0"  />
</gc-op>
<heap-resize id="787" type="expand" space="nursery" amount="524288" count="1" timems="0.045" reason="excessive time being spent scavenging" timestamp="2025-12-10T06:44:39.116" />
<gc-end id="788" type="scavenge" contextid="783" durationms="2.595" usertimems="1.303" systemtimems="0.413" stalltimems="0.312" timestamp="2025-12-10T06:44:39.117" activeThreads="2">
  <mem-info id="789" free="15047904" total="29884416" percent="50">
    <mem type="nursery" free="11522048" total="13107200" percent="87">
      <mem type="allocate" free="11522048" total="11730944" percent="98" />
      <mem type="survivor" free="0" total="1376256" percent="0" />
    </mem>
    <mem type="tenure" free="3525856" total="16777216" percent="21">
      <mem type="soa" free="2686176" total="15937536" percent="16" />
      <mem type="loa" free="839680" total="839680" percent="100" />
    </mem>
    <remembered-set count="352" />
  </mem-info>
</gc-end>
<cycle-end id="790" type="scavenge" contextid="783" timestamp="2025-12-10T06:44:39.117" />
<allocation-satisfied id="791" threadId="0000000000836400" bytesRequested="48" />
<af-end id="792" timestamp="2025-12-10T06:44:39.118" threadId="0000000000836E78" success="true" from="nursery"/>
<exclusive-end id="793" timestamp="2025-12-10T06:44:39.119" durationms="6.096" />

<exclusive-start id="794" timestamp="2025-12-10T06:44:39.138" intervalms="25.328">
  <response-info timems="0.042" idlems="0.042" threads="0" lastid="0000000000836400" lastname="Default Executor-thread-1" />
</exclusive-start>
<af-start id="795" threadId="0000000000836E78" totalBytesRequested="56" timestamp="2025-12-10T06:44:39.138" intervalms="25.022" type="nursery" />
<cycle-start id="796" type="scavenge" contextid="0" timestamp="2025-12-10T06:44:39.139" intervalms="25.002" />
<gc-start id="797" type="scavenge" contextid="796" timestamp="2025-12-10T06:44:39.139">
  <mem-info id="798" free="3525856" total="29884416" percent="11">
    <mem type="nursery" free="0" total="13107200" percent="0">
      <mem type="allocate" free="0" total="11730944" percent="0" />
      <mem type="survivor" free="0" total="1376256" percent="0" />
    </mem>
    <mem type="tenure" free="3525856" total="16777216" percent="21">
      <mem type="soa" free="2686176" total="15937536" percent="16" />
      <mem type="loa" free="839680" total="839680" percent="100" />
    </mem>
    <remembered-set count="353" />
  </mem-info>
</gc-start>
<allocation-stats totalBytes="11521496" discardedBytes="552" >
  <allocated-bytes non-tlh="48" tlh="11521448" />
  <largest-consumer threadName="Default Executor-thread-1" threadId="0000000000836400" bytes="11521496" />
</allocation-stats>
<gc-op id="799" type="scavenge" timems="0.726" contextid="796" timestamp="2025-12-10T06:44:39.141">
  <scavenger-info tenureage="14" tenuremask="4000" tiltratio="89" />
  <memory-copied type="nursery" objects="5548" bytes="165440" bytesdiscarded="21952" />
  <references type="weak" candidates="1" cleared="0" enqueued="0" />
  <object-monitors candidates="17" cleared="0"  />
</gc-op>
<gc-end id="800" type="scavenge" contextid="796" durationms="1.979" usertimems="1.019" systemtimems="0.320" stalltimems="0.544" timestamp="2025-12-10T06:44:39.141" activeThreads="2">
  <mem-info id="801" free="15134944" total="29884416" percent="50">
    <mem type="nursery" free="11609088" total="13107200" percent="88">
      <mem type="allocate" free="11609088" total="11796480" percent="98" />
      <mem type="survivor" free="0" total="1310720" percent="0" />
    </mem>
    <mem type="tenure" free="3525856" total="16777216" percent="21">
      <mem type="soa" free="2686176" total="15937536" percent="16" />
      <mem type="loa" free="839680" total="839680" percent="100" />
    </mem>
    <remembered-set count="352" />
  </mem-info>
</gc-end>
<cycle-end id="802" type="scavenge" contextid="796" timestamp="2025-12-10T06:44:39.142" />
<allocation-satisfied id="803" threadId="0000000000836400" bytesRequested="56" />
<af-end id="804" timestamp="2025-12-10T06:44:39.142" threadId="0000000000836E78" success="true" from="nursery"/>
<exclusive-end id="805" timestamp="2025-12-10T06:44:39.142" durationms="4.491" />

<exclusive-start id="806" timestamp="2025-12-10T06:44:39.161" intervalms="22.883">
  <response-info timems="0.039" idlems="0.039" threads="0" lastid="0000000000836400" lastname="Default Executor-thread-1" />
</exclusive-start>
<af-start id="807" threadId="0000000000836E78" totalBytesRequested="32" timestamp="2025-12-10T06:44:39.161" intervalms="22.931" type="nursery" />
<cycle-start id="808" type="scavenge" contextid="0" timestamp="2025-12-10T06:44:39.162" intervalms="22.910" />
<gc-start id="809" type="scavenge" contextid="808" timestamp="2025-12-10T06:44:39.162">
  <mem-info id="810" free="3525856" total="29884416" percent="11">
    <mem type="nursery" free="0" total="13107200" percent="0">
      <mem type="allocate" free="0" total="11796480" percent="0" />
      <mem type="survivor" free="0" total="1310720" percent="0" />
    </mem>
    <mem type="tenure" free="3525856" total="16777216" percent="21">
      <mem type="soa" free="2686176" total="15937536" percent="16" />
      <mem type="loa" free="839680" total="839680" percent="100" />
    </mem>
    <remembered-set count="355" />
  </mem-info>
</gc-start>
<allocation-stats totalBytes="11608624" discardedBytes="464" >
  <allocated-bytes non-tlh="56" tlh="11608568" />
  <largest-consumer threadName="Default Executor-thread-1" threadId="0000000000836400" bytes="11608624" />
</allocation-stats>
<gc-op id="811" type="scavenge" timems="0.579" contextid="808" timestamp="2025-12-10T06:44:39.163">
  <scavenger-info tenureage="4" tenuremask="4050" tiltratio="90" />
  <memory-copied type="nursery" objects="3165" bytes="97296" bytesdiscarded="29424" />
  <memory-copied type="tenure" objects="2611" bytes="75456" bytesdiscarded="768" />
  <object-monitors candidates="17" cleared="0"  />
</gc-op>
<heap-resize id="812" type="expand" space="nursery" amount="655360" count="1" timems="0.023" reason="excessive time being spent scavenging" timestamp="2025-12-10T06:44:39.164" />
<gc-end id="813" type="scavenge" contextid="808" durationms="2.089" usertimems="0.000" systemtimems="1.443" stalltimems="0.165" timestamp="2025-12-10T06:44:39.164" activeThreads="2">
  <mem-info id="814" free="15720928" total="30539776" percent="51">
    <mem type="nursery" free="12259584" total="13762560" percent="89">
      <mem type="allocate" free="12259584" total="12386304" percent="98" />
      <mem type="survivor" free="0" total="1376256" percent="0" />
    </mem>
    <mem type="tenure" free="3461344" total="16777216" percent="20">
      <mem type="soa" free="2621664" total="15937536" percent="16" />
      <mem type="loa" free="839680" total="839680" percent="100" />
    </mem>
    <remembered-set count="317" />
  </mem-info>
</gc-end>
<cycle-end id="815" type="scavenge" contextid="808" timestamp="2025-12-10T06:44:39.165" />
<allocation-satisfied id="816" threadId="0000000000836400" bytesRequested="32" />
<af-end id="817" timestamp="2025-12-10T06:44:39.165" threadId="0000000000836E78" success="true" from="nursery"/>
<exclusive-end id="818" timestamp="2025-12-10T06:44:39.165" durationms="4.598" />

<exclusive-start id="819" timestamp="2025-12-10T06:44:39.188" intervalms="27.144">
  <response-info timems="0.033" idlems="0.033" threads="0" lastid="0000000000836400" lastname="Default Executor-thread-1" />
</exclusive-start>
<af-start id="820" threadId="0000000000836E78" totalBytesRequested="72" timestamp="2025-12-10T06:44:39.188" intervalms="27.006" type="nursery" />
<cycle-start id="821" type="scavenge" contextid="0" timestamp="2025-12-10T06:44:39.189" intervalms="26.875" />
<gc-start id="822" type="scavenge" contextid="821" timestamp="2025-12-10T06:44:39.189">
  <mem-info id="823" free="3461344" total="30539776" percent="11">
    <mem type="nursery" free="0" total="13762560" percent="0">
      <mem type="allocate" free="0" total="12386304" percent="0" />
      <mem type="survivor" free="0" total="1376256" percent="0" />
    </mem>
    <mem type="tenure" free="3461344" total="16777216" percent="20">
      <mem type="soa" free="2621664" total="15937536" percent="16" />
      <mem type="loa" free="839680" total="839680" percent="100" />
    </mem>
    <remembered-set count="332" />
  </mem-info>
</gc-start>
<allocation-stats totalBytes="12259008" discardedBytes="576" >
  <allocated-bytes non-tlh="32" tlh="12258976" />
  <largest-consumer threadName="Default Executor-thread-1" threadId="0000000000836400" bytes="12259008" />
</allocation-stats>
<gc-op id="824" type="scavenge" timems="0.502" contextid="821" timestamp="2025-12-10T06:44:39.190">
  <scavenger-info tenureage="4" tenuremask="4010" tiltratio="90" />
  <memory-copied type="nursery" objects="764" bytes="24672" bytesdiscarded="4512" />
  <memory-copied type="tenure" objects="1930" bytes="54280" bytesdiscarded="80" />
  <object-monitors candidates="17" cleared="0"  />
</gc-op>
<gc-end id="825" type="scavenge" contextid="821" durationms="1.345" usertimems="0.678" systemtimems="0.209" stalltimems="0.204" timestamp="2025-12-10T06:44:39.190" activeThreads="2">
  <mem-info id="826" free="15760096" total="30539776" percent="51">
    <mem type="nursery" free="12357120" total="13762560" percent="89">
      <mem type="allocate" free="12357120" total="12386304" percent="99" />
      <mem type="survivor" free="0" total="1376256" percent="0" />
    </mem>
    <mem type="tenure" free="3402976" total="16777216" percent="20">
      <mem type="soa" free="2563296" total="15937536" percent="16" />
      <mem type="loa" free="839680" total="839680" percent="100" />
    </mem>
    <remembered-set count="271" />
  </mem-info>
</gc-end>
<cycle-end id="827" type="scavenge" contextid="821" timestamp="2025-12-10T06:44:39.191" />
<allocation-satisfied id="828" threadId="0000000000836400" bytesRequested="72" />
<af-end id="829" timestamp="2025-12-10T06:44:39.191" threadId="0000000000836E78" success="true" from="nursery"/>
<exclusive-end id="830" timestamp="2025-12-10T06:44:39.192" durationms="3.650" />

<exclusive-start id="831" timestamp="2025-12-10T06:44:39.228" intervalms="39.524">
  <response-info timems="0.042" idlems="0.042" threads="0" lastid="0000000000836400" lastname="Default Executor-thread-1" />
</exclusive-start>
<af-start id="832" threadId="0000000000836E78" totalBytesRequested="248" timestamp="2025-12-10T06:44:39.228" intervalms="39.600" type="nursery" />
<cycle-start id="833" type="scavenge" contextid="0" timestamp="2025-12-10T06:44:39.228" intervalms="39.644" />
<gc-start id="834" type="scavenge" contextid="833" timestamp="2025-12-10T06:44:39.229">
  <mem-info id="835" free="3392280" total="30539776" percent="11">
    <mem type="nursery" free="0" total="13762560" percent="0">
      <mem type="allocate" free="0" total="12386304" percent="0" />
      <mem type="survivor" free="0" total="1376256" percent="0" />
    </mem>
    <mem type="tenure" free="3392280" total="16777216" percent="20">
      <mem type="soa" free="2552600" total="15937536" percent="16" />
      <mem type="loa" free="839680" total="839680" percent="100" />
    </mem>
    <remembered-set count="2908" />
  </mem-info>
</gc-start>
<allocation-stats totalBytes="12366840" discardedBytes="976" >
  <allocated-bytes non-tlh="10768" tlh="12356072" />
  <largest-consumer threadName="Default Executor-thread-1" threadId="0000000000836400" bytes="12366840" />
</allocation-stats>
<gc-op id="836" type="scavenge" timems="1.011" contextid="833" timestamp="2025-12-10T06:44:39.231">
  <scavenger-info tenureage="6" tenuremask="ffc0" tiltratio="90" />
  <memory-copied type="nursery" objects="25023" bytes="758624" bytesdiscarded="14456" />
  <references type="soft" candidates="2" cleared="0" enqueued="0" dynamicThreshold="9" maxThreshold="32" />
  <references type="weak" candidates="43" cleared="34" enqueued="34" />
  <object-monitors candidates="17" cleared="0"  />
</gc-op>
<gc-end id="837" type="scavenge" contextid="833" durationms="2.206" usertimems="2.046" systemtimems="0.000" stalltimems="0.221" timestamp="2025-12-10T06:44:39.231" activeThreads="2">
  <mem-info id="838" free="14743056" total="30539776" percent="48">
    <mem type="nursery" free="11350776" total="13762560" percent="82">
      <mem type="allocate" free="11350776" total="12124160" percent="93" />
      <mem type="survivor" free="0" total="1638400" percent="0" />
    </mem>
    <mem type="tenure" free="3392280" total="16777216" percent="20">
      <mem type="soa" free="2552600" total="15937536" percent="16" />
      <mem type="loa" free="839680" total="839680" percent="100" />
    </mem>
    <pending-finalizers system="0" default="0" reference="34" classloader="0" />
    <remembered-set count="1856" />
  </mem-info>
</gc-end>
<cycle-end id="839" type="scavenge" contextid="833" timestamp="2025-12-10T06:44:39.231" />
<allocation-satisfied id="840" threadId="0000000000836400" bytesRequested="248" />
<af-end id="841" timestamp="2025-12-10T06:44:39.232" threadId="0000000000836E78" success="true" from="nursery"/>
<exclusive-end id="842" timestamp="2025-12-10T06:44:39.232" durationms="4.882" />

<exclusive-start id="843" timestamp="2025-12-10T06:44:39.342" intervalms="114.531">
  <response-info timems="0.026" idlems="0.026" threads="0" lastid="0000000000836400" lastname="Default Executor-thread-1" />
</exclusive-start>
<af-start id="844" threadId="0000000000836E78" totalBytesRequested="4768" timestamp="2025-12-10T06:44:39.342" intervalms="114.556" type="nursery" />
<cycle-start id="845" type="scavenge" contextid="0" timestamp="2025-12-10T06:44:39.343" intervalms="114.528" />
<gc-start id="846" type="scavenge" contextid="845" timestamp="2025-12-10T06:44:39.343">
  <mem-info id="847" free="3390880" total="30539776" percent="11">
    <mem type="nursery" free="0" total="13762560" percent="0">
      <mem type="allocate" free="0" total="12124160" percent="0" />
      <mem type="survivor" free="0" total="1638400" percent="0" />
    </mem>
    <mem type="tenure" free="3390880" total="16777216" percent="20">
      <mem type="soa" free="2551200" total="15937536" percent="16" />
      <mem type="loa" free="839680" total="839680" percent="100" />
    </mem>
    <remembered-set count="2374" />
  </mem-info>
</gc-start>
<allocation-stats totalBytes="11346656" discardedBytes="5520" >
  <allocated-bytes non-tlh="420632" tlh="10926024" />
  <largest-consumer threadName="Default Executor-thread-1" threadId="0000000000836400" bytes="11272912" />
</allocation-stats>
<gc-op id="848" type="scavenge" timems="1.972" contextid="845" timestamp="2025-12-10T06:44:39.346">
  <scavenger-info tenureage="5" tenuremask="ffe0" tiltratio="88" />
  <memory-copied type="nursery" objects="24764" bytes="1635944" bytesdiscarded="1008" />
  <memory-copied type="tenure" objects="19834" bytes="611536" bytesdiscarded="368" />
  <copy-failed type="nursery" objects="19765" bytes="609768" />
  <ownableSynchronizers candidates="176" cleared="102" />
  <references type="weak" candidates="23" cleared="6" enqueued="6" />
  <references type="phantom" candidates="107" cleared="0" enqueued="0" />
  <object-monitors candidates="19" cleared="0"  />
</gc-op>
<gc-end id="849" type="scavenge" contextid="845" durationms="3.403" usertimems="2.653" systemtimems="0.793" stalltimems="0.790" timestamp="2025-12-10T06:44:39.347" activeThreads="2">
  <mem-info id="850" free="10207640" total="30539776" percent="33">
    <mem type="nursery" free="7471104" total="13762560" percent="54">
      <mem type="allocate" free="7471104" total="9109504" percent="82" />
      <mem type="survivor" free="0" total="4653056" percent="0" />
    </mem>
    <mem type="tenure" free="2736536" total="16777216" percent="16">
      <mem type="soa" free="1896856" total="15937536" percent="11" />
      <mem type="loa" free="839680" total="839680" percent="100" />
    </mem>
    <pending-finalizers system="0" default="0" reference="6" classloader="0" />
    <remembered-set count="2783" />
  </mem-info>
</gc-end>
<cycle-end id="851" type="scavenge" contextid="845" timestamp="2025-12-10T06:44:39.347" />
<allocation-satisfied id="852" threadId="0000000000836400" bytesRequested="4768" />
<af-end id="853" timestamp="2025-12-10T06:44:39.348" threadId="0000000000836E78" success="true" from="nursery"/>
<exclusive-end id="854" timestamp="2025-12-10T06:44:39.349" durationms="6.580" />

<exclusive-start id="855" timestamp="2025-12-10T06:44:39.370" intervalms="28.408">
  <response-info timems="0.025" idlems="0.025" threads="0" lastid="0000000000836400" lastname="Default Executor-thread-1" />
</exclusive-start>
<af-start id="856" threadId="0000000000836E78" totalBytesRequested="16392" timestamp="2025-12-10T06:44:39.371" intervalms="28.752" type="nursery" />
<cycle-start id="857" type="scavenge" contextid="0" timestamp="2025-12-10T06:44:39.372" intervalms="28.843" />
<gc-start id="858" type="scavenge" contextid="857" timestamp="2025-12-10T06:44:39.372">
  <mem-info id="859" free="2736104" total="30539776" percent="8">
    <mem type="nursery" free="0" total="13762560" percent="0">
      <mem type="allocate" free="0" total="9109504" percent="0" />
      <mem type="survivor" free="0" total="4653056" percent="0" />
    </mem>
    <mem type="tenure" free="2736104" total="16777216" percent="16">
      <mem type="soa" free="1896424" total="15937536" percent="11" />
      <mem type="loa" free="839680" total="839680" percent="100" />
    </mem>
    <remembered-set count="3070" />
  </mem-info>
</gc-start>
<allocation-stats totalBytes="7458448" discardedBytes="13088" >
  <allocated-bytes non-tlh="5200" tlh="7453248" />
  <largest-consumer threadName="Default Executor-thread-1" threadId="0000000000836400" bytes="7409320" />
</allocation-stats>
<gc-op id="860" type="scavenge" timems="1.641" contextid="857" timestamp="2025-12-10T06:44:39.375">
  <scavenger-info tenureage="3" tenuremask="ffb8" tiltratio="66" />
  <memory-copied type="nursery" objects="42735" bytes="2796152" bytesdiscarded="13712" />
  <memory-copied type="tenure" objects="190" bytes="5872" bytesdiscarded="0" />
  <ownableSynchronizers candidates="214" cleared="84" />
  <references type="weak" candidates="17" cleared="0" enqueued="0" />
  <references type="phantom" candidates="191" cleared="0" enqueued="0" />
  <object-monitors candidates="19" cleared="0"  />
</gc-op>
<heap-resize id="861" type="expand" space="nursery" amount="786432" count="1" timems="0.024" reason="excessive time being spent scavenging" timestamp="2025-12-10T06:44:39.375" />
<gc-end id="862" type="scavenge" contextid="857" durationms="3.373" usertimems="2.760" systemtimems="0.813" stalltimems="0.176" timestamp="2025-12-10T06:44:39.376" activeThreads="2">
  <mem-info id="863" free="9950728" total="31326208" percent="31">
    <mem type="nursery" free="7214624" total="14548992" percent="49">
      <mem type="allocate" free="7214624" total="10027008" percent="71" />
      <mem type="survivor" free="0" total="4521984" percent="0" />
    </mem>
    <mem type="tenure" free="2736104" total="16777216" percent="16">
      <mem type="soa" free="1896424" total="15937536" percent="11" />
      <mem type="loa" free="839680" total="839680" percent="100" />
    </mem>
    <remembered-set count="2704" />
  </mem-info>
</gc-end>
<cycle-end id="864" type="scavenge" contextid="857" timestamp="2025-12-10T06:44:39.376" />
<allocation-satisfied id="865" threadId="0000000000836400" bytesRequested="16392" />
<af-end id="866" timestamp="2025-12-10T06:44:39.377" threadId="0000000000836E78" success="true" from="nursery"/>
<exclusive-end id="867" timestamp="2025-12-10T06:44:39.377" durationms="7.030" />

<exclusive-start id="868" timestamp="2025-12-10T06:44:39.421" intervalms="50.530">
  <response-info timems="0.029" idlems="0.029" threads="0" lastid="0000000000836400" lastname="Default Executor-thread-1" />
</exclusive-start>
<af-start id="869" threadId="0000000000836E78" totalBytesRequested="24" timestamp="2025-12-10T06:44:39.422" intervalms="50.339" type="nursery" />
<cycle-start id="870" type="scavenge" contextid="0" timestamp="2025-12-10T06:44:39.422" intervalms="50.518" />
<gc-start id="871" type="scavenge" contextid="870" timestamp="2025-12-10T06:44:39.423">
  <mem-info id="872" free="2735784" total="31326208" percent="8">
    <mem type="nursery" free="0" total="14548992" percent="0">
      <mem type="allocate" free="0" total="10027008" percent="0" />
      <mem type="survivor" free="0" total="4521984" percent="0" />
    </mem>
    <mem type="tenure" free="2735784" total="16777216" percent="16">
      <mem type="soa" free="1896104" total="15937536" percent="11" />
      <mem type="loa" free="839680" total="839680" percent="100" />
    </mem>
    <remembered-set count="2948" />
  </mem-info>
</gc-start>
<allocation-stats totalBytes="7212824" discardedBytes="2120" >
  <allocated-bytes non-tlh="362552" tlh="6850272" />
  <largest-consumer threadName="Default Executor-thread-1" threadId="0000000000836400" bytes="7159600" />
</allocation-stats>
<gc-op id="873" type="scavenge" timems="2.106" contextid="870" timestamp="2025-12-10T06:44:39.426">
  <scavenger-info tenureage="3" tenuremask="ff88" tiltratio="68" />
  <memory-copied type="nursery" objects="51996" bytes="3946960" bytesdiscarded="46528" />
  <memory-copied type="tenure" objects="5478" bytes="154704" bytesdiscarded="16" />
  <ownableSynchronizers candidates="240" cleared="66" />
  <references type="weak" candidates="8" cleared="0" enqueued="0" />
  <references type="phantom" candidates="256" cleared="0" enqueued="0" />
  <object-monitors candidates="20" cleared="0"  />
</gc-op>
<gc-end id="874" type="scavenge" contextid="870" durationms="3.555" usertimems="3.447" systemtimems="1.005" stalltimems="0.160" timestamp="2025-12-10T06:44:39.426" activeThreads="2">
  <mem-info id="875" free="7159752" total="31326208" percent="22">
    <mem type="nursery" free="4588320" total="14548992" percent="31">
      <mem type="allocate" free="4588320" total="8585216" percent="53" />
      <mem type="survivor" free="0" total="5963776" percent="0" />
    </mem>
    <mem type="tenure" free="2571432" total="16777216" percent="15">
      <mem type="soa" free="1731752" total="15937536" percent="10" />
      <mem type="loa" free="839680" total="839680" percent="100" />
    </mem>
    <remembered-set count="806" />
  </mem-info>
</gc-end>
<cycle-end id="876" type="scavenge" contextid="870" timestamp="2025-12-10T06:44:39.427" />
<allocation-satisfied id="877" threadId="0000000000836400" bytesRequested="24" />
<af-end id="878" timestamp="2025-12-10T06:44:39.427" threadId="0000000000836E78" success="true" from="nursery"/>
<exclusive-end id="879" timestamp="2025-12-10T06:44:39.428" durationms="6.643" />

<exclusive-start id="880" timestamp="2025-12-10T06:44:39.442" intervalms="20.963">
  <response-info timems="0.036" idlems="0.036" threads="0" lastid="0000000000836400" lastname="Default Executor-thread-1" />
</exclusive-start>
<af-start id="881" threadId="0000000000836E78" totalBytesRequested="40" timestamp="2025-12-10T06:44:39.443" intervalms="21.103" type="nursery" />
<cycle-start id="882" type="scavenge" contextid="0" timestamp="2025-12-10T06:44:39.443" intervalms="21.070" />
<gc-start id="883" type="scavenge" contextid="882" timestamp="2025-12-10T06:44:39.444">
  <mem-info id="884" free="2571288" total="31326208" percent="8">
    <mem type="nursery" free="0" total="14548992" percent="0">
      <mem type="allocate" free="0" total="8585216" percent="0" />
      <mem type="survivor" free="0" total="5963776" percent="0" />
    </mem>
    <mem type="tenure" free="2571288" total="16777216" percent="15">
      <mem type="soa" free="1731608" total="15937536" percent="10" />
      <mem type="loa" free="839680" total="839680" percent="100" />
    </mem>
    <remembered-set count="1000" />
  </mem-info>
</gc-start>
<allocation-stats totalBytes="4587936" discardedBytes="528" >
  <allocated-bytes non-tlh="168" tlh="4587768" />
  <largest-consumer threadName="Default Executor-thread-1" threadId="0000000000836400" bytes="4534712" />
</allocation-stats>
<gc-op id="885" type="scavenge" timems="2.726" contextid="882" timestamp="2025-12-10T06:44:39.447">
  <scavenger-info tenureage="3" tenuremask="ffe8" tiltratio="59" />
  <memory-copied type="nursery" objects="44311" bytes="3127728" bytesdiscarded="20376" />
  <memory-copied type="tenure" objects="18783" bytes="1323952" bytesdiscarded="464" />
  <ownableSynchronizers candidates="301" cleared="75" />
  <references type="weak" candidates="2" cleared="0" enqueued="0" />
  <references type="phantom" candidates="225" cleared="0" enqueued="0" />
  <object-monitors candidates="20" cleared="0"  />
</gc-op>
<heap-resize id="886" type="expand" space="nursery" amount="1572864" count="1" timems="0.026" reason="excessive time being spent scavenging" timestamp="2025-12-10T06:44:39.448" />
<gc-end id="887" type="scavenge" contextid="882" durationms="4.543" usertimems="2.164" systemtimems="3.732" stalltimems="0.261" timestamp="2025-12-10T06:44:39.448" activeThreads="2">
  <mem-info id="888" free="7727984" total="32899072" percent="23">
    <mem type="nursery" free="6548216" total="16121856" percent="40">
      <mem type="allocate" free="6548216" total="9699328" percent="67" />
      <mem type="survivor" free="0" total="6422528" percent="0" />
    </mem>
    <mem type="tenure" free="1179768" total="16777216" percent="7">
      <mem type="soa" free="340088" total="15937536" percent="2" />
      <mem type="loa" free="839680" total="839680" percent="100" />
    </mem>
    <remembered-set count="813" />
  </mem-info>
</gc-end>
<cycle-end id="889" type="scavenge" contextid="882" timestamp="2025-12-10T06:44:39.449" />
<allocation-satisfied id="890" threadId="0000000000836400" bytesRequested="40" />
<af-end id="891" timestamp="2025-12-10T06:44:39.449" threadId="0000000000836E78" success="true" from="nursery"/>
<exclusive-end id="892" timestamp="2025-12-10T06:44:39.450" durationms="7.707" />

<concurrent-kickoff id="893" timestamp="2025-12-10T06:44:39.466">
  <kickoff reason="threshold reached" targetBytes="6633502" thresholdFreeBytes="918787"  remainingFree="898424" tenureFreeBytes="1179704" nurseryFreeBytes="898424" />
</concurrent-kickoff>
<exclusive-start id="894" timestamp="2025-12-10T06:44:39.467" intervalms="24.598">
  <response-info timems="0.030" idlems="0.030" threads="0" lastid="0000000000836400" lastname="Default Executor-thread-1" />
</exclusive-start>
<cycle-start id="895" type="global" contextid="0" timestamp="2025-12-10T06:44:39.467" intervalms="539.281" />
<concurrent-start id="896" type="global mark" contextid="895" timestamp="2025-12-10T06:44:39.468">
</concurrent-start>
<exclusive-end id="897" timestamp="2025-12-10T06:44:39.468" durationms="1.645" />

<exclusive-start id="898" timestamp="2025-12-10T06:44:39.479" intervalms="12.890">
  <response-info timems="0.034" idlems="0.034" threads="0" lastid="0000000000836400" lastname="Default Executor-thread-1" />
</exclusive-start>
<af-start id="899" threadId="0000000000836E78" totalBytesRequested="880" timestamp="2025-12-10T06:44:39.480" intervalms="37.290" type="nursery" />
<cycle-start id="900" type="scavenge" contextid="0" timestamp="2025-12-10T06:44:39.480" intervalms="37.268" />
<gc-start id="901" type="scavenge" contextid="900" timestamp="2025-12-10T06:44:39.481">
  <mem-info id="902" free="1179704" total="32899072" percent="3">
    <mem type="nursery" free="0" total="16121856" percent="0">
      <mem type="allocate" free="0" total="9699328" percent="0" />
      <mem type="survivor" free="0" total="6422528" percent="0" />
    </mem>
    <mem type="tenure" free="1179704" total="16777216" percent="7">
      <mem type="soa" free="340024" total="15937536" percent="2" />
      <mem type="loa" free="839680" total="839680" percent="100" />
    </mem>
    <remembered-set count="1149" />
  </mem-info>
</gc-start>
<allocation-stats totalBytes="6545544" discardedBytes="2736" >
  <allocated-bytes non-tlh="132584" tlh="6412960" />
  <largest-consumer threadName="Default Executor-thread-1" threadId="0000000000836400" bytes="6467928" />
</allocation-stats>
<gc-op id="903" type="scavenge" timems="2.226" contextid="900" timestamp="2025-12-10T06:44:39.484">
  <scavenger-info tenureage="3" tenuremask="ffe8" tiltratio="60" />
  <memory-copied type="nursery" objects="44027" bytes="3113848" bytesdiscarded="9224" />
  <memory-copied type="tenure" objects="17877" bytes="1025488" bytesdiscarded="328" />
  <ownableSynchronizers candidates="336" cleared="111" />
  <references type="weak" candidates="2" cleared="0" enqueued="0" />
  <references type="phantom" candidates="252" cleared="0" enqueued="0" />
  <object-monitors candidates="20" cleared="0"  />
  <heap-resize type="expand" space="tenure" amount="720896" count="11" timems="0.238" reason="continue current collection" />
</gc-op>
<heap-resize id="904" type="expand" space="nursery" amount="786432" count="1" timems="0.019" reason="excessive time being spent scavenging" timestamp="2025-12-10T06:44:39.485" />
<gc-end id="905" type="scavenge" contextid="900" durationms="4.217" usertimems="0.000" systemtimems="6.413" stalltimems="0.876" timestamp="2025-12-10T06:44:39.485" activeThreads="3">
  <mem-info id="906" free="9021272" total="34406400" percent="26">
    <mem type="nursery" free="8145752" total="16908288" percent="48">
      <mem type="allocate" free="8145752" total="11272192" percent="72" />
      <mem type="survivor" free="0" total="5636096" percent="0" />
    </mem>
    <mem type="tenure" free="875520" total="17498112" percent="5">
      <mem type="soa" free="0" total="16622592" percent="0" />
      <mem type="loa" free="875520" total="875520" percent="100" />
    </mem>
    <remembered-set count="947" />
  </mem-info>
</gc-end>
<cycle-end id="907" type="scavenge" contextid="900" timestamp="2025-12-10T06:44:39.486" />
<allocation-satisfied id="908" threadId="0000000000836400" bytesRequested="880" />
<af-end id="909" timestamp="2025-12-10T06:44:39.486" threadId="0000000000836E78" success="true" from="nursery"/>
<exclusive-end id="910" timestamp="2025-12-10T06:44:39.487" durationms="7.419" />

<concurrent-end id="911" type="global mark" contextid="895" timestamp="2025-12-10T06:44:39.487">
<gc-op id="912" type="trace" timems="19.836" contextid="895" timestamp="2025-12-10T06:44:39.487">
  <trace bytesTraced="8632120" workStackOverflowCount="0" />
  <card-cleaning reason="card cleaning threshold reached" bytesTraced="7120" cardsCleaned="29" />
</gc-op>
</concurrent-end>

<exclusive-start id="913" timestamp="2025-12-10T06:44:39.488" intervalms="8.852">
  <response-info timems="0.028" idlems="0.028" threads="0" lastid="0000000000836400" lastname="Default Executor-thread-1" />
</exclusive-start>
<concurrent-global-final id="914" timestamp="2025-12-10T06:44:39.489" contextid="895" intervalms="507.100" >
  <concurrent-trace-info reason="card cleaning threshold reached" tracedByMutators="2923432" tracedByHelpers="5715808" cardsCleaned="29" workStackOverflowCount="0" />
</concurrent-global-final>
<gc-start id="915" type="global" contextid="895" timestamp="2025-12-10T06:44:39.489">
  <mem-info id="916" free="8872936" total="34406400" percent="25">
    <mem type="nursery" free="7997416" total="16908288" percent="47">
      <mem type="allocate" free="7997416" total="11272192" percent="70" />
      <mem type="survivor" free="0" total="5636096" percent="0" />
    </mem>
    <mem type="tenure" free="875520" total="17498112" percent="5">
      <mem type="soa" free="0" total="16622592" percent="0" />
      <mem type="loa" free="875520" total="875520" percent="100" />
    </mem>
    <remembered-set count="947" />
  </mem-info>
</gc-start>
<allocation-stats totalBytes="148336" discardedBytes="0" >
  <allocated-bytes non-tlh="880" tlh="147456" />
  <largest-consumer threadName="Default Executor-thread-1" threadId="0000000000836400" bytes="148336" />
</allocation-stats>
<gc-op id="917" type="rs-scan" timems="1.284" contextid="895" timestamp="2025-12-10T06:44:39.492">
  <scan objectsFound="45219" bytesTraced="1346416" workStackOverflowCount="0" />
</gc-op>
<gc-op id="918" type="card-cleaning" timems="1.072" contextid="895" timestamp="2025-12-10T06:44:39.493">
  <card-cleaning cardsCleaned="71" bytesTraced="330236" workStackOverflowCount="0" />
</gc-op>
<gc-op id="919" type="mark" timems="4.013" contextid="895" timestamp="2025-12-10T06:44:39.498">
  <trace-info objectcount="197" scancount="191" scanbytes="4088" />
  <finalization candidates="730" enqueued="0" />
  <ownableSynchronizers candidates="920" cleared="2" />
  <references type="soft" candidates="4490" cleared="0" enqueued="0" dynamicThreshold="9" maxThreshold="32" />
  <references type="weak" candidates="1308" cleared="3" enqueued="3" />
  <references type="phantom" candidates="351" cleared="0" enqueued="0" />
  <stringconstants candidates="12753" cleared="1"  />
  <object-monitors candidates="20" cleared="0"  />
</gc-op>
<gc-op id="920" type="sweep" timems="1.216" contextid="895" timestamp="2025-12-10T06:44:39.500" />
<heap-resize id="921" type="expand" space="tenure" amount="4390912" count="1" timems="0.657" reason="insufficient free space following gc" timestamp="2025-12-10T06:44:39.501" />
<gc-end id="922" type="global" contextid="895" durationms="11.617" usertimems="10.826" systemtimems="13.342" stalltimems="63.971" timestamp="2025-12-10T06:44:39.501" activeThreads="16">
  <mem-info id="923" free="14728232" total="38797312" percent="37">
    <mem type="nursery" free="8151136" total="16908288" percent="48">
      <mem type="allocate" free="8151136" total="11272192" percent="72" />
      <mem type="survivor" free="0" total="5636096" percent="0" />
    </mem>
    <mem type="tenure" free="6577096" total="21889024" percent="30" micro-fragmented="271494" macro-fragmented="0">
      <mem type="soa" free="5482440" total="20794368" percent="26" />
      <mem type="loa" free="1094656" total="1094656" percent="100" />
    </mem>
    <pending-finalizers system="0" default="0" reference="3" classloader="0" />
    <remembered-set count="937" />
  </mem-info>
</gc-end>
<cycle-end id="924" type="global" contextid="895" timestamp="2025-12-10T06:44:39.502" />
<exclusive-end id="925" timestamp="2025-12-10T06:44:39.502" durationms="13.518" />

<exclusive-start id="926" timestamp="2025-12-10T06:44:39.577" intervalms="88.667">
  <response-info timems="0.042" idlems="0.042" threads="0" lastid="0000000000836400" lastname="Default Executor-thread-1" />
</exclusive-start>
<af-start id="927" threadId="0000000000836E78" totalBytesRequested="32" timestamp="2025-12-10T06:44:39.578" intervalms="97.728" type="nursery" />
<cycle-start id="928" type="scavenge" contextid="0" timestamp="2025-12-10T06:44:39.578" intervalms="97.886" />
<gc-start id="929" type="scavenge" contextid="928" timestamp="2025-12-10T06:44:39.579">
  <mem-info id="930" free="6576640" total="38797312" percent="16">
    <mem type="nursery" free="0" total="16908288" percent="0">
      <mem type="allocate" free="0" total="11272192" percent="0" />
      <mem type="survivor" free="0" total="5636096" percent="0" />
    </mem>
    <mem type="tenure" free="6576640" total="21889024" percent="30">
      <mem type="soa" free="5481984" total="20794368" percent="26" />
      <mem type="loa" free="1094656" total="1094656" percent="100" />
    </mem>
    <remembered-set count="1314" />
  </mem-info>
</gc-start>
<allocation-stats totalBytes="8148504" discardedBytes="3088" >
  <allocated-bytes non-tlh="456" tlh="8148048" />
  <largest-consumer threadName="Default Executor-thread-1" threadId="0000000000836400" bytes="8087096" />
</allocation-stats>
<gc-op id="931" type="scavenge" timems="2.695" contextid="928" timestamp="2025-12-10T06:44:39.583">
  <scavenger-info tenureage="3" tenuremask="ffe8" tiltratio="66" />
  <memory-copied type="nursery" objects="46053" bytes="3004272" bytesdiscarded="34752" />
  <memory-copied type="tenure" objects="14014" bytes="811584" bytesdiscarded="2008" />
  <ownableSynchronizers candidates="1805" cleared="1579" />
  <references type="weak" candidates="1" cleared="0" enqueued="0" />
  <references type="phantom" candidates="267" cleared="0" enqueued="0" />
  <object-monitors candidates="20" cleared="0"  />
</gc-op>
<gc-end id="932" type="scavenge" contextid="928" durationms="4.207" usertimems="6.237" systemtimems="1.835" stalltimems="0.929" timestamp="2025-12-10T06:44:39.583" activeThreads="3">
  <mem-info id="933" free="14522624" total="38797312" percent="37">
    <mem type="nursery" free="8819416" total="16908288" percent="52">
      <mem type="allocate" free="8819416" total="11862016" percent="74" />
      <mem type="survivor" free="0" total="5046272" percent="0" />
    </mem>
    <mem type="tenure" free="5703208" total="21889024" percent="26">
      <mem type="soa" free="4608552" total="20794368" percent="22" />
      <mem type="loa" free="1094656" total="1094656" percent="100" />
    </mem>
    <remembered-set count="895" />
  </mem-info>
</gc-end>
<cycle-end id="934" type="scavenge" contextid="928" timestamp="2025-12-10T06:44:39.584" />
<allocation-satisfied id="935" threadId="0000000000836400" bytesRequested="32" />
<af-end id="936" timestamp="2025-12-10T06:44:39.584" threadId="0000000000836E78" success="true" from="nursery"/>
<exclusive-end id="937" timestamp="2025-12-10T06:44:39.585" durationms="7.970" />

<exclusive-start id="938" timestamp="2025-12-10T06:44:39.660" intervalms="82.849">
  <response-info timems="0.036" idlems="0.036" threads="0" lastid="0000000000836400" lastname="Default Executor-thread-1" />
</exclusive-start>
<af-start id="939" threadId="0000000000836E78" totalBytesRequested="29632" timestamp="2025-12-10T06:44:39.660" intervalms="82.447" type="nursery" />
<cycle-start id="940" type="scavenge" contextid="0" timestamp="2025-12-10T06:44:39.660" intervalms="82.006" />
<gc-start id="941" type="scavenge" contextid="940" timestamp="2025-12-10T06:44:39.661">
  <mem-info id="942" free="5701976" total="38797312" percent="14">
    <mem type="nursery" free="0" total="16908288" percent="0">
      <mem type="allocate" free="0" total="11862016" percent="0" />
      <mem type="survivor" free="0" total="5046272" percent="0" />
    </mem>
    <mem type="tenure" free="5701976" total="21889024" percent="26">
      <mem type="soa" free="4607320" total="20794368" percent="22" />
      <mem type="loa" free="1094656" total="1094656" percent="100" />
    </mem>
    <remembered-set count="1503" />
  </mem-info>
</gc-start>
<allocation-stats totalBytes="8760688" discardedBytes="59960" >
  <allocated-bytes non-tlh="1264" tlh="8759424" />
  <largest-consumer threadName="Default Executor-thread-1" threadId="0000000000836400" bytes="8683072" />
</allocation-stats>
<gc-op id="943" type="scavenge" timems="2.228" contextid="940" timestamp="2025-12-10T06:44:39.663">
  <scavenger-info tenureage="2" tenuremask="ffec" tiltratio="70" />
  <memory-copied type="nursery" objects="31413" bytes="2081976" bytesdiscarded="122000" />
  <memory-copied type="tenure" objects="29251" bytes="1663312" bytesdiscarded="1784" />
  <ownableSynchronizers candidates="322" cleared="87" />
  <references type="phantom" candidates="167" cleared="0" enqueued="0" />
  <object-monitors candidates="20" cleared="0"  />
</gc-op>
<gc-end id="944" type="scavenge" contextid="940" durationms="3.046" usertimems="6.552" systemtimems="0.000" stalltimems="0.395" timestamp="2025-12-10T06:44:39.664" activeThreads="3">
  <mem-info id="945" free="13845064" total="38797312" percent="35">
    <mem type="nursery" free="9917952" total="16908288" percent="58">
      <mem type="allocate" free="9917952" total="12124160" percent="81" />
      <mem type="survivor" free="0" total="4784128" percent="0" />
    </mem>
    <mem type="tenure" free="3927112" total="21889024" percent="17">
      <mem type="soa" free="2832456" total="20794368" percent="13" />
      <mem type="loa" free="1094656" total="1094656" percent="100" />
    </mem>
    <remembered-set count="763" />
  </mem-info>
</gc-end>
<cycle-end id="946" type="scavenge" contextid="940" timestamp="2025-12-10T06:44:39.664" />
<allocation-satisfied id="947" threadId="0000000000836400" bytesRequested="29632" />
<af-end id="948" timestamp="2025-12-10T06:44:39.664" threadId="0000000000836E78" success="true" from="nursery"/>
<exclusive-end id="949" timestamp="2025-12-10T06:44:39.665" durationms="4.730" />

<exclusive-start id="950" timestamp="2025-12-10T06:44:39.767" intervalms="107.408">
  <response-info timems="0.041" idlems="0.041" threads="0" lastid="0000000000836400" lastname="Default Executor-thread-1" />
</exclusive-start>
<af-start id="951" threadId="0000000000836E78" totalBytesRequested="8200" timestamp="2025-12-10T06:44:39.768" intervalms="107.810" type="nursery" />
<cycle-start id="952" type="scavenge" contextid="0" timestamp="2025-12-10T06:44:39.768" intervalms="107.968" />
<gc-start id="953" type="scavenge" contextid="952" timestamp="2025-12-10T06:44:39.769">
  <mem-info id="954" free="3925400" total="38797312" percent="10">
    <mem type="nursery" free="0" total="16908288" percent="0">
      <mem type="allocate" free="0" total="12124160" percent="0" />
      <mem type="survivor" free="0" total="4784128" percent="0" />
    </mem>
    <mem type="tenure" free="3925400" total="21889024" percent="17">
      <mem type="soa" free="2830744" total="20794368" percent="13" />
      <mem type="loa" free="1094656" total="1094656" percent="100" />
    </mem>
    <remembered-set count="1333" />
  </mem-info>
</gc-start>
<allocation-stats totalBytes="9905768" discardedBytes="13896" >
  <allocated-bytes non-tlh="418640" tlh="9487128" />
  <largest-consumer threadName="Default Executor-thread-1" threadId="0000000000836400" bytes="9798776" />
</allocation-stats>
<gc-op id="955" type="scavenge" timems="3.273" contextid="952" timestamp="2025-12-10T06:44:39.773">
  <scavenger-info tenureage="12" tenuremask="7000" tiltratio="71" />
  <memory-copied type="nursery" objects="48076" bytes="3786544" bytesdiscarded="44592" />
  <finalization candidates="5" enqueued="5" />
  <ownableSynchronizers candidates="278" cleared="99" />
  <references type="weak" candidates="20" cleared="12" enqueued="12" />
  <references type="phantom" candidates="270" cleared="2" enqueued="2" />
  <object-monitors candidates="20" cleared="0"  />
</gc-op>
<gc-end id="956" type="scavenge" contextid="952" durationms="4.601" usertimems="9.891" systemtimems="0.000" stalltimems="3.739" timestamp="2025-12-10T06:44:39.774" activeThreads="4">
  <mem-info id="957" free="10576440" total="38797312" percent="27">
    <mem type="nursery" free="6651040" total="16908288" percent="39">
      <mem type="allocate" free="6651040" total="10485760" percent="63" />
      <mem type="survivor" free="0" total="6422528" percent="0" />
    </mem>
    <mem type="tenure" free="3925400" total="21889024" percent="17">
      <mem type="soa" free="2830744" total="20794368" percent="13" />
      <mem type="loa" free="1094656" total="1094656" percent="100" />
    </mem>
    <pending-finalizers system="5" default="0" reference="14" classloader="0" />
    <remembered-set count="1077" />
  </mem-info>
</gc-end>
<cycle-end id="958" type="scavenge" contextid="952" timestamp="2025-12-10T06:44:39.774" />
<allocation-satisfied id="959" threadId="0000000000836400" bytesRequested="8200" />
<af-end id="960" timestamp="2025-12-10T06:44:39.775" threadId="0000000000836E78" success="true" from="nursery"/>
<exclusive-end id="961" timestamp="2025-12-10T06:44:39.775" durationms="8.068" />

<exclusive-start id="962" timestamp="2025-12-10T06:44:39.801" intervalms="33.877">
  <response-info timems="0.042" idlems="0.042" threads="0" lastid="0000000000836400" lastname="Default Executor-thread-1" />
</exclusive-start>
<af-start id="963" threadId="0000000000836E78" totalBytesRequested="48" timestamp="2025-12-10T06:44:39.802" intervalms="33.735" type="nursery" />
<cycle-start id="964" type="scavenge" contextid="0" timestamp="2025-12-10T06:44:39.802" intervalms="33.767" />
<gc-start id="965" type="scavenge" contextid="964" timestamp="2025-12-10T06:44:39.802">
  <mem-info id="966" free="3925400" total="38797312" percent="10">
    <mem type="nursery" free="0" total="16908288" percent="0">
      <mem type="allocate" free="0" total="10485760" percent="0" />
      <mem type="survivor" free="0" total="6422528" percent="0" />
    </mem>
    <mem type="tenure" free="3925400" total="21889024" percent="17">
      <mem type="soa" free="2830744" total="20794368" percent="13" />
      <mem type="loa" free="1094656" total="1094656" percent="100" />
    </mem>
    <remembered-set count="1374" />
  </mem-info>
</gc-start>
<allocation-stats totalBytes="6648960" discardedBytes="2080" >
  <allocated-bytes non-tlh="8200" tlh="6640760" />
  <largest-consumer threadName="Default Executor-thread-1" threadId="0000000000836400" bytes="6542544" />
</allocation-stats>
<gc-op id="967" type="scavenge" timems="2.524" contextid="964" timestamp="2025-12-10T06:44:39.806">
  <scavenger-info tenureage="2" tenuremask="780c" tiltratio="62" />
  <memory-copied type="nursery" objects="32769" bytes="2576200" bytesdiscarded="286208" />
  <memory-copied type="tenure" objects="30698" bytes="1702728" bytesdiscarded="1160" />
  <ownableSynchronizers candidates="362" cleared="108" />
  <references type="weak" candidates="8" cleared="0" enqueued="0" />
  <references type="phantom" candidates="209" cleared="0" enqueued="0" />
  <object-monitors candidates="21" cleared="0"  />
</gc-op>
<heap-resize id="968" type="expand" space="nursery" amount="1048576" count="1" timems="0.034" reason="excessive time being spent scavenging" timestamp="2025-12-10T06:44:39.806" />
<gc-end id="969" type="scavenge" contextid="964" durationms="3.971" usertimems="6.681" systemtimems="1.939" stalltimems="2.200" timestamp="2025-12-10T06:44:39.806" activeThreads="4">
  <mem-info id="970" free="10778312" total="39845888" percent="27">
    <mem type="nursery" free="8603592" total="17956864" percent="47">
      <mem type="allocate" free="8603592" total="11468800" percent="75" />
      <mem type="survivor" free="0" total="6488064" percent="0" />
    </mem>
    <mem type="tenure" free="2174720" total="21889024" percent="9">
      <mem type="soa" free="1080064" total="20794368" percent="5" />
      <mem type="loa" free="1094656" total="1094656" percent="100" />
    </mem>
    <remembered-set count="928" />
  </mem-info>
</gc-end>
<cycle-end id="971" type="scavenge" contextid="964" timestamp="2025-12-10T06:44:39.807" />
<allocation-satisfied id="972" threadId="0000000000836400" bytesRequested="48" />
<af-end id="973" timestamp="2025-12-10T06:44:39.808" threadId="0000000000836E78" success="true" from="nursery"/>
<exclusive-end id="974" timestamp="2025-12-10T06:44:39.808" durationms="6.919" />

<concurrent-kickoff id="975" timestamp="2025-12-10T06:44:39.825">
  <kickoff reason="threshold reached" targetBytes="9057684" thresholdFreeBytes="1254033"  remainingFree="1117208" tenureFreeBytes="2174720" nurseryFreeBytes="1117208" />
</concurrent-kickoff>
<exclusive-start id="976" timestamp="2025-12-10T06:44:39.826" intervalms="24.709">
  <response-info timems="0.051" idlems="0.051" threads="0" lastid="0000000000836400" lastname="Default Executor-thread-1" />
</exclusive-start>
<cycle-start id="977" type="global" contextid="0" timestamp="2025-12-10T06:44:39.826" intervalms="359.064" />
<concurrent-start id="978" type="global mark" contextid="977" timestamp="2025-12-10T06:44:39.826">
</concurrent-start>
<exclusive-end id="979" timestamp="2025-12-10T06:44:39.827" durationms="0.976" />

<exclusive-start id="980" timestamp="2025-12-10T06:44:39.835" intervalms="9.265">
  <response-info timems="0.036" idlems="0.036" threads="0" lastid="0000000000836400" lastname="Default Executor-thread-1" />
</exclusive-start>
<af-start id="981" threadId="0000000000836E78" totalBytesRequested="16392" timestamp="2025-12-10T06:44:39.835" intervalms="33.812" type="nursery" />
<cycle-start id="982" type="scavenge" contextid="0" timestamp="2025-12-10T06:44:39.836" intervalms="33.812" />
<gc-start id="983" type="scavenge" contextid="982" timestamp="2025-12-10T06:44:39.836">
  <mem-info id="984" free="2174720" total="39845888" percent="5">
    <mem type="nursery" free="0" total="17956864" percent="0">
      <mem type="allocate" free="0" total="11468800" percent="0" />
      <mem type="survivor" free="0" total="6488064" percent="0" />
    </mem>
    <mem type="tenure" free="2174720" total="21889024" percent="9">
      <mem type="soa" free="1080064" total="20794368" percent="5" />
      <mem type="loa" free="1094656" total="1094656" percent="100" />
    </mem>
    <remembered-set count="1456" />
  </mem-info>
</gc-start>
<allocation-stats totalBytes="8593624" discardedBytes="9968" >
  <allocated-bytes non-tlh="170976" tlh="8422648" />
  <largest-consumer threadName="Default Executor-thread-1" threadId="0000000000836400" bytes="8528160" />
</allocation-stats>
<gc-op id="985" type="scavenge" timems="2.186" contextid="982" timestamp="2025-12-10T06:44:39.839">
  <scavenger-info tenureage="2" tenuremask="7804" tiltratio="63" />
  <memory-copied type="nursery" objects="35668" bytes="2377720" bytesdiscarded="127296" />
  <memory-copied type="tenure" objects="16611" bytes="1698368" bytesdiscarded="928" />
  <ownableSynchronizers candidates="293" cleared="90" />
  <references type="weak" candidates="3" cleared="0" enqueued="0" />
  <references type="phantom" candidates="198" cleared="0" enqueued="0" />
  <object-monitors candidates="21" cleared="0"  />
  <heap-resize type="expand" space="tenure" amount="786432" count="12" timems="0.082" reason="continue current collection" />
</gc-op>
<heap-resize id="986" type="expand" space="nursery" amount="917504" count="1" timems="0.039" reason="excessive time being spent scavenging" timestamp="2025-12-10T06:44:39.840" />
<gc-end id="987" type="scavenge" contextid="982" durationms="4.357" usertimems="2.871" systemtimems="5.099" stalltimems="2.012" timestamp="2025-12-10T06:44:39.841" activeThreads="4">
  <mem-info id="988" free="11630656" total="41549824" percent="27">
    <mem type="nursery" free="10534008" total="18874368" percent="55">
      <mem type="allocate" free="10534008" total="13041664" percent="80" />
      <mem type="survivor" free="0" total="5832704" percent="0" />
    </mem>
    <mem type="tenure" free="1096648" total="22675456" percent="4">
      <mem type="soa" free="0" total="21540864" percent="0" />
      <mem type="loa" free="1096648" total="1134592" percent="96" />
    </mem>
    <remembered-set count="970" />
  </mem-info>
</gc-end>
<cycle-end id="989" type="scavenge" contextid="982" timestamp="2025-12-10T06:44:39.841" />
<allocation-satisfied id="990" threadId="0000000000836400" bytesRequested="16392" />
<af-end id="991" timestamp="2025-12-10T06:44:39.842" threadId="0000000000836E78" success="true" from="nursery"/>
<exclusive-end id="992" timestamp="2025-12-10T06:44:39.842" durationms="7.423" />

<concurrent-end id="993" type="global mark" contextid="977" timestamp="2025-12-10T06:44:39.853">
<gc-op id="994" type="trace" timems="26.194" contextid="977" timestamp="2025-12-10T06:44:39.853">
  <trace bytesTraced="11252308" workStackOverflowCount="0" />
  <card-cleaning reason="card cleaning threshold reached" bytesTraced="56224" cardsCleaned="144" />
</gc-op>
</concurrent-end>

<exclusive-start id="995" timestamp="2025-12-10T06:44:39.854" intervalms="18.477">
  <response-info timems="0.060" idlems="0.060" threads="0" lastid="0000000000836400" lastname="Default Executor-thread-1" />
</exclusive-start>
<concurrent-global-final id="996" timestamp="2025-12-10T06:44:39.854" contextid="977" intervalms="365.038" >
  <concurrent-trace-info reason="card cleaning threshold reached" tracedByMutators="3396888" tracedByHelpers="7911644" cardsCleaned="144" workStackOverflowCount="0" />
</concurrent-global-final>
<gc-start id="997" type="global" contextid="977" timestamp="2025-12-10T06:44:39.854">
  <mem-info id="998" free="10713152" total="41549824" percent="25">
    <mem type="nursery" free="9616504" total="18874368" percent="50">
      <mem type="allocate" free="9616504" total="13041664" percent="73" />
      <mem type="survivor" free="0" total="5832704" percent="0" />
    </mem>
    <mem type="tenure" free="1096648" total="22675456" percent="4">
      <mem type="soa" free="0" total="21540864" percent="0" />
      <mem type="loa" free="1096648" total="1134592" percent="96" />
    </mem>
    <remembered-set count="1001" />
  </mem-info>
</gc-start>
<allocation-stats totalBytes="917448" discardedBytes="56" >
  <allocated-bytes non-tlh="16392" tlh="901056" />
  <largest-consumer threadName="Default Executor-thread-1" threadId="0000000000836400" bytes="896968" />
</allocation-stats>
<gc-op id="999" type="rs-scan" timems="2.329" contextid="977" timestamp="2025-12-10T06:44:39.857">
  <scan objectsFound="30631" bytesTraced="947996" workStackOverflowCount="0" />
</gc-op>
<gc-op id="1000" type="card-cleaning" timems="1.325" contextid="977" timestamp="2025-12-10T06:44:39.859">
  <card-cleaning cardsCleaned="41" bytesTraced="63940" workStackOverflowCount="0" />
</gc-op>
<gc-op id="1001" type="mark" timems="4.796" contextid="977" timestamp="2025-12-10T06:44:39.865">
  <trace-info objectcount="274" scancount="254" scanbytes="6260" />
  <finalization candidates="730" enqueued="0" />
  <ownableSynchronizers candidates="1256" cleared="17" />
  <references type="soft" candidates="4490" cleared="0" enqueued="0" dynamicThreshold="9" maxThreshold="32" />
  <references type="weak" candidates="1312" cleared="0" enqueued="0" />
  <references type="phantom" candidates="365" cleared="0" enqueued="0" />
  <stringconstants candidates="12793" cleared="3"  />
  <object-monitors candidates="21" cleared="0"  />
</gc-op>
<gc-op id="1002" type="sweep" timems="1.950" contextid="977" timestamp="2025-12-10T06:44:39.867" />
<heap-resize id="1003" type="expand" space="tenure" amount="5242880" count="1" timems="0.756" reason="insufficient free space following gc" timestamp="2025-12-10T06:44:39.868" />
<gc-end id="1004" type="global" contextid="977" durationms="14.198" usertimems="5.883" systemtimems="27.846" stalltimems="97.844" timestamp="2025-12-10T06:44:39.869" activeThreads="19">
  <mem-info id="1005" free="18889560" total="46792704" percent="40">
    <mem type="nursery" free="10488912" total="18874368" percent="55">
      <mem type="allocate" free="10488912" total="13041664" percent="80" />
      <mem type="survivor" free="0" total="5832704" percent="0" />
    </mem>
    <mem type="tenure" free="8400648" total="27918336" percent="30" micro-fragmented="309062" macro-fragmented="0">
      <mem type="soa" free="7003912" total="26521600" percent="26" />
      <mem type="loa" free="1396736" total="1396736" percent="100" />
    </mem>
    <remembered-set count="992" />
  </mem-info>
</gc-end>
<cycle-end id="1006" type="global" contextid="977" timestamp="2025-12-10T06:44:39.869" />
<exclusive-end id="1007" timestamp="2025-12-10T06:44:39.870" durationms="16.004" />

<exclusive-start id="1008" timestamp="2025-12-10T06:44:39.914" intervalms="60.158">
  <response-info timems="0.055" idlems="0.055" threads="0" lastid="0000000000836400" lastname="Default Executor-thread-1" />
</exclusive-start>
<af-start id="1009" threadId="0000000000836E78" totalBytesRequested="16" timestamp="2025-12-10T06:44:39.914" intervalms="78.718" type="nursery" />
<cycle-start id="1010" type="scavenge" contextid="0" timestamp="2025-12-10T06:44:39.915" intervalms="78.906" />
<gc-start id="1011" type="scavenge" contextid="1010" timestamp="2025-12-10T06:44:39.915">
  <mem-info id="1012" free="8398312" total="46792704" percent="17">
    <mem type="nursery" free="0" total="18874368" percent="0">
      <mem type="allocate" free="0" total="13041664" percent="0" />
      <mem type="survivor" free="0" total="5832704" percent="0" />
    </mem>
    <mem type="tenure" free="8398312" total="27918336" percent="30">
      <mem type="soa" free="7001576" total="26521600" percent="26" />
      <mem type="loa" free="1396736" total="1396736" percent="100" />
    </mem>
    <remembered-set count="1692" />
  </mem-info>
</gc-start>
<allocation-stats totalBytes="10479280" discardedBytes="11264" >
  <allocated-bytes non-tlh="227928" tlh="10251352" />
  <largest-consumer threadName="Default Executor-thread-1" threadId="0000000000836400" bytes="10432600" />
</allocation-stats>
<gc-op id="1013" type="scavenge" timems="2.772" contextid="1010" timestamp="2025-12-10T06:44:39.919">
  <scavenger-info tenureage="11" tenuremask="7800" tiltratio="69" />
  <memory-copied type="nursery" objects="51424" bytes="3201832" bytesdiscarded="38968" />
  <finalization candidates="8" enqueued="8" />
  <ownableSynchronizers candidates="2558" cleared="2380" />
  <references type="soft" candidates="8" cleared="0" enqueued="0" dynamicThreshold="9" maxThreshold="32" />
  <references type="weak" candidates="25" cleared="16" enqueued="16" />
  <references type="phantom" candidates="266" cleared="4" enqueued="4" />
  <object-monitors candidates="21" cleared="0"  />
</gc-op>
<gc-end id="1014" type="scavenge" contextid="1010" durationms="4.638" usertimems="3.505" systemtimems="5.389" stalltimems="3.248" timestamp="2025-12-10T06:44:39.920" activeThreads="4">
  <mem-info id="1015" free="18587840" total="46792704" percent="39">
    <mem type="nursery" free="10189528" total="18874368" percent="53">
      <mem type="allocate" free="10189528" total="13434880" percent="75" />
      <mem type="survivor" free="0" total="5439488" percent="0" />
    </mem>
    <mem type="tenure" free="8398312" total="27918336" percent="30">
      <mem type="soa" free="7001576" total="26521600" percent="26" />
      <mem type="loa" free="1396736" total="1396736" percent="100" />
    </mem>
    <pending-finalizers system="8" default="0" reference="20" classloader="0" />
    <remembered-set count="1324" />
  </mem-info>
</gc-end>
<cycle-end id="1016" type="scavenge" contextid="1010" timestamp="2025-12-10T06:44:39.921" />
<allocation-satisfied id="1017" threadId="0000000000836400" bytesRequested="16" />
<af-end id="1018" timestamp="2025-12-10T06:44:39.921" threadId="0000000000836E78" success="true" from="nursery"/>
<exclusive-end id="1019" timestamp="2025-12-10T06:44:39.922" durationms="7.861" />

<exclusive-start id="1020" timestamp="2025-12-10T06:44:39.949" intervalms="34.936">
  <response-info timems="0.038" idlems="0.038" threads="0" lastid="0000000000836400" lastname="Default Executor-thread-1" />
</exclusive-start>
<af-start id="1021" threadId="0000000000836E78" totalBytesRequested="16" timestamp="2025-12-10T06:44:39.949" intervalms="35.060" type="nursery" />
<cycle-start id="1022" type="scavenge" contextid="0" timestamp="2025-12-10T06:44:39.950" intervalms="34.909" />
<gc-start id="1023" type="scavenge" contextid="1022" timestamp="2025-12-10T06:44:39.950">
  <mem-info id="1024" free="8398312" total="46792704" percent="17">
    <mem type="nursery" free="0" total="18874368" percent="0">
      <mem type="allocate" free="0" total="13434880" percent="0" />
      <mem type="survivor" free="0" total="5439488" percent="0" />
    </mem>
    <mem type="tenure" free="8398312" total="27918336" percent="30">
      <mem type="soa" free="7001576" total="26521600" percent="26" />
      <mem type="loa" free="1396736" total="1396736" percent="100" />
    </mem>
    <remembered-set count="2005" />
  </mem-info>
</gc-start>
<allocation-stats totalBytes="10188320" discardedBytes="1208" >
  <allocated-bytes non-tlh="16" tlh="10188304" />
  <largest-consumer threadName="Default Executor-thread-1" threadId="0000000000836400" bytes="10188320" />
</allocation-stats>
<gc-op id="1025" type="scavenge" timems="2.268" contextid="1022" timestamp="2025-12-10T06:44:39.953">
  <scavenger-info tenureage="2" tenuremask="780c" tiltratio="71" />
  <memory-copied type="nursery" objects="21022" bytes="1084376" bytesdiscarded="204904" />
  <memory-copied type="tenure" objects="35636" bytes="2364608" bytesdiscarded="4192" />
  <ownableSynchronizers candidates="178" cleared="0" />
  <references type="soft" candidates="8" cleared="0" enqueued="0" dynamicThreshold="9" maxThreshold="32" />
  <references type="weak" candidates="8" cleared="0" enqueued="0" />
  <references type="phantom" candidates="65" cleared="0" enqueued="0" />
  <object-monitors candidates="21" cleared="0"  />
</gc-op>
<heap-resize id="1026" type="expand" space="nursery" amount="1179648" count="1" timems="0.028" reason="excessive time being spent scavenging" timestamp="2025-12-10T06:44:39.954" />
<gc-end id="1027" type="scavenge" contextid="1022" durationms="3.998" usertimems="6.023" systemtimems="1.464" stalltimems="2.561" timestamp="2025-12-10T06:44:39.954" activeThreads="4">
  <mem-info id="1028" free="19342608" total="47972352" percent="40">
    <mem type="nursery" free="13324088" total="20054016" percent="66">
      <mem type="allocate" free="13324088" total="14614528" percent="91" />
      <mem type="survivor" free="0" total="5439488" percent="0" />
    </mem>
    <mem type="tenure" free="6018520" total="27918336" percent="21">
      <mem type="soa" free="4621784" total="26521600" percent="17" />
      <mem type="loa" free="1396736" total="1396736" percent="100" />
    </mem>
    <remembered-set count="834" />
  </mem-info>
</gc-end>
<cycle-end id="1029" type="scavenge" contextid="1022" timestamp="2025-12-10T06:44:39.955" />
<allocation-satisfied id="1030" threadId="0000000000836400" bytesRequested="16" />
<af-end id="1031" timestamp="2025-12-10T06:44:39.956" threadId="0000000000836E78" success="true" from="nursery"/>
<exclusive-end id="1032" timestamp="2025-12-10T06:44:39.956" durationms="7.296" />

<exclusive-start id="1033" timestamp="2025-12-10T06:44:39.989" intervalms="40.529">
  <response-info timems="0.030" idlems="0.030" threads="0" lastid="0000000000836400" lastname="Default Executor-thread-1" />
</exclusive-start>
<af-start id="1034" threadId="0000000000836E78" totalBytesRequested="48" timestamp="2025-12-10T06:44:39.990" intervalms="40.470" type="nursery" />
<cycle-start id="1035" type="scavenge" contextid="0" timestamp="2025-12-10T06:44:39.990" intervalms="40.722" />
<gc-start id="1036" type="scavenge" contextid="1035" timestamp="2025-12-10T06:44:39.991">
  <mem-info id="1037" free="6018360" total="47972352" percent="12">
    <mem type="nursery" free="0" total="20054016" percent="0">
      <mem type="allocate" free="0" total="14614528" percent="0" />
      <mem type="survivor" free="0" total="5439488" percent="0" />
    </mem>
    <mem type="tenure" free="6018360" total="27918336" percent="21">
      <mem type="soa" free="4621624" total="26521600" percent="17" />
      <mem type="loa" free="1396736" total="1396736" percent="100" />
    </mem>
    <remembered-set count="2252" />
  </mem-info>
</gc-start>
<allocation-stats totalBytes="13321736" discardedBytes="2512" >
  <allocated-bytes non-tlh="176" tlh="13321560" />
  <largest-consumer threadName="Default Executor-thread-1" threadId="0000000000836400" bytes="13321736" />
</allocation-stats>
<gc-op id="1038" type="scavenge" timems="1.835" contextid="1035" timestamp="2025-12-10T06:44:39.994">
  <scavenger-info tenureage="12" tenuremask="7000" tiltratio="72" />
  <memory-copied type="nursery" objects="30307" bytes="1185128" bytesdiscarded="19520" />
  <ownableSynchronizers candidates="43" cleared="0" />
  <references type="soft" candidates="8" cleared="0" enqueued="0" dynamicThreshold="9" maxThreshold="32" />
  <references type="weak" candidates="8" cleared="0" enqueued="0" />
  <references type="phantom" candidates="65" cleared="0" enqueued="0" />
  <object-monitors candidates="21" cleared="0"  />
</gc-op>
<gc-end id="1039" type="scavenge" contextid="1035" durationms="3.363" usertimems="3.650" systemtimems="1.037" stalltimems="2.810" timestamp="2025-12-10T06:44:39.995" activeThreads="4">
  <mem-info id="1040" free="20410120" total="47972352" percent="42">
    <mem type="nursery" free="14391760" total="20054016" percent="71">
      <mem type="allocate" free="14391760" total="15597568" percent="92" />
      <mem type="survivor" free="0" total="4456448" percent="0" />
    </mem>
    <mem type="tenure" free="6018360" total="27918336" percent="21">
      <mem type="soa" free="4621624" total="26521600" percent="17" />
      <mem type="loa" free="1396736" total="1396736" percent="100" />
    </mem>
    <remembered-set count="1235" />
  </mem-info>
</gc-end>
<cycle-end id="1041" type="scavenge" contextid="1035" timestamp="2025-12-10T06:44:39.995" />
<allocation-satisfied id="1042" threadId="0000000000836400" bytesRequested="48" />
<af-end id="1043" timestamp="2025-12-10T06:44:39.996" threadId="0000000000836E78" success="true" from="nursery"/>
<exclusive-end id="1044" timestamp="2025-12-10T06:44:39.996" durationms="6.655" />

<exclusive-start id="1045" timestamp="2025-12-10T06:44:40.025" intervalms="36.262">
  <response-info timems="0.038" idlems="0.038" threads="0" lastid="0000000000836400" lastname="Default Executor-thread-1" />
</exclusive-start>
<af-start id="1046" threadId="0000000000836E78" totalBytesRequested="72" timestamp="2025-12-10T06:44:40.026" intervalms="36.331" type="nursery" />
<cycle-start id="1047" type="scavenge" contextid="0" timestamp="2025-12-10T06:44:40.027" intervalms="36.204" />
<gc-start id="1048" type="scavenge" contextid="1047" timestamp="2025-12-10T06:44:40.027">
  <mem-info id="1049" free="6017592" total="47972352" percent="12">
    <mem type="nursery" free="0" total="20054016" percent="0">
      <mem type="allocate" free="0" total="15597568" percent="0" />
      <mem type="survivor" free="0" total="4456448" percent="0" />
    </mem>
    <mem type="tenure" free="6017592" total="27918336" percent="21">
      <mem type="soa" free="4620856" total="26521600" percent="17" />
      <mem type="loa" free="1396736" total="1396736" percent="100" />
    </mem>
    <remembered-set count="1881" />
  </mem-info>
</gc-start>
<allocation-stats totalBytes="14389872" discardedBytes="2656" >
  <allocated-bytes non-tlh="816" tlh="14389056" />
  <largest-consumer threadName="Default Executor-thread-1" threadId="0000000000836400" bytes="14389872" />
</allocation-stats>
<gc-op id="1050" type="scavenge" timems="1.981" contextid="1047" timestamp="2025-12-10T06:44:40.030">
  <scavenger-info tenureage="3" tenuremask="6008" tiltratio="77" />
  <memory-copied type="nursery" objects="34005" bytes="1719792" bytesdiscarded="49960" />
  <memory-copied type="tenure" objects="13867" bytes="705880" bytesdiscarded="1536" />
  <ownableSynchronizers candidates="43" cleared="0" />
  <references type="weak" candidates="3" cleared="3" enqueued="3" />
  <object-monitors candidates="21" cleared="0"  />
</gc-op>
<heap-resize id="1051" type="expand" space="nursery" amount="1310720" count="1" timems="0.033" reason="excessive time being spent scavenging" timestamp="2025-12-10T06:44:40.031" />
<gc-end id="1052" type="scavenge" contextid="1047" durationms="4.120" usertimems="5.016" systemtimems="1.409" stalltimems="1.825" timestamp="2025-12-10T06:44:40.031" activeThreads="4">
  <mem-info id="1053" free="20368552" total="49283072" percent="41">
    <mem type="nursery" free="15204072" total="21364736" percent="71">
      <mem type="allocate" free="15204072" total="16973824" percent="89" />
      <mem type="survivor" free="0" total="4390912" percent="0" />
    </mem>
    <mem type="tenure" free="5164480" total="27918336" percent="18">
      <mem type="soa" free="3767744" total="26521600" percent="14" />
      <mem type="loa" free="1396736" total="1396736" percent="100" />
    </mem>
    <pending-finalizers system="0" default="0" reference="3" classloader="0" />
    <remembered-set count="1083" />
  </mem-info>
</gc-end>
<cycle-end id="1054" type="scavenge" contextid="1047" timestamp="2025-12-10T06:44:40.032" />
<allocation-satisfied id="1055" threadId="0000000000836400" bytesRequested="72" />
<af-end id="1056" timestamp="2025-12-10T06:44:40.033" threadId="0000000000836E78" success="true" from="nursery"/>
<exclusive-end id="1057" timestamp="2025-12-10T06:44:40.033" durationms="8.022" />

<exclusive-start id="1058" timestamp="2025-12-10T06:44:40.056" intervalms="30.660">
  <response-info timems="0.036" idlems="0.036" threads="0" lastid="0000000000836400" lastname="Default Executor-thread-1" />
</exclusive-start>
<af-start id="1059" threadId="0000000000836E78" totalBytesRequested="8208" timestamp="2025-12-10T06:44:40.057" intervalms="30.650" type="nursery" />
<cycle-start id="1060" type="scavenge" contextid="0" timestamp="2025-12-10T06:44:40.057" intervalms="30.547" />
<gc-start id="1061" type="scavenge" contextid="1060" timestamp="2025-12-10T06:44:40.058">
  <mem-info id="1062" free="5164480" total="49283072" percent="10">
    <mem type="nursery" free="0" total="21364736" percent="0">
      <mem type="allocate" free="0" total="16973824" percent="0" />
      <mem type="survivor" free="0" total="4390912" percent="0" />
    </mem>
    <mem type="tenure" free="5164480" total="27918336" percent="18">
      <mem type="soa" free="3767744" total="26521600" percent="14" />
      <mem type="loa" free="1396736" total="1396736" percent="100" />
    </mem>
    <remembered-set count="1582" />
  </mem-info>
</gc-start>
<allocation-stats totalBytes="15198144" discardedBytes="5928" >
  <allocated-bytes non-tlh="72" tlh="15198072" />
  <largest-consumer threadName="Default Executor-thread-1" threadId="0000000000836400" bytes="15198144" />
</allocation-stats>
<gc-op id="1063" type="scavenge" timems="0.979" contextid="1060" timestamp="2025-12-10T06:44:40.060">
  <scavenger-info tenureage="13" tenuremask="6000" tiltratio="79" />
  <memory-copied type="nursery" objects="30758" bytes="1220984" bytesdiscarded="137000" />
  <object-monitors candidates="21" cleared="0"  />
</gc-op>
<gc-end id="1064" type="scavenge" contextid="1060" durationms="2.223" usertimems="3.361" systemtimems="0.000" stalltimems="0.577" timestamp="2025-12-10T06:44:40.060" activeThreads="4">
  <mem-info id="1065" free="21435680" total="49283072" percent="43">
    <mem type="nursery" free="16271200" total="21364736" percent="76">
      <mem type="allocate" free="16271200" total="17629184" percent="92" />
      <mem type="survivor" free="0" total="3735552" percent="0" />
    </mem>
    <mem type="tenure" free="5164480" total="27918336" percent="18">
      <mem type="soa" free="3767744" total="26521600" percent="14" />
      <mem type="loa" free="1396736" total="1396736" percent="100" />
    </mem>
    <remembered-set count="1247" />
  </mem-info>
</gc-end>
<cycle-end id="1066" type="scavenge" contextid="1060" timestamp="2025-12-10T06:44:40.060" />
<allocation-satisfied id="1067" threadId="0000000000836400" bytesRequested="8208" />
<af-end id="1068" timestamp="2025-12-10T06:44:40.061" threadId="0000000000836E78" success="true" from="nursery"/>
<exclusive-end id="1069" timestamp="2025-12-10T06:44:40.062" durationms="5.498" />

<exclusive-start id="1070" timestamp="2025-12-10T06:44:40.080" intervalms="24.150">
  <response-info timems="0.033" idlems="0.033" threads="0" lastid="0000000000836400" lastname="Default Executor-thread-1" />
</exclusive-start>
<af-start id="1071" threadId="0000000000836E78" totalBytesRequested="72" timestamp="2025-12-10T06:44:40.081" intervalms="24.065" type="nursery" />
<cycle-start id="1072" type="scavenge" contextid="0" timestamp="2025-12-10T06:44:40.081" intervalms="24.020" />
<gc-start id="1073" type="scavenge" contextid="1072" timestamp="2025-12-10T06:44:40.082">
  <mem-info id="1074" free="5164480" total="49283072" percent="10">
    <mem type="nursery" free="0" total="21364736" percent="0">
      <mem type="allocate" free="0" total="17629184" percent="0" />
      <mem type="survivor" free="0" total="3735552" percent="0" />
    </mem>
    <mem type="tenure" free="5164480" total="27918336" percent="18">
      <mem type="soa" free="3767744" total="26521600" percent="14" />
      <mem type="loa" free="1396736" total="1396736" percent="100" />
    </mem>
    <remembered-set count="1638" />
  </mem-info>
</gc-start>
<allocation-stats totalBytes="16267808" discardedBytes="3392" >
  <allocated-bytes non-tlh="8208" tlh="16259600" />
  <largest-consumer threadName="Default Executor-thread-1" threadId="0000000000836400" bytes="16267808" />
</allocation-stats>
<gc-op id="1075" type="scavenge" timems="1.006" contextid="1072" timestamp="2025-12-10T06:44:40.084">
  <scavenger-info tenureage="14" tenuremask="4000" tiltratio="82" />
  <memory-copied type="nursery" objects="33526" bytes="1201288" bytesdiscarded="85352" />
  <object-monitors candidates="21" cleared="0"  />
</gc-op>
<heap-resize id="1076" type="expand" space="nursery" amount="1310720" count="1" timems="0.027" reason="excessive time being spent scavenging" timestamp="2025-12-10T06:44:40.084" />
<gc-end id="1077" type="scavenge" contextid="1072" durationms="2.951" usertimems="3.513" systemtimems="0.000" stalltimems="0.742" timestamp="2025-12-10T06:44:40.085" activeThreads="4">
  <mem-info id="1078" free="23079888" total="50593792" percent="45">
    <mem type="nursery" free="17915408" total="22675456" percent="79">
      <mem type="allocate" free="17915408" total="19202048" percent="93" />
      <mem type="survivor" free="0" total="3473408" percent="0" />
    </mem>
    <mem type="tenure" free="5164480" total="27918336" percent="18">
      <mem type="soa" free="3767744" total="26521600" percent="14" />
      <mem type="loa" free="1396736" total="1396736" percent="100" />
    </mem>
    <remembered-set count="1372" />
  </mem-info>
</gc-end>
<cycle-end id="1079" type="scavenge" contextid="1072" timestamp="2025-12-10T06:44:40.085" />
<allocation-satisfied id="1080" threadId="0000000000836400" bytesRequested="72" />
<af-end id="1081" timestamp="2025-12-10T06:44:40.086" threadId="0000000000836E78" success="true" from="nursery"/>
<exclusive-end id="1082" timestamp="2025-12-10T06:44:40.086" durationms="5.976" />

<exclusive-start id="1083" timestamp="2025-12-10T06:44:40.105" intervalms="24.706">
  <response-info timems="0.038" idlems="0.038" threads="0" lastid="0000000000836400" lastname="Default Executor-thread-1" />
</exclusive-start>
<af-start id="1084" threadId="0000000000836E78" totalBytesRequested="56" timestamp="2025-12-10T06:44:40.106" intervalms="24.914" type="nursery" />
<cycle-start id="1085" type="scavenge" contextid="0" timestamp="2025-12-10T06:44:40.106" intervalms="25.107" />
<gc-start id="1086" type="scavenge" contextid="1085" timestamp="2025-12-10T06:44:40.107">
  <mem-info id="1087" free="5164368" total="50593792" percent="10">
    <mem type="nursery" free="0" total="22675456" percent="0">
      <mem type="allocate" free="0" total="19202048" percent="0" />
      <mem type="survivor" free="0" total="3473408" percent="0" />
    </mem>
    <mem type="tenure" free="5164368" total="27918336" percent="18">
      <mem type="soa" free="3767632" total="26521600" percent="14" />
      <mem type="loa" free="1396736" total="1396736" percent="100" />
    </mem>
    <remembered-set count="1863" />
  </mem-info>
</gc-start>
<allocation-stats totalBytes="17910000" discardedBytes="5520" >
  <allocated-bytes non-tlh="184" tlh="17909816" />
  <largest-consumer threadName="Default Executor-thread-1" threadId="0000000000836400" bytes="17910000" />
</allocation-stats>
<gc-op id="1088" type="scavenge" timems="1.261" contextid="1085" timestamp="2025-12-10T06:44:40.109">
  <scavenger-info tenureage="14" tenuremask="4000" tiltratio="84" />
  <memory-copied type="nursery" objects="34899" bytes="1018800" bytesdiscarded="41328" />
  <finalization candidates="1" enqueued="1" />
  <object-monitors candidates="21" cleared="0"  />
</gc-op>
<heap-resize id="1089" type="expand" space="nursery" amount="1310720" count="1" timems="0.036" reason="excessive time being spent scavenging" timestamp="2025-12-10T06:44:40.110" />
<gc-end id="1090" type="scavenge" contextid="1085" durationms="3.533" usertimems="3.105" systemtimems="0.848" stalltimems="1.278" timestamp="2025-12-10T06:44:40.111" activeThreads="4">
  <mem-info id="1091" free="24944688" total="51904512" percent="48">
    <mem type="nursery" free="19780320" total="23986176" percent="82">
      <mem type="allocate" free="19780320" total="20840448" percent="94" />
      <mem type="survivor" free="0" total="3145728" percent="0" />
    </mem>
    <mem type="tenure" free="5164368" total="27918336" percent="18">
      <mem type="soa" free="3767632" total="26521600" percent="14" />
      <mem type="loa" free="1396736" total="1396736" percent="100" />
    </mem>
    <pending-finalizers system="1" default="0" reference="0" classloader="0" />
    <remembered-set count="1517" />
  </mem-info>
</gc-end>
<cycle-end id="1092" type="scavenge" contextid="1085" timestamp="2025-12-10T06:44:40.111" />
<allocation-satisfied id="1093" threadId="0000000000836400" bytesRequested="56" />
<af-end id="1094" timestamp="2025-12-10T06:44:40.112" threadId="0000000000836E78" success="true" from="nursery"/>
<exclusive-end id="1095" timestamp="2025-12-10T06:44:40.113" durationms="7.818" />

<exclusive-start id="1096" timestamp="2025-12-10T06:44:40.144" intervalms="39.104">
  <response-info timems="0.052" idlems="0.052" threads="0" lastid="0000000000836400" lastname="Default Executor-thread-1" />
</exclusive-start>
<af-start id="1097" threadId="0000000000836E78" totalBytesRequested="272" timestamp="2025-12-10T06:44:40.145" intervalms="39.088" type="nursery" />
<cycle-start id="1098" type="scavenge" contextid="0" timestamp="2025-12-10T06:44:40.145" intervalms="39.100" />
<gc-start id="1099" type="scavenge" contextid="1098" timestamp="2025-12-10T06:44:40.146">
  <mem-info id="1100" free="5164368" total="51904512" percent="9">
    <mem type="nursery" free="0" total="23986176" percent="0">
      <mem type="allocate" free="0" total="20840448" percent="0" />
      <mem type="survivor" free="0" total="3145728" percent="0" />
    </mem>
    <mem type="tenure" free="5164368" total="27918336" percent="18">
      <mem type="soa" free="3767632" total="26521600" percent="14" />
      <mem type="loa" free="1396736" total="1396736" percent="100" />
    </mem>
    <remembered-set count="2439" />
  </mem-info>
</gc-start>
<allocation-stats totalBytes="19776840" discardedBytes="3480" >
  <allocated-bytes non-tlh="56" tlh="19776784" />
  <largest-consumer threadName="Default Executor-thread-1" threadId="0000000000836400" bytes="19776840" />
</allocation-stats>
<gc-op id="1101" type="scavenge" timems="2.299" contextid="1098" timestamp="2025-12-10T06:44:40.149">
  <scavenger-info tenureage="14" tenuremask="4000" tiltratio="86" />
  <memory-copied type="nursery" objects="48612" bytes="1717672" bytesdiscarded="31352" />
  <object-monitors candidates="21" cleared="0"  />
</gc-op>
<heap-resize id="1102" type="expand" space="nursery" amount="917504" count="1" timems="0.024" reason="excessive time being spent scavenging" timestamp="2025-12-10T06:44:40.149" />
<gc-end id="1103" type="scavenge" contextid="1098" durationms="3.835" usertimems="3.584" systemtimems="2.005" stalltimems="1.416" timestamp="2025-12-10T06:44:40.150" activeThreads="3">
  <mem-info id="1104" free="25238832" total="52822016" percent="47">
    <mem type="nursery" free="20074464" total="24903680" percent="80">
      <mem type="allocate" free="20074464" total="21823488" percent="91" />
      <mem type="survivor" free="0" total="3080192" percent="0" />
    </mem>
    <mem type="tenure" free="5164368" total="27918336" percent="18">
      <mem type="soa" free="3767632" total="26521600" percent="14" />
      <mem type="loa" free="1396736" total="1396736" percent="100" />
    </mem>
    <remembered-set count="1902" />
  </mem-info>
</gc-end>
<cycle-end id="1105" type="scavenge" contextid="1098" timestamp="2025-12-10T06:44:40.150" />
<allocation-satisfied id="1106" threadId="0000000000836400" bytesRequested="272" />
<af-end id="1107" timestamp="2025-12-10T06:44:40.151" threadId="0000000000836E78" success="true" from="nursery"/>
<exclusive-end id="1108" timestamp="2025-12-10T06:44:40.152" durationms="7.681" />

<exclusive-start id="1109" timestamp="2025-12-10T06:44:40.167" intervalms="22.958">
  <response-info timems="0.029" idlems="0.029" threads="0" lastid="0000000000836400" lastname="Default Executor-thread-1" />
</exclusive-start>
<af-start id="1110" threadId="0000000000836E78" totalBytesRequested="16" timestamp="2025-12-10T06:44:40.168" intervalms="22.831" type="nursery" />
<cycle-start id="1111" type="scavenge" contextid="0" timestamp="2025-12-10T06:44:40.168" intervalms="22.637" />
<gc-start id="1112" type="scavenge" contextid="1111" timestamp="2025-12-10T06:44:40.169">
  <mem-info id="1113" free="5164368" total="52822016" percent="9">
    <mem type="nursery" free="0" total="24903680" percent="0">
      <mem type="allocate" free="0" total="21823488" percent="0" />
      <mem type="survivor" free="0" total="3080192" percent="0" />
    </mem>
    <mem type="tenure" free="5164368" total="27918336" percent="18">
      <mem type="soa" free="3767632" total="26521600" percent="14" />
      <mem type="loa" free="1396736" total="1396736" percent="100" />
    </mem>
    <remembered-set count="2103" />
  </mem-info>
</gc-start>
<allocation-stats totalBytes="20069000" discardedBytes="5464" >
  <allocated-bytes non-tlh="272" tlh="20068728" />
  <largest-consumer threadName="Default Executor-thread-1" threadId="0000000000836400" bytes="20069000" />
</allocation-stats>
<gc-op id="1114" type="scavenge" timems="1.785" contextid="1111" timestamp="2025-12-10T06:44:40.171">
  <scavenger-info tenureage="14" tenuremask="4000" tiltratio="87" />
  <memory-copied type="nursery" objects="56338" bytes="2789144" bytesdiscarded="35656" />
  <object-monitors candidates="21" cleared="0"  />
</gc-op>
<heap-resize id="1115" type="expand" space="nursery" amount="1572864" count="1" timems="0.030" reason="excessive time being spent scavenging" timestamp="2025-12-10T06:44:40.172" />
<gc-end id="1116" type="scavenge" contextid="1111" durationms="3.569" usertimems="5.001" systemtimems="0.000" stalltimems="0.462" timestamp="2025-12-10T06:44:40.172" activeThreads="3">
  <mem-info id="1117" free="24031984" total="54394880" percent="44">
    <mem type="nursery" free="18867616" total="26476544" percent="71">
      <mem type="allocate" free="18867616" total="21692416" percent="86" />
      <mem type="survivor" free="0" total="4784128" percent="0" />
    </mem>
    <mem type="tenure" free="5164368" total="27918336" percent="18">
      <mem type="soa" free="3767632" total="26521600" percent="14" />
      <mem type="loa" free="1396736" total="1396736" percent="100" />
    </mem>
    <remembered-set count="1968" />
  </mem-info>
</gc-end>
<cycle-end id="1118" type="scavenge" contextid="1111" timestamp="2025-12-10T06:44:40.173" />
<allocation-satisfied id="1119" threadId="0000000000836400" bytesRequested="16" />
<af-end id="1120" timestamp="2025-12-10T06:44:40.174" threadId="0000000000836E78" success="true" from="nursery"/>
<exclusive-end id="1121" timestamp="2025-12-10T06:44:40.174" durationms="7.415" />

<exclusive-start id="1122" timestamp="2025-12-10T06:44:40.196" intervalms="28.911">
  <response-info timems="0.030" idlems="0.030" threads="0" lastid="0000000000836400" lastname="Default Executor-thread-1" />
</exclusive-start>
<af-start id="1123" threadId="0000000000836E78" totalBytesRequested="48" timestamp="2025-12-10T06:44:40.197" intervalms="28.974" type="nursery" />
<cycle-start id="1124" type="scavenge" contextid="0" timestamp="2025-12-10T06:44:40.197" intervalms="29.076" />
<gc-start id="1125" type="scavenge" contextid="1124" timestamp="2025-12-10T06:44:40.198">
  <mem-info id="1126" free="5164368" total="54394880" percent="9">
    <mem type="nursery" free="0" total="26476544" percent="0">
      <mem type="allocate" free="0" total="21692416" percent="0" />
      <mem type="survivor" free="0" total="4784128" percent="0" />
    </mem>
    <mem type="tenure" free="5164368" total="27918336" percent="18">
      <mem type="soa" free="3767632" total="26521600" percent="14" />
      <mem type="loa" free="1396736" total="1396736" percent="100" />
    </mem>
    <remembered-set count="2314" />
  </mem-info>
</gc-start>
<allocation-stats totalBytes="18860680" discardedBytes="6936" >
  <allocated-bytes non-tlh="16" tlh="18860664" />
  <largest-consumer threadName="Default Executor-thread-1" threadId="0000000000836400" bytes="18860680" />
</allocation-stats>
<gc-op id="1127" type="scavenge" timems="1.900" contextid="1124" timestamp="2025-12-10T06:44:40.201">
  <scavenger-info tenureage="14" tenuremask="4000" tiltratio="81" />
  <memory-copied type="nursery" objects="55739" bytes="1667048" bytesdiscarded="34256" />
  <object-monitors candidates="21" cleared="0"  />
</gc-op>
<heap-resize id="1128" type="expand" space="nursery" amount="1310720" count="1" timems="0.024" reason="excessive time being spent scavenging" timestamp="2025-12-10T06:44:40.201" />
<gc-end id="1129" type="scavenge" contextid="1124" durationms="3.642" usertimems="5.391" systemtimems="0.000" stalltimems="0.624" timestamp="2025-12-10T06:44:40.201" activeThreads="3">
  <mem-info id="1130" free="26728344" total="55705600" percent="47">
    <mem type="nursery" free="21563976" total="27787264" percent="77">
      <mem type="allocate" free="21563976" total="23265280" percent="92" />
      <mem type="survivor" free="0" total="4521984" percent="0" />
    </mem>
    <mem type="tenure" free="5164368" total="27918336" percent="18">
      <mem type="soa" free="3767632" total="26521600" percent="14" />
      <mem type="loa" free="1396736" total="1396736" percent="100" />
    </mem>
    <remembered-set count="2116" />
  </mem-info>
</gc-end>
<cycle-end id="1131" type="scavenge" contextid="1124" timestamp="2025-12-10T06:44:40.202" />
<allocation-satisfied id="1132" threadId="0000000000836400" bytesRequested="48" />
<af-end id="1133" timestamp="2025-12-10T06:44:40.203" threadId="0000000000836E78" success="true" from="nursery"/>
<exclusive-end id="1134" timestamp="2025-12-10T06:44:40.203" durationms="7.384" />

<exclusive-start id="1135" timestamp="2025-12-10T06:44:40.233" intervalms="37.163">
  <response-info timems="0.040" idlems="0.040" threads="0" lastid="0000000000836400" lastname="Default Executor-thread-1" />
</exclusive-start>
<af-start id="1136" threadId="0000000000836E78" totalBytesRequested="24" timestamp="2025-12-10T06:44:40.234" intervalms="37.183" type="nursery" />
<cycle-start id="1137" type="scavenge" contextid="0" timestamp="2025-12-10T06:44:40.234" intervalms="37.165" />
<gc-start id="1138" type="scavenge" contextid="1137" timestamp="2025-12-10T06:44:40.235">
  <mem-info id="1139" free="5164368" total="55705600" percent="9">
    <mem type="nursery" free="0" total="27787264" percent="0">
      <mem type="allocate" free="0" total="23265280" percent="0" />
      <mem type="survivor" free="0" total="4521984" percent="0" />
    </mem>
    <mem type="tenure" free="5164368" total="27918336" percent="18">
      <mem type="soa" free="3767632" total="26521600" percent="14" />
      <mem type="loa" free="1396736" total="1396736" percent="100" />
    </mem>
    <remembered-set count="2296" />
  </mem-info>
</gc-start>
<allocation-stats totalBytes="21560120" discardedBytes="3856" >
  <allocated-bytes non-tlh="48" tlh="21560072" />
  <largest-consumer threadName="Default Executor-thread-1" threadId="0000000000836400" bytes="21560120" />
</allocation-stats>
<gc-op id="1140" type="scavenge" timems="1.700" contextid="1137" timestamp="2025-12-10T06:44:40.238">
  <scavenger-info tenureage="14" tenuremask="4000" tiltratio="83" />
  <memory-copied type="nursery" objects="63162" bytes="2688736" bytesdiscarded="39632" />
  <object-monitors candidates="21" cleared="0"  />
</gc-op>
<heap-resize id="1141" type="expand" space="nursery" amount="1048576" count="1" timems="0.026" reason="excessive time being spent scavenging" timestamp="2025-12-10T06:44:40.238" />
<gc-end id="1142" type="scavenge" contextid="1137" durationms="3.885" usertimems="4.916" systemtimems="0.000" stalltimems="0.775" timestamp="2025-12-10T06:44:40.239" activeThreads="3">
  <mem-info id="1143" free="26487712" total="56754176" percent="46">
    <mem type="nursery" free="21323344" total="28835840" percent="73">
      <mem type="allocate" free="21323344" total="24051712" percent="88" />
      <mem type="survivor" free="0" total="4784128" percent="0" />
    </mem>
    <mem type="tenure" free="5164368" total="27918336" percent="18">
      <mem type="soa" free="3767632" total="26521600" percent="14" />
      <mem type="loa" free="1396736" total="1396736" percent="100" />
    </mem>
    <remembered-set count="2139" />
  </mem-info>
</gc-end>
<cycle-end id="1144" type="scavenge" contextid="1137" timestamp="2025-12-10T06:44:40.239" />
<allocation-satisfied id="1145" threadId="0000000000836400" bytesRequested="24" />
<af-end id="1146" timestamp="2025-12-10T06:44:40.240" threadId="0000000000836E78" success="true" from="nursery"/>
<exclusive-end id="1147" timestamp="2025-12-10T06:44:40.241" durationms="7.601" />

<exclusive-start id="1148" timestamp="2025-12-10T06:44:40.261" intervalms="28.354">
  <response-info timems="0.031" idlems="0.031" threads="0" lastid="0000000000836400" lastname="Default Executor-thread-1" />
</exclusive-start>
<af-start id="1149" threadId="0000000000836E78" totalBytesRequested="144" timestamp="2025-12-10T06:44:40.262" intervalms="28.251" type="nursery" />
<cycle-start id="1150" type="scavenge" contextid="0" timestamp="2025-12-10T06:44:40.263" intervalms="28.290" />
<gc-start id="1151" type="scavenge" contextid="1150" timestamp="2025-12-10T06:44:40.263">
  <mem-info id="1152" free="5164112" total="56754176" percent="9">
    <mem type="nursery" free="0" total="28835840" percent="0">
      <mem type="allocate" free="0" total="24051712" percent="0" />
      <mem type="survivor" free="0" total="4784128" percent="0" />
    </mem>
    <mem type="tenure" free="5164112" total="27918336" percent="18">
      <mem type="soa" free="3767376" total="26521600" percent="14" />
      <mem type="loa" free="1396736" total="1396736" percent="100" />
    </mem>
    <remembered-set count="2207" />
  </mem-info>
</gc-start>
<allocation-stats totalBytes="21320784" discardedBytes="2816" >
  <allocated-bytes non-tlh="280" tlh="21320504" />
  <largest-consumer threadName="Default Executor-thread-1" threadId="0000000000836400" bytes="21320784" />
</allocation-stats>
<gc-op id="1153" type="scavenge" timems="2.025" contextid="1150" timestamp="2025-12-10T06:44:40.268">
  <scavenger-info tenureage="14" tenuremask="4000" tiltratio="83" />
  <memory-copied type="nursery" objects="61194" bytes="2147192" bytesdiscarded="24136" />
  <references type="weak" candidates="1" cleared="1" enqueued="1" />
  <object-monitors candidates="21" cleared="0"  />
</gc-op>
<heap-resize id="1154" type="expand" space="nursery" amount="2359296" count="1" timems="0.042" reason="excessive time being spent scavenging" timestamp="2025-12-10T06:44:40.269" />
<gc-end id="1155" type="scavenge" contextid="1150" durationms="5.829" usertimems="5.149" systemtimems="0.543" stalltimems="0.871" timestamp="2025-12-10T06:44:40.269" activeThreads="3">
  <mem-info id="1156" free="29469328" total="59113472" percent="49">
    <mem type="nursery" free="24305216" total="31195136" percent="77">
      <mem type="allocate" free="24305216" total="26476544" percent="91" />
      <mem type="survivor" free="0" total="4718592" percent="0" />
    </mem>
    <mem type="tenure" free="5164112" total="27918336" percent="18">
      <mem type="soa" free="3767376" total="26521600" percent="14" />
      <mem type="loa" free="1396736" total="1396736" percent="100" />
    </mem>
    <pending-finalizers system="0" default="0" reference="1" classloader="0" />
    <remembered-set count="2162" />
  </mem-info>
</gc-end>
<cycle-end id="1157" type="scavenge" contextid="1150" timestamp="2025-12-10T06:44:40.270" />
<allocation-satisfied id="1158" threadId="0000000000836400" bytesRequested="144" />
<af-end id="1159" timestamp="2025-12-10T06:44:40.271" threadId="0000000000836E78" success="true" from="nursery"/>
<exclusive-end id="1160" timestamp="2025-12-10T06:44:40.271" durationms="9.599" />

<exclusive-start id="1161" timestamp="2025-12-10T06:44:40.290" intervalms="28.389">
  <response-info timems="0.041" idlems="0.041" threads="0" lastid="0000000000836400" lastname="Default Executor-thread-1" />
</exclusive-start>
<af-start id="1162" threadId="0000000000836E78" totalBytesRequested="1040" timestamp="2025-12-10T06:44:40.291" intervalms="28.625" type="nursery" />
<cycle-start id="1163" type="scavenge" contextid="0" timestamp="2025-12-10T06:44:40.291" intervalms="28.506" />
<gc-start id="1164" type="scavenge" contextid="1163" timestamp="2025-12-10T06:44:40.292">
  <mem-info id="1165" free="5164112" total="59113472" percent="8">
    <mem type="nursery" free="0" total="31195136" percent="0">
      <mem type="allocate" free="0" total="26476544" percent="0" />
      <mem type="survivor" free="0" total="4718592" percent="0" />
    </mem>
    <mem type="tenure" free="5164112" total="27918336" percent="18">
      <mem type="soa" free="3767376" total="26521600" percent="14" />
      <mem type="loa" free="1396736" total="1396736" percent="100" />
    </mem>
    <remembered-set count="2407" />
  </mem-info>
</gc-start>
<allocation-stats totalBytes="24297024" discardedBytes="8192" >
  <allocated-bytes non-tlh="144" tlh="24296880" />
  <largest-consumer threadName="Default Executor-thread-1" threadId="0000000000836400" bytes="24284736" />
</allocation-stats>
<gc-op id="1166" type="scavenge" timems="1.340" contextid="1163" timestamp="2025-12-10T06:44:40.294">
  <scavenger-info tenureage="14" tenuremask="4000" tiltratio="84" />
  <memory-copied type="nursery" objects="58385" bytes="1974336" bytesdiscarded="10080" />
  <ownableSynchronizers candidates="2" cleared="0" />
  <object-monitors candidates="21" cleared="0"  />
</gc-op>
<heap-resize id="1167" type="expand" space="nursery" amount="1703936" count="1" timems="0.028" reason="excessive time being spent scavenging" timestamp="2025-12-10T06:44:40.295" />
<gc-end id="1168" type="scavenge" contextid="1163" durationms="3.458" usertimems="3.273" systemtimems="0.837" stalltimems="0.348" timestamp="2025-12-10T06:44:40.295" activeThreads="3">
  <mem-info id="1169" free="31818928" total="60817408" percent="52">
    <mem type="nursery" free="26654816" total="32899072" percent="81">
      <mem type="allocate" free="26654816" total="28639232" percent="93" />
      <mem type="survivor" free="0" total="4259840" percent="0" />
    </mem>
    <mem type="tenure" free="5164112" total="27918336" percent="18">
      <mem type="soa" free="3767376" total="26521600" percent="14" />
      <mem type="loa" free="1396736" total="1396736" percent="100" />
    </mem>
    <remembered-set count="2238" />
  </mem-info>
</gc-end>
<cycle-end id="1170" type="scavenge" contextid="1163" timestamp="2025-12-10T06:44:40.295" />
<allocation-satisfied id="1171" threadId="0000000000836400" bytesRequested="1040" />
<af-end id="1172" timestamp="2025-12-10T06:44:40.296" threadId="0000000000836E78" success="true" from="nursery"/>
<exclusive-end id="1173" timestamp="2025-12-10T06:44:40.297" durationms="7.036" />

<exclusive-start id="1174" timestamp="2025-12-10T06:44:40.412" intervalms="121.848">
  <response-info timems="0.034" idlems="0.034" threads="0" lastid="0000000000836400" lastname="Default Executor-thread-1" />
</exclusive-start>
<af-start id="1175" threadId="0000000000836E78" totalBytesRequested="24" timestamp="2025-12-10T06:44:40.412" intervalms="121.764" type="nursery" />
<cycle-start id="1176" type="scavenge" contextid="0" timestamp="2025-12-10T06:44:40.413" intervalms="121.967" />
<gc-start id="1177" type="scavenge" contextid="1176" timestamp="2025-12-10T06:44:40.414">
  <mem-info id="1178" free="5161480" total="60817408" percent="8">
    <mem type="nursery" free="0" total="32899072" percent="0">
      <mem type="allocate" free="0" total="28639232" percent="0" />
      <mem type="survivor" free="0" total="4259840" percent="0" />
    </mem>
    <mem type="tenure" free="5161480" total="27918336" percent="18">
      <mem type="soa" free="3764744" total="26521600" percent="14" />
      <mem type="loa" free="1396736" total="1396736" percent="100" />
    </mem>
    <remembered-set count="4021" />
  </mem-info>
</gc-start>
<allocation-stats totalBytes="26654976" discardedBytes="2472" >
  <allocated-bytes non-tlh="479856" tlh="26175120" />
  <largest-consumer threadName="Default Executor-thread-1" threadId="0000000000836400" bytes="26073512" />
</allocation-stats>
<gc-op id="1179" type="scavenge" timems="4.955" contextid="1176" timestamp="2025-12-10T06:44:40.420">
  <scavenger-info tenureage="11" tenuremask="4800" tiltratio="87" />
  <memory-copied type="nursery" objects="74867" bytes="4253536" bytesdiscarded="2648" />
  <memory-copied type="tenure" objects="49477" bytes="1438416" bytesdiscarded="1776" />
  <copy-failed type="nursery" objects="42181" bytes="1240968" />
  <ownableSynchronizers candidates="2" cleared="0" />
  <references type="soft" candidates="1" cleared="0" enqueued="0" dynamicThreshold="9" maxThreshold="32" />
  <references type="weak" candidates="8" cleared="5" enqueued="5" />
  <references type="phantom" candidates="230" cleared="0" enqueued="0" />
  <object-monitors candidates="21" cleared="0"  />
</gc-op>
<gc-end id="1180" type="scavenge" contextid="1176" durationms="6.714" usertimems="6.479" systemtimems="7.017" stalltimems="1.577" timestamp="2025-12-10T06:44:40.420" activeThreads="3">
  <mem-info id="1181" free="21169480" total="60817408" percent="34">
    <mem type="nursery" free="17432576" total="32899072" percent="52">
      <mem type="allocate" free="17432576" total="21692416" percent="80" />
      <mem type="survivor" free="0" total="11206656" percent="0" />
    </mem>
    <mem type="tenure" free="3736904" total="27918336" percent="13">
      <mem type="soa" free="2340168" total="26521600" percent="8" />
      <mem type="loa" free="1396736" total="1396736" percent="100" />
    </mem>
    <pending-finalizers system="0" default="0" reference="5" classloader="0" />
    <remembered-set count="3695" />
  </mem-info>
</gc-end>
<cycle-end id="1182" type="scavenge" contextid="1176" timestamp="2025-12-10T06:44:40.421" />
<allocation-satisfied id="1183" threadId="0000000000836400" bytesRequested="24" />
<af-end id="1184" timestamp="2025-12-10T06:44:40.422" threadId="0000000000836E78" success="true" from="nursery"/>
<exclusive-end id="1185" timestamp="2025-12-10T06:44:40.423" durationms="11.053" />

<concurrent-kickoff id="1186" timestamp="2025-12-10T06:44:40.523">
  <kickoff reason="threshold reached" targetBytes="12007896" thresholdFreeBytes="1665481"  remainingFree="1343464" tenureFreeBytes="3726472" nurseryFreeBytes="1343464" />
</concurrent-kickoff>
<exclusive-start id="1187" timestamp="2025-12-10T06:44:40.525" intervalms="113.095">
  <response-info timems="0.045" idlems="0.045" threads="0" lastid="0000000000836400" lastname="Default Executor-thread-1" />
</exclusive-start>
<cycle-start id="1188" type="global" contextid="0" timestamp="2025-12-10T06:44:40.525" intervalms="699.125" />
<concurrent-start id="1189" type="global mark" contextid="1188" timestamp="2025-12-10T06:44:40.526">
</concurrent-start>
<exclusive-end id="1190" timestamp="2025-12-10T06:44:40.526" durationms="1.657" />

<concurrent-end id="1191" type="global mark" contextid="1188" timestamp="2025-12-10T06:44:40.543">
<gc-op id="1192" type="trace" timems="17.171" contextid="1188" timestamp="2025-12-10T06:44:40.543">
  <trace bytesTraced="12068524" workStackOverflowCount="0" />
  <card-cleaning reason="card cleaning threshold reached" bytesTraced="235672" cardsCleaned="796" />
</gc-op>
</concurrent-end>

<exclusive-start id="1193" timestamp="2025-12-10T06:44:40.544" intervalms="19.268">
  <response-info timems="0.048" idlems="0.048" threads="0" lastid="00000000005ECE00" lastname="Equinox start level thread - Equinox Container: 1f7f485a-4629-4" />
</exclusive-start>
<concurrent-global-final id="1194" timestamp="2025-12-10T06:44:40.545" contextid="1188" intervalms="690.864" >
  <concurrent-trace-info reason="card cleaning threshold reached" tracedByMutators="4759880" tracedByHelpers="7544316" cardsCleaned="796" workStackOverflowCount="0" />
</concurrent-global-final>
<gc-start id="1195" type="global" contextid="1188" timestamp="2025-12-10T06:44:40.546">
  <mem-info id="1196" free="3732080" total="60817408" percent="6">
    <mem type="nursery" free="20304" total="32899072" percent="0">
      <mem type="allocate" free="20304" total="21692416" percent="0" />
      <mem type="survivor" free="0" total="11206656" percent="0" />
    </mem>
    <mem type="tenure" free="3711776" total="27918336" percent="13">
      <mem type="soa" free="2315040" total="26521600" percent="8" />
      <mem type="loa" free="1396736" total="1396736" percent="100" />
    </mem>
    <remembered-set count="5138" />
  </mem-info>
</gc-start>
<allocation-stats totalBytes="17433976" discardedBytes="3424" >
  <allocated-bytes non-tlh="86744" tlh="17347232" />
  <largest-consumer threadName="Default Executor-thread-1" threadId="0000000000836400" bytes="16090216" />
</allocation-stats>
<gc-op id="1197" type="rs-scan" timems="2.917" contextid="1188" timestamp="2025-12-10T06:44:40.550">
  <scan objectsFound="95602" bytesTraced="3202768" workStackOverflowCount="0" />
</gc-op>
<gc-op id="1198" type="card-cleaning" timems="0.828" contextid="1188" timestamp="2025-12-10T06:44:40.552">
  <card-cleaning cardsCleaned="50" bytesTraced="54312" workStackOverflowCount="0" />
</gc-op>
<gc-op id="1199" type="mark" timems="3.757" contextid="1188" timestamp="2025-12-10T06:44:40.556">
  <trace-info objectcount="473" scancount="448" scanbytes="18100" />
  <finalization candidates="730" enqueued="0" />
  <ownableSynchronizers candidates="1632" cleared="79" />
  <references type="soft" candidates="4537" cleared="0" enqueued="0" dynamicThreshold="9" maxThreshold="32" />
  <references type="weak" candidates="1774" cleared="78" enqueued="78" />
  <references type="phantom" candidates="302" cleared="0" enqueued="0" />
  <stringconstants candidates="13091" cleared="38"  />
  <object-monitors candidates="22" cleared="0"  />
</gc-op>
<gc-op id="1200" type="sweep" timems="1.567" contextid="1188" timestamp="2025-12-10T06:44:40.558" />
<heap-resize id="1201" type="expand" space="tenure" amount="1114112" count="1" timems="0.043" reason="insufficient free space following gc" timestamp="2025-12-10T06:44:40.559" />
<gc-end id="1202" type="global" contextid="1188" durationms="13.605" usertimems="25.557" systemtimems="10.410" stalltimems="79.872" timestamp="2025-12-10T06:44:40.559" activeThreads="20">
  <mem-info id="1203" free="24642320" total="61931520" percent="39">
    <mem type="nursery" free="15931784" total="32899072" percent="48">
      <mem type="allocate" free="15931784" total="21692416" percent="73" />
      <mem type="survivor" free="0" total="11206656" percent="0" />
    </mem>
    <mem type="tenure" free="8710536" total="29032448" percent="30" micro-fragmented="473966" macro-fragmented="0">
      <mem type="soa" free="7258504" total="27580416" percent="26" />
      <mem type="loa" free="1452032" total="1452032" percent="100" />
    </mem>
    <pending-finalizers system="0" default="0" reference="78" classloader="0" />
    <remembered-set count="4062" />
  </mem-info>
</gc-end>
<cycle-end id="1204" type="global" contextid="1188" timestamp="2025-12-10T06:44:40.560" />
<exclusive-end id="1205" timestamp="2025-12-10T06:44:40.560" durationms="16.105" />

<exclusive-start id="1206" timestamp="2025-12-10T06:44:40.657" intervalms="112.783">
  <response-info timems="0.065" idlems="0.065" threads="0" lastid="00000000005F3B00" lastname="Equinox start level thread - Equinox Container: 1f7f485a-4629-4" />
</exclusive-start>
<af-start id="1207" threadId="00000000005F4578" totalBytesRequested="132480" timestamp="2025-12-10T06:44:40.658" intervalms="245.167" type="nursery" />
<cycle-start id="1208" type="scavenge" contextid="0" timestamp="2025-12-10T06:44:40.658" intervalms="245.209" />
<gc-start id="1209" type="scavenge" contextid="1208" timestamp="2025-12-10T06:44:40.659">
  <mem-info id="1210" free="11266408" total="61931520" percent="18">
    <mem type="nursery" free="2706648" total="32899072" percent="8">
      <mem type="allocate" free="2706648" total="21692416" percent="12" />
      <mem type="survivor" free="0" total="11206656" percent="0" />
    </mem>
    <mem type="tenure" free="8559760" total="29032448" percent="29">
      <mem type="soa" free="7107728" total="27580416" percent="25" />
      <mem type="loa" free="1452032" total="1452032" percent="100" />
    </mem>
    <remembered-set count="6498" />
  </mem-info>
</gc-start>
<allocation-stats totalBytes="13299824" discardedBytes="66472" >
  <allocated-bytes non-tlh="241224" tlh="13058600" />
  <largest-consumer threadName="Start Level: Equinox Container: 1f7f485a-4629-4767-9cc9-30e45ea3d6c4" threadId="00000000005E4400" bytes="3494584" />
</allocation-stats>
<gc-op id="1211" type="scavenge" timems="7.475" contextid="1208" timestamp="2025-12-10T06:44:40.668">
  <scavenger-info tenureage="13" tenuremask="6000" tiltratio="65" />
  <memory-copied type="nursery" objects="143719" bytes="6275904" bytesdiscarded="16728" />
  <memory-copied type="tenure" objects="614" bytes="15160" bytesdiscarded="0" />
  <finalization candidates="22" enqueued="22" />
  <ownableSynchronizers candidates="4688" cleared="3435" />
  <references type="soft" candidates="684" cleared="0" enqueued="0" dynamicThreshold="9" maxThreshold="32" />
  <references type="weak" candidates="1182" cleared="516" enqueued="515" />
  <references type="phantom" candidates="281" cleared="8" enqueued="8" />
  <object-monitors candidates="23" cleared="0"  />
</gc-op>
<gc-end id="1212" type="scavenge" contextid="1208" durationms="9.320" usertimems="27.512" systemtimems="0.325" stalltimems="4.444" timestamp="2025-12-10T06:44:40.669" activeThreads="4">
  <mem-info id="1213" free="25881848" total="61931520" percent="41">
    <mem type="nursery" free="17351272" total="32899072" percent="52">
      <mem type="allocate" free="17351272" total="23658496" percent="73" />
      <mem type="survivor" free="0" total="9240576" percent="0" />
    </mem>
    <mem type="tenure" free="8530576" total="29032448" percent="29">
      <mem type="soa" free="7078544" total="27580416" percent="25" />
      <mem type="loa" free="1452032" total="1452032" percent="100" />
    </mem>
    <pending-finalizers system="22" default="0" reference="523" classloader="0" />
    <remembered-set count="5568" />
  </mem-info>
</gc-end>
<cycle-end id="1214" type="scavenge" contextid="1208" timestamp="2025-12-10T06:44:40.669" />
<allocation-satisfied id="1215" threadId="00000000005F3B00" bytesRequested="132480" />
<af-end id="1216" timestamp="2025-12-10T06:44:40.670" threadId="00000000005F4578" success="true" from="nursery"/>
<exclusive-end id="1217" timestamp="2025-12-10T06:44:40.671" durationms="13.955" />

<exclusive-start id="1218" timestamp="2025-12-10T06:44:40.736" intervalms="78.717">
  <response-info timems="0.095" idlems="0.070" threads="1" lastid="00000000005F3B00" lastname="Equinox start level thread - Equinox Container: 1f7f485a-4629-4" />
</exclusive-start>
<af-start id="1219" threadId="00000000005ECB78" totalBytesRequested="16" timestamp="2025-12-10T06:44:40.736" intervalms="78.754" type="nursery" />
<cycle-start id="1220" type="scavenge" contextid="0" timestamp="2025-12-10T06:44:40.737" intervalms="78.568" />
<gc-start id="1221" type="scavenge" contextid="1220" timestamp="2025-12-10T06:44:40.737">
  <mem-info id="1222" free="8299816" total="61931520" percent="13">
    <mem type="nursery" free="0" total="32899072" percent="0">
      <mem type="allocate" free="0" total="23658496" percent="0" />
      <mem type="survivor" free="0" total="9240576" percent="0" />
    </mem>
    <mem type="tenure" free="8299816" total="29032448" percent="28">
      <mem type="soa" free="6847784" total="27580416" percent="24" />
      <mem type="loa" free="1452032" total="1452032" percent="100" />
    </mem>
    <remembered-set count="9042" />
  </mem-info>
</gc-start>
<allocation-stats totalBytes="17569520" discardedBytes="9000" >
  <allocated-bytes non-tlh="495208" tlh="17074312" />
  <largest-consumer threadName="Equinox start level thread - Equinox Container: 1f7f485a-4629-4767-9cc9-30e45ea3d6c4" threadId="00000000005ECE00" bytes="4890264" />
</allocation-stats>
<gc-op id="1223" type="scavenge" timems="5.283" contextid="1220" timestamp="2025-12-10T06:44:40.744">
  <scavenger-info tenureage="13" tenuremask="e000" tiltratio="71" />
  <memory-copied type="nursery" objects="188185" bytes="8130664" bytesdiscarded="59888" />
  <finalization candidates="9" enqueued="9" />
  <ownableSynchronizers candidates="3166" cleared="862" />
  <references type="soft" candidates="1625" cleared="0" enqueued="0" dynamicThreshold="9" maxThreshold="32" />
  <references type="weak" candidates="1800" cleared="710" enqueued="709" />
  <references type="phantom" candidates="304" cleared="6" enqueued="6" />
  <object-monitors candidates="38" cleared="9"  />
</gc-op>
<heap-resize id="1224" type="expand" space="nursery" amount="1703936" count="1" timems="0.039" reason="excessive time being spent scavenging" timestamp="2025-12-10T06:44:40.744" />
<gc-end id="1225" type="scavenge" contextid="1220" durationms="7.399" usertimems="21.352" systemtimems="2.503" stalltimems="4.376" timestamp="2025-12-10T06:44:40.745" activeThreads="5">
  <mem-info id="1226" free="22240752" total="63635456" percent="34">
    <mem type="nursery" free="13940936" total="34603008" percent="40">
      <mem type="allocate" free="13940936" total="22151168" percent="62" />
      <mem type="survivor" free="0" total="12451840" percent="0" />
    </mem>
    <mem type="tenure" free="8299816" total="29032448" percent="28">
      <mem type="soa" free="6847784" total="27580416" percent="24" />
      <mem type="loa" free="1452032" total="1452032" percent="100" />
    </mem>
    <pending-finalizers system="9" default="0" reference="715" classloader="0" />
    <remembered-set count="8660" />
  </mem-info>
</gc-end>
<cycle-end id="1227" type="scavenge" contextid="1220" timestamp="2025-12-10T06:44:40.745" />
<allocation-satisfied id="1228" threadId="00000000005EC100" bytesRequested="16" />
<af-end id="1229" timestamp="2025-12-10T06:44:40.746" threadId="00000000005ECB78" success="true" from="nursery"/>
<exclusive-end id="1230" timestamp="2025-12-10T06:44:40.747" durationms="11.233" />

<exclusive-start id="1231" timestamp="2025-12-10T06:44:40.771" intervalms="35.814">
  <response-info timems="0.046" idlems="0.046" threads="0" lastid="00000000005EFE00" lastname="Equinox start level thread - Equinox Container: 1f7f485a-4629-4" />
</exclusive-start>
<af-start id="1232" threadId="00000000005F0878" totalBytesRequested="80" timestamp="2025-12-10T06:44:40.772" intervalms="35.553" type="nursery" />
<cycle-start id="1233" type="scavenge" contextid="0" timestamp="2025-12-10T06:44:40.772" intervalms="35.492" />
<gc-start id="1234" type="scavenge" contextid="1233" timestamp="2025-12-10T06:44:40.773">
  <mem-info id="1235" free="8256672" total="63635456" percent="12">
    <mem type="nursery" free="0" total="34603008" percent="0">
      <mem type="allocate" free="0" total="22151168" percent="0" />
      <mem type="survivor" free="0" total="12451840" percent="0" />
    </mem>
    <mem type="tenure" free="8256672" total="29032448" percent="28">
      <mem type="soa" free="6804640" total="27580416" percent="24" />
      <mem type="loa" free="1452032" total="1452032" percent="100" />
    </mem>
    <remembered-set count="10077" />
  </mem-info>
</gc-start>
<allocation-stats totalBytes="13979376" discardedBytes="3264" >
  <allocated-bytes non-tlh="41720" tlh="13937656" />
  <largest-consumer threadName="Equinox start level thread - Equinox Container: 1f7f485a-4629-4767-9cc9-30e45ea3d6c4" threadId="00000000005EFE00" bytes="4658504" />
</allocation-stats>
<gc-op id="1236" type="scavenge" timems="5.546" contextid="1233" timestamp="2025-12-10T06:44:40.779">
  <scavenger-info tenureage="3" tenuremask="6008" tiltratio="64" />
  <memory-copied type="nursery" objects="146517" bytes="6122792" bytesdiscarded="120208" />
  <memory-copied type="tenure" objects="60036" bytes="1960168" bytesdiscarded="2080" />
  <ownableSynchronizers candidates="2838" cleared="213" />
  <references type="soft" candidates="1846" cleared="0" enqueued="0" dynamicThreshold="9" maxThreshold="32" />
  <references type="weak" candidates="1543" cleared="238" enqueued="238" />
  <references type="phantom" candidates="269" cleared="0" enqueued="0" />
  <object-monitors candidates="29" cleared="0"  />
</gc-op>
<heap-resize id="1237" type="expand" space="nursery" amount="3145728" count="1" timems="0.903" reason="excessive time being spent scavenging" timestamp="2025-12-10T06:44:40.781" />
<gc-end id="1238" type="scavenge" contextid="1233" durationms="8.210" usertimems="29.725" systemtimems="0.000" stalltimems="5.318" timestamp="2025-12-10T06:44:40.781" activeThreads="6">
  <mem-info id="1239" free="25073112" total="66781184" percent="37">
    <mem type="nursery" free="18967560" total="37748736" percent="50">
      <mem type="allocate" free="18967560" total="25231360" percent="75" />
      <mem type="survivor" free="0" total="12517376" percent="0" />
    </mem>
    <mem type="tenure" free="6105552" total="29032448" percent="21">
      <mem type="soa" free="4653520" total="27580416" percent="16" />
      <mem type="loa" free="1452032" total="1452032" percent="100" />
    </mem>
    <pending-finalizers system="0" default="0" reference="238" classloader="0" />
    <remembered-set count="7263" />
  </mem-info>
</gc-end>
<cycle-end id="1240" type="scavenge" contextid="1233" timestamp="2025-12-10T06:44:40.782" />
<allocation-satisfied id="1241" threadId="00000000005EFE00" bytesRequested="80" />
<af-end id="1242" timestamp="2025-12-10T06:44:40.782" threadId="00000000005F0878" success="true" from="nursery"/>
<exclusive-end id="1243" timestamp="2025-12-10T06:44:40.783" durationms="11.340" />

<exclusive-start id="1244" timestamp="2025-12-10T06:44:40.831" intervalms="59.698">
  <response-info timems="0.206" idlems="0.206" threads="0" lastid="00000000005EFE00" lastname="Equinox start level thread - Equinox Container: 1f7f485a-4629-4" />
</exclusive-start>
<af-start id="1245" threadId="00000000005F0878" totalBytesRequested="16" timestamp="2025-12-10T06:44:40.832" intervalms="59.772" type="nursery" />
<cycle-start id="1246" type="scavenge" contextid="0" timestamp="2025-12-10T06:44:40.832" intervalms="59.865" />
<gc-start id="1247" type="scavenge" contextid="1246" timestamp="2025-12-10T06:44:40.833">
  <mem-info id="1248" free="5912224" total="66781184" percent="8">
    <mem type="nursery" free="0" total="37748736" percent="0">
      <mem type="allocate" free="0" total="25231360" percent="0" />
      <mem type="survivor" free="0" total="12517376" percent="0" />
    </mem>
    <mem type="tenure" free="5912224" total="29032448" percent="20">
      <mem type="soa" free="4460192" total="27580416" percent="16" />
      <mem type="loa" free="1452032" total="1452032" percent="100" />
    </mem>
    <remembered-set count="10331" />
  </mem-info>
</gc-start>
<allocation-stats totalBytes="19154144" discardedBytes="4472" >
  <allocated-bytes non-tlh="490896" tlh="18663248" />
  <largest-consumer threadName="Equinox start level thread - Equinox Container: 1f7f485a-4629-4767-9cc9-30e45ea3d6c4" threadId="00000000005EC100" bytes="6342040" />
</allocation-stats>
<gc-op id="1249" type="scavenge" timems="5.362" contextid="1246" timestamp="2025-12-10T06:44:40.839">
  <scavenger-info tenureage="13" tenuremask="6000" tiltratio="66" />
  <memory-copied type="nursery" objects="176594" bytes="7307088" bytesdiscarded="74176" />
  <memory-copied type="tenure" objects="742" bytes="18736" bytesdiscarded="432" />
  <finalization candidates="27" enqueued="27" />
  <ownableSynchronizers candidates="3568" cleared="417" />
  <references type="soft" candidates="2541" cleared="0" enqueued="0" dynamicThreshold="9" maxThreshold="32" />
  <references type="weak" candidates="2341" cleared="669" enqueued="666" />
  <references type="phantom" candidates="274" cleared="5" enqueued="5" />
  <object-monitors candidates="31" cleared="1"  />
</gc-op>
<heap-resize id="1250" type="expand" space="nursery" amount="1966080" count="1" timems="0.040" reason="excessive time being spent scavenging" timestamp="2025-12-10T06:44:40.840" />
<gc-end id="1251" type="scavenge" contextid="1246" durationms="7.445" usertimems="20.891" systemtimems="7.649" stalltimems="11.110" timestamp="2025-12-10T06:44:40.840" activeThreads="7">
  <mem-info id="1252" free="26321800" total="68747264" percent="38">
    <mem type="nursery" free="20445184" total="39714816" percent="51">
      <mem type="allocate" free="20445184" total="27852800" percent="73" />
      <mem type="survivor" free="0" total="11862016" percent="0" />
    </mem>
    <mem type="tenure" free="5876616" total="29032448" percent="20">
      <mem type="soa" free="4424584" total="27580416" percent="16" />
      <mem type="loa" free="1452032" total="1452032" percent="100" />
    </mem>
    <pending-finalizers system="27" default="0" reference="671" classloader="0" />
    <remembered-set count="7475" />
  </mem-info>
</gc-end>
<cycle-end id="1253" type="scavenge" contextid="1246" timestamp="2025-12-10T06:44:40.841" />
<allocation-satisfied id="1254" threadId="00000000005EFE00" bytesRequested="16" />
<af-end id="1255" timestamp="2025-12-10T06:44:40.842" threadId="00000000005F0878" success="true" from="nursery"/>
<exclusive-end id="1256" timestamp="2025-12-10T06:44:40.842" durationms="11.234" />

<exclusive-start id="1257" timestamp="2025-12-10T06:44:40.933" intervalms="101.887">
  <response-info timems="0.038" idlems="0.038" threads="0" lastid="00000000005F3B00" lastname="Equinox start level thread - Equinox Container: 1f7f485a-4629-4" />
</exclusive-start>
<af-start id="1258" threadId="00000000005F4578" totalBytesRequested="22584" timestamp="2025-12-10T06:44:40.934" intervalms="101.891" type="nursery" />
<cycle-start id="1259" type="scavenge" contextid="0" timestamp="2025-12-10T06:44:40.934" intervalms="101.917" />
<gc-start id="1260" type="scavenge" contextid="1259" timestamp="2025-12-10T06:44:40.935">
  <mem-info id="1261" free="5634832" total="68747264" percent="8">
    <mem type="nursery" free="0" total="39714816" percent="0">
      <mem type="allocate" free="0" total="27852800" percent="0" />
      <mem type="survivor" free="0" total="11862016" percent="0" />
    </mem>
    <mem type="tenure" free="5634832" total="29032448" percent="19">
      <mem type="soa" free="4182800" total="27580416" percent="15" />
      <mem type="loa" free="1452032" total="1452032" percent="100" />
    </mem>
    <remembered-set count="11170" />
  </mem-info>
</gc-start>
<allocation-stats totalBytes="20639024" discardedBytes="37328" >
  <allocated-bytes non-tlh="510744" tlh="20128280" />
  <largest-consumer threadName="Equinox start level thread - Equinox Container: 1f7f485a-4629-4767-9cc9-30e45ea3d6c4" threadId="00000000005EC100" bytes="6424896" />
</allocation-stats>
<gc-op id="1262" type="scavenge" timems="6.419" contextid="1259" timestamp="2025-12-10T06:44:40.942">
  <scavenger-info tenureage="13" tenuremask="6000" tiltratio="70" />
  <memory-copied type="nursery" objects="225580" bytes="9265032" bytesdiscarded="88472" />
  <memory-copied type="tenure" objects="677" bytes="17536" bytesdiscarded="8" />
  <finalization candidates="69" enqueued="69" />
  <ownableSynchronizers candidates="4703" cleared="504" />
  <references type="soft" candidates="3876" cleared="0" enqueued="0" dynamicThreshold="9" maxThreshold="32" />
  <references type="weak" candidates="3027" cleared="751" enqueued="750" />
  <references type="phantom" candidates="337" cleared="51" enqueued="51" />
  <object-monitors candidates="31" cleared="0"  />
</gc-op>
<gc-end id="1263" type="scavenge" contextid="1259" durationms="8.514" usertimems="29.644" systemtimems="5.015" stalltimems="11.794" timestamp="2025-12-10T06:44:40.943" activeThreads="7">
  <mem-info id="1264" free="22486304" total="68747264" percent="32">
    <mem type="nursery" free="16892752" total="39714816" percent="42">
      <mem type="allocate" free="16892752" total="26279936" percent="64" />
      <mem type="survivor" free="0" total="13434880" percent="0" />
    </mem>
    <mem type="tenure" free="5593552" total="29032448" percent="19">
      <mem type="soa" free="4141520" total="27580416" percent="15" />
      <mem type="loa" free="1452032" total="1452032" percent="100" />
    </mem>
    <pending-finalizers system="69" default="0" reference="801" classloader="0" />
    <remembered-set count="10289" />
  </mem-info>
</gc-end>
<cycle-end id="1265" type="scavenge" contextid="1259" timestamp="2025-12-10T06:44:40.944" />
<allocation-satisfied id="1266" threadId="00000000005F3B00" bytesRequested="22584" />
<af-end id="1267" timestamp="2025-12-10T06:44:40.945" threadId="00000000005F4578" success="true" from="nursery"/>
<exclusive-end id="1268" timestamp="2025-12-10T06:44:40.945" durationms="12.444" />

<exclusive-start id="1269" timestamp="2025-12-10T06:44:41.184" intervalms="251.435">
  <response-info timems="0.073" idlems="0.073" threads="0" lastid="0000000000859000" lastname="Default Executor-thread-4" />
</exclusive-start>
<af-start id="1270" threadId="0000000000859A78" totalBytesRequested="72" timestamp="2025-12-10T06:44:41.185" intervalms="251.307" type="nursery" />
<cycle-start id="1271" type="scavenge" contextid="0" timestamp="2025-12-10T06:44:41.185" intervalms="251.264" />
<gc-start id="1272" type="scavenge" contextid="1271" timestamp="2025-12-10T06:44:41.186">
  <mem-info id="1273" free="5220624" total="68747264" percent="7">
    <mem type="nursery" free="0" total="39714816" percent="0">
      <mem type="allocate" free="0" total="26279936" percent="0" />
      <mem type="survivor" free="0" total="13434880" percent="0" />
    </mem>
    <mem type="tenure" free="5220624" total="29032448" percent="17">
      <mem type="soa" free="3768592" total="27580416" percent="13" />
      <mem type="loa" free="1452032" total="1452032" percent="100" />
    </mem>
    <remembered-set count="15773" />
  </mem-info>
</gc-start>
<allocation-stats totalBytes="17250568" discardedBytes="11416" >
  <allocated-bytes non-tlh="682896" tlh="16567672" />
  <largest-consumer threadName="Start Level: Equinox Container: 1f7f485a-4629-4767-9cc9-30e45ea3d6c4" threadId="00000000005E4400" bytes="9139224" />
</allocation-stats>
<gc-op id="1274" type="scavenge" timems="11.601" contextid="1271" timestamp="2025-12-10T06:44:41.198">
  <scavenger-info tenureage="12" tenuremask="7000" tiltratio="66" />
  <memory-copied type="nursery" objects="262883" bytes="10501200" bytesdiscarded="199176" />
  <memory-copied type="tenure" objects="2025" bytes="51952" bytesdiscarded="0" />
  <finalization candidates="137" enqueued="136" />
  <ownableSynchronizers candidates="5060" cleared="293" />
  <references type="soft" candidates="4577" cleared="0" enqueued="0" dynamicThreshold="9" maxThreshold="32" />
  <references type="weak" candidates="3465" cleared="781" enqueued="778" />
  <references type="phantom" candidates="353" cleared="66" enqueued="66" />
  <object-monitors candidates="33" cleared="0"  />
</gc-op>
<gc-end id="1275" type="scavenge" contextid="1271" durationms="13.387" usertimems="36.154" systemtimems="9.641" stalltimems="33.948" timestamp="2025-12-10T06:44:41.199" activeThreads="7">
  <mem-info id="1276" free="19816864" total="68747264" percent="28">
    <mem type="nursery" free="14625424" total="39714816" percent="36">
      <mem type="allocate" free="14625424" total="25362432" percent="57" />
      <mem type="survivor" free="0" total="14352384" percent="0" />
    </mem>
    <mem type="tenure" free="5191440" total="29032448" percent="17">
      <mem type="soa" free="3739408" total="27580416" percent="13" />
      <mem type="loa" free="1452032" total="1452032" percent="100" />
    </mem>
    <pending-finalizers system="136" default="0" reference="844" classloader="0" />
    <remembered-set count="12751" />
  </mem-info>
</gc-end>
<cycle-end id="1277" type="scavenge" contextid="1271" timestamp="2025-12-10T06:44:41.200" />
<allocation-satisfied id="1278" threadId="0000000000859000" bytesRequested="72" />
<af-end id="1279" timestamp="2025-12-10T06:44:41.201" threadId="0000000000859A78" success="true" from="nursery"/>
<exclusive-end id="1280" timestamp="2025-12-10T06:44:41.201" durationms="16.664" />

<exclusive-start id="1281" timestamp="2025-12-10T06:44:41.531" intervalms="346.741">
  <response-info timems="0.042" idlems="0.042" threads="0" lastid="00000000005E4400" lastname="Start Level: Equinox Container: 1f7f485a-4629-4767-9cc9-30e45ea" />
</exclusive-start>
<af-start id="1282" threadId="00000000005E4E78" totalBytesRequested="14464" timestamp="2025-12-10T06:44:41.532" intervalms="346.809" type="nursery" />
<cycle-start id="1283" type="scavenge" contextid="0" timestamp="2025-12-10T06:44:41.532" intervalms="346.930" />
<gc-start id="1284" type="scavenge" contextid="1283" timestamp="2025-12-10T06:44:41.533">
  <mem-info id="1285" free="4843000" total="68747264" percent="7">
    <mem type="nursery" free="0" total="39714816" percent="0">
      <mem type="allocate" free="0" total="25362432" percent="0" />
      <mem type="survivor" free="0" total="14352384" percent="0" />
    </mem>
    <mem type="tenure" free="4843000" total="29032448" percent="16">
      <mem type="soa" free="3390968" total="27580416" percent="12" />
      <mem type="loa" free="1452032" total="1452032" percent="100" />
    </mem>
    <remembered-set count="17614" />
  </mem-info>
</gc-start>
<allocation-stats totalBytes="14959432" discardedBytes="13704" >
  <allocated-bytes non-tlh="347784" tlh="14611648" />
  <largest-consumer threadName="Start Level: Equinox Container: 1f7f485a-4629-4767-9cc9-30e45ea3d6c4" threadId="00000000005E4400" bytes="14628880" />
</allocation-stats>
<gc-op id="1286" type="scavenge" timems="8.363" contextid="1283" timestamp="2025-12-10T06:44:41.543">
  <scavenger-info tenureage="6" tenuremask="7840" tiltratio="63" />
  <memory-copied type="nursery" objects="208960" bytes="9065640" bytesdiscarded="110728" />
  <memory-copied type="tenure" objects="71935" bytes="2398632" bytesdiscarded="776" />
  <finalization candidates="15" enqueued="14" />
  <ownableSynchronizers candidates="5208" cleared="139" />
  <references type="soft" candidates="4346" cleared="0" enqueued="0" dynamicThreshold="9" maxThreshold="32" />
  <references type="weak" candidates="9959" cleared="526" enqueued="523" />
  <references type="phantom" candidates="294" cleared="13" enqueued="13" />
  <object-monitors candidates="33" cleared="0"  />
</gc-op>
<gc-end id="1287" type="scavenge" contextid="1283" durationms="10.095" usertimems="47.336" systemtimems="0.000" stalltimems="13.401" timestamp="2025-12-10T06:44:41.543" activeThreads="7">
  <mem-info id="1288" free="18400872" total="68747264" percent="26">
    <mem type="nursery" free="16418888" total="39714816" percent="41">
      <mem type="allocate" free="16418888" total="25624576" percent="64" />
      <mem type="survivor" free="0" total="14090240" percent="0" />
    </mem>
    <mem type="tenure" free="1981984" total="29032448" percent="6">
      <mem type="soa" free="529952" total="27580416" percent="1" />
      <mem type="loa" free="1452032" total="1452032" percent="100" />
    </mem>
    <pending-finalizers system="14" default="0" reference="536" classloader="0" />
    <remembered-set count="15196" />
  </mem-info>
</gc-end>
<cycle-end id="1289" type="scavenge" contextid="1283" timestamp="2025-12-10T06:44:41.544" />
<allocation-satisfied id="1290" threadId="00000000005E4400" bytesRequested="14464" />
<af-end id="1291" timestamp="2025-12-10T06:44:41.545" threadId="00000000005E4E78" success="true" from="nursery"/>
<exclusive-end id="1292" timestamp="2025-12-10T06:44:41.546" durationms="14.500" />

<concurrent-kickoff id="1293" timestamp="2025-12-10T06:44:41.767">
  <kickoff reason="threshold reached" targetBytes="12599908" thresholdFreeBytes="1743931"  remainingFree="1742920" tenureFreeBytes="1879272" nurseryFreeBytes="1742920" />
</concurrent-kickoff>
<exclusive-start id="1294" timestamp="2025-12-10T06:44:41.770" intervalms="239.310">
  <response-info timems="0.037" idlems="0.037" threads="0" lastid="00000000005E4400" lastname="Start Level: Equinox Container: 1f7f485a-4629-4767-9cc9-30e45ea" />
</exclusive-start>
<cycle-start id="1295" type="global" contextid="0" timestamp="2025-12-10T06:44:41.771" intervalms="1245.862" />
<concurrent-start id="1296" type="global mark" contextid="1295" timestamp="2025-12-10T06:44:41.773">
</concurrent-start>
<exclusive-end id="1297" timestamp="2025-12-10T06:44:41.773" durationms="2.635" />

<exclusive-start id="1298" timestamp="2025-12-10T06:44:41.784" intervalms="13.899">
  <response-info timems="0.048" idlems="0.048" threads="0" lastid="0000000000859000" lastname="Default Executor-thread-4" />
</exclusive-start>
<af-start id="1299" threadId="0000000000859A78" totalBytesRequested="16" timestamp="2025-12-10T06:44:41.787" intervalms="254.859" type="nursery" />
<cycle-start id="1300" type="scavenge" contextid="0" timestamp="2025-12-10T06:44:41.788" intervalms="255.474" />
<gc-start id="1301" type="scavenge" contextid="1300" timestamp="2025-12-10T06:44:41.789">
  <mem-info id="1302" free="1879272" total="68747264" percent="2">
    <mem type="nursery" free="0" total="39714816" percent="0">
      <mem type="allocate" free="0" total="25624576" percent="0" />
      <mem type="survivor" free="0" total="14090240" percent="0" />
    </mem>
    <mem type="tenure" free="1879272" total="29032448" percent="6">
      <mem type="soa" free="427240" total="27580416" percent="1" />
      <mem type="loa" free="1452032" total="1452032" percent="100" />
    </mem>
    <remembered-set count="17063" />
  </mem-info>
</gc-start>
<allocation-stats totalBytes="16518280" discardedBytes="3320" >
  <allocated-bytes non-tlh="117176" tlh="16401104" />
  <largest-consumer threadName="Start Level: Equinox Container: 1f7f485a-4629-4767-9cc9-30e45ea3d6c4" threadId="00000000005E4400" bytes="16350840" />
</allocation-stats>
<gc-op id="1303" type="scavenge" timems="17.400" contextid="1300" timestamp="2025-12-10T06:44:41.812">
  <scavenger-info tenureage="3" tenuremask="7c68" tiltratio="64" />
  <memory-copied type="nursery" objects="114365" bytes="6116960" bytesdiscarded="476960" />
  <memory-copied type="tenure" objects="111507" bytes="3750744" bytesdiscarded="1728" />
  <finalization candidates="19" enqueued="18" />
  <ownableSynchronizers candidates="4370" cleared="205" />
  <references type="soft" candidates="2305" cleared="0" enqueued="0" dynamicThreshold="9" maxThreshold="32" />
  <references type="weak" candidates="8738" cleared="335" enqueued="333" />
  <references type="phantom" candidates="260" cleared="7" enqueued="7" />
  <object-monitors candidates="33" cleared="0"  />
  <heap-resize type="expand" space="tenure" amount="3604480" count="55" timems="9.563" reason="continue current collection" />
</gc-op>
<heap-resize id="1304" type="expand" space="nursery" amount="2621440" count="1" timems="0.128" reason="excessive time being spent scavenging" timestamp="2025-12-10T06:44:41.819" />
<gc-end id="1305" type="scavenge" contextid="1300" durationms="31.214" usertimems="60.827" systemtimems="28.659" stalltimems="14.196" timestamp="2025-12-10T06:44:41.820" activeThreads="8">
  <mem-info id="1306" free="22975032" total="74973184" percent="30">
    <mem type="nursery" free="21309496" total="42336256" percent="50">
      <mem type="allocate" free="21309496" total="27918336" percent="76" />
      <mem type="survivor" free="0" total="14417920" percent="0" />
    </mem>
    <mem type="tenure" free="1665536" total="32636928" percent="5">
      <mem type="soa" free="33280" total="31004672" percent="0" />
      <mem type="loa" free="1632256" total="1632256" percent="100" />
    </mem>
    <pending-finalizers system="18" default="0" reference="340" classloader="0" />
    <remembered-set count="10642" />
  </mem-info>
</gc-end>
<cycle-end id="1307" type="scavenge" contextid="1300" timestamp="2025-12-10T06:44:41.821" />
<allocation-satisfied id="1308" threadId="0000000000859000" bytesRequested="16" />
<af-end id="1309" timestamp="2025-12-10T06:44:41.834" threadId="0000000000859A78" success="true" from="nursery"/>
<exclusive-end id="1310" timestamp="2025-12-10T06:44:41.846" durationms="61.436" />

<concurrent-end id="1311" type="global mark" contextid="1295" timestamp="2025-12-10T06:44:41.999">
<gc-op id="1312" type="trace" timems="226.608" contextid="1295" timestamp="2025-12-10T06:44:41.999">
  <trace bytesTraced="19314928" workStackOverflowCount="0" />
  <card-cleaning reason="card cleaning threshold reached" bytesTraced="686064" cardsCleaned="2218" />
</gc-op>
</concurrent-end>

<exclusive-start id="1313" timestamp="2025-12-10T06:44:42.229" intervalms="445.006">
  <response-info timems="0.055" idlems="0.055" threads="0" lastid="00000000005E4400" lastname="Start Level: Equinox Container: 1f7f485a-4629-4767-9cc9-30e45ea" />
</exclusive-start>
<concurrent-global-final id="1314" timestamp="2025-12-10T06:44:42.267" contextid="1295" intervalms="1722.120" >
  <concurrent-trace-info reason="card cleaning threshold reached" tracedByMutators="8838468" tracedByHelpers="11162524" cardsCleaned="2218" workStackOverflowCount="0" />
</concurrent-global-final>
<gc-start id="1315" type="global" contextid="1295" timestamp="2025-12-10T06:44:42.283">
  <mem-info id="1316" free="21201264" total="74973184" percent="28">
    <mem type="nursery" free="19535912" total="42336256" percent="46">
      <mem type="allocate" free="19535912" total="27918336" percent="69" />
      <mem type="survivor" free="0" total="14417920" percent="0" />
    </mem>
    <mem type="tenure" free="1665352" total="32636928" percent="5">
      <mem type="soa" free="33096" total="31004672" percent="0" />
      <mem type="loa" free="1632256" total="1632256" percent="100" />
    </mem>
    <remembered-set count="10713" />
  </mem-info>
</gc-start>
<allocation-stats totalBytes="1773616" discardedBytes="152" >
  <allocated-bytes non-tlh="200" tlh="1773416" />
  <largest-consumer threadName="Start Level: Equinox Container: 1f7f485a-4629-4767-9cc9-30e45ea3d6c4" threadId="00000000005E4400" bytes="1699688" />
</allocation-stats>
<gc-op id="1317" type="rs-scan" timems="4.514" contextid="1295" timestamp="2025-12-10T06:44:42.337">
  <scan objectsFound="113733" bytesTraced="4239364" workStackOverflowCount="0" />
</gc-op>
<gc-op id="1318" type="card-cleaning" timems="1.568" contextid="1295" timestamp="2025-12-10T06:44:42.381">
  <card-cleaning cardsCleaned="10" bytesTraced="9812" workStackOverflowCount="0" />
</gc-op>
<gc-op id="1319" type="mark" timems="15.579" contextid="1295" timestamp="2025-12-10T06:44:42.415">
  <trace-info objectcount="14242" scancount="12919" scanbytes="342936" />
  <finalization candidates="731" enqueued="0" />
  <ownableSynchronizers candidates="6678" cleared="14" />
  <references type="soft" candidates="9922" cleared="0" enqueued="0" dynamicThreshold="9" maxThreshold="32" />
  <references type="weak" candidates="11636" cleared="11" enqueued="6" />
  <references type="phantom" candidates="358" cleared="0" enqueued="0" />
  <stringconstants candidates="27028" cleared="50"  />
  <object-monitors candidates="33" cleared="1"  />
</gc-op>
<gc-op id="1320" type="classunload" timems="0.123" contextid="1295" timestamp="2025-12-10T06:44:42.440">
  <classunload-info classloadercandidates="297" classloadersunloaded="10" classesunloaded="0" anonymousclassesunloaded="0" quiescems="0.000" setupms="0.104" scanms="0.009" postms="0.009" />
</gc-op>
<gc-op id="1321" type="sweep" timems="2.623" contextid="1295" timestamp="2025-12-10T06:44:42.534" />
<heap-resize id="1322" type="expand" space="tenure" amount="10289152" count="1" timems="0.485" reason="insufficient free space following gc" timestamp="2025-12-10T06:44:42.553" />
<gc-end id="1323" type="global" contextid="1295" durationms="302.407" usertimems="56.854" systemtimems="11.023" stalltimems="300.091" timestamp="2025-12-10T06:44:42.585" activeThreads="20">
  <mem-info id="1324" free="34586192" total="85262336" percent="40">
    <mem type="nursery" free="21677536" total="42336256" percent="51">
      <mem type="allocate" free="21677536" total="27918336" percent="77" />
      <mem type="survivor" free="0" total="14417920" percent="0" />
    </mem>
    <mem type="tenure" free="12908656" total="42926080" percent="30" micro-fragmented="791785" macro-fragmented="0">
      <mem type="soa" free="10762352" total="40779776" percent="26" />
      <mem type="loa" free="2146304" total="2146304" percent="100" />
    </mem>
    <pending-finalizers system="0" default="0" reference="6" classloader="0" />
    <remembered-set count="9864" />
  </mem-info>
</gc-end>
<cycle-end id="1325" type="global" contextid="1295" timestamp="2025-12-10T06:44:42.623" />
<exclusive-end id="1326" timestamp="2025-12-10T06:44:42.646" durationms="416.613" />

<exclusive-start id="1327" timestamp="2025-12-10T06:44:43.063" intervalms="833.335">
  <response-info timems="0.055" idlems="0.055" threads="0" lastid="00000000005E4400" lastname="Start Level: Equinox Container: 1f7f485a-4629-4767-9cc9-30e45ea" />
</exclusive-start>
<af-start id="1328" threadId="00000000005E4E78" totalBytesRequested="81560" timestamp="2025-12-10T06:44:43.140" intervalms="1353.710" type="nursery" />
<cycle-start id="1329" type="scavenge" contextid="0" timestamp="2025-12-10T06:44:43.194" intervalms="1405.942" />
<gc-start id="1330" type="scavenge" contextid="1329" timestamp="2025-12-10T06:44:43.210">
  <mem-info id="1331" free="12893416" total="85262336" percent="15">
    <mem type="nursery" free="0" total="42336256" percent="0">
      <mem type="allocate" free="0" total="27918336" percent="0" />
      <mem type="survivor" free="0" total="14417920" percent="0" />
    </mem>
    <mem type="tenure" free="12893416" total="42926080" percent="30">
      <mem type="soa" free="10747112" total="40779776" percent="26" />
      <mem type="loa" free="2146304" total="2146304" percent="100" />
    </mem>
    <remembered-set count="10888" />
  </mem-info>
</gc-start>
<allocation-stats totalBytes="21651720" discardedBytes="41056" >
  <allocated-bytes non-tlh="497448" tlh="21154272" />
  <largest-consumer threadName="Start Level: Equinox Container: 1f7f485a-4629-4767-9cc9-30e45ea3d6c4" threadId="00000000005E4400" bytes="21585032" />
</allocation-stats>
<gc-op id="1332" type="scavenge" timems="9.984" contextid="1329" timestamp="2025-12-10T06:44:43.232">
  <scavenger-info tenureage="3" tenuremask="7c08" tiltratio="65" />
  <memory-copied type="nursery" objects="81239" bytes="4983584" bytesdiscarded="418456" />
  <memory-copied type="tenure" objects="40880" bytes="1406136" bytesdiscarded="3360" />
  <finalization candidates="54" enqueued="53" />
  <ownableSynchronizers candidates="13379" cleared="11571" />
  <references type="soft" candidates="1642" cleared="0" enqueued="0" dynamicThreshold="9" maxThreshold="32" />
  <references type="weak" candidates="8303" cleared="125" enqueued="125" />
  <references type="phantom" candidates="288" cleared="24" enqueued="24" />
  <object-monitors candidates="33" cleared="0"  />
</gc-op>
<gc-end id="1333" type="scavenge" contextid="1329" durationms="25.469" usertimems="37.051" systemtimems="7.548" stalltimems="21.115" timestamp="2025-12-10T06:44:43.235" activeThreads="8">
  <mem-info id="1334" free="35635424" total="85262336" percent="41">
    <mem type="nursery" free="24599456" total="42336256" percent="58">
      <mem type="allocate" free="24599456" total="30015488" percent="81" />
      <mem type="survivor" free="0" total="12320768" percent="0" />
    </mem>
    <mem type="tenure" free="11035968" total="42926080" percent="25">
      <mem type="soa" free="8889664" total="40779776" percent="21" />
      <mem type="loa" free="2146304" total="2146304" percent="100" />
    </mem>
    <pending-finalizers system="53" default="0" reference="149" classloader="0" />
    <remembered-set count="5725" />
  </mem-info>
</gc-end>
<cycle-end id="1335" type="scavenge" contextid="1329" timestamp="2025-12-10T06:44:43.237" />
<allocation-satisfied id="1336" threadId="00000000005E4400" bytesRequested="81560" />
<af-end id="1337" timestamp="2025-12-10T06:44:43.265" threadId="00000000005E4E78" success="true" from="nursery"/>
<exclusive-end id="1338" timestamp="2025-12-10T06:44:43.291" durationms="228.778" />

<exclusive-start id="1339" timestamp="2025-12-10T06:44:43.978" intervalms="915.065">
  <response-info timems="0.064" idlems="0.064" threads="0" lastid="00000000005E4400" lastname="Start Level: Equinox Container: 1f7f485a-4629-4767-9cc9-30e45ea" />
</exclusive-start>
<af-start id="1340" threadId="00000000005E4E78" totalBytesRequested="56" timestamp="2025-12-10T06:44:43.990" intervalms="849.602" type="nursery" />
<cycle-start id="1341" type="scavenge" contextid="0" timestamp="2025-12-10T06:44:43.991" intervalms="796.943" />
<gc-start id="1342" type="scavenge" contextid="1341" timestamp="2025-12-10T06:44:43.993">
  <mem-info id="1343" free="10898984" total="85262336" percent="12">
    <mem type="nursery" free="0" total="42336256" percent="0">
      <mem type="allocate" free="0" total="30015488" percent="0" />
      <mem type="survivor" free="0" total="12320768" percent="0" />
    </mem>
    <mem type="tenure" free="10898984" total="42926080" percent="25">
      <mem type="soa" free="8752680" total="40779776" percent="21" />
      <mem type="loa" free="2146304" total="2146304" percent="100" />
    </mem>
    <remembered-set count="8364" />
  </mem-info>
</gc-start>
<allocation-stats totalBytes="24730416" discardedBytes="6024" >
  <allocated-bytes non-tlh="236864" tlh="24493552" />
  <largest-consumer threadName="Start Level: Equinox Container: 1f7f485a-4629-4767-9cc9-30e45ea3d6c4" threadId="00000000005E4400" bytes="23767176" />
</allocation-stats>
<gc-op id="1344" type="scavenge" timems="5.083" contextid="1341" timestamp="2025-12-10T06:44:43.999">
  <scavenger-info tenureage="10" tenuremask="7c00" tiltratio="70" />
  <memory-copied type="nursery" objects="100480" bytes="5604616" bytesdiscarded="115304" />
  <finalization candidates="11" enqueued="11" />
  <ownableSynchronizers candidates="1956" cleared="281" />
  <references type="soft" candidates="2060" cleared="0" enqueued="0" dynamicThreshold="9" maxThreshold="32" />
  <references type="weak" candidates="8848" cleared="465" enqueued="459" />
  <references type="phantom" candidates="296" cleared="8" enqueued="8" />
  <object-monitors candidates="37" cleared="3"  />
</gc-op>
<gc-end id="1345" type="scavenge" contextid="1341" durationms="6.638" usertimems="25.943" systemtimems="0.000" stalltimems="10.819" timestamp="2025-12-10T06:44:43.999" activeThreads="7">
  <mem-info id="1346" free="36094784" total="85262336" percent="42">
    <mem type="nursery" free="25195800" total="42336256" percent="59">
      <mem type="allocate" free="25195800" total="30932992" percent="81" />
      <mem type="survivor" free="0" total="11403264" percent="0" />
    </mem>
    <mem type="tenure" free="10898984" total="42926080" percent="25">
      <mem type="soa" free="8752680" total="40779776" percent="21" />
      <mem type="loa" free="2146304" total="2146304" percent="100" />
    </mem>
    <pending-finalizers system="11" default="0" reference="467" classloader="0" />
    <remembered-set count="7128" />
  </mem-info>
</gc-end>
<cycle-end id="1347" type="scavenge" contextid="1341" timestamp="2025-12-10T06:44:44.000" />
<allocation-satisfied id="1348" threadId="00000000005E4400" bytesRequested="56" />
<af-end id="1349" timestamp="2025-12-10T06:44:44.000" threadId="00000000005E4E78" success="true" from="nursery"/>
<exclusive-end id="1350" timestamp="2025-12-10T06:44:44.001" durationms="22.825" />

<exclusive-start id="1351" timestamp="2025-12-10T06:44:44.223" intervalms="245.609">
  <response-info timems="0.033" idlems="0.033" threads="0" lastid="0000000000888100" lastname="Default Executor-thread-6" />
</exclusive-start>
<af-start id="1352" threadId="0000000000888B78" totalBytesRequested="2800" timestamp="2025-12-10T06:44:44.224" intervalms="234.048" type="nursery" />
<cycle-start id="1353" type="scavenge" contextid="0" timestamp="2025-12-10T06:44:44.224" intervalms="233.659" />
<gc-start id="1354" type="scavenge" contextid="1353" timestamp="2025-12-10T06:44:44.225">
  <mem-info id="1355" free="10657864" total="85262336" percent="12">
    <mem type="nursery" free="0" total="42336256" percent="0">
      <mem type="allocate" free="0" total="30932992" percent="0" />
      <mem type="survivor" free="0" total="11403264" percent="0" />
    </mem>
    <mem type="tenure" free="10657864" total="42926080" percent="24">
      <mem type="soa" free="8511560" total="40779776" percent="20" />
      <mem type="loa" free="2146304" total="2146304" percent="100" />
    </mem>
    <remembered-set count="11507" />
  </mem-info>
</gc-start>
<allocation-stats totalBytes="25184752" discardedBytes="252168" >
  <allocated-bytes non-tlh="895256" tlh="24289496" />
  <largest-consumer threadName="Equinox start level thread - Equinox Container: 1f7f485a-4629-4767-9cc9-30e45ea3d6c4" threadId="00000000005EC100" bytes="9107456" />
</allocation-stats>
<gc-op id="1356" type="scavenge" timems="4.232" contextid="1353" timestamp="2025-12-10T06:44:44.230">
  <scavenger-info tenureage="7" tenuremask="7c80" tiltratio="73" />
  <memory-copied type="nursery" objects="96789" bytes="5179144" bytesdiscarded="104576" />
  <memory-copied type="tenure" objects="29441" bytes="1002280" bytesdiscarded="576" />
  <finalization candidates="5" enqueued="5" />
  <ownableSynchronizers candidates="2591" cleared="235" />
  <references type="soft" candidates="2171" cleared="0" enqueued="0" dynamicThreshold="9" maxThreshold="32" />
  <references type="weak" candidates="9027" cleared="699" enqueued="699" />
  <references type="phantom" candidates="358" cleared="11" enqueued="11" />
  <object-monitors candidates="90" cleared="40"  />
</gc-op>
<gc-end id="1357" type="scavenge" contextid="1353" durationms="5.503" usertimems="24.694" systemtimems="0.000" stalltimems="6.267" timestamp="2025-12-10T06:44:44.231" activeThreads="7">
  <mem-info id="1358" free="35621696" total="85262336" percent="41">
    <mem type="nursery" free="26486272" total="42336256" percent="62">
      <mem type="allocate" free="26486272" total="31784960" percent="83" />
      <mem type="survivor" free="0" total="10551296" percent="0" />
    </mem>
    <mem type="tenure" free="9135424" total="42926080" percent="21">
      <mem type="soa" free="6989120" total="40779776" percent="17" />
      <mem type="loa" free="2146304" total="2146304" percent="100" />
    </mem>
    <pending-finalizers system="5" default="0" reference="710" classloader="0" />
    <remembered-set count="8528" />
  </mem-info>
</gc-end>
<cycle-end id="1359" type="scavenge" contextid="1353" timestamp="2025-12-10T06:44:44.231" />
<allocation-satisfied id="1360" threadId="0000000000888100" bytesRequested="2800" />
<af-end id="1361" timestamp="2025-12-10T06:44:44.232" threadId="0000000000888B78" success="true" from="nursery"/>
<exclusive-end id="1362" timestamp="2025-12-10T06:44:44.232" durationms="8.687" />

<exclusive-start id="1363" timestamp="2025-12-10T06:44:44.394" intervalms="170.709">
  <response-info timems="0.135" idlems="0.093" threads="1" lastid="0000000000859000" lastname="Default Executor-thread-4" />
</exclusive-start>
<af-start id="1364" threadId="000000000085A778" totalBytesRequested="65544" timestamp="2025-12-10T06:44:44.395" intervalms="171.058" type="nursery" />
<cycle-start id="1365" type="scavenge" contextid="0" timestamp="2025-12-10T06:44:44.395" intervalms="171.000" />
<gc-start id="1366" type="scavenge" contextid="1365" timestamp="2025-12-10T06:44:44.396">
  <mem-info id="1367" free="8871360" total="85262336" percent="10">
    <mem type="nursery" free="0" total="42336256" percent="0">
      <mem type="allocate" free="0" total="31784960" percent="0" />
      <mem type="survivor" free="0" total="10551296" percent="0" />
    </mem>
    <mem type="tenure" free="8871360" total="42926080" percent="20">
      <mem type="soa" free="6725056" total="40779776" percent="16" />
      <mem type="loa" free="2146304" total="2146304" percent="100" />
    </mem>
    <remembered-set count="12703" />
  </mem-info>
</gc-start>
<allocation-stats totalBytes="26579464" discardedBytes="170872" >
  <allocated-bytes non-tlh="375496" tlh="26203968" />
  <largest-consumer threadName="Default Executor-thread-6" threadId="0000000000888100" bytes="8371000" />
</allocation-stats>
<gc-op id="1368" type="scavenge" timems="4.301" contextid="1365" timestamp="2025-12-10T06:44:44.401">
  <scavenger-info tenureage="10" tenuremask="7c00" tiltratio="75" />
  <memory-copied type="nursery" objects="107937" bytes="5803928" bytesdiscarded="49528" />
  <finalization candidates="26" enqueued="26" />
  <ownableSynchronizers candidates="1923" cleared="0" />
  <references type="soft" candidates="2374" cleared="0" enqueued="0" dynamicThreshold="9" maxThreshold="32" />
  <references type="weak" candidates="9115" cleared="524" enqueued="524" />
  <references type="phantom" candidates="376" cleared="10" enqueued="10" />
  <object-monitors candidates="239" cleared="130"  />
</gc-op>
<gc-end id="1369" type="scavenge" contextid="1365" durationms="5.661" usertimems="19.998" systemtimems="0.000" stalltimems="10.703" timestamp="2025-12-10T06:44:44.402" activeThreads="7">
  <mem-info id="1370" free="35311288" total="85262336" percent="41">
    <mem type="nursery" free="26439928" total="42336256" percent="62">
      <mem type="allocate" free="26439928" total="32309248" percent="81" />
      <mem type="survivor" free="0" total="10027008" percent="0" />
    </mem>
    <mem type="tenure" free="8871360" total="42926080" percent="20">
      <mem type="soa" free="6725056" total="40779776" percent="16" />
      <mem type="loa" free="2146304" total="2146304" percent="100" />
    </mem>
    <pending-finalizers system="26" default="0" reference="534" classloader="0" />
    <remembered-set count="10803" />
  </mem-info>
</gc-end>
<cycle-end id="1371" type="scavenge" contextid="1365" timestamp="2025-12-10T06:44:44.402" />
<allocation-satisfied id="1372" threadId="0000000000859D00" bytesRequested="65544" />
<af-end id="1373" timestamp="2025-12-10T06:44:44.403" threadId="000000000085A778" success="true" from="nursery"/>
<exclusive-end id="1374" timestamp="2025-12-10T06:44:44.403" durationms="9.238" />

<exclusive-start id="1375" timestamp="2025-12-10T06:44:44.607" intervalms="213.005">
  <response-info timems="0.309" idlems="0.176" threads="1" lastid="0000000000859D00" lastname="Default Executor-thread-5" />
</exclusive-start>
<af-start id="1376" threadId="000000000085CB78" totalBytesRequested="24" timestamp="2025-12-10T06:44:44.608" intervalms="212.615" type="nursery" />
<cycle-start id="1377" type="scavenge" contextid="0" timestamp="2025-12-10T06:44:44.608" intervalms="212.697" />
<gc-start id="1378" type="scavenge" contextid="1377" timestamp="2025-12-10T06:44:44.609">
  <mem-info id="1379" free="8675192" total="85262336" percent="10">
    <mem type="nursery" free="0" total="42336256" percent="0">
      <mem type="allocate" free="0" total="32309248" percent="0" />
      <mem type="survivor" free="0" total="10027008" percent="0" />
    </mem>
    <mem type="tenure" free="8675192" total="42926080" percent="20">
      <mem type="soa" free="6528888" total="40779776" percent="16" />
      <mem type="loa" free="2146304" total="2146304" percent="100" />
    </mem>
    <remembered-set count="14061" />
  </mem-info>
</gc-start>
<allocation-stats totalBytes="26529464" discardedBytes="106632" >
  <allocated-bytes non-tlh="428672" tlh="26100792" />
  <largest-consumer threadName="Default Executor-thread-5" threadId="0000000000859D00" bytes="8697392" />
</allocation-stats>
<gc-op id="1380" type="scavenge" timems="6.051" contextid="1377" timestamp="2025-12-10T06:44:44.616">
  <scavenger-info tenureage="3" tenuremask="7c68" tiltratio="76" />
  <memory-copied type="nursery" objects="66347" bytes="4036640" bytesdiscarded="422072" />
  <memory-copied type="tenure" objects="57959" bytes="2345048" bytesdiscarded="544" />
  <finalization candidates="24" enqueued="23" />
  <ownableSynchronizers candidates="2088" cleared="53" />
  <references type="soft" candidates="1292" cleared="0" enqueued="0" dynamicThreshold="9" maxThreshold="32" />
  <references type="weak" candidates="1790" cleared="700" enqueued="666" />
  <references type="phantom" candidates="336" cleared="6" enqueued="6" />
  <object-monitors candidates="170" cleared="47"  />
</gc-op>
<gc-end id="1381" type="scavenge" contextid="1377" durationms="7.487" usertimems="28.462" systemtimems="4.041" stalltimems="10.651" timestamp="2025-12-10T06:44:44.616" activeThreads="7">
  <mem-info id="1382" free="34609288" total="85262336" percent="40">
    <mem type="nursery" free="28364480" total="42336256" percent="66">
      <mem type="allocate" free="28364480" total="32833536" percent="86" />
      <mem type="survivor" free="0" total="9502720" percent="0" />
    </mem>
    <mem type="tenure" free="6244808" total="42926080" percent="14">
      <mem type="soa" free="4098504" total="40779776" percent="10" />
      <mem type="loa" free="2146304" total="2146304" percent="100" />
    </mem>
    <pending-finalizers system="23" default="0" reference="672" classloader="0" />
    <remembered-set count="9847" />
  </mem-info>
</gc-end>
<cycle-end id="1383" type="scavenge" contextid="1377" timestamp="2025-12-10T06:44:44.617" />
<allocation-satisfied id="1384" threadId="000000000085C100" bytesRequested="24" />
<af-end id="1385" timestamp="2025-12-10T06:44:44.618" threadId="000000000085CB78" success="true" from="nursery"/>
<exclusive-end id="1386" timestamp="2025-12-10T06:44:44.618" durationms="10.927" />

<concurrent-kickoff id="1387" timestamp="2025-12-10T06:44:44.961">
  <kickoff reason="threshold reached" targetBytes="20096869" thresholdFreeBytes="2777721"  remainingFree="2592448" tenureFreeBytes="6017104" nurseryFreeBytes="2592448" />
</concurrent-kickoff>
<exclusive-start id="1388" timestamp="2025-12-10T06:44:44.962" intervalms="354.900">
  <response-info timems="0.444" idlems="0.239" threads="1" lastid="0000000000859D00" lastname="Default Executor-thread-5" />
</exclusive-start>
<cycle-start id="1389" type="global" contextid="0" timestamp="2025-12-10T06:44:44.962" intervalms="3191.344" />
<concurrent-start id="1390" type="global mark" contextid="1389" timestamp="2025-12-10T06:44:44.963">
</concurrent-start>
<exclusive-end id="1391" timestamp="2025-12-10T06:44:44.963" durationms="1.152" />

<exclusive-start id="1392" timestamp="2025-12-10T06:44:44.985" intervalms="22.939">
  <response-info timems="0.041" idlems="0.041" threads="0" lastid="0000000000859D00" lastname="Default Executor-thread-5" />
</exclusive-start>
<af-start id="1393" threadId="000000000085A778" totalBytesRequested="10120" timestamp="2025-12-10T06:44:44.985" intervalms="377.685" type="nursery" />
<percolate-collect id="1394" from="nursery" to="global" reason="concurrent mark exhausted" timestamp="2025-12-10T06:44:44.986"/>
<concurrent-end id="1395" type="global mark" contextid="1389" timestamp="2025-12-10T06:44:44.986">
<gc-op id="1396" type="trace" timems="22.071" contextid="1389" timestamp="2025-12-10T06:44:44.986">
  <trace bytesTraced="23971776" workStackOverflowCount="0" />
  <card-cleaning reason="card cleaning threshold reached" bytesTraced="51216" cardsCleaned="139" />
</gc-op>
</concurrent-end>

<gc-start id="1397" type="global" contextid="1389" timestamp="2025-12-10T06:44:44.987">
  <mem-info id="1398" free="6010928" total="85262336" percent="7">
    <mem type="nursery" free="0" total="42336256" percent="0">
      <mem type="allocate" free="0" total="32833536" percent="0" />
      <mem type="survivor" free="0" total="9502720" percent="0" />
    </mem>
    <mem type="tenure" free="6010928" total="42926080" percent="14">
      <mem type="soa" free="3864624" total="40779776" percent="9" />
      <mem type="loa" free="2146304" total="2146304" percent="100" />
    </mem>
    <remembered-set count="14223" />
  </mem-info>
</gc-start>
<allocation-stats totalBytes="28402992" discardedBytes="195368" >
  <allocated-bytes non-tlh="740768" tlh="27662224" />
  <largest-consumer threadName="Default Executor-thread-5" threadId="0000000000859D00" bytes="11235640" />
</allocation-stats>
<concurrent-halted id="1399" timestamp="2025-12-10T06:44:44.988">
  <halted state="Complete" status="exhausted" />
  <traced bytesTarget="20096869" bytesTotal="24022992" bytesByMutator="15684216" bytesByHelper="8338776" percent="119" />
  <cards cleaned="139" thresholdBytes="1094253" />
</concurrent-halted>
<gc-op id="1400" type="rs-scan" timems="3.134" contextid="1389" timestamp="2025-12-10T06:44:44.991">
  <scan objectsFound="69292" bytesTraced="3177460" workStackOverflowCount="0" />
</gc-op>
<gc-op id="1401" type="card-cleaning" timems="1.155" contextid="1389" timestamp="2025-12-10T06:44:44.993">
  <card-cleaning cardsCleaned="3" bytesTraced="30388" workStackOverflowCount="0" />
</gc-op>
<gc-op id="1402" type="mark" timems="11.985" contextid="1389" timestamp="2025-12-10T06:44:45.005">
  <trace-info objectcount="7590" scancount="7150" scanbytes="199912" />
  <finalization candidates="783" enqueued="50" />
  <ownableSynchronizers candidates="8209" cleared="23" />
  <references type="soft" candidates="11918" cleared="0" enqueued="0" dynamicThreshold="9" maxThreshold="32" />
  <references type="weak" candidates="14187" cleared="965" enqueued="952" />
  <references type="phantom" candidates="477" cleared="26" enqueued="26" />
  <stringconstants candidates="34431" cleared="90"  />
  <object-monitors candidates="174" cleared="70"  />
</gc-op>
<gc-op id="1403" type="classunload" timems="0.031" contextid="1389" timestamp="2025-12-10T06:44:45.006">
  <classunload-info classloadercandidates="380" classloadersunloaded="0" classesunloaded="0" anonymousclassesunloaded="0" quiescems="0.000" setupms="0.030" scanms="0.000" postms="0.000" />
</gc-op>
<gc-op id="1404" type="sweep" timems="2.630" contextid="1389" timestamp="2025-12-10T06:44:45.009" />
<heap-resize id="1405" type="expand" space="tenure" amount="7864320" count="1" timems="0.776" reason="insufficient free space following gc" timestamp="2025-12-10T06:44:45.010" />
<gc-end id="1406" type="global" contextid="1389" durationms="23.336" usertimems="55.080" systemtimems="20.178" stalltimems="223.652" timestamp="2025-12-10T06:44:45.010" activeThreads="20">
  <mem-info id="1407" free="42262304" total="93126656" percent="45">
    <mem type="nursery" free="26982360" total="42336256" percent="63">
      <mem type="allocate" free="26982360" total="32833536" percent="82" />
      <mem type="survivor" free="0" total="9502720" percent="0" />
    </mem>
    <mem type="tenure" free="15279944" total="50790400" percent="30" micro-fragmented="1055719" macro-fragmented="0">
      <mem type="soa" free="12740424" total="48250880" percent="26" />
      <mem type="loa" free="2539520" total="2539520" percent="100" />
    </mem>
    <pending-finalizers system="50" default="0" reference="978" classloader="0" />
    <remembered-set count="10597" />
  </mem-info>
</gc-end>
<cycle-end id="1408" type="global" contextid="1389" timestamp="2025-12-10T06:44:45.011" />
<allocation-satisfied id="1409" threadId="0000000000859D00" bytesRequested="10120" />
<af-end id="1410" timestamp="2025-12-10T06:44:45.011" threadId="000000000085A778" success="true" from="nursery"/>
<exclusive-end id="1411" timestamp="2025-12-10T06:44:45.012" durationms="26.743" />

<exclusive-start id="1412" timestamp="2025-12-10T06:44:45.199" intervalms="213.805">
  <response-info timems="0.047" idlems="0.017" threads="2" lastid="0000000000858400" lastname="Default Executor-thread-2" />
</exclusive-start>
<af-start id="1413" threadId="000000000085A778" totalBytesRequested="928" timestamp="2025-12-10T06:44:45.199" intervalms="214.065" type="nursery" />
<cycle-start id="1414" type="scavenge" contextid="0" timestamp="2025-12-10T06:44:45.200" intervalms="591.865" />
<gc-start id="1415" type="scavenge" contextid="1414" timestamp="2025-12-10T06:44:45.201">
  <mem-info id="1416" free="15039232" total="93126656" percent="16">
    <mem type="nursery" free="0" total="42336256" percent="0">
      <mem type="allocate" free="0" total="32833536" percent="0" />
      <mem type="survivor" free="0" total="9502720" percent="0" />
    </mem>
    <mem type="tenure" free="15039232" total="50790400" percent="29">
      <mem type="soa" free="12499712" total="48250880" percent="25" />
      <mem type="loa" free="2539520" total="2539520" percent="100" />
    </mem>
    <remembered-set count="14102" />
  </mem-info>
</gc-start>
<allocation-stats totalBytes="25524544" discardedBytes="1668952" >
  <allocated-bytes non-tlh="4813608" tlh="20710936" />
  <largest-consumer threadName="Default Executor-thread-5" threadId="0000000000859D00" bytes="16212680" />
</allocation-stats>
<gc-op id="1417" type="scavenge" timems="4.282" contextid="1414" timestamp="2025-12-10T06:44:45.206">
  <scavenger-info tenureage="10" tenuremask="7c00" tiltratio="77" />
  <memory-copied type="nursery" objects="88749" bytes="5709960" bytesdiscarded="141552" />
  <finalization candidates="121" enqueued="119" />
  <ownableSynchronizers candidates="15296" cleared="14186" />
  <references type="soft" candidates="2144" cleared="0" enqueued="0" dynamicThreshold="9" maxThreshold="32" />
  <references type="weak" candidates="2283" cleared="721" enqueued="720" />
  <references type="phantom" candidates="423" cleared="58" enqueued="58" />
  <object-monitors candidates="104" cleared="0"  />
</gc-op>
<gc-end id="1418" type="scavenge" contextid="1414" durationms="6.138" usertimems="21.040" systemtimems="0.000" stalltimems="14.515" timestamp="2025-12-10T06:44:45.207" activeThreads="8">
  <mem-info id="1419" free="42075272" total="93126656" percent="45">
    <mem type="nursery" free="27036040" total="42336256" percent="63">
      <mem type="allocate" free="27036040" total="32899072" percent="82" />
      <mem type="survivor" free="0" total="9437184" percent="0" />
    </mem>
    <mem type="tenure" free="15039232" total="50790400" percent="29">
      <mem type="soa" free="12499712" total="48250880" percent="25" />
      <mem type="loa" free="2539520" total="2539520" percent="100" />
    </mem>
    <pending-finalizers system="119" default="0" reference="778" classloader="0" />
    <remembered-set count="11202" />
  </mem-info>
</gc-end>
<cycle-end id="1420" type="scavenge" contextid="1414" timestamp="2025-12-10T06:44:45.207" />
<allocation-satisfied id="1421" threadId="0000000000859D00" bytesRequested="928" />
<af-end id="1422" timestamp="2025-12-10T06:44:45.208" threadId="000000000085A778" success="true" from="nursery"/>
<exclusive-end id="1423" timestamp="2025-12-10T06:44:45.208" durationms="9.423" />

<exclusive-start id="1424" timestamp="2025-12-10T06:44:45.574" intervalms="375.281">
  <response-info timems="0.039" idlems="0.039" threads="0" lastid="0000000000858400" lastname="Default Executor-thread-2" />
</exclusive-start>
<af-start id="1425" threadId="0000000000858E78" totalBytesRequested="32776" timestamp="2025-12-10T06:44:45.575" intervalms="375.209" type="nursery" />
<cycle-start id="1426" type="scavenge" contextid="0" timestamp="2025-12-10T06:44:45.575" intervalms="375.245" />
<gc-start id="1427" type="scavenge" contextid="1426" timestamp="2025-12-10T06:44:45.576">
  <mem-info id="1428" free="14908856" total="93126656" percent="16">
    <mem type="nursery" free="0" total="42336256" percent="0">
      <mem type="allocate" free="0" total="32899072" percent="0" />
      <mem type="survivor" free="0" total="9437184" percent="0" />
    </mem>
    <mem type="tenure" free="14908856" total="50790400" percent="29">
      <mem type="soa" free="12369336" total="48250880" percent="25" />
      <mem type="loa" free="2539520" total="2539520" percent="100" />
    </mem>
    <remembered-set count="13093" />
  </mem-info>
</gc-start>
<allocation-stats totalBytes="27078672" discardedBytes="74584" >
  <allocated-bytes non-tlh="118144" tlh="26960528" />
  <largest-consumer threadName="Default Executor-thread-2" threadId="0000000000858400" bytes="24875248" />
</allocation-stats>
<gc-op id="1429" type="scavenge" timems="5.135" contextid="1426" timestamp="2025-12-10T06:44:45.582">
  <scavenger-info tenureage="10" tenuremask="7c00" tiltratio="77" />
  <memory-copied type="nursery" objects="145061" bytes="8316568" bytesdiscarded="64960" />
  <finalization candidates="85" enqueued="59" />
  <ownableSynchronizers candidates="1226" cleared="36" />
  <references type="soft" candidates="2538" cleared="0" enqueued="0" dynamicThreshold="9" maxThreshold="32" />
  <references type="weak" candidates="2563" cleared="787" enqueued="770" />
  <references type="phantom" candidates="383" cleared="6" enqueued="6" />
  <object-monitors candidates="104" cleared="0"  />
</gc-op>
<gc-end id="1430" type="scavenge" contextid="1426" durationms="6.349" usertimems="17.866" systemtimems="5.047" stalltimems="14.576" timestamp="2025-12-10T06:44:45.582" activeThreads="7">
  <mem-info id="1431" free="36134744" total="93126656" percent="38">
    <mem type="nursery" free="21225888" total="42336256" percent="50">
      <mem type="allocate" free="21225888" total="29622272" percent="71" />
      <mem type="survivor" free="0" total="12713984" percent="0" />
    </mem>
    <mem type="tenure" free="14908856" total="50790400" percent="29">
      <mem type="soa" free="12369336" total="48250880" percent="25" />
      <mem type="loa" free="2539520" total="2539520" percent="100" />
    </mem>
    <pending-finalizers system="10" default="49" reference="776" classloader="0" />
    <remembered-set count="11320" />
  </mem-info>
</gc-end>
<cycle-end id="1432" type="scavenge" contextid="1426" timestamp="2025-12-10T06:44:45.583" />
<allocation-satisfied id="1433" threadId="0000000000858400" bytesRequested="32776" />
<af-end id="1434" timestamp="2025-12-10T06:44:45.584" threadId="0000000000858E78" success="true" from="nursery"/>
<exclusive-end id="1435" timestamp="2025-12-10T06:44:45.584" durationms="10.123" />

<exclusive-start id="1436" timestamp="2025-12-10T06:44:45.726" intervalms="152.256">
  <response-info timems="0.098" idlems="0.098" threads="0" lastid="0000000000858400" lastname="Default Executor-thread-2" />
</exclusive-start>
<af-start id="1437" threadId="0000000000858E78" totalBytesRequested="24" timestamp="2025-12-10T06:44:45.727" intervalms="152.336" type="nursery" />
<cycle-start id="1438" type="scavenge" contextid="0" timestamp="2025-12-10T06:44:45.728" intervalms="152.381" />
<gc-start id="1439" type="scavenge" contextid="1438" timestamp="2025-12-10T06:44:45.728">
  <mem-info id="1440" free="14902536" total="93126656" percent="16">
    <mem type="nursery" free="0" total="42336256" percent="0">
      <mem type="allocate" free="0" total="29622272" percent="0" />
      <mem type="survivor" free="0" total="12713984" percent="0" />
    </mem>
    <mem type="tenure" free="14902536" total="50790400" percent="29">
      <mem type="soa" free="12363016" total="48250880" percent="25" />
      <mem type="loa" free="2539520" total="2539520" percent="100" />
    </mem>
    <remembered-set count="11458" />
  </mem-info>
</gc-start>
<allocation-stats totalBytes="21229360" discardedBytes="2096" >
  <allocated-bytes non-tlh="38344" tlh="21191016" />
  <largest-consumer threadName="Default Executor-thread-2" threadId="0000000000858400" bytes="21131056" />
</allocation-stats>
<gc-op id="1441" type="scavenge" timems="7.276" contextid="1438" timestamp="2025-12-10T06:44:45.736">
  <scavenger-info tenureage="3" tenuremask="7c08" tiltratio="69" />
  <memory-copied type="nursery" objects="194060" bytes="9844688" bytesdiscarded="86336" />
  <memory-copied type="tenure" objects="17836" bytes="1204792" bytesdiscarded="3768" />
  <finalization candidates="97" enqueued="48" />
  <ownableSynchronizers candidates="1218" cleared="27" />
  <references type="soft" candidates="2296" cleared="0" enqueued="0" dynamicThreshold="9" maxThreshold="32" />
  <references type="weak" candidates="1497" cleared="44" enqueued="44" />
  <references type="phantom" candidates="270" cleared="1" enqueued="1" />
  <object-monitors candidates="104" cleared="1"  />
</gc-op>
<gc-end id="1442" type="scavenge" contextid="1438" durationms="8.988" usertimems="41.364" systemtimems="1.122" stalltimems="10.784" timestamp="2025-12-10T06:44:45.737" activeThreads="7">
  <mem-info id="1443" free="31869104" total="93126656" percent="34">
    <mem type="nursery" free="18563528" total="42336256" percent="43">
      <mem type="allocate" free="18563528" total="28508160" percent="65" />
      <mem type="survivor" free="0" total="13828096" percent="0" />
    </mem>
    <mem type="tenure" free="13305576" total="50790400" percent="26">
      <mem type="soa" free="10766056" total="48250880" percent="22" />
      <mem type="loa" free="2539520" total="2539520" percent="100" />
    </mem>
    <pending-finalizers system="2" default="46" reference="45" classloader="0" />
    <remembered-set count="7716" />
  </mem-info>
</gc-end>
<cycle-end id="1444" type="scavenge" contextid="1438" timestamp="2025-12-10T06:44:45.738" />
<allocation-satisfied id="1445" threadId="0000000000858400" bytesRequested="24" />
<af-end id="1446" timestamp="2025-12-10T06:44:45.739" threadId="0000000000858E78" success="true" from="nursery"/>
<exclusive-end id="1447" timestamp="2025-12-10T06:44:45.739" durationms="12.900" />

<exclusive-start id="1448" timestamp="2025-12-10T06:44:45.827" intervalms="100.323">
  <response-info timems="0.135" idlems="0.071" threads="1" lastid="0000000000029600" lastname="JIT Compilation Thread-000" />
</exclusive-start>
<af-start id="1449" threadId="0000000000858E78" totalBytesRequested="1032" timestamp="2025-12-10T06:44:45.827" intervalms="100.502" type="nursery" />
<cycle-start id="1450" type="scavenge" contextid="0" timestamp="2025-12-10T06:44:45.828" intervalms="100.450" />
<gc-start id="1451" type="scavenge" contextid="1450" timestamp="2025-12-10T06:44:45.829">
  <mem-info id="1452" free="13296176" total="93126656" percent="14">
    <mem type="nursery" free="0" total="42336256" percent="0">
      <mem type="allocate" free="0" total="28508160" percent="0" />
      <mem type="survivor" free="0" total="13828096" percent="0" />
    </mem>
    <mem type="tenure" free="13296176" total="50790400" percent="26">
      <mem type="soa" free="10756656" total="48250880" percent="22" />
      <mem type="loa" free="2539520" total="2539520" percent="100" />
    </mem>
    <remembered-set count="7914" />
  </mem-info>
</gc-start>
<allocation-stats totalBytes="18569160" discardedBytes="3768" >
  <allocated-bytes non-tlh="9424" tlh="18559736" />
  <largest-consumer threadName="Default Executor-thread-2" threadId="0000000000858400" bytes="18405280" />
</allocation-stats>
<gc-op id="1453" type="scavenge" timems="8.135" contextid="1450" timestamp="2025-12-10T06:44:45.838">
  <scavenger-info tenureage="3" tenuremask="7e48" tiltratio="67" />
  <memory-copied type="nursery" objects="140826" bytes="5959312" bytesdiscarded="90080" />
  <memory-copied type="tenure" objects="46416" bytes="3226024" bytesdiscarded="1032" />
  <finalization candidates="140" enqueued="92" />
  <ownableSynchronizers candidates="1083" cleared="1" />
  <references type="soft" candidates="664" cleared="0" enqueued="0" dynamicThreshold="9" maxThreshold="32" />
  <references type="weak" candidates="775" cleared="65" enqueued="65" />
  <references type="phantom" candidates="95" cleared="0" enqueued="0" />
  <object-monitors candidates="103" cleared="0"  />
</gc-op>
<heap-resize id="1454" type="expand" space="nursery" amount="2359296" count="1" timems="0.043" reason="excessive time being spent scavenging" timestamp="2025-12-10T06:44:45.838" />
<gc-end id="1455" type="scavenge" contextid="1450" durationms="10.081" usertimems="43.885" systemtimems="0.527" stalltimems="15.984" timestamp="2025-12-10T06:44:45.839" activeThreads="8">
  <mem-info id="1456" free="34030760" total="95485952" percent="35">
    <mem type="nursery" free="24280720" total="44695552" percent="54">
      <mem type="allocate" free="24280720" total="30343168" percent="80" />
      <mem type="survivor" free="0" total="14352384" percent="0" />
    </mem>
    <mem type="tenure" free="9750040" total="50790400" percent="19">
      <mem type="soa" free="7210520" total="48250880" percent="14" />
      <mem type="loa" free="2539520" total="2539520" percent="100" />
    </mem>
    <pending-finalizers system="0" default="92" reference="65" classloader="0" />
    <remembered-set count="4195" />
  </mem-info>
</gc-end>
<cycle-end id="1457" type="scavenge" contextid="1450" timestamp="2025-12-10T06:44:45.839" />
<allocation-satisfied id="1458" threadId="0000000000858400" bytesRequested="1032" />
<af-end id="1459" timestamp="2025-12-10T06:44:45.840" threadId="0000000000858E78" success="true" from="nursery"/>
<exclusive-end id="1460" timestamp="2025-12-10T06:44:45.841" durationms="14.047" />

<exclusive-start id="1461" timestamp="2025-12-10T06:44:46.033" intervalms="206.375">
  <response-info timems="0.052" idlems="0.052" threads="0" lastid="0000000000858400" lastname="Default Executor-thread-2" />
</exclusive-start>
<af-start id="1462" threadId="0000000000858E78" totalBytesRequested="264" timestamp="2025-12-10T06:44:46.033" intervalms="206.133" type="nursery" />
<cycle-start id="1463" type="scavenge" contextid="0" timestamp="2025-12-10T06:44:46.034" intervalms="205.850" />
<gc-start id="1464" type="scavenge" contextid="1463" timestamp="2025-12-10T06:44:46.034">
  <mem-info id="1465" free="9662608" total="95485952" percent="10">
    <mem type="nursery" free="0" total="44695552" percent="0">
      <mem type="allocate" free="0" total="30343168" percent="0" />
      <mem type="survivor" free="0" total="14352384" percent="0" />
    </mem>
    <mem type="tenure" free="9662608" total="50790400" percent="19">
      <mem type="soa" free="7123088" total="48250880" percent="14" />
      <mem type="loa" free="2539520" total="2539520" percent="100" />
    </mem>
    <remembered-set count="6700" />
  </mem-info>
</gc-start>
<allocation-stats totalBytes="24364416" discardedBytes="3736" >
  <allocated-bytes non-tlh="570672" tlh="23793744" />
  <largest-consumer threadName="Default Executor-thread-2" threadId="0000000000858400" bytes="24233344" />
</allocation-stats>
<gc-op id="1466" type="scavenge" timems="7.310" contextid="1463" timestamp="2025-12-10T06:44:46.042">
  <scavenger-info tenureage="3" tenuremask="7e08" tiltratio="67" />
  <memory-copied type="nursery" objects="69275" bytes="4728040" bytesdiscarded="206320" />
  <memory-copied type="tenure" objects="63466" bytes="2686048" bytesdiscarded="4064" />
  <finalization candidates="158" enqueued="111" />
  <ownableSynchronizers candidates="249" cleared="8" />
  <references type="soft" candidates="952" cleared="0" enqueued="0" dynamicThreshold="9" maxThreshold="32" />
  <references type="weak" candidates="1442" cleared="301" enqueued="301" />
  <references type="phantom" candidates="165" cleared="9" enqueued="9" />
  <object-monitors candidates="103" cleared="1"  />
</gc-op>
<gc-end id="1467" type="scavenge" contextid="1463" durationms="8.467" usertimems="38.323" systemtimems="0.000" stalltimems="24.193" timestamp="2025-12-10T06:44:46.043" activeThreads="9">
  <mem-info id="1468" free="34475520" total="95485952" percent="36">
    <mem type="nursery" free="27432368" total="44695552" percent="61">
      <mem type="allocate" free="27432368" total="32374784" percent="84" />
      <mem type="survivor" free="0" total="12320768" percent="0" />
    </mem>
    <mem type="tenure" free="7043152" total="50790400" percent="13">
      <mem type="soa" free="4503632" total="48250880" percent="9" />
      <mem type="loa" free="2539520" total="2539520" percent="100" />
    </mem>
    <pending-finalizers system="19" default="92" reference="310" classloader="0" />
    <remembered-set count="3804" />
  </mem-info>
</gc-end>
<cycle-end id="1469" type="scavenge" contextid="1463" timestamp="2025-12-10T06:44:46.043" />
<allocation-satisfied id="1470" threadId="0000000000858400" bytesRequested="264" />
<af-end id="1471" timestamp="2025-12-10T06:44:46.044" threadId="0000000000858E78" success="true" from="nursery"/>
<exclusive-end id="1472" timestamp="2025-12-10T06:44:46.044" durationms="11.547" />

<concurrent-kickoff id="1473" timestamp="2025-12-10T06:44:46.336">
  <kickoff reason="threshold reached" targetBytes="24684539" thresholdFreeBytes="3411159"  remainingFree="3003552" tenureFreeBytes="6848072" nurseryFreeBytes="3003552" />
</concurrent-kickoff>
<exclusive-start id="1474" timestamp="2025-12-10T06:44:46.336" intervalms="303.469">
  <response-info timems="0.046" idlems="0.046" threads="0" lastid="0000000000858400" lastname="Default Executor-thread-2" />
</exclusive-start>
<cycle-start id="1475" type="global" contextid="0" timestamp="2025-12-10T06:44:46.337" intervalms="1374.586" />
<concurrent-start id="1476" type="global mark" contextid="1475" timestamp="2025-12-10T06:44:46.337">
</concurrent-start>
<exclusive-end id="1477" timestamp="2025-12-10T06:44:46.338" durationms="1.564" />

<concurrent-end id="1478" type="global mark" contextid="1475" timestamp="2025-12-10T06:44:46.390">
<gc-op id="1479" type="trace" timems="52.118" contextid="1475" timestamp="2025-12-10T06:44:46.390">
  <trace bytesTraced="27571476" workStackOverflowCount="0" />
  <card-cleaning reason="card cleaning threshold reached" bytesTraced="75308" cardsCleaned="198" />
</gc-op>
</concurrent-end>

<exclusive-start id="1480" timestamp="2025-12-10T06:44:46.391" intervalms="54.300">
  <response-info timems="0.355" idlems="0.200" threads="1" lastid="0000000000888100" lastname="Default Executor-thread-6" />
</exclusive-start>
<af-start id="1481" threadId="000000000085CB78" totalBytesRequested="280" timestamp="2025-12-10T06:44:46.391" intervalms="357.689" type="nursery" />
<percolate-collect id="1482" from="nursery" to="global" reason="concurrent mark exhausted" timestamp="2025-12-10T06:44:46.392"/>
<gc-start id="1483" type="global" contextid="1475" timestamp="2025-12-10T06:44:46.392">
  <mem-info id="1484" free="6836264" total="95485952" percent="7">
    <mem type="nursery" free="0" total="44695552" percent="0">
      <mem type="allocate" free="0" total="32374784" percent="0" />
      <mem type="survivor" free="0" total="12320768" percent="0" />
    </mem>
    <mem type="tenure" free="6836264" total="50790400" percent="13">
      <mem type="soa" free="4296744" total="48250880" percent="8" />
      <mem type="loa" free="2539520" total="2539520" percent="100" />
    </mem>
    <remembered-set count="6913" />
  </mem-info>
</gc-start>
<allocation-stats totalBytes="27625368" discardedBytes="13888" >
  <allocated-bytes non-tlh="316176" tlh="27309192" />
  <largest-consumer threadName="Default Executor-thread-2" threadId="0000000000858400" bytes="25598992" />
</allocation-stats>
<gc-op id="1485" type="rs-scan" timems="3.083" contextid="1475" timestamp="2025-12-10T06:44:46.396">
  <scan objectsFound="70651" bytesTraced="2839088" workStackOverflowCount="0" />
</gc-op>
<gc-op id="1486" type="card-cleaning" timems="1.196" contextid="1475" timestamp="2025-12-10T06:44:46.398">
  <card-cleaning cardsCleaned="33" bytesTraced="29280" workStackOverflowCount="0" />
</gc-op>
<gc-op id="1487" type="mark" timems="14.942" contextid="1475" timestamp="2025-12-10T06:44:46.413">
  <trace-info objectcount="8270" scancount="7867" scanbytes="241868" />
  <finalization candidates="824" enqueued="41" />
  <ownableSynchronizers candidates="8536" cleared="50" />
  <references type="soft" candidates="13775" cleared="1287" enqueued="1275" dynamicThreshold="9" maxThreshold="32" />
  <references type="weak" candidates="15770" cleared="1002" enqueued="997" />
  <references type="phantom" candidates="394" cleared="25" enqueued="25" />
  <stringconstants candidates="38480" cleared="106"  />
  <object-monitors candidates="104" cleared="11"  />
</gc-op>
<gc-op id="1488" type="classunload" timems="1.224" contextid="1475" timestamp="2025-12-10T06:44:46.415">
  <classunload-info classloadercandidates="408" classloadersunloaded="6" classesunloaded="6" anonymousclassesunloaded="0" quiescems="0.000" setupms="1.171" scanms="0.039" postms="0.013" />
</gc-op>
<gc-op id="1489" type="sweep" timems="2.936" contextid="1475" timestamp="2025-12-10T06:44:46.418" />
<heap-resize id="1490" type="expand" space="tenure" amount="8323072" count="1" timems="0.866" reason="insufficient free space following gc" timestamp="2025-12-10T06:44:46.420" />
<gc-end id="1491" type="global" contextid="1475" durationms="28.214" usertimems="59.610" systemtimems="30.473" stalltimems="278.813" timestamp="2025-12-10T06:44:46.420" activeThreads="20">
  <mem-info id="1492" free="43195400" total="103809024" percent="41">
    <mem type="nursery" free="25446064" total="44695552" percent="56">
      <mem type="allocate" free="25446064" total="32374784" percent="78" />
      <mem type="survivor" free="0" total="12320768" percent="0" />
    </mem>
    <mem type="tenure" free="17749336" total="59113472" percent="30" micro-fragmented="1410748" macro-fragmented="0">
      <mem type="soa" free="14793048" total="56157184" percent="26" />
      <mem type="loa" free="2956288" total="2956288" percent="100" />
    </mem>
    <pending-finalizers system="41" default="0" reference="2297" classloader="0" />
    <remembered-set count="5780" />
  </mem-info>
</gc-end>
<cycle-end id="1493" type="global" contextid="1475" timestamp="2025-12-10T06:44:46.421" />
<allocation-satisfied id="1494" threadId="000000000085C100" bytesRequested="280" />
<af-end id="1495" timestamp="2025-12-10T06:44:46.422" threadId="000000000085CB78" success="true" from="nursery"/>
<exclusive-end id="1496" timestamp="2025-12-10T06:44:46.422" durationms="31.426" />

<exclusive-start id="1497" timestamp="2025-12-10T06:44:46.503" intervalms="111.795">
  <response-info timems="0.066" idlems="0.042" threads="2" lastid="000000000085C100" lastname="Default Executor-thread-3" />
</exclusive-start>
<af-start id="1498" threadId="00000000014D7878" totalBytesRequested="72" timestamp="2025-12-10T06:44:46.503" intervalms="112.030" type="nursery" />
<cycle-start id="1499" type="scavenge" contextid="0" timestamp="2025-12-10T06:44:46.504" intervalms="470.222" />
<gc-start id="1500" type="scavenge" contextid="1499" timestamp="2025-12-10T06:44:46.506">
  <mem-info id="1501" free="17743056" total="103809024" percent="17">
    <mem type="nursery" free="0" total="44695552" percent="0">
      <mem type="allocate" free="0" total="32374784" percent="0" />
      <mem type="survivor" free="0" total="12320768" percent="0" />
    </mem>
    <mem type="tenure" free="17743056" total="59113472" percent="30">
      <mem type="soa" free="14786768" total="56157184" percent="26" />
      <mem type="loa" free="2956288" total="2956288" percent="100" />
    </mem>
    <remembered-set count="7601" />
  </mem-info>
</gc-start>
<allocation-stats totalBytes="25176464" discardedBytes="268560" >
  <allocated-bytes non-tlh="2321808" tlh="22854656" />
  <largest-consumer threadName="Default Executor-thread-2" threadId="0000000000858400" bytes="8867152" />
</allocation-stats>
<gc-op id="1502" type="scavenge" timems="5.917" contextid="1499" timestamp="2025-12-10T06:44:46.512">
  <scavenger-info tenureage="9" tenuremask="7e00" tiltratio="72" />
  <memory-copied type="nursery" objects="128236" bytes="8400184" bytesdiscarded="75880" />
  <finalization candidates="227" enqueued="182" />
  <ownableSynchronizers candidates="17156" cleared="16762" />
  <references type="soft" candidates="1161" cleared="0" enqueued="0" dynamicThreshold="9" maxThreshold="32" />
  <references type="weak" candidates="1574" cleared="88" enqueued="80" />
  <references type="phantom" candidates="272" cleared="28" enqueued="28" />
  <object-monitors candidates="93" cleared="0"  />
</gc-op>
<gc-end id="1503" type="scavenge" contextid="1499" durationms="7.464" usertimems="21.737" systemtimems="12.859" stalltimems="20.592" timestamp="2025-12-10T06:44:46.513" activeThreads="9">
  <mem-info id="1504" free="39471520" total="103809024" percent="38">
    <mem type="nursery" free="21728464" total="44695552" percent="48">
      <mem type="allocate" free="21728464" total="30212096" percent="71" />
      <mem type="survivor" free="0" total="14483456" percent="0" />
    </mem>
    <mem type="tenure" free="17743056" total="59113472" percent="30">
      <mem type="soa" free="14786768" total="56157184" percent="26" />
      <mem type="loa" free="2956288" total="2956288" percent="100" />
    </mem>
    <pending-finalizers system="0" default="182" reference="108" classloader="0" />
    <remembered-set count="6832" />
  </mem-info>
</gc-end>
<cycle-end id="1505" type="scavenge" contextid="1499" timestamp="2025-12-10T06:44:46.514" />
<allocation-satisfied id="1506" threadId="00000000014D6E00" bytesRequested="72" />
<af-end id="1507" timestamp="2025-12-10T06:44:46.514" threadId="00000000014D7878" success="true" from="nursery"/>
<exclusive-end id="1508" timestamp="2025-12-10T06:44:46.515" durationms="12.306" />

<exclusive-start id="1509" timestamp="2025-12-10T06:44:46.549" intervalms="46.043">
  <response-info timems="0.108" idlems="0.108" threads="0" lastid="000000000085C100" lastname="Default Executor-thread-3" />
</exclusive-start>
<af-start id="1510" threadId="000000000085CB78" totalBytesRequested="16" timestamp="2025-12-10T06:44:46.549" intervalms="45.884" type="nursery" />
<cycle-start id="1511" type="scavenge" contextid="0" timestamp="2025-12-10T06:44:46.550" intervalms="45.535" />
<gc-start id="1512" type="scavenge" contextid="1511" timestamp="2025-12-10T06:44:46.551">
  <mem-info id="1513" free="17742752" total="103809024" percent="17">
    <mem type="nursery" free="0" total="44695552" percent="0">
      <mem type="allocate" free="0" total="30212096" percent="0" />
      <mem type="survivor" free="0" total="14483456" percent="0" />
    </mem>
    <mem type="tenure" free="17742752" total="59113472" percent="30">
      <mem type="soa" free="14786464" total="56157184" percent="26" />
      <mem type="loa" free="2956288" total="2956288" percent="100" />
    </mem>
    <remembered-set count="6894" />
  </mem-info>
</gc-start>
<allocation-stats totalBytes="21679616" discardedBytes="49152" >
  <allocated-bytes non-tlh="376" tlh="21679240" />
  <largest-consumer threadName="ClassloaderMapProcessingThread-9" threadId="00000000014D6E00" bytes="5992152" />
</allocation-stats>
<gc-op id="1514" type="scavenge" timems="6.229" contextid="1511" timestamp="2025-12-10T06:44:46.558">
  <scavenger-info tenureage="4" tenuremask="7e10" tiltratio="67" />
  <memory-copied type="nursery" objects="95763" bytes="8446352" bytesdiscarded="138640" />
  <memory-copied type="tenure" objects="42052" bytes="1763728" bytesdiscarded="8928" />
  <finalization candidates="456" enqueued="409" />
  <ownableSynchronizers candidates="422" cleared="10" />
  <references type="soft" candidates="1160" cleared="0" enqueued="0" dynamicThreshold="9" maxThreshold="32" />
  <references type="weak" candidates="1543" cleared="21" enqueued="21" />
  <references type="phantom" candidates="255" cleared="8" enqueued="8" />
  <object-monitors candidates="93" cleared="0"  />
</gc-op>
<heap-resize id="1515" type="expand" space="nursery" amount="3932160" count="1" timems="0.056" reason="excessive time being spent scavenging" timestamp="2025-12-10T06:44:46.558" />
<gc-end id="1516" type="scavenge" contextid="1511" durationms="7.975" usertimems="28.400" systemtimems="6.092" stalltimems="17.819" timestamp="2025-12-10T06:44:46.559" activeThreads="8">
  <mem-info id="1517" free="43569832" total="107741184" percent="40">
    <mem type="nursery" free="27716672" total="48627712" percent="56">
      <mem type="allocate" free="27716672" total="36306944" percent="76" />
      <mem type="survivor" free="0" total="12320768" percent="0" />
    </mem>
    <mem type="tenure" free="15853160" total="59113472" percent="26">
      <mem type="soa" free="12896872" total="56157184" percent="22" />
      <mem type="loa" free="2956288" total="2956288" percent="100" />
    </mem>
    <pending-finalizers system="0" default="409" reference="29" classloader="0" />
    <remembered-set count="6232" />
  </mem-info>
</gc-end>
<cycle-end id="1518" type="scavenge" contextid="1511" timestamp="2025-12-10T06:44:46.559" />
<allocation-satisfied id="1519" threadId="000000000085C100" bytesRequested="16" />
<af-end id="1520" timestamp="2025-12-10T06:44:46.560" threadId="000000000085CB78" success="true" from="nursery"/>
<exclusive-end id="1521" timestamp="2025-12-10T06:44:46.560" durationms="11.705" />

<exclusive-start id="1522" timestamp="2025-12-10T06:44:46.591" intervalms="42.178">
  <response-info timems="0.082" idlems="0.057" threads="1" lastid="0000000000859000" lastname="Default Executor-thread-4" />
</exclusive-start>
<af-start id="1523" threadId="0000000000858E78" totalBytesRequested="6648" timestamp="2025-12-10T06:44:46.591" intervalms="42.068" type="nursery" />
<cycle-start id="1524" type="scavenge" contextid="0" timestamp="2025-12-10T06:44:46.592" intervalms="41.998" />
<gc-start id="1525" type="scavenge" contextid="1524" timestamp="2025-12-10T06:44:46.592">
  <mem-info id="1526" free="15852952" total="107741184" percent="14">
    <mem type="nursery" free="0" total="48627712" percent="0">
      <mem type="allocate" free="0" total="36306944" percent="0" />
      <mem type="survivor" free="0" total="12320768" percent="0" />
    </mem>
    <mem type="tenure" free="15852952" total="59113472" percent="26">
      <mem type="soa" free="12896664" total="56157184" percent="22" />
      <mem type="loa" free="2956288" total="2956288" percent="100" />
    </mem>
    <remembered-set count="6310" />
  </mem-info>
</gc-start>
<allocation-stats totalBytes="27585672" discardedBytes="131208" >
  <allocated-bytes non-tlh="44184" tlh="27541488" />
  <largest-consumer threadName="Default Executor-thread-2" threadId="0000000000858400" bytes="7056336" />
</allocation-stats>
<gc-op id="1527" type="scavenge" timems="6.199" contextid="1524" timestamp="2025-12-10T06:44:46.599">
  <scavenger-info tenureage="3" tenuremask="7e08" tiltratio="74" />
  <memory-copied type="nursery" objects="82706" bytes="7275984" bytesdiscarded="158576" />
  <memory-copied type="tenure" objects="20755" bytes="2548000" bytesdiscarded="4280" />
  <finalization candidates="580" enqueued="556" />
  <ownableSynchronizers candidates="459" cleared="26" />
  <references type="soft" candidates="238" cleared="0" enqueued="0" dynamicThreshold="9" maxThreshold="32" />
  <references type="weak" candidates="443" cleared="15" enqueued="15" />
  <references type="phantom" candidates="132" cleared="0" enqueued="0" />
  <object-monitors candidates="93" cleared="0"  />
</gc-op>
<heap-resize id="1528" type="expand" space="nursery" amount="4718592" count="1" timems="0.056" reason="excessive time being spent scavenging" timestamp="2025-12-10T06:44:46.601" />
<gc-end id="1529" type="scavenge" contextid="1524" durationms="9.017" usertimems="21.038" systemtimems="10.008" stalltimems="17.383" timestamp="2025-12-10T06:44:46.601" activeThreads="8">
  <mem-info id="1530" free="46693296" total="112459776" percent="41">
    <mem type="nursery" free="33586656" total="53346304" percent="62">
      <mem type="allocate" free="33586656" total="41025536" percent="81" />
      <mem type="survivor" free="0" total="12320768" percent="0" />
    </mem>
    <mem type="tenure" free="13106640" total="59113472" percent="22">
      <mem type="soa" free="10150352" total="56157184" percent="18" />
      <mem type="loa" free="2956288" total="2956288" percent="100" />
    </mem>
    <pending-finalizers system="0" default="556" reference="15" classloader="0" />
    <remembered-set count="1699" />
  </mem-info>
</gc-end>
<cycle-end id="1531" type="scavenge" contextid="1524" timestamp="2025-12-10T06:44:46.602" />
<allocation-satisfied id="1532" threadId="0000000000858400" bytesRequested="6648" />
<af-end id="1533" timestamp="2025-12-10T06:44:46.603" threadId="0000000000858E78" success="true" from="nursery"/>
<exclusive-end id="1534" timestamp="2025-12-10T06:44:46.603" durationms="12.069" />

<exclusive-start id="1535" timestamp="2025-12-10T06:44:46.628" intervalms="37.200">
  <response-info timems="0.073" idlems="0.073" threads="0" lastid="0000000000858400" lastname="Default Executor-thread-2" />
</exclusive-start>
<af-start id="1536" threadId="0000000000858E78" totalBytesRequested="39512" timestamp="2025-12-10T06:44:46.628" intervalms="37.202" type="nursery" />
<cycle-start id="1537" type="scavenge" contextid="0" timestamp="2025-12-10T06:44:46.629" intervalms="37.115" />
<gc-start id="1538" type="scavenge" contextid="1537" timestamp="2025-12-10T06:44:46.629">
  <mem-info id="1539" free="13102920" total="112459776" percent="11">
    <mem type="nursery" free="0" total="53346304" percent="0">
      <mem type="allocate" free="0" total="41025536" percent="0" />
      <mem type="survivor" free="0" total="12320768" percent="0" />
    </mem>
    <mem type="tenure" free="13102920" total="59113472" percent="22">
      <mem type="soa" free="10146632" total="56157184" percent="18" />
      <mem type="loa" free="2956288" total="2956288" percent="100" />
    </mem>
    <remembered-set count="1891" />
  </mem-info>
</gc-start>
<allocation-stats totalBytes="33490064" discardedBytes="100312" >
  <allocated-bytes non-tlh="10368" tlh="33479696" />
  <largest-consumer threadName="Default Executor-thread-2" threadId="0000000000858400" bytes="8559408" />
</allocation-stats>
<gc-op id="1540" type="scavenge" timems="7.425" contextid="1537" timestamp="2025-12-10T06:44:46.637">
  <scavenger-info tenureage="3" tenuremask="7e08" tiltratio="76" />
  <memory-copied type="nursery" objects="57073" bytes="6334920" bytesdiscarded="332376" />
  <memory-copied type="tenure" objects="54714" bytes="2731144" bytesdiscarded="368" />
  <finalization candidates="615" enqueued="590" />
  <ownableSynchronizers candidates="331" cleared="5" />
  <references type="soft" candidates="29" cleared="0" enqueued="0" dynamicThreshold="9" maxThreshold="32" />
  <references type="weak" candidates="118" cleared="16" enqueued="16" />
  <references type="phantom" candidates="45" cleared="0" enqueued="0" />
  <object-monitors candidates="93" cleared="0"  />
</gc-op>
<heap-resize id="1541" type="expand" space="nursery" amount="6029312" count="1" timems="0.062" reason="excessive time being spent scavenging" timestamp="2025-12-10T06:44:46.638" />
<gc-end id="1542" type="scavenge" contextid="1537" durationms="9.185" usertimems="23.648" systemtimems="17.443" stalltimems="15.647" timestamp="2025-12-10T06:44:46.638" activeThreads="8">
  <mem-info id="1543" free="50908352" total="118489088" percent="42">
    <mem type="nursery" free="40713608" total="59375616" percent="68">
      <mem type="allocate" free="40713608" total="47382528" percent="85" />
      <mem type="survivor" free="0" total="11993088" percent="0" />
    </mem>
    <mem type="tenure" free="10194744" total="59113472" percent="17">
      <mem type="soa" free="7238456" total="56157184" percent="12" />
      <mem type="loa" free="2956288" total="2956288" percent="100" />
    </mem>
    <pending-finalizers system="0" default="590" reference="16" classloader="0" />
    <remembered-set count="3863" />
  </mem-info>
</gc-end>
<cycle-end id="1544" type="scavenge" contextid="1537" timestamp="2025-12-10T06:44:46.639" />
<allocation-satisfied id="1545" threadId="0000000000858400" bytesRequested="39512" />
<af-end id="1546" timestamp="2025-12-10T06:44:46.640" threadId="0000000000858E78" success="true" from="nursery"/>
<exclusive-end id="1547" timestamp="2025-12-10T06:44:46.640" durationms="12.244" />

<exclusive-start id="1548" timestamp="2025-12-10T06:44:46.682" intervalms="54.141">
  <response-info timems="0.086" idlems="0.064" threads="3" lastid="000000000002D300" lastname="JIT Compilation Thread-001" />
</exclusive-start>
<af-start id="1549" threadId="0000000000858E78" totalBytesRequested="48" timestamp="2025-12-10T06:44:46.683" intervalms="54.239" type="nursery" />
<cycle-start id="1550" type="scavenge" contextid="0" timestamp="2025-12-10T06:44:46.683" intervalms="54.371" />
<gc-start id="1551" type="scavenge" contextid="1550" timestamp="2025-12-10T06:44:46.684">
  <mem-info id="1552" free="10194744" total="118489088" percent="8">
    <mem type="nursery" free="0" total="59375616" percent="0">
      <mem type="allocate" free="0" total="47382528" percent="0" />
      <mem type="survivor" free="0" total="11993088" percent="0" />
    </mem>
    <mem type="tenure" free="10194744" total="59113472" percent="17">
      <mem type="soa" free="7238456" total="56157184" percent="12" />
      <mem type="loa" free="2956288" total="2956288" percent="100" />
    </mem>
    <remembered-set count="4116" />
  </mem-info>
</gc-start>
<allocation-stats totalBytes="40545184" discardedBytes="168424" >
  <allocated-bytes non-tlh="95104" tlh="40450080" />
  <largest-consumer threadName="Default Executor-thread-2" threadId="0000000000858400" bytes="9335392" />
</allocation-stats>
<gc-op id="1553" type="scavenge" timems="4.297" contextid="1550" timestamp="2025-12-10T06:44:46.689">
  <scavenger-info tenureage="9" tenuremask="7e00" tiltratio="79" />
  <memory-copied type="nursery" objects="67168" bytes="7937720" bytesdiscarded="350768" />
  <finalization candidates="750" enqueued="749" />
  <ownableSynchronizers candidates="43" cleared="0" />
  <references type="soft" candidates="29" cleared="0" enqueued="0" dynamicThreshold="9" maxThreshold="32" />
  <references type="weak" candidates="112" cleared="9" enqueued="9" />
  <references type="phantom" candidates="112" cleared="12" enqueued="12" />
  <object-monitors candidates="93" cleared="0"  />
</gc-op>
<heap-resize id="1554" type="expand" space="nursery" amount="2883584" count="1" timems="0.040" reason="excessive time being spent scavenging" timestamp="2025-12-10T06:44:46.689" />
<gc-end id="1555" type="scavenge" contextid="1550" durationms="6.053" usertimems="16.960" systemtimems="6.320" stalltimems="17.713" timestamp="2025-12-10T06:44:46.690" activeThreads="9">
  <mem-info id="1556" free="51905120" total="121372672" percent="42">
    <mem type="nursery" free="41710376" total="62259200" percent="66">
      <mem type="allocate" free="41710376" total="50003968" percent="83" />
      <mem type="survivor" free="0" total="12255232" percent="0" />
    </mem>
    <mem type="tenure" free="10194744" total="59113472" percent="17">
      <mem type="soa" free="7238456" total="56157184" percent="12" />
      <mem type="loa" free="2956288" total="2956288" percent="100" />
    </mem>
    <pending-finalizers system="0" default="749" reference="21" classloader="0" />
    <remembered-set count="3926" />
  </mem-info>
</gc-end>
<cycle-end id="1557" type="scavenge" contextid="1550" timestamp="2025-12-10T06:44:46.690" />
<allocation-satisfied id="1558" threadId="0000000000858400" bytesRequested="48" />
<af-end id="1559" timestamp="2025-12-10T06:44:46.691" threadId="0000000000858E78" success="true" from="nursery"/>
<exclusive-end id="1560" timestamp="2025-12-10T06:44:46.692" durationms="9.457" />

<exclusive-start id="1561" timestamp="2025-12-10T06:44:46.724" intervalms="42.210">
  <response-info timems="0.167" idlems="0.116" threads="3" lastid="0000000000888100" lastname="Default Executor-thread-6" />
</exclusive-start>
<af-start id="1562" threadId="000000000085CB78" totalBytesRequested="80" timestamp="2025-12-10T06:44:46.725" intervalms="42.156" type="nursery" />
<cycle-start id="1563" type="scavenge" contextid="0" timestamp="2025-12-10T06:44:46.725" intervalms="42.088" />
<gc-start id="1564" type="scavenge" contextid="1563" timestamp="2025-12-10T06:44:46.726">
  <mem-info id="1565" free="10194744" total="121372672" percent="8">
    <mem type="nursery" free="0" total="62259200" percent="0">
      <mem type="allocate" free="0" total="50003968" percent="0" />
      <mem type="survivor" free="0" total="12255232" percent="0" />
    </mem>
    <mem type="tenure" free="10194744" total="59113472" percent="17">
      <mem type="soa" free="7238456" total="56157184" percent="12" />
      <mem type="loa" free="2956288" total="2956288" percent="100" />
    </mem>
    <remembered-set count="4065" />
  </mem-info>
</gc-start>
<allocation-stats totalBytes="41662008" discardedBytes="48368" >
  <allocated-bytes non-tlh="36944" tlh="41625064" />
  <largest-consumer threadName="Default Executor-thread-5" threadId="0000000000859D00" bytes="11684848" />
</allocation-stats>
<gc-op id="1566" type="scavenge" timems="4.583" contextid="1563" timestamp="2025-12-10T06:44:46.731">
  <scavenger-info tenureage="9" tenuremask="7e00" tiltratio="80" />
  <memory-copied type="nursery" objects="76939" bytes="9455424" bytesdiscarded="268040" />
  <finalization candidates="963" enqueued="961" />
  <ownableSynchronizers candidates="43" cleared="0" />
  <references type="soft" candidates="29" cleared="0" enqueued="0" dynamicThreshold="9" maxThreshold="32" />
  <references type="weak" candidates="153" cleared="48" enqueued="48" />
  <references type="phantom" candidates="117" cleared="8" enqueued="8" />
  <object-monitors candidates="93" cleared="0"  />
</gc-op>
<heap-resize id="1567" type="expand" space="nursery" amount="3932160" count="1" timems="0.044" reason="excessive time being spent scavenging" timestamp="2025-12-10T06:44:46.731" />
<gc-end id="1568" type="scavenge" contextid="1563" durationms="6.195" usertimems="17.861" systemtimems="6.617" stalltimems="14.027" timestamp="2025-12-10T06:44:46.732" activeThreads="8">
  <mem-info id="1569" free="52569768" total="125304832" percent="41">
    <mem type="nursery" free="42375024" total="66191360" percent="64">
      <mem type="allocate" free="42375024" total="52101120" percent="81" />
      <mem type="survivor" free="0" total="14090240" percent="0" />
    </mem>
    <mem type="tenure" free="10194744" total="59113472" percent="17">
      <mem type="soa" free="7238456" total="56157184" percent="12" />
      <mem type="loa" free="2956288" total="2956288" percent="100" />
    </mem>
    <pending-finalizers system="0" default="961" reference="56" classloader="0" />
    <remembered-set count="3899" />
  </mem-info>
</gc-end>
<cycle-end id="1570" type="scavenge" contextid="1563" timestamp="2025-12-10T06:44:46.732" />
<allocation-satisfied id="1571" threadId="000000000085C100" bytesRequested="80" />
<af-end id="1572" timestamp="2025-12-10T06:44:46.733" threadId="000000000085CB78" success="true" from="nursery"/>
<exclusive-end id="1573" timestamp="2025-12-10T06:44:46.733" durationms="9.172" />

<exclusive-start id="1574" timestamp="2025-12-10T06:44:46.772" intervalms="47.948">
  <response-info timems="0.058" idlems="0.046" threads="1" lastid="0000000000859D00" lastname="Default Executor-thread-5" />
</exclusive-start>
<af-start id="1575" threadId="000000000124E278" totalBytesRequested="24" timestamp="2025-12-10T06:44:46.773" intervalms="48.007" type="nursery" />
<cycle-start id="1576" type="scavenge" contextid="0" timestamp="2025-12-10T06:44:46.773" intervalms="48.025" />
<gc-start id="1577" type="scavenge" contextid="1576" timestamp="2025-12-10T06:44:46.774">
  <mem-info id="1578" free="10190776" total="125304832" percent="8">
    <mem type="nursery" free="0" total="66191360" percent="0">
      <mem type="allocate" free="0" total="52101120" percent="0" />
      <mem type="survivor" free="0" total="14090240" percent="0" />
    </mem>
    <mem type="tenure" free="10190776" total="59113472" percent="17">
      <mem type="soa" free="7234488" total="56157184" percent="12" />
      <mem type="loa" free="2956288" total="2956288" percent="100" />
    </mem>
    <remembered-set count="4362" />
  </mem-info>
</gc-start>
<allocation-stats totalBytes="42289688" discardedBytes="89304" >
  <allocated-bytes non-tlh="282560" tlh="42007128" />
  <largest-consumer threadName="Default Executor-thread-5" threadId="0000000000859D00" bytes="14786008" />
</allocation-stats>
<gc-op id="1579" type="scavenge" timems="4.707" contextid="1576" timestamp="2025-12-10T06:44:46.779">
  <scavenger-info tenureage="9" tenuremask="7e00" tiltratio="78" />
  <memory-copied type="nursery" objects="77190" bytes="11495304" bytesdiscarded="265336" />
  <finalization candidates="1371" enqueued="1370" />
  <ownableSynchronizers candidates="46" cleared="5" />
  <references type="soft" candidates="29" cleared="0" enqueued="0" dynamicThreshold="9" maxThreshold="32" />
  <references type="weak" candidates="176" cleared="54" enqueued="54" />
  <references type="phantom" candidates="168" cleared="2" enqueued="2" />
  <object-monitors candidates="93" cleared="0"  />
</gc-op>
<heap-resize id="1580" type="expand" space="nursery" amount="3801088" count="1" timems="0.040" reason="excessive time being spent scavenging" timestamp="2025-12-10T06:44:46.780" />
<gc-end id="1581" type="scavenge" contextid="1576" durationms="6.331" usertimems="23.016" systemtimems="2.490" stalltimems="13.498" timestamp="2025-12-10T06:44:46.780" activeThreads="8">
  <mem-info id="1582" free="51378400" total="129105920" percent="39">
    <mem type="nursery" free="41187624" total="69992448" percent="58">
      <mem type="allocate" free="41187624" total="52953088" percent="77" />
      <mem type="survivor" free="0" total="17039360" percent="0" />
    </mem>
    <mem type="tenure" free="10190776" total="59113472" percent="17">
      <mem type="soa" free="7234488" total="56157184" percent="12" />
      <mem type="loa" free="2956288" total="2956288" percent="100" />
    </mem>
    <pending-finalizers system="6" default="1364" reference="56" classloader="0" />
    <remembered-set count="4044" />
  </mem-info>
</gc-end>
<cycle-end id="1583" type="scavenge" contextid="1576" timestamp="2025-12-10T06:44:46.781" />
<allocation-satisfied id="1584" threadId="000000000124D800" bytesRequested="24" />
<af-end id="1585" timestamp="2025-12-10T06:44:46.781" threadId="000000000124E278" success="true" from="nursery"/>
<exclusive-end id="1586" timestamp="2025-12-10T06:44:46.782" durationms="9.503" />

<exclusive-start id="1587" timestamp="2025-12-10T06:44:46.855" intervalms="83.169">
  <response-info timems="0.053" idlems="0.053" threads="0" lastid="000000000085C100" lastname="Default Executor-thread-3" />
</exclusive-start>
<af-start id="1588" threadId="000000000085CB78" totalBytesRequested="1032" timestamp="2025-12-10T06:44:46.856" intervalms="83.081" type="nursery" />
<cycle-start id="1589" type="scavenge" contextid="0" timestamp="2025-12-10T06:44:46.856" intervalms="83.180" />
<gc-start id="1590" type="scavenge" contextid="1589" timestamp="2025-12-10T06:44:46.857">
  <mem-info id="1591" free="10147864" total="129105920" percent="7">
    <mem type="nursery" free="0" total="69992448" percent="0">
      <mem type="allocate" free="0" total="52953088" percent="0" />
      <mem type="survivor" free="0" total="17039360" percent="0" />
    </mem>
    <mem type="tenure" free="10147864" total="59113472" percent="17">
      <mem type="soa" free="7191576" total="56157184" percent="12" />
      <mem type="loa" free="2956288" total="2956288" percent="100" />
    </mem>
    <remembered-set count="5055" />
  </mem-info>
</gc-start>
<allocation-stats totalBytes="41215712" discardedBytes="14824" >
  <allocated-bytes non-tlh="42936" tlh="41172776" />
  <largest-consumer threadName="Default Executor-thread-5" threadId="0000000000859D00" bytes="18709256" />
</allocation-stats>
<gc-op id="1592" type="scavenge" timems="4.586" contextid="1589" timestamp="2025-12-10T06:44:46.862">
  <scavenger-info tenureage="9" tenuremask="7e00" tiltratio="75" />
  <memory-copied type="nursery" objects="89454" bytes="9328592" bytesdiscarded="283608" />
  <memory-copied type="tenure" objects="761" bytes="39864" bytesdiscarded="40" />
  <finalization candidates="593" enqueued="592" />
  <ownableSynchronizers candidates="111" cleared="45" />
  <references type="soft" candidates="84" cleared="0" enqueued="0" dynamicThreshold="9" maxThreshold="32" />
  <references type="weak" candidates="469" cleared="296" enqueued="293" />
  <references type="phantom" candidates="202" cleared="44" enqueued="44" />
  <object-monitors candidates="98" cleared="4"  />
</gc-op>
<gc-end id="1593" type="scavenge" contextid="1589" durationms="5.899" usertimems="18.754" systemtimems="7.413" stalltimems="11.791" timestamp="2025-12-10T06:44:46.863" activeThreads="8">
  <mem-info id="1594" free="54523832" total="129105920" percent="42">
    <mem type="nursery" free="44648800" total="69992448" percent="63">
      <mem type="allocate" free="44648800" total="54263808" percent="82" />
      <mem type="survivor" free="0" total="15728640" percent="0" />
    </mem>
    <mem type="tenure" free="9875032" total="59113472" percent="16">
      <mem type="soa" free="6918744" total="56157184" percent="12" />
      <mem type="loa" free="2956288" total="2956288" percent="100" />
    </mem>
    <pending-finalizers system="68" default="524" reference="337" classloader="0" />
    <remembered-set count="4719" />
  </mem-info>
</gc-end>
<cycle-end id="1595" type="scavenge" contextid="1589" timestamp="2025-12-10T06:44:46.863" />
<allocation-satisfied id="1596" threadId="000000000085C100" bytesRequested="1032" />
<af-end id="1597" timestamp="2025-12-10T06:44:46.864" threadId="000000000085CB78" success="true" from="nursery"/>
<exclusive-end id="1598" timestamp="2025-12-10T06:44:46.864" durationms="8.761" />

<exclusive-start id="1599" timestamp="2025-12-10T06:44:46.898" intervalms="42.312">
  <response-info timems="0.065" idlems="0.063" threads="1" lastid="0000000000888100" lastname="Default Executor-thread-6" />
</exclusive-start>
<af-start id="1600" threadId="0000000000858E78" totalBytesRequested="3416" timestamp="2025-12-10T06:44:46.898" intervalms="42.361" type="nursery" />
<cycle-start id="1601" type="scavenge" contextid="0" timestamp="2025-12-10T06:44:46.899" intervalms="42.329" />
<gc-start id="1602" type="scavenge" contextid="1601" timestamp="2025-12-10T06:44:46.899">
  <mem-info id="1603" free="9870760" total="129105920" percent="7">
    <mem type="nursery" free="0" total="69992448" percent="0">
      <mem type="allocate" free="0" total="54263808" percent="0" />
      <mem type="survivor" free="0" total="15728640" percent="0" />
    </mem>
    <mem type="tenure" free="9870760" total="59113472" percent="16">
      <mem type="soa" free="6914472" total="56157184" percent="12" />
      <mem type="loa" free="2956288" total="2956288" percent="100" />
    </mem>
    <remembered-set count="4937" />
  </mem-info>
</gc-start>
<allocation-stats totalBytes="44561784" discardedBytes="91288" >
  <allocated-bytes non-tlh="5304" tlh="44556480" />
  <largest-consumer threadName="Default Executor-thread-5" threadId="0000000000859D00" bytes="13983176" />
</allocation-stats>
<gc-op id="1604" type="scavenge" timems="6.089" contextid="1601" timestamp="2025-12-10T06:44:46.906">
  <scavenger-info tenureage="9" tenuremask="7e00" tiltratio="77" />
  <memory-copied type="nursery" objects="175181" bytes="13375072" bytesdiscarded="465016" />
  <finalization candidates="691" enqueued="690" />
  <ownableSynchronizers candidates="68" cleared="3" />
  <references type="soft" candidates="120" cleared="0" enqueued="0" dynamicThreshold="9" maxThreshold="32" />
  <references type="weak" candidates="279" cleared="84" enqueued="81" />
  <references type="phantom" candidates="177" cleared="0" enqueued="0" />
  <object-monitors candidates="94" cleared="0"  />
</gc-op>
<heap-resize id="1605" type="expand" space="nursery" amount="6684672" count="1" timems="0.052" reason="excessive time being spent scavenging" timestamp="2025-12-10T06:44:46.907" />
<gc-end id="1606" type="scavenge" contextid="1601" durationms="7.970" usertimems="35.282" systemtimems="0.201" stalltimems="15.756" timestamp="2025-12-10T06:44:46.907" activeThreads="8">
  <mem-info id="1607" free="50291632" total="135790592" percent="37">
    <mem type="nursery" free="40420872" total="76677120" percent="52">
      <mem type="allocate" free="40420872" total="54263808" percent="74" />
      <mem type="survivor" free="0" total="22413312" percent="0" />
    </mem>
    <mem type="tenure" free="9870760" total="59113472" percent="16">
      <mem type="soa" free="6914472" total="56157184" percent="12" />
      <mem type="loa" free="2956288" total="2956288" percent="100" />
    </mem>
    <pending-finalizers system="0" default="690" reference="81" classloader="0" />
    <remembered-set count="4736" />
  </mem-info>
</gc-end>
<cycle-end id="1608" type="scavenge" contextid="1601" timestamp="2025-12-10T06:44:46.908" />
<allocation-satisfied id="1609" threadId="0000000000858400" bytesRequested="3416" />
<af-end id="1610" timestamp="2025-12-10T06:44:46.909" threadId="0000000000858E78" success="true" from="nursery"/>
<exclusive-end id="1611" timestamp="2025-12-10T06:44:46.909" durationms="11.254" />

<exclusive-start id="1612" timestamp="2025-12-10T06:44:46.939" intervalms="40.854">
  <response-info timems="0.051" idlems="0.045" threads="1" lastid="0000000000888100" lastname="Default Executor-thread-6" />
</exclusive-start>
<af-start id="1613" threadId="000000000085A778" totalBytesRequested="6808" timestamp="2025-12-10T06:44:46.939" intervalms="40.842" type="nursery" />
<cycle-start id="1614" type="scavenge" contextid="0" timestamp="2025-12-10T06:44:46.940" intervalms="40.803" />
<gc-start id="1615" type="scavenge" contextid="1614" timestamp="2025-12-10T06:44:46.940">
  <mem-info id="1616" free="9870760" total="135790592" percent="7">
    <mem type="nursery" free="0" total="76677120" percent="0">
      <mem type="allocate" free="0" total="54263808" percent="0" />
      <mem type="survivor" free="0" total="22413312" percent="0" />
    </mem>
    <mem type="tenure" free="9870760" total="59113472" percent="16">
      <mem type="soa" free="6914472" total="56157184" percent="12" />
      <mem type="loa" free="2956288" total="2956288" percent="100" />
    </mem>
    <remembered-set count="4781" />
  </mem-info>
</gc-start>
<allocation-stats totalBytes="40314096" discardedBytes="106776" >
  <allocated-bytes non-tlh="3416" tlh="40310680" />
  <largest-consumer threadName="Default Executor-thread-5" threadId="0000000000859D00" bytes="15124968" />
</allocation-stats>
<gc-op id="1617" type="scavenge" timems="7.470" contextid="1614" timestamp="2025-12-10T06:44:46.948">
  <scavenger-info tenureage="5" tenuremask="7e20" tiltratio="70" />
  <memory-copied type="nursery" objects="179365" bytes="16656424" bytesdiscarded="466728" />
  <memory-copied type="tenure" objects="6850" bytes="933312" bytesdiscarded="56" />
  <finalization candidates="1108" enqueued="1107" />
  <ownableSynchronizers candidates="65" cleared="0" />
  <references type="soft" candidates="120" cleared="0" enqueued="0" dynamicThreshold="9" maxThreshold="32" />
  <references type="weak" candidates="204" cleared="7" enqueued="7" />
  <references type="phantom" candidates="132" cleared="0" enqueued="0" />
  <object-monitors candidates="94" cleared="0"  />
</gc-op>
<heap-resize id="1618" type="expand" space="nursery" amount="7602176" count="1" timems="0.039" reason="excessive time being spent scavenging" timestamp="2025-12-10T06:44:46.949" />
<gc-end id="1619" type="scavenge" contextid="1614" durationms="9.114" usertimems="43.586" systemtimems="0.968" stalltimems="14.972" timestamp="2025-12-10T06:44:46.949" activeThreads="8">
  <mem-info id="1620" free="49504680" total="143392768" percent="34">
    <mem type="nursery" free="40872720" total="84279296" percent="48">
      <mem type="allocate" free="40872720" total="57999360" percent="70" />
      <mem type="survivor" free="0" total="26279936" percent="0" />
    </mem>
    <mem type="tenure" free="8631960" total="59113472" percent="14">
      <mem type="soa" free="5675672" total="56157184" percent="10" />
      <mem type="loa" free="2956288" total="2956288" percent="100" />
    </mem>
    <pending-finalizers system="0" default="1107" reference="7" classloader="0" />
    <remembered-set count="5625" />
  </mem-info>
</gc-end>
<cycle-end id="1621" type="scavenge" contextid="1614" timestamp="2025-12-10T06:44:46.950" />
<allocation-satisfied id="1622" threadId="0000000000859D00" bytesRequested="6808" />
<af-end id="1623" timestamp="2025-12-10T06:44:46.950" threadId="000000000085A778" success="true" from="nursery"/>
<exclusive-end id="1624" timestamp="2025-12-10T06:44:46.951" durationms="12.083" />

<exclusive-start id="1625" timestamp="2025-12-10T06:44:46.984" intervalms="45.097">
  <response-info timems="0.067" idlems="0.067" threads="0" lastid="0000000000888100" lastname="Default Executor-thread-6" />
</exclusive-start>
<af-start id="1626" threadId="0000000000888B78" totalBytesRequested="49720" timestamp="2025-12-10T06:44:46.984" intervalms="45.234" type="nursery" />
<cycle-start id="1627" type="scavenge" contextid="0" timestamp="2025-12-10T06:44:46.985" intervalms="45.497" />
<gc-start id="1628" type="scavenge" contextid="1627" timestamp="2025-12-10T06:44:46.986">
  <mem-info id="1629" free="8628864" total="143392768" percent="6">
    <mem type="nursery" free="0" total="84279296" percent="0">
      <mem type="allocate" free="0" total="57999360" percent="0" />
      <mem type="survivor" free="0" total="26279936" percent="0" />
    </mem>
    <mem type="tenure" free="8628864" total="59113472" percent="14">
      <mem type="soa" free="5672576" total="56157184" percent="10" />
      <mem type="loa" free="2956288" total="2956288" percent="100" />
    </mem>
    <remembered-set count="5759" />
  </mem-info>
</gc-start>
<allocation-stats totalBytes="40808696" discardedBytes="67120" >
  <allocated-bytes non-tlh="229488" tlh="40579208" />
  <largest-consumer threadName="Default Executor-thread-2" threadId="0000000000858400" bytes="16657560" />
</allocation-stats>
<gc-op id="1630" type="scavenge" timems="8.246" contextid="1627" timestamp="2025-12-10T06:44:46.995">
  <scavenger-info tenureage="8" tenuremask="7f00" tiltratio="68" />
  <memory-copied type="nursery" objects="168903" bytes="16041544" bytesdiscarded="520960" />
  <memory-copied type="tenure" objects="18021" bytes="886432" bytesdiscarded="792" />
  <finalization candidates="1154" enqueued="1152" />
  <ownableSynchronizers candidates="71" cleared="0" />
  <references type="soft" candidates="118" cleared="0" enqueued="0" dynamicThreshold="9" maxThreshold="32" />
  <references type="weak" candidates="211" cleared="67" enqueued="66" />
  <references type="phantom" candidates="126" cleared="0" enqueued="0" />
  <object-monitors candidates="94" cleared="0"  />
</gc-op>
<heap-resize id="1631" type="expand" space="nursery" amount="8257536" count="1" timems="0.039" reason="excessive time being spent scavenging" timestamp="2025-12-10T06:44:46.995" />
<gc-end id="1632" type="scavenge" contextid="1627" durationms="9.936" usertimems="50.007" systemtimems="0.000" stalltimems="25.446" timestamp="2025-12-10T06:44:46.996" activeThreads="9">
  <mem-info id="1633" free="59944656" total="151650304" percent="39">
    <mem type="nursery" free="52575072" total="92536832" percent="56">
      <mem type="allocate" free="52575072" total="69140480" percent="76" />
      <mem type="survivor" free="0" total="23396352" percent="0" />
    </mem>
    <mem type="tenure" free="7369584" total="59113472" percent="12">
      <mem type="soa" free="4413296" total="56157184" percent="7" />
      <mem type="loa" free="2956288" total="2956288" percent="100" />
    </mem>
    <pending-finalizers system="0" default="1152" reference="66" classloader="0" />
    <remembered-set count="5358" />
  </mem-info>
</gc-end>
<cycle-end id="1634" type="scavenge" contextid="1627" timestamp="2025-12-10T06:44:46.996" />
<allocation-satisfied id="1635" threadId="0000000000888100" bytesRequested="49720" />
<af-end id="1636" timestamp="2025-12-10T06:44:46.998" threadId="0000000000888B78" success="true" from="nursery"/>
<exclusive-end id="1637" timestamp="2025-12-10T06:44:46.998" durationms="14.290" />

<concurrent-kickoff id="1638" timestamp="2025-12-10T06:44:47.039">
  <kickoff reason="threshold reached" targetBytes="29406921" thresholdFreeBytes="4076441"  remainingFree="3926880" tenureFreeBytes="7369584" nurseryFreeBytes="3926880" />
</concurrent-kickoff>
<exclusive-start id="1639" timestamp="2025-12-10T06:44:47.040" intervalms="56.391">
  <response-info timems="0.197" idlems="0.171" threads="3" lastid="0000000000859D00" lastname="Default Executor-thread-5" />
</exclusive-start>
<cycle-start id="1640" type="global" contextid="0" timestamp="2025-12-10T06:44:47.040" intervalms="703.404" />
<concurrent-start id="1641" type="global mark" contextid="1640" timestamp="2025-12-10T06:44:47.041">
</concurrent-start>
<exclusive-end id="1642" timestamp="2025-12-10T06:44:47.042" durationms="1.506" />

<exclusive-start id="1643" timestamp="2025-12-10T06:44:47.063" intervalms="22.700">
  <response-info timems="0.051" idlems="0.051" threads="0" lastid="0000000000859D00" lastname="Default Executor-thread-5" />
</exclusive-start>
<af-start id="1644" threadId="000000000085A778" totalBytesRequested="2920" timestamp="2025-12-10T06:44:47.063" intervalms="79.048" type="nursery" />
<cycle-start id="1645" type="scavenge" contextid="0" timestamp="2025-12-10T06:44:47.064" intervalms="78.716" />
<gc-start id="1646" type="scavenge" contextid="1645" timestamp="2025-12-10T06:44:47.064">
  <mem-info id="1647" free="7369584" total="151650304" percent="4">
    <mem type="nursery" free="0" total="92536832" percent="0">
      <mem type="allocate" free="0" total="69140480" percent="0" />
      <mem type="survivor" free="0" total="23396352" percent="0" />
    </mem>
    <mem type="tenure" free="7369584" total="59113472" percent="12">
      <mem type="soa" free="4413296" total="56157184" percent="7" />
      <mem type="loa" free="2956288" total="2956288" percent="100" />
    </mem>
    <remembered-set count="5582" />
  </mem-info>
</gc-start>
<allocation-stats totalBytes="52421968" discardedBytes="153104" >
  <allocated-bytes non-tlh="84344" tlh="52337624" />
  <largest-consumer threadName="Default Executor-thread-2" threadId="0000000000858400" bytes="18731152" />
</allocation-stats>
<gc-op id="1648" type="scavenge" timems="10.890" contextid="1645" timestamp="2025-12-10T06:44:47.076">
  <scavenger-info tenureage="3" tenuremask="7e18" tiltratio="74" />
  <memory-copied type="nursery" objects="75719" bytes="12635264" bytesdiscarded="438672" />
  <memory-copied type="tenure" objects="105318" bytes="5124304" bytesdiscarded="3744" />
  <finalization candidates="1622" enqueued="1621" />
  <ownableSynchronizers candidates="48" cleared="0" />
  <references type="soft" candidates="1" cleared="0" enqueued="0" dynamicThreshold="9" maxThreshold="32" />
  <references type="weak" candidates="55" cleared="9" enqueued="9" />
  <references type="phantom" candidates="98" cleared="0" enqueued="0" />
  <object-monitors candidates="94" cleared="0"  />
  <heap-resize type="expand" space="tenure" amount="786432" count="6" timems="1.052" reason="continue current collection" />
</gc-op>
<heap-resize id="1649" type="expand" space="nursery" amount="6553600" count="1" timems="0.162" reason="excessive time being spent scavenging" timestamp="2025-12-10T06:44:47.077" />
<gc-end id="1650" type="scavenge" contextid="1645" durationms="13.030" usertimems="48.361" systemtimems="8.187" stalltimems="26.782" timestamp="2025-12-10T06:44:47.077" activeThreads="9">
  <mem-info id="1651" free="66616744" total="158990336" percent="41">
    <mem type="nursery" free="63535784" total="99090432" percent="64">
      <mem type="allocate" free="63535784" total="76611584" percent="82" />
      <mem type="survivor" free="0" total="22478848" percent="0" />
    </mem>
    <mem type="tenure" free="3080960" total="59899904" percent="5">
      <mem type="soa" free="85760" total="56904704" percent="0" />
      <mem type="loa" free="2995200" total="2995200" percent="100" />
    </mem>
    <pending-finalizers system="0" default="1621" reference="9" classloader="0" />
    <remembered-set count="6723" />
  </mem-info>
</gc-end>
<cycle-end id="1652" type="scavenge" contextid="1645" timestamp="2025-12-10T06:44:47.078" />
<allocation-satisfied id="1653" threadId="0000000000859D00" bytesRequested="2920" />
<af-end id="1654" timestamp="2025-12-10T06:44:47.079" threadId="000000000085A778" success="true" from="nursery"/>
<exclusive-end id="1655" timestamp="2025-12-10T06:44:47.080" durationms="16.999" />

<concurrent-end id="1656" type="global mark" contextid="1640" timestamp="2025-12-10T06:44:47.082">
<gc-op id="1657" type="trace" timems="40.893" contextid="1640" timestamp="2025-12-10T06:44:47.082">
  <trace bytesTraced="30727328" workStackOverflowCount="0" />
  <card-cleaning reason="card cleaning threshold reached" bytesTraced="6092" cardsCleaned="14" />
</gc-op>
</concurrent-end>

<exclusive-start id="1658" timestamp="2025-12-10T06:44:47.083" intervalms="20.249">
  <response-info timems="0.074" idlems="0.048" threads="1" lastid="0000000000858400" lastname="Default Executor-thread-2" />
</exclusive-start>
<concurrent-global-final id="1659" timestamp="2025-12-10T06:44:47.084" contextid="1640" intervalms="4816.656" >
  <concurrent-trace-info reason="card cleaning threshold reached" tracedByMutators="20706228" tracedByHelpers="10027192" cardsCleaned="14" workStackOverflowCount="0" />
</concurrent-global-final>
<gc-start id="1660" type="global" contextid="1640" timestamp="2025-12-10T06:44:47.084">
  <mem-info id="1661" free="64746048" total="158990336" percent="40">
    <mem type="nursery" free="61665088" total="99090432" percent="62">
      <mem type="allocate" free="61665088" total="76611584" percent="80" />
      <mem type="survivor" free="0" total="22478848" percent="0" />
    </mem>
    <mem type="tenure" free="3080960" total="59899904" percent="5">
      <mem type="soa" free="85760" total="56904704" percent="0" />
      <mem type="loa" free="2995200" total="2995200" percent="100" />
    </mem>
    <remembered-set count="6749" />
  </mem-info>
</gc-start>
<allocation-stats totalBytes="1863984" discardedBytes="6712" >
  <allocated-bytes non-tlh="2920" tlh="1861064" />
  <largest-consumer threadName="Default Executor-thread-5" threadId="0000000000859D00" bytes="750472" />
</allocation-stats>
<gc-op id="1662" type="rs-scan" timems="2.352" contextid="1640" timestamp="2025-12-10T06:44:47.087">
  <scan objectsFound="15771" bytesTraced="590876" workStackOverflowCount="0" />
</gc-op>
<gc-op id="1663" type="card-cleaning" timems="2.527" contextid="1640" timestamp="2025-12-10T06:44:47.090">
  <card-cleaning cardsCleaned="444" bytesTraced="7964388" workStackOverflowCount="0" />
</gc-op>
<gc-op id="1664" type="mark" timems="13.967" contextid="1640" timestamp="2025-12-10T06:44:47.105">
  <trace-info objectcount="6041" scancount="5351" scanbytes="309428" />
  <finalization candidates="813" enqueued="12" />
  <ownableSynchronizers candidates="8656" cleared="31" />
  <references type="soft" candidates="12602" cleared="306" enqueued="302" dynamicThreshold="9" maxThreshold="32" />
  <references type="weak" candidates="14998" cleared="2" enqueued="2" />
  <references type="phantom" candidates="392" cleared="0" enqueued="0" />
  <stringconstants candidates="38782" cleared="73"  />
  <object-monitors candidates="94" cleared="0"  />
</gc-op>
<gc-op id="1665" type="classunload" timems="1.358" contextid="1640" timestamp="2025-12-10T06:44:47.107">
  <classunload-info classloadercandidates="418" classloadersunloaded="0" classesunloaded="2" anonymousclassesunloaded="2" quiescems="0.000" setupms="1.328" scanms="0.029" postms="0.000" />
</gc-op>
<gc-op id="1666" type="sweep" timems="2.860" contextid="1640" timestamp="2025-12-10T06:44:47.110" />
<heap-resize id="1667" type="expand" space="tenure" amount="17563648" count="1" timems="0.914" reason="insufficient free space following gc" timestamp="2025-12-10T06:44:47.111" />
<gc-end id="1668" type="global" contextid="1640" durationms="27.748" usertimems="79.954" systemtimems="25.160" stalltimems="265.023" timestamp="2025-12-10T06:44:47.112" activeThreads="20">
  <mem-info id="1669" free="94629720" total="176553984" percent="53">
    <mem type="nursery" free="70590856" total="99090432" percent="71">
      <mem type="allocate" free="70590856" total="76611584" percent="92" />
      <mem type="survivor" free="0" total="22478848" percent="0" />
    </mem>
    <mem type="tenure" free="24038864" total="77463552" percent="31" micro-fragmented="1540825" macro-fragmented="0">
      <mem type="soa" free="20165072" total="73589760" percent="27" />
      <mem type="loa" free="3873792" total="3873792" percent="100" />
    </mem>
    <pending-finalizers system="0" default="12" reference="304" classloader="0" />
    <remembered-set count="6694" />
  </mem-info>
</gc-end>
<cycle-end id="1670" type="global" contextid="1640" timestamp="2025-12-10T06:44:47.112" />
<exclusive-end id="1671" timestamp="2025-12-10T06:44:47.113" durationms="29.732" />

<exclusive-start id="1672" timestamp="2025-12-10T06:44:47.166" intervalms="83.395">
  <response-info timems="0.087" idlems="0.087" threads="0" lastid="0000000000859D00" lastname="Default Executor-thread-5" />
</exclusive-start>
<af-start id="1673" threadId="000000000085A778" totalBytesRequested="7952" timestamp="2025-12-10T06:44:47.167" intervalms="103.593" type="nursery" />
<cycle-start id="1674" type="scavenge" contextid="0" timestamp="2025-12-10T06:44:47.167" intervalms="103.620" />
<gc-start id="1675" type="scavenge" contextid="1674" timestamp="2025-12-10T06:44:47.168">
  <mem-info id="1676" free="24038384" total="176553984" percent="13">
    <mem type="nursery" free="0" total="99090432" percent="0">
      <mem type="allocate" free="0" total="76611584" percent="0" />
      <mem type="survivor" free="0" total="22478848" percent="0" />
    </mem>
    <mem type="tenure" free="24038384" total="77463552" percent="31">
      <mem type="soa" free="20164592" total="73589760" percent="27" />
      <mem type="loa" free="3873792" total="3873792" percent="100" />
    </mem>
    <remembered-set count="7690" />
  </mem-info>
</gc-start>
<allocation-stats totalBytes="70516912" discardedBytes="72712" >
  <allocated-bytes non-tlh="891568" tlh="69625344" />
  <largest-consumer threadName="Default Executor-thread-5" threadId="0000000000859D00" bytes="23831304" />
</allocation-stats>
<gc-op id="1677" type="scavenge" timems="6.532" contextid="1674" timestamp="2025-12-10T06:44:47.176">
  <scavenger-info tenureage="9" tenuremask="7e00" tiltratio="77" />
  <memory-copied type="nursery" objects="138634" bytes="12397808" bytesdiscarded="319120" />
  <memory-copied type="tenure" objects="7177" bytes="429416" bytesdiscarded="3416" />
  <finalization candidates="948" enqueued="915" />
  <ownableSynchronizers candidates="17257" cleared="17228" />
  <references type="soft" candidates="1" cleared="0" enqueued="0" dynamicThreshold="9" maxThreshold="32" />
  <references type="weak" candidates="132" cleared="96" enqueued="96" />
  <references type="phantom" candidates="261" cleared="64" enqueued="64" />
  <object-monitors candidates="94" cleared="0"  />
</gc-op>
<heap-resize id="1678" type="expand" space="nursery" amount="3538944" count="1" timems="0.041" reason="excessive time being spent scavenging" timestamp="2025-12-10T06:44:47.176" />
<gc-end id="1679" type="scavenge" contextid="1674" durationms="8.784" usertimems="37.427" systemtimems="0.659" stalltimems="30.035" timestamp="2025-12-10T06:44:47.177" activeThreads="10">
  <mem-info id="1680" free="92633384" total="180092928" percent="51">
    <mem type="nursery" free="69185792" total="102629376" percent="67">
      <mem type="allocate" free="69185792" total="81920000" percent="84" />
      <mem type="survivor" free="0" total="20709376" percent="0" />
    </mem>
    <mem type="tenure" free="23447592" total="77463552" percent="30">
      <mem type="soa" free="19573800" total="73589760" percent="26" />
      <mem type="loa" free="3873792" total="3873792" percent="100" />
    </mem>
    <pending-finalizers system="0" default="915" reference="160" classloader="0" />
    <remembered-set count="6356" />
  </mem-info>
</gc-end>
<cycle-end id="1681" type="scavenge" contextid="1674" timestamp="2025-12-10T06:44:47.177" />
<allocation-satisfied id="1682" threadId="0000000000859D00" bytesRequested="7952" />
<af-end id="1683" timestamp="2025-12-10T06:44:47.178" threadId="000000000085A778" success="true" from="nursery"/>
<exclusive-end id="1684" timestamp="2025-12-10T06:44:47.179" durationms="12.192" />

<exclusive-start id="1685" timestamp="2025-12-10T06:44:47.258" intervalms="91.300">
  <response-info timems="0.085" idlems="0.085" threads="0" lastid="0000000000859000" lastname="Default Executor-thread-4" />
</exclusive-start>
<af-start id="1686" threadId="0000000000859A78" totalBytesRequested="72" timestamp="2025-12-10T06:44:47.258" intervalms="91.392" type="nursery" />
<cycle-start id="1687" type="scavenge" contextid="0" timestamp="2025-12-10T06:44:47.259" intervalms="91.742" />
<gc-start id="1688" type="scavenge" contextid="1687" timestamp="2025-12-10T06:44:47.260">
  <mem-info id="1689" free="23439528" total="180092928" percent="13">
    <mem type="nursery" free="0" total="102629376" percent="0">
      <mem type="allocate" free="0" total="81920000" percent="0" />
      <mem type="survivor" free="0" total="20709376" percent="0" />
    </mem>
    <mem type="tenure" free="23439528" total="77463552" percent="30">
      <mem type="soa" free="19565736" total="73589760" percent="26" />
      <mem type="loa" free="3873792" total="3873792" percent="100" />
    </mem>
    <remembered-set count="6979" />
  </mem-info>
</gc-start>
<allocation-stats totalBytes="69179376" discardedBytes="13720" >
  <allocated-bytes non-tlh="162600" tlh="69016776" />
  <largest-consumer threadName="Default Executor-thread-5" threadId="0000000000859D00" bytes="26583760" />
</allocation-stats>
<gc-op id="1690" type="scavenge" timems="11.786" contextid="1687" timestamp="2025-12-10T06:44:47.273">
  <scavenger-info tenureage="9" tenuremask="7e00" tiltratio="79" />
  <memory-copied type="nursery" objects="150891" bytes="9950912" bytesdiscarded="87832" />
  <finalization candidates="349" enqueued="277" />
  <ownableSynchronizers candidates="59" cleared="20" />
  <references type="soft" candidates="43" cleared="0" enqueued="0" dynamicThreshold="9" maxThreshold="32" />
  <references type="weak" candidates="231" cleared="189" enqueued="189" />
  <references type="phantom" candidates="349" cleared="190" enqueued="190" />
  <object-monitors candidates="101" cleared="5"  />
</gc-op>
<heap-resize id="1691" type="expand" space="nursery" amount="6684672" count="1" timems="0.050" reason="excessive time being spent scavenging" timestamp="2025-12-10T06:44:47.274" />
<gc-end id="1692" type="scavenge" contextid="1687" durationms="14.240" usertimems="59.133" systemtimems="11.302" stalltimems="38.659" timestamp="2025-12-10T06:44:47.274" activeThreads="9">
  <mem-info id="1693" free="102384272" total="186777600" percent="54">
    <mem type="nursery" free="78944744" total="109314048" percent="72">
      <mem type="allocate" free="78944744" total="88997888" percent="88" />
      <mem type="survivor" free="0" total="20316160" percent="0" />
    </mem>
    <mem type="tenure" free="23439528" total="77463552" percent="30">
      <mem type="soa" free="19565736" total="73589760" percent="26" />
      <mem type="loa" free="3873792" total="3873792" percent="100" />
    </mem>
    <pending-finalizers system="0" default="277" reference="379" classloader="0" />
    <remembered-set count="6744" />
  </mem-info>
</gc-end>
<cycle-end id="1694" type="scavenge" contextid="1687" timestamp="2025-12-10T06:44:47.275" />
<allocation-satisfied id="1695" threadId="0000000000859000" bytesRequested="72" />
<af-end id="1696" timestamp="2025-12-10T06:44:47.276" threadId="0000000000859A78" success="true" from="nursery"/>
<exclusive-end id="1697" timestamp="2025-12-10T06:44:47.278" durationms="19.927" />

<exclusive-start id="1698" timestamp="2025-12-10T06:44:47.400" intervalms="141.956">
  <response-info timems="0.063" idlems="0.063" threads="0" lastid="00000000014D6E00" lastname="ClassloaderMapProcessingThread-9" />
</exclusive-start>
<af-start id="1699" threadId="00000000014D7878" totalBytesRequested="24" timestamp="2025-12-10T06:44:47.400" intervalms="141.875" type="nursery" />
<cycle-start id="1700" type="scavenge" contextid="0" timestamp="2025-12-10T06:44:47.401" intervalms="141.732" />
<gc-start id="1701" type="scavenge" contextid="1700" timestamp="2025-12-10T06:44:47.402">
  <mem-info id="1702" free="23415616" total="186777600" percent="12">
    <mem type="nursery" free="0" total="109314048" percent="0">
      <mem type="allocate" free="0" total="88997888" percent="0" />
      <mem type="survivor" free="0" total="20316160" percent="0" />
    </mem>
    <mem type="tenure" free="23415616" total="77463552" percent="30">
      <mem type="soa" free="19541824" total="73589760" percent="26" />
      <mem type="loa" free="3873792" total="3873792" percent="100" />
    </mem>
    <remembered-set count="7546" />
  </mem-info>
</gc-start>
<allocation-stats totalBytes="78866464" discardedBytes="101432" >
  <allocated-bytes non-tlh="702312" tlh="78164152" />
  <largest-consumer threadName="Default Executor-thread-4" threadId="0000000000859000" bytes="19779416" />
</allocation-stats>
<gc-op id="1703" type="scavenge" timems="7.997" contextid="1700" timestamp="2025-12-10T06:44:47.410">
  <scavenger-info tenureage="8" tenuremask="7f00" tiltratio="81" />
  <memory-copied type="nursery" objects="135090" bytes="10718576" bytesdiscarded="201008" />
  <memory-copied type="tenure" objects="26514" bytes="2798376" bytesdiscarded="6568" />
  <finalization candidates="466" enqueued="389" />
  <ownableSynchronizers candidates="125" cleared="56" />
  <references type="soft" candidates="91" cleared="0" enqueued="0" dynamicThreshold="9" maxThreshold="32" />
  <references type="weak" candidates="437" cleared="290" enqueued="290" />
  <references type="phantom" candidates="201" cleared="19" enqueued="19" />
  <object-monitors candidates="131" cleared="33"  />
</gc-op>
<gc-end id="1704" type="scavenge" contextid="1700" durationms="9.889" usertimems="50.634" systemtimems="0.000" stalltimems="24.363" timestamp="2025-12-10T06:44:47.411" activeThreads="9">
  <mem-info id="1705" free="100665304" total="186777600" percent="53">
    <mem type="nursery" free="80299944" total="109314048" percent="73">
      <mem type="allocate" free="80299944" total="91226112" percent="88" />
      <mem type="survivor" free="0" total="18087936" percent="0" />
    </mem>
    <mem type="tenure" free="20365360" total="77463552" percent="26">
      <mem type="soa" free="16491568" total="73589760" percent="22" />
      <mem type="loa" free="3873792" total="3873792" percent="100" />
    </mem>
    <pending-finalizers system="47" default="342" reference="309" classloader="0" />
    <remembered-set count="3931" />
  </mem-info>
</gc-end>
<cycle-end id="1706" type="scavenge" contextid="1700" timestamp="2025-12-10T06:44:47.412" />
<allocation-satisfied id="1707" threadId="00000000014D6E00" bytesRequested="24" />
<af-end id="1708" timestamp="2025-12-10T06:44:47.413" threadId="00000000014D7878" success="true" from="nursery"/>
<exclusive-end id="1709" timestamp="2025-12-10T06:44:47.414" durationms="14.192" />

<exclusive-start id="1710" timestamp="2025-12-10T06:44:47.547" intervalms="147.595">
  <response-info timems="0.047" idlems="0.047" threads="0" lastid="0000000000858400" lastname="Default Executor-thread-2" />
</exclusive-start>
<af-start id="1711" threadId="0000000000858E78" totalBytesRequested="4016" timestamp="2025-12-10T06:44:47.548" intervalms="147.708" type="nursery" />
<cycle-start id="1712" type="scavenge" contextid="0" timestamp="2025-12-10T06:44:47.549" intervalms="147.832" />
<gc-start id="1713" type="scavenge" contextid="1712" timestamp="2025-12-10T06:44:47.549">
  <mem-info id="1714" free="20298048" total="186777600" percent="10">
    <mem type="nursery" free="0" total="109314048" percent="0">
      <mem type="allocate" free="0" total="91226112" percent="0" />
      <mem type="survivor" free="0" total="18087936" percent="0" />
    </mem>
    <mem type="tenure" free="20298048" total="77463552" percent="26">
      <mem type="soa" free="16424256" total="73589760" percent="22" />
      <mem type="loa" free="3873792" total="3873792" percent="100" />
    </mem>
    <remembered-set count="4786" />
  </mem-info>
</gc-start>
<allocation-stats totalBytes="80086200" discardedBytes="280352" >
  <allocated-bytes non-tlh="66632" tlh="80019568" />
  <largest-consumer threadName="Default Executor-thread-4" threadId="0000000000859000" bytes="37798448" />
</allocation-stats>
<gc-op id="1715" type="scavenge" timems="9.038" contextid="1712" timestamp="2025-12-10T06:44:47.559">
  <scavenger-info tenureage="9" tenuremask="7e00" tiltratio="83" />
  <memory-copied type="nursery" objects="181024" bytes="17265392" bytesdiscarded="336088" />
  <finalization candidates="1803" enqueued="1701" />
  <ownableSynchronizers candidates="96" cleared="18" />
  <references type="soft" candidates="183" cleared="0" enqueued="0" dynamicThreshold="9" maxThreshold="32" />
  <references type="weak" candidates="516" cleared="317" enqueued="317" />
  <references type="phantom" candidates="270" cleared="71" enqueued="71" />
  <object-monitors candidates="218" cleared="112"  />
</gc-op>
<heap-resize id="1716" type="expand" space="nursery" amount="4849664" count="1" timems="0.053" reason="excessive time being spent scavenging" timestamp="2025-12-10T06:44:47.560" />
<gc-end id="1717" type="scavenge" contextid="1712" durationms="11.504" usertimems="42.396" systemtimems="9.824" stalltimems="32.506" timestamp="2025-12-10T06:44:47.561" activeThreads="9">
  <mem-info id="1718" free="88406768" total="191627264" percent="46">
    <mem type="nursery" free="68108720" total="114163712" percent="59">
      <mem type="allocate" free="68108720" total="85721088" percent="79" />
      <mem type="survivor" free="0" total="28442624" percent="0" />
    </mem>
    <mem type="tenure" free="20298048" total="77463552" percent="26">
      <mem type="soa" free="16424256" total="73589760" percent="22" />
      <mem type="loa" free="3873792" total="3873792" percent="100" />
    </mem>
    <pending-finalizers system="128" default="1573" reference="388" classloader="0" />
    <remembered-set count="4584" />
  </mem-info>
</gc-end>
<cycle-end id="1719" type="scavenge" contextid="1712" timestamp="2025-12-10T06:44:47.562" />
<allocation-satisfied id="1720" threadId="0000000000858400" bytesRequested="4016" />
<af-end id="1721" timestamp="2025-12-10T06:44:47.563" threadId="0000000000858E78" success="true" from="nursery"/>
<exclusive-end id="1722" timestamp="2025-12-10T06:44:47.563" durationms="16.200" />

<exclusive-start id="1723" timestamp="2025-12-10T06:44:47.693" intervalms="145.786">
  <response-info timems="0.059" idlems="0.059" threads="0" lastid="0000000000859000" lastname="Default Executor-thread-4" />
</exclusive-start>
<af-start id="1724" threadId="0000000000859A78" totalBytesRequested="3608" timestamp="2025-12-10T06:44:47.694" intervalms="145.795" type="nursery" />
<cycle-start id="1725" type="scavenge" contextid="0" timestamp="2025-12-10T06:44:47.694" intervalms="145.707" />
<gc-start id="1726" type="scavenge" contextid="1725" timestamp="2025-12-10T06:44:47.695">
  <mem-info id="1727" free="20233992" total="191627264" percent="10">
    <mem type="nursery" free="0" total="114163712" percent="0">
      <mem type="allocate" free="0" total="85721088" percent="0" />
      <mem type="survivor" free="0" total="28442624" percent="0" />
    </mem>
    <mem type="tenure" free="20233992" total="77463552" percent="26">
      <mem type="soa" free="16360200" total="73589760" percent="22" />
      <mem type="loa" free="3873792" total="3873792" percent="100" />
    </mem>
    <remembered-set count="5813" />
  </mem-info>
</gc-start>
<allocation-stats totalBytes="68121832" discardedBytes="50944" >
  <allocated-bytes non-tlh="68072" tlh="68053760" />
  <largest-consumer threadName="Default Executor-thread-4" threadId="0000000000859000" bytes="39314320" />
</allocation-stats>
<gc-op id="1728" type="scavenge" timems="10.639" contextid="1725" timestamp="2025-12-10T06:44:47.707">
  <scavenger-info tenureage="9" tenuremask="7e00" tiltratio="75" />
  <memory-copied type="nursery" objects="229585" bytes="19998408" bytesdiscarded="225648" />
  <finalization candidates="2047" enqueued="1944" />
  <ownableSynchronizers candidates="94" cleared="16" />
  <references type="soft" candidates="323" cleared="0" enqueued="0" dynamicThreshold="9" maxThreshold="32" />
  <references type="weak" candidates="745" cleared="481" enqueued="481" />
  <references type="phantom" candidates="383" cleared="165" enqueued="165" />
  <object-monitors candidates="211" cleared="101"  />
</gc-op>
<heap-resize id="1729" type="expand" space="nursery" amount="4063232" count="1" timems="0.049" reason="excessive time being spent scavenging" timestamp="2025-12-10T06:44:47.708" />
<gc-end id="1730" type="scavenge" contextid="1725" durationms="13.060" usertimems="54.620" systemtimems="6.898" stalltimems="39.370" timestamp="2025-12-10T06:44:47.708" activeThreads="9">
  <mem-info id="1731" free="89183712" total="195690496" percent="45">
    <mem type="nursery" free="68949720" total="118226944" percent="58">
      <mem type="allocate" free="68949720" total="89194496" percent="77" />
      <mem type="survivor" free="0" total="29032448" percent="0" />
    </mem>
    <mem type="tenure" free="20233992" total="77463552" percent="26">
      <mem type="soa" free="16360200" total="73589760" percent="22" />
      <mem type="loa" free="3873792" total="3873792" percent="100" />
    </mem>
    <pending-finalizers system="27" default="1917" reference="646" classloader="0" />
    <remembered-set count="5334" />
  </mem-info>
</gc-end>
<cycle-end id="1732" type="scavenge" contextid="1725" timestamp="2025-12-10T06:44:47.709" />
<allocation-satisfied id="1733" threadId="0000000000859000" bytesRequested="3608" />
<af-end id="1734" timestamp="2025-12-10T06:44:47.710" threadId="0000000000859A78" success="true" from="nursery"/>
<exclusive-end id="1735" timestamp="2025-12-10T06:44:47.710" durationms="17.255" />

<exclusive-start id="1736" timestamp="2025-12-10T06:44:47.888" intervalms="194.851">
  <response-info timems="0.080" idlems="0.080" threads="0" lastid="0000000000888100" lastname="Default Executor-thread-6" />
</exclusive-start>
<af-start id="1737" threadId="0000000000888B78" totalBytesRequested="56" timestamp="2025-12-10T06:44:47.889" intervalms="194.853" type="nursery" />
<cycle-start id="1738" type="scavenge" contextid="0" timestamp="2025-12-10T06:44:47.889" intervalms="195.042" />
<gc-start id="1739" type="scavenge" contextid="1738" timestamp="2025-12-10T06:44:47.890">
  <mem-info id="1740" free="20144144" total="195690496" percent="10">
    <mem type="nursery" free="0" total="118226944" percent="0">
      <mem type="allocate" free="0" total="89194496" percent="0" />
      <mem type="survivor" free="0" total="29032448" percent="0" />
    </mem>
    <mem type="tenure" free="20144144" total="77463552" percent="26">
      <mem type="soa" free="16270352" total="73589760" percent="22" />
      <mem type="loa" free="3873792" total="3873792" percent="100" />
    </mem>
    <remembered-set count="7152" />
  </mem-info>
</gc-start>
<allocation-stats totalBytes="68983256" discardedBytes="56312" >
  <allocated-bytes non-tlh="264944" tlh="68718312" />
  <largest-consumer threadName="Default Executor-thread-4" threadId="0000000000859000" bytes="46372688" />
</allocation-stats>
<gc-op id="1741" type="scavenge" timems="16.575" contextid="1738" timestamp="2025-12-10T06:44:47.908">
  <scavenger-info tenureage="9" tenuremask="7e00" tiltratio="75" />
  <memory-copied type="nursery" objects="312824" bytes="23952920" bytesdiscarded="361704" />
  <finalization candidates="2297" enqueued="2194" />
  <ownableSynchronizers candidates="1197" cleared="857" />
  <references type="soft" candidates="1182" cleared="0" enqueued="0" dynamicThreshold="9" maxThreshold="32" />
  <references type="weak" candidates="918" cleared="379" enqueued="379" />
  <references type="phantom" candidates="275" cleared="13" enqueued="13" />
  <object-monitors candidates="147" cleared="27"  />
</gc-op>
<heap-resize id="1742" type="expand" space="nursery" amount="4718592" count="1" timems="0.054" reason="excessive time being spent scavenging" timestamp="2025-12-10T06:44:47.909" />
<gc-end id="1743" type="scavenge" contextid="1738" durationms="19.301" usertimems="95.462" systemtimems="10.193" stalltimems="37.607" timestamp="2025-12-10T06:44:47.910" activeThreads="9">
  <mem-info id="1744" free="84089672" total="200409088" percent="41">
    <mem type="nursery" free="63945528" total="122945536" percent="52">
      <mem type="allocate" free="63945528" total="88276992" percent="72" />
      <mem type="survivor" free="0" total="34668544" percent="0" />
    </mem>
    <mem type="tenure" free="20144144" total="77463552" percent="26">
      <mem type="soa" free="16270352" total="73589760" percent="22" />
      <mem type="loa" free="3873792" total="3873792" percent="100" />
    </mem>
    <pending-finalizers system="27" default="2167" reference="392" classloader="0" />
    <remembered-set count="6359" />
  </mem-info>
</gc-end>
<cycle-end id="1745" type="scavenge" contextid="1738" timestamp="2025-12-10T06:44:47.910" />
<allocation-satisfied id="1746" threadId="0000000000888100" bytesRequested="56" />
<af-end id="1747" timestamp="2025-12-10T06:44:47.911" threadId="0000000000888B78" success="true" from="nursery"/>
<exclusive-end id="1748" timestamp="2025-12-10T06:44:47.912" durationms="23.816" />

<exclusive-start id="1749" timestamp="2025-12-10T06:44:48.082" intervalms="193.636">
  <response-info timems="0.093" idlems="0.093" threads="0" lastid="0000000000859000" lastname="Default Executor-thread-4" />
</exclusive-start>
<af-start id="1750" threadId="0000000000859A78" totalBytesRequested="6752" timestamp="2025-12-10T06:44:48.083" intervalms="194.246" type="nursery" />
<cycle-start id="1751" type="scavenge" contextid="0" timestamp="2025-12-10T06:44:48.084" intervalms="194.112" />
<gc-start id="1752" type="scavenge" contextid="1751" timestamp="2025-12-10T06:44:48.084">
  <mem-info id="1753" free="20079512" total="200409088" percent="10">
    <mem type="nursery" free="0" total="122945536" percent="0">
      <mem type="allocate" free="0" total="88276992" percent="0" />
      <mem type="survivor" free="0" total="34668544" percent="0" />
    </mem>
    <mem type="tenure" free="20079512" total="77463552" percent="25">
      <mem type="soa" free="16205720" total="73589760" percent="22" />
      <mem type="loa" free="3873792" total="3873792" percent="100" />
    </mem>
    <remembered-set count="7542" />
  </mem-info>
</gc-start>
<allocation-stats totalBytes="63981144" discardedBytes="29016" >
  <allocated-bytes non-tlh="64688" tlh="63916456" />
  <largest-consumer threadName="Default Executor-thread-4" threadId="0000000000859000" bytes="44721304" />
</allocation-stats>
<gc-op id="1754" type="scavenge" timems="15.017" contextid="1751" timestamp="2025-12-10T06:44:48.100">
  <scavenger-info tenureage="7" tenuremask="7e80" tiltratio="71" />
  <memory-copied type="nursery" objects="347945" bytes="24786584" bytesdiscarded="485656" />
  <memory-copied type="tenure" objects="16122" bytes="1265024" bytesdiscarded="1608" />
  <finalization candidates="2110" enqueued="2007" />
  <ownableSynchronizers candidates="532" cleared="132" />
  <references type="soft" candidates="1398" cleared="0" enqueued="0" dynamicThreshold="9" maxThreshold="32" />
  <references type="weak" candidates="901" cleared="288" enqueued="288" />
  <references type="phantom" candidates="312" cleared="39" enqueued="39" />
  <object-monitors candidates="214" cleared="91"  />
</gc-op>
<heap-resize id="1755" type="expand" space="nursery" amount="4587520" count="1" timems="0.051" reason="excessive time being spent scavenging" timestamp="2025-12-10T06:44:48.101" />
<gc-end id="1756" type="scavenge" contextid="1751" durationms="17.649" usertimems="100.939" systemtimems="6.752" stalltimems="48.454" timestamp="2025-12-10T06:44:48.102" activeThreads="10">
  <mem-info id="1757" free="87307080" total="204996608" percent="42">
    <mem type="nursery" free="68885952" total="127533056" percent="54">
      <mem type="allocate" free="68885952" total="94175232" percent="73" />
      <mem type="survivor" free="0" total="33357824" percent="0" />
    </mem>
    <mem type="tenure" free="18421128" total="77463552" percent="23">
      <mem type="soa" free="14547336" total="73589760" percent="19" />
      <mem type="loa" free="3873792" total="3873792" percent="100" />
    </mem>
    <pending-finalizers system="63" default="1944" reference="327" classloader="0" />
    <remembered-set count="5995" />
  </mem-info>
</gc-end>
<cycle-end id="1758" type="scavenge" contextid="1751" timestamp="2025-12-10T06:44:48.103" />
<allocation-satisfied id="1759" threadId="0000000000859000" bytesRequested="6752" />
<af-end id="1760" timestamp="2025-12-10T06:44:48.104" threadId="0000000000859A78" success="true" from="nursery"/>
<exclusive-end id="1761" timestamp="2025-12-10T06:44:48.104" durationms="22.650" />

<exclusive-start id="1762" timestamp="2025-12-10T06:44:48.306" intervalms="224.665">
  <response-info timems="0.236" idlems="0.169" threads="1" lastid="0000000000029600" lastname="JIT Compilation Thread-000" />
</exclusive-start>
<af-start id="1763" threadId="0000000000859A78" totalBytesRequested="1944" timestamp="2025-12-10T06:44:48.307" intervalms="224.052" type="nursery" />
<cycle-start id="1764" type="scavenge" contextid="0" timestamp="2025-12-10T06:44:48.308" intervalms="224.109" />
<gc-start id="1765" type="scavenge" contextid="1764" timestamp="2025-12-10T06:44:48.308">
  <mem-info id="1766" free="18366664" total="204996608" percent="8">
    <mem type="nursery" free="0" total="127533056" percent="0">
      <mem type="allocate" free="0" total="94175232" percent="0" />
      <mem type="survivor" free="0" total="33357824" percent="0" />
    </mem>
    <mem type="tenure" free="18366664" total="77463552" percent="23">
      <mem type="soa" free="14492872" total="73589760" percent="19" />
      <mem type="loa" free="3873792" total="3873792" percent="100" />
    </mem>
    <remembered-set count="7023" />
  </mem-info>
</gc-start>
<allocation-stats totalBytes="68890848" discardedBytes="49568" >
  <allocated-bytes non-tlh="61216" tlh="68829632" />
  <largest-consumer threadName="Default Executor-thread-4" threadId="0000000000859000" bytes="43363936" />
</allocation-stats>
<gc-op id="1767" type="scavenge" timems="20.433" contextid="1764" timestamp="2025-12-10T06:44:48.330">
  <scavenger-info tenureage="9" tenuremask="7e00" tiltratio="73" />
  <memory-copied type="nursery" objects="463705" bytes="28280512" bytesdiscarded="620800" />
  <memory-copied type="tenure" objects="6519" bytes="467872" bytesdiscarded="1152" />
  <finalization candidates="2043" enqueued="1940" />
  <ownableSynchronizers candidates="3267" cleared="2908" />
  <references type="soft" candidates="1567" cleared="0" enqueued="0" dynamicThreshold="9" maxThreshold="32" />
  <references type="weak" candidates="852" cleared="99" enqueued="99" />
  <references type="phantom" candidates="286" cleared="1" enqueued="1" />
  <object-monitors candidates="139" cleared="10"  />
</gc-op>
<heap-resize id="1768" type="expand" space="nursery" amount="5373952" count="1" timems="0.052" reason="excessive time being spent scavenging" timestamp="2025-12-10T06:44:48.331" />
<gc-end id="1769" type="scavenge" contextid="1764" durationms="22.751" usertimems="129.390" systemtimems="35.807" stalltimems="48.492" timestamp="2025-12-10T06:44:48.331" activeThreads="11">
  <mem-info id="1770" free="82112152" total="210370560" percent="39">
    <mem type="nursery" free="64461408" total="132907008" percent="48">
      <mem type="allocate" free="64461408" total="93388800" percent="69" />
      <mem type="survivor" free="0" total="39518208" percent="0" />
    </mem>
    <mem type="tenure" free="17650744" total="77463552" percent="22">
      <mem type="soa" free="13776952" total="73589760" percent="18" />
      <mem type="loa" free="3873792" total="3873792" percent="100" />
    </mem>
    <pending-finalizers system="3" default="1937" reference="100" classloader="0" />
    <remembered-set count="4945" />
  </mem-info>
</gc-end>
<cycle-end id="1771" type="scavenge" contextid="1764" timestamp="2025-12-10T06:44:48.332" />
<allocation-satisfied id="1772" threadId="0000000000859000" bytesRequested="1944" />
<af-end id="1773" timestamp="2025-12-10T06:44:48.333" threadId="0000000000859A78" success="true" from="nursery"/>
<exclusive-end id="1774" timestamp="2025-12-10T06:44:48.334" durationms="27.333" />

<exclusive-start id="1775" timestamp="2025-12-10T06:44:48.452" intervalms="146.283">
  <response-info timems="0.081" idlems="0.081" threads="0" lastid="0000000000859D00" lastname="Default Executor-thread-5" />
</exclusive-start>
<af-start id="1776" threadId="000000000085A778" totalBytesRequested="16" timestamp="2025-12-10T06:44:48.453" intervalms="146.267" type="nursery" />
<cycle-start id="1777" type="scavenge" contextid="0" timestamp="2025-12-10T06:44:48.454" intervalms="146.176" />
<gc-start id="1778" type="scavenge" contextid="1777" timestamp="2025-12-10T06:44:48.455">
  <mem-info id="1779" free="17630920" total="210370560" percent="8">
    <mem type="nursery" free="0" total="132907008" percent="0">
      <mem type="allocate" free="0" total="93388800" percent="0" />
      <mem type="survivor" free="0" total="39518208" percent="0" />
    </mem>
    <mem type="tenure" free="17630920" total="77463552" percent="22">
      <mem type="soa" free="13757128" total="73589760" percent="18" />
      <mem type="loa" free="3873792" total="3873792" percent="100" />
    </mem>
    <remembered-set count="5242" />
  </mem-info>
</gc-start>
<allocation-stats totalBytes="64467768" discardedBytes="13464" >
  <allocated-bytes non-tlh="21768" tlh="64446000" />
  <largest-consumer threadName="Default Executor-thread-4" threadId="0000000000859000" bytes="29801504" />
</allocation-stats>
<gc-op id="1780" type="scavenge" timems="20.934" contextid="1777" timestamp="2025-12-10T06:44:48.477">
  <scavenger-info tenureage="6" tenuremask="7fc0" tiltratio="70" />
  <memory-copied type="nursery" objects="385659" bytes="21348920" bytesdiscarded="323648" />
  <memory-copied type="tenure" objects="92585" bytes="6577040" bytesdiscarded="6528" />
  <finalization candidates="1200" enqueued="1096" />
  <ownableSynchronizers candidates="8128" cleared="7749" />
  <references type="soft" candidates="1580" cleared="0" enqueued="0" dynamicThreshold="9" maxThreshold="32" />
  <references type="weak" candidates="722" cleared="56" enqueued="56" />
  <references type="phantom" candidates="131" cleared="19" enqueued="19" />
  <object-monitors candidates="140" cleared="7"  />
</gc-op>
<heap-resize id="1781" type="expand" space="nursery" amount="9568256" count="1" timems="0.048" reason="excessive time being spent scavenging" timestamp="2025-12-10T06:44:48.478" />
<gc-end id="1782" type="scavenge" contextid="1777" durationms="23.564" usertimems="141.799" systemtimems="28.078" stalltimems="84.248" timestamp="2025-12-10T06:44:48.478" activeThreads="14">
  <mem-info id="1783" free="91721608" total="219938816" percent="41">
    <mem type="nursery" free="80683448" total="142475264" percent="56">
      <mem type="allocate" free="80683448" total="102367232" percent="78" />
      <mem type="survivor" free="0" total="40108032" percent="0" />
    </mem>
    <mem type="tenure" free="11038160" total="77463552" percent="14">
      <mem type="soa" free="7164368" total="73589760" percent="9" />
      <mem type="loa" free="3873792" total="3873792" percent="100" />
    </mem>
    <pending-finalizers system="24" default="1072" reference="75" classloader="0" />
    <remembered-set count="17665" />
  </mem-info>
</gc-end>
<cycle-end id="1784" type="scavenge" contextid="1777" timestamp="2025-12-10T06:44:48.479" />
<allocation-satisfied id="1785" threadId="0000000000859D00" bytesRequested="16" />
<af-end id="1786" timestamp="2025-12-10T06:44:48.480" threadId="000000000085A778" success="true" from="nursery"/>
<exclusive-end id="1787" timestamp="2025-12-10T06:44:48.481" durationms="28.488" />

<concurrent-kickoff id="1788" timestamp="2025-12-10T06:44:48.642">
  <kickoff reason="threshold reached" targetBytes="38754705" thresholdFreeBytes="5251036"  remainingFree="4651856" tenureFreeBytes="10964432" nurseryFreeBytes="4651856" />
</concurrent-kickoff>
<exclusive-start id="1789" timestamp="2025-12-10T06:44:48.644" intervalms="191.035">
  <response-info timems="0.100" idlems="0.100" threads="0" lastid="0000000000858400" lastname="Default Executor-thread-2" />
</exclusive-start>
<cycle-start id="1790" type="global" contextid="0" timestamp="2025-12-10T06:44:48.647" intervalms="1606.570" />
<concurrent-start id="1791" type="global mark" contextid="1790" timestamp="2025-12-10T06:44:48.648">
</concurrent-start>
<exclusive-end id="1792" timestamp="2025-12-10T06:44:48.648" durationms="4.531" />

<concurrent-end id="1793" type="global mark" contextid="1790" timestamp="2025-12-10T06:44:48.693">
<gc-op id="1794" type="trace" timems="45.122" contextid="1790" timestamp="2025-12-10T06:44:48.693">
  <trace bytesTraced="40842172" workStackOverflowCount="0" />
  <card-cleaning reason="card cleaning threshold reached" bytesTraced="42816" cardsCleaned="121" />
</gc-op>
</concurrent-end>

<exclusive-start id="1795" timestamp="2025-12-10T06:44:48.694" intervalms="50.351">
  <response-info timems="0.061" idlems="0.055" threads="1" lastid="0000000000859000" lastname="Default Executor-thread-4" />
</exclusive-start>
<concurrent-global-final id="1796" timestamp="2025-12-10T06:44:48.694" contextid="1790" intervalms="1610.869" >
  <concurrent-trace-info reason="card cleaning threshold reached" tracedByMutators="29614252" tracedByHelpers="11270736" cardsCleaned="121" workStackOverflowCount="0" />
</concurrent-global-final>
<gc-start id="1797" type="global" contextid="1790" timestamp="2025-12-10T06:44:48.695">
  <mem-info id="1798" free="12048168" total="219938816" percent="5">
    <mem type="nursery" free="1088336" total="142475264" percent="0">
      <mem type="allocate" free="1088336" total="102367232" percent="1" />
      <mem type="survivor" free="0" total="40108032" percent="0" />
    </mem>
    <mem type="tenure" free="10959832" total="77463552" percent="14">
      <mem type="soa" free="7086040" total="73589760" percent="9" />
      <mem type="loa" free="3873792" total="3873792" percent="100" />
    </mem>
    <remembered-set count="19506" />
  </mem-info>
</gc-start>
<allocation-stats totalBytes="79649552" discardedBytes="23888" >
  <allocated-bytes non-tlh="288880" tlh="79360672" />
  <largest-consumer threadName="Default Executor-thread-4" threadId="0000000000859000" bytes="44383016" />
</allocation-stats>
<gc-op id="1799" type="rs-scan" timems="7.060" contextid="1790" timestamp="2025-12-10T06:44:48.703">
  <scan objectsFound="213674" bytesTraced="11159332" workStackOverflowCount="0" />
</gc-op>
<gc-op id="1800" type="card-cleaning" timems="1.906" contextid="1790" timestamp="2025-12-10T06:44:48.706">
  <card-cleaning cardsCleaned="54" bytesTraced="51996" workStackOverflowCount="0" />
</gc-op>
<gc-op id="1801" type="mark" timems="26.903" contextid="1790" timestamp="2025-12-10T06:44:48.734">
  <trace-info objectcount="19922" scancount="14407" scanbytes="447024" />
  <finalization candidates="2482" enqueued="1578" />
  <ownableSynchronizers candidates="10308" cleared="1422" />
  <references type="soft" candidates="14403" cleared="0" enqueued="0" dynamicThreshold="9" maxThreshold="32" />
  <references type="weak" candidates="15915" cleared="343" enqueued="325" />
  <references type="phantom" candidates="678" cleared="91" enqueued="91" />
  <stringconstants candidates="41213" cleared="163"  />
  <object-monitors candidates="158" cleared="39"  />
</gc-op>
<gc-op id="1802" type="classunload" timems="2.187" contextid="1790" timestamp="2025-12-10T06:44:48.736">
  <classunload-info classloadercandidates="448" classloadersunloaded="1" classesunloaded="3" anonymousclassesunloaded="2" quiescems="0.000" setupms="2.116" scanms="0.055" postms="0.015" />
</gc-op>
<gc-op id="1803" type="sweep" timems="5.140" contextid="1790" timestamp="2025-12-10T06:44:48.742" />
<heap-resize id="1804" type="expand" space="tenure" amount="12058624" count="1" timems="1.618" reason="insufficient free space following gc" timestamp="2025-12-10T06:44:48.745" />
<gc-end id="1805" type="global" contextid="1790" durationms="50.158" usertimems="113.483" systemtimems="53.997" stalltimems="530.086" timestamp="2025-12-10T06:44:48.745" activeThreads="20">
  <mem-info id="1806" free="105754760" total="231997440" percent="45">
    <mem type="nursery" free="78876536" total="142475264" percent="55">
      <mem type="allocate" free="78876536" total="102367232" percent="77" />
      <mem type="survivor" free="0" total="40108032" percent="0" />
    </mem>
    <mem type="tenure" free="26878224" total="89522176" percent="30" micro-fragmented="1710275" macro-fragmented="0">
      <mem type="soa" free="22401296" total="85045248" percent="26" />
      <mem type="loa" free="4476928" total="4476928" percent="100" />
    </mem>
    <pending-finalizers system="60" default="1518" reference="416" classloader="0" />
    <remembered-set count="18241" />
  </mem-info>
</gc-end>
<cycle-end id="1807" type="global" contextid="1790" timestamp="2025-12-10T06:44:48.746" />
<exclusive-end id="1808" timestamp="2025-12-10T06:44:48.747" durationms="52.930" />

<exclusive-start id="1809" timestamp="2025-12-10T06:44:49.186" intervalms="492.390">
  <response-info timems="0.057" idlems="0.057" threads="0" lastid="0000000000859000" lastname="Default Executor-thread-4" />
</exclusive-start>
<af-start id="1810" threadId="0000000000859A78" totalBytesRequested="48" timestamp="2025-12-10T06:44:49.187" intervalms="734.047" type="nursery" />
<cycle-start id="1811" type="scavenge" contextid="0" timestamp="2025-12-10T06:44:49.188" intervalms="734.052" />
<gc-start id="1812" type="scavenge" contextid="1811" timestamp="2025-12-10T06:44:49.189">
  <mem-info id="1813" free="26871968" total="231997440" percent="11">
    <mem type="nursery" free="0" total="142475264" percent="0">
      <mem type="allocate" free="0" total="102367232" percent="0" />
      <mem type="survivor" free="0" total="40108032" percent="0" />
    </mem>
    <mem type="tenure" free="26871968" total="89522176" percent="30">
      <mem type="soa" free="22395040" total="85045248" percent="26" />
      <mem type="loa" free="4476928" total="4476928" percent="100" />
    </mem>
    <remembered-set count="19066" />
  </mem-info>
</gc-start>
<allocation-stats totalBytes="78226696" discardedBytes="586680" >
  <allocated-bytes non-tlh="13099392" tlh="65127304" />
  <largest-consumer threadName="Default Executor-thread-4" threadId="0000000000859000" bytes="75768544" />
</allocation-stats>
<gc-op id="1814" type="scavenge" timems="26.966" contextid="1811" timestamp="2025-12-10T06:44:49.217">
  <scavenger-info tenureage="8" tenuremask="7f00" tiltratio="71" />
  <memory-copied type="nursery" objects="363236" bytes="27960088" bytesdiscarded="449456" />
  <finalization candidates="1405" enqueued="1378" />
  <ownableSynchronizers candidates="17577" cleared="17311" />
  <references type="soft" candidates="2045" cleared="0" enqueued="0" dynamicThreshold="9" maxThreshold="32" />
  <references type="weak" candidates="624" cleared="130" enqueued="128" />
  <references type="phantom" candidates="149" cleared="8" enqueued="8" />
  <object-monitors candidates="125" cleared="8"  />
</gc-op>
<gc-end id="1815" type="scavenge" contextid="1811" durationms="28.942" usertimems="155.642" systemtimems="58.227" stalltimems="124.064" timestamp="2025-12-10T06:44:49.218" activeThreads="16">
  <mem-info id="1816" free="99110392" total="231997440" percent="42">
    <mem type="nursery" free="72238424" total="142475264" percent="50">
      <mem type="allocate" free="72238424" total="100663296" percent="71" />
      <mem type="survivor" free="0" total="41811968" percent="0" />
    </mem>
    <mem type="tenure" free="26871968" total="89522176" percent="30">
      <mem type="soa" free="22395040" total="85045248" percent="26" />
      <mem type="loa" free="4476928" total="4476928" percent="100" />
    </mem>
    <pending-finalizers system="0" default="1378" reference="136" classloader="0" />
    <remembered-set count="17953" />
  </mem-info>
</gc-end>
<cycle-end id="1817" type="scavenge" contextid="1811" timestamp="2025-12-10T06:44:49.219" />
<allocation-satisfied id="1818" threadId="0000000000859000" bytesRequested="48" />
<af-end id="1819" timestamp="2025-12-10T06:44:49.220" threadId="0000000000859A78" success="true" from="nursery"/>
<exclusive-end id="1820" timestamp="2025-12-10T06:44:49.221" durationms="34.398" />

<exclusive-start id="1821" timestamp="2025-12-10T06:44:49.570" intervalms="383.904">
  <response-info timems="0.058" idlems="0.058" threads="0" lastid="0000000000859000" lastname="Default Executor-thread-4" />
</exclusive-start>
<af-start id="1822" threadId="0000000000859A78" totalBytesRequested="13176" timestamp="2025-12-10T06:44:49.571" intervalms="383.686" type="nursery" />
<cycle-start id="1823" type="scavenge" contextid="0" timestamp="2025-12-10T06:44:49.572" intervalms="383.860" />
<gc-start id="1824" type="scavenge" contextid="1823" timestamp="2025-12-10T06:44:49.573">
  <mem-info id="1825" free="26871776" total="231997440" percent="11">
    <mem type="nursery" free="0" total="142475264" percent="0">
      <mem type="allocate" free="0" total="100663296" percent="0" />
      <mem type="survivor" free="0" total="41811968" percent="0" />
    </mem>
    <mem type="tenure" free="26871776" total="89522176" percent="30">
      <mem type="soa" free="22394848" total="85045248" percent="26" />
      <mem type="loa" free="4476928" total="4476928" percent="100" />
    </mem>
    <remembered-set count="18103" />
  </mem-info>
</gc-start>
<allocation-stats totalBytes="72230016" discardedBytes="8600" >
  <allocated-bytes non-tlh="240" tlh="72229776" />
  <largest-consumer threadName="Default Executor-thread-4" threadId="0000000000859000" bytes="71410864" />
</allocation-stats>
<gc-op id="1826" type="scavenge" timems="28.119" contextid="1823" timestamp="2025-12-10T06:44:49.602">
  <scavenger-info tenureage="8" tenuremask="7f00" tiltratio="70" />
  <memory-copied type="nursery" objects="493850" bytes="36458712" bytesdiscarded="737840" />
  <finalization candidates="1980" enqueued="1953" />
  <ownableSynchronizers candidates="324" cleared="58" />
  <references type="soft" candidates="2045" cleared="0" enqueued="0" dynamicThreshold="9" maxThreshold="32" />
  <references type="weak" candidates="541" cleared="36" enqueued="36" />
  <references type="phantom" candidates="161" cleared="0" enqueued="0" />
  <object-monitors candidates="117" cleared="0"  />
</gc-op>
<heap-resize id="1827" type="expand" space="nursery" amount="5111808" count="1" timems="0.048" reason="excessive time being spent scavenging" timestamp="2025-12-10T06:44:49.602" />
<gc-end id="1828" type="scavenge" contextid="1823" durationms="30.504" usertimems="143.856" systemtimems="16.280" stalltimems="228.878" timestamp="2025-12-10T06:44:49.603" activeThreads="18">
  <mem-info id="1829" free="82393896" total="237109248" percent="34">
    <mem type="nursery" free="55522120" total="147587072" percent="37">
      <mem type="allocate" free="55522120" total="92733440" percent="59" />
      <mem type="survivor" free="0" total="54853632" percent="0" />
    </mem>
    <mem type="tenure" free="26871776" total="89522176" percent="30">
      <mem type="soa" free="22394848" total="85045248" percent="26" />
      <mem type="loa" free="4476928" total="4476928" percent="100" />
    </mem>
    <pending-finalizers system="0" default="1953" reference="36" classloader="0" />
    <remembered-set count="17853" />
  </mem-info>
</gc-end>
<cycle-end id="1830" type="scavenge" contextid="1823" timestamp="2025-12-10T06:44:49.604" />
<allocation-satisfied id="1831" threadId="0000000000859000" bytesRequested="13176" />
<af-end id="1832" timestamp="2025-12-10T06:44:49.605" threadId="0000000000859A78" success="true" from="nursery"/>
<exclusive-end id="1833" timestamp="2025-12-10T06:44:49.606" durationms="35.600" />

<exclusive-start id="1834" timestamp="2025-12-10T06:44:49.792" intervalms="221.686">
  <response-info timems="0.060" idlems="0.060" threads="0" lastid="0000000000859000" lastname="Default Executor-thread-4" />
</exclusive-start>
<af-start id="1835" threadId="0000000000859A78" totalBytesRequested="13664" timestamp="2025-12-10T06:44:49.793" intervalms="222.041" type="nursery" />
<cycle-start id="1836" type="scavenge" contextid="0" timestamp="2025-12-10T06:44:49.794" intervalms="221.924" />
<gc-start id="1837" type="scavenge" contextid="1836" timestamp="2025-12-10T06:44:49.795">
  <mem-info id="1838" free="26870672" total="237109248" percent="11">
    <mem type="nursery" free="0" total="147587072" percent="0">
      <mem type="allocate" free="0" total="92733440" percent="0" />
      <mem type="survivor" free="0" total="54853632" percent="0" />
    </mem>
    <mem type="tenure" free="26870672" total="89522176" percent="30">
      <mem type="soa" free="22393744" total="85045248" percent="26" />
      <mem type="loa" free="4476928" total="4476928" percent="100" />
    </mem>
    <remembered-set count="17935" />
  </mem-info>
</gc-start>
<allocation-stats totalBytes="55513512" discardedBytes="9000" >
  <allocated-bytes non-tlh="13568" tlh="55499944" />
  <largest-consumer threadName="Default Executor-thread-4" threadId="0000000000859000" bytes="55144480" />
</allocation-stats>
<gc-op id="1839" type="scavenge" timems="30.823" contextid="1836" timestamp="2025-12-10T06:44:49.827">
  <scavenger-info tenureage="7" tenuremask="7f80" tiltratio="62" />
  <memory-copied type="nursery" objects="430499" bytes="33095640" bytesdiscarded="690152" />
  <memory-copied type="tenure" objects="67834" bytes="3336680" bytesdiscarded="12776" />
  <finalization candidates="1515" enqueued="1487" />
  <ownableSynchronizers candidates="276" cleared="6" />
  <references type="soft" candidates="1813" cleared="0" enqueued="0" dynamicThreshold="9" maxThreshold="32" />
  <references type="weak" candidates="463" cleared="24" enqueued="24" />
  <references type="phantom" candidates="162" cleared="0" enqueued="0" />
  <object-monitors candidates="118" cleared="1"  />
</gc-op>
<heap-resize id="1840" type="expand" space="nursery" amount="9830400" count="1" timems="0.051" reason="excessive time being spent scavenging" timestamp="2025-12-10T06:44:49.828" />
<gc-end id="1841" type="scavenge" contextid="1836" durationms="33.971" usertimems="246.409" systemtimems="23.210" stalltimems="103.560" timestamp="2025-12-10T06:44:49.829" activeThreads="14">
  <mem-info id="1842" free="91874320" total="246939648" percent="37">
    <mem type="nursery" free="68837856" total="157417472" percent="43">
      <mem type="allocate" free="68837856" total="102629376" percent="67" />
      <mem type="survivor" free="0" total="54788096" percent="0" />
    </mem>
    <mem type="tenure" free="23036464" total="89522176" percent="25">
      <mem type="soa" free="18559536" total="85045248" percent="21" />
      <mem type="loa" free="4476928" total="4476928" percent="100" />
    </mem>
    <pending-finalizers system="0" default="1487" reference="24" classloader="0" />
    <remembered-set count="14959" />
  </mem-info>
</gc-end>
<cycle-end id="1843" type="scavenge" contextid="1836" timestamp="2025-12-10T06:44:49.830" />
<allocation-satisfied id="1844" threadId="0000000000859000" bytesRequested="13664" />
<af-end id="1845" timestamp="2025-12-10T06:44:49.831" threadId="0000000000859A78" success="true" from="nursery"/>
<exclusive-end id="1846" timestamp="2025-12-10T06:44:49.832" durationms="40.007" />

<exclusive-start id="1847" timestamp="2025-12-10T06:44:50.090" intervalms="298.275">
  <response-info timems="0.071" idlems="0.071" threads="0" lastid="0000000000859000" lastname="Default Executor-thread-4" />
</exclusive-start>
<af-start id="1848" threadId="0000000000859A78" totalBytesRequested="3968" timestamp="2025-12-10T06:44:50.091" intervalms="297.869" type="nursery" />
<cycle-start id="1849" type="scavenge" contextid="0" timestamp="2025-12-10T06:44:50.091" intervalms="297.694" />
<gc-start id="1850" type="scavenge" contextid="1849" timestamp="2025-12-10T06:44:50.092">
  <mem-info id="1851" free="23034816" total="246939648" percent="9">
    <mem type="nursery" free="0" total="157417472" percent="0">
      <mem type="allocate" free="0" total="102629376" percent="0" />
      <mem type="survivor" free="0" total="54788096" percent="0" />
    </mem>
    <mem type="tenure" free="23034816" total="89522176" percent="25">
      <mem type="soa" free="18557888" total="85045248" percent="21" />
      <mem type="loa" free="4476928" total="4476928" percent="100" />
    </mem>
    <remembered-set count="15180" />
  </mem-info>
</gc-start>
<allocation-stats totalBytes="68826536" discardedBytes="12968" >
  <allocated-bytes non-tlh="15312" tlh="68811224" />
  <largest-consumer threadName="Default Executor-thread-4" threadId="0000000000859000" bytes="68394040" />
</allocation-stats>
<gc-op id="1852" type="scavenge" timems="23.564" contextid="1849" timestamp="2025-12-10T06:44:50.117">
  <scavenger-info tenureage="6" tenuremask="7fc0" tiltratio="65" />
  <memory-copied type="nursery" objects="381690" bytes="33057896" bytesdiscarded="583944" />
  <memory-copied type="tenure" objects="73288" bytes="4243584" bytesdiscarded="1568" />
  <finalization candidates="2597" enqueued="2597" />
  <ownableSynchronizers candidates="294" cleared="30" />
  <references type="soft" candidates="738" cleared="0" enqueued="0" dynamicThreshold="9" maxThreshold="32" />
  <references type="weak" candidates="342" cleared="37" enqueued="37" />
  <references type="phantom" candidates="92" cleared="0" enqueued="0" />
  <object-monitors candidates="117" cleared="0"  />
</gc-op>
<heap-resize id="1853" type="expand" space="nursery" amount="5898240" count="1" timems="0.049" reason="excessive time being spent scavenging" timestamp="2025-12-10T06:44:50.118" />
<gc-end id="1854" type="scavenge" contextid="1849" durationms="26.368" usertimems="188.530" systemtimems="22.742" stalltimems="133.495" timestamp="2025-12-10T06:44:50.118" activeThreads="17">
  <mem-info id="1855" free="96397664" total="252837888" percent="38">
    <mem type="nursery" free="78482560" total="163315712" percent="48">
      <mem type="allocate" free="78482560" total="112132096" percent="69" />
      <mem type="survivor" free="0" total="51183616" percent="0" />
    </mem>
    <mem type="tenure" free="17915104" total="89522176" percent="20">
      <mem type="soa" free="13438176" total="85045248" percent="15" />
      <mem type="loa" free="4476928" total="4476928" percent="100" />
    </mem>
    <pending-finalizers system="0" default="2597" reference="37" classloader="0" />
    <remembered-set count="15212" />
  </mem-info>
</gc-end>
<cycle-end id="1856" type="scavenge" contextid="1849" timestamp="2025-12-10T06:44:50.119" />
<allocation-satisfied id="1857" threadId="0000000000859000" bytesRequested="3968" />
<af-end id="1858" timestamp="2025-12-10T06:44:50.120" threadId="0000000000859A78" success="true" from="nursery"/>
<exclusive-end id="1859" timestamp="2025-12-10T06:44:50.121" durationms="30.565" />

<exclusive-start id="1860" timestamp="2025-12-10T06:44:50.369" intervalms="279.200">
  <response-info timems="0.064" idlems="0.064" threads="0" lastid="0000000000859000" lastname="Default Executor-thread-4" />
</exclusive-start>
<af-start id="1861" threadId="0000000000859A78" totalBytesRequested="24" timestamp="2025-12-10T06:44:50.370" intervalms="279.266" type="nursery" />
<cycle-start id="1862" type="scavenge" contextid="0" timestamp="2025-12-10T06:44:50.371" intervalms="279.338" />
<gc-start id="1863" type="scavenge" contextid="1862" timestamp="2025-12-10T06:44:50.372">
  <mem-info id="1864" free="17915104" total="252837888" percent="7">
    <mem type="nursery" free="0" total="163315712" percent="0">
      <mem type="allocate" free="0" total="112132096" percent="0" />
      <mem type="survivor" free="0" total="51183616" percent="0" />
    </mem>
    <mem type="tenure" free="17915104" total="89522176" percent="20">
      <mem type="soa" free="13438176" total="85045248" percent="15" />
      <mem type="loa" free="4476928" total="4476928" percent="100" />
    </mem>
    <remembered-set count="15327" />
  </mem-info>
</gc-start>
<allocation-stats totalBytes="78468152" discardedBytes="14408" >
  <allocated-bytes non-tlh="3968" tlh="78464184" />
  <largest-consumer threadName="Default Executor-thread-4" threadId="0000000000859000" bytes="78324792" />
</allocation-stats>
<gc-op id="1865" type="scavenge" timems="34.852" contextid="1862" timestamp="2025-12-10T06:44:50.408">
  <scavenger-info tenureage="6" tenuremask="7fc0" tiltratio="68" />
  <memory-copied type="nursery" objects="366952" bytes="32877072" bytesdiscarded="577720" />
  <memory-copied type="tenure" objects="49607" bytes="3112248" bytesdiscarded="2952" />
  <finalization candidates="3655" enqueued="3655" />
  <ownableSynchronizers candidates="75" cleared="16" />
  <references type="soft" candidates="568" cleared="0" enqueued="0" dynamicThreshold="9" maxThreshold="32" />
  <references type="weak" candidates="304" cleared="14" enqueued="14" />
  <references type="phantom" candidates="92" cleared="0" enqueued="0" />
  <object-monitors candidates="117" cleared="0"  />
</gc-op>
<heap-resize id="1866" type="expand" space="nursery" amount="9306112" count="1" timems="0.050" reason="excessive time being spent scavenging" timestamp="2025-12-10T06:44:50.409" />
<gc-end id="1867" type="scavenge" contextid="1862" durationms="37.649" usertimems="188.445" systemtimems="95.154" stalltimems="233.929" timestamp="2025-12-10T06:44:50.410" activeThreads="19">
  <mem-info id="1868" free="103630608" total="262144000" percent="39">
    <mem type="nursery" free="88701040" total="172621824" percent="51">
      <mem type="allocate" free="88701040" total="122159104" percent="72" />
      <mem type="survivor" free="0" total="50462720" percent="0" />
    </mem>
    <mem type="tenure" free="14929568" total="89522176" percent="16">
      <mem type="soa" free="10452640" total="85045248" percent="12" />
      <mem type="loa" free="4476928" total="4476928" percent="100" />
    </mem>
    <pending-finalizers system="0" default="3655" reference="14" classloader="0" />
    <remembered-set count="13889" />
  </mem-info>
</gc-end>
<cycle-end id="1869" type="scavenge" contextid="1862" timestamp="2025-12-10T06:44:50.411" />
<allocation-satisfied id="1870" threadId="0000000000859000" bytesRequested="24" />
<af-end id="1871" timestamp="2025-12-10T06:44:50.412" threadId="0000000000859A78" success="true" from="nursery"/>
<exclusive-end id="1872" timestamp="2025-12-10T06:44:50.413" durationms="43.507" />

<exclusive-start id="1873" timestamp="2025-12-10T06:44:50.720" intervalms="350.832">
  <response-info timems="0.051" idlems="0.051" threads="0" lastid="0000000000859000" lastname="Default Executor-thread-4" />
</exclusive-start>
<af-start id="1874" threadId="0000000000859A78" totalBytesRequested="104" timestamp="2025-12-10T06:44:50.721" intervalms="350.755" type="nursery" />
<cycle-start id="1875" type="scavenge" contextid="0" timestamp="2025-12-10T06:44:50.721" intervalms="350.738" />
<gc-start id="1876" type="scavenge" contextid="1875" timestamp="2025-12-10T06:44:50.722">
  <mem-info id="1877" free="14929568" total="262144000" percent="5">
    <mem type="nursery" free="0" total="172621824" percent="0">
      <mem type="allocate" free="0" total="122159104" percent="0" />
      <mem type="survivor" free="0" total="50462720" percent="0" />
    </mem>
    <mem type="tenure" free="14929568" total="89522176" percent="16">
      <mem type="soa" free="10452640" total="85045248" percent="12" />
      <mem type="loa" free="4476928" total="4476928" percent="100" />
    </mem>
    <remembered-set count="14116" />
  </mem-info>
</gc-start>
<allocation-stats totalBytes="88687624" discardedBytes="13416" >
  <allocated-bytes non-tlh="24" tlh="88687600" />
  <largest-consumer threadName="Default Executor-thread-4" threadId="0000000000859000" bytes="88340072" />
</allocation-stats>
<gc-op id="1878" type="scavenge" timems="30.411" contextid="1875" timestamp="2025-12-10T06:44:50.754">
  <scavenger-info tenureage="4" tenuremask="7fd0" tiltratio="70" />
  <memory-copied type="nursery" objects="248623" bytes="28522632" bytesdiscarded="1039520" />
  <memory-copied type="tenure" objects="137457" bytes="5832200" bytesdiscarded="4088" />
  <finalization candidates="3400" enqueued="3399" />
  <ownableSynchronizers candidates="78" cleared="19" />
  <references type="soft" candidates="465" cleared="0" enqueued="0" dynamicThreshold="9" maxThreshold="32" />
  <references type="weak" candidates="286" cleared="22" enqueued="22" />
  <references type="phantom" candidates="108" cleared="0" enqueued="0" />
  <object-monitors candidates="117" cleared="0"  />
</gc-op>
<heap-resize id="1879" type="expand" space="nursery" amount="6815744" count="1" timems="0.124" reason="excessive time being spent scavenging" timestamp="2025-12-10T06:44:50.754" />
<gc-end id="1880" type="scavenge" contextid="1875" durationms="32.865" usertimems="194.291" systemtimems="29.694" stalltimems="275.696" timestamp="2025-12-10T06:44:50.755" activeThreads="20">
  <mem-info id="1881" free="111484624" total="268959744" percent="41">
    <mem type="nursery" free="101703264" total="179437568" percent="56">
      <mem type="allocate" free="101703264" total="131268608" percent="77" />
      <mem type="survivor" free="0" total="48168960" percent="0" />
    </mem>
    <mem type="tenure" free="9781360" total="89522176" percent="10">
      <mem type="soa" free="5304432" total="85045248" percent="6" />
      <mem type="loa" free="4476928" total="4476928" percent="100" />
    </mem>
    <pending-finalizers system="0" default="3399" reference="22" classloader="0" />
    <remembered-set count="15676" />
  </mem-info>
</gc-end>
<cycle-end id="1882" type="scavenge" contextid="1875" timestamp="2025-12-10T06:44:50.756" />
<allocation-satisfied id="1883" threadId="0000000000859000" bytesRequested="104" />
<af-end id="1884" timestamp="2025-12-10T06:44:50.757" threadId="0000000000859A78" success="true" from="nursery"/>
<exclusive-end id="1885" timestamp="2025-12-10T06:44:50.757" durationms="37.263" />

<concurrent-kickoff id="1886" timestamp="2025-12-10T06:44:51.044">
  <kickoff reason="threshold reached" targetBytes="45281439" thresholdFreeBytes="6155544"  remainingFree="5115488" tenureFreeBytes="9779312" nurseryFreeBytes="5115488" />
</concurrent-kickoff>
<exclusive-start id="1887" timestamp="2025-12-10T06:44:51.048" intervalms="328.035">
  <response-info timems="0.076" idlems="0.076" threads="0" lastid="0000000000859000" lastname="Default Executor-thread-4" />
</exclusive-start>
<cycle-start id="1888" type="global" contextid="0" timestamp="2025-12-10T06:44:51.049" intervalms="2401.901" />
<concurrent-start id="1889" type="global mark" contextid="1888" timestamp="2025-12-10T06:44:51.049">
</concurrent-start>
<exclusive-end id="1890" timestamp="2025-12-10T06:44:51.050" durationms="1.697" />

<exclusive-start id="1891" timestamp="2025-12-10T06:44:51.145" intervalms="97.009">
  <response-info timems="0.064" idlems="0.064" threads="0" lastid="0000000000859000" lastname="Default Executor-thread-4" />
</exclusive-start>
<af-start id="1892" threadId="0000000000859A78" totalBytesRequested="24" timestamp="2025-12-10T06:44:51.146" intervalms="425.057" type="nursery" />
<cycle-start id="1893" type="scavenge" contextid="0" timestamp="2025-12-10T06:44:51.146" intervalms="425.042" />
<gc-start id="1894" type="scavenge" contextid="1893" timestamp="2025-12-10T06:44:51.147">
  <mem-info id="1895" free="9779312" total="268959744" percent="3">
    <mem type="nursery" free="0" total="179437568" percent="0">
      <mem type="allocate" free="0" total="131268608" percent="0" />
      <mem type="survivor" free="0" total="48168960" percent="0" />
    </mem>
    <mem type="tenure" free="9779312" total="89522176" percent="10">
      <mem type="soa" free="5302384" total="85045248" percent="6" />
      <mem type="loa" free="4476928" total="4476928" percent="100" />
    </mem>
    <remembered-set count="16476" />
  </mem-info>
</gc-start>
<allocation-stats totalBytes="101693656" discardedBytes="11656" >
  <allocated-bytes non-tlh="2152" tlh="101691504" />
  <largest-consumer threadName="Default Executor-thread-4" threadId="0000000000859000" bytes="101301040" />
</allocation-stats>
<gc-op id="1896" type="scavenge" timems="42.774" contextid="1893" timestamp="2025-12-10T06:44:51.192">
  <scavenger-info tenureage="6" tenuremask="7fc0" tiltratio="73" />
  <memory-copied type="nursery" objects="120385" bytes="10657264" bytesdiscarded="866000" />
  <memory-copied type="tenure" objects="138530" bytes="10441232" bytesdiscarded="5248" />
  <finalization candidates="627" enqueued="627" />
  <ownableSynchronizers candidates="124" cleared="63" />
  <references type="weak" candidates="177" cleared="107" enqueued="107" />
  <references type="phantom" candidates="93" cleared="0" enqueued="0" />
  <object-monitors candidates="117" cleared="0"  />
  <heap-resize type="expand" space="tenure" amount="6029312" count="23" timems="4.983" reason="continue current collection" />
</gc-op>
<heap-resize id="1897" type="expand" space="nursery" amount="8126464" count="1" timems="0.130" reason="excessive time being spent scavenging" timestamp="2025-12-10T06:44:51.193" />
<gc-end id="1898" type="scavenge" contextid="1893" durationms="47.040" usertimems="221.445" systemtimems="106.549" stalltimems="206.733" timestamp="2025-12-10T06:44:51.194" activeThreads="19">
  <mem-info id="1899" free="134741384" total="283115520" percent="47">
    <mem type="nursery" free="129963400" total="187564032" percent="69">
      <mem type="allocate" free="129963400" total="141492224" percent="91" />
      <mem type="survivor" free="0" total="46071808" percent="0" />
    </mem>
    <mem type="tenure" free="4777984" total="95551488" percent="5">
      <mem type="soa" free="0" total="90773504" percent="0" />
      <mem type="loa" free="4777984" total="4777984" percent="100" />
    </mem>
    <pending-finalizers system="0" default="627" reference="107" classloader="0" />
    <remembered-set count="4428" />
  </mem-info>
</gc-end>
<cycle-end id="1900" type="scavenge" contextid="1893" timestamp="2025-12-10T06:44:51.195" />
<allocation-satisfied id="1901" threadId="0000000000859000" bytesRequested="24" />
<af-end id="1902" timestamp="2025-12-10T06:44:51.197" threadId="0000000000859A78" success="true" from="nursery"/>
<exclusive-end id="1903" timestamp="2025-12-10T06:44:51.197" durationms="52.192" />

<concurrent-end id="1904" type="global mark" contextid="1888" timestamp="2025-12-10T06:44:51.204">
<gc-op id="1905" type="trace" timems="154.589" contextid="1888" timestamp="2025-12-10T06:44:51.204">
  <trace bytesTraced="45372920" workStackOverflowCount="0" />
  <card-cleaning reason="card cleaning threshold reached" bytesTraced="7328" cardsCleaned="15" />
</gc-op>
</concurrent-end>

<exclusive-start id="1906" timestamp="2025-12-10T06:44:51.206" intervalms="60.623">
  <response-info timems="0.646" idlems="0.646" threads="0" lastid="0000000000859000" lastname="Default Executor-thread-4" />
</exclusive-start>
<concurrent-global-final id="1907" timestamp="2025-12-10T06:44:51.207" contextid="1888" intervalms="2512.971" >
  <concurrent-trace-info reason="card cleaning threshold reached" tracedByMutators="17773712" tracedByHelpers="27606536" cardsCleaned="15" workStackOverflowCount="0" />
</concurrent-global-final>
<gc-start id="1908" type="global" contextid="1888" timestamp="2025-12-10T06:44:51.212">
  <mem-info id="1909" free="133688688" total="283115520" percent="47">
    <mem type="nursery" free="128910704" total="187564032" percent="68">
      <mem type="allocate" free="128910704" total="141492224" percent="91" />
      <mem type="survivor" free="0" total="46071808" percent="0" />
    </mem>
    <mem type="tenure" free="4777984" total="95551488" percent="5">
      <mem type="soa" free="0" total="90773504" percent="0" />
      <mem type="loa" free="4777984" total="4777984" percent="100" />
    </mem>
    <remembered-set count="4449" />
  </mem-info>
</gc-start>
<allocation-stats totalBytes="1052688" discardedBytes="8" >
  <allocated-bytes non-tlh="24" tlh="1052664" />
  <largest-consumer threadName="Default Executor-thread-4" threadId="0000000000859000" bytes="1052688" />
</allocation-stats>
<gc-op id="1910" type="rs-scan" timems="10.779" contextid="1888" timestamp="2025-12-10T06:44:51.225">
  <scan objectsFound="131271" bytesTraced="6279940" workStackOverflowCount="0" />
</gc-op>
<gc-op id="1911" type="card-cleaning" timems="13.881" contextid="1888" timestamp="2025-12-10T06:44:51.240">
  <card-cleaning cardsCleaned="1488" bytesTraced="14928084" workStackOverflowCount="0" />
</gc-op>
<gc-op id="1912" type="mark" timems="20.717" contextid="1888" timestamp="2025-12-10T06:44:51.262">
  <trace-info objectcount="30579" scancount="29555" scanbytes="1597040" />
  <finalization candidates="904" enqueued="0" />
  <ownableSynchronizers candidates="8902" cleared="12" />
  <references type="soft" candidates="14412" cleared="5" enqueued="4" dynamicThreshold="9" maxThreshold="32" />
  <references type="weak" candidates="15611" cleared="0" enqueued="0" />
  <references type="phantom" candidates="381" cleared="0" enqueued="0" />
  <stringconstants candidates="41091" cleared="5"  />
  <object-monitors candidates="117" cleared="3"  />
</gc-op>
<gc-op id="1913" type="sweep" timems="6.527" contextid="1888" timestamp="2025-12-10T06:44:51.270" />
<heap-resize id="1914" type="expand" space="tenure" amount="27197440" count="1" timems="2.287" reason="insufficient free space following gc" timestamp="2025-12-10T06:44:51.273" />
<gc-end id="1915" type="global" contextid="1888" durationms="62.422" usertimems="248.594" systemtimems="60.489" stalltimems="408.941" timestamp="2025-12-10T06:44:51.274" activeThreads="20">
  <mem-info id="1916" free="168388032" total="310312960" percent="54">
    <mem type="nursery" free="131538368" total="187564032" percent="70">
      <mem type="allocate" free="131538368" total="141492224" percent="92" />
      <mem type="survivor" free="0" total="46071808" percent="0" />
    </mem>
    <mem type="tenure" free="36849664" total="122748928" percent="30" micro-fragmented="1904563" macro-fragmented="0">
      <mem type="soa" free="30711808" total="116611072" percent="26" />
      <mem type="loa" free="6137856" total="6137856" percent="100" />
    </mem>
    <pending-finalizers system="0" default="0" reference="4" classloader="0" />
    <remembered-set count="4288" />
  </mem-info>
</gc-end>
<cycle-end id="1917" type="global" contextid="1888" timestamp="2025-12-10T06:44:51.276" />
<exclusive-end id="1918" timestamp="2025-12-10T06:44:51.277" durationms="71.427" />

<exclusive-start id="1919" timestamp="2025-12-10T06:44:51.827" intervalms="621.636">
  <response-info timems="0.095" idlems="0.095" threads="0" lastid="0000000000859000" lastname="Default Executor-thread-4" />
</exclusive-start>
<af-start id="1920" threadId="0000000000859A78" totalBytesRequested="72" timestamp="2025-12-10T06:44:51.828" intervalms="682.263" type="nursery" />
<cycle-start id="1921" type="scavenge" contextid="0" timestamp="2025-12-10T06:44:51.829" intervalms="682.329" />
<gc-start id="1922" type="scavenge" contextid="1921" timestamp="2025-12-10T06:44:51.830">
  <mem-info id="1923" free="36830888" total="310312960" percent="11">
    <mem type="nursery" free="0" total="187564032" percent="0">
      <mem type="allocate" free="0" total="141492224" percent="0" />
      <mem type="survivor" free="0" total="46071808" percent="0" />
    </mem>
    <mem type="tenure" free="36830888" total="122748928" percent="30">
      <mem type="soa" free="30693032" total="116611072" percent="26" />
      <mem type="loa" free="6137856" total="6137856" percent="100" />
    </mem>
    <remembered-set count="5289" />
  </mem-info>
</gc-start>
<allocation-stats totalBytes="131537672" discardedBytes="18072" >
  <allocated-bytes non-tlh="110912" tlh="131426760" />
  <largest-consumer threadName="Default Executor-thread-4" threadId="0000000000859000" bytes="127270688" />
</allocation-stats>
<gc-op id="1924" type="scavenge" timems="12.002" contextid="1921" timestamp="2025-12-10T06:44:51.843">
  <scavenger-info tenureage="7" tenuremask="7f80" tiltratio="75" />
  <memory-copied type="nursery" objects="183934" bytes="12253672" bytesdiscarded="209152" />
  <finalization candidates="576" enqueued="576" />
  <ownableSynchronizers candidates="19584" cleared="19450" />
  <references type="soft" candidates="150" cleared="0" enqueued="0" dynamicThreshold="9" maxThreshold="32" />
  <references type="weak" candidates="566" cleared="400" enqueued="400" />
  <references type="phantom" candidates="675" cleared="568" enqueued="568" />
  <object-monitors candidates="114" cleared="0"  />
</gc-op>
<gc-end id="1925" type="scavenge" contextid="1921" durationms="14.167" usertimems="46.663" systemtimems="25.198" stalltimems="137.766" timestamp="2025-12-10T06:44:51.844" activeThreads="20">
  <mem-info id="1926" free="173164448" total="310312960" percent="55">
    <mem type="nursery" free="136333560" total="187564032" percent="72">
      <mem type="allocate" free="136333560" total="148832256" percent="91" />
      <mem type="survivor" free="0" total="38731776" percent="0" />
    </mem>
    <mem type="tenure" free="36830888" total="122748928" percent="30">
      <mem type="soa" free="30693032" total="116611072" percent="26" />
      <mem type="loa" free="6137856" total="6137856" percent="100" />
    </mem>
    <pending-finalizers system="0" default="576" reference="968" classloader="0" />
    <remembered-set count="5010" />
  </mem-info>
</gc-end>
<cycle-end id="1927" type="scavenge" contextid="1921" timestamp="2025-12-10T06:44:51.845" />
<allocation-satisfied id="1928" threadId="0000000000859000" bytesRequested="72" />
<af-end id="1929" timestamp="2025-12-10T06:44:51.846" threadId="0000000000859A78" success="true" from="nursery"/>
<exclusive-end id="1930" timestamp="2025-12-10T06:44:51.846" durationms="18.637" />

<exclusive-start id="1931" timestamp="2025-12-10T06:44:52.632" intervalms="804.952">
  <response-info timems="0.049" idlems="0.049" threads="0" lastid="0000000000859D00" lastname="Default Executor-thread-5" />
</exclusive-start>
<af-start id="1932" threadId="000000000085A778" totalBytesRequested="24" timestamp="2025-12-10T06:44:52.633" intervalms="804.985" type="nursery" />
<cycle-start id="1933" type="scavenge" contextid="0" timestamp="2025-12-10T06:44:52.634" intervalms="804.868" />
<gc-start id="1934" type="scavenge" contextid="1933" timestamp="2025-12-10T06:44:52.635">
  <mem-info id="1935" free="36660496" total="310312960" percent="11">
    <mem type="nursery" free="0" total="187564032" percent="0">
      <mem type="allocate" free="0" total="148832256" percent="0" />
      <mem type="survivor" free="0" total="38731776" percent="0" />
    </mem>
    <mem type="tenure" free="36660496" total="122748928" percent="29">
      <mem type="soa" free="30522640" total="116611072" percent="26" />
      <mem type="loa" free="6137856" total="6137856" percent="100" />
    </mem>
    <remembered-set count="7347" />
  </mem-info>
</gc-start>
<allocation-stats totalBytes="136471224" discardedBytes="15272" >
  <allocated-bytes non-tlh="153008" tlh="136318216" />
  <largest-consumer threadName="Default Executor-thread-5" threadId="0000000000859D00" bytes="57808520" />
</allocation-stats>
<gc-op id="1936" type="scavenge" timems="7.933" contextid="1933" timestamp="2025-12-10T06:44:52.643">
  <scavenger-info tenureage="8" tenuremask="7f00" tiltratio="79" />
  <memory-copied type="nursery" objects="186666" bytes="12876864" bytesdiscarded="210680" />
  <finalization candidates="474" enqueued="474" />
  <ownableSynchronizers candidates="20172" cleared="20043" />
  <references type="soft" candidates="283" cleared="0" enqueued="0" dynamicThreshold="9" maxThreshold="32" />
  <references type="weak" candidates="1013" cleared="770" enqueued="764" />
  <references type="phantom" candidates="540" cleared="429" enqueued="429" />
  <object-monitors candidates="117" cleared="2"  />
</gc-op>
<gc-end id="1937" type="scavenge" contextid="1933" durationms="9.540" usertimems="34.257" systemtimems="17.097" stalltimems="70.246" timestamp="2025-12-10T06:44:52.644" activeThreads="16">
  <mem-info id="1938" free="176768352" total="310312960" percent="56">
    <mem type="nursery" free="140107856" total="187564032" percent="74">
      <mem type="allocate" free="140107856" total="153223168" percent="91" />
      <mem type="survivor" free="0" total="34340864" percent="0" />
    </mem>
    <mem type="tenure" free="36660496" total="122748928" percent="29">
      <mem type="soa" free="30522640" total="116611072" percent="26" />
      <mem type="loa" free="6137856" total="6137856" percent="100" />
    </mem>
    <pending-finalizers system="43" default="431" reference="1193" classloader="0" />
    <remembered-set count="7136" />
  </mem-info>
</gc-end>
<cycle-end id="1939" type="scavenge" contextid="1933" timestamp="2025-12-10T06:44:52.645" />
<allocation-satisfied id="1940" threadId="0000000000859D00" bytesRequested="24" />
<af-end id="1941" timestamp="2025-12-10T06:44:52.646" threadId="000000000085A778" success="true" from="nursery"/>
<exclusive-end id="1942" timestamp="2025-12-10T06:44:52.646" durationms="13.556" />

<exclusive-start id="1943" timestamp="2025-12-10T06:44:54.063" intervalms="1431.061">
  <response-info timems="0.091" idlems="0.091" threads="0" lastid="0000000001814700" lastname="Connection worker" />
</exclusive-start>
<af-start id="1944" threadId="0000000001815178" totalBytesRequested="44120" timestamp="2025-12-10T06:44:54.064" intervalms="1430.935" type="nursery" />
<cycle-start id="1945" type="scavenge" contextid="0" timestamp="2025-12-10T06:44:54.065" intervalms="1431.202" />
<gc-start id="1946" type="scavenge" contextid="1945" timestamp="2025-12-10T06:44:54.066">
  <mem-info id="1947" free="36065456" total="310312960" percent="11">
    <mem type="nursery" free="0" total="187564032" percent="0">
      <mem type="allocate" free="0" total="153223168" percent="0" />
      <mem type="survivor" free="0" total="34340864" percent="0" />
    </mem>
    <mem type="tenure" free="36065456" total="122748928" percent="29">
      <mem type="soa" free="29927600" total="116611072" percent="25" />
      <mem type="loa" free="6137856" total="6137856" percent="100" />
    </mem>
    <remembered-set count="17936" />
  </mem-info>
</gc-start>
<allocation-stats totalBytes="140584056" discardedBytes="91736" >
  <allocated-bytes non-tlh="8951400" tlh="131632656" />
  <largest-consumer threadName="Connection worker" threadId="0000000001814700" bytes="83739536" />
</allocation-stats>
<gc-op id="1948" type="scavenge" timems="8.923" contextid="1945" timestamp="2025-12-10T06:44:54.076">
  <scavenger-info tenureage="9" tenuremask="7e00" tiltratio="81" />
  <memory-copied type="nursery" objects="279204" bytes="28791344" bytesdiscarded="532984" />
  <finalization candidates="646" enqueued="641" />
  <ownableSynchronizers candidates="497" cleared="216" />
  <references type="soft" candidates="1478" cleared="0" enqueued="0" dynamicThreshold="9" maxThreshold="32" />
  <references type="weak" candidates="6712" cleared="5661" enqueued="5589" />
  <references type="phantom" candidates="1206" cleared="52" enqueued="52" />
  <object-monitors candidates="152" cleared="0"  />
</gc-op>
<gc-end id="1949" type="scavenge" contextid="1945" durationms="10.714" usertimems="71.161" systemtimems="6.675" stalltimems="40.343" timestamp="2025-12-10T06:44:54.077" activeThreads="13">
  <mem-info id="1950" free="143040152" total="310312960" percent="46">
    <mem type="nursery" free="106974696" total="187564032" percent="57">
      <mem type="allocate" free="106974696" total="136314880" percent="78" />
      <mem type="survivor" free="0" total="51249152" percent="0" />
    </mem>
    <mem type="tenure" free="36065456" total="122748928" percent="29">
      <mem type="soa" free="29927600" total="116611072" percent="25" />
      <mem type="loa" free="6137856" total="6137856" percent="100" />
    </mem>
    <pending-finalizers system="104" default="537" reference="5641" classloader="0" />
    <remembered-set count="15729" />
  </mem-info>
</gc-end>
<cycle-end id="1951" type="scavenge" contextid="1945" timestamp="2025-12-10T06:44:54.077" />
<allocation-satisfied id="1952" threadId="0000000001814700" bytesRequested="44120" />
<af-end id="1953" timestamp="2025-12-10T06:44:54.078" threadId="0000000001815178" success="true" from="nursery"/>
<exclusive-end id="1954" timestamp="2025-12-10T06:44:54.079" durationms="15.149" />

<exclusive-start id="1955" timestamp="2025-12-10T06:45:23.180" intervalms="27467.131">
  <response-info timems="0.065" idlems="0.065" threads="0" lastid="0000000001883400" lastname="Default Executor-thread-30" />
</exclusive-start>
<af-start id="1956" threadId="0000000001883E78" totalBytesRequested="8200" timestamp="2025-12-10T06:45:23.181" intervalms="27467.214" type="nursery" />
<cycle-start id="1957" type="scavenge" contextid="0" timestamp="2025-12-10T06:45:23.182" intervalms="27467.182" />
<gc-start id="1958" type="scavenge" contextid="1957" timestamp="2025-12-10T06:45:23.183">
  <mem-info id="1959" free="35373160" total="310312960" percent="11">
    <mem type="nursery" free="0" total="187564032" percent="0">
      <mem type="allocate" free="0" total="136314880" percent="0" />
      <mem type="survivor" free="0" total="51249152" percent="0" />
    </mem>
    <mem type="tenure" free="35373160" total="122748928" percent="28">
      <mem type="soa" free="29235304" total="116611072" percent="25" />
      <mem type="loa" free="6137856" total="6137856" percent="100" />
    </mem>
    <remembered-set count="44023" />
  </mem-info>
</gc-start>
<allocation-stats totalBytes="106261744" discardedBytes="1383448" >
  <allocated-bytes non-tlh="3951912" tlh="102309832" />
  <largest-consumer threadName="Default Executor-thread-30" threadId="0000000001883400" bytes="44015728" />
</allocation-stats>
<gc-op id="1960" type="scavenge" timems="12.423" contextid="1957" timestamp="2025-12-10T06:45:23.197">
  <scavenger-info tenureage="9" tenuremask="7e00" tiltratio="72" />
  <memory-copied type="nursery" objects="352719" bytes="29943088" bytesdiscarded="417632" />
  <finalization candidates="212" enqueued="203" />
  <ownableSynchronizers candidates="2355" cleared="1998" />
  <references type="soft" candidates="1875" cleared="0" enqueued="0" dynamicThreshold="9" maxThreshold="32" />
  <references type="weak" candidates="4718" cleared="3188" enqueued="3180" />
  <references type="phantom" candidates="1521" cleared="308" enqueued="308" />
  <object-monitors candidates="152" cleared="1"  />
</gc-op>
<gc-end id="1961" type="scavenge" contextid="1957" durationms="57.345" usertimems="113.308" systemtimems="13.764" stalltimems="51.476" timestamp="2025-12-10T06:45:23.240" activeThreads="13">
  <mem-info id="1962" free="151465616" total="310312960" percent="48">
    <mem type="nursery" free="116092456" total="187564032" percent="61">
      <mem type="allocate" free="116092456" total="146472960" percent="79" />
      <mem type="survivor" free="0" total="41091072" percent="0" />
    </mem>
    <mem type="tenure" free="35373160" total="122748928" percent="28" macro-fragmented="19260884">
      <mem type="soa" free="29235304" total="116611072" percent="25" />
      <mem type="loa" free="6137856" total="6137856" percent="100" />
    </mem>
    <pending-finalizers system="186" default="17" reference="3488" classloader="0" />
    <remembered-set count="41431" />
  </mem-info>
</gc-end>
<cycle-end id="1963" type="scavenge" contextid="1957" timestamp="2025-12-10T06:45:23.241" />
<allocation-satisfied id="1964" threadId="0000000001883400" bytesRequested="8200" />
<af-end id="1965" timestamp="2025-12-10T06:45:23.242" threadId="0000000001883E78" success="true" from="nursery"/>
<exclusive-end id="1966" timestamp="2025-12-10T06:45:23.243" durationms="62.467" />

<exclusive-start id="1967" timestamp="2025-12-10T06:45:25.704" intervalms="2523.245">
  <response-info timems="0.093" idlems="0.093" threads="0" lastid="00000000018AF000" lastname="Default Executor-thread-29" />
</exclusive-start>
<af-start id="1968" threadId="00000000018AFA78" totalBytesRequested="16" timestamp="2025-12-10T06:45:25.704" intervalms="2523.447" type="nursery" />
<cycle-start id="1969" type="scavenge" contextid="0" timestamp="2025-12-10T06:45:25.706" intervalms="2524.074" />
<gc-start id="1970" type="scavenge" contextid="1969" timestamp="2025-12-10T06:45:25.708">
  <mem-info id="1971" free="35073800" total="310312960" percent="11">
    <mem type="nursery" free="0" total="187564032" percent="0">
      <mem type="allocate" free="0" total="146472960" percent="0" />
      <mem type="survivor" free="0" total="41091072" percent="0" />
    </mem>
    <mem type="tenure" free="35073800" total="122748928" percent="28">
      <mem type="soa" free="28935944" total="116611072" percent="24" />
      <mem type="loa" free="6137856" total="6137856" percent="100" />
    </mem>
    <remembered-set count="46524" />
  </mem-info>
</gc-start>
<allocation-stats totalBytes="115875736" discardedBytes="497608" >
  <allocated-bytes non-tlh="469360" tlh="115406376" />
  <largest-consumer threadName="Default Executor-thread-30" threadId="0000000001883400" bytes="46147048" />
</allocation-stats>
<gc-op id="1972" type="scavenge" timems="21.031" contextid="1969" timestamp="2025-12-10T06:45:25.731">
  <scavenger-info tenureage="4" tenuremask="7e10" tiltratio="78" />
  <memory-copied type="nursery" objects="321196" bytes="28581736" bytesdiscarded="375432" />
  <memory-copied type="tenure" objects="54982" bytes="3878536" bytesdiscarded="10128" />
  <finalization candidates="122" enqueued="113" />
  <ownableSynchronizers candidates="688" cleared="299" />
  <references type="soft" candidates="2174" cleared="0" enqueued="0" dynamicThreshold="9" maxThreshold="32" />
  <references type="weak" candidates="3012" cleared="1004" enqueued="997" />
  <references type="phantom" candidates="1536" cleared="216" enqueued="216" />
  <object-monitors candidates="198" cleared="34"  />
</gc-op>
<gc-end id="1973" type="scavenge" contextid="1969" durationms="41.556" usertimems="138.744" systemtimems="27.231" stalltimems="109.488" timestamp="2025-12-10T06:45:25.749" activeThreads="13">
  <mem-info id="1974" free="148712200" total="310312960" percent="47">
    <mem type="nursery" free="118288136" total="187564032" percent="63">
      <mem type="allocate" free="118288136" total="147259392" percent="80" />
      <mem type="survivor" free="0" total="40304640" percent="0" />
    </mem>
    <mem type="tenure" free="30424064" total="122748928" percent="24" macro-fragmented="19260884">
      <mem type="soa" free="24286208" total="116611072" percent="20" />
      <mem type="loa" free="6137856" total="6137856" percent="100" />
    </mem>
    <pending-finalizers system="83" default="30" reference="1213" classloader="0" />
    <remembered-set count="40888" />
  </mem-info>
</gc-end>
<cycle-end id="1975" type="scavenge" contextid="1969" timestamp="2025-12-10T06:45:25.750" />
<allocation-satisfied id="1976" threadId="00000000018AF000" bytesRequested="16" />
<af-end id="1977" timestamp="2025-12-10T06:45:25.753" threadId="00000000018AFA78" success="true" from="nursery"/>
<exclusive-end id="1978" timestamp="2025-12-10T06:45:25.755" durationms="51.339" />

<exclusive-start id="1979" timestamp="2025-12-10T06:45:27.017" intervalms="1313.530">
  <response-info timems="0.072" idlems="0.072" threads="0" lastid="0000000000859000" lastname="Default Executor-thread-4" />
</exclusive-start>
<af-start id="1980" threadId="0000000000859A78" totalBytesRequested="16" timestamp="2025-12-10T06:45:27.018" intervalms="1313.161" type="nursery" />
<cycle-start id="1981" type="scavenge" contextid="0" timestamp="2025-12-10T06:45:27.018" intervalms="1312.428" />
<gc-start id="1982" type="scavenge" contextid="1981" timestamp="2025-12-10T06:45:27.019">
  <mem-info id="1983" free="30042656" total="310312960" percent="9">
    <mem type="nursery" free="0" total="187564032" percent="0">
      <mem type="allocate" free="0" total="147259392" percent="0" />
      <mem type="survivor" free="0" total="40304640" percent="0" />
    </mem>
    <mem type="tenure" free="30042656" total="122748928" percent="24">
      <mem type="soa" free="23904800" total="116611072" percent="20" />
      <mem type="loa" free="6137856" total="6137856" percent="100" />
    </mem>
    <remembered-set count="46637" />
  </mem-info>
</gc-start>
<allocation-stats totalBytes="118619960" discardedBytes="49584" >
  <allocated-bytes non-tlh="381424" tlh="118238536" />
  <largest-consumer threadName="Default Executor-thread-29" threadId="00000000018AF000" bytes="42338648" />
</allocation-stats>
<gc-op id="1984" type="scavenge" timems="17.359" contextid="1981" timestamp="2025-12-10T06:45:27.038">
  <scavenger-info tenureage="3" tenuremask="7e08" tiltratio="78" />
  <memory-copied type="nursery" objects="272143" bytes="15884464" bytesdiscarded="268656" />
  <memory-copied type="tenure" objects="109972" bytes="16018200" bytesdiscarded="8160" />
  <finalization candidates="692" enqueued="682" />
  <ownableSynchronizers candidates="650" cleared="246" />
  <references type="soft" candidates="2367" cleared="0" enqueued="0" dynamicThreshold="9" maxThreshold="32" />
  <references type="weak" candidates="4601" cleared="2817" enqueued="2805" />
  <references type="phantom" candidates="648" cleared="372" enqueued="372" />
  <object-monitors candidates="173" cleared="5"  />
</gc-op>
<gc-end id="1985" type="scavenge" contextid="1981" durationms="19.218" usertimems="107.967" systemtimems="26.947" stalltimems="85.093" timestamp="2025-12-10T06:45:27.038" activeThreads="13">
  <mem-info id="1986" free="146020168" total="310312960" percent="47">
    <mem type="nursery" free="132011496" total="187564032" percent="70">
      <mem type="allocate" free="132011496" total="148176896" percent="89" />
      <mem type="survivor" free="0" total="39387136" percent="0" />
    </mem>
    <mem type="tenure" free="14008672" total="122748928" percent="11" macro-fragmented="9108245">
      <mem type="soa" free="7870816" total="116611072" percent="6" />
      <mem type="loa" free="6137856" total="6137856" percent="100" />
    </mem>
    <pending-finalizers system="294" default="388" reference="3177" classloader="0" />
    <remembered-set count="36058" />
  </mem-info>
</gc-end>
<cycle-end id="1987" type="scavenge" contextid="1981" timestamp="2025-12-10T06:45:27.039" />
<allocation-satisfied id="1988" threadId="0000000000859000" bytesRequested="16" />
<af-end id="1989" timestamp="2025-12-10T06:45:27.040" threadId="0000000000859A78" success="true" from="nursery"/>
<exclusive-end id="1990" timestamp="2025-12-10T06:45:27.041" durationms="23.408" />

<concurrent-kickoff id="1991" timestamp="2025-12-10T06:45:27.539">
  <kickoff reason="threshold reached" targetBytes="61388486" thresholdFreeBytes="8370019"  remainingFree="8058328" tenureFreeBytes="13922392" nurseryFreeBytes="8058328" />
</concurrent-kickoff>
<exclusive-start id="1992" timestamp="2025-12-10T06:45:27.541" intervalms="523.548">
  <response-info timems="0.090" idlems="0.090" threads="0" lastid="0000000001809100" lastname="Default Executor-thread-27" />
</exclusive-start>
<cycle-start id="1993" type="global" contextid="0" timestamp="2025-12-10T06:45:27.541" intervalms="34842.546" />
<concurrent-start id="1994" type="global mark" contextid="1993" timestamp="2025-12-10T06:45:27.542">
</concurrent-start>
<exclusive-end id="1995" timestamp="2025-12-10T06:45:27.542" durationms="1.693" />

<concurrent-end id="1996" type="global mark" contextid="1993" timestamp="2025-12-10T06:45:28.448">
<gc-op id="1997" type="trace" timems="906.056" contextid="1993" timestamp="2025-12-10T06:45:28.448">
  <trace bytesTraced="58124992" workStackOverflowCount="0" />
  <card-cleaning reason="card cleaning threshold reached" bytesTraced="97520" cardsCleaned="317" />
</gc-op>
</concurrent-end>

<exclusive-start id="1998" timestamp="2025-12-10T06:45:28.449" intervalms="908.073">
  <response-info timems="0.042" idlems="0.042" threads="0" lastid="0000000001809100" lastname="Default Executor-thread-27" />
</exclusive-start>
<concurrent-global-final id="1999" timestamp="2025-12-10T06:45:28.449" contextid="1993" intervalms="35591.962" >
  <concurrent-trace-info reason="card cleaning threshold reached" tracedByMutators="4787200" tracedByHelpers="53435312" cardsCleaned="317" workStackOverflowCount="0" />
</concurrent-global-final>
<gc-start id="2000" type="global" contextid="1993" timestamp="2025-12-10T06:45:28.450">
  <mem-info id="2001" free="14613776" total="310312960" percent="4">
    <mem type="nursery" free="730576" total="187564032" percent="0">
      <mem type="allocate" free="730576" total="148176896" percent="0" />
      <mem type="survivor" free="0" total="39387136" percent="0" />
    </mem>
    <mem type="tenure" free="13883200" total="122748928" percent="11">
      <mem type="soa" free="7745344" total="116611072" percent="6" />
      <mem type="loa" free="6137856" total="6137856" percent="100" />
    </mem>
    <remembered-set count="38443" />
  </mem-info>
</gc-start>
<allocation-stats totalBytes="131362264" discardedBytes="44128" >
  <allocated-bytes non-tlh="158264" tlh="131204000" />
  <largest-consumer threadName="Default Executor-thread-23" threadId="0000000001809D00" bytes="41719176" />
</allocation-stats>
<gc-op id="2002" type="rs-scan" timems="3.917" contextid="1993" timestamp="2025-12-10T06:45:28.454">
  <scan objectsFound="274389" bytesTraced="13394728" workStackOverflowCount="0" />
</gc-op>
<gc-op id="2003" type="card-cleaning" timems="0.877" contextid="1993" timestamp="2025-12-10T06:45:28.456">
  <card-cleaning cardsCleaned="3" bytesTraced="892" workStackOverflowCount="0" />
</gc-op>
<gc-op id="2004" type="mark" timems="11.721" contextid="1993" timestamp="2025-12-10T06:45:28.468">
  <trace-info objectcount="24086" scancount="21595" scanbytes="675284" />
  <finalization candidates="976" enqueued="62" />
  <ownableSynchronizers candidates="9700" cleared="215" />
  <references type="soft" candidates="18533" cleared="2" enqueued="2" dynamicThreshold="9" maxThreshold="32" />
  <references type="weak" candidates="19291" cleared="950" enqueued="942" />
  <references type="phantom" candidates="1527" cleared="44" enqueued="44" />
  <stringconstants candidates="55365" cleared="143"  />
  <object-monitors candidates="172" cleared="6"  />
</gc-op>
<gc-op id="2005" type="classunload" timems="1.526" contextid="1993" timestamp="2025-12-10T06:45:28.469">
  <classunload-info classloadercandidates="507" classloadersunloaded="10" classesunloaded="2" anonymousclassesunloaded="0" quiescems="0.000" setupms="1.484" scanms="0.018" postms="0.022" />
</gc-op>
<gc-op id="2006" type="sweep" timems="1.776" contextid="1993" timestamp="2025-12-10T06:45:28.471" />
<heap-resize id="2007" type="expand" space="tenure" amount="16056320" count="1" timems="0.485" reason="insufficient free space following gc" timestamp="2025-12-10T06:45:28.472" />
<gc-end id="2008" type="global" contextid="1993" durationms="23.194" usertimems="124.658" systemtimems="1.274" stalltimems="182.908" timestamp="2025-12-10T06:45:28.473" activeThreads="20">
  <mem-info id="2009" free="175242232" total="326369280" percent="53">
    <mem type="nursery" free="133586496" total="187564032" percent="71">
      <mem type="allocate" free="133586496" total="148176896" percent="90" />
      <mem type="survivor" free="0" total="39387136" percent="0" />
    </mem>
    <mem type="tenure" free="41655736" total="138805248" percent="30" micro-fragmented="2939347" macro-fragmented="0">
      <mem type="soa" free="34715064" total="131864576" percent="26" />
      <mem type="loa" free="6940672" total="6940672" percent="100" />
    </mem>
    <pending-finalizers system="62" default="0" reference="988" classloader="0" />
    <remembered-set count="34776" />
  </mem-info>
</gc-end>
<cycle-end id="2010" type="global" contextid="1993" timestamp="2025-12-10T06:45:28.473" />
<exclusive-end id="2011" timestamp="2025-12-10T06:45:28.474" durationms="25.088" />

<exclusive-start id="2012" timestamp="2025-12-10T06:45:36.226" intervalms="6161.986">
  <response-info timems="0.057" idlems="0.057" threads="0" lastid="00000000018AF000" lastname="Default Executor-thread-29" />
</exclusive-start>
<af-start id="2013" threadId="00000000018AFA78" totalBytesRequested="5824" timestamp="2025-12-10T06:45:36.226" intervalms="7593.447" type="nursery" />
<cycle-start id="2014" type="scavenge" contextid="0" timestamp="2025-12-10T06:45:36.227" intervalms="7593.352" />
<gc-start id="2015" type="scavenge" contextid="2014" timestamp="2025-12-10T06:45:36.228">
  <mem-info id="2016" free="41496120" total="326369280" percent="12">
    <mem type="nursery" free="0" total="187564032" percent="0">
      <mem type="allocate" free="0" total="148176896" percent="0" />
      <mem type="survivor" free="0" total="39387136" percent="0" />
    </mem>
    <mem type="tenure" free="41496120" total="138805248" percent="29">
      <mem type="soa" free="34555448" total="131864576" percent="26" />
      <mem type="loa" free="6940672" total="6940672" percent="100" />
    </mem>
    <remembered-set count="37738" />
  </mem-info>
</gc-start>
<allocation-stats totalBytes="133557520" discardedBytes="167256" >
  <allocated-bytes non-tlh="2147336" tlh="131410184" />
  <largest-consumer threadName="Default Executor-thread-29" threadId="00000000018AF000" bytes="108272520" />
</allocation-stats>
<gc-op id="2017" type="scavenge" timems="7.974" contextid="2014" timestamp="2025-12-10T06:45:36.237">
  <scavenger-info tenureage="9" tenuremask="7e00" tiltratio="79" />
  <memory-copied type="nursery" objects="296264" bytes="14814496" bytesdiscarded="167944" />
  <memory-copied type="tenure" objects="21543" bytes="1607096" bytesdiscarded="10488" />
  <finalization candidates="154" enqueued="148" />
  <ownableSynchronizers candidates="22836" cleared="22301" />
  <references type="soft" candidates="3767" cleared="0" enqueued="0" dynamicThreshold="9" maxThreshold="32" />
  <references type="weak" candidates="3480" cleared="834" enqueued="810" />
  <references type="phantom" candidates="362" cleared="19" enqueued="19" />
  <object-monitors candidates="174" cleared="5"  />
</gc-op>
<gc-end id="2018" type="scavenge" contextid="2014" durationms="10.418" usertimems="70.687" systemtimems="0.450" stalltimems="42.569" timestamp="2025-12-10T06:45:36.238" activeThreads="14">
  <mem-info id="2019" free="176752400" total="326369280" percent="54">
    <mem type="nursery" free="137103976" total="187564032" percent="73">
      <mem type="allocate" free="137103976" total="152109056" percent="90" />
      <mem type="survivor" free="0" total="35454976" percent="0" />
    </mem>
    <mem type="tenure" free="39648424" total="138805248" percent="28" macro-fragmented="0">
      <mem type="soa" free="32707752" total="131864576" percent="24" />
      <mem type="loa" free="6940672" total="6940672" percent="100" />
    </mem>
    <pending-finalizers system="34" default="114" reference="829" classloader="0" />
    <remembered-set count="34975" />
  </mem-info>
</gc-end>
<cycle-end id="2020" type="scavenge" contextid="2014" timestamp="2025-12-10T06:45:36.239" />
<allocation-satisfied id="2021" threadId="00000000018AF000" bytesRequested="5824" />
<af-end id="2022" timestamp="2025-12-10T06:45:36.240" threadId="00000000018AFA78" success="true" from="nursery"/>
<exclusive-end id="2023" timestamp="2025-12-10T06:45:36.240" durationms="14.089" />

<exclusive-start id="2024" timestamp="2025-12-10T06:45:37.367" intervalms="1141.061">
  <response-info timems="0.071" idlems="0.071" threads="0" lastid="00000000018DA700" lastname="Default Executor-thread-15" />
</exclusive-start>
<af-start id="2025" threadId="00000000018DB178" totalBytesRequested="16" timestamp="2025-12-10T06:45:37.368" intervalms="1141.237" type="nursery" />
<cycle-start id="2026" type="scavenge" contextid="0" timestamp="2025-12-10T06:45:37.368" intervalms="1141.089" />
<gc-start id="2027" type="scavenge" contextid="2026" timestamp="2025-12-10T06:45:37.369">
  <mem-info id="2028" free="39534464" total="326369280" percent="12">
    <mem type="nursery" free="0" total="187564032" percent="0">
      <mem type="allocate" free="0" total="152109056" percent="0" />
      <mem type="survivor" free="0" total="35454976" percent="0" />
    </mem>
    <mem type="tenure" free="39534464" total="138805248" percent="28">
      <mem type="soa" free="32593792" total="131864576" percent="24" />
      <mem type="loa" free="6940672" total="6940672" percent="100" />
    </mem>
    <remembered-set count="37988" />
  </mem-info>
</gc-start>
<allocation-stats totalBytes="137010144" discardedBytes="181832" >
  <allocated-bytes non-tlh="351744" tlh="136658400" />
  <largest-consumer threadName="Default Executor-thread-15" threadId="00000000018DA700" bytes="117596400" />
</allocation-stats>
<gc-op id="2029" type="scavenge" timems="8.192" contextid="2026" timestamp="2025-12-10T06:45:37.378">
  <scavenger-info tenureage="10" tenuremask="7c00" tiltratio="81" />
  <memory-copied type="nursery" objects="381715" bytes="18171784" bytesdiscarded="339144" />
  <finalization candidates="151" enqueued="144" />
  <ownableSynchronizers candidates="737" cleared="114" />
  <references type="soft" candidates="3970" cleared="0" enqueued="0" dynamicThreshold="9" maxThreshold="32" />
  <references type="weak" candidates="3397" cleared="482" enqueued="464" />
  <references type="phantom" candidates="438" cleared="78" enqueued="78" />
  <object-monitors candidates="172" cleared="0"  />
</gc-op>
<gc-end id="2030" type="scavenge" contextid="2026" durationms="23.250" usertimems="65.278" systemtimems="8.732" stalltimems="42.181" timestamp="2025-12-10T06:45:37.392" activeThreads="14">
  <mem-info id="2031" free="174883408" total="326369280" percent="53">
    <mem type="nursery" free="135348944" total="187564032" percent="72">
      <mem type="allocate" free="135348944" total="153878528" percent="87" />
      <mem type="survivor" free="0" total="33685504" percent="0" />
    </mem>
    <mem type="tenure" free="39534464" total="138805248" percent="28" macro-fragmented="16050736">
      <mem type="soa" free="32593792" total="131864576" percent="24" />
      <mem type="loa" free="6940672" total="6940672" percent="100" />
    </mem>
    <pending-finalizers system="118" default="26" reference="542" classloader="0" />
    <remembered-set count="34676" />
  </mem-info>
</gc-end>
<cycle-end id="2032" type="scavenge" contextid="2026" timestamp="2025-12-10T06:45:37.393" />
<allocation-satisfied id="2033" threadId="00000000018DA700" bytesRequested="16" />
<af-end id="2034" timestamp="2025-12-10T06:45:37.394" threadId="00000000018DB178" success="true" from="nursery"/>
<exclusive-end id="2035" timestamp="2025-12-10T06:45:37.394" durationms="26.835" />

<exclusive-start id="2036" timestamp="2025-12-10T06:47:59.386" intervalms="138839.431">
  <response-info timems="0.085" idlems="0.085" threads="0" lastid="0000000001971100" lastname="Default Executor-thread-21" />
</exclusive-start>
<af-start id="2037" threadId="0000000001971B78" totalBytesRequested="40" timestamp="2025-12-10T06:47:59.388" intervalms="138841.488" type="nursery" />
<cycle-start id="2038" type="scavenge" contextid="0" timestamp="2025-12-10T06:47:59.391" intervalms="138843.311" />
<gc-start id="2039" type="scavenge" contextid="2038" timestamp="2025-12-10T06:47:59.393">
  <mem-info id="2040" free="39524432" total="326369280" percent="12">
    <mem type="nursery" free="0" total="187564032" percent="0">
      <mem type="allocate" free="0" total="153878528" percent="0" />
      <mem type="survivor" free="0" total="33685504" percent="0" />
    </mem>
    <mem type="tenure" free="39524432" total="138805248" percent="28">
      <mem type="soa" free="32583760" total="131864576" percent="24" />
      <mem type="loa" free="6940672" total="6940672" percent="100" />
    </mem>
    <remembered-set count="35480" />
  </mem-info>
</gc-start>
<allocation-stats totalBytes="135315232" discardedBytes="42224" >
  <allocated-bytes non-tlh="1323024" tlh="133992208" />
  <largest-consumer threadName="Default Executor-thread-15" threadId="00000000018DA700" bytes="49252760" />
</allocation-stats>
<gc-op id="2041" type="scavenge" timems="39.515" contextid="2038" timestamp="2025-12-10T06:47:59.436">
  <scavenger-info tenureage="10" tenuremask="7c00" tiltratio="82" />
  <memory-copied type="nursery" objects="289834" bytes="13537056" bytesdiscarded="498464" />
  <memory-copied type="tenure" objects="26995" bytes="2055232" bytesdiscarded="58608" />
  <finalization candidates="10" enqueued="5" />
  <ownableSynchronizers candidates="12243" cleared="11647" />
  <references type="soft" candidates="3974" cleared="0" enqueued="0" dynamicThreshold="9" maxThreshold="32" />
  <references type="weak" candidates="3569" cleared="21" enqueued="15" />
  <references type="phantom" candidates="371" cleared="10" enqueued="10" />
  <object-monitors candidates="173" cleared="2"  />
</gc-op>
<gc-end id="2042" type="scavenge" contextid="2038" durationms="153.263" usertimems="154.309" systemtimems="19.378" stalltimems="92.568" timestamp="2025-12-10T06:47:59.546" activeThreads="14">
  <mem-info id="2043" free="179432208" total="326369280" percent="54">
    <mem type="nursery" free="142052992" total="187564032" percent="75">
      <mem type="allocate" free="142052992" total="156106752" percent="90" />
      <mem type="survivor" free="0" total="31457280" percent="0" />
    </mem>
    <mem type="tenure" free="37379216" total="138805248" percent="26" macro-fragmented="81140">
      <mem type="soa" free="30438544" total="131864576" percent="23" />
      <mem type="loa" free="6940672" total="6940672" percent="100" />
    </mem>
    <pending-finalizers system="5" default="0" reference="25" classloader="0" />
    <remembered-set count="29453" />
  </mem-info>
</gc-end>
<cycle-end id="2044" type="scavenge" contextid="2038" timestamp="2025-12-10T06:47:59.548" />
<allocation-satisfied id="2045" threadId="0000000001971100" bytesRequested="40" />
<af-end id="2046" timestamp="2025-12-10T06:47:59.550" threadId="0000000001971B78" success="true" from="nursery"/>
<exclusive-end id="2047" timestamp="2025-12-10T06:47:59.550" durationms="164.403" />

<exclusive-start id="2048" timestamp="2025-12-10T06:52:27.776" intervalms="268389.697">
  <response-info timems="0.120" idlems="0.120" threads="0" lastid="0000000002783F00" lastname="Default Executor-thread-60" />
</exclusive-start>
<af-start id="2049" threadId="0000000002784978" totalBytesRequested="72" timestamp="2025-12-10T06:52:27.778" intervalms="268389.430" type="nursery" />
<cycle-start id="2050" type="scavenge" contextid="0" timestamp="2025-12-10T06:52:27.780" intervalms="268389.475" />
<gc-start id="2051" type="scavenge" contextid="2050" timestamp="2025-12-10T06:52:27.782">
  <mem-info id="2052" free="37379216" total="326369280" percent="11">
    <mem type="nursery" free="0" total="187564032" percent="0">
      <mem type="allocate" free="0" total="156106752" percent="0" />
      <mem type="survivor" free="0" total="31457280" percent="0" />
    </mem>
    <mem type="tenure" free="37379216" total="138805248" percent="26">
      <mem type="soa" free="30438544" total="131864576" percent="23" />
      <mem type="loa" free="6940672" total="6940672" percent="100" />
    </mem>
    <remembered-set count="29541" />
  </mem-info>
</gc-start>
<allocation-stats totalBytes="141994872" discardedBytes="58120" >
  <allocated-bytes non-tlh="40" tlh="141994832" />
  <largest-consumer threadName="Timer-7" threadId="0000000000FF8F00" bytes="35783432" />
</allocation-stats>
<gc-op id="2053" type="scavenge" timems="16.235" contextid="2050" timestamp="2025-12-10T06:52:27.801">
  <scavenger-info tenureage="3" tenuremask="7848" tiltratio="83" />
  <memory-copied type="nursery" objects="129654" bytes="6090784" bytesdiscarded="639536" />
  <memory-copied type="tenure" objects="160498" bytes="7464448" bytesdiscarded="39920" />
  <finalization candidates="5" enqueued="0" />
  <ownableSynchronizers candidates="23080" cleared="22463" />
  <references type="soft" candidates="2175" cleared="0" enqueued="0" dynamicThreshold="9" maxThreshold="32" />
  <references type="weak" candidates="2193" cleared="1" enqueued="1" />
  <references type="phantom" candidates="163" cleared="0" enqueued="0" />
  <object-monitors candidates="211" cleared="22"  />
</gc-op>
<gc-end id="2054" type="scavenge" contextid="2050" durationms="65.945" usertimems="67.707" systemtimems="6.571" stalltimems="107.800" timestamp="2025-12-10T06:52:27.848" activeThreads="18">
  <mem-info id="2055" free="182278800" total="326369280" percent="55">
    <mem type="nursery" free="152317680" total="187564032" percent="81">
      <mem type="allocate" free="152317680" total="159055872" percent="95" />
      <mem type="survivor" free="0" total="28508160" percent="0" />
    </mem>
    <mem type="tenure" free="29961120" total="138805248" percent="21" macro-fragmented="16050736">
      <mem type="soa" free="23020448" total="131864576" percent="17" />
      <mem type="loa" free="6940672" total="6940672" percent="100" />
    </mem>
    <pending-finalizers system="0" default="0" reference="1" classloader="0" />
    <remembered-set count="7923" />
  </mem-info>
</gc-end>
<cycle-end id="2056" type="scavenge" contextid="2050" timestamp="2025-12-10T06:52:27.850" />
<allocation-satisfied id="2057" threadId="0000000002783F00" bytesRequested="72" />
<af-end id="2058" timestamp="2025-12-10T06:52:27.852" threadId="0000000002784978" success="true" from="nursery"/>
<exclusive-end id="2059" timestamp="2025-12-10T06:52:27.853" durationms="77.125" />

<exclusive-start id="2060" timestamp="2025-12-10T06:54:07.567" intervalms="99791.504">
  <response-info timems="0.123" idlems="0.123" threads="0" lastid="00000000001D0800" lastname="VM Runtime State Listener" />
</exclusive-start>
<sys-start reason="vm idle" id="2061" timestamp="2025-12-10T06:54:07.569" intervalms="565046.125" />
<cycle-start id="2062" type="global" contextid="0" timestamp="2025-12-10T06:54:07.571" intervalms="515235.104" />
<gc-start id="2063" type="global" contextid="2062" timestamp="2025-12-10T06:54:07.573">
  <mem-info id="2064" free="128072264" total="326369280" percent="39">
    <mem type="nursery" free="98111144" total="187564032" percent="52">
      <mem type="allocate" free="98111144" total="159055872" percent="61" />
      <mem type="survivor" free="0" total="28508160" percent="0" />
    </mem>
    <mem type="tenure" free="29961120" total="138805248" percent="21">
      <mem type="soa" free="23020448" total="131864576" percent="17" />
      <mem type="loa" free="6940672" total="6940672" percent="100" />
    </mem>
    <remembered-set count="7971" />
  </mem-info>
</gc-start>
<allocation-stats totalBytes="54187232" discardedBytes="19304" >
  <allocated-bytes non-tlh="72" tlh="54187160" />
  <largest-consumer threadName="Timer-7" threadId="0000000000FF8F00" bytes="13882888" />
</allocation-stats>
<gc-op id="2065" type="mark" timems="82.008" contextid="2062" timestamp="2025-12-10T06:54:07.658">
  <trace-info objectcount="2181336" scancount="1883344" scanbytes="70740784" />
  <finalization candidates="914" enqueued="0" />
  <ownableSynchronizers candidates="18028" cleared="8391" />
  <references type="soft" candidates="19341" cleared="0" enqueued="0" dynamicThreshold="9" maxThreshold="32" />
  <references type="weak" candidates="18878" cleared="127" enqueued="127" />
  <references type="phantom" candidates="1453" cleared="0" enqueued="0" />
  <stringconstants candidates="56636" cleared="83"  />
  <object-monitors candidates="189" cleared="20"  />
</gc-op>
<gc-op id="2066" type="classunload" timems="1.826" contextid="2062" timestamp="2025-12-10T06:54:07.661">
  <classunload-info classloadercandidates="581" classloadersunloaded="3" classesunloaded="2" anonymousclassesunloaded="0" quiescems="0.000" setupms="1.781" scanms="0.021" postms="0.024" />
</gc-op>
<gc-op id="2067" type="sweep" timems="2.101" contextid="2062" timestamp="2025-12-10T06:54:07.665" />
<mem-info id="2068" free="184698712" total="326369280" percent="56">
  <mem type="nursery" free="153021784" total="187564032" percent="81">
    <mem type="allocate" free="153021784" total="159055872" percent="96" />
    <mem type="survivor" free="0" total="28508160" percent="0" />
  </mem>
  <mem type="tenure" free="31676928" total="138805248" percent="22" micro-fragmented="3492731" macro-fragmented="0">
    <mem type="soa" free="24736256" total="131864576" percent="18" />
    <mem type="loa" free="6940672" total="6940672" percent="100" />
  </mem>
  <pending-finalizers system="0" default="0" reference="127" classloader="0" />
  <remembered-set count="7729" />
</mem-info>
<gc-op id="2069" type="compact" timems="142.842" contextid="2062" timestamp="2025-12-10T06:54:07.810">
  <compact-info movecount="2170867" movebytes="107587576" reason="compact on aggressive collection" />
</gc-op>
<heap-resize id="2070" type="expand" space="tenure" amount="9306112" count="1" timems="0.337" reason="insufficient free space following gc" timestamp="2025-12-10T06:54:07.811" />
<gc-end id="2071" type="global" contextid="2062" durationms="247.587" usertimems="1545.713" systemtimems="0.000" stalltimems="472.986" timestamp="2025-12-10T06:54:07.821" activeThreads="20">
  <mem-info id="2072" free="197683088" total="335675392" percent="58">
    <mem type="nursery" free="153225784" total="187564032" percent="81">
      <mem type="allocate" free="153225784" total="159055872" percent="96" />
      <mem type="survivor" free="0" total="28508160" percent="0" />
    </mem>
    <mem type="tenure" free="44457304" total="148111360" percent="30">
      <mem type="soa" free="37051736" total="140705792" percent="26" />
      <mem type="loa" free="7405568" total="7405568" percent="100" />
    </mem>
    <pending-finalizers system="0" default="0" reference="127" classloader="0" />
    <remembered-set count="7729" />
  </mem-info>
</gc-end>
<cycle-end id="2073" type="global" contextid="2062" timestamp="2025-12-10T06:54:07.822" />
<sys-end id="2074" timestamp="2025-12-10T06:54:07.823" />
<exclusive-end id="2075" timestamp="2025-12-10T06:54:07.823" durationms="255.992" />

<heap-resize id="2076" type="release free pages" space="tenure" amount="44417024" count="1" timems="1.051" reason="idle" timestamp="2025-12-10T06:54:07.825" />
<exclusive-start id="2077" timestamp="2025-12-10T06:59:03.621" intervalms="296053.501">
  <response-info timems="0.101" idlems="0.101" threads="0" lastid="000000000085C100" lastname="Default Executor-thread-120" />
</exclusive-start>
<af-start id="2078" threadId="000000000085CB78" totalBytesRequested="32" timestamp="2025-12-10T06:59:03.623" intervalms="395844.912" type="nursery" />
<cycle-start id="2079" type="scavenge" contextid="0" timestamp="2025-12-10T06:59:03.625" intervalms="395844.751" />
<gc-start id="2080" type="scavenge" contextid="2079" timestamp="2025-12-10T06:59:03.628">
  <mem-info id="2081" free="44457192" total="335675392" percent="13">
    <mem type="nursery" free="0" total="187564032" percent="0">
      <mem type="allocate" free="0" total="159055872" percent="0" />
      <mem type="survivor" free="0" total="28508160" percent="0" />
    </mem>
    <mem type="tenure" free="44457192" total="148111360" percent="30">
      <mem type="soa" free="37051624" total="140705792" percent="26" />
      <mem type="loa" free="7405568" total="7405568" percent="100" />
    </mem>
    <remembered-set count="7804" />
  </mem-info>
</gc-start>
<allocation-stats totalBytes="153163520" discardedBytes="62376" >
  <allocated-bytes non-tlh="112" tlh="153163408" />
  <largest-consumer threadName="Timer-7" threadId="0000000000FF8F00" bytes="36662960" />
</allocation-stats>
<gc-op id="2082" type="scavenge" timems="28.760" contextid="2079" timestamp="2025-12-10T06:59:03.660">
  <scavenger-info tenureage="6" tenuremask="7a40" tiltratio="84" />
  <memory-copied type="nursery" objects="68153" bytes="3142048" bytesdiscarded="483616" />
  <memory-copied type="tenure" objects="58086" bytes="2702232" bytesdiscarded="4736" />
  <finalization candidates="1" enqueued="0" />
  <ownableSynchronizers candidates="44062" cleared="43771" />
  <references type="soft" candidates="1571" cleared="0" enqueued="0" dynamicThreshold="9" maxThreshold="32" />
  <references type="weak" candidates="1191" cleared="2" enqueued="2" />
  <references type="phantom" candidates="63" cleared="0" enqueued="0" />
  <object-monitors candidates="209" cleared="27"  />
</gc-op>
<gc-end id="2083" type="scavenge" contextid="2079" durationms="54.135" usertimems="82.479" systemtimems="19.714" stalltimems="176.154" timestamp="2025-12-10T06:59:03.682" activeThreads="17">
  <mem-info id="2084" free="200828928" total="335675392" percent="59">
    <mem type="nursery" free="159553216" total="187564032" percent="85">
      <mem type="allocate" free="159553216" total="163184640" percent="97" />
      <mem type="survivor" free="0" total="24379392" percent="0" />
    </mem>
    <mem type="tenure" free="41275712" total="148111360" percent="27" macro-fragmented="19260884">
      <mem type="soa" free="33870144" total="140705792" percent="24" />
      <mem type="loa" free="7405568" total="7405568" percent="100" />
    </mem>
    <pending-finalizers system="0" default="0" reference="2" classloader="0" />
    <remembered-set count="3755" />
  </mem-info>
</gc-end>
<cycle-end id="2085" type="scavenge" contextid="2079" timestamp="2025-12-10T06:59:03.685" />
<allocation-satisfied id="2086" threadId="000000000085C100" bytesRequested="32" />
<af-end id="2087" timestamp="2025-12-10T06:59:03.687" threadId="000000000085CB78" success="true" from="nursery"/>
<exclusive-end id="2088" timestamp="2025-12-10T06:59:03.688" durationms="67.795" />

<exclusive-start id="2089" timestamp="2025-12-10T07:04:07.702" intervalms="304081.554">
  <response-info timems="0.085" idlems="0.085" threads="0" lastid="0000000002783F00" lastname="Default Executor-thread-60" />
</exclusive-start>
<af-start id="2090" threadId="0000000002784978" totalBytesRequested="176" timestamp="2025-12-10T07:04:07.704" intervalms="304080.884" type="nursery" />
<cycle-start id="2091" type="scavenge" contextid="0" timestamp="2025-12-10T07:04:07.706" intervalms="304080.830" />
<gc-start id="2092" type="scavenge" contextid="2091" timestamp="2025-12-10T07:04:07.708">
  <mem-info id="2093" free="41275712" total="335675392" percent="12">
    <mem type="nursery" free="0" total="187564032" percent="0">
      <mem type="allocate" free="0" total="163184640" percent="0" />
      <mem type="survivor" free="0" total="24379392" percent="0" />
    </mem>
    <mem type="tenure" free="41275712" total="148111360" percent="27">
      <mem type="soa" free="33870144" total="140705792" percent="24" />
      <mem type="loa" free="7405568" total="7405568" percent="100" />
    </mem>
    <remembered-set count="3815" />
  </mem-info>
</gc-start>
<allocation-stats totalBytes="159506616" discardedBytes="46600" >
  <allocated-bytes non-tlh="32" tlh="159506584" />
  <largest-consumer threadName="Timer-7" threadId="0000000000FF8F00" bytes="40421720" />
</allocation-stats>
<gc-op id="2094" type="scavenge" timems="24.183" contextid="2091" timestamp="2025-12-10T07:04:07.734">
  <scavenger-info tenureage="13" tenuremask="6000" tiltratio="87" />
  <memory-copied type="nursery" objects="68296" bytes="3148080" bytesdiscarded="389184" />
  <finalization candidates="1" enqueued="0" />
  <ownableSynchronizers candidates="25728" cleared="25469" />
  <references type="soft" candidates="1571" cleared="0" enqueued="0" dynamicThreshold="9" maxThreshold="32" />
  <references type="weak" candidates="1203" cleared="0" enqueued="0" />
  <references type="phantom" candidates="61" cleared="0" enqueued="0" />
  <object-monitors candidates="202" cleared="18"  />
</gc-op>
<gc-end id="2095" type="scavenge" contextid="2091" durationms="40.645" usertimems="31.507" systemtimems="12.654" stalltimems="179.777" timestamp="2025-12-10T07:04:07.748" activeThreads="17">
  <mem-info id="2096" free="205046312" total="335675392" percent="61">
    <mem type="nursery" free="163770600" total="187564032" percent="87">
      <mem type="allocate" free="163770600" total="167313408" percent="97" />
      <mem type="survivor" free="0" total="20250624" percent="0" />
    </mem>
    <mem type="tenure" free="41275712" total="148111360" percent="27" macro-fragmented="19260884">
      <mem type="soa" free="33870144" total="140705792" percent="24" />
      <mem type="loa" free="7405568" total="7405568" percent="100" />
    </mem>
    <remembered-set count="3707" />
  </mem-info>
</gc-end>
<cycle-end id="2097" type="scavenge" contextid="2091" timestamp="2025-12-10T07:04:07.750" />
<allocation-satisfied id="2098" threadId="0000000002783F00" bytesRequested="176" />
<af-end id="2099" timestamp="2025-12-10T07:04:07.751" threadId="0000000002784978" success="true" from="nursery"/>
<exclusive-end id="2100" timestamp="2025-12-10T07:04:07.752" durationms="50.020" />

<exclusive-start id="2101" timestamp="2025-12-10T07:09:24.099" intervalms="316396.866">
  <response-info timems="0.084" idlems="0.084" threads="0" lastid="00000000019BCC00" lastname="Default Executor-thread-95" />
</exclusive-start>
<af-start id="2102" threadId="00000000019BD678" totalBytesRequested="152" timestamp="2025-12-10T07:09:24.101" intervalms="316397.373" type="nursery" />
<cycle-start id="2103" type="scavenge" contextid="0" timestamp="2025-12-10T07:09:24.103" intervalms="316397.028" />
<gc-start id="2104" type="scavenge" contextid="2103" timestamp="2025-12-10T07:09:24.106">
  <mem-info id="2105" free="41275712" total="335675392" percent="12">
    <mem type="nursery" free="0" total="187564032" percent="0">
      <mem type="allocate" free="0" total="167313408" percent="0" />
      <mem type="survivor" free="0" total="20250624" percent="0" />
    </mem>
    <mem type="tenure" free="41275712" total="148111360" percent="27">
      <mem type="soa" free="33870144" total="140705792" percent="24" />
      <mem type="loa" free="7405568" total="7405568" percent="100" />
    </mem>
    <remembered-set count="3762" />
  </mem-info>
</gc-start>
<allocation-stats totalBytes="163728464" discardedBytes="42136" >
  <allocated-bytes non-tlh="176" tlh="163728288" />
  <largest-consumer threadName="Timer-7" threadId="0000000000FF8F00" bytes="40511088" />
</allocation-stats>
<gc-op id="2106" type="scavenge" timems="51.176" contextid="2103" timestamp="2025-12-10T07:09:24.159">
  <scavenger-info tenureage="4" tenuremask="40b0" tiltratio="89" />
  <memory-copied type="nursery" objects="2752" bytes="151216" bytesdiscarded="1187112" />
  <memory-copied type="tenure" objects="65570" bytes="2998048" bytesdiscarded="1608" />
  <finalization candidates="1" enqueued="0" />
  <ownableSynchronizers candidates="26725" cleared="26466" />
  <references type="weak" candidates="67" cleared="0" enqueued="0" />
  <object-monitors candidates="184" cleared="0"  />
</gc-op>
<gc-end id="2107" type="scavenge" contextid="2103" durationms="70.582" usertimems="25.403" systemtimems="13.727" stalltimems="190.418" timestamp="2025-12-10T07:09:24.176" activeThreads="16">
  <mem-info id="2108" free="205587792" total="335675392" percent="61">
    <mem type="nursery" free="167416576" total="187564032" percent="89">
      <mem type="allocate" free="167416576" total="168755200" percent="99" />
      <mem type="survivor" free="0" total="18808832" percent="0" />
    </mem>
    <mem type="tenure" free="38171216" total="148111360" percent="25" macro-fragmented="0">
      <mem type="soa" free="30765648" total="140705792" percent="21" />
      <mem type="loa" free="7405568" total="7405568" percent="100" />
    </mem>
    <remembered-set count="538" />
  </mem-info>
</gc-end>
<cycle-end id="2109" type="scavenge" contextid="2103" timestamp="2025-12-10T07:09:24.178" />
<allocation-satisfied id="2110" threadId="00000000019BCC00" bytesRequested="152" />
<af-end id="2111" timestamp="2025-12-10T07:09:24.182" threadId="00000000019BD678" success="true" from="nursery"/>
<exclusive-end id="2112" timestamp="2025-12-10T07:09:24.185" durationms="85.727" />

<exclusive-start id="2113" timestamp="2025-12-10T07:14:46.547" intervalms="322447.735">
  <response-info timems="0.069" idlems="0.069" threads="0" lastid="00000000018BAE00" lastname="Default Executor-thread-110" />
</exclusive-start>
<af-start id="2114" threadId="00000000018BB878" totalBytesRequested="144" timestamp="2025-12-10T07:14:46.549" intervalms="322447.631" type="nursery" />
<cycle-start id="2115" type="scavenge" contextid="0" timestamp="2025-12-10T07:14:46.550" intervalms="322447.386" />
<gc-start id="2116" type="scavenge" contextid="2115" timestamp="2025-12-10T07:14:46.552">
  <mem-info id="2117" free="38171216" total="335675392" percent="11">
    <mem type="nursery" free="0" total="187564032" percent="0">
      <mem type="allocate" free="0" total="168755200" percent="0" />
      <mem type="survivor" free="0" total="18808832" percent="0" />
    </mem>
    <mem type="tenure" free="38171216" total="148111360" percent="25">
      <mem type="soa" free="30765648" total="140705792" percent="21" />
      <mem type="loa" free="7405568" total="7405568" percent="100" />
    </mem>
    <remembered-set count="603" />
  </mem-info>
</gc-start>
<allocation-stats totalBytes="167361976" discardedBytes="54600" >
  <allocated-bytes non-tlh="152" tlh="167361824" />
  <largest-consumer threadName="Timer-7" threadId="0000000000FF8F00" bytes="40654496" />
</allocation-stats>
<gc-op id="2118" type="scavenge" timems="16.017" contextid="2115" timestamp="2025-12-10T07:14:46.570">
  <scavenger-info tenureage="3" tenuremask="fe98" tiltratio="89" />
  <memory-copied type="nursery" objects="2280" bytes="115344" bytesdiscarded="345136" />
  <memory-copied type="tenure" objects="356" bytes="30488" bytesdiscarded="16" />
  <ownableSynchronizers candidates="27080" cleared="26983" />
  <references type="weak" candidates="37" cleared="0" enqueued="0" />
  <object-monitors candidates="204" cleared="19"  />
</gc-op>
<gc-end id="2119" type="scavenge" contextid="2115" durationms="26.014" usertimems="16.090" systemtimems="11.164" stalltimems="156.427" timestamp="2025-12-10T07:14:46.578" activeThreads="19">
  <mem-info id="2120" free="206393048" total="335675392" percent="61">
    <mem type="nursery" free="168294400" total="187564032" percent="89">
      <mem type="allocate" free="168294400" total="168755200" percent="99" />
      <mem type="survivor" free="0" total="18808832" percent="0" />
    </mem>
    <mem type="tenure" free="38098648" total="148111360" percent="25" macro-fragmented="23113062">
      <mem type="soa" free="30693080" total="140705792" percent="21" />
      <mem type="loa" free="7405568" total="7405568" percent="100" />
    </mem>
    <remembered-set count="583" />
  </mem-info>
</gc-end>
<cycle-end id="2121" type="scavenge" contextid="2115" timestamp="2025-12-10T07:14:46.579" />
<allocation-satisfied id="2122" threadId="00000000018BAE00" bytesRequested="144" />
<af-end id="2123" timestamp="2025-12-10T07:14:46.580" threadId="00000000018BB878" success="true" from="nursery"/>
<exclusive-end id="2124" timestamp="2025-12-10T07:14:46.581" durationms="34.114" />

<exclusive-start id="2125" timestamp="2025-12-10T07:16:43.112" intervalms="116565.328">
  <response-info timems="0.102" idlems="0.102" threads="0" lastid="00000000001D0800" lastname="VM Runtime State Listener" />
</exclusive-start>
<sys-start reason="vm idle" id="2126" timestamp="2025-12-10T07:16:43.115" intervalms="1355545.687" />
<cycle-start id="2127" type="global" contextid="0" timestamp="2025-12-10T07:16:43.117" intervalms="1355545.607" />
<gc-start id="2128" type="global" contextid="2127" timestamp="2025-12-10T07:16:43.120">
  <mem-info id="2129" free="143813800" total="335675392" percent="42">
    <mem type="nursery" free="105715568" total="187564032" percent="56">
      <mem type="allocate" free="105715568" total="168755200" percent="62" />
      <mem type="survivor" free="0" total="18808832" percent="0" />
    </mem>
    <mem type="tenure" free="38098232" total="148111360" percent="25">
      <mem type="soa" free="30692664" total="140705792" percent="21" />
      <mem type="loa" free="7405568" total="7405568" percent="100" />
    </mem>
    <remembered-set count="692" />
  </mem-info>
</gc-start>
<allocation-stats totalBytes="62557248" discardedBytes="22000" >
  <allocated-bytes non-tlh="560" tlh="62556688" />
  <largest-consumer threadName="Timer-7" threadId="0000000000FF8F00" bytes="15604528" />
</allocation-stats>
<gc-op id="2130" type="mark" timems="62.242" contextid="2127" timestamp="2025-12-10T07:16:43.185">
  <trace-info objectcount="2177527" scancount="1879711" scanbytes="70584156" />
  <finalization candidates="914" enqueued="0" />
  <ownableSynchronizers candidates="19420" cleared="9784" />
  <references type="soft" candidates="19330" cleared="36" enqueued="36" dynamicThreshold="9" maxThreshold="32" />
  <references type="weak" candidates="17851" cleared="130" enqueued="130" />
  <references type="phantom" candidates="1430" cleared="0" enqueued="0" />
  <stringconstants candidates="56555" cleared="1"  />
  <object-monitors candidates="185" cleared="18"  />
</gc-op>
<gc-op id="2131" type="classunload" timems="0.067" contextid="2127" timestamp="2025-12-10T07:16:43.186">
  <classunload-info classloadercandidates="578" classloadersunloaded="0" classesunloaded="0" anonymousclassesunloaded="0" quiescems="0.000" setupms="0.067" scanms="0.000" postms="0.000" />
</gc-op>
<gc-op id="2132" type="sweep" timems="2.658" contextid="2127" timestamp="2025-12-10T07:16:43.189" />
<heap-resize id="2133" type="expand" space="tenure" amount="7733248" count="1" timems="0.318" reason="insufficient free space following gc" timestamp="2025-12-10T07:16:43.190" />
<gc-end id="2134" type="global" contextid="2127" durationms="73.744" usertimems="389.745" systemtimems="14.239" stalltimems="401.575" timestamp="2025-12-10T07:16:43.193" activeThreads="20">
  <mem-info id="2135" free="215238824" total="343408640" percent="62">
    <mem type="nursery" free="168473872" total="187564032" percent="89">
      <mem type="allocate" free="168473872" total="168755200" percent="99" />
      <mem type="survivor" free="0" total="18808832" percent="0" />
    </mem>
    <mem type="tenure" free="46764952" total="155844608" percent="30" micro-fragmented="50268" macro-fragmented="19260884">
      <mem type="soa" free="38972312" total="148051968" percent="26" />
      <mem type="loa" free="7792640" total="7792640" percent="100" />
    </mem>
    <pending-finalizers system="0" default="0" reference="166" classloader="0" />
    <remembered-set count="681" />
  </mem-info>
</gc-end>
<cycle-end id="2136" type="global" contextid="2127" timestamp="2025-12-10T07:16:43.194" />
<sys-end id="2137" timestamp="2025-12-10T07:16:43.195" />
<exclusive-end id="2138" timestamp="2025-12-10T07:16:43.195" durationms="83.371" />

<heap-resize id="2139" type="release free pages" space="tenure" amount="46522368" count="1" timems="0.563" reason="idle" timestamp="2025-12-10T07:16:43.197" />
<exclusive-start id="2140" timestamp="2025-12-10T07:21:42.154" intervalms="299042.428">
  <response-info timems="0.095" idlems="0.095" threads="0" lastid="00000000001D0800" lastname="VM Runtime State Listener" />
</exclusive-start>
<sys-start reason="vm idle" id="2141" timestamp="2025-12-10T07:21:42.159" intervalms="299044.224" />
<cycle-start id="2142" type="global" contextid="0" timestamp="2025-12-10T07:21:42.160" intervalms="299043.951" />
<gc-start id="2143" type="global" contextid="2142" timestamp="2025-12-10T07:21:42.162">
  <mem-info id="2144" free="59224072" total="343408640" percent="17">
    <mem type="nursery" free="12459120" total="187564032" percent="6">
      <mem type="allocate" free="12459120" total="168755200" percent="7" />
      <mem type="survivor" free="0" total="18808832" percent="0" />
    </mem>
    <mem type="tenure" free="46764952" total="155844608" percent="30">
      <mem type="soa" free="38972312" total="148051968" percent="26" />
      <mem type="loa" free="7792640" total="7792640" percent="100" />
    </mem>
    <remembered-set count="950" />
  </mem-info>
</gc-start>
<allocation-stats totalBytes="155957992" discardedBytes="56760" >
  <allocated-bytes non-tlh="0" tlh="155957992" />
  <largest-consumer threadName="Timer-7" threadId="0000000000FF8F00" bytes="38304416" />
</allocation-stats>
<gc-op id="2145" type="mark" timems="59.756" contextid="2142" timestamp="2025-12-10T07:21:42.224">
  <trace-info objectcount="2170023" scancount="1872887" scanbytes="70287676" />
  <finalization candidates="914" enqueued="0" />
  <ownableSynchronizers candidates="34690" cleared="25054" />
  <references type="soft" candidates="19294" cleared="3150" enqueued="3133" dynamicThreshold="9" maxThreshold="32" />
  <references type="weak" candidates="17729" cleared="10" enqueued="1" />
  <references type="phantom" candidates="1430" cleared="0" enqueued="0" />
  <stringconstants candidates="56554" cleared="280"  />
  <object-monitors candidates="207" cleared="41"  />
</gc-op>
<gc-op id="2146" type="classunload" timems="1.868" contextid="2142" timestamp="2025-12-10T07:21:42.227">
  <classunload-info classloadercandidates="578" classloadersunloaded="1" classesunloaded="1" anonymousclassesunloaded="0" quiescems="0.000" setupms="1.832" scanms="0.032" postms="0.003" />
</gc-op>
<gc-op id="2147" type="sweep" timems="2.276" contextid="2142" timestamp="2025-12-10T07:21:42.230" />
<mem-info id="2148" free="215236424" total="343408640" percent="62">
  <mem type="nursery" free="168414456" total="187564032" percent="89">
    <mem type="allocate" free="168414456" total="168755200" percent="99" />
    <mem type="survivor" free="0" total="18808832" percent="0" />
  </mem>
  <mem type="tenure" free="46821968" total="155844608" percent="30" micro-fragmented="280176" macro-fragmented="27735676">
    <mem type="soa" free="39029328" total="148051968" percent="26" />
    <mem type="loa" free="7792640" total="7792640" percent="100" />
  </mem>
  <pending-finalizers system="0" default="0" reference="3134" classloader="0" />
  <remembered-set count="801" />
</mem-info>
<gc-op id="2149" type="compact" timems="133.209" contextid="2142" timestamp="2025-12-10T07:21:42.364">
  <compact-info movecount="2064716" movebytes="102464552" reason="compact on aggressive collection" />
</gc-op>
<gc-end id="2150" type="global" contextid="2142" durationms="207.071" usertimems="1146.540" systemtimems="32.713" stalltimems="471.372" timestamp="2025-12-10T07:21:42.369" activeThreads="20">
  <mem-info id="2151" free="215828600" total="343408640" percent="62">
    <mem type="nursery" free="168614928" total="187564032" percent="89">
      <mem type="allocate" free="168614928" total="168755200" percent="99" />
      <mem type="survivor" free="0" total="18808832" percent="0" />
    </mem>
    <mem type="tenure" free="47213672" total="155844608" percent="30">
      <mem type="soa" free="39421032" total="148051968" percent="26" />
      <mem type="loa" free="7792640" total="7792640" percent="100" />
    </mem>
    <pending-finalizers system="0" default="0" reference="3134" classloader="0" />
    <remembered-set count="801" />
  </mem-info>
</gc-end>
<cycle-end id="2152" type="global" contextid="2142" timestamp="2025-12-10T07:21:42.370" />
<sys-end id="2153" timestamp="2025-12-10T07:21:42.370" />
<exclusive-end id="2154" timestamp="2025-12-10T07:21:42.370" durationms="215.903" />

<heap-resize id="2155" type="release free pages" space="tenure" amount="47173632" count="1" timems="0.208" reason="idle" timestamp="2025-12-10T07:21:42.371" />
<exclusive-start id="2156" timestamp="2025-12-10T07:25:33.450" intervalms="231295.425">
  <response-info timems="0.128" idlems="0.128" threads="0" lastid="00000000001D0800" lastname="VM Runtime State Listener" />
</exclusive-start>
<sys-start reason="vm idle" id="2157" timestamp="2025-12-10T07:25:33.480" intervalms="231321.430" />
<cycle-start id="2158" type="global" contextid="0" timestamp="2025-12-10T07:25:33.490" intervalms="231329.718" />
<gc-start id="2159" type="global" contextid="2158" timestamp="2025-12-10T07:25:33.495">
  <mem-info id="2160" free="96790856" total="343408640" percent="28">
    <mem type="nursery" free="49577184" total="187564032" percent="26">
      <mem type="allocate" free="49577184" total="168755200" percent="29" />
      <mem type="survivor" free="0" total="18808832" percent="0" />
    </mem>
    <mem type="tenure" free="47213672" total="155844608" percent="30">
      <mem type="soa" free="39421032" total="148051968" percent="26" />
      <mem type="loa" free="7792640" total="7792640" percent="100" />
    </mem>
    <remembered-set count="5085" />
  </mem-info>
</gc-start>
<allocation-stats totalBytes="118999096" discardedBytes="38648" >
  <allocated-bytes non-tlh="0" tlh="118999096" />
  <largest-consumer threadName="Timer-7" threadId="0000000000FF8F00" bytes="28498152" />
</allocation-stats>
<gc-op id="2161" type="mark" timems="85.743" contextid="2158" timestamp="2025-12-10T07:25:33.590">
  <trace-info objectcount="2152198" scancount="1856443" scanbytes="69773752" />
  <finalization candidates="914" enqueued="0" />
  <ownableSynchronizers candidates="28984" cleared="19348" />
  <references type="soft" candidates="16140" cleared="1473" enqueued="1470" dynamicThreshold="9" maxThreshold="32" />
  <references type="weak" candidates="17719" cleared="9" enqueued="1" />
  <references type="phantom" candidates="1430" cleared="0" enqueued="0" />
  <stringconstants candidates="56274" cleared="1267"  />
  <object-monitors candidates="166" cleared="0"  />
</gc-op>
<gc-op id="2162" type="classunload" timems="3.572" contextid="2158" timestamp="2025-12-10T07:25:33.594">
  <classunload-info classloadercandidates="577" classloadersunloaded="0" classesunloaded="4" anonymousclassesunloaded="4" quiescems="0.000" setupms="3.519" scanms="0.051" postms="0.001" />
</gc-op>
<gc-op id="2163" type="sweep" timems="5.828" contextid="2158" timestamp="2025-12-10T07:25:33.601" />
<gc-end id="2164" type="global" contextid="2158" durationms="125.807" usertimems="795.163" systemtimems="47.387" stalltimems="742.506" timestamp="2025-12-10T07:25:33.620" activeThreads="20">
  <mem-info id="2165" free="215844568" total="343408640" percent="62">
    <mem type="nursery" free="168464064" total="187564032" percent="89">
      <mem type="allocate" free="168464064" total="168755200" percent="99" />
      <mem type="survivor" free="0" total="18808832" percent="0" />
    </mem>
    <mem type="tenure" free="47380504" total="155844608" percent="30" micro-fragmented="406304" macro-fragmented="19260884">
      <mem type="soa" free="39587864" total="148051968" percent="26" />
      <mem type="loa" free="7792640" total="7792640" percent="100" />
    </mem>
    <pending-finalizers system="0" default="0" reference="1471" classloader="0" />
    <remembered-set count="1505" />
  </mem-info>
</gc-end>
<cycle-end id="2166" type="global" contextid="2158" timestamp="2025-12-10T07:25:33.622" />
<heap-fixup timems="11.543" reason="class unloading"  timestamp="2025-12-10T07:25:33.622" />
<sys-end id="2167" timestamp="2025-12-10T07:25:33.624" />
<exclusive-end id="2168" timestamp="2025-12-10T07:25:33.625" durationms="174.821" />

<heap-resize id="2169" type="release free pages" space="tenure" amount="47206400" count="1" timems="0.501" reason="idle" timestamp="2025-12-10T07:25:33.626" />
<exclusive-start id="2170" timestamp="2025-12-10T07:30:56.115" intervalms="322665.439">
  <response-info timems="0.112" idlems="0.112" threads="0" lastid="0000000000888100" lastname="Default Executor-thread-197" />
</exclusive-start>
<af-start id="2171" threadId="0000000000888B78" totalBytesRequested="136" timestamp="2025-12-10T07:30:56.122" intervalms="969573.187" type="nursery" />
<cycle-start id="2172" type="scavenge" contextid="0" timestamp="2025-12-10T07:30:56.124" intervalms="969573.759" />
<gc-start id="2173" type="scavenge" contextid="2172" timestamp="2025-12-10T07:30:56.131">
  <mem-info id="2174" free="47380504" total="343408640" percent="13">
    <mem type="nursery" free="0" total="187564032" percent="0">
      <mem type="allocate" free="0" total="168755200" percent="0" />
      <mem type="survivor" free="0" total="18808832" percent="0" />
    </mem>
    <mem type="tenure" free="47380504" total="155844608" percent="30">
      <mem type="soa" free="39587864" total="148051968" percent="26" />
      <mem type="loa" free="7792640" total="7792640" percent="100" />
    </mem>
    <remembered-set count="3453" />
  </mem-info>
</gc-start>
<allocation-stats totalBytes="168411608" discardedBytes="52456" >
  <allocated-bytes non-tlh="11960" tlh="168399648" />
  <largest-consumer threadName="Timer-7" threadId="0000000000FF8F00" bytes="42283928" />
</allocation-stats>
<gc-op id="2175" type="scavenge" timems="28.929" contextid="2172" timestamp="2025-12-10T07:30:56.172">
  <scavenger-info tenureage="6" tenuremask="ffc0" tiltratio="89" />
  <memory-copied type="nursery" objects="3146" bytes="151544" bytesdiscarded="719848" />
  <ownableSynchronizers candidates="46288" cleared="46208" />
  <references type="weak" candidates="77" cleared="0" enqueued="0" />
  <object-monitors candidates="186" cleared="16"  />
</gc-op>
<heap-resize id="2176" type="contract" space="nursery" amount="1966080" count="1" timems="0.235" reason="insufficient time being spent scavenging" timestamp="2025-12-10T07:30:56.183" />
<gc-end id="2177" type="scavenge" contextid="2172" durationms="70.435" usertimems="9.763" systemtimems="14.068" stalltimems="147.208" timestamp="2025-12-10T07:30:56.201" activeThreads="16">
  <mem-info id="2178" free="213560088" total="341442560" percent="62">
    <mem type="nursery" free="166179584" total="185597952" percent="89">
      <mem type="allocate" free="166179584" total="167051264" percent="99" />
      <mem type="survivor" free="0" total="18546688" percent="0" />
    </mem>
    <mem type="tenure" free="47380504" total="155844608" percent="30" macro-fragmented="33282812">
      <mem type="soa" free="39587864" total="148051968" percent="26" />
      <mem type="loa" free="7792640" total="7792640" percent="100" />
    </mem>
    <remembered-set count="2160" />
  </mem-info>
</gc-end>
<cycle-end id="2179" type="scavenge" contextid="2172" timestamp="2025-12-10T07:30:56.214" />
<allocation-satisfied id="2180" threadId="0000000000888100" bytesRequested="136" />
<af-end id="2181" timestamp="2025-12-10T07:30:56.227" threadId="0000000000888B78" success="true" from="nursery"/>
<exclusive-end id="2182" timestamp="2025-12-10T07:30:56.235" durationms="119.279" />

<exclusive-start id="2183" timestamp="2025-12-10T07:32:49.390" intervalms="113274.470">
  <response-info timems="0.060" idlems="0.060" threads="0" lastid="00000000001D0800" lastname="VM Runtime State Listener" />
</exclusive-start>
<sys-start reason="vm idle" id="2184" timestamp="2025-12-10T07:32:49.393" intervalms="435912.749" />
<cycle-start id="2185" type="global" contextid="0" timestamp="2025-12-10T07:32:49.401" intervalms="435911.098" />
<gc-start id="2186" type="global" contextid="2185" timestamp="2025-12-10T07:32:49.406">
  <mem-info id="2187" free="154290832" total="341442560" percent="45">
    <mem type="nursery" free="106910328" total="185597952" percent="57">
      <mem type="allocate" free="106910328" total="167051264" percent="63" />
      <mem type="survivor" free="0" total="18546688" percent="0" />
    </mem>
    <mem type="tenure" free="47380504" total="155844608" percent="30">
      <mem type="soa" free="39587864" total="148051968" percent="26" />
      <mem type="loa" free="7792640" total="7792640" percent="100" />
    </mem>
    <remembered-set count="2213" />
  </mem-info>
</gc-start>
<allocation-stats totalBytes="59251928" discardedBytes="17328" >
  <allocated-bytes non-tlh="136" tlh="59251792" />
  <largest-consumer threadName="Timer-7" threadId="0000000000FF8F00" bytes="13591288" />
</allocation-stats>
<gc-op id="2188" type="mark" timems="91.462" contextid="2185" timestamp="2025-12-10T07:32:49.511">
  <trace-info objectcount="2142646" scancount="1847713" scanbytes="69485880" />
  <finalization candidates="914" enqueued="8" />
  <ownableSynchronizers candidates="19111" cleared="9475" />
  <references type="soft" candidates="14649" cleared="1239" enqueued="864" dynamicThreshold="9" maxThreshold="32" />
  <references type="weak" candidates="17689" cleared="13" enqueued="13" />
  <references type="phantom" candidates="1430" cleared="0" enqueued="0" />
  <stringconstants candidates="55007" cleared="709"  />
  <object-monitors candidates="170" cleared="4"  />
</gc-op>
<gc-op id="2189" type="classunload" timems="2.434" contextid="2185" timestamp="2025-12-10T07:32:49.514">
  <classunload-info classloadercandidates="577" classloadersunloaded="3" classesunloaded="13" anonymousclassesunloaded="10" quiescems="0.000" setupms="2.382" scanms="0.045" postms="0.006" />
</gc-op>
<gc-op id="2190" type="sweep" timems="3.116" contextid="2185" timestamp="2025-12-10T07:32:49.518" />
<mem-info id="2191" free="214290272" total="341442560" percent="62">
  <mem type="nursery" free="166726184" total="185597952" percent="89">
    <mem type="allocate" free="166726184" total="167051264" percent="99" />
    <mem type="survivor" free="0" total="18546688" percent="0" />
  </mem>
  <mem type="tenure" free="47564088" total="155844608" percent="30" micro-fragmented="517796" macro-fragmented="0">
    <mem type="soa" free="39771448" total="148051968" percent="26" />
    <mem type="loa" free="7792640" total="7792640" percent="100" />
  </mem>
  <pending-finalizers system="8" default="0" reference="877" classloader="0" />
  <remembered-set count="753" />
</mem-info>
<gc-op id="2192" type="compact" timems="102.855" contextid="2185" timestamp="2025-12-10T07:32:49.623">
  <compact-info movecount="1179662" movebytes="54765656" reason="compact on aggressive collection" />
</gc-op>
<gc-end id="2193" type="global" contextid="2185" durationms="218.055" usertimems="804.854" systemtimems="17.366" stalltimems="406.561" timestamp="2025-12-10T07:32:49.624" activeThreads="20">
  <mem-info id="2194" free="215039288" total="341442560" percent="62">
    <mem type="nursery" free="166908232" total="185597952" percent="89">
      <mem type="allocate" free="166908232" total="167051264" percent="99" />
      <mem type="survivor" free="0" total="18546688" percent="0" />
    </mem>
    <mem type="tenure" free="48131056" total="155844608" percent="30">
      <mem type="soa" free="40338416" total="148051968" percent="27" />
      <mem type="loa" free="7792640" total="7792640" percent="100" />
    </mem>
    <pending-finalizers system="8" default="0" reference="877" classloader="0" />
    <remembered-set count="753" />
  </mem-info>
</gc-end>
<cycle-end id="2195" type="global" contextid="2185" timestamp="2025-12-10T07:32:49.625" />
<sys-end id="2196" timestamp="2025-12-10T07:32:49.626" />
<exclusive-end id="2197" timestamp="2025-12-10T07:32:49.626" durationms="236.382" />

<heap-resize id="2198" type="release free pages" space="tenure" amount="48087040" count="1" timems="0.291" reason="idle" timestamp="2025-12-10T07:32:49.627" />
<exclusive-start id="2199" timestamp="2025-12-10T07:38:09.857" intervalms="320467.442">
  <response-info timems="0.079" idlems="0.079" threads="0" lastid="0000000001817700" lastname="Default Executor-thread-65" />
</exclusive-start>
<af-start id="2200" threadId="0000000001818178" totalBytesRequested="120" timestamp="2025-12-10T07:38:09.859" intervalms="433736.989" type="nursery" />
<cycle-start id="2201" type="scavenge" contextid="0" timestamp="2025-12-10T07:38:09.861" intervalms="433736.666" />
<gc-start id="2202" type="scavenge" contextid="2201" timestamp="2025-12-10T07:38:09.862">
  <mem-info id="2203" free="48131056" total="341442560" percent="14">
    <mem type="nursery" free="0" total="185597952" percent="0">
      <mem type="allocate" free="0" total="167051264" percent="0" />
      <mem type="survivor" free="0" total="18546688" percent="0" />
    </mem>
    <mem type="tenure" free="48131056" total="155844608" percent="30">
      <mem type="soa" free="40338416" total="148051968" percent="27" />
      <mem type="loa" free="7792640" total="7792640" percent="100" />
    </mem>
    <remembered-set count="1985" />
  </mem-info>
</gc-start>
<allocation-stats totalBytes="166854528" discardedBytes="53704" >
  <allocated-bytes non-tlh="0" tlh="166854528" />
  <largest-consumer threadName="Timer-7" threadId="0000000000FF8F00" bytes="41673248" />
</allocation-stats>
<gc-op id="2204" type="scavenge" timems="22.537" contextid="2201" timestamp="2025-12-10T07:38:09.887">
  <scavenger-info tenureage="5" tenuremask="ffe0" tiltratio="90" />
  <memory-copied type="nursery" objects="3298" bytes="162952" bytesdiscarded="231416" />
  <ownableSynchronizers candidates="46011" cleared="45931" />
  <references type="weak" candidates="73" cleared="0" enqueued="0" />
  <object-monitors candidates="186" cleared="20"  />
</gc-op>
<gc-end id="2205" type="scavenge" contextid="2201" durationms="29.381" usertimems="10.246" systemtimems="6.449" stalltimems="78.913" timestamp="2025-12-10T07:38:09.891" activeThreads="14">
  <mem-info id="2206" free="214722032" total="341442560" percent="62">
    <mem type="nursery" free="166590976" total="185597952" percent="89">
      <mem type="allocate" free="166590976" total="166985728" percent="99" />
      <mem type="survivor" free="0" total="18612224" percent="0" />
    </mem>
    <mem type="tenure" free="48131056" total="155844608" percent="30" macro-fragmented="19260884">
      <mem type="soa" free="40338416" total="148051968" percent="27" />
      <mem type="loa" free="7792640" total="7792640" percent="100" />
    </mem>
    <remembered-set count="1575" />
  </mem-info>
</gc-end>
<cycle-end id="2207" type="scavenge" contextid="2201" timestamp="2025-12-10T07:38:09.893" />
<allocation-satisfied id="2208" threadId="0000000001817700" bytesRequested="120" />
<af-end id="2209" timestamp="2025-12-10T07:38:09.894" threadId="0000000001818178" success="true" from="nursery"/>
<exclusive-end id="2210" timestamp="2025-12-10T07:38:09.895" durationms="37.451" />

<exclusive-start id="2211" timestamp="2025-12-10T07:43:31.870" intervalms="322012.689">
  <response-info timems="0.059" idlems="0.059" threads="0" lastid="000000000180A900" lastname="Default Executor-thread-298" />
</exclusive-start>
<af-start id="2212" threadId="000000000180B378" totalBytesRequested="40" timestamp="2025-12-10T07:43:31.872" intervalms="322012.765" type="nursery" />
<cycle-start id="2213" type="scavenge" contextid="0" timestamp="2025-12-10T07:43:31.873" intervalms="322012.635" />
<gc-start id="2214" type="scavenge" contextid="2213" timestamp="2025-12-10T07:43:31.875">
  <mem-info id="2215" free="48131056" total="341442560" percent="14">
    <mem type="nursery" free="0" total="185597952" percent="0">
      <mem type="allocate" free="0" total="166985728" percent="0" />
      <mem type="survivor" free="0" total="18612224" percent="0" />
    </mem>
    <mem type="tenure" free="48131056" total="155844608" percent="30">
      <mem type="soa" free="40338416" total="148051968" percent="27" />
      <mem type="loa" free="7792640" total="7792640" percent="100" />
    </mem>
    <remembered-set count="1636" />
  </mem-info>
</gc-start>
<allocation-stats totalBytes="166535944" discardedBytes="55032" >
  <allocated-bytes non-tlh="120" tlh="166535824" />
  <largest-consumer threadName="Timer-7" threadId="0000000000FF8F00" bytes="39663232" />
</allocation-stats>
<gc-op id="2216" type="scavenge" timems="27.241" contextid="2213" timestamp="2025-12-10T07:43:31.905">
  <scavenger-info tenureage="6" tenuremask="ffc0" tiltratio="89" />
  <memory-copied type="nursery" objects="3245" bytes="158616" bytesdiscarded="187112" />
  <ownableSynchronizers candidates="27084" cleared="26994" />
  <references type="weak" candidates="74" cleared="2" enqueued="2" />
  <object-monitors candidates="226" cleared="51"  />
</gc-op>
<gc-end id="2217" type="scavenge" contextid="2213" durationms="36.927" usertimems="6.662" systemtimems="7.543" stalltimems="85.469" timestamp="2025-12-10T07:43:31.912" activeThreads="16">
  <mem-info id="2218" free="214770416" total="341442560" percent="62">
    <mem type="nursery" free="166639360" total="185597952" percent="89">
      <mem type="allocate" free="166639360" total="166985728" percent="99" />
      <mem type="survivor" free="0" total="18612224" percent="0" />
    </mem>
    <mem type="tenure" free="48131056" total="155844608" percent="30" macro-fragmented="13375613">
      <mem type="soa" free="40338416" total="148051968" percent="27" />
      <mem type="loa" free="7792640" total="7792640" percent="100" />
    </mem>
    <pending-finalizers system="0" default="0" reference="2" classloader="0" />
    <remembered-set count="1482" />
  </mem-info>
</gc-end>
<cycle-end id="2219" type="scavenge" contextid="2213" timestamp="2025-12-10T07:43:31.914" />
<allocation-satisfied id="2220" threadId="000000000180A900" bytesRequested="40" />
<af-end id="2221" timestamp="2025-12-10T07:43:31.922" threadId="000000000180B378" success="true" from="nursery"/>
<exclusive-end id="2222" timestamp="2025-12-10T07:43:31.924" durationms="53.826" />

<exclusive-start id="2223" timestamp="2025-12-10T07:48:50.466" intervalms="318596.498">
  <response-info timems="0.076" idlems="0.076" threads="0" lastid="0000000000FF8F00" lastname="Timer-7" />
</exclusive-start>
<af-start id="2224" threadId="0000000000FF9978" totalBytesRequested="32" timestamp="2025-12-10T07:48:50.476" intervalms="318604.696" type="nursery" />
<cycle-start id="2225" type="scavenge" contextid="0" timestamp="2025-12-10T07:48:50.484" intervalms="318610.679" />
<gc-start id="2226" type="scavenge" contextid="2225" timestamp="2025-12-10T07:48:50.486">
  <mem-info id="2227" free="48131056" total="341442560" percent="14">
    <mem type="nursery" free="0" total="185597952" percent="0">
      <mem type="allocate" free="0" total="166985728" percent="0" />
      <mem type="survivor" free="0" total="18612224" percent="0" />
    </mem>
    <mem type="tenure" free="48131056" total="155844608" percent="30">
      <mem type="soa" free="40338416" total="148051968" percent="27" />
      <mem type="loa" free="7792640" total="7792640" percent="100" />
    </mem>
    <remembered-set count="1547" />
  </mem-info>
</gc-start>
<allocation-stats totalBytes="166575856" discardedBytes="63504" >
  <allocated-bytes non-tlh="40" tlh="166575816" />
  <largest-consumer threadName="Timer-7" threadId="0000000000FF8F00" bytes="40854352" />
</allocation-stats>
<gc-op id="2228" type="scavenge" timems="48.162" contextid="2225" timestamp="2025-12-10T07:48:50.538">
  <scavenger-info tenureage="7" tenuremask="ff80" tiltratio="89" />
  <memory-copied type="nursery" objects="3153" bytes="155296" bytesdiscarded="438544" />
  <ownableSynchronizers candidates="26799" cleared="26707" />
  <references type="weak" candidates="74" cleared="0" enqueued="0" />
  <object-monitors candidates="235" cleared="58"  />
</gc-op>
<gc-end id="2229" type="scavenge" contextid="2225" durationms="58.705" usertimems="3.890" systemtimems="26.509" stalltimems="92.263" timestamp="2025-12-10T07:48:50.545" activeThreads="20">
  <mem-info id="2230" free="214522352" total="341442560" percent="62">
    <mem type="nursery" free="166391296" total="185597952" percent="89">
      <mem type="allocate" free="166391296" total="166985728" percent="99" />
      <mem type="survivor" free="0" total="18612224" percent="0" />
    </mem>
    <mem type="tenure" free="48131056" total="155844608" percent="30" macro-fragmented="2116">
      <mem type="soa" free="40338416" total="148051968" percent="27" />
      <mem type="loa" free="7792640" total="7792640" percent="100" />
    </mem>
    <remembered-set count="573" />
  </mem-info>
</gc-end>
<cycle-end id="2231" type="scavenge" contextid="2225" timestamp="2025-12-10T07:48:50.547" />
<allocation-satisfied id="2232" threadId="0000000000FF8F00" bytesRequested="32" />
<af-end id="2233" timestamp="2025-12-10T07:48:50.550" threadId="0000000000FF9978" success="true" from="nursery"/>
<exclusive-end id="2234" timestamp="2025-12-10T07:48:50.552" durationms="85.416" />

<exclusive-start id="2235" timestamp="2025-12-10T07:54:13.211" intervalms="322744.777">
  <response-info timems="0.070" idlems="0.070" threads="0" lastid="0000000000859D00" lastname="Default Executor-thread-253" />
</exclusive-start>
<af-start id="2236" threadId="000000000085A778" totalBytesRequested="16" timestamp="2025-12-10T07:54:13.213" intervalms="322737.022" type="nursery" />
<cycle-start id="2237" type="scavenge" contextid="0" timestamp="2025-12-10T07:54:13.216" intervalms="322732.285" />
<gc-start id="2238" type="scavenge" contextid="2237" timestamp="2025-12-10T07:54:13.218">
  <mem-info id="2239" free="48131056" total="341442560" percent="14">
    <mem type="nursery" free="0" total="185597952" percent="0">
      <mem type="allocate" free="0" total="166985728" percent="0" />
      <mem type="survivor" free="0" total="18612224" percent="0" />
    </mem>
    <mem type="tenure" free="48131056" total="155844608" percent="30">
      <mem type="soa" free="40338416" total="148051968" percent="27" />
      <mem type="loa" free="7792640" total="7792640" percent="100" />
    </mem>
    <remembered-set count="631" />
  </mem-info>
</gc-start>
<allocation-stats totalBytes="166341000" discardedBytes="50296" >
  <allocated-bytes non-tlh="32" tlh="166340968" />
  <largest-consumer threadName="Timer-7" threadId="0000000000FF8F00" bytes="40469688" />
</allocation-stats>
<gc-op id="2240" type="scavenge" timems="15.932" contextid="2237" timestamp="2025-12-10T07:54:13.236">
  <scavenger-info tenureage="4" tenuremask="fff0" tiltratio="89" />
  <memory-copied type="nursery" objects="2420" bytes="126120" bytesdiscarded="451184" />
  <memory-copied type="tenure" objects="709" bytes="29112" bytesdiscarded="8" />
  <ownableSynchronizers candidates="27094" cleared="27002" />
  <references type="weak" candidates="28" cleared="0" enqueued="0" />
  <object-monitors candidates="177" cleared="0"  />
</gc-op>
<gc-end id="2241" type="scavenge" contextid="2237" durationms="18.693" usertimems="5.999" systemtimems="11.714" stalltimems="100.937" timestamp="2025-12-10T07:54:13.237" activeThreads="20">
  <mem-info id="2242" free="214387952" total="341442560" percent="62">
    <mem type="nursery" free="166408192" total="185597952" percent="89">
      <mem type="allocate" free="166408192" total="166985728" percent="99" />
      <mem type="survivor" free="0" total="18612224" percent="0" />
    </mem>
    <mem type="tenure" free="47979760" total="155844608" percent="30" macro-fragmented="33282812">
      <mem type="soa" free="40187120" total="148051968" percent="27" />
      <mem type="loa" free="7792640" total="7792640" percent="100" />
    </mem>
    <remembered-set count="525" />
  </mem-info>
</gc-end>
<cycle-end id="2243" type="scavenge" contextid="2237" timestamp="2025-12-10T07:54:13.238" />
<allocation-satisfied id="2244" threadId="0000000000859D00" bytesRequested="16" />
<af-end id="2245" timestamp="2025-12-10T07:54:13.239" threadId="000000000085A778" success="true" from="nursery"/>
<exclusive-end id="2246" timestamp="2025-12-10T07:54:13.239" durationms="28.077" />

<exclusive-start id="2247" timestamp="2025-12-10T07:59:35.477" intervalms="322265.749">
  <response-info timems="0.087" idlems="0.087" threads="0" lastid="0000000000FF8F00" lastname="Timer-7" />
</exclusive-start>
<af-start id="2248" threadId="0000000000FF9978" totalBytesRequested="1160" timestamp="2025-12-10T07:59:35.478" intervalms="322265.128" type="nursery" />
<cycle-start id="2249" type="scavenge" contextid="0" timestamp="2025-12-10T07:59:35.480" intervalms="322263.668" />
<gc-start id="2250" type="scavenge" contextid="2249" timestamp="2025-12-10T07:59:35.481">
  <mem-info id="2251" free="47979760" total="341442560" percent="14">
    <mem type="nursery" free="0" total="185597952" percent="0">
      <mem type="allocate" free="0" total="166985728" percent="0" />
      <mem type="survivor" free="0" total="18612224" percent="0" />
    </mem>
    <mem type="tenure" free="47979760" total="155844608" percent="30">
      <mem type="soa" free="40187120" total="148051968" percent="27" />
      <mem type="loa" free="7792640" total="7792640" percent="100" />
    </mem>
    <remembered-set count="591" />
  </mem-info>
</gc-start>
<allocation-stats totalBytes="166364344" discardedBytes="43848" >
  <allocated-bytes non-tlh="16" tlh="166364328" />
  <largest-consumer threadName="Timer-7" threadId="0000000000FF8F00" bytes="40534032" />
</allocation-stats>
<gc-op id="2252" type="scavenge" timems="27.860" contextid="2249" timestamp="2025-12-10T07:59:35.512">
  <scavenger-info tenureage="3" tenuremask="fe88" tiltratio="89" />
  <memory-copied type="nursery" objects="2348" bytes="151472" bytesdiscarded="595528" />
  <memory-copied type="tenure" objects="104" bytes="5768" bytesdiscarded="0" />
  <ownableSynchronizers candidates="27045" cleared="26958" />
  <references type="weak" candidates="22" cleared="1" enqueued="1" />
  <references type="phantom" candidates="1" cleared="0" enqueued="0" />
  <object-monitors candidates="177" cleared="0"  />
</gc-op>
<gc-end id="2253" type="scavenge" contextid="2249" durationms="34.220" usertimems="19.637" systemtimems="16.899" stalltimems="191.459" timestamp="2025-12-10T07:59:35.515" activeThreads="20">
  <mem-info id="2254" free="214013128" total="341442560" percent="62">
    <mem type="nursery" free="166238544" total="185597952" percent="89">
      <mem type="allocate" free="166238544" total="166985728" percent="99" />
      <mem type="survivor" free="0" total="18612224" percent="0" />
    </mem>
    <mem type="tenure" free="47774584" total="155844608" percent="30" macro-fragmented="0">
      <mem type="soa" free="39981944" total="148051968" percent="27" />
      <mem type="loa" free="7792640" total="7792640" percent="100" />
    </mem>
    <pending-finalizers system="0" default="0" reference="1" classloader="0" />
    <remembered-set count="560" />
  </mem-info>
</gc-end>
<cycle-end id="2255" type="scavenge" contextid="2249" timestamp="2025-12-10T07:59:35.517" />
<allocation-satisfied id="2256" threadId="0000000000FF8F00" bytesRequested="1160" />
<af-end id="2257" timestamp="2025-12-10T07:59:35.519" threadId="0000000000FF9978" success="true" from="nursery"/>
<exclusive-end id="2258" timestamp="2025-12-10T07:59:35.520" durationms="43.128" />

<exclusive-start id="2259" timestamp="2025-12-10T08:04:56.486" intervalms="321008.610">
  <response-info timems="0.069" idlems="0.069" threads="0" lastid="00000000005F3B00" lastname="Default Executor-thread-359" />
</exclusive-start>
<af-start id="2260" threadId="00000000005F4578" totalBytesRequested="32" timestamp="2025-12-10T08:04:56.487" intervalms="321008.621" type="nursery" />
<cycle-start id="2261" type="scavenge" contextid="0" timestamp="2025-12-10T08:04:56.488" intervalms="321008.395" />
<gc-start id="2262" type="scavenge" contextid="2261" timestamp="2025-12-10T08:04:56.490">
  <mem-info id="2263" free="47774584" total="341442560" percent="13">
    <mem type="nursery" free="0" total="185597952" percent="0">
      <mem type="allocate" free="0" total="166985728" percent="0" />
      <mem type="survivor" free="0" total="18612224" percent="0" />
    </mem>
    <mem type="tenure" free="47774584" total="155844608" percent="30">
      <mem type="soa" free="39981944" total="148051968" percent="27" />
      <mem type="loa" free="7792640" total="7792640" percent="100" />
    </mem>
    <remembered-set count="620" />
  </mem-info>
</gc-start>
<allocation-stats totalBytes="166198480" discardedBytes="40064" >
  <allocated-bytes non-tlh="1160" tlh="166197320" />
  <largest-consumer threadName="Timer-7" threadId="0000000000FF8F00" bytes="41213032" />
</allocation-stats>
<gc-op id="2264" type="scavenge" timems="18.494" contextid="2261" timestamp="2025-12-10T08:04:56.511">
  <scavenger-info tenureage="5" tenuremask="ffe0" tiltratio="89" />
  <memory-copied type="nursery" objects="2421" bytes="148144" bytesdiscarded="568488" />
  <memory-copied type="tenure" objects="16" bytes="1824" bytesdiscarded="0" />
  <ownableSynchronizers candidates="26930" cleared="26851" />
  <references type="weak" candidates="20" cleared="0" enqueued="0" />
  <references type="phantom" candidates="1" cleared="0" enqueued="0" />
  <object-monitors candidates="177" cleared="0"  />
</gc-op>
<gc-end id="2265" type="scavenge" contextid="2261" durationms="23.338" usertimems="5.403" systemtimems="14.509" stalltimems="185.267" timestamp="2025-12-10T08:04:56.513" activeThreads="20">
  <mem-info id="2266" free="213995888" total="341442560" percent="62">
    <mem type="nursery" free="166268920" total="185597952" percent="89">
      <mem type="allocate" free="166268920" total="166985728" percent="99" />
      <mem type="survivor" free="0" total="18612224" percent="0" />
    </mem>
    <mem type="tenure" free="47726968" total="155844608" percent="30" macro-fragmented="23113062">
      <mem type="soa" free="39934328" total="148051968" percent="26" />
      <mem type="loa" free="7792640" total="7792640" percent="100" />
    </mem>
    <remembered-set count="561" />
  </mem-info>
</gc-end>
<cycle-end id="2267" type="scavenge" contextid="2261" timestamp="2025-12-10T08:04:56.515" />
<allocation-satisfied id="2268" threadId="00000000005F3B00" bytesRequested="32" />
<af-end id="2269" timestamp="2025-12-10T08:04:56.516" threadId="00000000005F4578" success="true" from="nursery"/>
<exclusive-end id="2270" timestamp="2025-12-10T08:04:56.516" durationms="30.655" />

<exclusive-start id="2271" timestamp="2025-12-10T08:10:17.911" intervalms="321425.444">
  <response-info timems="0.059" idlems="0.059" threads="0" lastid="0000000000836400" lastname="Default Executor-thread-344" />
</exclusive-start>
<af-start id="2272" threadId="0000000000836E78" totalBytesRequested="128" timestamp="2025-12-10T08:10:17.912" intervalms="321425.066" type="nursery" />
<cycle-start id="2273" type="scavenge" contextid="0" timestamp="2025-12-10T08:10:17.913" intervalms="321424.551" />
<gc-start id="2274" type="scavenge" contextid="2273" timestamp="2025-12-10T08:10:17.914">
  <mem-info id="2275" free="47726968" total="341442560" percent="13">
    <mem type="nursery" free="0" total="185597952" percent="0">
      <mem type="allocate" free="0" total="166985728" percent="0" />
      <mem type="survivor" free="0" total="18612224" percent="0" />
    </mem>
    <mem type="tenure" free="47726968" total="155844608" percent="30">
      <mem type="soa" free="39934328" total="148051968" percent="26" />
      <mem type="loa" free="7792640" total="7792640" percent="100" />
    </mem>
    <remembered-set count="621" />
  </mem-info>
</gc-start>
<allocation-stats totalBytes="166215336" discardedBytes="53584" >
  <allocated-bytes non-tlh="32" tlh="166215304" />
  <largest-consumer threadName="Timer-7" threadId="0000000000FF8F00" bytes="40021720" />
</allocation-stats>
<gc-op id="2276" type="scavenge" timems="27.064" contextid="2273" timestamp="2025-12-10T08:10:17.942">
  <scavenger-info tenureage="4" tenuremask="ffb0" tiltratio="89" />
  <memory-copied type="nursery" objects="2395" bytes="144608" bytesdiscarded="77160" />
  <memory-copied type="tenure" objects="128" bytes="8096" bytesdiscarded="0" />
  <ownableSynchronizers candidates="26998" cleared="26913" />
  <references type="weak" candidates="18" cleared="0" enqueued="0" />
  <references type="phantom" candidates="1" cleared="0" enqueued="0" />
  <object-monitors candidates="197" cleared="13"  />
</gc-op>
<gc-end id="2277" type="scavenge" contextid="2273" durationms="34.282" usertimems="8.458" systemtimems="9.800" stalltimems="113.390" timestamp="2025-12-10T08:10:17.948" activeThreads="18">
  <mem-info id="2278" free="214419824" total="341442560" percent="62">
    <mem type="nursery" free="166763512" total="185597952" percent="89">
      <mem type="allocate" free="166763512" total="166985728" percent="99" />
      <mem type="survivor" free="0" total="18612224" percent="0" />
    </mem>
    <mem type="tenure" free="47656312" total="155844608" percent="30" macro-fragmented="145680">
      <mem type="soa" free="39863672" total="148051968" percent="26" />
      <mem type="loa" free="7792640" total="7792640" percent="100" />
    </mem>
    <remembered-set count="600" />
  </mem-info>
</gc-end>
<cycle-end id="2279" type="scavenge" contextid="2273" timestamp="2025-12-10T08:10:17.949" />
<allocation-satisfied id="2280" threadId="0000000000836400" bytesRequested="128" />
<af-end id="2281" timestamp="2025-12-10T08:10:17.951" threadId="0000000000836E78" success="true" from="nursery"/>
<exclusive-end id="2282" timestamp="2025-12-10T08:10:17.952" durationms="41.037" />

<exclusive-start id="2283" timestamp="2025-12-10T08:14:29.508" intervalms="251597.403">
  <response-info timems="0.116" idlems="0.116" threads="0" lastid="00000000001D0800" lastname="VM Runtime State Listener" />
</exclusive-start>
<sys-start reason="vm idle" id="2284" timestamp="2025-12-10T08:14:29.510" intervalms="2500117.142" />
<cycle-start id="2285" type="global" contextid="0" timestamp="2025-12-10T08:14:29.512" intervalms="2500110.317" />
<gc-start id="2286" type="global" contextid="2285" timestamp="2025-12-10T08:14:29.514">
  <mem-info id="2287" free="83609840" total="341442560" percent="24">
    <mem type="nursery" free="35953528" total="185597952" percent="19">
      <mem type="allocate" free="35953528" total="166985728" percent="21" />
      <mem type="survivor" free="0" total="18612224" percent="0" />
    </mem>
    <mem type="tenure" free="47656312" total="155844608" percent="30">
      <mem type="soa" free="39863672" total="148051968" percent="26" />
      <mem type="loa" free="7792640" total="7792640" percent="100" />
    </mem>
    <remembered-set count="655" />
  </mem-info>
</gc-start>
<allocation-stats totalBytes="130773048" discardedBytes="36936" >
  <allocated-bytes non-tlh="128" tlh="130772920" />
  <largest-consumer threadName="Timer-7" threadId="0000000000FF8F00" bytes="32085368" />
</allocation-stats>
<gc-op id="2288" type="mark" timems="81.954" contextid="2285" timestamp="2025-12-10T08:14:29.598">
  <trace-info objectcount="2138470" scancount="1843688" scanbytes="69362372" />
  <finalization candidates="906" enqueued="0" />
  <ownableSynchronizers candidates="30692" cleared="21057" />
  <references type="soft" candidates="13410" cleared="81" enqueued="81" dynamicThreshold="9" maxThreshold="32" />
  <references type="weak" candidates="17527" cleared="25" enqueued="25" />
  <references type="phantom" candidates="1430" cleared="0" enqueued="0" />
  <stringconstants candidates="54298" cleared="97"  />
  <object-monitors candidates="184" cleared="18"  />
</gc-op>
<gc-op id="2289" type="classunload" timems="2.804" contextid="2285" timestamp="2025-12-10T08:14:29.601">
  <classunload-info classloadercandidates="574" classloadersunloaded="0" classesunloaded="8" anonymousclassesunloaded="8" quiescems="0.000" setupms="2.764" scanms="0.039" postms="0.000" />
</gc-op>
<gc-op id="2290" type="sweep" timems="3.226" contextid="2285" timestamp="2025-12-10T08:14:29.605" />
<gc-end id="2291" type="global" contextid="2285" durationms="102.611" usertimems="515.326" systemtimems="117.101" stalltimems="629.993" timestamp="2025-12-10T08:14:29.616" activeThreads="20">
  <mem-info id="2292" free="214841296" total="341442560" percent="62">
    <mem type="nursery" free="166697064" total="185597952" percent="89">
      <mem type="allocate" free="166697064" total="166985728" percent="99" />
      <mem type="survivor" free="0" total="18612224" percent="0" />
    </mem>
    <mem type="tenure" free="48144232" total="155844608" percent="30" micro-fragmented="86898" macro-fragmented="33282812">
      <mem type="soa" free="40351592" total="148051968" percent="27" />
      <mem type="loa" free="7792640" total="7792640" percent="100" />
    </mem>
    <pending-finalizers system="0" default="0" reference="106" classloader="0" />
    <remembered-set count="625" />
  </mem-info>
</gc-end>
<cycle-end id="2293" type="global" contextid="2285" timestamp="2025-12-10T08:14:29.617" />
<heap-fixup timems="9.563" reason="class unloading"  timestamp="2025-12-10T08:14:29.617" />
<sys-end id="2294" timestamp="2025-12-10T08:14:29.618" />
<exclusive-end id="2295" timestamp="2025-12-10T08:14:29.619" durationms="110.488" />

<heap-resize id="2296" type="release free pages" space="tenure" amount="48009216" count="1" timems="0.675" reason="idle" timestamp="2025-12-10T08:14:29.620" />
<exclusive-start id="2297" timestamp="2025-12-10T08:19:50.687" intervalms="321178.290">
  <response-info timems="0.077" idlems="0.077" threads="0" lastid="000000000180C100" lastname="Default Executor-thread-362" />
</exclusive-start>
<af-start id="2298" threadId="000000000180CB78" totalBytesRequested="136" timestamp="2025-12-10T08:19:50.727" intervalms="572814.877" type="nursery" />
<cycle-start id="2299" type="scavenge" contextid="0" timestamp="2025-12-10T08:19:50.757" intervalms="572844.700" />
<gc-start id="2300" type="scavenge" contextid="2299" timestamp="2025-12-10T08:19:50.759">
  <mem-info id="2301" free="48144232" total="341442560" percent="14">
    <mem type="nursery" free="0" total="185597952" percent="0">
      <mem type="allocate" free="0" total="166985728" percent="0" />
      <mem type="survivor" free="0" total="18612224" percent="0" />
    </mem>
    <mem type="tenure" free="48144232" total="155844608" percent="30">
      <mem type="soa" free="40351592" total="148051968" percent="27" />
      <mem type="loa" free="7792640" total="7792640" percent="100" />
    </mem>
    <remembered-set count="836" />
  </mem-info>
</gc-start>
<allocation-stats totalBytes="166647032" discardedBytes="50032" >
  <allocated-bytes non-tlh="3088" tlh="166643944" />
  <largest-consumer threadName="Timer-7" threadId="0000000000FF8F00" bytes="41492632" />
</allocation-stats>
<gc-op id="2302" type="scavenge" timems="19.978" contextid="2299" timestamp="2025-12-10T08:19:50.802">
  <scavenger-info tenureage="4" tenuremask="ffd0" tiltratio="89" />
  <memory-copied type="nursery" objects="2544" bytes="155360" bytesdiscarded="93576" />
  <ownableSynchronizers candidates="46136" cleared="46060" />
  <references type="weak" candidates="18" cleared="0" enqueued="0" />
  <references type="phantom" candidates="1" cleared="0" enqueued="0" />
  <object-monitors candidates="166" cleared="0"  />
</gc-op>
<gc-end id="2303" type="scavenge" contextid="2299" durationms="53.354" usertimems="3.801" systemtimems="9.732" stalltimems="89.152" timestamp="2025-12-10T08:19:50.812" activeThreads="20">
  <mem-info id="2304" free="214880864" total="341442560" percent="62">
    <mem type="nursery" free="166736632" total="185597952" percent="89">
      <mem type="allocate" free="166736632" total="166985728" percent="99" />
      <mem type="survivor" free="0" total="18612224" percent="0" />
    </mem>
    <mem type="tenure" free="48144232" total="155844608" percent="30" macro-fragmented="19260884">
      <mem type="soa" free="40351592" total="148051968" percent="27" />
      <mem type="loa" free="7792640" total="7792640" percent="100" />
    </mem>
    <remembered-set count="681" />
  </mem-info>
</gc-end>
<cycle-end id="2305" type="scavenge" contextid="2299" timestamp="2025-12-10T08:19:50.838" />
<allocation-satisfied id="2306" threadId="000000000180C100" bytesRequested="136" />
<af-end id="2307" timestamp="2025-12-10T08:19:50.841" threadId="000000000180CB78" success="true" from="nursery"/>
<exclusive-end id="2308" timestamp="2025-12-10T08:19:50.842" durationms="155.062" />

<exclusive-start id="2309" timestamp="2025-12-10T08:21:00.519" intervalms="69832.726">
  <response-info timems="0.074" idlems="0.074" threads="0" lastid="00000000001D0800" lastname="VM Runtime State Listener" />
</exclusive-start>
<sys-start reason="vm idle" id="2310" timestamp="2025-12-10T08:21:00.520" intervalms="391010.092" />
<cycle-start id="2311" type="global" contextid="0" timestamp="2025-12-10T08:21:00.521" intervalms="391009.586" />
<gc-start id="2312" type="global" contextid="2311" timestamp="2025-12-10T08:21:00.522">
  <mem-info id="2313" free="178532824" total="341442560" percent="52">
    <mem type="nursery" free="130388592" total="185597952" percent="70">
      <mem type="allocate" free="130388592" total="166985728" percent="78" />
      <mem type="survivor" free="0" total="18612224" percent="0" />
    </mem>
    <mem type="tenure" free="48144232" total="155844608" percent="30">
      <mem type="soa" free="40351592" total="148051968" percent="27" />
      <mem type="loa" free="7792640" total="7792640" percent="100" />
    </mem>
    <remembered-set count="737" />
  </mem-info>
</gc-start>
<allocation-stats totalBytes="36335392" discardedBytes="12648" >
  <allocated-bytes non-tlh="136" tlh="36335256" />
  <largest-consumer threadName="Timer-7" threadId="0000000000FF8F00" bytes="7837656" />
</allocation-stats>
<gc-op id="2314" type="mark" timems="53.659" contextid="2311" timestamp="2025-12-10T08:21:00.578">
  <trace-info objectcount="2136610" scancount="1842082" scanbytes="69301432" />
  <finalization candidates="906" enqueued="0" />
  <ownableSynchronizers candidates="15474" cleared="5839" />
  <references type="soft" candidates="13323" cleared="608" enqueued="604" dynamicThreshold="9" maxThreshold="32" />
  <references type="weak" candidates="17502" cleared="7" enqueued="7" />
  <references type="phantom" candidates="1430" cleared="0" enqueued="0" />
  <stringconstants candidates="54201" cleared="23"  />
  <object-monitors candidates="166" cleared="0"  />
</gc-op>
<gc-op id="2315" type="classunload" timems="2.326" contextid="2311" timestamp="2025-12-10T08:21:00.582">
  <classunload-info classloadercandidates="574" classloadersunloaded="1" classesunloaded="7" anonymousclassesunloaded="6" quiescems="0.000" setupms="2.294" scanms="0.029" postms="0.002" />
</gc-op>
<gc-op id="2316" type="sweep" timems="2.540" contextid="2311" timestamp="2025-12-10T08:21:00.585" />
<mem-info id="2317" free="214829792" total="341442560" percent="62">
  <mem type="nursery" free="166657376" total="185597952" percent="89">
    <mem type="allocate" free="166657376" total="166985728" percent="99" />
    <mem type="survivor" free="0" total="18612224" percent="0" />
  </mem>
  <mem type="tenure" free="48172416" total="155844608" percent="30" micro-fragmented="157916" macro-fragmented="35476192">
    <mem type="soa" free="40379776" total="148051968" percent="27" />
    <mem type="loa" free="7792640" total="7792640" percent="100" />
  </mem>
  <pending-finalizers system="0" default="0" reference="611" classloader="0" />
  <remembered-set count="642" />
</mem-info>
<gc-op id="2318" type="compact" timems="123.678" contextid="2311" timestamp="2025-12-10T08:21:00.710">
  <compact-info movecount="2058317" movebytes="103468240" reason="compact on aggressive collection" />
</gc-op>
<gc-end id="2319" type="global" contextid="2311" durationms="188.825" usertimems="1118.255" systemtimems="26.443" stalltimems="414.374" timestamp="2025-12-10T08:21:00.711" activeThreads="20">
  <mem-info id="2320" free="215170960" total="341442560" percent="63">
    <mem type="nursery" free="166842904" total="185597952" percent="89">
      <mem type="allocate" free="166842904" total="166985728" percent="99" />
      <mem type="survivor" free="0" total="18612224" percent="0" />
    </mem>
    <mem type="tenure" free="48328056" total="155844608" percent="31">
      <mem type="soa" free="40535416" total="148051968" percent="27" />
      <mem type="loa" free="7792640" total="7792640" percent="100" />
    </mem>
    <pending-finalizers system="0" default="0" reference="611" classloader="0" />
    <remembered-set count="642" />
  </mem-info>
</gc-end>
<cycle-end id="2321" type="global" contextid="2311" timestamp="2025-12-10T08:21:00.712" />
<sys-end id="2322" timestamp="2025-12-10T08:21:00.712" />
<exclusive-end id="2323" timestamp="2025-12-10T08:21:00.713" durationms="193.407" />

<heap-resize id="2324" type="release free pages" space="tenure" amount="48287744" count="1" timems="0.422" reason="idle" timestamp="2025-12-10T08:21:00.714" />
<exclusive-start id="2325" timestamp="2025-12-10T08:24:48.519" intervalms="227999.768">
  <response-info timems="0.072" idlems="0.072" threads="0" lastid="00000000001D0800" lastname="VM Runtime State Listener" />
</exclusive-start>
<sys-start reason="vm idle" id="2326" timestamp="2025-12-10T08:24:48.523" intervalms="228002.665" />
<cycle-start id="2327" type="global" contextid="0" timestamp="2025-12-10T08:24:48.527" intervalms="228005.686" />
<gc-start id="2328" type="global" contextid="2327" timestamp="2025-12-10T08:24:48.529">
  <mem-info id="2329" free="97256632" total="341442560" percent="28">
    <mem type="nursery" free="48928576" total="185597952" percent="26">
      <mem type="allocate" free="48928576" total="166985728" percent="29" />
      <mem type="survivor" free="0" total="18612224" percent="0" />
    </mem>
    <mem type="tenure" free="48328056" total="155844608" percent="31">
      <mem type="soa" free="40535416" total="148051968" percent="27" />
      <mem type="loa" free="7792640" total="7792640" percent="100" />
    </mem>
    <remembered-set count="1642" />
  </mem-info>
</gc-start>
<allocation-stats totalBytes="117876496" discardedBytes="37832" >
  <allocated-bytes non-tlh="0" tlh="117876496" />
  <largest-consumer threadName="Timer-7" threadId="0000000000FF8F00" bytes="28369040" />
</allocation-stats>
<gc-op id="2330" type="mark" timems="66.790" contextid="2327" timestamp="2025-12-10T08:24:48.600">
  <trace-info objectcount="2133865" scancount="1839590" scanbytes="69220200" />
  <finalization candidates="906" enqueued="0" />
  <ownableSynchronizers candidates="28713" cleared="19078" />
  <references type="soft" candidates="12715" cleared="0" enqueued="0" dynamicThreshold="9" maxThreshold="32" />
  <references type="weak" candidates="17495" cleared="0" enqueued="0" />
  <references type="phantom" candidates="1430" cleared="0" enqueued="0" />
  <stringconstants candidates="54178" cleared="246"  />
  <object-monitors candidates="166" cleared="0"  />
</gc-op>
<gc-op id="2331" type="classunload" timems="0.048" contextid="2327" timestamp="2025-12-10T08:24:48.602">
  <classunload-info classloadercandidates="573" classloadersunloaded="0" classesunloaded="0" anonymousclassesunloaded="0" quiescems="0.000" setupms="0.048" scanms="0.000" postms="0.000" />
</gc-op>
<gc-op id="2332" type="sweep" timems="2.403" contextid="2327" timestamp="2025-12-10T08:24:48.605" />
<gc-end id="2333" type="global" contextid="2327" durationms="76.932" usertimems="373.012" systemtimems="48.732" stalltimems="532.801" timestamp="2025-12-10T08:24:48.606" activeThreads="20">
  <mem-info id="2334" free="215065488" total="341442560" percent="62">
    <mem type="nursery" free="166697024" total="185597952" percent="89">
      <mem type="allocate" free="166697024" total="166985728" percent="99" />
      <mem type="survivor" free="0" total="18612224" percent="0" />
    </mem>
    <mem type="tenure" free="48368464" total="155844608" percent="31" micro-fragmented="42067" macro-fragmented="27735676">
      <mem type="soa" free="40575824" total="148051968" percent="27" />
      <mem type="loa" free="7792640" total="7792640" percent="100" />
    </mem>
    <remembered-set count="830" />
  </mem-info>
</gc-end>
<cycle-end id="2335" type="global" contextid="2327" timestamp="2025-12-10T08:24:48.607" />
<sys-end id="2336" timestamp="2025-12-10T08:24:48.607" />
<exclusive-end id="2337" timestamp="2025-12-10T08:24:48.608" durationms="88.473" />

<heap-resize id="2338" type="release free pages" space="tenure" amount="48304128" count="1" timems="0.090" reason="idle" timestamp="2025-12-10T08:24:48.608" />
<exclusive-start id="2339" timestamp="2025-12-10T08:29:33.523" intervalms="285004.294">
  <response-info timems="0.116" idlems="0.116" threads="0" lastid="00000000001D0800" lastname="VM Runtime State Listener" />
</exclusive-start>
<sys-start reason="vm idle" id="2340" timestamp="2025-12-10T08:29:33.526" intervalms="285002.524" />
<cycle-start id="2341" type="global" contextid="0" timestamp="2025-12-10T08:29:33.527" intervalms="285000.434" />
<gc-start id="2342" type="global" contextid="2341" timestamp="2025-12-10T08:29:33.529">
  <mem-info id="2343" free="67218656" total="341442560" percent="19">
    <mem type="nursery" free="18850192" total="185597952" percent="10">
      <mem type="allocate" free="18850192" total="166985728" percent="11" />
      <mem type="survivor" free="0" total="18612224" percent="0" />
    </mem>
    <mem type="tenure" free="48368464" total="155844608" percent="31">
      <mem type="soa" free="40575824" total="148051968" percent="27" />
      <mem type="loa" free="7792640" total="7792640" percent="100" />
    </mem>
    <remembered-set count="830" />
  </mem-info>
</gc-start>
<allocation-stats totalBytes="147801912" discardedBytes="44920" >
  <allocated-bytes non-tlh="0" tlh="147801912" />
  <largest-consumer threadName="Timer-7" threadId="0000000000FF8F00" bytes="36114128" />
</allocation-stats>
<gc-op id="2344" type="mark" timems="93.657" contextid="2341" timestamp="2025-12-10T08:29:33.627">
  <trace-info objectcount="2118048" scancount="1826379" scanbytes="68762124" />
  <finalization candidates="906" enqueued="5" />
  <ownableSynchronizers candidates="33474" cleared="23839" />
  <references type="soft" candidates="12703" cleared="2483" enqueued="2382" dynamicThreshold="9" maxThreshold="32" />
  <references type="weak" candidates="17495" cleared="44" enqueued="11" />
  <references type="phantom" candidates="1430" cleared="0" enqueued="0" />
  <stringconstants candidates="53932" cleared="88"  />
  <object-monitors candidates="166" cleared="0"  />
</gc-op>
<gc-op id="2345" type="classunload" timems="3.760" contextid="2341" timestamp="2025-12-10T08:29:33.632">
  <classunload-info classloadercandidates="573" classloadersunloaded="4" classesunloaded="15" anonymousclassesunloaded="11" quiescems="0.000" setupms="3.657" scanms="0.092" postms="0.010" />
</gc-op>
<gc-op id="2346" type="sweep" timems="5.663" contextid="2341" timestamp="2025-12-10T08:29:33.639" />
<mem-info id="2347" free="215411696" total="341442560" percent="63">
  <mem type="nursery" free="166694128" total="185597952" percent="89">
    <mem type="allocate" free="166694128" total="166985728" percent="99" />
    <mem type="survivor" free="0" total="18612224" percent="0" />
  </mem>
  <mem type="tenure" free="48717568" total="155844608" percent="31" micro-fragmented="220674" macro-fragmented="0">
    <mem type="soa" free="40924928" total="148051968" percent="27" />
    <mem type="loa" free="7792640" total="7792640" percent="100" />
  </mem>
  <pending-finalizers system="5" default="0" reference="2393" classloader="0" />
  <remembered-set count="830" />
</mem-info>
<gc-op id="2348" type="compact" timems="232.601" contextid="2341" timestamp="2025-12-10T08:29:33.873">
  <compact-info movecount="2055504" movebytes="103674320" reason="compact on aggressive collection" />
</gc-op>
<gc-end id="2349" type="global" contextid="2341" durationms="345.147" usertimems="2366.987" systemtimems="0.000" stalltimems="814.745" timestamp="2025-12-10T08:29:33.874" activeThreads="20">
  <mem-info id="2350" free="215828800" total="341442560" percent="63">
    <mem type="nursery" free="166842664" total="185597952" percent="89">
      <mem type="allocate" free="166842664" total="166985728" percent="99" />
      <mem type="survivor" free="0" total="18612224" percent="0" />
    </mem>
    <mem type="tenure" free="48986136" total="155844608" percent="31">
      <mem type="soa" free="41193496" total="148051968" percent="27" />
      <mem type="loa" free="7792640" total="7792640" percent="100" />
    </mem>
    <pending-finalizers system="5" default="0" reference="2393" classloader="0" />
    <remembered-set count="830" />
  </mem-info>
</gc-end>
<cycle-end id="2351" type="global" contextid="2341" timestamp="2025-12-10T08:29:33.875" />
<sys-end id="2352" timestamp="2025-12-10T08:29:33.876" />
<exclusive-end id="2353" timestamp="2025-12-10T08:29:33.877" durationms="353.165" />

<heap-resize id="2354" type="release free pages" space="tenure" amount="48947200" count="1" timems="0.194" reason="idle" timestamp="2025-12-10T08:29:33.878" />
<exclusive-start id="2355" timestamp="2025-12-10T08:34:03.530" intervalms="270006.229">
  <response-info timems="0.118" idlems="0.118" threads="0" lastid="00000000001D0800" lastname="VM Runtime State Listener" />
</exclusive-start>
<sys-start reason="vm idle" id="2356" timestamp="2025-12-10T08:34:03.532" intervalms="270006.197" />
<cycle-start id="2357" type="global" contextid="0" timestamp="2025-12-10T08:34:03.534" intervalms="270006.270" />
<gc-start id="2358" type="global" contextid="2357" timestamp="2025-12-10T08:34:03.536">
  <mem-info id="2359" free="76210544" total="341442560" percent="22">
    <mem type="nursery" free="27224408" total="185597952" percent="14">
      <mem type="allocate" free="27224408" total="166985728" percent="16" />
      <mem type="survivor" free="0" total="18612224" percent="0" />
    </mem>
    <mem type="tenure" free="48986136" total="155844608" percent="31">
      <mem type="soa" free="41193496" total="148051968" percent="27" />
      <mem type="loa" free="7792640" total="7792640" percent="100" />
    </mem>
    <remembered-set count="4459" />
  </mem-info>
</gc-start>
<allocation-stats totalBytes="139579888" discardedBytes="38368" >
  <allocated-bytes non-tlh="0" tlh="139579888" />
  <largest-consumer threadName="Timer-7" threadId="0000000000FF8F00" bytes="34101760" />
</allocation-stats>
<gc-op id="2360" type="mark" timems="107.287" contextid="2357" timestamp="2025-12-10T08:34:03.646">
  <trace-info objectcount="2108182" scancount="1816987" scanbytes="68468864" />
  <finalization candidates="901" enqueued="0" />
  <ownableSynchronizers candidates="32203" cleared="22568" />
  <references type="soft" candidates="10220" cleared="0" enqueued="0" dynamicThreshold="10" maxThreshold="32" />
  <references type="weak" candidates="17451" cleared="0" enqueued="0" />
  <references type="phantom" candidates="1430" cleared="0" enqueued="0" />
  <stringconstants candidates="53844" cleared="484"  />
  <object-monitors candidates="166" cleared="0"  />
</gc-op>
<gc-op id="2361" type="classunload" timems="4.054" contextid="2357" timestamp="2025-12-10T08:34:03.651">
  <classunload-info classloadercandidates="569" classloadersunloaded="0" classesunloaded="5" anonymousclassesunloaded="5" quiescems="0.000" setupms="4.001" scanms="0.051" postms="0.001" />
</gc-op>
<gc-op id="2362" type="sweep" timems="4.164" contextid="2357" timestamp="2025-12-10T08:34:03.656" />
<gc-end id="2363" type="global" contextid="2357" durationms="132.350" usertimems="894.182" systemtimems="50.445" stalltimems="716.099" timestamp="2025-12-10T08:34:03.668" activeThreads="20">
  <mem-info id="2364" free="215798856" total="341442560" percent="63">
    <mem type="nursery" free="166693704" total="185597952" percent="89">
      <mem type="allocate" free="166693704" total="166985728" percent="99" />
      <mem type="survivor" free="0" total="18612224" percent="0" />
    </mem>
    <mem type="tenure" free="49105152" total="155844608" percent="31" micro-fragmented="182929" macro-fragmented="19260884">
      <mem type="soa" free="41312512" total="148051968" percent="27" />
      <mem type="loa" free="7792640" total="7792640" percent="100" />
    </mem>
    <remembered-set count="1527" />
  </mem-info>
</gc-end>
<cycle-end id="2365" type="global" contextid="2357" timestamp="2025-12-10T08:34:03.669" />
<heap-fixup timems="10.553" reason="class unloading"  timestamp="2025-12-10T08:34:03.669" />
<sys-end id="2366" timestamp="2025-12-10T08:34:03.670" />
<exclusive-end id="2367" timestamp="2025-12-10T08:34:03.671" durationms="141.307" />

<heap-resize id="2368" type="release free pages" space="tenure" amount="48955392" count="1" timems="0.703" reason="idle" timestamp="2025-12-10T08:34:03.673" />
<exclusive-start id="2369" timestamp="2025-12-10T08:39:24.545" intervalms="321015.240">
  <response-info timems="0.059" idlems="0.059" threads="0" lastid="0000000001809D00" lastname="Default Executor-thread-403" />
</exclusive-start>
<af-start id="2370" threadId="000000000180A778" totalBytesRequested="24" timestamp="2025-12-10T08:39:24.546" intervalms="1173819.298" type="nursery" />
<cycle-start id="2371" type="scavenge" contextid="0" timestamp="2025-12-10T08:39:24.547" intervalms="1173789.969" />
<gc-start id="2372" type="scavenge" contextid="2371" timestamp="2025-12-10T08:39:24.549">
  <mem-info id="2373" free="49105152" total="341442560" percent="14">
    <mem type="nursery" free="0" total="185597952" percent="0">
      <mem type="allocate" free="0" total="166985728" percent="0" />
      <mem type="survivor" free="0" total="18612224" percent="0" />
    </mem>
    <mem type="tenure" free="49105152" total="155844608" percent="31">
      <mem type="soa" free="41312512" total="148051968" percent="27" />
      <mem type="loa" free="7792640" total="7792640" percent="100" />
    </mem>
    <remembered-set count="1533" />
  </mem-info>
</gc-start>
<allocation-stats totalBytes="166635232" discardedBytes="58472" >
  <allocated-bytes non-tlh="2056" tlh="166633176" />
  <largest-consumer threadName="Timer-7" threadId="0000000000FF8F00" bytes="41463936" />
</allocation-stats>
<gc-op id="2374" type="scavenge" timems="18.550" contextid="2371" timestamp="2025-12-10T08:39:24.570">
  <scavenger-info tenureage="4" tenuremask="fff0" tiltratio="89" />
  <memory-copied type="nursery" objects="2624" bytes="141432" bytesdiscarded="55208" />
  <memory-copied type="tenure" objects="22" bytes="25256" bytesdiscarded="688" />
  <ownableSynchronizers candidates="46089" cleared="45995" />
  <references type="weak" candidates="33" cleared="0" enqueued="0" />
  <object-monitors candidates="206" cleared="25"  />
</gc-op>
<gc-end id="2375" type="scavenge" contextid="2371" durationms="22.420" usertimems="2.224" systemtimems="7.708" stalltimems="88.437" timestamp="2025-12-10T08:39:24.571" activeThreads="16">
  <mem-info id="2376" free="215866536" total="341442560" percent="63">
    <mem type="nursery" free="166788352" total="185597952" percent="89">
      <mem type="allocate" free="166788352" total="166985728" percent="99" />
      <mem type="survivor" free="0" total="18612224" percent="0" />
    </mem>
    <mem type="tenure" free="49078184" total="155844608" percent="31" macro-fragmented="0">
      <mem type="soa" free="41285544" total="148051968" percent="27" />
      <mem type="loa" free="7792640" total="7792640" percent="100" />
    </mem>
    <remembered-set count="657" />
  </mem-info>
</gc-end>
<cycle-end id="2377" type="scavenge" contextid="2371" timestamp="2025-12-10T08:39:24.572" />
<allocation-satisfied id="2378" threadId="0000000001809D00" bytesRequested="24" />
<af-end id="2379" timestamp="2025-12-10T08:39:24.573" threadId="000000000180A778" success="true" from="nursery"/>
<exclusive-end id="2380" timestamp="2025-12-10T08:39:24.573" durationms="28.092" />

<exclusive-start id="2381" timestamp="2025-12-10T08:42:48.535" intervalms="203990.041">
  <response-info timems="0.131" idlems="0.131" threads="0" lastid="00000000001D0800" lastname="VM Runtime State Listener" />
</exclusive-start>
<sys-start reason="vm idle" id="2382" timestamp="2025-12-10T08:42:48.538" intervalms="525005.870" />
<cycle-start id="2383" type="global" contextid="0" timestamp="2025-12-10T08:42:48.539" intervalms="525005.789" />
<gc-start id="2384" type="global" contextid="2383" timestamp="2025-12-10T08:42:48.541">
  <mem-info id="2385" free="109923472" total="341442560" percent="32">
    <mem type="nursery" free="60845288" total="185597952" percent="32">
      <mem type="allocate" free="60845288" total="166985728" percent="36" />
      <mem type="survivor" free="0" total="18612224" percent="0" />
    </mem>
    <mem type="tenure" free="49078184" total="155844608" percent="31">
      <mem type="soa" free="41285544" total="148051968" percent="27" />
      <mem type="loa" free="7792640" total="7792640" percent="100" />
    </mem>
    <remembered-set count="714" />
  </mem-info>
</gc-start>
<allocation-stats totalBytes="105896488" discardedBytes="46576" >
  <allocated-bytes non-tlh="24" tlh="105896464" />
  <largest-consumer threadName="Timer-7" threadId="0000000000FF8F00" bytes="24786176" />
</allocation-stats>
<gc-op id="2386" type="mark" timems="69.289" contextid="2383" timestamp="2025-12-10T08:42:48.613">
  <trace-info objectcount="2098739" scancount="1808343" scanbytes="68126436" />
  <finalization candidates="901" enqueued="0" />
  <ownableSynchronizers candidates="26744" cleared="17109" />
  <references type="soft" candidates="10220" cleared="2547" enqueued="2474" dynamicThreshold="10" maxThreshold="32" />
  <references type="weak" candidates="17437" cleared="5" enqueued="5" />
  <references type="phantom" candidates="1430" cleared="0" enqueued="0" />
  <stringconstants candidates="53360" cleared="190"  />
  <object-monitors candidates="201" cleared="35"  />
</gc-op>
<gc-op id="2387" type="classunload" timems="2.546" contextid="2383" timestamp="2025-12-10T08:42:48.617">
  <classunload-info classloadercandidates="569" classloadersunloaded="28" classesunloaded="28" anonymousclassesunloaded="0" quiescems="0.000" setupms="1.948" scanms="0.574" postms="0.024" />
</gc-op>
<gc-op id="2388" type="sweep" timems="2.937" contextid="2383" timestamp="2025-12-10T08:42:48.621" />
<mem-info id="2389" free="216008016" total="341442560" percent="63">
  <mem type="nursery" free="166673232" total="185597952" percent="89">
    <mem type="allocate" free="166673232" total="166985728" percent="99" />
    <mem type="survivor" free="0" total="18612224" percent="0" />
  </mem>
  <mem type="tenure" free="49334784" total="155844608" percent="31" micro-fragmented="284726" macro-fragmented="27735676">
    <mem type="soa" free="41542144" total="148051968" percent="28" />
    <mem type="loa" free="7792640" total="7792640" percent="100" />
  </mem>
  <pending-finalizers system="0" default="0" reference="2479" classloader="0" />
  <remembered-set count="637" />
</mem-info>
<gc-op id="2390" type="compact" timems="115.530" contextid="2383" timestamp="2025-12-10T08:42:48.739">
  <compact-info movecount="2058173" movebytes="104441352" reason="compact on aggressive collection" />
</gc-op>
<gc-end id="2391" type="global" contextid="2383" durationms="199.396" usertimems="1153.434" systemtimems="0.000" stalltimems="432.856" timestamp="2025-12-10T08:42:48.741" activeThreads="20">
  <mem-info id="2392" free="216616792" total="341442560" percent="63">
    <mem type="nursery" free="166849560" total="185597952" percent="89">
      <mem type="allocate" free="166849560" total="166985728" percent="99" />
      <mem type="survivor" free="0" total="18612224" percent="0" />
    </mem>
    <mem type="tenure" free="49767232" total="155844608" percent="31">
      <mem type="soa" free="41974592" total="148051968" percent="28" />
      <mem type="loa" free="7792640" total="7792640" percent="100" />
    </mem>
    <pending-finalizers system="0" default="0" reference="2479" classloader="0" />
    <remembered-set count="637" />
  </mem-info>
</gc-end>
<cycle-end id="2393" type="global" contextid="2383" timestamp="2025-12-10T08:42:48.741" />
<sys-end id="2394" timestamp="2025-12-10T08:42:48.742" />
<exclusive-end id="2395" timestamp="2025-12-10T08:42:48.743" durationms="207.944" />

<heap-resize id="2396" type="release free pages" space="tenure" amount="49729536" count="1" timems="0.117" reason="idle" timestamp="2025-12-10T08:42:48.744" />
<exclusive-start id="2397" timestamp="2025-12-10T08:48:08.846" intervalms="320311.048">
  <response-info timems="0.100" idlems="0.100" threads="0" lastid="0000000001814700" lastname="Default Executor-thread-405" />
</exclusive-start>
<af-start id="2398" threadId="0000000001815178" totalBytesRequested="32" timestamp="2025-12-10T08:48:08.848" intervalms="524301.422" type="nursery" />
<cycle-start id="2399" type="scavenge" contextid="0" timestamp="2025-12-10T08:48:08.849" intervalms="524301.473" />
<gc-start id="2400" type="scavenge" contextid="2399" timestamp="2025-12-10T08:48:08.850">
  <mem-info id="2401" free="49767232" total="341442560" percent="14">
    <mem type="nursery" free="0" total="185597952" percent="0">
      <mem type="allocate" free="0" total="166985728" percent="0" />
      <mem type="survivor" free="0" total="18612224" percent="0" />
    </mem>
    <mem type="tenure" free="49767232" total="155844608" percent="31">
      <mem type="soa" free="41974592" total="148051968" percent="28" />
      <mem type="loa" free="7792640" total="7792640" percent="100" />
    </mem>
    <remembered-set count="3918" />
  </mem-info>
</gc-start>
<allocation-stats totalBytes="166791608" discardedBytes="57952" >
  <allocated-bytes non-tlh="0" tlh="166791608" />
  <largest-consumer threadName="Timer-7" threadId="0000000000FF8F00" bytes="42033176" />
</allocation-stats>
<gc-op id="2402" type="scavenge" timems="29.372" contextid="2399" timestamp="2025-12-10T08:48:08.882">
  <scavenger-info tenureage="14" tenuremask="4000" tiltratio="89" />
  <memory-copied type="nursery" objects="2540" bytes="141168" bytesdiscarded="285560" />
  <ownableSynchronizers candidates="46065" cleared="45972" />
  <references type="weak" candidates="35" cleared="0" enqueued="0" />
  <object-monitors candidates="166" cleared="0"  />
</gc-op>
<gc-end id="2403" type="scavenge" contextid="2399" durationms="33.219" usertimems="22.982" systemtimems="1.407" stalltimems="147.716" timestamp="2025-12-10T08:48:08.884" activeThreads="17">
  <mem-info id="2404" free="216325952" total="341442560" percent="63">
    <mem type="nursery" free="166558720" total="185597952" percent="89">
      <mem type="allocate" free="166558720" total="166985728" percent="99" />
      <mem type="survivor" free="0" total="18612224" percent="0" />
    </mem>
    <mem type="tenure" free="49767232" total="155844608" percent="31" macro-fragmented="16050736">
      <mem type="soa" free="41974592" total="148051968" percent="28" />
      <mem type="loa" free="7792640" total="7792640" percent="100" />
    </mem>
    <remembered-set count="3053" />
  </mem-info>
</gc-end>
<cycle-end id="2405" type="scavenge" contextid="2399" timestamp="2025-12-10T08:48:08.885" />
<allocation-satisfied id="2406" threadId="0000000001814700" bytesRequested="32" />
<af-end id="2407" timestamp="2025-12-10T08:48:08.886" threadId="0000000001815178" success="true" from="nursery"/>
<exclusive-end id="2408" timestamp="2025-12-10T08:48:08.887" durationms="40.877" />

<exclusive-start id="2409" timestamp="2025-12-10T08:51:18.543" intervalms="189697.331">
  <response-info timems="0.048" idlems="0.048" threads="0" lastid="00000000001D0800" lastname="VM Runtime State Listener" />
</exclusive-start>
<sys-start reason="vm idle" id="2410" timestamp="2025-12-10T08:51:18.545" intervalms="510007.096" />
<cycle-start id="2411" type="global" contextid="0" timestamp="2025-12-10T08:51:18.546" intervalms="510007.058" />
<gc-start id="2412" type="global" contextid="2411" timestamp="2025-12-10T08:51:18.548">
  <mem-info id="2413" free="118165280" total="341442560" percent="34">
    <mem type="nursery" free="68398048" total="185597952" percent="36">
      <mem type="allocate" free="68398048" total="166985728" percent="40" />
      <mem type="survivor" free="0" total="18612224" percent="0" />
    </mem>
    <mem type="tenure" free="49767232" total="155844608" percent="31">
      <mem type="soa" free="41974592" total="148051968" percent="28" />
      <mem type="loa" free="7792640" total="7792640" percent="100" />
    </mem>
    <remembered-set count="3110" />
  </mem-info>
</gc-start>
<allocation-stats totalBytes="98125696" discardedBytes="34976" >
  <allocated-bytes non-tlh="32" tlh="98125664" />
  <largest-consumer threadName="Timer-7" threadId="0000000000FF8F00" bytes="22755912" />
</allocation-stats>
<gc-op id="2414" type="mark" timems="58.813" contextid="2411" timestamp="2025-12-10T08:51:18.610">
  <trace-info objectcount="2088615" scancount="1798990" scanbytes="67851812" />
  <finalization candidates="901" enqueued="0" />
  <ownableSynchronizers candidates="25521" cleared="15886" />
  <references type="soft" candidates="7673" cleared="0" enqueued="0" dynamicThreshold="10" maxThreshold="32" />
  <references type="weak" candidates="17432" cleared="0" enqueued="0" />
  <references type="phantom" candidates="1430" cleared="0" enqueued="0" />
  <stringconstants candidates="53170" cleared="788"  />
  <object-monitors candidates="186" cleared="20"  />
</gc-op>
<gc-op id="2415" type="classunload" timems="0.066" contextid="2411" timestamp="2025-12-10T08:51:18.611">
  <classunload-info classloadercandidates="541" classloadersunloaded="0" classesunloaded="0" anonymousclassesunloaded="0" quiescems="0.000" setupms="0.066" scanms="0.000" postms="0.000" />
</gc-op>
<gc-op id="2416" type="sweep" timems="3.664" contextid="2411" timestamp="2025-12-10T08:51:18.615" />
<gc-end id="2417" type="global" contextid="2411" durationms="68.818" usertimems="369.775" systemtimems="54.337" stalltimems="466.472" timestamp="2025-12-10T08:51:18.617" activeThreads="20">
  <mem-info id="2418" free="216555320" total="341442560" percent="63">
    <mem type="nursery" free="166647848" total="185597952" percent="89">
      <mem type="allocate" free="166647848" total="166985728" percent="99" />
      <mem type="survivor" free="0" total="18612224" percent="0" />
    </mem>
    <mem type="tenure" free="49907472" total="155844608" percent="32" micro-fragmented="147428" macro-fragmented="33282812">
      <mem type="soa" free="42114832" total="148051968" percent="28" />
      <mem type="loa" free="7792640" total="7792640" percent="100" />
    </mem>
    <remembered-set count="645" />
  </mem-info>
</gc-end>
<cycle-end id="2419" type="global" contextid="2411" timestamp="2025-12-10T08:51:18.618" />
<sys-end id="2420" timestamp="2025-12-10T08:51:18.619" />
<exclusive-end id="2421" timestamp="2025-12-10T08:51:18.620" durationms="77.128" />

<heap-resize id="2422" type="release free pages" space="tenure" amount="49733632" count="1" timems="0.422" reason="idle" timestamp="2025-12-10T08:51:18.622" />
<exclusive-start id="2423" timestamp="2025-12-10T08:56:35.799" intervalms="317256.020">
  <response-info timems="0.206" idlems="0.206" threads="0" lastid="00000000018F4700" lastname="Default Executor-thread-494" />
</exclusive-start>
<af-start id="2424" threadId="00000000018F5178" totalBytesRequested="24" timestamp="2025-12-10T08:56:35.802" intervalms="506954.045" type="nursery" />
<cycle-start id="2425" type="scavenge" contextid="0" timestamp="2025-12-10T08:56:35.804" intervalms="506955.165" />
<gc-start id="2426" type="scavenge" contextid="2425" timestamp="2025-12-10T08:56:35.807">
  <mem-info id="2427" free="49907472" total="341442560" percent="14">
    <mem type="nursery" free="0" total="185597952" percent="0">
      <mem type="allocate" free="0" total="166985728" percent="0" />
      <mem type="survivor" free="0" total="18612224" percent="0" />
    </mem>
    <mem type="tenure" free="49907472" total="155844608" percent="32">
      <mem type="soa" free="42114832" total="148051968" percent="28" />
      <mem type="loa" free="7792640" total="7792640" percent="100" />
    </mem>
    <remembered-set count="648" />
  </mem-info>
</gc-start>
<allocation-stats totalBytes="166582696" discardedBytes="65152" >
  <allocated-bytes non-tlh="1960" tlh="166580736" />
  <largest-consumer threadName="Timer-7" threadId="0000000000FF8F00" bytes="41597152" />
</allocation-stats>
<gc-op id="2428" type="scavenge" timems="30.692" contextid="2425" timestamp="2025-12-10T08:56:35.842">
  <scavenger-info tenureage="14" tenuremask="4000" tiltratio="89" />
  <memory-copied type="nursery" objects="2720" bytes="149168" bytesdiscarded="173400" />
  <ownableSynchronizers candidates="45757" cleared="45660" />
  <references type="weak" candidates="39" cleared="0" enqueued="0" />
  <object-monitors candidates="206" cleared="38"  />
</gc-op>
<gc-end id="2429" type="scavenge" contextid="2425" durationms="37.889" usertimems="9.597" systemtimems="12.455" stalltimems="137.135" timestamp="2025-12-10T08:56:35.845" activeThreads="17">
  <mem-info id="2430" free="216569872" total="341442560" percent="63">
    <mem type="nursery" free="166662400" total="185597952" percent="89">
      <mem type="allocate" free="166662400" total="166985728" percent="99" />
      <mem type="survivor" free="0" total="18612224" percent="0" />
    </mem>
    <mem type="tenure" free="49907472" total="155844608" percent="32" macro-fragmented="33282812">
      <mem type="soa" free="42114832" total="148051968" percent="28" />
      <mem type="loa" free="7792640" total="7792640" percent="100" />
    </mem>
    <remembered-set count="524" />
  </mem-info>
</gc-end>
<cycle-end id="2431" type="scavenge" contextid="2425" timestamp="2025-12-10T08:56:35.848" />
<allocation-satisfied id="2432" threadId="00000000018F4700" bytesRequested="24" />
<af-end id="2433" timestamp="2025-12-10T08:56:35.853" threadId="00000000018F5178" success="true" from="nursery"/>
<exclusive-end id="2434" timestamp="2025-12-10T08:56:35.855" durationms="55.953" />

<exclusive-start id="2435" timestamp="2025-12-10T09:01:59.780" intervalms="323981.069">
  <response-info timems="0.111" idlems="0.111" threads="0" lastid="00000000018F4700" lastname="Default Executor-thread-494" />
</exclusive-start>
<af-start id="2436" threadId="00000000018F5178" totalBytesRequested="16" timestamp="2025-12-10T09:01:59.782" intervalms="323980.169" type="nursery" />
<cycle-start id="2437" type="scavenge" contextid="0" timestamp="2025-12-10T09:01:59.784" intervalms="323979.497" />
<gc-start id="2438" type="scavenge" contextid="2437" timestamp="2025-12-10T09:01:59.785">
  <mem-info id="2439" free="49907472" total="341442560" percent="14">
    <mem type="nursery" free="0" total="185597952" percent="0">
      <mem type="allocate" free="0" total="166985728" percent="0" />
      <mem type="survivor" free="0" total="18612224" percent="0" />
    </mem>
    <mem type="tenure" free="49907472" total="155844608" percent="32">
      <mem type="soa" free="42114832" total="148051968" percent="28" />
      <mem type="loa" free="7792640" total="7792640" percent="100" />
    </mem>
    <remembered-set count="581" />
  </mem-info>
</gc-start>
<allocation-stats totalBytes="166612480" discardedBytes="49920" >
  <allocated-bytes non-tlh="24" tlh="166612456" />
  <largest-consumer threadName="Timer-7" threadId="0000000000FF8F00" bytes="40261424" />
</allocation-stats>
<gc-op id="2440" type="scavenge" timems="33.224" contextid="2437" timestamp="2025-12-10T09:01:59.820">
  <scavenger-info tenureage="14" tenuremask="4000" tiltratio="89" />
  <memory-copied type="nursery" objects="2545" bytes="142616" bytesdiscarded="93616" />
  <ownableSynchronizers candidates="27192" cleared="27095" />
  <references type="weak" candidates="39" cleared="0" enqueued="0" />
  <object-monitors candidates="169" cleared="0"  />
</gc-op>
<gc-end id="2441" type="scavenge" contextid="2437" durationms="36.601" usertimems="10.423" systemtimems="9.587" stalltimems="174.952" timestamp="2025-12-10T09:01:59.822" activeThreads="18">
  <mem-info id="2442" free="216656656" total="341442560" percent="63">
    <mem type="nursery" free="166749184" total="185597952" percent="89">
      <mem type="allocate" free="166749184" total="166985728" percent="99" />
      <mem type="survivor" free="0" total="18612224" percent="0" />
    </mem>
    <mem type="tenure" free="49907472" total="155844608" percent="32" macro-fragmented="27735676">
      <mem type="soa" free="42114832" total="148051968" percent="28" />
      <mem type="loa" free="7792640" total="7792640" percent="100" />
    </mem>
    <remembered-set count="493" />
  </mem-info>
</gc-end>
<cycle-end id="2443" type="scavenge" contextid="2437" timestamp="2025-12-10T09:01:59.823" />
<allocation-satisfied id="2444" threadId="00000000018F4700" bytesRequested="16" />
<af-end id="2445" timestamp="2025-12-10T09:01:59.825" threadId="00000000018F5178" success="true" from="nursery"/>
<exclusive-end id="2446" timestamp="2025-12-10T09:01:59.826" durationms="45.391" />

<exclusive-start id="2447" timestamp="2025-12-10T09:03:06.298" intervalms="66517.122">
  <response-info timems="0.122" idlems="0.122" threads="0" lastid="00000000001D0800" lastname="VM Runtime State Listener" />
</exclusive-start>
<sys-start reason="vm idle" id="2448" timestamp="2025-12-10T09:03:06.300" intervalms="707754.924" />
<cycle-start id="2449" type="global" contextid="0" timestamp="2025-12-10T09:03:06.302" intervalms="707755.257" />
<gc-start id="2450" type="global" contextid="2449" timestamp="2025-12-10T09:03:06.304">
  <mem-info id="2451" free="179501824" total="341442560" percent="52">
    <mem type="nursery" free="129594352" total="185597952" percent="69">
      <mem type="allocate" free="129594352" total="166985728" percent="77" />
      <mem type="survivor" free="0" total="18612224" percent="0" />
    </mem>
    <mem type="tenure" free="49907472" total="155844608" percent="32">
      <mem type="soa" free="42114832" total="148051968" percent="28" />
      <mem type="loa" free="7792640" total="7792640" percent="100" />
    </mem>
    <remembered-set count="545" />
  </mem-info>
</gc-start>
<allocation-stats totalBytes="37140304" discardedBytes="14528" >
  <allocated-bytes non-tlh="16" tlh="37140288" />
  <largest-consumer threadName="Timer-7" threadId="0000000000FF8F00" bytes="9714144" />
</allocation-stats>
<gc-op id="2452" type="mark" timems="86.392" contextid="2449" timestamp="2025-12-10T09:03:06.395">
  <trace-info objectcount="2088602" scancount="1798996" scanbytes="67851468" />
  <finalization candidates="901" enqueued="0" />
  <ownableSynchronizers candidates="15204" cleared="5569" />
  <references type="soft" candidates="7673" cleared="0" enqueued="0" dynamicThreshold="10" maxThreshold="32" />
  <references type="weak" candidates="17432" cleared="0" enqueued="0" />
  <references type="phantom" candidates="1430" cleared="0" enqueued="0" />
  <stringconstants candidates="52382" cleared="0"  />
  <object-monitors candidates="169" cleared="2"  />
</gc-op>
<gc-op id="2453" type="classunload" timems="0.063" contextid="2449" timestamp="2025-12-10T09:03:06.396">
  <classunload-info classloadercandidates="541" classloadersunloaded="0" classesunloaded="0" anonymousclassesunloaded="0" quiescems="0.000" setupms="0.062" scanms="0.000" postms="0.000" />
</gc-op>
<gc-op id="2454" type="sweep" timems="4.002" contextid="2449" timestamp="2025-12-10T09:03:06.401" />
<mem-info id="2455" free="216574032" total="341442560" percent="63">
  <mem type="nursery" free="166664384" total="185597952" percent="89">
    <mem type="allocate" free="166664384" total="166985728" percent="99" />
    <mem type="survivor" free="0" total="18612224" percent="0" />
  </mem>
  <mem type="tenure" free="49909648" total="155844608" percent="32" micro-fragmented="137696" macro-fragmented="10920">
    <mem type="soa" free="42117008" total="148051968" percent="28" />
    <mem type="loa" free="7792640" total="7792640" percent="100" />
  </mem>
  <remembered-set count="545" />
</mem-info>
<gc-op id="2456" type="compact" timems="217.423" contextid="2449" timestamp="2025-12-10T09:03:06.620">
  <compact-info movecount="1957812" movebytes="100765912" reason="compact on aggressive collection" />
</gc-op>
<gc-end id="2457" type="global" contextid="2449" durationms="317.225" usertimems="2231.098" systemtimems="0.000" stalltimems="736.630" timestamp="2025-12-10T09:03:06.621" activeThreads="20">
  <mem-info id="2458" free="216915192" total="341442560" percent="63">
    <mem type="nursery" free="166843256" total="185597952" percent="89">
      <mem type="allocate" free="166843256" total="166985728" percent="99" />
      <mem type="survivor" free="0" total="18612224" percent="0" />
    </mem>
    <mem type="tenure" free="50071936" total="155844608" percent="32">
      <mem type="soa" free="42279296" total="148051968" percent="28" />
      <mem type="loa" free="7792640" total="7792640" percent="100" />
    </mem>
    <remembered-set count="545" />
  </mem-info>
</gc-end>
<cycle-end id="2459" type="global" contextid="2449" timestamp="2025-12-10T09:03:06.622" />
<sys-end id="2460" timestamp="2025-12-10T09:03:06.623" />
<exclusive-end id="2461" timestamp="2025-12-10T09:03:06.624" durationms="325.962" />

<heap-resize id="2462" type="release free pages" space="tenure" amount="50036736" count="1" timems="0.784" reason="idle" timestamp="2025-12-10T09:03:06.625" />
<exclusive-start id="2463" timestamp="2025-12-10T09:08:32.168" intervalms="325870.100">
  <response-info timems="0.126" idlems="0.126" threads="0" lastid="0000000002783F00" lastname="Default Executor-thread-500" />
</exclusive-start>
<af-start id="2464" threadId="0000000002784978" totalBytesRequested="24" timestamp="2025-12-10T09:08:32.169" intervalms="392387.371" type="nursery" />
<cycle-start id="2465" type="scavenge" contextid="0" timestamp="2025-12-10T09:08:32.171" intervalms="392387.211" />
<gc-start id="2466" type="scavenge" contextid="2465" timestamp="2025-12-10T09:08:32.172">
  <mem-info id="2467" free="50071936" total="341442560" percent="14">
    <mem type="nursery" free="0" total="185597952" percent="0">
      <mem type="allocate" free="0" total="166985728" percent="0" />
      <mem type="survivor" free="0" total="18612224" percent="0" />
    </mem>
    <mem type="tenure" free="50071936" total="155844608" percent="32">
      <mem type="soa" free="42279296" total="148051968" percent="28" />
      <mem type="loa" free="7792640" total="7792640" percent="100" />
    </mem>
    <remembered-set count="552" />
  </mem-info>
</gc-start>
<allocation-stats totalBytes="166788616" discardedBytes="54640" >
  <allocated-bytes non-tlh="0" tlh="166788616" />
  <largest-consumer threadName="Timer-7" threadId="0000000000FF8F00" bytes="39877512" />
</allocation-stats>
<gc-op id="2468" type="scavenge" timems="28.949" contextid="2465" timestamp="2025-12-10T09:08:32.204">
  <scavenger-info tenureage="14" tenuremask="4000" tiltratio="89" />
  <memory-copied type="nursery" objects="2752" bytes="151920" bytesdiscarded="115800" />
  <ownableSynchronizers candidates="46432" cleared="46335" />
  <references type="weak" candidates="39" cleared="0" enqueued="0" />
  <object-monitors candidates="167" cleared="0"  />
</gc-op>
<gc-end id="2469" type="scavenge" contextid="2465" durationms="35.186" usertimems="0.256" systemtimems="10.343" stalltimems="76.845" timestamp="2025-12-10T09:08:32.208" activeThreads="20">
  <mem-info id="2470" free="216789632" total="341442560" percent="63">
    <mem type="nursery" free="166717696" total="185597952" percent="89">
      <mem type="allocate" free="166717696" total="166985728" percent="99" />
      <mem type="survivor" free="0" total="18612224" percent="0" />
    </mem>
    <mem type="tenure" free="50071936" total="155844608" percent="32" macro-fragmented="0">
      <mem type="soa" free="42279296" total="148051968" percent="28" />
      <mem type="loa" free="7792640" total="7792640" percent="100" />
    </mem>
    <remembered-set count="493" />
  </mem-info>
</gc-end>
<cycle-end id="2471" type="scavenge" contextid="2465" timestamp="2025-12-10T09:08:32.208" />
<allocation-satisfied id="2472" threadId="0000000002783F00" bytesRequested="24" />
<af-end id="2473" timestamp="2025-12-10T09:08:32.209" threadId="0000000002784978" success="true" from="nursery"/>
<exclusive-end id="2474" timestamp="2025-12-10T09:08:32.210" durationms="41.963" />

<exclusive-start id="2475" timestamp="2025-12-10T09:10:06.344" intervalms="94176.307">
  <response-info timems="0.148" idlems="0.148" threads="0" lastid="00000000001D0800" lastname="VM Runtime State Listener" />
</exclusive-start>
<sys-start reason="vm idle" id="2476" timestamp="2025-12-10T09:10:06.346" intervalms="420046.168" />
<cycle-start id="2477" type="global" contextid="0" timestamp="2025-12-10T09:10:06.348" intervalms="420046.204" />
<gc-start id="2478" type="global" contextid="2477" timestamp="2025-12-10T09:10:06.351">
  <mem-info id="2479" free="165376616" total="341442560" percent="48">
    <mem type="nursery" free="115304680" total="185597952" percent="62">
      <mem type="allocate" free="115304680" total="166985728" percent="69" />
      <mem type="survivor" free="0" total="18612224" percent="0" />
    </mem>
    <mem type="tenure" free="50071936" total="155844608" percent="32">
      <mem type="soa" free="42279296" total="148051968" percent="28" />
      <mem type="loa" free="7792640" total="7792640" percent="100" />
    </mem>
    <remembered-set count="555" />
  </mem-info>
</gc-start>
<allocation-stats totalBytes="51394672" discardedBytes="18344" >
  <allocated-bytes non-tlh="24" tlh="51394648" />
  <largest-consumer threadName="Timer-7" threadId="0000000000FF8F00" bytes="13208464" />
</allocation-stats>
<gc-op id="2480" type="mark" timems="74.618" contextid="2477" timestamp="2025-12-10T09:10:06.428">
  <trace-info objectcount="2088611" scancount="1798982" scanbytes="67851636" />
  <finalization candidates="901" enqueued="0" />
  <ownableSynchronizers candidates="17507" cleared="7872" />
  <references type="soft" candidates="7673" cleared="0" enqueued="0" dynamicThreshold="10" maxThreshold="32" />
  <references type="weak" candidates="17434" cleared="2" enqueued="2" />
  <references type="phantom" candidates="1430" cleared="0" enqueued="0" />
  <stringconstants candidates="52382" cleared="0"  />
  <object-monitors candidates="167" cleared="0"  />
</gc-op>
<gc-op id="2481" type="classunload" timems="0.082" contextid="2477" timestamp="2025-12-10T09:10:06.429">
  <classunload-info classloadercandidates="541" classloadersunloaded="0" classesunloaded="0" anonymousclassesunloaded="0" quiescems="0.000" setupms="0.082" scanms="0.000" postms="0.000" />
</gc-op>
<gc-op id="2482" type="sweep" timems="2.490" contextid="2477" timestamp="2025-12-10T09:10:06.433" />
<gc-end id="2483" type="global" contextid="2477" durationms="83.824" usertimems="330.303" systemtimems="63.527" stalltimems="813.954" timestamp="2025-12-10T09:10:06.435" activeThreads="20">
  <mem-info id="2484" free="216756016" total="341442560" percent="63">
    <mem type="nursery" free="166659488" total="185597952" percent="89">
      <mem type="allocate" free="166659488" total="166985728" percent="99" />
      <mem type="survivor" free="0" total="18612224" percent="0" />
    </mem>
    <mem type="tenure" free="50096528" total="155844608" percent="32" micro-fragmented="0" macro-fragmented="27735676">
      <mem type="soa" free="42303888" total="148051968" percent="28" />
      <mem type="loa" free="7792640" total="7792640" percent="100" />
    </mem>
    <pending-finalizers system="0" default="0" reference="2" classloader="0" />
    <remembered-set count="555" />
  </mem-info>
</gc-end>
<cycle-end id="2485" type="global" contextid="2477" timestamp="2025-12-10T09:10:06.436" />
<sys-end id="2486" timestamp="2025-12-10T09:10:06.436" />
<exclusive-end id="2487" timestamp="2025-12-10T09:10:06.437" durationms="92.728" />

<heap-resize id="2488" type="release free pages" space="tenure" amount="50061312" count="1" timems="0.040" reason="idle" timestamp="2025-12-10T09:10:06.437" />
<exclusive-start id="2489" timestamp="2025-12-10T09:15:30.427" intervalms="324082.704">
  <response-info timems="0.057" idlems="0.057" threads="0" lastid="0000000001813B00" lastname="Default Executor-thread-549" />
</exclusive-start>
<af-start id="2490" threadId="0000000001814578" totalBytesRequested="48" timestamp="2025-12-10T09:15:30.428" intervalms="418259.055" type="nursery" />
<cycle-start id="2491" type="scavenge" contextid="0" timestamp="2025-12-10T09:15:30.430" intervalms="418258.886" />
<gc-start id="2492" type="scavenge" contextid="2491" timestamp="2025-12-10T09:15:30.431">
  <mem-info id="2493" free="50096528" total="341442560" percent="14">
    <mem type="nursery" free="0" total="185597952" percent="0">
      <mem type="allocate" free="0" total="166985728" percent="0" />
      <mem type="survivor" free="0" total="18612224" percent="0" />
    </mem>
    <mem type="tenure" free="50096528" total="155844608" percent="32">
      <mem type="soa" free="42303888" total="148051968" percent="28" />
      <mem type="loa" free="7792640" total="7792640" percent="100" />
    </mem>
    <remembered-set count="559" />
  </mem-info>
</gc-start>
<allocation-stats totalBytes="166590504" discardedBytes="68984" >
  <allocated-bytes non-tlh="0" tlh="166590504" />
  <largest-consumer threadName="Timer-7" threadId="0000000000FF8F00" bytes="39589744" />
</allocation-stats>
<gc-op id="2494" type="scavenge" timems="23.641" contextid="2491" timestamp="2025-12-10T09:15:30.458">
  <scavenger-info tenureage="14" tenuremask="4000" tiltratio="89" />
  <memory-copied type="nursery" objects="2574" bytes="167752" bytesdiscarded="16328" />
  <ownableSynchronizers candidates="46426" cleared="46329" />
  <references type="weak" candidates="39" cleared="0" enqueued="0" />
  <references type="phantom" candidates="1" cleared="0" enqueued="0" />
  <object-monitors candidates="227" cleared="60"  />
</gc-op>
<heap-resize id="2495" type="contract" space="nursery" amount="1835008" count="1" timems="0.339" reason="insufficient time being spent scavenging" timestamp="2025-12-10T09:15:30.460" />
<gc-end id="2496" type="scavenge" contextid="2491" durationms="30.467" usertimems="3.595" systemtimems="14.648" stalltimems="138.345" timestamp="2025-12-10T09:15:30.462" activeThreads="20">
  <mem-info id="2497" free="215259016" total="339607552" percent="63">
    <mem type="nursery" free="165162488" total="183762944" percent="89">
      <mem type="allocate" free="165162488" total="165347328" percent="99" />
      <mem type="survivor" free="0" total="18415616" percent="0" />
    </mem>
    <mem type="tenure" free="50096528" total="155844608" percent="32" macro-fragmented="19260884">
      <mem type="soa" free="42303888" total="148051968" percent="28" />
      <mem type="loa" free="7792640" total="7792640" percent="100" />
    </mem>
    <remembered-set count="497" />
  </mem-info>
</gc-end>
<cycle-end id="2498" type="scavenge" contextid="2491" timestamp="2025-12-10T09:15:30.464" />
<allocation-satisfied id="2499" threadId="0000000001813B00" bytesRequested="48" />
<af-end id="2500" timestamp="2025-12-10T09:15:30.467" threadId="0000000001814578" success="true" from="nursery"/>
<exclusive-end id="2501" timestamp="2025-12-10T09:15:30.469" durationms="41.819" />

<exclusive-start id="2502" timestamp="2025-12-10T09:20:18.580" intervalms="288152.879">
  <response-info timems="0.105" idlems="0.105" threads="0" lastid="00000000001D0800" lastname="VM Runtime State Listener" />
</exclusive-start>
<sys-start reason="vm idle" id="2503" timestamp="2025-12-10T09:20:18.581" intervalms="612235.475" />
<cycle-start id="2504" type="global" contextid="0" timestamp="2025-12-10T09:20:18.583" intervalms="612235.027" />
<gc-start id="2505" type="global" contextid="2504" timestamp="2025-12-10T09:20:18.584">
  <mem-info id="2506" free="66496392" total="339607552" percent="19">
    <mem type="nursery" free="16399864" total="183762944" percent="8">
      <mem type="allocate" free="16399864" total="165347328" percent="9" />
      <mem type="survivor" free="0" total="18415616" percent="0" />
    </mem>
    <mem type="tenure" free="50096528" total="155844608" percent="32">
      <mem type="soa" free="42303888" total="148051968" percent="28" />
      <mem type="loa" free="7792640" total="7792640" percent="100" />
    </mem>
    <remembered-set count="555" />
  </mem-info>
</gc-start>
<allocation-stats totalBytes="148698696" discardedBytes="63928" >
  <allocated-bytes non-tlh="48" tlh="148698648" />
  <largest-consumer threadName="Timer-7" threadId="0000000000FF8F00" bytes="36290624" />
</allocation-stats>
<gc-op id="2507" type="mark" timems="74.108" contextid="2504" timestamp="2025-12-10T09:20:18.661">
  <trace-info objectcount="2088647" scancount="1799056" scanbytes="67852412" />
  <finalization candidates="901" enqueued="0" />
  <ownableSynchronizers candidates="33787" cleared="24152" />
  <references type="soft" candidates="7673" cleared="0" enqueued="0" dynamicThreshold="10" maxThreshold="32" />
  <references type="weak" candidates="17432" cleared="0" enqueued="0" />
  <references type="phantom" candidates="1430" cleared="0" enqueued="0" />
  <stringconstants candidates="52382" cleared="0"  />
  <object-monitors candidates="207" cleared="40"  />
</gc-op>
<gc-op id="2508" type="classunload" timems="0.058" contextid="2504" timestamp="2025-12-10T09:20:18.663">
  <classunload-info classloadercandidates="541" classloadersunloaded="0" classesunloaded="0" anonymousclassesunloaded="0" quiescems="0.000" setupms="0.058" scanms="0.000" postms="0.000" />
</gc-op>
<gc-op id="2509" type="sweep" timems="3.184" contextid="2504" timestamp="2025-12-10T09:20:18.667" />
<mem-info id="2510" free="215072032" total="339607552" percent="63">
  <mem type="nursery" free="164975504" total="183762944" percent="89">
    <mem type="allocate" free="164975504" total="165347328" percent="99" />
    <mem type="survivor" free="0" total="18415616" percent="0" />
  </mem>
  <mem type="tenure" free="50096528" total="155844608" percent="32" micro-fragmented="0" macro-fragmented="27735676">
    <mem type="soa" free="42303888" total="148051968" percent="28" />
    <mem type="loa" free="7792640" total="7792640" percent="100" />
  </mem>
  <remembered-set count="555" />
</mem-info>
<gc-op id="2511" type="compact" timems="43.006" contextid="2504" timestamp="2025-12-10T09:20:18.712">
  <compact-info movecount="13887" movebytes="706600" reason="compact on aggressive collection" />
</gc-op>
<gc-end id="2512" type="global" contextid="2504" durationms="128.625" usertimems="807.894" systemtimems="60.037" stalltimems="591.194" timestamp="2025-12-10T09:20:18.713" activeThreads="20">
  <mem-info id="2513" free="215275032" total="339607552" percent="63">
    <mem type="nursery" free="165177936" total="183762944" percent="89">
      <mem type="allocate" free="165177936" total="165347328" percent="99" />
      <mem type="survivor" free="0" total="18415616" percent="0" />
    </mem>
    <mem type="tenure" free="50097096" total="155844608" percent="32">
      <mem type="soa" free="42304456" total="148051968" percent="28" />
      <mem type="loa" free="7792640" total="7792640" percent="100" />
    </mem>
    <remembered-set count="555" />
  </mem-info>
</gc-end>
<cycle-end id="2514" type="global" contextid="2504" timestamp="2025-12-10T09:20:18.715" />
<sys-end id="2515" timestamp="2025-12-10T09:20:18.715" />
<exclusive-end id="2516" timestamp="2025-12-10T09:20:18.716" durationms="136.352" />

<heap-resize id="2517" type="release free pages" space="tenure" amount="50061312" count="1" timems="0.725" reason="idle" timestamp="2025-12-10T09:20:18.717" />
<exclusive-start id="2518" timestamp="2025-12-10T09:25:35.572" intervalms="316992.194">
  <response-info timems="0.070" idlems="0.070" threads="0" lastid="0000000000FF8F00" lastname="Timer-7" />
</exclusive-start>
<af-start id="2519" threadId="0000000000FF9978" totalBytesRequested="48" timestamp="2025-12-10T09:25:35.573" intervalms="605145.055" type="nursery" />
<cycle-start id="2520" type="scavenge" contextid="0" timestamp="2025-12-10T09:25:35.575" intervalms="605145.212" />
<gc-start id="2521" type="scavenge" contextid="2520" timestamp="2025-12-10T09:25:35.577">
  <mem-info id="2522" free="50097096" total="339607552" percent="14">
    <mem type="nursery" free="0" total="183762944" percent="0">
      <mem type="allocate" free="0" total="165347328" percent="0" />
      <mem type="survivor" free="0" total="18415616" percent="0" />
    </mem>
    <mem type="tenure" free="50097096" total="155844608" percent="32">
      <mem type="soa" free="42304456" total="148051968" percent="28" />
      <mem type="loa" free="7792640" total="7792640" percent="100" />
    </mem>
    <remembered-set count="557" />
  </mem-info>
</gc-start>
<allocation-stats totalBytes="165114144" discardedBytes="63792" >
  <allocated-bytes non-tlh="0" tlh="165114144" />
  <largest-consumer threadName="Timer-7" threadId="0000000000FF8F00" bytes="41205352" />
</allocation-stats>
<gc-op id="2523" type="scavenge" timems="26.196" contextid="2520" timestamp="2025-12-10T09:25:35.606">
  <scavenger-info tenureage="14" tenuremask="4000" tiltratio="89" />
  <memory-copied type="nursery" objects="2580" bytes="167880" bytesdiscarded="42936" />
  <ownableSynchronizers candidates="45718" cleared="45621" />
  <references type="weak" candidates="39" cleared="0" enqueued="0" />
  <references type="phantom" candidates="1" cleared="0" enqueued="0" />
  <object-monitors candidates="207" cleared="40"  />
</gc-op>
<gc-end id="2524" type="scavenge" contextid="2520" durationms="33.361" usertimems="5.305" systemtimems="14.724" stalltimems="174.060" timestamp="2025-12-10T09:25:35.610" activeThreads="20">
  <mem-info id="2525" free="215232960" total="339607552" percent="63">
    <mem type="nursery" free="165135864" total="183762944" percent="89">
      <mem type="allocate" free="165135864" total="165347328" percent="99" />
      <mem type="survivor" free="0" total="18415616" percent="0" />
    </mem>
    <mem type="tenure" free="50097096" total="155844608" percent="32" macro-fragmented="0">
      <mem type="soa" free="42304456" total="148051968" percent="28" />
      <mem type="loa" free="7792640" total="7792640" percent="100" />
    </mem>
    <remembered-set count="497" />
  </mem-info>
</gc-end>
<cycle-end id="2526" type="scavenge" contextid="2520" timestamp="2025-12-10T09:25:35.612" />
<allocation-satisfied id="2527" threadId="0000000000FF8F00" bytesRequested="48" />
<af-end id="2528" timestamp="2025-12-10T09:25:35.615" threadId="0000000000FF9978" success="true" from="nursery"/>
<exclusive-end id="2529" timestamp="2025-12-10T09:25:35.617" durationms="45.025" />

<exclusive-start id="2530" timestamp="2025-12-10T09:30:18.589" intervalms="283017.408">
  <response-info timems="0.099" idlems="0.099" threads="0" lastid="00000000001D0800" lastname="VM Runtime State Listener" />
</exclusive-start>
<sys-start reason="vm idle" id="2531" timestamp="2025-12-10T09:30:18.591" intervalms="600010.060" />
<cycle-start id="2532" type="global" contextid="0" timestamp="2025-12-10T09:30:18.593" intervalms="600010.556" />
<gc-start id="2533" type="global" contextid="2532" timestamp="2025-12-10T09:30:18.596">
  <mem-info id="2534" free="69464464" total="339607552" percent="20">
    <mem type="nursery" free="19367368" total="183762944" percent="10">
      <mem type="allocate" free="19367368" total="165347328" percent="11" />
      <mem type="survivor" free="0" total="18415616" percent="0" />
    </mem>
    <mem type="tenure" free="50097096" total="155844608" percent="32">
      <mem type="soa" free="42304456" total="148051968" percent="28" />
      <mem type="loa" free="7792640" total="7792640" percent="100" />
    </mem>
    <remembered-set count="554" />
  </mem-info>
</gc-start>
<allocation-stats totalBytes="145722040" discardedBytes="46456" >
  <allocated-bytes non-tlh="48" tlh="145721992" />
  <largest-consumer threadName="Timer-7" threadId="0000000000FF8F00" bytes="34530288" />
</allocation-stats>
<gc-op id="2535" type="mark" timems="78.886" contextid="2532" timestamp="2025-12-10T09:30:18.678">
  <trace-info objectcount="2088604" scancount="1798998" scanbytes="67851492" />
  <finalization candidates="901" enqueued="0" />
  <ownableSynchronizers candidates="33349" cleared="23714" />
  <references type="soft" candidates="7673" cleared="0" enqueued="0" dynamicThreshold="10" maxThreshold="32" />
  <references type="weak" candidates="17432" cleared="0" enqueued="0" />
  <references type="phantom" candidates="1430" cleared="0" enqueued="0" />
  <stringconstants candidates="52382" cleared="0"  />
  <object-monitors candidates="187" cleared="20"  />
</gc-op>
<gc-op id="2536" type="classunload" timems="0.056" contextid="2532" timestamp="2025-12-10T09:30:18.679">
  <classunload-info classloadercandidates="541" classloadersunloaded="0" classesunloaded="0" anonymousclassesunloaded="0" quiescems="0.000" setupms="0.055" scanms="0.000" postms="0.000" />
</gc-op>
<gc-op id="2537" type="sweep" timems="3.663" contextid="2532" timestamp="2025-12-10T09:30:18.683" />
<gc-end id="2538" type="global" contextid="2532" durationms="88.244" usertimems="672.108" systemtimems="0.000" stalltimems="615.075" timestamp="2025-12-10T09:30:18.684" activeThreads="20">
  <mem-info id="2539" free="215110624" total="339607552" percent="63">
    <mem type="nursery" free="165013528" total="183762944" percent="89">
      <mem type="allocate" free="165013528" total="165347328" percent="99" />
      <mem type="survivor" free="0" total="18415616" percent="0" />
    </mem>
    <mem type="tenure" free="50097096" total="155844608" percent="32" micro-fragmented="0" macro-fragmented="15725">
      <mem type="soa" free="42304456" total="148051968" percent="28" />
      <mem type="loa" free="7792640" total="7792640" percent="100" />
    </mem>
    <remembered-set count="554" />
  </mem-info>
</gc-end>
<cycle-end id="2540" type="global" contextid="2532" timestamp="2025-12-10T09:30:18.685" />
<sys-end id="2541" timestamp="2025-12-10T09:30:18.686" />
<exclusive-end id="2542" timestamp="2025-12-10T09:30:18.686" durationms="96.957" />

<heap-resize id="2543" type="release free pages" space="tenure" amount="50061312" count="1" timems="0.625" reason="idle" timestamp="2025-12-10T09:30:18.687" />
<exclusive-start id="2544" timestamp="2025-12-10T09:35:35.582" intervalms="316992.571">
  <response-info timems="0.100" idlems="0.100" threads="0" lastid="0000000000FF8F00" lastname="Timer-7" />
</exclusive-start>
<af-start id="2545" threadId="0000000000FF9978" totalBytesRequested="6816" timestamp="2025-12-10T09:35:35.584" intervalms="600010.144" type="nursery" />
<cycle-start id="2546" type="scavenge" contextid="0" timestamp="2025-12-10T09:35:35.585" intervalms="600010.236" />
<gc-start id="2547" type="scavenge" contextid="2546" timestamp="2025-12-10T09:35:35.587">
  <mem-info id="2548" free="50097096" total="339607552" percent="14">
    <mem type="nursery" free="0" total="183762944" percent="0">
      <mem type="allocate" free="0" total="165347328" percent="0" />
      <mem type="survivor" free="0" total="18415616" percent="0" />
    </mem>
    <mem type="tenure" free="50097096" total="155844608" percent="32">
      <mem type="soa" free="42304456" total="148051968" percent="28" />
      <mem type="loa" free="7792640" total="7792640" percent="100" />
    </mem>
    <remembered-set count="558" />
  </mem-info>
</gc-start>
<allocation-stats totalBytes="164958936" discardedBytes="54592" >
  <allocated-bytes non-tlh="2056" tlh="164956880" />
  <largest-consumer threadName="Timer-7" threadId="0000000000FF8F00" bytes="40715736" />
</allocation-stats>
<gc-op id="2549" type="scavenge" timems="59.610" contextid="2546" timestamp="2025-12-10T09:35:35.649">
  <scavenger-info tenureage="8" tenuremask="4100" tiltratio="89" />
  <memory-copied type="nursery" objects="2828" bytes="180640" bytesdiscarded="71712" />
  <memory-copied type="tenure" objects="7" bytes="2248" bytesdiscarded="0" />
  <ownableSynchronizers candidates="45796" cleared="45699" />
  <references type="weak" candidates="39" cleared="0" enqueued="0" />
  <references type="phantom" candidates="1" cleared="0" enqueued="0" />
  <object-monitors candidates="187" cleared="20"  />
</gc-op>
<gc-end id="2550" type="scavenge" contextid="2546" durationms="63.023" usertimems="7.085" systemtimems="17.749" stalltimems="442.725" timestamp="2025-12-10T09:35:35.650" activeThreads="20">
  <mem-info id="2551" free="215176896" total="339607552" percent="63">
    <mem type="nursery" free="165094392" total="183762944" percent="89">
      <mem type="allocate" free="165094392" total="165347328" percent="99" />
      <mem type="survivor" free="0" total="18415616" percent="0" />
    </mem>
    <mem type="tenure" free="50082504" total="155844608" percent="32" macro-fragmented="39733241">
      <mem type="soa" free="42289864" total="148051968" percent="28" />
      <mem type="loa" free="7792640" total="7792640" percent="100" />
    </mem>
    <remembered-set count="491" />
  </mem-info>
</gc-end>
<cycle-end id="2552" type="scavenge" contextid="2546" timestamp="2025-12-10T09:35:35.651" />
<allocation-satisfied id="2553" threadId="0000000000FF8F00" bytesRequested="6816" />
<af-end id="2554" timestamp="2025-12-10T09:35:35.653" threadId="0000000000FF9978" success="true" from="nursery"/>
<exclusive-end id="2555" timestamp="2025-12-10T09:35:35.653" durationms="71.691" />

<exclusive-start id="2556" timestamp="2025-12-10T09:40:54.779" intervalms="319197.430">
  <response-info timems="0.094" idlems="0.094" threads="0" lastid="00000000018AF000" lastname="Default Executor-thread-29" />
</exclusive-start>
<af-start id="2557" threadId="00000000018AFA78" totalBytesRequested="16" timestamp="2025-12-10T09:40:54.782" intervalms="319197.996" type="nursery" />
<cycle-start id="2558" type="scavenge" contextid="0" timestamp="2025-12-10T09:40:54.783" intervalms="319198.354" />
<gc-start id="2559" type="scavenge" contextid="2558" timestamp="2025-12-10T09:40:54.786">
  <mem-info id="2560" free="50082504" total="339607552" percent="14">
    <mem type="nursery" free="0" total="183762944" percent="0">
      <mem type="allocate" free="0" total="165347328" percent="0" />
      <mem type="survivor" free="0" total="18415616" percent="0" />
    </mem>
    <mem type="tenure" free="50082504" total="155844608" percent="32">
      <mem type="soa" free="42289864" total="148051968" percent="28" />
      <mem type="loa" free="7792640" total="7792640" percent="100" />
    </mem>
    <remembered-set count="549" />
  </mem-info>
</gc-start>
<allocation-stats totalBytes="165033784" discardedBytes="60608" >
  <allocated-bytes non-tlh="6816" tlh="165026968" />
  <largest-consumer threadName="Timer-7" threadId="0000000000FF8F00" bytes="40723704" />
</allocation-stats>
<gc-op id="2561" type="scavenge" timems="34.841" contextid="2558" timestamp="2025-12-10T09:40:54.824">
  <scavenger-info tenureage="14" tenuremask="4000" tiltratio="89" />
  <memory-copied type="nursery" objects="2564" bytes="165712" bytesdiscarded="316528" />
  <ownableSynchronizers candidates="26803" cleared="26706" />
  <references type="weak" candidates="39" cleared="0" enqueued="0" />
  <references type="phantom" candidates="1" cleared="0" enqueued="0" />
  <object-monitors candidates="167" cleared="0"  />
</gc-op>
<gc-end id="2562" type="scavenge" contextid="2558" durationms="40.623" usertimems="13.464" systemtimems="24.249" stalltimems="234.205" timestamp="2025-12-10T09:40:54.826" activeThreads="20">
  <mem-info id="2563" free="214947264" total="339607552" percent="63">
    <mem type="nursery" free="164864760" total="183762944" percent="89">
      <mem type="allocate" free="164864760" total="165347328" percent="99" />
      <mem type="survivor" free="0" total="18415616" percent="0" />
    </mem>
    <mem type="tenure" free="50082504" total="155844608" percent="32" macro-fragmented="23113062">
      <mem type="soa" free="42289864" total="148051968" percent="28" />
      <mem type="loa" free="7792640" total="7792640" percent="100" />
    </mem>
    <remembered-set count="490" />
  </mem-info>
</gc-end>
<cycle-end id="2564" type="scavenge" contextid="2558" timestamp="2025-12-10T09:40:54.828" />
<allocation-satisfied id="2565" threadId="00000000018AF000" bytesRequested="16" />
<af-end id="2566" timestamp="2025-12-10T09:40:54.830" threadId="00000000018AFA78" success="true" from="nursery"/>
<exclusive-end id="2567" timestamp="2025-12-10T09:40:54.831" durationms="51.656" />

<exclusive-start id="2568" timestamp="2025-12-10T21:16:21.547" intervalms="275511.226">
  <response-info timems="0.055" idlems="0.055" threads="0" lastid="0000000001951200" lastname="Framework stop - Equinox Container: 1f7f485a-4629-4767-9cc9-30e" />
</exclusive-start>
<af-start id="2569" threadId="0000000001951C78" totalBytesRequested="72" timestamp="2025-12-10T21:16:21.549" intervalms="275511.107" type="nursery" />
<cycle-start id="2570" type="scavenge" contextid="0" timestamp="2025-12-10T21:16:21.550" intervalms="275510.539" />
<gc-start id="2571" type="scavenge" contextid="2570" timestamp="2025-12-10T21:16:21.552">
  <mem-info id="2572" free="50024440" total="339607552" percent="14">
    <mem type="nursery" free="0" total="183762944" percent="0">
      <mem type="allocate" free="0" total="165347328" percent="0" />
      <mem type="survivor" free="0" total="18415616" percent="0" />
    </mem>
    <mem type="tenure" free="50024440" total="155844608" percent="32">
      <mem type="soa" free="42231800" total="148051968" percent="28" />
      <mem type="loa" free="7792640" total="7792640" percent="100" />
    </mem>
    <remembered-set count="4862" />
  </mem-info>
</gc-start>
<allocation-stats totalBytes="164845104" discardedBytes="77720" >
  <allocated-bytes non-tlh="548488" tlh="164296616" />
  <largest-consumer threadName="Timer-7" threadId="0000000000FF8F00" bytes="34062408" />
</allocation-stats>
<gc-op id="2573" type="scavenge" timems="6.245" contextid="2570" timestamp="2025-12-10T21:16:21.561">
  <scavenger-info tenureage="14" tenuremask="4000" tiltratio="89" />
  <memory-copied type="nursery" objects="16165" bytes="1393616" bytesdiscarded="1669816" />
  <finalization candidates="6" enqueued="6" />
  <ownableSynchronizers candidates="23106" cleared="22977" />
  <references type="soft" candidates="473" cleared="0" enqueued="0" dynamicThreshold="10" maxThreshold="32" />
  <references type="weak" candidates="481" cleared="171" enqueued="147" />
  <references type="phantom" candidates="66" cleared="3" enqueued="3" />
  <object-monitors candidates="197" cleared="14"  />
</gc-op>
<gc-end id="2574" type="scavenge" contextid="2570" durationms="11.054" usertimems="2.411" systemtimems="12.995" stalltimems="74.218" timestamp="2025-12-10T21:16:21.563" activeThreads="20">
  <mem-info id="2575" free="212307368" total="339607552" percent="62">
    <mem type="nursery" free="162282928" total="183762944" percent="88">
      <mem type="allocate" free="162282928" total="165347328" percent="98" />
      <mem type="survivor" free="0" total="18415616" percent="0" />
    </mem>
    <mem type="tenure" free="50024440" total="155844608" percent="32" macro-fragmented="19260884">
      <mem type="soa" free="42231800" total="148051968" percent="28" />
      <mem type="loa" free="7792640" total="7792640" percent="100" />
    </mem>
    <pending-finalizers system="6" default="0" reference="150" classloader="0" />
    <remembered-set count="3105" />
  </mem-info>
</gc-end>
<cycle-end id="2576" type="scavenge" contextid="2570" timestamp="2025-12-10T21:16:21.565" />
<allocation-satisfied id="2577" threadId="0000000001951200" bytesRequested="72" />
<af-end id="2578" timestamp="2025-12-10T21:16:21.567" threadId="0000000001951C78" success="true" from="nursery"/>
<exclusive-end id="2579" timestamp="2025-12-10T21:16:21.567" durationms="20.644" />

</verbosegc>

