<?xml version="1.0" ?>

<verbosegc xmlns="http://www.ibm.com/j9/verbosegc" version="266a8c6f5_CMPRSS">

<initialized id="1" timestamp="2025-12-10T21:29:53.601">
  <attribute name="gcPolicy" value="-Xgcpolicy:gencon" />
  <attribute name="maxHeapSize" value="0xf7440000" />
  <attribute name="initialHeapSize" value="0x800000" />
  <attribute name="compressedRefs" value="true" />
  <attribute name="compressedRefsDisplacement" value="0x0" />
  <attribute name="compressedRefsShift" value="0x3" />
  <attribute name="pageSize" value="0x1000" />
  <attribute name="pageType" value="not used" />
  <attribute name="requestedPageSize" value="0x1000" />
  <attribute name="requestedPageType" value="not used" />
  <attribute name="gcthreads" value="20" />
  <attribute name="gcthreads Concurrent Mark" value="1" />
  <attribute name="packetListSplit" value="3" />
  <attribute name="cacheListSplit" value="3" />
  <attribute name="splitFreeListSplitAmount" value="3" />
  <attribute name="numaNodes" value="0" />
  <system>
    <attribute name="physicalMemory" value="16593891328" />
    <attribute name="addressablePhysicalMemory" value="16593891328" />
    <attribute name="container memory limit set" value="false" />
    <attribute name="numCPUs" value="20" />
    <attribute name="numCPUs active" value="20" />
    <attribute name="architecture" value="amd64" />
    <attribute name="os" value="Linux" />
    <attribute name="osVersion" value="6.6.87.2-microsoft-standard-WSL2" />
  </system>
  <vmargs>
    <vmarg name="-Xoptionsfile=/opt/java/openjdk/lib/options.default" />
    <vmarg name="-Xlockword:mode=default,noLockword=java/lang/String,noLockword=java/util/MapEntry,noLockword=java/util/HashMap$Entry,noLockword..." />
    <vmarg name="-XX:+EnsureHashed:java/lang/Class,java/lang/Thread" />
    <vmarg name="-Xjcl:jclse29" />
    <vmarg name="-Dcom.ibm.oti.vm.bootstrap.library.path=/opt/java/openjdk/lib/default:/opt/java/openjdk/lib" />
    <vmarg name="-Dsun.boot.library.path=/opt/java/openjdk/lib/default:/opt/java/openjdk/lib" />
    <vmarg name="-Djava.library.path=/opt/java/openjdk/lib/default:/opt/java/openjdk/lib:/usr/lib64:/usr/lib" />
    <vmarg name="-Djava.home=/opt/java/openjdk" />
    <vmarg name="-Duser.dir=/opt/ibm/wlp/output/defaultServer" />
    <vmarg name="-XX:+IgnoreUnrecognizedVMOptions" />
    <vmarg name="-XX:+PortableSharedCache" />
    <vmarg name="-XX:+IdleTuningGcOnIdle" />
    <vmarg name="-Xshareclasses:name=openj9_system_scc,cacheDir=/opt/java/.scc,readonly,nonFatal" />
    <vmarg name="-Xverbosegclog:/logs/verbosegc.%seq.log,10,1024" />
    <vmarg name="-Djdk.nativePBKDF2=true" />
    <vmarg name="-XX:+IgnoreUnrecognizedVMOptions" />
    <vmarg name="-XX:+IdleTuningGcOnIdle" />
    <vmarg name="-Xshareclasses:name=openj9_system_scc,cacheDir=/opt/java/.scc,readonly,nonFatal" />
    <vmarg name="-Dosgi.checkConfiguration=false" />
    <vmarg name="-Djdk.nativePBKDF2=true" />
    <vmarg name="-XX:+IgnoreUnrecognizedVMOptions" />
    <vmarg name="-XX:+IdleTuningGcOnIdle" />
    <vmarg name="-Xshareclasses:name=openj9_system_scc,cacheDir=/opt/java/.scc,readonly,nonFatal" />
    <vmarg name="-Dosgi.checkConfiguration=false" />
    <vmarg name="-javaagent:/opt/ibm/wlp/bin/tools/ws-javaagent.jar" />
    <vmarg name="-Djava.awt.headless=true" />
    <vmarg name="-Djdk.attach.allowAttachSelf=true" />
    <vmarg name="-Xbootclasspath/a:/opt/ibm/zosconnect/lib/icu4j-71.1.jar:/opt/ibm/zosconnect/lib/icu4j-charset-71.1.jar" />
    <vmarg name="--add-exports=java.base/sun.security.action=ALL-UNNAMED" />
    <vmarg name="--add-exports=java.naming/com.sun.jndi.ldap=ALL-UNNAMED" />
    <vmarg name="--add-exports=java.naming/com.sun.jndi.url.ldap=ALL-UNNAMED" />
    <vmarg name="--add-exports=jdk.naming.dns/com.sun.jndi.dns=ALL-UNNAMED" />
    <vmarg name="--add-exports=jdk.naming.dns/com.sun.jndi.url.dns=ALL-UNNAMED" />
    <vmarg name="--add-exports=java.security.jgss/sun.security.krb5.internal=ALL-UNNAMED" />
    <vmarg name="--add-exports=jdk.attach/sun.tools.attach=ALL-UNNAMED" />
    <vmarg name="--add-opens=java.base/java.util=ALL-UNNAMED" />
    <vmarg name="--add-opens=java.base/java.lang=ALL-UNNAMED" />
    <vmarg name="--add-opens=java.base/java.util.concurrent=ALL-UNNAMED" />
    <vmarg name="--add-opens=java.base/java.io=ALL-UNNAMED" />
    <vmarg name="--add-opens=java.base/java.nio=ALL-UNNAMED" />
    <vmarg name="--add-opens=java.base/sun.nio.ch=ALL-UNNAMED" />
    <vmarg name="--add-opens=java.naming/javax.naming.spi=ALL-UNNAMED" />
    <vmarg name="--add-opens=java.naming/com.sun.naming.internal=ALL-UNNAMED" />
    <vmarg name="--add-opens=jdk.naming.rmi/com.sun.jndi.url.rmi=ALL-UNNAMED" />
    <vmarg name="--add-opens=java.naming/javax.naming=ALL-UNNAMED" />
    <vmarg name="--add-opens=java.rmi/java.rmi=ALL-UNNAMED" />
    <vmarg name="--add-opens=java.sql/java.sql=ALL-UNNAMED" />
    <vmarg name="--add-opens=java.management/javax.management=ALL-UNNAMED" />
    <vmarg name="--add-opens=java.base/java.lang.reflect=ALL-UNNAMED" />
    <vmarg name="--add-opens=java.desktop/java.awt.image=ALL-UNNAMED" />
    <vmarg name="--add-opens=java.base/java.security=ALL-UNNAMED" />
    <vmarg name="--add-opens=java.base/java.net=ALL-UNNAMED" />
    <vmarg name="--add-opens=java.base/java.text=ALL-UNNAMED" />
    <vmarg name="--add-opens=java.base/sun.net.www.protocol.https=ALL-UNNAMED" />
    <vmarg name="--add-exports=jdk.management.agent/jdk.internal.agent=ALL-UNNAMED" />
    <vmarg name="--add-exports=java.base/jdk.internal.vm=ALL-UNNAMED" />
    <vmarg name="-Djava.class.path=/opt/ibm/wlp/bin/tools/ws-server.jar" />
    <vmarg name="-Dsun.java.command=/opt/ibm/wlp/bin/tools/ws-server.jar defaultServer --clean" />
    <vmarg name="-Dsun.java.launcher=SUN_STANDARD" />
  </vmargs>
</initialized>

<exclusive-start id="2" timestamp="2025-12-10T21:29:53.997" intervalms="396.213">
  <response-info timems="0.044" idlems="0.044" threads="0" lastid="0000000000025A00" lastname="main" />
</exclusive-start>
<af-start id="3" threadId="0000000000026478" totalBytesRequested="8200" timestamp="2025-12-10T21:29:53.998" intervalms="397.094" type="nursery" />
<cycle-start id="4" type="scavenge" contextid="0" timestamp="2025-12-10T21:29:53.999" intervalms="397.799" />
<gc-start id="5" type="scavenge" contextid="4" timestamp="2025-12-10T21:29:54.000">
  <mem-info id="6" free="6072872" total="8388608" percent="72">
    <mem type="nursery" free="0" total="2097152" percent="0">
      <mem type="allocate" free="0" total="1048576" percent="0" />
      <mem type="survivor" free="0" total="1048576" percent="0" />
    </mem>
    <mem type="tenure" free="6072872" total="6291456" percent="96">
      <mem type="soa" free="5757480" total="5976064" percent="96" />
      <mem type="loa" free="315392" total="315392" percent="100" />
    </mem>
    <remembered-set count="3062" />
  </mem-info>
</gc-start>
<allocation-stats totalBytes="1261680" discardedBytes="5480" >
  <allocated-bytes non-tlh="234976" tlh="1026704" />
  <largest-consumer threadName="main" threadId="0000000000025A00" bytes="1175664" />
</allocation-stats>
<gc-op id="7" type="scavenge" timems="2.189" contextid="4" timestamp="2025-12-10T21:29:54.003">
  <scavenger-info tenureage="2" tenuremask="fffc" tiltratio="50" />
  <memory-copied type="nursery" objects="10198" bytes="475696" bytesdiscarded="68152" />
  <finalization candidates="170" enqueued="106" />
  <ownableSynchronizers candidates="1" cleared="0" />
  <references type="soft" candidates="18" cleared="0" enqueued="0" dynamicThreshold="32" maxThreshold="32" />
  <references type="weak" candidates="126" cleared="26" enqueued="26" />
  <references type="phantom" candidates="24" cleared="5" enqueued="5" />
  <object-monitors candidates="1" cleared="0"  />
</gc-op>
<gc-end id="8" type="scavenge" contextid="4" durationms="3.857" usertimems="0.287" systemtimems="4.523" stalltimems="4.061" timestamp="2025-12-10T21:29:54.004" activeThreads="4">
  <mem-info id="9" free="6576400" total="8388608" percent="78">
    <mem type="nursery" free="503528" total="2097152" percent="24">
      <mem type="allocate" free="503528" total="1048576" percent="48" />
      <mem type="survivor" free="0" total="1048576" percent="0" />
    </mem>
    <mem type="tenure" free="6072872" total="6291456" percent="96">
      <mem type="soa" free="5757480" total="5976064" percent="96" />
      <mem type="loa" free="315392" total="315392" percent="100" />
    </mem>
    <pending-finalizers system="106" default="0" reference="31" classloader="0" />
    <remembered-set count="3062" />
  </mem-info>
</gc-end>
<cycle-end id="10" type="scavenge" contextid="4" timestamp="2025-12-10T21:29:54.004" />
<allocation-satisfied id="11" threadId="0000000000025A00" bytesRequested="8200" />
<af-end id="12" timestamp="2025-12-10T21:29:54.005" threadId="0000000000026478" success="true" from="nursery"/>
<exclusive-end id="13" timestamp="2025-12-10T21:29:54.006" durationms="8.579" />

<exclusive-start id="14" timestamp="2025-12-10T21:29:54.046" intervalms="48.861">
  <response-info timems="0.048" idlems="0.048" threads="0" lastid="0000000000025A00" lastname="main" />
</exclusive-start>
<af-start id="15" threadId="0000000000026478" totalBytesRequested="13408" timestamp="2025-12-10T21:29:54.047" intervalms="48.748" type="nursery" />
<cycle-start id="16" type="scavenge" contextid="0" timestamp="2025-12-10T21:29:54.048" intervalms="48.750" />
<gc-start id="17" type="scavenge" contextid="16" timestamp="2025-12-10T21:29:54.048">
  <mem-info id="18" free="6024792" total="8388608" percent="71">
    <mem type="nursery" free="0" total="2097152" percent="0">
      <mem type="allocate" free="0" total="1048576" percent="0" />
      <mem type="survivor" free="0" total="1048576" percent="0" />
    </mem>
    <mem type="tenure" free="6024792" total="6291456" percent="95">
      <mem type="soa" free="5709400" total="5976064" percent="95" />
      <mem type="loa" free="315392" total="315392" percent="100" />
    </mem>
    <remembered-set count="3903" />
  </mem-info>
</gc-start>
<allocation-stats totalBytes="544944" discardedBytes="6664" >
  <allocated-bytes non-tlh="56280" tlh="488664" />
  <largest-consumer threadName="main" threadId="0000000000025A00" bytes="470416" />
</allocation-stats>
<gc-op id="19" type="scavenge" timems="2.338" contextid="16" timestamp="2025-12-10T21:29:54.052">
  <scavenger-info tenureage="5" tenuremask="7fe0" tiltratio="50" />
  <memory-copied type="nursery" objects="11551" bytes="520752" bytesdiscarded="61896" />
  <finalization candidates="119" enqueued="35" />
  <ownableSynchronizers candidates="1" cleared="0" />
  <references type="soft" candidates="39" cleared="0" enqueued="0" dynamicThreshold="32" maxThreshold="32" />
  <references type="weak" candidates="208" cleared="84" enqueued="84" />
  <references type="phantom" candidates="21" cleared="3" enqueued="3" />
  <object-monitors candidates="1" cleared="0"  />
</gc-op>
<gc-end id="20" type="scavenge" contextid="16" durationms="4.037" usertimems="2.645" systemtimems="2.012" stalltimems="2.615" timestamp="2025-12-10T21:29:54.053" activeThreads="3">
  <mem-info id="21" free="6489416" total="8388608" percent="77">
    <mem type="nursery" free="464624" total="2097152" percent="22">
      <mem type="allocate" free="464624" total="1048576" percent="44" />
      <mem type="survivor" free="0" total="1048576" percent="0" />
    </mem>
    <mem type="tenure" free="6024792" total="6291456" percent="95">
      <mem type="soa" free="5709400" total="5976064" percent="95" />
      <mem type="loa" free="315392" total="315392" percent="100" />
    </mem>
    <pending-finalizers system="35" default="0" reference="87" classloader="0" />
    <remembered-set count="3903" />
  </mem-info>
</gc-end>
<cycle-end id="22" type="scavenge" contextid="16" timestamp="2025-12-10T21:29:54.053" />
<allocation-satisfied id="23" threadId="0000000000025A00" bytesRequested="13408" />
<af-end id="24" timestamp="2025-12-10T21:29:54.054" threadId="0000000000026478" success="true" from="nursery"/>
<exclusive-end id="25" timestamp="2025-12-10T21:29:54.055" durationms="8.406" />

<exclusive-start id="26" timestamp="2025-12-10T21:29:54.079" intervalms="33.058">
  <response-info timems="0.036" idlems="0.036" threads="0" lastid="0000000000025A00" lastname="main" />
</exclusive-start>
<af-start id="27" threadId="0000000000026478" totalBytesRequested="2056" timestamp="2025-12-10T21:29:54.080" intervalms="33.027" type="nursery" />
<cycle-start id="28" type="scavenge" contextid="0" timestamp="2025-12-10T21:29:54.081" intervalms="32.980" />
<gc-start id="29" type="scavenge" contextid="28" timestamp="2025-12-10T21:29:54.081">
  <mem-info id="30" free="6016056" total="8388608" percent="71">
    <mem type="nursery" free="0" total="2097152" percent="0">
      <mem type="allocate" free="0" total="1048576" percent="0" />
      <mem type="survivor" free="0" total="1048576" percent="0" />
    </mem>
    <mem type="tenure" free="6016056" total="6291456" percent="95">
      <mem type="soa" free="5700664" total="5976064" percent="95" />
      <mem type="loa" free="315392" total="315392" percent="100" />
    </mem>
    <remembered-set count="4009" />
  </mem-info>
</gc-start>
<allocation-stats totalBytes="451368" discardedBytes="21992" >
  <allocated-bytes non-tlh="22144" tlh="429224" />
  <largest-consumer threadName="main" threadId="0000000000025A00" bytes="451368" />
</allocation-stats>
<gc-op id="31" type="scavenge" timems="2.951" contextid="28" timestamp="2025-12-10T21:29:54.086">
  <scavenger-info tenureage="4" tenuremask="7ff0" tiltratio="50" />
  <memory-copied type="nursery" objects="12283" bytes="571968" bytesdiscarded="37360" />
  <finalization candidates="86" enqueued="1" />
  <ownableSynchronizers candidates="1" cleared="0" />
  <references type="soft" candidates="41" cleared="0" enqueued="0" dynamicThreshold="32" maxThreshold="32" />
  <references type="weak" candidates="174" cleared="50" enqueued="50" />
  <references type="phantom" candidates="20" cleared="1" enqueued="1" />
  <object-monitors candidates="1" cleared="0"  />
</gc-op>
<heap-resize id="32" type="expand" space="nursery" amount="262144" count="1" timems="0.054" reason="excessive time being spent scavenging" timestamp="2025-12-10T21:29:54.086" />
<gc-end id="33" type="scavenge" contextid="28" durationms="5.616" usertimems="5.426" systemtimems="0.872" stalltimems="3.615" timestamp="2025-12-10T21:29:54.087" activeThreads="3">
  <mem-info id="34" free="6585088" total="8650752" percent="76">
    <mem type="nursery" free="569032" total="2359296" percent="24">
      <mem type="allocate" free="569032" total="1179648" percent="48" />
      <mem type="survivor" free="0" total="1179648" percent="0" />
    </mem>
    <mem type="tenure" free="6016056" total="6291456" percent="95">
      <mem type="soa" free="5700664" total="5976064" percent="95" />
      <mem type="loa" free="315392" total="315392" percent="100" />
    </mem>
    <pending-finalizers system="1" default="0" reference="51" classloader="0" />
    <remembered-set count="1748" />
  </mem-info>
</gc-end>
<cycle-end id="35" type="scavenge" contextid="28" timestamp="2025-12-10T21:29:54.088" />
<allocation-satisfied id="36" threadId="0000000000025A00" bytesRequested="2056" />
<af-end id="37" timestamp="2025-12-10T21:29:54.089" threadId="0000000000026478" success="true" from="nursery"/>
<exclusive-end id="38" timestamp="2025-12-10T21:29:54.090" durationms="10.271" />

<exclusive-start id="39" timestamp="2025-12-10T21:29:54.251" intervalms="171.672">
  <response-info timems="0.044" idlems="0.044" threads="0" lastid="0000000000025A00" lastname="main" />
</exclusive-start>
<af-start id="40" threadId="0000000000026478" totalBytesRequested="24" timestamp="2025-12-10T21:29:54.252" intervalms="171.633" type="nursery" />
<cycle-start id="41" type="scavenge" contextid="0" timestamp="2025-12-10T21:29:54.253" intervalms="171.720" />
<gc-start id="42" type="scavenge" contextid="41" timestamp="2025-12-10T21:29:54.253">
  <mem-info id="43" free="5999800" total="8650752" percent="69">
    <mem type="nursery" free="0" total="2359296" percent="0">
      <mem type="allocate" free="0" total="1179648" percent="0" />
      <mem type="survivor" free="0" total="1179648" percent="0" />
    </mem>
    <mem type="tenure" free="5999800" total="6291456" percent="95">
      <mem type="soa" free="5684408" total="5976064" percent="95" />
      <mem type="loa" free="315392" total="315392" percent="100" />
    </mem>
    <remembered-set count="1970" />
  </mem-info>
</gc-start>
<allocation-stats totalBytes="584744" discardedBytes="544" >
  <allocated-bytes non-tlh="18312" tlh="566432" />
  <largest-consumer threadName="main" threadId="0000000000025A00" bytes="584744" />
</allocation-stats>
<gc-op id="44" type="scavenge" timems="2.245" contextid="41" timestamp="2025-12-10T21:29:54.257">
  <scavenger-info tenureage="3" tenuremask="fff8" tiltratio="50" />
  <memory-copied type="nursery" objects="2367" bytes="83968" bytesdiscarded="75032" />
  <memory-copied type="tenure" objects="9961" bytes="464008" bytesdiscarded="1672" />
  <finalization candidates="128" enqueued="26" />
  <ownableSynchronizers candidates="3" cleared="0" />
  <references type="soft" candidates="39" cleared="0" enqueued="0" dynamicThreshold="32" maxThreshold="32" />
  <references type="weak" candidates="103" cleared="57" enqueued="57" />
  <references type="phantom" candidates="4" cleared="3" enqueued="3" />
  <object-monitors candidates="1" cleared="0"  />
</gc-op>
<gc-end id="45" type="scavenge" contextid="41" durationms="4.216" usertimems="2.938" systemtimems="2.566" stalltimems="1.902" timestamp="2025-12-10T21:29:54.257" activeThreads="3">
  <mem-info id="46" free="6526264" total="8650752" percent="75">
    <mem type="nursery" free="1020424" total="2359296" percent="43">
      <mem type="allocate" free="1020424" total="1179648" percent="86" />
      <mem type="survivor" free="0" total="1179648" percent="0" />
    </mem>
    <mem type="tenure" free="5505840" total="6291456" percent="87">
      <mem type="soa" free="5190448" total="5976064" percent="86" />
      <mem type="loa" free="315392" total="315392" percent="100" />
    </mem>
    <pending-finalizers system="26" default="0" reference="60" classloader="0" />
    <remembered-set count="521" />
  </mem-info>
</gc-end>
<cycle-end id="47" type="scavenge" contextid="41" timestamp="2025-12-10T21:29:54.258" />
<allocation-satisfied id="48" threadId="0000000000025A00" bytesRequested="24" />
<af-end id="49" timestamp="2025-12-10T21:29:54.259" threadId="0000000000026478" success="true" from="nursery"/>
<exclusive-end id="50" timestamp="2025-12-10T21:29:54.260" durationms="8.924" />

<exclusive-start id="51" timestamp="2025-12-10T21:29:54.298" intervalms="46.992">
  <response-info timems="0.277" idlems="0.214" threads="1" lastid="0000000000029600" lastname="JIT Compilation Thread-000" />
</exclusive-start>
<af-start id="52" threadId="0000000000026478" totalBytesRequested="482208" timestamp="2025-12-10T21:29:54.299" intervalms="47.033" type="nursery" />
<cycle-start id="53" type="scavenge" contextid="0" timestamp="2025-12-10T21:29:54.300" intervalms="47.085" />
<gc-start id="54" type="scavenge" contextid="53" timestamp="2025-12-10T21:29:54.301">
  <mem-info id="55" free="5694184" total="8650752" percent="65">
    <mem type="nursery" free="250352" total="2359296" percent="10">
      <mem type="allocate" free="250352" total="1179648" percent="21" />
      <mem type="survivor" free="0" total="1179648" percent="0" />
    </mem>
    <mem type="tenure" free="5443832" total="6291456" percent="86">
      <mem type="soa" free="5128440" total="5976064" percent="85" />
      <mem type="loa" free="315392" total="315392" percent="100" />
    </mem>
    <remembered-set count="1547" />
  </mem-info>
</gc-start>
<allocation-stats totalBytes="831944" discardedBytes="136" >
  <allocated-bytes non-tlh="62032" tlh="769912" />
  <largest-consumer threadName="main" threadId="0000000000025A00" bytes="831944" />
</allocation-stats>
<gc-op id="56" type="scavenge" timems="2.094" contextid="53" timestamp="2025-12-10T21:29:54.304">
  <scavenger-info tenureage="3" tenuremask="fff8" tiltratio="50" />
  <memory-copied type="nursery" objects="7681" bytes="348176" bytesdiscarded="64928" />
  <memory-copied type="tenure" objects="1229" bytes="44408" bytesdiscarded="0" />
  <finalization candidates="115" enqueued="46" />
  <ownableSynchronizers candidates="2" cleared="0" />
  <references type="soft" candidates="79" cleared="0" enqueued="0" dynamicThreshold="32" maxThreshold="32" />
  <references type="weak" candidates="88" cleared="33" enqueued="33" />
  <references type="phantom" candidates="12" cleared="7" enqueued="7" />
  <object-monitors candidates="1" cleared="0"  />
</gc-op>
<heap-resize id="57" type="expand" space="nursery" amount="131072" count="1" timems="0.047" reason="excessive time being spent scavenging" timestamp="2025-12-10T21:29:54.305" />
<gc-end id="58" type="scavenge" contextid="53" durationms="4.721" usertimems="2.776" systemtimems="2.172" stalltimems="2.276" timestamp="2025-12-10T21:29:54.305" activeThreads="3">
  <mem-info id="59" free="6178512" total="8781824" percent="70">
    <mem type="nursery" free="831712" total="2490368" percent="33">
      <mem type="allocate" free="831712" total="1245184" percent="66" />
      <mem type="survivor" free="0" total="1245184" percent="0" />
    </mem>
    <mem type="tenure" free="5346800" total="6291456" percent="84">
      <mem type="soa" free="5031408" total="5976064" percent="84" />
      <mem type="loa" free="315392" total="315392" percent="100" />
    </mem>
    <pending-finalizers system="46" default="0" reference="40" classloader="0" />
    <remembered-set count="1403" />
  </mem-info>
</gc-end>
<cycle-end id="60" type="scavenge" contextid="53" timestamp="2025-12-10T21:29:54.306" />
<allocation-satisfied id="61" threadId="0000000000025A00" bytesRequested="482208" />
<af-end id="62" timestamp="2025-12-10T21:29:54.307" threadId="0000000000026478" success="true" from="nursery"/>
<exclusive-end id="63" timestamp="2025-12-10T21:29:54.308" durationms="9.495" />

<exclusive-start id="64" timestamp="2025-12-10T21:29:54.319" intervalms="20.615">
  <response-info timems="0.063" idlems="0.063" threads="0" lastid="0000000000025A00" lastname="main" />
</exclusive-start>
<af-start id="65" threadId="0000000000026478" totalBytesRequested="16392" timestamp="2025-12-10T21:29:54.319" intervalms="20.538" type="nursery" />
<cycle-start id="66" type="scavenge" contextid="0" timestamp="2025-12-10T21:29:54.320" intervalms="20.380" />
<gc-start id="67" type="scavenge" contextid="66" timestamp="2025-12-10T21:29:54.321">
  <mem-info id="68" free="5294728" total="8781824" percent="60">
    <mem type="nursery" free="0" total="2490368" percent="0">
      <mem type="allocate" free="0" total="1245184" percent="0" />
      <mem type="survivor" free="0" total="1245184" percent="0" />
    </mem>
    <mem type="tenure" free="5294728" total="6291456" percent="84">
      <mem type="soa" free="4979336" total="5976064" percent="83" />
      <mem type="loa" free="315392" total="315392" percent="100" />
    </mem>
    <remembered-set count="2366" />
  </mem-info>
</gc-start>
<allocation-stats totalBytes="862128" discardedBytes="21656" >
  <allocated-bytes non-tlh="598008" tlh="264120" />
  <largest-consumer threadName="main" threadId="0000000000025A00" bytes="862128" />
</allocation-stats>
<gc-op id="69" type="scavenge" timems="1.614" contextid="66" timestamp="2025-12-10T21:29:54.323">
  <scavenger-info tenureage="3" tenuremask="7ff8" tiltratio="50" />
  <memory-copied type="nursery" objects="8069" bytes="955832" bytesdiscarded="45840" />
  <memory-copied type="tenure" objects="457" bytes="16360" bytesdiscarded="104" />
  <finalization candidates="56" enqueued="4" />
  <ownableSynchronizers candidates="2" cleared="0" />
  <references type="soft" candidates="88" cleared="0" enqueued="0" dynamicThreshold="32" maxThreshold="32" />
  <references type="weak" candidates="59" cleared="1" enqueued="1" />
  <references type="phantom" candidates="9" cleared="1" enqueued="1" />
  <object-monitors candidates="1" cleared="0"  />
</gc-op>
<heap-resize id="70" type="expand" space="nursery" amount="262144" count="1" timems="0.044" reason="excessive time being spent scavenging" timestamp="2025-12-10T21:29:54.324" />
<gc-end id="71" type="scavenge" contextid="66" durationms="3.939" usertimems="2.052" systemtimems="1.563" stalltimems="1.767" timestamp="2025-12-10T21:29:54.325" activeThreads="3">
  <mem-info id="72" free="5606824" total="9043968" percent="61">
    <mem type="nursery" free="374304" total="2752512" percent="13">
      <mem type="allocate" free="374304" total="1376256" percent="27" />
      <mem type="survivor" free="0" total="1376256" percent="0" />
    </mem>
    <mem type="tenure" free="5232520" total="6291456" percent="83">
      <mem type="soa" free="4917128" total="5976064" percent="82" />
      <mem type="loa" free="315392" total="315392" percent="100" />
    </mem>
    <pending-finalizers system="4" default="0" reference="2" classloader="0" />
    <remembered-set count="2148" />
  </mem-info>
</gc-end>
<cycle-end id="73" type="scavenge" contextid="66" timestamp="2025-12-10T21:29:54.325" />
<allocation-satisfied id="74" threadId="0000000000025A00" bytesRequested="16392" />
<af-end id="75" timestamp="2025-12-10T21:29:54.326" threadId="0000000000026478" success="true" from="nursery"/>
<exclusive-end id="76" timestamp="2025-12-10T21:29:54.327" durationms="7.934" />

<exclusive-start id="77" timestamp="2025-12-10T21:29:54.344" intervalms="25.150">
  <response-info timems="0.047" idlems="0.047" threads="0" lastid="0000000000025A00" lastname="main" />
</exclusive-start>
<af-start id="78" threadId="0000000000026478" totalBytesRequested="64" timestamp="2025-12-10T21:29:54.344" intervalms="25.142" type="nursery" />
<cycle-start id="79" type="scavenge" contextid="0" timestamp="2025-12-10T21:29:54.345" intervalms="25.099" />
<gc-start id="80" type="scavenge" contextid="79" timestamp="2025-12-10T21:29:54.346">
  <mem-info id="81" free="5230456" total="9043968" percent="57">
    <mem type="nursery" free="0" total="2752512" percent="0">
      <mem type="allocate" free="0" total="1376256" percent="0" />
      <mem type="survivor" free="0" total="1376256" percent="0" />
    </mem>
    <mem type="tenure" free="5230456" total="6291456" percent="83">
      <mem type="soa" free="4915064" total="5976064" percent="82" />
      <mem type="loa" free="315392" total="315392" percent="100" />
    </mem>
    <remembered-set count="2186" />
  </mem-info>
</gc-start>
<allocation-stats totalBytes="376224" discardedBytes="144" >
  <allocated-bytes non-tlh="18456" tlh="357768" />
  <largest-consumer threadName="main" threadId="0000000000025A00" bytes="376224" />
</allocation-stats>
<gc-op id="82" type="scavenge" timems="2.326" contextid="79" timestamp="2025-12-10T21:29:54.349">
  <scavenger-info tenureage="3" tenuremask="7ff8" tiltratio="50" />
  <memory-copied type="nursery" objects="10681" bytes="1051816" bytesdiscarded="31664" />
  <memory-copied type="tenure" objects="447" bytes="15096" bytesdiscarded="0" />
  <finalization candidates="51" enqueued="0" />
  <ownableSynchronizers candidates="2" cleared="0" />
  <references type="soft" candidates="72" cleared="0" enqueued="0" dynamicThreshold="32" maxThreshold="32" />
  <references type="weak" candidates="55" cleared="16" enqueued="16" />
  <references type="phantom" candidates="6" cleared="0" enqueued="0" />
  <object-monitors candidates="1" cleared="0"  />
</gc-op>
<heap-resize id="83" type="expand" space="nursery" amount="262144" count="1" timems="0.053" reason="excessive time being spent scavenging" timestamp="2025-12-10T21:29:54.350" />
<gc-end id="84" type="scavenge" contextid="79" durationms="4.814" usertimems="4.873" systemtimems="0.444" stalltimems="2.727" timestamp="2025-12-10T21:29:54.350" activeThreads="3">
  <mem-info id="85" free="5624896" total="9306112" percent="60">
    <mem type="nursery" free="423624" total="3014656" percent="14">
      <mem type="allocate" free="423624" total="1507328" percent="28" />
      <mem type="survivor" free="0" total="1507328" percent="0" />
    </mem>
    <mem type="tenure" free="5201272" total="6291456" percent="82">
      <mem type="soa" free="4885880" total="5976064" percent="81" />
      <mem type="loa" free="315392" total="315392" percent="100" />
    </mem>
    <pending-finalizers system="0" default="0" reference="16" classloader="0" />
    <remembered-set count="1193" />
  </mem-info>
</gc-end>
<cycle-end id="86" type="scavenge" contextid="79" timestamp="2025-12-10T21:29:54.351" />
<allocation-satisfied id="87" threadId="0000000000025A00" bytesRequested="64" />
<af-end id="88" timestamp="2025-12-10T21:29:54.352" threadId="0000000000026478" success="true" from="nursery"/>
<exclusive-end id="89" timestamp="2025-12-10T21:29:54.353" durationms="8.930" />

<exclusive-start id="90" timestamp="2025-12-10T21:29:54.355" intervalms="11.663">
  <response-info timems="0.046" idlems="0.046" threads="0" lastid="0000000000025A00" lastname="main" />
</exclusive-start>
<af-start id="91" threadId="0000000000026478" totalBytesRequested="64" timestamp="2025-12-10T21:29:54.356" intervalms="11.663" type="nursery" />
<cycle-start id="92" type="scavenge" contextid="0" timestamp="2025-12-10T21:29:54.357" intervalms="11.794" />
<gc-start id="93" type="scavenge" contextid="92" timestamp="2025-12-10T21:29:54.357">
  <mem-info id="94" free="5201040" total="9306112" percent="55">
    <mem type="nursery" free="0" total="3014656" percent="0">
      <mem type="allocate" free="0" total="1507328" percent="0" />
      <mem type="survivor" free="0" total="1507328" percent="0" />
    </mem>
    <mem type="tenure" free="5201040" total="6291456" percent="82">
      <mem type="soa" free="4885648" total="5976064" percent="81" />
      <mem type="loa" free="315392" total="315392" percent="100" />
    </mem>
    <remembered-set count="1198" />
  </mem-info>
</gc-start>
<allocation-stats totalBytes="423216" discardedBytes="640" >
  <allocated-bytes non-tlh="296" tlh="422920" />
  <largest-consumer threadName="main" threadId="0000000000025A00" bytes="423216" />
</allocation-stats>
<gc-op id="95" type="scavenge" timems="1.678" contextid="92" timestamp="2025-12-10T21:29:54.360">
  <scavenger-info tenureage="2" tenuremask="7ffc" tiltratio="50" />
  <memory-copied type="nursery" objects="6525" bytes="251120" bytesdiscarded="52240" />
  <memory-copied type="tenure" objects="7166" bytes="897216" bytesdiscarded="616" />
  <finalization candidates="34" enqueued="0" />
  <references type="weak" candidates="2" cleared="2" enqueued="2" />
  <object-monitors candidates="1" cleared="0"  />
</gc-op>
<heap-resize id="96" type="expand" space="nursery" amount="524288" count="1" timems="0.043" reason="excessive time being spent scavenging" timestamp="2025-12-10T21:29:54.361" />
<gc-end id="97" type="scavenge" contextid="92" durationms="4.114" usertimems="2.850" systemtimems="1.275" stalltimems="1.241" timestamp="2025-12-10T21:29:54.362" activeThreads="3">
  <mem-info id="98" free="5760560" total="9830400" percent="58">
    <mem type="nursery" free="1466112" total="3538944" percent="41">
      <mem type="allocate" free="1466112" total="1769472" percent="82" />
      <mem type="survivor" free="0" total="1769472" percent="0" />
    </mem>
    <mem type="tenure" free="4294448" total="6291456" percent="68">
      <mem type="soa" free="3979056" total="5976064" percent="66" />
      <mem type="loa" free="315392" total="315392" percent="100" />
    </mem>
    <pending-finalizers system="0" default="0" reference="2" classloader="0" />
    <remembered-set count="130" />
  </mem-info>
</gc-end>
<cycle-end id="99" type="scavenge" contextid="92" timestamp="2025-12-10T21:29:54.362" />
<allocation-satisfied id="100" threadId="0000000000025A00" bytesRequested="64" />
<af-end id="101" timestamp="2025-12-10T21:29:54.364" threadId="0000000000026478" success="true" from="nursery"/>
<exclusive-end id="102" timestamp="2025-12-10T21:29:54.364" durationms="8.604" />

<exclusive-start id="103" timestamp="2025-12-10T21:29:54.409" intervalms="53.127">
  <response-info timems="0.049" idlems="0.049" threads="0" lastid="0000000000025A00" lastname="main" />
</exclusive-start>
<af-start id="104" threadId="0000000000026478" totalBytesRequested="104" timestamp="2025-12-10T21:29:54.409" intervalms="53.227" type="nursery" />
<cycle-start id="105" type="scavenge" contextid="0" timestamp="2025-12-10T21:29:54.410" intervalms="53.196" />
<gc-start id="106" type="scavenge" contextid="105" timestamp="2025-12-10T21:29:54.411">
  <mem-info id="107" free="4221336" total="9830400" percent="42">
    <mem type="nursery" free="0" total="3538944" percent="0">
      <mem type="allocate" free="0" total="1769472" percent="0" />
      <mem type="survivor" free="0" total="1769472" percent="0" />
    </mem>
    <mem type="tenure" free="4221336" total="6291456" percent="67">
      <mem type="soa" free="3905944" total="5976064" percent="65" />
      <mem type="loa" free="315392" total="315392" percent="100" />
    </mem>
    <remembered-set count="1045" />
  </mem-info>
</gc-start>
<allocation-stats totalBytes="1537856" discardedBytes="1368" >
  <allocated-bytes non-tlh="199968" tlh="1337888" />
  <largest-consumer threadName="main" threadId="0000000000025A00" bytes="1537856" />
</allocation-stats>
<gc-op id="108" type="scavenge" timems="1.677" contextid="105" timestamp="2025-12-10T21:29:54.414">
  <scavenger-info tenureage="2" tenuremask="7ffc" tiltratio="50" />
  <memory-copied type="nursery" objects="1978" bytes="58808" bytesdiscarded="13624" />
  <memory-copied type="tenure" objects="24" bytes="848" bytesdiscarded="0" />
  <finalization candidates="46" enqueued="30" />
  <ownableSynchronizers candidates="1" cleared="0" />
  <references type="soft" candidates="21" cleared="0" enqueued="0" dynamicThreshold="32" maxThreshold="32" />
  <references type="weak" candidates="107" cleared="86" enqueued="86" />
  <references type="phantom" candidates="6" cleared="5" enqueued="5" />
  <object-monitors candidates="1" cleared="0"  />
</gc-op>
<gc-end id="109" type="scavenge" contextid="105" durationms="3.532" usertimems="0.000" systemtimems="2.678" stalltimems="2.568" timestamp="2025-12-10T21:29:54.414" activeThreads="3">
  <mem-info id="110" free="6230936" total="9830400" percent="63">
    <mem type="nursery" free="2024192" total="3538944" percent="57">
      <mem type="allocate" free="2024192" total="2097152" percent="96" />
      <mem type="survivor" free="0" total="1441792" percent="0" />
    </mem>
    <mem type="tenure" free="4206744" total="6291456" percent="66">
      <mem type="soa" free="3891352" total="5976064" percent="65" />
      <mem type="loa" free="315392" total="315392" percent="100" />
    </mem>
    <pending-finalizers system="30" default="0" reference="91" classloader="0" />
    <remembered-set count="1010" />
  </mem-info>
</gc-end>
<cycle-end id="111" type="scavenge" contextid="105" timestamp="2025-12-10T21:29:54.415" />
<allocation-satisfied id="112" threadId="0000000000025A00" bytesRequested="104" />
<af-end id="113" timestamp="2025-12-10T21:29:54.416" threadId="0000000000026478" success="true" from="nursery"/>
<exclusive-end id="114" timestamp="2025-12-10T21:29:54.416" durationms="7.626" />

<exclusive-start id="115" timestamp="2025-12-10T21:29:54.492" intervalms="83.824">
  <response-info timems="0.084" idlems="0.055" threads="1" lastid="0000000000029600" lastname="JIT Compilation Thread-000" />
</exclusive-start>
<af-start id="116" threadId="0000000000026478" totalBytesRequested="24" timestamp="2025-12-10T21:29:54.493" intervalms="83.806" type="nursery" />
<cycle-start id="117" type="scavenge" contextid="0" timestamp="2025-12-10T21:29:54.494" intervalms="83.883" />
<gc-start id="118" type="scavenge" contextid="117" timestamp="2025-12-10T21:29:54.495">
  <mem-info id="119" free="4099000" total="9830400" percent="41">
    <mem type="nursery" free="0" total="3538944" percent="0">
      <mem type="allocate" free="0" total="2097152" percent="0" />
      <mem type="survivor" free="0" total="1441792" percent="0" />
    </mem>
    <mem type="tenure" free="4099000" total="6291456" percent="65">
      <mem type="soa" free="3783608" total="5976064" percent="63" />
      <mem type="loa" free="315392" total="315392" percent="100" />
    </mem>
    <remembered-set count="2539" />
  </mem-info>
</gc-start>
<allocation-stats totalBytes="2131432" discardedBytes="504" >
  <allocated-bytes non-tlh="201592" tlh="1929840" />
  <largest-consumer threadName="main" threadId="0000000000025A00" bytes="2131432" />
</allocation-stats>
<gc-op id="120" type="scavenge" timems="1.808" contextid="117" timestamp="2025-12-10T21:29:54.498">
  <scavenger-info tenureage="3" tenuremask="7ff8" tiltratio="59" />
  <memory-copied type="nursery" objects="9078" bytes="479992" bytesdiscarded="11760" />
  <finalization candidates="358" enqueued="219" />
  <ownableSynchronizers candidates="5" cleared="0" />
  <references type="soft" candidates="460" cleared="0" enqueued="0" dynamicThreshold="32" maxThreshold="32" />
  <references type="weak" candidates="420" cleared="246" enqueued="246" />
  <references type="phantom" candidates="34" cleared="20" enqueued="20" />
  <object-monitors candidates="4" cleared="0"  />
</gc-op>
<gc-end id="121" type="scavenge" contextid="117" durationms="3.851" usertimems="3.252" systemtimems="0.000" stalltimems="0.503" timestamp="2025-12-10T21:29:54.499" activeThreads="2">
  <mem-info id="122" free="5899840" total="9830400" percent="60">
    <mem type="nursery" free="1800840" total="3538944" percent="50">
      <mem type="allocate" free="1800840" total="2293760" percent="78" />
      <mem type="survivor" free="0" total="1245184" percent="0" />
    </mem>
    <mem type="tenure" free="4099000" total="6291456" percent="65">
      <mem type="soa" free="3783608" total="5976064" percent="63" />
      <mem type="loa" free="315392" total="315392" percent="100" />
    </mem>
    <pending-finalizers system="219" default="0" reference="266" classloader="0" />
    <remembered-set count="2515" />
  </mem-info>
</gc-end>
<cycle-end id="123" type="scavenge" contextid="117" timestamp="2025-12-10T21:29:54.500" />
<allocation-satisfied id="124" threadId="0000000000025A00" bytesRequested="24" />
<af-end id="125" timestamp="2025-12-10T21:29:54.501" threadId="0000000000026478" success="true" from="nursery"/>
<exclusive-end id="126" timestamp="2025-12-10T21:29:54.502" durationms="9.147" />

<exclusive-start id="127" timestamp="2025-12-10T21:29:54.592" intervalms="99.291">
  <response-info timems="0.045" idlems="0.045" threads="0" lastid="0000000000025A00" lastname="main" />
</exclusive-start>
<af-start id="128" threadId="0000000000026478" totalBytesRequested="1048" timestamp="2025-12-10T21:29:54.593" intervalms="99.360" type="nursery" />
<cycle-start id="129" type="scavenge" contextid="0" timestamp="2025-12-10T21:29:54.593" intervalms="99.207" />
<gc-start id="130" type="scavenge" contextid="129" timestamp="2025-12-10T21:29:54.594">
  <mem-info id="131" free="3966688" total="9830400" percent="40">
    <mem type="nursery" free="0" total="3538944" percent="0">
      <mem type="allocate" free="0" total="2293760" percent="0" />
      <mem type="survivor" free="0" total="1245184" percent="0" />
    </mem>
    <mem type="tenure" free="3966688" total="6291456" percent="63">
      <mem type="soa" free="3651296" total="5976064" percent="61" />
      <mem type="loa" free="315392" total="315392" percent="100" />
    </mem>
    <remembered-set count="4438" />
  </mem-info>
</gc-start>
<allocation-stats totalBytes="1931000" discardedBytes="2152" >
  <allocated-bytes non-tlh="132336" tlh="1798664" />
  <largest-consumer threadName="main" threadId="0000000000025A00" bytes="1926904" />
</allocation-stats>
<gc-op id="132" type="scavenge" timems="3.210" contextid="129" timestamp="2025-12-10T21:29:54.599">
  <scavenger-info tenureage="3" tenuremask="7ff8" tiltratio="64" />
  <memory-copied type="nursery" objects="26288" bytes="1103720" bytesdiscarded="12056" />
  <finalization candidates="281" enqueued="97" />
  <ownableSynchronizers candidates="9" cleared="0" />
  <references type="soft" candidates="3475" cleared="0" enqueued="0" dynamicThreshold="32" maxThreshold="32" />
  <references type="weak" candidates="410" cleared="169" enqueued="168" />
  <references type="phantom" candidates="39" cleared="23" enqueued="23" />
  <object-monitors candidates="5" cleared="0"  />
</gc-op>
<heap-resize id="133" type="expand" space="nursery" amount="262144" count="1" timems="0.058" reason="excessive time being spent scavenging" timestamp="2025-12-10T21:29:54.601" />
<gc-end id="134" type="scavenge" contextid="129" durationms="8.233" usertimems="6.909" systemtimems="0.000" stalltimems="0.438" timestamp="2025-12-10T21:29:54.602" activeThreads="2">
  <mem-info id="135" free="4750064" total="10092544" percent="47">
    <mem type="nursery" free="783376" total="3801088" percent="20">
      <mem type="allocate" free="783376" total="1900544" percent="41" />
      <mem type="survivor" free="0" total="1900544" percent="0" />
    </mem>
    <mem type="tenure" free="3966688" total="6291456" percent="63">
      <mem type="soa" free="3651296" total="5976064" percent="61" />
      <mem type="loa" free="315392" total="315392" percent="100" />
    </mem>
    <pending-finalizers system="97" default="0" reference="191" classloader="0" />
    <remembered-set count="3608" />
  </mem-info>
</gc-end>
<cycle-end id="136" type="scavenge" contextid="129" timestamp="2025-12-10T21:29:54.603" />
<allocation-satisfied id="137" threadId="0000000000025A00" bytesRequested="1048" />
<af-end id="138" timestamp="2025-12-10T21:29:54.604" threadId="0000000000026478" success="true" from="nursery"/>
<exclusive-end id="139" timestamp="2025-12-10T21:29:54.605" durationms="12.819" />

<exclusive-start id="140" timestamp="2025-12-10T21:29:54.646" intervalms="54.257">
  <response-info timems="0.052" idlems="0.052" threads="0" lastid="0000000000025A00" lastname="main" />
</exclusive-start>
<af-start id="141" threadId="0000000000026478" totalBytesRequested="64" timestamp="2025-12-10T21:29:54.647" intervalms="54.224" type="nursery" />
<cycle-start id="142" type="scavenge" contextid="0" timestamp="2025-12-10T21:29:54.647" intervalms="54.248" />
<gc-start id="143" type="scavenge" contextid="142" timestamp="2025-12-10T21:29:54.648">
  <mem-info id="144" free="3909896" total="10092544" percent="38">
    <mem type="nursery" free="0" total="3801088" percent="0">
      <mem type="allocate" free="0" total="1900544" percent="0" />
      <mem type="survivor" free="0" total="1900544" percent="0" />
    </mem>
    <mem type="tenure" free="3909896" total="6291456" percent="62">
      <mem type="soa" free="3594504" total="5976064" percent="60" />
      <mem type="loa" free="315392" total="315392" percent="100" />
    </mem>
    <remembered-set count="4386" />
  </mem-info>
</gc-start>
<allocation-stats totalBytes="839488" discardedBytes="680" >
  <allocated-bytes non-tlh="57840" tlh="781648" />
  <largest-consumer threadName="main" threadId="0000000000025A00" bytes="839488" />
</allocation-stats>
<gc-op id="145" type="scavenge" timems="3.995" contextid="142" timestamp="2025-12-10T21:29:54.653">
  <scavenger-info tenureage="2" tenuremask="7ffc" tiltratio="50" />
  <memory-copied type="nursery" objects="20317" bytes="720448" bytesdiscarded="9352" />
  <memory-copied type="tenure" objects="8027" bytes="440288" bytesdiscarded="104" />
  <finalization candidates="220" enqueued="22" />
  <ownableSynchronizers candidates="11" cleared="0" />
  <references type="soft" candidates="3068" cleared="0" enqueued="0" dynamicThreshold="32" maxThreshold="32" />
  <references type="weak" candidates="266" cleared="180" enqueued="180" />
  <references type="phantom" candidates="10" cleared="9" enqueued="9" />
  <object-monitors candidates="5" cleared="0"  />
</gc-op>
<heap-resize id="146" type="expand" space="nursery" amount="262144" count="1" timems="0.053" reason="excessive time being spent scavenging" timestamp="2025-12-10T21:29:54.654" />
<gc-end id="147" type="scavenge" contextid="142" durationms="6.553" usertimems="2.285" systemtimems="5.276" stalltimems="1.001" timestamp="2025-12-10T21:29:54.655" activeThreads="2">
  <mem-info id="148" free="4763120" total="10354688" percent="45">
    <mem type="nursery" free="1301280" total="4063232" percent="32">
      <mem type="allocate" free="1301280" total="2031616" percent="64" />
      <mem type="survivor" free="0" total="2031616" percent="0" />
    </mem>
    <mem type="tenure" free="3461840" total="6291456" percent="55">
      <mem type="soa" free="3146448" total="5976064" percent="52" />
      <mem type="loa" free="315392" total="315392" percent="100" />
    </mem>
    <pending-finalizers system="22" default="0" reference="189" classloader="0" />
    <remembered-set count="2917" />
  </mem-info>
</gc-end>
<cycle-end id="149" type="scavenge" contextid="142" timestamp="2025-12-10T21:29:54.655" />
<allocation-satisfied id="150" threadId="0000000000025A00" bytesRequested="64" />
<af-end id="151" timestamp="2025-12-10T21:29:54.656" threadId="0000000000026478" success="true" from="nursery"/>
<exclusive-end id="152" timestamp="2025-12-10T21:29:54.657" durationms="10.722" />

<exclusive-start id="153" timestamp="2025-12-10T21:29:54.702" intervalms="56.337">
  <response-info timems="0.049" idlems="0.049" threads="0" lastid="0000000000025A00" lastname="main" />
</exclusive-start>
<af-start id="154" threadId="0000000000026478" totalBytesRequested="32" timestamp="2025-12-10T21:29:54.703" intervalms="56.510" type="nursery" />
<cycle-start id="155" type="scavenge" contextid="0" timestamp="2025-12-10T21:29:54.704" intervalms="56.718" />
<gc-start id="156" type="scavenge" contextid="155" timestamp="2025-12-10T21:29:54.705">
  <mem-info id="157" free="3418704" total="10354688" percent="33">
    <mem type="nursery" free="0" total="4063232" percent="0">
      <mem type="allocate" free="0" total="2031616" percent="0" />
      <mem type="survivor" free="0" total="2031616" percent="0" />
    </mem>
    <mem type="tenure" free="3418704" total="6291456" percent="54">
      <mem type="soa" free="3103312" total="5976064" percent="51" />
      <mem type="loa" free="315392" total="315392" percent="100" />
    </mem>
    <remembered-set count="3470" />
  </mem-info>
</gc-start>
<allocation-stats totalBytes="1344160" discardedBytes="256" >
  <allocated-bytes non-tlh="43200" tlh="1300960" />
  <largest-consumer threadName="main" threadId="0000000000025A00" bytes="1344160" />
</allocation-stats>
<gc-op id="158" type="scavenge" timems="4.232" contextid="155" timestamp="2025-12-10T21:29:54.710">
  <scavenger-info tenureage="1" tenuremask="7ffe" tiltratio="50" />
  <memory-copied type="nursery" objects="9848" bytes="287336" bytesdiscarded="57384" />
  <memory-copied type="tenure" objects="19554" bytes="694032" bytesdiscarded="192" />
  <finalization candidates="66" enqueued="6" />
  <ownableSynchronizers candidates="18" cleared="2" />
  <references type="soft" candidates="8" cleared="0" enqueued="0" dynamicThreshold="32" maxThreshold="32" />
  <references type="weak" candidates="173" cleared="170" enqueued="170" />
  <references type="phantom" candidates="3" cleared="1" enqueued="1" />
  <object-monitors candidates="5" cleared="0"  />
</gc-op>
<heap-resize id="159" type="expand" space="nursery" amount="262144" count="1" timems="0.050" reason="excessive time being spent scavenging" timestamp="2025-12-10T21:29:54.711" />
<gc-end id="160" type="scavenge" contextid="155" durationms="6.884" usertimems="8.092" systemtimems="0.000" stalltimems="1.347" timestamp="2025-12-10T21:29:54.712" activeThreads="2">
  <mem-info id="161" free="4824840" total="10616832" percent="45">
    <mem type="nursery" free="2145504" total="4325376" percent="49">
      <mem type="allocate" free="2145504" total="2490368" percent="86" />
      <mem type="survivor" free="0" total="1835008" percent="0" />
    </mem>
    <mem type="tenure" free="2679336" total="6291456" percent="42">
      <mem type="soa" free="2363944" total="5976064" percent="39" />
      <mem type="loa" free="315392" total="315392" percent="100" />
    </mem>
    <pending-finalizers system="6" default="0" reference="171" classloader="0" />
    <remembered-set count="1436" />
  </mem-info>
</gc-end>
<cycle-end id="162" type="scavenge" contextid="155" timestamp="2025-12-10T21:29:54.713" />
<allocation-satisfied id="163" threadId="0000000000025A00" bytesRequested="32" />
<af-end id="164" timestamp="2025-12-10T21:29:54.714" threadId="0000000000026478" success="true" from="nursery"/>
<exclusive-end id="165" timestamp="2025-12-10T21:29:54.714" durationms="11.940" />

<exclusive-start id="166" timestamp="2025-12-10T21:29:54.817" intervalms="114.957">
  <response-info timems="0.076" idlems="0.076" threads="0" lastid="0000000000025A00" lastname="main" />
</exclusive-start>
<af-start id="167" threadId="0000000000026478" totalBytesRequested="80" timestamp="2025-12-10T21:29:54.818" intervalms="114.797" type="nursery" />
<cycle-start id="168" type="scavenge" contextid="0" timestamp="2025-12-10T21:29:54.819" intervalms="114.688" />
<gc-start id="169" type="scavenge" contextid="168" timestamp="2025-12-10T21:29:54.820">
  <mem-info id="170" free="2585440" total="10616832" percent="24">
    <mem type="nursery" free="0" total="4325376" percent="0">
      <mem type="allocate" free="0" total="2490368" percent="0" />
      <mem type="survivor" free="0" total="1835008" percent="0" />
    </mem>
    <mem type="tenure" free="2585440" total="6291456" percent="41">
      <mem type="soa" free="2270048" total="5976064" percent="37" />
      <mem type="loa" free="315392" total="315392" percent="100" />
    </mem>
    <remembered-set count="2713" />
  </mem-info>
</gc-start>
<allocation-stats totalBytes="2236512" discardedBytes="2888" >
  <allocated-bytes non-tlh="132616" tlh="2103896" />
  <largest-consumer threadName="main" threadId="0000000000025A00" bytes="2038528" />
</allocation-stats>
<gc-op id="171" type="scavenge" timems="3.196" contextid="168" timestamp="2025-12-10T21:29:54.824">
  <scavenger-info tenureage="1" tenuremask="7ffe" tiltratio="57" />
  <memory-copied type="nursery" objects="8974" bytes="332088" bytesdiscarded="43944" />
  <memory-copied type="tenure" objects="9066" bytes="261072" bytesdiscarded="48" />
  <finalization candidates="293" enqueued="185" />
  <ownableSynchronizers candidates="20" cleared="1" />
  <references type="soft" candidates="106" cleared="0" enqueued="0" dynamicThreshold="32" maxThreshold="32" />
  <references type="weak" candidates="513" cleared="363" enqueued="363" />
  <references type="phantom" candidates="31" cleared="30" enqueued="30" />
  <object-monitors candidates="5" cleared="0"  />
</gc-op>
<gc-end id="172" type="scavenge" contextid="168" durationms="5.535" usertimems="4.027" systemtimems="1.445" stalltimems="1.251" timestamp="2025-12-10T21:29:54.825" activeThreads="2">
  <mem-info id="173" free="4845144" total="10616832" percent="45">
    <mem type="nursery" free="2506336" total="4325376" percent="57">
      <mem type="allocate" free="2506336" total="2883584" percent="86" />
      <mem type="survivor" free="0" total="1441792" percent="0" />
    </mem>
    <mem type="tenure" free="2338808" total="6291456" percent="37">
      <mem type="soa" free="2023416" total="5976064" percent="33" />
      <mem type="loa" free="315392" total="315392" percent="100" />
    </mem>
    <pending-finalizers system="185" default="0" reference="393" classloader="0" />
    <remembered-set count="1929" />
  </mem-info>
</gc-end>
<cycle-end id="174" type="scavenge" contextid="168" timestamp="2025-12-10T21:29:54.826" />
<allocation-satisfied id="175" threadId="0000000000025A00" bytesRequested="80" />
<af-end id="176" timestamp="2025-12-10T21:29:54.828" threadId="0000000000026478" success="true" from="nursery"/>
<exclusive-end id="177" timestamp="2025-12-10T21:29:54.829" durationms="11.333" />

<exclusive-start id="178" timestamp="2025-12-10T21:29:54.926" intervalms="108.837">
  <response-info timems="0.056" idlems="0.056" threads="0" lastid="0000000000025A00" lastname="main" />
</exclusive-start>
<af-start id="179" threadId="0000000000026478" totalBytesRequested="8200" timestamp="2025-12-10T21:29:54.927" intervalms="108.869" type="nursery" />
<cycle-start id="180" type="scavenge" contextid="0" timestamp="2025-12-10T21:29:54.928" intervalms="108.864" />
<gc-start id="181" type="scavenge" contextid="180" timestamp="2025-12-10T21:29:54.928">
  <mem-info id="182" free="2337392" total="10616832" percent="22">
    <mem type="nursery" free="0" total="4325376" percent="0">
      <mem type="allocate" free="0" total="2883584" percent="0" />
      <mem type="survivor" free="0" total="1441792" percent="0" />
    </mem>
    <mem type="tenure" free="2337392" total="6291456" percent="37">
      <mem type="soa" free="2022000" total="5976064" percent="33" />
      <mem type="loa" free="315392" total="315392" percent="100" />
    </mem>
    <remembered-set count="1970" />
  </mem-info>
</gc-start>
<allocation-stats totalBytes="2494336" discardedBytes="13416" >
  <allocated-bytes non-tlh="331584" tlh="2162752" />
  <largest-consumer threadName="main" threadId="0000000000025A00" bytes="2482688" />
</allocation-stats>
<gc-op id="183" type="scavenge" timems="2.199" contextid="180" timestamp="2025-12-10T21:29:54.932">
  <scavenger-info tenureage="1" tenuremask="7ffe" tiltratio="66" />
  <memory-copied type="nursery" objects="3798" bytes="173128" bytesdiscarded="25000" />
  <memory-copied type="tenure" objects="5486" bytes="188728" bytesdiscarded="64" />
  <finalization candidates="107" enqueued="0" />
  <ownableSynchronizers candidates="10" cleared="0" />
  <references type="weak" candidates="4" cleared="4" enqueued="4" />
  <references type="phantom" candidates="3" cleared="0" enqueued="0" />
  <object-monitors candidates="5" cleared="0"  />
</gc-op>
<gc-end id="184" type="scavenge" contextid="180" durationms="4.175" usertimems="3.409" systemtimems="1.185" stalltimems="0.696" timestamp="2025-12-10T21:29:54.933" activeThreads="2">
  <mem-info id="185" free="4996456" total="10616832" percent="47">
    <mem type="nursery" free="2882048" total="4325376" percent="66">
      <mem type="allocate" free="2882048" total="3080192" percent="93" />
      <mem type="survivor" free="0" total="1245184" percent="0" />
    </mem>
    <mem type="tenure" free="2114408" total="6291456" percent="33">
      <mem type="soa" free="1799016" total="5976064" percent="30" />
      <mem type="loa" free="315392" total="315392" percent="100" />
    </mem>
    <pending-finalizers system="0" default="0" reference="4" classloader="0" />
    <remembered-set count="1285" />
  </mem-info>
</gc-end>
<cycle-end id="186" type="scavenge" contextid="180" timestamp="2025-12-10T21:29:54.933" />
<allocation-satisfied id="187" threadId="0000000000025A00" bytesRequested="8200" />
<af-end id="188" timestamp="2025-12-10T21:29:54.935" threadId="0000000000026478" success="true" from="nursery"/>
<exclusive-end id="189" timestamp="2025-12-10T21:29:54.935" durationms="9.329" />

<exclusive-start id="190" timestamp="2025-12-10T21:29:55.019" intervalms="93.324">
  <response-info timems="0.059" idlems="0.059" threads="0" lastid="0000000000025A00" lastname="main" />
</exclusive-start>
<af-start id="191" threadId="0000000000026478" totalBytesRequested="38800" timestamp="2025-12-10T21:29:55.020" intervalms="93.212" type="nursery" />
<cycle-start id="192" type="scavenge" contextid="0" timestamp="2025-12-10T21:29:55.021" intervalms="93.285" />
<gc-start id="193" type="scavenge" contextid="192" timestamp="2025-12-10T21:29:55.022">
  <mem-info id="194" free="2113864" total="10616832" percent="19">
    <mem type="nursery" free="0" total="4325376" percent="0">
      <mem type="allocate" free="0" total="3080192" percent="0" />
      <mem type="survivor" free="0" total="1245184" percent="0" />
    </mem>
    <mem type="tenure" free="2113864" total="6291456" percent="33">
      <mem type="soa" free="1798472" total="5976064" percent="30" />
      <mem type="loa" free="315392" total="315392" percent="100" />
    </mem>
    <remembered-set count="1343" />
  </mem-info>
</gc-start>
<allocation-stats totalBytes="2804944" discardedBytes="77648" >
  <allocated-bytes non-tlh="719120" tlh="2085824" />
  <largest-consumer threadName="main" threadId="0000000000025A00" bytes="2804944" />
</allocation-stats>
<gc-op id="195" type="scavenge" timems="1.221" contextid="192" timestamp="2025-12-10T21:29:55.024">
  <scavenger-info tenureage="2" tenuremask="7ffc" tiltratio="71" />
  <memory-copied type="nursery" objects="4198" bytes="173968" bytesdiscarded="23400" />
  <references type="phantom" candidates="2" cleared="0" enqueued="0" />
  <object-monitors candidates="5" cleared="0"  />
</gc-op>
<gc-end id="196" type="scavenge" contextid="192" durationms="3.095" usertimems="1.547" systemtimems="0.553" stalltimems="0.539" timestamp="2025-12-10T21:29:55.025" activeThreads="2">
  <mem-info id="197" free="5193288" total="10616832" percent="48">
    <mem type="nursery" free="3079424" total="4325376" percent="71">
      <mem type="allocate" free="3079424" total="3276800" percent="93" />
      <mem type="survivor" free="0" total="1048576" percent="0" />
    </mem>
    <mem type="tenure" free="2113864" total="6291456" percent="33">
      <mem type="soa" free="1798472" total="5976064" percent="30" />
      <mem type="loa" free="315392" total="315392" percent="100" />
    </mem>
    <remembered-set count="175" />
  </mem-info>
</gc-end>
<cycle-end id="198" type="scavenge" contextid="192" timestamp="2025-12-10T21:29:55.025" />
<allocation-satisfied id="199" threadId="0000000000025A00" bytesRequested="38800" />
<af-end id="200" timestamp="2025-12-10T21:29:55.027" threadId="0000000000026478" success="true" from="nursery"/>
<exclusive-end id="201" timestamp="2025-12-10T21:29:55.028" durationms="8.535" />

<exclusive-start id="202" timestamp="2025-12-10T21:29:55.127" intervalms="107.387">
  <response-info timems="0.056" idlems="0.056" threads="0" lastid="0000000000025A00" lastname="main" />
</exclusive-start>
<af-start id="203" threadId="0000000000026478" totalBytesRequested="4104" timestamp="2025-12-10T21:29:55.128" intervalms="107.578" type="nursery" />
<cycle-start id="204" type="scavenge" contextid="0" timestamp="2025-12-10T21:29:55.128" intervalms="107.386" />
<gc-start id="205" type="scavenge" contextid="204" timestamp="2025-12-10T21:29:55.129">
  <mem-info id="206" free="2113616" total="10616832" percent="19">
    <mem type="nursery" free="0" total="4325376" percent="0">
      <mem type="allocate" free="0" total="3276800" percent="0" />
      <mem type="survivor" free="0" total="1048576" percent="0" />
    </mem>
    <mem type="tenure" free="2113616" total="6291456" percent="33">
      <mem type="soa" free="1798224" total="5976064" percent="30" />
      <mem type="loa" free="315392" total="315392" percent="100" />
    </mem>
    <remembered-set count="188" />
  </mem-info>
</gc-start>
<allocation-stats totalBytes="3017600" discardedBytes="62072" >
  <allocated-bytes non-tlh="581048" tlh="2436552" />
  <largest-consumer threadName="main" threadId="0000000000025A00" bytes="3017600" />
</allocation-stats>
<gc-op id="207" type="scavenge" timems="1.162" contextid="204" timestamp="2025-12-10T21:29:55.131">
  <scavenger-info tenureage="3" tenuremask="7ff8" tiltratio="75" />
  <memory-copied type="nursery" objects="4789" bytes="229232" bytesdiscarded="14136" />
  <references type="phantom" candidates="3" cleared="0" enqueued="0" />
  <object-monitors candidates="5" cleared="0"  />
</gc-op>
<gc-end id="208" type="scavenge" contextid="204" durationms="3.003" usertimems="1.535" systemtimems="0.554" stalltimems="0.579" timestamp="2025-12-10T21:29:55.132" activeThreads="2">
  <mem-info id="209" free="5278104" total="10616832" percent="49">
    <mem type="nursery" free="3164488" total="4325376" percent="73">
      <mem type="allocate" free="3164488" total="3407872" percent="92" />
      <mem type="survivor" free="0" total="917504" percent="0" />
    </mem>
    <mem type="tenure" free="2113616" total="6291456" percent="33">
      <mem type="soa" free="1798224" total="5976064" percent="30" />
      <mem type="loa" free="315392" total="315392" percent="100" />
    </mem>
    <remembered-set count="154" />
  </mem-info>
</gc-end>
<cycle-end id="210" type="scavenge" contextid="204" timestamp="2025-12-10T21:29:55.133" />
<allocation-satisfied id="211" threadId="0000000000025A00" bytesRequested="4104" />
<af-end id="212" timestamp="2025-12-10T21:29:55.134" threadId="0000000000026478" success="true" from="nursery"/>
<exclusive-end id="213" timestamp="2025-12-10T21:29:55.135" durationms="7.930" />

<exclusive-start id="214" timestamp="2025-12-10T21:29:55.246" intervalms="119.205">
  <response-info timems="0.055" idlems="0.055" threads="0" lastid="0000000000025A00" lastname="main" />
</exclusive-start>
<af-start id="215" threadId="0000000000026478" totalBytesRequested="7416" timestamp="2025-12-10T21:29:55.247" intervalms="119.027" type="nursery" />
<cycle-start id="216" type="scavenge" contextid="0" timestamp="2025-12-10T21:29:55.247" intervalms="119.064" />
<gc-start id="217" type="scavenge" contextid="216" timestamp="2025-12-10T21:29:55.248">
  <mem-info id="218" free="2113448" total="10616832" percent="19">
    <mem type="nursery" free="0" total="4325376" percent="0">
      <mem type="allocate" free="0" total="3407872" percent="0" />
      <mem type="survivor" free="0" total="917504" percent="0" />
    </mem>
    <mem type="tenure" free="2113448" total="6291456" percent="33">
      <mem type="soa" free="1798056" total="5976064" percent="30" />
      <mem type="loa" free="315392" total="315392" percent="100" />
    </mem>
    <remembered-set count="163" />
  </mem-info>
</gc-start>
<allocation-stats totalBytes="3112288" discardedBytes="52368" >
  <allocated-bytes non-tlh="507920" tlh="2604368" />
  <largest-consumer threadName="main" threadId="0000000000025A00" bytes="3112288" />
</allocation-stats>
<gc-op id="219" type="scavenge" timems="1.863" contextid="216" timestamp="2025-12-10T21:29:55.251">
  <scavenger-info tenureage="3" tenuremask="7ff8" tiltratio="78" />
  <memory-copied type="nursery" objects="1548" bytes="55896" bytesdiscarded="20896" />
  <memory-copied type="tenure" objects="3706" bytes="156608" bytesdiscarded="168" />
  <references type="phantom" candidates="2" cleared="0" enqueued="0" />
  <object-monitors candidates="5" cleared="0"  />
</gc-op>
<gc-end id="220" type="scavenge" contextid="216" durationms="3.818" usertimems="2.194" systemtimems="0.837" stalltimems="1.082" timestamp="2025-12-10T21:29:55.252" activeThreads="2">
  <mem-info id="221" free="5401120" total="10616832" percent="50">
    <mem type="nursery" free="3462144" total="4325376" percent="80">
      <mem type="allocate" free="3462144" total="3538944" percent="97" />
      <mem type="survivor" free="0" total="786432" percent="0" />
    </mem>
    <mem type="tenure" free="1938976" total="6291456" percent="30">
      <mem type="soa" free="1623584" total="5976064" percent="27" />
      <mem type="loa" free="315392" total="315392" percent="100" />
    </mem>
    <remembered-set count="159" />
  </mem-info>
</gc-end>
<cycle-end id="222" type="scavenge" contextid="216" timestamp="2025-12-10T21:29:55.253" />
<allocation-satisfied id="223" threadId="0000000000025A00" bytesRequested="7416" />
<af-end id="224" timestamp="2025-12-10T21:29:55.254" threadId="0000000000026478" success="true" from="nursery"/>
<exclusive-end id="225" timestamp="2025-12-10T21:29:55.255" durationms="8.531" />

<exclusive-start id="226" timestamp="2025-12-10T21:29:55.350" intervalms="104.064">
  <response-info timems="0.074" idlems="0.074" threads="0" lastid="0000000000025A00" lastname="main" />
</exclusive-start>
<af-start id="227" threadId="0000000000026478" totalBytesRequested="56832" timestamp="2025-12-10T21:29:55.351" intervalms="103.986" type="nursery" />
<cycle-start id="228" type="scavenge" contextid="0" timestamp="2025-12-10T21:29:55.351" intervalms="103.965" />
<gc-start id="229" type="scavenge" contextid="228" timestamp="2025-12-10T21:29:55.352">
  <mem-info id="230" free="1938808" total="10616832" percent="18">
    <mem type="nursery" free="0" total="4325376" percent="0">
      <mem type="allocate" free="0" total="3538944" percent="0" />
      <mem type="survivor" free="0" total="786432" percent="0" />
    </mem>
    <mem type="tenure" free="1938808" total="6291456" percent="30">
      <mem type="soa" free="1623416" total="5976064" percent="27" />
      <mem type="loa" free="315392" total="315392" percent="100" />
    </mem>
    <remembered-set count="220" />
  </mem-info>
</gc-start>
<allocation-stats totalBytes="3312216" discardedBytes="150096" >
  <allocated-bytes non-tlh="822512" tlh="2489704" />
  <largest-consumer threadName="main" threadId="0000000000025A00" bytes="3312216" />
</allocation-stats>
<gc-op id="231" type="scavenge" timems="0.883" contextid="228" timestamp="2025-12-10T21:29:55.354">
  <scavenger-info tenureage="5" tenuremask="7fe0" tiltratio="81" />
  <memory-copied type="nursery" objects="2018" bytes="71760" bytesdiscarded="28072" />
  <references type="phantom" candidates="2" cleared="0" enqueued="0" />
  <object-monitors candidates="5" cleared="0"  />
</gc-op>
<gc-end id="232" type="scavenge" contextid="228" durationms="2.730" usertimems="1.048" systemtimems="0.409" stalltimems="0.547" timestamp="2025-12-10T21:29:55.355" activeThreads="2">
  <mem-info id="233" free="5508984" total="10616832" percent="51">
    <mem type="nursery" free="3570176" total="4325376" percent="82">
      <mem type="allocate" free="3570176" total="3670016" percent="97" />
      <mem type="survivor" free="0" total="655360" percent="0" />
    </mem>
    <mem type="tenure" free="1938808" total="6291456" percent="30">
      <mem type="soa" free="1623416" total="5976064" percent="27" />
      <mem type="loa" free="315392" total="315392" percent="100" />
    </mem>
    <remembered-set count="161" />
  </mem-info>
</gc-end>
<cycle-end id="234" type="scavenge" contextid="228" timestamp="2025-12-10T21:29:55.355" />
<allocation-satisfied id="235" threadId="0000000000025A00" bytesRequested="56832" />
<af-end id="236" timestamp="2025-12-10T21:29:55.357" threadId="0000000000026478" success="true" from="nursery"/>
<exclusive-end id="237" timestamp="2025-12-10T21:29:55.357" durationms="6.947" />

<exclusive-start id="238" timestamp="2025-12-10T21:29:55.506" intervalms="156.314">
  <response-info timems="0.093" idlems="0.093" threads="0" lastid="0000000000025A00" lastname="main" />
</exclusive-start>
<af-start id="239" threadId="0000000000026478" totalBytesRequested="243424" timestamp="2025-12-10T21:29:55.507" intervalms="156.571" type="nursery" />
<cycle-start id="240" type="scavenge" contextid="0" timestamp="2025-12-10T21:29:55.508" intervalms="156.675" />
<gc-start id="241" type="scavenge" contextid="240" timestamp="2025-12-10T21:29:55.509">
  <mem-info id="242" free="1938552" total="10616832" percent="18">
    <mem type="nursery" free="0" total="4325376" percent="0">
      <mem type="allocate" free="0" total="3670016" percent="0" />
      <mem type="survivor" free="0" total="655360" percent="0" />
    </mem>
    <mem type="tenure" free="1938552" total="6291456" percent="30">
      <mem type="soa" free="1623160" total="5976064" percent="27" />
      <mem type="loa" free="315392" total="315392" percent="100" />
    </mem>
    <remembered-set count="242" />
  </mem-info>
</gc-start>
<allocation-stats totalBytes="3566120" discardedBytes="4312" >
  <allocated-bytes non-tlh="411464" tlh="3154656" />
  <largest-consumer threadName="main" threadId="0000000000025A00" bytes="3566120" />
</allocation-stats>
<gc-op id="243" type="scavenge" timems="1.142" contextid="240" timestamp="2025-12-10T21:29:55.511">
  <scavenger-info tenureage="6" tenuremask="7fc0" tiltratio="84" />
  <memory-copied type="nursery" objects="2658" bytes="93272" bytesdiscarded="21152" />
  <references type="phantom" candidates="2" cleared="0" enqueued="0" />
  <object-monitors candidates="5" cleared="0"  />
</gc-op>
<gc-end id="244" type="scavenge" contextid="240" durationms="2.900" usertimems="1.547" systemtimems="0.597" stalltimems="0.736" timestamp="2025-12-10T21:29:55.512" activeThreads="2">
  <mem-info id="245" free="5559672" total="10616832" percent="52">
    <mem type="nursery" free="3621120" total="4325376" percent="83">
      <mem type="allocate" free="3621120" total="3735552" percent="96" />
      <mem type="survivor" free="0" total="589824" percent="0" />
    </mem>
    <mem type="tenure" free="1938552" total="6291456" percent="30">
      <mem type="soa" free="1623160" total="5976064" percent="27" />
      <mem type="loa" free="315392" total="315392" percent="100" />
    </mem>
    <remembered-set count="166" />
  </mem-info>
</gc-end>
<cycle-end id="246" type="scavenge" contextid="240" timestamp="2025-12-10T21:29:55.512" />
<allocation-satisfied id="247" threadId="0000000000025A00" bytesRequested="243424" />
<af-end id="248" timestamp="2025-12-10T21:29:55.513" threadId="0000000000026478" success="true" from="nursery"/>
<exclusive-end id="249" timestamp="2025-12-10T21:29:55.514" durationms="7.421" />

<exclusive-start id="250" timestamp="2025-12-10T21:29:55.610" intervalms="103.131">
  <response-info timems="0.060" idlems="0.060" threads="0" lastid="0000000000025A00" lastname="main" />
</exclusive-start>
<af-start id="251" threadId="0000000000026478" totalBytesRequested="19608" timestamp="2025-12-10T21:29:55.610" intervalms="102.944" type="nursery" />
<cycle-start id="252" type="scavenge" contextid="0" timestamp="2025-12-10T21:29:55.611" intervalms="102.872" />
<gc-start id="253" type="scavenge" contextid="252" timestamp="2025-12-10T21:29:55.612">
  <mem-info id="254" free="1938456" total="10616832" percent="18">
    <mem type="nursery" free="0" total="4325376" percent="0">
      <mem type="allocate" free="0" total="3735552" percent="0" />
      <mem type="survivor" free="0" total="589824" percent="0" />
    </mem>
    <mem type="tenure" free="1938456" total="6291456" percent="30">
      <mem type="soa" free="1623064" total="5976064" percent="27" />
      <mem type="loa" free="315392" total="315392" percent="100" />
    </mem>
    <remembered-set count="222" />
  </mem-info>
</gc-start>
<allocation-stats totalBytes="3514344" discardedBytes="106872" >
  <allocated-bytes non-tlh="1232736" tlh="2281608" />
  <largest-consumer threadName="main" threadId="0000000000025A00" bytes="3514344" />
</allocation-stats>
<gc-op id="255" type="scavenge" timems="1.134" contextid="252" timestamp="2025-12-10T21:29:55.614">
  <scavenger-info tenureage="3" tenuremask="ffb8" tiltratio="86" />
  <memory-copied type="nursery" objects="1534" bytes="135992" bytesdiscarded="20024" />
  <memory-copied type="tenure" objects="1527" bytes="55000" bytesdiscarded="24" />
  <references type="phantom" candidates="3" cleared="0" enqueued="0" />
  <object-monitors candidates="5" cleared="0"  />
</gc-op>
<gc-end id="256" type="scavenge" contextid="252" durationms="2.969" usertimems="0.000" systemtimems="1.572" stalltimems="0.792" timestamp="2025-12-10T21:29:55.615" activeThreads="2">
  <mem-info id="257" free="5542048" total="10616832" percent="52">
    <mem type="nursery" free="3645064" total="4325376" percent="84">
      <mem type="allocate" free="3645064" total="3801088" percent="95" />
      <mem type="survivor" free="0" total="524288" percent="0" />
    </mem>
    <mem type="tenure" free="1896984" total="6291456" percent="30">
      <mem type="soa" free="1581592" total="5976064" percent="26" />
      <mem type="loa" free="315392" total="315392" percent="100" />
    </mem>
    <remembered-set count="236" />
  </mem-info>
</gc-end>
<cycle-end id="258" type="scavenge" contextid="252" timestamp="2025-12-10T21:29:55.615" />
<allocation-satisfied id="259" threadId="0000000000025A00" bytesRequested="19608" />
<af-end id="260" timestamp="2025-12-10T21:29:55.616" threadId="0000000000026478" success="true" from="nursery"/>
<exclusive-end id="261" timestamp="2025-12-10T21:29:55.617" durationms="7.290" />

<exclusive-start id="262" timestamp="2025-12-10T21:29:55.741" intervalms="131.084">
  <response-info timems="0.070" idlems="0.070" threads="0" lastid="0000000000025A00" lastname="main" />
</exclusive-start>
<af-start id="263" threadId="0000000000026478" totalBytesRequested="2240" timestamp="2025-12-10T21:29:55.741" intervalms="131.117" type="nursery" />
<cycle-start id="264" type="scavenge" contextid="0" timestamp="2025-12-10T21:29:55.742" intervalms="131.449" />
<gc-start id="265" type="scavenge" contextid="264" timestamp="2025-12-10T21:29:55.743">
  <mem-info id="266" free="1896880" total="10616832" percent="17">
    <mem type="nursery" free="0" total="4325376" percent="0">
      <mem type="allocate" free="0" total="3801088" percent="0" />
      <mem type="survivor" free="0" total="524288" percent="0" />
    </mem>
    <mem type="tenure" free="1896880" total="6291456" percent="30">
      <mem type="soa" free="1581488" total="5976064" percent="26" />
      <mem type="loa" free="315392" total="315392" percent="100" />
    </mem>
    <remembered-set count="352" />
  </mem-info>
</gc-start>
<allocation-stats totalBytes="3545568" discardedBytes="99600" >
  <allocated-bytes non-tlh="780440" tlh="2765128" />
  <largest-consumer threadName="main" threadId="0000000000025A00" bytes="3545568" />
</allocation-stats>
<gc-op id="267" type="scavenge" timems="0.959" contextid="264" timestamp="2025-12-10T21:29:55.745">
  <scavenger-info tenureage="3" tenuremask="ff88" tiltratio="87" />
  <memory-copied type="nursery" objects="1748" bytes="67832" bytesdiscarded="21248" />
  <memory-copied type="tenure" objects="467" bytes="15792" bytesdiscarded="16" />
  <references type="phantom" candidates="3" cleared="0" enqueued="0" />
  <object-monitors candidates="5" cleared="0"  />
</gc-op>
<gc-end id="268" type="scavenge" contextid="264" durationms="2.927" usertimems="1.713" systemtimems="0.000" stalltimems="0.342" timestamp="2025-12-10T21:29:55.746" activeThreads="2">
  <mem-info id="269" free="5653680" total="10616832" percent="53">
    <mem type="nursery" free="3777536" total="4325376" percent="87">
      <mem type="allocate" free="3777536" total="3866624" percent="97" />
      <mem type="survivor" free="0" total="458752" percent="0" />
    </mem>
    <mem type="tenure" free="1876144" total="6291456" percent="29">
      <mem type="soa" free="1560752" total="5976064" percent="26" />
      <mem type="loa" free="315392" total="315392" percent="100" />
    </mem>
    <remembered-set count="217" />
  </mem-info>
</gc-end>
<cycle-end id="270" type="scavenge" contextid="264" timestamp="2025-12-10T21:29:55.747" />
<allocation-satisfied id="271" threadId="0000000000025A00" bytesRequested="2240" />
<af-end id="272" timestamp="2025-12-10T21:29:55.748" threadId="0000000000026478" success="true" from="nursery"/>
<exclusive-end id="273" timestamp="2025-12-10T21:29:55.749" durationms="8.143" />

<exclusive-start id="274" timestamp="2025-12-10T21:29:55.872" intervalms="130.902">
  <response-info timems="0.059" idlems="0.059" threads="0" lastid="0000000000025A00" lastname="main" />
</exclusive-start>
<af-start id="275" threadId="0000000000026478" totalBytesRequested="452056" timestamp="2025-12-10T21:29:55.872" intervalms="130.919" type="nursery" />
<cycle-start id="276" type="scavenge" contextid="0" timestamp="2025-12-10T21:29:55.873" intervalms="131.086" />
<gc-start id="277" type="scavenge" contextid="276" timestamp="2025-12-10T21:29:55.874">
  <mem-info id="278" free="2094104" total="10616832" percent="19">
    <mem type="nursery" free="218112" total="4325376" percent="5">
      <mem type="allocate" free="218112" total="3866624" percent="5" />
      <mem type="survivor" free="0" total="458752" percent="0" />
    </mem>
    <mem type="tenure" free="1875992" total="6291456" percent="29">
      <mem type="soa" free="1560600" total="5976064" percent="26" />
      <mem type="loa" free="315392" total="315392" percent="100" />
    </mem>
    <remembered-set count="314" />
  </mem-info>
</gc-start>
<allocation-stats totalBytes="3534896" discardedBytes="24680" >
  <allocated-bytes non-tlh="430328" tlh="3104568" />
  <largest-consumer threadName="main" threadId="0000000000025A00" bytes="3534896" />
</allocation-stats>
<gc-op id="279" type="scavenge" timems="1.275" contextid="276" timestamp="2025-12-10T21:29:55.877">
  <scavenger-info tenureage="3" tenuremask="ffe8" tiltratio="89" />
  <memory-copied type="nursery" objects="1737" bytes="66168" bytesdiscarded="31360" />
  <memory-copied type="tenure" objects="638" bytes="21464" bytesdiscarded="352" />
  <references type="phantom" candidates="2" cleared="0" enqueued="0" />
  <object-monitors candidates="5" cleared="0"  />
</gc-op>
<gc-end id="280" type="scavenge" contextid="276" durationms="3.369" usertimems="0.000" systemtimems="1.955" stalltimems="0.579" timestamp="2025-12-10T21:29:55.878" activeThreads="2">
  <mem-info id="281" free="5624344" total="10616832" percent="52">
    <mem type="nursery" free="3769088" total="4325376" percent="87">
      <mem type="allocate" free="3769088" total="3866624" percent="97" />
      <mem type="survivor" free="0" total="458752" percent="0" />
    </mem>
    <mem type="tenure" free="1855256" total="6291456" percent="29">
      <mem type="soa" free="1539864" total="5976064" percent="25" />
      <mem type="loa" free="315392" total="315392" percent="100" />
    </mem>
    <remembered-set count="231" />
  </mem-info>
</gc-end>
<cycle-end id="282" type="scavenge" contextid="276" timestamp="2025-12-10T21:29:55.878" />
<allocation-satisfied id="283" threadId="0000000000025A00" bytesRequested="452056" />
<af-end id="284" timestamp="2025-12-10T21:29:55.880" threadId="0000000000026478" success="true" from="nursery"/>
<exclusive-end id="285" timestamp="2025-12-10T21:29:55.880" durationms="8.756" />

<exclusive-start id="286" timestamp="2025-12-10T21:29:56.002" intervalms="130.273">
  <response-info timems="0.058" idlems="0.058" threads="0" lastid="0000000000025A00" lastname="main" />
</exclusive-start>
<af-start id="287" threadId="0000000000026478" totalBytesRequested="163416" timestamp="2025-12-10T21:29:56.003" intervalms="130.241" type="nursery" />
<cycle-start id="288" type="scavenge" contextid="0" timestamp="2025-12-10T21:29:56.003" intervalms="129.768" />
<gc-start id="289" type="scavenge" contextid="288" timestamp="2025-12-10T21:29:56.004">
  <mem-info id="290" free="1920176" total="10616832" percent="18">
    <mem type="nursery" free="64920" total="4325376" percent="1">
      <mem type="allocate" free="64920" total="3866624" percent="1" />
      <mem type="survivor" free="0" total="458752" percent="0" />
    </mem>
    <mem type="tenure" free="1855256" total="6291456" percent="29">
      <mem type="soa" free="1539864" total="5976064" percent="25" />
      <mem type="loa" free="315392" total="315392" percent="100" />
    </mem>
    <remembered-set count="305" />
  </mem-info>
</gc-start>
<allocation-stats totalBytes="3554120" discardedBytes="150048" >
  <allocated-bytes non-tlh="1111400" tlh="2442720" />
  <largest-consumer threadName="main" threadId="0000000000025A00" bytes="3554120" />
</allocation-stats>
<gc-op id="291" type="scavenge" timems="1.000" contextid="288" timestamp="2025-12-10T21:29:56.006">
  <scavenger-info tenureage="3" tenuremask="ffe8" tiltratio="89" />
  <memory-copied type="nursery" objects="1858" bytes="70136" bytesdiscarded="21248" />
  <memory-copied type="tenure" objects="389" bytes="13088" bytesdiscarded="0" />
  <references type="phantom" candidates="2" cleared="0" enqueued="0" />
  <object-monitors candidates="5" cleared="0"  />
</gc-op>
<gc-end id="292" type="scavenge" contextid="288" durationms="2.868" usertimems="2.267" systemtimems="0.000" stalltimems="0.525" timestamp="2025-12-10T21:29:56.007" activeThreads="2">
  <mem-info id="293" free="5609752" total="10616832" percent="52">
    <mem type="nursery" free="3775232" total="4325376" percent="87">
      <mem type="allocate" free="3775232" total="3866624" percent="97" />
      <mem type="survivor" free="0" total="458752" percent="0" />
    </mem>
    <mem type="tenure" free="1834520" total="6291456" percent="29">
      <mem type="soa" free="1519128" total="5976064" percent="25" />
      <mem type="loa" free="315392" total="315392" percent="100" />
    </mem>
    <remembered-set count="223" />
  </mem-info>
</gc-end>
<cycle-end id="294" type="scavenge" contextid="288" timestamp="2025-12-10T21:29:56.008" />
<allocation-satisfied id="295" threadId="0000000000025A00" bytesRequested="163416" />
<af-end id="296" timestamp="2025-12-10T21:29:56.009" threadId="0000000000026478" success="true" from="nursery"/>
<exclusive-end id="297" timestamp="2025-12-10T21:29:56.010" durationms="7.827" />

<exclusive-start id="298" timestamp="2025-12-10T21:29:56.144" intervalms="141.956">
  <response-info timems="0.054" idlems="0.054" threads="0" lastid="0000000000025A00" lastname="main" />
</exclusive-start>
<af-start id="299" threadId="0000000000026478" totalBytesRequested="157424" timestamp="2025-12-10T21:29:56.145" intervalms="142.002" type="nursery" />
<cycle-start id="300" type="scavenge" contextid="0" timestamp="2025-12-10T21:29:56.145" intervalms="142.219" />
<gc-start id="301" type="scavenge" contextid="300" timestamp="2025-12-10T21:29:56.146">
  <mem-info id="302" free="1976600" total="10616832" percent="18">
    <mem type="nursery" free="142080" total="4325376" percent="3">
      <mem type="allocate" free="142080" total="3866624" percent="3" />
      <mem type="survivor" free="0" total="458752" percent="0" />
    </mem>
    <mem type="tenure" free="1834520" total="6291456" percent="29">
      <mem type="soa" free="1519128" total="5976064" percent="25" />
      <mem type="loa" free="315392" total="315392" percent="100" />
    </mem>
    <remembered-set count="329" />
  </mem-info>
</gc-start>
<allocation-stats totalBytes="3580728" discardedBytes="52424" >
  <allocated-bytes non-tlh="468328" tlh="3112400" />
  <largest-consumer threadName="main" threadId="0000000000025A00" bytes="3580728" />
</allocation-stats>
<gc-op id="303" type="scavenge" timems="1.143" contextid="300" timestamp="2025-12-10T21:29:56.149">
  <scavenger-info tenureage="3" tenuremask="ffe8" tiltratio="89" />
  <memory-copied type="nursery" objects="1891" bytes="63608" bytesdiscarded="25472" />
  <memory-copied type="tenure" objects="687" bytes="30736" bytesdiscarded="8" />
  <references type="phantom" candidates="2" cleared="0" enqueued="0" />
  <object-monitors candidates="5" cleared="0"  />
</gc-op>
<gc-end id="304" type="scavenge" contextid="300" durationms="3.204" usertimems="1.310" systemtimems="0.563" stalltimems="0.537" timestamp="2025-12-10T21:29:56.149" activeThreads="2">
  <mem-info id="305" free="5564440" total="10616832" percent="52">
    <mem type="nursery" free="3777536" total="4325376" percent="87">
      <mem type="allocate" free="3777536" total="3866624" percent="97" />
      <mem type="survivor" free="0" total="458752" percent="0" />
    </mem>
    <mem type="tenure" free="1786904" total="6291456" percent="28">
      <mem type="soa" free="1471512" total="5976064" percent="24" />
      <mem type="loa" free="315392" total="315392" percent="100" />
    </mem>
    <remembered-set count="246" />
  </mem-info>
</gc-end>
<cycle-end id="306" type="scavenge" contextid="300" timestamp="2025-12-10T21:29:56.150" />
<allocation-satisfied id="307" threadId="0000000000025A00" bytesRequested="157424" />
<af-end id="308" timestamp="2025-12-10T21:29:56.152" threadId="0000000000026478" success="true" from="nursery"/>
<exclusive-end id="309" timestamp="2025-12-10T21:29:56.152" durationms="8.533" />

<exclusive-start id="310" timestamp="2025-12-10T21:29:56.313" intervalms="168.977">
  <response-info timems="0.065" idlems="0.065" threads="0" lastid="0000000000025A00" lastname="main" />
</exclusive-start>
<af-start id="311" threadId="0000000000026478" totalBytesRequested="4880" timestamp="2025-12-10T21:29:56.313" intervalms="168.962" type="nursery" />
<cycle-start id="312" type="scavenge" contextid="0" timestamp="2025-12-10T21:29:56.314" intervalms="168.895" />
<gc-start id="313" type="scavenge" contextid="312" timestamp="2025-12-10T21:29:56.315">
  <mem-info id="314" free="1786864" total="10616832" percent="16">
    <mem type="nursery" free="0" total="4325376" percent="0">
      <mem type="allocate" free="0" total="3866624" percent="0" />
      <mem type="survivor" free="0" total="458752" percent="0" />
    </mem>
    <mem type="tenure" free="1786864" total="6291456" percent="28">
      <mem type="soa" free="1471472" total="5976064" percent="24" />
      <mem type="loa" free="315392" total="315392" percent="100" />
    </mem>
    <remembered-set count="367" />
  </mem-info>
</gc-start>
<allocation-stats totalBytes="3667152" discardedBytes="110424" >
  <allocated-bytes non-tlh="276048" tlh="3391104" />
  <largest-consumer threadName="main" threadId="0000000000025A00" bytes="3667152" />
</allocation-stats>
<gc-op id="315" type="scavenge" timems="1.392" contextid="312" timestamp="2025-12-10T21:29:56.318">
  <scavenger-info tenureage="3" tenuremask="ffe8" tiltratio="89" />
  <memory-copied type="nursery" objects="2041" bytes="68768" bytesdiscarded="20312" />
  <memory-copied type="tenure" objects="640" bytes="21448" bytesdiscarded="24" />
  <references type="phantom" candidates="2" cleared="0" enqueued="0" />
  <object-monitors candidates="5" cleared="0"  />
</gc-op>
<gc-end id="316" type="scavenge" contextid="312" durationms="4.303" usertimems="2.788" systemtimems="0.000" stalltimems="0.742" timestamp="2025-12-10T21:29:56.319" activeThreads="2">
  <mem-info id="317" free="5543664" total="10616832" percent="52">
    <mem type="nursery" free="3777536" total="4325376" percent="87">
      <mem type="allocate" free="3777536" total="3866624" percent="97" />
      <mem type="survivor" free="0" total="458752" percent="0" />
    </mem>
    <mem type="tenure" free="1766128" total="6291456" percent="28">
      <mem type="soa" free="1450736" total="5976064" percent="24" />
      <mem type="loa" free="315392" total="315392" percent="100" />
    </mem>
    <remembered-set count="254" />
  </mem-info>
</gc-end>
<cycle-end id="318" type="scavenge" contextid="312" timestamp="2025-12-10T21:29:56.320" />
<allocation-satisfied id="319" threadId="0000000000025A00" bytesRequested="4880" />
<af-end id="320" timestamp="2025-12-10T21:29:56.322" threadId="0000000000026478" success="true" from="nursery"/>
<exclusive-end id="321" timestamp="2025-12-10T21:29:56.323" durationms="10.186" />

<exclusive-start id="322" timestamp="2025-12-10T21:29:56.481" intervalms="167.864">
  <response-info timems="0.058" idlems="0.058" threads="0" lastid="0000000000025A00" lastname="main" />
</exclusive-start>
<af-start id="323" threadId="0000000000026478" totalBytesRequested="2568" timestamp="2025-12-10T21:29:56.481" intervalms="167.771" type="nursery" />
<cycle-start id="324" type="scavenge" contextid="0" timestamp="2025-12-10T21:29:56.482" intervalms="167.566" />
<gc-start id="325" type="scavenge" contextid="324" timestamp="2025-12-10T21:29:56.483">
  <mem-info id="326" free="1766128" total="10616832" percent="16">
    <mem type="nursery" free="0" total="4325376" percent="0">
      <mem type="allocate" free="0" total="3866624" percent="0" />
      <mem type="survivor" free="0" total="458752" percent="0" />
    </mem>
    <mem type="tenure" free="1766128" total="6291456" percent="28">
      <mem type="soa" free="1450736" total="5976064" percent="24" />
      <mem type="loa" free="315392" total="315392" percent="100" />
    </mem>
    <remembered-set count="383" />
  </mem-info>
</gc-start>
<allocation-stats totalBytes="3692984" discardedBytes="84552" >
  <allocated-bytes non-tlh="484888" tlh="3208096" />
  <largest-consumer threadName="main" threadId="0000000000025A00" bytes="3692984" />
</allocation-stats>
<gc-op id="327" type="scavenge" timems="1.271" contextid="324" timestamp="2025-12-10T21:29:56.485">
  <scavenger-info tenureage="3" tenuremask="ffe8" tiltratio="89" />
  <memory-copied type="nursery" objects="2298" bytes="84880" bytesdiscarded="18792" />
  <memory-copied type="tenure" objects="510" bytes="17056" bytesdiscarded="0" />
  <references type="weak" candidates="1" cleared="0" enqueued="0" />
  <references type="phantom" candidates="4" cleared="0" enqueued="0" />
  <object-monitors candidates="5" cleared="0"  />
</gc-op>
<gc-end id="328" type="scavenge" contextid="324" durationms="3.434" usertimems="1.359" systemtimems="0.618" stalltimems="0.838" timestamp="2025-12-10T21:29:56.486" activeThreads="2">
  <mem-info id="329" free="5502192" total="10616832" percent="51">
    <mem type="nursery" free="3762944" total="4325376" percent="86">
      <mem type="allocate" free="3762944" total="3866624" percent="97" />
      <mem type="survivor" free="0" total="458752" percent="0" />
    </mem>
    <mem type="tenure" free="1739248" total="6291456" percent="27">
      <mem type="soa" free="1423856" total="5976064" percent="23" />
      <mem type="loa" free="315392" total="315392" percent="100" />
    </mem>
    <remembered-set count="282" />
  </mem-info>
</gc-end>
<cycle-end id="330" type="scavenge" contextid="324" timestamp="2025-12-10T21:29:56.487" />
<allocation-satisfied id="331" threadId="0000000000025A00" bytesRequested="2568" />
<af-end id="332" timestamp="2025-12-10T21:29:56.488" threadId="0000000000026478" success="true" from="nursery"/>
<exclusive-end id="333" timestamp="2025-12-10T21:29:56.489" durationms="8.335" />

<exclusive-start id="334" timestamp="2025-12-10T21:29:56.596" intervalms="115.792">
  <response-info timems="0.053" idlems="0.053" threads="0" lastid="0000000000025A00" lastname="main" />
</exclusive-start>
<af-start id="335" threadId="0000000000026478" totalBytesRequested="1856" timestamp="2025-12-10T21:29:56.597" intervalms="115.919" type="nursery" />
<cycle-start id="336" type="scavenge" contextid="0" timestamp="2025-12-10T21:29:56.598" intervalms="116.556" />
<gc-start id="337" type="scavenge" contextid="336" timestamp="2025-12-10T21:29:56.599">
  <mem-info id="338" free="1739152" total="10616832" percent="16">
    <mem type="nursery" free="0" total="4325376" percent="0">
      <mem type="allocate" free="0" total="3866624" percent="0" />
      <mem type="survivor" free="0" total="458752" percent="0" />
    </mem>
    <mem type="tenure" free="1739152" total="6291456" percent="27">
      <mem type="soa" free="1423760" total="5976064" percent="23" />
      <mem type="loa" free="315392" total="315392" percent="100" />
    </mem>
    <remembered-set count="453" />
  </mem-info>
</gc-start>
<allocation-stats totalBytes="3654256" discardedBytes="108784" >
  <allocated-bytes non-tlh="795568" tlh="2858688" />
  <largest-consumer threadName="main" threadId="0000000000025A00" bytes="3654256" />
</allocation-stats>
<gc-op id="339" type="scavenge" timems="1.380" contextid="336" timestamp="2025-12-10T21:29:56.602">
  <scavenger-info tenureage="3" tenuremask="ffe8" tiltratio="89" />
  <memory-copied type="nursery" objects="2296" bytes="101552" bytesdiscarded="20552" />
  <memory-copied type="tenure" objects="719" bytes="24184" bytesdiscarded="0" />
  <references type="phantom" candidates="3" cleared="0" enqueued="0" />
  <object-monitors candidates="5" cleared="0"  />
</gc-op>
<gc-end id="340" type="scavenge" contextid="336" durationms="3.768" usertimems="3.061" systemtimems="0.000" stalltimems="0.716" timestamp="2025-12-10T21:29:56.603" activeThreads="2">
  <mem-info id="341" free="5462928" total="10616832" percent="51">
    <mem type="nursery" free="3744512" total="4325376" percent="86">
      <mem type="allocate" free="3744512" total="3866624" percent="96" />
      <mem type="survivor" free="0" total="458752" percent="0" />
    </mem>
    <mem type="tenure" free="1718416" total="6291456" percent="27">
      <mem type="soa" free="1403024" total="5976064" percent="23" />
      <mem type="loa" free="315392" total="315392" percent="100" />
    </mem>
    <remembered-set count="249" />
  </mem-info>
</gc-end>
<cycle-end id="342" type="scavenge" contextid="336" timestamp="2025-12-10T21:29:56.604" />
<allocation-satisfied id="343" threadId="0000000000025A00" bytesRequested="1856" />
<af-end id="344" timestamp="2025-12-10T21:29:56.606" threadId="0000000000026478" success="true" from="nursery"/>
<exclusive-end id="345" timestamp="2025-12-10T21:29:56.607" durationms="10.397" />

<exclusive-start id="346" timestamp="2025-12-10T21:29:56.739" intervalms="142.460">
  <response-info timems="0.058" idlems="0.058" threads="0" lastid="0000000000025A00" lastname="main" />
</exclusive-start>
<af-start id="347" threadId="0000000000026478" totalBytesRequested="123016" timestamp="2025-12-10T21:29:56.740" intervalms="142.428" type="nursery" />
<cycle-start id="348" type="scavenge" contextid="0" timestamp="2025-12-10T21:29:56.740" intervalms="141.976" />
<gc-start id="349" type="scavenge" contextid="348" timestamp="2025-12-10T21:29:56.741">
  <mem-info id="350" free="1718416" total="10616832" percent="16">
    <mem type="nursery" free="0" total="4325376" percent="0">
      <mem type="allocate" free="0" total="3866624" percent="0" />
      <mem type="survivor" free="0" total="458752" percent="0" />
    </mem>
    <mem type="tenure" free="1718416" total="6291456" percent="27">
      <mem type="soa" free="1403024" total="5976064" percent="23" />
      <mem type="loa" free="315392" total="315392" percent="100" />
    </mem>
    <remembered-set count="354" />
  </mem-info>
</gc-start>
<allocation-stats totalBytes="3644176" discardedBytes="100336" >
  <allocated-bytes non-tlh="103784" tlh="3540392" />
  <largest-consumer threadName="main" threadId="0000000000025A00" bytes="3644176" />
</allocation-stats>
<gc-op id="351" type="scavenge" timems="1.286" contextid="348" timestamp="2025-12-10T21:29:56.744">
  <scavenger-info tenureage="3" tenuremask="ffe8" tiltratio="89" />
  <memory-copied type="nursery" objects="2219" bytes="90080" bytesdiscarded="19736" />
  <memory-copied type="tenure" objects="784" bytes="26464" bytesdiscarded="24" />
  <references type="phantom" candidates="2" cleared="0" enqueued="0" />
  <object-monitors candidates="5" cleared="0"  />
</gc-op>
<gc-end id="352" type="scavenge" contextid="348" durationms="3.846" usertimems="1.349" systemtimems="0.635" stalltimems="0.617" timestamp="2025-12-10T21:29:56.745" activeThreads="2">
  <mem-info id="353" free="5421456" total="10616832" percent="51">
    <mem type="nursery" free="3756800" total="4325376" percent="86">
      <mem type="allocate" free="3756800" total="3866624" percent="97" />
      <mem type="survivor" free="0" total="458752" percent="0" />
    </mem>
    <mem type="tenure" free="1664656" total="6291456" percent="26">
      <mem type="soa" free="1349264" total="5976064" percent="22" />
      <mem type="loa" free="315392" total="315392" percent="100" />
    </mem>
    <remembered-set count="246" />
  </mem-info>
</gc-end>
<cycle-end id="354" type="scavenge" contextid="348" timestamp="2025-12-10T21:29:56.746" />
<allocation-satisfied id="355" threadId="0000000000025A00" bytesRequested="123016" />
<af-end id="356" timestamp="2025-12-10T21:29:56.747" threadId="0000000000026478" success="true" from="nursery"/>
<exclusive-end id="357" timestamp="2025-12-10T21:29:56.748" durationms="9.530" />

<exclusive-start id="358" timestamp="2025-12-10T21:29:56.883" intervalms="143.671">
  <response-info timems="0.055" idlems="0.055" threads="0" lastid="0000000000025A00" lastname="main" />
</exclusive-start>
<af-start id="359" threadId="0000000000026478" totalBytesRequested="8200" timestamp="2025-12-10T21:29:56.883" intervalms="143.531" type="nursery" />
<cycle-start id="360" type="scavenge" contextid="0" timestamp="2025-12-10T21:29:56.884" intervalms="143.344" />
<gc-start id="361" type="scavenge" contextid="360" timestamp="2025-12-10T21:29:56.884">
  <mem-info id="362" free="1664656" total="10616832" percent="15">
    <mem type="nursery" free="0" total="4325376" percent="0">
      <mem type="allocate" free="0" total="3866624" percent="0" />
      <mem type="survivor" free="0" total="458752" percent="0" />
    </mem>
    <mem type="tenure" free="1664656" total="6291456" percent="26">
      <mem type="soa" free="1349264" total="5976064" percent="22" />
      <mem type="loa" free="315392" total="315392" percent="100" />
    </mem>
    <remembered-set count="347" />
  </mem-info>
</gc-start>
<allocation-stats totalBytes="3647992" discardedBytes="108808" >
  <allocated-bytes non-tlh="594584" tlh="3053408" />
  <largest-consumer threadName="main" threadId="0000000000025A00" bytes="3647992" />
</allocation-stats>
<gc-op id="363" type="scavenge" timems="1.681" contextid="360" timestamp="2025-12-10T21:29:56.887">
  <scavenger-info tenureage="3" tenuremask="4008" tiltratio="89" />
  <memory-copied type="nursery" objects="2152" bytes="106056" bytesdiscarded="9896" />
  <memory-copied type="tenure" objects="749" bytes="25176" bytesdiscarded="40" />
  <references type="phantom" candidates="3" cleared="0" enqueued="0" />
  <object-monitors candidates="5" cleared="0"  />
</gc-op>
<gc-end id="364" type="scavenge" contextid="360" durationms="3.940" usertimems="1.973" systemtimems="0.944" stalltimems="0.528" timestamp="2025-12-10T21:29:56.888" activeThreads="2">
  <mem-info id="365" free="5361552" total="10616832" percent="50">
    <mem type="nursery" free="3750656" total="4325376" percent="86">
      <mem type="allocate" free="3750656" total="3866624" percent="97" />
      <mem type="survivor" free="0" total="458752" percent="0" />
    </mem>
    <mem type="tenure" free="1610896" total="6291456" percent="25">
      <mem type="soa" free="1295504" total="5976064" percent="21" />
      <mem type="loa" free="315392" total="315392" percent="100" />
    </mem>
    <remembered-set count="246" />
  </mem-info>
</gc-end>
<cycle-end id="366" type="scavenge" contextid="360" timestamp="2025-12-10T21:29:56.889" />
<allocation-satisfied id="367" threadId="0000000000025A00" bytesRequested="8200" />
<af-end id="368" timestamp="2025-12-10T21:29:56.890" threadId="0000000000026478" success="true" from="nursery"/>
<exclusive-end id="369" timestamp="2025-12-10T21:29:56.891" durationms="8.277" />

<exclusive-start id="370" timestamp="2025-12-10T21:29:57.032" intervalms="149.395">
  <response-info timems="0.054" idlems="0.054" threads="0" lastid="0000000000025A00" lastname="main" />
</exclusive-start>
<af-start id="371" threadId="0000000000026478" totalBytesRequested="8200" timestamp="2025-12-10T21:29:57.033" intervalms="149.751" type="nursery" />
<cycle-start id="372" type="scavenge" contextid="0" timestamp="2025-12-10T21:29:57.034" intervalms="150.016" />
<gc-start id="373" type="scavenge" contextid="372" timestamp="2025-12-10T21:29:57.038">
  <mem-info id="374" free="1610800" total="10616832" percent="15">
    <mem type="nursery" free="0" total="4325376" percent="0">
      <mem type="allocate" free="0" total="3866624" percent="0" />
      <mem type="survivor" free="0" total="458752" percent="0" />
    </mem>
    <mem type="tenure" free="1610800" total="6291456" percent="25">
      <mem type="soa" free="1295408" total="5976064" percent="21" />
      <mem type="loa" free="315392" total="315392" percent="100" />
    </mem>
    <remembered-set count="356" />
  </mem-info>
</gc-start>
<allocation-stats totalBytes="3618376" discardedBytes="132376" >
  <allocated-bytes non-tlh="257960" tlh="3360416" />
  <largest-consumer threadName="main" threadId="0000000000025A00" bytes="3618376" />
</allocation-stats>
<gc-op id="375" type="scavenge" timems="1.236" contextid="372" timestamp="2025-12-10T21:29:57.042">
  <scavenger-info tenureage="3" tenuremask="4008" tiltratio="89" />
  <memory-copied type="nursery" objects="2129" bytes="76304" bytesdiscarded="18912" />
  <memory-copied type="tenure" objects="729" bytes="39832" bytesdiscarded="8" />
  <references type="phantom" candidates="3" cleared="0" enqueued="0" />
  <object-monitors candidates="5" cleared="0"  />
</gc-op>
<gc-end id="376" type="scavenge" contextid="372" durationms="5.412" usertimems="0.000" systemtimems="2.206" stalltimems="0.431" timestamp="2025-12-10T21:29:57.043" activeThreads="2">
  <mem-info id="377" free="5367600" total="10616832" percent="50">
    <mem type="nursery" free="3771392" total="4325376" percent="87">
      <mem type="allocate" free="3771392" total="3866624" percent="97" />
      <mem type="survivor" free="0" total="458752" percent="0" />
    </mem>
    <mem type="tenure" free="1596208" total="6291456" percent="25">
      <mem type="soa" free="1280816" total="5976064" percent="21" />
      <mem type="loa" free="315392" total="315392" percent="100" />
    </mem>
    <remembered-set count="254" />
  </mem-info>
</gc-end>
<cycle-end id="378" type="scavenge" contextid="372" timestamp="2025-12-10T21:29:57.044" />
<allocation-satisfied id="379" threadId="0000000000025A00" bytesRequested="8200" />
<af-end id="380" timestamp="2025-12-10T21:29:57.045" threadId="0000000000026478" success="true" from="nursery"/>
<exclusive-end id="381" timestamp="2025-12-10T21:29:57.046" durationms="14.006" />

<exclusive-start id="382" timestamp="2025-12-10T21:29:57.186" intervalms="153.676">
  <response-info timems="0.065" idlems="0.065" threads="0" lastid="0000000000025A00" lastname="main" />
</exclusive-start>
<af-start id="383" threadId="0000000000026478" totalBytesRequested="3536" timestamp="2025-12-10T21:29:57.187" intervalms="153.607" type="nursery" />
<cycle-start id="384" type="scavenge" contextid="0" timestamp="2025-12-10T21:29:57.187" intervalms="153.504" />
<gc-start id="385" type="scavenge" contextid="384" timestamp="2025-12-10T21:29:57.188">
  <mem-info id="386" free="1596208" total="10616832" percent="15">
    <mem type="nursery" free="0" total="4325376" percent="0">
      <mem type="allocate" free="0" total="3866624" percent="0" />
      <mem type="survivor" free="0" total="458752" percent="0" />
    </mem>
    <mem type="tenure" free="1596208" total="6291456" percent="25">
      <mem type="soa" free="1280816" total="5976064" percent="21" />
      <mem type="loa" free="315392" total="315392" percent="100" />
    </mem>
    <remembered-set count="384" />
  </mem-info>
</gc-start>
<allocation-stats totalBytes="3717400" discardedBytes="53992" >
  <allocated-bytes non-tlh="470568" tlh="3246832" />
  <largest-consumer threadName="main" threadId="0000000000025A00" bytes="3717400" />
</allocation-stats>
<gc-op id="387" type="scavenge" timems="1.003" contextid="384" timestamp="2025-12-10T21:29:57.190">
  <scavenger-info tenureage="3" tenuremask="4008" tiltratio="89" />
  <memory-copied type="nursery" objects="2120" bytes="74736" bytesdiscarded="26632" />
  <memory-copied type="tenure" objects="720" bytes="24176" bytesdiscarded="80" />
  <references type="phantom" candidates="3" cleared="0" enqueued="0" />
  <object-monitors candidates="5" cleared="0"  />
</gc-op>
<gc-end id="388" type="scavenge" contextid="384" durationms="3.169" usertimems="1.622" systemtimems="0.784" stalltimems="0.294" timestamp="2025-12-10T21:29:57.191" activeThreads="2">
  <mem-info id="389" free="5313840" total="10616832" percent="50">
    <mem type="nursery" free="3765248" total="4325376" percent="87">
      <mem type="allocate" free="3765248" total="3866624" percent="97" />
      <mem type="survivor" free="0" total="458752" percent="0" />
    </mem>
    <mem type="tenure" free="1548592" total="6291456" percent="24">
      <mem type="soa" free="1233200" total="5976064" percent="20" />
      <mem type="loa" free="315392" total="315392" percent="100" />
    </mem>
    <remembered-set count="283" />
  </mem-info>
</gc-end>
<cycle-end id="390" type="scavenge" contextid="384" timestamp="2025-12-10T21:29:57.192" />
<allocation-satisfied id="391" threadId="0000000000025A00" bytesRequested="3536" />
<af-end id="392" timestamp="2025-12-10T21:29:57.193" threadId="0000000000026478" success="true" from="nursery"/>
<exclusive-end id="393" timestamp="2025-12-10T21:29:57.194" durationms="8.383" />

<exclusive-start id="394" timestamp="2025-12-10T21:29:57.284" intervalms="98.798">
  <response-info timems="0.038" idlems="0.038" threads="0" lastid="0000000000025A00" lastname="main" />
</exclusive-start>
<af-start id="395" threadId="0000000000026478" totalBytesRequested="132496" timestamp="2025-12-10T21:29:57.285" intervalms="98.811" type="nursery" />
<cycle-start id="396" type="scavenge" contextid="0" timestamp="2025-12-10T21:29:57.286" intervalms="98.709" />
<gc-start id="397" type="scavenge" contextid="396" timestamp="2025-12-10T21:29:57.287">
  <mem-info id="398" free="1668344" total="10616832" percent="15">
    <mem type="nursery" free="119808" total="4325376" percent="2">
      <mem type="allocate" free="119808" total="3866624" percent="3" />
      <mem type="survivor" free="0" total="458752" percent="0" />
    </mem>
    <mem type="tenure" free="1548536" total="6291456" percent="24">
      <mem type="soa" free="1233144" total="5976064" percent="20" />
      <mem type="loa" free="315392" total="315392" percent="100" />
    </mem>
    <remembered-set count="427" />
  </mem-info>
</gc-start>
<allocation-stats totalBytes="3632376" discardedBytes="13120" >
  <allocated-bytes non-tlh="268648" tlh="3363728" />
  <largest-consumer threadName="main" threadId="0000000000025A00" bytes="3632376" />
</allocation-stats>
<gc-op id="399" type="scavenge" timems="0.697" contextid="396" timestamp="2025-12-10T21:29:57.289">
  <scavenger-info tenureage="2" tenuremask="400c" tiltratio="89" />
  <memory-copied type="nursery" objects="1581" bytes="53376" bytesdiscarded="29560" />
  <memory-copied type="tenure" objects="1356" bytes="45320" bytesdiscarded="16" />
  <references type="phantom" candidates="2" cleared="0" enqueued="0" />
  <object-monitors candidates="5" cleared="0"  />
</gc-op>
<gc-end id="400" type="scavenge" contextid="396" durationms="2.841" usertimems="1.343" systemtimems="0.000" stalltimems="0.186" timestamp="2025-12-10T21:29:57.289" activeThreads="2">
  <mem-info id="401" free="5305336" total="10616832" percent="49">
    <mem type="nursery" free="3783680" total="4325376" percent="87">
      <mem type="allocate" free="3783680" total="3866624" percent="97" />
      <mem type="survivor" free="0" total="458752" percent="0" />
    </mem>
    <mem type="tenure" free="1521656" total="6291456" percent="24">
      <mem type="soa" free="1206264" total="5976064" percent="20" />
      <mem type="loa" free="315392" total="315392" percent="100" />
    </mem>
    <remembered-set count="255" />
  </mem-info>
</gc-end>
<cycle-end id="402" type="scavenge" contextid="396" timestamp="2025-12-10T21:29:57.290" />
<allocation-satisfied id="403" threadId="0000000000025A00" bytesRequested="132496" />
<af-end id="404" timestamp="2025-12-10T21:29:57.291" threadId="0000000000026478" success="true" from="nursery"/>
<exclusive-end id="405" timestamp="2025-12-10T21:29:57.292" durationms="7.480" />

<exclusive-start id="406" timestamp="2025-12-10T21:29:57.350" intervalms="65.762">
  <response-info timems="0.028" idlems="0.028" threads="0" lastid="0000000000025A00" lastname="main" />
</exclusive-start>
<af-start id="407" threadId="0000000000026478" totalBytesRequested="24" timestamp="2025-12-10T21:29:57.351" intervalms="65.499" type="nursery" />
<cycle-start id="408" type="scavenge" contextid="0" timestamp="2025-12-10T21:29:57.352" intervalms="65.724" />
<gc-start id="409" type="scavenge" contextid="408" timestamp="2025-12-10T21:29:57.353">
  <mem-info id="410" free="1504824" total="10616832" percent="14">
    <mem type="nursery" free="0" total="4325376" percent="0">
      <mem type="allocate" free="0" total="3866624" percent="0" />
      <mem type="survivor" free="0" total="458752" percent="0" />
    </mem>
    <mem type="tenure" free="1504824" total="6291456" percent="23">
      <mem type="soa" free="1189432" total="5976064" percent="19" />
      <mem type="loa" free="315392" total="315392" percent="100" />
    </mem>
    <remembered-set count="1166" />
  </mem-info>
</gc-start>
<allocation-stats totalBytes="3799232" discardedBytes="1280" >
  <allocated-bytes non-tlh="388432" tlh="3410800" />
  <largest-consumer threadName="main" threadId="0000000000025A00" bytes="3795136" />
</allocation-stats>
<gc-op id="411" type="scavenge" timems="1.160" contextid="408" timestamp="2025-12-10T21:29:57.356">
  <scavenger-info tenureage="2" tenuremask="400c" tiltratio="89" />
  <memory-copied type="nursery" objects="6914" bytes="457200" bytesdiscarded="560" />
  <memory-copied type="tenure" objects="2642" bytes="146560" bytesdiscarded="104" />
  <copy-failed type="nursery" objects="1912" bytes="122088" />
  <finalization candidates="97" enqueued="57" />
  <ownableSynchronizers candidates="78" cleared="43" />
  <references type="soft" candidates="12" cleared="0" enqueued="0" dynamicThreshold="32" maxThreshold="32" />
  <references type="weak" candidates="80" cleared="54" enqueued="54" />
  <references type="phantom" candidates="67" cleared="19" enqueued="19" />
  <object-monitors candidates="6" cleared="0"  />
</gc-op>
<gc-end id="412" type="scavenge" contextid="408" durationms="3.956" usertimems="1.601" systemtimems="0.760" stalltimems="0.419" timestamp="2025-12-10T21:29:57.357" activeThreads="2">
  <mem-info id="413" free="3843128" total="10616832" percent="36">
    <mem type="nursery" free="2490368" total="4325376" percent="57">
      <mem type="allocate" free="2490368" total="2949120" percent="84" />
      <mem type="survivor" free="0" total="1376256" percent="0" />
    </mem>
    <mem type="tenure" free="1352760" total="6291456" percent="21">
      <mem type="soa" free="1037368" total="5976064" percent="17" />
      <mem type="loa" free="315392" total="315392" percent="100" />
    </mem>
    <pending-finalizers system="57" default="0" reference="73" classloader="0" />
    <remembered-set count="848" />
  </mem-info>
</gc-end>
<cycle-end id="414" type="scavenge" contextid="408" timestamp="2025-12-10T21:29:57.357" />
<allocation-satisfied id="415" threadId="0000000000025A00" bytesRequested="24" />
<af-end id="416" timestamp="2025-12-10T21:29:57.358" threadId="0000000000026478" success="true" from="nursery"/>
<exclusive-end id="417" timestamp="2025-12-10T21:29:57.360" durationms="9.473" />

<exclusive-start id="418" timestamp="2025-12-10T21:29:57.378" intervalms="27.981">
  <response-info timems="0.032" idlems="0.032" threads="0" lastid="0000000000025A00" lastname="main" />
</exclusive-start>
<af-start id="419" threadId="0000000000026478" totalBytesRequested="8208" timestamp="2025-12-10T21:29:57.379" intervalms="28.126" type="nursery" />
<cycle-start id="420" type="scavenge" contextid="0" timestamp="2025-12-10T21:29:57.380" intervalms="27.848" />
<gc-start id="421" type="scavenge" contextid="420" timestamp="2025-12-10T21:29:57.381">
  <mem-info id="422" free="1350344" total="10616832" percent="12">
    <mem type="nursery" free="0" total="4325376" percent="0">
      <mem type="allocate" free="0" total="2949120" percent="0" />
      <mem type="survivor" free="0" total="1376256" percent="0" />
    </mem>
    <mem type="tenure" free="1350344" total="6291456" percent="21">
      <mem type="soa" free="1034952" total="5976064" percent="17" />
      <mem type="loa" free="315392" total="315392" percent="100" />
    </mem>
    <remembered-set count="995" />
  </mem-info>
</gc-start>
<allocation-stats totalBytes="2486048" discardedBytes="6736" >
  <allocated-bytes non-tlh="2440" tlh="2483608" />
  <largest-consumer threadName="main" threadId="0000000000025A00" bytes="2481952" />
</allocation-stats>
<gc-op id="423" type="scavenge" timems="1.095" contextid="420" timestamp="2025-12-10T21:29:57.382">
  <scavenger-info tenureage="2" tenuremask="fff4" tiltratio="68" />
  <memory-copied type="nursery" objects="14604" bytes="932912" bytesdiscarded="13112" />
  <memory-copied type="tenure" objects="588" bytes="19744" bytesdiscarded="0" />
  <finalization candidates="36" enqueued="0" />
  <ownableSynchronizers candidates="78" cleared="30" />
  <references type="soft" candidates="12" cleared="0" enqueued="0" dynamicThreshold="32" maxThreshold="32" />
  <references type="weak" candidates="37" cleared="12" enqueued="12" />
  <references type="phantom" candidates="74" cleared="0" enqueued="0" />
  <object-monitors candidates="6" cleared="0"  />
</gc-op>
<heap-resize id="424" type="expand" space="nursery" amount="262144" count="1" timems="0.027" reason="excessive time being spent scavenging" timestamp="2025-12-10T21:29:57.383" />
<gc-end id="425" type="scavenge" contextid="420" durationms="3.141" usertimems="1.686" systemtimems="0.519" stalltimems="0.370" timestamp="2025-12-10T21:29:57.384" activeThreads="2">
  <mem-info id="426" free="3263736" total="10878976" percent="30">
    <mem type="nursery" free="1934128" total="4587520" percent="42">
      <mem type="allocate" free="1934128" total="2883584" percent="67" />
      <mem type="survivor" free="0" total="1703936" percent="0" />
    </mem>
    <mem type="tenure" free="1329608" total="6291456" percent="21">
      <mem type="soa" free="1014216" total="5976064" percent="16" />
      <mem type="loa" free="315392" total="315392" percent="100" />
    </mem>
    <pending-finalizers system="0" default="0" reference="12" classloader="0" />
    <remembered-set count="898" />
  </mem-info>
</gc-end>
<cycle-end id="427" type="scavenge" contextid="420" timestamp="2025-12-10T21:29:57.384" />
<allocation-satisfied id="428" threadId="0000000000025A00" bytesRequested="8208" />
<af-end id="429" timestamp="2025-12-10T21:29:57.386" threadId="0000000000026478" success="true" from="nursery"/>
<exclusive-end id="430" timestamp="2025-12-10T21:29:57.386" durationms="8.291" />

<exclusive-start id="431" timestamp="2025-12-10T21:29:57.400" intervalms="22.231">
  <response-info timems="0.304" idlems="0.304" threads="0" lastid="0000000000025A00" lastname="main" />
</exclusive-start>
<af-start id="432" threadId="0000000000026478" totalBytesRequested="1032" timestamp="2025-12-10T21:29:57.401" intervalms="22.045" type="nursery" />
<cycle-start id="433" type="scavenge" contextid="0" timestamp="2025-12-10T21:29:57.402" intervalms="22.049" />
<gc-start id="434" type="scavenge" contextid="433" timestamp="2025-12-10T21:29:57.402">
  <mem-info id="435" free="1327392" total="10878976" percent="12">
    <mem type="nursery" free="0" total="4587520" percent="0">
      <mem type="allocate" free="0" total="2883584" percent="0" />
      <mem type="survivor" free="0" total="1703936" percent="0" />
    </mem>
    <mem type="tenure" free="1327392" total="6291456" percent="21">
      <mem type="soa" free="1012000" total="5976064" percent="16" />
      <mem type="loa" free="315392" total="315392" percent="100" />
    </mem>
    <remembered-set count="988" />
  </mem-info>
</gc-start>
<allocation-stats totalBytes="1935664" discardedBytes="680" >
  <allocated-bytes non-tlh="10424" tlh="1925240" />
  <largest-consumer threadName="main" threadId="0000000000025A00" bytes="1935664" />
</allocation-stats>
<gc-op id="436" type="scavenge" timems="1.645" contextid="433" timestamp="2025-12-10T21:29:57.405">
  <scavenger-info tenureage="2" tenuremask="fff4" tiltratio="62" />
  <memory-copied type="nursery" objects="8153" bytes="370640" bytesdiscarded="59944" />
  <memory-copied type="tenure" objects="5937" bytes="414216" bytesdiscarded="584" />
  <finalization candidates="60" enqueued="12" />
  <ownableSynchronizers candidates="48" cleared="0" />
  <references type="weak" candidates="8" cleared="5" enqueued="5" />
  <references type="phantom" candidates="28" cleared="1" enqueued="1" />
  <object-monitors candidates="6" cleared="0"  />
</gc-op>
<heap-resize id="437" type="expand" space="nursery" amount="393216" count="1" timems="0.027" reason="excessive time being spent scavenging" timestamp="2025-12-10T21:29:57.406" />
<gc-end id="438" type="scavenge" contextid="433" durationms="4.600" usertimems="2.919" systemtimems="0.000" stalltimems="0.605" timestamp="2025-12-10T21:29:57.407" activeThreads="2">
  <mem-info id="439" free="3834416" total="11272192" percent="34">
    <mem type="nursery" free="2911360" total="4980736" percent="58">
      <mem type="allocate" free="2911360" total="3342336" percent="87" />
      <mem type="survivor" free="0" total="1638400" percent="0" />
    </mem>
    <mem type="tenure" free="923056" total="6291456" percent="14">
      <mem type="soa" free="607664" total="5976064" percent="10" />
      <mem type="loa" free="315392" total="315392" percent="100" />
    </mem>
    <pending-finalizers system="12" default="0" reference="6" classloader="0" />
    <remembered-set count="407" />
  </mem-info>
</gc-end>
<cycle-end id="440" type="scavenge" contextid="433" timestamp="2025-12-10T21:29:57.408" />
<allocation-satisfied id="441" threadId="0000000000025A00" bytesRequested="1032" />
<af-end id="442" timestamp="2025-12-10T21:29:57.409" threadId="0000000000026478" success="true" from="nursery"/>
<exclusive-end id="443" timestamp="2025-12-10T21:29:57.409" durationms="8.828" />

<concurrent-kickoff id="444" timestamp="2025-12-10T21:29:57.421">
  <kickoff reason="threshold reached" targetBytes="1867303" thresholdFreeBytes="258780"  remainingFree="257152" tenureFreeBytes="920008" nurseryFreeBytes="257152" />
</concurrent-kickoff>
<exclusive-start id="445" timestamp="2025-12-10T21:29:57.422" intervalms="21.827">
  <response-info timems="0.024" idlems="0.024" threads="0" lastid="00000000005E4400" lastname="Start Level: Equinox Container: 6d0f9637-e0ed-4a51-9b42-119e0ec" />
</exclusive-start>
<cycle-start id="446" type="global" contextid="0" timestamp="2025-12-10T21:29:57.423" intervalms="3821.708" />
<concurrent-start id="447" type="global mark" contextid="446" timestamp="2025-12-10T21:29:57.424">
</concurrent-start>
<exclusive-end id="448" timestamp="2025-12-10T21:29:57.424" durationms="2.141" />

<concurrent-end id="449" type="global mark" contextid="446" timestamp="2025-12-10T21:29:57.431">
<gc-op id="450" type="trace" timems="7.068" contextid="446" timestamp="2025-12-10T21:29:57.431">
  <trace bytesTraced="2635316" workStackOverflowCount="0" />
  <card-cleaning reason="card cleaning threshold reached" bytesTraced="30720" cardsCleaned="66" />
</gc-op>
</concurrent-end>

<exclusive-start id="451" timestamp="2025-12-10T21:29:57.432" intervalms="9.917">
  <response-info timems="0.031" idlems="0.031" threads="0" lastid="00000000005FB800" lastname="Equinox start level thread - Equinox Container: 6d0f9637-e0ed-4" />
</exclusive-start>
<concurrent-global-final id="452" timestamp="2025-12-10T21:29:57.433" contextid="446" intervalms="3831.259" >
  <concurrent-trace-info reason="card cleaning threshold reached" tracedByMutators="504880" tracedByHelpers="2161156" cardsCleaned="66" workStackOverflowCount="0" />
</concurrent-global-final>
<gc-start id="453" type="global" contextid="446" timestamp="2025-12-10T21:29:57.433">
  <mem-info id="454" free="992720" total="11272192" percent="8">
    <mem type="nursery" free="81024" total="4980736" percent="1">
      <mem type="allocate" free="81024" total="3342336" percent="2" />
      <mem type="survivor" free="0" total="1638400" percent="0" />
    </mem>
    <mem type="tenure" free="911696" total="6291456" percent="14">
      <mem type="soa" free="596304" total="5976064" percent="9" />
      <mem type="loa" free="315392" total="315392" percent="100" />
    </mem>
    <remembered-set count="651" />
  </mem-info>
</gc-start>
<allocation-stats totalBytes="2840384" discardedBytes="1312" >
  <allocated-bytes non-tlh="12392" tlh="2827992" />
  <largest-consumer threadName="main" threadId="0000000000025A00" bytes="2648360" />
</allocation-stats>
<gc-op id="455" type="rs-scan" timems="0.702" contextid="446" timestamp="2025-12-10T21:29:57.435">
  <scan objectsFound="7265" bytesTraced="253304" workStackOverflowCount="0" />
</gc-op>
<gc-op id="456" type="card-cleaning" timems="0.309" contextid="446" timestamp="2025-12-10T21:29:57.435">
  <card-cleaning cardsCleaned="15" bytesTraced="12348" workStackOverflowCount="0" />
</gc-op>
<gc-op id="457" type="mark" timems="3.237" contextid="446" timestamp="2025-12-10T21:29:57.439">
  <trace-info objectcount="351" scancount="320" scanbytes="10520" />
  <finalization candidates="536" enqueued="36" />
  <ownableSynchronizers candidates="93" cleared="1" />
  <references type="soft" candidates="3804" cleared="0" enqueued="0" dynamicThreshold="32" maxThreshold="32" />
  <references type="weak" candidates="729" cleared="62" enqueued="62" />
  <references type="phantom" candidates="123" cleared="6" enqueued="6" />
  <stringconstants candidates="8967" cleared="48"  />
  <object-monitors candidates="14" cleared="6"  />
</gc-op>
<gc-op id="458" type="classunload" timems="0.006" contextid="446" timestamp="2025-12-10T21:29:57.440">
  <classunload-info classloadercandidates="14" classloadersunloaded="0" classesunloaded="0" anonymousclassesunloaded="0" quiescems="0.000" setupms="0.006" scanms="0.000" postms="0.000" />
</gc-op>
<gc-op id="459" type="sweep" timems="0.670" contextid="446" timestamp="2025-12-10T21:29:57.441" />
<heap-resize id="460" type="expand" space="tenure" amount="1048576" count="1" timems="0.040" reason="insufficient free space following gc" timestamp="2025-12-10T21:29:57.441" />
<gc-end id="461" type="global" contextid="446" durationms="8.668" usertimems="8.716" systemtimems="0.113" stalltimems="13.200" timestamp="2025-12-10T21:29:57.442" activeThreads="5">
  <mem-info id="462" free="5205784" total="12320768" percent="42">
    <mem type="nursery" free="2849568" total="4980736" percent="57">
      <mem type="allocate" free="2849568" total="3342336" percent="85" />
      <mem type="survivor" free="0" total="1638400" percent="0" />
    </mem>
    <mem type="tenure" free="2356216" total="7340032" percent="32" micro-fragmented="89953" macro-fragmented="0">
      <mem type="soa" free="1988600" total="6972416" percent="28" />
      <mem type="loa" free="367616" total="367616" percent="100" />
    </mem>
    <pending-finalizers system="36" default="0" reference="68" classloader="0" />
    <remembered-set count="606" />
  </mem-info>
</gc-end>
<cycle-end id="463" type="global" contextid="446" timestamp="2025-12-10T21:29:57.442" />
<exclusive-end id="464" timestamp="2025-12-10T21:29:57.443" durationms="10.544" />

<exclusive-start id="465" timestamp="2025-12-10T21:29:57.540" intervalms="107.641">
  <response-info timems="0.030" idlems="0.030" threads="0" lastid="00000000005FB800" lastname="Equinox start level thread - Equinox Container: 6d0f9637-e0ed-4" />
</exclusive-start>
<af-start id="466" threadId="00000000005FC278" totalBytesRequested="48" timestamp="2025-12-10T21:29:57.541" intervalms="139.511" type="nursery" />
<cycle-start id="467" type="scavenge" contextid="0" timestamp="2025-12-10T21:29:57.541" intervalms="139.479" />
<gc-start id="468" type="scavenge" contextid="467" timestamp="2025-12-10T21:29:57.542">
  <mem-info id="469" free="2062488" total="12320768" percent="16">
    <mem type="nursery" free="0" total="4980736" percent="0">
      <mem type="allocate" free="0" total="3342336" percent="0" />
      <mem type="survivor" free="0" total="1638400" percent="0" />
    </mem>
    <mem type="tenure" free="2062488" total="7340032" percent="28">
      <mem type="soa" free="1694872" total="6972416" percent="24" />
      <mem type="loa" free="367616" total="367616" percent="100" />
    </mem>
    <remembered-set count="4470" />
  </mem-info>
</gc-start>
<allocation-stats totalBytes="3103616" discardedBytes="10240" >
  <allocated-bytes non-tlh="316120" tlh="2787496" />
  <largest-consumer threadName="Equinox start level thread - Equinox Container: 6d0f9637-e0ed-4a51-9b42-119e0ec1ea32" threadId="00000000005F3B00" bytes="1262080" />
</allocation-stats>
<gc-op id="470" type="scavenge" timems="2.778" contextid="467" timestamp="2025-12-10T21:29:57.546">
  <scavenger-info tenureage="2" tenuremask="fff4" tiltratio="67" />
  <memory-copied type="nursery" objects="14919" bytes="586736" bytesdiscarded="1776" />
  <memory-copied type="tenure" objects="4502" bytes="254560" bytesdiscarded="352" />
  <finalization candidates="472" enqueued="265" />
  <ownableSynchronizers candidates="196" cleared="139" />
  <references type="soft" candidates="129" cleared="0" enqueued="0" dynamicThreshold="10" maxThreshold="32" />
  <references type="weak" candidates="894" cleared="608" enqueued="607" />
  <references type="phantom" candidates="39" cleared="33" enqueued="33" />
  <object-monitors candidates="11" cleared="0"  />
</gc-op>
<gc-end id="471" type="scavenge" contextid="467" durationms="4.552" usertimems="3.574" systemtimems="2.138" stalltimems="0.376" timestamp="2025-12-10T21:29:57.546" activeThreads="2">
  <mem-info id="472" free="4727400" total="12320768" percent="38">
    <mem type="nursery" free="2948088" total="4980736" percent="59">
      <mem type="allocate" free="2948088" total="3538944" percent="83" />
      <mem type="survivor" free="0" total="1441792" percent="0" />
    </mem>
    <mem type="tenure" free="1779312" total="7340032" percent="24">
      <mem type="soa" free="1411696" total="6972416" percent="20" />
      <mem type="loa" free="367616" total="367616" percent="100" />
    </mem>
    <pending-finalizers system="265" default="0" reference="640" classloader="0" />
    <remembered-set count="4246" />
  </mem-info>
</gc-end>
<cycle-end id="473" type="scavenge" contextid="467" timestamp="2025-12-10T21:29:57.547" />
<allocation-satisfied id="474" threadId="00000000005FB800" bytesRequested="48" />
<af-end id="475" timestamp="2025-12-10T21:29:57.548" threadId="00000000005FC278" success="true" from="nursery"/>
<exclusive-end id="476" timestamp="2025-12-10T21:29:57.548" durationms="8.651" />

<exclusive-start id="477" timestamp="2025-12-10T21:29:57.591" intervalms="51.708">
  <response-info timems="0.037" idlems="0.037" threads="0" lastid="00000000005EC100" lastname="Equinox start level thread - Equinox Container: 6d0f9637-e0ed-4" />
</exclusive-start>
<af-start id="478" threadId="00000000005ECB78" totalBytesRequested="48" timestamp="2025-12-10T21:29:57.592" intervalms="51.665" type="nursery" />
<cycle-start id="479" type="scavenge" contextid="0" timestamp="2025-12-10T21:29:57.593" intervalms="51.834" />
<gc-start id="480" type="scavenge" contextid="479" timestamp="2025-12-10T21:29:57.594">
  <mem-info id="481" free="1705880" total="12320768" percent="13">
    <mem type="nursery" free="0" total="4980736" percent="0">
      <mem type="allocate" free="0" total="3538944" percent="0" />
      <mem type="survivor" free="0" total="1441792" percent="0" />
    </mem>
    <mem type="tenure" free="1705880" total="7340032" percent="23">
      <mem type="soa" free="1338264" total="6972416" percent="19" />
      <mem type="loa" free="367616" total="367616" percent="100" />
    </mem>
    <remembered-set count="5288" />
  </mem-info>
</gc-start>
<allocation-stats totalBytes="3020688" discardedBytes="832" >
  <allocated-bytes non-tlh="73480" tlh="2947208" />
  <largest-consumer threadName="Equinox start level thread - Equinox Container: 6d0f9637-e0ed-4a51-9b42-119e0ec1ea32" threadId="00000000005EC100" bytes="2006632" />
</allocation-stats>
<gc-op id="482" type="scavenge" timems="1.650" contextid="479" timestamp="2025-12-10T21:29:57.596">
  <scavenger-info tenureage="4" tenuremask="fff0" tiltratio="71" />
  <memory-copied type="nursery" objects="20827" bytes="837392" bytesdiscarded="25832" />
  <finalization candidates="317" enqueued="66" />
  <ownableSynchronizers candidates="146" cleared="38" />
  <references type="soft" candidates="279" cleared="0" enqueued="0" dynamicThreshold="10" maxThreshold="32" />
  <references type="weak" candidates="719" cleared="311" enqueued="309" />
  <references type="phantom" candidates="16" cleared="11" enqueued="11" />
  <object-monitors candidates="12" cleared="0"  />
</gc-op>
<gc-end id="483" type="scavenge" contextid="479" durationms="3.435" usertimems="3.064" systemtimems="0.000" stalltimems="0.345" timestamp="2025-12-10T21:29:57.597" activeThreads="2">
  <mem-info id="484" free="4445048" total="12320768" percent="36">
    <mem type="nursery" free="2739168" total="4980736" percent="54">
      <mem type="allocate" free="2739168" total="3604480" percent="75" />
      <mem type="survivor" free="0" total="1376256" percent="0" />
    </mem>
    <mem type="tenure" free="1705880" total="7340032" percent="23">
      <mem type="soa" free="1338264" total="6972416" percent="19" />
      <mem type="loa" free="367616" total="367616" percent="100" />
    </mem>
    <pending-finalizers system="66" default="0" reference="320" classloader="0" />
    <remembered-set count="5180" />
  </mem-info>
</gc-end>
<cycle-end id="485" type="scavenge" contextid="479" timestamp="2025-12-10T21:29:57.598" />
<allocation-satisfied id="486" threadId="00000000005EC100" bytesRequested="48" />
<af-end id="487" timestamp="2025-12-10T21:29:57.599" threadId="00000000005ECB78" success="true" from="nursery"/>
<exclusive-end id="488" timestamp="2025-12-10T21:29:57.599" durationms="7.579" />

<exclusive-start id="489" timestamp="2025-12-10T21:29:57.623" intervalms="31.210">
  <response-info timems="0.043" idlems="0.022" threads="1" lastid="000000000002D300" lastname="JIT Compilation Thread-001" />
</exclusive-start>
<af-start id="490" threadId="00000000005FC278" totalBytesRequested="40" timestamp="2025-12-10T21:29:57.623" intervalms="31.005" type="nursery" />
<cycle-start id="491" type="scavenge" contextid="0" timestamp="2025-12-10T21:29:57.624" intervalms="30.805" />
<gc-start id="492" type="scavenge" contextid="491" timestamp="2025-12-10T21:29:57.625">
  <mem-info id="493" free="1689800" total="12320768" percent="13">
    <mem type="nursery" free="0" total="4980736" percent="0">
      <mem type="allocate" free="0" total="3604480" percent="0" />
      <mem type="survivor" free="0" total="1376256" percent="0" />
    </mem>
    <mem type="tenure" free="1689800" total="7340032" percent="23">
      <mem type="soa" free="1322184" total="6972416" percent="18" />
      <mem type="loa" free="367616" total="367616" percent="100" />
    </mem>
    <remembered-set count="5498" />
  </mem-info>
</gc-start>
<allocation-stats totalBytes="2752432" discardedBytes="2816" >
  <allocated-bytes non-tlh="32520" tlh="2719912" />
  <largest-consumer threadName="Equinox start level thread - Equinox Container: 6d0f9637-e0ed-4a51-9b42-119e0ec1ea32" threadId="00000000005EC100" bytes="1152464" />
</allocation-stats>
<gc-op id="494" type="scavenge" timems="1.807" contextid="491" timestamp="2025-12-10T21:29:57.627">
  <scavenger-info tenureage="4" tenuremask="fff0" tiltratio="72" />
  <memory-copied type="nursery" objects="27373" bytes="1106752" bytesdiscarded="30800" />
  <finalization candidates="255" enqueued="4" />
  <ownableSynchronizers candidates="377" cleared="122" />
  <references type="soft" candidates="357" cleared="0" enqueued="0" dynamicThreshold="10" maxThreshold="32" />
  <references type="weak" candidates="554" cleared="92" enqueued="92" />
  <references type="phantom" candidates="8" cleared="2" enqueued="2" />
  <object-monitors candidates="13" cleared="1"  />
</gc-op>
<heap-resize id="495" type="expand" space="nursery" amount="393216" count="1" timems="0.023" reason="excessive time being spent scavenging" timestamp="2025-12-10T21:29:57.628" />
<gc-end id="496" type="scavenge" contextid="491" durationms="3.973" usertimems="2.544" systemtimems="1.002" stalltimems="0.231" timestamp="2025-12-10T21:29:57.629" activeThreads="2">
  <mem-info id="497" free="4153488" total="12713984" percent="32">
    <mem type="nursery" free="2463688" total="5373952" percent="45">
      <mem type="allocate" free="2463688" total="3604480" percent="68" />
      <mem type="survivor" free="0" total="1769472" percent="0" />
    </mem>
    <mem type="tenure" free="1689800" total="7340032" percent="23">
      <mem type="soa" free="1322184" total="6972416" percent="18" />
      <mem type="loa" free="367616" total="367616" percent="100" />
    </mem>
    <pending-finalizers system="4" default="0" reference="94" classloader="0" />
    <remembered-set count="2302" />
  </mem-info>
</gc-end>
<cycle-end id="498" type="scavenge" contextid="491" timestamp="2025-12-10T21:29:57.629" />
<allocation-satisfied id="499" threadId="00000000005FB800" bytesRequested="40" />
<af-end id="500" timestamp="2025-12-10T21:29:57.630" threadId="00000000005FC278" success="true" from="nursery"/>
<exclusive-end id="501" timestamp="2025-12-10T21:29:57.631" durationms="8.181" />

<exclusive-start id="502" timestamp="2025-12-10T21:29:57.677" intervalms="54.196">
  <response-info timems="0.078" idlems="0.078" threads="0" lastid="0000000000839A00" lastname="Default Executor-thread-1" />
</exclusive-start>
<af-start id="503" threadId="000000000083A478" totalBytesRequested="16392" timestamp="2025-12-10T21:29:57.677" intervalms="54.281" type="nursery" />
<cycle-start id="504" type="scavenge" contextid="0" timestamp="2025-12-10T21:29:57.678" intervalms="54.406" />
<gc-start id="505" type="scavenge" contextid="504" timestamp="2025-12-10T21:29:57.679">
  <mem-info id="506" free="1608016" total="12713984" percent="12">
    <mem type="nursery" free="0" total="5373952" percent="0">
      <mem type="allocate" free="0" total="3604480" percent="0" />
      <mem type="survivor" free="0" total="1769472" percent="0" />
    </mem>
    <mem type="tenure" free="1608016" total="7340032" percent="21">
      <mem type="soa" free="1240400" total="6972416" percent="17" />
      <mem type="loa" free="367616" total="367616" percent="100" />
    </mem>
    <remembered-set count="3483" />
  </mem-info>
</gc-start>
<allocation-stats totalBytes="2535736" discardedBytes="9736" >
  <allocated-bytes non-tlh="81824" tlh="2453912" />
  <largest-consumer threadName="Equinox start level thread - Equinox Container: 6d0f9637-e0ed-4a51-9b42-119e0ec1ea32" threadId="00000000005EFE00" bytes="1048400" />
</allocation-stats>
<gc-op id="507" type="scavenge" timems="3.453" contextid="504" timestamp="2025-12-10T21:29:57.683">
  <scavenger-info tenureage="3" tenuremask="fff8" tiltratio="67" />
  <memory-copied type="nursery" objects="27505" bytes="1069360" bytesdiscarded="34944" />
  <memory-copied type="tenure" objects="12549" bytes="500008" bytesdiscarded="96" />
  <finalization candidates="260" enqueued="9" />
  <ownableSynchronizers candidates="706" cleared="172" />
  <references type="soft" candidates="552" cleared="0" enqueued="0" dynamicThreshold="10" maxThreshold="32" />
  <references type="weak" candidates="691" cleared="362" enqueued="361" />
  <references type="phantom" candidates="6" cleared="4" enqueued="4" />
  <object-monitors candidates="16" cleared="1"  />
</gc-op>
<heap-resize id="508" type="expand" space="nursery" amount="262144" count="1" timems="0.032" reason="excessive time being spent scavenging" timestamp="2025-12-10T21:29:57.684" />
<gc-end id="509" type="scavenge" contextid="504" durationms="6.007" usertimems="3.182" systemtimems="3.823" stalltimems="0.450" timestamp="2025-12-10T21:29:57.685" activeThreads="2">
  <mem-info id="510" free="4033608" total="12976128" percent="31">
    <mem type="nursery" free="2955008" total="5636096" percent="52">
      <mem type="allocate" free="2955008" total="4063232" percent="72" />
      <mem type="survivor" free="0" total="1572864" percent="0" />
    </mem>
    <mem type="tenure" free="1078600" total="7340032" percent="14">
      <mem type="soa" free="710984" total="6972416" percent="10" />
      <mem type="loa" free="367616" total="367616" percent="100" />
    </mem>
    <pending-finalizers system="9" default="0" reference="365" classloader="0" />
    <remembered-set count="2018" />
  </mem-info>
</gc-end>
<cycle-end id="511" type="scavenge" contextid="504" timestamp="2025-12-10T21:29:57.686" />
<allocation-satisfied id="512" threadId="0000000000839A00" bytesRequested="16392" />
<af-end id="513" timestamp="2025-12-10T21:29:57.687" threadId="000000000083A478" success="true" from="nursery"/>
<exclusive-end id="514" timestamp="2025-12-10T21:29:57.687" durationms="10.364" />

<concurrent-kickoff id="515" timestamp="2025-12-10T21:29:57.710">
  <kickoff reason="threshold reached" targetBytes="2347284" thresholdFreeBytes="325320"  remainingFree="272128" tenureFreeBytes="1078224" nurseryFreeBytes="272128" />
</concurrent-kickoff>
<exclusive-start id="516" timestamp="2025-12-10T21:29:57.711" intervalms="34.235">
  <response-info timems="0.032" idlems="0.032" threads="0" lastid="0000000000839A00" lastname="Default Executor-thread-1" />
</exclusive-start>
<cycle-start id="517" type="global" contextid="0" timestamp="2025-12-10T21:29:57.712" intervalms="289.103" />
<concurrent-start id="518" type="global mark" contextid="517" timestamp="2025-12-10T21:29:57.713">
</concurrent-start>
<exclusive-end id="519" timestamp="2025-12-10T21:29:57.714" durationms="2.766" />

<exclusive-start id="520" timestamp="2025-12-10T21:29:57.719" intervalms="7.656">
  <response-info timems="0.033" idlems="0.033" threads="0" lastid="0000000000839A00" lastname="Default Executor-thread-1" />
</exclusive-start>
<af-start id="521" threadId="000000000083A478" totalBytesRequested="32" timestamp="2025-12-10T21:29:57.719" intervalms="41.858" type="nursery" />
<cycle-start id="522" type="scavenge" contextid="0" timestamp="2025-12-10T21:29:57.720" intervalms="41.682" />
<gc-start id="523" type="scavenge" contextid="522" timestamp="2025-12-10T21:29:57.720">
  <mem-info id="524" free="1078224" total="12976128" percent="8">
    <mem type="nursery" free="0" total="5636096" percent="0">
      <mem type="allocate" free="0" total="4063232" percent="0" />
      <mem type="survivor" free="0" total="1572864" percent="0" />
    </mem>
    <mem type="tenure" free="1078224" total="7340032" percent="14">
      <mem type="soa" free="710608" total="6972416" percent="10" />
      <mem type="loa" free="367616" total="367616" percent="100" />
    </mem>
    <remembered-set count="2034" />
  </mem-info>
</gc-start>
<allocation-stats totalBytes="2952736" discardedBytes="2648" >
  <allocated-bytes non-tlh="16768" tlh="2935968" />
  <largest-consumer threadName="Default Executor-thread-1" threadId="0000000000839A00" bytes="2948640" />
</allocation-stats>
<gc-op id="525" type="scavenge" timems="2.210" contextid="522" timestamp="2025-12-10T21:29:57.724">
  <scavenger-info tenureage="3" tenuremask="ffc8" tiltratio="72" />
  <memory-copied type="nursery" objects="28250" bytes="1130656" bytesdiscarded="69464" />
  <memory-copied type="tenure" objects="6297" bytes="212776" bytesdiscarded="88" />
  <finalization candidates="44" enqueued="0" />
  <ownableSynchronizers candidates="497" cleared="0" />
  <references type="soft" candidates="406" cleared="0" enqueued="0" dynamicThreshold="10" maxThreshold="32" />
  <references type="weak" candidates="209" cleared="1" enqueued="1" />
  <references type="phantom" candidates="2" cleared="0" enqueued="0" />
  <object-monitors candidates="15" cleared="0"  />
</gc-op>
<heap-resize id="526" type="expand" space="nursery" amount="262144" count="1" timems="0.024" reason="excessive time being spent scavenging" timestamp="2025-12-10T21:29:57.724" />
<gc-end id="527" type="scavenge" contextid="522" durationms="4.518" usertimems="3.107" systemtimems="1.168" stalltimems="0.390" timestamp="2025-12-10T21:29:57.725" activeThreads="2">
  <mem-info id="528" free="3879600" total="13238272" percent="29">
    <mem type="nursery" free="3057120" total="5898240" percent="51">
      <mem type="allocate" free="3057120" total="4259840" percent="71" />
      <mem type="survivor" free="0" total="1638400" percent="0" />
    </mem>
    <mem type="tenure" free="822480" total="7340032" percent="11">
      <mem type="soa" free="454864" total="6972416" percent="6" />
      <mem type="loa" free="367616" total="367616" percent="100" />
    </mem>
    <pending-finalizers system="0" default="0" reference="1" classloader="0" />
    <remembered-set count="1598" />
  </mem-info>
</gc-end>
<cycle-end id="529" type="scavenge" contextid="522" timestamp="2025-12-10T21:29:57.725" />
<allocation-satisfied id="530" threadId="0000000000839A00" bytesRequested="32" />
<af-end id="531" timestamp="2025-12-10T21:29:57.727" threadId="000000000083A478" success="true" from="nursery"/>
<exclusive-end id="532" timestamp="2025-12-10T21:29:57.727" durationms="8.354" />

<concurrent-end id="533" type="global mark" contextid="517" timestamp="2025-12-10T21:29:57.756">
<gc-op id="534" type="trace" timems="42.952" contextid="517" timestamp="2025-12-10T21:29:57.756">
  <trace bytesTraced="3475064" workStackOverflowCount="0" />
  <card-cleaning reason="card cleaning threshold reached" bytesTraced="28384" cardsCleaned="59" />
</gc-op>
</concurrent-end>

<exclusive-start id="535" timestamp="2025-12-10T21:29:57.757" intervalms="38.129">
  <response-info timems="0.041" idlems="0.041" threads="0" lastid="0000000000839A00" lastname="Default Executor-thread-1" />
</exclusive-start>
<concurrent-global-final id="536" timestamp="2025-12-10T21:29:57.757" contextid="517" intervalms="324.913" >
  <concurrent-trace-info reason="card cleaning threshold reached" tracedByMutators="136400" tracedByHelpers="3367048" cardsCleaned="59" workStackOverflowCount="0" />
</concurrent-global-final>
<gc-start id="537" type="global" contextid="517" timestamp="2025-12-10T21:29:57.758">
  <mem-info id="538" free="822432" total="13238272" percent="6">
    <mem type="nursery" free="0" total="5898240" percent="0">
      <mem type="allocate" free="0" total="4259840" percent="0" />
      <mem type="survivor" free="0" total="1638400" percent="0" />
    </mem>
    <mem type="tenure" free="822432" total="7340032" percent="11">
      <mem type="soa" free="454816" total="6972416" percent="6" />
      <mem type="loa" free="367616" total="367616" percent="100" />
    </mem>
    <remembered-set count="1599" />
  </mem-info>
</gc-start>
<allocation-stats totalBytes="3027456" discardedBytes="29712" >
  <allocated-bytes non-tlh="80" tlh="3027376" />
  <largest-consumer threadName="Default Executor-thread-1" threadId="0000000000839A00" bytes="3027456" />
</allocation-stats>
<gc-op id="539" type="rs-scan" timems="1.415" contextid="517" timestamp="2025-12-10T21:29:57.760">
  <scan objectsFound="28728" bytesTraced="950564" workStackOverflowCount="0" />
</gc-op>
<gc-op id="540" type="card-cleaning" timems="0.570" contextid="517" timestamp="2025-12-10T21:29:57.762">
  <card-cleaning cardsCleaned="1" bytesTraced="552" workStackOverflowCount="0" />
</gc-op>
<gc-op id="541" type="mark" timems="5.317" contextid="517" timestamp="2025-12-10T21:29:57.767">
  <trace-info objectcount="3943" scancount="2228" scanbytes="60956" />
  <finalization candidates="733" enqueued="0" />
  <ownableSynchronizers candidates="620" cleared="0" />
  <references type="soft" candidates="4482" cleared="0" enqueued="0" dynamicThreshold="10" maxThreshold="32" />
  <references type="weak" candidates="1244" cleared="0" enqueued="0" />
  <references type="phantom" candidates="124" cleared="0" enqueued="0" />
  <stringconstants candidates="12407" cleared="19"  />
  <object-monitors candidates="15" cleared="1"  />
</gc-op>
<gc-op id="542" type="classunload" timems="0.012" contextid="517" timestamp="2025-12-10T21:29:57.768">
  <classunload-info classloadercandidates="31" classloadersunloaded="0" classesunloaded="0" anonymousclassesunloaded="0" quiescems="0.000" setupms="0.011" scanms="0.000" postms="0.000" />
</gc-op>
<gc-op id="543" type="sweep" timems="1.063" contextid="517" timestamp="2025-12-10T21:29:57.769" />
<heap-resize id="544" type="expand" space="tenure" amount="1835008" count="1" timems="0.049" reason="insufficient free space following gc" timestamp="2025-12-10T21:29:57.770" />
<gc-end id="545" type="global" contextid="517" durationms="12.525" usertimems="4.631" systemtimems="10.203" stalltimems="28.468" timestamp="2025-12-10T21:29:57.771" activeThreads="6">
  <mem-info id="546" free="5125560" total="15073280" percent="34">
    <mem type="nursery" free="2354984" total="5898240" percent="39">
      <mem type="allocate" free="2354984" total="4259840" percent="55" />
      <mem type="survivor" free="0" total="1638400" percent="0" />
    </mem>
    <mem type="tenure" free="2770576" total="9175040" percent="30" micro-fragmented="158771" macro-fragmented="0">
      <mem type="soa" free="2311824" total="8716288" percent="26" />
      <mem type="loa" free="458752" total="458752" percent="100" />
    </mem>
    <remembered-set count="1354" />
  </mem-info>
</gc-end>
<cycle-end id="547" type="global" contextid="517" timestamp="2025-12-10T21:29:57.771" />
<exclusive-end id="548" timestamp="2025-12-10T21:29:57.772" durationms="14.661" />

<exclusive-start id="549" timestamp="2025-12-10T21:29:57.791" intervalms="33.965">
  <response-info timems="0.043" idlems="0.043" threads="0" lastid="0000000000839A00" lastname="Default Executor-thread-1" />
</exclusive-start>
<af-start id="550" threadId="000000000083A478" totalBytesRequested="16" timestamp="2025-12-10T21:29:57.791" intervalms="72.168" type="nursery" />
<cycle-start id="551" type="scavenge" contextid="0" timestamp="2025-12-10T21:29:57.792" intervalms="72.210" />
<gc-start id="552" type="scavenge" contextid="551" timestamp="2025-12-10T21:29:57.793">
  <mem-info id="553" free="2770576" total="15073280" percent="18">
    <mem type="nursery" free="0" total="5898240" percent="0">
      <mem type="allocate" free="0" total="4259840" percent="0" />
      <mem type="survivor" free="0" total="1638400" percent="0" />
    </mem>
    <mem type="tenure" free="2770576" total="9175040" percent="30">
      <mem type="soa" free="2311824" total="8716288" percent="26" />
      <mem type="loa" free="458752" total="458752" percent="100" />
    </mem>
    <remembered-set count="1354" />
  </mem-info>
</gc-start>
<allocation-stats totalBytes="2335232" discardedBytes="12040" >
  <allocated-bytes non-tlh="845768" tlh="1489464" />
  <largest-consumer threadName="Default Executor-thread-1" threadId="0000000000839A00" bytes="2335232" />
</allocation-stats>
<gc-op id="554" type="scavenge" timems="2.857" contextid="551" timestamp="2025-12-10T21:29:57.796">
  <scavenger-info tenureage="3" tenuremask="7008" tiltratio="72" />
  <memory-copied type="nursery" objects="34907" bytes="1270072" bytesdiscarded="37272" />
  <memory-copied type="tenure" objects="7231" bytes="343400" bytesdiscarded="1176" />
  <ownableSynchronizers candidates="1240" cleared="812" />
  <references type="soft" candidates="328" cleared="0" enqueued="0" dynamicThreshold="9" maxThreshold="32" />
  <references type="weak" candidates="156" cleared="0" enqueued="0" />
  <references type="phantom" candidates="2" cleared="0" enqueued="0" />
  <object-monitors candidates="14" cleared="0"  />
</gc-op>
<gc-end id="555" type="scavenge" contextid="551" durationms="4.503" usertimems="4.007" systemtimems="1.515" stalltimems="0.334" timestamp="2025-12-10T21:29:57.797" activeThreads="2">
  <mem-info id="556" free="5208096" total="15073280" percent="34">
    <mem type="nursery" free="2885504" total="5898240" percent="48">
      <mem type="allocate" free="2885504" total="4194304" percent="68" />
      <mem type="survivor" free="0" total="1703936" percent="0" />
    </mem>
    <mem type="tenure" free="2322592" total="9175040" percent="25">
      <mem type="soa" free="1863840" total="8716288" percent="21" />
      <mem type="loa" free="458752" total="458752" percent="100" />
    </mem>
    <remembered-set count="806" />
  </mem-info>
</gc-end>
<cycle-end id="557" type="scavenge" contextid="551" timestamp="2025-12-10T21:29:57.798" />
<allocation-satisfied id="558" threadId="0000000000839A00" bytesRequested="16" />
<af-end id="559" timestamp="2025-12-10T21:29:57.799" threadId="000000000083A478" success="true" from="nursery"/>
<exclusive-end id="560" timestamp="2025-12-10T21:29:57.799" durationms="8.031" />

<exclusive-start id="561" timestamp="2025-12-10T21:29:57.828" intervalms="37.139">
  <response-info timems="0.029" idlems="0.029" threads="0" lastid="0000000000839A00" lastname="Default Executor-thread-1" />
</exclusive-start>
<af-start id="562" threadId="000000000083A478" totalBytesRequested="3720" timestamp="2025-12-10T21:29:57.829" intervalms="37.037" type="nursery" />
<cycle-start id="563" type="scavenge" contextid="0" timestamp="2025-12-10T21:29:57.829" intervalms="37.012" />
<gc-start id="564" type="scavenge" contextid="563" timestamp="2025-12-10T21:29:57.830">
  <mem-info id="565" free="2322592" total="15073280" percent="15">
    <mem type="nursery" free="0" total="5898240" percent="0">
      <mem type="allocate" free="0" total="4194304" percent="0" />
      <mem type="survivor" free="0" total="1703936" percent="0" />
    </mem>
    <mem type="tenure" free="2322592" total="9175040" percent="25">
      <mem type="soa" free="1863840" total="8716288" percent="21" />
      <mem type="loa" free="458752" total="458752" percent="100" />
    </mem>
    <remembered-set count="806" />
  </mem-info>
</gc-start>
<allocation-stats totalBytes="2883768" discardedBytes="1736" >
  <allocated-bytes non-tlh="16" tlh="2883752" />
  <largest-consumer threadName="Default Executor-thread-1" threadId="0000000000839A00" bytes="2883768" />
</allocation-stats>
<gc-op id="566" type="scavenge" timems="5.448" contextid="563" timestamp="2025-12-10T21:29:57.836">
  <scavenger-info tenureage="3" tenuremask="7808" tiltratio="71" />
  <memory-copied type="nursery" objects="29124" bytes="1041224" bytesdiscarded="12504" />
  <memory-copied type="tenure" objects="13386" bytes="488088" bytesdiscarded="168" />
  <ownableSynchronizers candidates="281" cleared="0" />
  <references type="soft" candidates="4" cleared="0" enqueued="0" dynamicThreshold="9" maxThreshold="32" />
  <references type="phantom" candidates="1" cleared="0" enqueued="0" />
  <object-monitors candidates="14" cleared="0"  />
</gc-op>
<heap-resize id="567" type="expand" space="nursery" amount="655360" count="1" timems="0.069" reason="excessive time being spent scavenging" timestamp="2025-12-10T21:29:57.837" />
<gc-end id="568" type="scavenge" contextid="563" durationms="8.630" usertimems="10.292" systemtimems="0.684" stalltimems="1.078" timestamp="2025-12-10T21:29:57.838" activeThreads="2">
  <mem-info id="569" free="5369720" total="15728640" percent="34">
    <mem type="nursery" free="3599320" total="6553600" percent="54">
      <mem type="allocate" free="3599320" total="4653056" percent="77" />
      <mem type="survivor" free="0" total="1900544" percent="0" />
    </mem>
    <mem type="tenure" free="1770400" total="9175040" percent="19">
      <mem type="soa" free="1311648" total="8716288" percent="15" />
      <mem type="loa" free="458752" total="458752" percent="100" />
    </mem>
    <remembered-set count="226" />
  </mem-info>
</gc-end>
<cycle-end id="570" type="scavenge" contextid="563" timestamp="2025-12-10T21:29:57.839" />
<allocation-satisfied id="571" threadId="0000000000839A00" bytesRequested="3720" />
<af-end id="572" timestamp="2025-12-10T21:29:57.840" threadId="000000000083A478" success="true" from="nursery"/>
<exclusive-end id="573" timestamp="2025-12-10T21:29:57.841" durationms="12.534" />

<exclusive-start id="574" timestamp="2025-12-10T21:29:57.871" intervalms="42.703">
  <response-info timems="0.034" idlems="0.034" threads="0" lastid="0000000000839A00" lastname="Default Executor-thread-1" />
</exclusive-start>
<af-start id="575" threadId="000000000083A478" totalBytesRequested="16392" timestamp="2025-12-10T21:29:57.871" intervalms="42.763" type="nursery" />
<cycle-start id="576" type="scavenge" contextid="0" timestamp="2025-12-10T21:29:57.872" intervalms="42.716" />
<gc-start id="577" type="scavenge" contextid="576" timestamp="2025-12-10T21:29:57.872">
  <mem-info id="578" free="1770400" total="15728640" percent="11">
    <mem type="nursery" free="0" total="6553600" percent="0">
      <mem type="allocate" free="0" total="4653056" percent="0" />
      <mem type="survivor" free="0" total="1900544" percent="0" />
    </mem>
    <mem type="tenure" free="1770400" total="9175040" percent="19">
      <mem type="soa" free="1311648" total="8716288" percent="15" />
      <mem type="loa" free="458752" total="458752" percent="100" />
    </mem>
    <remembered-set count="226" />
  </mem-info>
</gc-start>
<allocation-stats totalBytes="3552368" discardedBytes="46952" >
  <allocated-bytes non-tlh="3720" tlh="3548648" />
  <largest-consumer threadName="Default Executor-thread-1" threadId="0000000000839A00" bytes="3552368" />
</allocation-stats>
<gc-op id="579" type="scavenge" timems="3.288" contextid="576" timestamp="2025-12-10T21:29:57.877">
  <scavenger-info tenureage="3" tenuremask="7808" tiltratio="71" />
  <memory-copied type="nursery" objects="30779" bytes="1074320" bytesdiscarded="51584" />
  <memory-copied type="tenure" objects="7606" bytes="272456" bytesdiscarded="504" />
  <references type="phantom" candidates="1" cleared="0" enqueued="0" />
  <object-monitors candidates="14" cleared="0"  />
</gc-op>
<heap-resize id="580" type="expand" space="nursery" amount="393216" count="1" timems="0.037" reason="excessive time being spent scavenging" timestamp="2025-12-10T21:29:57.877" />
<gc-end id="581" type="scavenge" contextid="576" durationms="5.464" usertimems="5.179" systemtimems="1.942" stalltimems="3.016" timestamp="2025-12-10T21:29:57.878" activeThreads="3">
  <mem-info id="582" free="5437064" total="16121856" percent="33">
    <mem type="nursery" free="4051432" total="6946816" percent="58">
      <mem type="allocate" free="4051432" total="5177344" percent="78" />
      <mem type="survivor" free="0" total="1769472" percent="0" />
    </mem>
    <mem type="tenure" free="1385632" total="9175040" percent="15">
      <mem type="soa" free="926880" total="8716288" percent="10" />
      <mem type="loa" free="458752" total="458752" percent="100" />
    </mem>
    <remembered-set count="285" />
  </mem-info>
</gc-end>
<cycle-end id="583" type="scavenge" contextid="576" timestamp="2025-12-10T21:29:57.878" />
<allocation-satisfied id="584" threadId="0000000000839A00" bytesRequested="16392" />
<af-end id="585" timestamp="2025-12-10T21:29:57.879" threadId="000000000083A478" success="true" from="nursery"/>
<exclusive-end id="586" timestamp="2025-12-10T21:29:57.880" durationms="8.952" />

<concurrent-kickoff id="587" timestamp="2025-12-10T21:29:57.912">
  <kickoff reason="threshold reached" targetBytes="3193363" thresholdFreeBytes="442600"  remainingFree="209384" tenureFreeBytes="1385632" nurseryFreeBytes="209384" />
</concurrent-kickoff>
<exclusive-start id="588" timestamp="2025-12-10T21:29:57.913" intervalms="42.598">
  <response-info timems="0.051" idlems="0.051" threads="0" lastid="0000000000839A00" lastname="Default Executor-thread-1" />
</exclusive-start>
<cycle-start id="589" type="global" contextid="0" timestamp="2025-12-10T21:29:57.914" intervalms="201.958" />
<concurrent-start id="590" type="global mark" contextid="589" timestamp="2025-12-10T21:29:57.915">
</concurrent-start>
<exclusive-end id="591" timestamp="2025-12-10T21:29:57.916" durationms="2.301" />

<exclusive-start id="592" timestamp="2025-12-10T21:29:57.923" intervalms="9.232">
  <response-info timems="0.034" idlems="0.034" threads="0" lastid="0000000000839A00" lastname="Default Executor-thread-1" />
</exclusive-start>
<af-start id="593" threadId="000000000083A478" totalBytesRequested="16392" timestamp="2025-12-10T21:29:57.923" intervalms="51.851" type="nursery" />
<cycle-start id="594" type="scavenge" contextid="0" timestamp="2025-12-10T21:29:57.924" intervalms="51.914" />
<gc-start id="595" type="scavenge" contextid="594" timestamp="2025-12-10T21:29:57.924">
  <mem-info id="596" free="1385632" total="16121856" percent="8">
    <mem type="nursery" free="0" total="6946816" percent="0">
      <mem type="allocate" free="0" total="5177344" percent="0" />
      <mem type="survivor" free="0" total="1769472" percent="0" />
    </mem>
    <mem type="tenure" free="1385632" total="9175040" percent="15">
      <mem type="soa" free="926880" total="8716288" percent="10" />
      <mem type="loa" free="458752" total="458752" percent="100" />
    </mem>
    <remembered-set count="306" />
  </mem-info>
</gc-start>
<allocation-stats totalBytes="4032688" discardedBytes="18744" >
  <allocated-bytes non-tlh="16392" tlh="4016296" />
  <largest-consumer threadName="Default Executor-thread-1" threadId="0000000000839A00" bytes="4032688" />
</allocation-stats>
<gc-op id="597" type="scavenge" timems="3.298" contextid="594" timestamp="2025-12-10T21:29:57.929">
  <scavenger-info tenureage="3" tenuremask="7808" tiltratio="74" />
  <memory-copied type="nursery" objects="27355" bytes="959648" bytesdiscarded="17600" />
  <memory-copied type="tenure" objects="13891" bytes="478944" bytesdiscarded="896" />
  <references type="phantom" candidates="1" cleared="0" enqueued="0" />
  <object-monitors candidates="14" cleared="0"  />
</gc-op>
<heap-resize id="598" type="expand" space="nursery" amount="393216" count="1" timems="0.038" reason="excessive time being spent scavenging" timestamp="2025-12-10T21:29:57.929" />
<gc-end id="599" type="scavenge" contextid="594" durationms="5.639" usertimems="7.581" systemtimems="1.249" stalltimems="1.199" timestamp="2025-12-10T21:29:57.930" activeThreads="3">
  <mem-info id="600" free="5553592" total="16515072" percent="33">
    <mem type="nursery" free="4658840" total="7340032" percent="63">
      <mem type="allocate" free="4658840" total="5636096" percent="82" />
      <mem type="survivor" free="0" total="1703936" percent="0" />
    </mem>
    <mem type="tenure" free="894752" total="9175040" percent="9">
      <mem type="soa" free="436000" total="8716288" percent="5" />
      <mem type="loa" free="458752" total="458752" percent="100" />
    </mem>
    <remembered-set count="311" />
  </mem-info>
</gc-end>
<cycle-end id="601" type="scavenge" contextid="594" timestamp="2025-12-10T21:29:57.931" />
<allocation-satisfied id="602" threadId="0000000000839A00" bytesRequested="16392" />
<af-end id="603" timestamp="2025-12-10T21:29:57.932" threadId="000000000083A478" success="true" from="nursery"/>
<exclusive-end id="604" timestamp="2025-12-10T21:29:57.932" durationms="9.683" />

<concurrent-end id="605" type="global mark" contextid="589" timestamp="2025-12-10T21:29:57.987">
<gc-op id="606" type="trace" timems="72.684" contextid="589" timestamp="2025-12-10T21:29:57.987">
  <trace bytesTraced="4068676" workStackOverflowCount="0" />
  <card-cleaning reason="card cleaning threshold reached" bytesTraced="1184" cardsCleaned="26" />
</gc-op>
</concurrent-end>

<exclusive-start id="607" timestamp="2025-12-10T21:29:57.988" intervalms="65.869">
  <response-info timems="0.041" idlems="0.041" threads="0" lastid="0000000000839A00" lastname="Default Executor-thread-1" />
</exclusive-start>
<concurrent-global-final id="608" timestamp="2025-12-10T21:29:57.989" contextid="589" intervalms="231.317" >
  <concurrent-trace-info reason="card cleaning threshold reached" tracedByMutators="3696" tracedByHelpers="4066164" cardsCleaned="26" workStackOverflowCount="0" />
</concurrent-global-final>
<gc-start id="609" type="global" contextid="589" timestamp="2025-12-10T21:29:57.989">
  <mem-info id="610" free="894752" total="16515072" percent="5">
    <mem type="nursery" free="0" total="7340032" percent="0">
      <mem type="allocate" free="0" total="5636096" percent="0" />
      <mem type="survivor" free="0" total="1703936" percent="0" />
    </mem>
    <mem type="tenure" free="894752" total="9175040" percent="9">
      <mem type="soa" free="436000" total="8716288" percent="5" />
      <mem type="loa" free="458752" total="458752" percent="100" />
    </mem>
    <remembered-set count="352" />
  </mem-info>
</gc-start>
<allocation-stats totalBytes="4626664" discardedBytes="32176" >
  <allocated-bytes non-tlh="16392" tlh="4610272" />
  <largest-consumer threadName="Default Executor-thread-1" threadId="0000000000839A00" bytes="4626664" />
</allocation-stats>
<gc-op id="611" type="rs-scan" timems="2.262" contextid="589" timestamp="2025-12-10T21:29:57.993">
  <scan objectsFound="47864" bytesTraced="1360260" workStackOverflowCount="0" />
</gc-op>
<gc-op id="612" type="card-cleaning" timems="0.629" contextid="589" timestamp="2025-12-10T21:29:57.994">
  <card-cleaning cardsCleaned="3" bytesTraced="1616" workStackOverflowCount="0" />
</gc-op>
<gc-op id="613" type="mark" timems="2.879" contextid="589" timestamp="2025-12-10T21:29:57.997">
  <trace-info objectcount="162" scancount="156" scanbytes="3072" />
  <finalization candidates="733" enqueued="0" />
  <ownableSynchronizers candidates="620" cleared="0" />
  <references type="soft" candidates="4482" cleared="0" enqueued="0" dynamicThreshold="9" maxThreshold="32" />
  <references type="weak" candidates="1244" cleared="0" enqueued="0" />
  <references type="phantom" candidates="124" cleared="0" enqueued="0" />
  <stringconstants candidates="12388" cleared="0"  />
  <object-monitors candidates="14" cleared="0"  />
</gc-op>
<gc-op id="614" type="sweep" timems="0.913" contextid="589" timestamp="2025-12-10T21:29:57.999" />
<heap-resize id="615" type="expand" space="tenure" amount="2293760" count="1" timems="0.061" reason="insufficient free space following gc" timestamp="2025-12-10T21:29:57.999" />
<gc-end id="616" type="global" contextid="589" durationms="10.736" usertimems="9.733" systemtimems="7.908" stalltimems="16.748" timestamp="2025-12-10T21:29:58.000" activeThreads="7">
  <mem-info id="617" free="6909744" total="18808832" percent="36">
    <mem type="nursery" free="3433632" total="7340032" percent="46">
      <mem type="allocate" free="3433632" total="5636096" percent="60" />
      <mem type="survivor" free="0" total="1703936" percent="0" />
    </mem>
    <mem type="tenure" free="3476112" total="11468800" percent="30" micro-fragmented="160768" macro-fragmented="0">
      <mem type="soa" free="2902672" total="10895360" percent="26" />
      <mem type="loa" free="573440" total="573440" percent="100" />
    </mem>
    <remembered-set count="352" />
  </mem-info>
</gc-end>
<cycle-end id="618" type="global" contextid="589" timestamp="2025-12-10T21:29:58.001" />
<exclusive-end id="619" timestamp="2025-12-10T21:29:58.001" durationms="12.662" />

<exclusive-start id="620" timestamp="2025-12-10T21:29:58.032" intervalms="43.546">
  <response-info timems="0.034" idlems="0.034" threads="0" lastid="0000000000839A00" lastname="Default Executor-thread-1" />
</exclusive-start>
<af-start id="621" threadId="000000000083A478" totalBytesRequested="24" timestamp="2025-12-10T21:29:58.032" intervalms="109.306" type="nursery" />
<cycle-start id="622" type="scavenge" contextid="0" timestamp="2025-12-10T21:29:58.033" intervalms="109.261" />
<gc-start id="623" type="scavenge" contextid="622" timestamp="2025-12-10T21:29:58.033">
  <mem-info id="624" free="3476112" total="18808832" percent="18">
    <mem type="nursery" free="0" total="7340032" percent="0">
      <mem type="allocate" free="0" total="5636096" percent="0" />
      <mem type="survivor" free="0" total="1703936" percent="0" />
    </mem>
    <mem type="tenure" free="3476112" total="11468800" percent="30">
      <mem type="soa" free="2902672" total="10895360" percent="26" />
      <mem type="loa" free="573440" total="573440" percent="100" />
    </mem>
    <remembered-set count="378" />
  </mem-info>
</gc-start>
<allocation-stats totalBytes="3395928" discardedBytes="17640" >
  <allocated-bytes non-tlh="1449632" tlh="1946296" />
  <largest-consumer threadName="Default Executor-thread-1" threadId="0000000000839A00" bytes="3395928" />
</allocation-stats>
<gc-op id="625" type="scavenge" timems="2.394" contextid="622" timestamp="2025-12-10T21:29:58.037">
  <scavenger-info tenureage="3" tenuremask="7808" tiltratio="76" />
  <memory-copied type="nursery" objects="40633" bytes="1411720" bytesdiscarded="20912" />
  <memory-copied type="tenure" objects="7605" bytes="257416" bytesdiscarded="296" />
  <ownableSynchronizers candidates="1240" cleared="1240" />
  <object-monitors candidates="14" cleared="0"  />
</gc-op>
<gc-end id="626" type="scavenge" contextid="622" durationms="4.189" usertimems="2.149" systemtimems="4.030" stalltimems="1.076" timestamp="2025-12-10T21:29:58.038" activeThreads="3">
  <mem-info id="627" free="6909208" total="18808832" percent="36">
    <mem type="nursery" free="3744712" total="7340032" percent="51">
      <mem type="allocate" free="3744712" total="5177344" percent="72" />
      <mem type="survivor" free="0" total="2162688" percent="0" />
    </mem>
    <mem type="tenure" free="3164496" total="11468800" percent="27">
      <mem type="soa" free="2591056" total="10895360" percent="23" />
      <mem type="loa" free="573440" total="573440" percent="100" />
    </mem>
    <remembered-set count="399" />
  </mem-info>
</gc-end>
<cycle-end id="628" type="scavenge" contextid="622" timestamp="2025-12-10T21:29:58.038" />
<allocation-satisfied id="629" threadId="0000000000839A00" bytesRequested="24" />
<af-end id="630" timestamp="2025-12-10T21:29:58.039" threadId="000000000083A478" success="true" from="nursery"/>
<exclusive-end id="631" timestamp="2025-12-10T21:29:58.040" durationms="7.812" />

<exclusive-start id="632" timestamp="2025-12-10T21:29:58.076" intervalms="44.330">
  <response-info timems="0.028" idlems="0.028" threads="0" lastid="0000000000839A00" lastname="Default Executor-thread-1" />
</exclusive-start>
<af-start id="633" threadId="000000000083A478" totalBytesRequested="456" timestamp="2025-12-10T21:29:58.077" intervalms="44.403" type="nursery" />
<cycle-start id="634" type="scavenge" contextid="0" timestamp="2025-12-10T21:29:58.077" intervalms="44.380" />
<gc-start id="635" type="scavenge" contextid="634" timestamp="2025-12-10T21:29:58.078">
  <mem-info id="636" free="3164496" total="18808832" percent="16">
    <mem type="nursery" free="0" total="7340032" percent="0">
      <mem type="allocate" free="0" total="5177344" percent="0" />
      <mem type="survivor" free="0" total="2162688" percent="0" />
    </mem>
    <mem type="tenure" free="3164496" total="11468800" percent="27">
      <mem type="soa" free="2591056" total="10895360" percent="23" />
      <mem type="loa" free="573440" total="573440" percent="100" />
    </mem>
    <remembered-set count="466" />
  </mem-info>
</gc-start>
<allocation-stats totalBytes="3744344" discardedBytes="368" >
  <allocated-bytes non-tlh="24" tlh="3744320" />
  <largest-consumer threadName="Default Executor-thread-1" threadId="0000000000839A00" bytes="3744344" />
</allocation-stats>
<gc-op id="637" type="scavenge" timems="2.625" contextid="634" timestamp="2025-12-10T21:29:58.081">
  <scavenger-info tenureage="3" tenuremask="7808" tiltratio="70" />
  <memory-copied type="nursery" objects="41163" bytes="1451344" bytesdiscarded="64760" />
  <memory-copied type="tenure" objects="9269" bytes="322944" bytesdiscarded="792" />
  <references type="phantom" candidates="1" cleared="0" enqueued="0" />
  <object-monitors candidates="14" cleared="0"  />
</gc-op>
<heap-resize id="638" type="expand" space="nursery" amount="393216" count="1" timems="0.038" reason="excessive time being spent scavenging" timestamp="2025-12-10T21:29:58.083" />
<gc-end id="639" type="scavenge" contextid="634" durationms="5.545" usertimems="7.057" systemtimems="0.000" stalltimems="1.177" timestamp="2025-12-10T21:29:58.083" activeThreads="3">
  <mem-info id="640" free="6838720" total="19202048" percent="35">
    <mem type="nursery" free="4119984" total="7733248" percent="53">
      <mem type="allocate" free="4119984" total="5636096" percent="73" />
      <mem type="survivor" free="0" total="2097152" percent="0" />
    </mem>
    <mem type="tenure" free="2718736" total="11468800" percent="23">
      <mem type="soa" free="2145296" total="10895360" percent="19" />
      <mem type="loa" free="573440" total="573440" percent="100" />
    </mem>
    <remembered-set count="433" />
  </mem-info>
</gc-end>
<cycle-end id="641" type="scavenge" contextid="634" timestamp="2025-12-10T21:29:58.084" />
<allocation-satisfied id="642" threadId="0000000000839A00" bytesRequested="456" />
<af-end id="643" timestamp="2025-12-10T21:29:58.086" threadId="000000000083A478" success="true" from="nursery"/>
<exclusive-end id="644" timestamp="2025-12-10T21:29:58.086" durationms="9.975" />

<exclusive-start id="645" timestamp="2025-12-10T21:29:58.123" intervalms="46.775">
  <response-info timems="0.029" idlems="0.029" threads="0" lastid="0000000000839A00" lastname="Default Executor-thread-1" />
</exclusive-start>
<af-start id="646" threadId="000000000083A478" totalBytesRequested="16392" timestamp="2025-12-10T21:29:58.124" intervalms="46.713" type="nursery" />
<cycle-start id="647" type="scavenge" contextid="0" timestamp="2025-12-10T21:29:58.124" intervalms="46.695" />
<gc-start id="648" type="scavenge" contextid="647" timestamp="2025-12-10T21:29:58.125">
  <mem-info id="649" free="2718736" total="19202048" percent="14">
    <mem type="nursery" free="0" total="7733248" percent="0">
      <mem type="allocate" free="0" total="5636096" percent="0" />
      <mem type="survivor" free="0" total="2097152" percent="0" />
    </mem>
    <mem type="tenure" free="2718736" total="11468800" percent="23">
      <mem type="soa" free="2145296" total="10895360" percent="19" />
      <mem type="loa" free="573440" total="573440" percent="100" />
    </mem>
    <remembered-set count="528" />
  </mem-info>
</gc-start>
<allocation-stats totalBytes="4112336" discardedBytes="7648" >
  <allocated-bytes non-tlh="456" tlh="4111880" />
  <largest-consumer threadName="Default Executor-thread-1" threadId="0000000000839A00" bytes="4112336" />
</allocation-stats>
<gc-op id="650" type="scavenge" timems="1.950" contextid="647" timestamp="2025-12-10T21:29:58.127">
  <scavenger-info tenureage="2" tenuremask="780c" tiltratio="72" />
  <memory-copied type="nursery" objects="20275" bytes="740976" bytesdiscarded="100280" />
  <memory-copied type="tenure" objects="31354" bytes="1078320" bytesdiscarded="752" />
  <references type="phantom" candidates="1" cleared="0" enqueued="0" />
  <object-monitors candidates="14" cleared="0"  />
</gc-op>
<gc-end id="651" type="scavenge" contextid="647" durationms="3.466" usertimems="4.165" systemtimems="1.563" stalltimems="0.421" timestamp="2025-12-10T21:29:58.128" activeThreads="3">
  <mem-info id="652" free="6552800" total="19202048" percent="34">
    <mem type="nursery" free="4991440" total="7733248" percent="64">
      <mem type="allocate" free="4991440" total="5832704" percent="85" />
      <mem type="survivor" free="0" total="1900544" percent="0" />
    </mem>
    <mem type="tenure" free="1561360" total="11468800" percent="13">
      <mem type="soa" free="987920" total="10895360" percent="9" />
      <mem type="loa" free="573440" total="573440" percent="100" />
    </mem>
    <remembered-set count="336" />
  </mem-info>
</gc-end>
<cycle-end id="653" type="scavenge" contextid="647" timestamp="2025-12-10T21:29:58.129" />
<allocation-satisfied id="654" threadId="0000000000839A00" bytesRequested="16392" />
<af-end id="655" timestamp="2025-12-10T21:29:58.130" threadId="000000000083A478" success="true" from="nursery"/>
<exclusive-end id="656" timestamp="2025-12-10T21:29:58.130" durationms="7.160" />

<concurrent-kickoff id="657" timestamp="2025-12-10T21:29:58.168">
  <kickoff reason="threshold reached" targetBytes="4189818" thresholdFreeBytes="580593"  remainingFree="383440" tenureFreeBytes="1560384" nurseryFreeBytes="383440" />
</concurrent-kickoff>
<exclusive-start id="658" timestamp="2025-12-10T21:29:58.169" intervalms="46.122">
  <response-info timems="0.045" idlems="0.045" threads="0" lastid="0000000000839A00" lastname="Default Executor-thread-1" />
</exclusive-start>
<cycle-start id="659" type="global" contextid="0" timestamp="2025-12-10T21:29:58.170" intervalms="255.694" />
<concurrent-start id="660" type="global mark" contextid="659" timestamp="2025-12-10T21:29:58.170">
</concurrent-start>
<exclusive-end id="661" timestamp="2025-12-10T21:29:58.171" durationms="1.533" />

<exclusive-start id="662" timestamp="2025-12-10T21:29:58.176" intervalms="6.602">
  <response-info timems="0.049" idlems="0.049" threads="0" lastid="0000000000839A00" lastname="Default Executor-thread-1" />
</exclusive-start>
<af-start id="663" threadId="000000000083A478" totalBytesRequested="16392" timestamp="2025-12-10T21:29:58.176" intervalms="52.928" type="nursery" />
<cycle-start id="664" type="scavenge" contextid="0" timestamp="2025-12-10T21:29:58.177" intervalms="52.994" />
<gc-start id="665" type="scavenge" contextid="664" timestamp="2025-12-10T21:29:58.178">
  <mem-info id="666" free="1560384" total="19202048" percent="8">
    <mem type="nursery" free="0" total="7733248" percent="0">
      <mem type="allocate" free="0" total="5832704" percent="0" />
      <mem type="survivor" free="0" total="1900544" percent="0" />
    </mem>
    <mem type="tenure" free="1560384" total="11468800" percent="13">
      <mem type="soa" free="986944" total="10895360" percent="9" />
      <mem type="loa" free="573440" total="573440" percent="100" />
    </mem>
    <remembered-set count="456" />
  </mem-info>
</gc-start>
<allocation-stats totalBytes="4980120" discardedBytes="12296" >
  <allocated-bytes non-tlh="17368" tlh="4962752" />
  <largest-consumer threadName="Default Executor-thread-1" threadId="0000000000839A00" bytes="4958792" />
</allocation-stats>
<gc-op id="667" type="scavenge" timems="1.949" contextid="664" timestamp="2025-12-10T21:29:58.181">
  <scavenger-info tenureage="11" tenuremask="7800" tiltratio="75" />
  <memory-copied type="nursery" objects="32902" bytes="1195488" bytesdiscarded="48168" />
  <ownableSynchronizers candidates="4" cleared="0" />
  <references type="weak" candidates="16" cleared="4" enqueued="4" />
  <references type="phantom" candidates="1" cleared="0" enqueued="0" />
  <object-monitors candidates="17" cleared="1"  />
</gc-op>
<heap-resize id="668" type="expand" space="nursery" amount="393216" count="1" timems="0.039" reason="excessive time being spent scavenging" timestamp="2025-12-10T21:29:58.181" />
<gc-end id="669" type="scavenge" contextid="664" durationms="4.352" usertimems="3.663" systemtimems="1.364" stalltimems="1.362" timestamp="2025-12-10T21:29:58.182" activeThreads="3">
  <mem-info id="670" free="6345968" total="19595264" percent="32">
    <mem type="nursery" free="4785584" total="8126464" percent="58">
      <mem type="allocate" free="4785584" total="6029312" percent="79" />
      <mem type="survivor" free="0" total="2097152" percent="0" />
    </mem>
    <mem type="tenure" free="1560384" total="11468800" percent="13">
      <mem type="soa" free="986944" total="10895360" percent="9" />
      <mem type="loa" free="573440" total="573440" percent="100" />
    </mem>
    <pending-finalizers system="0" default="0" reference="4" classloader="0" />
    <remembered-set count="445" />
  </mem-info>
</gc-end>
<cycle-end id="671" type="scavenge" contextid="664" timestamp="2025-12-10T21:29:58.183" />
<allocation-satisfied id="672" threadId="0000000000839A00" bytesRequested="16392" />
<af-end id="673" timestamp="2025-12-10T21:29:58.184" threadId="000000000083A478" success="true" from="nursery"/>
<exclusive-end id="674" timestamp="2025-12-10T21:29:58.184" durationms="8.580" />

<exclusive-start id="675" timestamp="2025-12-10T21:29:58.256" intervalms="80.602">
  <response-info timems="21.858" idlems="10.943" threads="1" lastid="000000000002D300" lastname="JIT Compilation Thread-001" />
</exclusive-start>
<af-start id="676" threadId="000000000083A478" totalBytesRequested="88" timestamp="2025-12-10T21:29:58.257" intervalms="80.767" type="nursery" />
<percolate-collect id="677" from="nursery" to="global" reason="concurrent mark exhausted" timestamp="2025-12-10T21:29:58.258"/>
<concurrent-end id="678" type="global mark" contextid="659" timestamp="2025-12-10T21:29:58.258">
<gc-op id="679" type="trace" timems="64.325" contextid="659" timestamp="2025-12-10T21:29:58.258">
  <trace bytesTraced="4060508" workStackOverflowCount="0" />
  <card-cleaning reason="card cleaning threshold reached" bytesTraced="2136" cardsCleaned="63" />
</gc-op>
</concurrent-end>

<gc-start id="680" type="global" contextid="659" timestamp="2025-12-10T21:29:58.260">
  <mem-info id="681" free="1560384" total="19595264" percent="7">
    <mem type="nursery" free="0" total="8126464" percent="0">
      <mem type="allocate" free="0" total="6029312" percent="0" />
      <mem type="survivor" free="0" total="2097152" percent="0" />
    </mem>
    <mem type="tenure" free="1560384" total="11468800" percent="13">
      <mem type="soa" free="986944" total="10895360" percent="9" />
      <mem type="loa" free="573440" total="573440" percent="100" />
    </mem>
    <remembered-set count="516" />
  </mem-info>
</gc-start>
<allocation-stats totalBytes="4783624" discardedBytes="1960" >
  <allocated-bytes non-tlh="16392" tlh="4767232" />
  <largest-consumer threadName="Default Executor-thread-1" threadId="0000000000839A00" bytes="4783624" />
</allocation-stats>
<concurrent-halted id="682" timestamp="2025-12-10T21:29:58.261">
  <halted state="Complete" status="exhausted" />
  <traced bytesTarget="4175270" bytesTotal="4062644" bytesByMutator="10072" bytesByHelper="4052572" percent="97" />
  <cards cleaned="63" thresholdBytes="228718" />
</concurrent-halted>
<gc-op id="683" type="rs-scan" timems="1.587" contextid="659" timestamp="2025-12-10T21:29:58.263">
  <scan objectsFound="90381" bytesTraced="2563020" workStackOverflowCount="0" />
</gc-op>
<gc-op id="684" type="card-cleaning" timems="0.513" contextid="659" timestamp="2025-12-10T21:29:58.264">
  <card-cleaning cardsCleaned="4" bytesTraced="2080" workStackOverflowCount="0" />
</gc-op>
<gc-op id="685" type="mark" timems="2.913" contextid="659" timestamp="2025-12-10T21:29:58.267">
  <trace-info objectcount="180" scancount="171" scanbytes="3488" />
  <finalization candidates="733" enqueued="0" />
  <ownableSynchronizers candidates="624" cleared="2" />
  <references type="soft" candidates="4482" cleared="0" enqueued="0" dynamicThreshold="9" maxThreshold="32" />
  <references type="weak" candidates="1256" cleared="0" enqueued="0" />
  <references type="phantom" candidates="124" cleared="0" enqueued="0" />
  <stringconstants candidates="12391" cleared="0"  />
  <object-monitors candidates="16" cleared="0"  />
</gc-op>
<gc-op id="686" type="sweep" timems="0.753" contextid="659" timestamp="2025-12-10T21:29:58.268" />
<heap-resize id="687" type="expand" space="tenure" amount="2359296" count="1" timems="0.137" reason="insufficient free space following gc" timestamp="2025-12-10T21:29:58.269" />
<gc-end id="688" type="global" contextid="659" durationms="10.091" usertimems="21.963" systemtimems="0.000" stalltimems="19.356" timestamp="2025-12-10T21:29:58.270" activeThreads="9">
  <mem-info id="689" free="7737408" total="21954560" percent="35">
    <mem type="nursery" free="3561000" total="8126464" percent="43">
      <mem type="allocate" free="3561000" total="6029312" percent="59" />
      <mem type="survivor" free="0" total="2097152" percent="0" />
    </mem>
    <mem type="tenure" free="4176408" total="13828096" percent="30" micro-fragmented="162695" macro-fragmented="0">
      <mem type="soa" free="3484184" total="13135872" percent="26" />
      <mem type="loa" free="692224" total="692224" percent="100" />
    </mem>
    <remembered-set count="504" />
  </mem-info>
</gc-end>
<cycle-end id="690" type="global" contextid="659" timestamp="2025-12-10T21:29:58.271" />
<allocation-satisfied id="691" threadId="0000000000839A00" bytesRequested="88" />
<af-end id="692" timestamp="2025-12-10T21:29:58.272" threadId="000000000083A478" success="true" from="nursery"/>
<exclusive-end id="693" timestamp="2025-12-10T21:29:58.273" durationms="16.762" />

<exclusive-start id="694" timestamp="2025-12-10T21:29:58.298" intervalms="41.547">
  <response-info timems="0.031" idlems="0.031" threads="0" lastid="0000000000839A00" lastname="Default Executor-thread-1" />
</exclusive-start>
<af-start id="695" threadId="000000000083A478" totalBytesRequested="72" timestamp="2025-12-10T21:29:58.298" intervalms="41.197" type="nursery" />
<cycle-start id="696" type="scavenge" contextid="0" timestamp="2025-12-10T21:29:58.299" intervalms="121.942" />
<gc-start id="697" type="scavenge" contextid="696" timestamp="2025-12-10T21:29:58.300">
  <mem-info id="698" free="4176408" total="21954560" percent="19">
    <mem type="nursery" free="0" total="8126464" percent="0">
      <mem type="allocate" free="0" total="6029312" percent="0" />
      <mem type="survivor" free="0" total="2097152" percent="0" />
    </mem>
    <mem type="tenure" free="4176408" total="13828096" percent="30">
      <mem type="soa" free="3484184" total="13135872" percent="26" />
      <mem type="loa" free="692224" total="692224" percent="100" />
    </mem>
    <remembered-set count="559" />
  </mem-info>
</gc-start>
<allocation-stats totalBytes="3527104" discardedBytes="19456" >
  <allocated-bytes non-tlh="1434632" tlh="2092472" />
  <largest-consumer threadName="Default Executor-thread-1" threadId="0000000000839A00" bytes="3527104" />
</allocation-stats>
<gc-op id="699" type="scavenge" timems="2.288" contextid="696" timestamp="2025-12-10T21:29:58.303">
  <scavenger-info tenureage="3" tenuremask="7808" tiltratio="74" />
  <memory-copied type="nursery" objects="43893" bytes="1629336" bytesdiscarded="72488" />
  <memory-copied type="tenure" objects="9789" bytes="339296" bytesdiscarded="136" />
  <ownableSynchronizers candidates="1244" cleared="1240" />
  <references type="weak" candidates="12" cleared="0" enqueued="0" />
  <references type="phantom" candidates="1" cleared="0" enqueued="0" />
  <object-monitors candidates="16" cleared="0"  />
</gc-op>
<gc-end id="700" type="scavenge" contextid="696" durationms="3.869" usertimems="6.371" systemtimems="0.000" stalltimems="0.500" timestamp="2025-12-10T21:29:58.303" activeThreads="3">
  <mem-info id="701" free="7625968" total="21954560" percent="34">
    <mem type="nursery" free="3934248" total="8126464" percent="48">
      <mem type="allocate" free="3934248" total="5636096" percent="69" />
      <mem type="survivor" free="0" total="2490368" percent="0" />
    </mem>
    <mem type="tenure" free="3691720" total="13828096" percent="26">
      <mem type="soa" free="2999496" total="13135872" percent="22" />
      <mem type="loa" free="692224" total="692224" percent="100" />
    </mem>
    <remembered-set count="550" />
  </mem-info>
</gc-end>
<cycle-end id="702" type="scavenge" contextid="696" timestamp="2025-12-10T21:29:58.304" />
<allocation-satisfied id="703" threadId="0000000000839A00" bytesRequested="72" />
<af-end id="704" timestamp="2025-12-10T21:29:58.305" threadId="000000000083A478" success="true" from="nursery"/>
<exclusive-end id="705" timestamp="2025-12-10T21:29:58.305" durationms="7.318" />

<exclusive-start id="706" timestamp="2025-12-10T21:29:58.334" intervalms="36.261">
  <response-info timems="0.032" idlems="0.032" threads="0" lastid="0000000000839A00" lastname="Default Executor-thread-1" />
</exclusive-start>
<af-start id="707" threadId="000000000083A478" totalBytesRequested="8200" timestamp="2025-12-10T21:29:58.335" intervalms="36.291" type="nursery" />
<cycle-start id="708" type="scavenge" contextid="0" timestamp="2025-12-10T21:29:58.335" intervalms="36.301" />
<gc-start id="709" type="scavenge" contextid="708" timestamp="2025-12-10T21:29:58.336">
  <mem-info id="710" free="3691720" total="21954560" percent="16">
    <mem type="nursery" free="0" total="8126464" percent="0">
      <mem type="allocate" free="0" total="5636096" percent="0" />
      <mem type="survivor" free="0" total="2490368" percent="0" />
    </mem>
    <mem type="tenure" free="3691720" total="13828096" percent="26">
      <mem type="soa" free="2999496" total="13135872" percent="22" />
      <mem type="loa" free="692224" total="692224" percent="100" />
    </mem>
    <remembered-set count="615" />
  </mem-info>
</gc-start>
<allocation-stats totalBytes="3927464" discardedBytes="6784" >
  <allocated-bytes non-tlh="72" tlh="3927392" />
  <largest-consumer threadName="Default Executor-thread-1" threadId="0000000000839A00" bytes="3927464" />
</allocation-stats>
<gc-op id="711" type="scavenge" timems="3.335" contextid="708" timestamp="2025-12-10T21:29:58.343">
  <scavenger-info tenureage="3" tenuremask="7808" tiltratio="69" />
  <memory-copied type="nursery" objects="43560" bytes="1568416" bytesdiscarded="28848" />
  <memory-copied type="tenure" objects="10474" bytes="393072" bytesdiscarded="120" />
  <ownableSynchronizers candidates="4" cleared="0" />
  <references type="weak" candidates="12" cleared="0" enqueued="0" />
  <references type="phantom" candidates="1" cleared="0" enqueued="0" />
  <object-monitors candidates="16" cleared="0"  />
</gc-op>
<heap-resize id="712" type="expand" space="nursery" amount="786432" count="1" timems="0.028" reason="excessive time being spent scavenging" timestamp="2025-12-10T21:29:58.344" />
<gc-end id="713" type="scavenge" contextid="708" durationms="8.524" usertimems="8.383" systemtimems="0.000" stalltimems="2.027" timestamp="2025-12-10T21:29:58.344" activeThreads="3">
  <mem-info id="714" free="8152416" total="22740992" percent="35">
    <mem type="nursery" free="4890776" total="8912896" percent="54">
      <mem type="allocate" free="4890776" total="6488064" percent="75" />
      <mem type="survivor" free="0" total="2424832" percent="0" />
    </mem>
    <mem type="tenure" free="3261640" total="13828096" percent="23">
      <mem type="soa" free="2569416" total="13135872" percent="19" />
      <mem type="loa" free="692224" total="692224" percent="100" />
    </mem>
    <remembered-set count="583" />
  </mem-info>
</gc-end>
<cycle-end id="715" type="scavenge" contextid="708" timestamp="2025-12-10T21:29:58.345" />
<allocation-satisfied id="716" threadId="0000000000839A00" bytesRequested="8200" />
<af-end id="717" timestamp="2025-12-10T21:29:58.346" threadId="000000000083A478" success="true" from="nursery"/>
<exclusive-end id="718" timestamp="2025-12-10T21:29:58.347" durationms="12.570" />

<exclusive-start id="719" timestamp="2025-12-10T21:29:58.386" intervalms="51.818">
  <response-info timems="0.028" idlems="0.028" threads="0" lastid="0000000000839A00" lastname="Default Executor-thread-1" />
</exclusive-start>
<af-start id="720" threadId="000000000083A478" totalBytesRequested="16392" timestamp="2025-12-10T21:29:58.386" intervalms="51.736" type="nursery" />
<cycle-start id="721" type="scavenge" contextid="0" timestamp="2025-12-10T21:29:58.387" intervalms="51.745" />
<gc-start id="722" type="scavenge" contextid="721" timestamp="2025-12-10T21:29:58.388">
  <mem-info id="723" free="3261344" total="22740992" percent="14">
    <mem type="nursery" free="0" total="8912896" percent="0">
      <mem type="allocate" free="0" total="6488064" percent="0" />
      <mem type="survivor" free="0" total="2424832" percent="0" />
    </mem>
    <mem type="tenure" free="3261344" total="13828096" percent="23">
      <mem type="soa" free="2569120" total="13135872" percent="19" />
      <mem type="loa" free="692224" total="692224" percent="100" />
    </mem>
    <remembered-set count="727" />
  </mem-info>
</gc-start>
<allocation-stats totalBytes="4871712" discardedBytes="19360" >
  <allocated-bytes non-tlh="8496" tlh="4863216" />
  <largest-consumer threadName="Default Executor-thread-1" threadId="0000000000839A00" bytes="4871712" />
</allocation-stats>
<gc-op id="724" type="scavenge" timems="1.710" contextid="721" timestamp="2025-12-10T21:29:58.390">
  <scavenger-info tenureage="3" tenuremask="7808" tiltratio="72" />
  <memory-copied type="nursery" objects="43354" bytes="1581208" bytesdiscarded="31728" />
  <memory-copied type="tenure" objects="12618" bytes="453344" bytesdiscarded="56" />
  <ownableSynchronizers candidates="4" cleared="0" />
  <references type="phantom" candidates="1" cleared="0" enqueued="0" />
  <object-monitors candidates="16" cleared="0"  />
</gc-op>
<gc-end id="725" type="scavenge" contextid="721" durationms="3.214" usertimems="4.569" systemtimems="0.000" stalltimems="0.772" timestamp="2025-12-10T21:29:58.391" activeThreads="3">
  <mem-info id="726" free="7982864" total="22740992" percent="35">
    <mem type="nursery" free="5268336" total="8912896" percent="59">
      <mem type="allocate" free="5268336" total="6881280" percent="76" />
      <mem type="survivor" free="0" total="2031616" percent="0" />
    </mem>
    <mem type="tenure" free="2714528" total="13828096" percent="19">
      <mem type="soa" free="2022304" total="13135872" percent="15" />
      <mem type="loa" free="692224" total="692224" percent="100" />
    </mem>
    <remembered-set count="554" />
  </mem-info>
</gc-end>
<cycle-end id="727" type="scavenge" contextid="721" timestamp="2025-12-10T21:29:58.391" />
<allocation-satisfied id="728" threadId="0000000000839A00" bytesRequested="16392" />
<af-end id="729" timestamp="2025-12-10T21:29:58.392" threadId="000000000083A478" success="true" from="nursery"/>
<exclusive-end id="730" timestamp="2025-12-10T21:29:58.393" durationms="6.912" />

<exclusive-start id="731" timestamp="2025-12-10T21:29:58.428" intervalms="41.643">
  <response-info timems="0.039" idlems="0.039" threads="0" lastid="0000000000839A00" lastname="Default Executor-thread-1" />
</exclusive-start>
<af-start id="732" threadId="000000000083A478" totalBytesRequested="64" timestamp="2025-12-10T21:29:58.428" intervalms="41.998" type="nursery" />
<cycle-start id="733" type="scavenge" contextid="0" timestamp="2025-12-10T21:29:58.429" intervalms="42.146" />
<gc-start id="734" type="scavenge" contextid="733" timestamp="2025-12-10T21:29:58.430">
  <mem-info id="735" free="2683528" total="22740992" percent="11">
    <mem type="nursery" free="0" total="8912896" percent="0">
      <mem type="allocate" free="0" total="6881280" percent="0" />
      <mem type="survivor" free="0" total="2031616" percent="0" />
    </mem>
    <mem type="tenure" free="2683528" total="13828096" percent="19">
      <mem type="soa" free="1991304" total="13135872" percent="15" />
      <mem type="loa" free="692224" total="692224" percent="100" />
    </mem>
    <remembered-set count="1001" />
  </mem-info>
</gc-start>
<allocation-stats totalBytes="5299072" discardedBytes="264" >
  <allocated-bytes non-tlh="47392" tlh="5251680" />
  <largest-consumer threadName="Default Executor-thread-1" threadId="0000000000839A00" bytes="5299072" />
</allocation-stats>
<gc-op id="736" type="scavenge" timems="2.350" contextid="733" timestamp="2025-12-10T21:29:58.434">
  <scavenger-info tenureage="2" tenuremask="780c" tiltratio="77" />
  <memory-copied type="nursery" objects="30578" bytes="1002144" bytesdiscarded="68768" />
  <memory-copied type="tenure" objects="30901" bytes="1112112" bytesdiscarded="2400" />
  <finalization candidates="4" enqueued="4" />
  <references type="soft" candidates="7" cleared="0" enqueued="0" dynamicThreshold="9" maxThreshold="32" />
  <references type="weak" candidates="69" cleared="41" enqueued="40" />
  <references type="phantom" candidates="1" cleared="1" enqueued="1" />
  <object-monitors candidates="16" cleared="0"  />
</gc-op>
<heap-resize id="737" type="expand" space="nursery" amount="524288" count="1" timems="0.022" reason="excessive time being spent scavenging" timestamp="2025-12-10T21:29:58.434" />
<gc-end id="738" type="scavenge" contextid="733" durationms="5.095" usertimems="6.032" systemtimems="0.000" stalltimems="1.499" timestamp="2025-12-10T21:29:58.435" activeThreads="3">
  <mem-info id="739" free="7797960" total="23265280" percent="33">
    <mem type="nursery" free="6203440" total="9437184" percent="65">
      <mem type="allocate" free="6203440" total="7274496" percent="85" />
      <mem type="survivor" free="0" total="2162688" percent="0" />
    </mem>
    <mem type="tenure" free="1594520" total="13828096" percent="11">
      <mem type="soa" free="902296" total="13135872" percent="6" />
      <mem type="loa" free="692224" total="692224" percent="100" />
    </mem>
    <pending-finalizers system="4" default="0" reference="41" classloader="0" />
    <remembered-set count="834" />
  </mem-info>
</gc-end>
<cycle-end id="740" type="scavenge" contextid="733" timestamp="2025-12-10T21:29:58.435" />
<allocation-satisfied id="741" threadId="0000000000839A00" bytesRequested="64" />
<af-end id="742" timestamp="2025-12-10T21:29:58.436" threadId="000000000083A478" success="true" from="nursery"/>
<exclusive-end id="743" timestamp="2025-12-10T21:29:58.437" durationms="9.067" />

<concurrent-kickoff id="744" timestamp="2025-12-10T21:29:58.459">
  <kickoff reason="threshold reached" targetBytes="5015484" thresholdFreeBytes="695449"  remainingFree="616496" tenureFreeBytes="1594520" nurseryFreeBytes="616496" />
</concurrent-kickoff>
<exclusive-start id="745" timestamp="2025-12-10T21:29:58.460" intervalms="32.456">
  <response-info timems="0.032" idlems="0.032" threads="0" lastid="0000000000839A00" lastname="Default Executor-thread-1" />
</exclusive-start>
<cycle-start id="746" type="global" contextid="0" timestamp="2025-12-10T21:29:58.461" intervalms="290.957" />
<concurrent-start id="747" type="global mark" contextid="746" timestamp="2025-12-10T21:29:58.461">
</concurrent-start>
<exclusive-end id="748" timestamp="2025-12-10T21:29:58.462" durationms="1.875" />

<exclusive-start id="749" timestamp="2025-12-10T21:29:58.468" intervalms="7.517">
  <response-info timems="0.052" idlems="0.052" threads="0" lastid="0000000000839A00" lastname="Default Executor-thread-1" />
</exclusive-start>
<af-start id="750" threadId="000000000083A478" totalBytesRequested="48" timestamp="2025-12-10T21:29:58.468" intervalms="39.805" type="nursery" />
<cycle-start id="751" type="scavenge" contextid="0" timestamp="2025-12-10T21:29:58.469" intervalms="39.748" />
<gc-start id="752" type="scavenge" contextid="751" timestamp="2025-12-10T21:29:58.470">
  <mem-info id="753" free="1594520" total="23265280" percent="6">
    <mem type="nursery" free="0" total="9437184" percent="0">
      <mem type="allocate" free="0" total="7274496" percent="0" />
      <mem type="survivor" free="0" total="2162688" percent="0" />
    </mem>
    <mem type="tenure" free="1594520" total="13828096" percent="11">
      <mem type="soa" free="902296" total="13135872" percent="6" />
      <mem type="loa" free="692224" total="692224" percent="100" />
    </mem>
    <remembered-set count="841" />
  </mem-info>
</gc-start>
<allocation-stats totalBytes="6203080" discardedBytes="360" >
  <allocated-bytes non-tlh="64" tlh="6203016" />
  <largest-consumer threadName="Default Executor-thread-1" threadId="0000000000839A00" bytes="6203080" />
</allocation-stats>
<gc-op id="754" type="scavenge" timems="1.817" contextid="751" timestamp="2025-12-10T21:29:58.472">
  <scavenger-info tenureage="2" tenuremask="7804" tiltratio="77" />
  <memory-copied type="nursery" objects="19703" bytes="610976" bytesdiscarded="47952" />
  <memory-copied type="tenure" objects="12400" bytes="458264" bytesdiscarded="1696" />
  <references type="soft" candidates="7" cleared="0" enqueued="0" dynamicThreshold="9" maxThreshold="32" />
  <references type="weak" candidates="28" cleared="0" enqueued="0" />
  <object-monitors candidates="16" cleared="0"  />
</gc-op>
<gc-end id="755" type="scavenge" contextid="751" durationms="3.125" usertimems="3.218" systemtimems="1.135" stalltimems="1.073" timestamp="2025-12-10T21:29:58.473" activeThreads="3">
  <mem-info id="756" free="7992200" total="23265280" percent="34">
    <mem type="nursery" free="6877696" total="9437184" percent="72">
      <mem type="allocate" free="6877696" total="7536640" percent="91" />
      <mem type="survivor" free="0" total="1900544" percent="0" />
    </mem>
    <mem type="tenure" free="1114504" total="13828096" percent="8">
      <mem type="soa" free="422280" total="13135872" percent="3" />
      <mem type="loa" free="692224" total="692224" percent="100" />
    </mem>
    <remembered-set count="736" />
  </mem-info>
</gc-end>
<cycle-end id="757" type="scavenge" contextid="751" timestamp="2025-12-10T21:29:58.473" />
<allocation-satisfied id="758" threadId="0000000000839A00" bytesRequested="48" />
<af-end id="759" timestamp="2025-12-10T21:29:58.474" threadId="000000000083A478" success="true" from="nursery"/>
<exclusive-end id="760" timestamp="2025-12-10T21:29:58.475" durationms="7.281" />

<concurrent-end id="761" type="global mark" contextid="746" timestamp="2025-12-10T21:29:58.481">
<gc-op id="762" type="trace" timems="19.268" contextid="746" timestamp="2025-12-10T21:29:58.481">
  <trace bytesTraced="7238068" workStackOverflowCount="0" />
  <card-cleaning reason="card cleaning threshold reached" bytesTraced="17772" cardsCleaned="45" />
</gc-op>
</concurrent-end>

<exclusive-start id="763" timestamp="2025-12-10T21:29:58.482" intervalms="14.001">
  <response-info timems="0.035" idlems="0.035" threads="0" lastid="0000000000839A00" lastname="Default Executor-thread-1" />
</exclusive-start>
<concurrent-global-final id="764" timestamp="2025-12-10T21:29:58.482" contextid="746" intervalms="493.425" >
  <concurrent-trace-info reason="card cleaning threshold reached" tracedByMutators="2247700" tracedByHelpers="5008140" cardsCleaned="45" workStackOverflowCount="0" />
</concurrent-global-final>
<gc-start id="765" type="global" contextid="746" timestamp="2025-12-10T21:29:58.483">
  <mem-info id="766" free="7410520" total="23265280" percent="31">
    <mem type="nursery" free="6296016" total="9437184" percent="66">
      <mem type="allocate" free="6296016" total="7536640" percent="83" />
      <mem type="survivor" free="0" total="1900544" percent="0" />
    </mem>
    <mem type="tenure" free="1114504" total="13828096" percent="8">
      <mem type="soa" free="422280" total="13135872" percent="3" />
      <mem type="loa" free="692224" total="692224" percent="100" />
    </mem>
    <remembered-set count="736" />
  </mem-info>
</gc-start>
<allocation-stats totalBytes="581656" discardedBytes="24" >
  <allocated-bytes non-tlh="48" tlh="581608" />
  <largest-consumer threadName="Default Executor-thread-1" threadId="0000000000839A00" bytes="581656" />
</allocation-stats>
<gc-op id="767" type="rs-scan" timems="1.351" contextid="746" timestamp="2025-12-10T21:29:58.485">
  <scan objectsFound="14862" bytesTraced="485036" workStackOverflowCount="0" />
</gc-op>
<gc-op id="768" type="card-cleaning" timems="0.638" contextid="746" timestamp="2025-12-10T21:29:58.486">
  <card-cleaning cardsCleaned="4" bytesTraced="1432" workStackOverflowCount="0" />
</gc-op>
<gc-op id="769" type="mark" timems="3.041" contextid="746" timestamp="2025-12-10T21:29:58.490">
  <trace-info objectcount="2925" scancount="2555" scanbytes="71536" />
  <finalization candidates="733" enqueued="0" />
  <ownableSynchronizers candidates="622" cleared="0" />
  <references type="soft" candidates="4488" cleared="0" enqueued="0" dynamicThreshold="9" maxThreshold="32" />
  <references type="weak" candidates="1284" cleared="0" enqueued="0" />
  <references type="phantom" candidates="123" cleared="0" enqueued="0" />
  <stringconstants candidates="12648" cleared="0"  />
  <object-monitors candidates="16" cleared="0"  />
</gc-op>
<gc-op id="770" type="sweep" timems="1.198" contextid="746" timestamp="2025-12-10T21:29:58.492" />
<heap-resize id="771" type="expand" space="tenure" amount="3801088" count="1" timems="0.808" reason="insufficient free space following gc" timestamp="2025-12-10T21:29:58.493" />
<gc-end id="772" type="global" contextid="746" durationms="10.501" usertimems="1.395" systemtimems="17.078" stalltimems="29.655" timestamp="2025-12-10T21:29:58.493" activeThreads="11">
  <mem-info id="773" free="12228432" total="27066368" percent="45">
    <mem type="nursery" free="6909864" total="9437184" percent="73">
      <mem type="allocate" free="6909864" total="7536640" percent="91" />
      <mem type="survivor" free="0" total="1900544" percent="0" />
    </mem>
    <mem type="tenure" free="5318568" total="17629184" percent="30" micro-fragmented="197344" macro-fragmented="0">
      <mem type="soa" free="4436904" total="16747520" percent="26" />
      <mem type="loa" free="881664" total="881664" percent="100" />
    </mem>
    <remembered-set count="681" />
  </mem-info>
</gc-end>
<cycle-end id="774" type="global" contextid="746" timestamp="2025-12-10T21:29:58.494" />
<exclusive-end id="775" timestamp="2025-12-10T21:29:58.494" durationms="12.803" />

<exclusive-start id="776" timestamp="2025-12-10T21:29:58.508" intervalms="26.117">
  <response-info timems="0.041" idlems="0.041" threads="0" lastid="0000000000839A00" lastname="Default Executor-thread-1" />
</exclusive-start>
<af-start id="777" threadId="000000000083A478" totalBytesRequested="16" timestamp="2025-12-10T21:29:58.508" intervalms="40.170" type="nursery" />
<cycle-start id="778" type="scavenge" contextid="0" timestamp="2025-12-10T21:29:58.509" intervalms="40.193" />
<gc-start id="779" type="scavenge" contextid="778" timestamp="2025-12-10T21:29:58.510">
  <mem-info id="780" free="5318120" total="27066368" percent="19">
    <mem type="nursery" free="0" total="9437184" percent="0">
      <mem type="allocate" free="0" total="7536640" percent="0" />
      <mem type="survivor" free="0" total="1900544" percent="0" />
    </mem>
    <mem type="tenure" free="5318120" total="17629184" percent="30">
      <mem type="soa" free="4436456" total="16747520" percent="26" />
      <mem type="loa" free="881664" total="881664" percent="100" />
    </mem>
    <remembered-set count="704" />
  </mem-info>
</gc-start>
<allocation-stats totalBytes="6909456" discardedBytes="856" >
  <allocated-bytes non-tlh="448" tlh="6909008" />
  <largest-consumer threadName="Default Executor-thread-1" threadId="0000000000839A00" bytes="6909456" />
</allocation-stats>
<gc-op id="781" type="scavenge" timems="1.244" contextid="778" timestamp="2025-12-10T21:29:58.512">
  <scavenger-info tenureage="2" tenuremask="7004" tiltratio="79" />
  <memory-copied type="nursery" objects="3878" bytes="142720" bytesdiscarded="65400" />
  <memory-copied type="tenure" objects="17979" bytes="536944" bytesdiscarded="368" />
  <ownableSynchronizers candidates="1244" cleared="1244" />
  <references type="weak" candidates="1" cleared="0" enqueued="0" />
  <object-monitors candidates="16" cleared="0"  />
</gc-op>
<heap-resize id="782" type="expand" space="nursery" amount="524288" count="1" timems="0.025" reason="excessive time being spent scavenging" timestamp="2025-12-10T21:29:58.513" />
<gc-end id="783" type="scavenge" contextid="778" durationms="3.124" usertimems="2.130" systemtimems="0.758" stalltimems="0.800" timestamp="2025-12-10T21:29:58.513" activeThreads="3">
  <mem-info id="784" free="12715272" total="27590656" percent="46">
    <mem type="nursery" free="7983872" total="9961472" percent="80">
      <mem type="allocate" free="7983872" total="8192000" percent="97" />
      <mem type="survivor" free="0" total="1769472" percent="0" />
    </mem>
    <mem type="tenure" free="4731400" total="17629184" percent="26">
      <mem type="soa" free="3849736" total="16747520" percent="22" />
      <mem type="loa" free="881664" total="881664" percent="100" />
    </mem>
    <remembered-set count="382" />
  </mem-info>
</gc-end>
<cycle-end id="785" type="scavenge" contextid="778" timestamp="2025-12-10T21:29:58.513" />
<allocation-satisfied id="786" threadId="0000000000839A00" bytesRequested="16" />
<af-end id="787" timestamp="2025-12-10T21:29:58.515" threadId="000000000083A478" success="true" from="nursery"/>
<exclusive-end id="788" timestamp="2025-12-10T21:29:58.515" durationms="7.387" />

<exclusive-start id="789" timestamp="2025-12-10T21:29:58.535" intervalms="27.552">
  <response-info timems="0.048" idlems="0.048" threads="0" lastid="0000000000839A00" lastname="Default Executor-thread-1" />
</exclusive-start>
<af-start id="790" threadId="000000000083A478" totalBytesRequested="16" timestamp="2025-12-10T21:29:58.536" intervalms="27.324" type="nursery" />
<cycle-start id="791" type="scavenge" contextid="0" timestamp="2025-12-10T21:29:58.536" intervalms="27.157" />
<gc-start id="792" type="scavenge" contextid="791" timestamp="2025-12-10T21:29:58.537">
  <mem-info id="793" free="4731136" total="27590656" percent="17">
    <mem type="nursery" free="0" total="9961472" percent="0">
      <mem type="allocate" free="0" total="8192000" percent="0" />
      <mem type="survivor" free="0" total="1769472" percent="0" />
    </mem>
    <mem type="tenure" free="4731136" total="17629184" percent="26">
      <mem type="soa" free="3849472" total="16747520" percent="22" />
      <mem type="loa" free="881664" total="881664" percent="100" />
    </mem>
    <remembered-set count="507" />
  </mem-info>
</gc-start>
<allocation-stats totalBytes="7983776" discardedBytes="360" >
  <allocated-bytes non-tlh="280" tlh="7983496" />
  <largest-consumer threadName="Default Executor-thread-1" threadId="0000000000839A00" bytes="7983776" />
</allocation-stats>
<gc-op id="794" type="scavenge" timems="0.631" contextid="791" timestamp="2025-12-10T21:29:58.538">
  <scavenger-info tenureage="2" tenuremask="6004" tiltratio="82" />
  <memory-copied type="nursery" objects="5409" bytes="156336" bytesdiscarded="39504" />
  <memory-copied type="tenure" objects="353" bytes="11424" bytesdiscarded="0" />
  <references type="weak" candidates="4" cleared="3" enqueued="3" />
  <object-monitors candidates="16" cleared="0"  />
</gc-op>
<gc-end id="795" type="scavenge" contextid="791" durationms="1.744" usertimems="1.001" systemtimems="0.354" stalltimems="0.616" timestamp="2025-12-10T21:29:58.538" activeThreads="3">
  <mem-info id="796" free="13105920" total="27590656" percent="47">
    <mem type="nursery" free="8389376" total="9961472" percent="84">
      <mem type="allocate" free="8389376" total="8585216" percent="97" />
      <mem type="survivor" free="0" total="1376256" percent="0" />
    </mem>
    <mem type="tenure" free="4716544" total="17629184" percent="26">
      <mem type="soa" free="3834880" total="16747520" percent="22" />
      <mem type="loa" free="881664" total="881664" percent="100" />
    </mem>
    <pending-finalizers system="0" default="0" reference="3" classloader="0" />
    <remembered-set count="497" />
  </mem-info>
</gc-end>
<cycle-end id="797" type="scavenge" contextid="791" timestamp="2025-12-10T21:29:58.539" />
<allocation-satisfied id="798" threadId="0000000000839A00" bytesRequested="16" />
<af-end id="799" timestamp="2025-12-10T21:29:58.540" threadId="000000000083A478" success="true" from="nursery"/>
<exclusive-end id="800" timestamp="2025-12-10T21:29:58.540" durationms="5.129" />

<exclusive-start id="801" timestamp="2025-12-10T21:29:58.561" intervalms="26.148">
  <response-info timems="0.038" idlems="0.038" threads="0" lastid="0000000000839A00" lastname="Default Executor-thread-1" />
</exclusive-start>
<af-start id="802" threadId="000000000083A478" totalBytesRequested="24" timestamp="2025-12-10T21:29:58.562" intervalms="26.314" type="nursery" />
<cycle-start id="803" type="scavenge" contextid="0" timestamp="2025-12-10T21:29:58.563" intervalms="26.410" />
<gc-start id="804" type="scavenge" contextid="803" timestamp="2025-12-10T21:29:58.563">
  <mem-info id="805" free="4716544" total="27590656" percent="17">
    <mem type="nursery" free="0" total="9961472" percent="0">
      <mem type="allocate" free="0" total="8585216" percent="0" />
      <mem type="survivor" free="0" total="1376256" percent="0" />
    </mem>
    <mem type="tenure" free="4716544" total="17629184" percent="26">
      <mem type="soa" free="3834880" total="16747520" percent="22" />
      <mem type="loa" free="881664" total="881664" percent="100" />
    </mem>
    <remembered-set count="663" />
  </mem-info>
</gc-start>
<allocation-stats totalBytes="8388672" discardedBytes="704" >
  <allocated-bytes non-tlh="16" tlh="8388656" />
  <largest-consumer threadName="Default Executor-thread-1" threadId="0000000000839A00" bytes="8388672" />
</allocation-stats>
<gc-op id="806" type="scavenge" timems="1.071" contextid="803" timestamp="2025-12-10T21:29:58.565">
  <scavenger-info tenureage="14" tenuremask="4000" tiltratio="86" />
  <memory-copied type="nursery" objects="11367" bytes="317088" bytesdiscarded="25440" />
  <references type="weak" candidates="1" cleared="0" enqueued="0" />
  <object-monitors candidates="16" cleared="0"  />
</gc-op>
<heap-resize id="807" type="expand" space="nursery" amount="524288" count="1" timems="0.047" reason="excessive time being spent scavenging" timestamp="2025-12-10T21:29:58.566" />
<gc-end id="808" type="scavenge" contextid="803" durationms="2.904" usertimems="2.699" systemtimems="0.000" stalltimems="0.807" timestamp="2025-12-10T21:29:58.566" activeThreads="3">
  <mem-info id="809" free="13549056" total="28114944" percent="48">
    <mem type="nursery" free="8832512" total="10485760" percent="84">
      <mem type="allocate" free="8832512" total="9175040" percent="96" />
      <mem type="survivor" free="0" total="1310720" percent="0" />
    </mem>
    <mem type="tenure" free="4716544" total="17629184" percent="26">
      <mem type="soa" free="3834880" total="16747520" percent="22" />
      <mem type="loa" free="881664" total="881664" percent="100" />
    </mem>
    <remembered-set count="585" />
  </mem-info>
</gc-end>
<cycle-end id="810" type="scavenge" contextid="803" timestamp="2025-12-10T21:29:58.566" />
<allocation-satisfied id="811" threadId="0000000000839A00" bytesRequested="24" />
<af-end id="812" timestamp="2025-12-10T21:29:58.567" threadId="000000000083A478" success="true" from="nursery"/>
<exclusive-end id="813" timestamp="2025-12-10T21:29:58.568" durationms="6.170" />

<exclusive-start id="814" timestamp="2025-12-10T21:29:58.584" intervalms="22.673">
  <response-info timems="0.036" idlems="0.036" threads="0" lastid="0000000000839A00" lastname="Default Executor-thread-1" />
</exclusive-start>
<af-start id="815" threadId="000000000083A478" totalBytesRequested="64" timestamp="2025-12-10T21:29:58.585" intervalms="22.593" type="nursery" />
<cycle-start id="816" type="scavenge" contextid="0" timestamp="2025-12-10T21:29:58.585" intervalms="22.580" />
<gc-start id="817" type="scavenge" contextid="816" timestamp="2025-12-10T21:29:58.586">
  <mem-info id="818" free="4716544" total="28114944" percent="16">
    <mem type="nursery" free="0" total="10485760" percent="0">
      <mem type="allocate" free="0" total="9175040" percent="0" />
      <mem type="survivor" free="0" total="1310720" percent="0" />
    </mem>
    <mem type="tenure" free="4716544" total="17629184" percent="26">
      <mem type="soa" free="3834880" total="16747520" percent="22" />
      <mem type="loa" free="881664" total="881664" percent="100" />
    </mem>
    <remembered-set count="609" />
  </mem-info>
</gc-start>
<allocation-stats totalBytes="8832008" discardedBytes="504" >
  <allocated-bytes non-tlh="24" tlh="8831984" />
  <largest-consumer threadName="Default Executor-thread-1" threadId="0000000000839A00" bytes="8832008" />
</allocation-stats>
<gc-op id="819" type="scavenge" timems="0.751" contextid="816" timestamp="2025-12-10T21:29:58.587">
  <scavenger-info tenureage="14" tenuremask="4000" tiltratio="87" />
  <memory-copied type="nursery" objects="13650" bytes="382696" bytesdiscarded="29216" />
  <references type="weak" candidates="1" cleared="0" enqueued="0" />
  <object-monitors candidates="16" cleared="0"  />
</gc-op>
<heap-resize id="820" type="expand" space="nursery" amount="524288" count="1" timems="0.032" reason="excessive time being spent scavenging" timestamp="2025-12-10T21:29:58.588" />
<gc-end id="821" type="scavenge" contextid="816" durationms="2.569" usertimems="1.858" systemtimems="0.000" stalltimems="0.502" timestamp="2025-12-10T21:29:58.588" activeThreads="3">
  <mem-info id="822" free="14135032" total="28639232" percent="49">
    <mem type="nursery" free="9418488" total="11010048" percent="85">
      <mem type="allocate" free="9418488" total="9830400" percent="95" />
      <mem type="survivor" free="0" total="1179648" percent="0" />
    </mem>
    <mem type="tenure" free="4716544" total="17629184" percent="26">
      <mem type="soa" free="3834880" total="16747520" percent="22" />
      <mem type="loa" free="881664" total="881664" percent="100" />
    </mem>
    <remembered-set count="603" />
  </mem-info>
</gc-end>
<cycle-end id="823" type="scavenge" contextid="816" timestamp="2025-12-10T21:29:58.589" />
<allocation-satisfied id="824" threadId="0000000000839A00" bytesRequested="64" />
<af-end id="825" timestamp="2025-12-10T21:29:58.590" threadId="000000000083A478" success="true" from="nursery"/>
<exclusive-end id="826" timestamp="2025-12-10T21:29:58.590" durationms="5.994" />

<exclusive-start id="827" timestamp="2025-12-10T21:29:58.606" intervalms="22.028">
  <response-info timems="0.040" idlems="0.040" threads="0" lastid="0000000000839A00" lastname="Default Executor-thread-1" />
</exclusive-start>
<af-start id="828" threadId="000000000083A478" totalBytesRequested="24" timestamp="2025-12-10T21:29:58.607" intervalms="22.434" type="nursery" />
<cycle-start id="829" type="scavenge" contextid="0" timestamp="2025-12-10T21:29:58.608" intervalms="22.697" />
<gc-start id="830" type="scavenge" contextid="829" timestamp="2025-12-10T21:29:58.609">
  <mem-info id="831" free="4716544" total="28639232" percent="16">
    <mem type="nursery" free="0" total="11010048" percent="0">
      <mem type="allocate" free="0" total="9830400" percent="0" />
      <mem type="survivor" free="0" total="1179648" percent="0" />
    </mem>
    <mem type="tenure" free="4716544" total="17629184" percent="26">
      <mem type="soa" free="3834880" total="16747520" percent="22" />
      <mem type="loa" free="881664" total="881664" percent="100" />
    </mem>
    <remembered-set count="604" />
  </mem-info>
</gc-start>
<allocation-stats totalBytes="9418016" discardedBytes="472" >
  <allocated-bytes non-tlh="64" tlh="9417952" />
  <largest-consumer threadName="Default Executor-thread-1" threadId="0000000000839A00" bytes="9418016" />
</allocation-stats>
<gc-op id="832" type="scavenge" timems="0.865" contextid="829" timestamp="2025-12-10T21:29:58.610">
  <scavenger-info tenureage="14" tenuremask="4000" tiltratio="89" />
  <memory-copied type="nursery" objects="13866" bytes="390232" bytesdiscarded="19880" />
  <references type="weak" candidates="1" cleared="0" enqueued="0" />
  <object-monitors candidates="16" cleared="0"  />
</gc-op>
<heap-resize id="833" type="expand" space="nursery" amount="524288" count="1" timems="0.024" reason="excessive time being spent scavenging" timestamp="2025-12-10T21:29:58.611" />
<gc-end id="834" type="scavenge" contextid="829" durationms="2.615" usertimems="1.966" systemtimems="0.000" stalltimems="0.722" timestamp="2025-12-10T21:29:58.611" activeThreads="3">
  <mem-info id="835" free="14661120" total="29163520" percent="50">
    <mem type="nursery" free="9944576" total="11534336" percent="86">
      <mem type="allocate" free="9944576" total="10354688" percent="96" />
      <mem type="survivor" free="0" total="1179648" percent="0" />
    </mem>
    <mem type="tenure" free="4716544" total="17629184" percent="26">
      <mem type="soa" free="3834880" total="16747520" percent="22" />
      <mem type="loa" free="881664" total="881664" percent="100" />
    </mem>
    <remembered-set count="604" />
  </mem-info>
</gc-end>
<cycle-end id="836" type="scavenge" contextid="829" timestamp="2025-12-10T21:29:58.612" />
<allocation-satisfied id="837" threadId="0000000000839A00" bytesRequested="24" />
<af-end id="838" timestamp="2025-12-10T21:29:58.612" threadId="000000000083A478" success="true" from="nursery"/>
<exclusive-end id="839" timestamp="2025-12-10T21:29:58.613" durationms="6.727" />

<exclusive-start id="840" timestamp="2025-12-10T21:29:58.632" intervalms="25.719">
  <response-info timems="0.051" idlems="0.051" threads="0" lastid="0000000000839A00" lastname="Default Executor-thread-1" />
</exclusive-start>
<af-start id="841" threadId="000000000083A478" totalBytesRequested="32" timestamp="2025-12-10T21:29:58.632" intervalms="25.360" type="nursery" />
<cycle-start id="842" type="scavenge" contextid="0" timestamp="2025-12-10T21:29:58.633" intervalms="25.081" />
<gc-start id="843" type="scavenge" contextid="842" timestamp="2025-12-10T21:29:58.634">
  <mem-info id="844" free="4716544" total="29163520" percent="16">
    <mem type="nursery" free="0" total="11534336" percent="0">
      <mem type="allocate" free="0" total="10354688" percent="0" />
      <mem type="survivor" free="0" total="1179648" percent="0" />
    </mem>
    <mem type="tenure" free="4716544" total="17629184" percent="26">
      <mem type="soa" free="3834880" total="16747520" percent="22" />
      <mem type="loa" free="881664" total="881664" percent="100" />
    </mem>
    <remembered-set count="605" />
  </mem-info>
</gc-start>
<allocation-stats totalBytes="9944144" discardedBytes="432" >
  <allocated-bytes non-tlh="24" tlh="9944120" />
  <largest-consumer threadName="Default Executor-thread-1" threadId="0000000000839A00" bytes="9944144" />
</allocation-stats>
<gc-op id="845" type="scavenge" timems="1.087" contextid="842" timestamp="2025-12-10T21:29:58.636">
  <scavenger-info tenureage="3" tenuremask="4038" tiltratio="89" />
  <memory-copied type="nursery" objects="3052" bytes="92032" bytesdiscarded="24704" />
  <memory-copied type="tenure" objects="11042" bytes="305784" bytesdiscarded="216" />
  <object-monitors candidates="16" cleared="0"  />
</gc-op>
<heap-resize id="846" type="expand" space="nursery" amount="524288" count="1" timems="0.028" reason="excessive time being spent scavenging" timestamp="2025-12-10T21:29:58.636" />
<gc-end id="847" type="scavenge" contextid="842" durationms="2.808" usertimems="2.381" systemtimems="0.184" stalltimems="0.966" timestamp="2025-12-10T21:29:58.636" activeThreads="3">
  <mem-info id="848" free="15107584" total="29687808" percent="50">
    <mem type="nursery" free="10696704" total="12058624" percent="88">
      <mem type="allocate" free="10696704" total="10813440" percent="98" />
      <mem type="survivor" free="0" total="1245184" percent="0" />
    </mem>
    <mem type="tenure" free="4410880" total="17629184" percent="25">
      <mem type="soa" free="3529216" total="16747520" percent="21" />
      <mem type="loa" free="881664" total="881664" percent="100" />
    </mem>
    <remembered-set count="335" />
  </mem-info>
</gc-end>
<cycle-end id="849" type="scavenge" contextid="842" timestamp="2025-12-10T21:29:58.637" />
<allocation-satisfied id="850" threadId="0000000000839A00" bytesRequested="32" />
<af-end id="851" timestamp="2025-12-10T21:29:58.638" threadId="000000000083A478" success="true" from="nursery"/>
<exclusive-end id="852" timestamp="2025-12-10T21:29:58.638" durationms="6.203" />

<exclusive-start id="853" timestamp="2025-12-10T21:29:58.658" intervalms="25.923">
  <response-info timems="0.046" idlems="0.046" threads="0" lastid="0000000000839A00" lastname="Default Executor-thread-1" />
</exclusive-start>
<af-start id="854" threadId="000000000083A478" totalBytesRequested="56" timestamp="2025-12-10T21:29:58.658" intervalms="25.857" type="nursery" />
<cycle-start id="855" type="scavenge" contextid="0" timestamp="2025-12-10T21:29:58.659" intervalms="25.783" />
<gc-start id="856" type="scavenge" contextid="855" timestamp="2025-12-10T21:29:58.659">
  <mem-info id="857" free="4410880" total="29687808" percent="14">
    <mem type="nursery" free="0" total="12058624" percent="0">
      <mem type="allocate" free="0" total="10813440" percent="0" />
      <mem type="survivor" free="0" total="1245184" percent="0" />
    </mem>
    <mem type="tenure" free="4410880" total="17629184" percent="25">
      <mem type="soa" free="3529216" total="16747520" percent="21" />
      <mem type="loa" free="881664" total="881664" percent="100" />
    </mem>
    <remembered-set count="359" />
  </mem-info>
</gc-start>
<allocation-stats totalBytes="10696184" discardedBytes="520" >
  <allocated-bytes non-tlh="32" tlh="10696152" />
  <largest-consumer threadName="Default Executor-thread-1" threadId="0000000000839A00" bytes="10683896" />
</allocation-stats>
<gc-op id="858" type="scavenge" timems="0.600" contextid="855" timestamp="2025-12-10T21:29:58.660">
  <scavenger-info tenureage="3" tenuremask="4008" tiltratio="89" />
  <memory-copied type="nursery" objects="964" bytes="34120" bytesdiscarded="24200" />
  <memory-copied type="tenure" objects="2337" bytes="67232" bytesdiscarded="32" />
  <ownableSynchronizers candidates="4" cleared="0" />
  <references type="weak" candidates="2" cleared="0" enqueued="0" />
  <object-monitors candidates="18" cleared="0"  />
</gc-op>
<gc-end id="859" type="scavenge" contextid="855" durationms="1.658" usertimems="0.922" systemtimems="0.314" stalltimems="0.540" timestamp="2025-12-10T21:29:58.661" activeThreads="3">
  <mem-info id="860" free="15078400" total="29687808" percent="50">
    <mem type="nursery" free="10755072" total="12058624" percent="89">
      <mem type="allocate" free="10755072" total="10813440" percent="99" />
      <mem type="survivor" free="0" total="1245184" percent="0" />
    </mem>
    <mem type="tenure" free="4323328" total="17629184" percent="24">
      <mem type="soa" free="3441664" total="16747520" percent="20" />
      <mem type="loa" free="881664" total="881664" percent="100" />
    </mem>
    <remembered-set count="297" />
  </mem-info>
</gc-end>
<cycle-end id="861" type="scavenge" contextid="855" timestamp="2025-12-10T21:29:58.661" />
<allocation-satisfied id="862" threadId="0000000000839A00" bytesRequested="56" />
<af-end id="863" timestamp="2025-12-10T21:29:58.662" threadId="000000000083A478" success="true" from="nursery"/>
<exclusive-end id="864" timestamp="2025-12-10T21:29:58.663" durationms="4.764" />

<exclusive-start id="865" timestamp="2025-12-10T21:29:58.682" intervalms="24.649">
  <response-info timems="0.042" idlems="0.042" threads="0" lastid="0000000000839A00" lastname="Default Executor-thread-1" />
</exclusive-start>
<af-start id="866" threadId="000000000083A478" totalBytesRequested="24" timestamp="2025-12-10T21:29:58.683" intervalms="24.674" type="nursery" />
<cycle-start id="867" type="scavenge" contextid="0" timestamp="2025-12-10T21:29:58.684" intervalms="24.763" />
<gc-start id="868" type="scavenge" contextid="867" timestamp="2025-12-10T21:29:58.684">
  <mem-info id="869" free="4323328" total="29687808" percent="14">
    <mem type="nursery" free="0" total="12058624" percent="0">
      <mem type="allocate" free="0" total="10813440" percent="0" />
      <mem type="survivor" free="0" total="1245184" percent="0" />
    </mem>
    <mem type="tenure" free="4323328" total="17629184" percent="24">
      <mem type="soa" free="3441664" total="16747520" percent="20" />
      <mem type="loa" free="881664" total="881664" percent="100" />
    </mem>
    <remembered-set count="301" />
  </mem-info>
</gc-start>
<allocation-stats totalBytes="10754672" discardedBytes="400" >
  <allocated-bytes non-tlh="56" tlh="10754616" />
  <largest-consumer threadName="Default Executor-thread-1" threadId="0000000000839A00" bytes="10754672" />
</allocation-stats>
<gc-op id="870" type="scavenge" timems="0.587" contextid="867" timestamp="2025-12-10T21:29:58.685">
  <scavenger-info tenureage="14" tenuremask="4000" tiltratio="89" />
  <memory-copied type="nursery" objects="1057" bytes="37600" bytesdiscarded="35344" />
  <ownableSynchronizers candidates="4" cleared="0" />
  <references type="weak" candidates="2" cleared="0" enqueued="0" />
  <object-monitors candidates="18" cleared="0"  />
</gc-op>
<heap-resize id="871" type="expand" space="nursery" amount="524288" count="1" timems="0.032" reason="excessive time being spent scavenging" timestamp="2025-12-10T21:29:58.686" />
<gc-end id="872" type="scavenge" contextid="867" durationms="2.174" usertimems="0.000" systemtimems="1.162" stalltimems="0.682" timestamp="2025-12-10T21:29:58.686" activeThreads="3">
  <mem-info id="873" free="15522560" total="30212096" percent="51">
    <mem type="nursery" free="11199232" total="12582912" percent="89">
      <mem type="allocate" free="11199232" total="11272192" percent="99" />
      <mem type="survivor" free="0" total="1310720" percent="0" />
    </mem>
    <mem type="tenure" free="4323328" total="17629184" percent="24">
      <mem type="soa" free="3441664" total="16747520" percent="20" />
      <mem type="loa" free="881664" total="881664" percent="100" />
    </mem>
    <remembered-set count="296" />
  </mem-info>
</gc-end>
<cycle-end id="874" type="scavenge" contextid="867" timestamp="2025-12-10T21:29:58.687" />
<allocation-satisfied id="875" threadId="0000000000839A00" bytesRequested="24" />
<af-end id="876" timestamp="2025-12-10T21:29:58.687" threadId="000000000083A478" success="true" from="nursery"/>
<exclusive-end id="877" timestamp="2025-12-10T21:29:58.688" durationms="5.402" />

<exclusive-start id="878" timestamp="2025-12-10T21:29:58.708" intervalms="25.118">
  <response-info timems="0.046" idlems="0.046" threads="0" lastid="0000000000839A00" lastname="Default Executor-thread-1" />
</exclusive-start>
<af-start id="879" threadId="000000000083A478" totalBytesRequested="24" timestamp="2025-12-10T21:29:58.708" intervalms="25.155" type="nursery" />
<cycle-start id="880" type="scavenge" contextid="0" timestamp="2025-12-10T21:29:58.709" intervalms="25.261" />
<gc-start id="881" type="scavenge" contextid="880" timestamp="2025-12-10T21:29:58.709">
  <mem-info id="882" free="4323328" total="30212096" percent="14">
    <mem type="nursery" free="0" total="12582912" percent="0">
      <mem type="allocate" free="0" total="11272192" percent="0" />
      <mem type="survivor" free="0" total="1310720" percent="0" />
    </mem>
    <mem type="tenure" free="4323328" total="17629184" percent="24">
      <mem type="soa" free="3441664" total="16747520" percent="20" />
      <mem type="loa" free="881664" total="881664" percent="100" />
    </mem>
    <remembered-set count="310" />
  </mem-info>
</gc-start>
<allocation-stats totalBytes="11198696" discardedBytes="536" >
  <allocated-bytes non-tlh="24" tlh="11198672" />
  <largest-consumer threadName="Default Executor-thread-1" threadId="0000000000839A00" bytes="11198696" />
</allocation-stats>
<gc-op id="883" type="scavenge" timems="0.518" contextid="880" timestamp="2025-12-10T21:29:58.711">
  <scavenger-info tenureage="3" tenuremask="4018" tiltratio="89" />
  <memory-copied type="nursery" objects="711" bytes="24296" bytesdiscarded="4872" />
  <memory-copied type="tenure" objects="116" bytes="3448" bytesdiscarded="0" />
  <ownableSynchronizers candidates="4" cleared="0" />
  <references type="weak" candidates="2" cleared="0" enqueued="0" />
  <object-monitors candidates="18" cleared="0"  />
</gc-op>
<heap-resize id="884" type="expand" space="nursery" amount="524288" count="1" timems="0.028" reason="excessive time being spent scavenging" timestamp="2025-12-10T21:29:58.712" />
<gc-end id="885" type="scavenge" contextid="880" durationms="2.774" usertimems="0.954" systemtimems="0.000" stalltimems="0.255" timestamp="2025-12-10T21:29:58.712" activeThreads="2">
  <mem-info id="886" free="16025088" total="30736384" percent="52">
    <mem type="nursery" free="11701760" total="13107200" percent="89">
      <mem type="allocate" free="11701760" total="11730944" percent="99" />
      <mem type="survivor" free="0" total="1376256" percent="0" />
    </mem>
    <mem type="tenure" free="4323328" total="17629184" percent="24">
      <mem type="soa" free="3441664" total="16747520" percent="20" />
      <mem type="loa" free="881664" total="881664" percent="100" />
    </mem>
    <remembered-set count="298" />
  </mem-info>
</gc-end>
<cycle-end id="887" type="scavenge" contextid="880" timestamp="2025-12-10T21:29:58.713" />
<allocation-satisfied id="888" threadId="0000000000839A00" bytesRequested="24" />
<af-end id="889" timestamp="2025-12-10T21:29:58.714" threadId="000000000083A478" success="true" from="nursery"/>
<exclusive-end id="890" timestamp="2025-12-10T21:29:58.714" durationms="6.380" />

<exclusive-start id="891" timestamp="2025-12-10T21:29:58.756" intervalms="48.174">
  <response-info timems="0.035" idlems="0.035" threads="0" lastid="0000000000839A00" lastname="Default Executor-thread-1" />
</exclusive-start>
<af-start id="892" threadId="000000000083A478" totalBytesRequested="664" timestamp="2025-12-10T21:29:58.757" intervalms="48.399" type="nursery" />
<cycle-start id="893" type="scavenge" contextid="0" timestamp="2025-12-10T21:29:58.757" intervalms="48.451" />
<gc-start id="894" type="scavenge" contextid="893" timestamp="2025-12-10T21:29:58.758">
  <mem-info id="895" free="4312728" total="30736384" percent="14">
    <mem type="nursery" free="0" total="13107200" percent="0">
      <mem type="allocate" free="0" total="11730944" percent="0" />
      <mem type="survivor" free="0" total="1376256" percent="0" />
    </mem>
    <mem type="tenure" free="4312728" total="17629184" percent="24">
      <mem type="soa" free="3431064" total="16747520" percent="20" />
      <mem type="loa" free="881664" total="881664" percent="100" />
    </mem>
    <remembered-set count="2949" />
  </mem-info>
</gc-start>
<allocation-stats totalBytes="11711184" discardedBytes="1176" >
  <allocated-bytes non-tlh="10624" tlh="11700560" />
  <largest-consumer threadName="Default Executor-thread-1" threadId="0000000000839A00" bytes="11711184" />
</allocation-stats>
<gc-op id="896" type="scavenge" timems="1.215" contextid="893" timestamp="2025-12-10T21:29:58.761">
  <scavenger-info tenureage="6" tenuremask="ffc0" tiltratio="89" />
  <memory-copied type="nursery" objects="17230" bytes="519360" bytesdiscarded="28776" />
  <ownableSynchronizers candidates="4" cleared="0" />
  <references type="soft" candidates="2" cleared="0" enqueued="0" dynamicThreshold="9" maxThreshold="32" />
  <references type="weak" candidates="42" cleared="31" enqueued="31" />
  <object-monitors candidates="18" cleared="0"  />
</gc-op>
<gc-end id="897" type="scavenge" contextid="893" durationms="3.258" usertimems="1.917" systemtimems="0.307" stalltimems="0.278" timestamp="2025-12-10T21:29:58.761" activeThreads="2">
  <mem-info id="898" free="15560856" total="30736384" percent="50">
    <mem type="nursery" free="11248128" total="13107200" percent="85">
      <mem type="allocate" free="11248128" total="11796480" percent="95" />
      <mem type="survivor" free="0" total="1310720" percent="0" />
    </mem>
    <mem type="tenure" free="4312728" total="17629184" percent="24">
      <mem type="soa" free="3431064" total="16747520" percent="20" />
      <mem type="loa" free="881664" total="881664" percent="100" />
    </mem>
    <pending-finalizers system="0" default="0" reference="31" classloader="0" />
    <remembered-set count="1894" />
  </mem-info>
</gc-end>
<cycle-end id="899" type="scavenge" contextid="893" timestamp="2025-12-10T21:29:58.762" />
<allocation-satisfied id="900" threadId="0000000000839A00" bytesRequested="664" />
<af-end id="901" timestamp="2025-12-10T21:29:58.763" threadId="000000000083A478" success="true" from="nursery"/>
<exclusive-end id="902" timestamp="2025-12-10T21:29:58.764" durationms="7.970" />

<exclusive-start id="903" timestamp="2025-12-10T21:29:58.894" intervalms="138.441">
  <response-info timems="0.027" idlems="0.027" threads="0" lastid="0000000000839A00" lastname="Default Executor-thread-1" />
</exclusive-start>
<af-start id="904" threadId="000000000083A478" totalBytesRequested="16" timestamp="2025-12-10T21:29:58.895" intervalms="138.109" type="nursery" />
<cycle-start id="905" type="scavenge" contextid="0" timestamp="2025-12-10T21:29:58.895" intervalms="138.102" />
<gc-start id="906" type="scavenge" contextid="905" timestamp="2025-12-10T21:29:58.896">
  <mem-info id="907" free="4311232" total="30736384" percent="14">
    <mem type="nursery" free="0" total="13107200" percent="0">
      <mem type="allocate" free="0" total="11796480" percent="0" />
      <mem type="survivor" free="0" total="1310720" percent="0" />
    </mem>
    <mem type="tenure" free="4311232" total="17629184" percent="24">
      <mem type="soa" free="3429568" total="16747520" percent="20" />
      <mem type="loa" free="881664" total="881664" percent="100" />
    </mem>
    <remembered-set count="2315" />
  </mem-info>
</gc-start>
<allocation-stats totalBytes="11246944" discardedBytes="2680" >
  <allocated-bytes non-tlh="242488" tlh="11004456" />
  <largest-consumer threadName="Default Executor-thread-1" threadId="0000000000839A00" bytes="11185488" />
</allocation-stats>
<gc-op id="908" type="scavenge" timems="2.162" contextid="905" timestamp="2025-12-10T21:29:58.899">
  <scavenger-info tenureage="4" tenuremask="fff0" tiltratio="90" />
  <memory-copied type="nursery" objects="20209" bytes="1308792" bytesdiscarded="816" />
  <memory-copied type="tenure" objects="20029" bytes="599064" bytesdiscarded="200" />
  <copy-failed type="nursery" objects="19961" bytes="596224" />
  <ownableSynchronizers candidates="141" cleared="81" />
  <references type="weak" candidates="21" cleared="7" enqueued="7" />
  <references type="phantom" candidates="85" cleared="0" enqueued="0" />
  <object-monitors candidates="18" cleared="0"  />
</gc-op>
<gc-end id="909" type="scavenge" contextid="905" durationms="3.664" usertimems="3.062" systemtimems="1.008" stalltimems="0.624" timestamp="2025-12-10T21:29:58.900" activeThreads="2">
  <mem-info id="910" free="11362240" total="30736384" percent="36">
    <mem type="nursery" free="7667712" total="13107200" percent="58">
      <mem type="allocate" free="7667712" total="8978432" percent="85" />
      <mem type="survivor" free="0" total="4128768" percent="0" />
    </mem>
    <mem type="tenure" free="3694528" total="17629184" percent="20">
      <mem type="soa" free="2812864" total="16747520" percent="16" />
      <mem type="loa" free="881664" total="881664" percent="100" />
    </mem>
    <pending-finalizers system="0" default="0" reference="7" classloader="0" />
    <remembered-set count="2184" />
  </mem-info>
</gc-end>
<cycle-end id="911" type="scavenge" contextid="905" timestamp="2025-12-10T21:29:58.900" />
<allocation-satisfied id="912" threadId="0000000000839A00" bytesRequested="16" />
<af-end id="913" timestamp="2025-12-10T21:29:58.901" threadId="000000000083A478" success="true" from="nursery"/>
<exclusive-end id="914" timestamp="2025-12-10T21:29:58.901" durationms="7.152" />

<exclusive-start id="915" timestamp="2025-12-10T21:29:58.927" intervalms="33.192">
  <response-info timems="0.024" idlems="0.024" threads="0" lastid="0000000000839A00" lastname="Default Executor-thread-1" />
</exclusive-start>
<af-start id="916" threadId="000000000083A478" totalBytesRequested="1280" timestamp="2025-12-10T21:29:58.929" intervalms="33.889" type="nursery" />
<cycle-start id="917" type="scavenge" contextid="0" timestamp="2025-12-10T21:29:58.930" intervalms="34.298" />
<gc-start id="918" type="scavenge" contextid="917" timestamp="2025-12-10T21:29:58.931">
  <mem-info id="919" free="3694152" total="30736384" percent="12">
    <mem type="nursery" free="0" total="13107200" percent="0">
      <mem type="allocate" free="0" total="8978432" percent="0" />
      <mem type="survivor" free="0" total="4128768" percent="0" />
    </mem>
    <mem type="tenure" free="3694152" total="17629184" percent="20">
      <mem type="soa" free="2812488" total="16747520" percent="16" />
      <mem type="loa" free="881664" total="881664" percent="100" />
    </mem>
    <remembered-set count="2519" />
  </mem-info>
</gc-start>
<allocation-stats totalBytes="7638560" discardedBytes="29528" >
  <allocated-bytes non-tlh="392" tlh="7638168" />
  <largest-consumer threadName="Default Executor-thread-1" threadId="0000000000839A00" bytes="7564864" />
</allocation-stats>
<gc-op id="920" type="scavenge" timems="2.097" contextid="917" timestamp="2025-12-10T21:29:58.935">
  <scavenger-info tenureage="3" tenuremask="ffd8" tiltratio="68" />
  <memory-copied type="nursery" objects="38174" bytes="2640328" bytesdiscarded="29856" />
  <memory-copied type="tenure" objects="142" bytes="4440" bytesdiscarded="0" />
  <ownableSynchronizers candidates="206" cleared="90" />
  <references type="weak" candidates="14" cleared="0" enqueued="0" />
  <references type="phantom" candidates="175" cleared="0" enqueued="0" />
  <object-monitors candidates="18" cleared="0"  />
</gc-op>
<heap-resize id="921" type="expand" space="nursery" amount="1179648" count="1" timems="0.021" reason="excessive time being spent scavenging" timestamp="2025-12-10T21:29:58.937" />
<gc-end id="922" type="scavenge" contextid="917" durationms="5.974" usertimems="3.711" systemtimems="0.000" stalltimems="0.761" timestamp="2025-12-10T21:29:58.937" activeThreads="2">
  <mem-info id="923" free="10720992" total="31916032" percent="33">
    <mem type="nursery" free="7026840" total="14286848" percent="49">
      <mem type="allocate" free="7026840" total="9699328" percent="72" />
      <mem type="survivor" free="0" total="4587520" percent="0" />
    </mem>
    <mem type="tenure" free="3694152" total="17629184" percent="20">
      <mem type="soa" free="2812488" total="16747520" percent="16" />
      <mem type="loa" free="881664" total="881664" percent="100" />
    </mem>
    <remembered-set count="2120" />
  </mem-info>
</gc-end>
<cycle-end id="924" type="scavenge" contextid="917" timestamp="2025-12-10T21:29:58.938" />
<allocation-satisfied id="925" threadId="0000000000839A00" bytesRequested="1280" />
<af-end id="926" timestamp="2025-12-10T21:29:58.939" threadId="000000000083A478" success="true" from="nursery"/>
<exclusive-end id="927" timestamp="2025-12-10T21:29:58.940" durationms="12.670" />

<exclusive-start id="928" timestamp="2025-12-10T21:29:58.987" intervalms="59.335">
  <response-info timems="0.026" idlems="0.026" threads="0" lastid="0000000000839A00" lastname="Default Executor-thread-1" />
</exclusive-start>
<af-start id="929" threadId="000000000083A478" totalBytesRequested="8200" timestamp="2025-12-10T21:29:58.987" intervalms="58.697" type="nursery" />
<cycle-start id="930" type="scavenge" contextid="0" timestamp="2025-12-10T21:29:58.988" intervalms="58.239" />
<gc-start id="931" type="scavenge" contextid="930" timestamp="2025-12-10T21:29:58.989">
  <mem-info id="932" free="3693936" total="31916032" percent="11">
    <mem type="nursery" free="0" total="14286848" percent="0">
      <mem type="allocate" free="0" total="9699328" percent="0" />
      <mem type="survivor" free="0" total="4587520" percent="0" />
    </mem>
    <mem type="tenure" free="3693936" total="17629184" percent="20">
      <mem type="soa" free="2812272" total="16747520" percent="16" />
      <mem type="loa" free="881664" total="881664" percent="100" />
    </mem>
    <remembered-set count="2358" />
  </mem-info>
</gc-start>
<allocation-stats totalBytes="7013976" discardedBytes="13080" >
  <allocated-bytes non-tlh="339256" tlh="6674720" />
  <largest-consumer threadName="Default Executor-thread-1" threadId="0000000000839A00" bytes="6973024" />
</allocation-stats>
<gc-op id="933" type="scavenge" timems="2.642" contextid="930" timestamp="2025-12-10T21:29:58.993">
  <scavenger-info tenureage="3" tenuremask="ffc8" tiltratio="67" />
  <memory-copied type="nursery" objects="48117" bytes="3678680" bytesdiscarded="17224" />
  <memory-copied type="tenure" objects="5283" bytes="168224" bytesdiscarded="48" />
  <ownableSynchronizers candidates="216" cleared="60" />
  <references type="weak" candidates="7" cleared="0" enqueued="0" />
  <references type="phantom" candidates="236" cleared="0" enqueued="0" />
  <object-monitors candidates="19" cleared="0"  />
</gc-op>
<gc-end id="934" type="scavenge" contextid="930" durationms="4.176" usertimems="3.970" systemtimems="1.294" stalltimems="0.356" timestamp="2025-12-10T21:29:58.993" activeThreads="2">
  <mem-info id="935" free="8466216" total="31916032" percent="26">
    <mem type="nursery" free="5017272" total="14286848" percent="35">
      <mem type="allocate" free="5017272" total="8716288" percent="57" />
      <mem type="survivor" free="0" total="5570560" percent="0" />
    </mem>
    <mem type="tenure" free="3448944" total="17629184" percent="19">
      <mem type="soa" free="2567280" total="16747520" percent="15" />
      <mem type="loa" free="881664" total="881664" percent="100" />
    </mem>
    <remembered-set count="807" />
  </mem-info>
</gc-end>
<cycle-end id="936" type="scavenge" contextid="930" timestamp="2025-12-10T21:29:58.994" />
<allocation-satisfied id="937" threadId="0000000000839A00" bytesRequested="8200" />
<af-end id="938" timestamp="2025-12-10T21:29:58.995" threadId="000000000083A478" success="true" from="nursery"/>
<exclusive-end id="939" timestamp="2025-12-10T21:29:58.995" durationms="8.526" />

<exclusive-start id="940" timestamp="2025-12-10T21:29:59.013" intervalms="26.656">
  <response-info timems="0.027" idlems="0.027" threads="0" lastid="0000000000839A00" lastname="Default Executor-thread-1" />
</exclusive-start>
<af-start id="941" threadId="000000000083A478" totalBytesRequested="32" timestamp="2025-12-10T21:29:59.014" intervalms="26.912" type="nursery" />
<cycle-start id="942" type="scavenge" contextid="0" timestamp="2025-12-10T21:29:59.015" intervalms="26.933" />
<gc-start id="943" type="scavenge" contextid="942" timestamp="2025-12-10T21:29:59.015">
  <mem-info id="944" free="3448688" total="31916032" percent="10">
    <mem type="nursery" free="0" total="14286848" percent="0">
      <mem type="allocate" free="0" total="8716288" percent="0" />
      <mem type="survivor" free="0" total="5570560" percent="0" />
    </mem>
    <mem type="tenure" free="3448688" total="17629184" percent="19">
      <mem type="soa" free="2567024" total="16747520" percent="15" />
      <mem type="loa" free="881664" total="881664" percent="100" />
    </mem>
    <remembered-set count="1044" />
  </mem-info>
</gc-start>
<allocation-stats totalBytes="5017208" discardedBytes="320" >
  <allocated-bytes non-tlh="8456" tlh="5008752" />
  <largest-consumer threadName="Default Executor-thread-1" threadId="0000000000839A00" bytes="4963984" />
</allocation-stats>
<gc-op id="945" type="scavenge" timems="2.846" contextid="942" timestamp="2025-12-10T21:29:59.019">
  <scavenger-info tenureage="3" tenuremask="ffe8" tiltratio="61" />
  <memory-copied type="nursery" objects="46827" bytes="3302808" bytesdiscarded="90728" />
  <memory-copied type="tenure" objects="13598" bytes="1035664" bytesdiscarded="168" />
  <ownableSynchronizers candidates="294" cleared="81" />
  <references type="weak" candidates="2" cleared="0" enqueued="0" />
  <references type="phantom" candidates="231" cleared="0" enqueued="0" />
  <object-monitors candidates="19" cleared="0"  />
</gc-op>
<heap-resize id="946" type="expand" space="nursery" amount="1441792" count="1" timems="0.028" reason="excessive time being spent scavenging" timestamp="2025-12-10T21:29:59.020" />
<gc-end id="947" type="scavenge" contextid="942" durationms="5.240" usertimems="5.793" systemtimems="0.000" stalltimems="0.322" timestamp="2025-12-10T21:29:59.021" activeThreads="2">
  <mem-info id="948" free="8702320" total="33357824" percent="26">
    <mem type="nursery" free="6368224" total="15728640" percent="40">
      <mem type="allocate" free="6368224" total="9764864" percent="65" />
      <mem type="survivor" free="0" total="5963776" percent="0" />
    </mem>
    <mem type="tenure" free="2334096" total="17629184" percent="13">
      <mem type="soa" free="1452432" total="16747520" percent="8" />
      <mem type="loa" free="881664" total="881664" percent="100" />
    </mem>
    <remembered-set count="795" />
  </mem-info>
</gc-end>
<cycle-end id="949" type="scavenge" contextid="942" timestamp="2025-12-10T21:29:59.021" />
<allocation-satisfied id="950" threadId="0000000000839A00" bytesRequested="32" />
<af-end id="951" timestamp="2025-12-10T21:29:59.022" threadId="000000000083A478" success="true" from="nursery"/>
<exclusive-end id="952" timestamp="2025-12-10T21:29:59.023" durationms="9.474" />

<concurrent-kickoff id="953" timestamp="2025-12-10T21:29:59.039">
  <kickoff reason="threshold reached" targetBytes="6922510" thresholdFreeBytes="960523"  remainingFree="777184" tenureFreeBytes="2333984" nurseryFreeBytes="777184" />
</concurrent-kickoff>
<exclusive-start id="954" timestamp="2025-12-10T21:29:59.040" intervalms="26.998">
  <response-info timems="0.033" idlems="0.033" threads="0" lastid="0000000000839A00" lastname="Default Executor-thread-1" />
</exclusive-start>
<cycle-start id="955" type="global" contextid="0" timestamp="2025-12-10T21:29:59.041" intervalms="580.482" />
<concurrent-start id="956" type="global mark" contextid="955" timestamp="2025-12-10T21:29:59.042">
</concurrent-start>
<exclusive-end id="957" timestamp="2025-12-10T21:29:59.043" durationms="2.177" />

<exclusive-start id="958" timestamp="2025-12-10T21:29:59.052" intervalms="11.205">
  <response-info timems="0.032" idlems="0.032" threads="0" lastid="0000000000839A00" lastname="Default Executor-thread-1" />
</exclusive-start>
<af-start id="959" threadId="000000000083A478" totalBytesRequested="3672" timestamp="2025-12-10T21:29:59.052" intervalms="38.068" type="nursery" />
<cycle-start id="960" type="scavenge" contextid="0" timestamp="2025-12-10T21:29:59.053" intervalms="38.110" />
<gc-start id="961" type="scavenge" contextid="960" timestamp="2025-12-10T21:29:59.054">
  <mem-info id="962" free="2333984" total="33357824" percent="6">
    <mem type="nursery" free="0" total="15728640" percent="0">
      <mem type="allocate" free="0" total="9764864" percent="0" />
      <mem type="survivor" free="0" total="5963776" percent="0" />
    </mem>
    <mem type="tenure" free="2333984" total="17629184" percent="13">
      <mem type="soa" free="1452320" total="16747520" percent="8" />
      <mem type="loa" free="881664" total="881664" percent="100" />
    </mem>
    <remembered-set count="1101" />
  </mem-info>
</gc-start>
<allocation-stats totalBytes="6366688" discardedBytes="1648" >
  <allocated-bytes non-tlh="132624" tlh="6234064" />
  <largest-consumer threadName="Default Executor-thread-1" threadId="0000000000839A00" bytes="6289072" />
</allocation-stats>
<gc-op id="963" type="scavenge" timems="3.280" contextid="960" timestamp="2025-12-10T21:29:59.058">
  <scavenger-info tenureage="2" tenuremask="ffec" tiltratio="62" />
  <memory-copied type="nursery" objects="29923" bytes="1903376" bytesdiscarded="57056" />
  <memory-copied type="tenure" objects="34134" bytes="2402848" bytesdiscarded="2024" />
  <ownableSynchronizers candidates="320" cleared="99" />
  <references type="weak" candidates="1" cleared="0" enqueued="0" />
  <references type="phantom" candidates="179" cleared="0" enqueued="0" />
  <object-monitors candidates="19" cleared="0"  />
  <heap-resize type="expand" space="tenure" amount="720896" count="11" timems="0.138" reason="continue current collection" />
</gc-op>
<heap-resize id="964" type="expand" space="nursery" amount="917504" count="1" timems="0.055" reason="excessive time being spent scavenging" timestamp="2025-12-10T21:29:59.059" />
<gc-end id="965" type="scavenge" contextid="960" durationms="5.553" usertimems="6.823" systemtimems="0.000" stalltimems="0.175" timestamp="2025-12-10T21:29:59.059" activeThreads="2">
  <mem-info id="966" free="9879904" total="34996224" percent="28">
    <mem type="nursery" free="9243824" total="16646144" percent="55">
      <mem type="allocate" free="9243824" total="11206656" percent="82" />
      <mem type="survivor" free="0" total="5439488" percent="0" />
    </mem>
    <mem type="tenure" free="636080" total="18350080" percent="3">
      <mem type="soa" free="0" total="17432576" percent="0" />
      <mem type="loa" free="636080" total="917504" percent="69" />
    </mem>
    <remembered-set count="744" />
  </mem-info>
</gc-end>
<cycle-end id="967" type="scavenge" contextid="960" timestamp="2025-12-10T21:29:59.060" />
<allocation-satisfied id="968" threadId="0000000000839A00" bytesRequested="3672" />
<af-end id="969" timestamp="2025-12-10T21:29:59.061" threadId="000000000083A478" success="true" from="nursery"/>
<exclusive-end id="970" timestamp="2025-12-10T21:29:59.061" durationms="9.551" />

<concurrent-end id="971" type="global mark" contextid="955" timestamp="2025-12-10T21:29:59.068">
<gc-op id="972" type="trace" timems="26.057" contextid="955" timestamp="2025-12-10T21:29:59.068">
  <trace bytesTraced="9475448" workStackOverflowCount="0" />
  <card-cleaning reason="card cleaning threshold reached" bytesTraced="70984" cardsCleaned="157" />
</gc-op>
</concurrent-end>

<exclusive-start id="973" timestamp="2025-12-10T21:29:59.069" intervalms="17.675">
  <response-info timems="0.042" idlems="0.042" threads="0" lastid="0000000000839A00" lastname="Default Executor-thread-1" />
</exclusive-start>
<concurrent-global-final id="974" timestamp="2025-12-10T21:29:59.070" contextid="955" intervalms="587.702" >
  <concurrent-trace-info reason="card cleaning threshold reached" tracedByMutators="3351756" tracedByHelpers="6194676" cardsCleaned="157" workStackOverflowCount="0" />
</concurrent-global-final>
<gc-start id="975" type="global" contextid="955" timestamp="2025-12-10T21:29:59.071">
  <mem-info id="976" free="9200392" total="34996224" percent="26">
    <mem type="nursery" free="8564312" total="16646144" percent="51">
      <mem type="allocate" free="8564312" total="11206656" percent="76" />
      <mem type="survivor" free="0" total="5439488" percent="0" />
    </mem>
    <mem type="tenure" free="636080" total="18350080" percent="3">
      <mem type="soa" free="0" total="17432576" percent="0" />
      <mem type="loa" free="636080" total="917504" percent="69" />
    </mem>
    <remembered-set count="759" />
  </mem-info>
</gc-start>
<allocation-stats totalBytes="679400" discardedBytes="112" >
  <allocated-bytes non-tlh="3672" tlh="675728" />
  <largest-consumer threadName="Default Executor-thread-1" threadId="0000000000839A00" bytes="658920" />
</allocation-stats>
<gc-op id="977" type="rs-scan" timems="1.491" contextid="955" timestamp="2025-12-10T21:29:59.073">
  <scan objectsFound="25420" bytesTraced="771436" workStackOverflowCount="0" />
</gc-op>
<gc-op id="978" type="card-cleaning" timems="0.987" contextid="955" timestamp="2025-12-10T21:29:59.075">
  <card-cleaning cardsCleaned="24" bytesTraced="31412" workStackOverflowCount="0" />
</gc-op>
<gc-op id="979" type="mark" timems="4.281" contextid="955" timestamp="2025-12-10T21:29:59.080">
  <trace-info objectcount="591" scancount="544" scanbytes="15304" />
  <finalization candidates="733" enqueued="0" />
  <ownableSynchronizers candidates="920" cleared="11" />
  <references type="soft" candidates="4490" cleared="0" enqueued="0" dynamicThreshold="9" maxThreshold="32" />
  <references type="weak" candidates="1307" cleared="5" enqueued="5" />
  <references type="phantom" candidates="354" cleared="0" enqueued="0" />
  <stringconstants candidates="12752" cleared="1"  />
  <object-monitors candidates="19" cleared="0"  />
</gc-op>
<gc-op id="980" type="sweep" timems="1.618" contextid="955" timestamp="2025-12-10T21:29:59.082" />
<heap-resize id="981" type="expand" space="tenure" amount="5308416" count="1" timems="0.305" reason="insufficient free space following gc" timestamp="2025-12-10T21:29:59.083" />
<gc-end id="982" type="global" contextid="955" durationms="12.541" usertimems="17.520" systemtimems="6.136" stalltimems="70.506" timestamp="2025-12-10T21:29:59.083" activeThreads="16">
  <mem-info id="983" free="16294104" total="40304640" percent="40">
    <mem type="nursery" free="9158312" total="16646144" percent="55">
      <mem type="allocate" free="9158312" total="11206656" percent="81" />
      <mem type="survivor" free="0" total="5439488" percent="0" />
    </mem>
    <mem type="tenure" free="7135792" total="23658496" percent="30" micro-fragmented="230245" macro-fragmented="0">
      <mem type="soa" free="5952048" total="22474752" percent="26" />
      <mem type="loa" free="1183744" total="1183744" percent="100" />
    </mem>
    <pending-finalizers system="0" default="0" reference="5" classloader="0" />
    <remembered-set count="750" />
  </mem-info>
</gc-end>
<cycle-end id="984" type="global" contextid="955" timestamp="2025-12-10T21:29:59.084" />
<exclusive-end id="985" timestamp="2025-12-10T21:29:59.084" durationms="15.054" />

<exclusive-start id="986" timestamp="2025-12-10T21:29:59.159" intervalms="89.672">
  <response-info timems="0.031" idlems="0.031" threads="0" lastid="0000000000839A00" lastname="Default Executor-thread-1" />
</exclusive-start>
<af-start id="987" threadId="000000000083A478" totalBytesRequested="24" timestamp="2025-12-10T21:29:59.160" intervalms="107.433" type="nursery" />
<cycle-start id="988" type="scavenge" contextid="0" timestamp="2025-12-10T21:29:59.160" intervalms="107.302" />
<gc-start id="989" type="scavenge" contextid="988" timestamp="2025-12-10T21:29:59.161">
  <mem-info id="990" free="7132968" total="40304640" percent="17">
    <mem type="nursery" free="0" total="16646144" percent="0">
      <mem type="allocate" free="0" total="11206656" percent="0" />
      <mem type="survivor" free="0" total="5439488" percent="0" />
    </mem>
    <mem type="tenure" free="7132968" total="23658496" percent="30">
      <mem type="soa" free="5949224" total="22474752" percent="26" />
      <mem type="loa" free="1183744" total="1183744" percent="100" />
    </mem>
    <remembered-set count="1699" />
  </mem-info>
</gc-start>
<allocation-stats totalBytes="9150592" discardedBytes="8208" >
  <allocated-bytes non-tlh="99880" tlh="9050712" />
  <largest-consumer threadName="Default Executor-thread-1" threadId="0000000000839A00" bytes="9017352" />
</allocation-stats>
<gc-op id="991" type="scavenge" timems="2.692" contextid="988" timestamp="2025-12-10T21:29:59.165">
  <scavenger-info tenureage="2" tenuremask="ffe4" tiltratio="67" />
  <memory-copied type="nursery" objects="37218" bytes="2571688" bytesdiscarded="142720" />
  <memory-copied type="tenure" objects="12323" bytes="724176" bytesdiscarded="3232" />
  <finalization candidates="5" enqueued="5" />
  <ownableSynchronizers candidates="1991" cleared="1790" />
  <references type="weak" candidates="19" cleared="11" enqueued="11" />
  <references type="phantom" candidates="212" cleared="2" enqueued="2" />
  <object-monitors candidates="20" cleared="0"  />
</gc-op>
<gc-end id="992" type="scavenge" contextid="988" durationms="4.333" usertimems="4.670" systemtimems="1.476" stalltimems="2.006" timestamp="2025-12-10T21:29:59.165" activeThreads="3">
  <mem-info id="993" free="15368592" total="40304640" percent="38">
    <mem type="nursery" free="9013696" total="16646144" percent="54">
      <mem type="allocate" free="9013696" total="11730944" percent="76" />
      <mem type="survivor" free="0" total="4915200" percent="0" />
    </mem>
    <mem type="tenure" free="6354896" total="23658496" percent="26">
      <mem type="soa" free="5171152" total="22474752" percent="23" />
      <mem type="loa" free="1183744" total="1183744" percent="100" />
    </mem>
    <pending-finalizers system="5" default="0" reference="13" classloader="0" />
    <remembered-set count="805" />
  </mem-info>
</gc-end>
<cycle-end id="994" type="scavenge" contextid="988" timestamp="2025-12-10T21:29:59.166" />
<allocation-satisfied id="995" threadId="0000000000839A00" bytesRequested="24" />
<af-end id="996" timestamp="2025-12-10T21:29:59.166" threadId="000000000083A478" success="true" from="nursery"/>
<exclusive-end id="997" timestamp="2025-12-10T21:29:59.167" durationms="7.665" />

<exclusive-start id="998" timestamp="2025-12-10T21:29:59.250" intervalms="91.007">
  <response-info timems="0.048" idlems="0.048" threads="0" lastid="0000000000839A00" lastname="Default Executor-thread-1" />
</exclusive-start>
<af-start id="999" threadId="000000000083A478" totalBytesRequested="208824" timestamp="2025-12-10T21:29:59.250" intervalms="90.804" type="nursery" />
<cycle-start id="1000" type="scavenge" contextid="0" timestamp="2025-12-10T21:29:59.251" intervalms="90.837" />
<gc-start id="1001" type="scavenge" contextid="1000" timestamp="2025-12-10T21:29:59.252">
  <mem-info id="1002" free="6353664" total="40304640" percent="15">
    <mem type="nursery" free="0" total="16646144" percent="0">
      <mem type="allocate" free="0" total="11730944" percent="0" />
      <mem type="survivor" free="0" total="4915200" percent="0" />
    </mem>
    <mem type="tenure" free="6353664" total="23658496" percent="26">
      <mem type="soa" free="5169920" total="22474752" percent="23" />
      <mem type="loa" free="1183744" total="1183744" percent="100" />
    </mem>
    <remembered-set count="1184" />
  </mem-info>
</gc-start>
<allocation-stats totalBytes="8887576" discardedBytes="127352" >
  <allocated-bytes non-tlh="1256" tlh="8886320" />
  <largest-consumer threadName="Default Executor-thread-1" threadId="0000000000839A00" bytes="8818016" />
</allocation-stats>
<gc-op id="1003" type="scavenge" timems="3.124" contextid="1000" timestamp="2025-12-10T21:29:59.256">
  <scavenger-info tenureage="2" tenuremask="fff4" tiltratio="70" />
  <memory-copied type="nursery" objects="34743" bytes="2243144" bytesdiscarded="216176" />
  <memory-copied type="tenure" objects="17586" bytes="1178824" bytesdiscarded="2952" />
  <ownableSynchronizers candidates="281" cleared="84" />
  <references type="weak" candidates="7" cleared="0" enqueued="0" />
  <references type="phantom" candidates="195" cleared="0" enqueued="0" />
  <object-monitors candidates="20" cleared="0"  />
</gc-op>
<gc-end id="1004" type="scavenge" contextid="1000" durationms="5.349" usertimems="5.763" systemtimems="1.805" stalltimems="1.735" timestamp="2025-12-10T21:29:59.257" activeThreads="3">
  <mem-info id="1005" free="14604416" total="40304640" percent="36">
    <mem type="nursery" free="9596704" total="16646144" percent="57">
      <mem type="allocate" free="9596704" total="12058624" percent="79" />
      <mem type="survivor" free="0" total="4587520" percent="0" />
    </mem>
    <mem type="tenure" free="5007712" total="23658496" percent="21">
      <mem type="soa" free="3823968" total="22474752" percent="17" />
      <mem type="loa" free="1183744" total="1183744" percent="100" />
    </mem>
    <remembered-set count="850" />
  </mem-info>
</gc-end>
<cycle-end id="1006" type="scavenge" contextid="1000" timestamp="2025-12-10T21:29:59.258" />
<allocation-satisfied id="1007" threadId="0000000000839A00" bytesRequested="208824" />
<af-end id="1008" timestamp="2025-12-10T21:29:59.259" threadId="000000000083A478" success="true" from="nursery"/>
<exclusive-end id="1009" timestamp="2025-12-10T21:29:59.260" durationms="9.887" />

<exclusive-start id="1010" timestamp="2025-12-10T21:29:59.358" intervalms="107.792">
  <response-info timems="0.038" idlems="0.038" threads="0" lastid="0000000000839A00" lastname="Default Executor-thread-1" />
</exclusive-start>
<af-start id="1011" threadId="000000000083A478" totalBytesRequested="24" timestamp="2025-12-10T21:29:59.358" intervalms="107.777" type="nursery" />
<cycle-start id="1012" type="scavenge" contextid="0" timestamp="2025-12-10T21:29:59.359" intervalms="107.769" />
<gc-start id="1013" type="scavenge" contextid="1012" timestamp="2025-12-10T21:29:59.360">
  <mem-info id="1014" free="5006856" total="40304640" percent="12">
    <mem type="nursery" free="0" total="16646144" percent="0">
      <mem type="allocate" free="0" total="12058624" percent="0" />
      <mem type="survivor" free="0" total="4587520" percent="0" />
    </mem>
    <mem type="tenure" free="5006856" total="23658496" percent="21">
      <mem type="soa" free="3823112" total="22474752" percent="17" />
      <mem type="loa" free="1183744" total="1183744" percent="100" />
    </mem>
    <remembered-set count="1384" />
  </mem-info>
</gc-start>
<allocation-stats totalBytes="9595984" discardedBytes="1576" >
  <allocated-bytes non-tlh="596976" tlh="8999008" />
  <largest-consumer threadName="Default Executor-thread-1" threadId="0000000000839A00" bytes="9526424" />
</allocation-stats>
<gc-op id="1015" type="scavenge" timems="3.152" contextid="1012" timestamp="2025-12-10T21:29:59.364">
  <scavenger-info tenureage="2" tenuremask="7004" tiltratio="72" />
  <memory-copied type="nursery" objects="32337" bytes="2575416" bytesdiscarded="101864" />
  <memory-copied type="tenure" objects="19513" bytes="1389560" bytesdiscarded="1288" />
  <ownableSynchronizers candidates="299" cleared="99" />
  <references type="weak" candidates="2" cleared="1" enqueued="1" />
  <references type="phantom" candidates="183" cleared="0" enqueued="0" />
  <object-monitors candidates="20" cleared="0"  />
</gc-op>
<gc-end id="1016" type="scavenge" contextid="1012" durationms="5.432" usertimems="5.710" systemtimems="1.798" stalltimems="1.458" timestamp="2025-12-10T21:29:59.365" activeThreads="3">
  <mem-info id="1017" free="13109632" total="40304640" percent="32">
    <mem type="nursery" free="9575520" total="16646144" percent="57">
      <mem type="allocate" free="9575520" total="12255232" percent="78" />
      <mem type="survivor" free="0" total="4390912" percent="0" />
    </mem>
    <mem type="tenure" free="3534112" total="23658496" percent="14">
      <mem type="soa" free="2350368" total="22474752" percent="10" />
      <mem type="loa" free="1183744" total="1183744" percent="100" />
    </mem>
    <pending-finalizers system="0" default="0" reference="1" classloader="0" />
    <remembered-set count="864" />
  </mem-info>
</gc-end>
<cycle-end id="1018" type="scavenge" contextid="1012" timestamp="2025-12-10T21:29:59.366" />
<allocation-satisfied id="1019" threadId="0000000000839A00" bytesRequested="24" />
<af-end id="1020" timestamp="2025-12-10T21:29:59.367" threadId="000000000083A478" success="true" from="nursery"/>
<exclusive-end id="1021" timestamp="2025-12-10T21:29:59.368" durationms="9.832" />

<concurrent-kickoff id="1022" timestamp="2025-12-10T21:29:59.403">
  <kickoff reason="threshold reached" targetBytes="9858003" thresholdFreeBytes="1366216"  remainingFree="1199200" tenureFreeBytes="3534112" nurseryFreeBytes="1199200" />
</concurrent-kickoff>
<exclusive-start id="1023" timestamp="2025-12-10T21:29:59.404" intervalms="46.214">
  <response-info timems="0.033" idlems="0.033" threads="0" lastid="0000000000839A00" lastname="Default Executor-thread-1" />
</exclusive-start>
<cycle-start id="1024" type="global" contextid="0" timestamp="2025-12-10T21:29:59.405" intervalms="363.523" />
<concurrent-start id="1025" type="global mark" contextid="1024" timestamp="2025-12-10T21:29:59.405">
</concurrent-start>
<exclusive-end id="1026" timestamp="2025-12-10T21:29:59.406" durationms="1.891" />

<exclusive-start id="1027" timestamp="2025-12-10T21:29:59.415" intervalms="11.396">
  <response-info timems="0.043" idlems="0.043" threads="0" lastid="0000000000839A00" lastname="Default Executor-thread-1" />
</exclusive-start>
<af-start id="1028" threadId="000000000083A478" totalBytesRequested="208" timestamp="2025-12-10T21:29:59.416" intervalms="57.740" type="nursery" />
<cycle-start id="1029" type="scavenge" contextid="0" timestamp="2025-12-10T21:29:59.417" intervalms="57.886" />
<gc-start id="1030" type="scavenge" contextid="1029" timestamp="2025-12-10T21:29:59.418">
  <mem-info id="1031" free="3534112" total="40304640" percent="8">
    <mem type="nursery" free="0" total="16646144" percent="0">
      <mem type="allocate" free="0" total="12255232" percent="0" />
      <mem type="survivor" free="0" total="4390912" percent="0" />
    </mem>
    <mem type="tenure" free="3534112" total="23658496" percent="14">
      <mem type="soa" free="2350368" total="22474752" percent="10" />
      <mem type="loa" free="1183744" total="1183744" percent="100" />
    </mem>
    <remembered-set count="1453" />
  </mem-info>
</gc-start>
<allocation-stats totalBytes="9574024" discardedBytes="1496" >
  <allocated-bytes non-tlh="24" tlh="9574000" />
  <largest-consumer threadName="Default Executor-thread-1" threadId="0000000000839A00" bytes="9475800" />
</allocation-stats>
<gc-op id="1032" type="scavenge" timems="4.324" contextid="1029" timestamp="2025-12-10T21:29:59.423">
  <scavenger-info tenureage="2" tenuremask="7004" tiltratio="73" />
  <memory-copied type="nursery" objects="41343" bytes="3136584" bytesdiscarded="117800" />
  <memory-copied type="tenure" objects="14949" bytes="753080" bytesdiscarded="864" />
  <ownableSynchronizers candidates="357" cleared="141" />
  <references type="weak" candidates="1" cleared="0" enqueued="0" />
  <references type="phantom" candidates="242" cleared="0" enqueued="0" />
  <object-monitors candidates="20" cleared="0"  />
</gc-op>
<heap-resize id="1033" type="expand" space="nursery" amount="1179648" count="1" timems="0.060" reason="excessive time being spent scavenging" timestamp="2025-12-10T21:29:59.424" />
<gc-end id="1034" type="scavenge" contextid="1029" durationms="8.084" usertimems="11.203" systemtimems="0.000" stalltimems="2.266" timestamp="2025-12-10T21:29:59.426" activeThreads="3">
  <mem-info id="1035" free="12394096" total="41484288" percent="29">
    <mem type="nursery" free="9652992" total="17825792" percent="54">
      <mem type="allocate" free="9652992" total="12910592" percent="74" />
      <mem type="survivor" free="0" total="4915200" percent="0" />
    </mem>
    <mem type="tenure" free="2741104" total="23658496" percent="11">
      <mem type="soa" free="1557360" total="22474752" percent="6" />
      <mem type="loa" free="1183744" total="1183744" percent="100" />
    </mem>
    <remembered-set count="1046" />
  </mem-info>
</gc-end>
<cycle-end id="1036" type="scavenge" contextid="1029" timestamp="2025-12-10T21:29:59.427" />
<allocation-satisfied id="1037" threadId="0000000000839A00" bytesRequested="208" />
<af-end id="1038" timestamp="2025-12-10T21:29:59.428" threadId="000000000083A478" success="true" from="nursery"/>
<exclusive-end id="1039" timestamp="2025-12-10T21:29:59.429" durationms="13.810" />

<concurrent-end id="1040" type="global mark" contextid="1024" timestamp="2025-12-10T21:29:59.441">
<gc-op id="1041" type="trace" timems="35.343" contextid="1024" timestamp="2025-12-10T21:29:59.441">
  <trace bytesTraced="10909384" workStackOverflowCount="0" />
  <card-cleaning reason="card cleaning threshold reached" bytesTraced="90556" cardsCleaned="192" />
</gc-op>
</concurrent-end>

<exclusive-start id="1042" timestamp="2025-12-10T21:29:59.442" intervalms="27.058">
  <response-info timems="0.036" idlems="0.036" threads="0" lastid="0000000000839A00" lastname="Default Executor-thread-1" />
</exclusive-start>
<concurrent-global-final id="1043" timestamp="2025-12-10T21:29:59.443" contextid="1024" intervalms="373.251" >
  <concurrent-trace-info reason="card cleaning threshold reached" tracedByMutators="4121632" tracedByHelpers="6878308" cardsCleaned="192" workStackOverflowCount="0" />
</concurrent-global-final>
<gc-start id="1044" type="global" contextid="1024" timestamp="2025-12-10T21:29:59.444">
  <mem-info id="1045" free="10985072" total="41484288" percent="26">
    <mem type="nursery" free="8243968" total="17825792" percent="46">
      <mem type="allocate" free="8243968" total="12910592" percent="63" />
      <mem type="survivor" free="0" total="4915200" percent="0" />
    </mem>
    <mem type="tenure" free="2741104" total="23658496" percent="11">
      <mem type="soa" free="1557360" total="22474752" percent="6" />
      <mem type="loa" free="1183744" total="1183744" percent="100" />
    </mem>
    <remembered-set count="1093" />
  </mem-info>
</gc-start>
<allocation-stats totalBytes="1408952" discardedBytes="72" >
  <allocated-bytes non-tlh="108840" tlh="1300112" />
  <largest-consumer threadName="Default Executor-thread-1" threadId="0000000000839A00" bytes="1384376" />
</allocation-stats>
<gc-op id="1046" type="rs-scan" timems="2.405" contextid="1024" timestamp="2025-12-10T21:29:59.448">
  <scan objectsFound="35943" bytesTraced="1115256" workStackOverflowCount="0" />
</gc-op>
<gc-op id="1047" type="card-cleaning" timems="0.927" contextid="1024" timestamp="2025-12-10T21:29:59.449">
  <card-cleaning cardsCleaned="1" bytesTraced="552" workStackOverflowCount="0" />
</gc-op>
<gc-op id="1048" type="mark" timems="4.436" contextid="1024" timestamp="2025-12-10T21:29:59.454">
  <trace-info objectcount="1146" scancount="963" scanbytes="28152" />
  <finalization candidates="733" enqueued="0" />
  <ownableSynchronizers candidates="1208" cleared="11" />
  <references type="soft" candidates="4490" cleared="0" enqueued="0" dynamicThreshold="9" maxThreshold="32" />
  <references type="weak" candidates="1309" cleared="0" enqueued="0" />
  <references type="phantom" candidates="351" cleared="0" enqueued="0" />
  <stringconstants candidates="12792" cleared="3"  />
  <object-monitors candidates="20" cleared="0"  />
</gc-op>
<gc-op id="1049" type="sweep" timems="1.949" contextid="1024" timestamp="2025-12-10T21:29:59.457" />
<heap-resize id="1050" type="expand" space="tenure" amount="2097152" count="1" timems="0.758" reason="insufficient free space following gc" timestamp="2025-12-10T21:29:59.458" />
<gc-end id="1051" type="global" contextid="1024" durationms="14.112" usertimems="15.179" systemtimems="13.427" stalltimems="89.512" timestamp="2025-12-10T21:29:59.458" activeThreads="19">
  <mem-info id="1052" free="17113096" total="43581440" percent="39">
    <mem type="nursery" free="9381680" total="17825792" percent="52">
      <mem type="allocate" free="9381680" total="12910592" percent="72" />
      <mem type="survivor" free="0" total="4915200" percent="0" />
    </mem>
    <mem type="tenure" free="7731416" total="25755648" percent="30" micro-fragmented="280563" macro-fragmented="0">
      <mem type="soa" free="6443224" total="24467456" percent="26" />
      <mem type="loa" free="1288192" total="1288192" percent="100" />
    </mem>
    <remembered-set count="1078" />
  </mem-info>
</gc-end>
<cycle-end id="1053" type="global" contextid="1024" timestamp="2025-12-10T21:29:59.459" />
<exclusive-end id="1054" timestamp="2025-12-10T21:29:59.459" durationms="16.479" />

<exclusive-start id="1055" timestamp="2025-12-10T21:29:59.496" intervalms="53.296">
  <response-info timems="0.039" idlems="0.039" threads="0" lastid="0000000000839A00" lastname="Default Executor-thread-1" />
</exclusive-start>
<af-start id="1056" threadId="000000000083A478" totalBytesRequested="8208" timestamp="2025-12-10T21:29:59.496" intervalms="80.377" type="nursery" />
<cycle-start id="1057" type="scavenge" contextid="0" timestamp="2025-12-10T21:29:59.497" intervalms="80.300" />
<gc-start id="1058" type="scavenge" contextid="1057" timestamp="2025-12-10T21:29:59.498">
  <mem-info id="1059" free="7728336" total="43581440" percent="17">
    <mem type="nursery" free="0" total="17825792" percent="0">
      <mem type="allocate" free="0" total="12910592" percent="0" />
      <mem type="survivor" free="0" total="4915200" percent="0" />
    </mem>
    <mem type="tenure" free="7728336" total="25755648" percent="30">
      <mem type="soa" free="6440144" total="24467456" percent="26" />
      <mem type="loa" free="1288192" total="1288192" percent="100" />
    </mem>
    <remembered-set count="1706" />
  </mem-info>
</gc-start>
<allocation-stats totalBytes="9365720" discardedBytes="17600" >
  <allocated-bytes non-tlh="236336" tlh="9129384" />
  <largest-consumer threadName="Default Executor-thread-1" threadId="0000000000839A00" bytes="9273064" />
</allocation-stats>
<gc-op id="1060" type="scavenge" timems="2.811" contextid="1057" timestamp="2025-12-10T21:29:59.502">
  <scavenger-info tenureage="12" tenuremask="7000" tiltratio="72" />
  <memory-copied type="nursery" objects="63997" bytes="3981808" bytesdiscarded="28288" />
  <finalization candidates="8" enqueued="8" />
  <ownableSynchronizers candidates="2579" cleared="2337" />
  <references type="soft" candidates="8" cleared="0" enqueued="0" dynamicThreshold="9" maxThreshold="32" />
  <references type="weak" candidates="24" cleared="16" enqueued="16" />
  <references type="phantom" candidates="302" cleared="4" enqueued="4" />
  <object-monitors candidates="20" cleared="0"  />
</gc-op>
<gc-end id="1061" type="scavenge" contextid="1057" durationms="4.844" usertimems="6.890" systemtimems="0.000" stalltimems="1.771" timestamp="2025-12-10T21:29:59.503" activeThreads="3">
  <mem-info id="1062" free="15836424" total="43581440" percent="36">
    <mem type="nursery" free="8108088" total="17825792" percent="45">
      <mem type="allocate" free="8108088" total="12124160" percent="66" />
      <mem type="survivor" free="0" total="5701632" percent="0" />
    </mem>
    <mem type="tenure" free="7728336" total="25755648" percent="30">
      <mem type="soa" free="6440144" total="24467456" percent="26" />
      <mem type="loa" free="1288192" total="1288192" percent="100" />
    </mem>
    <pending-finalizers system="8" default="0" reference="20" classloader="0" />
    <remembered-set count="1384" />
  </mem-info>
</gc-end>
<cycle-end id="1063" type="scavenge" contextid="1057" timestamp="2025-12-10T21:29:59.503" />
<allocation-satisfied id="1064" threadId="0000000000839A00" bytesRequested="8208" />
<af-end id="1065" timestamp="2025-12-10T21:29:59.504" threadId="000000000083A478" success="true" from="nursery"/>
<exclusive-end id="1066" timestamp="2025-12-10T21:29:59.505" durationms="9.424" />

<exclusive-start id="1067" timestamp="2025-12-10T21:29:59.527" intervalms="30.935">
  <response-info timems="0.031" idlems="0.031" threads="0" lastid="0000000000839A00" lastname="Default Executor-thread-1" />
</exclusive-start>
<af-start id="1068" threadId="000000000083A478" totalBytesRequested="520" timestamp="2025-12-10T21:29:59.528" intervalms="31.309" type="nursery" />
<cycle-start id="1069" type="scavenge" contextid="0" timestamp="2025-12-10T21:29:59.529" intervalms="31.600" />
<gc-start id="1070" type="scavenge" contextid="1069" timestamp="2025-12-10T21:29:59.529">
  <mem-info id="1071" free="7728336" total="43581440" percent="17">
    <mem type="nursery" free="0" total="17825792" percent="0">
      <mem type="allocate" free="0" total="12124160" percent="0" />
      <mem type="survivor" free="0" total="5701632" percent="0" />
    </mem>
    <mem type="tenure" free="7728336" total="25755648" percent="30">
      <mem type="soa" free="6440144" total="24467456" percent="26" />
      <mem type="loa" free="1288192" total="1288192" percent="100" />
    </mem>
    <remembered-set count="1978" />
  </mem-info>
</gc-start>
<allocation-stats totalBytes="8106800" discardedBytes="1288" >
  <allocated-bytes non-tlh="8208" tlh="8098592" />
  <largest-consumer threadName="Default Executor-thread-1" threadId="0000000000839A00" bytes="8106800" />
</allocation-stats>
<gc-op id="1072" type="scavenge" timems="2.665" contextid="1069" timestamp="2025-12-10T21:29:59.533">
  <scavenger-info tenureage="11" tenuremask="7800" tiltratio="68" />
  <memory-copied type="nursery" objects="74489" bytes="4458152" bytesdiscarded="35072" />
  <ownableSynchronizers candidates="242" cleared="0" />
  <references type="soft" candidates="8" cleared="0" enqueued="0" dynamicThreshold="9" maxThreshold="32" />
  <references type="weak" candidates="8" cleared="0" enqueued="0" />
  <references type="phantom" candidates="298" cleared="0" enqueued="0" />
  <object-monitors candidates="20" cleared="0"  />
</gc-op>
<heap-resize id="1073" type="expand" space="nursery" amount="1441792" count="1" timems="0.031" reason="excessive time being spent scavenging" timestamp="2025-12-10T21:29:59.534" />
<gc-end id="1074" type="scavenge" contextid="1069" durationms="5.648" usertimems="5.996" systemtimems="0.000" stalltimems="1.737" timestamp="2025-12-10T21:29:59.535" activeThreads="3">
  <mem-info id="1075" free="15878600" total="45023232" percent="35">
    <mem type="nursery" free="8150264" total="19267584" percent="42">
      <mem type="allocate" free="8150264" total="12648448" percent="64" />
      <mem type="survivor" free="0" total="6619136" percent="0" />
    </mem>
    <mem type="tenure" free="7728336" total="25755648" percent="30">
      <mem type="soa" free="6440144" total="24467456" percent="26" />
      <mem type="loa" free="1288192" total="1288192" percent="100" />
    </mem>
    <remembered-set count="1592" />
  </mem-info>
</gc-end>
<cycle-end id="1076" type="scavenge" contextid="1069" timestamp="2025-12-10T21:29:59.536" />
<allocation-satisfied id="1077" threadId="0000000000839A00" bytesRequested="520" />
<af-end id="1078" timestamp="2025-12-10T21:29:59.537" threadId="000000000083A478" success="true" from="nursery"/>
<exclusive-end id="1079" timestamp="2025-12-10T21:29:59.538" durationms="11.092" />

<exclusive-start id="1080" timestamp="2025-12-10T21:29:59.561" intervalms="34.162">
  <response-info timems="0.057" idlems="0.057" threads="0" lastid="0000000000839A00" lastname="Default Executor-thread-1" />
</exclusive-start>
<af-start id="1081" threadId="000000000083A478" totalBytesRequested="528" timestamp="2025-12-10T21:29:59.562" intervalms="34.148" type="nursery" />
<cycle-start id="1082" type="scavenge" contextid="0" timestamp="2025-12-10T21:29:59.563" intervalms="34.402" />
<gc-start id="1083" type="scavenge" contextid="1082" timestamp="2025-12-10T21:29:59.564">
  <mem-info id="1084" free="7728336" total="45023232" percent="17">
    <mem type="nursery" free="0" total="19267584" percent="0">
      <mem type="allocate" free="0" total="12648448" percent="0" />
      <mem type="survivor" free="0" total="6619136" percent="0" />
    </mem>
    <mem type="tenure" free="7728336" total="25755648" percent="30">
      <mem type="soa" free="6440144" total="24467456" percent="26" />
      <mem type="loa" free="1288192" total="1288192" percent="100" />
    </mem>
    <remembered-set count="1966" />
  </mem-info>
</gc-start>
<allocation-stats totalBytes="8149080" discardedBytes="1184" >
  <allocated-bytes non-tlh="520" tlh="8148560" />
  <largest-consumer threadName="Default Executor-thread-1" threadId="0000000000839A00" bytes="8149080" />
</allocation-stats>
<gc-op id="1085" type="scavenge" timems="4.007" contextid="1082" timestamp="2025-12-10T21:29:59.571">
  <scavenger-info tenureage="3" tenuremask="7c18" tiltratio="65" />
  <memory-copied type="nursery" objects="33055" bytes="1954240" bytesdiscarded="111560" />
  <memory-copied type="tenure" objects="39276" bytes="2278248" bytesdiscarded="7696" />
  <ownableSynchronizers candidates="242" cleared="0" />
  <references type="soft" candidates="8" cleared="0" enqueued="0" dynamicThreshold="9" maxThreshold="32" />
  <references type="weak" candidates="8" cleared="0" enqueued="0" />
  <references type="phantom" candidates="122" cleared="0" enqueued="0" />
  <object-monitors candidates="20" cleared="0"  />
</gc-op>
<heap-resize id="1086" type="expand" space="nursery" amount="1835008" count="1" timems="0.033" reason="excessive time being spent scavenging" timestamp="2025-12-10T21:29:59.572" />
<gc-end id="1087" type="scavenge" contextid="1082" durationms="8.084" usertimems="9.984" systemtimems="0.000" stalltimems="2.186" timestamp="2025-12-10T21:29:59.572" activeThreads="3">
  <mem-info id="1088" free="17839944" total="46858240" percent="38">
    <mem type="nursery" free="12481272" total="21102592" percent="59">
      <mem type="allocate" free="12481272" total="14548992" percent="85" />
      <mem type="survivor" free="0" total="6553600" percent="0" />
    </mem>
    <mem type="tenure" free="5358672" total="25755648" percent="20">
      <mem type="soa" free="4070480" total="24467456" percent="16" />
      <mem type="loa" free="1288192" total="1288192" percent="100" />
    </mem>
    <remembered-set count="1141" />
  </mem-info>
</gc-end>
<cycle-end id="1089" type="scavenge" contextid="1082" timestamp="2025-12-10T21:29:59.573" />
<allocation-satisfied id="1090" threadId="0000000000839A00" bytesRequested="528" />
<af-end id="1091" timestamp="2025-12-10T21:29:59.574" threadId="000000000083A478" success="true" from="nursery"/>
<exclusive-end id="1092" timestamp="2025-12-10T21:29:59.575" durationms="13.885" />

<exclusive-start id="1093" timestamp="2025-12-10T21:29:59.608" intervalms="47.298">
  <response-info timems="0.041" idlems="0.041" threads="0" lastid="0000000000839A00" lastname="Default Executor-thread-1" />
</exclusive-start>
<af-start id="1094" threadId="000000000083A478" totalBytesRequested="24" timestamp="2025-12-10T21:29:59.609" intervalms="47.028" type="nursery" />
<cycle-start id="1095" type="scavenge" contextid="0" timestamp="2025-12-10T21:29:59.610" intervalms="46.554" />
<gc-start id="1096" type="scavenge" contextid="1095" timestamp="2025-12-10T21:29:59.610">
  <mem-info id="1097" free="5358512" total="46858240" percent="11">
    <mem type="nursery" free="0" total="21102592" percent="0">
      <mem type="allocate" free="0" total="14548992" percent="0" />
      <mem type="survivor" free="0" total="6553600" percent="0" />
    </mem>
    <mem type="tenure" free="5358512" total="25755648" percent="20">
      <mem type="soa" free="4070320" total="24467456" percent="16" />
      <mem type="loa" free="1288192" total="1288192" percent="100" />
    </mem>
    <remembered-set count="2447" />
  </mem-info>
</gc-start>
<allocation-stats totalBytes="12478896" discardedBytes="2536" >
  <allocated-bytes non-tlh="688" tlh="12478208" />
  <largest-consumer threadName="Default Executor-thread-1" threadId="0000000000839A00" bytes="12478896" />
</allocation-stats>
<gc-op id="1098" type="scavenge" timems="1.724" contextid="1095" timestamp="2025-12-10T21:29:59.613">
  <scavenger-info tenureage="3" tenuremask="7c08" tiltratio="68" />
  <memory-copied type="nursery" objects="16220" bytes="468944" bytesdiscarded="32560" />
  <memory-copied type="tenure" objects="23655" bytes="1601600" bytesdiscarded="4456" />
  <ownableSynchronizers candidates="81" cleared="0" />
  <object-monitors candidates="20" cleared="0"  />
</gc-op>
<heap-resize id="1099" type="expand" space="nursery" amount="917504" count="1" timems="0.037" reason="excessive time being spent scavenging" timestamp="2025-12-10T21:29:59.614" />
<gc-end id="1100" type="scavenge" contextid="1095" durationms="4.481" usertimems="4.419" systemtimems="0.000" stalltimems="0.525" timestamp="2025-12-10T21:29:59.615" activeThreads="3">
  <mem-info id="1101" free="19738088" total="47775744" percent="41">
    <mem type="nursery" free="16013568" total="22020096" percent="72">
      <mem type="allocate" free="16013568" total="16515072" percent="96" />
      <mem type="survivor" free="0" total="5505024" percent="0" />
    </mem>
    <mem type="tenure" free="3724520" total="25755648" percent="14">
      <mem type="soa" free="2436328" total="24467456" percent="9" />
      <mem type="loa" free="1288192" total="1288192" percent="100" />
    </mem>
    <remembered-set count="950" />
  </mem-info>
</gc-end>
<cycle-end id="1102" type="scavenge" contextid="1095" timestamp="2025-12-10T21:29:59.616" />
<allocation-satisfied id="1103" threadId="0000000000839A00" bytesRequested="24" />
<af-end id="1104" timestamp="2025-12-10T21:29:59.617" threadId="000000000083A478" success="true" from="nursery"/>
<exclusive-end id="1105" timestamp="2025-12-10T21:29:59.617" durationms="9.037" />

<concurrent-kickoff id="1106" timestamp="2025-12-10T21:29:59.653">
  <kickoff reason="threshold reached" targetBytes="11006604" thresholdFreeBytes="1525772"  remainingFree="1272064" tenureFreeBytes="3723752" nurseryFreeBytes="1272064" />
</concurrent-kickoff>
<exclusive-start id="1107" timestamp="2025-12-10T21:29:59.654" intervalms="45.738">
  <response-info timems="0.037" idlems="0.037" threads="0" lastid="0000000000839A00" lastname="Default Executor-thread-1" />
</exclusive-start>
<cycle-start id="1108" type="global" contextid="0" timestamp="2025-12-10T21:29:59.654" intervalms="249.791" />
<concurrent-start id="1109" type="global mark" contextid="1108" timestamp="2025-12-10T21:29:59.655">
</concurrent-start>
<exclusive-end id="1110" timestamp="2025-12-10T21:29:59.656" durationms="2.012" />

<exclusive-start id="1111" timestamp="2025-12-10T21:29:59.659" intervalms="4.724">
  <response-info timems="0.033" idlems="0.033" threads="0" lastid="0000000000839A00" lastname="Default Executor-thread-1" />
</exclusive-start>
<af-start id="1112" threadId="000000000083A478" totalBytesRequested="24" timestamp="2025-12-10T21:29:59.659" intervalms="50.327" type="nursery" />
<cycle-start id="1113" type="scavenge" contextid="0" timestamp="2025-12-10T21:29:59.660" intervalms="50.086" />
<gc-start id="1114" type="scavenge" contextid="1113" timestamp="2025-12-10T21:29:59.660">
  <mem-info id="1115" free="3723752" total="47775744" percent="7">
    <mem type="nursery" free="0" total="22020096" percent="0">
      <mem type="allocate" free="0" total="16515072" percent="0" />
      <mem type="survivor" free="0" total="5505024" percent="0" />
    </mem>
    <mem type="tenure" free="3723752" total="25755648" percent="14">
      <mem type="soa" free="2435560" total="24467456" percent="9" />
      <mem type="loa" free="1288192" total="1288192" percent="100" />
    </mem>
    <remembered-set count="1743" />
  </mem-info>
</gc-start>
<allocation-stats totalBytes="16011728" discardedBytes="2608" >
  <allocated-bytes non-tlh="792" tlh="16010936" />
  <largest-consumer threadName="Default Executor-thread-1" threadId="0000000000839A00" bytes="15999440" />
</allocation-stats>
<gc-op id="1116" type="scavenge" timems="1.664" contextid="1113" timestamp="2025-12-10T21:29:59.663">
  <scavenger-info tenureage="11" tenuremask="7800" tiltratio="75" />
  <memory-copied type="nursery" objects="45813" bytes="2123384" bytesdiscarded="39920" />
  <ownableSynchronizers candidates="2" cleared="0" />
  <references type="weak" candidates="3" cleared="3" enqueued="3" />
  <object-monitors candidates="20" cleared="0"  />
</gc-op>
<gc-end id="1117" type="scavenge" contextid="1113" durationms="2.975" usertimems="3.219" systemtimems="0.944" stalltimems="0.894" timestamp="2025-12-10T21:29:59.663" activeThreads="3">
  <mem-info id="1118" free="18403200" total="47775744" percent="38">
    <mem type="nursery" free="14679448" total="22020096" percent="66">
      <mem type="allocate" free="14679448" total="16842752" percent="87" />
      <mem type="survivor" free="0" total="5177344" percent="0" />
    </mem>
    <mem type="tenure" free="3723752" total="25755648" percent="14">
      <mem type="soa" free="2435560" total="24467456" percent="9" />
      <mem type="loa" free="1288192" total="1288192" percent="100" />
    </mem>
    <pending-finalizers system="0" default="0" reference="3" classloader="0" />
    <remembered-set count="1208" />
  </mem-info>
</gc-end>
<cycle-end id="1119" type="scavenge" contextid="1113" timestamp="2025-12-10T21:29:59.664" />
<allocation-satisfied id="1120" threadId="0000000000839A00" bytesRequested="24" />
<af-end id="1121" timestamp="2025-12-10T21:29:59.667" threadId="000000000083A478" success="true" from="nursery"/>
<exclusive-end id="1122" timestamp="2025-12-10T21:29:59.668" durationms="9.417" />

<exclusive-start id="1123" timestamp="2025-12-10T21:29:59.700" intervalms="41.917">
  <response-info timems="0.037" idlems="0.037" threads="0" lastid="0000000000839A00" lastname="Default Executor-thread-1" />
</exclusive-start>
<af-start id="1124" threadId="000000000083A478" totalBytesRequested="728" timestamp="2025-12-10T21:29:59.701" intervalms="41.945" type="nursery" />
<percolate-collect id="1125" from="nursery" to="global" reason="concurrent mark exhausted" timestamp="2025-12-10T21:29:59.702"/>
<concurrent-end id="1126" type="global mark" contextid="1108" timestamp="2025-12-10T21:29:59.702">
<gc-op id="1127" type="trace" timems="45.351" contextid="1108" timestamp="2025-12-10T21:29:59.702">
  <trace bytesTraced="12360864" workStackOverflowCount="0" />
  <card-cleaning reason="card cleaning threshold reached" bytesTraced="110600" cardsCleaned="322" />
</gc-op>
</concurrent-end>

<gc-start id="1128" type="global" contextid="1108" timestamp="2025-12-10T21:29:59.703">
  <mem-info id="1129" free="3723752" total="47775744" percent="7">
    <mem type="nursery" free="0" total="22020096" percent="0">
      <mem type="allocate" free="0" total="16842752" percent="0" />
      <mem type="survivor" free="0" total="5177344" percent="0" />
    </mem>
    <mem type="tenure" free="3723752" total="25755648" percent="14">
      <mem type="soa" free="2435560" total="24467456" percent="9" />
      <mem type="loa" free="1288192" total="1288192" percent="100" />
    </mem>
    <remembered-set count="1367" />
  </mem-info>
</gc-start>
<allocation-stats totalBytes="14675960" discardedBytes="3488" >
  <allocated-bytes non-tlh="24" tlh="14675936" />
  <largest-consumer threadName="Default Executor-thread-1" threadId="0000000000839A00" bytes="14675960" />
</allocation-stats>
<concurrent-halted id="1130" timestamp="2025-12-10T21:29:59.704">
  <halted state="Complete" status="exhausted" />
  <traced bytesTarget="11006604" bytesTotal="12471464" bytesByMutator="6217052" bytesByHelper="6254412" percent="113" />
  <cards cleaned="322" thresholdBytes="601061" />
</concurrent-halted>
<gc-op id="1131" type="rs-scan" timems="2.075" contextid="1108" timestamp="2025-12-10T21:29:59.707">
  <scan objectsFound="28614" bytesTraced="884000" workStackOverflowCount="0" />
</gc-op>
<gc-op id="1132" type="card-cleaning" timems="0.914" contextid="1108" timestamp="2025-12-10T21:29:59.708">
  <card-cleaning cardsCleaned="5" bytesTraced="2324" workStackOverflowCount="0" />
</gc-op>
<gc-op id="1133" type="mark" timems="4.157" contextid="1108" timestamp="2025-12-10T21:29:59.713">
  <trace-info objectcount="530" scancount="526" scanbytes="14860" />
  <finalization candidates="733" enqueued="0" />
  <ownableSynchronizers candidates="1273" cleared="2" />
  <references type="soft" candidates="4498" cleared="0" enqueued="0" dynamicThreshold="9" maxThreshold="32" />
  <references type="weak" candidates="1316" cleared="0" enqueued="0" />
  <references type="phantom" candidates="349" cleared="0" enqueued="0" />
  <stringconstants candidates="12801" cleared="1"  />
  <object-monitors candidates="20" cleared="0"  />
</gc-op>
<gc-op id="1134" type="sweep" timems="1.352" contextid="1108" timestamp="2025-12-10T21:29:59.714" />
<heap-resize id="1135" type="expand" space="tenure" amount="5373952" count="1" timems="0.346" reason="insufficient free space following gc" timestamp="2025-12-10T21:29:59.715" />
<gc-end id="1136" type="global" contextid="1108" durationms="12.439" usertimems="15.503" systemtimems="8.880" stalltimems="84.732" timestamp="2025-12-10T21:29:59.716" activeThreads="20">
  <mem-info id="1137" free="24981432" total="53149696" percent="47">
    <mem type="nursery" free="15611896" total="22020096" percent="70">
      <mem type="allocate" free="15611896" total="16842752" percent="92" />
      <mem type="survivor" free="0" total="5177344" percent="0" />
    </mem>
    <mem type="tenure" free="9369536" total="31129600" percent="30" micro-fragmented="343504" macro-fragmented="0">
      <mem type="soa" free="7813056" total="29573120" percent="26" />
      <mem type="loa" free="1556480" total="1556480" percent="100" />
    </mem>
    <remembered-set count="1355" />
  </mem-info>
</gc-end>
<cycle-end id="1138" type="global" contextid="1108" timestamp="2025-12-10T21:29:59.716" />
<allocation-satisfied id="1139" threadId="0000000000839A00" bytesRequested="728" />
<af-end id="1140" timestamp="2025-12-10T21:29:59.717" threadId="000000000083A478" success="true" from="nursery"/>
<exclusive-end id="1141" timestamp="2025-12-10T21:29:59.717" durationms="16.521" />

<exclusive-start id="1142" timestamp="2025-12-10T21:29:59.739" intervalms="38.456">
  <response-info timems="0.037" idlems="0.037" threads="0" lastid="0000000000839A00" lastname="Default Executor-thread-1" />
</exclusive-start>
<af-start id="1143" threadId="000000000083A478" totalBytesRequested="6648" timestamp="2025-12-10T21:29:59.740" intervalms="38.513" type="nursery" />
<cycle-start id="1144" type="scavenge" contextid="0" timestamp="2025-12-10T21:29:59.740" intervalms="80.558" />
<gc-start id="1145" type="scavenge" contextid="1144" timestamp="2025-12-10T21:29:59.741">
  <mem-info id="1146" free="9369536" total="53149696" percent="17">
    <mem type="nursery" free="0" total="22020096" percent="0">
      <mem type="allocate" free="0" total="16842752" percent="0" />
      <mem type="survivor" free="0" total="5177344" percent="0" />
    </mem>
    <mem type="tenure" free="9369536" total="31129600" percent="30">
      <mem type="soa" free="7813056" total="29573120" percent="26" />
      <mem type="loa" free="1556480" total="1556480" percent="100" />
    </mem>
    <remembered-set count="1726" />
  </mem-info>
</gc-start>
<allocation-stats totalBytes="15542976" discardedBytes="66352" >
  <allocated-bytes non-tlh="200968" tlh="15342008" />
  <largest-consumer threadName="Default Executor-thread-1" threadId="0000000000839A00" bytes="15542976" />
</allocation-stats>
<gc-op id="1147" type="scavenge" timems="1.440" contextid="1144" timestamp="2025-12-10T21:29:59.744">
  <scavenger-info tenureage="11" tenuremask="7800" tiltratio="76" />
  <memory-copied type="nursery" objects="33525" bytes="975912" bytesdiscarded="32472" />
  <ownableSynchronizers candidates="2540" cleared="2538" />
  <object-monitors candidates="20" cleared="0"  />
</gc-op>
<gc-end id="1148" type="scavenge" contextid="1144" durationms="2.884" usertimems="2.697" systemtimems="0.773" stalltimems="0.820" timestamp="2025-12-10T21:29:59.744" activeThreads="3">
  <mem-info id="1149" free="25728192" total="53149696" percent="48">
    <mem type="nursery" free="16358656" total="22020096" percent="74">
      <mem type="allocate" free="16358656" total="17367040" percent="94" />
      <mem type="survivor" free="0" total="4653056" percent="0" />
    </mem>
    <mem type="tenure" free="9369536" total="31129600" percent="30">
      <mem type="soa" free="7813056" total="29573120" percent="26" />
      <mem type="loa" free="1556480" total="1556480" percent="100" />
    </mem>
    <remembered-set count="1485" />
  </mem-info>
</gc-end>
<cycle-end id="1150" type="scavenge" contextid="1144" timestamp="2025-12-10T21:29:59.745" />
<allocation-satisfied id="1151" threadId="0000000000839A00" bytesRequested="6648" />
<af-end id="1152" timestamp="2025-12-10T21:29:59.745" threadId="000000000083A478" success="true" from="nursery"/>
<exclusive-end id="1153" timestamp="2025-12-10T21:29:59.746" durationms="6.736" />

<exclusive-start id="1154" timestamp="2025-12-10T21:29:59.767" intervalms="28.014">
  <response-info timems="0.043" idlems="0.043" threads="0" lastid="0000000000839A00" lastname="Default Executor-thread-1" />
</exclusive-start>
<af-start id="1155" threadId="000000000083A478" totalBytesRequested="72" timestamp="2025-12-10T21:29:59.768" intervalms="27.907" type="nursery" />
<cycle-start id="1156" type="scavenge" contextid="0" timestamp="2025-12-10T21:29:59.768" intervalms="27.770" />
<gc-start id="1157" type="scavenge" contextid="1156" timestamp="2025-12-10T21:29:59.769">
  <mem-info id="1158" free="9369424" total="53149696" percent="17">
    <mem type="nursery" free="0" total="22020096" percent="0">
      <mem type="allocate" free="0" total="17367040" percent="0" />
      <mem type="survivor" free="0" total="4653056" percent="0" />
    </mem>
    <mem type="tenure" free="9369424" total="31129600" percent="30">
      <mem type="soa" free="7812944" total="29573120" percent="26" />
      <mem type="loa" free="1556480" total="1556480" percent="100" />
    </mem>
    <remembered-set count="1912" />
  </mem-info>
</gc-start>
<allocation-stats totalBytes="16356984" discardedBytes="1784" >
  <allocated-bytes non-tlh="6760" tlh="16350224" />
  <largest-consumer threadName="Default Executor-thread-1" threadId="0000000000839A00" bytes="16356984" />
</allocation-stats>
<gc-op id="1159" type="scavenge" timems="2.359" contextid="1156" timestamp="2025-12-10T21:29:59.772">
  <scavenger-info tenureage="12" tenuremask="7000" tiltratio="78" />
  <memory-copied type="nursery" objects="47044" bytes="1886400" bytesdiscarded="24584" />
  <finalization candidates="1" enqueued="1" />
  <ownableSynchronizers candidates="2" cleared="0" />
  <object-monitors candidates="20" cleared="0"  />
</gc-op>
<heap-resize id="1160" type="expand" space="nursery" amount="1572864" count="1" timems="0.036" reason="excessive time being spent scavenging" timestamp="2025-12-10T21:29:59.772" />
<gc-end id="1161" type="scavenge" contextid="1156" durationms="4.230" usertimems="5.222" systemtimems="0.292" stalltimems="1.597" timestamp="2025-12-10T21:29:59.773" activeThreads="3">
  <mem-info id="1162" free="26267272" total="54722560" percent="48">
    <mem type="nursery" free="16897848" total="23592960" percent="71">
      <mem type="allocate" free="16897848" total="18808832" percent="89" />
      <mem type="survivor" free="0" total="4784128" percent="0" />
    </mem>
    <mem type="tenure" free="9369424" total="31129600" percent="30">
      <mem type="soa" free="7812944" total="29573120" percent="26" />
      <mem type="loa" free="1556480" total="1556480" percent="100" />
    </mem>
    <pending-finalizers system="1" default="0" reference="0" classloader="0" />
    <remembered-set count="1615" />
  </mem-info>
</gc-end>
<cycle-end id="1163" type="scavenge" contextid="1156" timestamp="2025-12-10T21:29:59.773" />
<allocation-satisfied id="1164" threadId="0000000000839A00" bytesRequested="72" />
<af-end id="1165" timestamp="2025-12-10T21:29:59.774" threadId="000000000083A478" success="true" from="nursery"/>
<exclusive-end id="1166" timestamp="2025-12-10T21:29:59.775" durationms="7.833" />

<exclusive-start id="1167" timestamp="2025-12-10T21:29:59.805" intervalms="37.695">
  <response-info timems="0.039" idlems="0.039" threads="0" lastid="0000000000839A00" lastname="Default Executor-thread-1" />
</exclusive-start>
<af-start id="1168" threadId="000000000083A478" totalBytesRequested="24" timestamp="2025-12-10T21:29:59.806" intervalms="37.992" type="nursery" />
<cycle-start id="1169" type="scavenge" contextid="0" timestamp="2025-12-10T21:29:59.806" intervalms="38.294" />
<gc-start id="1170" type="scavenge" contextid="1169" timestamp="2025-12-10T21:29:59.807">
  <mem-info id="1171" free="9369424" total="54722560" percent="17">
    <mem type="nursery" free="0" total="23592960" percent="0">
      <mem type="allocate" free="0" total="18808832" percent="0" />
      <mem type="survivor" free="0" total="4784128" percent="0" />
    </mem>
    <mem type="tenure" free="9369424" total="31129600" percent="30">
      <mem type="soa" free="7812944" total="29573120" percent="26" />
      <mem type="loa" free="1556480" total="1556480" percent="100" />
    </mem>
    <remembered-set count="2496" />
  </mem-info>
</gc-start>
<allocation-stats totalBytes="16894664" discardedBytes="3184" >
  <allocated-bytes non-tlh="72" tlh="16894592" />
  <largest-consumer threadName="Default Executor-thread-1" threadId="0000000000839A00" bytes="16894664" />
</allocation-stats>
<gc-op id="1172" type="scavenge" timems="3.253" contextid="1169" timestamp="2025-12-10T21:29:59.812">
  <scavenger-info tenureage="12" tenuremask="7000" tiltratio="79" />
  <memory-copied type="nursery" objects="90796" bytes="3989744" bytesdiscarded="35400" />
  <ownableSynchronizers candidates="2" cleared="0" />
  <object-monitors candidates="20" cleared="0"  />
</gc-op>
<heap-resize id="1173" type="expand" space="nursery" amount="1441792" count="1" timems="0.028" reason="excessive time being spent scavenging" timestamp="2025-12-10T21:29:59.812" />
<gc-end id="1174" type="scavenge" contextid="1169" durationms="5.802" usertimems="8.950" systemtimems="0.000" stalltimems="0.849" timestamp="2025-12-10T21:29:59.813" activeThreads="3">
  <mem-info id="1175" free="22973464" total="56164352" percent="40">
    <mem type="nursery" free="13604040" total="25034752" percent="54">
      <mem type="allocate" free="13604040" total="17629184" percent="77" />
      <mem type="survivor" free="0" total="7405568" percent="0" />
    </mem>
    <mem type="tenure" free="9369424" total="31129600" percent="30">
      <mem type="soa" free="7812944" total="29573120" percent="26" />
      <mem type="loa" free="1556480" total="1556480" percent="100" />
    </mem>
    <remembered-set count="1925" />
  </mem-info>
</gc-end>
<cycle-end id="1176" type="scavenge" contextid="1169" timestamp="2025-12-10T21:29:59.814" />
<allocation-satisfied id="1177" threadId="0000000000839A00" bytesRequested="24" />
<af-end id="1178" timestamp="2025-12-10T21:29:59.815" threadId="000000000083A478" success="true" from="nursery"/>
<exclusive-end id="1179" timestamp="2025-12-10T21:29:59.815" durationms="10.731" />

<exclusive-start id="1180" timestamp="2025-12-10T21:29:59.832" intervalms="27.763">
  <response-info timems="0.048" idlems="0.048" threads="0" lastid="0000000000839A00" lastname="Default Executor-thread-1" />
</exclusive-start>
<af-start id="1181" threadId="000000000083A478" totalBytesRequested="1040" timestamp="2025-12-10T21:29:59.833" intervalms="27.511" type="nursery" />
<cycle-start id="1182" type="scavenge" contextid="0" timestamp="2025-12-10T21:29:59.834" intervalms="27.383" />
<gc-start id="1183" type="scavenge" contextid="1182" timestamp="2025-12-10T21:29:59.834">
  <mem-info id="1184" free="9369424" total="56164352" percent="16">
    <mem type="nursery" free="0" total="25034752" percent="0">
      <mem type="allocate" free="0" total="17629184" percent="0" />
      <mem type="survivor" free="0" total="7405568" percent="0" />
    </mem>
    <mem type="tenure" free="9369424" total="31129600" percent="30">
      <mem type="soa" free="7812944" total="29573120" percent="26" />
      <mem type="loa" free="1556480" total="1556480" percent="100" />
    </mem>
    <remembered-set count="2125" />
  </mem-info>
</gc-start>
<allocation-stats totalBytes="13600224" discardedBytes="3816" >
  <allocated-bytes non-tlh="24" tlh="13600200" />
  <largest-consumer threadName="Default Executor-thread-1" threadId="0000000000839A00" bytes="13600224" />
</allocation-stats>
<gc-op id="1185" type="scavenge" timems="1.819" contextid="1182" timestamp="2025-12-10T21:29:59.837">
  <scavenger-info tenureage="12" tenuremask="7000" tiltratio="70" />
  <memory-copied type="nursery" objects="49747" bytes="1555112" bytesdiscarded="34272" />
  <ownableSynchronizers candidates="2" cleared="0" />
  <object-monitors candidates="20" cleared="0"  />
</gc-op>
<heap-resize id="1186" type="expand" space="nursery" amount="1703936" count="1" timems="0.033" reason="excessive time being spent scavenging" timestamp="2025-12-10T21:29:59.838" />
<gc-end id="1187" type="scavenge" contextid="1182" durationms="4.351" usertimems="4.778" systemtimems="0.000" stalltimems="0.972" timestamp="2025-12-10T21:29:59.839" activeThreads="3">
  <mem-info id="1188" free="27506376" total="57868288" percent="47">
    <mem type="nursery" free="18136952" total="26738688" percent="67">
      <mem type="allocate" free="18136952" total="19726336" percent="91" />
      <mem type="survivor" free="0" total="7012352" percent="0" />
    </mem>
    <mem type="tenure" free="9369424" total="31129600" percent="30">
      <mem type="soa" free="7812944" total="29573120" percent="26" />
      <mem type="loa" free="1556480" total="1556480" percent="100" />
    </mem>
    <remembered-set count="2051" />
  </mem-info>
</gc-end>
<cycle-end id="1189" type="scavenge" contextid="1182" timestamp="2025-12-10T21:29:59.839" />
<allocation-satisfied id="1190" threadId="0000000000839A00" bytesRequested="1040" />
<af-end id="1191" timestamp="2025-12-10T21:29:59.841" threadId="000000000083A478" success="true" from="nursery"/>
<exclusive-end id="1192" timestamp="2025-12-10T21:29:59.841" durationms="8.609" />

<exclusive-start id="1193" timestamp="2025-12-10T21:29:59.865" intervalms="32.153">
  <response-info timems="0.057" idlems="0.057" threads="0" lastid="0000000000839A00" lastname="Default Executor-thread-1" />
</exclusive-start>
<af-start id="1194" threadId="000000000083A478" totalBytesRequested="8208" timestamp="2025-12-10T21:29:59.865" intervalms="32.339" type="nursery" />
<cycle-start id="1195" type="scavenge" contextid="0" timestamp="2025-12-10T21:29:59.866" intervalms="32.437" />
<gc-start id="1196" type="scavenge" contextid="1195" timestamp="2025-12-10T21:29:59.867">
  <mem-info id="1197" free="9369424" total="57868288" percent="16">
    <mem type="nursery" free="0" total="26738688" percent="0">
      <mem type="allocate" free="0" total="19726336" percent="0" />
      <mem type="survivor" free="0" total="7012352" percent="0" />
    </mem>
    <mem type="tenure" free="9369424" total="31129600" percent="30">
      <mem type="soa" free="7812944" total="29573120" percent="26" />
      <mem type="loa" free="1556480" total="1556480" percent="100" />
    </mem>
    <remembered-set count="2240" />
  </mem-info>
</gc-start>
<allocation-stats totalBytes="18123368" discardedBytes="13584" >
  <allocated-bytes non-tlh="1040" tlh="18122328" />
  <largest-consumer threadName="Default Executor-thread-1" threadId="0000000000839A00" bytes="18123368" />
</allocation-stats>
<gc-op id="1198" type="scavenge" timems="4.558" contextid="1195" timestamp="2025-12-10T21:29:59.873">
  <scavenger-info tenureage="13" tenuremask="6000" tiltratio="73" />
  <memory-copied type="nursery" objects="58005" bytes="2059280" bytesdiscarded="28296" />
  <ownableSynchronizers candidates="2" cleared="0" />
  <object-monitors candidates="20" cleared="0"  />
</gc-op>
<heap-resize id="1199" type="expand" space="nursery" amount="2490368" count="1" timems="0.057" reason="excessive time being spent scavenging" timestamp="2025-12-10T21:29:59.874" />
<gc-end id="1200" type="scavenge" contextid="1195" durationms="7.998" usertimems="11.883" systemtimems="0.521" stalltimems="1.741" timestamp="2025-12-10T21:29:59.875" activeThreads="3">
  <mem-info id="1201" free="30022840" total="60358656" percent="49">
    <mem type="nursery" free="20653416" total="29229056" percent="70">
      <mem type="allocate" free="20653416" total="22740992" percent="90" />
      <mem type="survivor" free="0" total="6488064" percent="0" />
    </mem>
    <mem type="tenure" free="9369424" total="31129600" percent="30">
      <mem type="soa" free="7812944" total="29573120" percent="26" />
      <mem type="loa" free="1556480" total="1556480" percent="100" />
    </mem>
    <remembered-set count="2110" />
  </mem-info>
</gc-end>
<cycle-end id="1202" type="scavenge" contextid="1195" timestamp="2025-12-10T21:29:59.876" />
<allocation-satisfied id="1203" threadId="0000000000839A00" bytesRequested="8208" />
<af-end id="1204" timestamp="2025-12-10T21:29:59.877" threadId="000000000083A478" success="true" from="nursery"/>
<exclusive-end id="1205" timestamp="2025-12-10T21:29:59.878" durationms="13.220" />

<exclusive-start id="1206" timestamp="2025-12-10T21:29:59.931" intervalms="66.009">
  <response-info timems="0.034" idlems="0.034" threads="0" lastid="0000000000839A00" lastname="Default Executor-thread-1" />
</exclusive-start>
<af-start id="1207" threadId="000000000083A478" totalBytesRequested="24" timestamp="2025-12-10T21:29:59.931" intervalms="65.902" type="nursery" />
<cycle-start id="1208" type="scavenge" contextid="0" timestamp="2025-12-10T21:29:59.932" intervalms="65.884" />
<gc-start id="1209" type="scavenge" contextid="1208" timestamp="2025-12-10T21:29:59.933">
  <mem-info id="1210" free="9369424" total="60358656" percent="15">
    <mem type="nursery" free="0" total="29229056" percent="0">
      <mem type="allocate" free="0" total="22740992" percent="0" />
      <mem type="survivor" free="0" total="6488064" percent="0" />
    </mem>
    <mem type="tenure" free="9369424" total="31129600" percent="30">
      <mem type="soa" free="7812944" total="29573120" percent="26" />
      <mem type="loa" free="1556480" total="1556480" percent="100" />
    </mem>
    <remembered-set count="2487" />
  </mem-info>
</gc-start>
<allocation-stats totalBytes="20648160" discardedBytes="5256" >
  <allocated-bytes non-tlh="8208" tlh="20639952" />
  <largest-consumer threadName="Default Executor-thread-1" threadId="0000000000839A00" bytes="20648160" />
</allocation-stats>
<gc-op id="1211" type="scavenge" timems="2.109" contextid="1208" timestamp="2025-12-10T21:29:59.936">
  <scavenger-info tenureage="9" tenuremask="4200" tiltratio="77" />
  <memory-copied type="nursery" objects="56929" bytes="1758832" bytesdiscarded="71184" />
  <memory-copied type="tenure" objects="3476" bytes="94864" bytesdiscarded="72" />
  <ownableSynchronizers candidates="2" cleared="0" />
  <object-monitors candidates="20" cleared="0"  />
</gc-op>
<gc-end id="1212" type="scavenge" contextid="1208" durationms="3.949" usertimems="5.228" systemtimems="0.075" stalltimems="0.865" timestamp="2025-12-10T21:29:59.937" activeThreads="3">
  <mem-info id="1213" free="31336960" total="60358656" percent="51">
    <mem type="nursery" free="22156160" total="29229056" percent="75">
      <mem type="allocate" free="22156160" total="23986176" percent="92" />
      <mem type="survivor" free="0" total="5242880" percent="0" />
    </mem>
    <mem type="tenure" free="9180800" total="31129600" percent="29">
      <mem type="soa" free="7624320" total="29573120" percent="25" />
      <mem type="loa" free="1556480" total="1556480" percent="100" />
    </mem>
    <remembered-set count="2068" />
  </mem-info>
</gc-end>
<cycle-end id="1214" type="scavenge" contextid="1208" timestamp="2025-12-10T21:29:59.937" />
<allocation-satisfied id="1215" threadId="0000000000839A00" bytesRequested="24" />
<af-end id="1216" timestamp="2025-12-10T21:29:59.938" threadId="000000000083A478" success="true" from="nursery"/>
<exclusive-end id="1217" timestamp="2025-12-10T21:29:59.939" durationms="8.273" />

<exclusive-start id="1218" timestamp="2025-12-10T21:29:59.967" intervalms="36.587">
  <response-info timems="0.041" idlems="0.041" threads="0" lastid="0000000000839A00" lastname="Default Executor-thread-1" />
</exclusive-start>
<af-start id="1219" threadId="000000000083A478" totalBytesRequested="16" timestamp="2025-12-10T21:29:59.968" intervalms="36.956" type="nursery" />
<cycle-start id="1220" type="scavenge" contextid="0" timestamp="2025-12-10T21:29:59.969" intervalms="37.258" />
<gc-start id="1221" type="scavenge" contextid="1220" timestamp="2025-12-10T21:29:59.970">
  <mem-info id="1222" free="9180544" total="60358656" percent="15">
    <mem type="nursery" free="0" total="29229056" percent="0">
      <mem type="allocate" free="0" total="23986176" percent="0" />
      <mem type="survivor" free="0" total="5242880" percent="0" />
    </mem>
    <mem type="tenure" free="9180544" total="31129600" percent="29">
      <mem type="soa" free="7624064" total="29573120" percent="25" />
      <mem type="loa" free="1556480" total="1556480" percent="100" />
    </mem>
    <remembered-set count="2147" />
  </mem-info>
</gc-start>
<allocation-stats totalBytes="22151672" discardedBytes="4744" >
  <allocated-bytes non-tlh="280" tlh="22151392" />
  <largest-consumer threadName="Default Executor-thread-1" threadId="0000000000839A00" bytes="22151672" />
</allocation-stats>
<gc-op id="1223" type="scavenge" timems="2.936" contextid="1220" timestamp="2025-12-10T21:29:59.975">
  <scavenger-info tenureage="14" tenuremask="4000" tiltratio="82" />
  <memory-copied type="nursery" objects="57290" bytes="1820248" bytesdiscarded="27632" />
  <ownableSynchronizers candidates="2" cleared="0" />
  <references type="weak" candidates="1" cleared="1" enqueued="1" />
  <object-monitors candidates="20" cleared="0"  />
</gc-op>
<heap-resize id="1224" type="expand" space="nursery" amount="2228224" count="1" timems="0.285" reason="excessive time being spent scavenging" timestamp="2025-12-10T21:29:59.976" />
<gc-end id="1225" type="scavenge" contextid="1220" durationms="6.612" usertimems="7.529" systemtimems="0.000" stalltimems="1.728" timestamp="2025-12-10T21:29:59.977" activeThreads="3">
  <mem-info id="1226" free="33743672" total="62586880" percent="53">
    <mem type="nursery" free="24563128" total="31457280" percent="78">
      <mem type="allocate" free="24563128" total="26411008" percent="93" />
      <mem type="survivor" free="0" total="5046272" percent="0" />
    </mem>
    <mem type="tenure" free="9180544" total="31129600" percent="29">
      <mem type="soa" free="7624064" total="29573120" percent="25" />
      <mem type="loa" free="1556480" total="1556480" percent="100" />
    </mem>
    <pending-finalizers system="0" default="0" reference="1" classloader="0" />
    <remembered-set count="2085" />
  </mem-info>
</gc-end>
<cycle-end id="1227" type="scavenge" contextid="1220" timestamp="2025-12-10T21:29:59.978" />
<allocation-satisfied id="1228" threadId="0000000000839A00" bytesRequested="16" />
<af-end id="1229" timestamp="2025-12-10T21:29:59.979" threadId="000000000083A478" success="true" from="nursery"/>
<exclusive-end id="1230" timestamp="2025-12-10T21:29:59.980" durationms="12.447" />

<exclusive-start id="1231" timestamp="2025-12-10T21:30:00.003" intervalms="35.645">
  <response-info timems="0.037" idlems="0.037" threads="0" lastid="0000000000839A00" lastname="Default Executor-thread-1" />
</exclusive-start>
<af-start id="1232" threadId="000000000083A478" totalBytesRequested="1040" timestamp="2025-12-10T21:30:00.004" intervalms="35.505" type="nursery" />
<cycle-start id="1233" type="scavenge" contextid="0" timestamp="2025-12-10T21:30:00.004" intervalms="35.102" />
<gc-start id="1234" type="scavenge" contextid="1233" timestamp="2025-12-10T21:30:00.005">
  <mem-info id="1235" free="9180544" total="62586880" percent="14">
    <mem type="nursery" free="0" total="31457280" percent="0">
      <mem type="allocate" free="0" total="26411008" percent="0" />
      <mem type="survivor" free="0" total="5046272" percent="0" />
    </mem>
    <mem type="tenure" free="9180544" total="31129600" percent="29">
      <mem type="soa" free="7624064" total="29573120" percent="25" />
      <mem type="loa" free="1556480" total="1556480" percent="100" />
    </mem>
    <remembered-set count="2274" />
  </mem-info>
</gc-start>
<allocation-stats totalBytes="24555256" discardedBytes="7872" >
  <allocated-bytes non-tlh="16" tlh="24555240" />
  <largest-consumer threadName="Default Executor-thread-1" threadId="0000000000839A00" bytes="24555256" />
</allocation-stats>
<gc-op id="1236" type="scavenge" timems="2.068" contextid="1233" timestamp="2025-12-10T21:30:00.009">
  <scavenger-info tenureage="8" tenuremask="4100" tiltratio="83" />
  <memory-copied type="nursery" objects="51603" bytes="2020744" bytesdiscarded="33376" />
  <memory-copied type="tenure" objects="6331" bytes="178920" bytesdiscarded="152" />
  <ownableSynchronizers candidates="2" cleared="0" />
  <object-monitors candidates="20" cleared="0"  />
</gc-op>
<heap-resize id="1237" type="expand" space="nursery" amount="1835008" count="1" timems="0.036" reason="excessive time being spent scavenging" timestamp="2025-12-10T21:30:00.009" />
<gc-end id="1238" type="scavenge" contextid="1233" durationms="4.725" usertimems="5.599" systemtimems="0.000" stalltimems="0.687" timestamp="2025-12-10T21:30:00.010" activeThreads="3">
  <mem-info id="1239" free="35684096" total="64421888" percent="55">
    <mem type="nursery" free="26716184" total="33292288" percent="80">
      <mem type="allocate" free="26716184" total="28770304" percent="92" />
      <mem type="survivor" free="0" total="4521984" percent="0" />
    </mem>
    <mem type="tenure" free="8967912" total="31129600" percent="28">
      <mem type="soa" free="7411432" total="29573120" percent="25" />
      <mem type="loa" free="1556480" total="1556480" percent="100" />
    </mem>
    <remembered-set count="1964" />
  </mem-info>
</gc-end>
<cycle-end id="1240" type="scavenge" contextid="1233" timestamp="2025-12-10T21:30:00.011" />
<allocation-satisfied id="1241" threadId="0000000000839A00" bytesRequested="1040" />
<af-end id="1242" timestamp="2025-12-10T21:30:00.013" threadId="000000000083A478" success="true" from="nursery"/>
<exclusive-end id="1243" timestamp="2025-12-10T21:30:00.013" durationms="10.670" />

<exclusive-start id="1244" timestamp="2025-12-10T21:30:00.108" intervalms="105.347">
  <response-info timems="0.036" idlems="0.036" threads="0" lastid="0000000000839A00" lastname="Default Executor-thread-1" />
</exclusive-start>
<af-start id="1245" threadId="000000000083A478" totalBytesRequested="136" timestamp="2025-12-10T21:30:00.109" intervalms="105.170" type="nursery" />
<cycle-start id="1246" type="scavenge" contextid="0" timestamp="2025-12-10T21:30:00.110" intervalms="105.094" />
<gc-start id="1247" type="scavenge" contextid="1246" timestamp="2025-12-10T21:30:00.110">
  <mem-info id="1248" free="8965584" total="64421888" percent="13">
    <mem type="nursery" free="0" total="33292288" percent="0">
      <mem type="allocate" free="0" total="28770304" percent="0" />
      <mem type="survivor" free="0" total="4521984" percent="0" />
    </mem>
    <mem type="tenure" free="8965584" total="31129600" percent="28">
      <mem type="soa" free="7409104" total="29573120" percent="25" />
      <mem type="loa" free="1556480" total="1556480" percent="100" />
    </mem>
    <remembered-set count="3597" />
  </mem-info>
</gc-start>
<allocation-stats totalBytes="26715752" discardedBytes="2760" >
  <allocated-bytes non-tlh="3368" tlh="26712384" />
  <largest-consumer threadName="Default Executor-thread-1" threadId="0000000000839A00" bytes="26146576" />
</allocation-stats>
<gc-op id="1249" type="scavenge" timems="4.296" contextid="1246" timestamp="2025-12-10T21:30:00.116">
  <scavenger-info tenureage="14" tenuremask="4000" tiltratio="86" />
  <memory-copied type="nursery" objects="80904" bytes="4518168" bytesdiscarded="1608" />
  <memory-copied type="tenure" objects="16779" bytes="468288" bytesdiscarded="152" />
  <copy-failed type="nursery" objects="16779" bytes="468288" />
  <references type="soft" candidates="1" cleared="0" enqueued="0" dynamicThreshold="9" maxThreshold="32" />
  <references type="weak" candidates="8" cleared="5" enqueued="5" />
  <references type="phantom" candidates="214" cleared="0" enqueued="0" />
  <object-monitors candidates="20" cleared="0"  />
</gc-op>
<gc-end id="1250" type="scavenge" contextid="1246" durationms="6.455" usertimems="6.902" systemtimems="3.809" stalltimems="2.272" timestamp="2025-12-10T21:30:00.117" activeThreads="3">
  <mem-info id="1251" free="27351504" total="64421888" percent="42">
    <mem type="nursery" free="18874368" total="33292288" percent="56">
      <mem type="allocate" free="18874368" total="23396352" percent="80" />
      <mem type="survivor" free="0" total="9895936" percent="0" />
    </mem>
    <mem type="tenure" free="8477136" total="31129600" percent="27">
      <mem type="soa" free="6920656" total="29573120" percent="23" />
      <mem type="loa" free="1556480" total="1556480" percent="100" />
    </mem>
    <pending-finalizers system="0" default="0" reference="5" classloader="0" />
    <remembered-set count="2377" />
  </mem-info>
</gc-end>
<cycle-end id="1252" type="scavenge" contextid="1246" timestamp="2025-12-10T21:30:00.118" />
<allocation-satisfied id="1253" threadId="0000000000839A00" bytesRequested="136" />
<af-end id="1254" timestamp="2025-12-10T21:30:00.119" threadId="000000000083A478" success="true" from="nursery"/>
<exclusive-end id="1255" timestamp="2025-12-10T21:30:00.120" durationms="11.459" />

<exclusive-start id="1256" timestamp="2025-12-10T21:30:00.220" intervalms="112.356">
  <response-info timems="0.040" idlems="0.040" threads="0" lastid="0000000000839A00" lastname="Default Executor-thread-1" />
</exclusive-start>
<af-start id="1257" threadId="000000000083A478" totalBytesRequested="32" timestamp="2025-12-10T21:30:00.221" intervalms="112.246" type="nursery" />
<cycle-start id="1258" type="scavenge" contextid="0" timestamp="2025-12-10T21:30:00.222" intervalms="112.413" />
<gc-start id="1259" type="scavenge" contextid="1258" timestamp="2025-12-10T21:30:00.223">
  <mem-info id="1260" free="8476616" total="64421888" percent="13">
    <mem type="nursery" free="0" total="33292288" percent="0">
      <mem type="allocate" free="0" total="23396352" percent="0" />
      <mem type="survivor" free="0" total="9895936" percent="0" />
    </mem>
    <mem type="tenure" free="8476616" total="31129600" percent="27">
      <mem type="soa" free="6920136" total="29573120" percent="23" />
      <mem type="loa" free="1556480" total="1556480" percent="100" />
    </mem>
    <remembered-set count="2936" />
  </mem-info>
</gc-start>
<allocation-stats totalBytes="18873080" discardedBytes="1808" >
  <allocated-bytes non-tlh="656" tlh="18872424" />
  <largest-consumer threadName="Default Executor-thread-1" threadId="0000000000839A00" bytes="18840312" />
</allocation-stats>
<gc-op id="1261" type="scavenge" timems="6.495" contextid="1258" timestamp="2025-12-10T21:30:00.230">
  <scavenger-info tenureage="12" tenuremask="5000" tiltratio="70" />
  <memory-copied type="nursery" objects="106818" bytes="5517808" bytesdiscarded="62696" />
  <memory-copied type="tenure" objects="1646" bytes="46056" bytesdiscarded="24" />
  <ownableSynchronizers candidates="2" cleared="0" />
  <references type="soft" candidates="1" cleared="0" enqueued="0" dynamicThreshold="9" maxThreshold="32" />
  <references type="weak" candidates="3" cleared="0" enqueued="0" />
  <references type="phantom" candidates="216" cleared="0" enqueued="0" />
  <object-monitors candidates="20" cleared="0"  />
</gc-op>
<heap-resize id="1262" type="expand" space="nursery" amount="1441792" count="1" timems="0.053" reason="excessive time being spent scavenging" timestamp="2025-12-10T21:30:00.231" />
<gc-end id="1263" type="scavenge" contextid="1258" durationms="9.447" usertimems="15.843" systemtimems="0.000" stalltimems="3.544" timestamp="2025-12-10T21:30:00.232" activeThreads="3">
  <mem-info id="1264" free="29118136" total="65863680" percent="44">
    <mem type="nursery" free="20761328" total="34734080" percent="59">
      <mem type="allocate" free="20761328" total="26345472" percent="78" />
      <mem type="survivor" free="0" total="8388608" percent="0" />
    </mem>
    <mem type="tenure" free="8356808" total="31129600" percent="26">
      <mem type="soa" free="6800328" total="29573120" percent="22" />
      <mem type="loa" free="1556480" total="1556480" percent="100" />
    </mem>
    <remembered-set count="2293" />
  </mem-info>
</gc-end>
<cycle-end id="1265" type="scavenge" contextid="1258" timestamp="2025-12-10T21:30:00.233" />
<allocation-satisfied id="1266" threadId="0000000000839A00" bytesRequested="32" />
<af-end id="1267" timestamp="2025-12-10T21:30:00.235" threadId="000000000083A478" success="true" from="nursery"/>
<exclusive-end id="1268" timestamp="2025-12-10T21:30:00.235" durationms="14.792" />

<exclusive-start id="1269" timestamp="2025-12-10T21:30:00.394" intervalms="173.626">
  <response-info timems="0.042" idlems="0.042" threads="0" lastid="00000000005F3B00" lastname="Equinox start level thread - Equinox Container: 6d0f9637-e0ed-4" />
</exclusive-start>
<af-start id="1270" threadId="00000000005F4578" totalBytesRequested="16" timestamp="2025-12-10T21:30:00.395" intervalms="173.731" type="nursery" />
<cycle-start id="1271" type="scavenge" contextid="0" timestamp="2025-12-10T21:30:00.396" intervalms="173.788" />
<gc-start id="1272" type="scavenge" contextid="1271" timestamp="2025-12-10T21:30:00.397">
  <mem-info id="1273" free="8243192" total="65863680" percent="12">
    <mem type="nursery" free="0" total="34734080" percent="0">
      <mem type="allocate" free="0" total="26345472" percent="0" />
      <mem type="survivor" free="0" total="8388608" percent="0" />
    </mem>
    <mem type="tenure" free="8243192" total="31129600" percent="26">
      <mem type="soa" free="6686712" total="29573120" percent="22" />
      <mem type="loa" free="1556480" total="1556480" percent="100" />
    </mem>
    <remembered-set count="5906" />
  </mem-info>
</gc-start>
<allocation-stats totalBytes="20866008" discardedBytes="8936" >
  <allocated-bytes non-tlh="274176" tlh="20591832" />
  <largest-consumer threadName="Default Executor-thread-1" threadId="0000000000839A00" bytes="8398976" />
</allocation-stats>
<gc-op id="1274" type="scavenge" timems="5.179" contextid="1271" timestamp="2025-12-10T21:30:00.403">
  <scavenger-info tenureage="10" tenuremask="4400" tiltratio="75" />
  <memory-copied type="nursery" objects="158137" bytes="6742792" bytesdiscarded="28240" />
  <memory-copied type="tenure" objects="6109" bytes="176152" bytesdiscarded="160" />
  <finalization candidates="16" enqueued="16" />
  <ownableSynchronizers candidates="1649" cleared="628" />
  <references type="soft" candidates="453" cleared="0" enqueued="0" dynamicThreshold="9" maxThreshold="32" />
  <references type="weak" candidates="954" cleared="363" enqueued="362" />
  <references type="phantom" candidates="278" cleared="4" enqueued="4" />
  <object-monitors candidates="22" cleared="0"  />
</gc-op>
<gc-end id="1275" type="scavenge" contextid="1271" durationms="7.168" usertimems="16.280" systemtimems="0.000" stalltimems="4.421" timestamp="2025-12-10T21:30:00.404" activeThreads="4">
  <mem-info id="1276" free="26400720" total="65863680" percent="40">
    <mem type="nursery" free="18447832" total="34734080" percent="53">
      <mem type="allocate" free="18447832" total="25231360" percent="73" />
      <mem type="survivor" free="0" total="9502720" percent="0" />
    </mem>
    <mem type="tenure" free="7952888" total="31129600" percent="25">
      <mem type="soa" free="6396408" total="29573120" percent="21" />
      <mem type="loa" free="1556480" total="1556480" percent="100" />
    </mem>
    <pending-finalizers system="16" default="0" reference="366" classloader="0" />
    <remembered-set count="4328" />
  </mem-info>
</gc-end>
<cycle-end id="1277" type="scavenge" contextid="1271" timestamp="2025-12-10T21:30:00.404" />
<allocation-satisfied id="1278" threadId="00000000005F3B00" bytesRequested="16" />
<af-end id="1279" timestamp="2025-12-10T21:30:00.406" threadId="00000000005F4578" success="true" from="nursery"/>
<exclusive-end id="1280" timestamp="2025-12-10T21:30:00.407" durationms="12.399" />

<exclusive-start id="1281" timestamp="2025-12-10T21:30:00.472" intervalms="78.060">
  <response-info timems="0.039" idlems="0.039" threads="0" lastid="00000000005EFE00" lastname="Equinox start level thread - Equinox Container: 6d0f9637-e0ed-4" />
</exclusive-start>
<af-start id="1282" threadId="00000000005F0878" totalBytesRequested="136" timestamp="2025-12-10T21:30:00.473" intervalms="78.164" type="nursery" />
<cycle-start id="1283" type="scavenge" contextid="0" timestamp="2025-12-10T21:30:00.474" intervalms="78.229" />
<gc-start id="1284" type="scavenge" contextid="1283" timestamp="2025-12-10T21:30:00.475">
  <mem-info id="1285" free="7670656" total="65863680" percent="11">
    <mem type="nursery" free="0" total="34734080" percent="0">
      <mem type="allocate" free="0" total="25231360" percent="0" />
      <mem type="survivor" free="0" total="9502720" percent="0" />
    </mem>
    <mem type="tenure" free="7670656" total="31129600" percent="24">
      <mem type="soa" free="6114176" total="29573120" percent="20" />
      <mem type="loa" free="1556480" total="1556480" percent="100" />
    </mem>
    <remembered-set count="8663" />
  </mem-info>
</gc-start>
<allocation-stats totalBytes="18689968" discardedBytes="40096" >
  <allocated-bytes non-tlh="831224" tlh="17858744" />
  <largest-consumer threadName="Equinox start level thread - Equinox Container: 6d0f9637-e0ed-4a51-9b42-119e0ec1ea32" threadId="00000000005EFE00" bytes="5700944" />
</allocation-stats>
<gc-op id="1286" type="scavenge" timems="6.226" contextid="1283" timestamp="2025-12-10T21:30:00.483">
  <scavenger-info tenureage="4" tenuremask="63d0" tiltratio="72" />
  <memory-copied type="nursery" objects="197138" bytes="8333872" bytesdiscarded="88384" />
  <memory-copied type="tenure" objects="18025" bytes="514784" bytesdiscarded="160" />
  <finalization candidates="21" enqueued="21" />
  <ownableSynchronizers candidates="3277" cleared="938" />
  <references type="soft" candidates="1628" cleared="0" enqueued="0" dynamicThreshold="9" maxThreshold="32" />
  <references type="weak" candidates="1972" cleared="873" enqueued="872" />
  <references type="phantom" candidates="301" cleared="13" enqueued="13" />
  <object-monitors candidates="36" cleared="8"  />
</gc-op>
<heap-resize id="1287" type="expand" space="nursery" amount="1835008" count="1" timems="0.033" reason="excessive time being spent scavenging" timestamp="2025-12-10T21:30:00.484" />
<gc-end id="1288" type="scavenge" contextid="1283" durationms="9.530" usertimems="20.659" systemtimems="0.000" stalltimems="4.973" timestamp="2025-12-10T21:30:00.484" activeThreads="4">
  <mem-info id="1289" free="22733456" total="67698688" percent="33">
    <mem type="nursery" free="15674128" total="36569088" percent="42">
      <mem type="allocate" free="15674128" total="24117248" percent="64" />
      <mem type="survivor" free="0" total="12451840" percent="0" />
    </mem>
    <mem type="tenure" free="7059328" total="31129600" percent="22">
      <mem type="soa" free="5502848" total="29573120" percent="18" />
      <mem type="loa" free="1556480" total="1556480" percent="100" />
    </mem>
    <pending-finalizers system="21" default="0" reference="885" classloader="0" />
    <remembered-set count="7059" />
  </mem-info>
</gc-end>
<cycle-end id="1290" type="scavenge" contextid="1283" timestamp="2025-12-10T21:30:00.485" />
<allocation-satisfied id="1291" threadId="00000000005EFE00" bytesRequested="136" />
<af-end id="1292" timestamp="2025-12-10T21:30:00.487" threadId="00000000005F0878" success="true" from="nursery"/>
<exclusive-end id="1293" timestamp="2025-12-10T21:30:00.487" durationms="15.223" />

<exclusive-start id="1294" timestamp="2025-12-10T21:30:00.518" intervalms="46.085">
  <response-info timems="0.052" idlems="0.052" threads="0" lastid="00000000005F3B00" lastname="Equinox start level thread - Equinox Container: 6d0f9637-e0ed-4" />
</exclusive-start>
<af-start id="1295" threadId="00000000005F4578" totalBytesRequested="120" timestamp="2025-12-10T21:30:00.519" intervalms="46.058" type="nursery" />
<cycle-start id="1296" type="scavenge" contextid="0" timestamp="2025-12-10T21:30:00.520" intervalms="46.147" />
<gc-start id="1297" type="scavenge" contextid="1296" timestamp="2025-12-10T21:30:00.521">
  <mem-info id="1298" free="7017720" total="67698688" percent="10">
    <mem type="nursery" free="0" total="36569088" percent="0">
      <mem type="allocate" free="0" total="24117248" percent="0" />
      <mem type="survivor" free="0" total="12451840" percent="0" />
    </mem>
    <mem type="tenure" free="7017720" total="31129600" percent="22">
      <mem type="soa" free="5461240" total="29573120" percent="18" />
      <mem type="loa" free="1556480" total="1556480" percent="100" />
    </mem>
    <remembered-set count="8388" />
  </mem-info>
</gc-start>
<allocation-stats totalBytes="15707528" discardedBytes="8208" >
  <allocated-bytes non-tlh="41744" tlh="15665784" />
  <largest-consumer threadName="Equinox start level thread - Equinox Container: 6d0f9637-e0ed-4a51-9b42-119e0ec1ea32" threadId="00000000005F3B00" bytes="7435952" />
</allocation-stats>
<gc-op id="1299" type="scavenge" timems="7.563" contextid="1296" timestamp="2025-12-10T21:30:00.530">
  <scavenger-info tenureage="4" tenuremask="6010" tiltratio="65" />
  <memory-copied type="nursery" objects="165402" bytes="7433624" bytesdiscarded="48352" />
  <memory-copied type="tenure" objects="49023" bytes="1584192" bytesdiscarded="416" />
  <ownableSynchronizers candidates="2875" cleared="217" />
  <references type="soft" candidates="1847" cleared="0" enqueued="0" dynamicThreshold="9" maxThreshold="32" />
  <references type="weak" candidates="1588" cleared="256" enqueued="256" />
  <references type="phantom" candidates="276" cleared="0" enqueued="0" />
  <object-monitors candidates="28" cleared="0"  />
</gc-op>
<heap-resize id="1300" type="expand" space="nursery" amount="3670016" count="1" timems="0.030" reason="excessive time being spent scavenging" timestamp="2025-12-10T21:30:00.531" />
<gc-end id="1301" type="scavenge" contextid="1296" durationms="11.136" usertimems="26.416" systemtimems="5.404" stalltimems="5.849" timestamp="2025-12-10T21:30:00.532" activeThreads="5">
  <mem-info id="1302" free="25416336" total="71368704" percent="35">
    <mem type="nursery" free="20086680" total="40239104" percent="49">
      <mem type="allocate" free="20086680" total="27590656" percent="72" />
      <mem type="survivor" free="0" total="12648448" percent="0" />
    </mem>
    <mem type="tenure" free="5329656" total="31129600" percent="17">
      <mem type="soa" free="3773176" total="29573120" percent="12" />
      <mem type="loa" free="1556480" total="1556480" percent="100" />
    </mem>
    <pending-finalizers system="0" default="0" reference="256" classloader="0" />
    <remembered-set count="6897" />
  </mem-info>
</gc-end>
<cycle-end id="1303" type="scavenge" contextid="1296" timestamp="2025-12-10T21:30:00.533" />
<allocation-satisfied id="1304" threadId="00000000005F3B00" bytesRequested="120" />
<af-end id="1305" timestamp="2025-12-10T21:30:00.535" threadId="00000000005F4578" success="true" from="nursery"/>
<exclusive-end id="1306" timestamp="2025-12-10T21:30:00.536" durationms="17.332" />

<exclusive-start id="1307" timestamp="2025-12-10T21:30:00.607" intervalms="89.067">
  <response-info timems="0.042" idlems="0.036" threads="1" lastid="00000000005FB800" lastname="Equinox start level thread - Equinox Container: 6d0f9637-e0ed-4" />
</exclusive-start>
<af-start id="1308" threadId="00000000005F0878" totalBytesRequested="448" timestamp="2025-12-10T21:30:00.608" intervalms="88.935" type="nursery" />
<cycle-start id="1309" type="scavenge" contextid="0" timestamp="2025-12-10T21:30:00.609" intervalms="88.819" />
<gc-start id="1310" type="scavenge" contextid="1309" timestamp="2025-12-10T21:30:00.610">
  <mem-info id="1311" free="5116848" total="71368704" percent="7">
    <mem type="nursery" free="0" total="40239104" percent="0">
      <mem type="allocate" free="0" total="27590656" percent="0" />
      <mem type="survivor" free="0" total="12648448" percent="0" />
    </mem>
    <mem type="tenure" free="5116848" total="31129600" percent="16">
      <mem type="soa" free="3560368" total="29573120" percent="12" />
      <mem type="loa" free="1556480" total="1556480" percent="100" />
    </mem>
    <remembered-set count="10367" />
  </mem-info>
</gc-start>
<allocation-stats totalBytes="20291832" discardedBytes="7656" >
  <allocated-bytes non-tlh="380208" tlh="19911624" />
  <largest-consumer threadName="Equinox start level thread - Equinox Container: 6d0f9637-e0ed-4a51-9b42-119e0ec1ea32" threadId="00000000005EC100" bytes="7316784" />
</allocation-stats>
<gc-op id="1312" type="scavenge" timems="5.059" contextid="1309" timestamp="2025-12-10T21:30:00.616">
  <scavenger-info tenureage="12" tenuremask="7000" tiltratio="68" />
  <memory-copied type="nursery" objects="200898" bytes="8063576" bytesdiscarded="136096" />
  <memory-copied type="tenure" objects="2099" bytes="63488" bytesdiscarded="24" />
  <finalization candidates="29" enqueued="29" />
  <ownableSynchronizers candidates="3756" cleared="466" />
  <references type="soft" candidates="2620" cleared="0" enqueued="0" dynamicThreshold="9" maxThreshold="32" />
  <references type="weak" candidates="2504" cleared="728" enqueued="725" />
  <references type="phantom" candidates="279" cleared="6" enqueued="6" />
  <object-monitors candidates="29" cleared="1"  />
</gc-op>
<heap-resize id="1313" type="expand" space="nursery" amount="1441792" count="1" timems="0.031" reason="excessive time being spent scavenging" timestamp="2025-12-10T21:30:00.617" />
<gc-end id="1314" type="scavenge" contextid="1309" durationms="7.734" usertimems="19.454" systemtimems="2.983" stalltimems="8.208" timestamp="2025-12-10T21:30:00.618" activeThreads="6">
  <mem-info id="1315" free="27015944" total="72810496" percent="37">
    <mem type="nursery" free="22114904" total="41680896" percent="53">
      <mem type="allocate" free="22114904" total="30343168" percent="72" />
      <mem type="survivor" free="0" total="11337728" percent="0" />
    </mem>
    <mem type="tenure" free="4901040" total="31129600" percent="15">
      <mem type="soa" free="3344560" total="29573120" percent="11" />
      <mem type="loa" free="1556480" total="1556480" percent="100" />
    </mem>
    <pending-finalizers system="29" default="0" reference="731" classloader="0" />
    <remembered-set count="6844" />
  </mem-info>
</gc-end>
<cycle-end id="1316" type="scavenge" contextid="1309" timestamp="2025-12-10T21:30:00.618" />
<allocation-satisfied id="1317" threadId="00000000005EFE00" bytesRequested="448" />
<af-end id="1318" timestamp="2025-12-10T21:30:00.620" threadId="00000000005F0878" success="true" from="nursery"/>
<exclusive-end id="1319" timestamp="2025-12-10T21:30:00.620" durationms="13.106" />

<exclusive-start id="1320" timestamp="2025-12-10T21:30:00.752" intervalms="144.380">
  <response-info timems="0.037" idlems="0.037" threads="0" lastid="000000000085F600" lastname="Default Executor-thread-3" />
</exclusive-start>
<af-start id="1321" threadId="0000000000860078" totalBytesRequested="1400" timestamp="2025-12-10T21:30:00.753" intervalms="144.683" type="nursery" />
<cycle-start id="1322" type="scavenge" contextid="0" timestamp="2025-12-10T21:30:00.754" intervalms="144.811" />
<gc-start id="1323" type="scavenge" contextid="1322" timestamp="2025-12-10T21:30:00.755">
  <mem-info id="1324" free="4644048" total="72810496" percent="6">
    <mem type="nursery" free="0" total="41680896" percent="0">
      <mem type="allocate" free="0" total="30343168" percent="0" />
      <mem type="survivor" free="0" total="11337728" percent="0" />
    </mem>
    <mem type="tenure" free="4644048" total="31129600" percent="14">
      <mem type="soa" free="3087568" total="29573120" percent="10" />
      <mem type="loa" free="1556480" total="1556480" percent="100" />
    </mem>
    <remembered-set count="10665" />
  </mem-info>
</gc-start>
<allocation-stats totalBytes="22361808" discardedBytes="10088" >
  <allocated-bytes non-tlh="479120" tlh="21882688" />
  <largest-consumer threadName="Equinox start level thread - Equinox Container: 6d0f9637-e0ed-4a51-9b42-119e0ec1ea32" threadId="00000000005FB800" bytes="9061904" />
</allocation-stats>
<gc-op id="1325" type="scavenge" timems="6.379" contextid="1322" timestamp="2025-12-10T21:30:00.762">
  <scavenger-info tenureage="5" tenuremask="6020" tiltratio="72" />
  <memory-copied type="nursery" objects="215439" bytes="8969384" bytesdiscarded="62640" />
  <memory-copied type="tenure" objects="27152" bytes="918256" bytesdiscarded="176" />
  <finalization candidates="132" enqueued="132" />
  <ownableSynchronizers candidates="4776" cleared="494" />
  <references type="soft" candidates="4060" cleared="0" enqueued="0" dynamicThreshold="9" maxThreshold="32" />
  <references type="weak" candidates="3281" cleared="893" enqueued="892" />
  <references type="phantom" candidates="370" cleared="82" enqueued="82" />
  <object-monitors candidates="28" cleared="0"  />
</gc-op>
<gc-end id="1326" type="scavenge" contextid="1322" durationms="8.488" usertimems="26.909" systemtimems="2.862" stalltimems="8.363" timestamp="2025-12-10T21:30:00.763" activeThreads="6">
  <mem-info id="1327" free="23995104" total="72810496" percent="32">
    <mem type="nursery" free="20621848" total="41680896" percent="49">
      <mem type="allocate" free="20621848" total="29687808" percent="69" />
      <mem type="survivor" free="0" total="11993088" percent="0" />
    </mem>
    <mem type="tenure" free="3373256" total="31129600" percent="10">
      <mem type="soa" free="1816776" total="29573120" percent="6" />
      <mem type="loa" free="1556480" total="1556480" percent="100" />
    </mem>
    <pending-finalizers system="132" default="0" reference="974" classloader="0" />
    <remembered-set count="10045" />
  </mem-info>
</gc-end>
<cycle-end id="1328" type="scavenge" contextid="1322" timestamp="2025-12-10T21:30:00.764" />
<allocation-satisfied id="1329" threadId="000000000085F600" bytesRequested="1400" />
<af-end id="1330" timestamp="2025-12-10T21:30:00.765" threadId="0000000000860078" success="true" from="nursery"/>
<exclusive-end id="1331" timestamp="2025-12-10T21:30:00.766" durationms="13.803" />

<concurrent-kickoff id="1332" timestamp="2025-12-10T21:30:00.927">
  <kickoff reason="threshold reached" targetBytes="13648249" thresholdFreeBytes="1896052"  remainingFree="1599960" tenureFreeBytes="3018528" nurseryFreeBytes="1599960" />
</concurrent-kickoff>
<exclusive-start id="1333" timestamp="2025-12-10T21:30:00.929" intervalms="177.011">
  <response-info timems="0.040" idlems="0.040" threads="0" lastid="00000000005E4400" lastname="Start Level: Equinox Container: 6d0f9637-e0ed-4a51-9b42-119e0ec" />
</exclusive-start>
<cycle-start id="1334" type="global" contextid="0" timestamp="2025-12-10T21:30:00.929" intervalms="1274.864" />
<concurrent-start id="1335" type="global mark" contextid="1334" timestamp="2025-12-10T21:30:00.930">
</concurrent-start>
<exclusive-end id="1336" timestamp="2025-12-10T21:30:00.931" durationms="2.035" />

<concurrent-end id="1337" type="global mark" contextid="1334" timestamp="2025-12-10T21:30:00.966">
<gc-op id="1338" type="trace" timems="35.685" contextid="1334" timestamp="2025-12-10T21:30:00.966">
  <trace bytesTraced="14587404" workStackOverflowCount="0" />
  <card-cleaning reason="card cleaning threshold reached" bytesTraced="19360" cardsCleaned="50" />
</gc-op>
</concurrent-end>

<exclusive-start id="1339" timestamp="2025-12-10T21:30:00.967" intervalms="38.055">
  <response-info timems="0.034" idlems="0.034" threads="0" lastid="00000000005E4400" lastname="Start Level: Equinox Container: 6d0f9637-e0ed-4a51-9b42-119e0ec" />
</exclusive-start>
<concurrent-global-final id="1340" timestamp="2025-12-10T21:30:00.967" contextid="1334" intervalms="1524.272" >
  <concurrent-trace-info reason="card cleaning threshold reached" tracedByMutators="2577392" tracedByHelpers="12029372" cardsCleaned="50" workStackOverflowCount="0" />
</concurrent-global-final>
<gc-start id="1341" type="global" contextid="1334" timestamp="2025-12-10T21:30:00.968">
  <mem-info id="1342" free="3478768" total="72810496" percent="4">
    <mem type="nursery" free="469464" total="41680896" percent="1">
      <mem type="allocate" free="469464" total="29687808" percent="1" />
      <mem type="survivor" free="0" total="11993088" percent="0" />
    </mem>
    <mem type="tenure" free="3009304" total="31129600" percent="9">
      <mem type="soa" free="1452824" total="29573120" percent="4" />
      <mem type="loa" free="1556480" total="1556480" percent="100" />
    </mem>
    <remembered-set count="15547" />
  </mem-info>
</gc-start>
<allocation-stats totalBytes="20486064" discardedBytes="30272" >
  <allocated-bytes non-tlh="605680" tlh="19880384" />
  <largest-consumer threadName="Start Level: Equinox Container: 6d0f9637-e0ed-4a51-9b42-119e0ec1ea32" threadId="00000000005E4400" bytes="16624128" />
</allocation-stats>
<gc-op id="1343" type="rs-scan" timems="4.672" contextid="1334" timestamp="2025-12-10T21:30:00.974">
  <scan objectsFound="236179" bytesTraced="7990332" workStackOverflowCount="0" />
</gc-op>
<gc-op id="1344" type="card-cleaning" timems="1.832" contextid="1334" timestamp="2025-12-10T21:30:00.976">
  <card-cleaning cardsCleaned="3" bytesTraced="1008" workStackOverflowCount="0" />
</gc-op>
<gc-op id="1345" type="mark" timems="15.905" contextid="1334" timestamp="2025-12-10T21:30:00.993">
  <trace-info objectcount="14048" scancount="12723" scanbytes="343072" />
  <finalization candidates="808" enqueued="74" />
  <ownableSynchronizers candidates="6583" cleared="342" />
  <references type="soft" candidates="9255" cleared="0" enqueued="0" dynamicThreshold="9" maxThreshold="32" />
  <references type="weak" candidates="4815" cleared="743" enqueued="735" />
  <references type="phantom" candidates="378" cleared="36" enqueued="36" />
  <stringconstants candidates="22694" cleared="85"  />
  <object-monitors candidates="30" cleared="1"  />
</gc-op>
<gc-op id="1346" type="classunload" timems="0.106" contextid="1334" timestamp="2025-12-10T21:30:00.994">
  <classunload-info classloadercandidates="267" classloadersunloaded="10" classesunloaded="0" anonymousclassesunloaded="0" quiescems="0.000" setupms="0.088" scanms="0.009" postms="0.009" />
</gc-op>
<gc-op id="1347" type="sweep" timems="2.662" contextid="1334" timestamp="2025-12-10T21:30:00.997" />
<heap-resize id="1348" type="expand" space="tenure" amount="2883584" count="1" timems="1.233" reason="insufficient free space following gc" timestamp="2025-12-10T21:30:00.999" />
<gc-end id="1349" type="global" contextid="1334" durationms="31.569" usertimems="80.820" systemtimems="21.998" stalltimems="301.221" timestamp="2025-12-10T21:30:01.000" activeThreads="20">
  <mem-info id="1350" free="27692560" total="75694080" percent="36">
    <mem type="nursery" free="17451184" total="41680896" percent="41">
      <mem type="allocate" free="17451184" total="29687808" percent="58" />
      <mem type="survivor" free="0" total="11993088" percent="0" />
    </mem>
    <mem type="tenure" free="10241376" total="34013184" percent="30" micro-fragmented="612959" macro-fragmented="0">
      <mem type="soa" free="8540512" total="32312320" percent="26" />
      <mem type="loa" free="1700864" total="1700864" percent="100" />
    </mem>
    <pending-finalizers system="74" default="0" reference="771" classloader="0" />
    <remembered-set count="13467" />
  </mem-info>
</gc-end>
<cycle-end id="1351" type="global" contextid="1334" timestamp="2025-12-10T21:30:01.000" />
<exclusive-end id="1352" timestamp="2025-12-10T21:30:01.001" durationms="34.237" />

<exclusive-start id="1353" timestamp="2025-12-10T21:30:01.459" intervalms="492.523">
  <response-info timems="0.033" idlems="0.033" threads="0" lastid="00000000005E4400" lastname="Start Level: Equinox Container: 6d0f9637-e0ed-4a51-9b42-119e0ec" />
</exclusive-start>
<af-start id="1354" threadId="00000000005E4E78" totalBytesRequested="8200" timestamp="2025-12-10T21:30:01.460" intervalms="707.069" type="nursery" />
<cycle-start id="1355" type="scavenge" contextid="0" timestamp="2025-12-10T21:30:01.460" intervalms="706.650" />
<gc-start id="1356" type="scavenge" contextid="1355" timestamp="2025-12-10T21:30:01.461">
  <mem-info id="1357" free="9844960" total="75694080" percent="13">
    <mem type="nursery" free="0" total="41680896" percent="0">
      <mem type="allocate" free="0" total="29687808" percent="0" />
      <mem type="survivor" free="0" total="11993088" percent="0" />
    </mem>
    <mem type="tenure" free="9844960" total="34013184" percent="28">
      <mem type="soa" free="8144096" total="32312320" percent="25" />
      <mem type="loa" free="1700864" total="1700864" percent="100" />
    </mem>
    <remembered-set count="19053" />
  </mem-info>
</gc-start>
<allocation-stats totalBytes="17724880" discardedBytes="112880" >
  <allocated-bytes non-tlh="2747792" tlh="14977088" />
  <largest-consumer threadName="Start Level: Equinox Container: 6d0f9637-e0ed-4a51-9b42-119e0ec1ea32" threadId="00000000005E4400" bytes="17562440" />
</allocation-stats>
<gc-op id="1358" type="scavenge" timems="6.573" contextid="1355" timestamp="2025-12-10T21:30:01.468">
  <scavenger-info tenureage="5" tenuremask="7220" tiltratio="71" />
  <memory-copied type="nursery" objects="228511" bytes="9542368" bytesdiscarded="128392" />
  <memory-copied type="tenure" objects="54632" bytes="1834680" bytesdiscarded="4328" />
  <finalization candidates="31" enqueued="30" />
  <ownableSynchronizers candidates="13004" cleared="7677" />
  <references type="soft" candidates="4983" cleared="0" enqueued="0" dynamicThreshold="9" maxThreshold="32" />
  <references type="weak" candidates="10212" cleared="525" enqueued="520" />
  <references type="phantom" candidates="308" cleared="18" enqueued="18" />
  <object-monitors candidates="29" cleared="0"  />
</gc-op>
<gc-end id="1359" type="scavenge" contextid="1355" durationms="8.149" usertimems="36.089" systemtimems="0.593" stalltimems="9.713" timestamp="2025-12-10T21:30:01.469" activeThreads="7">
  <mem-info id="1360" free="27357432" total="75694080" percent="36">
    <mem type="nursery" free="19524880" total="41680896" percent="46">
      <mem type="allocate" free="19524880" total="29229056" percent="66" />
      <mem type="survivor" free="0" total="12451840" percent="0" />
    </mem>
    <mem type="tenure" free="7832552" total="34013184" percent="23">
      <mem type="soa" free="6131688" total="32312320" percent="18" />
      <mem type="loa" free="1700864" total="1700864" percent="100" />
    </mem>
    <pending-finalizers system="30" default="0" reference="538" classloader="0" />
    <remembered-set count="17005" />
  </mem-info>
</gc-end>
<cycle-end id="1361" type="scavenge" contextid="1355" timestamp="2025-12-10T21:30:01.470" />
<allocation-satisfied id="1362" threadId="00000000005E4400" bytesRequested="8200" />
<af-end id="1363" timestamp="2025-12-10T21:30:01.471" threadId="00000000005E4E78" success="true" from="nursery"/>
<exclusive-end id="1364" timestamp="2025-12-10T21:30:01.471" durationms="11.884" />

<exclusive-start id="1365" timestamp="2025-12-10T21:30:01.599" intervalms="139.368">
  <response-info timems="0.038" idlems="0.038" threads="0" lastid="00000000005E4400" lastname="Start Level: Equinox Container: 6d0f9637-e0ed-4a51-9b42-119e0ec" />
</exclusive-start>
<af-start id="1366" threadId="00000000005E4E78" totalBytesRequested="48" timestamp="2025-12-10T21:30:01.599" intervalms="139.642" type="nursery" />
<cycle-start id="1367" type="scavenge" contextid="0" timestamp="2025-12-10T21:30:01.600" intervalms="139.883" />
<gc-start id="1368" type="scavenge" contextid="1367" timestamp="2025-12-10T21:30:01.601">
  <mem-info id="1369" free="7806216" total="75694080" percent="10">
    <mem type="nursery" free="0" total="41680896" percent="0">
      <mem type="allocate" free="0" total="29229056" percent="0" />
      <mem type="survivor" free="0" total="12451840" percent="0" />
    </mem>
    <mem type="tenure" free="7806216" total="34013184" percent="22">
      <mem type="soa" free="6105352" total="32312320" percent="18" />
      <mem type="loa" free="1700864" total="1700864" percent="100" />
    </mem>
    <remembered-set count="17808" />
  </mem-info>
</gc-start>
<allocation-stats totalBytes="19548488" discardedBytes="2728" >
  <allocated-bytes non-tlh="68872" tlh="19479616" />
  <largest-consumer threadName="Start Level: Equinox Container: 6d0f9637-e0ed-4a51-9b42-119e0ec1ea32" threadId="00000000005E4400" bytes="19412776" />
</allocation-stats>
<gc-op id="1370" type="scavenge" timems="5.943" contextid="1367" timestamp="2025-12-10T21:30:01.608">
  <scavenger-info tenureage="11" tenuremask="7800" tiltratio="70" />
  <memory-copied type="nursery" objects="236163" bytes="10090208" bytesdiscarded="89320" />
  <finalization candidates="54" enqueued="53" />
  <ownableSynchronizers candidates="4474" cleared="83" />
  <references type="soft" candidates="5071" cleared="0" enqueued="0" dynamicThreshold="9" maxThreshold="32" />
  <references type="weak" candidates="9968" cleared="156" enqueued="156" />
  <references type="phantom" candidates="299" cleared="24" enqueued="24" />
  <object-monitors candidates="29" cleared="0"  />
</gc-op>
<gc-end id="1371" type="scavenge" contextid="1367" durationms="8.113" usertimems="32.400" systemtimems="0.000" stalltimems="15.508" timestamp="2025-12-10T21:30:01.609" activeThreads="8">
  <mem-info id="1372" free="26233024" total="75694080" percent="34">
    <mem type="nursery" free="18426808" total="41680896" percent="44">
      <mem type="allocate" free="18426808" total="28639232" percent="64" />
      <mem type="survivor" free="0" total="13041664" percent="0" />
    </mem>
    <mem type="tenure" free="7806216" total="34013184" percent="22">
      <mem type="soa" free="6105352" total="32312320" percent="18" />
      <mem type="loa" free="1700864" total="1700864" percent="100" />
    </mem>
    <pending-finalizers system="53" default="0" reference="180" classloader="0" />
    <remembered-set count="15732" />
  </mem-info>
</gc-end>
<cycle-end id="1373" type="scavenge" contextid="1367" timestamp="2025-12-10T21:30:01.610" />
<allocation-satisfied id="1374" threadId="00000000005E4400" bytesRequested="48" />
<af-end id="1375" timestamp="2025-12-10T21:30:01.611" threadId="00000000005E4E78" success="true" from="nursery"/>
<exclusive-end id="1376" timestamp="2025-12-10T21:30:01.611" durationms="12.772" />

<exclusive-start id="1377" timestamp="2025-12-10T21:30:02.146" intervalms="547.738">
  <response-info timems="0.055" idlems="0.055" threads="0" lastid="00000000005E4400" lastname="Start Level: Equinox Container: 6d0f9637-e0ed-4a51-9b42-119e0ec" />
</exclusive-start>
<af-start id="1378" threadId="00000000005E4E78" totalBytesRequested="6680" timestamp="2025-12-10T21:30:02.161" intervalms="561.317" type="nursery" />
<cycle-start id="1379" type="scavenge" contextid="0" timestamp="2025-12-10T21:30:02.172" intervalms="572.088" />
<gc-start id="1380" type="scavenge" contextid="1379" timestamp="2025-12-10T21:30:02.187">
  <mem-info id="1381" free="7758768" total="75694080" percent="10">
    <mem type="nursery" free="0" total="41680896" percent="0">
      <mem type="allocate" free="0" total="28639232" percent="0" />
      <mem type="survivor" free="0" total="13041664" percent="0" />
    </mem>
    <mem type="tenure" free="7758768" total="34013184" percent="22">
      <mem type="soa" free="6057904" total="32312320" percent="18" />
      <mem type="loa" free="1700864" total="1700864" percent="100" />
    </mem>
    <remembered-set count="17105" />
  </mem-info>
</gc-start>
<allocation-stats totalBytes="18450088" discardedBytes="22672" >
  <allocated-bytes non-tlh="737032" tlh="17713056" />
  <largest-consumer threadName="Start Level: Equinox Container: 6d0f9637-e0ed-4a51-9b42-119e0ec1ea32" threadId="00000000005E4400" bytes="18335472" />
</allocation-stats>
<gc-op id="1382" type="scavenge" timems="20.499" contextid="1379" timestamp="2025-12-10T21:30:02.240">
  <scavenger-info tenureage="6" tenuremask="7c40" tiltratio="68" />
  <memory-copied type="nursery" objects="193862" bytes="8717880" bytesdiscarded="128264" />
  <memory-copied type="tenure" objects="55899" bytes="1785368" bytesdiscarded="2040" />
  <finalization candidates="4" enqueued="3" />
  <ownableSynchronizers candidates="4651" cleared="76" />
  <references type="soft" candidates="4019" cleared="0" enqueued="0" dynamicThreshold="9" maxThreshold="32" />
  <references type="weak" candidates="9652" cleared="195" enqueued="194" />
  <references type="phantom" candidates="279" cleared="3" enqueued="3" />
  <object-monitors candidates="29" cleared="0"  />
</gc-op>
<heap-resize id="1383" type="expand" space="nursery" amount="2490368" count="1" timems="0.072" reason="excessive time being spent scavenging" timestamp="2025-12-10T21:30:02.252" />
<gc-end id="1384" type="scavenge" contextid="1379" durationms="74.212" usertimems="69.251" systemtimems="5.689" stalltimems="49.079" timestamp="2025-12-10T21:30:02.261" activeThreads="8">
  <mem-info id="1385" free="27265816" total="78184448" percent="34">
    <mem type="nursery" free="21534208" total="44171264" percent="48">
      <mem type="allocate" free="21534208" total="30408704" percent="70" />
      <mem type="survivor" free="0" total="13762560" percent="0" />
    </mem>
    <mem type="tenure" free="5731608" total="34013184" percent="16">
      <mem type="soa" free="4030744" total="32312320" percent="12" />
      <mem type="loa" free="1700864" total="1700864" percent="100" />
    </mem>
    <pending-finalizers system="3" default="0" reference="197" classloader="0" />
    <remembered-set count="7579" />
  </mem-info>
</gc-end>
<cycle-end id="1386" type="scavenge" contextid="1379" timestamp="2025-12-10T21:30:02.266" />
<allocation-satisfied id="1387" threadId="00000000005E4400" bytesRequested="6680" />
<af-end id="1388" timestamp="2025-12-10T21:30:02.274" threadId="00000000005E4E78" success="true" from="nursery"/>
<exclusive-end id="1389" timestamp="2025-12-10T21:30:02.275" durationms="128.558" />

<exclusive-start id="1390" timestamp="2025-12-10T21:30:02.714" intervalms="567.476">
  <response-info timems="0.066" idlems="0.066" threads="0" lastid="00000000005F3B00" lastname="Equinox start level thread - Equinox Container: 6d0f9637-e0ed-4" />
</exclusive-start>
<af-start id="1391" threadId="00000000005F4578" totalBytesRequested="312" timestamp="2025-12-10T21:30:02.734" intervalms="573.138" type="nursery" />
<cycle-start id="1392" type="scavenge" contextid="0" timestamp="2025-12-10T21:30:02.738" intervalms="565.491" />
<gc-start id="1393" type="scavenge" contextid="1392" timestamp="2025-12-10T21:30:02.739">
  <mem-info id="1394" free="5591784" total="78184448" percent="7">
    <mem type="nursery" free="0" total="44171264" percent="0">
      <mem type="allocate" free="0" total="30408704" percent="0" />
      <mem type="survivor" free="0" total="13762560" percent="0" />
    </mem>
    <mem type="tenure" free="5591784" total="34013184" percent="16">
      <mem type="soa" free="3890920" total="32312320" percent="12" />
      <mem type="loa" free="1700864" total="1700864" percent="100" />
    </mem>
    <remembered-set count="9953" />
  </mem-info>
</gc-start>
<allocation-stats totalBytes="21664312" discardedBytes="9720" >
  <allocated-bytes non-tlh="164824" tlh="21499488" />
  <largest-consumer threadName="Start Level: Equinox Container: 6d0f9637-e0ed-4a51-9b42-119e0ec1ea32" threadId="00000000005E4400" bytes="17684424" />
</allocation-stats>
<gc-op id="1395" type="scavenge" timems="13.307" contextid="1392" timestamp="2025-12-10T21:30:02.753">
  <scavenger-info tenureage="4" tenuremask="7c10" tiltratio="68" />
  <memory-copied type="nursery" objects="174077" bytes="7610280" bytesdiscarded="58536" />
  <memory-copied type="tenure" objects="43109" bytes="1412680" bytesdiscarded="728" />
  <finalization candidates="10" enqueued="9" />
  <ownableSynchronizers candidates="4165" cleared="362" />
  <references type="soft" candidates="3172" cleared="0" enqueued="0" dynamicThreshold="9" maxThreshold="32" />
  <references type="weak" candidates="9538" cleared="492" enqueued="487" />
  <references type="phantom" candidates="318" cleared="12" enqueued="12" />
  <object-monitors candidates="32" cleared="2"  />
</gc-op>
<gc-end id="1396" type="scavenge" contextid="1392" durationms="14.992" usertimems="45.519" systemtimems="6.006" stalltimems="9.794" timestamp="2025-12-10T21:30:02.754" activeThreads="6">
  <mem-info id="1397" free="27920824" total="78184448" percent="35">
    <mem type="nursery" free="23958736" total="44171264" percent="54">
      <mem type="allocate" free="23958736" total="31653888" percent="75" />
      <mem type="survivor" free="0" total="12517376" percent="0" />
    </mem>
    <mem type="tenure" free="3962088" total="34013184" percent="11">
      <mem type="soa" free="2261224" total="32312320" percent="6" />
      <mem type="loa" free="1700864" total="1700864" percent="100" />
    </mem>
    <pending-finalizers system="9" default="0" reference="499" classloader="0" />
    <remembered-set count="10080" />
  </mem-info>
</gc-end>
<cycle-end id="1398" type="scavenge" contextid="1392" timestamp="2025-12-10T21:30:02.754" />
<allocation-satisfied id="1399" threadId="00000000005F3B00" bytesRequested="312" />
<af-end id="1400" timestamp="2025-12-10T21:30:02.757" threadId="00000000005F4578" success="true" from="nursery"/>
<exclusive-end id="1401" timestamp="2025-12-10T21:30:02.758" durationms="43.658" />

<concurrent-kickoff id="1402" timestamp="2025-12-10T21:30:03.086">
  <kickoff reason="threshold reached" targetBytes="15136591" thresholdFreeBytes="2102478"  remainingFree="2083496" tenureFreeBytes="3693816" nurseryFreeBytes="2083496" />
</concurrent-kickoff>
<exclusive-start id="1403" timestamp="2025-12-10T21:30:03.091" intervalms="376.867">
  <response-info timems="0.055" idlems="0.055" threads="0" lastid="000000000085B900" lastname="Default Executor-thread-2" />
</exclusive-start>
<cycle-start id="1404" type="global" contextid="0" timestamp="2025-12-10T21:30:03.093" intervalms="2163.301" />
<concurrent-start id="1405" type="global mark" contextid="1404" timestamp="2025-12-10T21:30:03.095">
</concurrent-start>
<exclusive-end id="1406" timestamp="2025-12-10T21:30:03.096" durationms="5.273" />

<exclusive-start id="1407" timestamp="2025-12-10T21:30:03.136" intervalms="44.998">
  <response-info timems="0.051" idlems="0.051" threads="0" lastid="0000000000873000" lastname="Default Executor-thread-5" />
</exclusive-start>
<af-start id="1408" threadId="0000000000873A78" totalBytesRequested="24776" timestamp="2025-12-10T21:30:03.136" intervalms="402.440" type="nursery" />
<cycle-start id="1409" type="scavenge" contextid="0" timestamp="2025-12-10T21:30:03.137" intervalms="399.080" />
<gc-start id="1410" type="scavenge" contextid="1409" timestamp="2025-12-10T21:30:03.138">
  <mem-info id="1411" free="3620736" total="78184448" percent="4">
    <mem type="nursery" free="0" total="44171264" percent="0">
      <mem type="allocate" free="0" total="31653888" percent="0" />
      <mem type="survivor" free="0" total="12517376" percent="0" />
    </mem>
    <mem type="tenure" free="3620736" total="34013184" percent="10">
      <mem type="soa" free="1919872" total="32312320" percent="5" />
      <mem type="loa" free="1700864" total="1700864" percent="100" />
    </mem>
    <remembered-set count="15479" />
  </mem-info>
</gc-start>
<allocation-stats totalBytes="24010696" discardedBytes="289392" >
  <allocated-bytes non-tlh="960488" tlh="23050208" />
  <largest-consumer threadName="Equinox start level thread - Equinox Container: 6d0f9637-e0ed-4a51-9b42-119e0ec1ea32" threadId="00000000005EFE00" bytes="9188352" />
</allocation-stats>
<gc-op id="1412" type="scavenge" timems="9.777" contextid="1409" timestamp="2025-12-10T21:30:03.148">
  <scavenger-info tenureage="6" tenuremask="7c40" tiltratio="71" />
  <memory-copied type="nursery" objects="154887" bytes="7319328" bytesdiscarded="104832" />
  <memory-copied type="tenure" objects="35368" bytes="1204968" bytesdiscarded="176" />
  <finalization candidates="10" enqueued="9" />
  <ownableSynchronizers candidates="3413" cleared="81" />
  <references type="soft" candidates="3041" cleared="0" enqueued="0" dynamicThreshold="9" maxThreshold="32" />
  <references type="weak" candidates="9825" cleared="814" enqueued="814" />
  <references type="phantom" candidates="366" cleared="5" enqueued="5" />
  <object-monitors candidates="169" cleared="98"  />
</gc-op>
<gc-end id="1413" type="scavenge" contextid="1409" durationms="11.259" usertimems="44.885" systemtimems="0.700" stalltimems="26.341" timestamp="2025-12-10T21:30:03.149" activeThreads="8">
  <mem-info id="1414" free="26728112" total="78184448" percent="34">
    <mem type="nursery" free="24797240" total="44171264" percent="56">
      <mem type="allocate" free="24797240" total="32243712" percent="76" />
      <mem type="survivor" free="0" total="11927552" percent="0" />
    </mem>
    <mem type="tenure" free="1930872" total="34013184" percent="5">
      <mem type="soa" free="230008" total="32312320" percent="0" />
      <mem type="loa" free="1700864" total="1700864" percent="100" />
    </mem>
    <pending-finalizers system="9" default="0" reference="819" classloader="0" />
    <remembered-set count="12327" />
  </mem-info>
</gc-end>
<cycle-end id="1415" type="scavenge" contextid="1409" timestamp="2025-12-10T21:30:03.149" />
<allocation-satisfied id="1416" threadId="0000000000873000" bytesRequested="24776" />
<af-end id="1417" timestamp="2025-12-10T21:30:03.151" threadId="0000000000873A78" success="true" from="nursery"/>
<exclusive-end id="1418" timestamp="2025-12-10T21:30:03.152" durationms="16.287" />

<exclusive-start id="1419" timestamp="2025-12-10T21:30:03.366" intervalms="230.199">
  <response-info timems="0.171" idlems="0.171" threads="0" lastid="000000000086F300" lastname="Default Executor-thread-4" />
</exclusive-start>
<af-start id="1420" threadId="000000000086FD78" totalBytesRequested="4696" timestamp="2025-12-10T21:30:03.379" intervalms="242.897" type="nursery" />
<cycle-start id="1421" type="scavenge" contextid="0" timestamp="2025-12-10T21:30:03.394" intervalms="256.979" />
<gc-start id="1422" type="scavenge" contextid="1421" timestamp="2025-12-10T21:30:03.416">
  <mem-info id="1423" free="1804304" total="78184448" percent="2">
    <mem type="nursery" free="0" total="44171264" percent="0">
      <mem type="allocate" free="0" total="32243712" percent="0" />
      <mem type="survivor" free="0" total="11927552" percent="0" />
    </mem>
    <mem type="tenure" free="1804304" total="34013184" percent="5">
      <mem type="soa" free="103440" total="32312320" percent="0" />
      <mem type="loa" free="1700864" total="1700864" percent="100" />
    </mem>
    <remembered-set count="14462" />
  </mem-info>
</gc-start>
<allocation-stats totalBytes="24862200" discardedBytes="61608" >
  <allocated-bytes non-tlh="216888" tlh="24645312" />
  <largest-consumer threadName="Default Executor-thread-2" threadId="000000000085B900" bytes="8143120" />
</allocation-stats>
<gc-op id="1424" type="scavenge" timems="15.445" contextid="1421" timestamp="2025-12-10T21:30:03.453">
  <scavenger-info tenureage="5" tenuremask="7d20" tiltratio="72" />
  <memory-copied type="nursery" objects="76843" bytes="4670288" bytesdiscarded="408600" />
  <memory-copied type="tenure" objects="89002" bytes="3123184" bytesdiscarded="800" />
  <finalization candidates="22" enqueued="21" />
  <ownableSynchronizers candidates="2794" cleared="30" />
  <references type="soft" candidates="1524" cleared="0" enqueued="0" dynamicThreshold="9" maxThreshold="32" />
  <references type="weak" candidates="1471" cleared="391" enqueued="391" />
  <references type="phantom" candidates="375" cleared="9" enqueued="9" />
  <object-monitors candidates="187" cleared="79"  />
  <heap-resize type="expand" space="tenure" amount="3276800" count="25" timems="4.449" reason="continue current collection" />
</gc-op>
<heap-resize id="1425" type="expand" space="nursery" amount="4194304" count="1" timems="0.220" reason="excessive time being spent scavenging" timestamp="2025-12-10T21:30:03.481" />
<gc-end id="1426" type="scavenge" contextid="1421" durationms="65.855" usertimems="59.113" systemtimems="14.059" stalltimems="37.019" timestamp="2025-12-10T21:30:03.481" activeThreads="8">
  <mem-info id="1427" free="32763072" total="85655552" percent="38">
    <mem type="nursery" free="30887872" total="48365568" percent="63">
      <mem type="allocate" free="30887872" total="35979264" percent="85" />
      <mem type="survivor" free="0" total="12386304" percent="0" />
    </mem>
    <mem type="tenure" free="1875200" total="37289984" percent="5">
      <mem type="soa" free="10496" total="35425280" percent="0" />
      <mem type="loa" free="1864704" total="1864704" percent="100" />
    </mem>
    <pending-finalizers system="21" default="0" reference="400" classloader="0" />
    <remembered-set count="9472" />
  </mem-info>
</gc-end>
<cycle-end id="1428" type="scavenge" contextid="1421" timestamp="2025-12-10T21:30:03.482" />
<allocation-satisfied id="1429" threadId="000000000086F300" bytesRequested="4696" />
<af-end id="1430" timestamp="2025-12-10T21:30:03.483" threadId="000000000086FD78" success="true" from="nursery"/>
<exclusive-end id="1431" timestamp="2025-12-10T21:30:03.484" durationms="117.759" />

<concurrent-end id="1432" type="global mark" contextid="1404" timestamp="2025-12-10T21:30:03.501">
<gc-op id="1433" type="trace" timems="405.751" contextid="1404" timestamp="2025-12-10T21:30:03.501">
  <trace bytesTraced="22809932" workStackOverflowCount="0" />
  <card-cleaning reason="card cleaning threshold reached" bytesTraced="1401680" cardsCleaned="4009" />
</gc-op>
</concurrent-end>

<exclusive-start id="1434" timestamp="2025-12-10T21:30:03.502" intervalms="136.454">
  <response-info timems="0.078" idlems="0.078" threads="0" lastid="000000000086F300" lastname="Default Executor-thread-4" />
</exclusive-start>
<concurrent-global-final id="1435" timestamp="2025-12-10T21:30:03.503" contextid="1404" intervalms="2535.596" >
  <concurrent-trace-info reason="card cleaning threshold reached" tracedByMutators="9248704" tracedByHelpers="14962908" cardsCleaned="4009" workStackOverflowCount="0" />
</concurrent-global-final>
<gc-start id="1436" type="global" contextid="1404" timestamp="2025-12-10T21:30:03.504">
  <mem-info id="1437" free="32294880" total="85655552" percent="37">
    <mem type="nursery" free="30420328" total="48365568" percent="62">
      <mem type="allocate" free="30420328" total="35979264" percent="84" />
      <mem type="survivor" free="0" total="12386304" percent="0" />
    </mem>
    <mem type="tenure" free="1874552" total="37289984" percent="5">
      <mem type="soa" free="9848" total="35425280" percent="0" />
      <mem type="loa" free="1864704" total="1864704" percent="100" />
    </mem>
    <remembered-set count="9518" />
  </mem-info>
</gc-start>
<allocation-stats totalBytes="468192" discardedBytes="0" >
  <allocated-bytes non-tlh="5344" tlh="462848" />
  <largest-consumer threadName="Default Executor-thread-2" threadId="000000000085B900" bytes="167936" />
</allocation-stats>
<gc-op id="1438" type="rs-scan" timems="4.574" contextid="1404" timestamp="2025-12-10T21:30:03.511">
  <scan objectsFound="74523" bytesTraced="3150852" workStackOverflowCount="0" />
</gc-op>
<gc-op id="1439" type="card-cleaning" timems="1.805" contextid="1404" timestamp="2025-12-10T21:30:03.513">
  <card-cleaning cardsCleaned="10" bytesTraced="4348" workStackOverflowCount="0" />
</gc-op>
<gc-op id="1440" type="mark" timems="19.438" contextid="1404" timestamp="2025-12-10T21:30:03.533">
  <trace-info objectcount="16519" scancount="14387" scanbytes="390472" />
  <finalization candidates="734" enqueued="4" />
  <ownableSynchronizers candidates="7965" cleared="5" />
  <references type="soft" candidates="11385" cleared="1250" enqueued="1237" dynamicThreshold="9" maxThreshold="32" />
  <references type="weak" candidates="12666" cleared="16" enqueued="16" />
  <references type="phantom" candidates="434" cleared="0" enqueued="0" />
  <stringconstants candidates="31810" cleared="33"  />
  <object-monitors candidates="108" cleared="3"  />
</gc-op>
<gc-op id="1441" type="classunload" timems="0.951" contextid="1404" timestamp="2025-12-10T21:30:03.535">
  <classunload-info classloadercandidates="370" classloadersunloaded="5" classesunloaded="5" anonymousclassesunloaded="0" quiescems="0.000" setupms="0.897" scanms="0.046" postms="0.007" />
</gc-op>
<gc-op id="1442" type="sweep" timems="3.340" contextid="1404" timestamp="2025-12-10T21:30:03.538" />
<heap-resize id="1443" type="expand" space="tenure" amount="11403264" count="1" timems="1.507" reason="insufficient free space following gc" timestamp="2025-12-10T21:30:03.540" />
<gc-end id="1444" type="global" contextid="1404" durationms="37.012" usertimems="41.627" systemtimems="43.666" stalltimems="385.311" timestamp="2025-12-10T21:30:03.541" activeThreads="20">
  <mem-info id="1445" free="45942256" total="97058816" percent="47">
    <mem type="nursery" free="31320456" total="48365568" percent="64">
      <mem type="allocate" free="31320456" total="35979264" percent="87" />
      <mem type="survivor" free="0" total="12386304" percent="0" />
    </mem>
    <mem type="tenure" free="14621800" total="48693248" percent="30" micro-fragmented="962792" macro-fragmented="0">
      <mem type="soa" free="12186728" total="46258176" percent="26" />
      <mem type="loa" free="2435072" total="2435072" percent="100" />
    </mem>
    <pending-finalizers system="4" default="0" reference="1253" classloader="0" />
    <remembered-set count="7327" />
  </mem-info>
</gc-end>
<cycle-end id="1446" type="global" contextid="1404" timestamp="2025-12-10T21:30:03.542" />
<exclusive-end id="1447" timestamp="2025-12-10T21:30:03.543" durationms="40.231" />

<exclusive-start id="1448" timestamp="2025-12-10T21:30:03.965" intervalms="462.370">
  <response-info timems="0.045" idlems="0.045" threads="0" lastid="0000000000873000" lastname="Default Executor-thread-5" />
</exclusive-start>
<af-start id="1449" threadId="0000000000873A78" totalBytesRequested="1032" timestamp="2025-12-10T21:30:03.965" intervalms="586.139" type="nursery" />
<cycle-start id="1450" type="scavenge" contextid="0" timestamp="2025-12-10T21:30:03.966" intervalms="572.071" />
<gc-start id="1451" type="scavenge" contextid="1450" timestamp="2025-12-10T21:30:03.967">
  <mem-info id="1452" free="14346128" total="97058816" percent="14">
    <mem type="nursery" free="0" total="48365568" percent="0">
      <mem type="allocate" free="0" total="35979264" percent="0" />
      <mem type="survivor" free="0" total="12386304" percent="0" />
    </mem>
    <mem type="tenure" free="14346128" total="48693248" percent="29">
      <mem type="soa" free="11911056" total="46258176" percent="25" />
      <mem type="loa" free="2435072" total="2435072" percent="100" />
    </mem>
    <remembered-set count="12676" />
  </mem-info>
</gc-start>
<allocation-stats totalBytes="31312784" discardedBytes="257328" >
  <allocated-bytes non-tlh="1183976" tlh="30128808" />
  <largest-consumer threadName="Default Executor-thread-5" threadId="0000000000873000" bytes="10234448" />
</allocation-stats>
<gc-op id="1453" type="scavenge" timems="4.108" contextid="1450" timestamp="2025-12-10T21:30:03.972">
  <scavenger-info tenureage="3" tenuremask="7c08" tiltratio="74" />
  <memory-copied type="nursery" objects="81778" bytes="5007824" bytesdiscarded="102832" />
  <memory-copied type="tenure" objects="24044" bytes="1145952" bytesdiscarded="1152" />
  <finalization candidates="27" enqueued="25" />
  <ownableSynchronizers candidates="16025" cleared="14570" />
  <references type="soft" candidates="1270" cleared="0" enqueued="0" dynamicThreshold="9" maxThreshold="32" />
  <references type="weak" candidates="2364" cleared="1152" enqueued="1118" />
  <references type="phantom" candidates="304" cleared="7" enqueued="7" />
  <object-monitors candidates="162" cleared="42"  />
</gc-op>
<gc-end id="1454" type="scavenge" contextid="1450" durationms="5.919" usertimems="15.677" systemtimems="3.233" stalltimems="6.171" timestamp="2025-12-10T21:30:03.973" activeThreads="6">
  <mem-info id="1455" free="45832256" total="97058816" percent="47">
    <mem type="nursery" free="32822920" total="48365568" percent="67">
      <mem type="allocate" free="32822920" total="37945344" percent="86" />
      <mem type="survivor" free="0" total="10420224" percent="0" />
    </mem>
    <mem type="tenure" free="13009336" total="48693248" percent="26">
      <mem type="soa" free="10574264" total="46258176" percent="22" />
      <mem type="loa" free="2435072" total="2435072" percent="100" />
    </mem>
    <pending-finalizers system="25" default="0" reference="1125" classloader="0" />
    <remembered-set count="9198" />
  </mem-info>
</gc-end>
<cycle-end id="1456" type="scavenge" contextid="1450" timestamp="2025-12-10T21:30:03.973" />
<allocation-satisfied id="1457" threadId="0000000000873000" bytesRequested="1032" />
<af-end id="1458" timestamp="2025-12-10T21:30:03.974" threadId="0000000000873A78" success="true" from="nursery"/>
<exclusive-end id="1459" timestamp="2025-12-10T21:30:03.975" durationms="10.097" />

<exclusive-start id="1460" timestamp="2025-12-10T21:30:04.268" intervalms="303.069">
  <response-info timems="0.045" idlems="0.045" threads="0" lastid="0000000000886B00" lastname="Default Executor-thread-6" />
</exclusive-start>
<af-start id="1461" threadId="0000000000887578" totalBytesRequested="6048" timestamp="2025-12-10T21:30:04.269" intervalms="303.101" type="nursery" />
<cycle-start id="1462" type="scavenge" contextid="0" timestamp="2025-12-10T21:30:04.269" intervalms="303.169" />
<gc-start id="1463" type="scavenge" contextid="1462" timestamp="2025-12-10T21:30:04.270">
  <mem-info id="1464" free="12771264" total="97058816" percent="13">
    <mem type="nursery" free="0" total="48365568" percent="0">
      <mem type="allocate" free="0" total="37945344" percent="0" />
      <mem type="survivor" free="0" total="10420224" percent="0" />
    </mem>
    <mem type="tenure" free="12771264" total="48693248" percent="26">
      <mem type="soa" free="10336192" total="46258176" percent="22" />
      <mem type="loa" free="2435072" total="2435072" percent="100" />
    </mem>
    <remembered-set count="13649" />
  </mem-info>
</gc-start>
<allocation-stats totalBytes="32816032" discardedBytes="238440" >
  <allocated-bytes non-tlh="1047016" tlh="31769016" />
  <largest-consumer threadName="Default Executor-thread-6" threadId="0000000000886B00" bytes="17070816" />
</allocation-stats>
<gc-op id="1465" type="scavenge" timems="4.058" contextid="1462" timestamp="2025-12-10T21:30:04.275">
  <scavenger-info tenureage="10" tenuremask="7c00" tiltratio="78" />
  <memory-copied type="nursery" objects="81095" bytes="5290520" bytesdiscarded="101512" />
  <finalization candidates="64" enqueued="62" />
  <ownableSynchronizers candidates="1085" cleared="24" />
  <references type="soft" candidates="1668" cleared="0" enqueued="0" dynamicThreshold="9" maxThreshold="32" />
  <references type="weak" candidates="2381" cleared="918" enqueued="907" />
  <references type="phantom" candidates="352" cleared="26" enqueued="26" />
  <object-monitors candidates="152" cleared="24"  />
</gc-op>
<gc-end id="1466" type="scavenge" contextid="1462" durationms="5.791" usertimems="15.503" systemtimems="0.000" stalltimems="8.814" timestamp="2025-12-10T21:30:04.276" activeThreads="6">
  <mem-info id="1467" free="46034488" total="97058816" percent="47">
    <mem type="nursery" free="33263224" total="48365568" percent="68">
      <mem type="allocate" free="33263224" total="38666240" percent="86" />
      <mem type="survivor" free="0" total="9699328" percent="0" />
    </mem>
    <mem type="tenure" free="12771264" total="48693248" percent="26">
      <mem type="soa" free="10336192" total="46258176" percent="22" />
      <mem type="loa" free="2435072" total="2435072" percent="100" />
    </mem>
    <pending-finalizers system="62" default="0" reference="933" classloader="0" />
    <remembered-set count="11689" />
  </mem-info>
</gc-end>
<cycle-end id="1468" type="scavenge" contextid="1462" timestamp="2025-12-10T21:30:04.277" />
<allocation-satisfied id="1469" threadId="0000000000886B00" bytesRequested="6048" />
<af-end id="1470" timestamp="2025-12-10T21:30:04.278" threadId="0000000000887578" success="true" from="nursery"/>
<exclusive-end id="1471" timestamp="2025-12-10T21:30:04.278" durationms="10.496" />

<exclusive-start id="1472" timestamp="2025-12-10T21:30:04.688" intervalms="420.366">
  <response-info timems="0.035" idlems="0.035" threads="0" lastid="0000000000873000" lastname="Default Executor-thread-5" />
</exclusive-start>
<af-start id="1473" threadId="0000000000873A78" totalBytesRequested="88" timestamp="2025-12-10T21:30:04.689" intervalms="420.367" type="nursery" />
<cycle-start id="1474" type="scavenge" contextid="0" timestamp="2025-12-10T21:30:04.690" intervalms="420.511" />
<gc-start id="1475" type="scavenge" contextid="1474" timestamp="2025-12-10T21:30:04.691">
  <mem-info id="1476" free="12496416" total="97058816" percent="12">
    <mem type="nursery" free="0" total="48365568" percent="0">
      <mem type="allocate" free="0" total="38666240" percent="0" />
      <mem type="survivor" free="0" total="9699328" percent="0" />
    </mem>
    <mem type="tenure" free="12496416" total="48693248" percent="25">
      <mem type="soa" free="10061344" total="46258176" percent="21" />
      <mem type="loa" free="2435072" total="2435072" percent="100" />
    </mem>
    <remembered-set count="16113" />
  </mem-info>
</gc-start>
<allocation-stats totalBytes="33504576" discardedBytes="33496" >
  <allocated-bytes non-tlh="280896" tlh="33223680" />
  <largest-consumer threadName="Default Executor-thread-5" threadId="0000000000873000" bytes="22091144" />
</allocation-stats>
<gc-op id="1477" type="scavenge" timems="5.481" contextid="1474" timestamp="2025-12-10T21:30:04.697">
  <scavenger-info tenureage="10" tenuremask="7c00" tiltratio="79" />
  <memory-copied type="nursery" objects="127555" bytes="7461640" bytesdiscarded="48608" />
  <finalization candidates="181" enqueued="162" />
  <ownableSynchronizers candidates="1167" cleared="26" />
  <references type="soft" candidates="2417" cleared="0" enqueued="0" dynamicThreshold="9" maxThreshold="32" />
  <references type="weak" candidates="2716" cleared="912" enqueued="892" />
  <references type="phantom" candidates="408" cleared="63" enqueued="63" />
  <object-monitors candidates="128" cleared="0"  />
</gc-op>
<gc-end id="1478" type="scavenge" contextid="1474" durationms="7.509" usertimems="18.950" systemtimems="3.149" stalltimems="11.116" timestamp="2025-12-10T21:30:04.698" activeThreads="6">
  <mem-info id="1479" free="41802240" total="97058816" percent="43">
    <mem type="nursery" free="29305824" total="48365568" percent="60">
      <mem type="allocate" free="29305824" total="36831232" percent="79" />
      <mem type="survivor" free="0" total="11534336" percent="0" />
    </mem>
    <mem type="tenure" free="12496416" total="48693248" percent="25">
      <mem type="soa" free="10061344" total="46258176" percent="21" />
      <mem type="loa" free="2435072" total="2435072" percent="100" />
    </mem>
    <pending-finalizers system="127" default="35" reference="955" classloader="0" />
    <remembered-set count="11664" />
  </mem-info>
</gc-end>
<cycle-end id="1480" type="scavenge" contextid="1474" timestamp="2025-12-10T21:30:04.699" />
<allocation-satisfied id="1481" threadId="0000000000873000" bytesRequested="88" />
<af-end id="1482" timestamp="2025-12-10T21:30:04.700" threadId="0000000000873A78" success="true" from="nursery"/>
<exclusive-end id="1483" timestamp="2025-12-10T21:30:04.700" durationms="12.015" />

<exclusive-start id="1484" timestamp="2025-12-10T21:30:04.904" intervalms="215.302">
  <response-info timems="0.047" idlems="0.047" threads="0" lastid="0000000000873000" lastname="Default Executor-thread-5" />
</exclusive-start>
<af-start id="1485" threadId="0000000000873A78" totalBytesRequested="72" timestamp="2025-12-10T21:30:04.904" intervalms="215.292" type="nursery" />
<cycle-start id="1486" type="scavenge" contextid="0" timestamp="2025-12-10T21:30:04.905" intervalms="215.127" />
<gc-start id="1487" type="scavenge" contextid="1486" timestamp="2025-12-10T21:30:04.906">
  <mem-info id="1488" free="12488688" total="97058816" percent="12">
    <mem type="nursery" free="0" total="48365568" percent="0">
      <mem type="allocate" free="0" total="36831232" percent="0" />
      <mem type="survivor" free="0" total="11534336" percent="0" />
    </mem>
    <mem type="tenure" free="12488688" total="48693248" percent="25">
      <mem type="soa" free="10053616" total="46258176" percent="21" />
      <mem type="loa" free="2435072" total="2435072" percent="100" />
    </mem>
    <remembered-set count="11847" />
  </mem-info>
</gc-start>
<allocation-stats totalBytes="29310008" discardedBytes="3544" >
  <allocated-bytes non-tlh="7816" tlh="29302192" />
  <largest-consumer threadName="Default Executor-thread-5" threadId="0000000000873000" bytes="28871624" />
</allocation-stats>
<gc-op id="1489" type="scavenge" timems="7.205" contextid="1486" timestamp="2025-12-10T21:30:04.914">
  <scavenger-info tenureage="4" tenuremask="7d10" tiltratio="76" />
  <memory-copied type="nursery" objects="185193" bytes="9498360" bytesdiscarded="59624" />
  <memory-copied type="tenure" objects="18208" bytes="933888" bytesdiscarded="552" />
  <finalization candidates="112" enqueued="63" />
  <ownableSynchronizers candidates="1182" cleared="38" />
  <references type="soft" candidates="2253" cleared="0" enqueued="0" dynamicThreshold="9" maxThreshold="32" />
  <references type="weak" candidates="1566" cleared="66" enqueued="66" />
  <references type="phantom" candidates="297" cleared="1" enqueued="1" />
  <object-monitors candidates="128" cleared="1"  />
</gc-op>
<gc-end id="1490" type="scavenge" contextid="1486" durationms="9.093" usertimems="29.206" systemtimems="3.504" stalltimems="10.608" timestamp="2025-12-10T21:30:04.915" activeThreads="6">
  <mem-info id="1491" free="36309432" total="97058816" percent="37">
    <mem type="nursery" free="25031472" total="48365568" percent="51">
      <mem type="allocate" free="25031472" total="34603008" percent="72" />
      <mem type="survivor" free="0" total="13762560" percent="0" />
    </mem>
    <mem type="tenure" free="11277960" total="48693248" percent="23">
      <mem type="soa" free="8842888" total="46258176" percent="19" />
      <mem type="loa" free="2435072" total="2435072" percent="100" />
    </mem>
    <pending-finalizers system="3" default="60" reference="67" classloader="0" />
    <remembered-set count="9141" />
  </mem-info>
</gc-end>
<cycle-end id="1492" type="scavenge" contextid="1486" timestamp="2025-12-10T21:30:04.915" />
<allocation-satisfied id="1493" threadId="0000000000873000" bytesRequested="72" />
<af-end id="1494" timestamp="2025-12-10T21:30:04.916" threadId="0000000000873A78" success="true" from="nursery"/>
<exclusive-end id="1495" timestamp="2025-12-10T21:30:04.917" durationms="13.148" />

<exclusive-start id="1496" timestamp="2025-12-10T21:30:05.016" intervalms="112.417">
  <response-info timems="0.042" idlems="0.042" threads="0" lastid="0000000000873000" lastname="Default Executor-thread-5" />
</exclusive-start>
<af-start id="1497" threadId="0000000000873A78" totalBytesRequested="4112" timestamp="2025-12-10T21:30:05.017" intervalms="112.535" type="nursery" />
<cycle-start id="1498" type="scavenge" contextid="0" timestamp="2025-12-10T21:30:05.017" intervalms="112.623" />
<gc-start id="1499" type="scavenge" contextid="1498" timestamp="2025-12-10T21:30:05.018">
  <mem-info id="1500" free="11240384" total="97058816" percent="11">
    <mem type="nursery" free="0" total="48365568" percent="0">
      <mem type="allocate" free="0" total="34603008" percent="0" />
      <mem type="survivor" free="0" total="13762560" percent="0" />
    </mem>
    <mem type="tenure" free="11240384" total="48693248" percent="23">
      <mem type="soa" free="8805312" total="46258176" percent="19" />
      <mem type="loa" free="2435072" total="2435072" percent="100" />
    </mem>
    <remembered-set count="9898" />
  </mem-info>
</gc-start>
<allocation-stats totalBytes="25062520" discardedBytes="6528" >
  <allocated-bytes non-tlh="37648" tlh="25024872" />
  <largest-consumer threadName="Default Executor-thread-5" threadId="0000000000873000" bytes="25046136" />
</allocation-stats>
<gc-op id="1501" type="scavenge" timems="6.294" contextid="1498" timestamp="2025-12-10T21:30:05.026">
  <scavenger-info tenureage="4" tenuremask="7c10" tiltratio="71" />
  <memory-copied type="nursery" objects="176394" bytes="8599824" bytesdiscarded="55488" />
  <memory-copied type="tenure" objects="16326" bytes="1162480" bytesdiscarded="680" />
  <finalization candidates="189" enqueued="140" />
  <ownableSynchronizers candidates="1004" cleared="0" />
  <references type="soft" candidates="2114" cleared="0" enqueued="0" dynamicThreshold="9" maxThreshold="32" />
  <references type="weak" candidates="1320" cleared="110" enqueued="110" />
  <references type="phantom" candidates="232" cleared="1" enqueued="1" />
  <object-monitors candidates="127" cleared="4"  />
</gc-op>
<heap-resize id="1502" type="expand" space="nursery" amount="1835008" count="1" timems="0.034" reason="excessive time being spent scavenging" timestamp="2025-12-10T21:30:05.026" />
<gc-end id="1503" type="scavenge" contextid="1498" durationms="9.098" usertimems="26.733" systemtimems="3.833" stalltimems="9.958" timestamp="2025-12-10T21:30:05.027" activeThreads="7">
  <mem-info id="1504" free="37192536" total="98893824" percent="37">
    <mem type="nursery" free="27633512" total="50200576" percent="55">
      <mem type="allocate" free="27633512" total="36306944" percent="76" />
      <mem type="survivor" free="0" total="13893632" percent="0" />
    </mem>
    <mem type="tenure" free="9559024" total="48693248" percent="19">
      <mem type="soa" free="7123952" total="46258176" percent="15" />
      <mem type="loa" free="2435072" total="2435072" percent="100" />
    </mem>
    <pending-finalizers system="2" default="138" reference="111" classloader="0" />
    <remembered-set count="6001" />
  </mem-info>
</gc-end>
<cycle-end id="1505" type="scavenge" contextid="1498" timestamp="2025-12-10T21:30:05.028" />
<allocation-satisfied id="1506" threadId="0000000000873000" bytesRequested="4112" />
<af-end id="1507" timestamp="2025-12-10T21:30:05.029" threadId="0000000000873A78" success="true" from="nursery"/>
<exclusive-end id="1508" timestamp="2025-12-10T21:30:05.030" durationms="13.698" />

<exclusive-start id="1509" timestamp="2025-12-10T21:30:05.255" intervalms="238.633">
  <response-info timems="0.057" idlems="0.057" threads="0" lastid="0000000000873000" lastname="Default Executor-thread-5" />
</exclusive-start>
<af-start id="1510" threadId="0000000000873A78" totalBytesRequested="55936" timestamp="2025-12-10T21:30:05.255" intervalms="238.565" type="nursery" />
<cycle-start id="1511" type="scavenge" contextid="0" timestamp="2025-12-10T21:30:05.256" intervalms="238.458" />
<gc-start id="1512" type="scavenge" contextid="1511" timestamp="2025-12-10T21:30:05.257">
  <mem-info id="1513" free="9448232" total="98893824" percent="9">
    <mem type="nursery" free="0" total="50200576" percent="0">
      <mem type="allocate" free="0" total="36306944" percent="0" />
      <mem type="survivor" free="0" total="13893632" percent="0" />
    </mem>
    <mem type="tenure" free="9448232" total="48693248" percent="19">
      <mem type="soa" free="7013160" total="46258176" percent="15" />
      <mem type="loa" free="2435072" total="2435072" percent="100" />
    </mem>
    <remembered-set count="8485" />
  </mem-info>
</gc-start>
<allocation-stats totalBytes="27664880" discardedBytes="79424" >
  <allocated-bytes non-tlh="605312" tlh="27059568" />
  <largest-consumer threadName="Default Executor-thread-5" threadId="0000000000873000" bytes="27399104" />
</allocation-stats>
<gc-op id="1514" type="scavenge" timems="5.864" contextid="1511" timestamp="2025-12-10T21:30:05.263">
  <scavenger-info tenureage="3" tenuremask="7c08" tiltratio="72" />
  <memory-copied type="nursery" objects="122532" bytes="7425864" bytesdiscarded="95368" />
  <memory-copied type="tenure" objects="46377" bytes="2087904" bytesdiscarded="2096" />
  <finalization candidates="118" enqueued="71" />
  <ownableSynchronizers candidates="1097" cleared="27" />
  <references type="soft" candidates="2058" cleared="0" enqueued="0" dynamicThreshold="9" maxThreshold="32" />
  <references type="weak" candidates="2370" cleared="548" enqueued="547" />
  <references type="phantom" candidates="211" cleared="13" enqueued="13" />
  <object-monitors candidates="123" cleared="4"  />
</gc-op>
<gc-end id="1515" type="scavenge" contextid="1511" durationms="7.438" usertimems="30.292" systemtimems="0.297" stalltimems="8.778" timestamp="2025-12-10T21:30:05.264" activeThreads="7">
  <mem-info id="1516" free="37021440" total="98893824" percent="37">
    <mem type="nursery" free="29822248" total="50200576" percent="59">
      <mem type="allocate" free="29822248" total="37355520" percent="79" />
      <mem type="survivor" free="0" total="12845056" percent="0" />
    </mem>
    <mem type="tenure" free="7199192" total="48693248" percent="14">
      <mem type="soa" free="4764120" total="46258176" percent="10" />
      <mem type="loa" free="2435072" total="2435072" percent="100" />
    </mem>
    <pending-finalizers system="25" default="46" reference="560" classloader="0" />
    <remembered-set count="7654" />
  </mem-info>
</gc-end>
<cycle-end id="1517" type="scavenge" contextid="1511" timestamp="2025-12-10T21:30:05.265" />
<allocation-satisfied id="1518" threadId="0000000000873000" bytesRequested="55936" />
<af-end id="1519" timestamp="2025-12-10T21:30:05.266" threadId="0000000000873A78" success="true" from="nursery"/>
<exclusive-end id="1520" timestamp="2025-12-10T21:30:05.266" durationms="11.604" />

<concurrent-kickoff id="1521" timestamp="2025-12-10T21:30:05.475">
  <kickoff reason="threshold reached" targetBytes="23609296" thresholdFreeBytes="3273263"  remainingFree="3263856" tenureFreeBytes="7042168" nurseryFreeBytes="3263856" />
</concurrent-kickoff>
<exclusive-start id="1522" timestamp="2025-12-10T21:30:05.476" intervalms="221.142">
  <response-info timems="0.095" idlems="0.055" threads="1" lastid="000000000085F600" lastname="Default Executor-thread-3" />
</exclusive-start>
<cycle-start id="1523" type="global" contextid="0" timestamp="2025-12-10T21:30:05.476" intervalms="2383.633" />
<concurrent-start id="1524" type="global mark" contextid="1523" timestamp="2025-12-10T21:30:05.477">
</concurrent-start>
<exclusive-end id="1525" timestamp="2025-12-10T21:30:05.477" durationms="1.737" />

<exclusive-start id="1526" timestamp="2025-12-10T21:30:05.497" intervalms="21.188">
  <response-info timems="0.054" idlems="0.054" threads="0" lastid="00000000014BE000" lastname="ClassloaderMapProcessingThread-9" />
</exclusive-start>
<af-start id="1527" threadId="00000000014BEA78" totalBytesRequested="88" timestamp="2025-12-10T21:30:05.498" intervalms="242.366" type="nursery" />
<percolate-collect id="1528" from="nursery" to="global" reason="concurrent mark exhausted" timestamp="2025-12-10T21:30:05.498"/>
<concurrent-end id="1529" type="global mark" contextid="1523" timestamp="2025-12-10T21:30:05.499">
<gc-op id="1530" type="trace" timems="20.005" contextid="1523" timestamp="2025-12-10T21:30:05.499">
  <trace bytesTraced="25998400" workStackOverflowCount="0" />
  <card-cleaning reason="card cleaning threshold reached" bytesTraced="25176" cardsCleaned="74" />
</gc-op>
</concurrent-end>

<gc-start id="1531" type="global" contextid="1523" timestamp="2025-12-10T21:30:05.501">
  <mem-info id="1532" free="7041064" total="98893824" percent="7">
    <mem type="nursery" free="0" total="50200576" percent="0">
      <mem type="allocate" free="0" total="37355520" percent="0" />
      <mem type="survivor" free="0" total="12845056" percent="0" />
    </mem>
    <mem type="tenure" free="7041064" total="48693248" percent="14">
      <mem type="soa" free="4605992" total="46258176" percent="9" />
      <mem type="loa" free="2435072" total="2435072" percent="100" />
    </mem>
    <remembered-set count="9936" />
  </mem-info>
</gc-start>
<allocation-stats totalBytes="29876456" discardedBytes="103920" >
  <allocated-bytes non-tlh="616808" tlh="29259648" />
  <largest-consumer threadName="Default Executor-thread-5" threadId="0000000000873000" bytes="14758088" />
</allocation-stats>
<concurrent-halted id="1533" timestamp="2025-12-10T21:30:05.502">
  <halted state="Complete" status="exhausted" />
  <traced bytesTarget="23609296" bytesTotal="26023576" bytesByMutator="17560320" bytesByHelper="8463256" percent="110" />
  <cards cleaned="74" thresholdBytes="1289467" />
</concurrent-halted>
<gc-op id="1534" type="rs-scan" timems="3.535" contextid="1523" timestamp="2025-12-10T21:30:05.506">
  <scan objectsFound="141088" bytesTraced="5158664" workStackOverflowCount="0" />
</gc-op>
<gc-op id="1535" type="card-cleaning" timems="1.294" contextid="1523" timestamp="2025-12-10T21:30:05.508">
  <card-cleaning cardsCleaned="24" bytesTraced="15848" workStackOverflowCount="0" />
</gc-op>
<gc-op id="1536" type="mark" timems="12.341" contextid="1523" timestamp="2025-12-10T21:30:05.521">
  <trace-info objectcount="13801" scancount="12807" scanbytes="372644" />
  <finalization candidates="875" enqueued="73" />
  <ownableSynchronizers candidates="8629" cleared="95" />
  <references type="soft" candidates="12529" cleared="351" enqueued="346" dynamicThreshold="9" maxThreshold="32" />
  <references type="weak" candidates="15582" cleared="786" enqueued="774" />
  <references type="phantom" candidates="437" cleared="48" enqueued="48" />
  <stringconstants candidates="38546" cleared="189"  />
  <object-monitors candidates="124" cleared="36"  />
</gc-op>
<gc-op id="1537" type="classunload" timems="1.337" contextid="1523" timestamp="2025-12-10T21:30:05.523">
  <classunload-info classloadercandidates="407" classloadersunloaded="1" classesunloaded="10" anonymousclassesunloaded="9" quiescems="0.000" setupms="1.300" scanms="0.030" postms="0.007" />
</gc-op>
<gc-op id="1538" type="sweep" timems="2.510" contextid="1523" timestamp="2025-12-10T21:30:05.526" />
<heap-resize id="1539" type="expand" space="tenure" amount="7340032" count="1" timems="0.901" reason="insufficient free space following gc" timestamp="2025-12-10T21:30:05.527" />
<gc-end id="1540" type="global" contextid="1523" durationms="27.381" usertimems="58.018" systemtimems="25.916" stalltimems="227.708" timestamp="2025-12-10T21:30:05.528" activeThreads="20">
  <mem-info id="1541" free="42113952" total="106233856" percent="39">
    <mem type="nursery" free="25282256" total="50200576" percent="50">
      <mem type="allocate" free="25282256" total="37355520" percent="67" />
      <mem type="survivor" free="0" total="12845056" percent="0" />
    </mem>
    <mem type="tenure" free="16831696" total="56033280" percent="30" micro-fragmented="1262086" macro-fragmented="0">
      <mem type="soa" free="14030032" total="53231616" percent="26" />
      <mem type="loa" free="2801664" total="2801664" percent="100" />
    </mem>
    <pending-finalizers system="31" default="42" reference="1168" classloader="0" />
    <remembered-set count="8700" />
  </mem-info>
</gc-end>
<cycle-end id="1542" type="global" contextid="1523" timestamp="2025-12-10T21:30:05.529" />
<allocation-satisfied id="1543" threadId="00000000014BE000" bytesRequested="88" />
<af-end id="1544" timestamp="2025-12-10T21:30:05.530" threadId="00000000014BEA78" success="true" from="nursery"/>
<exclusive-end id="1545" timestamp="2025-12-10T21:30:05.530" durationms="33.362" />

<exclusive-start id="1546" timestamp="2025-12-10T21:30:05.554" intervalms="56.942">
  <response-info timems="0.258" idlems="0.177" threads="2" lastid="0000000000873000" lastname="Default Executor-thread-5" />
</exclusive-start>
<af-start id="1547" threadId="0000000000860078" totalBytesRequested="2056" timestamp="2025-12-10T21:30:05.555" intervalms="56.884" type="nursery" />
<cycle-start id="1548" type="scavenge" contextid="0" timestamp="2025-12-10T21:30:05.555" intervalms="299.505" />
<gc-start id="1549" type="scavenge" contextid="1548" timestamp="2025-12-10T21:30:05.556">
  <mem-info id="1550" free="16830544" total="106233856" percent="15">
    <mem type="nursery" free="0" total="50200576" percent="0">
      <mem type="allocate" free="0" total="37355520" percent="0" />
      <mem type="survivor" free="0" total="12845056" percent="0" />
    </mem>
    <mem type="tenure" free="16830544" total="56033280" percent="30">
      <mem type="soa" free="14028880" total="53231616" percent="26" />
      <mem type="loa" free="2801664" total="2801664" percent="100" />
    </mem>
    <remembered-set count="9281" />
  </mem-info>
</gc-start>
<allocation-stats totalBytes="25104584" discardedBytes="170824" >
  <allocated-bytes non-tlh="1570024" tlh="23534560" />
  <largest-consumer threadName="ClassloaderMapProcessingThread-9" threadId="00000000014BE000" bytes="6880648" />
</allocation-stats>
<gc-op id="1551" type="scavenge" timems="7.029" contextid="1548" timestamp="2025-12-10T21:30:05.565">
  <scavenger-info tenureage="10" tenuremask="7c00" tiltratio="74" />
  <memory-copied type="nursery" objects="168166" bytes="10922352" bytesdiscarded="149472" />
  <memory-copied type="tenure" objects="12833" bytes="505480" bytesdiscarded="2768" />
  <finalization candidates="340" enqueued="285" />
  <ownableSynchronizers candidates="17231" cleared="16064" />
  <references type="soft" candidates="2082" cleared="0" enqueued="0" dynamicThreshold="9" maxThreshold="32" />
  <references type="weak" candidates="1969" cleared="31" enqueued="31" />
  <references type="phantom" candidates="266" cleared="0" enqueued="0" />
  <object-monitors candidates="88" cleared="0"  />
</gc-op>
<gc-end id="1552" type="scavenge" contextid="1548" durationms="8.994" usertimems="24.827" systemtimems="8.897" stalltimems="23.809" timestamp="2025-12-10T21:30:05.565" activeThreads="8">
  <mem-info id="1553" free="38370040" total="106233856" percent="36">
    <mem type="nursery" free="22210792" total="50200576" percent="44">
      <mem type="allocate" free="22210792" total="33292288" percent="66" />
      <mem type="survivor" free="0" total="16908288" percent="0" />
    </mem>
    <mem type="tenure" free="16159248" total="56033280" percent="28">
      <mem type="soa" free="13357584" total="53231616" percent="25" />
      <mem type="loa" free="2801664" total="2801664" percent="100" />
    </mem>
    <pending-finalizers system="0" default="285" reference="31" classloader="0" />
    <remembered-set count="7463" />
  </mem-info>
</gc-end>
<cycle-end id="1554" type="scavenge" contextid="1548" timestamp="2025-12-10T21:30:05.566" />
<allocation-satisfied id="1555" threadId="000000000085F600" bytesRequested="2056" />
<af-end id="1556" timestamp="2025-12-10T21:30:05.567" threadId="0000000000860078" success="true" from="nursery"/>
<exclusive-end id="1557" timestamp="2025-12-10T21:30:05.567" durationms="13.542" />

<exclusive-start id="1558" timestamp="2025-12-10T21:30:05.585" intervalms="31.227">
  <response-info timems="0.322" idlems="0.243" threads="3" lastid="000000000085B900" lastname="Default Executor-thread-2" />
</exclusive-start>
<af-start id="1559" threadId="000000000086FD78" totalBytesRequested="40592" timestamp="2025-12-10T21:30:05.586" intervalms="31.085" type="nursery" />
<cycle-start id="1560" type="scavenge" contextid="0" timestamp="2025-12-10T21:30:05.586" intervalms="30.812" />
<gc-start id="1561" type="scavenge" contextid="1560" timestamp="2025-12-10T21:30:05.587">
  <mem-info id="1562" free="16155448" total="106233856" percent="15">
    <mem type="nursery" free="0" total="50200576" percent="0">
      <mem type="allocate" free="0" total="33292288" percent="0" />
      <mem type="survivor" free="0" total="16908288" percent="0" />
    </mem>
    <mem type="tenure" free="16155448" total="56033280" percent="28">
      <mem type="soa" free="13353784" total="53231616" percent="25" />
      <mem type="loa" free="2801664" total="2801664" percent="100" />
    </mem>
    <remembered-set count="7599" />
  </mem-info>
</gc-start>
<allocation-stats totalBytes="22113504" discardedBytes="101088" >
  <allocated-bytes non-tlh="5856" tlh="22107648" />
  <largest-consumer threadName="Default Executor-thread-6" threadId="0000000000886B00" bytes="4935400" />
</allocation-stats>
<gc-op id="1563" type="scavenge" timems="6.719" contextid="1560" timestamp="2025-12-10T21:30:05.594">
  <scavenger-info tenureage="4" tenuremask="7e10" tiltratio="66" />
  <memory-copied type="nursery" objects="120497" bytes="9889488" bytesdiscarded="196832" />
  <memory-copied type="tenure" objects="73228" bytes="3059304" bytesdiscarded="3232" />
  <finalization candidates="471" enqueued="416" />
  <ownableSynchronizers candidates="1004" cleared="4" />
  <references type="soft" candidates="1438" cleared="0" enqueued="0" dynamicThreshold="9" maxThreshold="32" />
  <references type="weak" candidates="1554" cleared="12" enqueued="12" />
  <references type="phantom" candidates="265" cleared="8" enqueued="8" />
  <object-monitors candidates="88" cleared="0"  />
</gc-op>
<heap-resize id="1564" type="expand" space="nursery" amount="6946816" count="1" timems="0.045" reason="excessive time being spent scavenging" timestamp="2025-12-10T21:30:05.595" />
<gc-end id="1565" type="scavenge" contextid="1560" durationms="8.907" usertimems="33.041" systemtimems="0.000" stalltimems="21.563" timestamp="2025-12-10T21:30:05.596" activeThreads="8">
  <mem-info id="1566" free="41544320" total="113180672" percent="36">
    <mem type="nursery" free="28574408" total="57147392" percent="50">
      <mem type="allocate" free="28574408" total="38666240" percent="73" />
      <mem type="survivor" free="0" total="18481152" percent="0" />
    </mem>
    <mem type="tenure" free="12969912" total="56033280" percent="23">
      <mem type="soa" free="10168248" total="53231616" percent="19" />
      <mem type="loa" free="2801664" total="2801664" percent="100" />
    </mem>
    <pending-finalizers system="0" default="416" reference="20" classloader="0" />
    <remembered-set count="4945" />
  </mem-info>
</gc-end>
<cycle-end id="1567" type="scavenge" contextid="1560" timestamp="2025-12-10T21:30:05.596" />
<allocation-satisfied id="1568" threadId="000000000086F300" bytesRequested="40592" />
<af-end id="1569" timestamp="2025-12-10T21:30:05.598" threadId="000000000086FD78" success="true" from="nursery"/>
<exclusive-end id="1570" timestamp="2025-12-10T21:30:05.599" durationms="13.516" />

<exclusive-start id="1571" timestamp="2025-12-10T21:30:05.617" intervalms="32.396">
  <response-info timems="0.154" idlems="0.098" threads="2" lastid="000000000085B900" lastname="Default Executor-thread-2" />
</exclusive-start>
<af-start id="1572" threadId="0000000000887578" totalBytesRequested="6504" timestamp="2025-12-10T21:30:05.618" intervalms="32.504" type="nursery" />
<cycle-start id="1573" type="scavenge" contextid="0" timestamp="2025-12-10T21:30:05.619" intervalms="32.594" />
<gc-start id="1574" type="scavenge" contextid="1573" timestamp="2025-12-10T21:30:05.619">
  <mem-info id="1575" free="12969912" total="113180672" percent="11">
    <mem type="nursery" free="0" total="57147392" percent="0">
      <mem type="allocate" free="0" total="38666240" percent="0" />
      <mem type="survivor" free="0" total="18481152" percent="0" />
    </mem>
    <mem type="tenure" free="12969912" total="56033280" percent="23">
      <mem type="soa" free="10168248" total="53231616" percent="19" />
      <mem type="loa" free="2801664" total="2801664" percent="100" />
    </mem>
    <remembered-set count="4982" />
  </mem-info>
</gc-start>
<allocation-stats totalBytes="28438016" discardedBytes="136392" >
  <allocated-bytes non-tlh="96184" tlh="28341832" />
  <largest-consumer threadName="Default Executor-thread-6" threadId="0000000000886B00" bytes="7102504" />
</allocation-stats>
<gc-op id="1576" type="scavenge" timems="5.216" contextid="1573" timestamp="2025-12-10T21:30:05.626">
  <scavenger-info tenureage="3" tenuremask="7e88" tiltratio="67" />
  <memory-copied type="nursery" objects="102760" bytes="8073872" bytesdiscarded="100920" />
  <memory-copied type="tenure" objects="26986" bytes="2855000" bytesdiscarded="512" />
  <finalization candidates="568" enqueued="543" />
  <ownableSynchronizers candidates="496" cleared="0" />
  <references type="soft" candidates="268" cleared="0" enqueued="0" dynamicThreshold="9" maxThreshold="32" />
  <references type="weak" candidates="333" cleared="4" enqueued="4" />
  <references type="phantom" candidates="154" cleared="0" enqueued="0" />
  <object-monitors candidates="88" cleared="0"  />
</gc-op>
<heap-resize id="1577" type="expand" space="nursery" amount="6029312" count="1" timems="0.038" reason="excessive time being spent scavenging" timestamp="2025-12-10T21:30:05.626" />
<gc-end id="1578" type="scavenge" contextid="1573" durationms="7.506" usertimems="16.400" systemtimems="8.130" stalltimems="17.880" timestamp="2025-12-10T21:30:05.627" activeThreads="8">
  <mem-info id="1579" free="47521704" total="119209984" percent="39">
    <mem type="nursery" free="37890800" total="63176704" percent="59">
      <mem type="allocate" free="37890800" total="46071808" percent="82" />
      <mem type="survivor" free="0" total="17104896" percent="0" />
    </mem>
    <mem type="tenure" free="9630904" total="56033280" percent="17">
      <mem type="soa" free="6829240" total="53231616" percent="12" />
      <mem type="loa" free="2801664" total="2801664" percent="100" />
    </mem>
    <pending-finalizers system="0" default="543" reference="4" classloader="0" />
    <remembered-set count="1575" />
  </mem-info>
</gc-end>
<cycle-end id="1580" type="scavenge" contextid="1573" timestamp="2025-12-10T21:30:05.628" />
<allocation-satisfied id="1581" threadId="0000000000886B00" bytesRequested="6504" />
<af-end id="1582" timestamp="2025-12-10T21:30:05.629" threadId="0000000000887578" success="true" from="nursery"/>
<exclusive-end id="1583" timestamp="2025-12-10T21:30:05.630" durationms="12.134" />

<exclusive-start id="1584" timestamp="2025-12-10T21:30:05.655" intervalms="37.800">
  <response-info timems="0.091" idlems="0.058" threads="1" lastid="000000000085B900" lastname="Default Executor-thread-2" />
</exclusive-start>
<af-start id="1585" threadId="0000000000860078" totalBytesRequested="25792" timestamp="2025-12-10T21:30:05.656" intervalms="37.921" type="nursery" />
<cycle-start id="1586" type="scavenge" contextid="0" timestamp="2025-12-10T21:30:05.657" intervalms="37.890" />
<gc-start id="1587" type="scavenge" contextid="1586" timestamp="2025-12-10T21:30:05.657">
  <mem-info id="1588" free="9630904" total="119209984" percent="8">
    <mem type="nursery" free="0" total="63176704" percent="0">
      <mem type="allocate" free="0" total="46071808" percent="0" />
      <mem type="survivor" free="0" total="17104896" percent="0" />
    </mem>
    <mem type="tenure" free="9630904" total="56033280" percent="17">
      <mem type="soa" free="6829240" total="53231616" percent="12" />
      <mem type="loa" free="2801664" total="2801664" percent="100" />
    </mem>
    <remembered-set count="1744" />
  </mem-info>
</gc-start>
<allocation-stats totalBytes="37805328" discardedBytes="85472" >
  <allocated-bytes non-tlh="43400" tlh="37761928" />
  <largest-consumer threadName="Default Executor-thread-2" threadId="000000000085B900" bytes="10066592" />
</allocation-stats>
<gc-op id="1589" type="scavenge" timems="8.090" contextid="1586" timestamp="2025-12-10T21:30:05.667">
  <scavenger-info tenureage="9" tenuremask="7e00" tiltratio="72" />
  <memory-copied type="nursery" objects="110791" bytes="10027472" bytesdiscarded="219320" />
  <finalization candidates="767" enqueued="742" />
  <ownableSynchronizers candidates="187" cleared="0" />
  <references type="soft" candidates="268" cleared="0" enqueued="0" dynamicThreshold="9" maxThreshold="32" />
  <references type="weak" candidates="371" cleared="40" enqueued="40" />
  <references type="phantom" candidates="195" cleared="8" enqueued="8" />
  <object-monitors candidates="88" cleared="0"  />
</gc-op>
<heap-resize id="1590" type="expand" space="nursery" amount="7340032" count="1" timems="0.103" reason="excessive time being spent scavenging" timestamp="2025-12-10T21:30:05.667" />
<gc-end id="1591" type="scavenge" contextid="1586" durationms="10.419" usertimems="24.174" systemtimems="7.408" stalltimems="14.660" timestamp="2025-12-10T21:30:05.668" activeThreads="7">
  <mem-info id="1592" free="53184728" total="126550016" percent="42">
    <mem type="nursery" free="43553824" total="70516736" percent="61">
      <mem type="allocate" free="43553824" total="53805056" percent="80" />
      <mem type="survivor" free="0" total="16711680" percent="0" />
    </mem>
    <mem type="tenure" free="9630904" total="56033280" percent="17">
      <mem type="soa" free="6829240" total="53231616" percent="12" />
      <mem type="loa" free="2801664" total="2801664" percent="100" />
    </mem>
    <pending-finalizers system="0" default="742" reference="48" classloader="0" />
    <remembered-set count="1557" />
  </mem-info>
</gc-end>
<cycle-end id="1593" type="scavenge" contextid="1586" timestamp="2025-12-10T21:30:05.669" />
<allocation-satisfied id="1594" threadId="000000000085F600" bytesRequested="25792" />
<af-end id="1595" timestamp="2025-12-10T21:30:05.669" threadId="0000000000860078" success="true" from="nursery"/>
<exclusive-end id="1596" timestamp="2025-12-10T21:30:05.670" durationms="14.757" />

<exclusive-start id="1597" timestamp="2025-12-10T21:30:05.703" intervalms="47.388">
  <response-info timems="0.081" idlems="0.073" threads="1" lastid="0000000000873000" lastname="Default Executor-thread-5" />
</exclusive-start>
<af-start id="1598" threadId="000000000086FD78" totalBytesRequested="264" timestamp="2025-12-10T21:30:05.703" intervalms="47.227" type="nursery" />
<cycle-start id="1599" type="scavenge" contextid="0" timestamp="2025-12-10T21:30:05.704" intervalms="47.233" />
<gc-start id="1600" type="scavenge" contextid="1599" timestamp="2025-12-10T21:30:05.705">
  <mem-info id="1601" free="9627696" total="126550016" percent="7">
    <mem type="nursery" free="0" total="70516736" percent="0">
      <mem type="allocate" free="0" total="53805056" percent="0" />
      <mem type="survivor" free="0" total="16711680" percent="0" />
    </mem>
    <mem type="tenure" free="9627696" total="56033280" percent="17">
      <mem type="soa" free="6826032" total="53231616" percent="12" />
      <mem type="loa" free="2801664" total="2801664" percent="100" />
    </mem>
    <remembered-set count="1853" />
  </mem-info>
</gc-start>
<allocation-stats totalBytes="43529104" discardedBytes="27928" >
  <allocated-bytes non-tlh="412200" tlh="43116904" />
  <largest-consumer threadName="Default Executor-thread-6" threadId="0000000000886B00" bytes="9663464" />
</allocation-stats>
<gc-op id="1602" type="scavenge" timems="4.838" contextid="1599" timestamp="2025-12-10T21:30:05.710">
  <scavenger-info tenureage="9" tenuremask="7e00" tiltratio="76" />
  <memory-copied type="nursery" objects="99593" bytes="11094280" bytesdiscarded="257144" />
  <finalization candidates="859" enqueued="835" />
  <ownableSynchronizers candidates="190" cleared="5" />
  <references type="soft" candidates="268" cleared="0" enqueued="0" dynamicThreshold="9" maxThreshold="32" />
  <references type="weak" candidates="393" cleared="49" enqueued="49" />
  <references type="phantom" candidates="233" cleared="2" enqueued="2" />
  <object-monitors candidates="88" cleared="0"  />
</gc-op>
<heap-resize id="1603" type="expand" space="nursery" amount="4849664" count="1" timems="0.041" reason="excessive time being spent scavenging" timestamp="2025-12-10T21:30:05.711" />
<gc-end id="1604" type="scavenge" contextid="1599" durationms="7.022" usertimems="19.875" systemtimems="3.315" stalltimems="14.507" timestamp="2025-12-10T21:30:05.712" activeThreads="8">
  <mem-info id="1605" free="57513760" total="131399680" percent="43">
    <mem type="nursery" free="47886064" total="75366400" percent="63">
      <mem type="allocate" free="47886064" total="59244544" percent="80" />
      <mem type="survivor" free="0" total="16121856" percent="0" />
    </mem>
    <mem type="tenure" free="9627696" total="56033280" percent="17">
      <mem type="soa" free="6826032" total="53231616" percent="12" />
      <mem type="loa" free="2801664" total="2801664" percent="100" />
    </mem>
    <pending-finalizers system="6" default="829" reference="51" classloader="0" />
    <remembered-set count="1656" />
  </mem-info>
</gc-end>
<cycle-end id="1606" type="scavenge" contextid="1599" timestamp="2025-12-10T21:30:05.712" />
<allocation-satisfied id="1607" threadId="000000000086F300" bytesRequested="264" />
<af-end id="1608" timestamp="2025-12-10T21:30:05.713" threadId="000000000086FD78" success="true" from="nursery"/>
<exclusive-end id="1609" timestamp="2025-12-10T21:30:05.713" durationms="10.737" />

<exclusive-start id="1610" timestamp="2025-12-10T21:30:05.749" intervalms="46.559">
  <response-info timems="0.068" idlems="0.049" threads="1" lastid="000000000086F300" lastname="Default Executor-thread-4" />
</exclusive-start>
<af-start id="1611" threadId="000000000085C378" totalBytesRequested="13360" timestamp="2025-12-10T21:30:05.750" intervalms="46.553" type="nursery" />
<cycle-start id="1612" type="scavenge" contextid="0" timestamp="2025-12-10T21:30:05.751" intervalms="46.709" />
<gc-start id="1613" type="scavenge" contextid="1612" timestamp="2025-12-10T21:30:05.752">
  <mem-info id="1614" free="9609152" total="131399680" percent="7">
    <mem type="nursery" free="0" total="75366400" percent="0">
      <mem type="allocate" free="0" total="59244544" percent="0" />
      <mem type="survivor" free="0" total="16121856" percent="0" />
    </mem>
    <mem type="tenure" free="9609152" total="56033280" percent="17">
      <mem type="soa" free="6807488" total="53231616" percent="12" />
      <mem type="loa" free="2801664" total="2801664" percent="100" />
    </mem>
    <remembered-set count="2002" />
  </mem-info>
</gc-start>
<allocation-stats totalBytes="47757552" discardedBytes="147056" >
  <allocated-bytes non-tlh="77792" tlh="47679760" />
  <largest-consumer threadName="Default Executor-thread-4" threadId="000000000086F300" bytes="15893496" />
</allocation-stats>
<gc-op id="1615" type="scavenge" timems="6.809" contextid="1612" timestamp="2025-12-10T21:30:05.759">
  <scavenger-info tenureage="9" tenuremask="7e00" tiltratio="78" />
  <memory-copied type="nursery" objects="119795" bytes="13976760" bytesdiscarded="277416" />
  <finalization candidates="1510" enqueued="1486" />
  <ownableSynchronizers candidates="185" cleared="0" />
  <references type="soft" candidates="274" cleared="0" enqueued="0" dynamicThreshold="9" maxThreshold="32" />
  <references type="weak" candidates="456" cleared="102" enqueued="102" />
  <references type="phantom" candidates="252" cleared="15" enqueued="15" />
  <object-monitors candidates="88" cleared="0"  />
</gc-op>
<heap-resize id="1616" type="expand" space="nursery" amount="6160384" count="1" timems="0.027" reason="excessive time being spent scavenging" timestamp="2025-12-10T21:30:05.760" />
<gc-end id="1617" type="scavenge" contextid="1612" durationms="9.185" usertimems="18.247" systemtimems="11.138" stalltimems="14.863" timestamp="2025-12-10T21:30:05.761" activeThreads="7">
  <mem-info id="1618" free="55446192" total="137560064" percent="40">
    <mem type="nursery" free="45837040" total="81526784" percent="56">
      <mem type="allocate" free="45837040" total="60096512" percent="76" />
      <mem type="survivor" free="0" total="21430272" percent="0" />
    </mem>
    <mem type="tenure" free="9609152" total="56033280" percent="17">
      <mem type="soa" free="6807488" total="53231616" percent="12" />
      <mem type="loa" free="2801664" total="2801664" percent="100" />
    </mem>
    <pending-finalizers system="7" default="1479" reference="117" classloader="0" />
    <remembered-set count="1902" />
  </mem-info>
</gc-end>
<cycle-end id="1619" type="scavenge" contextid="1612" timestamp="2025-12-10T21:30:05.761" />
<allocation-satisfied id="1620" threadId="000000000085B900" bytesRequested="13360" />
<af-end id="1621" timestamp="2025-12-10T21:30:05.762" threadId="000000000085C378" success="true" from="nursery"/>
<exclusive-end id="1622" timestamp="2025-12-10T21:30:05.763" durationms="13.545" />

<exclusive-start id="1623" timestamp="2025-12-10T21:30:05.817" intervalms="67.892">
  <response-info timems="0.071" idlems="0.071" threads="0" lastid="000000000086F300" lastname="Default Executor-thread-4" />
</exclusive-start>
<af-start id="1624" threadId="000000000086FD78" totalBytesRequested="1896" timestamp="2025-12-10T21:30:05.818" intervalms="67.949" type="nursery" />
<cycle-start id="1625" type="scavenge" contextid="0" timestamp="2025-12-10T21:30:05.819" intervalms="67.948" />
<gc-start id="1626" type="scavenge" contextid="1625" timestamp="2025-12-10T21:30:05.819">
  <mem-info id="1627" free="9584320" total="137560064" percent="6">
    <mem type="nursery" free="0" total="81526784" percent="0">
      <mem type="allocate" free="0" total="60096512" percent="0" />
      <mem type="survivor" free="0" total="21430272" percent="0" />
    </mem>
    <mem type="tenure" free="9584320" total="56033280" percent="17">
      <mem type="soa" free="6782656" total="53231616" percent="12" />
      <mem type="loa" free="2801664" total="2801664" percent="100" />
    </mem>
    <remembered-set count="2406" />
  </mem-info>
</gc-start>
<allocation-stats totalBytes="45823784" discardedBytes="38088" >
  <allocated-bytes non-tlh="38192" tlh="45785592" />
  <largest-consumer threadName="Default Executor-thread-4" threadId="000000000086F300" bytes="16957056" />
</allocation-stats>
<gc-op id="1628" type="scavenge" timems="5.115" contextid="1625" timestamp="2025-12-10T21:30:05.826">
  <scavenger-info tenureage="9" tenuremask="7e00" tiltratio="73" />
  <memory-copied type="nursery" objects="140294" bytes="13058808" bytesdiscarded="294664" />
  <finalization candidates="987" enqueued="964" />
  <ownableSynchronizers candidates="235" cleared="34" />
  <references type="soft" candidates="349" cleared="0" enqueued="0" dynamicThreshold="9" maxThreshold="32" />
  <references type="weak" candidates="628" cleared="199" enqueued="196" />
  <references type="phantom" candidates="265" cleared="41" enqueued="41" />
  <object-monitors candidates="88" cleared="0"  />
</gc-op>
<heap-resize id="1629" type="expand" space="nursery" amount="4194304" count="1" timems="0.043" reason="excessive time being spent scavenging" timestamp="2025-12-10T21:30:05.827" />
<gc-end id="1630" type="scavenge" contextid="1625" durationms="8.641" usertimems="20.147" systemtimems="6.069" stalltimems="10.680" timestamp="2025-12-10T21:30:05.828" activeThreads="7">
  <mem-info id="1631" free="61696216" total="141754368" percent="43">
    <mem type="nursery" free="52111896" total="85721088" percent="60">
      <mem type="allocate" free="52111896" total="65470464" percent="79" />
      <mem type="survivor" free="0" total="20250624" percent="0" />
    </mem>
    <mem type="tenure" free="9584320" total="56033280" percent="17">
      <mem type="soa" free="6782656" total="53231616" percent="12" />
      <mem type="loa" free="2801664" total="2801664" percent="100" />
    </mem>
    <pending-finalizers system="61" default="903" reference="237" classloader="0" />
    <remembered-set count="2257" />
  </mem-info>
</gc-end>
<cycle-end id="1632" type="scavenge" contextid="1625" timestamp="2025-12-10T21:30:05.829" />
<allocation-satisfied id="1633" threadId="000000000086F300" bytesRequested="1896" />
<af-end id="1634" timestamp="2025-12-10T21:30:05.830" threadId="000000000086FD78" success="true" from="nursery"/>
<exclusive-end id="1635" timestamp="2025-12-10T21:30:05.830" durationms="13.033" />

<exclusive-start id="1636" timestamp="2025-12-10T21:30:05.869" intervalms="51.758">
  <response-info timems="0.162" idlems="0.121" threads="1" lastid="000000000085B900" lastname="Default Executor-thread-2" />
</exclusive-start>
<af-start id="1637" threadId="000000000086FD78" totalBytesRequested="120" timestamp="2025-12-10T21:30:05.870" intervalms="51.764" type="nursery" />
<cycle-start id="1638" type="scavenge" contextid="0" timestamp="2025-12-10T21:30:05.870" intervalms="51.677" />
<gc-start id="1639" type="scavenge" contextid="1638" timestamp="2025-12-10T21:30:05.871">
  <mem-info id="1640" free="9579640" total="141754368" percent="6">
    <mem type="nursery" free="0" total="85721088" percent="0">
      <mem type="allocate" free="0" total="65470464" percent="0" />
      <mem type="survivor" free="0" total="20250624" percent="0" />
    </mem>
    <mem type="tenure" free="9579640" total="56033280" percent="17">
      <mem type="soa" free="6777976" total="53231616" percent="12" />
      <mem type="loa" free="2801664" total="2801664" percent="100" />
    </mem>
    <remembered-set count="2484" />
  </mem-info>
</gc-start>
<allocation-stats totalBytes="52042032" discardedBytes="74544" >
  <allocated-bytes non-tlh="6576" tlh="52035456" />
  <largest-consumer threadName="Default Executor-thread-6" threadId="0000000000886B00" bytes="16221336" />
</allocation-stats>
<gc-op id="1641" type="scavenge" timems="7.341" contextid="1638" timestamp="2025-12-10T21:30:05.879">
  <scavenger-info tenureage="9" tenuremask="7e00" tiltratio="76" />
  <memory-copied type="nursery" objects="197115" bytes="14909976" bytesdiscarded="159088" />
  <memory-copied type="tenure" objects="2560" bytes="134768" bytesdiscarded="96" />
  <finalization candidates="909" enqueued="885" />
  <ownableSynchronizers candidates="227" cleared="20" />
  <references type="soft" candidates="264" cleared="0" enqueued="0" dynamicThreshold="9" maxThreshold="32" />
  <references type="weak" candidates="529" cleared="123" enqueued="120" />
  <references type="phantom" candidates="219" cleared="0" enqueued="0" />
  <object-monitors candidates="88" cleared="0"  />
</gc-op>
<heap-resize id="1642" type="expand" space="nursery" amount="6946816" count="1" timems="0.035" reason="excessive time being spent scavenging" timestamp="2025-12-10T21:30:05.880" />
<gc-end id="1643" type="scavenge" contextid="1638" durationms="9.643" usertimems="30.076" systemtimems="9.698" stalltimems="7.592" timestamp="2025-12-10T21:30:05.881" activeThreads="7">
  <mem-info id="1644" free="64591176" total="148701184" percent="43">
    <mem type="nursery" free="55442808" total="92667904" percent="59">
      <mem type="allocate" free="55442808" total="70516736" percent="78" />
      <mem type="survivor" free="0" total="22151168" percent="0" />
    </mem>
    <mem type="tenure" free="9148368" total="56033280" percent="16">
      <mem type="soa" free="6346704" total="53231616" percent="11" />
      <mem type="loa" free="2801664" total="2801664" percent="100" />
    </mem>
    <pending-finalizers system="0" default="885" reference="120" classloader="0" />
    <remembered-set count="2063" />
  </mem-info>
</gc-end>
<cycle-end id="1645" type="scavenge" contextid="1638" timestamp="2025-12-10T21:30:05.881" />
<allocation-satisfied id="1646" threadId="000000000086F300" bytesRequested="120" />
<af-end id="1647" timestamp="2025-12-10T21:30:05.882" threadId="000000000086FD78" success="true" from="nursery"/>
<exclusive-end id="1648" timestamp="2025-12-10T21:30:05.883" durationms="13.892" />

<exclusive-start id="1649" timestamp="2025-12-10T21:30:05.925" intervalms="55.998">
  <response-info timems="0.112" idlems="0.112" threads="0" lastid="000000000085B900" lastname="Default Executor-thread-2" />
</exclusive-start>
<af-start id="1650" threadId="000000000085C378" totalBytesRequested="2736" timestamp="2025-12-10T21:30:05.926" intervalms="56.035" type="nursery" />
<cycle-start id="1651" type="scavenge" contextid="0" timestamp="2025-12-10T21:30:05.926" intervalms="55.964" />
<gc-start id="1652" type="scavenge" contextid="1651" timestamp="2025-12-10T21:30:05.927">
  <mem-info id="1653" free="9145272" total="148701184" percent="6">
    <mem type="nursery" free="0" total="92667904" percent="0">
      <mem type="allocate" free="0" total="70516736" percent="0" />
      <mem type="survivor" free="0" total="22151168" percent="0" />
    </mem>
    <mem type="tenure" free="9145272" total="56033280" percent="16">
      <mem type="soa" free="6343608" total="53231616" percent="11" />
      <mem type="loa" free="2801664" total="2801664" percent="100" />
    </mem>
    <remembered-set count="2170" />
  </mem-info>
</gc-start>
<allocation-stats totalBytes="55399672" discardedBytes="46232" >
  <allocated-bytes non-tlh="284192" tlh="55115480" />
  <largest-consumer threadName="Default Executor-thread-6" threadId="0000000000886B00" bytes="19728696" />
</allocation-stats>
<gc-op id="1654" type="scavenge" timems="6.771" contextid="1651" timestamp="2025-12-10T21:30:05.935">
  <scavenger-info tenureage="9" tenuremask="7e00" tiltratio="76" />
  <memory-copied type="nursery" objects="234985" bytes="20518400" bytesdiscarded="451816" />
  <finalization candidates="1224" enqueued="1200" />
  <ownableSynchronizers candidates="205" cleared="0" />
  <references type="soft" candidates="265" cleared="0" enqueued="0" dynamicThreshold="9" maxThreshold="32" />
  <references type="weak" candidates="479" cleared="69" enqueued="68" />
  <references type="phantom" candidates="217" cleared="0" enqueued="0" />
  <object-monitors candidates="88" cleared="0"  />
</gc-op>
<heap-resize id="1655" type="expand" space="nursery" amount="6684672" count="1" timems="0.040" reason="excessive time being spent scavenging" timestamp="2025-12-10T21:30:05.935" />
<gc-end id="1656" type="scavenge" contextid="1651" durationms="9.183" usertimems="37.092" systemtimems="2.780" stalltimems="14.950" timestamp="2025-12-10T21:30:05.936" activeThreads="8">
  <mem-info id="1657" free="55343408" total="155385856" percent="35">
    <mem type="nursery" free="46198136" total="99352576" percent="46">
      <mem type="allocate" free="46198136" total="67174400" percent="68" />
      <mem type="survivor" free="0" total="32178176" percent="0" />
    </mem>
    <mem type="tenure" free="9145272" total="56033280" percent="16">
      <mem type="soa" free="6343608" total="53231616" percent="11" />
      <mem type="loa" free="2801664" total="2801664" percent="100" />
    </mem>
    <pending-finalizers system="0" default="1200" reference="68" classloader="0" />
    <remembered-set count="1898" />
  </mem-info>
</gc-end>
<cycle-end id="1658" type="scavenge" contextid="1651" timestamp="2025-12-10T21:30:05.937" />
<allocation-satisfied id="1659" threadId="000000000085B900" bytesRequested="2736" />
<af-end id="1660" timestamp="2025-12-10T21:30:05.938" threadId="000000000085C378" success="true" from="nursery"/>
<exclusive-end id="1661" timestamp="2025-12-10T21:30:05.938" durationms="13.500" />

<exclusive-start id="1662" timestamp="2025-12-10T21:30:05.968" intervalms="43.328">
  <response-info timems="0.065" idlems="0.039" threads="1" lastid="0000000000886B00" lastname="Default Executor-thread-6" />
</exclusive-start>
<af-start id="1663" threadId="000000000086FD78" totalBytesRequested="28904" timestamp="2025-12-10T21:30:05.969" intervalms="43.179" type="nursery" />
<cycle-start id="1664" type="scavenge" contextid="0" timestamp="2025-12-10T21:30:05.969" intervalms="43.197" />
<gc-start id="1665" type="scavenge" contextid="1664" timestamp="2025-12-10T21:30:05.970">
  <mem-info id="1666" free="9145160" total="155385856" percent="5">
    <mem type="nursery" free="0" total="99352576" percent="0">
      <mem type="allocate" free="0" total="67174400" percent="0" />
      <mem type="survivor" free="0" total="32178176" percent="0" />
    </mem>
    <mem type="tenure" free="9145160" total="56033280" percent="16">
      <mem type="soa" free="6343496" total="53231616" percent="11" />
      <mem type="loa" free="2801664" total="2801664" percent="100" />
    </mem>
    <remembered-set count="1926" />
  </mem-info>
</gc-start>
<allocation-stats totalBytes="46167608" discardedBytes="30640" >
  <allocated-bytes non-tlh="11048" tlh="46156560" />
  <largest-consumer threadName="Default Executor-thread-4" threadId="000000000086F300" bytes="16407984" />
</allocation-stats>
<gc-op id="1667" type="scavenge" timems="11.965" contextid="1664" timestamp="2025-12-10T21:30:05.983">
  <scavenger-info tenureage="5" tenuremask="7f20" tiltratio="67" />
  <memory-copied type="nursery" objects="183229" bytes="17319728" bytesdiscarded="500472" />
  <memory-copied type="tenure" objects="65595" bytes="3577272" bytesdiscarded="3824" />
  <finalization candidates="1302" enqueued="1267" />
  <ownableSynchronizers candidates="207" cleared="2" />
  <references type="soft" candidates="118" cleared="0" enqueued="0" dynamicThreshold="9" maxThreshold="32" />
  <references type="weak" candidates="141" cleared="17" enqueued="17" />
  <references type="phantom" candidates="160" cleared="17" enqueued="17" />
  <object-monitors candidates="88" cleared="0"  />
</gc-op>
<heap-resize id="1668" type="expand" space="nursery" amount="13631488" count="1" timems="0.037" reason="excessive time being spent scavenging" timestamp="2025-12-10T21:30:05.984" />
<gc-end id="1669" type="scavenge" contextid="1664" durationms="14.453" usertimems="50.739" systemtimems="16.566" stalltimems="27.911" timestamp="2025-12-10T21:30:05.985" activeThreads="9">
  <mem-info id="1670" free="67364272" total="169017344" percent="39">
    <mem type="nursery" free="61998792" total="112984064" percent="54">
      <mem type="allocate" free="61998792" total="79822848" percent="77" />
      <mem type="survivor" free="0" total="33161216" percent="0" />
    </mem>
    <mem type="tenure" free="5365480" total="56033280" percent="9">
      <mem type="soa" free="2563816" total="53231616" percent="4" />
      <mem type="loa" free="2801664" total="2801664" percent="100" />
    </mem>
    <pending-finalizers system="0" default="1267" reference="34" classloader="0" />
    <remembered-set count="7998" />
  </mem-info>
</gc-end>
<cycle-end id="1671" type="scavenge" contextid="1664" timestamp="2025-12-10T21:30:05.985" />
<allocation-satisfied id="1672" threadId="000000000086F300" bytesRequested="28904" />
<af-end id="1673" timestamp="2025-12-10T21:30:05.986" threadId="000000000086FD78" success="true" from="nursery"/>
<exclusive-end id="1674" timestamp="2025-12-10T21:30:05.987" durationms="18.836" />

<concurrent-kickoff id="1675" timestamp="2025-12-10T21:30:06.033">
  <kickoff reason="threshold reached" targetBytes="27695101" thresholdFreeBytes="3818219"  remainingFree="3414784" tenureFreeBytes="5365328" nurseryFreeBytes="3414784" />
</concurrent-kickoff>
<exclusive-start id="1676" timestamp="2025-12-10T21:30:06.034" intervalms="66.227">
  <response-info timems="0.113" idlems="0.089" threads="2" lastid="0000000000886B00" lastname="Default Executor-thread-6" />
</exclusive-start>
<cycle-start id="1677" type="global" contextid="0" timestamp="2025-12-10T21:30:06.035" intervalms="558.741" />
<concurrent-start id="1678" type="global mark" contextid="1677" timestamp="2025-12-10T21:30:06.036">
</concurrent-start>
<exclusive-end id="1679" timestamp="2025-12-10T21:30:06.036" durationms="1.801" />

<exclusive-start id="1680" timestamp="2025-12-10T21:30:06.041" intervalms="6.478">
  <response-info timems="0.308" idlems="0.141" threads="2" lastid="0000000000873000" lastname="Default Executor-thread-5" />
</exclusive-start>
<af-start id="1681" threadId="0000000000860078" totalBytesRequested="168" timestamp="2025-12-10T21:30:06.042" intervalms="72.800" type="nursery" />
<cycle-start id="1682" type="scavenge" contextid="0" timestamp="2025-12-10T21:30:06.042" intervalms="72.759" />
<gc-start id="1683" type="scavenge" contextid="1682" timestamp="2025-12-10T21:30:06.043">
  <mem-info id="1684" free="5365328" total="169017344" percent="3">
    <mem type="nursery" free="0" total="112984064" percent="0">
      <mem type="allocate" free="0" total="79822848" percent="0" />
      <mem type="survivor" free="0" total="33161216" percent="0" />
    </mem>
    <mem type="tenure" free="5365328" total="56033280" percent="9">
      <mem type="soa" free="2563664" total="53231616" percent="4" />
      <mem type="loa" free="2801664" total="2801664" percent="100" />
    </mem>
    <remembered-set count="8351" />
  </mem-info>
</gc-start>
<allocation-stats totalBytes="61948384" discardedBytes="50560" >
  <allocated-bytes non-tlh="671048" tlh="61277336" />
  <largest-consumer threadName="Default Executor-thread-6" threadId="0000000000886B00" bytes="19695656" />
</allocation-stats>
<gc-op id="1685" type="scavenge" timems="6.689" contextid="1682" timestamp="2025-12-10T21:30:06.051">
  <scavenger-info tenureage="8" tenuremask="7f00" tiltratio="70" />
  <memory-copied type="nursery" objects="227946" bytes="18570672" bytesdiscarded="289520" />
  <memory-copied type="tenure" objects="4637" bytes="225336" bytesdiscarded="88" />
  <finalization candidates="1491" enqueued="1456" />
  <ownableSynchronizers candidates="50" cleared="0" />
  <references type="soft" candidates="118" cleared="0" enqueued="0" dynamicThreshold="9" maxThreshold="32" />
  <references type="weak" candidates="196" cleared="69" enqueued="69" />
  <references type="phantom" candidates="273" cleared="48" enqueued="48" />
  <object-monitors candidates="88" cleared="0"  />
</gc-op>
<heap-resize id="1686" type="expand" space="nursery" amount="9437184" count="1" timems="0.201" reason="excessive time being spent scavenging" timestamp="2025-12-10T21:30:06.056" />
<gc-end id="1687" type="scavenge" contextid="1682" durationms="13.763" usertimems="41.955" systemtimems="0.000" stalltimems="24.712" timestamp="2025-12-10T21:30:06.057" activeThreads="10">
  <mem-info id="1688" free="77912360" total="178454528" percent="43">
    <mem type="nursery" free="72945120" total="122421248" percent="59">
      <mem type="allocate" free="72945120" total="91815936" percent="79" />
      <mem type="survivor" free="0" total="30605312" percent="0" />
    </mem>
    <mem type="tenure" free="4967240" total="56033280" percent="8">
      <mem type="soa" free="2165576" total="53231616" percent="4" />
      <mem type="loa" free="2801664" total="2801664" percent="100" />
    </mem>
    <pending-finalizers system="0" default="1456" reference="117" classloader="0" />
    <remembered-set count="8278" />
  </mem-info>
</gc-end>
<cycle-end id="1689" type="scavenge" contextid="1682" timestamp="2025-12-10T21:30:06.057" />
<allocation-satisfied id="1690" threadId="000000000085F600" bytesRequested="168" />
<af-end id="1691" timestamp="2025-12-10T21:30:06.067" threadId="0000000000860078" success="true" from="nursery"/>
<exclusive-end id="1692" timestamp="2025-12-10T21:30:06.067" durationms="26.323" />

<concurrent-end id="1693" type="global mark" contextid="1677" timestamp="2025-12-10T21:30:06.086">
<gc-op id="1694" type="trace" timems="50.277" contextid="1677" timestamp="2025-12-10T21:30:06.086">
  <trace bytesTraced="30182796" workStackOverflowCount="0" />
  <card-cleaning reason="card cleaning threshold reached" bytesTraced="64452" cardsCleaned="183" />
</gc-op>
</concurrent-end>

<exclusive-start id="1695" timestamp="2025-12-10T21:30:06.087" intervalms="46.290">
  <response-info timems="0.052" idlems="0.052" threads="0" lastid="000000000086F300" lastname="Default Executor-thread-4" />
</exclusive-start>
<concurrent-global-final id="1696" timestamp="2025-12-10T21:30:06.088" contextid="1677" intervalms="2584.800" >
  <concurrent-trace-info reason="card cleaning threshold reached" tracedByMutators="23150324" tracedByHelpers="7096924" cardsCleaned="183" workStackOverflowCount="0" />
</concurrent-global-final>
<gc-start id="1697" type="global" contextid="1677" timestamp="2025-12-10T21:30:06.089">
  <mem-info id="1698" free="70146288" total="178454528" percent="39">
    <mem type="nursery" free="65179048" total="122421248" percent="53">
      <mem type="allocate" free="65179048" total="91815936" percent="70" />
      <mem type="survivor" free="0" total="30605312" percent="0" />
    </mem>
    <mem type="tenure" free="4967240" total="56033280" percent="8">
      <mem type="soa" free="2165576" total="53231616" percent="4" />
      <mem type="loa" free="2801664" total="2801664" percent="100" />
    </mem>
    <remembered-set count="8352" />
  </mem-info>
</gc-start>
<allocation-stats totalBytes="7716032" discardedBytes="50040" >
  <allocated-bytes non-tlh="147512" tlh="7568520" />
  <largest-consumer threadName="Default Executor-thread-6" threadId="0000000000886B00" bytes="2398960" />
</allocation-stats>
<gc-op id="1699" type="rs-scan" timems="5.877" contextid="1677" timestamp="2025-12-10T21:30:06.096">
  <scan objectsFound="131033" bytesTraced="7450396" workStackOverflowCount="0" />
</gc-op>
<gc-op id="1700" type="card-cleaning" timems="3.462" contextid="1677" timestamp="2025-12-10T21:30:06.100">
  <card-cleaning cardsCleaned="45" bytesTraced="2209576" workStackOverflowCount="0" />
</gc-op>
<gc-op id="1701" type="mark" timems="14.746" contextid="1677" timestamp="2025-12-10T21:30:06.115">
  <trace-info objectcount="22804" scancount="19154" scanbytes="704720" />
  <finalization candidates="904" enqueued="61" />
  <ownableSynchronizers candidates="8649" cleared="24" />
  <references type="soft" candidates="12291" cleared="0" enqueued="0" dynamicThreshold="9" maxThreshold="32" />
  <references type="weak" candidates="15021" cleared="25" enqueued="25" />
  <references type="phantom" candidates="416" cleared="13" enqueued="13" />
  <stringconstants candidates="38755" cleared="154"  />
  <object-monitors candidates="88" cleared="0"  />
</gc-op>
<gc-op id="1702" type="classunload" timems="0.034" contextid="1677" timestamp="2025-12-10T21:30:06.116">
  <classunload-info classloadercandidates="418" classloadersunloaded="0" classesunloaded="0" anonymousclassesunloaded="0" quiescems="0.000" setupms="0.034" scanms="0.000" postms="0.000" />
</gc-op>
<gc-op id="1703" type="sweep" timems="1.894" contextid="1677" timestamp="2025-12-10T21:30:06.118" />
<heap-resize id="1704" type="expand" space="tenure" amount="13369344" count="1" timems="0.874" reason="insufficient free space following gc" timestamp="2025-12-10T21:30:06.120" />
<gc-end id="1705" type="global" contextid="1677" durationms="31.753" usertimems="69.972" systemtimems="39.459" stalltimems="263.090" timestamp="2025-12-10T21:30:06.120" activeThreads="20">
  <mem-info id="1706" free="99308280" total="191823872" percent="51">
    <mem type="nursery" free="78459064" total="122421248" percent="64">
      <mem type="allocate" free="78459064" total="91815936" percent="85" />
      <mem type="survivor" free="0" total="30605312" percent="0" />
    </mem>
    <mem type="tenure" free="20849216" total="69402624" percent="30" micro-fragmented="1424929" macro-fragmented="0">
      <mem type="soa" free="17378880" total="65932288" percent="26" />
      <mem type="loa" free="3470336" total="3470336" percent="100" />
    </mem>
    <pending-finalizers system="0" default="61" reference="38" classloader="0" />
    <remembered-set count="8251" />
  </mem-info>
</gc-end>
<cycle-end id="1707" type="global" contextid="1677" timestamp="2025-12-10T21:30:06.121" />
<exclusive-end id="1708" timestamp="2025-12-10T21:30:06.122" durationms="34.392" />

<exclusive-start id="1709" timestamp="2025-12-10T21:30:06.183" intervalms="95.527">
  <response-info timems="0.065" idlems="0.051" threads="2" lastid="000000000086F300" lastname="Default Executor-thread-4" />
</exclusive-start>
<af-start id="1710" threadId="00000000014BEA78" totalBytesRequested="24" timestamp="2025-12-10T21:30:06.183" intervalms="141.838" type="nursery" />
<cycle-start id="1711" type="scavenge" contextid="0" timestamp="2025-12-10T21:30:06.184" intervalms="141.870" />
<gc-start id="1712" type="scavenge" contextid="1711" timestamp="2025-12-10T21:30:06.185">
  <mem-info id="1713" free="20840248" total="191823872" percent="10">
    <mem type="nursery" free="0" total="122421248" percent="0">
      <mem type="allocate" free="0" total="91815936" percent="0" />
      <mem type="survivor" free="0" total="30605312" percent="0" />
    </mem>
    <mem type="tenure" free="20840248" total="69402624" percent="30">
      <mem type="soa" free="17369912" total="65932288" percent="26" />
      <mem type="loa" free="3470336" total="3470336" percent="100" />
    </mem>
    <remembered-set count="8694" />
  </mem-info>
</gc-start>
<allocation-stats totalBytes="78378480" discardedBytes="81920" >
  <allocated-bytes non-tlh="1490424" tlh="76888056" />
  <largest-consumer threadName="Default Executor-thread-4" threadId="000000000086F300" bytes="26652416" />
</allocation-stats>
<gc-op id="1714" type="scavenge" timems="10.886" contextid="1711" timestamp="2025-12-10T21:30:06.197">
  <scavenger-info tenureage="4" tenuremask="7f10" tiltratio="75" />
  <memory-copied type="nursery" objects="204631" bytes="14243400" bytesdiscarded="238296" />
  <memory-copied type="tenure" objects="72659" bytes="3927712" bytesdiscarded="6752" />
  <finalization candidates="979" enqueued="907" />
  <ownableSynchronizers candidates="17270" cleared="17180" />
  <references type="soft" candidates="118" cleared="0" enqueued="0" dynamicThreshold="9" maxThreshold="32" />
  <references type="weak" candidates="373" cleared="180" enqueued="180" />
  <references type="phantom" candidates="324" cleared="128" enqueued="128" />
  <object-monitors candidates="88" cleared="0"  />
</gc-op>
<heap-resize id="1715" type="expand" space="nursery" amount="4587520" count="1" timems="0.032" reason="excessive time being spent scavenging" timestamp="2025-12-10T21:30:06.197" />
<gc-end id="1716" type="scavenge" contextid="1711" durationms="13.034" usertimems="54.678" systemtimems="5.090" stalltimems="15.628" timestamp="2025-12-10T21:30:06.198" activeThreads="9">
  <mem-info id="1717" free="100531624" total="196411392" percent="51">
    <mem type="nursery" free="84262152" total="127008768" percent="66">
      <mem type="allocate" free="84262152" total="98762752" percent="85" />
      <mem type="survivor" free="0" total="28246016" percent="0" />
    </mem>
    <mem type="tenure" free="16269472" total="69402624" percent="23">
      <mem type="soa" free="12799136" total="65932288" percent="19" />
      <mem type="loa" free="3470336" total="3470336" percent="100" />
    </mem>
    <pending-finalizers system="0" default="907" reference="308" classloader="0" />
    <remembered-set count="7342" />
  </mem-info>
</gc-end>
<cycle-end id="1718" type="scavenge" contextid="1711" timestamp="2025-12-10T21:30:06.199" />
<allocation-satisfied id="1719" threadId="00000000014BE000" bytesRequested="24" />
<af-end id="1720" timestamp="2025-12-10T21:30:06.200" threadId="00000000014BEA78" success="true" from="nursery"/>
<exclusive-end id="1721" timestamp="2025-12-10T21:30:06.200" durationms="17.324" />

<exclusive-start id="1722" timestamp="2025-12-10T21:30:06.248" intervalms="65.666">
  <response-info timems="0.044" idlems="0.044" threads="0" lastid="0000000000873000" lastname="Default Executor-thread-5" />
</exclusive-start>
<af-start id="1723" threadId="0000000000873A78" totalBytesRequested="3024" timestamp="2025-12-10T21:30:06.249" intervalms="65.628" type="nursery" />
<cycle-start id="1724" type="scavenge" contextid="0" timestamp="2025-12-10T21:30:06.250" intervalms="65.677" />
<gc-start id="1725" type="scavenge" contextid="1724" timestamp="2025-12-10T21:30:06.251">
  <mem-info id="1726" free="16259504" total="196411392" percent="8">
    <mem type="nursery" free="0" total="127008768" percent="0">
      <mem type="allocate" free="0" total="98762752" percent="0" />
      <mem type="survivor" free="0" total="28246016" percent="0" />
    </mem>
    <mem type="tenure" free="16259504" total="69402624" percent="23">
      <mem type="soa" free="12789168" total="65932288" percent="19" />
      <mem type="loa" free="3470336" total="3470336" percent="100" />
    </mem>
    <remembered-set count="7923" />
  </mem-info>
</gc-start>
<allocation-stats totalBytes="84182664" discardedBytes="89456" >
  <allocated-bytes non-tlh="691688" tlh="83490976" />
  <largest-consumer threadName="Default Executor-thread-5" threadId="0000000000873000" bytes="18074408" />
</allocation-stats>
<gc-op id="1727" type="scavenge" timems="6.639" contextid="1724" timestamp="2025-12-10T21:30:06.259">
  <scavenger-info tenureage="8" tenuremask="7f00" tiltratio="77" />
  <memory-copied type="nursery" objects="204155" bytes="14923104" bytesdiscarded="466072" />
  <finalization candidates="582" enqueued="505" />
  <ownableSynchronizers candidates="102" cleared="21" />
  <references type="soft" candidates="144" cleared="0" enqueued="0" dynamicThreshold="9" maxThreshold="32" />
  <references type="weak" candidates="448" cleared="221" enqueued="221" />
  <references type="phantom" candidates="248" cleared="3" enqueued="3" />
  <object-monitors candidates="94" cleared="5"  />
</gc-op>
<heap-resize id="1728" type="expand" space="nursery" amount="8388608" count="1" timems="0.041" reason="excessive time being spent scavenging" timestamp="2025-12-10T21:30:06.259" />
<gc-end id="1729" type="scavenge" contextid="1724" durationms="9.617" usertimems="38.639" systemtimems="4.335" stalltimems="34.623" timestamp="2025-12-10T21:30:06.260" activeThreads="12">
  <mem-info id="1730" free="108930112" total="204800000" percent="53">
    <mem type="nursery" free="92670608" total="135397376" percent="68">
      <mem type="allocate" free="92670608" total="108068864" percent="85" />
      <mem type="survivor" free="0" total="27328512" percent="0" />
    </mem>
    <mem type="tenure" free="16259504" total="69402624" percent="23">
      <mem type="soa" free="12789168" total="65932288" percent="19" />
      <mem type="loa" free="3470336" total="3470336" percent="100" />
    </mem>
    <pending-finalizers system="6" default="499" reference="224" classloader="0" />
    <remembered-set count="7568" />
  </mem-info>
</gc-end>
<cycle-end id="1731" type="scavenge" contextid="1724" timestamp="2025-12-10T21:30:06.261" />
<allocation-satisfied id="1732" threadId="0000000000873000" bytesRequested="3024" />
<af-end id="1733" timestamp="2025-12-10T21:30:06.262" threadId="0000000000873A78" success="true" from="nursery"/>
<exclusive-end id="1734" timestamp="2025-12-10T21:30:06.262" durationms="14.113" />

<exclusive-start id="1735" timestamp="2025-12-10T21:30:06.340" intervalms="91.133">
  <response-info timems="0.211" idlems="0.129" threads="1" lastid="0000000000873000" lastname="Default Executor-thread-5" />
</exclusive-start>
<af-start id="1736" threadId="00000000014BEA78" totalBytesRequested="104" timestamp="2025-12-10T21:30:06.341" intervalms="92.185" type="nursery" />
<cycle-start id="1737" type="scavenge" contextid="0" timestamp="2025-12-10T21:30:06.342" intervalms="92.182" />
<gc-start id="1738" type="scavenge" contextid="1737" timestamp="2025-12-10T21:30:06.343">
  <mem-info id="1739" free="16214336" total="204800000" percent="7">
    <mem type="nursery" free="0" total="135397376" percent="0">
      <mem type="allocate" free="0" total="108068864" percent="0" />
      <mem type="survivor" free="0" total="27328512" percent="0" />
    </mem>
    <mem type="tenure" free="16214336" total="69402624" percent="23">
      <mem type="soa" free="12744000" total="65932288" percent="19" />
      <mem type="loa" free="3470336" total="3470336" percent="100" />
    </mem>
    <remembered-set count="8406" />
  </mem-info>
</gc-start>
<allocation-stats totalBytes="92552312" discardedBytes="163464" >
  <allocated-bytes non-tlh="48192" tlh="92504120" />
  <largest-consumer threadName="Default Executor-thread-5" threadId="0000000000873000" bytes="29460728" />
</allocation-stats>
<gc-op id="1740" type="scavenge" timems="12.170" contextid="1737" timestamp="2025-12-10T21:30:06.357">
  <scavenger-info tenureage="8" tenuremask="7f00" tiltratio="79" />
  <memory-copied type="nursery" objects="226097" bytes="18259224" bytesdiscarded="470544" />
  <memory-copied type="tenure" objects="15244" bytes="951816" bytesdiscarded="232" />
  <finalization candidates="1422" enqueued="1341" />
  <ownableSynchronizers candidates="107" cleared="25" />
  <references type="soft" candidates="209" cleared="0" enqueued="0" dynamicThreshold="9" maxThreshold="32" />
  <references type="weak" candidates="571" cleared="315" enqueued="315" />
  <references type="phantom" candidates="327" cleared="85" enqueued="85" />
  <object-monitors candidates="147" cleared="55"  />
</gc-op>
<heap-resize id="1741" type="expand" space="nursery" amount="9306112" count="1" timems="0.872" reason="excessive time being spent scavenging" timestamp="2025-12-10T21:30:06.358" />
<gc-end id="1742" type="scavenge" contextid="1737" durationms="16.013" usertimems="66.455" systemtimems="12.430" stalltimems="27.995" timestamp="2025-12-10T21:30:06.359" activeThreads="11">
  <mem-info id="1743" free="112511032" total="214106112" percent="52">
    <mem type="nursery" free="97586448" total="144703488" percent="67">
      <mem type="allocate" free="97586448" total="116326400" percent="83" />
      <mem type="survivor" free="0" total="28377088" percent="0" />
    </mem>
    <mem type="tenure" free="14924584" total="69402624" percent="21">
      <mem type="soa" free="11454248" total="65932288" percent="17" />
      <mem type="loa" free="3470336" total="3470336" percent="100" />
    </mem>
    <pending-finalizers system="66" default="1275" reference="400" classloader="0" />
    <remembered-set count="8017" />
  </mem-info>
</gc-end>
<cycle-end id="1744" type="scavenge" contextid="1737" timestamp="2025-12-10T21:30:06.359" />
<allocation-satisfied id="1745" threadId="00000000014BE000" bytesRequested="104" />
<af-end id="1746" timestamp="2025-12-10T21:30:06.360" threadId="00000000014BEA78" success="true" from="nursery"/>
<exclusive-end id="1747" timestamp="2025-12-10T21:30:06.361" durationms="21.399" />

<exclusive-start id="1748" timestamp="2025-12-10T21:30:06.507" intervalms="167.945">
  <response-info timems="0.080" idlems="0.062" threads="1" lastid="0000000000873000" lastname="Default Executor-thread-5" />
</exclusive-start>
<af-start id="1749" threadId="0000000000887578" totalBytesRequested="10432" timestamp="2025-12-10T21:30:06.508" intervalms="167.002" type="nursery" />
<cycle-start id="1750" type="scavenge" contextid="0" timestamp="2025-12-10T21:30:06.509" intervalms="166.855" />
<gc-start id="1751" type="scavenge" contextid="1750" timestamp="2025-12-10T21:30:06.510">
  <mem-info id="1752" free="14819968" total="214106112" percent="6">
    <mem type="nursery" free="0" total="144703488" percent="0">
      <mem type="allocate" free="0" total="116326400" percent="0" />
      <mem type="survivor" free="0" total="28377088" percent="0" />
    </mem>
    <mem type="tenure" free="14819968" total="69402624" percent="21">
      <mem type="soa" free="11349632" total="65932288" percent="17" />
      <mem type="loa" free="3470336" total="3470336" percent="100" />
    </mem>
    <remembered-set count="9750" />
  </mem-info>
</gc-start>
<allocation-stats totalBytes="97659976" discardedBytes="31088" >
  <allocated-bytes non-tlh="104720" tlh="97555256" />
  <largest-consumer threadName="Default Executor-thread-5" threadId="0000000000873000" bytes="60599320" />
</allocation-stats>
<gc-op id="1753" type="scavenge" timems="10.001" contextid="1750" timestamp="2025-12-10T21:30:06.521">
  <scavenger-info tenureage="8" tenuremask="7f00" tiltratio="80" />
  <memory-copied type="nursery" objects="286310" bytes="26091112" bytesdiscarded="526728" />
  <memory-copied type="tenure" objects="22586" bytes="2010992" bytesdiscarded="1376" />
  <finalization candidates="2932" enqueued="2829" />
  <ownableSynchronizers candidates="109" cleared="18" />
  <references type="soft" candidates="331" cleared="0" enqueued="0" dynamicThreshold="9" maxThreshold="32" />
  <references type="weak" candidates="982" cleared="660" enqueued="660" />
  <references type="phantom" candidates="456" cleared="201" enqueued="201" />
  <object-monitors candidates="271" cleared="169"  />
</gc-op>
<gc-end id="1754" type="scavenge" contextid="1750" durationms="11.982" usertimems="58.953" systemtimems="17.945" stalltimems="40.721" timestamp="2025-12-10T21:30:06.522" activeThreads="13">
  <mem-info id="1755" free="91455376" total="214106112" percent="42">
    <mem type="nursery" free="79067368" total="144703488" percent="54">
      <mem type="allocate" free="79067368" total="105709568" percent="74" />
      <mem type="survivor" free="0" total="38993920" percent="0" />
    </mem>
    <mem type="tenure" free="12388008" total="69402624" percent="17">
      <mem type="soa" free="8917672" total="65932288" percent="13" />
      <mem type="loa" free="3470336" total="3470336" percent="100" />
    </mem>
    <pending-finalizers system="101" default="2728" reference="861" classloader="0" />
    <remembered-set count="6087" />
  </mem-info>
</gc-end>
<cycle-end id="1756" type="scavenge" contextid="1750" timestamp="2025-12-10T21:30:06.522" />
<allocation-satisfied id="1757" threadId="0000000000886B00" bytesRequested="10432" />
<af-end id="1758" timestamp="2025-12-10T21:30:06.523" threadId="0000000000887578" success="true" from="nursery"/>
<exclusive-end id="1759" timestamp="2025-12-10T21:30:06.524" durationms="16.225" />

<exclusive-start id="1760" timestamp="2025-12-10T21:30:06.669" intervalms="161.046">
  <response-info timems="0.062" idlems="0.062" threads="0" lastid="000000000086F300" lastname="Default Executor-thread-4" />
</exclusive-start>
<af-start id="1761" threadId="000000000086FD78" totalBytesRequested="60904" timestamp="2025-12-10T21:30:06.669" intervalms="160.912" type="nursery" />
<cycle-start id="1762" type="scavenge" contextid="0" timestamp="2025-12-10T21:30:06.670" intervalms="161.195" />
<gc-start id="1763" type="scavenge" contextid="1762" timestamp="2025-12-10T21:30:06.671">
  <mem-info id="1764" free="12291944" total="214106112" percent="5">
    <mem type="nursery" free="0" total="144703488" percent="0">
      <mem type="allocate" free="0" total="105709568" percent="0" />
      <mem type="survivor" free="0" total="38993920" percent="0" />
    </mem>
    <mem type="tenure" free="12291944" total="69402624" percent="17">
      <mem type="soa" free="8821608" total="65932288" percent="13" />
      <mem type="loa" free="3470336" total="3470336" percent="100" />
    </mem>
    <remembered-set count="8148" />
  </mem-info>
</gc-start>
<allocation-stats totalBytes="79057752" discardedBytes="105680" >
  <allocated-bytes non-tlh="258480" tlh="78799272" />
  <largest-consumer threadName="Default Executor-thread-5" threadId="0000000000873000" bytes="50348152" />
</allocation-stats>
<gc-op id="1765" type="scavenge" timems="10.324" contextid="1762" timestamp="2025-12-10T21:30:06.682">
  <scavenger-info tenureage="7" tenuremask="7f80" tiltratio="73" />
  <memory-copied type="nursery" objects="344016" bytes="25409728" bytesdiscarded="671600" />
  <memory-copied type="tenure" objects="34385" bytes="1352088" bytesdiscarded="896" />
  <finalization candidates="2514" enqueued="2410" />
  <ownableSynchronizers candidates="1243" cleared="905" />
  <references type="soft" candidates="1245" cleared="0" enqueued="0" dynamicThreshold="9" maxThreshold="32" />
  <references type="weak" candidates="969" cleared="393" enqueued="393" />
  <references type="phantom" candidates="324" cleared="33" enqueued="33" />
  <object-monitors candidates="138" cleared="27"  />
</gc-op>
<heap-resize id="1766" type="expand" space="nursery" amount="6553600" count="1" timems="0.040" reason="excessive time being spent scavenging" timestamp="2025-12-10T21:30:06.682" />
<gc-end id="1767" type="scavenge" contextid="1762" durationms="12.290" usertimems="55.238" systemtimems="34.110" stalltimems="43.044" timestamp="2025-12-10T21:30:06.683" activeThreads="13">
  <mem-info id="1768" free="100823912" total="220659712" percent="45">
    <mem type="nursery" free="89964632" total="151257088" percent="59">
      <mem type="allocate" free="89964632" total="116064256" percent="77" />
      <mem type="survivor" free="0" total="35192832" percent="0" />
    </mem>
    <mem type="tenure" free="10859280" total="69402624" percent="15">
      <mem type="soa" free="7388944" total="65932288" percent="11" />
      <mem type="loa" free="3470336" total="3470336" percent="100" />
    </mem>
    <pending-finalizers system="50" default="2360" reference="426" classloader="0" />
    <remembered-set count="8123" />
  </mem-info>
</gc-end>
<cycle-end id="1769" type="scavenge" contextid="1762" timestamp="2025-12-10T21:30:06.684" />
<allocation-satisfied id="1770" threadId="000000000086F300" bytesRequested="60904" />
<af-end id="1771" timestamp="2025-12-10T21:30:06.685" threadId="000000000086FD78" success="true" from="nursery"/>
<exclusive-end id="1772" timestamp="2025-12-10T21:30:06.685" durationms="16.605" />

<exclusive-start id="1773" timestamp="2025-12-10T21:30:06.881" intervalms="212.133">
  <response-info timems="0.075" idlems="0.065" threads="1" lastid="0000000000873000" lastname="Default Executor-thread-5" />
</exclusive-start>
<af-start id="1774" threadId="000000000086FD78" totalBytesRequested="72" timestamp="2025-12-10T21:30:06.881" intervalms="212.221" type="nursery" />
<cycle-start id="1775" type="scavenge" contextid="0" timestamp="2025-12-10T21:30:06.882" intervalms="212.426" />
<gc-start id="1776" type="scavenge" contextid="1775" timestamp="2025-12-10T21:30:06.883">
  <mem-info id="1777" free="10761176" total="220659712" percent="4">
    <mem type="nursery" free="0" total="151257088" percent="0">
      <mem type="allocate" free="0" total="116064256" percent="0" />
      <mem type="survivor" free="0" total="35192832" percent="0" />
    </mem>
    <mem type="tenure" free="10761176" total="69402624" percent="15">
      <mem type="soa" free="7290840" total="65932288" percent="11" />
      <mem type="loa" free="3470336" total="3470336" percent="100" />
    </mem>
    <remembered-set count="9809" />
  </mem-info>
</gc-start>
<allocation-stats totalBytes="90034016" discardedBytes="28720" >
  <allocated-bytes non-tlh="159008" tlh="89875008" />
  <largest-consumer threadName="Default Executor-thread-5" threadId="0000000000873000" bytes="59194584" />
</allocation-stats>
<gc-op id="1778" type="scavenge" timems="13.995" contextid="1775" timestamp="2025-12-10T21:30:06.898">
  <scavenger-info tenureage="5" tenuremask="7f20" tiltratio="76" />
  <memory-copied type="nursery" objects="441258" bytes="28829832" bytesdiscarded="515912" />
  <memory-copied type="tenure" objects="41423" bytes="3049376" bytesdiscarded="2432" />
  <finalization candidates="2763" enqueued="2660" />
  <ownableSynchronizers candidates="2521" cleared="2161" />
  <references type="soft" candidates="1519" cleared="0" enqueued="0" dynamicThreshold="9" maxThreshold="32" />
  <references type="weak" candidates="945" cleared="294" enqueued="294" />
  <references type="phantom" candidates="179" cleared="21" enqueued="21" />
  <object-monitors candidates="229" cleared="114"  />
</gc-op>
<gc-end id="1779" type="scavenge" contextid="1775" durationms="16.032" usertimems="116.562" systemtimems="6.113" stalltimems="54.571" timestamp="2025-12-10T21:30:06.899" activeThreads="14">
  <mem-info id="1780" free="90877240" total="220659712" percent="41">
    <mem type="nursery" free="83155032" total="151257088" percent="54">
      <mem type="allocate" free="83155032" total="112525312" percent="73" />
      <mem type="survivor" free="0" total="38731776" percent="0" />
    </mem>
    <mem type="tenure" free="7722208" total="69402624" percent="11">
      <mem type="soa" free="4251872" total="65932288" percent="6" />
      <mem type="loa" free="3470336" total="3470336" percent="100" />
    </mem>
    <pending-finalizers system="49" default="2611" reference="315" classloader="0" />
    <remembered-set count="13080" />
  </mem-info>
</gc-end>
<cycle-end id="1781" type="scavenge" contextid="1775" timestamp="2025-12-10T21:30:06.900" />
<allocation-satisfied id="1782" threadId="000000000086F300" bytesRequested="72" />
<af-end id="1783" timestamp="2025-12-10T21:30:06.901" threadId="000000000086FD78" success="true" from="nursery"/>
<exclusive-end id="1784" timestamp="2025-12-10T21:30:06.901" durationms="20.689" />

<concurrent-kickoff id="1785" timestamp="2025-12-10T21:30:07.023">
  <kickoff reason="threshold reached" targetBytes="34878216" thresholdFreeBytes="4819672"  remainingFree="4311128" tenureFreeBytes="7699984" nurseryFreeBytes="4311128" />
</concurrent-kickoff>
<exclusive-start id="1786" timestamp="2025-12-10T21:30:07.025" intervalms="143.867">
  <response-info timems="0.063" idlems="0.063" threads="0" lastid="0000000000873000" lastname="Default Executor-thread-5" />
</exclusive-start>
<cycle-start id="1787" type="global" contextid="0" timestamp="2025-12-10T21:30:07.025" intervalms="990.015" />
<concurrent-start id="1788" type="global mark" contextid="1787" timestamp="2025-12-10T21:30:07.026">
</concurrent-start>
<exclusive-end id="1789" timestamp="2025-12-10T21:30:07.027" durationms="2.053" />

<concurrent-end id="1790" type="global mark" contextid="1787" timestamp="2025-12-10T21:30:07.055">
<gc-op id="1791" type="trace" timems="28.911" contextid="1787" timestamp="2025-12-10T21:30:07.055">
  <trace bytesTraced="38427120" workStackOverflowCount="0" />
  <card-cleaning reason="card cleaning threshold reached" bytesTraced="17280" cardsCleaned="78" />
</gc-op>
</concurrent-end>

<exclusive-start id="1792" timestamp="2025-12-10T21:30:07.056" intervalms="31.657">
  <response-info timems="0.069" idlems="0.058" threads="1" lastid="0000000000873000" lastname="Default Executor-thread-5" />
</exclusive-start>
<concurrent-global-final id="1793" timestamp="2025-12-10T21:30:07.057" contextid="1787" intervalms="968.989" >
  <concurrent-trace-info reason="card cleaning threshold reached" tracedByMutators="28226496" tracedByHelpers="10217904" cardsCleaned="78" workStackOverflowCount="0" />
</concurrent-global-final>
<gc-start id="1794" type="global" contextid="1787" timestamp="2025-12-10T21:30:07.058">
  <mem-info id="1795" free="8126480" total="220659712" percent="3">
    <mem type="nursery" free="428120" total="151257088" percent="0">
      <mem type="allocate" free="428120" total="112525312" percent="0" />
      <mem type="survivor" free="0" total="38731776" percent="0" />
    </mem>
    <mem type="tenure" free="7698360" total="69402624" percent="11">
      <mem type="soa" free="4228024" total="65932288" percent="6" />
      <mem type="loa" free="3470336" total="3470336" percent="100" />
    </mem>
    <remembered-set count="13508" />
  </mem-info>
</gc-start>
<allocation-stats totalBytes="82684064" discardedBytes="66696" >
  <allocated-bytes non-tlh="23920" tlh="82660144" />
  <largest-consumer threadName="Default Executor-thread-5" threadId="0000000000873000" bytes="39166704" />
</allocation-stats>
<gc-op id="1796" type="rs-scan" timems="6.601" contextid="1787" timestamp="2025-12-10T21:30:07.065">
  <scan objectsFound="382416" bytesTraced="13961204" workStackOverflowCount="0" />
</gc-op>
<gc-op id="1797" type="card-cleaning" timems="1.688" contextid="1787" timestamp="2025-12-10T21:30:07.068">
  <card-cleaning cardsCleaned="32" bytesTraced="21556" workStackOverflowCount="0" />
</gc-op>
<gc-op id="1798" type="mark" timems="18.516" contextid="1787" timestamp="2025-12-10T21:30:07.087">
  <trace-info objectcount="39058" scancount="34238" scanbytes="2996660" />
  <finalization candidates="2389" enqueued="1484" />
  <ownableSynchronizers candidates="18478" cleared="9524" />
  <references type="soft" candidates="13948" cleared="0" enqueued="0" dynamicThreshold="9" maxThreshold="32" />
  <references type="weak" candidates="15885" cleared="88" enqueued="88" />
  <references type="phantom" candidates="611" cleared="10" enqueued="10" />
  <stringconstants candidates="40518" cleared="37"  />
  <object-monitors candidates="132" cleared="20"  />
</gc-op>
<gc-op id="1799" type="classunload" timems="1.826" contextid="1787" timestamp="2025-12-10T21:30:07.090">
  <classunload-info classloadercandidates="449" classloadersunloaded="1" classesunloaded="4" anonymousclassesunloaded="3" quiescems="0.000" setupms="1.776" scanms="0.041" postms="0.008" />
</gc-op>
<gc-op id="1800" type="sweep" timems="2.688" contextid="1787" timestamp="2025-12-10T21:30:07.093" />
<heap-resize id="1801" type="expand" space="tenure" amount="13500416" count="1" timems="1.272" reason="insufficient free space following gc" timestamp="2025-12-10T21:30:07.095" />
<gc-end id="1802" type="global" contextid="1787" durationms="37.940" usertimems="118.655" systemtimems="50.345" stalltimems="314.721" timestamp="2025-12-10T21:30:07.096" activeThreads="20">
  <mem-info id="1803" free="107883960" total="234160128" percent="46">
    <mem type="nursery" free="83008848" total="151257088" percent="54">
      <mem type="allocate" free="83008848" total="112525312" percent="73" />
      <mem type="survivor" free="0" total="38731776" percent="0" />
    </mem>
    <mem type="tenure" free="24875112" total="82903040" percent="30" micro-fragmented="1425144" macro-fragmented="0">
      <mem type="soa" free="20729960" total="78757888" percent="26" />
      <mem type="loa" free="4145152" total="4145152" percent="100" />
    </mem>
    <pending-finalizers system="14" default="1470" reference="98" classloader="0" />
    <remembered-set count="12014" />
  </mem-info>
</gc-end>
<cycle-end id="1804" type="global" contextid="1787" timestamp="2025-12-10T21:30:07.097" />
<exclusive-end id="1805" timestamp="2025-12-10T21:30:07.097" durationms="40.876" />

<exclusive-start id="1806" timestamp="2025-12-10T21:30:07.258" intervalms="201.580">
  <response-info timems="0.056" idlems="0.056" threads="0" lastid="0000000000873000" lastname="Default Executor-thread-5" />
</exclusive-start>
<af-start id="1807" threadId="0000000000873A78" totalBytesRequested="16040" timestamp="2025-12-10T21:30:07.258" intervalms="377.148" type="nursery" />
<cycle-start id="1808" type="scavenge" contextid="0" timestamp="2025-12-10T21:30:07.259" intervalms="376.891" />
<gc-start id="1809" type="scavenge" contextid="1808" timestamp="2025-12-10T21:30:07.260">
  <mem-info id="1810" free="24777992" total="234160128" percent="10">
    <mem type="nursery" free="0" total="151257088" percent="0">
      <mem type="allocate" free="0" total="112525312" percent="0" />
      <mem type="survivor" free="0" total="38731776" percent="0" />
    </mem>
    <mem type="tenure" free="24777992" total="82903040" percent="29">
      <mem type="soa" free="20632840" total="78757888" percent="26" />
      <mem type="loa" free="4145152" total="4145152" percent="100" />
    </mem>
    <remembered-set count="13870" />
  </mem-info>
</gc-start>
<allocation-stats totalBytes="82298136" discardedBytes="698408" >
  <allocated-bytes non-tlh="13199688" tlh="69098448" />
  <largest-consumer threadName="Default Executor-thread-5" threadId="0000000000873000" bytes="49090256" />
</allocation-stats>
<gc-op id="1811" type="scavenge" timems="12.372" contextid="1808" timestamp="2025-12-10T21:30:07.274">
  <scavenger-info tenureage="5" tenuremask="7f20" tiltratio="74" />
  <memory-copied type="nursery" objects="308904" bytes="23879448" bytesdiscarded="449296" />
  <memory-copied type="tenure" objects="29339" bytes="3210008" bytesdiscarded="9144" />
  <finalization candidates="1928" enqueued="1862" />
  <ownableSynchronizers candidates="17972" cleared="17711" />
  <references type="soft" candidates="2063" cleared="0" enqueued="0" dynamicThreshold="9" maxThreshold="32" />
  <references type="weak" candidates="864" cleared="357" enqueued="338" />
  <references type="phantom" candidates="252" cleared="100" enqueued="100" />
  <object-monitors candidates="143" cleared="33"  />
</gc-op>
<gc-end id="1812" type="scavenge" contextid="1808" durationms="14.541" usertimems="95.261" systemtimems="12.838" stalltimems="81.979" timestamp="2025-12-10T21:30:07.275" activeThreads="16">
  <mem-info id="1813" free="109876864" total="234160128" percent="46">
    <mem type="nursery" free="88769200" total="151257088" percent="58">
      <mem type="allocate" free="88769200" total="113115136" percent="78" />
      <mem type="survivor" free="0" total="38141952" percent="0" />
    </mem>
    <mem type="tenure" free="21107664" total="82903040" percent="25">
      <mem type="soa" free="16962512" total="78757888" percent="21" />
      <mem type="loa" free="4145152" total="4145152" percent="100" />
    </mem>
    <pending-finalizers system="63" default="1799" reference="438" classloader="0" />
    <remembered-set count="12874" />
  </mem-info>
</gc-end>
<cycle-end id="1814" type="scavenge" contextid="1808" timestamp="2025-12-10T21:30:07.276" />
<allocation-satisfied id="1815" threadId="0000000000873000" bytesRequested="16040" />
<af-end id="1816" timestamp="2025-12-10T21:30:07.277" threadId="0000000000873A78" success="true" from="nursery"/>
<exclusive-end id="1817" timestamp="2025-12-10T21:30:07.278" durationms="20.271" />

<exclusive-start id="1818" timestamp="2025-12-10T21:30:07.792" intervalms="534.656">
  <response-info timems="0.064" idlems="0.064" threads="0" lastid="0000000000873000" lastname="Default Executor-thread-5" />
</exclusive-start>
<af-start id="1819" threadId="0000000000873A78" totalBytesRequested="96" timestamp="2025-12-10T21:30:07.793" intervalms="534.960" type="nursery" />
<cycle-start id="1820" type="scavenge" contextid="0" timestamp="2025-12-10T21:30:07.794" intervalms="535.138" />
<gc-start id="1821" type="scavenge" contextid="1820" timestamp="2025-12-10T21:30:07.795">
  <mem-info id="1822" free="21107240" total="234160128" percent="9">
    <mem type="nursery" free="0" total="151257088" percent="0">
      <mem type="allocate" free="0" total="113115136" percent="0" />
      <mem type="survivor" free="0" total="38141952" percent="0" />
    </mem>
    <mem type="tenure" free="21107240" total="82903040" percent="25">
      <mem type="soa" free="16962088" total="78757888" percent="21" />
      <mem type="loa" free="4145152" total="4145152" percent="100" />
    </mem>
    <remembered-set count="13760" />
  </mem-info>
</gc-start>
<allocation-stats totalBytes="88763960" discardedBytes="5664" >
  <allocated-bytes non-tlh="16464" tlh="88747496" />
  <largest-consumer threadName="Default Executor-thread-5" threadId="0000000000873000" bytes="86683216" />
</allocation-stats>
<gc-op id="1823" type="scavenge" timems="17.763" contextid="1820" timestamp="2025-12-10T21:30:07.815">
  <scavenger-info tenureage="8" tenuremask="7f00" tiltratio="74" />
  <memory-copied type="nursery" objects="412460" bytes="30291456" bytesdiscarded="581840" />
  <memory-copied type="tenure" objects="40442" bytes="1752064" bytesdiscarded="3040" />
  <finalization candidates="1365" enqueued="1314" />
  <ownableSynchronizers candidates="342" cleared="40" />
  <references type="soft" candidates="2064" cleared="0" enqueued="0" dynamicThreshold="9" maxThreshold="32" />
  <references type="weak" candidates="639" cleared="121" enqueued="120" />
  <references type="phantom" candidates="128" cleared="0" enqueued="0" />
  <object-monitors candidates="110" cleared="0"  />
</gc-op>
<gc-end id="1824" type="scavenge" contextid="1820" durationms="20.628" usertimems="153.570" systemtimems="20.550" stalltimems="87.974" timestamp="2025-12-10T21:30:07.816" activeThreads="15">
  <mem-info id="1825" free="95191152" total="234160128" percent="40">
    <mem type="nursery" free="76326624" total="151257088" percent="50">
      <mem type="allocate" free="76326624" total="107216896" percent="71" />
      <mem type="survivor" free="0" total="44040192" percent="0" />
    </mem>
    <mem type="tenure" free="18864528" total="82903040" percent="22">
      <mem type="soa" free="14719376" total="78757888" percent="18" />
      <mem type="loa" free="4145152" total="4145152" percent="100" />
    </mem>
    <pending-finalizers system="0" default="1314" reference="120" classloader="0" />
    <remembered-set count="16031" />
  </mem-info>
</gc-end>
<cycle-end id="1826" type="scavenge" contextid="1820" timestamp="2025-12-10T21:30:07.817" />
<allocation-satisfied id="1827" threadId="0000000000873000" bytesRequested="96" />
<af-end id="1828" timestamp="2025-12-10T21:30:07.819" threadId="0000000000873A78" success="true" from="nursery"/>
<exclusive-end id="1829" timestamp="2025-12-10T21:30:07.820" durationms="27.388" />

<exclusive-start id="1830" timestamp="2025-12-10T21:30:08.152" intervalms="359.126">
  <response-info timems="0.076" idlems="0.076" threads="0" lastid="0000000000873000" lastname="Default Executor-thread-5" />
</exclusive-start>
<af-start id="1831" threadId="0000000000873A78" totalBytesRequested="1432" timestamp="2025-12-10T21:30:08.152" intervalms="358.918" type="nursery" />
<cycle-start id="1832" type="scavenge" contextid="0" timestamp="2025-12-10T21:30:08.153" intervalms="358.731" />
<gc-start id="1833" type="scavenge" contextid="1832" timestamp="2025-12-10T21:30:08.154">
  <mem-info id="1834" free="18864384" total="234160128" percent="8">
    <mem type="nursery" free="0" total="151257088" percent="0">
      <mem type="allocate" free="0" total="107216896" percent="0" />
      <mem type="survivor" free="0" total="44040192" percent="0" />
    </mem>
    <mem type="tenure" free="18864384" total="82903040" percent="22">
      <mem type="soa" free="14719232" total="78757888" percent="18" />
      <mem type="loa" free="4145152" total="4145152" percent="100" />
    </mem>
    <remembered-set count="16176" />
  </mem-info>
</gc-start>
<allocation-stats totalBytes="76298040" discardedBytes="28728" >
  <allocated-bytes non-tlh="240" tlh="76297800" />
  <largest-consumer threadName="Default Executor-thread-5" threadId="0000000000873000" bytes="75237176" />
</allocation-stats>
<gc-op id="1835" type="scavenge" timems="24.559" contextid="1832" timestamp="2025-12-10T21:30:08.180">
  <scavenger-info tenureage="8" tenuremask="7f00" tiltratio="70" />
  <memory-copied type="nursery" objects="500506" bytes="37241824" bytesdiscarded="507688" />
  <finalization candidates="2284" enqueued="2256" />
  <ownableSynchronizers candidates="336" cleared="33" />
  <references type="soft" candidates="2064" cleared="0" enqueued="0" dynamicThreshold="9" maxThreshold="32" />
  <references type="weak" candidates="556" cleared="22" enqueued="22" />
  <references type="phantom" candidates="156" cleared="0" enqueued="0" />
  <object-monitors candidates="110" cleared="0"  />
</gc-op>
<heap-resize id="1836" type="expand" space="nursery" amount="6815744" count="1" timems="0.052" reason="excessive time being spent scavenging" timestamp="2025-12-10T21:30:08.181" />
<gc-end id="1837" type="scavenge" contextid="1832" durationms="28.193" usertimems="166.353" systemtimems="10.004" stalltimems="139.569" timestamp="2025-12-10T21:30:08.182" activeThreads="16">
  <mem-info id="1838" free="84124640" total="240975872" percent="34">
    <mem type="nursery" free="65260256" total="158072832" percent="41">
      <mem type="allocate" free="65260256" total="103022592" percent="63" />
      <mem type="survivor" free="0" total="55050240" percent="0" />
    </mem>
    <mem type="tenure" free="18864384" total="82903040" percent="22">
      <mem type="soa" free="14719232" total="78757888" percent="18" />
      <mem type="loa" free="4145152" total="4145152" percent="100" />
    </mem>
    <pending-finalizers system="0" default="2256" reference="22" classloader="0" />
    <remembered-set count="14916" />
  </mem-info>
</gc-end>
<cycle-end id="1839" type="scavenge" contextid="1832" timestamp="2025-12-10T21:30:08.183" />
<allocation-satisfied id="1840" threadId="0000000000873000" bytesRequested="1432" />
<af-end id="1841" timestamp="2025-12-10T21:30:08.184" threadId="0000000000873A78" success="true" from="nursery"/>
<exclusive-end id="1842" timestamp="2025-12-10T21:30:08.185" durationms="33.405" />

<exclusive-start id="1843" timestamp="2025-12-10T21:30:08.445" intervalms="293.265">
  <response-info timems="0.091" idlems="0.091" threads="0" lastid="0000000000873000" lastname="Default Executor-thread-5" />
</exclusive-start>
<af-start id="1844" threadId="0000000000873A78" totalBytesRequested="10216" timestamp="2025-12-10T21:30:08.450" intervalms="297.621" type="nursery" />
<cycle-start id="1845" type="scavenge" contextid="0" timestamp="2025-12-10T21:30:08.455" intervalms="302.131" />
<gc-start id="1846" type="scavenge" contextid="1845" timestamp="2025-12-10T21:30:08.458">
  <mem-info id="1847" free="18862736" total="240975872" percent="7">
    <mem type="nursery" free="0" total="158072832" percent="0">
      <mem type="allocate" free="0" total="103022592" percent="0" />
      <mem type="survivor" free="0" total="55050240" percent="0" />
    </mem>
    <mem type="tenure" free="18862736" total="82903040" percent="22">
      <mem type="soa" free="14717584" total="78757888" percent="18" />
      <mem type="loa" free="4145152" total="4145152" percent="100" />
    </mem>
    <remembered-set count="15054" />
  </mem-info>
</gc-start>
<allocation-stats totalBytes="65251104" discardedBytes="10800" >
  <allocated-bytes non-tlh="3080" tlh="65248024" />
  <largest-consumer threadName="Default Executor-thread-5" threadId="0000000000873000" bytes="64583592" />
</allocation-stats>
<gc-op id="1848" type="scavenge" timems="36.276" contextid="1845" timestamp="2025-12-10T21:30:08.497">
  <scavenger-info tenureage="7" tenuremask="7f80" tiltratio="65" />
  <memory-copied type="nursery" objects="477704" bytes="36627864" bytesdiscarded="569496" />
  <memory-copied type="tenure" objects="31515" bytes="1899408" bytesdiscarded="896" />
  <finalization candidates="2005" enqueued="1977" />
  <ownableSynchronizers candidates="315" cleared="11" />
  <references type="soft" candidates="1993" cleared="0" enqueued="0" dynamicThreshold="9" maxThreshold="32" />
  <references type="weak" candidates="556" cleared="39" enqueued="39" />
  <references type="phantom" candidates="157" cleared="0" enqueued="0" />
  <object-monitors candidates="110" cleared="0"  />
</gc-op>
<heap-resize id="1849" type="expand" space="nursery" amount="9699328" count="1" timems="2.060" reason="excessive time being spent scavenging" timestamp="2025-12-10T21:30:08.503" />
<gc-end id="1850" type="scavenge" contextid="1845" durationms="48.015" usertimems="197.423" systemtimems="45.631" stalltimems="230.552" timestamp="2025-12-10T21:30:08.506" activeThreads="15">
  <mem-info id="1851" free="96803832" total="250675200" percent="38">
    <mem type="nursery" free="80100856" total="167772160" percent="47">
      <mem type="allocate" free="80100856" total="117309440" percent="68" />
      <mem type="survivor" free="0" total="50462720" percent="0" />
    </mem>
    <mem type="tenure" free="16702976" total="82903040" percent="20">
      <mem type="soa" free="12557824" total="78757888" percent="15" />
      <mem type="loa" free="4145152" total="4145152" percent="100" />
    </mem>
    <pending-finalizers system="0" default="1977" reference="39" classloader="0" />
    <remembered-set count="14160" />
  </mem-info>
</gc-end>
<cycle-end id="1852" type="scavenge" contextid="1845" timestamp="2025-12-10T21:30:08.514" />
<allocation-satisfied id="1853" threadId="0000000000873000" bytesRequested="10216" />
<af-end id="1854" timestamp="2025-12-10T21:30:08.524" threadId="0000000000873A78" success="true" from="nursery"/>
<exclusive-end id="1855" timestamp="2025-12-10T21:30:08.527" durationms="82.276" />

<exclusive-start id="1856" timestamp="2025-12-10T21:30:08.853" intervalms="408.417">
  <response-info timems="0.067" idlems="0.067" threads="0" lastid="0000000000873000" lastname="Default Executor-thread-5" />
</exclusive-start>
<af-start id="1857" threadId="0000000000873A78" totalBytesRequested="24" timestamp="2025-12-10T21:30:08.854" intervalms="403.991" type="nursery" />
<cycle-start id="1858" type="scavenge" contextid="0" timestamp="2025-12-10T21:30:08.855" intervalms="399.545" />
<gc-start id="1859" type="scavenge" contextid="1858" timestamp="2025-12-10T21:30:08.856">
  <mem-info id="1860" free="16702976" total="250675200" percent="6">
    <mem type="nursery" free="0" total="167772160" percent="0">
      <mem type="allocate" free="0" total="117309440" percent="0" />
      <mem type="survivor" free="0" total="50462720" percent="0" />
    </mem>
    <mem type="tenure" free="16702976" total="82903040" percent="20">
      <mem type="soa" free="12557824" total="78757888" percent="15" />
      <mem type="loa" free="4145152" total="4145152" percent="100" />
    </mem>
    <remembered-set count="14335" />
  </mem-info>
</gc-start>
<allocation-stats totalBytes="80090336" discardedBytes="10520" >
  <allocated-bytes non-tlh="10216" tlh="80080120" />
  <largest-consumer threadName="Default Executor-thread-5" threadId="0000000000873000" bytes="79578440" />
</allocation-stats>
<gc-op id="1861" type="scavenge" timems="40.268" contextid="1858" timestamp="2025-12-10T21:30:08.897">
  <scavenger-info tenureage="3" tenuremask="7fc8" tiltratio="69" />
  <memory-copied type="nursery" objects="267479" bytes="26210272" bytesdiscarded="523400" />
  <memory-copied type="tenure" objects="244467" bytes="14684008" bytesdiscarded="10736" />
  <finalization candidates="3455" enqueued="3431" />
  <ownableSynchronizers candidates="340" cleared="36" />
  <references type="soft" candidates="880" cleared="0" enqueued="0" dynamicThreshold="9" maxThreshold="32" />
  <references type="weak" candidates="363" cleared="23" enqueued="23" />
  <references type="phantom" candidates="124" cleared="0" enqueued="0" />
  <object-monitors candidates="110" cleared="0"  />
  <heap-resize type="expand" space="tenure" amount="1966080" count="10" timems="2.069" reason="continue current collection" />
</gc-op>
<heap-resize id="1862" type="expand" space="nursery" amount="7733248" count="1" timems="0.055" reason="excessive time being spent scavenging" timestamp="2025-12-10T21:30:08.898" />
<gc-end id="1863" type="scavenge" contextid="1858" durationms="43.401" usertimems="230.825" systemtimems="61.791" stalltimems="104.909" timestamp="2025-12-10T21:30:08.899" activeThreads="13">
  <mem-info id="1864" free="103667840" total="260374528" percent="39">
    <mem type="nursery" free="99415696" total="175505408" percent="56">
      <mem type="allocate" free="99415696" total="126156800" percent="78" />
      <mem type="survivor" free="0" total="49348608" percent="0" />
    </mem>
    <mem type="tenure" free="4252144" total="84869120" percent="5">
      <mem type="soa" free="8688" total="80625664" percent="0" />
      <mem type="loa" free="4243456" total="4243456" percent="100" />
    </mem>
    <pending-finalizers system="0" default="3431" reference="23" classloader="0" />
    <remembered-set count="19727" />
  </mem-info>
</gc-end>
<cycle-end id="1865" type="scavenge" contextid="1858" timestamp="2025-12-10T21:30:08.900" />
<allocation-satisfied id="1866" threadId="0000000000873000" bytesRequested="24" />
<af-end id="1867" timestamp="2025-12-10T21:30:08.901" threadId="0000000000873A78" success="true" from="nursery"/>
<exclusive-end id="1868" timestamp="2025-12-10T21:30:08.902" durationms="48.554" />

<concurrent-kickoff id="1869" timestamp="2025-12-10T21:30:09.273">
  <kickoff reason="threshold reached" targetBytes="43478115" thresholdFreeBytes="6003287"  remainingFree="6002320" tenureFreeBytes="4251752" nurseryFreeBytes="6002320" />
</concurrent-kickoff>
<exclusive-start id="1870" timestamp="2025-12-10T21:30:09.278" intervalms="424.559">
  <response-info timems="0.076" idlems="0.076" threads="0" lastid="0000000000873000" lastname="Default Executor-thread-5" />
</exclusive-start>
<cycle-start id="1871" type="global" contextid="0" timestamp="2025-12-10T21:30:09.279" intervalms="2253.823" />
<concurrent-start id="1872" type="global mark" contextid="1871" timestamp="2025-12-10T21:30:09.280">
</concurrent-start>
<exclusive-end id="1873" timestamp="2025-12-10T21:30:09.282" durationms="3.984" />

<exclusive-start id="1874" timestamp="2025-12-10T21:30:09.411" intervalms="132.779">
  <response-info timems="0.062" idlems="0.062" threads="0" lastid="0000000000873000" lastname="Default Executor-thread-5" />
</exclusive-start>
<af-start id="1875" threadId="0000000000873A78" totalBytesRequested="2056" timestamp="2025-12-10T21:30:09.412" intervalms="557.598" type="nursery" />
<cycle-start id="1876" type="scavenge" contextid="0" timestamp="2025-12-10T21:30:09.414" intervalms="558.973" />
<gc-start id="1877" type="scavenge" contextid="1876" timestamp="2025-12-10T21:30:09.415">
  <mem-info id="1878" free="4251752" total="260374528" percent="1">
    <mem type="nursery" free="0" total="175505408" percent="0">
      <mem type="allocate" free="0" total="126156800" percent="0" />
      <mem type="survivor" free="0" total="49348608" percent="0" />
    </mem>
    <mem type="tenure" free="4251752" total="84869120" percent="5">
      <mem type="soa" free="8296" total="80625664" percent="0" />
      <mem type="loa" free="4243456" total="4243456" percent="100" />
    </mem>
    <remembered-set count="19861" />
  </mem-info>
</gc-start>
<allocation-stats totalBytes="99383776" discardedBytes="32312" >
  <allocated-bytes non-tlh="416" tlh="99383360" />
  <largest-consumer threadName="Default Executor-thread-5" threadId="0000000000873000" bytes="99023024" />
</allocation-stats>
<gc-op id="1879" type="scavenge" timems="20.978" contextid="1876" timestamp="2025-12-10T21:30:09.438">
  <scavenger-info tenureage="6" tenuremask="7fc0" tiltratio="71" />
  <memory-copied type="nursery" objects="246239" bytes="27349472" bytesdiscarded="862288" />
  <memory-copied type="tenure" objects="56357" bytes="3534464" bytesdiscarded="5168" />
  <finalization candidates="4242" enqueued="4241" />
  <ownableSynchronizers candidates="125" cleared="35" />
  <references type="soft" candidates="570" cleared="0" enqueued="0" dynamicThreshold="9" maxThreshold="32" />
  <references type="weak" candidates="313" cleared="13" enqueued="13" />
  <references type="phantom" candidates="67" cleared="0" enqueued="0" />
  <object-monitors candidates="110" cleared="0"  />
  <heap-resize type="expand" space="tenure" amount="3932160" count="12" timems="8.977" reason="continue current collection" />
</gc-op>
<gc-end id="1880" type="scavenge" contextid="1876" durationms="23.590" usertimems="109.819" systemtimems="25.331" stalltimems="141.920" timestamp="2025-12-10T21:30:09.439" activeThreads="17">
  <mem-info id="1881" free="106969008" total="264306688" percent="40">
    <mem type="nursery" free="102528944" total="175505408" percent="58">
      <mem type="allocate" free="102528944" total="130744320" percent="78" />
      <mem type="survivor" free="0" total="44761088" percent="0" />
    </mem>
    <mem type="tenure" free="4440064" total="88801280" percent="5">
      <mem type="soa" free="0" total="84361216" percent="0" />
      <mem type="loa" free="4440064" total="4440064" percent="100" />
    </mem>
    <pending-finalizers system="0" default="4241" reference="13" classloader="0" />
    <remembered-set count="15254" />
  </mem-info>
</gc-end>
<cycle-end id="1882" type="scavenge" contextid="1876" timestamp="2025-12-10T21:30:09.440" />
<allocation-satisfied id="1883" threadId="0000000000873000" bytesRequested="2056" />
<af-end id="1884" timestamp="2025-12-10T21:30:09.441" threadId="0000000000873A78" success="true" from="nursery"/>
<exclusive-end id="1885" timestamp="2025-12-10T21:30:09.441" durationms="30.541" />

<concurrent-end id="1886" type="global mark" contextid="1871" timestamp="2025-12-10T21:30:09.442">
<gc-op id="1887" type="trace" timems="161.609" contextid="1871" timestamp="2025-12-10T21:30:09.442">
  <trace bytesTraced="49412000" workStackOverflowCount="0" />
  <card-cleaning reason="card cleaning threshold reached" bytesTraced="11008" cardsCleaned="34" />
</gc-op>
</concurrent-end>

<exclusive-start id="1888" timestamp="2025-12-10T21:30:09.443" intervalms="32.509">
  <response-info timems="0.045" idlems="0.045" threads="0" lastid="0000000000873000" lastname="Default Executor-thread-5" />
</exclusive-start>
<concurrent-global-final id="1889" timestamp="2025-12-10T21:30:09.444" contextid="1871" intervalms="2386.742" >
  <concurrent-trace-info reason="card cleaning threshold reached" tracedByMutators="19797392" tracedByHelpers="29625616" cardsCleaned="34" workStackOverflowCount="0" />
</concurrent-global-final>
<gc-start id="1890" type="global" contextid="1871" timestamp="2025-12-10T21:30:09.444">
  <mem-info id="1891" free="106442664" total="264306688" percent="40">
    <mem type="nursery" free="102002600" total="175505408" percent="58">
      <mem type="allocate" free="102002600" total="130744320" percent="78" />
      <mem type="survivor" free="0" total="44761088" percent="0" />
    </mem>
    <mem type="tenure" free="4440064" total="88801280" percent="5">
      <mem type="soa" free="0" total="84361216" percent="0" />
      <mem type="loa" free="4440064" total="4440064" percent="100" />
    </mem>
    <pending-finalizers system="0" default="1648" reference="0" classloader="0" />
    <remembered-set count="15258" />
  </mem-info>
</gc-start>
<allocation-stats totalBytes="526344" discardedBytes="0" >
  <allocated-bytes non-tlh="2056" tlh="524288" />
  <largest-consumer threadName="Default Executor-thread-5" threadId="0000000000873000" bytes="526344" />
</allocation-stats>
<gc-op id="1892" type="rs-scan" timems="8.216" contextid="1871" timestamp="2025-12-10T21:30:09.454">
  <scan objectsFound="272859" bytesTraced="17256828" workStackOverflowCount="0" />
</gc-op>
<gc-op id="1893" type="card-cleaning" timems="2.681" contextid="1871" timestamp="2025-12-10T21:30:09.460">
  <card-cleaning cardsCleaned="1907" bytesTraced="1608460" workStackOverflowCount="0" />
</gc-op>
<gc-op id="1894" type="mark" timems="27.019" contextid="1871" timestamp="2025-12-10T21:30:09.487">
  <trace-info objectcount="30884" scancount="23655" scanbytes="1167936" />
  <finalization candidates="906" enqueued="0" />
  <ownableSynchronizers candidates="8936" cleared="46" />
  <references type="soft" candidates="14399" cleared="5" enqueued="4" dynamicThreshold="9" maxThreshold="32" />
  <references type="weak" candidates="15694" cleared="0" enqueued="0" />
  <references type="phantom" candidates="393" cleared="0" enqueued="0" />
  <stringconstants candidates="41088" cleared="24"  />
  <object-monitors candidates="110" cleared="5"  />
</gc-op>
<gc-op id="1895" type="classunload" timems="0.085" contextid="1871" timestamp="2025-12-10T21:30:09.491">
  <classunload-info classloadercandidates="451" classloadersunloaded="0" classesunloaded="0" anonymousclassesunloaded="0" quiescems="0.000" setupms="0.084" scanms="0.000" postms="0.000" />
</gc-op>
<gc-op id="1896" type="sweep" timems="8.636" contextid="1871" timestamp="2025-12-10T21:30:09.502" />
<heap-resize id="1897" type="expand" space="tenure" amount="26148864" count="1" timems="2.089" reason="insufficient free space following gc" timestamp="2025-12-10T21:30:09.508" />
<gc-end id="1898" type="global" contextid="1871" durationms="66.252" usertimems="126.219" systemtimems="61.769" stalltimems="575.268" timestamp="2025-12-10T21:30:09.511" activeThreads="20">
  <mem-info id="1899" free="147047584" total="290455552" percent="50">
    <mem type="nursery" free="112557208" total="175505408" percent="64">
      <mem type="allocate" free="112557208" total="130744320" percent="86" />
      <mem type="survivor" free="0" total="44761088" percent="0" />
    </mem>
    <mem type="tenure" free="34490376" total="114950144" percent="30" micro-fragmented="1540711" macro-fragmented="0">
      <mem type="soa" free="28742664" total="109202432" percent="26" />
      <mem type="loa" free="5747712" total="5747712" percent="100" />
    </mem>
    <pending-finalizers system="0" default="1648" reference="4" classloader="0" />
    <remembered-set count="15199" />
  </mem-info>
</gc-end>
<cycle-end id="1900" type="global" contextid="1871" timestamp="2025-12-10T21:30:09.513" />
<exclusive-end id="1901" timestamp="2025-12-10T21:30:09.516" durationms="72.842" />

<exclusive-start id="1902" timestamp="2025-12-10T21:30:09.866" intervalms="423.256">
  <response-info timems="0.050" idlems="0.050" threads="0" lastid="0000000000873000" lastname="Default Executor-thread-5" />
</exclusive-start>
<af-start id="1903" threadId="0000000000873A78" totalBytesRequested="2064" timestamp="2025-12-10T21:30:09.867" intervalms="455.334" type="nursery" />
<cycle-start id="1904" type="scavenge" contextid="0" timestamp="2025-12-10T21:30:09.868" intervalms="453.847" />
<gc-start id="1905" type="scavenge" contextid="1904" timestamp="2025-12-10T21:30:09.868">
  <mem-info id="1906" free="34488720" total="290455552" percent="11">
    <mem type="nursery" free="0" total="175505408" percent="0">
      <mem type="allocate" free="0" total="130744320" percent="0" />
      <mem type="survivor" free="0" total="44761088" percent="0" />
    </mem>
    <mem type="tenure" free="34488720" total="114950144" percent="30">
      <mem type="soa" free="28741008" total="109202432" percent="26" />
      <mem type="loa" free="5747712" total="5747712" percent="100" />
    </mem>
    <remembered-set count="16131" />
  </mem-info>
</gc-start>
<allocation-stats totalBytes="112524344" discardedBytes="33008" >
  <allocated-bytes non-tlh="88296" tlh="112436048" />
  <largest-consumer threadName="Default Executor-thread-5" threadId="0000000000873000" bytes="112169368" />
</allocation-stats>
<gc-op id="1907" type="scavenge" timems="12.291" contextid="1904" timestamp="2025-12-10T21:30:09.882">
  <scavenger-info tenureage="4" tenuremask="7fd0" tiltratio="74" />
  <memory-copied type="nursery" objects="114201" bytes="13406440" bytesdiscarded="346376" />
  <memory-copied type="tenure" objects="138276" bytes="7157728" bytesdiscarded="13072" />
  <finalization candidates="1696" enqueued="1696" />
  <ownableSynchronizers candidates="17781" cleared="17727" />
  <references type="weak" candidates="144" cleared="81" enqueued="81" />
  <references type="phantom" candidates="95" cleared="0" enqueued="0" />
  <object-monitors candidates="105" cleared="0"  />
</gc-op>
<gc-end id="1908" type="scavenge" contextid="1904" durationms="15.451" usertimems="67.022" systemtimems="6.253" stalltimems="96.337" timestamp="2025-12-10T21:30:09.884" activeThreads="16">
  <mem-info id="1909" free="145982368" total="290455552" percent="50">
    <mem type="nursery" free="119147992" total="175505408" percent="67">
      <mem type="allocate" free="119147992" total="132907008" percent="89" />
      <mem type="survivor" free="0" total="42598400" percent="0" />
    </mem>
    <mem type="tenure" free="26834376" total="114950144" percent="23">
      <mem type="soa" free="21086664" total="109202432" percent="19" />
      <mem type="loa" free="5747712" total="5747712" percent="100" />
    </mem>
    <pending-finalizers system="0" default="1696" reference="81" classloader="0" />
    <remembered-set count="4716" />
  </mem-info>
</gc-end>
<cycle-end id="1910" type="scavenge" contextid="1904" timestamp="2025-12-10T21:30:09.885" />
<allocation-satisfied id="1911" threadId="0000000000873000" bytesRequested="2064" />
<af-end id="1912" timestamp="2025-12-10T21:30:09.886" threadId="0000000000873A78" success="true" from="nursery"/>
<exclusive-end id="1913" timestamp="2025-12-10T21:30:09.887" durationms="20.554" />

<exclusive-start id="1914" timestamp="2025-12-10T21:30:10.393" intervalms="526.950">
  <response-info timems="0.055" idlems="0.055" threads="0" lastid="0000000000873000" lastname="Default Executor-thread-5" />
</exclusive-start>
<af-start id="1915" threadId="0000000000873A78" totalBytesRequested="264" timestamp="2025-12-10T21:30:10.459" intervalms="591.937" type="nursery" />
<cycle-start id="1916" type="scavenge" contextid="0" timestamp="2025-12-10T21:30:10.467" intervalms="599.332" />
<gc-start id="1917" type="scavenge" contextid="1916" timestamp="2025-12-10T21:30:10.469">
  <mem-info id="1918" free="26826024" total="290455552" percent="9">
    <mem type="nursery" free="0" total="175505408" percent="0">
      <mem type="allocate" free="0" total="132907008" percent="0" />
      <mem type="survivor" free="0" total="42598400" percent="0" />
    </mem>
    <mem type="tenure" free="26826024" total="114950144" percent="23">
      <mem type="soa" free="21078312" total="109202432" percent="19" />
      <mem type="loa" free="5747712" total="5747712" percent="100" />
    </mem>
    <remembered-set count="5289" />
  </mem-info>
</gc-start>
<allocation-stats totalBytes="119142808" discardedBytes="13536" >
  <allocated-bytes non-tlh="10416" tlh="119132392" />
  <largest-consumer threadName="Default Executor-thread-5" threadId="0000000000873000" bytes="118803832" />
</allocation-stats>
<gc-op id="1919" type="scavenge" timems="12.270" contextid="1916" timestamp="2025-12-10T21:30:10.483">
  <scavenger-info tenureage="6" tenuremask="7fc0" tiltratio="75" />
  <memory-copied type="nursery" objects="154775" bytes="12278872" bytesdiscarded="196336" />
  <finalization candidates="571" enqueued="571" />
  <ownableSynchronizers candidates="125" cleared="79" />
  <references type="soft" candidates="43" cleared="0" enqueued="0" dynamicThreshold="9" maxThreshold="32" />
  <references type="weak" candidates="219" cleared="153" enqueued="153" />
  <references type="phantom" candidates="660" cleared="568" enqueued="568" />
  <object-monitors candidates="105" cleared="0"  />
</gc-op>
<gc-end id="1920" type="scavenge" contextid="1916" durationms="14.713" usertimems="42.165" systemtimems="2.378" stalltimems="61.845" timestamp="2025-12-10T21:30:10.483" activeThreads="13">
  <mem-info id="1921" free="152407576" total="290455552" percent="52">
    <mem type="nursery" free="125581552" total="175505408" percent="71">
      <mem type="allocate" free="125581552" total="138084352" percent="90" />
      <mem type="survivor" free="0" total="37421056" percent="0" />
    </mem>
    <mem type="tenure" free="26826024" total="114950144" percent="23">
      <mem type="soa" free="21078312" total="109202432" percent="19" />
      <mem type="loa" free="5747712" total="5747712" percent="100" />
    </mem>
    <pending-finalizers system="0" default="571" reference="721" classloader="0" />
    <remembered-set count="5160" />
  </mem-info>
</gc-end>
<cycle-end id="1922" type="scavenge" contextid="1916" timestamp="2025-12-10T21:30:10.490" />
<allocation-satisfied id="1923" threadId="0000000000873000" bytesRequested="264" />
<af-end id="1924" timestamp="2025-12-10T21:30:10.494" threadId="0000000000873A78" success="true" from="nursery"/>
<exclusive-end id="1925" timestamp="2025-12-10T21:30:10.495" durationms="101.474" />

<exclusive-start id="1926" timestamp="2025-12-10T21:30:11.547" intervalms="1153.678">
  <response-info timems="0.171" idlems="0.171" threads="0" lastid="000000000085F600" lastname="Default Executor-thread-3" />
</exclusive-start>
<af-start id="1927" threadId="0000000000860078" totalBytesRequested="40" timestamp="2025-12-10T21:30:11.548" intervalms="1089.180" type="nursery" />
<cycle-start id="1928" type="scavenge" contextid="0" timestamp="2025-12-10T21:30:11.549" intervalms="1081.950" />
<gc-start id="1929" type="scavenge" contextid="1928" timestamp="2025-12-10T21:30:11.550">
  <mem-info id="1930" free="26797104" total="290455552" percent="9">
    <mem type="nursery" free="0" total="175505408" percent="0">
      <mem type="allocate" free="0" total="138084352" percent="0" />
      <mem type="survivor" free="0" total="37421056" percent="0" />
    </mem>
    <mem type="tenure" free="26797104" total="114950144" percent="23">
      <mem type="soa" free="21049392" total="109202432" percent="19" />
      <mem type="loa" free="5747712" total="5747712" percent="100" />
    </mem>
    <remembered-set count="6287" />
  </mem-info>
</gc-start>
<allocation-stats totalBytes="125595704" discardedBytes="14768" >
  <allocated-bytes non-tlh="29184" tlh="125566520" />
  <largest-consumer threadName="Default Executor-thread-5" threadId="0000000000873000" bytes="64850976" />
</allocation-stats>
<gc-op id="1931" type="scavenge" timems="7.211" contextid="1928" timestamp="2025-12-10T21:30:11.559">
  <scavenger-info tenureage="7" tenuremask="7f80" tiltratio="78" />
  <memory-copied type="nursery" objects="169842" bytes="11908880" bytesdiscarded="153232" />
  <finalization candidates="259" enqueued="258" />
  <ownableSynchronizers candidates="21798" cleared="21680" />
  <references type="soft" candidates="256" cleared="0" enqueued="0" dynamicThreshold="9" maxThreshold="32" />
  <references type="weak" candidates="484" cleared="372" enqueued="367" />
  <references type="phantom" candidates="353" cleared="248" enqueued="248" />
  <object-monitors candidates="114" cleared="7"  />
</gc-op>
<gc-end id="1932" type="scavenge" contextid="1928" durationms="10.113" usertimems="42.040" systemtimems="4.286" stalltimems="25.729" timestamp="2025-12-10T21:30:11.560" activeThreads="10">
  <mem-info id="1933" free="157255888" total="290455552" percent="54">
    <mem type="nursery" free="130458784" total="175505408" percent="74">
      <mem type="allocate" free="130458784" total="142540800" percent="91" />
      <mem type="survivor" free="0" total="32964608" percent="0" />
    </mem>
    <mem type="tenure" free="26797104" total="114950144" percent="23">
      <mem type="soa" free="21049392" total="109202432" percent="19" />
      <mem type="loa" free="5747712" total="5747712" percent="100" />
    </mem>
    <pending-finalizers system="6" default="252" reference="615" classloader="0" />
    <remembered-set count="5992" />
  </mem-info>
</gc-end>
<cycle-end id="1934" type="scavenge" contextid="1928" timestamp="2025-12-10T21:30:11.561" />
<allocation-satisfied id="1935" threadId="000000000085F600" bytesRequested="40" />
<af-end id="1936" timestamp="2025-12-10T21:30:11.563" threadId="0000000000860078" success="true" from="nursery"/>
<exclusive-end id="1937" timestamp="2025-12-10T21:30:11.564" durationms="17.169" />

<exclusive-start id="1938" timestamp="2025-12-10T21:30:12.791" intervalms="1244.388">
  <response-info timems="0.055" idlems="0.055" threads="0" lastid="000000000186C600" lastname="Connection worker" />
</exclusive-start>
<af-start id="1939" threadId="000000000186D078" totalBytesRequested="1032" timestamp="2025-12-10T21:30:12.792" intervalms="1243.889" type="nursery" />
<cycle-start id="1940" type="scavenge" contextid="0" timestamp="2025-12-10T21:30:12.792" intervalms="1243.488" />
<gc-start id="1941" type="scavenge" contextid="1940" timestamp="2025-12-10T21:30:12.793">
  <mem-info id="1942" free="26240608" total="290455552" percent="9">
    <mem type="nursery" free="0" total="175505408" percent="0">
      <mem type="allocate" free="0" total="142540800" percent="0" />
      <mem type="survivor" free="0" total="32964608" percent="0" />
    </mem>
    <mem type="tenure" free="26240608" total="114950144" percent="22">
      <mem type="soa" free="20492896" total="109202432" percent="18" />
      <mem type="loa" free="5747712" total="5747712" percent="100" />
    </mem>
    <remembered-set count="16818" />
  </mem-info>
</gc-start>
<allocation-stats totalBytes="130947160" discardedBytes="68120" >
  <allocated-bytes non-tlh="7492248" tlh="123454912" />
  <largest-consumer threadName="Default Executor-thread-3" threadId="000000000085F600" bytes="80006584" />
</allocation-stats>
<gc-op id="1943" type="scavenge" timems="7.125" contextid="1940" timestamp="2025-12-10T21:30:12.801">
  <scavenger-info tenureage="8" tenuremask="7f00" tiltratio="81" />
  <memory-copied type="nursery" objects="237734" bytes="23854832" bytesdiscarded="188856" />
  <finalization candidates="849" enqueued="845" />
  <ownableSynchronizers candidates="498" cleared="220" />
  <references type="soft" candidates="1092" cleared="0" enqueued="0" dynamicThreshold="9" maxThreshold="32" />
  <references type="weak" candidates="5970" cleared="5017" enqueued="5001" />
  <references type="phantom" candidates="934" cleared="221" enqueued="221" />
  <object-monitors candidates="144" cleared="0"  />
</gc-op>
<gc-end id="1944" type="scavenge" contextid="1940" durationms="8.658" usertimems="37.406" systemtimems="7.618" stalltimems="18.709" timestamp="2025-12-10T21:30:12.802" activeThreads="9">
  <mem-info id="1945" free="135540288" total="290455552" percent="46">
    <mem type="nursery" free="109299680" total="175505408" percent="62">
      <mem type="allocate" free="109299680" total="133365760" percent="81" />
      <mem type="survivor" free="0" total="42139648" percent="0" />
    </mem>
    <mem type="tenure" free="26240608" total="114950144" percent="22">
      <mem type="soa" free="20492896" total="109202432" percent="18" />
      <mem type="loa" free="5747712" total="5747712" percent="100" />
    </mem>
    <pending-finalizers system="121" default="724" reference="5222" classloader="0" />
    <remembered-set count="14770" />
  </mem-info>
</gc-end>
<cycle-end id="1946" type="scavenge" contextid="1940" timestamp="2025-12-10T21:30:12.802" />
<allocation-satisfied id="1947" threadId="000000000186C600" bytesRequested="1032" />
<af-end id="1948" timestamp="2025-12-10T21:30:12.803" threadId="000000000186D078" success="true" from="nursery"/>
<exclusive-end id="1949" timestamp="2025-12-10T21:30:12.804" durationms="12.179" />

<exclusive-start id="1950" timestamp="2025-12-10T21:30:54.341" intervalms="41549.320">
  <response-info timems="0.115" idlems="0.115" threads="0" lastid="00000000018CCC00" lastname="Default Executor-thread-13" />
</exclusive-start>
<af-start id="1951" threadId="00000000018CD678" totalBytesRequested="184" timestamp="2025-12-10T21:30:54.342" intervalms="41549.641" type="nursery" />
<cycle-start id="1952" type="scavenge" contextid="0" timestamp="2025-12-10T21:30:54.343" intervalms="41550.216" />
<gc-start id="1953" type="scavenge" contextid="1952" timestamp="2025-12-10T21:30:54.344">
  <mem-info id="1954" free="25830984" total="290455552" percent="8">
    <mem type="nursery" free="0" total="175505408" percent="0">
      <mem type="allocate" free="0" total="133365760" percent="0" />
      <mem type="survivor" free="0" total="42139648" percent="0" />
    </mem>
    <mem type="tenure" free="25830984" total="114950144" percent="22">
      <mem type="soa" free="20083272" total="109202432" percent="18" />
      <mem type="loa" free="5747712" total="5747712" percent="100" />
    </mem>
    <remembered-set count="49277" />
  </mem-info>
</gc-start>
<allocation-stats totalBytes="109607160" discardedBytes="102144" >
  <allocated-bytes non-tlh="2823728" tlh="106783432" />
  <largest-consumer threadName="Connection worker" threadId="000000000186C600" bytes="79614024" />
</allocation-stats>
<gc-op id="1955" type="scavenge" timems="13.142" contextid="1952" timestamp="2025-12-10T21:30:54.360">
  <scavenger-info tenureage="8" tenuremask="7f00" tiltratio="75" />
  <memory-copied type="nursery" objects="319717" bytes="28086760" bytesdiscarded="182808" />
  <finalization candidates="184" enqueued="177" />
  <ownableSynchronizers candidates="3329" cleared="2994" />
  <references type="soft" candidates="1776" cleared="0" enqueued="0" dynamicThreshold="9" maxThreshold="32" />
  <references type="weak" candidates="4699" cleared="3531" enqueued="3472" />
  <references type="phantom" candidates="1213" cleared="58" enqueued="58" />
  <object-monitors candidates="144" cleared="1"  />
</gc-op>
<gc-end id="1956" type="scavenge" contextid="1952" durationms="43.918" usertimems="104.647" systemtimems="4.467" stalltimems="24.552" timestamp="2025-12-10T21:30:54.388" activeThreads="10">
  <mem-info id="1957" free="132550328" total="290455552" percent="45">
    <mem type="nursery" free="106719344" total="175505408" percent="60">
      <mem type="allocate" free="106719344" total="135004160" percent="79" />
      <mem type="survivor" free="0" total="40501248" percent="0" />
    </mem>
    <mem type="tenure" free="25830984" total="114950144" percent="22" macro-fragmented="16050736">
      <mem type="soa" free="20083272" total="109202432" percent="18" />
      <mem type="loa" free="5747712" total="5747712" percent="100" />
    </mem>
    <pending-finalizers system="160" default="17" reference="3530" classloader="0" />
    <remembered-set count="37454" />
  </mem-info>
</gc-end>
<cycle-end id="1958" type="scavenge" contextid="1952" timestamp="2025-12-10T21:30:54.389" />
<allocation-satisfied id="1959" threadId="00000000018CCC00" bytesRequested="184" />
<af-end id="1960" timestamp="2025-12-10T21:30:54.390" threadId="00000000018CD678" success="true" from="nursery"/>
<exclusive-end id="1961" timestamp="2025-12-10T21:30:54.391" durationms="50.374" />

<exclusive-start id="1962" timestamp="2025-12-10T21:31:16.897" intervalms="22556.004">
  <response-info timems="0.150" idlems="0.150" threads="0" lastid="0000000001875600" lastname="Default Executor-thread-16" />
</exclusive-start>
<af-start id="1963" threadId="0000000001876078" totalBytesRequested="16" timestamp="2025-12-10T21:31:16.898" intervalms="22556.099" type="nursery" />
<cycle-start id="1964" type="scavenge" contextid="0" timestamp="2025-12-10T21:31:16.899" intervalms="22556.513" />
<gc-start id="1965" type="scavenge" contextid="1964" timestamp="2025-12-10T21:31:16.900">
  <mem-info id="1966" free="25785760" total="290455552" percent="8">
    <mem type="nursery" free="0" total="175505408" percent="0">
      <mem type="allocate" free="0" total="135004160" percent="0" />
      <mem type="survivor" free="0" total="40501248" percent="0" />
    </mem>
    <mem type="tenure" free="25785760" total="114950144" percent="22">
      <mem type="soa" free="20038048" total="109202432" percent="18" />
      <mem type="loa" free="5747712" total="5747712" percent="100" />
    </mem>
    <remembered-set count="38801" />
  </mem-info>
</gc-start>
<allocation-stats totalBytes="106733880" discardedBytes="30688" >
  <allocated-bytes non-tlh="368328" tlh="106365552" />
  <largest-consumer threadName="Default Executor-thread-16" threadId="0000000001875600" bytes="89480440" />
</allocation-stats>
<gc-op id="1967" type="scavenge" timems="22.103" contextid="1964" timestamp="2025-12-10T21:31:16.924">
  <scavenger-info tenureage="8" tenuremask="7f00" tiltratio="76" />
  <memory-copied type="nursery" objects="397897" bytes="30527272" bytesdiscarded="155696" />
  <memory-copied type="tenure" objects="12504" bytes="1034848" bytesdiscarded="1456" />
  <finalization candidates="142" enqueued="134" />
  <ownableSynchronizers candidates="3459" cleared="3005" />
  <references type="soft" candidates="1956" cleared="0" enqueued="0" dynamicThreshold="9" maxThreshold="32" />
  <references type="weak" candidates="2180" cleared="620" enqueued="615" />
  <references type="phantom" candidates="1215" cleared="11" enqueued="11" />
  <object-monitors candidates="149" cleared="1"  />
</gc-op>
<gc-end id="1968" type="scavenge" contextid="1964" durationms="93.150" usertimems="270.033" systemtimems="16.901" stalltimems="61.440" timestamp="2025-12-10T21:31:16.993" activeThreads="11">
  <mem-info id="1969" free="128151424" total="290455552" percent="44">
    <mem type="nursery" free="103965080" total="175505408" percent="59">
      <mem type="allocate" free="103965080" total="134676480" percent="77" />
      <mem type="survivor" free="0" total="40828928" percent="0" />
    </mem>
    <mem type="tenure" free="24186344" total="114950144" percent="21" macro-fragmented="11146344">
      <mem type="soa" free="18438632" total="109202432" percent="16" />
      <mem type="loa" free="5747712" total="5747712" percent="100" />
    </mem>
    <pending-finalizers system="17" default="117" reference="626" classloader="0" />
    <remembered-set count="33469" />
  </mem-info>
</gc-end>
<cycle-end id="1970" type="scavenge" contextid="1964" timestamp="2025-12-10T21:31:16.996" />
<allocation-satisfied id="1971" threadId="0000000001875600" bytesRequested="16" />
<af-end id="1972" timestamp="2025-12-10T21:31:17.001" threadId="0000000001876078" success="true" from="nursery"/>
<exclusive-end id="1973" timestamp="2025-12-10T21:31:17.003" durationms="105.969" />

<warning details="slow exclusive request due to JNICritical" threadname="Config-Thread-2" timems="101" />
<exclusive-start id="1974" timestamp="2025-12-10T21:31:20.701" intervalms="3804.124">
  <response-info timems="102.758" idlems="51.943" threads="1" lastid="0000000000795C00" lastname="Config-Thread-2" />
</exclusive-start>
<af-start id="1975" threadId="000000000194FD78" totalBytesRequested="16" timestamp="2025-12-10T21:31:20.702" intervalms="3803.854" type="nursery" />
<cycle-start id="1976" type="scavenge" contextid="0" timestamp="2025-12-10T21:31:20.702" intervalms="3803.280" />
<gc-start id="1977" type="scavenge" contextid="1976" timestamp="2025-12-10T21:31:20.704">
  <mem-info id="1978" free="23772136" total="290455552" percent="8">
    <mem type="nursery" free="0" total="175505408" percent="0">
      <mem type="allocate" free="0" total="134676480" percent="0" />
      <mem type="survivor" free="0" total="40828928" percent="0" />
    </mem>
    <mem type="tenure" free="23772136" total="114950144" percent="20">
      <mem type="soa" free="18024424" total="109202432" percent="16" />
      <mem type="loa" free="5747712" total="5747712" percent="100" />
    </mem>
    <remembered-set count="41491" />
  </mem-info>
</gc-start>
<allocation-stats totalBytes="104343632" discardedBytes="35656" >
  <allocated-bytes non-tlh="967264" tlh="103376368" />
  <largest-consumer threadName="Default Executor-thread-16" threadId="0000000001875600" bytes="53544504" />
</allocation-stats>
<gc-op id="1979" type="scavenge" timems="34.041" contextid="1976" timestamp="2025-12-10T21:31:20.739">
  <scavenger-info tenureage="8" tenuremask="7f00" tiltratio="76" />
  <memory-copied type="nursery" objects="413373" bytes="31422768" bytesdiscarded="446528" />
  <memory-copied type="tenure" objects="22105" bytes="1826016" bytesdiscarded="3896" />
  <finalization candidates="284" enqueued="276" />
  <ownableSynchronizers candidates="2754" cleared="2201" />
  <references type="soft" candidates="3098" cleared="0" enqueued="0" dynamicThreshold="9" maxThreshold="32" />
  <references type="weak" candidates="3453" cleared="1560" enqueued="1523" />
  <references type="phantom" candidates="1368" cleared="127" enqueued="127" />
  <object-monitors candidates="155" cleared="6"  />
</gc-op>
<gc-end id="1980" type="scavenge" contextid="1976" durationms="106.273" usertimems="217.700" systemtimems="5.236" stalltimems="251.922" timestamp="2025-12-10T21:31:20.810" activeThreads="13">
  <mem-info id="1981" free="125067784" total="290455552" percent="43">
    <mem type="nursery" free="103374480" total="175505408" percent="58">
      <mem type="allocate" free="103374480" total="135266304" percent="76" />
      <mem type="survivor" free="0" total="40239104" percent="0" />
    </mem>
    <mem type="tenure" free="21693304" total="114950144" percent="18" macro-fragmented="0">
      <mem type="soa" free="15945592" total="109202432" percent="14" />
      <mem type="loa" free="5747712" total="5747712" percent="100" />
    </mem>
    <pending-finalizers system="248" default="28" reference="1650" classloader="0" />
    <remembered-set count="36119" />
  </mem-info>
</gc-end>
<cycle-end id="1982" type="scavenge" contextid="1976" timestamp="2025-12-10T21:31:20.811" />
<allocation-satisfied id="1983" threadId="000000000194F300" bytesRequested="16" />
<af-end id="1984" timestamp="2025-12-10T21:31:20.813" threadId="000000000194FD78" success="true" from="nursery"/>
<exclusive-end id="1985" timestamp="2025-12-10T21:31:20.814" durationms="112.974" />

<exclusive-start id="1986" timestamp="2025-12-10T21:31:21.216" intervalms="515.395">
  <response-info timems="0.107" idlems="0.107" threads="0" lastid="0000000001819F00" lastname="Default Executor-thread-10" />
</exclusive-start>
<af-start id="1987" threadId="000000000181A978" totalBytesRequested="40" timestamp="2025-12-10T21:31:21.217" intervalms="515.403" type="nursery" />
<cycle-start id="1988" type="scavenge" contextid="0" timestamp="2025-12-10T21:31:21.218" intervalms="515.266" />
<gc-start id="1989" type="scavenge" contextid="1988" timestamp="2025-12-10T21:31:21.219">
  <mem-info id="1990" free="21680288" total="290455552" percent="7">
    <mem type="nursery" free="0" total="175505408" percent="0">
      <mem type="allocate" free="0" total="135266304" percent="0" />
      <mem type="survivor" free="0" total="40239104" percent="0" />
    </mem>
    <mem type="tenure" free="21680288" total="114950144" percent="18">
      <mem type="soa" free="15932576" total="109202432" percent="14" />
      <mem type="loa" free="5747712" total="5747712" percent="100" />
    </mem>
    <remembered-set count="36456" />
  </mem-info>
</gc-start>
<allocation-stats totalBytes="103371128" discardedBytes="16368" >
  <allocated-bytes non-tlh="13032" tlh="103358096" />
  <largest-consumer threadName="Default Executor-thread-10" threadId="0000000001819F00" bytes="100283608" />
</allocation-stats>
<gc-op id="1991" type="scavenge" timems="19.979" contextid="1988" timestamp="2025-12-10T21:31:21.240">
  <scavenger-info tenureage="6" tenuremask="7f40" tiltratio="77" />
  <memory-copied type="nursery" objects="401665" bytes="28507272" bytesdiscarded="175768" />
  <memory-copied type="tenure" objects="38283" bytes="3581392" bytesdiscarded="3936" />
  <finalization candidates="9" enqueued="0" />
  <ownableSynchronizers candidates="619" cleared="48" />
  <references type="soft" candidates="3139" cleared="0" enqueued="0" dynamicThreshold="9" maxThreshold="32" />
  <references type="weak" candidates="1961" cleared="59" enqueued="59" />
  <references type="phantom" candidates="1251" cleared="6" enqueued="6" />
  <object-monitors candidates="149" cleared="0"  />
</gc-op>
<gc-end id="1992" type="scavenge" contextid="1988" durationms="22.386" usertimems="152.199" systemtimems="11.674" stalltimems="59.626" timestamp="2025-12-10T21:31:21.241" activeThreads="12">
  <mem-info id="1993" free="124613008" total="290455552" percent="42">
    <mem type="nursery" free="106826016" total="175505408" percent="60">
      <mem type="allocate" free="106826016" total="135528448" percent="78" />
      <mem type="survivor" free="0" total="39976960" percent="0" />
    </mem>
    <mem type="tenure" free="17786992" total="114950144" percent="15" macro-fragmented="5375358">
      <mem type="soa" free="12039280" total="109202432" percent="11" />
      <mem type="loa" free="5747712" total="5747712" percent="100" />
    </mem>
    <pending-finalizers system="0" default="0" reference="65" classloader="0" />
    <remembered-set count="36564" />
  </mem-info>
</gc-end>
<cycle-end id="1994" type="scavenge" contextid="1988" timestamp="2025-12-10T21:31:21.242" />
<allocation-satisfied id="1995" threadId="0000000001819F00" bytesRequested="40" />
<af-end id="1996" timestamp="2025-12-10T21:31:21.244" threadId="000000000181A978" success="true" from="nursery"/>
<exclusive-end id="1997" timestamp="2025-12-10T21:31:21.245" durationms="28.875" />

<concurrent-kickoff id="1998" timestamp="2025-12-10T21:32:42.164">
  <kickoff reason="threshold reached" targetBytes="59856059" thresholdFreeBytes="8259484"  remainingFree="8235296" tenureFreeBytes="17644560" nurseryFreeBytes="8235296" />
</concurrent-kickoff>
<exclusive-start id="1999" timestamp="2025-12-10T21:32:42.166" intervalms="80949.650">
  <response-info timems="0.059" idlems="0.059" threads="0" lastid="00000000019BEB00" lastname="Default Executor-thread-31" />
</exclusive-start>
<cycle-start id="2000" type="global" contextid="0" timestamp="2025-12-10T21:32:42.167" intervalms="152888.138" />
<concurrent-start id="2001" type="global mark" contextid="2000" timestamp="2025-12-10T21:32:42.168">
</concurrent-start>
<exclusive-end id="2002" timestamp="2025-12-10T21:32:42.169" durationms="3.304" />

<concurrent-end id="2003" type="global mark" contextid="2000" timestamp="2025-12-10T21:32:45.005">
<gc-op id="2004" type="trace" timems="2836.879" contextid="2000" timestamp="2025-12-10T21:32:45.005">
  <trace bytesTraced="58348496" workStackOverflowCount="0" />
  <card-cleaning reason="card cleaning threshold reached" bytesTraced="114796" cardsCleaned="614" />
</gc-op>
</concurrent-end>

<exclusive-start id="2005" timestamp="2025-12-10T21:32:45.008" intervalms="2841.700">
  <response-info timems="0.045" idlems="0.045" threads="0" lastid="000000000182BB00" lastname="Default Executor-thread-21" />
</exclusive-start>
<concurrent-global-final id="2006" timestamp="2025-12-10T21:32:45.009" contextid="2000" intervalms="155565.460" >
  <concurrent-trace-info reason="card cleaning threshold reached" tracedByMutators="3320712" tracedByHelpers="55142580" cardsCleaned="614" workStackOverflowCount="0" />
</concurrent-global-final>
<gc-start id="2007" type="global" contextid="2000" timestamp="2025-12-10T21:32:45.011">
  <mem-info id="2008" free="18155032" total="290455552" percent="6">
    <mem type="nursery" free="567584" total="175505408" percent="0">
      <mem type="allocate" free="567584" total="135528448" percent="0" />
      <mem type="survivor" free="0" total="39976960" percent="0" />
    </mem>
    <mem type="tenure" free="17587448" total="114950144" percent="15">
      <mem type="soa" free="11839736" total="109202432" percent="10" />
      <mem type="loa" free="5747712" total="5747712" percent="100" />
    </mem>
    <remembered-set count="39498" />
  </mem-info>
</gc-start>
<allocation-stats totalBytes="106376992" discardedBytes="80984" >
  <allocated-bytes non-tlh="717088" tlh="105659904" />
  <largest-consumer threadName="Default Executor-thread-10" threadId="0000000001819F00" bytes="53747160" />
</allocation-stats>
<heap-resize id="2009" type="loa contract" space="tenure" amount="1148928" count="1" timems="0.000" reason="contract underutilized loa" timestamp="2025-12-10T21:32:45.013" />
<gc-op id="2010" type="rs-scan" timems="7.103" contextid="2000" timestamp="2025-12-10T21:32:45.022">
  <scan objectsFound="274749" bytesTraced="10584612" workStackOverflowCount="0" />
</gc-op>
<gc-op id="2011" type="card-cleaning" timems="2.343" contextid="2000" timestamp="2025-12-10T21:32:45.025">
  <card-cleaning cardsCleaned="25" bytesTraced="79128" workStackOverflowCount="0" />
</gc-op>
<gc-op id="2012" type="mark" timems="57.768" contextid="2000" timestamp="2025-12-10T21:32:45.084">
  <trace-info objectcount="53619" scancount="47509" scanbytes="1442360" />
  <finalization candidates="960" enqueued="45" />
  <ownableSynchronizers candidates="16493" cleared="7079" />
  <references type="soft" candidates="17595" cleared="2" enqueued="2" dynamicThreshold="9" maxThreshold="32" />
  <references type="weak" candidates="17685" cleared="251" enqueued="244" />
  <references type="phantom" candidates="1521" cleared="159" enqueued="159" />
  <stringconstants candidates="51950" cleared="93"  />
  <object-monitors candidates="149" cleared="5"  />
</gc-op>
<gc-op id="2013" type="classunload" timems="1.592" contextid="2000" timestamp="2025-12-10T21:32:45.087">
  <classunload-info classloadercandidates="509" classloadersunloaded="3" classesunloaded="2" anonymousclassesunloaded="0" quiescems="0.000" setupms="1.530" scanms="0.045" postms="0.016" />
</gc-op>
<gc-op id="2014" type="sweep" timems="2.880" contextid="2000" timestamp="2025-12-10T21:32:45.091" />
<heap-resize id="2015" type="expand" space="tenure" amount="3342336" count="1" timems="1.451" reason="insufficient free space following gc" timestamp="2025-12-10T21:32:45.093" />
<heap-resize id="2016" type="loa contract" space="tenure" amount="3279872" count="1" timems="0.000" reason="contract to meet minimum soa" timestamp="2025-12-10T21:32:45.095" />
<gc-end id="2017" type="global" contextid="2000" durationms="98.467" usertimems="232.030" systemtimems="50.317" stalltimems="960.546" timestamp="2025-12-10T21:32:45.109" activeThreads="20">
  <mem-info id="2018" free="142067624" total="293797888" percent="48">
    <mem type="nursery" free="106571152" total="175505408" percent="60">
      <mem type="allocate" free="106571152" total="135528448" percent="78" />
      <mem type="survivor" free="0" total="39976960" percent="0" />
    </mem>
    <mem type="tenure" free="35496472" total="118292480" percent="30" micro-fragmented="2876231" macro-fragmented="90120">
      <mem type="soa" free="34044440" total="116840448" percent="29" />
      <mem type="loa" free="1452032" total="1452032" percent="100" />
    </mem>
    <pending-finalizers system="45" default="0" reference="405" classloader="0" />
    <remembered-set count="35629" />
  </mem-info>
</gc-end>
<cycle-end id="2019" type="global" contextid="2000" timestamp="2025-12-10T21:32:45.110" />
<exclusive-end id="2020" timestamp="2025-12-10T21:32:45.111" durationms="103.058" />

<exclusive-start id="2021" timestamp="2025-12-10T21:32:47.054" intervalms="2046.037">
  <response-info timems="0.061" idlems="0.061" threads="0" lastid="000000000085B900" lastname="Default Executor-thread-2" />
</exclusive-start>
<af-start id="2022" threadId="000000000085C378" totalBytesRequested="40" timestamp="2025-12-10T21:32:47.054" intervalms="85837.201" type="nursery" />
<cycle-start id="2023" type="scavenge" contextid="0" timestamp="2025-12-10T21:32:47.055" intervalms="85837.119" />
<gc-start id="2024" type="scavenge" contextid="2023" timestamp="2025-12-10T21:32:47.056">
  <mem-info id="2025" free="35068464" total="293797888" percent="11">
    <mem type="nursery" free="0" total="175505408" percent="0">
      <mem type="allocate" free="0" total="135528448" percent="0" />
      <mem type="survivor" free="0" total="39976960" percent="0" />
    </mem>
    <mem type="tenure" free="35068464" total="118292480" percent="29">
      <mem type="soa" free="33616432" total="116840448" percent="28" />
      <mem type="loa" free="1452032" total="1452032" percent="100" />
    </mem>
    <remembered-set count="42426" />
  </mem-info>
</gc-start>
<allocation-stats totalBytes="104776240" discardedBytes="2168368" >
  <allocated-bytes non-tlh="12783672" tlh="91992568" />
  <largest-consumer threadName="Default Executor-thread-30" threadId="000000000195EC00" bytes="89390792" />
</allocation-stats>
<gc-op id="2026" type="scavenge" timems="26.934" contextid="2023" timestamp="2025-12-10T21:32:47.084">
  <scavenger-info tenureage="4" tenuremask="7f30" tiltratio="77" />
  <memory-copied type="nursery" objects="219914" bytes="11697112" bytesdiscarded="697584" />
  <memory-copied type="tenure" objects="158305" bytes="16944736" bytesdiscarded="92392" />
  <finalization candidates="61" enqueued="50" />
  <ownableSynchronizers candidates="18531" cleared="17938" />
  <references type="soft" candidates="1941" cleared="0" enqueued="0" dynamicThreshold="9" maxThreshold="32" />
  <references type="weak" candidates="2706" cleared="1172" enqueued="1164" />
  <references type="phantom" candidates="647" cleared="273" enqueued="273" />
  <object-monitors candidates="166" cleared="15"  />
</gc-op>
<gc-end id="2027" type="scavenge" contextid="2023" durationms="45.156" usertimems="71.906" systemtimems="21.548" stalltimems="229.893" timestamp="2025-12-10T21:32:47.101" activeThreads="14">
  <mem-info id="2028" free="141860392" total="293797888" percent="48">
    <mem type="nursery" free="124032784" total="175505408" percent="70">
      <mem type="allocate" free="124032784" total="136445952" percent="90" />
      <mem type="survivor" free="0" total="39059456" percent="0" />
    </mem>
    <mem type="tenure" free="17827608" total="118292480" percent="15" macro-fragmented="7740516">
      <mem type="soa" free="16375576" total="116840448" percent="14" />
      <mem type="loa" free="1452032" total="1452032" percent="100" />
    </mem>
    <pending-finalizers system="50" default="0" reference="1437" classloader="0" />
    <remembered-set count="12614" />
  </mem-info>
</gc-end>
<cycle-end id="2029" type="scavenge" contextid="2023" timestamp="2025-12-10T21:32:47.102" />
<allocation-satisfied id="2030" threadId="000000000085B900" bytesRequested="40" />
<af-end id="2031" timestamp="2025-12-10T21:32:47.103" threadId="000000000085C378" success="true" from="nursery"/>
<exclusive-end id="2032" timestamp="2025-12-10T21:32:47.103" durationms="49.907" />

<concurrent-kickoff id="2033" timestamp="2025-12-10T21:32:47.626">
  <kickoff reason="threshold reached" targetBytes="61512985" thresholdFreeBytes="8497700"  remainingFree="7837416" tenureFreeBytes="17480880" nurseryFreeBytes="7837416" />
</concurrent-kickoff>
<exclusive-start id="2034" timestamp="2025-12-10T21:32:47.627" intervalms="573.811">
  <response-info timems="0.069" idlems="0.069" threads="0" lastid="0000000000886B00" lastname="Default Executor-thread-6" />
</exclusive-start>
<cycle-start id="2035" type="global" contextid="0" timestamp="2025-12-10T21:32:47.628" intervalms="5461.246" />
<concurrent-start id="2036" type="global mark" contextid="2035" timestamp="2025-12-10T21:32:47.629">
</concurrent-start>
<exclusive-end id="2037" timestamp="2025-12-10T21:32:47.630" durationms="2.217" />

<concurrent-end id="2038" type="global mark" contextid="2035" timestamp="2025-12-10T21:32:47.714">
<gc-op id="2039" type="trace" timems="85.526" contextid="2035" timestamp="2025-12-10T21:32:47.714">
  <trace bytesTraced="63296532" workStackOverflowCount="0" />
  <card-cleaning reason="card cleaning threshold reached" bytesTraced="92484" cardsCleaned="225" />
</gc-op>
</concurrent-end>

<exclusive-start id="2040" timestamp="2025-12-10T21:32:47.716" intervalms="88.240">
  <response-info timems="0.054" idlems="0.054" threads="0" lastid="000000000085B900" lastname="Default Executor-thread-2" />
</exclusive-start>
<concurrent-global-final id="2041" timestamp="2025-12-10T21:32:47.716" contextid="2035" intervalms="2707.208" >
  <concurrent-trace-info reason="card cleaning threshold reached" tracedByMutators="27483032" tracedByHelpers="35905984" cardsCleaned="225" workStackOverflowCount="0" />
</concurrent-global-final>
<gc-start id="2042" type="global" contextid="2035" timestamp="2025-12-10T21:32:47.717">
  <mem-info id="2043" free="19891376" total="293797888" percent="6">
    <mem type="nursery" free="2430696" total="175505408" percent="1">
      <mem type="allocate" free="2430696" total="136445952" percent="1" />
      <mem type="survivor" free="0" total="39059456" percent="0" />
    </mem>
    <mem type="tenure" free="17460680" total="118292480" percent="14">
      <mem type="soa" free="16008648" total="116840448" percent="13" />
      <mem type="loa" free="1452032" total="1452032" percent="100" />
    </mem>
    <remembered-set count="16912" />
  </mem-info>
</gc-start>
<allocation-stats totalBytes="121771800" discardedBytes="103472" >
  <allocated-bytes non-tlh="273224" tlh="121498576" />
  <largest-consumer threadName="Default Executor-thread-2" threadId="000000000085B900" bytes="79038320" />
</allocation-stats>
<heap-resize id="2044" type="loa contract" space="tenure" amount="268288" count="1" timems="0.000" reason="contract underutilized loa" timestamp="2025-12-10T21:32:47.719" />
<gc-op id="2045" type="rs-scan" timems="4.480" contextid="2035" timestamp="2025-12-10T21:32:47.724">
  <scan objectsFound="208317" bytesTraced="7382744" workStackOverflowCount="0" />
</gc-op>
<gc-op id="2046" type="card-cleaning" timems="1.184" contextid="2035" timestamp="2025-12-10T21:32:47.726">
  <card-cleaning cardsCleaned="29" bytesTraced="156216" workStackOverflowCount="0" />
</gc-op>
<gc-op id="2047" type="mark" timems="16.309" contextid="2035" timestamp="2025-12-10T21:32:47.743">
  <trace-info objectcount="32498" scancount="28615" scanbytes="937360" />
  <finalization candidates="1557" enqueued="641" />
  <ownableSynchronizers candidates="9661" cleared="185" />
  <references type="soft" candidates="19118" cleared="0" enqueued="0" dynamicThreshold="9" maxThreshold="32" />
  <references type="weak" candidates="20998" cleared="2567" enqueued="2557" />
  <references type="phantom" candidates="1788" cleared="294" enqueued="294" />
  <stringconstants candidates="56083" cleared="74"  />
  <object-monitors candidates="175" cleared="24"  />
</gc-op>
<gc-op id="2048" type="classunload" timems="0.135" contextid="2035" timestamp="2025-12-10T21:32:47.743">
  <classunload-info classloadercandidates="516" classloadersunloaded="2" classesunloaded="0" anonymousclassesunloaded="0" quiescems="0.000" setupms="0.124" scanms="0.004" postms="0.005" />
</gc-op>
<gc-op id="2049" type="sweep" timems="2.949" contextid="2035" timestamp="2025-12-10T21:32:47.747" />
<heap-resize id="2050" type="expand" space="tenure" amount="24903680" count="1" timems="0.784" reason="insufficient free space following gc" timestamp="2025-12-10T21:32:47.749" />
<gc-end id="2051" type="global" contextid="2035" durationms="32.825" usertimems="111.475" systemtimems="22.707" stalltimems="259.256" timestamp="2025-12-10T21:32:47.750" activeThreads="20">
  <mem-info id="2052" free="163435624" total="318701568" percent="51">
    <mem type="nursery" free="120475776" total="175505408" percent="68">
      <mem type="allocate" free="120475776" total="136445952" percent="88" />
      <mem type="survivor" free="0" total="39059456" percent="0" />
    </mem>
    <mem type="tenure" free="42959848" total="143196160" percent="30" micro-fragmented="3334807" macro-fragmented="11146344">
      <mem type="soa" free="41527272" total="141763584" percent="29" />
      <mem type="loa" free="1432576" total="1432576" percent="100" />
    </mem>
    <pending-finalizers system="244" default="397" reference="2851" classloader="0" />
    <remembered-set count="13440" />
  </mem-info>
</gc-end>
<cycle-end id="2053" type="global" contextid="2035" timestamp="2025-12-10T21:32:47.752" />
<exclusive-end id="2054" timestamp="2025-12-10T21:32:47.752" durationms="36.519" />

<exclusive-start id="2055" timestamp="2025-12-10T21:32:48.022" intervalms="306.720">
  <response-info timems="0.066" idlems="0.066" threads="0" lastid="000000000197A000" lastname="Default Executor-thread-36" />
</exclusive-start>
<af-start id="2056" threadId="000000000197AA78" totalBytesRequested="72" timestamp="2025-12-10T21:32:48.023" intervalms="968.836" type="nursery" />
<cycle-start id="2057" type="scavenge" contextid="0" timestamp="2025-12-10T21:32:48.024" intervalms="968.852" />
<gc-start id="2058" type="scavenge" contextid="2057" timestamp="2025-12-10T21:32:48.026">
  <mem-info id="2059" free="42867152" total="318701568" percent="13">
    <mem type="nursery" free="0" total="175505408" percent="0">
      <mem type="allocate" free="0" total="136445952" percent="0" />
      <mem type="survivor" free="0" total="39059456" percent="0" />
    </mem>
    <mem type="tenure" free="42867152" total="143196160" percent="29">
      <mem type="soa" free="41434576" total="141763584" percent="29" />
      <mem type="loa" free="1432576" total="1432576" percent="100" />
    </mem>
    <remembered-set count="14541" />
  </mem-info>
</gc-start>
<allocation-stats totalBytes="120176728" discardedBytes="325464" >
  <allocated-bytes non-tlh="918360" tlh="119258368" />
  <largest-consumer threadName="Default Executor-thread-16" threadId="0000000001875600" bytes="41953792" />
</allocation-stats>
<gc-op id="2060" type="scavenge" timems="7.941" contextid="2057" timestamp="2025-12-10T21:32:48.035">
  <scavenger-info tenureage="9" tenuremask="7e00" tiltratio="77" />
  <memory-copied type="nursery" objects="285870" bytes="14910848" bytesdiscarded="183728" />
  <finalization candidates="51" enqueued="45" />
  <ownableSynchronizers candidates="19320" cleared="18669" />
  <references type="soft" candidates="3562" cleared="0" enqueued="0" dynamicThreshold="9" maxThreshold="32" />
  <references type="weak" candidates="2940" cleared="555" enqueued="546" />
  <references type="phantom" candidates="443" cleared="52" enqueued="52" />
  <object-monitors candidates="157" cleared="0"  />
</gc-op>
<gc-end id="2061" type="scavenge" contextid="2057" durationms="9.435" usertimems="50.372" systemtimems="8.392" stalltimems="33.395" timestamp="2025-12-10T21:32:48.035" activeThreads="12">
  <mem-info id="2062" free="167473792" total="318701568" percent="52">
    <mem type="nursery" free="124606640" total="175505408" percent="70">
      <mem type="allocate" free="124606640" total="139722752" percent="89" />
      <mem type="survivor" free="0" total="35782656" percent="0" />
    </mem>
    <mem type="tenure" free="42867152" total="143196160" percent="29" macro-fragmented="33282812">
      <mem type="soa" free="41434576" total="141763584" percent="29" />
      <mem type="loa" free="1432576" total="1432576" percent="100" />
    </mem>
    <pending-finalizers system="29" default="16" reference="598" classloader="0" />
    <remembered-set count="13958" />
  </mem-info>
</gc-end>
<cycle-end id="2063" type="scavenge" contextid="2057" timestamp="2025-12-10T21:32:48.036" />
<allocation-satisfied id="2064" threadId="000000000197A000" bytesRequested="72" />
<af-end id="2065" timestamp="2025-12-10T21:32:48.037" threadId="000000000197AA78" success="true" from="nursery"/>
<exclusive-end id="2066" timestamp="2025-12-10T21:32:48.038" durationms="15.366" />

<exclusive-start id="2067" timestamp="2025-12-10T21:34:39.332" intervalms="111309.768">
  <response-info timems="0.110" idlems="0.110" threads="0" lastid="000000000180B500" lastname="Default Executor-thread-38" />
</exclusive-start>
<af-start id="2068" threadId="000000000180BF78" totalBytesRequested="128" timestamp="2025-12-10T21:34:39.334" intervalms="111311.040" type="nursery" />
<cycle-start id="2069" type="scavenge" contextid="0" timestamp="2025-12-10T21:34:39.336" intervalms="111312.541" />
<gc-start id="2070" type="scavenge" contextid="2069" timestamp="2025-12-10T21:34:39.338">
  <mem-info id="2071" free="42809048" total="318701568" percent="13">
    <mem type="nursery" free="0" total="175505408" percent="0">
      <mem type="allocate" free="0" total="139722752" percent="0" />
      <mem type="survivor" free="0" total="35782656" percent="0" />
    </mem>
    <mem type="tenure" free="42809048" total="143196160" percent="29">
      <mem type="soa" free="41376472" total="141763584" percent="29" />
      <mem type="loa" free="1432576" total="1432576" percent="100" />
    </mem>
    <remembered-set count="15447" />
  </mem-info>
</gc-start>
<allocation-stats totalBytes="124545624" discardedBytes="102240" >
  <allocated-bytes non-tlh="880536" tlh="123665088" />
  <largest-consumer threadName="Default Executor-thread-36" threadId="000000000197A000" bytes="20029344" />
</allocation-stats>
<gc-op id="2072" type="scavenge" timems="16.072" contextid="2069" timestamp="2025-12-10T21:34:39.357">
  <scavenger-info tenureage="9" tenuremask="7e00" tiltratio="79" />
  <memory-copied type="nursery" objects="261615" bytes="12928912" bytesdiscarded="211184" />
  <finalization candidates="8" enqueued="3" />
  <ownableSynchronizers candidates="10101" cleared="9461" />
  <references type="soft" candidates="3803" cleared="0" enqueued="0" dynamicThreshold="9" maxThreshold="32" />
  <references type="weak" candidates="3560" cleared="161" enqueued="155" />
  <references type="phantom" candidates="479" cleared="90" enqueued="90" />
  <object-monitors candidates="158" cleared="0"  />
</gc-op>
<gc-end id="2073" type="scavenge" contextid="2069" durationms="92.415" usertimems="97.606" systemtimems="23.973" stalltimems="53.108" timestamp="2025-12-10T21:34:39.431" activeThreads="12">
  <mem-info id="2074" free="172841472" total="318701568" percent="54">
    <mem type="nursery" free="130032424" total="175505408" percent="74">
      <mem type="allocate" free="130032424" total="143196160" percent="90" />
      <mem type="survivor" free="0" total="32309248" percent="0" />
    </mem>
    <mem type="tenure" free="42809048" total="143196160" percent="29" macro-fragmented="33282812">
      <mem type="soa" free="41376472" total="141763584" percent="29" />
      <mem type="loa" free="1432576" total="1432576" percent="100" />
    </mem>
    <pending-finalizers system="3" default="0" reference="245" classloader="0" />
    <remembered-set count="9014" />
  </mem-info>
</gc-end>
<cycle-end id="2075" type="scavenge" contextid="2069" timestamp="2025-12-10T21:34:39.432" />
<allocation-satisfied id="2076" threadId="000000000180B500" bytesRequested="128" />
<af-end id="2077" timestamp="2025-12-10T21:34:39.433" threadId="000000000180BF78" success="true" from="nursery"/>
<exclusive-end id="2078" timestamp="2025-12-10T21:34:39.434" durationms="101.478" />

<exclusive-start id="2079" timestamp="2025-12-10T21:37:48.758" intervalms="189426.331">
  <response-info timems="0.128" idlems="0.128" threads="0" lastid="0000000001819F00" lastname="Default Executor-thread-10" />
</exclusive-start>
<af-start id="2080" threadId="000000000181A978" totalBytesRequested="24" timestamp="2025-12-10T21:37:48.760" intervalms="189426.094" type="nursery" />
<cycle-start id="2081" type="scavenge" contextid="0" timestamp="2025-12-10T21:37:48.762" intervalms="189425.917" />
<gc-start id="2082" type="scavenge" contextid="2081" timestamp="2025-12-10T21:37:48.764">
  <mem-info id="2083" free="42804368" total="318701568" percent="13">
    <mem type="nursery" free="0" total="175505408" percent="0">
      <mem type="allocate" free="0" total="143196160" percent="0" />
      <mem type="survivor" free="0" total="32309248" percent="0" />
    </mem>
    <mem type="tenure" free="42804368" total="143196160" percent="29">
      <mem type="soa" free="41371792" total="141763584" percent="29" />
      <mem type="loa" free="1432576" total="1432576" percent="100" />
    </mem>
    <remembered-set count="10123" />
  </mem-info>
</gc-start>
<allocation-stats totalBytes="129905760" discardedBytes="130600" >
  <allocated-bytes non-tlh="36840" tlh="129868920" />
  <largest-consumer threadName="Timer-7" threadId="0000000000FF6900" bytes="26256568" />
</allocation-stats>
<gc-op id="2084" type="scavenge" timems="43.206" contextid="2081" timestamp="2025-12-10T21:37:48.811">
  <scavenger-info tenureage="9" tenuremask="7e00" tiltratio="81" />
  <memory-copied type="nursery" objects="206762" bytes="10817768" bytesdiscarded="330912" />
  <memory-copied type="tenure" objects="56756" bytes="2182192" bytesdiscarded="27320" />
  <finalization candidates="10" enqueued="5" />
  <ownableSynchronizers candidates="16547" cleared="15900" />
  <references type="soft" candidates="3626" cleared="0" enqueued="0" dynamicThreshold="9" maxThreshold="32" />
  <references type="weak" candidates="3563" cleared="24" enqueued="19" />
  <references type="phantom" candidates="566" cleared="179" enqueued="179" />
  <object-monitors candidates="158" cleared="1"  />
</gc-op>
<gc-end id="2085" type="scavenge" contextid="2081" durationms="193.582" usertimems="132.436" systemtimems="11.825" stalltimems="259.168" timestamp="2025-12-10T21:37:48.958" activeThreads="12">
  <mem-info id="2086" free="175823496" total="318701568" percent="55">
    <mem type="nursery" free="135308720" total="175505408" percent="77">
      <mem type="allocate" free="135308720" total="146472960" percent="92" />
      <mem type="survivor" free="0" total="29032448" percent="0" />
    </mem>
    <mem type="tenure" free="40514776" total="143196160" percent="28" macro-fragmented="33282812">
      <mem type="soa" free="39082200" total="141763584" percent="27" />
      <mem type="loa" free="1432576" total="1432576" percent="100" />
    </mem>
    <pending-finalizers system="5" default="0" reference="198" classloader="0" />
    <remembered-set count="6554" />
  </mem-info>
</gc-end>
<cycle-end id="2087" type="scavenge" contextid="2081" timestamp="2025-12-10T21:37:48.960" />
<allocation-satisfied id="2088" threadId="0000000001819F00" bytesRequested="24" />
<af-end id="2089" timestamp="2025-12-10T21:37:48.962" threadId="000000000181A978" success="true" from="nursery"/>
<exclusive-end id="2090" timestamp="2025-12-10T21:37:48.963" durationms="204.587" />

<exclusive-start id="2091" timestamp="2025-12-10T21:40:04.734" intervalms="135975.610">
  <response-info timems="0.107" idlems="0.107" threads="0" lastid="000000000086F300" lastname="Default Executor-thread-4" />
</exclusive-start>
<af-start id="2092" threadId="000000000086FD78" totalBytesRequested="64" timestamp="2025-12-10T21:40:04.736" intervalms="135976.074" type="nursery" />
<cycle-start id="2093" type="scavenge" contextid="0" timestamp="2025-12-10T21:40:04.738" intervalms="135975.776" />
<gc-start id="2094" type="scavenge" contextid="2093" timestamp="2025-12-10T21:40:04.740">
  <mem-info id="2095" free="40433056" total="318701568" percent="12">
    <mem type="nursery" free="0" total="175505408" percent="0">
      <mem type="allocate" free="0" total="146472960" percent="0" />
      <mem type="survivor" free="0" total="29032448" percent="0" />
    </mem>
    <mem type="tenure" free="40433056" total="143196160" percent="28">
      <mem type="soa" free="39000480" total="141763584" percent="27" />
      <mem type="loa" free="1432576" total="1432576" percent="100" />
    </mem>
    <remembered-set count="8739" />
  </mem-info>
</gc-start>
<allocation-stats totalBytes="135307960" discardedBytes="79520" >
  <allocated-bytes non-tlh="472016" tlh="134835944" />
  <largest-consumer threadName="Default Executor-thread-12" threadId="0000000001876200" bytes="30587368" />
</allocation-stats>
<gc-op id="2096" type="scavenge" timems="22.309" contextid="2093" timestamp="2025-12-10T21:40:04.766">
  <scavenger-info tenureage="3" tenuremask="78d8" tiltratio="83" />
  <memory-copied type="nursery" objects="28166" bytes="1557120" bytesdiscarded="901640" />
  <memory-copied type="tenure" objects="188821" bytes="9858504" bytesdiscarded="8728" />
  <finalization candidates="120" enqueued="116" />
  <ownableSynchronizers candidates="12129" cleared="11529" />
  <references type="soft" candidates="578" cleared="0" enqueued="0" dynamicThreshold="9" maxThreshold="32" />
  <references type="weak" candidates="2410" cleared="660" enqueued="656" />
  <references type="phantom" candidates="143" cleared="82" enqueued="82" />
  <object-monitors candidates="167" cleared="7"  />
</gc-op>
<gc-end id="2097" type="scavenge" contextid="2093" durationms="99.750" usertimems="136.430" systemtimems="24.729" stalltimems="55.061" timestamp="2025-12-10T21:40:04.840" activeThreads="11">
  <mem-info id="2098" free="177174952" total="318701568" percent="55">
    <mem type="nursery" free="147090560" total="175505408" percent="83">
      <mem type="allocate" free="147090560" total="149553152" percent="98" />
      <mem type="survivor" free="0" total="25952256" percent="0" />
    </mem>
    <mem type="tenure" free="30084392" total="143196160" percent="21" macro-fragmented="23113062">
      <mem type="soa" free="28651816" total="141763584" percent="20" />
      <mem type="loa" free="1432576" total="1432576" percent="100" />
    </mem>
    <pending-finalizers system="114" default="2" reference="738" classloader="0" />
    <remembered-set count="3004" />
  </mem-info>
</gc-end>
<cycle-end id="2099" type="scavenge" contextid="2093" timestamp="2025-12-10T21:40:04.842" />
<allocation-satisfied id="2100" threadId="000000000086F300" bytesRequested="64" />
<af-end id="2101" timestamp="2025-12-10T21:40:04.845" threadId="000000000086FD78" success="true" from="nursery"/>
<exclusive-end id="2102" timestamp="2025-12-10T21:40:04.846" durationms="111.716" />

<exclusive-start id="2103" timestamp="2025-12-10T21:41:02.562" intervalms="57827.682">
  <response-info timems="0.099" idlems="0.099" threads="0" lastid="0000000000FF6900" lastname="Timer-7" />
</exclusive-start>
<af-start id="2104" threadId="0000000000FF7378" totalBytesRequested="8272" timestamp="2025-12-10T21:41:02.563" intervalms="57827.302" type="nursery" />
<cycle-start id="2105" type="scavenge" contextid="0" timestamp="2025-12-10T21:41:02.564" intervalms="57826.619" />
<gc-start id="2106" type="scavenge" contextid="2105" timestamp="2025-12-10T21:41:02.566">
  <mem-info id="2107" free="30025016" total="318701568" percent="9">
    <mem type="nursery" free="0" total="175505408" percent="0">
      <mem type="allocate" free="0" total="149553152" percent="0" />
      <mem type="survivor" free="0" total="25952256" percent="0" />
    </mem>
    <mem type="tenure" free="30025016" total="143196160" percent="20">
      <mem type="soa" free="28592440" total="141763584" percent="20" />
      <mem type="loa" free="1432576" total="1432576" percent="100" />
    </mem>
    <remembered-set count="6079" />
  </mem-info>
</gc-start>
<allocation-stats totalBytes="147045096" discardedBytes="104840" >
  <allocated-bytes non-tlh="735456" tlh="146309640" />
  <largest-consumer threadName="Default Executor-thread-25" threadId="0000000001945200" bytes="57236752" />
</allocation-stats>
<gc-op id="2108" type="scavenge" timems="13.803" contextid="2105" timestamp="2025-12-10T21:41:02.581">
  <scavenger-info tenureage="12" tenuremask="7000" tiltratio="85" />
  <memory-copied type="nursery" objects="77090" bytes="5199488" bytesdiscarded="312072" />
  <finalization candidates="108" enqueued="104" />
  <ownableSynchronizers candidates="7935" cleared="7702" />
  <references type="soft" candidates="930" cleared="0" enqueued="0" dynamicThreshold="9" maxThreshold="32" />
  <references type="weak" candidates="2647" cleared="656" enqueued="606" />
  <references type="phantom" candidates="299" cleared="91" enqueued="91" />
  <object-monitors candidates="165" cleared="4"  />
</gc-op>
<gc-end id="2109" type="scavenge" contextid="2105" durationms="156.600" usertimems="121.814" systemtimems="7.358" stalltimems="93.092" timestamp="2025-12-10T21:41:02.723" activeThreads="12">
  <mem-info id="2110" free="177068880" total="318701568" percent="55">
    <mem type="nursery" free="147043864" total="175505408" percent="83">
      <mem type="allocate" free="147043864" total="152567808" percent="96" />
      <mem type="survivor" free="0" total="22937600" percent="0" />
    </mem>
    <mem type="tenure" free="30025016" total="143196160" percent="20" macro-fragmented="23113062">
      <mem type="soa" free="28592440" total="141763584" percent="20" />
      <mem type="loa" free="1432576" total="1432576" percent="100" />
    </mem>
    <pending-finalizers system="10" default="94" reference="697" classloader="0" />
    <remembered-set count="4359" />
  </mem-info>
</gc-end>
<cycle-end id="2111" type="scavenge" contextid="2105" timestamp="2025-12-10T21:41:02.724" />
<allocation-satisfied id="2112" threadId="0000000000FF6900" bytesRequested="8272" />
<af-end id="2113" timestamp="2025-12-10T21:41:02.725" threadId="0000000000FF7378" success="true" from="nursery"/>
<exclusive-end id="2114" timestamp="2025-12-10T21:41:02.725" durationms="163.666" />

<exclusive-start id="2115" timestamp="2025-12-10T21:42:44.208" intervalms="101645.948">
  <response-info timems="0.107" idlems="0.107" threads="0" lastid="000000000086F300" lastname="Default Executor-thread-4" />
</exclusive-start>
<af-start id="2116" threadId="000000000086FD78" totalBytesRequested="168" timestamp="2025-12-10T21:42:44.210" intervalms="101646.526" type="nursery" />
<cycle-start id="2117" type="scavenge" contextid="0" timestamp="2025-12-10T21:42:44.212" intervalms="101647.668" />
<gc-start id="2118" type="scavenge" contextid="2117" timestamp="2025-12-10T21:42:44.214">
  <mem-info id="2119" free="29999640" total="318701568" percent="9">
    <mem type="nursery" free="0" total="175505408" percent="0">
      <mem type="allocate" free="0" total="152567808" percent="0" />
      <mem type="survivor" free="0" total="22937600" percent="0" />
    </mem>
    <mem type="tenure" free="29999640" total="143196160" percent="20">
      <mem type="soa" free="28567064" total="141763584" percent="20" />
      <mem type="loa" free="1432576" total="1432576" percent="100" />
    </mem>
    <remembered-set count="6299" />
  </mem-info>
</gc-start>
<allocation-stats totalBytes="146971136" discardedBytes="98104" >
  <allocated-bytes non-tlh="459656" tlh="146511480" />
  <largest-consumer threadName="Default Executor-thread-2" threadId="000000000085B900" bytes="55365400" />
</allocation-stats>
<gc-op id="2120" type="scavenge" timems="32.376" contextid="2117" timestamp="2025-12-10T21:42:44.251">
  <scavenger-info tenureage="13" tenuremask="6000" tiltratio="86" />
  <memory-copied type="nursery" objects="129392" bytes="7031704" bytesdiscarded="132104" />
  <finalization candidates="100" enqueued="95" />
  <ownableSynchronizers candidates="12030" cleared="11650" />
  <references type="soft" candidates="1104" cleared="0" enqueued="0" dynamicThreshold="9" maxThreshold="32" />
  <references type="weak" candidates="2612" cleared="545" enqueued="513" />
  <references type="phantom" candidates="212" cleared="3" enqueued="3" />
  <object-monitors candidates="166" cleared="4"  />
</gc-op>
<gc-end id="2121" type="scavenge" contextid="2117" durationms="211.572" usertimems="71.080" systemtimems="37.784" stalltimems="87.137" timestamp="2025-12-10T21:42:44.426" activeThreads="10">
  <mem-info id="2122" free="177746872" total="318701568" percent="55">
    <mem type="nursery" free="147747232" total="175505408" percent="84">
      <mem type="allocate" free="147747232" total="154927104" percent="95" />
      <mem type="survivor" free="0" total="20578304" percent="0" />
    </mem>
    <mem type="tenure" free="29999640" total="143196160" percent="20" macro-fragmented="19260884">
      <mem type="soa" free="28567064" total="141763584" percent="20" />
      <mem type="loa" free="1432576" total="1432576" percent="100" />
    </mem>
    <pending-finalizers system="1" default="94" reference="516" classloader="0" />
    <remembered-set count="4109" />
  </mem-info>
</gc-end>
<cycle-end id="2123" type="scavenge" contextid="2117" timestamp="2025-12-10T21:42:44.428" />
<allocation-satisfied id="2124" threadId="000000000086F300" bytesRequested="168" />
<af-end id="2125" timestamp="2025-12-10T21:42:44.430" threadId="000000000086FD78" success="true" from="nursery"/>
<exclusive-end id="2126" timestamp="2025-12-10T21:42:44.431" durationms="223.028" />

<exclusive-start id="2127" timestamp="2025-12-10T21:58:02.656" intervalms="207715.909">
  <response-info timems="0.129" idlems="0.129" threads="0" lastid="000000000195EC00" lastname="Default Executor-thread-30" />
</exclusive-start>
<af-start id="2128" threadId="000000000195F678" totalBytesRequested="32" timestamp="2025-12-10T21:58:02.658" intervalms="207715.641" type="nursery" />
<cycle-start id="2129" type="scavenge" contextid="0" timestamp="2025-12-10T21:58:02.660" intervalms="207715.314" />
<gc-start id="2130" type="scavenge" contextid="2129" timestamp="2025-12-10T21:58:02.662">
  <mem-info id="2131" free="29997800" total="318701568" percent="9">
    <mem type="nursery" free="0" total="175505408" percent="0">
      <mem type="allocate" free="0" total="154927104" percent="0" />
      <mem type="survivor" free="0" total="20578304" percent="0" />
    </mem>
    <mem type="tenure" free="29997800" total="143196160" percent="20">
      <mem type="soa" free="28565224" total="141763584" percent="20" />
      <mem type="loa" free="1432576" total="1432576" percent="100" />
    </mem>
    <remembered-set count="5542" />
  </mem-info>
</gc-start>
<allocation-stats totalBytes="147663352" discardedBytes="85720" >
  <allocated-bytes non-tlh="2008" tlh="147661344" />
  <largest-consumer threadName="Timer-7" threadId="0000000000FF6900" bytes="35559392" />
</allocation-stats>
<gc-op id="2132" type="scavenge" timems="18.082" contextid="2129" timestamp="2025-12-10T21:58:02.682">
  <scavenger-info tenureage="14" tenuremask="4000" tiltratio="88" />
  <memory-copied type="nursery" objects="121249" bytes="6766216" bytesdiscarded="254344" />
  <finalization candidates="7" enqueued="2" />
  <ownableSynchronizers candidates="17812" cleared="17434" />
  <references type="soft" candidates="1104" cleared="0" enqueued="0" dynamicThreshold="9" maxThreshold="32" />
  <references type="weak" candidates="2099" cleared="7" enqueued="1" />
  <references type="phantom" candidates="444" cleared="235" enqueued="235" />
  <object-monitors candidates="162" cleared="0"  />
</gc-op>
<gc-end id="2133" type="scavenge" contextid="2129" durationms="39.179" usertimems="62.061" systemtimems="8.153" stalltimems="63.077" timestamp="2025-12-10T21:58:02.701" activeThreads="11">
  <mem-info id="2134" free="180255392" total="318701568" percent="56">
    <mem type="nursery" free="150257592" total="175505408" percent="85">
      <mem type="allocate" free="150257592" total="157286400" percent="95" />
      <mem type="survivor" free="0" total="18219008" percent="0" />
    </mem>
    <mem type="tenure" free="29997800" total="143196160" percent="20" macro-fragmented="0">
      <mem type="soa" free="28565224" total="141763584" percent="20" />
      <mem type="loa" free="1432576" total="1432576" percent="100" />
    </mem>
    <pending-finalizers system="2" default="0" reference="236" classloader="0" />
    <remembered-set count="3354" />
  </mem-info>
</gc-end>
<cycle-end id="2135" type="scavenge" contextid="2129" timestamp="2025-12-10T21:58:02.702" />
<allocation-satisfied id="2136" threadId="000000000195EC00" bytesRequested="32" />
<af-end id="2137" timestamp="2025-12-10T21:58:02.703" threadId="000000000195F678" success="true" from="nursery"/>
<exclusive-end id="2138" timestamp="2025-12-10T21:58:02.703" durationms="46.866" />

<exclusive-start id="2139" timestamp="2025-12-10T21:59:36.154" intervalms="93497.318">
  <response-info timems="0.180" idlems="0.108" threads="1" lastid="0000000001878500" lastname="Default Executor-thread-15" />
</exclusive-start>
<af-start id="2140" threadId="000000000083A478" totalBytesRequested="48" timestamp="2025-12-10T21:59:36.155" intervalms="93496.469" type="nursery" />
<cycle-start id="2141" type="scavenge" contextid="0" timestamp="2025-12-10T21:59:36.156" intervalms="93495.655" />
<gc-start id="2142" type="scavenge" contextid="2141" timestamp="2025-12-10T21:59:36.157">
  <mem-info id="2143" free="29969424" total="318701568" percent="9">
    <mem type="nursery" free="0" total="175505408" percent="0">
      <mem type="allocate" free="0" total="157286400" percent="0" />
      <mem type="survivor" free="0" total="18219008" percent="0" />
    </mem>
    <mem type="tenure" free="29969424" total="143196160" percent="20">
      <mem type="soa" free="28536848" total="141763584" percent="20" />
      <mem type="loa" free="1432576" total="1432576" percent="100" />
    </mem>
    <remembered-set count="5116" />
  </mem-info>
</gc-start>
<allocation-stats totalBytes="150247776" discardedBytes="38192" >
  <allocated-bytes non-tlh="429840" tlh="149817936" />
  <largest-consumer threadName="Default Executor-thread-12" threadId="0000000001876200" bytes="54781680" />
</allocation-stats>
<gc-op id="2144" type="scavenge" timems="6.594" contextid="2141" timestamp="2025-12-10T21:59:36.166">
  <scavenger-info tenureage="3" tenuremask="4048" tiltratio="89" />
  <memory-copied type="nursery" objects="112519" bytes="4441904" bytesdiscarded="129176" />
  <memory-copied type="tenure" objects="48531" bytes="3917816" bytesdiscarded="2416" />
  <finalization candidates="102" enqueued="95" />
  <ownableSynchronizers candidates="11294" cleared="10870" />
  <references type="soft" candidates="681" cleared="0" enqueued="0" dynamicThreshold="9" maxThreshold="32" />
  <references type="weak" candidates="1505" cleared="506" enqueued="465" />
  <references type="phantom" candidates="42" cleared="3" enqueued="3" />
  <object-monitors candidates="167" cleared="5"  />
</gc-op>
<gc-end id="2145" type="scavenge" contextid="2141" durationms="35.342" usertimems="29.104" systemtimems="12.692" stalltimems="21.241" timestamp="2025-12-10T21:59:36.193" activeThreads="11">
  <mem-info id="2146" free="179432256" total="318701568" percent="56">
    <mem type="nursery" free="153357736" total="175505408" percent="87">
      <mem type="allocate" free="153357736" total="157941760" percent="97" />
      <mem type="survivor" free="0" total="17563648" percent="0" />
    </mem>
    <mem type="tenure" free="26074520" total="143196160" percent="18" macro-fragmented="23113062">
      <mem type="soa" free="24641944" total="141763584" percent="17" />
      <mem type="loa" free="1432576" total="1432576" percent="100" />
    </mem>
    <pending-finalizers system="1" default="94" reference="468" classloader="0" />
    <remembered-set count="2703" />
  </mem-info>
</gc-end>
<cycle-end id="2147" type="scavenge" contextid="2141" timestamp="2025-12-10T21:59:36.194" />
<allocation-satisfied id="2148" threadId="0000000000839A00" bytesRequested="48" />
<af-end id="2149" timestamp="2025-12-10T21:59:36.195" threadId="000000000083A478" success="true" from="nursery"/>
<exclusive-end id="2150" timestamp="2025-12-10T21:59:36.196" durationms="41.903" />

<exclusive-start id="2151" timestamp="2025-12-10T22:01:00.333" intervalms="84178.917">
  <response-info timems="0.080" idlems="0.080" threads="0" lastid="0000000001819F00" lastname="Default Executor-thread-10" />
</exclusive-start>
<af-start id="2152" threadId="000000000181A978" totalBytesRequested="112" timestamp="2025-12-10T22:01:00.334" intervalms="84179.540" type="nursery" />
<cycle-start id="2153" type="scavenge" contextid="0" timestamp="2025-12-10T22:01:00.336" intervalms="84180.065" />
<gc-start id="2154" type="scavenge" contextid="2153" timestamp="2025-12-10T22:01:00.338">
  <mem-info id="2155" free="26049232" total="318701568" percent="8">
    <mem type="nursery" free="0" total="175505408" percent="0">
      <mem type="allocate" free="0" total="157941760" percent="0" />
      <mem type="survivor" free="0" total="17563648" percent="0" />
    </mem>
    <mem type="tenure" free="26049232" total="143196160" percent="18">
      <mem type="soa" free="24616656" total="141763584" percent="17" />
      <mem type="loa" free="1432576" total="1432576" percent="100" />
    </mem>
    <remembered-set count="4847" />
  </mem-info>
</gc-start>
<allocation-stats totalBytes="153283392" discardedBytes="99632" >
  <allocated-bytes non-tlh="697120" tlh="152586272" />
  <largest-consumer threadName="Default Executor-thread-31" threadId="00000000019BEB00" bytes="53938816" />
</allocation-stats>
<gc-op id="2156" type="scavenge" timems="24.885" contextid="2153" timestamp="2025-12-10T22:01:00.366">
  <scavenger-info tenureage="10" tenuremask="4400" tiltratio="89" />
  <memory-copied type="nursery" objects="152951" bytes="5870680" bytesdiscarded="123576" />
  <memory-copied type="tenure" objects="1189" bytes="86680" bytesdiscarded="448" />
  <finalization candidates="102" enqueued="95" />
  <ownableSynchronizers candidates="10542" cleared="10097" />
  <references type="soft" candidates="791" cleared="0" enqueued="0" dynamicThreshold="9" maxThreshold="32" />
  <references type="weak" candidates="1711" cleared="588" enqueued="540" />
  <references type="phantom" candidates="42" cleared="3" enqueued="3" />
  <object-monitors candidates="168" cleared="4"  />
</gc-op>
<gc-end id="2157" type="scavenge" contextid="2153" durationms="117.348" usertimems="56.057" systemtimems="26.263" stalltimems="54.930" timestamp="2025-12-10T22:01:00.455" activeThreads="10">
  <mem-info id="2158" free="177550456" total="318701568" percent="55">
    <mem type="nursery" free="151932496" total="175505408" percent="86">
      <mem type="allocate" free="151932496" total="157941760" percent="96" />
      <mem type="survivor" free="0" total="17563648" percent="0" />
    </mem>
    <mem type="tenure" free="25617960" total="143196160" percent="17" macro-fragmented="13375613">
      <mem type="soa" free="24185384" total="141763584" percent="17" />
      <mem type="loa" free="1432576" total="1432576" percent="100" />
    </mem>
    <pending-finalizers system="1" default="94" reference="543" classloader="0" />
    <remembered-set count="3061" />
  </mem-info>
</gc-end>
<cycle-end id="2159" type="scavenge" contextid="2153" timestamp="2025-12-10T22:01:00.457" />
<allocation-satisfied id="2160" threadId="0000000001819F00" bytesRequested="112" />
<af-end id="2161" timestamp="2025-12-10T22:01:00.458" threadId="000000000181A978" success="true" from="nursery"/>
<exclusive-end id="2162" timestamp="2025-12-10T22:01:00.458" durationms="125.654" />

<exclusive-start id="2163" timestamp="2025-12-10T22:02:16.836" intervalms="76503.182">
  <response-info timems="0.090" idlems="0.090" threads="0" lastid="0000000000555500" lastname="Active Thread: Equinox Container: 6d0f9637-e0ed-4a51-9b42-119e0" />
</exclusive-start>
<af-start id="2164" threadId="0000000000555F78" totalBytesRequested="65544" timestamp="2025-12-10T22:02:16.838" intervalms="76503.461" type="nursery" />
<cycle-start id="2165" type="scavenge" contextid="0" timestamp="2025-12-10T22:02:16.840" intervalms="76503.936" />
<gc-start id="2166" type="scavenge" contextid="2165" timestamp="2025-12-10T22:02:16.842">
  <mem-info id="2167" free="25590656" total="318701568" percent="8">
    <mem type="nursery" free="0" total="175505408" percent="0">
      <mem type="allocate" free="0" total="157941760" percent="0" />
      <mem type="survivor" free="0" total="17563648" percent="0" />
    </mem>
    <mem type="tenure" free="25590656" total="143196160" percent="17">
      <mem type="soa" free="24158080" total="141763584" percent="17" />
      <mem type="loa" free="1432576" total="1432576" percent="100" />
    </mem>
    <remembered-set count="5273" />
  </mem-info>
</gc-start>
<allocation-stats totalBytes="151886528" discardedBytes="73272" >
  <allocated-bytes non-tlh="465728" tlh="151420800" />
  <largest-consumer threadName="Default Executor-thread-25" threadId="0000000001945200" bytes="52909088" />
</allocation-stats>
<gc-op id="2168" type="scavenge" timems="6.991" contextid="2165" timestamp="2025-12-10T22:02:16.852">
  <scavenger-info tenureage="4" tenuremask="4050" tiltratio="89" />
  <memory-copied type="nursery" objects="137725" bytes="5267920" bytesdiscarded="353608" />
  <memory-copied type="tenure" objects="44926" bytes="1801400" bytesdiscarded="784" />
  <finalization candidates="105" enqueued="96" />
  <ownableSynchronizers candidates="9969" cleared="9513" />
  <references type="soft" candidates="585" cleared="0" enqueued="0" dynamicThreshold="9" maxThreshold="32" />
  <references type="weak" candidates="1279" cleared="574" enqueued="519" />
  <references type="phantom" candidates="34" cleared="3" enqueued="3" />
  <object-monitors candidates="167" cleared="3"  />
</gc-op>
<gc-end id="2169" type="scavenge" contextid="2165" durationms="37.012" usertimems="33.255" systemtimems="12.054" stalltimems="24.350" timestamp="2025-12-10T22:02:16.878" activeThreads="11">
  <mem-info id="2170" free="175785944" total="318701568" percent="55">
    <mem type="nursery" free="152308024" total="175505408" percent="86">
      <mem type="allocate" free="152308024" total="157941760" percent="96" />
      <mem type="survivor" free="0" total="17563648" percent="0" />
    </mem>
    <mem type="tenure" free="23477920" total="143196160" percent="16" macro-fragmented="0">
      <mem type="soa" free="22045344" total="141763584" percent="15" />
      <mem type="loa" free="1432576" total="1432576" percent="100" />
    </mem>
    <pending-finalizers system="2" default="94" reference="522" classloader="0" />
    <remembered-set count="2467" />
  </mem-info>
</gc-end>
<cycle-end id="2171" type="scavenge" contextid="2165" timestamp="2025-12-10T22:02:16.880" />
<allocation-satisfied id="2172" threadId="0000000000555500" bytesRequested="65544" />
<af-end id="2173" timestamp="2025-12-10T22:02:16.882" threadId="0000000000555F78" success="true" from="nursery"/>
<exclusive-end id="2174" timestamp="2025-12-10T22:02:16.884" durationms="47.917" />

<exclusive-start id="2175" timestamp="2025-12-10T22:03:02.513" intervalms="45676.931">
  <response-info timems="0.064" idlems="0.064" threads="0" lastid="0000000001887D00" lastname="weld-preloader-1" />
</exclusive-start>
<af-start id="2176" threadId="0000000001888778" totalBytesRequested="16" timestamp="2025-12-10T22:03:02.514" intervalms="45676.239" type="nursery" />
<cycle-start id="2177" type="scavenge" contextid="0" timestamp="2025-12-10T22:03:02.515" intervalms="45675.072" />
<gc-start id="2178" type="scavenge" contextid="2177" timestamp="2025-12-10T22:03:02.516">
  <mem-info id="2179" free="23448144" total="318701568" percent="7">
    <mem type="nursery" free="0" total="175505408" percent="0">
      <mem type="allocate" free="0" total="157941760" percent="0" />
      <mem type="survivor" free="0" total="17563648" percent="0" />
    </mem>
    <mem type="tenure" free="23448144" total="143196160" percent="16">
      <mem type="soa" free="22015568" total="141763584" percent="15" />
      <mem type="loa" free="1432576" total="1432576" percent="100" />
    </mem>
    <remembered-set count="4749" />
  </mem-info>
</gc-start>
<allocation-stats totalBytes="152173696" discardedBytes="164104" >
  <allocated-bytes non-tlh="586880" tlh="151586816" />
  <largest-consumer threadName="Default Executor-thread-38" threadId="000000000180B500" bytes="53100792" />
</allocation-stats>
<gc-op id="2180" type="scavenge" timems="6.423" contextid="2177" timestamp="2025-12-10T22:03:02.524">
  <scavenger-info tenureage="14" tenuremask="4000" tiltratio="89" />
  <memory-copied type="nursery" objects="201091" bytes="7429600" bytesdiscarded="245712" />
  <finalization candidates="198" enqueued="188" />
  <ownableSynchronizers candidates="7292" cleared="6747" />
  <references type="soft" candidates="803" cleared="0" enqueued="0" dynamicThreshold="9" maxThreshold="32" />
  <references type="weak" candidates="1546" cleared="645" enqueued="597" />
  <references type="phantom" candidates="32" cleared="6" enqueued="6" />
  <object-monitors candidates="189" cleared="12"  />
</gc-op>
<gc-end id="2181" type="scavenge" contextid="2177" durationms="25.233" usertimems="28.594" systemtimems="13.556" stalltimems="29.476" timestamp="2025-12-10T22:03:02.541" activeThreads="10">
  <mem-info id="2182" free="173692976" total="318701568" percent="54">
    <mem type="nursery" free="150244832" total="175505408" percent="85">
      <mem type="allocate" free="150244832" total="157941760" percent="95" />
      <mem type="survivor" free="0" total="17563648" percent="0" />
    </mem>
    <mem type="tenure" free="23448144" total="143196160" percent="16" macro-fragmented="0">
      <mem type="soa" free="22015568" total="141763584" percent="15" />
      <mem type="loa" free="1432576" total="1432576" percent="100" />
    </mem>
    <pending-finalizers system="2" default="186" reference="603" classloader="0" />
    <remembered-set count="2639" />
  </mem-info>
</gc-end>
<cycle-end id="2183" type="scavenge" contextid="2177" timestamp="2025-12-10T22:03:02.542" />
<allocation-satisfied id="2184" threadId="0000000001887D00" bytesRequested="16" />
<af-end id="2185" timestamp="2025-12-10T22:03:02.543" threadId="0000000001888778" success="true" from="nursery"/>
<exclusive-end id="2186" timestamp="2025-12-10T22:03:02.544" durationms="31.240" />

<exclusive-start id="2187" timestamp="2025-12-10T22:03:38.301" intervalms="35788.013">
  <response-info timems="0.066" idlems="0.066" threads="0" lastid="0000000000FF6900" lastname="Timer-7" />
</exclusive-start>
<af-start id="2188" threadId="0000000000FF7378" totalBytesRequested="48" timestamp="2025-12-10T22:03:38.301" intervalms="35787.081" type="nursery" />
<cycle-start id="2189" type="scavenge" contextid="0" timestamp="2025-12-10T22:03:38.302" intervalms="35787.089" />
<gc-start id="2190" type="scavenge" contextid="2189" timestamp="2025-12-10T22:03:38.303">
  <mem-info id="2191" free="23401096" total="318701568" percent="7">
    <mem type="nursery" free="0" total="175505408" percent="0">
      <mem type="allocate" free="0" total="157941760" percent="0" />
      <mem type="survivor" free="0" total="17563648" percent="0" />
    </mem>
    <mem type="tenure" free="23401096" total="143196160" percent="16">
      <mem type="soa" free="21968520" total="141763584" percent="15" />
      <mem type="loa" free="1432576" total="1432576" percent="100" />
    </mem>
    <remembered-set count="4946" />
  </mem-info>
</gc-start>
<allocation-stats totalBytes="150243384" discardedBytes="48496" >
  <allocated-bytes non-tlh="341992" tlh="149901392" />
  <largest-consumer threadName="Default Executor-thread-52" threadId="0000000001924600" bytes="55075880" />
</allocation-stats>
<gc-op id="2192" type="scavenge" timems="10.845" contextid="2189" timestamp="2025-12-10T22:03:38.314">
  <scavenger-info tenureage="3" tenuremask="4018" tiltratio="89" />
  <memory-copied type="nursery" objects="179851" bytes="6769968" bytesdiscarded="158864" />
  <memory-copied type="tenure" objects="73275" bytes="2855432" bytesdiscarded="1792" />
  <finalization candidates="109" enqueued="97" />
  <ownableSynchronizers candidates="9909" cleared="9218" />
  <references type="soft" candidates="765" cleared="0" enqueued="0" dynamicThreshold="9" maxThreshold="32" />
  <references type="weak" candidates="1759" cleared="641" enqueued="568" />
  <references type="phantom" candidates="21" cleared="3" enqueued="3" />
  <object-monitors candidates="185" cleared="5"  />
</gc-op>
<gc-end id="2193" type="scavenge" contextid="2189" durationms="28.083" usertimems="35.830" systemtimems="8.793" stalltimems="21.840" timestamp="2025-12-10T22:03:38.331" activeThreads="9">
  <mem-info id="2194" free="171761552" total="318701568" percent="53">
    <mem type="nursery" free="150995808" total="175505408" percent="86">
      <mem type="allocate" free="150995808" total="157941760" percent="95" />
      <mem type="survivor" free="0" total="17563648" percent="0" />
    </mem>
    <mem type="tenure" free="20765744" total="143196160" percent="14" macro-fragmented="13375613">
      <mem type="soa" free="19333168" total="141763584" percent="13" />
      <mem type="loa" free="1432576" total="1432576" percent="100" />
    </mem>
    <pending-finalizers system="1" default="96" reference="571" classloader="0" />
    <remembered-set count="2986" />
  </mem-info>
</gc-end>
<cycle-end id="2195" type="scavenge" contextid="2189" timestamp="2025-12-10T22:03:38.332" />
<allocation-satisfied id="2196" threadId="0000000000FF6900" bytesRequested="48" />
<af-end id="2197" timestamp="2025-12-10T22:03:38.333" threadId="0000000000FF7378" success="true" from="nursery"/>
<exclusive-end id="2198" timestamp="2025-12-10T22:03:38.333" durationms="32.674" />

<exclusive-start id="2199" timestamp="2025-12-10T22:04:32.318" intervalms="54017.648">
  <response-info timems="0.057" idlems="0.057" threads="0" lastid="0000000000839A00" lastname="Default Executor-thread-1" />
</exclusive-start>
<af-start id="2200" threadId="000000000083A478" totalBytesRequested="40" timestamp="2025-12-10T22:04:32.319" intervalms="54018.209" type="nursery" />
<cycle-start id="2201" type="scavenge" contextid="0" timestamp="2025-12-10T22:04:32.320" intervalms="54018.455" />
<gc-start id="2202" type="scavenge" contextid="2201" timestamp="2025-12-10T22:04:32.322">
  <mem-info id="2203" free="20742112" total="318701568" percent="6">
    <mem type="nursery" free="0" total="175505408" percent="0">
      <mem type="allocate" free="0" total="157941760" percent="0" />
      <mem type="survivor" free="0" total="17563648" percent="0" />
    </mem>
    <mem type="tenure" free="20742112" total="143196160" percent="14">
      <mem type="soa" free="19309536" total="141763584" percent="13" />
      <mem type="loa" free="1432576" total="1432576" percent="100" />
    </mem>
    <remembered-set count="4752" />
  </mem-info>
</gc-start>
<allocation-stats totalBytes="150916848" discardedBytes="102592" >
  <allocated-bytes non-tlh="777392" tlh="150139456" />
  <largest-consumer threadName="Default Executor-thread-23" threadId="0000000001968200" bytes="54337264" />
</allocation-stats>
<gc-op id="2204" type="scavenge" timems="7.982" contextid="2201" timestamp="2025-12-10T22:04:32.331">
  <scavenger-info tenureage="14" tenuremask="4000" tiltratio="89" />
  <memory-copied type="nursery" objects="215366" bytes="8169120" bytesdiscarded="159120" />
  <finalization candidates="108" enqueued="96" />
  <ownableSynchronizers candidates="8023" cleared="7462" />
  <references type="soft" candidates="944" cleared="0" enqueued="0" dynamicThreshold="9" maxThreshold="32" />
  <references type="weak" candidates="1859" cleared="583" enqueued="525" />
  <references type="phantom" candidates="33" cleared="6" enqueued="6" />
  <object-monitors candidates="183" cleared="4"  />
</gc-op>
<gc-end id="2205" type="scavenge" contextid="2201" durationms="36.178" usertimems="20.920" systemtimems="20.034" stalltimems="32.348" timestamp="2025-12-10T22:04:32.358" activeThreads="11">
  <mem-info id="2206" free="170339856" total="318701568" percent="53">
    <mem type="nursery" free="149597744" total="175505408" percent="85">
      <mem type="allocate" free="149597744" total="157941760" percent="94" />
      <mem type="survivor" free="0" total="17563648" percent="0" />
    </mem>
    <mem type="tenure" free="20742112" total="143196160" percent="14" macro-fragmented="19260884">
      <mem type="soa" free="19309536" total="141763584" percent="13" />
      <mem type="loa" free="1432576" total="1432576" percent="100" />
    </mem>
    <pending-finalizers system="2" default="94" reference="531" classloader="0" />
    <remembered-set count="2879" />
  </mem-info>
</gc-end>
<cycle-end id="2207" type="scavenge" contextid="2201" timestamp="2025-12-10T22:04:32.359" />
<allocation-satisfied id="2208" threadId="0000000000839A00" bytesRequested="40" />
<af-end id="2209" timestamp="2025-12-10T22:04:32.359" threadId="000000000083A478" success="true" from="nursery"/>
<exclusive-end id="2210" timestamp="2025-12-10T22:04:32.360" durationms="41.247" />

<exclusive-start id="2211" timestamp="2025-12-10T22:05:33.959" intervalms="61640.228">
  <response-info timems="0.099" idlems="0.099" threads="0" lastid="00000000027AD400" lastname="Default Executor-thread-54" />
</exclusive-start>
<af-start id="2212" threadId="00000000027ADE78" totalBytesRequested="80" timestamp="2025-12-10T22:05:33.960" intervalms="61641.009" type="nursery" />
<cycle-start id="2213" type="scavenge" contextid="0" timestamp="2025-12-10T22:05:33.962" intervalms="61641.521" />
<gc-start id="2214" type="scavenge" contextid="2213" timestamp="2025-12-10T22:05:33.964">
  <mem-info id="2215" free="20690624" total="318701568" percent="6">
    <mem type="nursery" free="0" total="175505408" percent="0">
      <mem type="allocate" free="0" total="157941760" percent="0" />
      <mem type="survivor" free="0" total="17563648" percent="0" />
    </mem>
    <mem type="tenure" free="20690624" total="143196160" percent="14">
      <mem type="soa" free="19258048" total="141763584" percent="13" />
      <mem type="loa" free="1432576" total="1432576" percent="100" />
    </mem>
    <remembered-set count="5324" />
  </mem-info>
</gc-start>
<allocation-stats totalBytes="149566576" discardedBytes="82656" >
  <allocated-bytes non-tlh="674080" tlh="148892496" />
  <largest-consumer threadName="Default Executor-thread-1" threadId="0000000000839A00" bytes="39072640" />
</allocation-stats>
<gc-op id="2216" type="scavenge" timems="34.099" contextid="2213" timestamp="2025-12-10T22:05:34.002">
  <scavenger-info tenureage="3" tenuremask="4018" tiltratio="89" />
  <memory-copied type="nursery" objects="164184" bytes="6497592" bytesdiscarded="331744" />
  <memory-copied type="tenure" objects="97758" bytes="3561296" bytesdiscarded="1040" />
  <finalization candidates="157" enqueued="143" />
  <ownableSynchronizers candidates="8786" cleared="8135" />
  <references type="soft" candidates="1028" cleared="0" enqueued="0" dynamicThreshold="9" maxThreshold="32" />
  <references type="weak" candidates="1953" cleared="726" enqueued="680" />
  <references type="phantom" candidates="269" cleared="25" enqueued="25" />
  <object-monitors candidates="181" cleared="2"  />
</gc-op>
<gc-end id="2217" type="scavenge" contextid="2213" durationms="80.691" usertimems="99.436" systemtimems="17.875" stalltimems="127.710" timestamp="2025-12-10T22:05:34.045" activeThreads="11">
  <mem-info id="2218" free="168339144" total="318701568" percent="52">
    <mem type="nursery" free="151096544" total="175505408" percent="86">
      <mem type="allocate" free="151096544" total="157941760" percent="95" />
      <mem type="survivor" free="0" total="17563648" percent="0" />
    </mem>
    <mem type="tenure" free="17242600" total="143196160" percent="12" macro-fragmented="0">
      <mem type="soa" free="15810024" total="141763584" percent="11" />
      <mem type="loa" free="1432576" total="1432576" percent="100" />
    </mem>
    <pending-finalizers system="2" default="141" reference="705" classloader="0" />
    <remembered-set count="3214" />
  </mem-info>
</gc-end>
<cycle-end id="2219" type="scavenge" contextid="2213" timestamp="2025-12-10T22:05:34.047" />
<allocation-satisfied id="2220" threadId="00000000027AD400" bytesRequested="80" />
<af-end id="2221" timestamp="2025-12-10T22:05:34.048" threadId="00000000027ADE78" success="true" from="nursery"/>
<exclusive-end id="2222" timestamp="2025-12-10T22:05:34.049" durationms="90.645" />

<exclusive-start id="2223" timestamp="2025-12-10T22:06:06.231" intervalms="32272.730">
  <response-info timems="0.100" idlems="0.100" threads="0" lastid="0000000001967600" lastname="Default Executor-thread-35" />
</exclusive-start>
<af-start id="2224" threadId="0000000001968078" totalBytesRequested="32" timestamp="2025-12-10T22:06:06.232" intervalms="32271.914" type="nursery" />
<cycle-start id="2225" type="scavenge" contextid="0" timestamp="2025-12-10T22:06:06.233" intervalms="32271.470" />
<gc-start id="2226" type="scavenge" contextid="2225" timestamp="2025-12-10T22:06:06.235">
  <mem-info id="2227" free="17189984" total="318701568" percent="5">
    <mem type="nursery" free="0" total="175505408" percent="0">
      <mem type="allocate" free="0" total="157941760" percent="0" />
      <mem type="survivor" free="0" total="17563648" percent="0" />
    </mem>
    <mem type="tenure" free="17189984" total="143196160" percent="12">
      <mem type="soa" free="15757408" total="141763584" percent="11" />
      <mem type="loa" free="1432576" total="1432576" percent="100" />
    </mem>
    <remembered-set count="5117" />
  </mem-info>
</gc-start>
<allocation-stats totalBytes="151091776" discardedBytes="57384" >
  <allocated-bytes non-tlh="445928" tlh="150645848" />
  <largest-consumer threadName="Default Executor-thread-35" threadId="0000000001967600" bytes="53264296" />
</allocation-stats>
<gc-op id="2228" type="scavenge" timems="16.446" contextid="2225" timestamp="2025-12-10T22:06:06.253">
  <scavenger-info tenureage="14" tenuremask="4000" tiltratio="89" />
  <memory-copied type="nursery" objects="229323" bytes="8972000" bytesdiscarded="164184" />
  <finalization candidates="153" enqueued="143" />
  <ownableSynchronizers candidates="9444" cleared="8893" />
  <references type="soft" candidates="1372" cleared="0" enqueued="0" dynamicThreshold="9" maxThreshold="32" />
  <references type="weak" candidates="2084" cleared="674" enqueued="612" />
  <references type="phantom" candidates="249" cleared="3" enqueued="3" />
  <object-monitors candidates="184" cleared="4"  />
</gc-op>
<gc-end id="2229" type="scavenge" contextid="2225" durationms="37.716" usertimems="77.659" systemtimems="15.250" stalltimems="111.154" timestamp="2025-12-10T22:06:06.273" activeThreads="12">
  <mem-info id="2230" free="165975072" total="318701568" percent="52">
    <mem type="nursery" free="148785088" total="175505408" percent="84">
      <mem type="allocate" free="148785088" total="157941760" percent="94" />
      <mem type="survivor" free="0" total="17563648" percent="0" />
    </mem>
    <mem type="tenure" free="17189984" total="143196160" percent="12" macro-fragmented="6450429">
      <mem type="soa" free="15757408" total="141763584" percent="11" />
      <mem type="loa" free="1432576" total="1432576" percent="100" />
    </mem>
    <pending-finalizers system="1" default="142" reference="615" classloader="0" />
    <remembered-set count="3782" />
  </mem-info>
</gc-end>
<cycle-end id="2231" type="scavenge" contextid="2225" timestamp="2025-12-10T22:06:06.274" />
<allocation-satisfied id="2232" threadId="0000000001967600" bytesRequested="32" />
<af-end id="2233" timestamp="2025-12-10T22:06:06.276" threadId="0000000001968078" success="true" from="nursery"/>
<exclusive-end id="2234" timestamp="2025-12-10T22:06:06.277" durationms="45.882" />

<exclusive-start id="2235" timestamp="2025-12-10T22:07:03.504" intervalms="57272.539">
  <response-info timems="0.192" idlems="0.192" threads="0" lastid="0000000001969A00" lastname="Default Executor-thread-33" />
</exclusive-start>
<af-start id="2236" threadId="000000000196A478" totalBytesRequested="16" timestamp="2025-12-10T22:07:03.505" intervalms="57272.965" type="nursery" />
<cycle-start id="2237" type="scavenge" contextid="0" timestamp="2025-12-10T22:07:03.507" intervalms="57273.581" />
<gc-start id="2238" type="scavenge" contextid="2237" timestamp="2025-12-10T22:07:03.509">
  <mem-info id="2239" free="17154688" total="318701568" percent="5">
    <mem type="nursery" free="0" total="175505408" percent="0">
      <mem type="allocate" free="0" total="157941760" percent="0" />
      <mem type="survivor" free="0" total="17563648" percent="0" />
    </mem>
    <mem type="tenure" free="17154688" total="143196160" percent="11">
      <mem type="soa" free="15722112" total="141763584" percent="11" />
      <mem type="loa" free="1432576" total="1432576" percent="100" />
    </mem>
    <remembered-set count="5621" />
  </mem-info>
</gc-start>
<allocation-stats totalBytes="148745304" discardedBytes="75080" >
  <allocated-bytes non-tlh="592408" tlh="148152896" />
  <largest-consumer threadName="Default Executor-thread-21" threadId="000000000182BB00" bytes="53972880" />
</allocation-stats>
<gc-op id="2240" type="scavenge" timems="14.565" contextid="2237" timestamp="2025-12-10T22:07:03.526">
  <scavenger-info tenureage="4" tenuremask="6010" tiltratio="89" />
  <memory-copied type="nursery" objects="199831" bytes="7760544" bytesdiscarded="90536" />
  <memory-copied type="tenure" objects="44112" bytes="1860112" bytesdiscarded="536" />
  <finalization candidates="110" enqueued="96" />
  <ownableSynchronizers candidates="8363" cleared="7722" />
  <references type="soft" candidates="1210" cleared="0" enqueued="0" dynamicThreshold="9" maxThreshold="32" />
  <references type="weak" candidates="1432" cleared="616" enqueued="548" />
  <references type="phantom" candidates="250" cleared="6" enqueued="6" />
  <object-monitors candidates="184" cleared="4"  />
</gc-op>
<gc-end id="2241" type="scavenge" contextid="2237" durationms="41.858" usertimems="43.470" systemtimems="18.821" stalltimems="44.174" timestamp="2025-12-10T22:07:03.551" activeThreads="10">
  <mem-info id="2242" free="165439552" total="318701568" percent="51">
    <mem type="nursery" free="150073512" total="175505408" percent="85">
      <mem type="allocate" free="150073512" total="157941760" percent="95" />
      <mem type="survivor" free="0" total="17563648" percent="0" />
    </mem>
    <mem type="tenure" free="15366040" total="143196160" percent="10" macro-fragmented="11146344">
      <mem type="soa" free="13933464" total="141763584" percent="9" />
      <mem type="loa" free="1432576" total="1432576" percent="100" />
    </mem>
    <pending-finalizers system="2" default="94" reference="554" classloader="0" />
    <remembered-set count="3232" />
  </mem-info>
</gc-end>
<cycle-end id="2243" type="scavenge" contextid="2237" timestamp="2025-12-10T22:07:03.553" />
<allocation-satisfied id="2244" threadId="0000000001969A00" bytesRequested="16" />
<af-end id="2245" timestamp="2025-12-10T22:07:03.557" threadId="000000000196A478" success="true" from="nursery"/>
<exclusive-end id="2246" timestamp="2025-12-10T22:07:03.558" durationms="54.131" />

<exclusive-start id="2247" timestamp="2025-12-10T22:07:33.901" intervalms="30397.576">
  <response-info timems="0.105" idlems="0.105" threads="0" lastid="0000000001905E00" lastname="Default Executor-thread-62" />
</exclusive-start>
<af-start id="2248" threadId="0000000001906878" totalBytesRequested="32" timestamp="2025-12-10T22:07:33.903" intervalms="30397.914" type="nursery" />
<cycle-start id="2249" type="scavenge" contextid="0" timestamp="2025-12-10T22:07:33.904" intervalms="30397.266" />
<gc-start id="2250" type="scavenge" contextid="2249" timestamp="2025-12-10T22:07:33.906">
  <mem-info id="2251" free="15320776" total="318701568" percent="4">
    <mem type="nursery" free="0" total="175505408" percent="0">
      <mem type="allocate" free="0" total="157941760" percent="0" />
      <mem type="survivor" free="0" total="17563648" percent="0" />
    </mem>
    <mem type="tenure" free="15320776" total="143196160" percent="10">
      <mem type="soa" free="13888200" total="141763584" percent="9" />
      <mem type="loa" free="1432576" total="1432576" percent="100" />
    </mem>
    <remembered-set count="5084" />
  </mem-info>
</gc-start>
<allocation-stats totalBytes="150078920" discardedBytes="39856" >
  <allocated-bytes non-tlh="438512" tlh="149640408" />
  <largest-consumer threadName="Default Executor-thread-33" threadId="0000000001969A00" bytes="51239328" />
</allocation-stats>
<gc-op id="2252" type="scavenge" timems="41.897" contextid="2249" timestamp="2025-12-10T22:07:33.949">
  <scavenger-info tenureage="4" tenuremask="4410" tiltratio="89" />
  <memory-copied type="nursery" objects="275758" bytes="9930528" bytesdiscarded="110232" />
  <memory-copied type="tenure" objects="57186" bytes="2060088" bytesdiscarded="1072" />
  <finalization candidates="201" enqueued="187" />
  <ownableSynchronizers candidates="7958" cleared="7197" />
  <references type="soft" candidates="1364" cleared="0" enqueued="0" dynamicThreshold="9" maxThreshold="32" />
  <references type="weak" candidates="1628" cleared="647" enqueued="602" />
  <references type="phantom" candidates="243" cleared="3" enqueued="3" />
  <object-monitors candidates="204" cleared="3"  />
</gc-op>
<gc-end id="2253" type="scavenge" contextid="2249" durationms="63.538" usertimems="92.195" systemtimems="22.170" stalltimems="190.598" timestamp="2025-12-10T22:07:33.969" activeThreads="10">
  <mem-info id="2254" free="160723656" total="318701568" percent="50">
    <mem type="nursery" free="147870408" total="175505408" percent="84">
      <mem type="allocate" free="147870408" total="157941760" percent="93" />
      <mem type="survivor" free="0" total="17563648" percent="0" />
    </mem>
    <mem type="tenure" free="12853248" total="143196160" percent="8" macro-fragmented="7583">
      <mem type="soa" free="11420672" total="141763584" percent="8" />
      <mem type="loa" free="1432576" total="1432576" percent="100" />
    </mem>
    <pending-finalizers system="1" default="186" reference="605" classloader="0" />
    <remembered-set count="3207" />
  </mem-info>
</gc-end>
<cycle-end id="2255" type="scavenge" contextid="2249" timestamp="2025-12-10T22:07:33.971" />
<allocation-satisfied id="2256" threadId="0000000001905E00" bytesRequested="32" />
<af-end id="2257" timestamp="2025-12-10T22:07:33.973" threadId="0000000001906878" success="true" from="nursery"/>
<exclusive-end id="2258" timestamp="2025-12-10T22:07:33.973" durationms="72.078" />

<concurrent-kickoff id="2259" timestamp="2025-12-10T22:09:00.088">
  <kickoff reason="threshold reached" targetBytes="74891291" thresholdFreeBytes="10345655"  remainingFree="4428488" tenureFreeBytes="12597968" nurseryFreeBytes="4428488" />
</concurrent-kickoff>
<exclusive-start id="2260" timestamp="2025-12-10T22:09:00.093" intervalms="86191.712">
  <response-info timems="0.140" idlems="0.140" threads="0" lastid="0000000002878500" lastname="Default Executor-thread-63" />
</exclusive-start>
<cycle-start id="2261" type="global" contextid="0" timestamp="2025-12-10T22:09:00.095" intervalms="1461733.830" />
<concurrent-start id="2262" type="global mark" contextid="2261" timestamp="2025-12-10T22:09:00.096">
</concurrent-start>
<exclusive-end id="2263" timestamp="2025-12-10T22:09:00.098" durationms="4.992" />

<concurrent-end id="2264" type="global mark" contextid="2261" timestamp="2025-12-10T22:09:00.197">
<gc-op id="2265" type="trace" timems="101.173" contextid="2261" timestamp="2025-12-10T22:09:00.197">
  <trace bytesTraced="70213564" workStackOverflowCount="0" />
  <card-cleaning reason="card cleaning threshold reached" bytesTraced="45336" cardsCleaned="156" />
</gc-op>
</concurrent-end>

<exclusive-start id="2266" timestamp="2025-12-10T22:09:00.199" intervalms="106.314">
  <response-info timems="0.058" idlems="0.058" threads="0" lastid="0000000002878500" lastname="Default Executor-thread-63" />
</exclusive-start>
<concurrent-global-final id="2267" timestamp="2025-12-10T22:09:00.200" contextid="2261" intervalms="1461751.240" >
  <concurrent-trace-info reason="card cleaning threshold reached" tracedByMutators="22070144" tracedByHelpers="48188756" cardsCleaned="156" workStackOverflowCount="0" />
</concurrent-global-final>
<gc-start id="2268" type="global" contextid="2261" timestamp="2025-12-10T22:09:00.201">
  <mem-info id="2269" free="13959160" total="318701568" percent="4">
    <mem type="nursery" free="1381064" total="175505408" percent="0">
      <mem type="allocate" free="1381064" total="157941760" percent="0" />
      <mem type="survivor" free="0" total="17563648" percent="0" />
    </mem>
    <mem type="tenure" free="12578096" total="143196160" percent="8">
      <mem type="soa" free="11145520" total="141763584" percent="7" />
      <mem type="loa" free="1432576" total="1432576" percent="100" />
    </mem>
    <remembered-set count="8632" />
  </mem-info>
</gc-start>
<allocation-stats totalBytes="146701672" discardedBytes="62824" >
  <allocated-bytes non-tlh="832296" tlh="145869376" />
  <largest-consumer threadName="Default Executor-thread-63" threadId="0000000002878500" bytes="53364936" />
</allocation-stats>
<gc-op id="2270" type="rs-scan" timems="4.499" contextid="2261" timestamp="2025-12-10T22:09:00.207">
  <scan objectsFound="218638" bytesTraced="7727020" workStackOverflowCount="0" />
</gc-op>
<gc-op id="2271" type="card-cleaning" timems="1.199" contextid="2261" timestamp="2025-12-10T22:09:00.209">
  <card-cleaning cardsCleaned="6" bytesTraced="3220" workStackOverflowCount="0" />
</gc-op>
<gc-op id="2272" type="mark" timems="36.006" contextid="2261" timestamp="2025-12-10T22:09:00.245">
  <trace-info objectcount="353062" scancount="342103" scanbytes="11322492" />
  <finalization candidates="970" enqueued="45" />
  <ownableSynchronizers candidates="20028" cleared="8968" />
  <references type="soft" candidates="22173" cleared="8" enqueued="8" dynamicThreshold="9" maxThreshold="32" />
  <references type="weak" candidates="22656" cleared="1484" enqueued="1388" />
  <references type="phantom" candidates="1793" cleared="96" enqueued="96" />
  <stringconstants candidates="60155" cleared="103"  />
  <object-monitors candidates="206" cleared="39"  />
</gc-op>
<gc-op id="2273" type="classunload" timems="3.300" contextid="2261" timestamp="2025-12-10T22:09:00.249">
  <classunload-info classloadercandidates="874" classloadersunloaded="47" classesunloaded="22" anonymousclassesunloaded="1" quiescems="0.000" setupms="2.918" scanms="0.164" postms="0.217" />
</gc-op>
<gc-op id="2274" type="sweep" timems="2.822" contextid="2261" timestamp="2025-12-10T22:09:00.255" />
<heap-resize id="2275" type="expand" space="tenure" amount="34603008" count="1" timems="1.016" reason="insufficient free space following gc" timestamp="2025-12-10T22:09:00.257" />
<gc-end id="2276" type="global" contextid="2261" durationms="68.432" usertimems="196.345" systemtimems="24.521" stalltimems="411.601" timestamp="2025-12-10T22:09:00.270" activeThreads="20">
  <mem-info id="2277" free="198859456" total="353304576" percent="56">
    <mem type="nursery" free="145514784" total="175505408" percent="82">
      <mem type="allocate" free="145514784" total="157941760" percent="92" />
      <mem type="survivor" free="0" total="17563648" percent="0" />
    </mem>
    <mem type="tenure" free="53344672" total="177799168" percent="30" micro-fragmented="3674353" macro-fragmented="7740516">
      <mem type="soa" free="51565984" total="176020480" percent="29" />
      <mem type="loa" free="1778688" total="1778688" percent="100" />
    </mem>
    <pending-finalizers system="23" default="22" reference="1492" classloader="0" />
    <remembered-set count="6283" />
  </mem-info>
</gc-end>
<cycle-end id="2278" type="global" contextid="2261" timestamp="2025-12-10T22:09:00.271" />
<exclusive-end id="2279" timestamp="2025-12-10T22:09:00.271" durationms="71.627" />

<exclusive-start id="2280" timestamp="2025-12-10T22:12:20.522" intervalms="200322.676">
  <response-info timems="0.085" idlems="0.085" threads="0" lastid="000000000043CD00" lastname="Default Executor-thread-119" />
</exclusive-start>
<af-start id="2281" threadId="000000000043D778" totalBytesRequested="40" timestamp="2025-12-10T22:12:20.524" intervalms="286620.581" type="nursery" />
<cycle-start id="2282" type="scavenge" contextid="0" timestamp="2025-12-10T22:12:20.525" intervalms="286621.065" />
<gc-start id="2283" type="scavenge" contextid="2282" timestamp="2025-12-10T22:12:20.527">
  <mem-info id="2284" free="53335032" total="353304576" percent="15">
    <mem type="nursery" free="0" total="175505408" percent="0">
      <mem type="allocate" free="0" total="157941760" percent="0" />
      <mem type="survivor" free="0" total="17563648" percent="0" />
    </mem>
    <mem type="tenure" free="53335032" total="177799168" percent="29">
      <mem type="soa" free="51556344" total="176020480" percent="29" />
      <mem type="loa" free="1778688" total="1778688" percent="100" />
    </mem>
    <remembered-set count="7550" />
  </mem-info>
</gc-start>
<allocation-stats totalBytes="145237360" discardedBytes="268288" >
  <allocated-bytes non-tlh="2228984" tlh="143008376" />
  <largest-consumer threadName="Timer-7" threadId="0000000000FF6900" bytes="37680096" />
</allocation-stats>
<gc-op id="2285" type="scavenge" timems="38.827" contextid="2282" timestamp="2025-12-10T22:12:20.568">
  <scavenger-info tenureage="3" tenuremask="4018" tiltratio="89" />
  <memory-copied type="nursery" objects="159470" bytes="6437368" bytesdiscarded="409272" />
  <memory-copied type="tenure" objects="85480" bytes="3408288" bytesdiscarded="15224" />
  <finalization candidates="24" enqueued="14" />
  <ownableSynchronizers candidates="38499" cleared="37744" />
  <references type="soft" candidates="1676" cleared="0" enqueued="0" dynamicThreshold="9" maxThreshold="32" />
  <references type="weak" candidates="1710" cleared="119" enqueued="107" />
  <references type="phantom" candidates="575" cleared="497" enqueued="497" />
  <object-monitors candidates="231" cleared="44"  />
</gc-op>
<gc-end id="2286" type="scavenge" contextid="2282" durationms="61.106" usertimems="77.098" systemtimems="13.060" stalltimems="109.004" timestamp="2025-12-10T22:12:20.588" activeThreads="10">
  <mem-info id="2287" free="200911776" total="353304576" percent="56">
    <mem type="nursery" free="151080240" total="175505408" percent="86">
      <mem type="allocate" free="151080240" total="157941760" percent="95" />
      <mem type="survivor" free="0" total="17563648" percent="0" />
    </mem>
    <mem type="tenure" free="49831536" total="177799168" percent="28" macro-fragmented="39939376">
      <mem type="soa" free="48052848" total="176020480" percent="27" />
      <mem type="loa" free="1778688" total="1778688" percent="100" />
    </mem>
    <pending-finalizers system="14" default="0" reference="604" classloader="0" />
    <remembered-set count="5560" />
  </mem-info>
</gc-end>
<cycle-end id="2288" type="scavenge" contextid="2282" timestamp="2025-12-10T22:12:20.590" />
<allocation-satisfied id="2289" threadId="000000000043CD00" bytesRequested="40" />
<af-end id="2290" timestamp="2025-12-10T22:12:20.593" threadId="000000000043D778" success="true" from="nursery"/>
<exclusive-end id="2291" timestamp="2025-12-10T22:12:20.594" durationms="72.210" />

<exclusive-start id="2292" timestamp="2025-12-10T22:13:26.527" intervalms="66004.910">
  <response-info timems="0.105" idlems="0.105" threads="0" lastid="0000000002916200" lastname="Default Executor-thread-117" />
</exclusive-start>
<af-start id="2293" threadId="0000000002916C78" totalBytesRequested="152" timestamp="2025-12-10T22:13:26.529" intervalms="66005.474" type="nursery" />
<cycle-start id="2294" type="scavenge" contextid="0" timestamp="2025-12-10T22:13:26.530" intervalms="66005.106" />
<gc-start id="2295" type="scavenge" contextid="2294" timestamp="2025-12-10T22:13:26.532">
  <mem-info id="2296" free="49794088" total="353304576" percent="14">
    <mem type="nursery" free="0" total="175505408" percent="0">
      <mem type="allocate" free="0" total="157941760" percent="0" />
      <mem type="survivor" free="0" total="17563648" percent="0" />
    </mem>
    <mem type="tenure" free="49794088" total="177799168" percent="28">
      <mem type="soa" free="48015400" total="176020480" percent="27" />
      <mem type="loa" free="1778688" total="1778688" percent="100" />
    </mem>
    <remembered-set count="7637" />
  </mem-info>
</gc-start>
<allocation-stats totalBytes="151055160" discardedBytes="56624" >
  <allocated-bytes non-tlh="88960" tlh="150966200" />
  <largest-consumer threadName="Default Executor-thread-116" threadId="000000000293DA00" bytes="56147096" />
</allocation-stats>
<gc-op id="2297" type="scavenge" timems="43.373" contextid="2294" timestamp="2025-12-10T22:13:26.577">
  <scavenger-info tenureage="14" tenuremask="4000" tiltratio="89" />
  <memory-copied type="nursery" objects="202742" bytes="9352768" bytesdiscarded="249432" />
  <finalization candidates="115" enqueued="106" />
  <ownableSynchronizers candidates="9379" cleared="8810" />
  <references type="soft" candidates="1857" cleared="0" enqueued="0" dynamicThreshold="9" maxThreshold="32" />
  <references type="weak" candidates="2724" cleared="608" enqueued="545" />
  <references type="phantom" candidates="371" cleared="200" enqueued="200" />
  <object-monitors candidates="192" cleared="5"  />
</gc-op>
<gc-end id="2298" type="scavenge" contextid="2294" durationms="86.691" usertimems="98.343" systemtimems="4.600" stalltimems="285.515" timestamp="2025-12-10T22:13:26.619" activeThreads="12">
  <mem-info id="2299" free="198113928" total="353304576" percent="56">
    <mem type="nursery" free="148319840" total="175505408" percent="84">
      <mem type="allocate" free="148319840" total="157941760" percent="93" />
      <mem type="survivor" free="0" total="17563648" percent="0" />
    </mem>
    <mem type="tenure" free="49794088" total="177799168" percent="28" macro-fragmented="39939376">
      <mem type="soa" free="48015400" total="176020480" percent="27" />
      <mem type="loa" free="1778688" total="1778688" percent="100" />
    </mem>
    <pending-finalizers system="12" default="94" reference="745" classloader="0" />
    <remembered-set count="6042" />
  </mem-info>
</gc-end>
<cycle-end id="2300" type="scavenge" contextid="2294" timestamp="2025-12-10T22:13:26.620" />
<allocation-satisfied id="2301" threadId="0000000002916200" bytesRequested="152" />
<af-end id="2302" timestamp="2025-12-10T22:13:26.622" threadId="0000000002916C78" success="true" from="nursery"/>
<exclusive-end id="2303" timestamp="2025-12-10T22:13:26.623" durationms="95.650" />

<exclusive-start id="2304" timestamp="2025-12-10T22:14:27.187" intervalms="60659.554">
  <response-info timems="0.075" idlems="0.075" threads="0" lastid="000000000194DA00" lastname="Default Executor-thread-101" />
</exclusive-start>
<af-start id="2305" threadId="000000000194E478" totalBytesRequested="16" timestamp="2025-12-10T22:14:27.188" intervalms="60658.515" type="nursery" />
<cycle-start id="2306" type="scavenge" contextid="0" timestamp="2025-12-10T22:14:27.189" intervalms="60658.582" />
<gc-start id="2307" type="scavenge" contextid="2306" timestamp="2025-12-10T22:14:27.190">
  <mem-info id="2308" free="49763232" total="353304576" percent="14">
    <mem type="nursery" free="0" total="175505408" percent="0">
      <mem type="allocate" free="0" total="157941760" percent="0" />
      <mem type="survivor" free="0" total="17563648" percent="0" />
    </mem>
    <mem type="tenure" free="49763232" total="177799168" percent="27">
      <mem type="soa" free="47984544" total="176020480" percent="27" />
      <mem type="loa" free="1778688" total="1778688" percent="100" />
    </mem>
    <remembered-set count="7992" />
  </mem-info>
</gc-start>
<allocation-stats totalBytes="148224640" discardedBytes="123072" >
  <allocated-bytes non-tlh="290176" tlh="147934464" />
  <largest-consumer threadName="Default Executor-thread-127" threadId="0000000002164D00" bytes="55008912" />
</allocation-stats>
<gc-op id="2309" type="scavenge" timems="16.646" contextid="2306" timestamp="2025-12-10T22:14:27.208">
  <scavenger-info tenureage="14" tenuremask="4000" tiltratio="89" />
  <memory-copied type="nursery" objects="221174" bytes="10293712" bytesdiscarded="181376" />
  <finalization candidates="115" enqueued="103" />
  <ownableSynchronizers candidates="8722" cleared="8105" />
  <references type="soft" candidates="2048" cleared="0" enqueued="0" dynamicThreshold="9" maxThreshold="32" />
  <references type="weak" candidates="3052" cleared="605" enqueued="540" />
  <references type="phantom" candidates="384" cleared="202" enqueued="202" />
  <object-monitors candidates="193" cleared="7"  />
</gc-op>
<gc-end id="2310" type="scavenge" contextid="2306" durationms="31.314" usertimems="34.815" systemtimems="11.076" stalltimems="71.819" timestamp="2025-12-10T22:14:27.222" activeThreads="11">
  <mem-info id="2311" free="197210760" total="353304576" percent="55">
    <mem type="nursery" free="147447528" total="175505408" percent="84">
      <mem type="allocate" free="147447528" total="157941760" percent="93" />
      <mem type="survivor" free="0" total="17563648" percent="0" />
    </mem>
    <mem type="tenure" free="49763232" total="177799168" percent="27" macro-fragmented="27735676">
      <mem type="soa" free="47984544" total="176020480" percent="27" />
      <mem type="loa" free="1778688" total="1778688" percent="100" />
    </mem>
    <pending-finalizers system="9" default="94" reference="742" classloader="0" />
    <remembered-set count="3540" />
  </mem-info>
</gc-end>
<cycle-end id="2312" type="scavenge" contextid="2306" timestamp="2025-12-10T22:14:27.223" />
<allocation-satisfied id="2313" threadId="000000000194DA00" bytesRequested="16" />
<af-end id="2314" timestamp="2025-12-10T22:14:27.224" threadId="000000000194E478" success="true" from="nursery"/>
<exclusive-end id="2315" timestamp="2025-12-10T22:14:27.224" durationms="37.481" />

<exclusive-start id="2316" timestamp="2025-12-10T22:14:57.213" intervalms="30026.618">
  <response-info timems="0.067" idlems="0.067" threads="0" lastid="000000000293F300" lastname="Default Executor-thread-135" />
</exclusive-start>
<af-start id="2317" threadId="000000000293FD78" totalBytesRequested="1032" timestamp="2025-12-10T22:14:57.214" intervalms="30026.193" type="nursery" />
<cycle-start id="2318" type="scavenge" contextid="0" timestamp="2025-12-10T22:14:57.215" intervalms="30025.568" />
<gc-start id="2319" type="scavenge" contextid="2318" timestamp="2025-12-10T22:14:57.215">
  <mem-info id="2320" free="49731056" total="353304576" percent="14">
    <mem type="nursery" free="0" total="175505408" percent="0">
      <mem type="allocate" free="0" total="157941760" percent="0" />
      <mem type="survivor" free="0" total="17563648" percent="0" />
    </mem>
    <mem type="tenure" free="49731056" total="177799168" percent="27">
      <mem type="soa" free="47952368" total="176020480" percent="27" />
      <mem type="loa" free="1778688" total="1778688" percent="100" />
    </mem>
    <remembered-set count="5330" />
  </mem-info>
</gc-start>
<allocation-stats totalBytes="147297928" discardedBytes="181776" >
  <allocated-bytes non-tlh="294344" tlh="147003584" />
  <largest-consumer threadName="Default Executor-thread-101" threadId="000000000194DA00" bytes="51801872" />
</allocation-stats>
<gc-op id="2321" type="scavenge" timems="8.974" contextid="2318" timestamp="2025-12-10T22:14:57.226">
  <scavenger-info tenureage="4" tenuremask="4030" tiltratio="89" />
  <memory-copied type="nursery" objects="211573" bytes="9765632" bytesdiscarded="100688" />
  <memory-copied type="tenure" objects="102471" bytes="3632304" bytesdiscarded="9232" />
  <finalization candidates="208" enqueued="194" />
  <ownableSynchronizers candidates="6828" cleared="5988" />
  <references type="soft" candidates="1744" cleared="0" enqueued="0" dynamicThreshold="9" maxThreshold="32" />
  <references type="weak" candidates="3229" cleared="664" enqueued="611" />
  <references type="phantom" candidates="406" cleared="211" enqueued="211" />
  <object-monitors candidates="192" cleared="5"  />
</gc-op>
<gc-end id="2322" type="scavenge" contextid="2318" durationms="17.235" usertimems="49.645" systemtimems="5.714" stalltimems="40.156" timestamp="2025-12-10T22:14:57.233" activeThreads="11">
  <mem-info id="2323" free="193899912" total="353304576" percent="54">
    <mem type="nursery" free="148052104" total="175505408" percent="84">
      <mem type="allocate" free="148052104" total="157941760" percent="93" />
      <mem type="survivor" free="0" total="17563648" percent="0" />
    </mem>
    <mem type="tenure" free="45847808" total="177799168" percent="25" macro-fragmented="33282812">
      <mem type="soa" free="44069120" total="176020480" percent="25" />
      <mem type="loa" free="1778688" total="1778688" percent="100" />
    </mem>
    <pending-finalizers system="8" default="186" reference="822" classloader="0" />
    <remembered-set count="3606" />
  </mem-info>
</gc-end>
<cycle-end id="2324" type="scavenge" contextid="2318" timestamp="2025-12-10T22:14:57.234" />
<allocation-satisfied id="2325" threadId="000000000293F300" bytesRequested="1032" />
<af-end id="2326" timestamp="2025-12-10T22:14:57.235" threadId="000000000293FD78" success="true" from="nursery"/>
<exclusive-end id="2327" timestamp="2025-12-10T22:14:57.236" durationms="22.436" />

<exclusive-start id="2328" timestamp="2025-12-10T22:15:38.305" intervalms="41091.549">
  <response-info timems="0.103" idlems="0.103" threads="0" lastid="0000000000FF6900" lastname="Timer-7" />
</exclusive-start>
<af-start id="2329" threadId="0000000000FF7378" totalBytesRequested="24" timestamp="2025-12-10T22:15:38.306" intervalms="41091.812" type="nursery" />
<cycle-start id="2330" type="scavenge" contextid="0" timestamp="2025-12-10T22:15:38.306" intervalms="41091.835" />
<gc-start id="2331" type="scavenge" contextid="2330" timestamp="2025-12-10T22:15:38.308">
  <mem-info id="2332" free="45804240" total="353304576" percent="12">
    <mem type="nursery" free="0" total="175505408" percent="0">
      <mem type="allocate" free="0" total="157941760" percent="0" />
      <mem type="survivor" free="0" total="17563648" percent="0" />
    </mem>
    <mem type="tenure" free="45804240" total="177799168" percent="25">
      <mem type="soa" free="44025552" total="176020480" percent="25" />
      <mem type="loa" free="1778688" total="1778688" percent="100" />
    </mem>
    <remembered-set count="5339" />
  </mem-info>
</gc-start>
<allocation-stats totalBytes="148053912" discardedBytes="41760" >
  <allocated-bytes non-tlh="437832" tlh="147616080" />
  <largest-consumer threadName="Default Executor-thread-38" threadId="000000000180B500" bytes="54188392" />
</allocation-stats>
<gc-op id="2333" type="scavenge" timems="28.988" contextid="2330" timestamp="2025-12-10T22:15:38.338">
  <scavenger-info tenureage="3" tenuremask="4008" tiltratio="89" />
  <memory-copied type="nursery" objects="208591" bytes="8226072" bytesdiscarded="102736" />
  <memory-copied type="tenure" objects="37863" bytes="2820184" bytesdiscarded="1168" />
  <finalization candidates="107" enqueued="97" />
  <ownableSynchronizers candidates="10208" cleared="9494" />
  <references type="soft" candidates="1862" cleared="0" enqueued="0" dynamicThreshold="9" maxThreshold="32" />
  <references type="weak" candidates="2741" cleared="633" enqueued="563" />
  <references type="phantom" candidates="74" cleared="5" enqueued="5" />
  <object-monitors candidates="191" cleared="3"  />
</gc-op>
<gc-end id="2334" type="scavenge" contextid="2330" durationms="62.613" usertimems="89.021" systemtimems="16.845" stalltimems="62.407" timestamp="2025-12-10T22:15:38.370" activeThreads="10">
  <mem-info id="2335" free="192374592" total="353304576" percent="54">
    <mem type="nursery" free="149594888" total="175505408" percent="85">
      <mem type="allocate" free="149594888" total="157941760" percent="94" />
      <mem type="survivor" free="0" total="17563648" percent="0" />
    </mem>
    <mem type="tenure" free="42779704" total="177799168" percent="24" macro-fragmented="39939376">
      <mem type="soa" free="41001016" total="176020480" percent="23" />
      <mem type="loa" free="1778688" total="1778688" percent="100" />
    </mem>
    <pending-finalizers system="1" default="96" reference="568" classloader="0" />
    <remembered-set count="3952" />
  </mem-info>
</gc-end>
<cycle-end id="2336" type="scavenge" contextid="2330" timestamp="2025-12-10T22:15:38.372" />
<allocation-satisfied id="2337" threadId="0000000000FF6900" bytesRequested="24" />
<af-end id="2338" timestamp="2025-12-10T22:15:38.374" threadId="0000000000FF7378" success="true" from="nursery"/>
<exclusive-end id="2339" timestamp="2025-12-10T22:15:38.375" durationms="70.221" />

<exclusive-start id="2340" timestamp="2025-12-10T22:17:35.922" intervalms="117617.182">
  <response-info timems="0.052" idlems="0.052" threads="0" lastid="00000000027AC700" lastname="Default Executor-thread-154" />
</exclusive-start>
<af-start id="2341" threadId="00000000027AD178" totalBytesRequested="24" timestamp="2025-12-10T22:17:35.923" intervalms="117617.353" type="nursery" />
<cycle-start id="2342" type="scavenge" contextid="0" timestamp="2025-12-10T22:17:35.924" intervalms="117617.368" />
<gc-start id="2343" type="scavenge" contextid="2342" timestamp="2025-12-10T22:17:35.925">
  <mem-info id="2344" free="42757312" total="353304576" percent="12">
    <mem type="nursery" free="0" total="175505408" percent="0">
      <mem type="allocate" free="0" total="157941760" percent="0" />
      <mem type="survivor" free="0" total="17563648" percent="0" />
    </mem>
    <mem type="tenure" free="42757312" total="177799168" percent="24">
      <mem type="soa" free="40978624" total="176020480" percent="23" />
      <mem type="loa" free="1778688" total="1778688" percent="100" />
    </mem>
    <remembered-set count="5452" />
  </mem-info>
</gc-start>
<allocation-stats totalBytes="149551504" discardedBytes="65776" >
  <allocated-bytes non-tlh="817104" tlh="148734400" />
  <largest-consumer threadName="Default Executor-thread-154" threadId="00000000027AC700" bytes="40273088" />
</allocation-stats>
<gc-op id="2345" type="scavenge" timems="55.649" contextid="2342" timestamp="2025-12-10T22:17:35.982">
  <scavenger-info tenureage="14" tenuremask="4000" tiltratio="89" />
  <memory-copied type="nursery" objects="278946" bytes="10129352" bytesdiscarded="116304" />
  <finalization candidates="103" enqueued="93" />
  <ownableSynchronizers candidates="13079" cleared="12391" />
  <references type="soft" candidates="2020" cleared="0" enqueued="0" dynamicThreshold="9" maxThreshold="32" />
  <references type="weak" candidates="2795" cleared="481" enqueued="466" />
  <references type="phantom" candidates="67" cleared="3" enqueued="3" />
  <object-monitors candidates="210" cleared="14"  />
</gc-op>
<heap-resize id="2346" type="contract" space="nursery" amount="1835008" count="1" timems="0.117" reason="insufficient time being spent scavenging" timestamp="2025-12-10T22:17:35.983" />
<gc-end id="2347" type="scavenge" contextid="2342" durationms="65.352" usertimems="45.795" systemtimems="0.000" stalltimems="27.328" timestamp="2025-12-10T22:17:35.990" activeThreads="12">
  <mem-info id="2348" free="188726056" total="351469568" percent="53">
    <mem type="nursery" free="145968744" total="173670400" percent="84">
      <mem type="allocate" free="145968744" total="156237824" percent="93" />
      <mem type="survivor" free="0" total="17432576" percent="0" />
    </mem>
    <mem type="tenure" free="42757312" total="177799168" percent="24" macro-fragmented="27735676">
      <mem type="soa" free="40978624" total="176020480" percent="23" />
      <mem type="loa" free="1778688" total="1778688" percent="100" />
    </mem>
    <pending-finalizers system="1" default="92" reference="469" classloader="0" />
    <remembered-set count="3786" />
  </mem-info>
</gc-end>
<cycle-end id="2349" type="scavenge" contextid="2342" timestamp="2025-12-10T22:17:35.992" />
<allocation-satisfied id="2350" threadId="00000000027AC700" bytesRequested="24" />
<af-end id="2351" timestamp="2025-12-10T22:17:35.993" threadId="00000000027AD178" success="true" from="nursery"/>
<exclusive-end id="2352" timestamp="2025-12-10T22:17:35.993" durationms="71.258" />

<exclusive-start id="2353" timestamp="2025-12-10T22:18:23.313" intervalms="47390.856">
  <response-info timems="0.100" idlems="0.100" threads="0" lastid="0000000000FF6900" lastname="Timer-7" />
</exclusive-start>
<af-start id="2354" threadId="0000000000FF7378" totalBytesRequested="160" timestamp="2025-12-10T22:18:23.314" intervalms="47391.209" type="nursery" />
<cycle-start id="2355" type="scavenge" contextid="0" timestamp="2025-12-10T22:18:23.316" intervalms="47391.797" />
<gc-start id="2356" type="scavenge" contextid="2355" timestamp="2025-12-10T22:18:23.317">
  <mem-info id="2357" free="42730920" total="351469568" percent="12">
    <mem type="nursery" free="0" total="173670400" percent="0">
      <mem type="allocate" free="0" total="156237824" percent="0" />
      <mem type="survivor" free="0" total="17432576" percent="0" />
    </mem>
    <mem type="tenure" free="42730920" total="177799168" percent="24">
      <mem type="soa" free="40952232" total="176020480" percent="23" />
      <mem type="loa" free="1778688" total="1778688" percent="100" />
    </mem>
    <remembered-set count="5245" />
  </mem-info>
</gc-start>
<allocation-stats totalBytes="145953072" discardedBytes="42064" >
  <allocated-bytes non-tlh="685904" tlh="145267168" />
  <largest-consumer threadName="Default Executor-thread-65" threadId="0000000002895800" bytes="56356632" />
</allocation-stats>
<gc-op id="2358" type="scavenge" timems="36.573" contextid="2355" timestamp="2025-12-10T22:18:23.356">
  <scavenger-info tenureage="14" tenuremask="4000" tiltratio="89" />
  <memory-copied type="nursery" objects="283618" bytes="11015264" bytesdiscarded="342888" />
  <finalization candidates="109" enqueued="97" />
  <ownableSynchronizers candidates="8291" cleared="7474" />
  <references type="soft" candidates="2221" cleared="0" enqueued="0" dynamicThreshold="9" maxThreshold="32" />
  <references type="weak" candidates="3009" cleared="619" enqueued="549" />
  <references type="phantom" candidates="70" cleared="3" enqueued="3" />
  <object-monitors candidates="201" cleared="3"  />
</gc-op>
<gc-end id="2359" type="scavenge" contextid="2355" durationms="51.878" usertimems="95.695" systemtimems="17.839" stalltimems="195.722" timestamp="2025-12-10T22:18:23.369" activeThreads="20">
  <mem-info id="2360" free="187654800" total="351469568" percent="53">
    <mem type="nursery" free="144923880" total="173670400" percent="83">
      <mem type="allocate" free="144923880" total="156303360" percent="92" />
      <mem type="survivor" free="0" total="17367040" percent="0" />
    </mem>
    <mem type="tenure" free="42730920" total="177799168" percent="24" macro-fragmented="19260884">
      <mem type="soa" free="40952232" total="176020480" percent="23" />
      <mem type="loa" free="1778688" total="1778688" percent="100" />
    </mem>
    <pending-finalizers system="1" default="96" reference="552" classloader="0" />
    <remembered-set count="3492" />
  </mem-info>
</gc-end>
<cycle-end id="2361" type="scavenge" contextid="2355" timestamp="2025-12-10T22:18:23.371" />
<allocation-satisfied id="2362" threadId="0000000000FF6900" bytesRequested="160" />
<af-end id="2363" timestamp="2025-12-10T22:18:23.373" threadId="0000000000FF7378" success="true" from="nursery"/>
<exclusive-end id="2364" timestamp="2025-12-10T22:18:23.374" durationms="61.118" />

<exclusive-start id="2365" timestamp="2025-12-10T22:19:26.214" intervalms="62901.723">
  <response-info timems="0.111" idlems="0.111" threads="0" lastid="0000000002878500" lastname="Default Executor-thread-128" />
</exclusive-start>
<af-start id="2366" threadId="0000000002878F78" totalBytesRequested="24" timestamp="2025-12-10T22:19:26.216" intervalms="62901.803" type="nursery" />
<cycle-start id="2367" type="scavenge" contextid="0" timestamp="2025-12-10T22:19:26.217" intervalms="62901.318" />
<gc-start id="2368" type="scavenge" contextid="2367" timestamp="2025-12-10T22:19:26.218">
  <mem-info id="2369" free="42703688" total="351469568" percent="12">
    <mem type="nursery" free="0" total="173670400" percent="0">
      <mem type="allocate" free="0" total="156303360" percent="0" />
      <mem type="survivor" free="0" total="17367040" percent="0" />
    </mem>
    <mem type="tenure" free="42703688" total="177799168" percent="24">
      <mem type="soa" free="40925000" total="176020480" percent="23" />
      <mem type="loa" free="1778688" total="1778688" percent="100" />
    </mem>
    <remembered-set count="5425" />
  </mem-info>
</gc-start>
<allocation-stats totalBytes="144875664" discardedBytes="75448" >
  <allocated-bytes non-tlh="420624" tlh="144455040" />
  <largest-consumer threadName="Default Executor-thread-130" threadId="00000000018CC000" bytes="55066944" />
</allocation-stats>
<gc-op id="2370" type="scavenge" timems="23.431" contextid="2367" timestamp="2025-12-10T22:19:26.244">
  <scavenger-info tenureage="14" tenuremask="4000" tiltratio="90" />
  <memory-copied type="nursery" objects="319598" bytes="12526664" bytesdiscarded="437968" />
  <finalization candidates="118" enqueued="103" />
  <ownableSynchronizers candidates="9490" cleared="8564" />
  <references type="soft" candidates="2407" cleared="0" enqueued="0" dynamicThreshold="9" maxThreshold="32" />
  <references type="weak" candidates="3399" cleared="591" enqueued="541" />
  <references type="phantom" candidates="284" cleared="205" enqueued="205" />
  <object-monitors candidates="202" cleared="5"  />
</gc-op>
<gc-end id="2371" type="scavenge" contextid="2367" durationms="31.851" usertimems="110.004" systemtimems="0.000" stalltimems="245.792" timestamp="2025-12-10T22:19:26.250" activeThreads="20">
  <mem-info id="2372" free="186019728" total="351469568" percent="52">
    <mem type="nursery" free="143316040" total="173670400" percent="82">
      <mem type="allocate" free="143316040" total="156303360" percent="91" />
      <mem type="survivor" free="0" total="17367040" percent="0" />
    </mem>
    <mem type="tenure" free="42703688" total="177799168" percent="24" macro-fragmented="39939376">
      <mem type="soa" free="40925000" total="176020480" percent="23" />
      <mem type="loa" free="1778688" total="1778688" percent="100" />
    </mem>
    <pending-finalizers system="9" default="94" reference="746" classloader="0" />
    <remembered-set count="3615" />
  </mem-info>
</gc-end>
<cycle-end id="2373" type="scavenge" contextid="2367" timestamp="2025-12-10T22:19:26.252" />
<allocation-satisfied id="2374" threadId="0000000002878500" bytesRequested="24" />
<af-end id="2375" timestamp="2025-12-10T22:19:26.253" threadId="0000000002878F78" success="true" from="nursery"/>
<exclusive-end id="2376" timestamp="2025-12-10T22:19:26.254" durationms="39.117" />

<exclusive-start id="2377" timestamp="2025-12-10T22:20:39.855" intervalms="73640.419">
  <response-info timems="0.097" idlems="0.097" threads="0" lastid="0000000001905E00" lastname="Default Executor-thread-149" />
</exclusive-start>
<af-start id="2378" threadId="0000000001906878" totalBytesRequested="24" timestamp="2025-12-10T22:20:39.857" intervalms="73640.860" type="nursery" />
<cycle-start id="2379" type="scavenge" contextid="0" timestamp="2025-12-10T22:20:39.859" intervalms="73641.912" />
<gc-start id="2380" type="scavenge" contextid="2379" timestamp="2025-12-10T22:20:39.861">
  <mem-info id="2381" free="42678144" total="351469568" percent="12">
    <mem type="nursery" free="0" total="173670400" percent="0">
      <mem type="allocate" free="0" total="156303360" percent="0" />
      <mem type="survivor" free="0" total="17367040" percent="0" />
    </mem>
    <mem type="tenure" free="42678144" total="177799168" percent="24">
      <mem type="soa" free="40899456" total="176020480" percent="23" />
      <mem type="loa" free="1778688" total="1778688" percent="100" />
    </mem>
    <remembered-set count="5298" />
  </mem-info>
</gc-start>
<allocation-stats totalBytes="143276736" discardedBytes="64848" >
  <allocated-bytes non-tlh="615424" tlh="142661312" />
  <largest-consumer threadName="Default Executor-thread-52" threadId="0000000001924600" bytes="54509336" />
</allocation-stats>
<gc-op id="2382" type="scavenge" timems="30.107" contextid="2379" timestamp="2025-12-10T22:20:39.894">
  <scavenger-info tenureage="6" tenuremask="4140" tiltratio="90" />
  <memory-copied type="nursery" objects="291263" bytes="10953120" bytesdiscarded="457184" />
  <memory-copied type="tenure" objects="64098" bytes="2794512" bytesdiscarded="2176" />
  <finalization candidates="111" enqueued="95" />
  <ownableSynchronizers candidates="10161" cleared="9138" />
  <references type="soft" candidates="1263" cleared="0" enqueued="0" dynamicThreshold="9" maxThreshold="32" />
  <references type="weak" candidates="2052" cleared="558" enqueued="517" />
  <references type="phantom" candidates="52" cleared="3" enqueued="3" />
  <object-monitors candidates="200" cleared="3"  />
</gc-op>
<gc-end id="2383" type="scavenge" contextid="2379" durationms="55.941" usertimems="149.279" systemtimems="14.391" stalltimems="257.668" timestamp="2025-12-10T22:20:39.917" activeThreads="18">
  <mem-info id="2384" free="184336392" total="351469568" percent="52">
    <mem type="nursery" free="144872320" total="173670400" percent="83">
      <mem type="allocate" free="144872320" total="156303360" percent="92" />
      <mem type="survivor" free="0" total="17367040" percent="0" />
    </mem>
    <mem type="tenure" free="39464072" total="177799168" percent="22" macro-fragmented="33282812">
      <mem type="soa" free="37685384" total="176020480" percent="21" />
      <mem type="loa" free="1778688" total="1778688" percent="100" />
    </mem>
    <pending-finalizers system="1" default="94" reference="520" classloader="0" />
    <remembered-set count="2490" />
  </mem-info>
</gc-end>
<cycle-end id="2385" type="scavenge" contextid="2379" timestamp="2025-12-10T22:20:39.919" />
<allocation-satisfied id="2386" threadId="0000000001905E00" bytesRequested="24" />
<af-end id="2387" timestamp="2025-12-10T22:20:39.921" threadId="0000000001906878" success="true" from="nursery"/>
<exclusive-end id="2388" timestamp="2025-12-10T22:20:39.921" durationms="66.501" />

<exclusive-start id="2389" timestamp="2025-12-10T22:21:36.840" intervalms="56984.746">
  <response-info timems="0.095" idlems="0.095" threads="0" lastid="0000000001905E00" lastname="Default Executor-thread-149" />
</exclusive-start>
<af-start id="2390" threadId="0000000001906878" totalBytesRequested="984" timestamp="2025-12-10T22:21:36.841" intervalms="56984.154" type="nursery" />
<cycle-start id="2391" type="scavenge" contextid="0" timestamp="2025-12-10T22:21:36.843" intervalms="56983.795" />
<gc-start id="2392" type="scavenge" contextid="2391" timestamp="2025-12-10T22:21:36.845">
  <mem-info id="2393" free="39438392" total="351469568" percent="11">
    <mem type="nursery" free="0" total="173670400" percent="0">
      <mem type="allocate" free="0" total="156303360" percent="0" />
      <mem type="survivor" free="0" total="17367040" percent="0" />
    </mem>
    <mem type="tenure" free="39438392" total="177799168" percent="22">
      <mem type="soa" free="37659704" total="176020480" percent="21" />
      <mem type="loa" free="1778688" total="1778688" percent="100" />
    </mem>
    <remembered-set count="4594" />
  </mem-info>
</gc-start>
<allocation-stats totalBytes="144842168" discardedBytes="55832" >
  <allocated-bytes non-tlh="689288" tlh="144152880" />
  <largest-consumer threadName="Default Executor-thread-154" threadId="00000000027AC700" bytes="54679952" />
</allocation-stats>
<gc-op id="2394" type="scavenge" timems="37.484" contextid="2391" timestamp="2025-12-10T22:21:36.885">
  <scavenger-info tenureage="5" tenuremask="4020" tiltratio="90" />
  <memory-copied type="nursery" objects="266510" bytes="9982088" bytesdiscarded="236984" />
  <memory-copied type="tenure" objects="41147" bytes="1639416" bytesdiscarded="2152" />
  <finalization candidates="110" enqueued="95" />
  <ownableSynchronizers candidates="8629" cleared="7731" />
  <references type="soft" candidates="1137" cleared="0" enqueued="0" dynamicThreshold="9" maxThreshold="32" />
  <references type="weak" candidates="2135" cleared="571" enqueued="518" />
  <references type="phantom" candidates="64" cleared="31" enqueued="31" />
  <object-monitors candidates="200" cleared="4"  />
</gc-op>
<gc-end id="2395" type="scavenge" contextid="2391" durationms="45.669" usertimems="125.046" systemtimems="12.734" stalltimems="226.403" timestamp="2025-12-10T22:21:36.890" activeThreads="17">
  <mem-info id="2396" free="184120824" total="351469568" percent="52">
    <mem type="nursery" free="146066072" total="173670400" percent="84">
      <mem type="allocate" free="146066072" total="156303360" percent="93" />
      <mem type="survivor" free="0" total="17367040" percent="0" />
    </mem>
    <mem type="tenure" free="38054752" total="177799168" percent="21" macro-fragmented="27735676">
      <mem type="soa" free="36276064" total="176020480" percent="20" />
      <mem type="loa" free="1778688" total="1778688" percent="100" />
    </mem>
    <pending-finalizers system="1" default="94" reference="549" classloader="0" />
    <remembered-set count="3244" />
  </mem-info>
</gc-end>
<cycle-end id="2397" type="scavenge" contextid="2391" timestamp="2025-12-10T22:21:36.891" />
<allocation-satisfied id="2398" threadId="0000000001905E00" bytesRequested="984" />
<af-end id="2399" timestamp="2025-12-10T22:21:36.893" threadId="0000000001906878" success="true" from="nursery"/>
<exclusive-end id="2400" timestamp="2025-12-10T22:21:36.894" durationms="54.595" />

<exclusive-start id="2401" timestamp="2025-12-10T22:22:26.052" intervalms="49212.737">
  <response-info timems="0.101" idlems="0.101" threads="0" lastid="0000000001979400" lastname="Default Executor-thread-138" />
</exclusive-start>
<af-start id="2402" threadId="0000000001979E78" totalBytesRequested="16472" timestamp="2025-12-10T22:22:26.053" intervalms="49212.249" type="nursery" />
<cycle-start id="2403" type="scavenge" contextid="0" timestamp="2025-12-10T22:22:26.055" intervalms="49211.863" />
<gc-start id="2404" type="scavenge" contextid="2403" timestamp="2025-12-10T22:22:26.056">
  <mem-info id="2405" free="38028528" total="351469568" percent="10">
    <mem type="nursery" free="0" total="173670400" percent="0">
      <mem type="allocate" free="0" total="156303360" percent="0" />
      <mem type="survivor" free="0" total="17367040" percent="0" />
    </mem>
    <mem type="tenure" free="38028528" total="177799168" percent="21">
      <mem type="soa" free="36249840" total="176020480" percent="20" />
      <mem type="loa" free="1778688" total="1778688" percent="100" />
    </mem>
    <remembered-set count="5271" />
  </mem-info>
</gc-start>
<allocation-stats totalBytes="145963440" discardedBytes="128856" >
  <allocated-bytes non-tlh="289360" tlh="145674080" />
  <largest-consumer threadName="Default Executor-thread-152" threadId="000000000296E200" bytes="56235136" />
</allocation-stats>
<gc-op id="2406" type="scavenge" timems="39.494" contextid="2403" timestamp="2025-12-10T22:22:26.097">
  <scavenger-info tenureage="5" tenuremask="40a0" tiltratio="90" />
  <memory-copied type="nursery" objects="228675" bytes="8758480" bytesdiscarded="277872" />
  <memory-copied type="tenure" objects="96190" bytes="3395704" bytesdiscarded="704" />
  <finalization candidates="112" enqueued="96" />
  <ownableSynchronizers candidates="7946" cleared="7046" />
  <references type="soft" candidates="934" cleared="0" enqueued="0" dynamicThreshold="9" maxThreshold="32" />
  <references type="weak" candidates="1609" cleared="574" enqueued="526" />
  <references type="phantom" candidates="40" cleared="6" enqueued="6" />
  <object-monitors candidates="201" cleared="5"  />
</gc-op>
<gc-end id="2407" type="scavenge" contextid="2403" durationms="61.722" usertimems="111.735" systemtimems="27.955" stalltimems="362.944" timestamp="2025-12-10T22:22:26.118" activeThreads="18">
  <mem-info id="2408" free="181507272" total="351469568" percent="51">
    <mem type="nursery" free="147251472" total="173670400" percent="84">
      <mem type="allocate" free="147251472" total="156303360" percent="94" />
      <mem type="survivor" free="0" total="17367040" percent="0" />
    </mem>
    <mem type="tenure" free="34255800" total="177799168" percent="19" macro-fragmented="27735676">
      <mem type="soa" free="32477112" total="176020480" percent="18" />
      <mem type="loa" free="1778688" total="1778688" percent="100" />
    </mem>
    <pending-finalizers system="2" default="94" reference="532" classloader="0" />
    <remembered-set count="2672" />
  </mem-info>
</gc-end>
<cycle-end id="2409" type="scavenge" contextid="2403" timestamp="2025-12-10T22:22:26.119" />
<allocation-satisfied id="2410" threadId="0000000001979400" bytesRequested="16472" />
<af-end id="2411" timestamp="2025-12-10T22:22:26.121" threadId="0000000001979E78" success="true" from="nursery"/>
<exclusive-end id="2412" timestamp="2025-12-10T22:22:26.122" durationms="69.244" />

<exclusive-start id="2413" timestamp="2025-12-10T22:22:59.187" intervalms="33135.078">
  <response-info timems="0.103" idlems="0.103" threads="0" lastid="0000000001887D00" lastname="Default Executor-thread-95" />
</exclusive-start>
<af-start id="2414" threadId="0000000001888778" totalBytesRequested="32" timestamp="2025-12-10T22:22:59.189" intervalms="33135.311" type="nursery" />
<cycle-start id="2415" type="scavenge" contextid="0" timestamp="2025-12-10T22:22:59.190" intervalms="33135.527" />
<gc-start id="2416" type="scavenge" contextid="2415" timestamp="2025-12-10T22:22:59.191">
  <mem-info id="2417" free="34210664" total="351469568" percent="9">
    <mem type="nursery" free="0" total="173670400" percent="0">
      <mem type="allocate" free="0" total="156303360" percent="0" />
      <mem type="survivor" free="0" total="17367040" percent="0" />
    </mem>
    <mem type="tenure" free="34210664" total="177799168" percent="19">
      <mem type="soa" free="32431976" total="176020480" percent="18" />
      <mem type="loa" free="1778688" total="1778688" percent="100" />
    </mem>
    <remembered-set count="4576" />
  </mem-info>
</gc-start>
<allocation-stats totalBytes="147253888" discardedBytes="42720" >
  <allocated-bytes non-tlh="487616" tlh="146766272" />
  <largest-consumer threadName="Default Executor-thread-138" threadId="0000000001979400" bytes="42180640" />
</allocation-stats>
<gc-op id="2418" type="scavenge" timems="18.065" contextid="2415" timestamp="2025-12-10T22:22:59.211">
  <scavenger-info tenureage="14" tenuremask="4000" tiltratio="90" />
  <memory-copied type="nursery" objects="343308" bytes="12339152" bytesdiscarded="292464" />
  <finalization candidates="201" enqueued="187" />
  <ownableSynchronizers candidates="9706" cleared="8882" />
  <references type="soft" candidates="1272" cleared="0" enqueued="0" dynamicThreshold="9" maxThreshold="32" />
  <references type="weak" candidates="2037" cleared="651" enqueued="606" />
  <references type="phantom" candidates="36" cleared="3" enqueued="3" />
  <object-monitors candidates="222" cleared="16"  />
</gc-op>
<gc-end id="2419" type="scavenge" contextid="2415" durationms="29.612" usertimems="97.063" systemtimems="30.118" stalltimems="168.514" timestamp="2025-12-10T22:22:59.221" activeThreads="17">
  <mem-info id="2420" free="176345424" total="351469568" percent="50">
    <mem type="nursery" free="142134760" total="173670400" percent="81">
      <mem type="allocate" free="142134760" total="154796032" percent="91" />
      <mem type="survivor" free="0" total="18874368" percent="0" />
    </mem>
    <mem type="tenure" free="34210664" total="177799168" percent="19" macro-fragmented="23113062">
      <mem type="soa" free="32431976" total="176020480" percent="18" />
      <mem type="loa" free="1778688" total="1778688" percent="100" />
    </mem>
    <pending-finalizers system="1" default="186" reference="609" classloader="0" />
    <remembered-set count="3049" />
  </mem-info>
</gc-end>
<cycle-end id="2421" type="scavenge" contextid="2415" timestamp="2025-12-10T22:22:59.223" />
<allocation-satisfied id="2422" threadId="0000000001887D00" bytesRequested="32" />
<af-end id="2423" timestamp="2025-12-10T22:22:59.226" threadId="0000000001888778" success="true" from="nursery"/>
<exclusive-end id="2424" timestamp="2025-12-10T22:22:59.227" durationms="39.684" />

<exclusive-start id="2425" timestamp="2025-12-10T22:26:08.318" intervalms="189130.612">
  <response-info timems="0.122" idlems="0.122" threads="0" lastid="0000000000FF6900" lastname="Timer-7" />
</exclusive-start>
<af-start id="2426" threadId="0000000000FF7378" totalBytesRequested="48" timestamp="2025-12-10T22:26:08.320" intervalms="189131.041" type="nursery" />
<cycle-start id="2427" type="scavenge" contextid="0" timestamp="2025-12-10T22:26:08.321" intervalms="189131.164" />
<gc-start id="2428" type="scavenge" contextid="2427" timestamp="2025-12-10T22:26:08.323">
  <mem-info id="2429" free="34207712" total="351469568" percent="9">
    <mem type="nursery" free="0" total="173670400" percent="0">
      <mem type="allocate" free="0" total="154796032" percent="0" />
      <mem type="survivor" free="0" total="18874368" percent="0" />
    </mem>
    <mem type="tenure" free="34207712" total="177799168" percent="19">
      <mem type="soa" free="32429024" total="176020480" percent="18" />
      <mem type="loa" free="1778688" total="1778688" percent="100" />
    </mem>
    <remembered-set count="3782" />
  </mem-info>
</gc-start>
<allocation-stats totalBytes="142098144" discardedBytes="39568" >
  <allocated-bytes non-tlh="396240" tlh="141701904" />
  <largest-consumer threadName="Timer-7" threadId="0000000000FF6900" bytes="34061744" />
</allocation-stats>
<gc-op id="2430" type="scavenge" timems="52.795" contextid="2427" timestamp="2025-12-10T22:26:08.378">
  <scavenger-info tenureage="5" tenuremask="4060" tiltratio="89" />
  <memory-copied type="nursery" objects="206476" bytes="7667992" bytesdiscarded="213688" />
  <memory-copied type="tenure" objects="84790" bytes="3490064" bytesdiscarded="3656" />
  <finalization candidates="17" enqueued="3" />
  <ownableSynchronizers candidates="16814" cleared="15942" />
  <references type="soft" candidates="899" cleared="0" enqueued="0" dynamicThreshold="9" maxThreshold="32" />
  <references type="weak" candidates="953" cleared="140" enqueued="109" />
  <references type="phantom" candidates="166" cleared="146" enqueued="146" />
  <object-monitors candidates="207" cleared="2"  />
</gc-op>
<gc-end id="2431" type="scavenge" contextid="2427" durationms="69.634" usertimems="99.292" systemtimems="28.058" stalltimems="165.184" timestamp="2025-12-10T22:26:08.393" activeThreads="14">
  <mem-info id="2432" free="178625216" total="351469568" percent="50">
    <mem type="nursery" free="147624472" total="173670400" percent="85">
      <mem type="allocate" free="147624472" total="155516928" percent="94" />
      <mem type="survivor" free="0" total="18153472" percent="0" />
    </mem>
    <mem type="tenure" free="31000744" total="177799168" percent="17" macro-fragmented="27735676">
      <mem type="soa" free="29222056" total="176020480" percent="16" />
      <mem type="loa" free="1778688" total="1778688" percent="100" />
    </mem>
    <pending-finalizers system="1" default="2" reference="255" classloader="0" />
    <remembered-set count="2470" />
  </mem-info>
</gc-end>
<cycle-end id="2433" type="scavenge" contextid="2427" timestamp="2025-12-10T22:26:08.395" />
<allocation-satisfied id="2434" threadId="0000000000FF6900" bytesRequested="48" />
<af-end id="2435" timestamp="2025-12-10T22:26:08.397" threadId="0000000000FF7378" success="true" from="nursery"/>
<exclusive-end id="2436" timestamp="2025-12-10T22:26:08.398" durationms="79.930" />

<exclusive-start id="2437" timestamp="2025-12-10T22:28:58.694" intervalms="170376.189">
  <response-info timems="0.110" idlems="0.110" threads="0" lastid="00000000011D6E00" lastname="zip file reaper" />
</exclusive-start>
<af-start id="2438" threadId="00000000011D7878" totalBytesRequested="24" timestamp="2025-12-10T22:28:58.696" intervalms="170376.224" type="nursery" />
<cycle-start id="2439" type="scavenge" contextid="0" timestamp="2025-12-10T22:28:58.698" intervalms="170377.172" />
<gc-start id="2440" type="scavenge" contextid="2439" timestamp="2025-12-10T22:28:58.700">
  <mem-info id="2441" free="30996928" total="351469568" percent="8">
    <mem type="nursery" free="0" total="173670400" percent="0">
      <mem type="allocate" free="0" total="155516928" percent="0" />
      <mem type="survivor" free="0" total="18153472" percent="0" />
    </mem>
    <mem type="tenure" free="30996928" total="177799168" percent="17">
      <mem type="soa" free="29218240" total="176020480" percent="16" />
      <mem type="loa" free="1778688" total="1778688" percent="100" />
    </mem>
    <remembered-set count="4237" />
  </mem-info>
</gc-start>
<allocation-stats totalBytes="147505952" discardedBytes="122336" >
  <allocated-bytes non-tlh="413520" tlh="147092432" />
  <largest-consumer threadName="Timer-7" threadId="0000000000FF6900" bytes="33222944" />
</allocation-stats>
<gc-op id="2442" type="scavenge" timems="31.449" contextid="2439" timestamp="2025-12-10T22:28:58.735">
  <scavenger-info tenureage="4" tenuremask="4030" tiltratio="89" />
  <memory-copied type="nursery" objects="117037" bytes="4734000" bytesdiscarded="512528" />
  <memory-copied type="tenure" objects="70719" bytes="2523592" bytesdiscarded="3784" />
  <finalization candidates="23" enqueued="11" />
  <ownableSynchronizers candidates="14955" cleared="14322" />
  <references type="soft" candidates="560" cleared="0" enqueued="0" dynamicThreshold="9" maxThreshold="32" />
  <references type="weak" candidates="1401" cleared="124" enqueued="97" />
  <references type="phantom" candidates="378" cleared="354" enqueued="354" />
  <object-monitors candidates="229" cleared="11"  />
</gc-op>
<gc-end id="2443" type="scavenge" contextid="2439" durationms="41.502" usertimems="72.347" systemtimems="26.248" stalltimems="197.318" timestamp="2025-12-10T22:28:58.741" activeThreads="18">
  <mem-info id="2444" free="179515832" total="351469568" percent="51">
    <mem type="nursery" free="151049736" total="173670400" percent="86">
      <mem type="allocate" free="151049736" total="156303360" percent="96" />
      <mem type="survivor" free="0" total="17367040" percent="0" />
    </mem>
    <mem type="tenure" free="28466096" total="177799168" percent="16" macro-fragmented="23113062">
      <mem type="soa" free="26687408" total="176020480" percent="15" />
      <mem type="loa" free="1778688" total="1778688" percent="100" />
    </mem>
    <pending-finalizers system="11" default="0" reference="451" classloader="0" />
    <remembered-set count="1489" />
  </mem-info>
</gc-end>
<cycle-end id="2445" type="scavenge" contextid="2439" timestamp="2025-12-10T22:28:58.743" />
<allocation-satisfied id="2446" threadId="00000000011D6E00" bytesRequested="24" />
<af-end id="2447" timestamp="2025-12-10T22:28:58.744" threadId="00000000011D7878" success="true" from="nursery"/>
<exclusive-end id="2448" timestamp="2025-12-10T22:28:58.745" durationms="50.917" />

<exclusive-start id="2449" timestamp="2025-12-10T22:29:30.390" intervalms="31695.632">
  <response-info timems="0.122" idlems="0.122" threads="0" lastid="0000000000886B00" lastname="Default Executor-thread-193" />
</exclusive-start>
<af-start id="2450" threadId="0000000000887578" totalBytesRequested="32" timestamp="2025-12-10T22:29:30.391" intervalms="31695.210" type="nursery" />
<cycle-start id="2451" type="scavenge" contextid="0" timestamp="2025-12-10T22:29:30.392" intervalms="31693.752" />
<gc-start id="2452" type="scavenge" contextid="2451" timestamp="2025-12-10T22:29:30.394">
  <mem-info id="2453" free="28423168" total="351469568" percent="8">
    <mem type="nursery" free="0" total="173670400" percent="0">
      <mem type="allocate" free="0" total="156303360" percent="0" />
      <mem type="survivor" free="0" total="17367040" percent="0" />
    </mem>
    <mem type="tenure" free="28423168" total="177799168" percent="15">
      <mem type="soa" free="26644480" total="176020480" percent="15" />
      <mem type="loa" free="1778688" total="1778688" percent="100" />
    </mem>
    <remembered-set count="3446" />
  </mem-info>
</gc-start>
<allocation-stats totalBytes="151051016" discardedBytes="41648" >
  <allocated-bytes non-tlh="305104" tlh="150745912" />
  <largest-consumer threadName="Default Executor-thread-130" threadId="00000000018CC000" bytes="53159440" />
</allocation-stats>
<gc-op id="2454" type="scavenge" timems="14.344" contextid="2451" timestamp="2025-12-10T22:29:30.409">
  <scavenger-info tenureage="4" tenuremask="4010" tiltratio="90" />
  <memory-copied type="nursery" objects="197543" bytes="6964264" bytesdiscarded="306376" />
  <memory-copied type="tenure" objects="57270" bytes="2132320" bytesdiscarded="1688" />
  <finalization candidates="197" enqueued="187" />
  <ownableSynchronizers candidates="7192" cleared="6547" />
  <references type="soft" candidates="611" cleared="0" enqueued="0" dynamicThreshold="9" maxThreshold="32" />
  <references type="weak" candidates="2081" cleared="637" enqueued="590" />
  <references type="phantom" candidates="27" cleared="3" enqueued="3" />
  <object-monitors candidates="221" cleared="3"  />
</gc-op>
<gc-end id="2455" type="scavenge" contextid="2451" durationms="23.335" usertimems="55.308" systemtimems="10.003" stalltimems="104.136" timestamp="2025-12-10T22:29:30.417" activeThreads="19">
  <mem-info id="2456" free="175397536" total="351469568" percent="49">
    <mem type="nursery" free="149008112" total="173670400" percent="85">
      <mem type="allocate" free="149008112" total="156303360" percent="95" />
      <mem type="survivor" free="0" total="17367040" percent="0" />
    </mem>
    <mem type="tenure" free="26389424" total="177799168" percent="14" macro-fragmented="23113062">
      <mem type="soa" free="24610736" total="176020480" percent="13" />
      <mem type="loa" free="1778688" total="1778688" percent="100" />
    </mem>
    <pending-finalizers system="1" default="186" reference="593" classloader="0" />
    <remembered-set count="2351" />
  </mem-info>
</gc-end>
<cycle-end id="2457" type="scavenge" contextid="2451" timestamp="2025-12-10T22:29:30.418" />
<allocation-satisfied id="2458" threadId="0000000000886B00" bytesRequested="32" />
<af-end id="2459" timestamp="2025-12-10T22:29:30.419" threadId="0000000000887578" success="true" from="nursery"/>
<exclusive-end id="2460" timestamp="2025-12-10T22:29:30.419" durationms="29.480" />

<exclusive-start id="2461" timestamp="2025-12-10T22:30:02.991" intervalms="32601.246">
  <response-info timems="0.065" idlems="0.065" threads="0" lastid="0000000001886600" lastname="Default Executor-thread-166" />
</exclusive-start>
<af-start id="2462" threadId="0000000001887078" totalBytesRequested="528" timestamp="2025-12-10T22:30:02.992" intervalms="32600.917" type="nursery" />
<cycle-start id="2463" type="scavenge" contextid="0" timestamp="2025-12-10T22:30:02.993" intervalms="32600.462" />
<gc-start id="2464" type="scavenge" contextid="2463" timestamp="2025-12-10T22:30:02.994">
  <mem-info id="2465" free="26357848" total="351469568" percent="7">
    <mem type="nursery" free="0" total="173670400" percent="0">
      <mem type="allocate" free="0" total="156303360" percent="0" />
      <mem type="survivor" free="0" total="17367040" percent="0" />
    </mem>
    <mem type="tenure" free="26357848" total="177799168" percent="14">
      <mem type="soa" free="24579160" total="176020480" percent="13" />
      <mem type="loa" free="1778688" total="1778688" percent="100" />
    </mem>
    <remembered-set count="4161" />
  </mem-info>
</gc-start>
<allocation-stats totalBytes="148975288" discardedBytes="64400" >
  <allocated-bytes non-tlh="293760" tlh="148681528" />
  <largest-consumer threadName="Default Executor-thread-185" threadId="0000000002813200" bytes="55036536" />
</allocation-stats>
<gc-op id="2466" type="scavenge" timems="10.478" contextid="2463" timestamp="2025-12-10T22:30:03.005">
  <scavenger-info tenureage="14" tenuremask="4000" tiltratio="90" />
  <memory-copied type="nursery" objects="178053" bytes="7054592" bytesdiscarded="281992" />
  <finalization candidates="106" enqueued="97" />
  <ownableSynchronizers candidates="8888" cleared="8270" />
  <references type="soft" candidates="914" cleared="0" enqueued="0" dynamicThreshold="9" maxThreshold="32" />
  <references type="weak" candidates="2161" cleared="641" enqueued="562" />
  <references type="phantom" candidates="35" cleared="3" enqueued="3" />
  <object-monitors candidates="221" cleared="3"  />
</gc-op>
<gc-end id="2467" type="scavenge" contextid="2463" durationms="15.173" usertimems="48.721" systemtimems="0.000" stalltimems="136.217" timestamp="2025-12-10T22:30:03.009" activeThreads="19">
  <mem-info id="2468" free="175309584" total="351469568" percent="49">
    <mem type="nursery" free="148951736" total="173670400" percent="85">
      <mem type="allocate" free="148951736" total="156303360" percent="95" />
      <mem type="survivor" free="0" total="17367040" percent="0" />
    </mem>
    <mem type="tenure" free="26357848" total="177799168" percent="14" macro-fragmented="23113062">
      <mem type="soa" free="24579160" total="176020480" percent="13" />
      <mem type="loa" free="1778688" total="1778688" percent="100" />
    </mem>
    <pending-finalizers system="1" default="96" reference="565" classloader="0" />
    <remembered-set count="2814" />
  </mem-info>
</gc-end>
<cycle-end id="2469" type="scavenge" contextid="2463" timestamp="2025-12-10T22:30:03.010" />
<allocation-satisfied id="2470" threadId="0000000001886600" bytesRequested="528" />
<af-end id="2471" timestamp="2025-12-10T22:30:03.011" threadId="0000000001887078" success="true" from="nursery"/>
<exclusive-end id="2472" timestamp="2025-12-10T22:30:03.011" durationms="19.749" />

<exclusive-start id="2473" timestamp="2025-12-10T22:31:06.478" intervalms="63486.470">
  <response-info timems="0.202" idlems="0.202" threads="0" lastid="00000000014BE000" lastname="ClassloaderMapProcessingThread-9" />
</exclusive-start>
<af-start id="2474" threadId="00000000014BEA78" totalBytesRequested="128" timestamp="2025-12-10T22:31:06.480" intervalms="63487.578" type="nursery" />
<cycle-start id="2475" type="scavenge" contextid="0" timestamp="2025-12-10T22:31:06.482" intervalms="63489.218" />
<gc-start id="2476" type="scavenge" contextid="2475" timestamp="2025-12-10T22:31:06.485">
  <mem-info id="2477" free="26331128" total="351469568" percent="7">
    <mem type="nursery" free="0" total="173670400" percent="0">
      <mem type="allocate" free="0" total="156303360" percent="0" />
      <mem type="survivor" free="0" total="17367040" percent="0" />
    </mem>
    <mem type="tenure" free="26331128" total="177799168" percent="14">
      <mem type="soa" free="24552440" total="176020480" percent="13" />
      <mem type="loa" free="1778688" total="1778688" percent="100" />
    </mem>
    <remembered-set count="4905" />
  </mem-info>
</gc-start>
<allocation-stats totalBytes="148838544" discardedBytes="139912" >
  <allocated-bytes non-tlh="551552" tlh="148286992" />
  <largest-consumer threadName="Default Executor-thread-191" threadId="000000000293F300" bytes="57253504" />
</allocation-stats>
<gc-op id="2478" type="scavenge" timems="47.724" contextid="2475" timestamp="2025-12-10T22:31:06.536">
  <scavenger-info tenureage="5" tenuremask="4020" tiltratio="90" />
  <memory-copied type="nursery" objects="166166" bytes="6812408" bytesdiscarded="263192" />
  <memory-copied type="tenure" objects="44871" bytes="1666808" bytesdiscarded="424" />
  <finalization candidates="108" enqueued="96" />
  <ownableSynchronizers candidates="8892" cleared="8153" />
  <references type="soft" candidates="762" cleared="0" enqueued="0" dynamicThreshold="9" maxThreshold="32" />
  <references type="weak" candidates="2075" cleared="571" enqueued="519" />
  <references type="phantom" candidates="98" cleared="62" enqueued="62" />
  <object-monitors candidates="222" cleared="3"  />
</gc-op>
<gc-end id="2479" type="scavenge" contextid="2475" durationms="58.731" usertimems="60.010" systemtimems="36.076" stalltimems="266.256" timestamp="2025-12-10T22:31:06.543" activeThreads="15">
  <mem-info id="2480" free="173762504" total="351469568" percent="49">
    <mem type="nursery" free="149213832" total="173670400" percent="85">
      <mem type="allocate" free="149213832" total="156303360" percent="95" />
      <mem type="survivor" free="0" total="17367040" percent="0" />
    </mem>
    <mem type="tenure" free="24548672" total="177799168" percent="13" macro-fragmented="16050736">
      <mem type="soa" free="22769984" total="176020480" percent="12" />
      <mem type="loa" free="1778688" total="1778688" percent="100" />
    </mem>
    <pending-finalizers system="2" default="94" reference="581" classloader="0" />
    <remembered-set count="2620" />
  </mem-info>
</gc-end>
<cycle-end id="2481" type="scavenge" contextid="2475" timestamp="2025-12-10T22:31:06.545" />
<allocation-satisfied id="2482" threadId="00000000014BE000" bytesRequested="128" />
<af-end id="2483" timestamp="2025-12-10T22:31:06.546" threadId="00000000014BEA78" success="true" from="nursery"/>
<exclusive-end id="2484" timestamp="2025-12-10T22:31:06.547" durationms="69.342" />

<exclusive-start id="2485" timestamp="2025-12-10T22:31:39.105" intervalms="32627.580">
  <response-info timems="0.107" idlems="0.107" threads="0" lastid="00000000018FA400" lastname="Default Executor-thread-94" />
</exclusive-start>
<af-start id="2486" threadId="00000000018FAE78" totalBytesRequested="40" timestamp="2025-12-10T22:31:39.106" intervalms="32626.363" type="nursery" />
<cycle-start id="2487" type="scavenge" contextid="0" timestamp="2025-12-10T22:31:39.107" intervalms="32624.884" />
<gc-start id="2488" type="scavenge" contextid="2487" timestamp="2025-12-10T22:31:39.108">
  <mem-info id="2489" free="24515952" total="351469568" percent="6">
    <mem type="nursery" free="0" total="173670400" percent="0">
      <mem type="allocate" free="0" total="156303360" percent="0" />
      <mem type="survivor" free="0" total="17367040" percent="0" />
    </mem>
    <mem type="tenure" free="24515952" total="177799168" percent="13">
      <mem type="soa" free="22737264" total="176020480" percent="12" />
      <mem type="loa" free="1778688" total="1778688" percent="100" />
    </mem>
    <remembered-set count="4443" />
  </mem-info>
</gc-start>
<allocation-stats totalBytes="149184344" discardedBytes="62208" >
  <allocated-bytes non-tlh="295000" tlh="148889344" />
  <largest-consumer threadName="Default Executor-thread-187" threadId="0000000002916E00" bytes="50692256" />
</allocation-stats>
<gc-op id="2490" type="scavenge" timems="17.657" contextid="2487" timestamp="2025-12-10T22:31:39.128">
  <scavenger-info tenureage="14" tenuremask="4000" tiltratio="90" />
  <memory-copied type="nursery" objects="280978" bytes="10376840" bytesdiscarded="163976" />
  <finalization candidates="199" enqueued="187" />
  <ownableSynchronizers candidates="6905" cleared="6127" />
  <references type="soft" candidates="997" cleared="0" enqueued="0" dynamicThreshold="9" maxThreshold="32" />
  <references type="weak" candidates="2358" cleared="635" enqueued="589" />
  <references type="phantom" candidates="47" cleared="3" enqueued="3" />
  <object-monitors candidates="221" cleared="2"  />
</gc-op>
<gc-end id="2491" type="scavenge" contextid="2487" durationms="25.288" usertimems="31.789" systemtimems="23.517" stalltimems="82.154" timestamp="2025-12-10T22:31:39.133" activeThreads="16">
  <mem-info id="2492" free="170251456" total="351469568" percent="48">
    <mem type="nursery" free="145735504" total="173670400" percent="83">
      <mem type="allocate" free="145735504" total="156303360" percent="93" />
      <mem type="survivor" free="0" total="17367040" percent="0" />
    </mem>
    <mem type="tenure" free="24515952" total="177799168" percent="13" macro-fragmented="16050736">
      <mem type="soa" free="22737264" total="176020480" percent="12" />
      <mem type="loa" free="1778688" total="1778688" percent="100" />
    </mem>
    <pending-finalizers system="1" default="186" reference="592" classloader="0" />
    <remembered-set count="2688" />
  </mem-info>
</gc-end>
<cycle-end id="2493" type="scavenge" contextid="2487" timestamp="2025-12-10T22:31:39.134" />
<allocation-satisfied id="2494" threadId="00000000018FA400" bytesRequested="40" />
<af-end id="2495" timestamp="2025-12-10T22:31:39.136" threadId="00000000018FAE78" success="true" from="nursery"/>
<exclusive-end id="2496" timestamp="2025-12-10T22:31:39.137" durationms="31.767" />

<exclusive-start id="2497" timestamp="2025-12-10T22:32:13.243" intervalms="34138.034">
  <response-info timems="0.097" idlems="0.097" threads="0" lastid="0000000001968200" lastname="Default Executor-thread-190" />
</exclusive-start>
<af-start id="2498" threadId="0000000001968C78" totalBytesRequested="656" timestamp="2025-12-10T22:32:13.245" intervalms="34138.854" type="nursery" />
<cycle-start id="2499" type="scavenge" contextid="0" timestamp="2025-12-10T22:32:13.247" intervalms="34139.968" />
<gc-start id="2500" type="scavenge" contextid="2499" timestamp="2025-12-10T22:32:13.249">
  <mem-info id="2501" free="24476048" total="351469568" percent="6">
    <mem type="nursery" free="0" total="173670400" percent="0">
      <mem type="allocate" free="0" total="156303360" percent="0" />
      <mem type="survivor" free="0" total="17367040" percent="0" />
    </mem>
    <mem type="tenure" free="24476048" total="177799168" percent="13">
      <mem type="soa" free="22697360" total="176020480" percent="12" />
      <mem type="loa" free="1778688" total="1778688" percent="100" />
    </mem>
    <remembered-set count="4552" />
  </mem-info>
</gc-start>
<allocation-stats totalBytes="145721904" discardedBytes="53504" >
  <allocated-bytes non-tlh="433176" tlh="145288728" />
  <largest-consumer threadName="Default Executor-thread-162" threadId="000000000296A500" bytes="56082256" />
</allocation-stats>
<gc-op id="2502" type="scavenge" timems="22.010" contextid="2499" timestamp="2025-12-10T22:32:13.273">
  <scavenger-info tenureage="4" tenuremask="4010" tiltratio="90" />
  <memory-copied type="nursery" objects="231458" bytes="9262016" bytesdiscarded="192576" />
  <memory-copied type="tenure" objects="64441" bytes="2236352" bytesdiscarded="1520" />
  <finalization candidates="112" enqueued="97" />
  <ownableSynchronizers candidates="9641" cleared="8715" />
  <references type="soft" candidates="1060" cleared="0" enqueued="0" dynamicThreshold="9" maxThreshold="32" />
  <references type="weak" candidates="2264" cleared="634" enqueued="562" />
  <references type="phantom" candidates="77" cleared="31" enqueued="31" />
  <object-monitors candidates="225" cleared="4"  />
</gc-op>
<gc-end id="2503" type="scavenge" contextid="2499" durationms="36.268" usertimems="123.137" systemtimems="5.153" stalltimems="236.004" timestamp="2025-12-10T22:32:13.285" activeThreads="18">
  <mem-info id="2504" free="169201992" total="351469568" percent="48">
    <mem type="nursery" free="146830160" total="173670400" percent="84">
      <mem type="allocate" free="146830160" total="156303360" percent="93" />
      <mem type="survivor" free="0" total="17367040" percent="0" />
    </mem>
    <mem type="tenure" free="22371832" total="177799168" percent="12" macro-fragmented="6450429">
      <mem type="soa" free="20593144" total="176020480" percent="11" />
      <mem type="loa" free="1778688" total="1778688" percent="100" />
    </mem>
    <pending-finalizers system="1" default="96" reference="593" classloader="0" />
    <remembered-set count="3507" />
  </mem-info>
</gc-end>
<cycle-end id="2505" type="scavenge" contextid="2499" timestamp="2025-12-10T22:32:13.289" />
<allocation-satisfied id="2506" threadId="0000000001968200" bytesRequested="656" />
<af-end id="2507" timestamp="2025-12-10T22:32:13.291" threadId="0000000001968C78" success="true" from="nursery"/>
<exclusive-end id="2508" timestamp="2025-12-10T22:32:13.293" durationms="49.327" />

<exclusive-start id="2509" timestamp="2025-12-10T22:33:07.724" intervalms="54480.714">
  <response-info timems="0.054" idlems="0.054" threads="0" lastid="0000000002916E00" lastname="Default Executor-thread-187" />
</exclusive-start>
<af-start id="2510" threadId="0000000002917878" totalBytesRequested="24" timestamp="2025-12-10T22:33:07.726" intervalms="54480.996" type="nursery" />
<cycle-start id="2511" type="scavenge" contextid="0" timestamp="2025-12-10T22:33:07.727" intervalms="54480.378" />
<gc-start id="2512" type="scavenge" contextid="2511" timestamp="2025-12-10T22:33:07.729">
  <mem-info id="2513" free="22345416" total="351469568" percent="6">
    <mem type="nursery" free="0" total="173670400" percent="0">
      <mem type="allocate" free="0" total="156303360" percent="0" />
      <mem type="survivor" free="0" total="17367040" percent="0" />
    </mem>
    <mem type="tenure" free="22345416" total="177799168" percent="12">
      <mem type="soa" free="20566728" total="176020480" percent="11" />
      <mem type="loa" free="1778688" total="1778688" percent="100" />
    </mem>
    <remembered-set count="5470" />
  </mem-info>
</gc-start>
<allocation-stats totalBytes="146736768" discardedBytes="119808" >
  <allocated-bytes non-tlh="616928" tlh="146119840" />
  <largest-consumer threadName="Default Executor-thread-196" threadId="00000000005EC100" bytes="56124400" />
</allocation-stats>
<gc-op id="2514" type="scavenge" timems="25.379" contextid="2511" timestamp="2025-12-10T22:33:07.755">
  <scavenger-info tenureage="4" tenuremask="4090" tiltratio="90" />
  <memory-copied type="nursery" objects="199591" bytes="7869880" bytesdiscarded="269032" />
  <memory-copied type="tenure" objects="43380" bytes="1993768" bytesdiscarded="576" />
  <finalization candidates="112" enqueued="96" />
  <ownableSynchronizers candidates="8372" cleared="7568" />
  <references type="soft" candidates="924" cleared="0" enqueued="0" dynamicThreshold="9" maxThreshold="32" />
  <references type="weak" candidates="1984" cleared="578" enqueued="517" />
  <references type="phantom" candidates="130" cleared="90" enqueued="90" />
  <object-monitors candidates="225" cleared="5"  />
</gc-op>
<gc-end id="2515" type="scavenge" contextid="2511" durationms="29.337" usertimems="69.542" systemtimems="4.798" stalltimems="124.998" timestamp="2025-12-10T22:33:07.758" activeThreads="15">
  <mem-info id="2516" free="168005080" total="351469568" percent="47">
    <mem type="nursery" free="148148952" total="173670400" percent="85">
      <mem type="allocate" free="148148952" total="156303360" percent="94" />
      <mem type="survivor" free="0" total="17367040" percent="0" />
    </mem>
    <mem type="tenure" free="19856128" total="177799168" percent="11" macro-fragmented="0">
      <mem type="soa" free="18077440" total="176020480" percent="10" />
      <mem type="loa" free="1778688" total="1778688" percent="100" />
    </mem>
    <pending-finalizers system="2" default="94" reference="607" classloader="0" />
    <remembered-set count="2930" />
  </mem-info>
</gc-end>
<cycle-end id="2517" type="scavenge" contextid="2511" timestamp="2025-12-10T22:33:07.759" />
<allocation-satisfied id="2518" threadId="0000000002916E00" bytesRequested="24" />
<af-end id="2519" timestamp="2025-12-10T22:33:07.760" threadId="0000000002917878" success="true" from="nursery"/>
<exclusive-end id="2520" timestamp="2025-12-10T22:33:07.761" durationms="37.091" />

<exclusive-start id="2521" timestamp="2025-12-10T22:33:36.932" intervalms="29208.206">
  <response-info timems="0.078" idlems="0.078" threads="0" lastid="00000000019BEB00" lastname="Default Executor-thread-157" />
</exclusive-start>
<af-start id="2522" threadId="00000000019BF578" totalBytesRequested="32" timestamp="2025-12-10T22:33:36.933" intervalms="29207.448" type="nursery" />
<cycle-start id="2523" type="scavenge" contextid="0" timestamp="2025-12-10T22:33:36.935" intervalms="29207.566" />
<gc-start id="2524" type="scavenge" contextid="2523" timestamp="2025-12-10T22:33:36.936">
  <mem-info id="2525" free="19813544" total="351469568" percent="5">
    <mem type="nursery" free="0" total="173670400" percent="0">
      <mem type="allocate" free="0" total="156303360" percent="0" />
      <mem type="survivor" free="0" total="17367040" percent="0" />
    </mem>
    <mem type="tenure" free="19813544" total="177799168" percent="11">
      <mem type="soa" free="18034856" total="176020480" percent="10" />
      <mem type="loa" free="1778688" total="1778688" percent="100" />
    </mem>
    <remembered-set count="5007" />
  </mem-info>
</gc-start>
<allocation-stats totalBytes="148143720" discardedBytes="47816" >
  <allocated-bytes non-tlh="304760" tlh="147838960" />
  <largest-consumer threadName="Default Executor-thread-187" threadId="0000000002916E00" bytes="50114904" />
</allocation-stats>
<gc-op id="2526" type="scavenge" timems="25.238" contextid="2523" timestamp="2025-12-10T22:33:36.963">
  <scavenger-info tenureage="3" tenuremask="4008" tiltratio="90" />
  <memory-copied type="nursery" objects="271521" bytes="9839840" bytesdiscarded="241096" />
  <memory-copied type="tenure" objects="63133" bytes="2220472" bytesdiscarded="616" />
  <finalization candidates="204" enqueued="187" />
  <ownableSynchronizers candidates="7309" cleared="6441" />
  <references type="soft" candidates="923" cleared="0" enqueued="0" dynamicThreshold="9" maxThreshold="32" />
  <references type="weak" candidates="2136" cleared="638" enqueued="591" />
  <references type="phantom" candidates="182" cleared="147" enqueued="147" />
  <object-monitors candidates="224" cleared="4"  />
</gc-op>
<gc-end id="2527" type="scavenge" contextid="2523" durationms="31.403" usertimems="72.799" systemtimems="12.016" stalltimems="101.067" timestamp="2025-12-10T22:33:36.967" activeThreads="17">
  <mem-info id="2528" free="163415656" total="351469568" percent="46">
    <mem type="nursery" free="146195824" total="173670400" percent="84">
      <mem type="allocate" free="146195824" total="156303360" percent="93" />
      <mem type="survivor" free="0" total="17367040" percent="0" />
    </mem>
    <mem type="tenure" free="17219832" total="177799168" percent="9" macro-fragmented="7740516">
      <mem type="soa" free="15441144" total="176020480" percent="8" />
      <mem type="loa" free="1778688" total="1778688" percent="100" />
    </mem>
    <pending-finalizers system="1" default="186" reference="738" classloader="0" />
    <remembered-set count="3879" />
  </mem-info>
</gc-end>
<cycle-end id="2529" type="scavenge" contextid="2523" timestamp="2025-12-10T22:33:36.968" />
<allocation-satisfied id="2530" threadId="00000000019BEB00" bytesRequested="32" />
<af-end id="2531" timestamp="2025-12-10T22:33:36.969" threadId="00000000019BF578" success="true" from="nursery"/>
<exclusive-end id="2532" timestamp="2025-12-10T22:33:36.970" durationms="37.809" />

<exclusive-start id="2533" timestamp="2025-12-10T22:34:18.599" intervalms="41666.366">
  <response-info timems="0.102" idlems="0.102" threads="0" lastid="00000000028ED100" lastname="Default Executor-thread-188" />
</exclusive-start>
<af-start id="2534" threadId="00000000028EDB78" totalBytesRequested="144" timestamp="2025-12-10T22:34:18.600" intervalms="41666.434" type="nursery" />
<cycle-start id="2535" type="scavenge" contextid="0" timestamp="2025-12-10T22:34:18.601" intervalms="41666.320" />
<gc-start id="2536" type="scavenge" contextid="2535" timestamp="2025-12-10T22:34:18.602">
  <mem-info id="2537" free="17188728" total="351469568" percent="4">
    <mem type="nursery" free="0" total="173670400" percent="0">
      <mem type="allocate" free="0" total="156303360" percent="0" />
      <mem type="survivor" free="0" total="17367040" percent="0" />
    </mem>
    <mem type="tenure" free="17188728" total="177799168" percent="9">
      <mem type="soa" free="15410040" total="176020480" percent="8" />
      <mem type="loa" free="1778688" total="1778688" percent="100" />
    </mem>
    <remembered-set count="5616" />
  </mem-info>
</gc-start>
<allocation-stats totalBytes="146134208" discardedBytes="92720" >
  <allocated-bytes non-tlh="424368" tlh="145709840" />
  <largest-consumer threadName="Default Executor-thread-94" threadId="00000000018FA400" bytes="56082896" />
</allocation-stats>
<gc-op id="2538" type="scavenge" timems="25.077" contextid="2535" timestamp="2025-12-10T22:34:18.629">
  <scavenger-info tenureage="5" tenuremask="4020" tiltratio="90" />
  <memory-copied type="nursery" objects="233214" bytes="9022224" bytesdiscarded="546424" />
  <memory-copied type="tenure" objects="37071" bytes="1468328" bytesdiscarded="1656" />
  <finalization candidates="114" enqueued="97" />
  <ownableSynchronizers candidates="9603" cleared="8777" />
  <references type="soft" candidates="1030" cleared="0" enqueued="0" dynamicThreshold="9" maxThreshold="32" />
  <references type="weak" candidates="1970" cleared="631" enqueued="560" />
  <references type="phantom" candidates="52" cleared="3" enqueued="3" />
  <object-monitors candidates="224" cleared="3"  />
</gc-op>
<heap-resize id="2539" type="contract" space="nursery" amount="1835008" count="1" timems="0.288" reason="insufficient time being spent scavenging" timestamp="2025-12-10T22:34:18.631" />
<gc-end id="2540" type="scavenge" contextid="2535" durationms="38.448" usertimems="84.025" systemtimems="11.737" stalltimems="393.015" timestamp="2025-12-10T22:34:18.641" activeThreads="20">
  <mem-info id="2541" free="161185704" total="349634560" percent="46">
    <mem type="nursery" free="145078048" total="171835392" percent="84">
      <mem type="allocate" free="145078048" total="154664960" percent="93" />
      <mem type="survivor" free="0" total="17170432" percent="0" />
    </mem>
    <mem type="tenure" free="16107656" total="177799168" percent="9" macro-fragmented="0">
      <mem type="soa" free="14328968" total="176020480" percent="8" />
      <mem type="loa" free="1778688" total="1778688" percent="100" />
    </mem>
    <pending-finalizers system="1" default="96" reference="563" classloader="0" />
    <remembered-set count="3439" />
  </mem-info>
</gc-end>
<cycle-end id="2542" type="scavenge" contextid="2535" timestamp="2025-12-10T22:34:18.642" />
<allocation-satisfied id="2543" threadId="00000000028ED100" bytesRequested="144" />
<af-end id="2544" timestamp="2025-12-10T22:34:18.644" threadId="00000000028EDB78" success="true" from="nursery"/>
<exclusive-end id="2545" timestamp="2025-12-10T22:34:18.645" durationms="46.544" />

<exclusive-start id="2546" timestamp="2025-12-10T22:35:15.721" intervalms="57122.357">
  <response-info timems="0.140" idlems="0.140" threads="0" lastid="0000000001924600" lastname="Default Executor-thread-192" />
</exclusive-start>
<af-start id="2547" threadId="0000000001925078" totalBytesRequested="24" timestamp="2025-12-10T22:35:15.722" intervalms="57122.637" type="nursery" />
<cycle-start id="2548" type="scavenge" contextid="0" timestamp="2025-12-10T22:35:15.724" intervalms="57123.033" />
<gc-start id="2549" type="scavenge" contextid="2548" timestamp="2025-12-10T22:35:15.726">
  <mem-info id="2550" free="16082040" total="349634560" percent="4">
    <mem type="nursery" free="0" total="171835392" percent="0">
      <mem type="allocate" free="0" total="154664960" percent="0" />
      <mem type="survivor" free="0" total="17170432" percent="0" />
    </mem>
    <mem type="tenure" free="16082040" total="177799168" percent="9">
      <mem type="soa" free="14303352" total="176020480" percent="8" />
      <mem type="loa" free="1778688" total="1778688" percent="100" />
    </mem>
    <remembered-set count="5259" />
  </mem-info>
</gc-start>
<allocation-stats totalBytes="145030696" discardedBytes="72968" >
  <allocated-bytes non-tlh="779472" tlh="144251224" />
  <largest-consumer threadName="Default Executor-thread-145" threadId="0000000002971F00" bytes="56729944" />
</allocation-stats>
<gc-op id="2551" type="scavenge" timems="12.072" contextid="2548" timestamp="2025-12-10T22:35:15.744">
  <scavenger-info tenureage="4" tenuremask="4010" tiltratio="90" />
  <memory-copied type="nursery" objects="222829" bytes="8526504" bytesdiscarded="206184" />
  <memory-copied type="tenure" objects="40443" bytes="1705648" bytesdiscarded="1176" />
  <finalization candidates="111" enqueued="96" />
  <ownableSynchronizers candidates="8703" cleared="7888" />
  <references type="soft" candidates="912" cleared="0" enqueued="0" dynamicThreshold="9" maxThreshold="32" />
  <references type="weak" candidates="1864" cleared="560" enqueued="518" />
  <references type="phantom" candidates="57" cleared="4" enqueued="4" />
  <object-monitors candidates="223" cleared="1"  />
</gc-op>
<gc-end id="2552" type="scavenge" contextid="2548" durationms="22.799" usertimems="37.515" systemtimems="22.413" stalltimems="45.368" timestamp="2025-12-10T22:35:15.749" activeThreads="14">
  <mem-info id="2553" free="160305528" total="349634560" percent="45">
    <mem type="nursery" free="145849600" total="171835392" percent="84">
      <mem type="allocate" free="145849600" total="154599424" percent="94" />
      <mem type="survivor" free="0" total="17235968" percent="0" />
    </mem>
    <mem type="tenure" free="14455928" total="177799168" percent="8" macro-fragmented="0">
      <mem type="soa" free="12677240" total="176020480" percent="7" />
      <mem type="loa" free="1778688" total="1778688" percent="100" />
    </mem>
    <pending-finalizers system="2" default="94" reference="522" classloader="0" />
    <remembered-set count="2920" />
  </mem-info>
</gc-end>
<cycle-end id="2554" type="scavenge" contextid="2548" timestamp="2025-12-10T22:35:15.750" />
<allocation-satisfied id="2555" threadId="0000000001924600" bytesRequested="24" />
<af-end id="2556" timestamp="2025-12-10T22:35:15.753" threadId="0000000001925078" success="true" from="nursery"/>
<exclusive-end id="2557" timestamp="2025-12-10T22:35:15.754" durationms="32.862" />

<exclusive-start id="2558" timestamp="2025-12-10T22:36:10.433" intervalms="54712.431">
  <response-info timems="0.064" idlems="0.064" threads="0" lastid="0000000001886600" lastname="Default Executor-thread-166" />
</exclusive-start>
<af-start id="2559" threadId="0000000001887078" totalBytesRequested="520" timestamp="2025-12-10T22:36:10.435" intervalms="54712.571" type="nursery" />
<cycle-start id="2560" type="scavenge" contextid="0" timestamp="2025-12-10T22:36:10.436" intervalms="54712.449" />
<gc-start id="2561" type="scavenge" contextid="2560" timestamp="2025-12-10T22:36:10.438">
  <mem-info id="2562" free="14429952" total="349634560" percent="4">
    <mem type="nursery" free="0" total="171835392" percent="0">
      <mem type="allocate" free="0" total="154599424" percent="0" />
      <mem type="survivor" free="0" total="17235968" percent="0" />
    </mem>
    <mem type="tenure" free="14429952" total="177799168" percent="8">
      <mem type="soa" free="12651264" total="176020480" percent="7" />
      <mem type="loa" free="1778688" total="1778688" percent="100" />
    </mem>
    <remembered-set count="4726" />
  </mem-info>
</gc-start>
<allocation-stats totalBytes="145790128" discardedBytes="85448" >
  <allocated-bytes non-tlh="419256" tlh="145370872" />
  <largest-consumer threadName="Default Executor-thread-157" threadId="00000000019BEB00" bytes="55130864" />
</allocation-stats>
<gc-op id="2563" type="scavenge" timems="19.528" contextid="2560" timestamp="2025-12-10T22:36:10.460">
  <scavenger-info tenureage="4" tenuremask="4010" tiltratio="89" />
  <memory-copied type="nursery" objects="223025" bytes="8465816" bytesdiscarded="129320" />
  <memory-copied type="tenure" objects="38307" bytes="1518600" bytesdiscarded="1544" />
  <finalization candidates="112" enqueued="96" />
  <ownableSynchronizers candidates="8235" cleared="7480" />
  <references type="soft" candidates="907" cleared="0" enqueued="0" dynamicThreshold="9" maxThreshold="32" />
  <references type="weak" candidates="1829" cleared="583" enqueued="526" />
  <references type="phantom" candidates="58" cleared="6" enqueued="6" />
  <object-monitors candidates="227" cleared="6"  />
</gc-op>
<gc-end id="2564" type="scavenge" contextid="2560" durationms="40.390" usertimems="85.202" systemtimems="3.414" stalltimems="104.811" timestamp="2025-12-10T22:36:10.479" activeThreads="13">
  <mem-info id="2565" free="159103320" total="349634560" percent="45">
    <mem type="nursery" free="145988616" total="171835392" percent="84">
      <mem type="allocate" free="145988616" total="154599424" percent="94" />
      <mem type="survivor" free="0" total="17235968" percent="0" />
    </mem>
    <mem type="tenure" free="13114704" total="177799168" percent="7" macro-fragmented="0">
      <mem type="soa" free="11336016" total="176020480" percent="6" />
      <mem type="loa" free="1778688" total="1778688" percent="100" />
    </mem>
    <pending-finalizers system="2" default="94" reference="532" classloader="0" />
    <remembered-set count="2809" />
  </mem-info>
</gc-end>
<cycle-end id="2566" type="scavenge" contextid="2560" timestamp="2025-12-10T22:36:10.481" />
<allocation-satisfied id="2567" threadId="0000000001886600" bytesRequested="520" />
<af-end id="2568" timestamp="2025-12-10T22:36:10.483" threadId="0000000001887078" success="true" from="nursery"/>
<exclusive-end id="2569" timestamp="2025-12-10T22:36:10.483" durationms="49.959" />

<exclusive-start id="2570" timestamp="2025-12-10T22:36:52.210" intervalms="41776.359">
  <response-info timems="0.212" idlems="0.212" threads="0" lastid="000000000187AC00" lastname="Default Executor-thread-197" />
</exclusive-start>
<af-start id="2571" threadId="000000000187B678" totalBytesRequested="40" timestamp="2025-12-10T22:36:52.211" intervalms="41776.196" type="nursery" />
<cycle-start id="2572" type="scavenge" contextid="0" timestamp="2025-12-10T22:36:52.213" intervalms="41776.367" />
<gc-start id="2573" type="scavenge" contextid="2572" timestamp="2025-12-10T22:36:52.215">
  <mem-info id="2574" free="13082848" total="349634560" percent="3">
    <mem type="nursery" free="0" total="171835392" percent="0">
      <mem type="allocate" free="0" total="154599424" percent="0" />
      <mem type="survivor" free="0" total="17235968" percent="0" />
    </mem>
    <mem type="tenure" free="13082848" total="177799168" percent="7">
      <mem type="soa" free="11304160" total="176020480" percent="6" />
      <mem type="loa" free="1778688" total="1778688" percent="100" />
    </mem>
    <remembered-set count="4580" />
  </mem-info>
</gc-start>
<allocation-stats totalBytes="145953408" discardedBytes="67064" >
  <allocated-bytes non-tlh="425608" tlh="145527800" />
  <largest-consumer threadName="Default Executor-thread-166" threadId="0000000001886600" bytes="47338712" />
</allocation-stats>
<gc-op id="2575" type="scavenge" timems="31.979" contextid="2572" timestamp="2025-12-10T22:36:52.249">
  <scavenger-info tenureage="3" tenuremask="4018" tiltratio="89" />
  <memory-copied type="nursery" objects="202472" bytes="7229088" bytesdiscarded="266456" />
  <memory-copied type="tenure" objects="108908" bytes="4053720" bytesdiscarded="1776" />
  <finalization candidates="202" enqueued="188" />
  <ownableSynchronizers candidates="7716" cleared="6859" />
  <references type="soft" candidates="614" cleared="0" enqueued="0" dynamicThreshold="9" maxThreshold="32" />
  <references type="weak" candidates="1852" cleared="631" enqueued="585" />
  <references type="phantom" candidates="65" cleared="37" enqueued="37" />
  <object-monitors candidates="223" cleared="2"  />
</gc-op>
<gc-end id="2576" type="scavenge" contextid="2572" durationms="44.361" usertimems="94.924" systemtimems="22.309" stalltimems="113.189" timestamp="2025-12-10T22:36:52.259" activeThreads="13">
  <mem-info id="2577" free="155909864" total="349634560" percent="44">
    <mem type="nursery" free="147081400" total="171835392" percent="85">
      <mem type="allocate" free="147081400" total="154599424" percent="95" />
      <mem type="survivor" free="0" total="17235968" percent="0" />
    </mem>
    <mem type="tenure" free="8828464" total="177799168" percent="4" macro-fragmented="5375358">
      <mem type="soa" free="7049776" total="176020480" percent="4" />
      <mem type="loa" free="1778688" total="1778688" percent="100" />
    </mem>
    <pending-finalizers system="2" default="186" reference="622" classloader="0" />
    <remembered-set count="2902" />
  </mem-info>
</gc-end>
<cycle-end id="2578" type="scavenge" contextid="2572" timestamp="2025-12-10T22:36:52.261" />
<allocation-satisfied id="2579" threadId="000000000187AC00" bytesRequested="40" />
<af-end id="2580" timestamp="2025-12-10T22:36:52.264" threadId="000000000187B678" success="true" from="nursery"/>
<exclusive-end id="2581" timestamp="2025-12-10T22:36:52.264" durationms="54.797" />

<concurrent-kickoff id="2582" timestamp="2025-12-10T22:37:31.270">
  <kickoff reason="threshold reached" targetBytes="91883176" thresholdFreeBytes="12692325"  remainingFree="12662920" tenureFreeBytes="8787224" nurseryFreeBytes="12662920" />
</concurrent-kickoff>
<exclusive-start id="2583" timestamp="2025-12-10T22:37:31.274" intervalms="39064.684">
  <response-info timems="0.093" idlems="0.093" threads="0" lastid="00000000005F3B00" lastname="Default Executor-thread-171" />
</exclusive-start>
<cycle-start id="2584" type="global" contextid="0" timestamp="2025-12-10T22:37:31.276" intervalms="1711180.939" />
<concurrent-start id="2585" type="global mark" contextid="2584" timestamp="2025-12-10T22:37:31.277">
</concurrent-start>
<exclusive-end id="2586" timestamp="2025-12-10T22:37:31.278" durationms="3.975" />

<concurrent-end id="2587" type="global mark" contextid="2584" timestamp="2025-12-10T22:37:31.456">
<gc-op id="2588" type="trace" timems="178.472" contextid="2584" timestamp="2025-12-10T22:37:31.456">
  <trace bytesTraced="73368532" workStackOverflowCount="0" />
  <card-cleaning reason="card cleaning threshold reached" bytesTraced="25660" cardsCleaned="71" />
</gc-op>
</concurrent-end>

<exclusive-start id="2589" timestamp="2025-12-10T22:37:31.458" intervalms="184.028">
  <response-info timems="0.083" idlems="0.083" threads="0" lastid="00000000005F3B00" lastname="Default Executor-thread-171" />
</exclusive-start>
<concurrent-global-final id="2590" timestamp="2025-12-10T22:37:31.460" contextid="2584" intervalms="1711259.553" >
  <concurrent-trace-info reason="card cleaning threshold reached" tracedByMutators="25211368" tracedByHelpers="48182824" cardsCleaned="71" workStackOverflowCount="0" />
</concurrent-global-final>
<gc-start id="2591" type="global" contextid="2584" timestamp="2025-12-10T22:37:31.462">
  <mem-info id="2592" free="12320136" total="349634560" percent="3">
    <mem type="nursery" free="3532936" total="171835392" percent="2">
      <mem type="allocate" free="3532936" total="154599424" percent="2" />
      <mem type="survivor" free="0" total="17235968" percent="0" />
    </mem>
    <mem type="tenure" free="8787200" total="177799168" percent="4">
      <mem type="soa" free="7008512" total="176020480" percent="3" />
      <mem type="loa" free="1778688" total="1778688" percent="100" />
    </mem>
    <remembered-set count="4957" />
  </mem-info>
</gc-start>
<allocation-stats totalBytes="143555440" discardedBytes="34288" >
  <allocated-bytes non-tlh="303456" tlh="143251984" />
  <largest-consumer threadName="Default Executor-thread-171" threadId="00000000005F3B00" bytes="52199448" />
</allocation-stats>
<gc-op id="2593" type="rs-scan" timems="10.860" contextid="2584" timestamp="2025-12-10T22:37:31.476">
  <scan objectsFound="193392" bytesTraced="6719248" workStackOverflowCount="0" />
</gc-op>
<gc-op id="2594" type="card-cleaning" timems="2.188" contextid="2584" timestamp="2025-12-10T22:37:31.479">
  <card-cleaning cardsCleaned="36" bytesTraced="40152" workStackOverflowCount="0" />
</gc-op>
<gc-op id="2595" type="mark" timems="49.401" contextid="2584" timestamp="2025-12-10T22:37:31.530">
  <trace-info objectcount="934537" scancount="912821" scanbytes="29872568" />
  <finalization candidates="1078" enqueued="153" />
  <ownableSynchronizers candidates="23142" cleared="9954" />
  <references type="soft" candidates="22289" cleared="2676" enqueued="2666" dynamicThreshold="9" maxThreshold="32" />
  <references type="weak" candidates="23841" cleared="1844" enqueued="1571" />
  <references type="phantom" candidates="1757" cleared="35" enqueued="35" />
  <stringconstants candidates="60816" cleared="530"  />
  <object-monitors candidates="223" cleared="56"  />
</gc-op>
<gc-op id="2596" type="classunload" timems="11.580" contextid="2584" timestamp="2025-12-10T22:37:31.543">
  <classunload-info classloadercandidates="1036" classloadersunloaded="118" classesunloaded="139" anonymousclassesunloaded="0" quiescems="0.000" setupms="10.369" scanms="0.512" postms="0.698" />
</gc-op>
<gc-op id="2597" type="sweep" timems="5.471" contextid="2584" timestamp="2025-12-10T22:37:31.550" />
<heap-resize id="2598" type="expand" space="tenure" amount="37027840" count="1" timems="1.798" reason="insufficient free space following gc" timestamp="2025-12-10T22:37:31.554" />
<gc-end id="2599" type="global" contextid="2584" durationms="96.330" usertimems="418.832" systemtimems="83.622" stalltimems="681.622" timestamp="2025-12-10T22:37:31.558" activeThreads="20">
  <mem-info id="2600" free="207888496" total="386662400" percent="53">
    <mem type="nursery" free="143439392" total="171835392" percent="83">
      <mem type="allocate" free="143439392" total="154599424" percent="92" />
      <mem type="survivor" free="0" total="17235968" percent="0" />
    </mem>
    <mem type="tenure" free="64449104" total="214827008" percent="30" micro-fragmented="4720489" macro-fragmented="140211">
      <mem type="soa" free="62300752" total="212678656" percent="29" />
      <mem type="loa" free="2148352" total="2148352" percent="100" />
    </mem>
    <pending-finalizers system="1" default="152" reference="4272" classloader="0" />
    <remembered-set count="3244" />
  </mem-info>
</gc-end>
<cycle-end id="2601" type="global" contextid="2584" timestamp="2025-12-10T22:37:31.560" />
<exclusive-end id="2602" timestamp="2025-12-10T22:37:31.561" durationms="102.469" />

<exclusive-start id="2603" timestamp="2025-12-10T22:39:26.879" intervalms="115420.934">
  <response-info timems="0.080" idlems="0.080" threads="0" lastid="0000000002813F00" lastname="Framework stop - Equinox Container: 6d0f9637-e0ed-4a51-9b42-119" />
</exclusive-start>
<af-start id="2604" threadId="0000000002814978" totalBytesRequested="520" timestamp="2025-12-10T22:39:26.881" intervalms="154669.515" type="nursery" />
<cycle-start id="2605" type="scavenge" contextid="0" timestamp="2025-12-10T22:39:26.882" intervalms="154669.320" />
<gc-start id="2606" type="scavenge" contextid="2605" timestamp="2025-12-10T22:39:26.884">
  <mem-info id="2607" free="64330080" total="386662400" percent="16">
    <mem type="nursery" free="0" total="171835392" percent="0">
      <mem type="allocate" free="0" total="154599424" percent="0" />
      <mem type="survivor" free="0" total="17235968" percent="0" />
    </mem>
    <mem type="tenure" free="64330080" total="214827008" percent="29">
      <mem type="soa" free="62181728" total="212678656" percent="29" />
      <mem type="loa" free="2148352" total="2148352" percent="100" />
    </mem>
    <remembered-set count="15910" />
  </mem-info>
</gc-start>
<allocation-stats totalBytes="142923496" discardedBytes="582904" >
  <allocated-bytes non-tlh="1657768" tlh="141265728" />
  <largest-consumer threadName="Timer-7" threadId="0000000000FF6900" bytes="21597928" />
</allocation-stats>
<gc-op id="2608" type="scavenge" timems="30.854" contextid="2605" timestamp="2025-12-10T22:39:26.917">
  <scavenger-info tenureage="12" tenuremask="5000" tiltratio="89" />
  <memory-copied type="nursery" objects="199949" bytes="8359536" bytesdiscarded="573760" />
  <memory-copied type="tenure" objects="4305" bytes="312936" bytesdiscarded="3056" />
  <finalization candidates="26" enqueued="16" />
  <ownableSynchronizers candidates="36326" cleared="35684" />
  <references type="soft" candidates="1669" cleared="0" enqueued="0" dynamicThreshold="9" maxThreshold="32" />
  <references type="weak" candidates="985" cleared="342" enqueued="283" />
  <references type="phantom" candidates="269" cleared="199" enqueued="199" />
  <object-monitors candidates="180" cleared="4"  />
</gc-op>
<gc-end id="2609" type="scavenge" contextid="2605" durationms="50.764" usertimems="67.661" systemtimems="14.834" stalltimems="347.590" timestamp="2025-12-10T22:39:26.935" activeThreads="15">
  <mem-info id="2610" free="209348848" total="386662400" percent="54">
    <mem type="nursery" free="145653048" total="171835392" percent="84">
      <mem type="allocate" free="145653048" total="154599424" percent="94" />
      <mem type="survivor" free="0" total="17235968" percent="0" />
    </mem>
    <mem type="tenure" free="63695800" total="214827008" percent="29" macro-fragmented="39939376">
      <mem type="soa" free="61547448" total="212678656" percent="28" />
      <mem type="loa" free="2148352" total="2148352" percent="100" />
    </mem>
    <pending-finalizers system="14" default="2" reference="482" classloader="0" />
    <remembered-set count="9027" />
  </mem-info>
</gc-end>
<cycle-end id="2611" type="scavenge" contextid="2605" timestamp="2025-12-10T22:39:26.936" />
<allocation-satisfied id="2612" threadId="0000000002813F00" bytesRequested="520" />
<af-end id="2613" timestamp="2025-12-10T22:39:26.937" threadId="0000000002814978" success="true" from="nursery"/>
<exclusive-end id="2614" timestamp="2025-12-10T22:39:26.938" durationms="58.430" />

</verbosegc>

