<?xml version="1.0" ?>

<verbosegc xmlns="http://www.ibm.com/j9/verbosegc" version="266a8c6f5_CMPRSS">

<initialized id="1" timestamp="2025-12-16T21:21:27.455">
  <attribute name="gcPolicy" value="-Xgcpolicy:gencon" />
  <attribute name="maxHeapSize" value="0xf7440000" />
  <attribute name="initialHeapSize" value="0x800000" />
  <attribute name="compressedRefs" value="true" />
  <attribute name="compressedRefsDisplacement" value="0x0" />
  <attribute name="compressedRefsShift" value="0x3" />
  <attribute name="pageSize" value="0x1000" />
  <attribute name="pageType" value="not used" />
  <attribute name="requestedPageSize" value="0x1000" />
  <attribute name="requestedPageType" value="not used" />
  <attribute name="gcthreads" value="20" />
  <attribute name="gcthreads Concurrent Mark" value="1" />
  <attribute name="packetListSplit" value="3" />
  <attribute name="cacheListSplit" value="3" />
  <attribute name="splitFreeListSplitAmount" value="3" />
  <attribute name="numaNodes" value="0" />
  <system>
    <attribute name="physicalMemory" value="16593874944" />
    <attribute name="addressablePhysicalMemory" value="16593874944" />
    <attribute name="container memory limit set" value="false" />
    <attribute name="numCPUs" value="20" />
    <attribute name="numCPUs active" value="20" />
    <attribute name="architecture" value="amd64" />
    <attribute name="os" value="Linux" />
    <attribute name="osVersion" value="6.6.87.2-microsoft-standard-WSL2" />
  </system>
  <vmargs>
    <vmarg name="-Xoptionsfile=/opt/java/openjdk/lib/options.default" />
    <vmarg name="-Xlockword:mode=default,noLockword=java/lang/String,noLockword=java/util/MapEntry,noLockword=java/util/HashMap$Entry,noLockword..." />
    <vmarg name="-XX:+EnsureHashed:java/lang/Class,java/lang/Thread" />
    <vmarg name="-Xjcl:jclse29" />
    <vmarg name="-Dcom.ibm.oti.vm.bootstrap.library.path=/opt/java/openjdk/lib/default:/opt/java/openjdk/lib" />
    <vmarg name="-Dsun.boot.library.path=/opt/java/openjdk/lib/default:/opt/java/openjdk/lib" />
    <vmarg name="-Djava.library.path=/opt/java/openjdk/lib/default:/opt/java/openjdk/lib:/usr/lib64:/usr/lib" />
    <vmarg name="-Djava.home=/opt/java/openjdk" />
    <vmarg name="-Duser.dir=/opt/ibm/wlp/output/defaultServer" />
    <vmarg name="-XX:+IgnoreUnrecognizedVMOptions" />
    <vmarg name="-XX:+PortableSharedCache" />
    <vmarg name="-XX:+IdleTuningGcOnIdle" />
    <vmarg name="-Xshareclasses:name=openj9_system_scc,cacheDir=/opt/java/.scc,readonly,nonFatal" />
    <vmarg name="-Xverbosegclog:/logs/verbosegc.%seq.log,10,1024" />
    <vmarg name="-Djdk.nativePBKDF2=true" />
    <vmarg name="-XX:+IgnoreUnrecognizedVMOptions" />
    <vmarg name="-XX:+IdleTuningGcOnIdle" />
    <vmarg name="-Xshareclasses:name=openj9_system_scc,cacheDir=/opt/java/.scc,readonly,nonFatal" />
    <vmarg name="-Dosgi.checkConfiguration=false" />
    <vmarg name="-Djdk.nativePBKDF2=true" />
    <vmarg name="-XX:+IgnoreUnrecognizedVMOptions" />
    <vmarg name="-XX:+IdleTuningGcOnIdle" />
    <vmarg name="-Xshareclasses:name=openj9_system_scc,cacheDir=/opt/java/.scc,readonly,nonFatal" />
    <vmarg name="-Dosgi.checkConfiguration=false" />
    <vmarg name="-javaagent:/opt/ibm/wlp/bin/tools/ws-javaagent.jar" />
    <vmarg name="-Djava.awt.headless=true" />
    <vmarg name="-Djdk.attach.allowAttachSelf=true" />
    <vmarg name="-Xbootclasspath/a:/opt/ibm/zosconnect/lib/icu4j-71.1.jar:/opt/ibm/zosconnect/lib/icu4j-charset-71.1.jar" />
    <vmarg name="--add-exports=java.base/sun.security.action=ALL-UNNAMED" />
    <vmarg name="--add-exports=java.naming/com.sun.jndi.ldap=ALL-UNNAMED" />
    <vmarg name="--add-exports=java.naming/com.sun.jndi.url.ldap=ALL-UNNAMED" />
    <vmarg name="--add-exports=jdk.naming.dns/com.sun.jndi.dns=ALL-UNNAMED" />
    <vmarg name="--add-exports=jdk.naming.dns/com.sun.jndi.url.dns=ALL-UNNAMED" />
    <vmarg name="--add-exports=java.security.jgss/sun.security.krb5.internal=ALL-UNNAMED" />
    <vmarg name="--add-exports=jdk.attach/sun.tools.attach=ALL-UNNAMED" />
    <vmarg name="--add-opens=java.base/java.util=ALL-UNNAMED" />
    <vmarg name="--add-opens=java.base/java.lang=ALL-UNNAMED" />
    <vmarg name="--add-opens=java.base/java.util.concurrent=ALL-UNNAMED" />
    <vmarg name="--add-opens=java.base/java.io=ALL-UNNAMED" />
    <vmarg name="--add-opens=java.base/java.nio=ALL-UNNAMED" />
    <vmarg name="--add-opens=java.base/sun.nio.ch=ALL-UNNAMED" />
    <vmarg name="--add-opens=java.naming/javax.naming.spi=ALL-UNNAMED" />
    <vmarg name="--add-opens=java.naming/com.sun.naming.internal=ALL-UNNAMED" />
    <vmarg name="--add-opens=jdk.naming.rmi/com.sun.jndi.url.rmi=ALL-UNNAMED" />
    <vmarg name="--add-opens=java.naming/javax.naming=ALL-UNNAMED" />
    <vmarg name="--add-opens=java.rmi/java.rmi=ALL-UNNAMED" />
    <vmarg name="--add-opens=java.sql/java.sql=ALL-UNNAMED" />
    <vmarg name="--add-opens=java.management/javax.management=ALL-UNNAMED" />
    <vmarg name="--add-opens=java.base/java.lang.reflect=ALL-UNNAMED" />
    <vmarg name="--add-opens=java.desktop/java.awt.image=ALL-UNNAMED" />
    <vmarg name="--add-opens=java.base/java.security=ALL-UNNAMED" />
    <vmarg name="--add-opens=java.base/java.net=ALL-UNNAMED" />
    <vmarg name="--add-opens=java.base/java.text=ALL-UNNAMED" />
    <vmarg name="--add-opens=java.base/sun.net.www.protocol.https=ALL-UNNAMED" />
    <vmarg name="--add-exports=jdk.management.agent/jdk.internal.agent=ALL-UNNAMED" />
    <vmarg name="--add-exports=java.base/jdk.internal.vm=ALL-UNNAMED" />
    <vmarg name="-Djava.class.path=/opt/ibm/wlp/bin/tools/ws-server.jar" />
    <vmarg name="-Dsun.java.command=/opt/ibm/wlp/bin/tools/ws-server.jar defaultServer --clean" />
    <vmarg name="-Dsun.java.launcher=SUN_STANDARD" />
  </vmargs>
</initialized>

<exclusive-start id="2" timestamp="2025-12-16T21:21:28.099" intervalms="644.463">
  <response-info timems="0.032" idlems="0.032" threads="0" lastid="0000000000025A00" lastname="main" />
</exclusive-start>
<af-start id="3" threadId="0000000000026478" totalBytesRequested="8200" timestamp="2025-12-16T21:21:28.100" intervalms="645.231" type="nursery" />
<cycle-start id="4" type="scavenge" contextid="0" timestamp="2025-12-16T21:21:28.101" intervalms="645.820" />
<gc-start id="5" type="scavenge" contextid="4" timestamp="2025-12-16T21:21:28.101">
  <mem-info id="6" free="6072872" total="8388608" percent="72">
    <mem type="nursery" free="0" total="2097152" percent="0">
      <mem type="allocate" free="0" total="1048576" percent="0" />
      <mem type="survivor" free="0" total="1048576" percent="0" />
    </mem>
    <mem type="tenure" free="6072872" total="6291456" percent="96">
      <mem type="soa" free="5757480" total="5976064" percent="96" />
      <mem type="loa" free="315392" total="315392" percent="100" />
    </mem>
    <remembered-set count="3062" />
  </mem-info>
</gc-start>
<allocation-stats totalBytes="1261680" discardedBytes="5480" >
  <allocated-bytes non-tlh="234976" tlh="1026704" />
  <largest-consumer threadName="main" threadId="0000000000025A00" bytes="1175664" />
</allocation-stats>
<gc-op id="7" type="scavenge" timems="1.862" contextid="4" timestamp="2025-12-16T21:21:28.104">
  <scavenger-info tenureage="2" tenuremask="fffc" tiltratio="50" />
  <memory-copied type="nursery" objects="10198" bytes="475696" bytesdiscarded="76608" />
  <finalization candidates="170" enqueued="106" />
  <ownableSynchronizers candidates="1" cleared="0" />
  <references type="soft" candidates="18" cleared="0" enqueued="0" dynamicThreshold="32" maxThreshold="32" />
  <references type="weak" candidates="126" cleared="26" enqueued="26" />
  <references type="phantom" candidates="24" cleared="5" enqueued="5" />
  <object-monitors candidates="1" cleared="0"  />
</gc-op>
<gc-end id="8" type="scavenge" contextid="4" durationms="3.645" usertimems="0.000" systemtimems="4.141" stalltimems="3.351" timestamp="2025-12-16T21:21:28.105" activeThreads="4">
  <mem-info id="9" free="6567944" total="8388608" percent="78">
    <mem type="nursery" free="495072" total="2097152" percent="23">
      <mem type="allocate" free="495072" total="1048576" percent="47" />
      <mem type="survivor" free="0" total="1048576" percent="0" />
    </mem>
    <mem type="tenure" free="6072872" total="6291456" percent="96">
      <mem type="soa" free="5757480" total="5976064" percent="96" />
      <mem type="loa" free="315392" total="315392" percent="100" />
    </mem>
    <pending-finalizers system="106" default="0" reference="31" classloader="0" />
    <remembered-set count="3062" />
  </mem-info>
</gc-end>
<cycle-end id="10" type="scavenge" contextid="4" timestamp="2025-12-16T21:21:28.106" />
<allocation-satisfied id="11" threadId="0000000000025A00" bytesRequested="8200" />
<af-end id="12" timestamp="2025-12-16T21:21:28.107" threadId="0000000000026478" success="true" from="nursery"/>
<exclusive-end id="13" timestamp="2025-12-16T21:21:28.107" durationms="7.621" />

<exclusive-start id="14" timestamp="2025-12-16T21:21:28.133" intervalms="33.770">
  <response-info timems="0.040" idlems="0.040" threads="0" lastid="0000000000025A00" lastname="main" />
</exclusive-start>
<af-start id="15" threadId="0000000000026478" totalBytesRequested="13408" timestamp="2025-12-16T21:21:28.134" intervalms="33.583" type="nursery" />
<cycle-start id="16" type="scavenge" contextid="0" timestamp="2025-12-16T21:21:28.134" intervalms="33.652" />
<gc-start id="17" type="scavenge" contextid="16" timestamp="2025-12-16T21:21:28.135">
  <mem-info id="18" free="6024608" total="8388608" percent="71">
    <mem type="nursery" free="0" total="2097152" percent="0">
      <mem type="allocate" free="0" total="1048576" percent="0" />
      <mem type="survivor" free="0" total="1048576" percent="0" />
    </mem>
    <mem type="tenure" free="6024608" total="6291456" percent="95">
      <mem type="soa" free="5709216" total="5976064" percent="95" />
      <mem type="loa" free="315392" total="315392" percent="100" />
    </mem>
    <remembered-set count="3905" />
  </mem-info>
</gc-start>
<allocation-stats totalBytes="536176" discardedBytes="7160" >
  <allocated-bytes non-tlh="56464" tlh="479712" />
  <largest-consumer threadName="main" threadId="0000000000025A00" bytes="466056" />
</allocation-stats>
<gc-op id="19" type="scavenge" timems="1.550" contextid="16" timestamp="2025-12-16T21:21:28.138">
  <scavenger-info tenureage="5" tenuremask="7fe0" tiltratio="50" />
  <memory-copied type="nursery" objects="11551" bytes="520752" bytesdiscarded="45320" />
  <finalization candidates="119" enqueued="35" />
  <ownableSynchronizers candidates="1" cleared="0" />
  <references type="soft" candidates="39" cleared="0" enqueued="0" dynamicThreshold="32" maxThreshold="32" />
  <references type="weak" candidates="208" cleared="84" enqueued="84" />
  <references type="phantom" candidates="21" cleared="3" enqueued="3" />
  <object-monitors candidates="1" cleared="0"  />
</gc-op>
<heap-resize id="20" type="expand" space="nursery" amount="131072" count="1" timems="0.035" reason="excessive time being spent scavenging" timestamp="2025-12-16T21:21:28.138" />
<gc-end id="21" type="scavenge" contextid="16" durationms="4.051" usertimems="2.388" systemtimems="1.533" stalltimems="1.517" timestamp="2025-12-16T21:21:28.139" activeThreads="3">
  <mem-info id="22" free="6571344" total="8519680" percent="77">
    <mem type="nursery" free="546736" total="2228224" percent="24">
      <mem type="allocate" free="546736" total="1114112" percent="49" />
      <mem type="survivor" free="0" total="1114112" percent="0" />
    </mem>
    <mem type="tenure" free="6024608" total="6291456" percent="95">
      <mem type="soa" free="5709216" total="5976064" percent="95" />
      <mem type="loa" free="315392" total="315392" percent="100" />
    </mem>
    <pending-finalizers system="35" default="0" reference="87" classloader="0" />
    <remembered-set count="3905" />
  </mem-info>
</gc-end>
<cycle-end id="23" type="scavenge" contextid="16" timestamp="2025-12-16T21:21:28.140" />
<allocation-satisfied id="24" threadId="0000000000025A00" bytesRequested="13408" />
<af-end id="25" timestamp="2025-12-16T21:21:28.141" threadId="0000000000026478" success="true" from="nursery"/>
<exclusive-end id="26" timestamp="2025-12-16T21:21:28.141" durationms="8.224" />

<exclusive-start id="27" timestamp="2025-12-16T21:21:28.165" intervalms="32.137">
  <response-info timems="0.038" idlems="0.038" threads="0" lastid="0000000000025A00" lastname="main" />
</exclusive-start>
<af-start id="28" threadId="0000000000026478" totalBytesRequested="7176" timestamp="2025-12-16T21:21:28.166" intervalms="32.239" type="nursery" />
<cycle-start id="29" type="scavenge" contextid="0" timestamp="2025-12-16T21:21:28.167" intervalms="32.166" />
<gc-start id="30" type="scavenge" contextid="29" timestamp="2025-12-16T21:21:28.167">
  <mem-info id="31" free="6013640" total="8519680" percent="70">
    <mem type="nursery" free="0" total="2228224" percent="0">
      <mem type="allocate" free="0" total="1114112" percent="0" />
      <mem type="survivor" free="0" total="1114112" percent="0" />
    </mem>
    <mem type="tenure" free="6013640" total="6291456" percent="95">
      <mem type="soa" free="5698248" total="5976064" percent="95" />
      <mem type="loa" free="315392" total="315392" percent="100" />
    </mem>
    <remembered-set count="4052" />
  </mem-info>
</gc-start>
<allocation-stats totalBytes="529888" discardedBytes="27816" >
  <allocated-bytes non-tlh="35832" tlh="494056" />
  <largest-consumer threadName="main" threadId="0000000000025A00" bytes="529888" />
</allocation-stats>
<gc-op id="32" type="scavenge" timems="1.537" contextid="29" timestamp="2025-12-16T21:21:28.170">
  <scavenger-info tenureage="4" tenuremask="7ff0" tiltratio="50" />
  <memory-copied type="nursery" objects="11891" bytes="549616" bytesdiscarded="65304" />
  <finalization candidates="86" enqueued="1" />
  <ownableSynchronizers candidates="1" cleared="0" />
  <references type="soft" candidates="41" cleared="0" enqueued="0" dynamicThreshold="32" maxThreshold="32" />
  <references type="weak" candidates="180" cleared="54" enqueued="54" />
  <references type="phantom" candidates="20" cleared="1" enqueued="1" />
  <object-monitors candidates="1" cleared="0"  />
</gc-op>
<heap-resize id="33" type="expand" space="nursery" amount="131072" count="1" timems="0.031" reason="excessive time being spent scavenging" timestamp="2025-12-16T21:21:28.171" />
<gc-end id="34" type="scavenge" contextid="29" durationms="4.153" usertimems="3.703" systemtimems="0.000" stalltimems="1.297" timestamp="2025-12-16T21:21:28.171" activeThreads="3">
  <mem-info id="35" free="6577072" total="8650752" percent="76">
    <mem type="nursery" free="563432" total="2359296" percent="23">
      <mem type="allocate" free="563432" total="1179648" percent="47" />
      <mem type="survivor" free="0" total="1179648" percent="0" />
    </mem>
    <mem type="tenure" free="6013640" total="6291456" percent="95">
      <mem type="soa" free="5698248" total="5976064" percent="95" />
      <mem type="loa" free="315392" total="315392" percent="100" />
    </mem>
    <pending-finalizers system="1" default="0" reference="55" classloader="0" />
    <remembered-set count="1791" />
  </mem-info>
</gc-end>
<cycle-end id="36" type="scavenge" contextid="29" timestamp="2025-12-16T21:21:28.172" />
<allocation-satisfied id="37" threadId="0000000000025A00" bytesRequested="7176" />
<af-end id="38" timestamp="2025-12-16T21:21:28.173" threadId="0000000000026478" success="true" from="nursery"/>
<exclusive-end id="39" timestamp="2025-12-16T21:21:28.173" durationms="8.114" />

<exclusive-start id="40" timestamp="2025-12-16T21:21:28.299" intervalms="133.321">
  <response-info timems="0.033" idlems="0.033" threads="0" lastid="0000000000025A00" lastname="main" />
</exclusive-start>
<af-start id="41" threadId="0000000000026478" totalBytesRequested="256" timestamp="2025-12-16T21:21:28.299" intervalms="133.230" type="nursery" />
<cycle-start id="42" type="scavenge" contextid="0" timestamp="2025-12-16T21:21:28.300" intervalms="133.283" />
<gc-start id="43" type="scavenge" contextid="42" timestamp="2025-12-16T21:21:28.301">
  <mem-info id="44" free="5999728" total="8650752" percent="69">
    <mem type="nursery" free="0" total="2359296" percent="0">
      <mem type="allocate" free="0" total="1179648" percent="0" />
      <mem type="survivor" free="0" total="1179648" percent="0" />
    </mem>
    <mem type="tenure" free="5999728" total="6291456" percent="95">
      <mem type="soa" free="5684336" total="5976064" percent="95" />
      <mem type="loa" free="315392" total="315392" percent="100" />
    </mem>
    <remembered-set count="1970" />
  </mem-info>
</gc-start>
<allocation-stats totalBytes="576320" discardedBytes="1024" >
  <allocated-bytes non-tlh="21088" tlh="555232" />
  <largest-consumer threadName="main" threadId="0000000000025A00" bytes="576320" />
</allocation-stats>
<gc-op id="45" type="scavenge" timems="1.853" contextid="42" timestamp="2025-12-16T21:21:28.303">
  <scavenger-info tenureage="3" tenuremask="fff8" tiltratio="50" />
  <memory-copied type="nursery" objects="2730" bytes="99088" bytesdiscarded="78352" />
  <memory-copied type="tenure" objects="9960" bytes="463992" bytesdiscarded="192" />
  <finalization candidates="128" enqueued="26" />
  <ownableSynchronizers candidates="3" cleared="0" />
  <references type="soft" candidates="39" cleared="0" enqueued="0" dynamicThreshold="32" maxThreshold="32" />
  <references type="weak" candidates="97" cleared="52" enqueued="52" />
  <references type="phantom" candidates="4" cleared="3" enqueued="3" />
  <object-monitors candidates="1" cleared="0"  />
</gc-op>
<gc-end id="46" type="scavenge" contextid="42" durationms="3.622" usertimems="2.480" systemtimems="1.493" stalltimems="1.789" timestamp="2025-12-16T21:21:28.304" activeThreads="3">
  <mem-info id="47" free="6511936" total="8650752" percent="75">
    <mem type="nursery" free="1001992" total="2359296" percent="42">
      <mem type="allocate" free="1001992" total="1179648" percent="84" />
      <mem type="survivor" free="0" total="1179648" percent="0" />
    </mem>
    <mem type="tenure" free="5509944" total="6291456" percent="87">
      <mem type="soa" free="5194552" total="5976064" percent="86" />
      <mem type="loa" free="315392" total="315392" percent="100" />
    </mem>
    <pending-finalizers system="26" default="0" reference="55" classloader="0" />
    <remembered-set count="515" />
  </mem-info>
</gc-end>
<cycle-end id="48" type="scavenge" contextid="42" timestamp="2025-12-16T21:21:28.305" />
<allocation-satisfied id="49" threadId="0000000000025A00" bytesRequested="256" />
<af-end id="50" timestamp="2025-12-16T21:21:28.306" threadId="0000000000026478" success="true" from="nursery"/>
<exclusive-end id="51" timestamp="2025-12-16T21:21:28.307" durationms="7.898" />

<exclusive-start id="52" timestamp="2025-12-16T21:21:29.178" intervalms="878.952">
  <response-info timems="0.038" idlems="0.038" threads="0" lastid="0000000000025A00" lastname="main" />
</exclusive-start>
<af-start id="53" threadId="0000000000026478" totalBytesRequested="104" timestamp="2025-12-16T21:21:29.178" intervalms="879.079" type="nursery" />
<cycle-start id="54" type="scavenge" contextid="0" timestamp="2025-12-16T21:21:29.179" intervalms="879.226" />
<gc-start id="55" type="scavenge" contextid="54" timestamp="2025-12-16T21:21:29.180">
  <mem-info id="56" free="5509944" total="8650752" percent="63">
    <mem type="nursery" free="0" total="2359296" percent="0">
      <mem type="allocate" free="0" total="1179648" percent="0" />
      <mem type="survivor" free="0" total="1179648" percent="0" />
    </mem>
    <mem type="tenure" free="5509944" total="6291456" percent="87">
      <mem type="soa" free="5194552" total="5976064" percent="86" />
      <mem type="loa" free="315392" total="315392" percent="100" />
    </mem>
    <remembered-set count="515" />
  </mem-info>
</gc-start>
<allocation-stats totalBytes="1000760" discardedBytes="1232" >
  <allocated-bytes non-tlh="256" tlh="1000504" />
  <largest-consumer threadName="main" threadId="0000000000025A00" bytes="1000760" />
</allocation-stats>
<gc-op id="57" type="scavenge" timems="1.353" contextid="54" timestamp="2025-12-16T21:21:29.182">
  <scavenger-info tenureage="3" tenuremask="fff8" tiltratio="50" />
  <memory-copied type="nursery" objects="1232" bytes="45200" bytesdiscarded="29472" />
  <memory-copied type="tenure" objects="1230" bytes="44448" bytesdiscarded="72" />
  <finalization candidates="38" enqueued="0" />
  <ownableSynchronizers candidates="2" cleared="0" />
  <references type="soft" candidates="18" cleared="0" enqueued="0" dynamicThreshold="32" maxThreshold="32" />
  <references type="weak" candidates="20" cleared="0" enqueued="0" />
  <references type="phantom" candidates="1" cleared="0" enqueued="0" />
  <object-monitors candidates="1" cleared="0"  />
</gc-op>
<gc-end id="58" type="scavenge" contextid="54" durationms="3.130" usertimems="1.301" systemtimems="1.142" stalltimems="1.965" timestamp="2025-12-16T21:21:29.183" activeThreads="3">
  <mem-info id="59" free="6548976" total="8650752" percent="75">
    <mem type="nursery" free="1104904" total="2359296" percent="46">
      <mem type="allocate" free="1104904" total="1179648" percent="93" />
      <mem type="survivor" free="0" total="1179648" percent="0" />
    </mem>
    <mem type="tenure" free="5444072" total="6291456" percent="86">
      <mem type="soa" free="5128680" total="5976064" percent="85" />
      <mem type="loa" free="315392" total="315392" percent="100" />
    </mem>
    <remembered-set count="337" />
  </mem-info>
</gc-end>
<cycle-end id="60" type="scavenge" contextid="54" timestamp="2025-12-16T21:21:29.183" />
<allocation-satisfied id="61" threadId="0000000000025A00" bytesRequested="104" />
<af-end id="62" timestamp="2025-12-16T21:21:29.185" threadId="0000000000026478" success="true" from="nursery"/>
<exclusive-end id="63" timestamp="2025-12-16T21:21:29.185" durationms="7.776" />

<exclusive-start id="64" timestamp="2025-12-16T21:21:29.329" intervalms="151.065">
  <response-info timems="0.331" idlems="0.275" threads="1" lastid="0000000000029600" lastname="JIT Compilation Thread-000" />
</exclusive-start>
<af-start id="65" threadId="0000000000026478" totalBytesRequested="482208" timestamp="2025-12-16T21:21:29.329" intervalms="150.928" type="nursery" />
<cycle-start id="66" type="scavenge" contextid="0" timestamp="2025-12-16T21:21:29.330" intervalms="150.790" />
<gc-start id="67" type="scavenge" contextid="66" timestamp="2025-12-16T21:21:29.330">
  <mem-info id="68" free="5663456" total="8650752" percent="65">
    <mem type="nursery" free="281504" total="2359296" percent="11">
      <mem type="allocate" free="281504" total="1179648" percent="23" />
      <mem type="survivor" free="0" total="1179648" percent="0" />
    </mem>
    <mem type="tenure" free="5381952" total="6291456" percent="85">
      <mem type="soa" free="5066560" total="5976064" percent="84" />
      <mem type="loa" free="315392" total="315392" percent="100" />
    </mem>
    <remembered-set count="1373" />
  </mem-info>
</gc-start>
<allocation-stats totalBytes="885040" discardedBytes="480" >
  <allocated-bytes non-tlh="62224" tlh="822816" />
  <largest-consumer threadName="main" threadId="0000000000025A00" bytes="885040" />
</allocation-stats>
<gc-op id="69" type="scavenge" timems="1.738" contextid="66" timestamp="2025-12-16T21:21:29.333">
  <scavenger-info tenureage="3" tenuremask="ffe8" tiltratio="50" />
  <memory-copied type="nursery" objects="7216" bytes="331608" bytesdiscarded="35152" />
  <memory-copied type="tenure" objects="468" bytes="16632" bytesdiscarded="0" />
  <finalization candidates="95" enqueued="46" />
  <ownableSynchronizers candidates="2" cleared="0" />
  <references type="soft" candidates="77" cleared="0" enqueued="0" dynamicThreshold="32" maxThreshold="32" />
  <references type="weak" candidates="88" cleared="34" enqueued="34" />
  <references type="phantom" candidates="12" cleared="7" enqueued="7" />
  <object-monitors candidates="1" cleared="0"  />
</gc-op>
<gc-end id="70" type="scavenge" contextid="66" durationms="3.238" usertimems="2.771" systemtimems="0.000" stalltimems="0.864" timestamp="2025-12-16T21:21:29.334" activeThreads="2">
  <mem-info id="71" free="6194504" total="8650752" percent="71">
    <mem type="nursery" free="812552" total="2359296" percent="34">
      <mem type="allocate" free="812552" total="1179648" percent="68" />
      <mem type="survivor" free="0" total="1179648" percent="0" />
    </mem>
    <mem type="tenure" free="5381952" total="6291456" percent="85">
      <mem type="soa" free="5066560" total="5976064" percent="84" />
      <mem type="loa" free="315392" total="315392" percent="100" />
    </mem>
    <pending-finalizers system="46" default="0" reference="41" classloader="0" />
    <remembered-set count="1194" />
  </mem-info>
</gc-end>
<cycle-end id="72" type="scavenge" contextid="66" timestamp="2025-12-16T21:21:29.334" />
<allocation-satisfied id="73" threadId="0000000000025A00" bytesRequested="482208" />
<af-end id="74" timestamp="2025-12-16T21:21:29.335" threadId="0000000000026478" success="true" from="nursery"/>
<exclusive-end id="75" timestamp="2025-12-16T21:21:29.336" durationms="7.104" />

<exclusive-start id="76" timestamp="2025-12-16T21:21:29.346" intervalms="17.148">
  <response-info timems="0.035" idlems="0.035" threads="0" lastid="0000000000025A00" lastname="main" />
</exclusive-start>
<af-start id="77" threadId="0000000000026478" totalBytesRequested="16392" timestamp="2025-12-16T21:21:29.346" intervalms="17.156" type="nursery" />
<cycle-start id="78" type="scavenge" contextid="0" timestamp="2025-12-16T21:21:29.347" intervalms="17.178" />
<gc-start id="79" type="scavenge" contextid="78" timestamp="2025-12-16T21:21:29.348">
  <mem-info id="80" free="5329880" total="8650752" percent="61">
    <mem type="nursery" free="0" total="2359296" percent="0">
      <mem type="allocate" free="0" total="1179648" percent="0" />
      <mem type="survivor" free="0" total="1179648" percent="0" />
    </mem>
    <mem type="tenure" free="5329880" total="6291456" percent="84">
      <mem type="soa" free="5014488" total="5976064" percent="83" />
      <mem type="loa" free="315392" total="315392" percent="100" />
    </mem>
    <remembered-set count="2158" />
  </mem-info>
</gc-start>
<allocation-stats totalBytes="846656" discardedBytes="17968" >
  <allocated-bytes non-tlh="598008" tlh="248648" />
  <largest-consumer threadName="main" threadId="0000000000025A00" bytes="846656" />
</allocation-stats>
<gc-op id="81" type="scavenge" timems="1.149" contextid="78" timestamp="2025-12-16T21:21:29.350">
  <scavenger-info tenureage="5" tenuremask="ffe0" tiltratio="50" />
  <memory-copied type="nursery" objects="8054" bytes="936968" bytesdiscarded="27704" />
  <finalization candidates="55" enqueued="4" />
  <ownableSynchronizers candidates="2" cleared="0" />
  <references type="soft" candidates="88" cleared="0" enqueued="0" dynamicThreshold="32" maxThreshold="32" />
  <references type="weak" candidates="59" cleared="1" enqueued="1" />
  <references type="phantom" candidates="9" cleared="1" enqueued="1" />
  <object-monitors candidates="1" cleared="0"  />
</gc-op>
<heap-resize id="82" type="expand" space="nursery" amount="262144" count="1" timems="0.037" reason="excessive time being spent scavenging" timestamp="2025-12-16T21:21:29.350" />
<gc-end id="83" type="scavenge" contextid="78" durationms="3.305" usertimems="2.383" systemtimems="0.000" stalltimems="0.357" timestamp="2025-12-16T21:21:29.351" activeThreads="2">
  <mem-info id="84" free="5675648" total="8912896" percent="63">
    <mem type="nursery" free="345768" total="2621440" percent="13">
      <mem type="allocate" free="345768" total="1310720" percent="26" />
      <mem type="survivor" free="0" total="1310720" percent="0" />
    </mem>
    <mem type="tenure" free="5329880" total="6291456" percent="84">
      <mem type="soa" free="5014488" total="5976064" percent="83" />
      <mem type="loa" free="315392" total="315392" percent="100" />
    </mem>
    <pending-finalizers system="4" default="0" reference="2" classloader="0" />
    <remembered-set count="2151" />
  </mem-info>
</gc-end>
<cycle-end id="85" type="scavenge" contextid="78" timestamp="2025-12-16T21:21:29.352" />
<allocation-satisfied id="86" threadId="0000000000025A00" bytesRequested="16392" />
<af-end id="87" timestamp="2025-12-16T21:21:29.353" threadId="0000000000026478" success="true" from="nursery"/>
<exclusive-end id="88" timestamp="2025-12-16T21:21:29.353" durationms="7.478" />

<exclusive-start id="89" timestamp="2025-12-16T21:21:29.441" intervalms="95.643">
  <response-info timems="0.039" idlems="0.039" threads="0" lastid="0000000000025A00" lastname="main" />
</exclusive-start>
<af-start id="90" threadId="0000000000026478" totalBytesRequested="48" timestamp="2025-12-16T21:21:29.442" intervalms="95.731" type="nursery" />
<cycle-start id="91" type="scavenge" contextid="0" timestamp="2025-12-16T21:21:29.443" intervalms="95.730" />
<gc-start id="92" type="scavenge" contextid="91" timestamp="2025-12-16T21:21:29.443">
  <mem-info id="93" free="5327816" total="8912896" percent="59">
    <mem type="nursery" free="0" total="2621440" percent="0">
      <mem type="allocate" free="0" total="1310720" percent="0" />
      <mem type="survivor" free="0" total="1310720" percent="0" />
    </mem>
    <mem type="tenure" free="5327816" total="6291456" percent="84">
      <mem type="soa" free="5012424" total="5976064" percent="83" />
      <mem type="loa" free="315392" total="315392" percent="100" />
    </mem>
    <remembered-set count="2189" />
  </mem-info>
</gc-start>
<allocation-stats totalBytes="347672" discardedBytes="160" >
  <allocated-bytes non-tlh="18456" tlh="329216" />
  <largest-consumer threadName="main" threadId="0000000000025A00" bytes="347672" />
</allocation-stats>
<gc-op id="94" type="scavenge" timems="1.398" contextid="91" timestamp="2025-12-16T21:21:29.446">
  <scavenger-info tenureage="3" tenuremask="fff8" tiltratio="50" />
  <memory-copied type="nursery" objects="10217" bytes="1032328" bytesdiscarded="46920" />
  <memory-copied type="tenure" objects="439" bytes="14896" bytesdiscarded="48" />
  <finalization candidates="51" enqueued="0" />
  <ownableSynchronizers candidates="2" cleared="0" />
  <references type="soft" candidates="72" cleared="0" enqueued="0" dynamicThreshold="32" maxThreshold="32" />
  <references type="weak" candidates="55" cleared="16" enqueued="16" />
  <references type="phantom" candidates="6" cleared="0" enqueued="0" />
  <object-monitors candidates="1" cleared="0"  />
</gc-op>
<gc-end id="95" type="scavenge" contextid="91" durationms="3.297" usertimems="1.661" systemtimems="1.298" stalltimems="0.474" timestamp="2025-12-16T21:21:29.447" activeThreads="2">
  <mem-info id="96" free="5523736" total="8912896" percent="61">
    <mem type="nursery" free="231248" total="2621440" percent="8">
      <mem type="allocate" free="231248" total="1310720" percent="17" />
      <mem type="survivor" free="0" total="1310720" percent="0" />
    </mem>
    <mem type="tenure" free="5292488" total="6291456" percent="84">
      <mem type="soa" free="4977096" total="5976064" percent="83" />
      <mem type="loa" free="315392" total="315392" percent="100" />
    </mem>
    <pending-finalizers system="0" default="0" reference="16" classloader="0" />
    <remembered-set count="1196" />
  </mem-info>
</gc-end>
<cycle-end id="97" type="scavenge" contextid="91" timestamp="2025-12-16T21:21:29.447" />
<allocation-satisfied id="98" threadId="0000000000025A00" bytesRequested="48" />
<af-end id="99" timestamp="2025-12-16T21:21:29.448" threadId="0000000000026478" success="true" from="nursery"/>
<exclusive-end id="100" timestamp="2025-12-16T21:21:29.449" durationms="7.527" />

<exclusive-start id="101" timestamp="2025-12-16T21:21:29.450" intervalms="8.440">
  <response-info timems="0.029" idlems="0.029" threads="0" lastid="0000000000025A00" lastname="main" />
</exclusive-start>
<af-start id="102" threadId="0000000000026478" totalBytesRequested="24" timestamp="2025-12-16T21:21:29.450" intervalms="8.363" type="nursery" />
<cycle-start id="103" type="scavenge" contextid="0" timestamp="2025-12-16T21:21:29.451" intervalms="8.233" />
<gc-start id="104" type="scavenge" contextid="103" timestamp="2025-12-16T21:21:29.452">
  <mem-info id="105" free="5292488" total="8912896" percent="59">
    <mem type="nursery" free="0" total="2621440" percent="0">
      <mem type="allocate" free="0" total="1310720" percent="0" />
      <mem type="survivor" free="0" total="1310720" percent="0" />
    </mem>
    <mem type="tenure" free="5292488" total="6291456" percent="84">
      <mem type="soa" free="4977096" total="5976064" percent="83" />
      <mem type="loa" free="315392" total="315392" percent="100" />
    </mem>
    <remembered-set count="1196" />
  </mem-info>
</gc-start>
<allocation-stats totalBytes="231056" discardedBytes="192" >
  <allocated-bytes non-tlh="48" tlh="231008" />
  <largest-consumer threadName="main" threadId="0000000000025A00" bytes="231056" />
</allocation-stats>
<gc-op id="106" type="scavenge" timems="1.491" contextid="103" timestamp="2025-12-16T21:21:29.454">
  <scavenger-info tenureage="3" tenuremask="fff8" tiltratio="50" />
  <memory-copied type="nursery" objects="6246" bytes="854688" bytesdiscarded="62608" />
  <memory-copied type="tenure" objects="6196" bytes="270816" bytesdiscarded="904" />
  <finalization candidates="34" enqueued="0" />
  <references type="soft" candidates="11" cleared="0" enqueued="0" dynamicThreshold="32" maxThreshold="32" />
  <references type="weak" candidates="4" cleared="0" enqueued="0" />
  <references type="phantom" candidates="4" cleared="0" enqueued="0" />
  <object-monitors candidates="1" cleared="0"  />
</gc-op>
<heap-resize id="107" type="expand" space="nursery" amount="524288" count="1" timems="0.040" reason="excessive time being spent scavenging" timestamp="2025-12-16T21:21:29.455" />
<gc-end id="108" type="scavenge" contextid="103" durationms="3.737" usertimems="0.000" systemtimems="2.912" stalltimems="0.484" timestamp="2025-12-16T21:21:29.455" activeThreads="2">
  <mem-info id="109" free="5660288" total="9437184" percent="59">
    <mem type="nursery" free="655536" total="3145728" percent="20">
      <mem type="allocate" free="655536" total="1572864" percent="41" />
      <mem type="survivor" free="0" total="1572864" percent="0" />
    </mem>
    <mem type="tenure" free="5004752" total="6291456" percent="79">
      <mem type="soa" free="4689360" total="5976064" percent="78" />
      <mem type="loa" free="315392" total="315392" percent="100" />
    </mem>
    <remembered-set count="176" />
  </mem-info>
</gc-end>
<cycle-end id="110" type="scavenge" contextid="103" timestamp="2025-12-16T21:21:29.456" />
<allocation-satisfied id="111" threadId="0000000000025A00" bytesRequested="24" />
<af-end id="112" timestamp="2025-12-16T21:21:29.457" threadId="0000000000026478" success="true" from="nursery"/>
<exclusive-end id="113" timestamp="2025-12-16T21:21:29.458" durationms="7.970" />

<exclusive-start id="114" timestamp="2025-12-16T21:21:29.493" intervalms="42.933">
  <response-info timems="0.035" idlems="0.035" threads="0" lastid="0000000000025A00" lastname="main" />
</exclusive-start>
<af-start id="115" threadId="0000000000026478" totalBytesRequested="93744" timestamp="2025-12-16T21:21:29.493" intervalms="42.976" type="nursery" />
<cycle-start id="116" type="scavenge" contextid="0" timestamp="2025-12-16T21:21:29.494" intervalms="42.995" />
<gc-start id="117" type="scavenge" contextid="116" timestamp="2025-12-16T21:21:29.495">
  <mem-info id="118" free="5049496" total="9437184" percent="53">
    <mem type="nursery" free="49328" total="3145728" percent="1">
      <mem type="allocate" free="49328" total="1572864" percent="3" />
      <mem type="survivor" free="0" total="1572864" percent="0" />
    </mem>
    <mem type="tenure" free="5000168" total="6291456" percent="79">
      <mem type="soa" free="4684776" total="5976064" percent="78" />
      <mem type="loa" free="315392" total="315392" percent="100" />
    </mem>
    <remembered-set count="246" />
  </mem-info>
</gc-start>
<allocation-stats totalBytes="610608" discardedBytes="184" >
  <allocated-bytes non-tlh="4608" tlh="606000" />
  <largest-consumer threadName="main" threadId="0000000000025A00" bytes="610608" />
</allocation-stats>
<gc-op id="119" type="scavenge" timems="1.279" contextid="116" timestamp="2025-12-16T21:21:29.497">
  <scavenger-info tenureage="2" tenuremask="fffc" tiltratio="50" />
  <memory-copied type="nursery" objects="7945" bytes="315552" bytesdiscarded="47960" />
  <memory-copied type="tenure" objects="1551" bytes="650064" bytesdiscarded="0" />
  <finalization candidates="3" enqueued="0" />
  <references type="soft" candidates="2" cleared="0" enqueued="0" dynamicThreshold="32" maxThreshold="32" />
  <references type="weak" candidates="26" cleared="26" enqueued="26" />
  <references type="phantom" candidates="3" cleared="0" enqueued="0" />
  <object-monitors candidates="1" cleared="0"  />
</gc-op>
<gc-end id="120" type="scavenge" contextid="116" durationms="3.201" usertimems="2.380" systemtimems="0.000" stalltimems="0.405" timestamp="2025-12-16T21:21:29.498" activeThreads="2">
  <mem-info id="121" free="5741720" total="9437184" percent="60">
    <mem type="nursery" free="1405944" total="3145728" percent="44">
      <mem type="allocate" free="1405944" total="1769472" percent="79" />
      <mem type="survivor" free="0" total="1376256" percent="0" />
    </mem>
    <mem type="tenure" free="4335776" total="6291456" percent="68">
      <mem type="soa" free="4020384" total="5976064" percent="67" />
      <mem type="loa" free="315392" total="315392" percent="100" />
    </mem>
    <pending-finalizers system="0" default="0" reference="26" classloader="0" />
    <remembered-set count="171" />
  </mem-info>
</gc-end>
<cycle-end id="122" type="scavenge" contextid="116" timestamp="2025-12-16T21:21:29.498" />
<allocation-satisfied id="123" threadId="0000000000025A00" bytesRequested="93744" />
<af-end id="124" timestamp="2025-12-16T21:21:29.500" threadId="0000000000026478" success="true" from="nursery"/>
<exclusive-end id="125" timestamp="2025-12-16T21:21:29.500" durationms="7.329" />

<exclusive-start id="126" timestamp="2025-12-16T21:21:29.625" intervalms="132.265">
  <response-info timems="0.037" idlems="0.037" threads="0" lastid="0000000000025A00" lastname="main" />
</exclusive-start>
<af-start id="127" threadId="0000000000026478" totalBytesRequested="104" timestamp="2025-12-16T21:21:29.626" intervalms="132.493" type="nursery" />
<cycle-start id="128" type="scavenge" contextid="0" timestamp="2025-12-16T21:21:29.627" intervalms="132.693" />
<gc-start id="129" type="scavenge" contextid="128" timestamp="2025-12-16T21:21:29.627">
  <mem-info id="130" free="4267016" total="9437184" percent="45">
    <mem type="nursery" free="0" total="3145728" percent="0">
      <mem type="allocate" free="0" total="1769472" percent="0" />
      <mem type="survivor" free="0" total="1376256" percent="0" />
    </mem>
    <mem type="tenure" free="4267016" total="6291456" percent="67">
      <mem type="soa" free="3951624" total="5976064" percent="66" />
      <mem type="loa" free="315392" total="315392" percent="100" />
    </mem>
    <remembered-set count="1022" />
  </mem-info>
</gc-start>
<allocation-stats totalBytes="1473728" discardedBytes="976" >
  <allocated-bytes non-tlh="256248" tlh="1217480" />
  <largest-consumer threadName="main" threadId="0000000000025A00" bytes="1473728" />
</allocation-stats>
<gc-op id="131" type="scavenge" timems="1.205" contextid="128" timestamp="2025-12-16T21:21:29.629">
  <scavenger-info tenureage="2" tenuremask="fffc" tiltratio="56" />
  <memory-copied type="nursery" objects="7527" bytes="358048" bytesdiscarded="37168" />
  <memory-copied type="tenure" objects="2279" bytes="94896" bytesdiscarded="64" />
  <finalization candidates="46" enqueued="30" />
  <ownableSynchronizers candidates="1" cleared="0" />
  <references type="soft" candidates="21" cleared="0" enqueued="0" dynamicThreshold="32" maxThreshold="32" />
  <references type="weak" candidates="83" cleared="62" enqueued="62" />
  <references type="phantom" candidates="8" cleared="5" enqueued="5" />
  <object-monitors candidates="1" cleared="0"  />
</gc-op>
<gc-end id="132" type="scavenge" contextid="128" durationms="2.686" usertimems="1.961" systemtimems="0.000" stalltimems="0.507" timestamp="2025-12-16T21:21:29.630" activeThreads="2">
  <mem-info id="133" free="5678880" total="9437184" percent="60">
    <mem type="nursery" free="1504792" total="3145728" percent="47">
      <mem type="allocate" free="1504792" total="1900544" percent="79" />
      <mem type="survivor" free="0" total="1245184" percent="0" />
    </mem>
    <mem type="tenure" free="4174088" total="6291456" percent="66">
      <mem type="soa" free="3858696" total="5976064" percent="64" />
      <mem type="loa" free="315392" total="315392" percent="100" />
    </mem>
    <pending-finalizers system="30" default="0" reference="67" classloader="0" />
    <remembered-set count="1010" />
  </mem-info>
</gc-end>
<cycle-end id="134" type="scavenge" contextid="128" timestamp="2025-12-16T21:21:29.631" />
<allocation-satisfied id="135" threadId="0000000000025A00" bytesRequested="104" />
<af-end id="136" timestamp="2025-12-16T21:21:29.632" threadId="0000000000026478" success="true" from="nursery"/>
<exclusive-end id="137" timestamp="2025-12-16T21:21:29.632" durationms="6.990" />

<exclusive-start id="138" timestamp="2025-12-16T21:21:29.695" intervalms="69.879">
  <response-info timems="0.033" idlems="0.033" threads="0" lastid="0000000000025A00" lastname="main" />
</exclusive-start>
<af-start id="139" threadId="0000000000026478" totalBytesRequested="32" timestamp="2025-12-16T21:21:29.696" intervalms="69.612" type="nursery" />
<cycle-start id="140" type="scavenge" contextid="0" timestamp="2025-12-16T21:21:29.696" intervalms="69.447" />
<gc-start id="141" type="scavenge" contextid="140" timestamp="2025-12-16T21:21:29.697">
  <mem-info id="142" free="4085048" total="9437184" percent="43">
    <mem type="nursery" free="0" total="3145728" percent="0">
      <mem type="allocate" free="0" total="1900544" percent="0" />
      <mem type="survivor" free="0" total="1245184" percent="0" />
    </mem>
    <mem type="tenure" free="4085048" total="6291456" percent="64">
      <mem type="soa" free="3769656" total="5976064" percent="63" />
      <mem type="loa" free="315392" total="315392" percent="100" />
    </mem>
    <remembered-set count="2301" />
  </mem-info>
</gc-start>
<allocation-stats totalBytes="1592800" discardedBytes="1032" >
  <allocated-bytes non-tlh="89144" tlh="1503656" />
  <largest-consumer threadName="main" threadId="0000000000025A00" bytes="1592800" />
</allocation-stats>
<gc-op id="143" type="scavenge" timems="2.976" contextid="140" timestamp="2025-12-16T21:21:29.701">
  <scavenger-info tenureage="2" tenuremask="fffc" tiltratio="60" />
  <memory-copied type="nursery" objects="8245" bytes="428336" bytesdiscarded="50416" />
  <memory-copied type="tenure" objects="5530" bytes="191408" bytesdiscarded="112" />
  <finalization candidates="326" enqueued="200" />
  <ownableSynchronizers candidates="5" cleared="0" />
  <references type="soft" candidates="444" cleared="0" enqueued="0" dynamicThreshold="32" maxThreshold="32" />
  <references type="weak" candidates="348" cleared="201" enqueued="201" />
  <references type="phantom" candidates="29" cleared="17" enqueued="17" />
  <object-monitors candidates="4" cleared="0"  />
</gc-op>
<heap-resize id="144" type="expand" space="nursery" amount="262144" count="1" timems="0.034" reason="excessive time being spent scavenging" timestamp="2025-12-16T21:21:29.702" />
<gc-end id="145" type="scavenge" contextid="140" durationms="5.775" usertimems="2.317" systemtimems="2.996" stalltimems="0.603" timestamp="2025-12-16T21:21:29.702" activeThreads="2">
  <mem-info id="146" free="5556960" total="9699328" percent="57">
    <mem type="nursery" free="1682864" total="3407872" percent="49">
      <mem type="allocate" free="1682864" total="2162688" percent="77" />
      <mem type="survivor" free="0" total="1245184" percent="0" />
    </mem>
    <mem type="tenure" free="3874096" total="6291456" percent="61">
      <mem type="soa" free="3558704" total="5976064" percent="59" />
      <mem type="loa" free="315392" total="315392" percent="100" />
    </mem>
    <pending-finalizers system="200" default="0" reference="218" classloader="0" />
    <remembered-set count="2223" />
  </mem-info>
</gc-end>
<cycle-end id="147" type="scavenge" contextid="140" timestamp="2025-12-16T21:21:29.703" />
<allocation-satisfied id="148" threadId="0000000000025A00" bytesRequested="32" />
<af-end id="149" timestamp="2025-12-16T21:21:29.704" threadId="0000000000026478" success="true" from="nursery"/>
<exclusive-end id="150" timestamp="2025-12-16T21:21:29.705" durationms="9.914" />

<exclusive-start id="151" timestamp="2025-12-16T21:21:29.769" intervalms="73.993">
  <response-info timems="0.037" idlems="0.037" threads="0" lastid="0000000000025A00" lastname="main" />
</exclusive-start>
<af-start id="152" threadId="0000000000026478" totalBytesRequested="24" timestamp="2025-12-16T21:21:29.770" intervalms="74.193" type="nursery" />
<cycle-start id="153" type="scavenge" contextid="0" timestamp="2025-12-16T21:21:29.770" intervalms="74.333" />
<gc-start id="154" type="scavenge" contextid="153" timestamp="2025-12-16T21:21:29.771">
  <mem-info id="155" free="3731880" total="9699328" percent="38">
    <mem type="nursery" free="0" total="3407872" percent="0">
      <mem type="allocate" free="0" total="2162688" percent="0" />
      <mem type="survivor" free="0" total="1245184" percent="0" />
    </mem>
    <mem type="tenure" free="3731880" total="6291456" percent="59">
      <mem type="soa" free="3416488" total="5976064" percent="57" />
      <mem type="loa" free="315392" total="315392" percent="100" />
    </mem>
    <remembered-set count="4254" />
  </mem-info>
</gc-start>
<allocation-stats totalBytes="1824352" discardedBytes="728" >
  <allocated-bytes non-tlh="142248" tlh="1682104" />
  <largest-consumer threadName="main" threadId="0000000000025A00" bytes="1820256" />
</allocation-stats>
<gc-op id="156" type="scavenge" timems="2.984" contextid="153" timestamp="2025-12-16T21:21:29.776">
  <scavenger-info tenureage="2" tenuremask="7ffc" tiltratio="63" />
  <memory-copied type="nursery" objects="22555" bytes="864896" bytesdiscarded="37816" />
  <memory-copied type="tenure" objects="1676" bytes="155536" bytesdiscarded="16" />
  <finalization candidates="288" enqueued="110" />
  <ownableSynchronizers candidates="9" cleared="0" />
  <references type="soft" candidates="2875" cleared="0" enqueued="0" dynamicThreshold="32" maxThreshold="32" />
  <references type="weak" candidates="394" cleared="179" enqueued="179" />
  <references type="phantom" candidates="35" cleared="24" enqueued="24" />
  <object-monitors candidates="5" cleared="0"  />
</gc-op>
<gc-end id="157" type="scavenge" contextid="153" durationms="5.070" usertimems="3.551" systemtimems="1.882" stalltimems="0.712" timestamp="2025-12-16T21:21:29.776" activeThreads="2">
  <mem-info id="158" free="4550592" total="9699328" percent="46">
    <mem type="nursery" free="996936" total="3407872" percent="29">
      <mem type="allocate" free="996936" total="1900544" percent="52" />
      <mem type="survivor" free="0" total="1507328" percent="0" />
    </mem>
    <mem type="tenure" free="3553656" total="6291456" percent="56">
      <mem type="soa" free="3238264" total="5976064" percent="54" />
      <mem type="loa" free="315392" total="315392" percent="100" />
    </mem>
    <pending-finalizers system="110" default="0" reference="203" classloader="0" />
    <remembered-set count="3441" />
  </mem-info>
</gc-end>
<cycle-end id="159" type="scavenge" contextid="153" timestamp="2025-12-16T21:21:29.777" />
<allocation-satisfied id="160" threadId="0000000000025A00" bytesRequested="24" />
<af-end id="161" timestamp="2025-12-16T21:21:29.778" threadId="0000000000026478" success="true" from="nursery"/>
<exclusive-end id="162" timestamp="2025-12-16T21:21:29.779" durationms="9.667" />

<exclusive-start id="163" timestamp="2025-12-16T21:21:29.834" intervalms="64.673">
  <response-info timems="0.040" idlems="0.040" threads="0" lastid="0000000000025A00" lastname="main" />
</exclusive-start>
<af-start id="164" threadId="0000000000026478" totalBytesRequested="24" timestamp="2025-12-16T21:21:29.834" intervalms="64.489" type="nursery" />
<cycle-start id="165" type="scavenge" contextid="0" timestamp="2025-12-16T21:21:29.835" intervalms="64.443" />
<gc-start id="166" type="scavenge" contextid="165" timestamp="2025-12-16T21:21:29.836">
  <mem-info id="167" free="3499168" total="9699328" percent="36">
    <mem type="nursery" free="0" total="3407872" percent="0">
      <mem type="allocate" free="0" total="1900544" percent="0" />
      <mem type="survivor" free="0" total="1507328" percent="0" />
    </mem>
    <mem type="tenure" free="3499168" total="6291456" percent="55">
      <mem type="soa" free="3183776" total="5976064" percent="53" />
      <mem type="loa" free="315392" total="315392" percent="100" />
    </mem>
    <remembered-set count="4229" />
  </mem-info>
</gc-start>
<allocation-stats totalBytes="1050216" discardedBytes="1208" >
  <allocated-bytes non-tlh="54512" tlh="995704" />
  <largest-consumer threadName="main" threadId="0000000000025A00" bytes="1050216" />
</allocation-stats>
<gc-op id="168" type="scavenge" timems="3.024" contextid="165" timestamp="2025-12-16T21:21:29.840">
  <scavenger-info tenureage="1" tenuremask="7ffe" tiltratio="55" />
  <memory-copied type="nursery" objects="4512" bytes="163088" bytesdiscarded="12808" />
  <memory-copied type="tenure" objects="21712" bytes="831120" bytesdiscarded="2280" />
  <finalization candidates="203" enqueued="24" />
  <ownableSynchronizers candidates="10" cleared="0" />
  <references type="soft" candidates="622" cleared="0" enqueued="0" dynamicThreshold="32" maxThreshold="32" />
  <references type="weak" candidates="179" cleared="159" enqueued="158" />
  <references type="phantom" candidates="10" cleared="9" enqueued="9" />
  <object-monitors candidates="5" cleared="0"  />
</gc-op>
<heap-resize id="169" type="expand" space="nursery" amount="262144" count="1" timems="0.033" reason="excessive time being spent scavenging" timestamp="2025-12-16T21:21:29.840" />
<gc-end id="170" type="scavenge" contextid="165" durationms="5.419" usertimems="4.276" systemtimems="2.160" stalltimems="0.353" timestamp="2025-12-16T21:21:29.841" activeThreads="2">
  <mem-info id="171" free="4575904" total="9961472" percent="45">
    <mem type="nursery" free="1921016" total="3670016" percent="52">
      <mem type="allocate" free="1921016" total="2097152" percent="91" />
      <mem type="survivor" free="0" total="1572864" percent="0" />
    </mem>
    <mem type="tenure" free="2654888" total="6291456" percent="42">
      <mem type="soa" free="2339496" total="5976064" percent="39" />
      <mem type="loa" free="315392" total="315392" percent="100" />
    </mem>
    <pending-finalizers system="24" default="0" reference="167" classloader="0" />
    <remembered-set count="3010" />
  </mem-info>
</gc-end>
<cycle-end id="172" type="scavenge" contextid="165" timestamp="2025-12-16T21:21:29.842" />
<allocation-satisfied id="173" threadId="0000000000025A00" bytesRequested="24" />
<af-end id="174" timestamp="2025-12-16T21:21:29.843" threadId="0000000000026478" success="true" from="nursery"/>
<exclusive-end id="175" timestamp="2025-12-16T21:21:29.843" durationms="9.585" />

<exclusive-start id="176" timestamp="2025-12-16T21:21:29.903" intervalms="69.479">
  <response-info timems="0.052" idlems="0.052" threads="0" lastid="0000000000025A00" lastname="main" />
</exclusive-start>
<af-start id="177" threadId="0000000000026478" totalBytesRequested="24" timestamp="2025-12-16T21:21:29.904" intervalms="69.612" type="nursery" />
<cycle-start id="178" type="scavenge" contextid="0" timestamp="2025-12-16T21:21:29.905" intervalms="69.738" />
<gc-start id="179" type="scavenge" contextid="178" timestamp="2025-12-16T21:21:29.905">
  <mem-info id="180" free="2579752" total="9961472" percent="25">
    <mem type="nursery" free="0" total="3670016" percent="0">
      <mem type="allocate" free="0" total="2097152" percent="0" />
      <mem type="survivor" free="0" total="1572864" percent="0" />
    </mem>
    <mem type="tenure" free="2579752" total="6291456" percent="41">
      <mem type="soa" free="2264360" total="5976064" percent="37" />
      <mem type="loa" free="315392" total="315392" percent="100" />
    </mem>
    <remembered-set count="3967" />
  </mem-info>
</gc-start>
<allocation-stats totalBytes="1995024" discardedBytes="1128" >
  <allocated-bytes non-tlh="75160" tlh="1919864" />
  <largest-consumer threadName="main" threadId="0000000000025A00" bytes="1995024" />
</allocation-stats>
<gc-op id="181" type="scavenge" timems="3.078" contextid="178" timestamp="2025-12-16T21:21:29.910">
  <scavenger-info tenureage="2" tenuremask="7ffc" tiltratio="57" />
  <memory-copied type="nursery" objects="15278" bytes="482112" bytesdiscarded="31544" />
  <finalization candidates="118" enqueued="66" />
  <ownableSynchronizers candidates="14" cleared="3" />
  <references type="soft" candidates="651" cleared="0" enqueued="0" dynamicThreshold="32" maxThreshold="32" />
  <references type="weak" candidates="394" cleared="328" enqueued="328" />
  <references type="phantom" candidates="11" cleared="8" enqueued="8" />
  <object-monitors candidates="5" cleared="0"  />
</gc-op>
<gc-end id="182" type="scavenge" contextid="178" durationms="5.468" usertimems="2.896" systemtimems="2.625" stalltimems="0.988" timestamp="2025-12-16T21:21:29.911" activeThreads="2">
  <mem-info id="183" free="4359456" total="9961472" percent="43">
    <mem type="nursery" free="1779704" total="3670016" percent="48">
      <mem type="allocate" free="1779704" total="2293760" percent="77" />
      <mem type="survivor" free="0" total="1376256" percent="0" />
    </mem>
    <mem type="tenure" free="2579752" total="6291456" percent="41">
      <mem type="soa" free="2264360" total="5976064" percent="37" />
      <mem type="loa" free="315392" total="315392" percent="100" />
    </mem>
    <pending-finalizers system="66" default="0" reference="336" classloader="0" />
    <remembered-set count="1969" />
  </mem-info>
</gc-end>
<cycle-end id="184" type="scavenge" contextid="178" timestamp="2025-12-16T21:21:29.911" />
<allocation-satisfied id="185" threadId="0000000000025A00" bytesRequested="24" />
<af-end id="186" timestamp="2025-12-16T21:21:29.913" threadId="0000000000026478" success="true" from="nursery"/>
<exclusive-end id="187" timestamp="2025-12-16T21:21:29.913" durationms="10.036" />

<exclusive-start id="188" timestamp="2025-12-16T21:21:29.970" intervalms="67.298">
  <response-info timems="0.039" idlems="0.039" threads="0" lastid="0000000000025A00" lastname="main" />
</exclusive-start>
<af-start id="189" threadId="0000000000026478" totalBytesRequested="24" timestamp="2025-12-16T21:21:29.971" intervalms="67.288" type="nursery" />
<cycle-start id="190" type="scavenge" contextid="0" timestamp="2025-12-16T21:21:29.972" intervalms="67.038" />
<gc-start id="191" type="scavenge" contextid="190" timestamp="2025-12-16T21:21:29.973">
  <mem-info id="192" free="2505256" total="9961472" percent="25">
    <mem type="nursery" free="0" total="3670016" percent="0">
      <mem type="allocate" free="0" total="2293760" percent="0" />
      <mem type="survivor" free="0" total="1376256" percent="0" />
    </mem>
    <mem type="tenure" free="2505256" total="6291456" percent="39">
      <mem type="soa" free="2189864" total="5976064" percent="36" />
      <mem type="loa" free="315392" total="315392" percent="100" />
    </mem>
    <remembered-set count="2976" />
  </mem-info>
</gc-start>
<allocation-stats totalBytes="1851472" discardedBytes="2728" >
  <allocated-bytes non-tlh="113208" tlh="1738264" />
  <largest-consumer threadName="main" threadId="0000000000025A00" bytes="1632448" />
</allocation-stats>
<gc-op id="193" type="scavenge" timems="3.139" contextid="190" timestamp="2025-12-16T21:21:29.977">
  <scavenger-info tenureage="2" tenuremask="7ffc" tiltratio="62" />
  <memory-copied type="nursery" objects="19220" bytes="644488" bytesdiscarded="12328" />
  <memory-copied type="tenure" objects="3751" bytes="133320" bytesdiscarded="32" />
  <finalization candidates="273" enqueued="145" />
  <ownableSynchronizers candidates="22" cleared="0" />
  <references type="soft" candidates="123" cleared="0" enqueued="0" dynamicThreshold="32" maxThreshold="32" />
  <references type="weak" candidates="417" cleared="264" enqueued="264" />
  <references type="phantom" candidates="28" cleared="25" enqueued="25" />
  <object-monitors candidates="5" cleared="0"  />
</gc-op>
<heap-resize id="194" type="expand" space="nursery" amount="262144" count="1" timems="0.036" reason="excessive time being spent scavenging" timestamp="2025-12-16T21:21:29.978" />
<gc-end id="195" type="scavenge" contextid="190" durationms="5.718" usertimems="6.764" systemtimems="0.000" stalltimems="0.441" timestamp="2025-12-16T21:21:29.978" activeThreads="2">
  <mem-info id="196" free="4174632" total="10223616" percent="40">
    <mem type="nursery" free="1832192" total="3932160" percent="46">
      <mem type="allocate" free="1832192" total="2490368" percent="73" />
      <mem type="survivor" free="0" total="1441792" percent="0" />
    </mem>
    <mem type="tenure" free="2342440" total="6291456" percent="37">
      <mem type="soa" free="2027048" total="5976064" percent="33" />
      <mem type="loa" free="315392" total="315392" percent="100" />
    </mem>
    <pending-finalizers system="145" default="0" reference="289" classloader="0" />
    <remembered-set count="2093" />
  </mem-info>
</gc-end>
<cycle-end id="197" type="scavenge" contextid="190" timestamp="2025-12-16T21:21:29.979" />
<allocation-satisfied id="198" threadId="0000000000025A00" bytesRequested="24" />
<af-end id="199" timestamp="2025-12-16T21:21:29.980" threadId="0000000000026478" success="true" from="nursery"/>
<exclusive-end id="200" timestamp="2025-12-16T21:21:29.981" durationms="10.253" />

<exclusive-start id="201" timestamp="2025-12-16T21:21:30.039" intervalms="68.185">
  <response-info timems="0.053" idlems="0.053" threads="0" lastid="0000000000025A00" lastname="main" />
</exclusive-start>
<af-start id="202" threadId="0000000000026478" totalBytesRequested="8200" timestamp="2025-12-16T21:21:30.039" intervalms="68.079" type="nursery" />
<cycle-start id="203" type="scavenge" contextid="0" timestamp="2025-12-16T21:21:30.040" intervalms="67.928" />
<gc-start id="204" type="scavenge" contextid="203" timestamp="2025-12-16T21:21:30.040">
  <mem-info id="205" free="2340680" total="10223616" percent="22">
    <mem type="nursery" free="0" total="3932160" percent="0">
      <mem type="allocate" free="0" total="2490368" percent="0" />
      <mem type="survivor" free="0" total="1441792" percent="0" />
    </mem>
    <mem type="tenure" free="2340680" total="6291456" percent="37">
      <mem type="soa" free="2025288" total="5976064" percent="33" />
      <mem type="loa" free="315392" total="315392" percent="100" />
    </mem>
    <remembered-set count="2132" />
  </mem-info>
</gc-start>
<allocation-stats totalBytes="1812872" discardedBytes="21080" >
  <allocated-bytes non-tlh="331872" tlh="1481000" />
  <largest-consumer threadName="main" threadId="0000000000025A00" bytes="1787848" />
</allocation-stats>
<gc-op id="206" type="scavenge" timems="2.215" contextid="203" timestamp="2025-12-16T21:21:30.043">
  <scavenger-info tenureage="2" tenuremask="7ffc" tiltratio="63" />
  <memory-copied type="nursery" objects="8108" bytes="313384" bytesdiscarded="67624" />
  <memory-copied type="tenure" objects="10492" bytes="314376" bytesdiscarded="80" />
  <finalization candidates="111" enqueued="0" />
  <ownableSynchronizers candidates="20" cleared="0" />
  <references type="soft" candidates="94" cleared="0" enqueued="0" dynamicThreshold="32" maxThreshold="32" />
  <references type="weak" candidates="114" cleared="5" enqueued="5" />
  <references type="phantom" candidates="4" cleared="0" enqueued="0" />
  <object-monitors candidates="5" cleared="0"  />
</gc-op>
<gc-end id="207" type="scavenge" contextid="203" durationms="3.744" usertimems="3.156" systemtimems="1.293" stalltimems="0.505" timestamp="2025-12-16T21:21:30.044" activeThreads="2">
  <mem-info id="208" free="4381256" total="10223616" percent="42">
    <mem type="nursery" free="2370816" total="3932160" percent="60">
      <mem type="allocate" free="2370816" total="2752512" percent="86" />
      <mem type="survivor" free="0" total="1179648" percent="0" />
    </mem>
    <mem type="tenure" free="2010440" total="6291456" percent="31">
      <mem type="soa" free="1695048" total="5976064" percent="28" />
      <mem type="loa" free="315392" total="315392" percent="100" />
    </mem>
    <pending-finalizers system="0" default="0" reference="5" classloader="0" />
    <remembered-set count="1180" />
  </mem-info>
</gc-end>
<cycle-end id="209" type="scavenge" contextid="203" timestamp="2025-12-16T21:21:30.044" />
<allocation-satisfied id="210" threadId="0000000000025A00" bytesRequested="8200" />
<af-end id="211" timestamp="2025-12-16T21:21:30.045" threadId="0000000000026478" success="true" from="nursery"/>
<exclusive-end id="212" timestamp="2025-12-16T21:21:30.046" durationms="7.256" />

<exclusive-start id="213" timestamp="2025-12-16T21:21:30.107" intervalms="68.335">
  <response-info timems="0.041" idlems="0.041" threads="0" lastid="0000000000025A00" lastname="main" />
</exclusive-start>
<af-start id="214" threadId="0000000000026478" totalBytesRequested="265032" timestamp="2025-12-16T21:21:30.107" intervalms="68.258" type="nursery" />
<cycle-start id="215" type="scavenge" contextid="0" timestamp="2025-12-16T21:21:30.108" intervalms="68.353" />
<gc-start id="216" type="scavenge" contextid="215" timestamp="2025-12-16T21:21:30.109">
  <mem-info id="217" free="2010816" total="10223616" percent="19">
    <mem type="nursery" free="848" total="3932160" percent="0">
      <mem type="allocate" free="848" total="2752512" percent="0" />
      <mem type="survivor" free="0" total="1179648" percent="0" />
    </mem>
    <mem type="tenure" free="2009968" total="6291456" percent="31">
      <mem type="soa" free="1694576" total="5976064" percent="28" />
      <mem type="loa" free="315392" total="315392" percent="100" />
    </mem>
    <remembered-set count="1196" />
  </mem-info>
</gc-start>
<allocation-stats totalBytes="2339576" discardedBytes="30864" >
  <allocated-bytes non-tlh="326536" tlh="2013040" />
  <largest-consumer threadName="main" threadId="0000000000025A00" bytes="2339576" />
</allocation-stats>
<gc-op id="218" type="scavenge" timems="1.441" contextid="215" timestamp="2025-12-16T21:21:30.111">
  <scavenger-info tenureage="2" tenuremask="7ffc" tiltratio="70" />
  <memory-copied type="nursery" objects="3231" bytes="133496" bytesdiscarded="13176" />
  <memory-copied type="tenure" objects="5288" bytes="185256" bytesdiscarded="152" />
  <finalization candidates="76" enqueued="0" />
  <ownableSynchronizers candidates="11" cleared="0" />
  <references type="weak" candidates="1" cleared="0" enqueued="0" />
  <references type="phantom" candidates="2" cleared="0" enqueued="0" />
  <object-monitors candidates="5" cleared="0"  />
</gc-op>
<gc-end id="219" type="scavenge" contextid="215" durationms="2.902" usertimems="1.761" systemtimems="0.734" stalltimems="0.438" timestamp="2025-12-16T21:21:30.112" activeThreads="2">
  <mem-info id="220" free="4538472" total="10223616" percent="44">
    <mem type="nursery" free="2736896" total="3932160" percent="69">
      <mem type="allocate" free="2736896" total="2883584" percent="94" />
      <mem type="survivor" free="0" total="1048576" percent="0" />
    </mem>
    <mem type="tenure" free="1801576" total="6291456" percent="28">
      <mem type="soa" free="1486184" total="5976064" percent="24" />
      <mem type="loa" free="315392" total="315392" percent="100" />
    </mem>
    <remembered-set count="174" />
  </mem-info>
</gc-end>
<cycle-end id="221" type="scavenge" contextid="215" timestamp="2025-12-16T21:21:30.112" />
<allocation-satisfied id="222" threadId="0000000000025A00" bytesRequested="265032" />
<af-end id="223" timestamp="2025-12-16T21:21:30.113" threadId="0000000000026478" success="true" from="nursery"/>
<exclusive-end id="224" timestamp="2025-12-16T21:21:30.114" durationms="7.067" />

<exclusive-start id="225" timestamp="2025-12-16T21:21:30.171" intervalms="64.202">
  <response-info timems="0.039" idlems="0.039" threads="0" lastid="0000000000025A00" lastname="main" />
</exclusive-start>
<af-start id="226" threadId="0000000000026478" totalBytesRequested="8200" timestamp="2025-12-16T21:21:30.172" intervalms="64.362" type="nursery" />
<cycle-start id="227" type="scavenge" contextid="0" timestamp="2025-12-16T21:21:30.173" intervalms="64.589" />
<gc-start id="228" type="scavenge" contextid="227" timestamp="2025-12-16T21:21:30.173">
  <mem-info id="229" free="1801344" total="10223616" percent="17">
    <mem type="nursery" free="0" total="3932160" percent="0">
      <mem type="allocate" free="0" total="2883584" percent="0" />
      <mem type="survivor" free="0" total="1048576" percent="0" />
    </mem>
    <mem type="tenure" free="1801344" total="6291456" percent="28">
      <mem type="soa" free="1485952" total="5976064" percent="24" />
      <mem type="loa" free="315392" total="315392" percent="100" />
    </mem>
    <remembered-set count="231" />
  </mem-info>
</gc-start>
<allocation-stats totalBytes="2725400" discardedBytes="11728" >
  <allocated-bytes non-tlh="525424" tlh="2199976" />
  <largest-consumer threadName="main" threadId="0000000000025A00" bytes="2725400" />
</allocation-stats>
<gc-op id="230" type="scavenge" timems="0.966" contextid="227" timestamp="2025-12-16T21:21:30.175">
  <scavenger-info tenureage="3" tenuremask="7ff8" tiltratio="73" />
  <memory-copied type="nursery" objects="3713" bytes="154696" bytesdiscarded="18816" />
  <references type="weak" candidates="1" cleared="0" enqueued="0" />
  <references type="phantom" candidates="3" cleared="0" enqueued="0" />
  <object-monitors candidates="5" cleared="0"  />
</gc-op>
<gc-end id="231" type="scavenge" contextid="227" durationms="2.641" usertimems="1.117" systemtimems="0.464" stalltimems="0.688" timestamp="2025-12-16T21:21:30.176" activeThreads="2">
  <mem-info id="232" free="4642464" total="10223616" percent="45">
    <mem type="nursery" free="2841120" total="3932160" percent="72">
      <mem type="allocate" free="2841120" total="3014656" percent="94" />
      <mem type="survivor" free="0" total="917504" percent="0" />
    </mem>
    <mem type="tenure" free="1801344" total="6291456" percent="28">
      <mem type="soa" free="1485952" total="5976064" percent="24" />
      <mem type="loa" free="315392" total="315392" percent="100" />
    </mem>
    <remembered-set count="155" />
  </mem-info>
</gc-end>
<cycle-end id="233" type="scavenge" contextid="227" timestamp="2025-12-16T21:21:30.176" />
<allocation-satisfied id="234" threadId="0000000000025A00" bytesRequested="8200" />
<af-end id="235" timestamp="2025-12-16T21:21:30.177" threadId="0000000000026478" success="true" from="nursery"/>
<exclusive-end id="236" timestamp="2025-12-16T21:21:30.178" durationms="6.785" />

<exclusive-start id="237" timestamp="2025-12-16T21:21:30.244" intervalms="73.090">
  <response-info timems="0.043" idlems="0.043" threads="0" lastid="0000000000025A00" lastname="main" />
</exclusive-start>
<af-start id="238" threadId="0000000000026478" totalBytesRequested="132480" timestamp="2025-12-16T21:21:30.245" intervalms="73.120" type="nursery" />
<cycle-start id="239" type="scavenge" contextid="0" timestamp="2025-12-16T21:21:30.246" intervalms="73.318" />
<gc-start id="240" type="scavenge" contextid="239" timestamp="2025-12-16T21:21:30.247">
  <mem-info id="241" free="1813608" total="10223616" percent="17">
    <mem type="nursery" free="12456" total="3932160" percent="0">
      <mem type="allocate" free="12456" total="3014656" percent="0" />
      <mem type="survivor" free="0" total="917504" percent="0" />
    </mem>
    <mem type="tenure" free="1801152" total="6291456" percent="28">
      <mem type="soa" free="1485760" total="5976064" percent="24" />
      <mem type="loa" free="315392" total="315392" percent="100" />
    </mem>
    <remembered-set count="211" />
  </mem-info>
</gc-start>
<allocation-stats totalBytes="2794704" discardedBytes="34152" >
  <allocated-bytes non-tlh="547384" tlh="2247320" />
  <largest-consumer threadName="main" threadId="0000000000025A00" bytes="2794704" />
</allocation-stats>
<gc-op id="242" type="scavenge" timems="0.832" contextid="239" timestamp="2025-12-16T21:21:30.249">
  <scavenger-info tenureage="3" tenuremask="7ff8" tiltratio="76" />
  <memory-copied type="nursery" objects="1398" bytes="48800" bytesdiscarded="34136" />
  <memory-copied type="tenure" objects="2743" bytes="116296" bytesdiscarded="112" />
  <references type="phantom" candidates="2" cleared="0" enqueued="0" />
  <object-monitors candidates="5" cleared="0"  />
</gc-op>
<gc-end id="243" type="scavenge" contextid="239" durationms="2.964" usertimems="1.037" systemtimems="0.439" stalltimems="0.236" timestamp="2025-12-16T21:21:30.250" activeThreads="2">
  <mem-info id="244" free="4767800" total="10223616" percent="46">
    <mem type="nursery" free="3062784" total="3932160" percent="77">
      <mem type="allocate" free="3062784" total="3145728" percent="97" />
      <mem type="survivor" free="0" total="786432" percent="0" />
    </mem>
    <mem type="tenure" free="1705016" total="6291456" percent="27">
      <mem type="soa" free="1389624" total="5976064" percent="23" />
      <mem type="loa" free="315392" total="315392" percent="100" />
    </mem>
    <remembered-set count="157" />
  </mem-info>
</gc-end>
<cycle-end id="245" type="scavenge" contextid="239" timestamp="2025-12-16T21:21:30.250" />
<allocation-satisfied id="246" threadId="0000000000025A00" bytesRequested="132480" />
<af-end id="247" timestamp="2025-12-16T21:21:30.252" threadId="0000000000026478" success="true" from="nursery"/>
<exclusive-end id="248" timestamp="2025-12-16T21:21:30.252" durationms="8.111" />

<exclusive-start id="249" timestamp="2025-12-16T21:21:30.335" intervalms="90.855">
  <response-info timems="0.046" idlems="0.046" threads="0" lastid="0000000000025A00" lastname="main" />
</exclusive-start>
<af-start id="250" threadId="0000000000026478" totalBytesRequested="4472" timestamp="2025-12-16T21:21:30.336" intervalms="90.817" type="nursery" />
<cycle-start id="251" type="scavenge" contextid="0" timestamp="2025-12-16T21:21:30.337" intervalms="90.680" />
<gc-start id="252" type="scavenge" contextid="251" timestamp="2025-12-16T21:21:30.337">
  <mem-info id="253" free="1704680" total="10223616" percent="16">
    <mem type="nursery" free="0" total="3932160" percent="0">
      <mem type="allocate" free="0" total="3145728" percent="0" />
      <mem type="survivor" free="0" total="786432" percent="0" />
    </mem>
    <mem type="tenure" free="1704680" total="6291456" percent="27">
      <mem type="soa" free="1389288" total="5976064" percent="23" />
      <mem type="loa" free="315392" total="315392" percent="100" />
    </mem>
    <remembered-set count="237" />
  </mem-info>
</gc-start>
<allocation-stats totalBytes="3018232" discardedBytes="44888" >
  <allocated-bytes non-tlh="374312" tlh="2643920" />
  <largest-consumer threadName="main" threadId="0000000000025A00" bytes="3018232" />
</allocation-stats>
<gc-op id="254" type="scavenge" timems="0.741" contextid="251" timestamp="2025-12-16T21:21:30.339">
  <scavenger-info tenureage="5" tenuremask="7fe0" tiltratio="80" />
  <memory-copied type="nursery" objects="2005" bytes="81264" bytesdiscarded="18568" />
  <references type="weak" candidates="1" cleared="0" enqueued="0" />
  <references type="phantom" candidates="4" cleared="0" enqueued="0" />
  <object-monitors candidates="5" cleared="0"  />
</gc-op>
<gc-end id="255" type="scavenge" contextid="251" durationms="2.817" usertimems="0.788" systemtimems="0.341" stalltimems="0.448" timestamp="2025-12-16T21:21:30.340" activeThreads="2">
  <mem-info id="256" free="4881640" total="10223616" percent="47">
    <mem type="nursery" free="3176960" total="3932160" percent="80">
      <mem type="allocate" free="3176960" total="3276800" percent="96" />
      <mem type="survivor" free="0" total="655360" percent="0" />
    </mem>
    <mem type="tenure" free="1704680" total="6291456" percent="27">
      <mem type="soa" free="1389288" total="5976064" percent="23" />
      <mem type="loa" free="315392" total="315392" percent="100" />
    </mem>
    <remembered-set count="164" />
  </mem-info>
</gc-end>
<cycle-end id="257" type="scavenge" contextid="251" timestamp="2025-12-16T21:21:30.341" />
<allocation-satisfied id="258" threadId="0000000000025A00" bytesRequested="4472" />
<af-end id="259" timestamp="2025-12-16T21:21:30.342" threadId="0000000000026478" success="true" from="nursery"/>
<exclusive-end id="260" timestamp="2025-12-16T21:21:30.342" durationms="7.295" />

<exclusive-start id="261" timestamp="2025-12-16T21:21:30.395" intervalms="59.453">
  <response-info timems="0.049" idlems="0.049" threads="0" lastid="0000000000025A00" lastname="main" />
</exclusive-start>
<af-start id="262" threadId="0000000000026478" totalBytesRequested="167280" timestamp="2025-12-16T21:21:30.395" intervalms="59.565" type="nursery" />
<cycle-start id="263" type="scavenge" contextid="0" timestamp="2025-12-16T21:21:30.396" intervalms="59.451" />
<gc-start id="264" type="scavenge" contextid="263" timestamp="2025-12-16T21:21:30.397">
  <mem-info id="265" free="1801192" total="10223616" percent="17">
    <mem type="nursery" free="96568" total="3932160" percent="2">
      <mem type="allocate" free="96568" total="3276800" percent="2" />
      <mem type="survivor" free="0" total="655360" percent="0" />
    </mem>
    <mem type="tenure" free="1704624" total="6291456" percent="27">
      <mem type="soa" free="1389232" total="5976064" percent="23" />
      <mem type="loa" free="315392" total="315392" percent="100" />
    </mem>
    <remembered-set count="203" />
  </mem-info>
</gc-start>
<allocation-stats totalBytes="2906968" discardedBytes="173480" >
  <allocated-bytes non-tlh="819456" tlh="2087512" />
  <largest-consumer threadName="main" threadId="0000000000025A00" bytes="2906968" />
</allocation-stats>
<gc-op id="266" type="scavenge" timems="0.694" contextid="263" timestamp="2025-12-16T21:21:30.399">
  <scavenger-info tenureage="6" tenuremask="7fc0" tiltratio="83" />
  <memory-copied type="nursery" objects="2308" bytes="81336" bytesdiscarded="18496" />
  <references type="phantom" candidates="2" cleared="0" enqueued="0" />
  <object-monitors candidates="5" cleared="0"  />
</gc-op>
<gc-end id="267" type="scavenge" contextid="263" durationms="2.788" usertimems="0.732" systemtimems="0.317" stalltimems="0.386" timestamp="2025-12-16T21:21:30.400" activeThreads="2">
  <mem-info id="268" free="5012656" total="10223616" percent="49">
    <mem type="nursery" free="3308032" total="3932160" percent="84">
      <mem type="allocate" free="3308032" total="3407872" percent="97" />
      <mem type="survivor" free="0" total="524288" percent="0" />
    </mem>
    <mem type="tenure" free="1704624" total="6291456" percent="27">
      <mem type="soa" free="1389232" total="5976064" percent="23" />
      <mem type="loa" free="315392" total="315392" percent="100" />
    </mem>
    <remembered-set count="161" />
  </mem-info>
</gc-end>
<cycle-end id="269" type="scavenge" contextid="263" timestamp="2025-12-16T21:21:30.400" />
<allocation-satisfied id="270" threadId="0000000000025A00" bytesRequested="167280" />
<af-end id="271" timestamp="2025-12-16T21:21:30.402" threadId="0000000000026478" success="true" from="nursery"/>
<exclusive-end id="272" timestamp="2025-12-16T21:21:30.402" durationms="7.647" />

<exclusive-start id="273" timestamp="2025-12-16T21:21:30.481" intervalms="86.409">
  <response-info timems="0.037" idlems="0.037" threads="0" lastid="0000000000025A00" lastname="main" />
</exclusive-start>
<af-start id="274" threadId="0000000000026478" totalBytesRequested="8200" timestamp="2025-12-16T21:21:30.482" intervalms="86.223" type="nursery" />
<cycle-start id="275" type="scavenge" contextid="0" timestamp="2025-12-16T21:21:30.482" intervalms="86.076" />
<gc-start id="276" type="scavenge" contextid="275" timestamp="2025-12-16T21:21:30.483">
  <mem-info id="277" free="1704424" total="10223616" percent="16">
    <mem type="nursery" free="0" total="3932160" percent="0">
      <mem type="allocate" free="0" total="3407872" percent="0" />
      <mem type="survivor" free="0" total="524288" percent="0" />
    </mem>
    <mem type="tenure" free="1704424" total="6291456" percent="27">
      <mem type="soa" free="1389032" total="5976064" percent="23" />
      <mem type="loa" free="315392" total="315392" percent="100" />
    </mem>
    <remembered-set count="231" />
  </mem-info>
</gc-start>
<allocation-stats totalBytes="3257400" discardedBytes="50832" >
  <allocated-bytes non-tlh="598000" tlh="2659400" />
  <largest-consumer threadName="main" threadId="0000000000025A00" bytes="3257400" />
</allocation-stats>
<gc-op id="278" type="scavenge" timems="0.987" contextid="275" timestamp="2025-12-16T21:21:30.485">
  <scavenger-info tenureage="3" tenuremask="7fb8" tiltratio="86" />
  <memory-copied type="nursery" objects="1549" bytes="108256" bytesdiscarded="9800" />
  <memory-copied type="tenure" objects="1351" bytes="45240" bytesdiscarded="0" />
  <references type="phantom" candidates="3" cleared="0" enqueued="0" />
  <object-monitors candidates="5" cleared="0"  />
</gc-op>
<gc-end id="279" type="scavenge" contextid="275" durationms="2.909" usertimems="2.098" systemtimems="0.000" stalltimems="0.351" timestamp="2025-12-16T21:21:30.486" activeThreads="2">
  <mem-info id="280" free="5012144" total="10223616" percent="49">
    <mem type="nursery" free="3355336" total="3932160" percent="85">
      <mem type="allocate" free="3355336" total="3473408" percent="96" />
      <mem type="survivor" free="0" total="458752" percent="0" />
    </mem>
    <mem type="tenure" free="1656808" total="6291456" percent="26">
      <mem type="soa" free="1341416" total="5976064" percent="22" />
      <mem type="loa" free="315392" total="315392" percent="100" />
    </mem>
    <remembered-set count="212" />
  </mem-info>
</gc-end>
<cycle-end id="281" type="scavenge" contextid="275" timestamp="2025-12-16T21:21:30.486" />
<allocation-satisfied id="282" threadId="0000000000025A00" bytesRequested="8200" />
<af-end id="283" timestamp="2025-12-16T21:21:30.488" threadId="0000000000026478" success="true" from="nursery"/>
<exclusive-end id="284" timestamp="2025-12-16T21:21:30.488" durationms="7.054" />

<exclusive-start id="285" timestamp="2025-12-16T21:21:30.549" intervalms="68.233">
  <response-info timems="0.046" idlems="0.046" threads="0" lastid="0000000000025A00" lastname="main" />
</exclusive-start>
<af-start id="286" threadId="0000000000026478" totalBytesRequested="2912" timestamp="2025-12-16T21:21:30.550" intervalms="68.292" type="nursery" />
<cycle-start id="287" type="scavenge" contextid="0" timestamp="2025-12-16T21:21:30.551" intervalms="69.190" />
<gc-start id="288" type="scavenge" contextid="287" timestamp="2025-12-16T21:21:30.552">
  <mem-info id="289" free="1656712" total="10223616" percent="16">
    <mem type="nursery" free="0" total="3932160" percent="0">
      <mem type="allocate" free="0" total="3473408" percent="0" />
      <mem type="survivor" free="0" total="458752" percent="0" />
    </mem>
    <mem type="tenure" free="1656712" total="6291456" percent="26">
      <mem type="soa" free="1341320" total="5976064" percent="22" />
      <mem type="loa" free="315392" total="315392" percent="100" />
    </mem>
    <remembered-set count="271" />
  </mem-info>
</gc-start>
<allocation-stats totalBytes="3177424" discardedBytes="178008" >
  <allocated-bytes non-tlh="1099040" tlh="2078384" />
  <largest-consumer threadName="main" threadId="0000000000025A00" bytes="3177424" />
</allocation-stats>
<gc-op id="290" type="scavenge" timems="0.747" contextid="287" timestamp="2025-12-16T21:21:30.555">
  <scavenger-info tenureage="3" tenuremask="7f08" tiltratio="88" />
  <memory-copied type="nursery" objects="1254" bytes="47584" bytesdiscarded="23064" />
  <memory-copied type="tenure" objects="616" bytes="24536" bytesdiscarded="24" />
  <references type="phantom" candidates="3" cleared="0" enqueued="0" />
  <object-monitors candidates="5" cleared="0"  />
</gc-op>
<gc-end id="291" type="scavenge" contextid="287" durationms="3.544" usertimems="1.259" systemtimems="0.000" stalltimems="0.433" timestamp="2025-12-16T21:21:30.556" activeThreads="2">
  <mem-info id="292" free="5110408" total="10223616" percent="49">
    <mem type="nursery" free="3468288" total="3932160" percent="88">
      <mem type="allocate" free="3468288" total="3538944" percent="98" />
      <mem type="survivor" free="0" total="393216" percent="0" />
    </mem>
    <mem type="tenure" free="1642120" total="6291456" percent="26">
      <mem type="soa" free="1326728" total="5976064" percent="22" />
      <mem type="loa" free="315392" total="315392" percent="100" />
    </mem>
    <remembered-set count="227" />
  </mem-info>
</gc-end>
<cycle-end id="293" type="scavenge" contextid="287" timestamp="2025-12-16T21:21:30.557" />
<allocation-satisfied id="294" threadId="0000000000025A00" bytesRequested="2912" />
<af-end id="295" timestamp="2025-12-16T21:21:30.558" threadId="0000000000026478" success="true" from="nursery"/>
<exclusive-end id="296" timestamp="2025-12-16T21:21:30.558" durationms="9.231" />

<exclusive-start id="297" timestamp="2025-12-16T21:21:30.669" intervalms="120.123">
  <response-info timems="0.046" idlems="0.046" threads="0" lastid="0000000000025A00" lastname="main" />
</exclusive-start>
<af-start id="298" threadId="0000000000026478" totalBytesRequested="2056" timestamp="2025-12-16T21:21:30.670" intervalms="119.968" type="nursery" />
<cycle-start id="299" type="scavenge" contextid="0" timestamp="2025-12-16T21:21:30.670" intervalms="118.985" />
<gc-start id="300" type="scavenge" contextid="299" timestamp="2025-12-16T21:21:30.671">
  <mem-info id="301" free="1642016" total="10223616" percent="16">
    <mem type="nursery" free="0" total="3932160" percent="0">
      <mem type="allocate" free="0" total="3538944" percent="0" />
      <mem type="survivor" free="0" total="393216" percent="0" />
    </mem>
    <mem type="tenure" free="1642016" total="6291456" percent="26">
      <mem type="soa" free="1326624" total="5976064" percent="22" />
      <mem type="loa" free="315392" total="315392" percent="100" />
    </mem>
    <remembered-set count="352" />
  </mem-info>
</gc-start>
<allocation-stats totalBytes="3424200" discardedBytes="44192" >
  <allocated-bytes non-tlh="690688" tlh="2733512" />
  <largest-consumer threadName="main" threadId="0000000000025A00" bytes="3424200" />
</allocation-stats>
<gc-op id="302" type="scavenge" timems="0.639" contextid="299" timestamp="2025-12-16T21:21:30.672">
  <scavenger-info tenureage="3" tenuremask="ffe8" tiltratio="90" />
  <memory-copied type="nursery" objects="1704" bytes="95248" bytesdiscarded="13616" />
  <memory-copied type="tenure" objects="317" bytes="10592" bytesdiscarded="0" />
  <references type="phantom" candidates="3" cleared="0" enqueued="0" />
  <object-monitors candidates="5" cleared="0"  />
</gc-op>
<gc-end id="303" type="scavenge" contextid="299" durationms="1.997" usertimems="1.559" systemtimems="0.000" stalltimems="0.200" timestamp="2025-12-16T21:21:30.673" activeThreads="2">
  <mem-info id="304" free="5018320" total="10223616" percent="49">
    <mem type="nursery" free="3430064" total="3932160" percent="87">
      <mem type="allocate" free="3430064" total="3538944" percent="96" />
      <mem type="survivor" free="0" total="393216" percent="0" />
    </mem>
    <mem type="tenure" free="1588256" total="6291456" percent="25">
      <mem type="soa" free="1272864" total="5976064" percent="21" />
      <mem type="loa" free="315392" total="315392" percent="100" />
    </mem>
    <remembered-set count="219" />
  </mem-info>
</gc-end>
<cycle-end id="305" type="scavenge" contextid="299" timestamp="2025-12-16T21:21:30.673" />
<allocation-satisfied id="306" threadId="0000000000025A00" bytesRequested="2056" />
<af-end id="307" timestamp="2025-12-16T21:21:30.674" threadId="0000000000026478" success="true" from="nursery"/>
<exclusive-end id="308" timestamp="2025-12-16T21:21:30.674" durationms="5.216" />

<exclusive-start id="309" timestamp="2025-12-16T21:21:30.753" intervalms="83.688">
  <response-info timems="0.043" idlems="0.043" threads="0" lastid="0000000000025A00" lastname="main" />
</exclusive-start>
<af-start id="310" threadId="0000000000026478" totalBytesRequested="452056" timestamp="2025-12-16T21:21:30.754" intervalms="83.920" type="nursery" />
<cycle-start id="311" type="scavenge" contextid="0" timestamp="2025-12-16T21:21:30.754" intervalms="84.147" />
<gc-start id="312" type="scavenge" contextid="311" timestamp="2025-12-16T21:21:30.755">
  <mem-info id="313" free="1717344" total="10223616" percent="16">
    <mem type="nursery" free="129240" total="3932160" percent="3">
      <mem type="allocate" free="129240" total="3538944" percent="3" />
      <mem type="survivor" free="0" total="393216" percent="0" />
    </mem>
    <mem type="tenure" free="1588104" total="6291456" percent="25">
      <mem type="soa" free="1272712" total="5976064" percent="21" />
      <mem type="loa" free="315392" total="315392" percent="100" />
    </mem>
    <remembered-set count="316" />
  </mem-info>
</gc-start>
<allocation-stats totalBytes="3285904" discardedBytes="15072" >
  <allocated-bytes non-tlh="532080" tlh="2753824" />
  <largest-consumer threadName="main" threadId="0000000000025A00" bytes="3285904" />
</allocation-stats>
<gc-op id="314" type="scavenge" timems="0.846" contextid="311" timestamp="2025-12-16T21:21:30.757">
  <scavenger-info tenureage="3" tenuremask="ffe8" tiltratio="90" />
  <memory-copied type="nursery" objects="1667" bytes="63784" bytesdiscarded="27600" />
  <memory-copied type="tenure" objects="560" bytes="18952" bytesdiscarded="0" />
  <references type="phantom" candidates="2" cleared="0" enqueued="0" />
  <object-monitors candidates="5" cleared="0"  />
</gc-op>
<gc-end id="315" type="scavenge" contextid="311" durationms="3.492" usertimems="1.286" systemtimems="0.578" stalltimems="0.383" timestamp="2025-12-16T21:21:30.759" activeThreads="2">
  <mem-info id="316" free="5014920" total="10223616" percent="49">
    <mem type="nursery" free="3447552" total="3932160" percent="87">
      <mem type="allocate" free="3447552" total="3538944" percent="97" />
      <mem type="survivor" free="0" total="393216" percent="0" />
    </mem>
    <mem type="tenure" free="1567368" total="6291456" percent="24">
      <mem type="soa" free="1251976" total="5976064" percent="20" />
      <mem type="loa" free="315392" total="315392" percent="100" />
    </mem>
    <remembered-set count="230" />
  </mem-info>
</gc-end>
<cycle-end id="317" type="scavenge" contextid="311" timestamp="2025-12-16T21:21:30.760" />
<allocation-satisfied id="318" threadId="0000000000025A00" bytesRequested="452056" />
<af-end id="319" timestamp="2025-12-16T21:21:30.761" threadId="0000000000026478" success="true" from="nursery"/>
<exclusive-end id="320" timestamp="2025-12-16T21:21:30.762" durationms="9.034" />

<exclusive-start id="321" timestamp="2025-12-16T21:21:30.826" intervalms="73.207">
  <response-info timems="0.038" idlems="0.038" threads="0" lastid="0000000000025A00" lastname="main" />
</exclusive-start>
<af-start id="322" threadId="0000000000026478" totalBytesRequested="29952" timestamp="2025-12-16T21:21:30.827" intervalms="73.061" type="nursery" />
<cycle-start id="323" type="scavenge" contextid="0" timestamp="2025-12-16T21:21:30.827" intervalms="73.075" />
<gc-start id="324" type="scavenge" contextid="323" timestamp="2025-12-16T21:21:30.828">
  <mem-info id="325" free="1567368" total="10223616" percent="15">
    <mem type="nursery" free="0" total="3932160" percent="0">
      <mem type="allocate" free="0" total="3538944" percent="0" />
      <mem type="survivor" free="0" total="393216" percent="0" />
    </mem>
    <mem type="tenure" free="1567368" total="6291456" percent="24">
      <mem type="soa" free="1251976" total="5976064" percent="20" />
      <mem type="loa" free="315392" total="315392" percent="100" />
    </mem>
    <remembered-set count="302" />
  </mem-info>
</gc-start>
<allocation-stats totalBytes="3405600" discardedBytes="41952" >
  <allocated-bytes non-tlh="1111400" tlh="2294200" />
  <largest-consumer threadName="main" threadId="0000000000025A00" bytes="3405600" />
</allocation-stats>
<gc-op id="326" type="scavenge" timems="0.593" contextid="323" timestamp="2025-12-16T21:21:30.830">
  <scavenger-info tenureage="3" tenuremask="ffe8" tiltratio="90" />
  <memory-copied type="nursery" objects="1818" bytes="68808" bytesdiscarded="16432" />
  <memory-copied type="tenure" objects="339" bytes="11352" bytesdiscarded="160" />
  <references type="phantom" candidates="2" cleared="0" enqueued="0" />
  <object-monitors candidates="5" cleared="0"  />
</gc-op>
<gc-end id="327" type="scavenge" contextid="323" durationms="2.716" usertimems="0.766" systemtimems="0.250" stalltimems="0.253" timestamp="2025-12-16T21:21:30.831" activeThreads="2">
  <mem-info id="328" free="5021064" total="10223616" percent="49">
    <mem type="nursery" free="3453696" total="3932160" percent="87">
      <mem type="allocate" free="3453696" total="3538944" percent="97" />
      <mem type="survivor" free="0" total="393216" percent="0" />
    </mem>
    <mem type="tenure" free="1567368" total="6291456" percent="24">
      <mem type="soa" free="1251976" total="5976064" percent="20" />
      <mem type="loa" free="315392" total="315392" percent="100" />
    </mem>
    <remembered-set count="222" />
  </mem-info>
</gc-end>
<cycle-end id="329" type="scavenge" contextid="323" timestamp="2025-12-16T21:21:30.832" />
<allocation-satisfied id="330" threadId="0000000000025A00" bytesRequested="29952" />
<af-end id="331" timestamp="2025-12-16T21:21:30.833" threadId="0000000000026478" success="true" from="nursery"/>
<exclusive-end id="332" timestamp="2025-12-16T21:21:30.834" durationms="7.756" />

<exclusive-start id="333" timestamp="2025-12-16T21:21:30.921" intervalms="94.339">
  <response-info timems="0.037" idlems="0.037" threads="0" lastid="0000000000025A00" lastname="main" />
</exclusive-start>
<af-start id="334" threadId="0000000000026478" totalBytesRequested="203008" timestamp="2025-12-16T21:21:30.921" intervalms="94.472" type="nursery" />
<cycle-start id="335" type="scavenge" contextid="0" timestamp="2025-12-16T21:21:30.922" intervalms="94.519" />
<gc-start id="336" type="scavenge" contextid="335" timestamp="2025-12-16T21:21:30.923">
  <mem-info id="337" free="1743904" total="10223616" percent="17">
    <mem type="nursery" free="176536" total="3932160" percent="4">
      <mem type="allocate" free="176536" total="3538944" percent="4" />
      <mem type="survivor" free="0" total="393216" percent="0" />
    </mem>
    <mem type="tenure" free="1567368" total="6291456" percent="24">
      <mem type="soa" free="1251976" total="5976064" percent="20" />
      <mem type="loa" free="315392" total="315392" percent="100" />
    </mem>
    <remembered-set count="324" />
  </mem-info>
</gc-start>
<allocation-stats totalBytes="3162384" discardedBytes="114776" >
  <allocated-bytes non-tlh="295272" tlh="2867112" />
  <largest-consumer threadName="main" threadId="0000000000025A00" bytes="3162384" />
</allocation-stats>
<gc-op id="338" type="scavenge" timems="0.733" contextid="335" timestamp="2025-12-16T21:21:30.925">
  <scavenger-info tenureage="3" tenuremask="ffe8" tiltratio="90" />
  <memory-copied type="nursery" objects="1819" bytes="61152" bytesdiscarded="21784" />
  <memory-copied type="tenure" objects="689" bytes="30840" bytesdiscarded="0" />
  <references type="phantom" candidates="2" cleared="0" enqueued="0" />
  <object-monitors candidates="5" cleared="0"  />
</gc-op>
<gc-end id="339" type="scavenge" contextid="335" durationms="2.679" usertimems="1.238" systemtimems="0.000" stalltimems="0.257" timestamp="2025-12-16T21:21:30.925" activeThreads="2">
  <mem-info id="340" free="4996488" total="10223616" percent="48">
    <mem type="nursery" free="3456000" total="3932160" percent="87">
      <mem type="allocate" free="3456000" total="3538944" percent="97" />
      <mem type="survivor" free="0" total="393216" percent="0" />
    </mem>
    <mem type="tenure" free="1540488" total="6291456" percent="24">
      <mem type="soa" free="1225096" total="5976064" percent="20" />
      <mem type="loa" free="315392" total="315392" percent="100" />
    </mem>
    <remembered-set count="243" />
  </mem-info>
</gc-end>
<cycle-end id="341" type="scavenge" contextid="335" timestamp="2025-12-16T21:21:30.926" />
<allocation-satisfied id="342" threadId="0000000000025A00" bytesRequested="203008" />
<af-end id="343" timestamp="2025-12-16T21:21:30.927" threadId="0000000000026478" success="true" from="nursery"/>
<exclusive-end id="344" timestamp="2025-12-16T21:21:30.928" durationms="7.675" />

<exclusive-start id="345" timestamp="2025-12-16T21:21:31.031" intervalms="110.649">
  <response-info timems="0.036" idlems="0.036" threads="0" lastid="0000000000025A00" lastname="main" />
</exclusive-start>
<af-start id="346" threadId="0000000000026478" totalBytesRequested="3992" timestamp="2025-12-16T21:21:31.032" intervalms="110.695" type="nursery" />
<cycle-start id="347" type="scavenge" contextid="0" timestamp="2025-12-16T21:21:31.033" intervalms="110.707" />
<gc-start id="348" type="scavenge" contextid="347" timestamp="2025-12-16T21:21:31.034">
  <mem-info id="349" free="1540448" total="10223616" percent="15">
    <mem type="nursery" free="0" total="3932160" percent="0">
      <mem type="allocate" free="0" total="3538944" percent="0" />
      <mem type="survivor" free="0" total="393216" percent="0" />
    </mem>
    <mem type="tenure" free="1540448" total="6291456" percent="24">
      <mem type="soa" free="1225056" total="5976064" percent="20" />
      <mem type="loa" free="315392" total="315392" percent="100" />
    </mem>
    <remembered-set count="342" />
  </mem-info>
</gc-start>
<allocation-stats totalBytes="3407648" discardedBytes="48392" >
  <allocated-bytes non-tlh="360472" tlh="3047176" />
  <largest-consumer threadName="main" threadId="0000000000025A00" bytes="3407648" />
</allocation-stats>
<gc-op id="350" type="scavenge" timems="0.588" contextid="347" timestamp="2025-12-16T21:21:31.036">
  <scavenger-info tenureage="3" tenuremask="ffe8" tiltratio="90" />
  <memory-copied type="nursery" objects="1854" bytes="66144" bytesdiscarded="22936" />
  <memory-copied type="tenure" objects="618" bytes="20696" bytesdiscarded="0" />
  <references type="phantom" candidates="3" cleared="0" enqueued="0" />
  <object-monitors candidates="5" cleared="0"  />
</gc-op>
<gc-end id="351" type="scavenge" contextid="347" durationms="2.766" usertimems="0.741" systemtimems="0.343" stalltimems="0.183" timestamp="2025-12-16T21:21:31.036" activeThreads="2">
  <mem-info id="352" free="4942688" total="10223616" percent="48">
    <mem type="nursery" free="3449856" total="3932160" percent="87">
      <mem type="allocate" free="3449856" total="3538944" percent="97" />
      <mem type="survivor" free="0" total="393216" percent="0" />
    </mem>
    <mem type="tenure" free="1492832" total="6291456" percent="23">
      <mem type="soa" free="1177440" total="5976064" percent="19" />
      <mem type="loa" free="315392" total="315392" percent="100" />
    </mem>
    <remembered-set count="244" />
  </mem-info>
</gc-end>
<cycle-end id="353" type="scavenge" contextid="347" timestamp="2025-12-16T21:21:31.037" />
<allocation-satisfied id="354" threadId="0000000000025A00" bytesRequested="3992" />
<af-end id="355" timestamp="2025-12-16T21:21:31.038" threadId="0000000000026478" success="true" from="nursery"/>
<exclusive-end id="356" timestamp="2025-12-16T21:21:31.039" durationms="7.763" />

<exclusive-start id="357" timestamp="2025-12-16T21:21:31.134" intervalms="102.648">
  <response-info timems="0.033" idlems="0.033" threads="0" lastid="0000000000025A00" lastname="main" />
</exclusive-start>
<af-start id="358" threadId="0000000000026478" totalBytesRequested="7744" timestamp="2025-12-16T21:21:31.135" intervalms="102.652" type="nursery" />
<cycle-start id="359" type="scavenge" contextid="0" timestamp="2025-12-16T21:21:31.135" intervalms="102.643" />
<gc-start id="360" type="scavenge" contextid="359" timestamp="2025-12-16T21:21:31.136">
  <mem-info id="361" free="1492832" total="10223616" percent="14">
    <mem type="nursery" free="0" total="3932160" percent="0">
      <mem type="allocate" free="0" total="3538944" percent="0" />
      <mem type="survivor" free="0" total="393216" percent="0" />
    </mem>
    <mem type="tenure" free="1492832" total="6291456" percent="23">
      <mem type="soa" free="1177440" total="5976064" percent="19" />
      <mem type="loa" free="315392" total="315392" percent="100" />
    </mem>
    <remembered-set count="373" />
  </mem-info>
</gc-start>
<allocation-stats totalBytes="3422136" discardedBytes="27720" >
  <allocated-bytes non-tlh="360144" tlh="3061992" />
  <largest-consumer threadName="main" threadId="0000000000025A00" bytes="3422136" />
</allocation-stats>
<gc-op id="362" type="scavenge" timems="0.670" contextid="359" timestamp="2025-12-16T21:21:31.138">
  <scavenger-info tenureage="3" tenuremask="ffe8" tiltratio="90" />
  <memory-copied type="nursery" objects="2111" bytes="71160" bytesdiscarded="26368" />
  <memory-copied type="tenure" objects="490" bytes="16376" bytesdiscarded="0" />
  <references type="phantom" candidates="2" cleared="0" enqueued="0" />
  <object-monitors candidates="5" cleared="0"  />
</gc-op>
<gc-end id="363" type="scavenge" contextid="359" durationms="2.726" usertimems="0.774" systemtimems="0.361" stalltimems="0.299" timestamp="2025-12-16T21:21:31.139" activeThreads="2">
  <mem-info id="364" free="4934240" total="10223616" percent="48">
    <mem type="nursery" free="3441408" total="3932160" percent="87">
      <mem type="allocate" free="3441408" total="3538944" percent="97" />
      <mem type="survivor" free="0" total="393216" percent="0" />
    </mem>
    <mem type="tenure" free="1492832" total="6291456" percent="23">
      <mem type="soa" free="1177440" total="5976064" percent="19" />
      <mem type="loa" free="315392" total="315392" percent="100" />
    </mem>
    <remembered-set count="267" />
  </mem-info>
</gc-end>
<cycle-end id="365" type="scavenge" contextid="359" timestamp="2025-12-16T21:21:31.140" />
<allocation-satisfied id="366" threadId="0000000000025A00" bytesRequested="7744" />
<af-end id="367" timestamp="2025-12-16T21:21:31.141" threadId="0000000000026478" success="true" from="nursery"/>
<exclusive-end id="368" timestamp="2025-12-16T21:21:31.142" durationms="7.793" />

<exclusive-start id="369" timestamp="2025-12-16T21:21:31.236" intervalms="102.632">
  <response-info timems="0.041" idlems="0.041" threads="0" lastid="0000000000025A00" lastname="main" />
</exclusive-start>
<af-start id="370" threadId="0000000000026478" totalBytesRequested="184448" timestamp="2025-12-16T21:21:31.237" intervalms="102.571" type="nursery" />
<cycle-start id="371" type="scavenge" contextid="0" timestamp="2025-12-16T21:21:31.238" intervalms="102.511" />
<gc-start id="372" type="scavenge" contextid="371" timestamp="2025-12-16T21:21:31.239">
  <mem-info id="373" free="1492736" total="10223616" percent="14">
    <mem type="nursery" free="0" total="3932160" percent="0">
      <mem type="allocate" free="0" total="3538944" percent="0" />
      <mem type="survivor" free="0" total="393216" percent="0" />
    </mem>
    <mem type="tenure" free="1492736" total="6291456" percent="23">
      <mem type="soa" free="1177344" total="5976064" percent="19" />
      <mem type="loa" free="315392" total="315392" percent="100" />
    </mem>
    <remembered-set count="457" />
  </mem-info>
</gc-start>
<allocation-stats totalBytes="3370120" discardedBytes="71384" >
  <allocated-bytes non-tlh="131696" tlh="3238424" />
  <largest-consumer threadName="main" threadId="0000000000025A00" bytes="3370120" />
</allocation-stats>
<gc-op id="374" type="scavenge" timems="0.976" contextid="371" timestamp="2025-12-16T21:21:31.241">
  <scavenger-info tenureage="3" tenuremask="ffe8" tiltratio="90" />
  <memory-copied type="nursery" objects="2233" bytes="90656" bytesdiscarded="19160" />
  <memory-copied type="tenure" objects="689" bytes="23160" bytesdiscarded="176" />
  <references type="phantom" candidates="2" cleared="0" enqueued="0" />
  <object-monitors candidates="5" cleared="0"  />
</gc-op>
<gc-end id="375" type="scavenge" contextid="371" durationms="2.854" usertimems="0.000" systemtimems="1.605" stalltimems="0.508" timestamp="2025-12-16T21:21:31.241" activeThreads="2">
  <mem-info id="376" free="4907264" total="10223616" percent="47">
    <mem type="nursery" free="3429120" total="3932160" percent="87">
      <mem type="allocate" free="3429120" total="3538944" percent="96" />
      <mem type="survivor" free="0" total="393216" percent="0" />
    </mem>
    <mem type="tenure" free="1478144" total="6291456" percent="23">
      <mem type="soa" free="1162752" total="5976064" percent="19" />
      <mem type="loa" free="315392" total="315392" percent="100" />
    </mem>
    <remembered-set count="244" />
  </mem-info>
</gc-end>
<cycle-end id="377" type="scavenge" contextid="371" timestamp="2025-12-16T21:21:31.242" />
<allocation-satisfied id="378" threadId="0000000000025A00" bytesRequested="184448" />
<af-end id="379" timestamp="2025-12-16T21:21:31.243" threadId="0000000000026478" success="true" from="nursery"/>
<exclusive-end id="380" timestamp="2025-12-16T21:21:31.244" durationms="7.634" />

<exclusive-start id="381" timestamp="2025-12-16T21:21:31.331" intervalms="94.213">
  <response-info timems="0.038" idlems="0.038" threads="0" lastid="0000000000025A00" lastname="main" />
</exclusive-start>
<af-start id="382" threadId="0000000000026478" totalBytesRequested="101928" timestamp="2025-12-16T21:21:31.331" intervalms="94.226" type="nursery" />
<cycle-start id="383" type="scavenge" contextid="0" timestamp="2025-12-16T21:21:31.332" intervalms="94.202" />
<gc-start id="384" type="scavenge" contextid="383" timestamp="2025-12-16T21:21:31.333">
  <mem-info id="385" free="1478144" total="10223616" percent="14">
    <mem type="nursery" free="0" total="3932160" percent="0">
      <mem type="allocate" free="0" total="3538944" percent="0" />
      <mem type="survivor" free="0" total="393216" percent="0" />
    </mem>
    <mem type="tenure" free="1478144" total="6291456" percent="23">
      <mem type="soa" free="1162752" total="5976064" percent="19" />
      <mem type="loa" free="315392" total="315392" percent="100" />
    </mem>
    <remembered-set count="340" />
  </mem-info>
</gc-start>
<allocation-stats totalBytes="3341408" discardedBytes="87712" >
  <allocated-bytes non-tlh="682920" tlh="2658488" />
  <largest-consumer threadName="main" threadId="0000000000025A00" bytes="3341408" />
</allocation-stats>
<gc-op id="386" type="scavenge" timems="0.825" contextid="383" timestamp="2025-12-16T21:21:31.335">
  <scavenger-info tenureage="3" tenuremask="4008" tiltratio="90" />
  <memory-copied type="nursery" objects="2209" bytes="89776" bytesdiscarded="32328" />
  <memory-copied type="tenure" objects="634" bytes="21416" bytesdiscarded="32" />
  <references type="phantom" candidates="2" cleared="0" enqueued="0" />
  <object-monitors candidates="5" cleared="0"  />
</gc-op>
<gc-end id="387" type="scavenge" contextid="383" durationms="2.753" usertimems="0.031" systemtimems="1.354" stalltimems="0.378" timestamp="2025-12-16T21:21:31.336" activeThreads="2">
  <mem-info id="388" free="4841216" total="10223616" percent="47">
    <mem type="nursery" free="3416832" total="3932160" percent="86">
      <mem type="allocate" free="3416832" total="3538944" percent="96" />
      <mem type="survivor" free="0" total="393216" percent="0" />
    </mem>
    <mem type="tenure" free="1424384" total="6291456" percent="22">
      <mem type="soa" free="1108992" total="5976064" percent="18" />
      <mem type="loa" free="315392" total="315392" percent="100" />
    </mem>
    <remembered-set count="253" />
  </mem-info>
</gc-end>
<cycle-end id="389" type="scavenge" contextid="383" timestamp="2025-12-16T21:21:31.336" />
<allocation-satisfied id="390" threadId="0000000000025A00" bytesRequested="101928" />
<af-end id="391" timestamp="2025-12-16T21:21:31.338" threadId="0000000000026478" success="true" from="nursery"/>
<exclusive-end id="392" timestamp="2025-12-16T21:21:31.338" durationms="7.737" />

<exclusive-start id="393" timestamp="2025-12-16T21:21:31.432" intervalms="101.052">
  <response-info timems="0.041" idlems="0.041" threads="0" lastid="0000000000025A00" lastname="main" />
</exclusive-start>
<af-start id="394" threadId="0000000000026478" totalBytesRequested="4272" timestamp="2025-12-16T21:21:31.432" intervalms="101.057" type="nursery" />
<cycle-start id="395" type="scavenge" contextid="0" timestamp="2025-12-16T21:21:31.433" intervalms="101.233" />
<gc-start id="396" type="scavenge" contextid="395" timestamp="2025-12-16T21:21:31.434">
  <mem-info id="397" free="1424384" total="10223616" percent="13">
    <mem type="nursery" free="0" total="3932160" percent="0">
      <mem type="allocate" free="0" total="3538944" percent="0" />
      <mem type="survivor" free="0" total="393216" percent="0" />
    </mem>
    <mem type="tenure" free="1424384" total="6291456" percent="22">
      <mem type="soa" free="1108992" total="5976064" percent="18" />
      <mem type="loa" free="315392" total="315392" percent="100" />
    </mem>
    <remembered-set count="335" />
  </mem-info>
</gc-start>
<allocation-stats totalBytes="3366720" discardedBytes="50112" >
  <allocated-bytes non-tlh="468536" tlh="2898184" />
  <largest-consumer threadName="main" threadId="0000000000025A00" bytes="3366720" />
</allocation-stats>
<gc-op id="398" type="scavenge" timems="1.363" contextid="395" timestamp="2025-12-16T21:21:31.437">
  <scavenger-info tenureage="3" tenuremask="4008" tiltratio="90" />
  <memory-copied type="nursery" objects="1973" bytes="95544" bytesdiscarded="34280" />
  <memory-copied type="tenure" objects="759" bytes="25496" bytesdiscarded="0" />
  <references type="phantom" candidates="3" cleared="0" enqueued="0" />
  <object-monitors candidates="5" cleared="0"  />
</gc-op>
<gc-end id="399" type="scavenge" contextid="395" durationms="4.371" usertimems="1.481" systemtimems="0.696" stalltimems="0.755" timestamp="2025-12-16T21:21:31.439" activeThreads="2">
  <mem-info id="400" free="4833496" total="10223616" percent="47">
    <mem type="nursery" free="3409112" total="3932160" percent="86">
      <mem type="allocate" free="3409112" total="3538944" percent="96" />
      <mem type="survivor" free="0" total="393216" percent="0" />
    </mem>
    <mem type="tenure" free="1424384" total="6291456" percent="22">
      <mem type="soa" free="1108992" total="5976064" percent="18" />
      <mem type="loa" free="315392" total="315392" percent="100" />
    </mem>
    <remembered-set count="243" />
  </mem-info>
</gc-end>
<cycle-end id="401" type="scavenge" contextid="395" timestamp="2025-12-16T21:21:31.440" />
<allocation-satisfied id="402" threadId="0000000000025A00" bytesRequested="4272" />
<af-end id="403" timestamp="2025-12-16T21:21:31.442" threadId="0000000000026478" success="true" from="nursery"/>
<exclusive-end id="404" timestamp="2025-12-16T21:21:31.442" durationms="10.749" />

<exclusive-start id="405" timestamp="2025-12-16T21:21:31.554" intervalms="122.544">
  <response-info timems="0.042" idlems="0.042" threads="0" lastid="0000000000025A00" lastname="main" />
</exclusive-start>
<af-start id="406" threadId="0000000000026478" totalBytesRequested="18432" timestamp="2025-12-16T21:21:31.555" intervalms="122.436" type="nursery" />
<cycle-start id="407" type="scavenge" contextid="0" timestamp="2025-12-16T21:21:31.556" intervalms="122.467" />
<gc-start id="408" type="scavenge" contextid="407" timestamp="2025-12-16T21:21:31.557">
  <mem-info id="409" free="1424384" total="10223616" percent="13">
    <mem type="nursery" free="0" total="3932160" percent="0">
      <mem type="allocate" free="0" total="3538944" percent="0" />
      <mem type="survivor" free="0" total="393216" percent="0" />
    </mem>
    <mem type="tenure" free="1424384" total="6291456" percent="22">
      <mem type="soa" free="1108992" total="5976064" percent="18" />
      <mem type="loa" free="315392" total="315392" percent="100" />
    </mem>
    <remembered-set count="341" />
  </mem-info>
</gc-start>
<allocation-stats totalBytes="3328256" discardedBytes="80856" >
  <allocated-bytes non-tlh="385224" tlh="2943032" />
  <largest-consumer threadName="main" threadId="0000000000025A00" bytes="3328256" />
</allocation-stats>
<gc-op id="410" type="scavenge" timems="1.205" contextid="407" timestamp="2025-12-16T21:21:31.560">
  <scavenger-info tenureage="3" tenuremask="4008" tiltratio="90" />
  <memory-copied type="nursery" objects="1814" bytes="116224" bytesdiscarded="33296" />
  <memory-copied type="tenure" objects="819" bytes="42848" bytesdiscarded="16" />
  <references type="weak" candidates="1" cleared="0" enqueued="0" />
  <references type="phantom" candidates="4" cleared="0" enqueued="0" />
  <object-monitors candidates="5" cleared="0"  />
</gc-op>
<gc-end id="411" type="scavenge" contextid="407" durationms="3.636" usertimems="1.136" systemtimems="0.558" stalltimems="0.606" timestamp="2025-12-16T21:21:31.560" activeThreads="2">
  <mem-info id="412" free="4719064" total="10223616" percent="46">
    <mem type="nursery" free="3389416" total="3932160" percent="86">
      <mem type="allocate" free="3389416" total="3538944" percent="95" />
      <mem type="survivor" free="0" total="393216" percent="0" />
    </mem>
    <mem type="tenure" free="1329648" total="6291456" percent="21">
      <mem type="soa" free="1014256" total="5976064" percent="16" />
      <mem type="loa" free="315392" total="315392" percent="100" />
    </mem>
    <remembered-set count="235" />
  </mem-info>
</gc-end>
<cycle-end id="413" type="scavenge" contextid="407" timestamp="2025-12-16T21:21:31.561" />
<allocation-satisfied id="414" threadId="0000000000025A00" bytesRequested="18432" />
<af-end id="415" timestamp="2025-12-16T21:21:31.563" threadId="0000000000026478" success="true" from="nursery"/>
<exclusive-end id="416" timestamp="2025-12-16T21:21:31.564" durationms="9.390" />

<exclusive-start id="417" timestamp="2025-12-16T21:21:31.650" intervalms="96.085">
  <response-info timems="0.041" idlems="0.041" threads="0" lastid="0000000000025A00" lastname="main" />
</exclusive-start>
<af-start id="418" threadId="0000000000026478" totalBytesRequested="260624" timestamp="2025-12-16T21:21:31.651" intervalms="96.051" type="nursery" />
<cycle-start id="419" type="scavenge" contextid="0" timestamp="2025-12-16T21:21:31.652" intervalms="96.089" />
<gc-start id="420" type="scavenge" contextid="419" timestamp="2025-12-16T21:21:31.653">
  <mem-info id="421" free="1584272" total="10223616" percent="15">
    <mem type="nursery" free="254720" total="3932160" percent="6">
      <mem type="allocate" free="254720" total="3538944" percent="7" />
      <mem type="survivor" free="0" total="393216" percent="0" />
    </mem>
    <mem type="tenure" free="1329552" total="6291456" percent="21">
      <mem type="soa" free="1014160" total="5976064" percent="16" />
      <mem type="loa" free="315392" total="315392" percent="100" />
    </mem>
    <remembered-set count="343" />
  </mem-info>
</gc-start>
<allocation-stats totalBytes="3116184" discardedBytes="18608" >
  <allocated-bytes non-tlh="345416" tlh="2770768" />
  <largest-consumer threadName="main" threadId="0000000000025A00" bytes="3116184" />
</allocation-stats>
<gc-op id="422" type="scavenge" timems="0.703" contextid="419" timestamp="2025-12-16T21:21:31.655">
  <scavenger-info tenureage="3" tenuremask="4008" tiltratio="90" />
  <memory-copied type="nursery" objects="1817" bytes="61080" bytesdiscarded="25696" />
  <memory-copied type="tenure" objects="610" bytes="20536" bytesdiscarded="0" />
  <references type="phantom" candidates="2" cleared="0" enqueued="0" />
  <object-monitors candidates="5" cleared="0"  />
</gc-op>
<gc-end id="423" type="scavenge" contextid="419" durationms="3.084" usertimems="0.833" systemtimems="0.399" stalltimems="0.225" timestamp="2025-12-16T21:21:31.656" activeThreads="2">
  <mem-info id="424" free="4781712" total="10223616" percent="46">
    <mem type="nursery" free="3452160" total="3932160" percent="87">
      <mem type="allocate" free="3452160" total="3538944" percent="97" />
      <mem type="survivor" free="0" total="393216" percent="0" />
    </mem>
    <mem type="tenure" free="1329552" total="6291456" percent="21">
      <mem type="soa" free="1014160" total="5976064" percent="16" />
      <mem type="loa" free="315392" total="315392" percent="100" />
    </mem>
    <remembered-set count="244" />
  </mem-info>
</gc-end>
<cycle-end id="425" type="scavenge" contextid="419" timestamp="2025-12-16T21:21:31.657" />
<allocation-satisfied id="426" threadId="0000000000025A00" bytesRequested="260624" />
<af-end id="427" timestamp="2025-12-16T21:21:31.658" threadId="0000000000026478" success="true" from="nursery"/>
<exclusive-end id="428" timestamp="2025-12-16T21:21:31.659" durationms="8.570" />

<exclusive-start id="429" timestamp="2025-12-16T21:21:31.748" intervalms="97.201">
  <response-info timems="0.046" idlems="0.046" threads="0" lastid="0000000000025A00" lastname="main" />
</exclusive-start>
<af-start id="430" threadId="0000000000026478" totalBytesRequested="3072" timestamp="2025-12-16T21:21:31.748" intervalms="97.279" type="nursery" />
<cycle-start id="431" type="scavenge" contextid="0" timestamp="2025-12-16T21:21:31.749" intervalms="97.021" />
<gc-start id="432" type="scavenge" contextid="431" timestamp="2025-12-16T21:21:31.749">
  <mem-info id="433" free="1329552" total="10223616" percent="13">
    <mem type="nursery" free="0" total="3932160" percent="0">
      <mem type="allocate" free="0" total="3538944" percent="0" />
      <mem type="survivor" free="0" total="393216" percent="0" />
    </mem>
    <mem type="tenure" free="1329552" total="6291456" percent="21">
      <mem type="soa" free="1014160" total="5976064" percent="16" />
      <mem type="loa" free="315392" total="315392" percent="100" />
    </mem>
    <remembered-set count="366" />
  </mem-info>
</gc-start>
<allocation-stats totalBytes="3387816" discardedBytes="64344" >
  <allocated-bytes non-tlh="462368" tlh="2925448" />
  <largest-consumer threadName="main" threadId="0000000000025A00" bytes="3387816" />
</allocation-stats>
<gc-op id="434" type="scavenge" timems="0.693" contextid="431" timestamp="2025-12-16T21:21:31.751">
  <scavenger-info tenureage="2" tenuremask="400c" tiltratio="90" />
  <memory-copied type="nursery" objects="1314" bytes="49944" bytesdiscarded="30688" />
  <memory-copied type="tenure" objects="1166" bytes="38928" bytesdiscarded="48" />
  <references type="phantom" candidates="3" cleared="0" enqueued="0" />
  <object-monitors candidates="5" cleared="0"  />
</gc-op>
<gc-end id="435" type="scavenge" contextid="431" durationms="2.533" usertimems="1.076" systemtimems="0.539" stalltimems="0.205" timestamp="2025-12-16T21:21:31.752" activeThreads="2">
  <mem-info id="436" free="4727952" total="10223616" percent="46">
    <mem type="nursery" free="3458304" total="3932160" percent="87">
      <mem type="allocate" free="3458304" total="3538944" percent="97" />
      <mem type="survivor" free="0" total="393216" percent="0" />
    </mem>
    <mem type="tenure" free="1269648" total="6291456" percent="20">
      <mem type="soa" free="954256" total="5976064" percent="15" />
      <mem type="loa" free="315392" total="315392" percent="100" />
    </mem>
    <remembered-set count="243" />
  </mem-info>
</gc-end>
<cycle-end id="437" type="scavenge" contextid="431" timestamp="2025-12-16T21:21:31.753" />
<allocation-satisfied id="438" threadId="0000000000025A00" bytesRequested="3072" />
<af-end id="439" timestamp="2025-12-16T21:21:31.754" threadId="0000000000026478" success="true" from="nursery"/>
<exclusive-end id="440" timestamp="2025-12-16T21:21:31.755" durationms="7.100" />

<exclusive-start id="441" timestamp="2025-12-16T21:21:31.862" intervalms="114.068">
  <response-info timems="0.040" idlems="0.040" threads="0" lastid="0000000000025A00" lastname="main" />
</exclusive-start>
<af-start id="442" threadId="0000000000026478" totalBytesRequested="6600" timestamp="2025-12-16T21:21:31.862" intervalms="114.161" type="nursery" />
<cycle-start id="443" type="scavenge" contextid="0" timestamp="2025-12-16T21:21:31.863" intervalms="114.370" />
<gc-start id="444" type="scavenge" contextid="443" timestamp="2025-12-16T21:21:31.864">
  <mem-info id="445" free="1269592" total="10223616" percent="12">
    <mem type="nursery" free="0" total="3932160" percent="0">
      <mem type="allocate" free="0" total="3538944" percent="0" />
      <mem type="survivor" free="0" total="393216" percent="0" />
    </mem>
    <mem type="tenure" free="1269592" total="6291456" percent="20">
      <mem type="soa" free="954200" total="5976064" percent="15" />
      <mem type="loa" free="315392" total="315392" percent="100" />
    </mem>
    <remembered-set count="372" />
  </mem-info>
</gc-start>
<allocation-stats totalBytes="3394152" discardedBytes="64208" >
  <allocated-bytes non-tlh="486128" tlh="2908024" />
  <largest-consumer threadName="main" threadId="0000000000025A00" bytes="3394152" />
</allocation-stats>
<gc-op id="446" type="scavenge" timems="0.740" contextid="443" timestamp="2025-12-16T21:21:31.866">
  <scavenger-info tenureage="2" tenuremask="400c" tiltratio="90" />
  <memory-copied type="nursery" objects="1404" bytes="87416" bytesdiscarded="27592" />
  <memory-copied type="tenure" objects="630" bytes="21256" bytesdiscarded="0" />
  <references type="phantom" candidates="3" cleared="0" enqueued="0" />
  <object-monitors candidates="5" cleared="0"  />
</gc-op>
<gc-end id="447" type="scavenge" contextid="443" durationms="2.701" usertimems="0.825" systemtimems="0.420" stalltimems="0.278" timestamp="2025-12-16T21:21:31.867" activeThreads="2">
  <mem-info id="448" free="4693520" total="10223616" percent="45">
    <mem type="nursery" free="3423928" total="3932160" percent="87">
      <mem type="allocate" free="3423928" total="3538944" percent="96" />
      <mem type="survivor" free="0" total="393216" percent="0" />
    </mem>
    <mem type="tenure" free="1269592" total="6291456" percent="20">
      <mem type="soa" free="954200" total="5976064" percent="15" />
      <mem type="loa" free="315392" total="315392" percent="100" />
    </mem>
    <remembered-set count="248" />
  </mem-info>
</gc-end>
<cycle-end id="449" type="scavenge" contextid="443" timestamp="2025-12-16T21:21:31.867" />
<allocation-satisfied id="450" threadId="0000000000025A00" bytesRequested="6600" />
<af-end id="451" timestamp="2025-12-16T21:21:31.868" threadId="0000000000026478" success="true" from="nursery"/>
<exclusive-end id="452" timestamp="2025-12-16T21:21:31.869" durationms="7.231" />

<exclusive-start id="453" timestamp="2025-12-16T21:21:31.924" intervalms="62.743">
  <response-info timems="0.156" idlems="0.122" threads="1" lastid="0000000000029600" lastname="JIT Compilation Thread-000" />
</exclusive-start>
<af-start id="454" threadId="0000000000026478" totalBytesRequested="40" timestamp="2025-12-16T21:21:31.925" intervalms="62.763" type="nursery" />
<cycle-start id="455" type="scavenge" contextid="0" timestamp="2025-12-16T21:21:31.926" intervalms="62.751" />
<gc-start id="456" type="scavenge" contextid="455" timestamp="2025-12-16T21:21:31.927">
  <mem-info id="457" free="1252760" total="10223616" percent="12">
    <mem type="nursery" free="0" total="3932160" percent="0">
      <mem type="allocate" free="0" total="3538944" percent="0" />
      <mem type="survivor" free="0" total="393216" percent="0" />
    </mem>
    <mem type="tenure" free="1252760" total="6291456" percent="19">
      <mem type="soa" free="937368" total="5976064" percent="15" />
      <mem type="loa" free="315392" total="315392" percent="100" />
    </mem>
    <remembered-set count="1154" />
  </mem-info>
</gc-start>
<allocation-stats totalBytes="3439408" discardedBytes="1352" >
  <allocated-bytes non-tlh="262536" tlh="3176872" />
  <largest-consumer threadName="main" threadId="0000000000025A00" bytes="3435312" />
</allocation-stats>
<gc-op id="458" type="scavenge" timems="1.506" contextid="455" timestamp="2025-12-16T21:21:31.929">
  <scavenger-info tenureage="2" tenuremask="4004" tiltratio="90" />
  <memory-copied type="nursery" objects="6218" bytes="391848" bytesdiscarded="568" />
  <memory-copied type="tenure" objects="3201" bytes="180760" bytesdiscarded="0" />
  <copy-failed type="nursery" objects="2551" bytes="159232" />
  <finalization candidates="97" enqueued="57" />
  <ownableSynchronizers candidates="78" cleared="43" />
  <references type="soft" candidates="17" cleared="0" enqueued="0" dynamicThreshold="32" maxThreshold="32" />
  <references type="weak" candidates="87" cleared="57" enqueued="57" />
  <references type="phantom" candidates="61" cleared="19" enqueued="19" />
  <object-monitors candidates="6" cleared="0"  />
</gc-op>
<gc-end id="459" type="scavenge" contextid="455" durationms="3.425" usertimems="0.000" systemtimems="2.739" stalltimems="0.357" timestamp="2025-12-16T21:21:31.930" activeThreads="2">
  <mem-info id="460" free="3255376" total="10223616" percent="31">
    <mem type="nursery" free="2228224" total="3932160" percent="56">
      <mem type="allocate" free="2228224" total="2621440" percent="85" />
      <mem type="survivor" free="0" total="1310720" percent="0" />
    </mem>
    <mem type="tenure" free="1027152" total="6291456" percent="16">
      <mem type="soa" free="711760" total="5976064" percent="11" />
      <mem type="loa" free="315392" total="315392" percent="100" />
    </mem>
    <pending-finalizers system="57" default="0" reference="76" classloader="0" />
    <remembered-set count="825" />
  </mem-info>
</gc-end>
<cycle-end id="461" type="scavenge" contextid="455" timestamp="2025-12-16T21:21:31.931" />
<allocation-satisfied id="462" threadId="0000000000025A00" bytesRequested="40" />
<af-end id="463" timestamp="2025-12-16T21:21:31.932" threadId="0000000000026478" success="true" from="nursery"/>
<exclusive-end id="464" timestamp="2025-12-16T21:21:31.933" durationms="8.180" />

<exclusive-start id="465" timestamp="2025-12-16T21:21:31.959" intervalms="34.864">
  <response-info timems="0.035" idlems="0.035" threads="0" lastid="0000000000025A00" lastname="main" />
</exclusive-start>
<af-start id="466" threadId="0000000000026478" totalBytesRequested="4112" timestamp="2025-12-16T21:21:31.960" intervalms="34.988" type="nursery" />
<cycle-start id="467" type="scavenge" contextid="0" timestamp="2025-12-16T21:21:31.961" intervalms="35.058" />
<gc-start id="468" type="scavenge" contextid="467" timestamp="2025-12-16T21:21:31.962">
  <mem-info id="469" free="1024736" total="10223616" percent="10">
    <mem type="nursery" free="0" total="3932160" percent="0">
      <mem type="allocate" free="0" total="2621440" percent="0" />
      <mem type="survivor" free="0" total="1310720" percent="0" />
    </mem>
    <mem type="tenure" free="1024736" total="6291456" percent="16">
      <mem type="soa" free="709344" total="5976064" percent="11" />
      <mem type="loa" free="315392" total="315392" percent="100" />
    </mem>
    <remembered-set count="962" />
  </mem-info>
</gc-start>
<allocation-stats totalBytes="2228480" discardedBytes="2160" >
  <allocated-bytes non-tlh="2456" tlh="2226024" />
  <largest-consumer threadName="main" threadId="0000000000025A00" bytes="2224384" />
</allocation-stats>
<gc-op id="470" type="scavenge" timems="1.836" contextid="467" timestamp="2025-12-16T21:21:31.966">
  <scavenger-info tenureage="2" tenuremask="fff4" tiltratio="66" />
  <memory-copied type="nursery" objects="12595" bytes="727456" bytesdiscarded="65376" />
  <memory-copied type="tenure" objects="489" bytes="16400" bytesdiscarded="0" />
  <finalization candidates="33" enqueued="0" />
  <ownableSynchronizers candidates="68" cleared="29" />
  <references type="soft" candidates="17" cleared="0" enqueued="0" dynamicThreshold="32" maxThreshold="32" />
  <references type="weak" candidates="42" cleared="12" enqueued="12" />
  <references type="phantom" candidates="69" cleared="0" enqueued="0" />
  <object-monitors candidates="6" cleared="0"  />
</gc-op>
<heap-resize id="471" type="expand" space="nursery" amount="393216" count="1" timems="0.037" reason="excessive time being spent scavenging" timestamp="2025-12-16T21:21:31.967" />
<gc-end id="472" type="scavenge" contextid="467" durationms="5.275" usertimems="3.572" systemtimems="0.000" stalltimems="0.831" timestamp="2025-12-16T21:21:31.967" activeThreads="2">
  <mem-info id="473" free="3243288" total="10616832" percent="30">
    <mem type="nursery" free="2218552" total="4325376" percent="51">
      <mem type="allocate" free="2218552" total="3014656" percent="73" />
      <mem type="survivor" free="0" total="1310720" percent="0" />
    </mem>
    <mem type="tenure" free="1024736" total="6291456" percent="16">
      <mem type="soa" free="709344" total="5976064" percent="11" />
      <mem type="loa" free="315392" total="315392" percent="100" />
    </mem>
    <pending-finalizers system="0" default="0" reference="12" classloader="0" />
    <remembered-set count="874" />
  </mem-info>
</gc-end>
<cycle-end id="474" type="scavenge" contextid="467" timestamp="2025-12-16T21:21:31.968" />
<allocation-satisfied id="475" threadId="0000000000025A00" bytesRequested="4112" />
<af-end id="476" timestamp="2025-12-16T21:21:31.970" threadId="0000000000026478" success="true" from="nursery"/>
<exclusive-end id="477" timestamp="2025-12-16T21:21:31.971" durationms="11.336" />

<exclusive-start id="478" timestamp="2025-12-16T21:21:31.994" intervalms="34.980">
  <response-info timems="0.034" idlems="0.034" threads="0" lastid="0000000000025A00" lastname="main" />
</exclusive-start>
<af-start id="479" threadId="0000000000026478" totalBytesRequested="8208" timestamp="2025-12-16T21:21:31.995" intervalms="34.965" type="nursery" />
<cycle-start id="480" type="scavenge" contextid="0" timestamp="2025-12-16T21:21:31.996" intervalms="35.041" />
<gc-start id="481" type="scavenge" contextid="480" timestamp="2025-12-16T21:21:31.997">
  <mem-info id="482" free="1022520" total="10616832" percent="9">
    <mem type="nursery" free="0" total="4325376" percent="0">
      <mem type="allocate" free="0" total="3014656" percent="0" />
      <mem type="survivor" free="0" total="1310720" percent="0" />
    </mem>
    <mem type="tenure" free="1022520" total="6291456" percent="16">
      <mem type="soa" free="707128" total="5976064" percent="11" />
      <mem type="loa" free="315392" total="315392" percent="100" />
    </mem>
    <remembered-set count="959" />
  </mem-info>
</gc-start>
<allocation-stats totalBytes="2217584" discardedBytes="3184" >
  <allocated-bytes non-tlh="6328" tlh="2211256" />
  <largest-consumer threadName="main" threadId="0000000000025A00" bytes="2217584" />
</allocation-stats>
<gc-op id="483" type="scavenge" timems="2.271" contextid="480" timestamp="2025-12-16T21:21:32.001">
  <scavenger-info tenureage="2" tenuremask="fff4" tiltratio="69" />
  <memory-copied type="nursery" objects="8387" bytes="438256" bytesdiscarded="117584" />
  <memory-copied type="tenure" objects="5342" bytes="364600" bytesdiscarded="248" />
  <finalization candidates="57" enqueued="12" />
  <ownableSynchronizers candidates="39" cleared="0" />
  <references type="weak" candidates="8" cleared="5" enqueued="5" />
  <references type="phantom" candidates="28" cleared="1" enqueued="1" />
  <object-monitors candidates="6" cleared="0"  />
</gc-op>
<heap-resize id="484" type="expand" space="nursery" amount="393216" count="1" timems="0.033" reason="excessive time being spent scavenging" timestamp="2025-12-16T21:21:32.002" />
<gc-end id="485" type="scavenge" contextid="480" durationms="5.943" usertimems="4.281" systemtimems="0.000" stalltimems="0.986" timestamp="2025-12-16T21:21:32.003" activeThreads="2">
  <mem-info id="486" free="3581552" total="11010048" percent="32">
    <mem type="nursery" free="2917176" total="4718592" percent="61">
      <mem type="allocate" free="2917176" total="3473408" percent="83" />
      <mem type="survivor" free="0" total="1245184" percent="0" />
    </mem>
    <mem type="tenure" free="664376" total="6291456" percent="10">
      <mem type="soa" free="348984" total="5976064" percent="5" />
      <mem type="loa" free="315392" total="315392" percent="100" />
    </mem>
    <pending-finalizers system="12" default="0" reference="6" classloader="0" />
    <remembered-set count="427" />
  </mem-info>
</gc-end>
<cycle-end id="487" type="scavenge" contextid="480" timestamp="2025-12-16T21:21:32.004" />
<allocation-satisfied id="488" threadId="0000000000025A00" bytesRequested="8208" />
<af-end id="489" timestamp="2025-12-16T21:21:32.005" threadId="0000000000026478" success="true" from="nursery"/>
<exclusive-end id="490" timestamp="2025-12-16T21:21:32.006" durationms="11.725" />

<concurrent-kickoff id="491" timestamp="2025-12-16T21:21:32.033">
  <kickoff reason="threshold reached" targetBytes="1867303" thresholdFreeBytes="258710"  remainingFree="250680" tenureFreeBytes="655720" nurseryFreeBytes="250680" />
</concurrent-kickoff>
<exclusive-start id="492" timestamp="2025-12-16T21:21:32.034" intervalms="39.966">
  <response-info timems="0.211" idlems="0.171" threads="1" lastid="00000000005F7E00" lastname="Equinox start level thread - Equinox Container: 9cfd4883-eb0f-4" />
</exclusive-start>
<cycle-start id="493" type="global" contextid="0" timestamp="2025-12-16T21:21:32.035" intervalms="4580.108" />
<concurrent-start id="494" type="global mark" contextid="493" timestamp="2025-12-16T21:21:32.036">
</concurrent-start>
<exclusive-end id="495" timestamp="2025-12-16T21:21:32.037" durationms="2.610" />

<concurrent-end id="496" type="global mark" contextid="493" timestamp="2025-12-16T21:21:32.049">
<gc-op id="497" type="trace" timems="13.117" contextid="493" timestamp="2025-12-16T21:21:32.049">
  <trace bytesTraced="2642752" workStackOverflowCount="0" />
  <card-cleaning reason="card cleaning threshold reached" bytesTraced="21236" cardsCleaned="55" />
</gc-op>
</concurrent-end>

<exclusive-start id="498" timestamp="2025-12-16T21:21:32.052" intervalms="18.064">
  <response-info timems="1.293" idlems="0.741" threads="1" lastid="000000000002D300" lastname="JIT Compilation Thread-001" />
</exclusive-start>
<concurrent-global-final id="499" timestamp="2025-12-16T21:21:32.053" contextid="493" intervalms="4598.434" >
  <concurrent-trace-info reason="card cleaning threshold reached" tracedByMutators="355072" tracedByHelpers="2308916" cardsCleaned="55" workStackOverflowCount="0" />
</concurrent-global-final>
<gc-start id="500" type="global" contextid="493" timestamp="2025-12-16T21:21:32.055">
  <mem-info id="501" free="641176" total="11010048" percent="5">
    <mem type="nursery" free="0" total="4718592" percent="0">
      <mem type="allocate" free="0" total="3473408" percent="0" />
      <mem type="survivor" free="0" total="1245184" percent="0" />
    </mem>
    <mem type="tenure" free="641176" total="6291456" percent="10">
      <mem type="soa" free="325784" total="5976064" percent="5" />
      <mem type="loa" free="315392" total="315392" percent="100" />
    </mem>
    <remembered-set count="868" />
  </mem-info>
</gc-start>
<allocation-stats totalBytes="2937776" discardedBytes="2600" >
  <allocated-bytes non-tlh="31408" tlh="2906368" />
  <largest-consumer threadName="main" threadId="0000000000025A00" bytes="2504264" />
</allocation-stats>
<gc-op id="502" type="rs-scan" timems="1.422" contextid="493" timestamp="2025-12-16T21:21:32.058">
  <scan objectsFound="7631" bytesTraced="268956" workStackOverflowCount="0" />
</gc-op>
<gc-op id="503" type="card-cleaning" timems="0.521" contextid="493" timestamp="2025-12-16T21:21:32.059">
  <card-cleaning cardsCleaned="29" bytesTraced="22956" workStackOverflowCount="0" />
</gc-op>
<gc-op id="504" type="mark" timems="6.032" contextid="493" timestamp="2025-12-16T21:21:32.066">
  <trace-info objectcount="844" scancount="712" scanbytes="27856" />
  <finalization candidates="604" enqueued="75" />
  <ownableSynchronizers candidates="98" cleared="2" />
  <references type="soft" candidates="3818" cleared="0" enqueued="0" dynamicThreshold="32" maxThreshold="32" />
  <references type="weak" candidates="831" cleared="128" enqueued="128" />
  <references type="phantom" candidates="128" cleared="11" enqueued="11" />
  <stringconstants candidates="9062" cleared="47"  />
  <object-monitors candidates="15" cleared="7"  />
</gc-op>
<gc-op id="505" type="classunload" timems="0.012" contextid="493" timestamp="2025-12-16T21:21:32.066">
  <classunload-info classloadercandidates="15" classloadersunloaded="0" classesunloaded="0" anonymousclassesunloaded="0" quiescems="0.000" setupms="0.011" scanms="0.000" postms="0.000" />
</gc-op>
<gc-op id="506" type="sweep" timems="1.920" contextid="493" timestamp="2025-12-16T21:21:32.069" />
<heap-resize id="507" type="expand" space="tenure" amount="1048576" count="1" timems="0.129" reason="insufficient free space following gc" timestamp="2025-12-16T21:21:32.070" />
<gc-end id="508" type="global" contextid="493" durationms="16.153" usertimems="15.512" systemtimems="0.000" stalltimems="28.057" timestamp="2025-12-16T21:21:32.071" activeThreads="5">
  <mem-info id="509" free="5225736" total="12058624" percent="43">
    <mem type="nursery" free="2894008" total="4718592" percent="61">
      <mem type="allocate" free="2894008" total="3473408" percent="83" />
      <mem type="survivor" free="0" total="1245184" percent="0" />
    </mem>
    <mem type="tenure" free="2331728" total="7340032" percent="31" micro-fragmented="95388" macro-fragmented="0">
      <mem type="soa" free="1964112" total="6972416" percent="28" />
      <mem type="loa" free="367616" total="367616" percent="100" />
    </mem>
    <pending-finalizers system="75" default="0" reference="139" classloader="0" />
    <remembered-set count="805" />
  </mem-info>
</gc-end>
<cycle-end id="510" type="global" contextid="493" timestamp="2025-12-16T21:21:32.071" />
<exclusive-end id="511" timestamp="2025-12-16T21:21:32.072" durationms="19.749" />

<exclusive-start id="512" timestamp="2025-12-16T21:21:32.207" intervalms="154.932">
  <response-info timems="0.038" idlems="0.038" threads="0" lastid="00000000005F4100" lastname="Equinox start level thread - Equinox Container: 9cfd4883-eb0f-4" />
</exclusive-start>
<af-start id="513" threadId="00000000005F4B78" totalBytesRequested="16392" timestamp="2025-12-16T21:21:32.208" intervalms="212.964" type="nursery" />
<cycle-start id="514" type="scavenge" contextid="0" timestamp="2025-12-16T21:21:32.209" intervalms="212.882" />
<gc-start id="515" type="scavenge" contextid="514" timestamp="2025-12-16T21:21:32.210">
  <mem-info id="516" free="2119112" total="12058624" percent="17">
    <mem type="nursery" free="66112" total="4718592" percent="1">
      <mem type="allocate" free="66112" total="3473408" percent="1" />
      <mem type="survivor" free="0" total="1245184" percent="0" />
    </mem>
    <mem type="tenure" free="2053000" total="7340032" percent="27">
      <mem type="soa" free="1685384" total="6972416" percent="24" />
      <mem type="loa" free="367616" total="367616" percent="100" />
    </mem>
    <remembered-set count="4658" />
  </mem-info>
</gc-start>
<allocation-stats totalBytes="3082760" discardedBytes="13640" >
  <allocated-bytes non-tlh="342808" tlh="2739952" />
  <largest-consumer threadName="Equinox start level thread - Equinox Container: 9cfd4883-eb0f-4cba-9790-25a8655ed831" threadId="0000000000607900" bytes="1180416" />
</allocation-stats>
<gc-op id="517" type="scavenge" timems="2.864" contextid="514" timestamp="2025-12-16T21:21:32.214">
  <scavenger-info tenureage="2" tenuremask="fff4" tiltratio="73" />
  <memory-copied type="nursery" objects="16241" bytes="666752" bytesdiscarded="36576" />
  <memory-copied type="tenure" objects="4426" bytes="249896" bytesdiscarded="1536" />
  <finalization candidates="429" enqueued="222" />
  <ownableSynchronizers candidates="229" cleared="153" />
  <references type="soft" candidates="132" cleared="0" enqueued="0" dynamicThreshold="10" maxThreshold="32" />
  <references type="weak" candidates="912" cleared="622" enqueued="619" />
  <references type="phantom" candidates="34" cleared="28" enqueued="28" />
  <object-monitors candidates="11" cleared="0"  />
</gc-op>
<gc-end id="518" type="scavenge" contextid="514" durationms="5.418" usertimems="5.644" systemtimems="0.000" stalltimems="0.348" timestamp="2025-12-16T21:21:32.215" activeThreads="2">
  <mem-info id="519" free="4649672" total="12058624" percent="38">
    <mem type="nursery" free="2898656" total="4718592" percent="61">
      <mem type="allocate" free="2898656" total="3604480" percent="80" />
      <mem type="survivor" free="0" total="1114112" percent="0" />
    </mem>
    <mem type="tenure" free="1751016" total="7340032" percent="23">
      <mem type="soa" free="1383400" total="6972416" percent="19" />
      <mem type="loa" free="367616" total="367616" percent="100" />
    </mem>
    <pending-finalizers system="222" default="0" reference="647" classloader="0" />
    <remembered-set count="4399" />
  </mem-info>
</gc-end>
<cycle-end id="520" type="scavenge" contextid="514" timestamp="2025-12-16T21:21:32.216" />
<allocation-satisfied id="521" threadId="00000000005F4100" bytesRequested="16392" />
<af-end id="522" timestamp="2025-12-16T21:21:32.218" threadId="00000000005F4B78" success="true" from="nursery"/>
<exclusive-end id="523" timestamp="2025-12-16T21:21:32.219" durationms="11.518" />

<exclusive-start id="524" timestamp="2025-12-16T21:21:32.284" intervalms="77.278">
  <response-info timems="0.229" idlems="0.179" threads="1" lastid="000000000002D300" lastname="JIT Compilation Thread-001" />
</exclusive-start>
<af-start id="525" threadId="00000000005F4B78" totalBytesRequested="24" timestamp="2025-12-16T21:21:32.285" intervalms="77.182" type="nursery" />
<cycle-start id="526" type="scavenge" contextid="0" timestamp="2025-12-16T21:21:32.286" intervalms="77.071" />
<gc-start id="527" type="scavenge" contextid="526" timestamp="2025-12-16T21:21:32.287">
  <mem-info id="528" free="1690208" total="12058624" percent="14">
    <mem type="nursery" free="0" total="4718592" percent="0">
      <mem type="allocate" free="0" total="3604480" percent="0" />
      <mem type="survivor" free="0" total="1114112" percent="0" />
    </mem>
    <mem type="tenure" free="1690208" total="7340032" percent="23">
      <mem type="soa" free="1322592" total="6972416" percent="18" />
      <mem type="loa" free="367616" total="367616" percent="100" />
    </mem>
    <remembered-set count="5252" />
  </mem-info>
</gc-start>
<allocation-stats totalBytes="2955976" discardedBytes="576" >
  <allocated-bytes non-tlh="74288" tlh="2881688" />
  <largest-consumer threadName="Equinox start level thread - Equinox Container: 9cfd4883-eb0f-4cba-9790-25a8655ed831" threadId="00000000005F4100" bytes="2125144" />
</allocation-stats>
<gc-op id="529" type="scavenge" timems="2.810" contextid="526" timestamp="2025-12-16T21:21:32.291">
  <scavenger-info tenureage="4" tenuremask="fff0" tiltratio="76" />
  <memory-copied type="nursery" objects="20842" bytes="834624" bytesdiscarded="31184" />
  <finalization candidates="307" enqueued="64" />
  <ownableSynchronizers candidates="138" cleared="26" />
  <references type="soft" candidates="282" cleared="0" enqueued="0" dynamicThreshold="10" maxThreshold="32" />
  <references type="weak" candidates="660" cleared="252" enqueued="249" />
  <references type="phantom" candidates="16" cleared="11" enqueued="11" />
  <object-monitors candidates="11" cleared="0"  />
</gc-op>
<gc-end id="530" type="scavenge" contextid="526" durationms="4.958" usertimems="4.169" systemtimems="1.625" stalltimems="0.308" timestamp="2025-12-16T21:21:32.292" activeThreads="2">
  <mem-info id="531" free="4295776" total="12058624" percent="35">
    <mem type="nursery" free="2605568" total="4718592" percent="55">
      <mem type="allocate" free="2605568" total="3473408" percent="75" />
      <mem type="survivor" free="0" total="1245184" percent="0" />
    </mem>
    <mem type="tenure" free="1690208" total="7340032" percent="23">
      <mem type="soa" free="1322592" total="6972416" percent="18" />
      <mem type="loa" free="367616" total="367616" percent="100" />
    </mem>
    <pending-finalizers system="64" default="0" reference="260" classloader="0" />
    <remembered-set count="5149" />
  </mem-info>
</gc-end>
<cycle-end id="532" type="scavenge" contextid="526" timestamp="2025-12-16T21:21:32.293" />
<allocation-satisfied id="533" threadId="00000000005F4100" bytesRequested="24" />
<af-end id="534" timestamp="2025-12-16T21:21:32.294" threadId="00000000005F4B78" success="true" from="nursery"/>
<exclusive-end id="535" timestamp="2025-12-16T21:21:32.295" durationms="10.714" />

<exclusive-start id="536" timestamp="2025-12-16T21:21:32.331" intervalms="47.010">
  <response-info timems="0.053" idlems="0.053" threads="0" lastid="00000000005FFB00" lastname="Equinox start level thread - Equinox Container: 9cfd4883-eb0f-4" />
</exclusive-start>
<af-start id="537" threadId="0000000000600578" totalBytesRequested="40" timestamp="2025-12-16T21:21:32.332" intervalms="47.058" type="nursery" />
<cycle-start id="538" type="scavenge" contextid="0" timestamp="2025-12-16T21:21:32.333" intervalms="46.911" />
<gc-start id="539" type="scavenge" contextid="538" timestamp="2025-12-16T21:21:32.334">
  <mem-info id="540" free="1679944" total="12058624" percent="13">
    <mem type="nursery" free="0" total="4718592" percent="0">
      <mem type="allocate" free="0" total="3473408" percent="0" />
      <mem type="survivor" free="0" total="1245184" percent="0" />
    </mem>
    <mem type="tenure" free="1679944" total="7340032" percent="22">
      <mem type="soa" free="1312328" total="6972416" percent="18" />
      <mem type="loa" free="367616" total="367616" percent="100" />
    </mem>
    <remembered-set count="5372" />
  </mem-info>
</gc-start>
<allocation-stats totalBytes="2614376" discardedBytes="1456" >
  <allocated-bytes non-tlh="26680" tlh="2587696" />
  <largest-consumer threadName="Equinox start level thread - Equinox Container: 9cfd4883-eb0f-4cba-9790-25a8655ed831" threadId="00000000005F4100" bytes="1497680" />
</allocation-stats>
<gc-op id="541" type="scavenge" timems="3.442" contextid="538" timestamp="2025-12-16T21:21:32.339">
  <scavenger-info tenureage="3" tenuremask="fff8" tiltratio="73" />
  <memory-copied type="nursery" objects="26710" bytes="1082232" bytesdiscarded="25744" />
  <memory-copied type="tenure" objects="130" bytes="3680" bytesdiscarded="0" />
  <finalization candidates="245" enqueued="2" />
  <ownableSynchronizers candidates="371" cleared="122" />
  <references type="soft" candidates="310" cleared="0" enqueued="0" dynamicThreshold="10" maxThreshold="32" />
  <references type="weak" candidates="493" cleared="41" enqueued="41" />
  <references type="phantom" candidates="8" cleared="2" enqueued="2" />
  <object-monitors candidates="12" cleared="1"  />
</gc-op>
<heap-resize id="542" type="expand" space="nursery" amount="393216" count="1" timems="0.034" reason="excessive time being spent scavenging" timestamp="2025-12-16T21:21:32.339" />
<gc-end id="543" type="scavenge" contextid="538" durationms="6.568" usertimems="6.894" systemtimems="0.000" stalltimems="0.754" timestamp="2025-12-16T21:21:32.340" activeThreads="2">
  <mem-info id="544" free="3951544" total="12451840" percent="31">
    <mem type="nursery" free="2296816" total="5111808" percent="44">
      <mem type="allocate" free="2296816" total="3407872" percent="67" />
      <mem type="survivor" free="0" total="1703936" percent="0" />
    </mem>
    <mem type="tenure" free="1654728" total="7340032" percent="22">
      <mem type="soa" free="1287112" total="6972416" percent="18" />
      <mem type="loa" free="367616" total="367616" percent="100" />
    </mem>
    <pending-finalizers system="2" default="0" reference="43" classloader="0" />
    <remembered-set count="1993" />
  </mem-info>
</gc-end>
<cycle-end id="545" type="scavenge" contextid="538" timestamp="2025-12-16T21:21:32.341" />
<allocation-satisfied id="546" threadId="00000000005FFB00" bytesRequested="40" />
<af-end id="547" timestamp="2025-12-16T21:21:32.342" threadId="0000000000600578" success="true" from="nursery"/>
<exclusive-end id="548" timestamp="2025-12-16T21:21:32.343" durationms="11.495" />

<exclusive-start id="549" timestamp="2025-12-16T21:21:32.396" intervalms="64.823">
  <response-info timems="0.046" idlems="0.046" threads="0" lastid="00000000005FFB00" lastname="Equinox start level thread - Equinox Container: 9cfd4883-eb0f-4" />
</exclusive-start>
<af-start id="550" threadId="0000000000600578" totalBytesRequested="32" timestamp="2025-12-16T21:21:32.397" intervalms="64.501" type="nursery" />
<cycle-start id="551" type="scavenge" contextid="0" timestamp="2025-12-16T21:21:32.397" intervalms="64.382" />
<gc-start id="552" type="scavenge" contextid="551" timestamp="2025-12-16T21:21:32.398">
  <mem-info id="553" free="1578992" total="12451840" percent="12">
    <mem type="nursery" free="0" total="5111808" percent="0">
      <mem type="allocate" free="0" total="3407872" percent="0" />
      <mem type="survivor" free="0" total="1703936" percent="0" />
    </mem>
    <mem type="tenure" free="1578992" total="7340032" percent="21">
      <mem type="soa" free="1211376" total="6972416" percent="17" />
      <mem type="loa" free="367616" total="367616" percent="100" />
    </mem>
    <remembered-set count="3086" />
  </mem-info>
</gc-start>
<allocation-stats totalBytes="2371656" discardedBytes="896" >
  <allocated-bytes non-tlh="75776" tlh="2295880" />
  <largest-consumer threadName="Equinox start level thread - Equinox Container: 9cfd4883-eb0f-4cba-9790-25a8655ed831" threadId="00000000005FFB00" bytes="1073072" />
</allocation-stats>
<gc-op id="554" type="scavenge" timems="4.715" contextid="551" timestamp="2025-12-16T21:21:32.404">
  <scavenger-info tenureage="3" tenuremask="ffe8" tiltratio="66" />
  <memory-copied type="nursery" objects="23154" bytes="881192" bytesdiscarded="37744" />
  <memory-copied type="tenure" objects="13291" bytes="524616" bytesdiscarded="1136" />
  <finalization candidates="241" enqueued="10" />
  <ownableSynchronizers candidates="705" cleared="167" />
  <references type="soft" candidates="549" cleared="0" enqueued="0" dynamicThreshold="10" maxThreshold="32" />
  <references type="weak" candidates="646" cleared="345" enqueued="345" />
  <references type="phantom" candidates="5" cleared="4" enqueued="4" />
  <object-monitors candidates="13" cleared="0"  />
</gc-op>
<heap-resize id="555" type="expand" space="nursery" amount="262144" count="1" timems="0.034" reason="excessive time being spent scavenging" timestamp="2025-12-16T21:21:32.405" />
<gc-end id="556" type="scavenge" contextid="551" durationms="7.046" usertimems="6.246" systemtimems="2.886" stalltimems="0.558" timestamp="2025-12-16T21:21:32.405" activeThreads="2">
  <mem-info id="557" free="3799768" total="12713984" percent="29">
    <mem type="nursery" free="2747384" total="5373952" percent="51">
      <mem type="allocate" free="2747384" total="3670016" percent="74" />
      <mem type="survivor" free="0" total="1703936" percent="0" />
    </mem>
    <mem type="tenure" free="1052384" total="7340032" percent="14">
      <mem type="soa" free="684768" total="6972416" percent="9" />
      <mem type="loa" free="367616" total="367616" percent="100" />
    </mem>
    <pending-finalizers system="10" default="0" reference="349" classloader="0" />
    <remembered-set count="1862" />
  </mem-info>
</gc-end>
<cycle-end id="558" type="scavenge" contextid="551" timestamp="2025-12-16T21:21:32.406" />
<allocation-satisfied id="559" threadId="00000000005FFB00" bytesRequested="32" />
<af-end id="560" timestamp="2025-12-16T21:21:32.407" threadId="0000000000600578" success="true" from="nursery"/>
<exclusive-end id="561" timestamp="2025-12-16T21:21:32.407" durationms="10.814" />

<concurrent-kickoff id="562" timestamp="2025-12-16T21:21:32.456">
  <kickoff reason="threshold reached" targetBytes="2346170" thresholdFreeBytes="325077"  remainingFree="293880" tenureFreeBytes="1040624" nurseryFreeBytes="293880" />
</concurrent-kickoff>
<exclusive-start id="563" timestamp="2025-12-16T21:21:32.457" intervalms="60.339">
  <response-info timems="0.043" idlems="0.043" threads="0" lastid="0000000000839D00" lastname="Default Executor-thread-1" />
</exclusive-start>
<cycle-start id="564" type="global" contextid="0" timestamp="2025-12-16T21:21:32.457" intervalms="422.373" />
<concurrent-start id="565" type="global mark" contextid="564" timestamp="2025-12-16T21:21:32.458">
</concurrent-start>
<exclusive-end id="566" timestamp="2025-12-16T21:21:32.459" durationms="2.312" />

<exclusive-start id="567" timestamp="2025-12-16T21:21:32.466" intervalms="9.175">
  <response-info timems="0.036" idlems="0.036" threads="0" lastid="0000000000839D00" lastname="Default Executor-thread-1" />
</exclusive-start>
<af-start id="568" threadId="000000000083A778" totalBytesRequested="8200" timestamp="2025-12-16T21:21:32.467" intervalms="69.759" type="nursery" />
<cycle-start id="569" type="scavenge" contextid="0" timestamp="2025-12-16T21:21:32.467" intervalms="69.867" />
<gc-start id="570" type="scavenge" contextid="569" timestamp="2025-12-16T21:21:32.468">
  <mem-info id="571" free="1040624" total="12713984" percent="8">
    <mem type="nursery" free="0" total="5373952" percent="0">
      <mem type="allocate" free="0" total="3670016" percent="0" />
      <mem type="survivor" free="0" total="1703936" percent="0" />
    </mem>
    <mem type="tenure" free="1040624" total="7340032" percent="14">
      <mem type="soa" free="673008" total="6972416" percent="9" />
      <mem type="loa" free="367616" total="367616" percent="100" />
    </mem>
    <remembered-set count="2042" />
  </mem-info>
</gc-start>
<allocation-stats totalBytes="2755160" discardedBytes="3984" >
  <allocated-bytes non-tlh="19992" tlh="2735168" />
  <largest-consumer threadName="Default Executor-thread-1" threadId="0000000000839D00" bytes="2560408" />
</allocation-stats>
<gc-op id="572" type="scavenge" timems="3.913" contextid="569" timestamp="2025-12-16T21:21:32.473">
  <scavenger-info tenureage="3" tenuremask="ffe8" tiltratio="68" />
  <memory-copied type="nursery" objects="26252" bytes="1036472" bytesdiscarded="85720" />
  <memory-copied type="tenure" objects="5928" bytes="200424" bytesdiscarded="48" />
  <finalization candidates="37" enqueued="1" />
  <ownableSynchronizers candidates="487" cleared="5" />
  <references type="soft" candidates="406" cleared="0" enqueued="0" dynamicThreshold="10" maxThreshold="32" />
  <references type="weak" candidates="278" cleared="70" enqueued="69" />
  <references type="phantom" candidates="2" cleared="0" enqueued="0" />
  <object-monitors candidates="15" cleared="0"  />
</gc-op>
<heap-resize id="573" type="expand" space="nursery" amount="262144" count="1" timems="0.109" reason="excessive time being spent scavenging" timestamp="2025-12-16T21:21:32.474" />
<gc-end id="574" type="scavenge" contextid="569" durationms="7.055" usertimems="4.499" systemtimems="4.255" stalltimems="3.991" timestamp="2025-12-16T21:21:32.475" activeThreads="3">
  <mem-info id="575" free="3645392" total="12976128" percent="28">
    <mem type="nursery" free="2872800" total="5636096" percent="50">
      <mem type="allocate" free="2872800" total="3997696" percent="71" />
      <mem type="survivor" free="0" total="1638400" percent="0" />
    </mem>
    <mem type="tenure" free="772592" total="7340032" percent="10">
      <mem type="soa" free="404976" total="6972416" percent="5" />
      <mem type="loa" free="367616" total="367616" percent="100" />
    </mem>
    <pending-finalizers system="1" default="0" reference="69" classloader="0" />
    <remembered-set count="1655" />
  </mem-info>
</gc-end>
<cycle-end id="576" type="scavenge" contextid="569" timestamp="2025-12-16T21:21:32.476" />
<allocation-satisfied id="577" threadId="0000000000839D00" bytesRequested="8200" />
<af-end id="578" timestamp="2025-12-16T21:21:32.477" threadId="000000000083A778" success="true" from="nursery"/>
<exclusive-end id="579" timestamp="2025-12-16T21:21:32.478" durationms="12.167" />

<exclusive-start id="580" timestamp="2025-12-16T21:21:32.523" intervalms="56.927">
  <response-info timems="0.045" idlems="0.045" threads="0" lastid="0000000000839D00" lastname="Default Executor-thread-1" />
</exclusive-start>
<af-start id="581" threadId="000000000083A778" totalBytesRequested="8200" timestamp="2025-12-16T21:21:32.523" intervalms="56.853" type="nursery" />
<percolate-collect id="582" from="nursery" to="global" reason="concurrent mark exhausted" timestamp="2025-12-16T21:21:32.524"/>
<concurrent-end id="583" type="global mark" contextid="564" timestamp="2025-12-16T21:21:32.525">
<gc-op id="584" type="trace" timems="64.506" contextid="564" timestamp="2025-12-16T21:21:32.525">
  <trace bytesTraced="3487276" workStackOverflowCount="0" />
  <card-cleaning reason="card cleaning threshold reached" bytesTraced="23400" cardsCleaned="48" />
</gc-op>
</concurrent-end>

<gc-start id="585" type="global" contextid="564" timestamp="2025-12-16T21:21:32.526">
  <mem-info id="586" free="772544" total="12976128" percent="5">
    <mem type="nursery" free="0" total="5636096" percent="0">
      <mem type="allocate" free="0" total="3997696" percent="0" />
      <mem type="survivor" free="0" total="1638400" percent="0" />
    </mem>
    <mem type="tenure" free="772544" total="7340032" percent="10">
      <mem type="soa" free="404928" total="6972416" percent="5" />
      <mem type="loa" free="367616" total="367616" percent="100" />
    </mem>
    <remembered-set count="1661" />
  </mem-info>
</gc-start>
<allocation-stats totalBytes="2843024" discardedBytes="29824" >
  <allocated-bytes non-tlh="8248" tlh="2834776" />
  <largest-consumer threadName="Default Executor-thread-1" threadId="0000000000839D00" bytes="2838928" />
</allocation-stats>
<concurrent-halted id="587" timestamp="2025-12-16T21:21:32.528">
  <halted state="Complete" status="exhausted" />
  <traced bytesTarget="2330402" bytesTotal="3510676" bytesByMutator="135012" bytesByHelper="3375664" percent="150" />
  <cards cleaned="48" thresholdBytes="128060" />
</concurrent-halted>
<gc-op id="588" type="rs-scan" timems="1.668" contextid="564" timestamp="2025-12-16T21:21:32.530">
  <scan objectsFound="26896" bytesTraced="899848" workStackOverflowCount="0" />
</gc-op>
<gc-op id="589" type="card-cleaning" timems="0.846" contextid="564" timestamp="2025-12-16T21:21:32.532">
  <card-cleaning cardsCleaned="1" bytesTraced="512" workStackOverflowCount="0" />
</gc-op>
<gc-op id="590" type="mark" timems="9.956" contextid="564" timestamp="2025-12-16T21:21:32.542">
  <trace-info objectcount="3942" scancount="2227" scanbytes="60968" />
  <finalization candidates="725" enqueued="0" />
  <ownableSynchronizers candidates="625" cleared="0" />
  <references type="soft" candidates="4482" cleared="0" enqueued="0" dynamicThreshold="10" maxThreshold="32" />
  <references type="weak" candidates="1245" cleared="0" enqueued="0" />
  <references type="phantom" candidates="124" cleared="0" enqueued="0" />
  <stringconstants candidates="12423" cleared="19"  />
  <object-monitors candidates="15" cleared="1"  />
</gc-op>
<gc-op id="591" type="classunload" timems="0.015" contextid="564" timestamp="2025-12-16T21:21:32.543">
  <classunload-info classloadercandidates="31" classloadersunloaded="0" classesunloaded="0" anonymousclassesunloaded="0" quiescems="0.000" setupms="0.015" scanms="0.000" postms="0.000" />
</gc-op>
<gc-op id="592" type="sweep" timems="2.256" contextid="564" timestamp="2025-12-16T21:21:32.546" />
<heap-resize id="593" type="expand" space="tenure" amount="1835008" count="1" timems="0.045" reason="insufficient free space following gc" timestamp="2025-12-16T21:21:32.547" />
<gc-end id="594" type="global" contextid="564" durationms="21.217" usertimems="15.680" systemtimems="8.116" stalltimems="56.782" timestamp="2025-12-16T21:21:32.548" activeThreads="6">
  <mem-info id="595" free="4957544" total="14811136" percent="33">
    <mem type="nursery" free="2196176" total="5636096" percent="38">
      <mem type="allocate" free="2196176" total="3997696" percent="54" />
      <mem type="survivor" free="0" total="1638400" percent="0" />
    </mem>
    <mem type="tenure" free="2761368" total="9175040" percent="30" micro-fragmented="236850" macro-fragmented="0">
      <mem type="soa" free="2302616" total="8716288" percent="26" />
      <mem type="loa" free="458752" total="458752" percent="100" />
    </mem>
    <remembered-set count="1403" />
  </mem-info>
</gc-end>
<cycle-end id="596" type="global" contextid="564" timestamp="2025-12-16T21:21:32.548" />
<allocation-satisfied id="597" threadId="0000000000839D00" bytesRequested="8200" />
<af-end id="598" timestamp="2025-12-16T21:21:32.549" threadId="000000000083A778" success="true" from="nursery"/>
<exclusive-end id="599" timestamp="2025-12-16T21:21:32.550" durationms="27.246" />

<exclusive-start id="600" timestamp="2025-12-16T21:21:32.577" intervalms="54.633">
  <response-info timems="0.038" idlems="0.038" threads="0" lastid="0000000000839D00" lastname="Default Executor-thread-1" />
</exclusive-start>
<af-start id="601" threadId="000000000083A778" totalBytesRequested="8200" timestamp="2025-12-16T21:21:32.578" intervalms="54.627" type="nursery" />
<cycle-start id="602" type="scavenge" contextid="0" timestamp="2025-12-16T21:21:32.579" intervalms="111.469" />
<gc-start id="603" type="scavenge" contextid="602" timestamp="2025-12-16T21:21:32.579">
  <mem-info id="604" free="2761368" total="14811136" percent="18">
    <mem type="nursery" free="0" total="5636096" percent="0">
      <mem type="allocate" free="0" total="3997696" percent="0" />
      <mem type="survivor" free="0" total="1638400" percent="0" />
    </mem>
    <mem type="tenure" free="2761368" total="9175040" percent="30">
      <mem type="soa" free="2302616" total="8716288" percent="26" />
      <mem type="loa" free="458752" total="458752" percent="100" />
    </mem>
    <remembered-set count="1403" />
  </mem-info>
</gc-start>
<allocation-stats totalBytes="2170656" discardedBytes="16000" >
  <allocated-bytes non-tlh="840824" tlh="1329832" />
  <largest-consumer threadName="Default Executor-thread-1" threadId="0000000000839D00" bytes="2170656" />
</allocation-stats>
<gc-op id="605" type="scavenge" timems="3.592" contextid="602" timestamp="2025-12-16T21:21:32.584">
  <scavenger-info tenureage="3" tenuremask="6008" tiltratio="70" />
  <memory-copied type="nursery" objects="32812" bytes="1174128" bytesdiscarded="27784" />
  <memory-copied type="tenure" objects="6466" bytes="315544" bytesdiscarded="1112" />
  <ownableSynchronizers candidates="1250" cleared="822" />
  <references type="soft" candidates="378" cleared="0" enqueued="0" dynamicThreshold="9" maxThreshold="32" />
  <references type="weak" candidates="163" cleared="0" enqueued="0" />
  <references type="phantom" candidates="2" cleared="0" enqueued="0" />
  <object-monitors candidates="14" cleared="0"  />
</gc-op>
<gc-end id="606" type="scavenge" contextid="602" durationms="5.477" usertimems="2.720" systemtimems="5.095" stalltimems="2.770" timestamp="2025-12-16T21:21:32.585" activeThreads="3">
  <mem-info id="607" free="5005736" total="14811136" percent="33">
    <mem type="nursery" free="2794224" total="5636096" percent="49">
      <mem type="allocate" free="2794224" total="3997696" percent="69" />
      <mem type="survivor" free="0" total="1638400" percent="0" />
    </mem>
    <mem type="tenure" free="2211512" total="9175040" percent="24">
      <mem type="soa" free="1752760" total="8716288" percent="20" />
      <mem type="loa" free="458752" total="458752" percent="100" />
    </mem>
    <remembered-set count="891" />
  </mem-info>
</gc-end>
<cycle-end id="608" type="scavenge" contextid="602" timestamp="2025-12-16T21:21:32.586" />
<allocation-satisfied id="609" threadId="0000000000839D00" bytesRequested="8200" />
<af-end id="610" timestamp="2025-12-16T21:21:32.587" threadId="000000000083A778" success="true" from="nursery"/>
<exclusive-end id="611" timestamp="2025-12-16T21:21:32.588" durationms="10.350" />

<exclusive-start id="612" timestamp="2025-12-16T21:21:32.632" intervalms="54.938">
  <response-info timems="0.044" idlems="0.044" threads="0" lastid="0000000000839D00" lastname="Default Executor-thread-1" />
</exclusive-start>
<af-start id="613" threadId="000000000083A778" totalBytesRequested="48" timestamp="2025-12-16T21:21:32.633" intervalms="55.006" type="nursery" />
<cycle-start id="614" type="scavenge" contextid="0" timestamp="2025-12-16T21:21:32.634" intervalms="55.194" />
<gc-start id="615" type="scavenge" contextid="614" timestamp="2025-12-16T21:21:32.635">
  <mem-info id="616" free="2211512" total="14811136" percent="14">
    <mem type="nursery" free="0" total="5636096" percent="0">
      <mem type="allocate" free="0" total="3997696" percent="0" />
      <mem type="survivor" free="0" total="1638400" percent="0" />
    </mem>
    <mem type="tenure" free="2211512" total="9175040" percent="24">
      <mem type="soa" free="1752760" total="8716288" percent="20" />
      <mem type="loa" free="458752" total="458752" percent="100" />
    </mem>
    <remembered-set count="891" />
  </mem-info>
</gc-start>
<allocation-stats totalBytes="2794016" discardedBytes="208" >
  <allocated-bytes non-tlh="8200" tlh="2785816" />
  <largest-consumer threadName="Default Executor-thread-1" threadId="0000000000839D00" bytes="2794016" />
</allocation-stats>
<gc-op id="617" type="scavenge" timems="2.697" contextid="614" timestamp="2025-12-16T21:21:32.639">
  <scavenger-info tenureage="3" tenuremask="6008" tiltratio="70" />
  <memory-copied type="nursery" objects="30618" bytes="1096400" bytesdiscarded="27576" />
  <memory-copied type="tenure" objects="9611" bytes="330040" bytesdiscarded="176" />
  <ownableSynchronizers candidates="291" cleared="0" />
  <references type="soft" candidates="7" cleared="0" enqueued="0" dynamicThreshold="9" maxThreshold="32" />
  <references type="weak" candidates="26" cleared="0" enqueued="0" />
  <object-monitors candidates="14" cleared="0"  />
</gc-op>
<heap-resize id="618" type="expand" space="nursery" amount="262144" count="1" timems="0.031" reason="excessive time being spent scavenging" timestamp="2025-12-16T21:21:32.640" />
<gc-end id="619" type="scavenge" contextid="614" durationms="5.614" usertimems="5.335" systemtimems="1.876" stalltimems="1.441" timestamp="2025-12-16T21:21:32.640" activeThreads="3">
  <mem-info id="620" free="4972288" total="15073280" percent="32">
    <mem type="nursery" free="3070280" total="5898240" percent="52">
      <mem type="allocate" free="3070280" total="4194304" percent="73" />
      <mem type="survivor" free="0" total="1703936" percent="0" />
    </mem>
    <mem type="tenure" free="1902008" total="9175040" percent="20">
      <mem type="soa" free="1443256" total="8716288" percent="16" />
      <mem type="loa" free="458752" total="458752" percent="100" />
    </mem>
    <remembered-set count="285" />
  </mem-info>
</gc-end>
<cycle-end id="621" type="scavenge" contextid="614" timestamp="2025-12-16T21:21:32.641" />
<allocation-satisfied id="622" threadId="0000000000839D00" bytesRequested="48" />
<af-end id="623" timestamp="2025-12-16T21:21:32.643" threadId="000000000083A778" success="true" from="nursery"/>
<exclusive-end id="624" timestamp="2025-12-16T21:21:32.643" durationms="11.053" />

<exclusive-start id="625" timestamp="2025-12-16T21:21:32.694" intervalms="62.094">
  <response-info timems="0.043" idlems="0.043" threads="0" lastid="0000000000839D00" lastname="Default Executor-thread-1" />
</exclusive-start>
<af-start id="626" threadId="000000000083A778" totalBytesRequested="96" timestamp="2025-12-16T21:21:32.695" intervalms="62.061" type="nursery" />
<cycle-start id="627" type="scavenge" contextid="0" timestamp="2025-12-16T21:21:32.696" intervalms="61.930" />
<gc-start id="628" type="scavenge" contextid="627" timestamp="2025-12-16T21:21:32.697">
  <mem-info id="629" free="1902008" total="15073280" percent="12">
    <mem type="nursery" free="0" total="5898240" percent="0">
      <mem type="allocate" free="0" total="4194304" percent="0" />
      <mem type="survivor" free="0" total="1703936" percent="0" />
    </mem>
    <mem type="tenure" free="1902008" total="9175040" percent="20">
      <mem type="soa" free="1443256" total="8716288" percent="16" />
      <mem type="loa" free="458752" total="458752" percent="100" />
    </mem>
    <remembered-set count="287" />
  </mem-info>
</gc-start>
<allocation-stats totalBytes="3068320" discardedBytes="1960" >
  <allocated-bytes non-tlh="48" tlh="3068272" />
  <largest-consumer threadName="Default Executor-thread-1" threadId="0000000000839D00" bytes="3068320" />
</allocation-stats>
<gc-op id="630" type="scavenge" timems="4.716" contextid="627" timestamp="2025-12-16T21:21:32.703">
  <scavenger-info tenureage="2" tenuremask="600c" tiltratio="71" />
  <memory-copied type="nursery" objects="15357" bytes="555832" bytesdiscarded="62904" />
  <memory-copied type="tenure" objects="23187" bytes="840432" bytesdiscarded="1056" />
  <ownableSynchronizers candidates="1" cleared="0" />
  <references type="phantom" candidates="1" cleared="0" enqueued="0" />
  <object-monitors candidates="14" cleared="0"  />
</gc-op>
<heap-resize id="631" type="expand" space="nursery" amount="393216" count="1" timems="0.033" reason="excessive time being spent scavenging" timestamp="2025-12-16T21:21:32.704" />
<gc-end id="632" type="scavenge" contextid="627" durationms="7.391" usertimems="7.764" systemtimems="3.961" stalltimems="2.543" timestamp="2025-12-16T21:21:32.704" activeThreads="3">
  <mem-info id="633" free="5029640" total="15466496" percent="32">
    <mem type="nursery" free="3968776" total="6291456" percent="63">
      <mem type="allocate" free="3968776" total="4587520" percent="86" />
      <mem type="survivor" free="0" total="1703936" percent="0" />
    </mem>
    <mem type="tenure" free="1060864" total="9175040" percent="11">
      <mem type="soa" free="602112" total="8716288" percent="6" />
      <mem type="loa" free="458752" total="458752" percent="100" />
    </mem>
    <remembered-set count="295" />
  </mem-info>
</gc-end>
<cycle-end id="634" type="scavenge" contextid="627" timestamp="2025-12-16T21:21:32.705" />
<allocation-satisfied id="635" threadId="0000000000839D00" bytesRequested="96" />
<af-end id="636" timestamp="2025-12-16T21:21:32.706" threadId="000000000083A778" success="true" from="nursery"/>
<exclusive-end id="637" timestamp="2025-12-16T21:21:32.707" durationms="12.139" />

<concurrent-kickoff id="638" timestamp="2025-12-16T21:21:32.761">
  <kickoff reason="threshold reached" targetBytes="3193731" thresholdFreeBytes="442447"  remainingFree="286472" tenureFreeBytes="1060864" nurseryFreeBytes="286472" />
</concurrent-kickoff>
<exclusive-start id="639" timestamp="2025-12-16T21:21:32.762" intervalms="67.647">
  <response-info timems="0.042" idlems="0.042" threads="0" lastid="0000000000839D00" lastname="Default Executor-thread-1" />
</exclusive-start>
<cycle-start id="640" type="global" contextid="0" timestamp="2025-12-16T21:21:32.763" intervalms="305.171" />
<concurrent-start id="641" type="global mark" contextid="640" timestamp="2025-12-16T21:21:32.763">
</concurrent-start>
<exclusive-end id="642" timestamp="2025-12-16T21:21:32.763" durationms="1.411" />

<exclusive-start id="643" timestamp="2025-12-16T21:21:32.795" intervalms="32.494">
  <response-info timems="0.049" idlems="0.049" threads="0" lastid="0000000000839D00" lastname="Default Executor-thread-1" />
</exclusive-start>
<af-start id="644" threadId="000000000083A778" totalBytesRequested="16392" timestamp="2025-12-16T21:21:32.795" intervalms="100.142" type="nursery" />
<cycle-start id="645" type="scavenge" contextid="0" timestamp="2025-12-16T21:21:32.796" intervalms="100.412" />
<gc-start id="646" type="scavenge" contextid="645" timestamp="2025-12-16T21:21:32.797">
  <mem-info id="647" free="1060864" total="15466496" percent="6">
    <mem type="nursery" free="0" total="6291456" percent="0">
      <mem type="allocate" free="0" total="4587520" percent="0" />
      <mem type="survivor" free="0" total="1703936" percent="0" />
    </mem>
    <mem type="tenure" free="1060864" total="9175040" percent="11">
      <mem type="soa" free="602112" total="8716288" percent="6" />
      <mem type="loa" free="458752" total="458752" percent="100" />
    </mem>
    <remembered-set count="364" />
  </mem-info>
</gc-start>
<allocation-stats totalBytes="3906856" discardedBytes="61920" >
  <allocated-bytes non-tlh="96" tlh="3906760" />
  <largest-consumer threadName="Default Executor-thread-1" threadId="0000000000839D00" bytes="3906856" />
</allocation-stats>
<gc-op id="648" type="scavenge" timems="2.040" contextid="645" timestamp="2025-12-16T21:21:32.800">
  <scavenger-info tenureage="2" tenuremask="6004" tiltratio="72" />
  <memory-copied type="nursery" objects="18213" bytes="643432" bytesdiscarded="77304" />
  <memory-copied type="tenure" objects="7424" bytes="250496" bytesdiscarded="64" />
  <references type="phantom" candidates="1" cleared="0" enqueued="0" />
  <object-monitors candidates="14" cleared="0"  />
</gc-op>
<gc-end id="649" type="scavenge" contextid="645" durationms="4.191" usertimems="5.769" systemtimems="0.000" stalltimems="0.974" timestamp="2025-12-16T21:21:32.801" activeThreads="3">
  <mem-info id="650" free="4901224" total="15466496" percent="31">
    <mem type="nursery" free="4128920" total="6291456" percent="65">
      <mem type="allocate" free="4128920" total="4849664" percent="85" />
      <mem type="survivor" free="0" total="1441792" percent="0" />
    </mem>
    <mem type="tenure" free="772304" total="9175040" percent="8">
      <mem type="soa" free="313552" total="8716288" percent="3" />
      <mem type="loa" free="458752" total="458752" percent="100" />
    </mem>
    <remembered-set count="288" />
  </mem-info>
</gc-end>
<cycle-end id="651" type="scavenge" contextid="645" timestamp="2025-12-16T21:21:32.802" />
<allocation-satisfied id="652" threadId="0000000000839D00" bytesRequested="16392" />
<af-end id="653" timestamp="2025-12-16T21:21:32.803" threadId="000000000083A778" success="true" from="nursery"/>
<exclusive-end id="654" timestamp="2025-12-16T21:21:32.804" durationms="9.399" />

<concurrent-end id="655" type="global mark" contextid="640" timestamp="2025-12-16T21:21:32.864">
<gc-op id="656" type="trace" timems="101.153" contextid="640" timestamp="2025-12-16T21:21:32.864">
  <trace bytesTraced="4078892" workStackOverflowCount="0" />
  <card-cleaning reason="card cleaning threshold reached" bytesTraced="13620" cardsCleaned="54" />
</gc-op>
</concurrent-end>

<exclusive-start id="657" timestamp="2025-12-16T21:21:32.866" intervalms="71.227">
  <response-info timems="1.551" idlems="0.809" threads="1" lastid="0000000000863D00" lastname="Default Executor-thread-2" />
</exclusive-start>
<af-start id="658" threadId="0000000000868478" totalBytesRequested="64" timestamp="2025-12-16T21:21:32.866" intervalms="71.169" type="nursery" />
<percolate-collect id="659" from="nursery" to="global" reason="concurrent mark exhausted" timestamp="2025-12-16T21:21:32.867"/>
<gc-start id="660" type="global" contextid="640" timestamp="2025-12-16T21:21:32.868">
  <mem-info id="661" free="771552" total="15466496" percent="4">
    <mem type="nursery" free="0" total="6291456" percent="0">
      <mem type="allocate" free="0" total="4849664" percent="0" />
      <mem type="survivor" free="0" total="1441792" percent="0" />
    </mem>
    <mem type="tenure" free="771552" total="9175040" percent="8">
      <mem type="soa" free="312800" total="8716288" percent="3" />
      <mem type="loa" free="458752" total="458752" percent="100" />
    </mem>
    <remembered-set count="362" />
  </mem-info>
</gc-start>
<allocation-stats totalBytes="4108816" discardedBytes="20856" >
  <allocated-bytes non-tlh="17144" tlh="4091672" />
  <largest-consumer threadName="Default Executor-thread-1" threadId="0000000000839D00" bytes="4087712" />
</allocation-stats>
<gc-op id="662" type="rs-scan" timems="1.916" contextid="640" timestamp="2025-12-16T21:21:32.871">
  <scan objectsFound="42945" bytesTraced="1227952" workStackOverflowCount="0" />
</gc-op>
<gc-op id="663" type="card-cleaning" timems="0.931" contextid="640" timestamp="2025-12-16T21:21:32.873">
  <card-cleaning cardsCleaned="2" bytesTraced="1936" workStackOverflowCount="0" />
</gc-op>
<gc-op id="664" type="mark" timems="4.369" contextid="640" timestamp="2025-12-16T21:21:32.878">
  <trace-info objectcount="178" scancount="171" scanbytes="3580" />
  <finalization candidates="725" enqueued="0" />
  <ownableSynchronizers candidates="628" cleared="0" />
  <references type="soft" candidates="4482" cleared="0" enqueued="0" dynamicThreshold="9" maxThreshold="32" />
  <references type="weak" candidates="1257" cleared="3" enqueued="3" />
  <references type="phantom" candidates="124" cleared="0" enqueued="0" />
  <stringconstants candidates="12406" cleared="0"  />
  <object-monitors candidates="14" cleared="0"  />
</gc-op>
<gc-op id="665" type="sweep" timems="1.839" contextid="640" timestamp="2025-12-16T21:21:32.886" />
<heap-resize id="666" type="expand" space="tenure" amount="2490368" count="1" timems="0.121" reason="insufficient free space following gc" timestamp="2025-12-16T21:21:32.887" />
<gc-end id="667" type="global" contextid="640" durationms="19.123" usertimems="12.614" systemtimems="8.617" stalltimems="30.583" timestamp="2025-12-16T21:21:32.887" activeThreads="7">
  <mem-info id="668" free="6653576" total="17956864" percent="37">
    <mem type="nursery" free="3144104" total="6291456" percent="49">
      <mem type="allocate" free="3144104" total="4849664" percent="64" />
      <mem type="survivor" free="0" total="1441792" percent="0" />
    </mem>
    <mem type="tenure" free="3509472" total="11665408" percent="30" micro-fragmented="205683" macro-fragmented="0">
      <mem type="soa" free="2925792" total="11081728" percent="26" />
      <mem type="loa" free="583680" total="583680" percent="100" />
    </mem>
    <pending-finalizers system="0" default="0" reference="3" classloader="0" />
    <remembered-set count="359" />
  </mem-info>
</gc-end>
<cycle-end id="669" type="global" contextid="640" timestamp="2025-12-16T21:21:32.888" />
<allocation-satisfied id="670" threadId="0000000000867A00" bytesRequested="64" />
<af-end id="671" timestamp="2025-12-16T21:21:32.889" threadId="0000000000868478" success="true" from="nursery"/>
<exclusive-end id="672" timestamp="2025-12-16T21:21:32.890" durationms="24.115" />

<exclusive-start id="673" timestamp="2025-12-16T21:21:32.926" intervalms="59.820">
  <response-info timems="0.038" idlems="0.038" threads="0" lastid="0000000000839D00" lastname="Default Executor-thread-1" />
</exclusive-start>
<af-start id="674" threadId="000000000083A778" totalBytesRequested="16392" timestamp="2025-12-16T21:21:32.926" intervalms="59.890" type="nursery" />
<cycle-start id="675" type="scavenge" contextid="0" timestamp="2025-12-16T21:21:32.927" intervalms="130.918" />
<gc-start id="676" type="scavenge" contextid="675" timestamp="2025-12-16T21:21:32.928">
  <mem-info id="677" free="3509248" total="17956864" percent="19">
    <mem type="nursery" free="0" total="6291456" percent="0">
      <mem type="allocate" free="0" total="4849664" percent="0" />
      <mem type="survivor" free="0" total="1441792" percent="0" />
    </mem>
    <mem type="tenure" free="3509248" total="11665408" percent="30">
      <mem type="soa" free="2925568" total="11081728" percent="26" />
      <mem type="loa" free="583680" total="583680" percent="100" />
    </mem>
    <remembered-set count="398" />
  </mem-info>
</gc-start>
<allocation-stats totalBytes="3099608" discardedBytes="33856" >
  <allocated-bytes non-tlh="1170464" tlh="1929144" />
  <largest-consumer threadName="Default Executor-thread-1" threadId="0000000000839D00" bytes="3091128" />
</allocation-stats>
<gc-op id="678" type="scavenge" timems="2.453" contextid="675" timestamp="2025-12-16T21:21:32.931">
  <scavenger-info tenureage="13" tenuremask="6000" tiltratio="77" />
  <memory-copied type="nursery" objects="36494" bytes="1279248" bytesdiscarded="52688" />
  <ownableSynchronizers candidates="1257" cleared="1253" />
  <references type="weak" candidates="13" cleared="1" enqueued="1" />
  <references type="phantom" candidates="1" cleared="0" enqueued="0" />
  <object-monitors candidates="17" cleared="1"  />
</gc-op>
<gc-end id="679" type="scavenge" contextid="675" durationms="4.364" usertimems="4.168" systemtimems="1.492" stalltimems="2.157" timestamp="2025-12-16T21:21:32.932" activeThreads="3">
  <mem-info id="680" free="6240472" total="17956864" percent="34">
    <mem type="nursery" free="2731224" total="6291456" percent="43">
      <mem type="allocate" free="2731224" total="4063232" percent="67" />
      <mem type="survivor" free="0" total="2228224" percent="0" />
    </mem>
    <mem type="tenure" free="3509248" total="11665408" percent="30">
      <mem type="soa" free="2925568" total="11081728" percent="26" />
      <mem type="loa" free="583680" total="583680" percent="100" />
    </mem>
    <pending-finalizers system="0" default="0" reference="1" classloader="0" />
    <remembered-set count="392" />
  </mem-info>
</gc-end>
<cycle-end id="681" type="scavenge" contextid="675" timestamp="2025-12-16T21:21:32.933" />
<allocation-satisfied id="682" threadId="0000000000839D00" bytesRequested="16392" />
<af-end id="683" timestamp="2025-12-16T21:21:32.934" threadId="000000000083A778" success="true" from="nursery"/>
<exclusive-end id="684" timestamp="2025-12-16T21:21:32.935" durationms="9.113" />

<exclusive-start id="685" timestamp="2025-12-16T21:21:32.970" intervalms="44.006">
  <response-info timems="0.039" idlems="0.039" threads="0" lastid="0000000000839D00" lastname="Default Executor-thread-1" />
</exclusive-start>
<af-start id="686" threadId="000000000083A778" totalBytesRequested="8200" timestamp="2025-12-16T21:21:32.970" intervalms="43.959" type="nursery" />
<cycle-start id="687" type="scavenge" contextid="0" timestamp="2025-12-16T21:21:32.971" intervalms="44.046" />
<gc-start id="688" type="scavenge" contextid="687" timestamp="2025-12-16T21:21:32.972">
  <mem-info id="689" free="3509248" total="17956864" percent="19">
    <mem type="nursery" free="0" total="6291456" percent="0">
      <mem type="allocate" free="0" total="4063232" percent="0" />
      <mem type="survivor" free="0" total="2228224" percent="0" />
    </mem>
    <mem type="tenure" free="3509248" total="11665408" percent="30">
      <mem type="soa" free="2925568" total="11081728" percent="26" />
      <mem type="loa" free="583680" total="583680" percent="100" />
    </mem>
    <remembered-set count="424" />
  </mem-info>
</gc-start>
<allocation-stats totalBytes="2722816" discardedBytes="8408" >
  <allocated-bytes non-tlh="16392" tlh="2706424" />
  <largest-consumer threadName="Default Executor-thread-1" threadId="0000000000839D00" bytes="2722816" />
</allocation-stats>
<gc-op id="690" type="scavenge" timems="3.310" contextid="687" timestamp="2025-12-16T21:21:32.977">
  <scavenger-info tenureage="3" tenuremask="7008" tiltratio="64" />
  <memory-copied type="nursery" objects="35756" bytes="1240992" bytesdiscarded="39024" />
  <memory-copied type="tenure" objects="7913" bytes="274944" bytesdiscarded="288" />
  <ownableSynchronizers candidates="4" cleared="0" />
  <references type="weak" candidates="12" cleared="0" enqueued="0" />
  <references type="phantom" candidates="1" cleared="0" enqueued="0" />
  <object-monitors candidates="16" cleared="0"  />
</gc-op>
<heap-resize id="691" type="expand" space="nursery" amount="393216" count="1" timems="0.035" reason="excessive time being spent scavenging" timestamp="2025-12-16T21:21:32.977" />
<gc-end id="692" type="scavenge" contextid="687" durationms="5.927" usertimems="6.451" systemtimems="0.828" stalltimems="3.242" timestamp="2025-12-16T21:21:32.978" activeThreads="3">
  <mem-info id="693" free="6712248" total="18350080" percent="36">
    <mem type="nursery" free="3504088" total="6684672" percent="52">
      <mem type="allocate" free="3504088" total="4784128" percent="73" />
      <mem type="survivor" free="0" total="1900544" percent="0" />
    </mem>
    <mem type="tenure" free="3208160" total="11665408" percent="27">
      <mem type="soa" free="2624480" total="11081728" percent="23" />
      <mem type="loa" free="583680" total="583680" percent="100" />
    </mem>
    <remembered-set count="435" />
  </mem-info>
</gc-end>
<cycle-end id="694" type="scavenge" contextid="687" timestamp="2025-12-16T21:21:32.979" />
<allocation-satisfied id="695" threadId="0000000000839D00" bytesRequested="8200" />
<af-end id="696" timestamp="2025-12-16T21:21:32.980" threadId="000000000083A778" success="true" from="nursery"/>
<exclusive-end id="697" timestamp="2025-12-16T21:21:32.981" durationms="11.324" />

<exclusive-start id="698" timestamp="2025-12-16T21:21:33.035" intervalms="65.342">
  <response-info timems="0.038" idlems="0.038" threads="0" lastid="0000000000839D00" lastname="Default Executor-thread-1" />
</exclusive-start>
<af-start id="699" threadId="000000000083A778" totalBytesRequested="16392" timestamp="2025-12-16T21:21:33.036" intervalms="65.503" type="nursery" />
<cycle-start id="700" type="scavenge" contextid="0" timestamp="2025-12-16T21:21:33.037" intervalms="65.479" />
<gc-start id="701" type="scavenge" contextid="700" timestamp="2025-12-16T21:21:33.038">
  <mem-info id="702" free="3208160" total="18350080" percent="17">
    <mem type="nursery" free="0" total="6684672" percent="0">
      <mem type="allocate" free="0" total="4784128" percent="0" />
      <mem type="survivor" free="0" total="1900544" percent="0" />
    </mem>
    <mem type="tenure" free="3208160" total="11665408" percent="27">
      <mem type="soa" free="2624480" total="11081728" percent="23" />
      <mem type="loa" free="583680" total="583680" percent="100" />
    </mem>
    <remembered-set count="511" />
  </mem-info>
</gc-start>
<allocation-stats totalBytes="3493376" discardedBytes="10712" >
  <allocated-bytes non-tlh="8200" tlh="3485176" />
  <largest-consumer threadName="Default Executor-thread-1" threadId="0000000000839D00" bytes="3493376" />
</allocation-stats>
<gc-op id="703" type="scavenge" timems="3.070" contextid="700" timestamp="2025-12-16T21:21:33.042">
  <scavenger-info tenureage="3" tenuremask="7008" tiltratio="71" />
  <memory-copied type="nursery" objects="34601" bytes="1207624" bytesdiscarded="41888" />
  <memory-copied type="tenure" objects="10289" bytes="359640" bytesdiscarded="432" />
  <ownableSynchronizers candidates="4" cleared="0" />
  <references type="weak" candidates="12" cleared="0" enqueued="0" />
  <references type="phantom" candidates="1" cleared="0" enqueued="0" />
  <object-monitors candidates="16" cleared="0"  />
</gc-op>
<heap-resize id="704" type="expand" space="nursery" amount="262144" count="1" timems="0.032" reason="excessive time being spent scavenging" timestamp="2025-12-16T21:21:33.043" />
<gc-end id="705" type="scavenge" contextid="700" durationms="6.258" usertimems="7.086" systemtimems="0.000" stalltimems="2.808" timestamp="2025-12-16T21:21:33.044" activeThreads="3">
  <mem-info id="706" free="6630512" total="18612224" percent="35">
    <mem type="nursery" free="3927808" total="6946816" percent="56">
      <mem type="allocate" free="3927808" total="5177344" percent="75" />
      <mem type="survivor" free="0" total="1769472" percent="0" />
    </mem>
    <mem type="tenure" free="2702704" total="11665408" percent="23">
      <mem type="soa" free="2119024" total="11081728" percent="19" />
      <mem type="loa" free="583680" total="583680" percent="100" />
    </mem>
    <remembered-set count="445" />
  </mem-info>
</gc-end>
<cycle-end id="707" type="scavenge" contextid="700" timestamp="2025-12-16T21:21:33.045" />
<allocation-satisfied id="708" threadId="0000000000839D00" bytesRequested="16392" />
<af-end id="709" timestamp="2025-12-16T21:21:33.046" threadId="000000000083A778" success="true" from="nursery"/>
<exclusive-end id="710" timestamp="2025-12-16T21:21:33.047" durationms="11.736" />

<exclusive-start id="711" timestamp="2025-12-16T21:21:33.091" intervalms="56.423">
  <response-info timems="0.115" idlems="0.115" threads="0" lastid="0000000000839D00" lastname="Default Executor-thread-1" />
</exclusive-start>
<af-start id="712" threadId="000000000083A778" totalBytesRequested="16392" timestamp="2025-12-16T21:21:33.092" intervalms="56.400" type="nursery" />
<cycle-start id="713" type="scavenge" contextid="0" timestamp="2025-12-16T21:21:33.093" intervalms="56.379" />
<gc-start id="714" type="scavenge" contextid="713" timestamp="2025-12-16T21:21:33.094">
  <mem-info id="715" free="2702704" total="18612224" percent="14">
    <mem type="nursery" free="0" total="6946816" percent="0">
      <mem type="allocate" free="0" total="5177344" percent="0" />
      <mem type="survivor" free="0" total="1769472" percent="0" />
    </mem>
    <mem type="tenure" free="2702704" total="11665408" percent="23">
      <mem type="soa" free="2119024" total="11081728" percent="19" />
      <mem type="loa" free="583680" total="583680" percent="100" />
    </mem>
    <remembered-set count="572" />
  </mem-info>
</gc-start>
<allocation-stats totalBytes="3860672" discardedBytes="67136" >
  <allocated-bytes non-tlh="16392" tlh="3844280" />
  <largest-consumer threadName="Default Executor-thread-1" threadId="0000000000839D00" bytes="3860672" />
</allocation-stats>
<gc-op id="716" type="scavenge" timems="3.364" contextid="713" timestamp="2025-12-16T21:21:33.099">
  <scavenger-info tenureage="2" tenuremask="700c" tiltratio="74" />
  <memory-copied type="nursery" objects="18920" bytes="696360" bytesdiscarded="242432" />
  <memory-copied type="tenure" objects="25458" bytes="881008" bytesdiscarded="408" />
  <ownableSynchronizers candidates="4" cleared="0" />
  <references type="phantom" candidates="1" cleared="0" enqueued="0" />
  <object-monitors candidates="16" cleared="0"  />
</gc-op>
<heap-resize id="717" type="expand" space="nursery" amount="393216" count="1" timems="0.034" reason="excessive time being spent scavenging" timestamp="2025-12-16T21:21:33.100" />
<gc-end id="718" type="scavenge" contextid="713" durationms="6.619" usertimems="5.015" systemtimems="2.973" stalltimems="2.554" timestamp="2025-12-16T21:21:33.101" activeThreads="3">
  <mem-info id="719" free="6475240" total="19005440" percent="34">
    <mem type="nursery" free="4631760" total="7340032" percent="63">
      <mem type="allocate" free="4631760" total="5570560" percent="83" />
      <mem type="survivor" free="0" total="1769472" percent="0" />
    </mem>
    <mem type="tenure" free="1843480" total="11665408" percent="15">
      <mem type="soa" free="1259800" total="11081728" percent="11" />
      <mem type="loa" free="583680" total="583680" percent="100" />
    </mem>
    <remembered-set count="332" />
  </mem-info>
</gc-end>
<cycle-end id="720" type="scavenge" contextid="713" timestamp="2025-12-16T21:21:33.101" />
<allocation-satisfied id="721" threadId="0000000000839D00" bytesRequested="16392" />
<af-end id="722" timestamp="2025-12-16T21:21:33.103" threadId="000000000083A778" success="true" from="nursery"/>
<exclusive-end id="723" timestamp="2025-12-16T21:21:33.103" durationms="12.040" />

<concurrent-kickoff id="724" timestamp="2025-12-16T21:21:33.152">
  <kickoff reason="threshold reached" targetBytes="4269166" thresholdFreeBytes="591369"  remainingFree="343248" tenureFreeBytes="1843480" nurseryFreeBytes="343248" />
</concurrent-kickoff>
<exclusive-start id="725" timestamp="2025-12-16T21:21:33.153" intervalms="62.019">
  <response-info timems="0.044" idlems="0.044" threads="0" lastid="0000000000839D00" lastname="Default Executor-thread-1" />
</exclusive-start>
<cycle-start id="726" type="global" contextid="0" timestamp="2025-12-16T21:21:33.154" intervalms="391.545" />
<concurrent-start id="727" type="global mark" contextid="726" timestamp="2025-12-16T21:21:33.155">
</concurrent-start>
<exclusive-end id="728" timestamp="2025-12-16T21:21:33.156" durationms="2.344" />

<exclusive-start id="729" timestamp="2025-12-16T21:21:33.165" intervalms="11.605">
  <response-info timems="0.036" idlems="0.036" threads="0" lastid="0000000000839D00" lastname="Default Executor-thread-1" />
</exclusive-start>
<af-start id="730" threadId="000000000083A778" totalBytesRequested="16392" timestamp="2025-12-16T21:21:33.166" intervalms="73.519" type="nursery" />
<cycle-start id="731" type="scavenge" contextid="0" timestamp="2025-12-16T21:21:33.166" intervalms="73.446" />
<gc-start id="732" type="scavenge" contextid="731" timestamp="2025-12-16T21:21:33.167">
  <mem-info id="733" free="1843480" total="19005440" percent="9">
    <mem type="nursery" free="0" total="7340032" percent="0">
      <mem type="allocate" free="0" total="5570560" percent="0" />
      <mem type="survivor" free="0" total="1769472" percent="0" />
    </mem>
    <mem type="tenure" free="1843480" total="11665408" percent="15">
      <mem type="soa" free="1259800" total="11081728" percent="11" />
      <mem type="loa" free="583680" total="583680" percent="100" />
    </mem>
    <remembered-set count="407" />
  </mem-info>
</gc-start>
<allocation-stats totalBytes="4591392" discardedBytes="40368" >
  <allocated-bytes non-tlh="16392" tlh="4575000" />
  <largest-consumer threadName="Default Executor-thread-1" threadId="0000000000839D00" bytes="4591392" />
</allocation-stats>
<gc-op id="734" type="scavenge" timems="2.374" contextid="731" timestamp="2025-12-16T21:21:33.171">
  <scavenger-info tenureage="12" tenuremask="7000" tiltratio="75" />
  <memory-copied type="nursery" objects="30847" bytes="1108488" bytesdiscarded="33760" />
  <references type="phantom" candidates="1" cleared="0" enqueued="0" />
  <object-monitors candidates="16" cleared="0"  />
</gc-op>
<gc-end id="735" type="scavenge" contextid="731" durationms="4.439" usertimems="3.552" systemtimems="1.265" stalltimems="2.136" timestamp="2025-12-16T21:21:33.172" activeThreads="3">
  <mem-info id="736" free="6337320" total="19005440" percent="33">
    <mem type="nursery" free="4493840" total="7340032" percent="61">
      <mem type="allocate" free="4493840" total="5636096" percent="79" />
      <mem type="survivor" free="0" total="1703936" percent="0" />
    </mem>
    <mem type="tenure" free="1843480" total="11665408" percent="15">
      <mem type="soa" free="1259800" total="11081728" percent="11" />
      <mem type="loa" free="583680" total="583680" percent="100" />
    </mem>
    <remembered-set count="407" />
  </mem-info>
</gc-end>
<cycle-end id="737" type="scavenge" contextid="731" timestamp="2025-12-16T21:21:33.173" />
<allocation-satisfied id="738" threadId="0000000000839D00" bytesRequested="16392" />
<af-end id="739" timestamp="2025-12-16T21:21:33.174" threadId="000000000083A778" success="true" from="nursery"/>
<exclusive-end id="740" timestamp="2025-12-16T21:21:33.175" durationms="9.668" />

<exclusive-start id="741" timestamp="2025-12-16T21:21:33.243" intervalms="77.551">
  <response-info timems="0.046" idlems="0.046" threads="0" lastid="0000000000839D00" lastname="Default Executor-thread-1" />
</exclusive-start>
<af-start id="742" threadId="000000000083A778" totalBytesRequested="1488" timestamp="2025-12-16T21:21:33.243" intervalms="77.509" type="nursery" />
<percolate-collect id="743" from="nursery" to="global" reason="concurrent mark exhausted" timestamp="2025-12-16T21:21:33.245"/>
<concurrent-end id="744" type="global mark" contextid="726" timestamp="2025-12-16T21:21:33.245">
<gc-op id="745" type="trace" timems="87.634" contextid="726" timestamp="2025-12-16T21:21:33.246">
  <trace bytesTraced="4071492" workStackOverflowCount="0" />
  <card-cleaning reason="card cleaning threshold reached" bytesTraced="1280" cardsCleaned="54" />
</gc-op>
</concurrent-end>

<gc-start id="746" type="global" contextid="726" timestamp="2025-12-16T21:21:33.247">
  <mem-info id="747" free="1843480" total="19005440" percent="9">
    <mem type="nursery" free="0" total="7340032" percent="0">
      <mem type="allocate" free="0" total="5636096" percent="0" />
      <mem type="survivor" free="0" total="1703936" percent="0" />
    </mem>
    <mem type="tenure" free="1843480" total="11665408" percent="15">
      <mem type="soa" free="1259800" total="11081728" percent="11" />
      <mem type="loa" free="583680" total="583680" percent="100" />
    </mem>
    <remembered-set count="466" />
  </mem-info>
</gc-start>
<allocation-stats totalBytes="4459888" discardedBytes="33952" >
  <allocated-bytes non-tlh="16392" tlh="4443496" />
  <largest-consumer threadName="Default Executor-thread-1" threadId="0000000000839D00" bytes="4459888" />
</allocation-stats>
<concurrent-halted id="748" timestamp="2025-12-16T21:21:33.249">
  <halted state="Complete" status="exhausted" />
  <traced bytesTarget="4269166" bytesTotal="4072772" bytesByMutator="213756" bytesByHelper="3859016" percent="95" />
  <cards cleaned="54" thresholdBytes="232963" />
</concurrent-halted>
<gc-op id="749" type="rs-scan" timems="3.101" contextid="726" timestamp="2025-12-16T21:21:33.253">
  <scan objectsFound="88205" bytesTraced="2496468" workStackOverflowCount="0" />
</gc-op>
<gc-op id="750" type="card-cleaning" timems="0.936" contextid="726" timestamp="2025-12-16T21:21:33.254">
  <card-cleaning cardsCleaned="4" bytesTraced="1928" workStackOverflowCount="0" />
</gc-op>
<gc-op id="751" type="mark" timems="5.448" contextid="726" timestamp="2025-12-16T21:21:33.261">
  <trace-info objectcount="205" scancount="188" scanbytes="3856" />
  <finalization candidates="725" enqueued="0" />
  <ownableSynchronizers candidates="629" cleared="2" />
  <references type="soft" candidates="4482" cleared="0" enqueued="0" dynamicThreshold="9" maxThreshold="32" />
  <references type="weak" candidates="1257" cleared="0" enqueued="0" />
  <references type="phantom" candidates="124" cleared="0" enqueued="0" />
  <stringconstants candidates="12407" cleared="0"  />
  <object-monitors candidates="16" cleared="0"  />
</gc-op>
<gc-op id="752" type="sweep" timems="2.030" contextid="726" timestamp="2025-12-16T21:21:33.263" />
<heap-resize id="753" type="expand" space="tenure" amount="2162688" count="1" timems="0.050" reason="insufficient free space following gc" timestamp="2025-12-16T21:21:33.264" />
<gc-end id="754" type="global" contextid="726" durationms="17.536" usertimems="28.253" systemtimems="5.091" stalltimems="50.210" timestamp="2025-12-16T21:21:33.265" activeThreads="9">
  <mem-info id="755" free="7522616" total="21168128" percent="35">
    <mem type="nursery" free="3357016" total="7340032" percent="45">
      <mem type="allocate" free="3357016" total="5636096" percent="59" />
      <mem type="survivor" free="0" total="1703936" percent="0" />
    </mem>
    <mem type="tenure" free="4165600" total="13828096" percent="30" micro-fragmented="207478" macro-fragmented="0">
      <mem type="soa" free="3473376" total="13135872" percent="26" />
      <mem type="loa" free="692224" total="692224" percent="100" />
    </mem>
    <remembered-set count="465" />
  </mem-info>
</gc-end>
<cycle-end id="756" type="global" contextid="726" timestamp="2025-12-16T21:21:33.265" />
<allocation-satisfied id="757" threadId="0000000000839D00" bytesRequested="1488" />
<af-end id="758" timestamp="2025-12-16T21:21:33.267" threadId="000000000083A778" success="true" from="nursery"/>
<exclusive-end id="759" timestamp="2025-12-16T21:21:33.267" durationms="24.949" />

<exclusive-start id="760" timestamp="2025-12-16T21:21:33.310" intervalms="67.309">
  <response-info timems="0.042" idlems="0.042" threads="0" lastid="0000000000839D00" lastname="Default Executor-thread-1" />
</exclusive-start>
<af-start id="761" threadId="000000000083A778" totalBytesRequested="8200" timestamp="2025-12-16T21:21:33.311" intervalms="67.538" type="nursery" />
<cycle-start id="762" type="scavenge" contextid="0" timestamp="2025-12-16T21:21:33.312" intervalms="145.129" />
<gc-start id="763" type="scavenge" contextid="762" timestamp="2025-12-16T21:21:33.313">
  <mem-info id="764" free="4165600" total="21168128" percent="19">
    <mem type="nursery" free="0" total="7340032" percent="0">
      <mem type="allocate" free="0" total="5636096" percent="0" />
      <mem type="survivor" free="0" total="1703936" percent="0" />
    </mem>
    <mem type="tenure" free="4165600" total="13828096" percent="30">
      <mem type="soa" free="3473376" total="13135872" percent="26" />
      <mem type="loa" free="692224" total="692224" percent="100" />
    </mem>
    <remembered-set count="519" />
  </mem-info>
</gc-start>
<allocation-stats totalBytes="3322984" discardedBytes="20848" >
  <allocated-bytes non-tlh="1321992" tlh="2000992" />
  <largest-consumer threadName="Default Executor-thread-1" threadId="0000000000839D00" bytes="3322984" />
</allocation-stats>
<gc-op id="765" type="scavenge" timems="3.405" contextid="762" timestamp="2025-12-16T21:21:33.317">
  <scavenger-info tenureage="3" tenuremask="7008" tiltratio="76" />
  <memory-copied type="nursery" objects="40931" bytes="1492896" bytesdiscarded="24672" />
  <memory-copied type="tenure" objects="9133" bytes="318072" bytesdiscarded="1208" />
  <ownableSynchronizers candidates="1254" cleared="1254" />
  <references type="phantom" candidates="1" cleared="0" enqueued="0" />
  <object-monitors candidates="16" cleared="0"  />
</gc-op>
<gc-end id="766" type="scavenge" contextid="762" durationms="5.842" usertimems="2.704" systemtimems="5.092" stalltimems="2.532" timestamp="2025-12-16T21:21:33.318" activeThreads="3">
  <mem-info id="767" free="7288080" total="21168128" percent="34">
    <mem type="nursery" free="3594232" total="7340032" percent="48">
      <mem type="allocate" free="3594232" total="5111808" percent="70" />
      <mem type="survivor" free="0" total="2228224" percent="0" />
    </mem>
    <mem type="tenure" free="3693848" total="13828096" percent="26">
      <mem type="soa" free="3001624" total="13135872" percent="22" />
      <mem type="loa" free="692224" total="692224" percent="100" />
    </mem>
    <remembered-set count="506" />
  </mem-info>
</gc-end>
<cycle-end id="768" type="scavenge" contextid="762" timestamp="2025-12-16T21:21:33.319" />
<allocation-satisfied id="769" threadId="0000000000839D00" bytesRequested="8200" />
<af-end id="770" timestamp="2025-12-16T21:21:33.321" threadId="000000000083A778" success="true" from="nursery"/>
<exclusive-end id="771" timestamp="2025-12-16T21:21:33.322" durationms="12.056" />

<exclusive-start id="772" timestamp="2025-12-16T21:21:33.373" intervalms="63.008">
  <response-info timems="0.043" idlems="0.043" threads="0" lastid="0000000000839D00" lastname="Default Executor-thread-1" />
</exclusive-start>
<af-start id="773" threadId="000000000083A778" totalBytesRequested="8200" timestamp="2025-12-16T21:21:33.374" intervalms="62.848" type="nursery" />
<cycle-start id="774" type="scavenge" contextid="0" timestamp="2025-12-16T21:21:33.374" intervalms="62.654" />
<gc-start id="775" type="scavenge" contextid="774" timestamp="2025-12-16T21:21:33.375">
  <mem-info id="776" free="3693848" total="21168128" percent="17">
    <mem type="nursery" free="0" total="7340032" percent="0">
      <mem type="allocate" free="0" total="5111808" percent="0" />
      <mem type="survivor" free="0" total="2228224" percent="0" />
    </mem>
    <mem type="tenure" free="3693848" total="13828096" percent="26">
      <mem type="soa" free="3001624" total="13135872" percent="22" />
      <mem type="loa" free="692224" total="692224" percent="100" />
    </mem>
    <remembered-set count="572" />
  </mem-info>
</gc-start>
<allocation-stats totalBytes="3590720" discardedBytes="3512" >
  <allocated-bytes non-tlh="8200" tlh="3582520" />
  <largest-consumer threadName="Default Executor-thread-1" threadId="0000000000839D00" bytes="3582528" />
</allocation-stats>
<gc-op id="777" type="scavenge" timems="3.240" contextid="774" timestamp="2025-12-16T21:21:33.379">
  <scavenger-info tenureage="3" tenuremask="7008" tiltratio="69" />
  <memory-copied type="nursery" objects="40154" bytes="1449560" bytesdiscarded="54768" />
  <memory-copied type="tenure" objects="9777" bytes="369744" bytesdiscarded="512" />
  <ownableSynchronizers candidates="2" cleared="0" />
  <references type="weak" candidates="1" cleared="0" enqueued="0" />
  <references type="phantom" candidates="1" cleared="0" enqueued="0" />
  <object-monitors candidates="17" cleared="0"  />
</gc-op>
<heap-resize id="778" type="expand" space="nursery" amount="393216" count="1" timems="0.034" reason="excessive time being spent scavenging" timestamp="2025-12-16T21:21:33.380" />
<gc-end id="779" type="scavenge" contextid="774" durationms="5.990" usertimems="5.768" systemtimems="2.108" stalltimems="2.008" timestamp="2025-12-16T21:21:33.381" activeThreads="3">
  <mem-info id="780" free="7391360" total="21561344" percent="34">
    <mem type="nursery" free="4131736" total="7733248" percent="53">
      <mem type="allocate" free="4131736" total="5636096" percent="73" />
      <mem type="survivor" free="0" total="2097152" percent="0" />
    </mem>
    <mem type="tenure" free="3259624" total="13828096" percent="23">
      <mem type="soa" free="2567400" total="13135872" percent="19" />
      <mem type="loa" free="692224" total="692224" percent="100" />
    </mem>
    <remembered-set count="546" />
  </mem-info>
</gc-end>
<cycle-end id="781" type="scavenge" contextid="774" timestamp="2025-12-16T21:21:33.382" />
<allocation-satisfied id="782" threadId="0000000000839D00" bytesRequested="8200" />
<af-end id="783" timestamp="2025-12-16T21:21:33.383" threadId="000000000083A778" success="true" from="nursery"/>
<exclusive-end id="784" timestamp="2025-12-16T21:21:33.384" durationms="10.834" />

<exclusive-start id="785" timestamp="2025-12-16T21:21:33.435" intervalms="61.979">
  <response-info timems="0.040" idlems="0.040" threads="0" lastid="0000000000839D00" lastname="Default Executor-thread-1" />
</exclusive-start>
<af-start id="786" threadId="000000000083A778" totalBytesRequested="16392" timestamp="2025-12-16T21:21:33.440" intervalms="66.448" type="nursery" />
<cycle-start id="787" type="scavenge" contextid="0" timestamp="2025-12-16T21:21:33.441" intervalms="66.449" />
<gc-start id="788" type="scavenge" contextid="787" timestamp="2025-12-16T21:21:33.441">
  <mem-info id="789" free="3259328" total="21561344" percent="15">
    <mem type="nursery" free="0" total="7733248" percent="0">
      <mem type="allocate" free="0" total="5636096" percent="0" />
      <mem type="survivor" free="0" total="2097152" percent="0" />
    </mem>
    <mem type="tenure" free="3259328" total="13828096" percent="23">
      <mem type="soa" free="2567104" total="13135872" percent="19" />
      <mem type="loa" free="692224" total="692224" percent="100" />
    </mem>
    <remembered-set count="641" />
  </mem-info>
</gc-start>
<allocation-stats totalBytes="4087424" discardedBytes="44608" >
  <allocated-bytes non-tlh="8496" tlh="4078928" />
  <largest-consumer threadName="Default Executor-thread-1" threadId="0000000000839D00" bytes="4071040" />
</allocation-stats>
<gc-op id="790" type="scavenge" timems="4.581" contextid="787" timestamp="2025-12-16T21:21:33.447">
  <scavenger-info tenureage="2" tenuremask="700c" tiltratio="72" />
  <memory-copied type="nursery" objects="19576" bytes="703640" bytesdiscarded="103240" />
  <memory-copied type="tenure" objects="31145" bytes="1122808" bytesdiscarded="1536" />
  <ownableSynchronizers candidates="4" cleared="0" />
  <references type="weak" candidates="2" cleared="0" enqueued="0" />
  <references type="phantom" candidates="1" cleared="0" enqueued="0" />
  <object-monitors candidates="18" cleared="0"  />
</gc-op>
<heap-resize id="791" type="expand" space="nursery" amount="393216" count="1" timems="0.031" reason="excessive time being spent scavenging" timestamp="2025-12-16T21:21:33.448" />
<gc-end id="792" type="scavenge" contextid="787" durationms="7.223" usertimems="9.527" systemtimems="0.000" stalltimems="4.274" timestamp="2025-12-16T21:21:33.449" activeThreads="3">
  <mem-info id="793" free="7431496" total="21954560" percent="33">
    <mem type="nursery" free="5287928" total="8126464" percent="65">
      <mem type="allocate" free="5287928" total="6094848" percent="86" />
      <mem type="survivor" free="0" total="2031616" percent="0" />
    </mem>
    <mem type="tenure" free="2143568" total="13828096" percent="15">
      <mem type="soa" free="1451344" total="13135872" percent="11" />
      <mem type="loa" free="692224" total="692224" percent="100" />
    </mem>
    <remembered-set count="432" />
  </mem-info>
</gc-end>
<cycle-end id="794" type="scavenge" contextid="787" timestamp="2025-12-16T21:21:33.449" />
<allocation-satisfied id="795" threadId="0000000000839D00" bytesRequested="16392" />
<af-end id="796" timestamp="2025-12-16T21:21:33.451" threadId="000000000083A778" success="true" from="nursery"/>
<exclusive-end id="797" timestamp="2025-12-16T21:21:33.451" durationms="16.347" />

<concurrent-kickoff id="798" timestamp="2025-12-16T21:21:33.517">
  <kickoff reason="threshold reached" targetBytes="5006218" thresholdFreeBytes="693761"  remainingFree="471024" tenureFreeBytes="2112672" nurseryFreeBytes="471024" />
</concurrent-kickoff>
<exclusive-start id="799" timestamp="2025-12-16T21:21:33.518" intervalms="83.513">
  <response-info timems="0.043" idlems="0.043" threads="0" lastid="0000000000839D00" lastname="Default Executor-thread-1" />
</exclusive-start>
<cycle-start id="800" type="global" contextid="0" timestamp="2025-12-16T21:21:33.520" intervalms="365.902" />
<concurrent-start id="801" type="global mark" contextid="800" timestamp="2025-12-16T21:21:33.521">
</concurrent-start>
<exclusive-end id="802" timestamp="2025-12-16T21:21:33.522" durationms="3.550" />

<exclusive-start id="803" timestamp="2025-12-16T21:21:33.539" intervalms="21.083">
  <response-info timems="0.046" idlems="0.046" threads="0" lastid="0000000000839D00" lastname="Default Executor-thread-1" />
</exclusive-start>
<af-start id="804" threadId="000000000083A778" totalBytesRequested="24" timestamp="2025-12-16T21:21:33.540" intervalms="100.263" type="nursery" />
<cycle-start id="805" type="scavenge" contextid="0" timestamp="2025-12-16T21:21:33.541" intervalms="100.630" />
<gc-start id="806" type="scavenge" contextid="805" timestamp="2025-12-16T21:21:33.542">
  <mem-info id="807" free="2112568" total="21954560" percent="9">
    <mem type="nursery" free="0" total="8126464" percent="0">
      <mem type="allocate" free="0" total="6094848" percent="0" />
      <mem type="survivor" free="0" total="2031616" percent="0" />
    </mem>
    <mem type="tenure" free="2112568" total="13828096" percent="15">
      <mem type="soa" free="1420344" total="13135872" percent="10" />
      <mem type="loa" free="692224" total="692224" percent="100" />
    </mem>
    <remembered-set count="1005" />
  </mem-info>
</gc-start>
<allocation-stats totalBytes="5317328" discardedBytes="1600" >
  <allocated-bytes non-tlh="63784" tlh="5253544" />
  <largest-consumer threadName="Default Executor-thread-1" threadId="0000000000839D00" bytes="5317328" />
</allocation-stats>
<gc-op id="808" type="scavenge" timems="3.682" contextid="805" timestamp="2025-12-16T21:21:33.548">
  <scavenger-info tenureage="2" tenuremask="7004" tiltratio="75" />
  <memory-copied type="nursery" objects="28302" bytes="957104" bytesdiscarded="81536" />
  <memory-copied type="tenure" objects="8999" bytes="326392" bytesdiscarded="128" />
  <finalization candidates="4" enqueued="4" />
  <ownableSynchronizers candidates="4" cleared="0" />
  <references type="soft" candidates="7" cleared="0" enqueued="0" dynamicThreshold="9" maxThreshold="32" />
  <references type="weak" candidates="69" cleared="40" enqueued="39" />
  <references type="phantom" candidates="1" cleared="1" enqueued="1" />
  <object-monitors candidates="18" cleared="0"  />
</gc-op>
<gc-end id="809" type="scavenge" contextid="805" durationms="6.483" usertimems="7.695" systemtimems="0.000" stalltimems="3.971" timestamp="2025-12-16T21:21:33.549" activeThreads="3">
  <mem-info id="810" free="6974320" total="21954560" percent="31">
    <mem type="nursery" free="5252664" total="8126464" percent="64">
      <mem type="allocate" free="5252664" total="6291456" percent="83" />
      <mem type="survivor" free="0" total="1835008" percent="0" />
    </mem>
    <mem type="tenure" free="1721656" total="13828096" percent="12">
      <mem type="soa" free="1029432" total="13135872" percent="7" />
      <mem type="loa" free="692224" total="692224" percent="100" />
    </mem>
    <pending-finalizers system="4" default="0" reference="40" classloader="0" />
    <remembered-set count="799" />
  </mem-info>
</gc-end>
<cycle-end id="811" type="scavenge" contextid="805" timestamp="2025-12-16T21:21:33.550" />
<allocation-satisfied id="812" threadId="0000000000839D00" bytesRequested="24" />
<af-end id="813" timestamp="2025-12-16T21:21:33.551" threadId="000000000083A778" success="true" from="nursery"/>
<exclusive-end id="814" timestamp="2025-12-16T21:21:33.552" durationms="12.642" />

<concurrent-end id="815" type="global mark" contextid="800" timestamp="2025-12-16T21:21:33.555">
<gc-op id="816" type="trace" timems="33.868" contextid="800" timestamp="2025-12-16T21:21:33.555">
  <trace bytesTraced="6807540" workStackOverflowCount="0" />
  <card-cleaning reason="card cleaning threshold reached" bytesTraced="39592" cardsCleaned="103" />
</gc-op>
</concurrent-end>

<exclusive-start id="817" timestamp="2025-12-16T21:21:33.557" intervalms="17.126">
  <response-info timems="0.041" idlems="0.041" threads="0" lastid="0000000000839D00" lastname="Default Executor-thread-1" />
</exclusive-start>
<concurrent-global-final id="818" timestamp="2025-12-16T21:21:33.557" contextid="800" intervalms="1503.920" >
  <concurrent-trace-info reason="card cleaning threshold reached" tracedByMutators="2378488" tracedByHelpers="4468644" cardsCleaned="103" workStackOverflowCount="0" />
</concurrent-global-final>
<gc-start id="819" type="global" contextid="800" timestamp="2025-12-16T21:21:33.558">
  <mem-info id="820" free="6634328" total="21954560" percent="30">
    <mem type="nursery" free="4912672" total="8126464" percent="60">
      <mem type="allocate" free="4912672" total="6291456" percent="78" />
      <mem type="survivor" free="0" total="1835008" percent="0" />
    </mem>
    <mem type="tenure" free="1721656" total="13828096" percent="12">
      <mem type="soa" free="1029432" total="13135872" percent="7" />
      <mem type="loa" free="692224" total="692224" percent="100" />
    </mem>
    <remembered-set count="810" />
  </mem-info>
</gc-start>
<allocation-stats totalBytes="339952" discardedBytes="40" >
  <allocated-bytes non-tlh="24" tlh="339928" />
  <largest-consumer threadName="Default Executor-thread-1" threadId="0000000000839D00" bytes="339952" />
</allocation-stats>
<gc-op id="821" type="rs-scan" timems="2.732" contextid="800" timestamp="2025-12-16T21:21:33.562">
  <scan objectsFound="25457" bytesTraced="778764" workStackOverflowCount="0" />
</gc-op>
<gc-op id="822" type="card-cleaning" timems="0.818" contextid="800" timestamp="2025-12-16T21:21:33.564">
  <card-cleaning cardsCleaned="6" bytesTraced="14036" workStackOverflowCount="0" />
</gc-op>
<gc-op id="823" type="mark" timems="5.487" contextid="800" timestamp="2025-12-16T21:21:33.570">
  <trace-info objectcount="934" scancount="799" scanbytes="21136" />
  <finalization candidates="725" enqueued="0" />
  <ownableSynchronizers candidates="631" cleared="2" />
  <references type="soft" candidates="4488" cleared="0" enqueued="0" dynamicThreshold="9" maxThreshold="32" />
  <references type="weak" candidates="1287" cleared="0" enqueued="0" />
  <references type="phantom" candidates="123" cleared="0" enqueued="0" />
  <stringconstants candidates="12664" cleared="0"  />
  <object-monitors candidates="18" cleared="0"  />
</gc-op>
<gc-op id="824" type="sweep" timems="2.170" contextid="800" timestamp="2025-12-16T21:21:33.573" />
<heap-resize id="825" type="expand" space="tenure" amount="2949120" count="1" timems="0.049" reason="insufficient free space following gc" timestamp="2025-12-16T21:21:33.574" />
<gc-end id="826" type="global" contextid="800" durationms="16.367" usertimems="24.731" systemtimems="5.594" stalltimems="55.649" timestamp="2025-12-16T21:21:33.574" activeThreads="10">
  <mem-info id="827" free="10311496" total="24903680" percent="41">
    <mem type="nursery" free="5245976" total="8126464" percent="64">
      <mem type="allocate" free="5245976" total="6291456" percent="83" />
      <mem type="survivor" free="0" total="1835008" percent="0" />
    </mem>
    <mem type="tenure" free="5065520" total="16777216" percent="30" micro-fragmented="247500" macro-fragmented="0">
      <mem type="soa" free="4225840" total="15937536" percent="26" />
      <mem type="loa" free="839680" total="839680" percent="100" />
    </mem>
    <remembered-set count="744" />
  </mem-info>
</gc-end>
<cycle-end id="828" type="global" contextid="800" timestamp="2025-12-16T21:21:33.575" />
<exclusive-end id="829" timestamp="2025-12-16T21:21:33.576" durationms="19.165" />

<exclusive-start id="830" timestamp="2025-12-16T21:21:33.635" intervalms="78.775">
  <response-info timems="0.050" idlems="0.050" threads="0" lastid="0000000000839D00" lastname="Default Executor-thread-1" />
</exclusive-start>
<af-start id="831" threadId="000000000083A778" totalBytesRequested="16" timestamp="2025-12-16T21:21:33.636" intervalms="95.937" type="nursery" />
<cycle-start id="832" type="scavenge" contextid="0" timestamp="2025-12-16T21:21:33.637" intervalms="95.967" />
<gc-start id="833" type="scavenge" contextid="832" timestamp="2025-12-16T21:21:33.639">
  <mem-info id="834" free="5065520" total="24903680" percent="20">
    <mem type="nursery" free="0" total="8126464" percent="0">
      <mem type="allocate" free="0" total="6291456" percent="0" />
      <mem type="survivor" free="0" total="1835008" percent="0" />
    </mem>
    <mem type="tenure" free="5065520" total="16777216" percent="30">
      <mem type="soa" free="4225840" total="15937536" percent="26" />
      <mem type="loa" free="839680" total="839680" percent="100" />
    </mem>
    <remembered-set count="784" />
  </mem-info>
</gc-start>
<allocation-stats totalBytes="5244936" discardedBytes="1040" >
  <allocated-bytes non-tlh="0" tlh="5244936" />
  <largest-consumer threadName="Default Executor-thread-1" threadId="0000000000839D00" bytes="5244936" />
</allocation-stats>
<gc-op id="835" type="scavenge" timems="2.374" contextid="832" timestamp="2025-12-16T21:21:33.643">
  <scavenger-info tenureage="12" tenuremask="7000" tiltratio="77" />
  <memory-copied type="nursery" objects="35804" bytes="1197824" bytesdiscarded="66184" />
  <ownableSynchronizers candidates="1256" cleared="1254" />
  <references type="soft" candidates="7" cleared="0" enqueued="0" dynamicThreshold="9" maxThreshold="32" />
  <references type="weak" candidates="29" cleared="0" enqueued="0" />
  <object-monitors candidates="18" cleared="0"  />
</gc-op>
<gc-end id="836" type="scavenge" contextid="832" durationms="5.344" usertimems="0.961" systemtimems="4.477" stalltimems="1.541" timestamp="2025-12-16T21:21:33.644" activeThreads="3">
  <mem-info id="837" free="10092944" total="24903680" percent="40">
    <mem type="nursery" free="5027424" total="8126464" percent="61">
      <mem type="allocate" free="5027424" total="6291456" percent="79" />
      <mem type="survivor" free="0" total="1835008" percent="0" />
    </mem>
    <mem type="tenure" free="5065520" total="16777216" percent="30">
      <mem type="soa" free="4225840" total="15937536" percent="26" />
      <mem type="loa" free="839680" total="839680" percent="100" />
    </mem>
    <remembered-set count="774" />
  </mem-info>
</gc-end>
<cycle-end id="838" type="scavenge" contextid="832" timestamp="2025-12-16T21:21:33.645" />
<allocation-satisfied id="839" threadId="0000000000839D00" bytesRequested="16" />
<af-end id="840" timestamp="2025-12-16T21:21:33.647" threadId="000000000083A778" success="true" from="nursery"/>
<exclusive-end id="841" timestamp="2025-12-16T21:21:33.648" durationms="12.653" />

<exclusive-start id="842" timestamp="2025-12-16T21:21:33.674" intervalms="38.766">
  <response-info timems="0.098" idlems="0.098" threads="0" lastid="0000000000839D00" lastname="Default Executor-thread-1" />
</exclusive-start>
<af-start id="843" threadId="000000000083A778" totalBytesRequested="72" timestamp="2025-12-16T21:21:33.675" intervalms="39.045" type="nursery" />
<cycle-start id="844" type="scavenge" contextid="0" timestamp="2025-12-16T21:21:33.677" intervalms="39.272" />
<gc-start id="845" type="scavenge" contextid="844" timestamp="2025-12-16T21:21:33.678">
  <mem-info id="846" free="5065520" total="24903680" percent="20">
    <mem type="nursery" free="0" total="8126464" percent="0">
      <mem type="allocate" free="0" total="6291456" percent="0" />
      <mem type="survivor" free="0" total="1835008" percent="0" />
    </mem>
    <mem type="tenure" free="5065520" total="16777216" percent="30">
      <mem type="soa" free="4225840" total="15937536" percent="26" />
      <mem type="loa" free="839680" total="839680" percent="100" />
    </mem>
    <remembered-set count="776" />
  </mem-info>
</gc-start>
<allocation-stats totalBytes="5026824" discardedBytes="600" >
  <allocated-bytes non-tlh="16" tlh="5026808" />
  <largest-consumer threadName="Default Executor-thread-1" threadId="0000000000839D00" bytes="5026824" />
</allocation-stats>
<gc-op id="847" type="scavenge" timems="2.480" contextid="844" timestamp="2025-12-16T21:21:33.682">
  <scavenger-info tenureage="3" tenuremask="7008" tiltratio="77" />
  <memory-copied type="nursery" objects="26306" bytes="891264" bytesdiscarded="85088" />
  <memory-copied type="tenure" objects="10550" bytes="367888" bytesdiscarded="776" />
  <ownableSynchronizers candidates="2" cleared="0" />
  <references type="soft" candidates="7" cleared="0" enqueued="0" dynamicThreshold="9" maxThreshold="32" />
  <references type="weak" candidates="29" cleared="1" enqueued="1" />
  <object-monitors candidates="18" cleared="0"  />
</gc-op>
<heap-resize id="848" type="expand" space="nursery" amount="786432" count="1" timems="0.038" reason="excessive time being spent scavenging" timestamp="2025-12-16T21:21:33.684" />
<gc-end id="849" type="scavenge" contextid="844" durationms="6.722" usertimems="4.945" systemtimems="1.650" stalltimems="0.980" timestamp="2025-12-16T21:21:33.685" activeThreads="3">
  <mem-info id="850" free="10642984" total="25690112" percent="41">
    <mem type="nursery" free="5970448" total="8912896" percent="66">
      <mem type="allocate" free="5970448" total="6946816" percent="85" />
      <mem type="survivor" free="0" total="1966080" percent="0" />
    </mem>
    <mem type="tenure" free="4672536" total="16777216" percent="27">
      <mem type="soa" free="3832856" total="15937536" percent="24" />
      <mem type="loa" free="839680" total="839680" percent="100" />
    </mem>
    <pending-finalizers system="0" default="0" reference="1" classloader="0" />
    <remembered-set count="453" />
  </mem-info>
</gc-end>
<cycle-end id="851" type="scavenge" contextid="844" timestamp="2025-12-16T21:21:33.685" />
<allocation-satisfied id="852" threadId="0000000000839D00" bytesRequested="72" />
<af-end id="853" timestamp="2025-12-16T21:21:33.687" threadId="000000000083A778" success="true" from="nursery"/>
<exclusive-end id="854" timestamp="2025-12-16T21:21:33.688" durationms="14.084" />

<exclusive-start id="855" timestamp="2025-12-16T21:21:33.710" intervalms="35.735">
  <response-info timems="0.048" idlems="0.048" threads="0" lastid="0000000000839D00" lastname="Default Executor-thread-1" />
</exclusive-start>
<af-start id="856" threadId="000000000083A778" totalBytesRequested="72" timestamp="2025-12-16T21:21:33.711" intervalms="35.716" type="nursery" />
<cycle-start id="857" type="scavenge" contextid="0" timestamp="2025-12-16T21:21:33.712" intervalms="35.605" />
<gc-start id="858" type="scavenge" contextid="857" timestamp="2025-12-16T21:21:33.716">
  <mem-info id="859" free="4672536" total="25690112" percent="18">
    <mem type="nursery" free="0" total="8912896" percent="0">
      <mem type="allocate" free="0" total="6946816" percent="0" />
      <mem type="survivor" free="0" total="1966080" percent="0" />
    </mem>
    <mem type="tenure" free="4672536" total="16777216" percent="27">
      <mem type="soa" free="3832856" total="15937536" percent="24" />
      <mem type="loa" free="839680" total="839680" percent="100" />
    </mem>
    <remembered-set count="455" />
  </mem-info>
</gc-start>
<allocation-stats totalBytes="5970192" discardedBytes="256" >
  <allocated-bytes non-tlh="72" tlh="5970120" />
  <largest-consumer threadName="Default Executor-thread-1" threadId="0000000000839D00" bytes="5970192" />
</allocation-stats>
<gc-op id="860" type="scavenge" timems="2.485" contextid="857" timestamp="2025-12-16T21:21:33.721">
  <scavenger-info tenureage="3" tenuremask="7008" tiltratio="77" />
  <memory-copied type="nursery" objects="10065" bytes="376584" bytesdiscarded="98808" />
  <memory-copied type="tenure" objects="17517" bytes="580424" bytesdiscarded="136" />
  <object-monitors candidates="18" cleared="0"  />
</gc-op>
<heap-resize id="861" type="expand" space="nursery" amount="655360" count="1" timems="0.034" reason="excessive time being spent scavenging" timestamp="2025-12-16T21:21:33.722" />
<gc-end id="862" type="scavenge" contextid="857" durationms="6.743" usertimems="2.607" systemtimems="3.626" stalltimems="0.883" timestamp="2025-12-16T21:21:33.723" activeThreads="3">
  <mem-info id="863" free="11379224" total="26345472" percent="43">
    <mem type="nursery" free="7323392" total="9568256" percent="76">
      <mem type="allocate" free="7323392" total="7798784" percent="93" />
      <mem type="survivor" free="0" total="1769472" percent="0" />
    </mem>
    <mem type="tenure" free="4055832" total="16777216" percent="24">
      <mem type="soa" free="3216152" total="15937536" percent="20" />
      <mem type="loa" free="839680" total="839680" percent="100" />
    </mem>
    <remembered-set count="396" />
  </mem-info>
</gc-end>
<cycle-end id="864" type="scavenge" contextid="857" timestamp="2025-12-16T21:21:33.724" />
<allocation-satisfied id="865" threadId="0000000000839D00" bytesRequested="72" />
<af-end id="866" timestamp="2025-12-16T21:21:33.725" threadId="000000000083A778" success="true" from="nursery"/>
<exclusive-end id="867" timestamp="2025-12-16T21:21:33.726" durationms="16.363" />

<exclusive-start id="868" timestamp="2025-12-16T21:21:33.753" intervalms="42.945">
  <response-info timems="0.042" idlems="0.042" threads="0" lastid="0000000000839D00" lastname="Default Executor-thread-1" />
</exclusive-start>
<af-start id="869" threadId="000000000083A778" totalBytesRequested="24" timestamp="2025-12-16T21:21:33.754" intervalms="42.800" type="nursery" />
<cycle-start id="870" type="scavenge" contextid="0" timestamp="2025-12-16T21:21:33.755" intervalms="42.874" />
<gc-start id="871" type="scavenge" contextid="870" timestamp="2025-12-16T21:21:33.756">
  <mem-info id="872" free="4055832" total="26345472" percent="15">
    <mem type="nursery" free="0" total="9568256" percent="0">
      <mem type="allocate" free="0" total="7798784" percent="0" />
      <mem type="survivor" free="0" total="1769472" percent="0" />
    </mem>
    <mem type="tenure" free="4055832" total="16777216" percent="24">
      <mem type="soa" free="3216152" total="15937536" percent="20" />
      <mem type="loa" free="839680" total="839680" percent="100" />
    </mem>
    <remembered-set count="397" />
  </mem-info>
</gc-start>
<allocation-stats totalBytes="7322968" discardedBytes="424" >
  <allocated-bytes non-tlh="72" tlh="7322896" />
  <largest-consumer threadName="Default Executor-thread-1" threadId="0000000000839D00" bytes="7322968" />
</allocation-stats>
<gc-op id="873" type="scavenge" timems="2.011" contextid="870" timestamp="2025-12-16T21:21:33.760">
  <scavenger-info tenureage="3" tenuremask="6008" tiltratio="81" />
  <memory-copied type="nursery" objects="3596" bytes="185824" bytesdiscarded="46880" />
  <memory-copied type="tenure" objects="7428" bytes="239464" bytesdiscarded="672" />
  <object-monitors candidates="18" cleared="0"  />
</gc-op>
<heap-resize id="874" type="expand" space="nursery" amount="655360" count="1" timems="0.111" reason="excessive time being spent scavenging" timestamp="2025-12-16T21:21:33.761" />
<gc-end id="875" type="scavenge" contextid="870" durationms="6.066" usertimems="4.112" systemtimems="0.000" stalltimems="2.178" timestamp="2025-12-16T21:21:33.762" activeThreads="3">
  <mem-info id="876" free="12228888" total="27000832" percent="45">
    <mem type="nursery" free="8418048" total="10223616" percent="82">
      <mem type="allocate" free="8418048" total="8650752" percent="97" />
      <mem type="survivor" free="0" total="1572864" percent="0" />
    </mem>
    <mem type="tenure" free="3810840" total="16777216" percent="22">
      <mem type="soa" free="2971160" total="15937536" percent="18" />
      <mem type="loa" free="839680" total="839680" percent="100" />
    </mem>
    <remembered-set count="318" />
  </mem-info>
</gc-end>
<cycle-end id="877" type="scavenge" contextid="870" timestamp="2025-12-16T21:21:33.763" />
<allocation-satisfied id="878" threadId="0000000000839D00" bytesRequested="24" />
<af-end id="879" timestamp="2025-12-16T21:21:33.765" threadId="000000000083A778" success="true" from="nursery"/>
<exclusive-end id="880" timestamp="2025-12-16T21:21:33.766" durationms="12.886" />

<exclusive-start id="881" timestamp="2025-12-16T21:21:33.795" intervalms="42.016">
  <response-info timems="0.048" idlems="0.048" threads="0" lastid="0000000000839D00" lastname="Default Executor-thread-1" />
</exclusive-start>
<af-start id="882" threadId="000000000083A778" totalBytesRequested="24" timestamp="2025-12-16T21:21:33.796" intervalms="41.967" type="nursery" />
<cycle-start id="883" type="scavenge" contextid="0" timestamp="2025-12-16T21:21:33.797" intervalms="41.740" />
<gc-start id="884" type="scavenge" contextid="883" timestamp="2025-12-16T21:21:33.798">
  <mem-info id="885" free="3810840" total="27000832" percent="14">
    <mem type="nursery" free="0" total="10223616" percent="0">
      <mem type="allocate" free="0" total="8650752" percent="0" />
      <mem type="survivor" free="0" total="1572864" percent="0" />
    </mem>
    <mem type="tenure" free="3810840" total="16777216" percent="22">
      <mem type="soa" free="2971160" total="15937536" percent="18" />
      <mem type="loa" free="839680" total="839680" percent="100" />
    </mem>
    <remembered-set count="319" />
  </mem-info>
</gc-start>
<allocation-stats totalBytes="8417600" discardedBytes="448" >
  <allocated-bytes non-tlh="24" tlh="8417576" />
  <largest-consumer threadName="Default Executor-thread-1" threadId="0000000000839D00" bytes="8417600" />
</allocation-stats>
<gc-op id="886" type="scavenge" timems="1.427" contextid="883" timestamp="2025-12-16T21:21:33.802">
  <scavenger-info tenureage="14" tenuremask="4000" tiltratio="84" />
  <memory-copied type="nursery" objects="4420" bytes="230200" bytesdiscarded="25544" />
  <object-monitors candidates="18" cleared="0"  />
</gc-op>
<heap-resize id="887" type="expand" space="nursery" amount="524288" count="1" timems="0.042" reason="excessive time being spent scavenging" timestamp="2025-12-16T21:21:33.802" />
<gc-end id="888" type="scavenge" contextid="883" durationms="5.332" usertimems="2.503" systemtimems="0.000" stalltimems="1.871" timestamp="2025-12-16T21:21:33.803" activeThreads="3">
  <mem-info id="889" free="13057816" total="27525120" percent="47">
    <mem type="nursery" free="9246976" total="10747904" percent="86">
      <mem type="allocate" free="9246976" total="9502720" percent="97" />
      <mem type="survivor" free="0" total="1245184" percent="0" />
    </mem>
    <mem type="tenure" free="3810840" total="16777216" percent="22">
      <mem type="soa" free="2971160" total="15937536" percent="18" />
      <mem type="loa" free="839680" total="839680" percent="100" />
    </mem>
    <remembered-set count="303" />
  </mem-info>
</gc-end>
<cycle-end id="890" type="scavenge" contextid="883" timestamp="2025-12-16T21:21:33.804" />
<allocation-satisfied id="891" threadId="0000000000839D00" bytesRequested="24" />
<af-end id="892" timestamp="2025-12-16T21:21:33.806" threadId="000000000083A778" success="true" from="nursery"/>
<exclusive-end id="893" timestamp="2025-12-16T21:21:33.806" durationms="11.655" />

<exclusive-start id="894" timestamp="2025-12-16T21:21:33.840" intervalms="44.940">
  <response-info timems="0.072" idlems="0.072" threads="0" lastid="0000000000839D00" lastname="Default Executor-thread-1" />
</exclusive-start>
<af-start id="895" threadId="000000000083A778" totalBytesRequested="72" timestamp="2025-12-16T21:21:33.841" intervalms="45.091" type="nursery" />
<cycle-start id="896" type="scavenge" contextid="0" timestamp="2025-12-16T21:21:33.842" intervalms="45.109" />
<gc-start id="897" type="scavenge" contextid="896" timestamp="2025-12-16T21:21:33.843">
  <mem-info id="898" free="3810840" total="27525120" percent="13">
    <mem type="nursery" free="0" total="10747904" percent="0">
      <mem type="allocate" free="0" total="9502720" percent="0" />
      <mem type="survivor" free="0" total="1245184" percent="0" />
    </mem>
    <mem type="tenure" free="3810840" total="16777216" percent="22">
      <mem type="soa" free="2971160" total="15937536" percent="18" />
      <mem type="loa" free="839680" total="839680" percent="100" />
    </mem>
    <remembered-set count="322" />
  </mem-info>
</gc-start>
<allocation-stats totalBytes="9246360" discardedBytes="616" >
  <allocated-bytes non-tlh="24" tlh="9246336" />
  <largest-consumer threadName="Default Executor-thread-1" threadId="0000000000839D00" bytes="9246360" />
</allocation-stats>
<gc-op id="899" type="scavenge" timems="1.344" contextid="896" timestamp="2025-12-16T21:21:33.846">
  <scavenger-info tenureage="2" tenuremask="4014" tiltratio="88" />
  <memory-copied type="nursery" objects="4131" bytes="183576" bytesdiscarded="29928" />
  <memory-copied type="tenure" objects="1974" bytes="108840" bytesdiscarded="504" />
  <object-monitors candidates="18" cleared="0"  />
</gc-op>
<heap-resize id="900" type="expand" space="nursery" amount="524288" count="1" timems="0.041" reason="excessive time being spent scavenging" timestamp="2025-12-16T21:21:33.847" />
<gc-end id="901" type="scavenge" contextid="896" durationms="5.412" usertimems="1.820" systemtimems="0.602" stalltimems="0.567" timestamp="2025-12-16T21:21:33.848" activeThreads="2">
  <mem-info id="902" free="13580056" total="28049408" percent="48">
    <mem type="nursery" free="9879040" total="11272192" percent="87">
      <mem type="allocate" free="9879040" total="10092544" percent="97" />
      <mem type="survivor" free="0" total="1179648" percent="0" />
    </mem>
    <mem type="tenure" free="3701016" total="16777216" percent="22">
      <mem type="soa" free="2861336" total="15937536" percent="17" />
      <mem type="loa" free="839680" total="839680" percent="100" />
    </mem>
    <remembered-set count="302" />
  </mem-info>
</gc-end>
<cycle-end id="903" type="scavenge" contextid="896" timestamp="2025-12-16T21:21:33.849" />
<allocation-satisfied id="904" threadId="0000000000839D00" bytesRequested="72" />
<af-end id="905" timestamp="2025-12-16T21:21:33.851" threadId="000000000083A778" success="true" from="nursery"/>
<exclusive-end id="906" timestamp="2025-12-16T21:21:33.851" durationms="11.701" />

<exclusive-start id="907" timestamp="2025-12-16T21:21:33.884" intervalms="44.510">
  <response-info timems="0.053" idlems="0.053" threads="0" lastid="0000000000839D00" lastname="Default Executor-thread-1" />
</exclusive-start>
<af-start id="908" threadId="000000000083A778" totalBytesRequested="24" timestamp="2025-12-16T21:21:33.885" intervalms="44.326" type="nursery" />
<cycle-start id="909" type="scavenge" contextid="0" timestamp="2025-12-16T21:21:33.886" intervalms="44.180" />
<gc-start id="910" type="scavenge" contextid="909" timestamp="2025-12-16T21:21:33.887">
  <mem-info id="911" free="3699960" total="28049408" percent="13">
    <mem type="nursery" free="0" total="11272192" percent="0">
      <mem type="allocate" free="0" total="10092544" percent="0" />
      <mem type="survivor" free="0" total="1179648" percent="0" />
    </mem>
    <mem type="tenure" free="3699960" total="16777216" percent="22">
      <mem type="soa" free="2860280" total="15937536" percent="17" />
      <mem type="loa" free="839680" total="839680" percent="100" />
    </mem>
    <remembered-set count="354" />
  </mem-info>
</gc-start>
<allocation-stats totalBytes="9879152" discardedBytes="944" >
  <allocated-bytes non-tlh="1128" tlh="9878024" />
  <largest-consumer threadName="Default Executor-thread-1" threadId="0000000000839D00" bytes="9829432" />
</allocation-stats>
<gc-op id="912" type="scavenge" timems="1.715" contextid="909" timestamp="2025-12-16T21:21:33.890">
  <scavenger-info tenureage="2" tenuremask="4014" tiltratio="89" />
  <memory-copied type="nursery" objects="2509" bytes="92744" bytesdiscarded="21648" />
  <memory-copied type="tenure" objects="2226" bytes="114488" bytesdiscarded="680" />
  <finalization candidates="5" enqueued="5" />
  <ownableSynchronizers candidates="2" cleared="0" />
  <references type="weak" candidates="18" cleared="11" enqueued="11" />
  <references type="phantom" candidates="2" cleared="2" enqueued="2" />
  <object-monitors candidates="19" cleared="0"  />
</gc-op>
<heap-resize id="913" type="expand" space="nursery" amount="524288" count="1" timems="0.038" reason="excessive time being spent scavenging" timestamp="2025-12-16T21:21:33.891" />
<gc-end id="914" type="scavenge" contextid="909" durationms="4.867" usertimems="1.901" systemtimems="0.622" stalltimems="1.257" timestamp="2025-12-16T21:21:33.892" activeThreads="2">
  <mem-info id="915" free="14007800" total="28573696" percent="49">
    <mem type="nursery" free="10436864" total="11796480" percent="88">
      <mem type="allocate" free="10436864" total="10551296" percent="98" />
      <mem type="survivor" free="0" total="1245184" percent="0" />
    </mem>
    <mem type="tenure" free="3570936" total="16777216" percent="21">
      <mem type="soa" free="2731256" total="15937536" percent="17" />
      <mem type="loa" free="839680" total="839680" percent="100" />
    </mem>
    <pending-finalizers system="5" default="0" reference="13" classloader="0" />
    <remembered-set count="332" />
  </mem-info>
</gc-end>
<cycle-end id="916" type="scavenge" contextid="909" timestamp="2025-12-16T21:21:33.893" />
<allocation-satisfied id="917" threadId="0000000000839D00" bytesRequested="24" />
<af-end id="918" timestamp="2025-12-16T21:21:33.894" threadId="000000000083A778" success="true" from="nursery"/>
<exclusive-end id="919" timestamp="2025-12-16T21:21:33.895" durationms="10.921" />

<exclusive-start id="920" timestamp="2025-12-16T21:21:33.932" intervalms="47.604">
  <response-info timems="0.045" idlems="0.045" threads="0" lastid="0000000000839D00" lastname="Default Executor-thread-1" />
</exclusive-start>
<af-start id="921" threadId="000000000083A778" totalBytesRequested="64" timestamp="2025-12-16T21:21:33.933" intervalms="47.539" type="nursery" />
<cycle-start id="922" type="scavenge" contextid="0" timestamp="2025-12-16T21:21:33.934" intervalms="47.509" />
<gc-start id="923" type="scavenge" contextid="922" timestamp="2025-12-16T21:21:33.934">
  <mem-info id="924" free="3570688" total="28573696" percent="12">
    <mem type="nursery" free="0" total="11796480" percent="0">
      <mem type="allocate" free="0" total="10551296" percent="0" />
      <mem type="survivor" free="0" total="1245184" percent="0" />
    </mem>
    <mem type="tenure" free="3570688" total="16777216" percent="21">
      <mem type="soa" free="2731008" total="15937536" percent="17" />
      <mem type="loa" free="839680" total="839680" percent="100" />
    </mem>
    <remembered-set count="364" />
  </mem-info>
</gc-start>
<allocation-stats totalBytes="10436544" discardedBytes="568" >
  <allocated-bytes non-tlh="272" tlh="10436272" />
  <largest-consumer threadName="Default Executor-thread-1" threadId="0000000000839D00" bytes="10420160" />
</allocation-stats>
<gc-op id="925" type="scavenge" timems="1.552" contextid="922" timestamp="2025-12-16T21:21:33.938">
  <scavenger-info tenureage="2" tenuremask="4004" tiltratio="89" />
  <memory-copied type="nursery" objects="1143" bytes="40064" bytesdiscarded="30576" />
  <memory-copied type="tenure" objects="1539" bytes="52040" bytesdiscarded="120" />
  <ownableSynchronizers candidates="3" cleared="0" />
  <references type="weak" candidates="8" cleared="0" enqueued="0" />
  <object-monitors candidates="19" cleared="0"  />
</gc-op>
<heap-resize id="926" type="expand" space="nursery" amount="524288" count="1" timems="0.061" reason="excessive time being spent scavenging" timestamp="2025-12-16T21:21:33.939" />
<gc-end id="927" type="scavenge" contextid="922" durationms="4.977" usertimems="1.742" systemtimems="0.567" stalltimems="1.332" timestamp="2025-12-16T21:21:33.939" activeThreads="2">
  <mem-info id="928" free="14517248" total="29097984" percent="49">
    <mem type="nursery" free="11004928" total="12320768" percent="89">
      <mem type="allocate" free="11004928" total="11075584" percent="99" />
      <mem type="survivor" free="0" total="1245184" percent="0" />
    </mem>
    <mem type="tenure" free="3512320" total="16777216" percent="20">
      <mem type="soa" free="2672640" total="15937536" percent="16" />
      <mem type="loa" free="839680" total="839680" percent="100" />
    </mem>
    <remembered-set count="301" />
  </mem-info>
</gc-end>
<cycle-end id="929" type="scavenge" contextid="922" timestamp="2025-12-16T21:21:33.940" />
<allocation-satisfied id="930" threadId="0000000000839D00" bytesRequested="64" />
<af-end id="931" timestamp="2025-12-16T21:21:33.942" threadId="000000000083A778" success="true" from="nursery"/>
<exclusive-end id="932" timestamp="2025-12-16T21:21:33.943" durationms="10.993" />

<exclusive-start id="933" timestamp="2025-12-16T21:21:33.980" intervalms="47.842">
  <response-info timems="0.068" idlems="0.068" threads="0" lastid="0000000000839D00" lastname="Default Executor-thread-1" />
</exclusive-start>
<af-start id="934" threadId="000000000083A778" totalBytesRequested="64" timestamp="2025-12-16T21:21:33.981" intervalms="48.161" type="nursery" />
<cycle-start id="935" type="scavenge" contextid="0" timestamp="2025-12-16T21:21:33.982" intervalms="48.416" />
<gc-start id="936" type="scavenge" contextid="935" timestamp="2025-12-16T21:21:33.983">
  <mem-info id="937" free="3512320" total="29097984" percent="12">
    <mem type="nursery" free="0" total="12320768" percent="0">
      <mem type="allocate" free="0" total="11075584" percent="0" />
      <mem type="survivor" free="0" total="1245184" percent="0" />
    </mem>
    <mem type="tenure" free="3512320" total="16777216" percent="20">
      <mem type="soa" free="2672640" total="15937536" percent="16" />
      <mem type="loa" free="839680" total="839680" percent="100" />
    </mem>
    <remembered-set count="302" />
  </mem-info>
</gc-start>
<allocation-stats totalBytes="11004448" discardedBytes="480" >
  <allocated-bytes non-tlh="64" tlh="11004384" />
  <largest-consumer threadName="Default Executor-thread-1" threadId="0000000000839D00" bytes="11004448" />
</allocation-stats>
<gc-op id="938" type="scavenge" timems="0.973" contextid="935" timestamp="2025-12-16T21:21:33.986">
  <scavenger-info tenureage="14" tenuremask="4000" tiltratio="89" />
  <memory-copied type="nursery" objects="1342" bytes="48536" bytesdiscarded="30560" />
  <ownableSynchronizers candidates="3" cleared="0" />
  <references type="weak" candidates="8" cleared="0" enqueued="0" />
  <object-monitors candidates="19" cleared="0"  />
</gc-op>
<gc-end id="939" type="scavenge" contextid="935" durationms="3.656" usertimems="1.355" systemtimems="0.436" stalltimems="0.543" timestamp="2025-12-16T21:21:33.987" activeThreads="2">
  <mem-info id="940" free="14508800" total="29097984" percent="49">
    <mem type="nursery" free="10996480" total="12320768" percent="89">
      <mem type="allocate" free="10996480" total="11075584" percent="99" />
      <mem type="survivor" free="0" total="1245184" percent="0" />
    </mem>
    <mem type="tenure" free="3512320" total="16777216" percent="20">
      <mem type="soa" free="2672640" total="15937536" percent="16" />
      <mem type="loa" free="839680" total="839680" percent="100" />
    </mem>
    <remembered-set count="291" />
  </mem-info>
</gc-end>
<cycle-end id="941" type="scavenge" contextid="935" timestamp="2025-12-16T21:21:33.988" />
<allocation-satisfied id="942" threadId="0000000000839D00" bytesRequested="64" />
<af-end id="943" timestamp="2025-12-16T21:21:33.990" threadId="000000000083A778" success="true" from="nursery"/>
<exclusive-end id="944" timestamp="2025-12-16T21:21:33.990" durationms="10.679" />

<exclusive-start id="945" timestamp="2025-12-16T21:21:34.040" intervalms="60.459">
  <response-info timems="0.045" idlems="0.045" threads="0" lastid="0000000000839D00" lastname="Default Executor-thread-1" />
</exclusive-start>
<af-start id="946" threadId="000000000083A778" totalBytesRequested="40" timestamp="2025-12-16T21:21:34.041" intervalms="60.159" type="nursery" />
<cycle-start id="947" type="scavenge" contextid="0" timestamp="2025-12-16T21:21:34.042" intervalms="60.198" />
<gc-start id="948" type="scavenge" contextid="947" timestamp="2025-12-16T21:21:34.043">
  <mem-info id="949" free="3512056" total="29097984" percent="12">
    <mem type="nursery" free="0" total="12320768" percent="0">
      <mem type="allocate" free="0" total="11075584" percent="0" />
      <mem type="survivor" free="0" total="1245184" percent="0" />
    </mem>
    <mem type="tenure" free="3512056" total="16777216" percent="20">
      <mem type="soa" free="2672376" total="15937536" percent="16" />
      <mem type="loa" free="839680" total="839680" percent="100" />
    </mem>
    <remembered-set count="481" />
  </mem-info>
</gc-start>
<allocation-stats totalBytes="10996016" discardedBytes="728" >
  <allocated-bytes non-tlh="328" tlh="10995688" />
  <largest-consumer threadName="Default Executor-thread-1" threadId="0000000000839D00" bytes="10996016" />
</allocation-stats>
<gc-op id="950" type="scavenge" timems="1.621" contextid="947" timestamp="2025-12-16T21:21:34.047">
  <scavenger-info tenureage="3" tenuremask="4008" tiltratio="89" />
  <memory-copied type="nursery" objects="5664" bytes="156272" bytesdiscarded="8080" />
  <memory-copied type="tenure" objects="503" bytes="17280" bytesdiscarded="64" />
  <ownableSynchronizers candidates="3" cleared="0" />
  <references type="weak" candidates="4" cleared="3" enqueued="3" />
  <object-monitors candidates="19" cleared="0"  />
</gc-op>
<heap-resize id="951" type="expand" space="nursery" amount="655360" count="1" timems="0.038" reason="excessive time being spent scavenging" timestamp="2025-12-16T21:21:34.048" />
<gc-end id="952" type="scavenge" contextid="947" durationms="5.213" usertimems="0.000" systemtimems="2.602" stalltimems="1.044" timestamp="2025-12-16T21:21:34.049" activeThreads="2">
  <mem-info id="953" free="14977784" total="29753344" percent="50">
    <mem type="nursery" free="11501056" total="12976128" percent="88">
      <mem type="allocate" free="11501056" total="11665408" percent="98" />
      <mem type="survivor" free="0" total="1310720" percent="0" />
    </mem>
    <mem type="tenure" free="3476728" total="16777216" percent="20">
      <mem type="soa" free="2637048" total="15937536" percent="16" />
      <mem type="loa" free="839680" total="839680" percent="100" />
    </mem>
    <pending-finalizers system="0" default="0" reference="3" classloader="0" />
    <remembered-set count="454" />
  </mem-info>
</gc-end>
<cycle-end id="954" type="scavenge" contextid="947" timestamp="2025-12-16T21:21:34.049" />
<allocation-satisfied id="955" threadId="0000000000839D00" bytesRequested="40" />
<af-end id="956" timestamp="2025-12-16T21:21:34.051" threadId="000000000083A778" success="true" from="nursery"/>
<exclusive-end id="957" timestamp="2025-12-16T21:21:34.052" durationms="11.816" />

<exclusive-start id="958" timestamp="2025-12-16T21:21:34.095" intervalms="55.352">
  <response-info timems="0.045" idlems="0.045" threads="0" lastid="0000000000839D00" lastname="Default Executor-thread-1" />
</exclusive-start>
<af-start id="959" threadId="000000000083A778" totalBytesRequested="32" timestamp="2025-12-16T21:21:34.096" intervalms="55.418" type="nursery" />
<cycle-start id="960" type="scavenge" contextid="0" timestamp="2025-12-16T21:21:34.097" intervalms="55.214" />
<gc-start id="961" type="scavenge" contextid="960" timestamp="2025-12-16T21:21:34.099">
  <mem-info id="962" free="3476728" total="29753344" percent="11">
    <mem type="nursery" free="0" total="12976128" percent="0">
      <mem type="allocate" free="0" total="11665408" percent="0" />
      <mem type="survivor" free="0" total="1310720" percent="0" />
    </mem>
    <mem type="tenure" free="3476728" total="16777216" percent="20">
      <mem type="soa" free="2637048" total="15937536" percent="16" />
      <mem type="loa" free="839680" total="839680" percent="100" />
    </mem>
    <remembered-set count="556" />
  </mem-info>
</gc-start>
<allocation-stats totalBytes="11500256" discardedBytes="800" >
  <allocated-bytes non-tlh="40" tlh="11500216" />
  <largest-consumer threadName="Default Executor-thread-1" threadId="0000000000839D00" bytes="11500256" />
</allocation-stats>
<gc-op id="963" type="scavenge" timems="1.610" contextid="960" timestamp="2025-12-16T21:21:34.102">
  <scavenger-info tenureage="5" tenuremask="ffe0" tiltratio="89" />
  <memory-copied type="nursery" objects="9577" bytes="263152" bytesdiscarded="13328" />
  <ownableSynchronizers candidates="1" cleared="0" />
  <references type="weak" candidates="1" cleared="0" enqueued="0" />
  <object-monitors candidates="19" cleared="0"  />
</gc-op>
<gc-end id="964" type="scavenge" contextid="960" durationms="4.430" usertimems="1.973" systemtimems="0.616" stalltimems="0.879" timestamp="2025-12-16T21:21:34.103" activeThreads="2">
  <mem-info id="965" free="14865656" total="29753344" percent="49">
    <mem type="nursery" free="11388928" total="12976128" percent="87">
      <mem type="allocate" free="11388928" total="11665408" percent="97" />
      <mem type="survivor" free="0" total="1310720" percent="0" />
    </mem>
    <mem type="tenure" free="3476728" total="16777216" percent="20">
      <mem type="soa" free="2637048" total="15937536" percent="16" />
      <mem type="loa" free="839680" total="839680" percent="100" />
    </mem>
    <remembered-set count="553" />
  </mem-info>
</gc-end>
<cycle-end id="966" type="scavenge" contextid="960" timestamp="2025-12-16T21:21:34.104" />
<allocation-satisfied id="967" threadId="0000000000839D00" bytesRequested="32" />
<af-end id="968" timestamp="2025-12-16T21:21:34.106" threadId="000000000083A778" success="true" from="nursery"/>
<exclusive-end id="969" timestamp="2025-12-16T21:21:34.106" durationms="10.740" />

<exclusive-start id="970" timestamp="2025-12-16T21:21:34.145" intervalms="49.459">
  <response-info timems="0.050" idlems="0.050" threads="0" lastid="0000000000839D00" lastname="Default Executor-thread-1" />
</exclusive-start>
<af-start id="971" threadId="000000000083A778" totalBytesRequested="48" timestamp="2025-12-16T21:21:34.146" intervalms="49.524" type="nursery" />
<cycle-start id="972" type="scavenge" contextid="0" timestamp="2025-12-16T21:21:34.147" intervalms="49.491" />
<gc-start id="973" type="scavenge" contextid="972" timestamp="2025-12-16T21:21:34.148">
  <mem-info id="974" free="3476728" total="29753344" percent="11">
    <mem type="nursery" free="0" total="12976128" percent="0">
      <mem type="allocate" free="0" total="11665408" percent="0" />
      <mem type="survivor" free="0" total="1310720" percent="0" />
    </mem>
    <mem type="tenure" free="3476728" total="16777216" percent="20">
      <mem type="soa" free="2637048" total="15937536" percent="16" />
      <mem type="loa" free="839680" total="839680" percent="100" />
    </mem>
    <remembered-set count="579" />
  </mem-info>
</gc-start>
<allocation-stats totalBytes="11388424" discardedBytes="504" >
  <allocated-bytes non-tlh="32" tlh="11388392" />
  <largest-consumer threadName="Default Executor-thread-1" threadId="0000000000839D00" bytes="11388424" />
</allocation-stats>
<gc-op id="975" type="scavenge" timems="1.499" contextid="972" timestamp="2025-12-16T21:21:34.152">
  <scavenger-info tenureage="4" tenuremask="fff0" tiltratio="89" />
  <memory-copied type="nursery" objects="11522" bytes="318520" bytesdiscarded="27848" />
  <memory-copied type="tenure" objects="279" bytes="9880" bytesdiscarded="0" />
  <ownableSynchronizers candidates="1" cleared="0" />
  <object-monitors candidates="19" cleared="0"  />
</gc-op>
<heap-resize id="976" type="expand" space="nursery" amount="786432" count="1" timems="0.037" reason="excessive time being spent scavenging" timestamp="2025-12-16T21:21:34.152" />
<gc-end id="977" type="scavenge" contextid="972" durationms="5.094" usertimems="2.941" systemtimems="0.541" stalltimems="0.292" timestamp="2025-12-16T21:21:34.153" activeThreads="2">
  <mem-info id="978" free="15436536" total="30539776" percent="50">
    <mem type="nursery" free="11974400" total="13762560" percent="87">
      <mem type="allocate" free="11974400" total="12320768" percent="97" />
      <mem type="survivor" free="0" total="1441792" percent="0" />
    </mem>
    <mem type="tenure" free="3462136" total="16777216" percent="20">
      <mem type="soa" free="2622456" total="15937536" percent="16" />
      <mem type="loa" free="839680" total="839680" percent="100" />
    </mem>
    <remembered-set count="553" />
  </mem-info>
</gc-end>
<cycle-end id="979" type="scavenge" contextid="972" timestamp="2025-12-16T21:21:34.154" />
<allocation-satisfied id="980" threadId="0000000000839D00" bytesRequested="48" />
<af-end id="981" timestamp="2025-12-16T21:21:34.156" threadId="000000000083A778" success="true" from="nursery"/>
<exclusive-end id="982" timestamp="2025-12-16T21:21:34.157" durationms="11.565" />

<exclusive-start id="983" timestamp="2025-12-16T21:21:34.196" intervalms="51.535">
  <response-info timems="0.048" idlems="0.048" threads="0" lastid="0000000000839D00" lastname="Default Executor-thread-1" />
</exclusive-start>
<af-start id="984" threadId="000000000083A778" totalBytesRequested="56" timestamp="2025-12-16T21:21:34.198" intervalms="51.531" type="nursery" />
<cycle-start id="985" type="scavenge" contextid="0" timestamp="2025-12-16T21:21:34.199" intervalms="51.734" />
<gc-start id="986" type="scavenge" contextid="985" timestamp="2025-12-16T21:21:34.200">
  <mem-info id="987" free="3462136" total="30539776" percent="11">
    <mem type="nursery" free="0" total="13762560" percent="0">
      <mem type="allocate" free="0" total="12320768" percent="0" />
      <mem type="survivor" free="0" total="1441792" percent="0" />
    </mem>
    <mem type="tenure" free="3462136" total="16777216" percent="20">
      <mem type="soa" free="2622456" total="15937536" percent="16" />
      <mem type="loa" free="839680" total="839680" percent="100" />
    </mem>
    <remembered-set count="557" />
  </mem-info>
</gc-start>
<allocation-stats totalBytes="11973760" discardedBytes="640" >
  <allocated-bytes non-tlh="48" tlh="11973712" />
  <largest-consumer threadName="Default Executor-thread-1" threadId="0000000000839D00" bytes="11973760" />
</allocation-stats>
<gc-op id="988" type="scavenge" timems="1.514" contextid="985" timestamp="2025-12-16T21:21:34.203">
  <scavenger-info tenureage="3" tenuremask="ffd8" tiltratio="89" />
  <memory-copied type="nursery" objects="6609" bytes="187680" bytesdiscarded="27360" />
  <memory-copied type="tenure" objects="5251" bytes="141800" bytesdiscarded="40" />
  <object-monitors candidates="19" cleared="0"  />
</gc-op>
<gc-end id="989" type="scavenge" contextid="985" durationms="3.929" usertimems="2.622" systemtimems="0.365" stalltimems="0.211" timestamp="2025-12-16T21:21:34.204" activeThreads="2">
  <mem-info id="990" free="15458800" total="30539776" percent="50">
    <mem type="nursery" free="12171264" total="13762560" percent="88">
      <mem type="allocate" free="12171264" total="12386304" percent="98" />
      <mem type="survivor" free="0" total="1376256" percent="0" />
    </mem>
    <mem type="tenure" free="3287536" total="16777216" percent="19">
      <mem type="soa" free="2447856" total="15937536" percent="15" />
      <mem type="loa" free="839680" total="839680" percent="100" />
    </mem>
    <remembered-set count="399" />
  </mem-info>
</gc-end>
<cycle-end id="991" type="scavenge" contextid="985" timestamp="2025-12-16T21:21:34.204" />
<allocation-satisfied id="992" threadId="0000000000839D00" bytesRequested="56" />
<af-end id="993" timestamp="2025-12-16T21:21:34.206" threadId="000000000083A778" success="true" from="nursery"/>
<exclusive-end id="994" timestamp="2025-12-16T21:21:34.207" durationms="10.586" />

<exclusive-start id="995" timestamp="2025-12-16T21:21:34.247" intervalms="50.826">
  <response-info timems="0.047" idlems="0.047" threads="0" lastid="0000000000839D00" lastname="Default Executor-thread-1" />
</exclusive-start>
<af-start id="996" threadId="000000000083A778" totalBytesRequested="32" timestamp="2025-12-16T21:21:34.248" intervalms="50.621" type="nursery" />
<cycle-start id="997" type="scavenge" contextid="0" timestamp="2025-12-16T21:21:34.249" intervalms="50.497" />
<gc-start id="998" type="scavenge" contextid="997" timestamp="2025-12-16T21:21:34.250">
  <mem-info id="999" free="3287536" total="30539776" percent="10">
    <mem type="nursery" free="0" total="13762560" percent="0">
      <mem type="allocate" free="0" total="12386304" percent="0" />
      <mem type="survivor" free="0" total="1376256" percent="0" />
    </mem>
    <mem type="tenure" free="3287536" total="16777216" percent="19">
      <mem type="soa" free="2447856" total="15937536" percent="15" />
      <mem type="loa" free="839680" total="839680" percent="100" />
    </mem>
    <remembered-set count="401" />
  </mem-info>
</gc-start>
<allocation-stats totalBytes="12170704" discardedBytes="560" >
  <allocated-bytes non-tlh="56" tlh="12170648" />
  <largest-consumer threadName="Default Executor-thread-1" threadId="0000000000839D00" bytes="12170704" />
</allocation-stats>
<gc-op id="1000" type="scavenge" timems="1.485" contextid="997" timestamp="2025-12-16T21:21:34.253">
  <scavenger-info tenureage="3" tenuremask="ffc8" tiltratio="90" />
  <memory-copied type="nursery" objects="3047" bytes="93104" bytesdiscarded="39760" />
  <memory-copied type="tenure" objects="3761" bytes="101520" bytesdiscarded="48" />
  <object-monitors candidates="19" cleared="0"  />
</gc-op>
<heap-resize id="1001" type="expand" space="nursery" amount="786432" count="1" timems="0.034" reason="excessive time being spent scavenging" timestamp="2025-12-16T21:21:34.254" />
<gc-end id="1002" type="scavenge" contextid="997" durationms="5.058" usertimems="2.599" systemtimems="0.000" stalltimems="0.568" timestamp="2025-12-16T21:21:34.255" activeThreads="2">
  <mem-info id="1003" free="16084208" total="31326208" percent="51">
    <mem type="nursery" free="12908800" total="14548992" percent="88">
      <mem type="allocate" free="12908800" total="13041664" percent="98" />
      <mem type="survivor" free="0" total="1507328" percent="0" />
    </mem>
    <mem type="tenure" free="3175408" total="16777216" percent="18">
      <mem type="soa" free="2335728" total="15937536" percent="14" />
      <mem type="loa" free="839680" total="839680" percent="100" />
    </mem>
    <remembered-set count="310" />
  </mem-info>
</gc-end>
<cycle-end id="1004" type="scavenge" contextid="997" timestamp="2025-12-16T21:21:34.256" />
<allocation-satisfied id="1005" threadId="0000000000839D00" bytesRequested="32" />
<af-end id="1006" timestamp="2025-12-16T21:21:34.258" threadId="000000000083A778" success="true" from="nursery"/>
<exclusive-end id="1007" timestamp="2025-12-16T21:21:34.259" durationms="11.285" />

<exclusive-start id="1008" timestamp="2025-12-16T21:21:34.301" intervalms="54.137">
  <response-info timems="0.051" idlems="0.051" threads="0" lastid="0000000000839D00" lastname="Default Executor-thread-1" />
</exclusive-start>
<af-start id="1009" threadId="000000000083A778" totalBytesRequested="16" timestamp="2025-12-16T21:21:34.302" intervalms="54.143" type="nursery" />
<cycle-start id="1010" type="scavenge" contextid="0" timestamp="2025-12-16T21:21:34.303" intervalms="54.022" />
<gc-start id="1011" type="scavenge" contextid="1010" timestamp="2025-12-16T21:21:34.304">
  <mem-info id="1012" free="3175408" total="31326208" percent="10">
    <mem type="nursery" free="0" total="14548992" percent="0">
      <mem type="allocate" free="0" total="13041664" percent="0" />
      <mem type="survivor" free="0" total="1507328" percent="0" />
    </mem>
    <mem type="tenure" free="3175408" total="16777216" percent="18">
      <mem type="soa" free="2335728" total="15937536" percent="14" />
      <mem type="loa" free="839680" total="839680" percent="100" />
    </mem>
    <remembered-set count="314" />
  </mem-info>
</gc-start>
<allocation-stats totalBytes="12908152" discardedBytes="648" >
  <allocated-bytes non-tlh="32" tlh="12908120" />
  <largest-consumer threadName="Default Executor-thread-1" threadId="0000000000839D00" bytes="12908152" />
</allocation-stats>
<gc-op id="1013" type="scavenge" timems="1.288" contextid="1010" timestamp="2025-12-16T21:21:34.307">
  <scavenger-info tenureage="3" tenuremask="ffe8" tiltratio="89" />
  <memory-copied type="nursery" objects="950" bytes="32232" bytesdiscarded="11544" />
  <memory-copied type="tenure" objects="2279" bytes="66960" bytesdiscarded="24" />
  <object-monitors candidates="19" cleared="0"  />
</gc-op>
<gc-end id="1014" type="scavenge" contextid="1010" durationms="4.211" usertimems="2.003" systemtimems="0.000" stalltimems="0.753" timestamp="2025-12-16T21:21:34.308" activeThreads="2">
  <mem-info id="1015" free="16100336" total="31326208" percent="51">
    <mem type="nursery" free="12997888" total="14548992" percent="89">
      <mem type="allocate" free="12997888" total="13041664" percent="99" />
      <mem type="survivor" free="0" total="1507328" percent="0" />
    </mem>
    <mem type="tenure" free="3102448" total="16777216" percent="18">
      <mem type="soa" free="2262768" total="15937536" percent="14" />
      <mem type="loa" free="839680" total="839680" percent="100" />
    </mem>
    <remembered-set count="258" />
  </mem-info>
</gc-end>
<cycle-end id="1016" type="scavenge" contextid="1010" timestamp="2025-12-16T21:21:34.309" />
<allocation-satisfied id="1017" threadId="0000000000839D00" bytesRequested="16" />
<af-end id="1018" timestamp="2025-12-16T21:21:34.310" threadId="000000000083A778" success="true" from="nursery"/>
<exclusive-end id="1019" timestamp="2025-12-16T21:21:34.311" durationms="9.920" />

<exclusive-start id="1020" timestamp="2025-12-16T21:21:34.364" intervalms="62.327">
  <response-info timems="0.056" idlems="0.056" threads="0" lastid="0000000000839D00" lastname="Default Executor-thread-1" />
</exclusive-start>
<af-start id="1021" threadId="000000000083A778" totalBytesRequested="72" timestamp="2025-12-16T21:21:34.365" intervalms="62.516" type="nursery" />
<cycle-start id="1022" type="scavenge" contextid="0" timestamp="2025-12-16T21:21:34.366" intervalms="62.539" />
<gc-start id="1023" type="scavenge" contextid="1022" timestamp="2025-12-16T21:21:34.367">
  <mem-info id="1024" free="3102448" total="31326208" percent="9">
    <mem type="nursery" free="0" total="14548992" percent="0">
      <mem type="allocate" free="0" total="13041664" percent="0" />
      <mem type="survivor" free="0" total="1507328" percent="0" />
    </mem>
    <mem type="tenure" free="3102448" total="16777216" percent="18">
      <mem type="soa" free="2262768" total="15937536" percent="14" />
      <mem type="loa" free="839680" total="839680" percent="100" />
    </mem>
    <remembered-set count="283" />
  </mem-info>
</gc-start>
<allocation-stats totalBytes="12997080" discardedBytes="808" >
  <allocated-bytes non-tlh="16" tlh="12997064" />
  <largest-consumer threadName="Default Executor-thread-1" threadId="0000000000839D00" bytes="12997080" />
</allocation-stats>
<gc-op id="1025" type="scavenge" timems="0.773" contextid="1022" timestamp="2025-12-16T21:21:34.369">
  <scavenger-info tenureage="14" tenuremask="4000" tiltratio="89" />
  <memory-copied type="nursery" objects="1259" bytes="40512" bytesdiscarded="17856" />
  <object-monitors candidates="19" cleared="0"  />
</gc-op>
<heap-resize id="1026" type="expand" space="nursery" amount="655360" count="1" timems="0.040" reason="excessive time being spent scavenging" timestamp="2025-12-16T21:21:34.371" />
<gc-end id="1027" type="scavenge" contextid="1022" durationms="4.480" usertimems="1.471" systemtimems="0.000" stalltimems="0.413" timestamp="2025-12-16T21:21:34.371" activeThreads="2">
  <mem-info id="1028" free="16675568" total="31981568" percent="52">
    <mem type="nursery" free="13573120" total="15204352" percent="89">
      <mem type="allocate" free="13573120" total="13631488" percent="99" />
      <mem type="survivor" free="0" total="1572864" percent="0" />
    </mem>
    <mem type="tenure" free="3102448" total="16777216" percent="18">
      <mem type="soa" free="2262768" total="15937536" percent="14" />
      <mem type="loa" free="839680" total="839680" percent="100" />
    </mem>
    <remembered-set count="270" />
  </mem-info>
</gc-end>
<cycle-end id="1029" type="scavenge" contextid="1022" timestamp="2025-12-16T21:21:34.372" />
<allocation-satisfied id="1030" threadId="0000000000839D00" bytesRequested="72" />
<af-end id="1031" timestamp="2025-12-16T21:21:34.374" threadId="000000000083A778" success="true" from="nursery"/>
<exclusive-end id="1032" timestamp="2025-12-16T21:21:34.375" durationms="11.267" />

<exclusive-start id="1033" timestamp="2025-12-16T21:21:34.614" intervalms="250.148">
  <response-info timems="0.049" idlems="0.049" threads="0" lastid="0000000000839D00" lastname="Default Executor-thread-1" />
</exclusive-start>
<af-start id="1034" threadId="000000000083A778" totalBytesRequested="1312" timestamp="2025-12-16T21:21:34.615" intervalms="249.882" type="nursery" />
<cycle-start id="1035" type="scavenge" contextid="0" timestamp="2025-12-16T21:21:34.616" intervalms="249.882" />
<gc-start id="1036" type="scavenge" contextid="1035" timestamp="2025-12-16T21:21:34.616">
  <mem-info id="1037" free="3090840" total="31981568" percent="9">
    <mem type="nursery" free="0" total="15204352" percent="0">
      <mem type="allocate" free="0" total="13631488" percent="0" />
      <mem type="survivor" free="0" total="1572864" percent="0" />
    </mem>
    <mem type="tenure" free="3090840" total="16777216" percent="18">
      <mem type="soa" free="2251160" total="15937536" percent="14" />
      <mem type="loa" free="839680" total="839680" percent="100" />
    </mem>
    <remembered-set count="3224" />
  </mem-info>
</gc-start>
<allocation-stats totalBytes="13575096" discardedBytes="9632" >
  <allocated-bytes non-tlh="11680" tlh="13563416" />
  <largest-consumer threadName="Default Executor-thread-1" threadId="0000000000839D00" bytes="13513576" />
</allocation-stats>
<gc-op id="1038" type="scavenge" timems="3.762" contextid="1035" timestamp="2025-12-16T21:21:34.622">
  <scavenger-info tenureage="14" tenuremask="4000" tiltratio="89" />
  <memory-copied type="nursery" objects="34575" bytes="1515424" bytesdiscarded="22688" />
  <ownableSynchronizers candidates="77" cleared="45" />
  <references type="soft" candidates="2" cleared="0" enqueued="0" dynamicThreshold="9" maxThreshold="32" />
  <references type="weak" candidates="56" cleared="43" enqueued="43" />
  <references type="phantom" candidates="49" cleared="0" enqueued="0" />
  <object-monitors candidates="19" cleared="0"  />
</gc-op>
<gc-end id="1039" type="scavenge" contextid="1035" durationms="6.150" usertimems="7.349" systemtimems="0.000" stalltimems="0.811" timestamp="2025-12-16T21:21:34.623" activeThreads="2">
  <mem-info id="1040" free="13675936" total="31981568" percent="42">
    <mem type="nursery" free="10585096" total="15204352" percent="69">
      <mem type="allocate" free="10585096" total="12124160" percent="87" />
      <mem type="survivor" free="0" total="3080192" percent="0" />
    </mem>
    <mem type="tenure" free="3090840" total="16777216" percent="18">
      <mem type="soa" free="2251160" total="15937536" percent="14" />
      <mem type="loa" free="839680" total="839680" percent="100" />
    </mem>
    <pending-finalizers system="0" default="0" reference="43" classloader="0" />
    <remembered-set count="2115" />
  </mem-info>
</gc-end>
<cycle-end id="1041" type="scavenge" contextid="1035" timestamp="2025-12-16T21:21:34.624" />
<allocation-satisfied id="1042" threadId="0000000000839D00" bytesRequested="1312" />
<af-end id="1043" timestamp="2025-12-16T21:21:34.625" threadId="000000000083A778" success="true" from="nursery"/>
<exclusive-end id="1044" timestamp="2025-12-16T21:21:34.626" durationms="12.100" />

<exclusive-start id="1045" timestamp="2025-12-16T21:21:34.746" intervalms="131.948">
  <response-info timems="0.041" idlems="0.041" threads="0" lastid="0000000000839D00" lastname="Default Executor-thread-1" />
</exclusive-start>
<af-start id="1046" threadId="000000000083A778" totalBytesRequested="296" timestamp="2025-12-16T21:21:34.747" intervalms="132.375" type="nursery" />
<cycle-start id="1047" type="scavenge" contextid="0" timestamp="2025-12-16T21:21:34.748" intervalms="132.564" />
<gc-start id="1048" type="scavenge" contextid="1047" timestamp="2025-12-16T21:21:34.750">
  <mem-info id="1049" free="3089984" total="31981568" percent="9">
    <mem type="nursery" free="0" total="15204352" percent="0">
      <mem type="allocate" free="0" total="12124160" percent="0" />
      <mem type="survivor" free="0" total="3080192" percent="0" />
    </mem>
    <mem type="tenure" free="3089984" total="16777216" percent="18">
      <mem type="soa" free="2250304" total="15937536" percent="14" />
      <mem type="loa" free="839680" total="839680" percent="100" />
    </mem>
    <remembered-set count="2540" />
  </mem-info>
</gc-start>
<allocation-stats totalBytes="10584512" discardedBytes="1440" >
  <allocated-bytes non-tlh="180824" tlh="10403688" />
  <largest-consumer threadName="Default Executor-thread-1" threadId="0000000000839D00" bytes="10482152" />
</allocation-stats>
<gc-op id="1050" type="scavenge" timems="4.416" contextid="1047" timestamp="2025-12-16T21:21:34.756">
  <scavenger-info tenureage="4" tenuremask="ffd0" tiltratio="79" />
  <memory-copied type="nursery" objects="57783" bytes="3076312" bytesdiscarded="1416" />
  <memory-copied type="tenure" objects="1358" bytes="47944" bytesdiscarded="8" />
  <copy-failed type="nursery" objects="1348" bytes="47440" />
  <ownableSynchronizers candidates="264" cleared="138" />
  <references type="soft" candidates="2" cleared="0" enqueued="0" dynamicThreshold="9" maxThreshold="32" />
  <references type="weak" candidates="13" cleared="0" enqueued="0" />
  <references type="phantom" candidates="187" cleared="0" enqueued="0" />
  <object-monitors candidates="19" cleared="0"  />
</gc-op>
<gc-end id="1051" type="scavenge" contextid="1047" durationms="7.302" usertimems="8.713" systemtimems="0.107" stalltimems="0.704" timestamp="2025-12-16T21:21:34.757" activeThreads="2">
  <mem-info id="1052" free="9262144" total="31981568" percent="28">
    <mem type="nursery" free="6225920" total="15204352" percent="40">
      <mem type="allocate" free="6225920" total="9306112" percent="66" />
      <mem type="survivor" free="0" total="5898240" percent="0" />
    </mem>
    <mem type="tenure" free="3036224" total="16777216" percent="18">
      <mem type="soa" free="2196544" total="15937536" percent="13" />
      <mem type="loa" free="839680" total="839680" percent="100" />
    </mem>
    <remembered-set count="2441" />
  </mem-info>
</gc-end>
<cycle-end id="1053" type="scavenge" contextid="1047" timestamp="2025-12-16T21:21:34.758" />
<allocation-satisfied id="1054" threadId="0000000000839D00" bytesRequested="296" />
<af-end id="1055" timestamp="2025-12-16T21:21:34.759" threadId="000000000083A778" success="true" from="nursery"/>
<exclusive-end id="1056" timestamp="2025-12-16T21:21:34.760" durationms="14.306" />

<exclusive-start id="1057" timestamp="2025-12-16T21:21:34.823" intervalms="77.276">
  <response-info timems="0.045" idlems="0.045" threads="0" lastid="0000000000839D00" lastname="Default Executor-thread-1" />
</exclusive-start>
<af-start id="1058" threadId="000000000083A778" totalBytesRequested="8200" timestamp="2025-12-16T21:21:34.824" intervalms="77.220" type="nursery" />
<cycle-start id="1059" type="scavenge" contextid="0" timestamp="2025-12-16T21:21:34.825" intervalms="76.907" />
<gc-start id="1060" type="scavenge" contextid="1059" timestamp="2025-12-16T21:21:34.826">
  <mem-info id="1061" free="3035904" total="31981568" percent="9">
    <mem type="nursery" free="0" total="15204352" percent="0">
      <mem type="allocate" free="0" total="9306112" percent="0" />
      <mem type="survivor" free="0" total="5898240" percent="0" />
    </mem>
    <mem type="tenure" free="3035904" total="16777216" percent="18">
      <mem type="soa" free="2196224" total="15937536" percent="13" />
      <mem type="loa" free="839680" total="839680" percent="100" />
    </mem>
    <remembered-set count="2676" />
  </mem-info>
</gc-start>
<allocation-stats totalBytes="6216584" discardedBytes="9656" >
  <allocated-bytes non-tlh="236472" tlh="5980112" />
  <largest-consumer threadName="Default Executor-thread-1" threadId="0000000000839D00" bytes="6175632" />
</allocation-stats>
<gc-op id="1062" type="scavenge" timems="6.514" contextid="1059" timestamp="2025-12-16T21:21:34.834">
  <scavenger-info tenureage="2" tenuremask="ffdc" tiltratio="61" />
  <memory-copied type="nursery" objects="37722" bytes="2780808" bytesdiscarded="77568" />
  <memory-copied type="tenure" objects="33220" bytes="1464016" bytesdiscarded="216" />
  <ownableSynchronizers candidates="213" cleared="54" />
  <references type="weak" candidates="1" cleared="0" enqueued="0" />
  <references type="phantom" candidates="195" cleared="0" enqueued="0" />
  <object-monitors candidates="20" cleared="0"  />
</gc-op>
<heap-resize id="1063" type="expand" space="nursery" amount="917504" count="1" timems="0.042" reason="excessive time being spent scavenging" timestamp="2025-12-16T21:21:34.835" />
<gc-end id="1064" type="scavenge" contextid="1059" durationms="9.504" usertimems="9.841" systemtimems="3.423" stalltimems="0.440" timestamp="2025-12-16T21:21:34.835" activeThreads="2">
  <mem-info id="1065" free="8882584" total="32899072" percent="26">
    <mem type="nursery" free="7362656" total="16121856" percent="45">
      <mem type="allocate" free="7362656" total="10223616" percent="72" />
      <mem type="survivor" free="0" total="5898240" percent="0" />
    </mem>
    <mem type="tenure" free="1519928" total="16777216" percent="9">
      <mem type="soa" free="680248" total="15937536" percent="4" />
      <mem type="loa" free="839680" total="839680" percent="100" />
    </mem>
    <remembered-set count="686" />
  </mem-info>
</gc-end>
<cycle-end id="1066" type="scavenge" contextid="1059" timestamp="2025-12-16T21:21:34.836" />
<allocation-satisfied id="1067" threadId="0000000000839D00" bytesRequested="8200" />
<af-end id="1068" timestamp="2025-12-16T21:21:34.838" threadId="000000000083A778" success="true" from="nursery"/>
<exclusive-end id="1069" timestamp="2025-12-16T21:21:34.838" durationms="15.108" />

<concurrent-kickoff id="1070" timestamp="2025-12-16T21:21:34.916">
  <kickoff reason="threshold reached" targetBytes="6496714" thresholdFreeBytes="901722"  remainingFree="731232" tenureFreeBytes="1519768" nurseryFreeBytes="731232" />
</concurrent-kickoff>
<exclusive-start id="1071" timestamp="2025-12-16T21:21:34.917" intervalms="94.246">
  <response-info timems="0.052" idlems="0.052" threads="0" lastid="0000000000839D00" lastname="Default Executor-thread-1" />
</exclusive-start>
<cycle-start id="1072" type="global" contextid="0" timestamp="2025-12-16T21:21:34.918" intervalms="1398.178" />
<concurrent-start id="1073" type="global mark" contextid="1072" timestamp="2025-12-16T21:21:34.919">
</concurrent-start>
<exclusive-end id="1074" timestamp="2025-12-16T21:21:34.920" durationms="2.263" />

<exclusive-start id="1075" timestamp="2025-12-16T21:21:34.935" intervalms="17.810">
  <response-info timems="0.049" idlems="0.049" threads="0" lastid="0000000000839D00" lastname="Default Executor-thread-1" />
</exclusive-start>
<af-start id="1076" threadId="000000000083A778" totalBytesRequested="8200" timestamp="2025-12-16T21:21:34.936" intervalms="111.630" type="nursery" />
<cycle-start id="1077" type="scavenge" contextid="0" timestamp="2025-12-16T21:21:34.937" intervalms="111.615" />
<gc-start id="1078" type="scavenge" contextid="1077" timestamp="2025-12-16T21:21:34.937">
  <mem-info id="1079" free="1519768" total="32899072" percent="4">
    <mem type="nursery" free="0" total="16121856" percent="0">
      <mem type="allocate" free="0" total="10223616" percent="0" />
      <mem type="survivor" free="0" total="5898240" percent="0" />
    </mem>
    <mem type="tenure" free="1519768" total="16777216" percent="9">
      <mem type="soa" free="680088" total="15937536" percent="4" />
      <mem type="loa" free="839680" total="839680" percent="100" />
    </mem>
    <remembered-set count="1030" />
  </mem-info>
</gc-start>
<allocation-stats totalBytes="7351816" discardedBytes="11000" >
  <allocated-bytes non-tlh="8360" tlh="7343456" />
  <largest-consumer threadName="Default Executor-thread-1" threadId="0000000000839D00" bytes="7253536" />
</allocation-stats>
<gc-op id="1080" type="scavenge" timems="4.960" contextid="1077" timestamp="2025-12-16T21:21:34.944">
  <scavenger-info tenureage="2" tenuremask="ff44" tiltratio="63" />
  <memory-copied type="nursery" objects="29336" bytes="2215552" bytesdiscarded="112032" />
  <memory-copied type="tenure" objects="24480" bytes="1599296" bytesdiscarded="2072" />
  <ownableSynchronizers candidates="282" cleared="90" />
  <references type="weak" candidates="3" cleared="0" enqueued="0" />
  <references type="phantom" candidates="145" cleared="0" enqueued="0" />
  <object-monitors candidates="20" cleared="0"  />
  <heap-resize type="expand" space="tenure" amount="917504" count="14" timems="0.708" reason="continue current collection" />
</gc-op>
<gc-end id="1081" type="scavenge" contextid="1077" durationms="7.024" usertimems="8.671" systemtimems="4.264" stalltimems="2.092" timestamp="2025-12-16T21:21:34.944" activeThreads="3">
  <mem-info id="1082" free="9565272" total="33816576" percent="28">
    <mem type="nursery" free="8680536" total="16121856" percent="53">
      <mem type="allocate" free="8680536" total="11010048" percent="78" />
      <mem type="survivor" free="0" total="5111808" percent="0" />
    </mem>
    <mem type="tenure" free="884736" total="17694720" percent="5">
      <mem type="soa" free="0" total="16809984" percent="0" />
      <mem type="loa" free="884736" total="884736" percent="100" />
    </mem>
    <remembered-set count="749" />
  </mem-info>
</gc-end>
<cycle-end id="1083" type="scavenge" contextid="1077" timestamp="2025-12-16T21:21:34.945" />
<allocation-satisfied id="1084" threadId="0000000000839D00" bytesRequested="8200" />
<af-end id="1085" timestamp="2025-12-16T21:21:34.947" threadId="000000000083A778" success="true" from="nursery"/>
<exclusive-end id="1086" timestamp="2025-12-16T21:21:34.948" durationms="12.492" />

<concurrent-end id="1087" type="global mark" contextid="1072" timestamp="2025-12-16T21:21:34.961">
<gc-op id="1088" type="trace" timems="41.534" contextid="1072" timestamp="2025-12-16T21:21:34.961">
  <trace bytesTraced="9008160" workStackOverflowCount="0" />
  <card-cleaning reason="card cleaning threshold reached" bytesTraced="46652" cardsCleaned="157" />
</gc-op>
</concurrent-end>

<exclusive-start id="1089" timestamp="2025-12-16T21:21:34.962" intervalms="27.189">
  <response-info timems="0.055" idlems="0.055" threads="0" lastid="0000000000839D00" lastname="Default Executor-thread-1" />
</exclusive-start>
<concurrent-global-final id="1090" timestamp="2025-12-16T21:21:34.963" contextid="1072" intervalms="1406.038" >
  <concurrent-trace-info reason="card cleaning threshold reached" tracedByMutators="2951064" tracedByHelpers="6103748" cardsCleaned="157" workStackOverflowCount="0" />
</concurrent-global-final>
<gc-start id="1091" type="global" contextid="1072" timestamp="2025-12-16T21:21:34.964">
  <mem-info id="1092" free="8848464" total="33816576" percent="26">
    <mem type="nursery" free="7963728" total="16121856" percent="49">
      <mem type="allocate" free="7963728" total="11010048" percent="72" />
      <mem type="survivor" free="0" total="5111808" percent="0" />
    </mem>
    <mem type="tenure" free="884736" total="17694720" percent="5">
      <mem type="soa" free="0" total="16809984" percent="0" />
      <mem type="loa" free="884736" total="884736" percent="100" />
    </mem>
    <remembered-set count="767" />
  </mem-info>
</gc-start>
<allocation-stats totalBytes="711104" discardedBytes="5704" >
  <allocated-bytes non-tlh="8200" tlh="702904" />
  <largest-consumer threadName="Default Executor-thread-1" threadId="0000000000839D00" bytes="690624" />
</allocation-stats>
<gc-op id="1093" type="rs-scan" timems="3.534" contextid="1072" timestamp="2025-12-16T21:21:34.970">
  <scan objectsFound="30812" bytesTraced="910464" workStackOverflowCount="0" />
</gc-op>
<gc-op id="1094" type="card-cleaning" timems="2.089" contextid="1072" timestamp="2025-12-16T21:21:34.972">
  <card-cleaning cardsCleaned="26" bytesTraced="34616" workStackOverflowCount="0" />
</gc-op>
<gc-op id="1095" type="mark" timems="7.492" contextid="1072" timestamp="2025-12-16T21:21:34.981">
  <trace-info objectcount="165" scancount="158" scanbytes="2936" />
  <finalization candidates="725" enqueued="0" />
  <ownableSynchronizers candidates="866" cleared="12" />
  <references type="soft" candidates="4490" cleared="0" enqueued="0" dynamicThreshold="9" maxThreshold="32" />
  <references type="weak" candidates="1311" cleared="0" enqueued="0" />
  <references type="phantom" candidates="357" cleared="0" enqueued="0" />
  <stringconstants candidates="12771" cleared="1"  />
  <object-monitors candidates="20" cleared="0"  />
</gc-op>
<gc-op id="1096" type="sweep" timems="3.356" contextid="1072" timestamp="2025-12-16T21:21:34.985" />
<heap-resize id="1097" type="expand" space="tenure" amount="4653056" count="1" timems="0.421" reason="insufficient free space following gc" timestamp="2025-12-16T21:21:34.986" />
<gc-end id="1098" type="global" contextid="1072" durationms="22.606" usertimems="18.356" systemtimems="27.935" stalltimems="131.264" timestamp="2025-12-16T21:21:34.987" activeThreads="16">
  <mem-info id="1099" free="15397256" total="38469632" percent="40">
    <mem type="nursery" free="8657872" total="16121856" percent="53">
      <mem type="allocate" free="8657872" total="11010048" percent="78" />
      <mem type="survivor" free="0" total="5111808" percent="0" />
    </mem>
    <mem type="tenure" free="6739384" total="22347776" percent="30" micro-fragmented="309095" macro-fragmented="0">
      <mem type="soa" free="5621176" total="21229568" percent="26" />
      <mem type="loa" free="1118208" total="1118208" percent="100" />
    </mem>
    <remembered-set count="756" />
  </mem-info>
</gc-end>
<cycle-end id="1100" type="global" contextid="1072" timestamp="2025-12-16T21:21:34.988" />
<exclusive-end id="1101" timestamp="2025-12-16T21:21:34.988" durationms="25.905" />

<exclusive-start id="1102" timestamp="2025-12-16T21:21:35.043" intervalms="81.069">
  <response-info timems="0.058" idlems="0.058" threads="0" lastid="0000000000839D00" lastname="Default Executor-thread-1" />
</exclusive-start>
<af-start id="1103" threadId="000000000083A778" totalBytesRequested="80" timestamp="2025-12-16T21:21:35.044" intervalms="108.501" type="nursery" />
<cycle-start id="1104" type="scavenge" contextid="0" timestamp="2025-12-16T21:21:35.046" intervalms="108.825" />
<gc-start id="1105" type="scavenge" contextid="1104" timestamp="2025-12-16T21:21:35.046">
  <mem-info id="1106" free="6739272" total="38469632" percent="17">
    <mem type="nursery" free="0" total="16121856" percent="0">
      <mem type="allocate" free="0" total="11010048" percent="0" />
      <mem type="survivor" free="0" total="5111808" percent="0" />
    </mem>
    <mem type="tenure" free="6739272" total="22347776" percent="30">
      <mem type="soa" free="5621064" total="21229568" percent="26" />
      <mem type="loa" free="1118208" total="1118208" percent="100" />
    </mem>
    <remembered-set count="1316" />
  </mem-info>
</gc-start>
<allocation-stats totalBytes="8650512" discardedBytes="6784" >
  <allocated-bytes non-tlh="93904" tlh="8556608" />
  <largest-consumer threadName="Default Executor-thread-1" threadId="0000000000839D00" bytes="8555216" />
</allocation-stats>
<gc-op id="1107" type="scavenge" timems="6.833" contextid="1104" timestamp="2025-12-16T21:21:35.055">
  <scavenger-info tenureage="2" tenuremask="fff4" tiltratio="68" />
  <memory-copied type="nursery" objects="40237" bytes="2568072" bytesdiscarded="170472" />
  <memory-copied type="tenure" objects="13175" bytes="1174600" bytesdiscarded="5768" />
  <ownableSynchronizers candidates="1835" cleared="1640" />
  <references type="weak" candidates="2" cleared="0" enqueued="0" />
  <references type="phantom" candidates="238" cleared="0" enqueued="0" />
  <object-monitors candidates="20" cleared="0"  />
</gc-op>
<heap-resize id="1108" type="expand" space="nursery" amount="786432" count="1" timems="0.047" reason="excessive time being spent scavenging" timestamp="2025-12-16T21:21:35.056" />
<gc-end id="1109" type="scavenge" contextid="1104" durationms="10.617" usertimems="9.798" systemtimems="6.910" stalltimems="4.006" timestamp="2025-12-16T21:21:35.057" activeThreads="4">
  <mem-info id="1110" free="14588232" total="39256064" percent="37">
    <mem type="nursery" free="9120320" total="16908288" percent="53">
      <mem type="allocate" free="9120320" total="11862016" percent="76" />
      <mem type="survivor" free="0" total="5046272" percent="0" />
    </mem>
    <mem type="tenure" free="5467912" total="22347776" percent="24">
      <mem type="soa" free="4349704" total="21229568" percent="20" />
      <mem type="loa" free="1118208" total="1118208" percent="100" />
    </mem>
    <remembered-set count="870" />
  </mem-info>
</gc-end>
<cycle-end id="1111" type="scavenge" contextid="1104" timestamp="2025-12-16T21:21:35.058" />
<allocation-satisfied id="1112" threadId="0000000000839D00" bytesRequested="80" />
<af-end id="1113" timestamp="2025-12-16T21:21:35.060" threadId="000000000083A778" success="true" from="nursery"/>
<exclusive-end id="1114" timestamp="2025-12-16T21:21:35.060" durationms="16.883" />

<exclusive-start id="1115" timestamp="2025-12-16T21:21:35.304" intervalms="260.667">
  <response-info timems="0.053" idlems="0.053" threads="0" lastid="0000000000839D00" lastname="Default Executor-thread-1" />
</exclusive-start>
<af-start id="1116" threadId="000000000083A778" totalBytesRequested="3896" timestamp="2025-12-16T21:21:35.305" intervalms="260.643" type="nursery" />
<cycle-start id="1117" type="scavenge" contextid="0" timestamp="2025-12-16T21:21:35.306" intervalms="260.654" />
<gc-start id="1118" type="scavenge" contextid="1117" timestamp="2025-12-16T21:21:35.307">
  <mem-info id="1119" free="5467392" total="39256064" percent="13">
    <mem type="nursery" free="0" total="16908288" percent="0">
      <mem type="allocate" free="0" total="11862016" percent="0" />
      <mem type="survivor" free="0" total="5046272" percent="0" />
    </mem>
    <mem type="tenure" free="5467392" total="22347776" percent="24">
      <mem type="soa" free="4349184" total="21229568" percent="20" />
      <mem type="loa" free="1118208" total="1118208" percent="100" />
    </mem>
    <remembered-set count="1623" />
  </mem-info>
</gc-start>
<allocation-stats totalBytes="9115864" discardedBytes="4976" >
  <allocated-bytes non-tlh="600" tlh="9115264" />
  <largest-consumer threadName="Default Executor-thread-1" threadId="0000000000839D00" bytes="9066712" />
</allocation-stats>
<gc-op id="1120" type="scavenge" timems="4.376" contextid="1117" timestamp="2025-12-16T21:21:35.314">
  <scavenger-info tenureage="2" tenuremask="fff4" tiltratio="70" />
  <memory-copied type="nursery" objects="39727" bytes="2729696" bytesdiscarded="206008" />
  <memory-copied type="tenure" objects="16009" bytes="873960" bytesdiscarded="2592" />
  <ownableSynchronizers candidates="290" cleared="78" />
  <references type="weak" candidates="1" cleared="0" enqueued="0" />
  <references type="phantom" candidates="222" cleared="0" enqueued="0" />
  <object-monitors candidates="20" cleared="0"  />
</gc-op>
<gc-end id="1121" type="scavenge" contextid="1117" durationms="7.538" usertimems="7.441" systemtimems="5.096" stalltimems="8.728" timestamp="2025-12-16T21:21:35.315" activeThreads="5">
  <mem-info id="1122" free="13915784" total="39256064" percent="35">
    <mem type="nursery" free="9382104" total="16908288" percent="55">
      <mem type="allocate" free="9382104" total="12320768" percent="76" />
      <mem type="survivor" free="0" total="4587520" percent="0" />
    </mem>
    <mem type="tenure" free="4533680" total="22347776" percent="20">
      <mem type="soa" free="3415472" total="21229568" percent="16" />
      <mem type="loa" free="1118208" total="1118208" percent="100" />
    </mem>
    <remembered-set count="836" />
  </mem-info>
</gc-end>
<cycle-end id="1123" type="scavenge" contextid="1117" timestamp="2025-12-16T21:21:35.316" />
<allocation-satisfied id="1124" threadId="0000000000839D00" bytesRequested="3896" />
<af-end id="1125" timestamp="2025-12-16T21:21:35.318" threadId="000000000083A778" success="true" from="nursery"/>
<exclusive-end id="1126" timestamp="2025-12-16T21:21:35.319" durationms="14.793" />

<exclusive-start id="1127" timestamp="2025-12-16T21:21:35.518" intervalms="214.017">
  <response-info timems="0.049" idlems="0.049" threads="0" lastid="0000000000839D00" lastname="Default Executor-thread-1" />
</exclusive-start>
<af-start id="1128" threadId="000000000083A778" totalBytesRequested="178472" timestamp="2025-12-16T21:21:35.519" intervalms="213.997" type="nursery" />
<cycle-start id="1129" type="scavenge" contextid="0" timestamp="2025-12-16T21:21:35.520" intervalms="213.789" />
<gc-start id="1130" type="scavenge" contextid="1129" timestamp="2025-12-16T21:21:35.521">
  <mem-info id="1131" free="4531688" total="39256064" percent="11">
    <mem type="nursery" free="0" total="16908288" percent="0">
      <mem type="allocate" free="0" total="12320768" percent="0" />
      <mem type="survivor" free="0" total="4587520" percent="0" />
    </mem>
    <mem type="tenure" free="4531688" total="22347776" percent="20">
      <mem type="soa" free="3413480" total="21229568" percent="16" />
      <mem type="loa" free="1118208" total="1118208" percent="100" />
    </mem>
    <remembered-set count="1144" />
  </mem-info>
</gc-start>
<allocation-stats totalBytes="9277304" discardedBytes="106792" >
  <allocated-bytes non-tlh="214712" tlh="9062592" />
  <largest-consumer threadName="Default Executor-thread-1" threadId="0000000000839D00" bytes="9211752" />
</allocation-stats>
<gc-op id="1132" type="scavenge" timems="4.040" contextid="1129" timestamp="2025-12-16T21:21:35.526">
  <scavenger-info tenureage="4" tenuremask="fff0" tiltratio="72" />
  <memory-copied type="nursery" objects="51975" bytes="3374520" bytesdiscarded="32472" />
  <ownableSynchronizers candidates="256" cleared="63" />
  <references type="weak" candidates="2" cleared="1" enqueued="1" />
  <references type="phantom" candidates="284" cleared="0" enqueued="0" />
  <object-monitors candidates="20" cleared="0"  />
</gc-op>
<gc-end id="1133" type="scavenge" contextid="1129" durationms="6.530" usertimems="10.752" systemtimems="0.000" stalltimems="5.394" timestamp="2025-12-16T21:21:35.527" activeThreads="4">
  <mem-info id="1134" free="13113976" total="39256064" percent="33">
    <mem type="nursery" free="8582288" total="16908288" percent="50">
      <mem type="allocate" free="8582288" total="11993088" percent="71" />
      <mem type="survivor" free="0" total="4915200" percent="0" />
    </mem>
    <mem type="tenure" free="4531688" total="22347776" percent="20">
      <mem type="soa" free="3413480" total="21229568" percent="16" />
      <mem type="loa" free="1118208" total="1118208" percent="100" />
    </mem>
    <pending-finalizers system="0" default="0" reference="1" classloader="0" />
    <remembered-set count="988" />
  </mem-info>
</gc-end>
<cycle-end id="1135" type="scavenge" contextid="1129" timestamp="2025-12-16T21:21:35.528" />
<allocation-satisfied id="1136" threadId="0000000000839D00" bytesRequested="178472" />
<af-end id="1137" timestamp="2025-12-16T21:21:35.530" threadId="000000000083A778" success="true" from="nursery"/>
<exclusive-end id="1138" timestamp="2025-12-16T21:21:35.531" durationms="13.210" />

<exclusive-start id="1139" timestamp="2025-12-16T21:21:35.583" intervalms="64.510">
  <response-info timems="0.053" idlems="0.053" threads="0" lastid="0000000000839D00" lastname="Default Executor-thread-1" />
</exclusive-start>
<af-start id="1140" threadId="000000000083A778" totalBytesRequested="8200" timestamp="2025-12-16T21:21:35.584" intervalms="64.778" type="nursery" />
<cycle-start id="1141" type="scavenge" contextid="0" timestamp="2025-12-16T21:21:35.585" intervalms="65.032" />
<gc-start id="1142" type="scavenge" contextid="1141" timestamp="2025-12-16T21:21:35.586">
  <mem-info id="1143" free="4531632" total="39256064" percent="11">
    <mem type="nursery" free="0" total="16908288" percent="0">
      <mem type="allocate" free="0" total="11993088" percent="0" />
      <mem type="survivor" free="0" total="4915200" percent="0" />
    </mem>
    <mem type="tenure" free="4531632" total="22347776" percent="20">
      <mem type="soa" free="3413424" total="21229568" percent="16" />
      <mem type="loa" free="1118208" total="1118208" percent="100" />
    </mem>
    <remembered-set count="1345" />
  </mem-info>
</gc-start>
<allocation-stats totalBytes="8549792" discardedBytes="32552" >
  <allocated-bytes non-tlh="178528" tlh="8371264" />
  <largest-consumer threadName="Default Executor-thread-1" threadId="0000000000839D00" bytes="8443520" />
</allocation-stats>
<gc-op id="1144" type="scavenge" timems="4.489" contextid="1141" timestamp="2025-12-16T21:21:35.592">
  <scavenger-info tenureage="2" tenuremask="fffc" tiltratio="70" />
  <memory-copied type="nursery" objects="32689" bytes="2576480" bytesdiscarded="118816" />
  <memory-copied type="tenure" objects="38684" bytes="2167376" bytesdiscarded="5312" />
  <ownableSynchronizers candidates="418" cleared="135" />
  <references type="weak" candidates="2" cleared="0" enqueued="0" />
  <references type="phantom" candidates="198" cleared="0" enqueued="0" />
  <object-monitors candidates="20" cleared="0"  />
</gc-op>
<heap-resize id="1145" type="expand" space="nursery" amount="917504" count="1" timems="0.046" reason="excessive time being spent scavenging" timestamp="2025-12-16T21:21:35.593" />
<gc-end id="1146" type="scavenge" contextid="1141" durationms="7.952" usertimems="3.406" systemtimems="9.265" stalltimems="4.758" timestamp="2025-12-16T21:21:35.594" activeThreads="4">
  <mem-info id="1147" free="12398672" total="40173568" percent="30">
    <mem type="nursery" free="10081584" total="17825792" percent="56">
      <mem type="allocate" free="10081584" total="12779520" percent="78" />
      <mem type="survivor" free="0" total="5046272" percent="0" />
    </mem>
    <mem type="tenure" free="2317088" total="22347776" percent="10">
      <mem type="soa" free="1198880" total="21229568" percent="5" />
      <mem type="loa" free="1118208" total="1118208" percent="100" />
    </mem>
    <remembered-set count="880" />
  </mem-info>
</gc-end>
<cycle-end id="1148" type="scavenge" contextid="1141" timestamp="2025-12-16T21:21:35.595" />
<allocation-satisfied id="1149" threadId="0000000000839D00" bytesRequested="8200" />
<af-end id="1150" timestamp="2025-12-16T21:21:35.596" threadId="000000000083A778" success="true" from="nursery"/>
<exclusive-end id="1151" timestamp="2025-12-16T21:21:35.597" durationms="14.304" />

<concurrent-kickoff id="1152" timestamp="2025-12-16T21:21:35.647">
  <kickoff reason="threshold reached" targetBytes="9176768" thresholdFreeBytes="1272363"  remainingFree="1082672" tenureFreeBytes="2317088" nurseryFreeBytes="1082672" />
</concurrent-kickoff>
<exclusive-start id="1153" timestamp="2025-12-16T21:21:35.648" intervalms="65.499">
  <response-info timems="0.056" idlems="0.056" threads="0" lastid="0000000000839D00" lastname="Default Executor-thread-1" />
</exclusive-start>
<cycle-start id="1154" type="global" contextid="0" timestamp="2025-12-16T21:21:35.649" intervalms="731.072" />
<concurrent-start id="1155" type="global mark" contextid="1154" timestamp="2025-12-16T21:21:35.650">
</concurrent-start>
<exclusive-end id="1156" timestamp="2025-12-16T21:21:35.651" durationms="2.662" />

<exclusive-start id="1157" timestamp="2025-12-16T21:21:35.660" intervalms="11.969">
  <response-info timems="0.062" idlems="0.062" threads="0" lastid="0000000000839D00" lastname="Default Executor-thread-1" />
</exclusive-start>
<af-start id="1158" threadId="000000000083A778" totalBytesRequested="4992" timestamp="2025-12-16T21:21:35.661" intervalms="77.233" type="nursery" />
<cycle-start id="1159" type="scavenge" contextid="0" timestamp="2025-12-16T21:21:35.662" intervalms="77.102" />
<gc-start id="1160" type="scavenge" contextid="1159" timestamp="2025-12-16T21:21:35.663">
  <mem-info id="1161" free="2317088" total="40173568" percent="5">
    <mem type="nursery" free="0" total="17825792" percent="0">
      <mem type="allocate" free="0" total="12779520" percent="0" />
      <mem type="survivor" free="0" total="5046272" percent="0" />
    </mem>
    <mem type="tenure" free="2317088" total="22347776" percent="10">
      <mem type="soa" free="1198880" total="21229568" percent="5" />
      <mem type="loa" free="1118208" total="1118208" percent="100" />
    </mem>
    <remembered-set count="1462" />
  </mem-info>
</gc-start>
<allocation-stats totalBytes="10079000" discardedBytes="2584" >
  <allocated-bytes non-tlh="8200" tlh="10070800" />
  <largest-consumer threadName="Default Executor-thread-1" threadId="0000000000839D00" bytes="9984872" />
</allocation-stats>
<gc-op id="1162" type="scavenge" timems="4.729" contextid="1159" timestamp="2025-12-16T21:21:35.670">
  <scavenger-info tenureage="2" tenuremask="6004" tiltratio="71" />
  <memory-copied type="nursery" objects="44523" bytes="3484984" bytesdiscarded="218416" />
  <memory-copied type="tenure" objects="12031" bytes="599032" bytesdiscarded="352" />
  <ownableSynchronizers candidates="340" cleared="123" />
  <references type="weak" candidates="1" cleared="0" enqueued="0" />
  <references type="phantom" candidates="258" cleared="0" enqueued="0" />
  <object-monitors candidates="20" cleared="0"  />
</gc-op>
<heap-resize id="1163" type="expand" space="nursery" amount="786432" count="1" timems="0.048" reason="excessive time being spent scavenging" timestamp="2025-12-16T21:21:35.671" />
<gc-end id="1164" type="scavenge" contextid="1159" durationms="8.472" usertimems="12.749" systemtimems="1.256" stalltimems="5.142" timestamp="2025-12-16T21:21:35.672" activeThreads="4">
  <mem-info id="1165" free="10824664" total="40960000" percent="26">
    <mem type="nursery" free="9269296" total="18612224" percent="49">
      <mem type="allocate" free="9269296" total="12976128" percent="71" />
      <mem type="survivor" free="0" total="5636096" percent="0" />
    </mem>
    <mem type="tenure" free="1555368" total="22347776" percent="6">
      <mem type="soa" free="437160" total="21229568" percent="2" />
      <mem type="loa" free="1118208" total="1118208" percent="100" />
    </mem>
    <remembered-set count="1087" />
  </mem-info>
</gc-end>
<cycle-end id="1166" type="scavenge" contextid="1159" timestamp="2025-12-16T21:21:35.672" />
<allocation-satisfied id="1167" threadId="0000000000839D00" bytesRequested="4992" />
<af-end id="1168" timestamp="2025-12-16T21:21:35.679" threadId="000000000083A778" success="true" from="nursery"/>
<exclusive-end id="1169" timestamp="2025-12-16T21:21:35.680" durationms="19.995" />

<exclusive-start id="1170" timestamp="2025-12-16T21:21:35.771" intervalms="110.799">
  <response-info timems="0.057" idlems="0.057" threads="0" lastid="0000000000839D00" lastname="Default Executor-thread-1" />
</exclusive-start>
<af-start id="1171" threadId="000000000083A778" totalBytesRequested="16" timestamp="2025-12-16T21:21:35.772" intervalms="110.934" type="nursery" />
<percolate-collect id="1172" from="nursery" to="global" reason="concurrent mark exhausted" timestamp="2025-12-16T21:21:35.773"/>
<concurrent-end id="1173" type="global mark" contextid="1154" timestamp="2025-12-16T21:21:35.774">
<gc-op id="1174" type="trace" timems="120.912" contextid="1154" timestamp="2025-12-16T21:21:35.774">
  <trace bytesTraced="10940480" workStackOverflowCount="0" />
  <card-cleaning reason="card cleaning threshold reached" bytesTraced="166592" cardsCleaned="460" />
</gc-op>
</concurrent-end>

<gc-start id="1175" type="global" contextid="1154" timestamp="2025-12-16T21:21:35.775">
  <mem-info id="1176" free="1553032" total="40960000" percent="3">
    <mem type="nursery" free="0" total="18612224" percent="0">
      <mem type="allocate" free="0" total="12976128" percent="0" />
      <mem type="survivor" free="0" total="5636096" percent="0" />
    </mem>
    <mem type="tenure" free="1553032" total="22347776" percent="6">
      <mem type="soa" free="434824" total="21229568" percent="2" />
      <mem type="loa" free="1118208" total="1118208" percent="100" />
    </mem>
    <remembered-set count="1452" />
  </mem-info>
</gc-start>
<allocation-stats totalBytes="9270376" discardedBytes="1256" >
  <allocated-bytes non-tlh="178256" tlh="9092120" />
  <largest-consumer threadName="Default Executor-thread-1" threadId="0000000000839D00" bytes="9204912" />
</allocation-stats>
<concurrent-halted id="1177" timestamp="2025-12-16T21:21:35.777">
  <halted state="Complete" status="exhausted" />
  <traced bytesTarget="9164409" bytesTotal="11107072" bytesByMutator="3936680" bytesByHelper="7170392" percent="121" />
  <cards cleaned="460" thresholdBytes="501233" />
</concurrent-halted>
<gc-op id="1178" type="rs-scan" timems="4.906" contextid="1154" timestamp="2025-12-16T21:21:35.783">
  <scan objectsFound="53120" bytesTraced="1632372" workStackOverflowCount="0" />
</gc-op>
<gc-op id="1179" type="card-cleaning" timems="2.274" contextid="1154" timestamp="2025-12-16T21:21:35.786">
  <card-cleaning cardsCleaned="36" bytesTraced="30028" workStackOverflowCount="0" />
</gc-op>
<gc-op id="1180" type="mark" timems="9.266" contextid="1154" timestamp="2025-12-16T21:21:35.796">
  <trace-info objectcount="1120" scancount="1107" scanbytes="31232" />
  <finalization candidates="733" enqueued="8" />
  <ownableSynchronizers candidates="1374" cleared="98" />
  <references type="soft" candidates="4498" cleared="0" enqueued="0" dynamicThreshold="9" maxThreshold="32" />
  <references type="weak" candidates="1333" cleared="16" enqueued="16" />
  <references type="phantom" candidates="382" cleared="4" enqueued="4" />
  <stringconstants candidates="12817" cleared="4"  />
  <object-monitors candidates="20" cleared="0"  />
</gc-op>
<gc-op id="1181" type="sweep" timems="3.982" contextid="1154" timestamp="2025-12-16T21:21:35.801" />
<heap-resize id="1182" type="expand" space="tenure" amount="3538944" count="1" timems="2.064" reason="insufficient free space following gc" timestamp="2025-12-16T21:21:35.804" />
<gc-end id="1183" type="global" contextid="1154" durationms="29.340" usertimems="33.086" systemtimems="17.268" stalltimems="196.860" timestamp="2025-12-16T21:21:35.805" activeThreads="19">
  <mem-info id="1184" free="16115344" total="44498944" percent="36">
    <mem type="nursery" free="8316232" total="18612224" percent="44">
      <mem type="allocate" free="8316232" total="12976128" percent="64" />
      <mem type="survivor" free="0" total="5636096" percent="0" />
    </mem>
    <mem type="tenure" free="7799112" total="25886720" percent="30" micro-fragmented="339684" macro-fragmented="0">
      <mem type="soa" free="6504776" total="24592384" percent="26" />
      <mem type="loa" free="1294336" total="1294336" percent="100" />
    </mem>
    <pending-finalizers system="8" default="0" reference="20" classloader="0" />
    <remembered-set count="1436" />
  </mem-info>
</gc-end>
<cycle-end id="1185" type="global" contextid="1154" timestamp="2025-12-16T21:21:35.806" />
<allocation-satisfied id="1186" threadId="0000000000839D00" bytesRequested="16" />
<af-end id="1187" timestamp="2025-12-16T21:21:35.807" threadId="000000000083A778" success="true" from="nursery"/>
<exclusive-end id="1188" timestamp="2025-12-16T21:21:35.808" durationms="36.933" />

<exclusive-start id="1189" timestamp="2025-12-16T21:21:35.858" intervalms="86.736">
  <response-info timems="0.052" idlems="0.052" threads="0" lastid="0000000000839D00" lastname="Default Executor-thread-1" />
</exclusive-start>
<af-start id="1190" threadId="000000000083A778" totalBytesRequested="4112" timestamp="2025-12-16T21:21:35.859" intervalms="86.660" type="nursery" />
<cycle-start id="1191" type="scavenge" contextid="0" timestamp="2025-12-16T21:21:35.860" intervalms="197.532" />
<gc-start id="1192" type="scavenge" contextid="1191" timestamp="2025-12-16T21:21:35.861">
  <mem-info id="1193" free="7930568" total="44498944" percent="17">
    <mem type="nursery" free="132088" total="18612224" percent="0">
      <mem type="allocate" free="132088" total="12976128" percent="1" />
      <mem type="survivor" free="0" total="5636096" percent="0" />
    </mem>
    <mem type="tenure" free="7798480" total="25886720" percent="30">
      <mem type="soa" free="6504144" total="24592384" percent="26" />
      <mem type="loa" free="1294336" total="1294336" percent="100" />
    </mem>
    <remembered-set count="2637" />
  </mem-info>
</gc-start>
<allocation-stats totalBytes="8068912" discardedBytes="105216" >
  <allocated-bytes non-tlh="654848" tlh="7414064" />
  <largest-consumer threadName="Default Executor-thread-1" threadId="0000000000839D00" bytes="8068912" />
</allocation-stats>
<gc-op id="1194" type="scavenge" timems="5.345" contextid="1191" timestamp="2025-12-16T21:21:35.868">
  <scavenger-info tenureage="2" tenuremask="6004" tiltratio="69" />
  <memory-copied type="nursery" objects="47708" bytes="2879056" bytesdiscarded="55560" />
  <memory-copied type="tenure" objects="19870" bytes="1134336" bytesdiscarded="2328" />
  <ownableSynchronizers candidates="2552" cleared="2315" />
  <references type="soft" candidates="8" cleared="0" enqueued="0" dynamicThreshold="9" maxThreshold="32" />
  <references type="weak" candidates="10" cleared="2" enqueued="2" />
  <references type="phantom" candidates="221" cleared="0" enqueued="0" />
  <object-monitors candidates="20" cleared="0"  />
</gc-op>
<gc-end id="1195" type="scavenge" contextid="1191" durationms="8.705" usertimems="12.175" systemtimems="2.941" stalltimems="5.918" timestamp="2025-12-16T21:21:35.869" activeThreads="4">
  <mem-info id="1196" free="17205400" total="44498944" percent="38">
    <mem type="nursery" free="10561944" total="18612224" percent="56">
      <mem type="allocate" free="10561944" total="13500416" percent="78" />
      <mem type="survivor" free="0" total="5111808" percent="0" />
    </mem>
    <mem type="tenure" free="6643456" total="25886720" percent="25">
      <mem type="soa" free="5349120" total="24592384" percent="21" />
      <mem type="loa" free="1294336" total="1294336" percent="100" />
    </mem>
    <pending-finalizers system="0" default="0" reference="2" classloader="0" />
    <remembered-set count="1345" />
  </mem-info>
</gc-end>
<cycle-end id="1197" type="scavenge" contextid="1191" timestamp="2025-12-16T21:21:35.870" />
<allocation-satisfied id="1198" threadId="0000000000839D00" bytesRequested="4112" />
<af-end id="1199" timestamp="2025-12-16T21:21:35.872" threadId="000000000083A778" success="true" from="nursery"/>
<exclusive-end id="1200" timestamp="2025-12-16T21:21:35.873" durationms="15.168" />

<exclusive-start id="1201" timestamp="2025-12-16T21:21:35.916" intervalms="58.068">
  <response-info timems="0.100" idlems="0.100" threads="0" lastid="0000000000839D00" lastname="Default Executor-thread-1" />
</exclusive-start>
<af-start id="1202" threadId="000000000083A778" totalBytesRequested="24" timestamp="2025-12-16T21:21:35.917" intervalms="57.970" type="nursery" />
<cycle-start id="1203" type="scavenge" contextid="0" timestamp="2025-12-16T21:21:35.918" intervalms="57.958" />
<gc-start id="1204" type="scavenge" contextid="1203" timestamp="2025-12-16T21:21:35.919">
  <mem-info id="1205" free="6643160" total="44498944" percent="14">
    <mem type="nursery" free="0" total="18612224" percent="0">
      <mem type="allocate" free="0" total="13500416" percent="0" />
      <mem type="survivor" free="0" total="5111808" percent="0" />
    </mem>
    <mem type="tenure" free="6643160" total="25886720" percent="25">
      <mem type="soa" free="5348824" total="24592384" percent="21" />
      <mem type="loa" free="1294336" total="1294336" percent="100" />
    </mem>
    <remembered-set count="1817" />
  </mem-info>
</gc-start>
<allocation-stats totalBytes="10560784" discardedBytes="1456" >
  <allocated-bytes non-tlh="4408" tlh="10556376" />
  <largest-consumer threadName="Default Executor-thread-1" threadId="0000000000839D00" bytes="10540304" />
</allocation-stats>
<gc-op id="1206" type="scavenge" timems="4.024" contextid="1203" timestamp="2025-12-16T21:21:35.925">
  <scavenger-info tenureage="2" tenuremask="6004" tiltratio="72" />
  <memory-copied type="nursery" objects="27759" bytes="1418264" bytesdiscarded="109728" />
  <memory-copied type="tenure" objects="24057" bytes="1555816" bytesdiscarded="2008" />
  <ownableSynchronizers candidates="149" cleared="0" />
  <references type="soft" candidates="8" cleared="0" enqueued="0" dynamicThreshold="9" maxThreshold="32" />
  <references type="weak" candidates="9" cleared="1" enqueued="1" />
  <references type="phantom" candidates="98" cleared="0" enqueued="0" />
  <object-monitors candidates="20" cleared="0"  />
</gc-op>
<heap-resize id="1207" type="expand" space="nursery" amount="1179648" count="1" timems="0.044" reason="excessive time being spent scavenging" timestamp="2025-12-16T21:21:35.926" />
<gc-end id="1208" type="scavenge" contextid="1203" durationms="8.031" usertimems="8.674" systemtimems="2.339" stalltimems="5.532" timestamp="2025-12-16T21:21:35.927" activeThreads="4">
  <mem-info id="1209" free="18030008" total="45678592" percent="39">
    <mem type="nursery" free="13084936" total="19791872" percent="66">
      <mem type="allocate" free="13084936" total="14614528" percent="89" />
      <mem type="survivor" free="0" total="5177344" percent="0" />
    </mem>
    <mem type="tenure" free="4945072" total="25886720" percent="19">
      <mem type="soa" free="3650736" total="24592384" percent="14" />
      <mem type="loa" free="1294336" total="1294336" percent="100" />
    </mem>
    <pending-finalizers system="0" default="0" reference="1" classloader="0" />
    <remembered-set count="1113" />
  </mem-info>
</gc-end>
<cycle-end id="1210" type="scavenge" contextid="1203" timestamp="2025-12-16T21:21:35.928" />
<allocation-satisfied id="1211" threadId="0000000000839D00" bytesRequested="24" />
<af-end id="1212" timestamp="2025-12-16T21:21:35.930" threadId="000000000083A778" success="true" from="nursery"/>
<exclusive-end id="1213" timestamp="2025-12-16T21:21:35.931" durationms="14.773" />

<exclusive-start id="1214" timestamp="2025-12-16T21:21:36.007" intervalms="91.726">
  <response-info timems="0.056" idlems="0.056" threads="0" lastid="0000000000839D00" lastname="Default Executor-thread-1" />
</exclusive-start>
<af-start id="1215" threadId="000000000083A778" totalBytesRequested="16" timestamp="2025-12-16T21:21:36.008" intervalms="91.700" type="nursery" />
<cycle-start id="1216" type="scavenge" contextid="0" timestamp="2025-12-16T21:21:36.009" intervalms="91.833" />
<gc-start id="1217" type="scavenge" contextid="1216" timestamp="2025-12-16T21:21:36.011">
  <mem-info id="1218" free="4945072" total="45678592" percent="10">
    <mem type="nursery" free="0" total="19791872" percent="0">
      <mem type="allocate" free="0" total="14614528" percent="0" />
      <mem type="survivor" free="0" total="5177344" percent="0" />
    </mem>
    <mem type="tenure" free="4945072" total="25886720" percent="19">
      <mem type="soa" free="3650736" total="24592384" percent="14" />
      <mem type="loa" free="1294336" total="1294336" percent="100" />
    </mem>
    <remembered-set count="1979" />
  </mem-info>
</gc-start>
<allocation-stats totalBytes="13082640" discardedBytes="2296" >
  <allocated-bytes non-tlh="24" tlh="13082616" />
  <largest-consumer threadName="Default Executor-thread-1" threadId="0000000000839D00" bytes="13082640" />
</allocation-stats>
<gc-op id="1219" type="scavenge" timems="3.792" contextid="1216" timestamp="2025-12-16T21:21:36.016">
  <scavenger-info tenureage="14" tenuremask="4000" tiltratio="73" />
  <memory-copied type="nursery" objects="39210" bytes="1748520" bytesdiscarded="103432" />
  <ownableSynchronizers candidates="67" cleared="0" />
  <references type="soft" candidates="8" cleared="0" enqueued="0" dynamicThreshold="9" maxThreshold="32" />
  <references type="weak" candidates="8" cleared="0" enqueued="0" />
  <references type="phantom" candidates="98" cleared="0" enqueued="0" />
  <object-monitors candidates="20" cleared="0"  />
</gc-op>
<gc-end id="1220" type="scavenge" contextid="1216" durationms="6.423" usertimems="8.471" systemtimems="1.150" stalltimems="5.733" timestamp="2025-12-16T21:21:36.017" activeThreads="4">
  <mem-info id="1221" free="18492480" total="45678592" percent="40">
    <mem type="nursery" free="13547408" total="19791872" percent="68">
      <mem type="allocate" free="13547408" total="15400960" percent="87" />
      <mem type="survivor" free="0" total="4390912" percent="0" />
    </mem>
    <mem type="tenure" free="4945072" total="25886720" percent="19">
      <mem type="soa" free="3650736" total="24592384" percent="14" />
      <mem type="loa" free="1294336" total="1294336" percent="100" />
    </mem>
    <remembered-set count="1501" />
  </mem-info>
</gc-end>
<cycle-end id="1222" type="scavenge" contextid="1216" timestamp="2025-12-16T21:21:36.018" />
<allocation-satisfied id="1223" threadId="0000000000839D00" bytesRequested="16" />
<af-end id="1224" timestamp="2025-12-16T21:21:36.020" threadId="000000000083A778" success="true" from="nursery"/>
<exclusive-end id="1225" timestamp="2025-12-16T21:21:36.021" durationms="13.866" />

<exclusive-start id="1226" timestamp="2025-12-16T21:21:36.066" intervalms="58.862">
  <response-info timems="0.068" idlems="0.068" threads="0" lastid="0000000000839D00" lastname="Default Executor-thread-1" />
</exclusive-start>
<af-start id="1227" threadId="000000000083A778" totalBytesRequested="48" timestamp="2025-12-16T21:21:36.067" intervalms="58.945" type="nursery" />
<cycle-start id="1228" type="scavenge" contextid="0" timestamp="2025-12-16T21:21:36.068" intervalms="58.745" />
<gc-start id="1229" type="scavenge" contextid="1228" timestamp="2025-12-16T21:21:36.069">
  <mem-info id="1230" free="4945072" total="45678592" percent="10">
    <mem type="nursery" free="0" total="19791872" percent="0">
      <mem type="allocate" free="0" total="15400960" percent="0" />
      <mem type="survivor" free="0" total="4390912" percent="0" />
    </mem>
    <mem type="tenure" free="4945072" total="25886720" percent="19">
      <mem type="soa" free="3650736" total="24592384" percent="14" />
      <mem type="loa" free="1294336" total="1294336" percent="100" />
    </mem>
    <remembered-set count="1942" />
  </mem-info>
</gc-start>
<allocation-stats totalBytes="13544576" discardedBytes="2832" >
  <allocated-bytes non-tlh="16" tlh="13544560" />
  <largest-consumer threadName="Default Executor-thread-1" threadId="0000000000839D00" bytes="13544576" />
</allocation-stats>
<gc-op id="1231" type="scavenge" timems="4.062" contextid="1228" timestamp="2025-12-16T21:21:36.075">
  <scavenger-info tenureage="3" tenuremask="4008" tiltratio="77" />
  <memory-copied type="nursery" objects="38076" bytes="1881000" bytesdiscarded="73536" />
  <memory-copied type="tenure" objects="21415" bytes="1224576" bytesdiscarded="2112" />
  <ownableSynchronizers candidates="67" cleared="0" />
  <object-monitors candidates="20" cleared="0"  />
</gc-op>
<heap-resize id="1232" type="expand" space="nursery" amount="1310720" count="1" timems="0.046" reason="excessive time being spent scavenging" timestamp="2025-12-16T21:21:36.076" />
<gc-end id="1233" type="scavenge" contextid="1228" durationms="7.633" usertimems="13.859" systemtimems="0.000" stalltimems="2.149" timestamp="2025-12-16T21:21:36.077" activeThreads="4">
  <mem-info id="1234" free="18437440" total="46989312" percent="39">
    <mem type="nursery" free="14888216" total="21102592" percent="70">
      <mem type="allocate" free="14888216" total="16842752" percent="88" />
      <mem type="survivor" free="0" total="4259840" percent="0" />
    </mem>
    <mem type="tenure" free="3549224" total="25886720" percent="13">
      <mem type="soa" free="2254888" total="24592384" percent="9" />
      <mem type="loa" free="1294336" total="1294336" percent="100" />
    </mem>
    <remembered-set count="975" />
  </mem-info>
</gc-end>
<cycle-end id="1235" type="scavenge" contextid="1228" timestamp="2025-12-16T21:21:36.078" />
<allocation-satisfied id="1236" threadId="0000000000839D00" bytesRequested="48" />
<af-end id="1237" timestamp="2025-12-16T21:21:36.079" threadId="000000000083A778" success="true" from="nursery"/>
<exclusive-end id="1238" timestamp="2025-12-16T21:21:36.079" durationms="13.129" />

<concurrent-kickoff id="1239" timestamp="2025-12-16T21:21:36.119">
  <kickoff reason="threshold reached" targetBytes="11083346" thresholdFreeBytes="1536603"  remainingFree="1142040" tenureFreeBytes="3549224" nurseryFreeBytes="1142040" />
</concurrent-kickoff>
<exclusive-start id="1240" timestamp="2025-12-16T21:21:36.121" intervalms="54.212">
  <response-info timems="0.048" idlems="0.048" threads="0" lastid="0000000000839D00" lastname="Default Executor-thread-1" />
</exclusive-start>
<cycle-start id="1241" type="global" contextid="0" timestamp="2025-12-16T21:21:36.122" intervalms="472.268" />
<concurrent-start id="1242" type="global mark" contextid="1241" timestamp="2025-12-16T21:21:36.122">
</concurrent-start>
<exclusive-end id="1243" timestamp="2025-12-16T21:21:36.123" durationms="2.892" />

<exclusive-start id="1244" timestamp="2025-12-16T21:21:36.129" intervalms="8.043">
  <response-info timems="0.082" idlems="0.082" threads="0" lastid="0000000000839D00" lastname="Default Executor-thread-1" />
</exclusive-start>
<af-start id="1245" threadId="000000000083A778" totalBytesRequested="24" timestamp="2025-12-16T21:21:36.130" intervalms="62.306" type="nursery" />
<cycle-start id="1246" type="scavenge" contextid="0" timestamp="2025-12-16T21:21:36.131" intervalms="62.595" />
<gc-start id="1247" type="scavenge" contextid="1246" timestamp="2025-12-16T21:21:36.132">
  <mem-info id="1248" free="3549224" total="46989312" percent="7">
    <mem type="nursery" free="0" total="21102592" percent="0">
      <mem type="allocate" free="0" total="16842752" percent="0" />
      <mem type="survivor" free="0" total="4259840" percent="0" />
    </mem>
    <mem type="tenure" free="3549224" total="25886720" percent="13">
      <mem type="soa" free="2254888" total="24592384" percent="9" />
      <mem type="loa" free="1294336" total="1294336" percent="100" />
    </mem>
    <remembered-set count="1430" />
  </mem-info>
</gc-start>
<allocation-stats totalBytes="14883032" discardedBytes="5184" >
  <allocated-bytes non-tlh="48" tlh="14882984" />
  <largest-consumer threadName="Default Executor-thread-1" threadId="0000000000839D00" bytes="14883032" />
</allocation-stats>
<gc-op id="1249" type="scavenge" timems="2.917" contextid="1246" timestamp="2025-12-16T21:21:36.137">
  <scavenger-info tenureage="14" tenuremask="4000" tiltratio="79" />
  <memory-copied type="nursery" objects="28907" bytes="1049960" bytesdiscarded="31352" />
  <ownableSynchronizers candidates="2" cleared="0" />
  <object-monitors candidates="20" cleared="0"  />
</gc-op>
<heap-resize id="1250" type="expand" space="nursery" amount="917504" count="1" timems="0.049" reason="excessive time being spent scavenging" timestamp="2025-12-16T21:21:36.138" />
<gc-end id="1251" type="scavenge" contextid="1246" durationms="7.409" usertimems="3.505" systemtimems="3.984" stalltimems="4.572" timestamp="2025-12-16T21:21:36.139" activeThreads="4">
  <mem-info id="1252" free="20621384" total="47906816" percent="43">
    <mem type="nursery" free="17072160" total="22020096" percent="77">
      <mem type="allocate" free="17072160" total="18153472" percent="94" />
      <mem type="survivor" free="0" total="3866624" percent="0" />
    </mem>
    <mem type="tenure" free="3549224" total="25886720" percent="13">
      <mem type="soa" free="2254888" total="24592384" percent="9" />
      <mem type="loa" free="1294336" total="1294336" percent="100" />
    </mem>
    <remembered-set count="1131" />
  </mem-info>
</gc-end>
<cycle-end id="1253" type="scavenge" contextid="1246" timestamp="2025-12-16T21:21:36.140" />
<allocation-satisfied id="1254" threadId="0000000000839D00" bytesRequested="24" />
<af-end id="1255" timestamp="2025-12-16T21:21:36.147" threadId="000000000083A778" success="true" from="nursery"/>
<exclusive-end id="1256" timestamp="2025-12-16T21:21:36.148" durationms="19.617" />

<concurrent-end id="1257" type="global mark" contextid="1241" timestamp="2025-12-16T21:21:36.211">
<gc-op id="1258" type="trace" timems="88.265" contextid="1241" timestamp="2025-12-16T21:21:36.211">
  <trace bytesTraced="12378788" workStackOverflowCount="0" />
  <card-cleaning reason="card cleaning threshold reached" bytesTraced="113956" cardsCleaned="313" />
</gc-op>
</concurrent-end>

<exclusive-start id="1259" timestamp="2025-12-16T21:21:36.212" intervalms="83.768">
  <response-info timems="0.043" idlems="0.043" threads="0" lastid="0000000000839D00" lastname="Default Executor-thread-1" />
</exclusive-start>
<concurrent-global-final id="1260" timestamp="2025-12-16T21:21:36.213" contextid="1241" intervalms="1249.819" >
  <concurrent-trace-info reason="card cleaning threshold reached" tracedByMutators="5060212" tracedByHelpers="7432532" cardsCleaned="313" workStackOverflowCount="0" />
</concurrent-global-final>
<gc-start id="1261" type="global" contextid="1241" timestamp="2025-12-16T21:21:36.214">
  <mem-info id="1262" free="3549112" total="47906816" percent="7">
    <mem type="nursery" free="0" total="22020096" percent="0">
      <mem type="allocate" free="0" total="18153472" percent="0" />
      <mem type="survivor" free="0" total="3866624" percent="0" />
    </mem>
    <mem type="tenure" free="3549112" total="25886720" percent="13">
      <mem type="soa" free="2254776" total="24592384" percent="9" />
      <mem type="loa" free="1294336" total="1294336" percent="100" />
    </mem>
    <remembered-set count="1304" />
  </mem-info>
</gc-start>
<allocation-stats totalBytes="17067216" discardedBytes="5056" >
  <allocated-bytes non-tlh="136" tlh="17067080" />
  <largest-consumer threadName="Default Executor-thread-1" threadId="0000000000839D00" bytes="17067216" />
</allocation-stats>
<gc-op id="1263" type="rs-scan" timems="5.210" contextid="1241" timestamp="2025-12-16T21:21:36.221">
  <scan objectsFound="16023" bytesTraced="536200" workStackOverflowCount="0" />
</gc-op>
<gc-op id="1264" type="card-cleaning" timems="2.844" contextid="1241" timestamp="2025-12-16T21:21:36.225">
  <card-cleaning cardsCleaned="40" bytesTraced="508048" workStackOverflowCount="0" />
</gc-op>
<gc-op id="1265" type="mark" timems="8.906" contextid="1241" timestamp="2025-12-16T21:21:36.234">
  <trace-info objectcount="324" scancount="314" scanbytes="8144" />
  <finalization candidates="726" enqueued="1" />
  <ownableSynchronizers candidates="1278" cleared="2" />
  <references type="soft" candidates="4498" cleared="0" enqueued="0" dynamicThreshold="9" maxThreshold="32" />
  <references type="weak" candidates="1317" cleared="0" enqueued="0" />
  <references type="phantom" candidates="349" cleared="0" enqueued="0" />
  <stringconstants candidates="12816" cleared="0"  />
  <object-monitors candidates="20" cleared="0"  />
</gc-op>
<gc-op id="1266" type="sweep" timems="4.469" contextid="1241" timestamp="2025-12-16T21:21:36.240" />
<heap-resize id="1267" type="expand" space="tenure" amount="5439488" count="1" timems="0.076" reason="insufficient free space following gc" timestamp="2025-12-16T21:21:36.240" />
<gc-end id="1268" type="global" contextid="1241" durationms="27.034" usertimems="28.471" systemtimems="30.079" stalltimems="210.223" timestamp="2025-12-16T21:21:36.241" activeThreads="20">
  <mem-info id="1269" free="26288072" total="53346304" percent="49">
    <mem type="nursery" free="16860648" total="22020096" percent="76">
      <mem type="allocate" free="16860648" total="18153472" percent="92" />
      <mem type="survivor" free="0" total="3866624" percent="0" />
    </mem>
    <mem type="tenure" free="9427424" total="31326208" percent="30" micro-fragmented="438003" macro-fragmented="0">
      <mem type="soa" free="7860704" total="29759488" percent="26" />
      <mem type="loa" free="1566720" total="1566720" percent="100" />
    </mem>
    <pending-finalizers system="1" default="0" reference="0" classloader="0" />
    <remembered-set count="1295" />
  </mem-info>
</gc-end>
<cycle-end id="1270" type="global" contextid="1241" timestamp="2025-12-16T21:21:36.242" />
<exclusive-end id="1271" timestamp="2025-12-16T21:21:36.242" durationms="30.136" />

<exclusive-start id="1272" timestamp="2025-12-16T21:21:36.278" intervalms="65.169">
  <response-info timems="0.060" idlems="0.060" threads="0" lastid="0000000000839D00" lastname="Default Executor-thread-1" />
</exclusive-start>
<af-start id="1273" threadId="000000000083A778" totalBytesRequested="48" timestamp="2025-12-16T21:21:36.279" intervalms="148.969" type="nursery" />
<cycle-start id="1274" type="scavenge" contextid="0" timestamp="2025-12-16T21:21:36.280" intervalms="149.345" />
<gc-start id="1275" type="scavenge" contextid="1274" timestamp="2025-12-16T21:21:36.281">
  <mem-info id="1276" free="9427424" total="53346304" percent="17">
    <mem type="nursery" free="0" total="22020096" percent="0">
      <mem type="allocate" free="0" total="18153472" percent="0" />
      <mem type="survivor" free="0" total="3866624" percent="0" />
    </mem>
    <mem type="tenure" free="9427424" total="31326208" percent="30">
      <mem type="soa" free="7860704" total="29759488" percent="26" />
      <mem type="loa" free="1566720" total="1566720" percent="100" />
    </mem>
    <remembered-set count="1746" />
  </mem-info>
</gc-start>
<allocation-stats totalBytes="16782880" discardedBytes="70408" >
  <allocated-bytes non-tlh="164272" tlh="16618608" />
  <largest-consumer threadName="Default Executor-thread-1" threadId="0000000000839D00" bytes="16782880" />
</allocation-stats>
<gc-op id="1277" type="scavenge" timems="3.367" contextid="1274" timestamp="2025-12-16T21:21:36.286">
  <scavenger-info tenureage="14" tenuremask="4000" tiltratio="82" />
  <memory-copied type="nursery" objects="36373" bytes="1332064" bytesdiscarded="63344" />
  <ownableSynchronizers candidates="2550" cleared="2548" />
  <object-monitors candidates="20" cleared="0"  />
</gc-op>
<gc-end id="1278" type="scavenge" contextid="1274" durationms="5.948" usertimems="8.304" systemtimems="0.000" stalltimems="1.944" timestamp="2025-12-16T21:21:36.287" activeThreads="3">
  <mem-info id="1279" free="26709776" total="53346304" percent="50">
    <mem type="nursery" free="17282352" total="22020096" percent="78">
      <mem type="allocate" free="17282352" total="18677760" percent="92" />
      <mem type="survivor" free="0" total="3342336" percent="0" />
    </mem>
    <mem type="tenure" free="9427424" total="31326208" percent="30">
      <mem type="soa" free="7860704" total="29759488" percent="26" />
      <mem type="loa" free="1566720" total="1566720" percent="100" />
    </mem>
    <remembered-set count="1401" />
  </mem-info>
</gc-end>
<cycle-end id="1280" type="scavenge" contextid="1274" timestamp="2025-12-16T21:21:36.288" />
<allocation-satisfied id="1281" threadId="0000000000839D00" bytesRequested="48" />
<af-end id="1282" timestamp="2025-12-16T21:21:36.290" threadId="000000000083A778" success="true" from="nursery"/>
<exclusive-end id="1283" timestamp="2025-12-16T21:21:36.291" durationms="13.321" />

<exclusive-start id="1284" timestamp="2025-12-16T21:21:36.346" intervalms="68.497">
  <response-info timems="0.101" idlems="0.064" threads="1" lastid="0000000000029600" lastname="JIT Compilation Thread-000" />
</exclusive-start>
<af-start id="1285" threadId="000000000083A778" totalBytesRequested="8208" timestamp="2025-12-16T21:21:36.347" intervalms="68.210" type="nursery" />
<cycle-start id="1286" type="scavenge" contextid="0" timestamp="2025-12-16T21:21:36.348" intervalms="67.423" />
<gc-start id="1287" type="scavenge" contextid="1286" timestamp="2025-12-16T21:21:36.348">
  <mem-info id="1288" free="9427424" total="53346304" percent="17">
    <mem type="nursery" free="0" total="22020096" percent="0">
      <mem type="allocate" free="0" total="18677760" percent="0" />
      <mem type="survivor" free="0" total="3342336" percent="0" />
    </mem>
    <mem type="tenure" free="9427424" total="31326208" percent="30">
      <mem type="soa" free="7860704" total="29759488" percent="26" />
      <mem type="loa" free="1566720" total="1566720" percent="100" />
    </mem>
    <remembered-set count="2297" />
  </mem-info>
</gc-start>
<allocation-stats totalBytes="17277656" discardedBytes="4696" >
  <allocated-bytes non-tlh="48" tlh="17277608" />
  <largest-consumer threadName="Default Executor-thread-1" threadId="0000000000839D00" bytes="17277656" />
</allocation-stats>
<gc-op id="1289" type="scavenge" timems="3.918" contextid="1286" timestamp="2025-12-16T21:21:36.354">
  <scavenger-info tenureage="14" tenuremask="4000" tiltratio="84" />
  <memory-copied type="nursery" objects="42406" bytes="1254992" bytesdiscarded="14728" />
  <ownableSynchronizers candidates="2" cleared="0" />
  <object-monitors candidates="20" cleared="0"  />
</gc-op>
<heap-resize id="1290" type="expand" space="nursery" amount="1179648" count="1" timems="0.083" reason="excessive time being spent scavenging" timestamp="2025-12-16T21:21:36.356" />
<gc-end id="1291" type="scavenge" contextid="1286" durationms="8.883" usertimems="10.732" systemtimems="0.000" stalltimems="2.163" timestamp="2025-12-16T21:21:36.357" activeThreads="3">
  <mem-info id="1292" free="28146184" total="54525952" percent="51">
    <mem type="nursery" free="18718760" total="23199744" percent="80">
      <mem type="allocate" free="18718760" total="19988480" percent="93" />
      <mem type="survivor" free="0" total="3211264" percent="0" />
    </mem>
    <mem type="tenure" free="9427424" total="31326208" percent="30">
      <mem type="soa" free="7860704" total="29759488" percent="26" />
      <mem type="loa" free="1566720" total="1566720" percent="100" />
    </mem>
    <remembered-set count="1786" />
  </mem-info>
</gc-end>
<cycle-end id="1293" type="scavenge" contextid="1286" timestamp="2025-12-16T21:21:36.358" />
<allocation-satisfied id="1294" threadId="0000000000839D00" bytesRequested="8208" />
<af-end id="1295" timestamp="2025-12-16T21:21:36.359" threadId="000000000083A778" success="true" from="nursery"/>
<exclusive-end id="1296" timestamp="2025-12-16T21:21:36.360" durationms="14.186" />

<exclusive-start id="1297" timestamp="2025-12-16T21:21:36.400" intervalms="53.678">
  <response-info timems="0.065" idlems="0.065" threads="0" lastid="0000000000839D00" lastname="Default Executor-thread-1" />
</exclusive-start>
<af-start id="1298" threadId="000000000083A778" totalBytesRequested="2064" timestamp="2025-12-16T21:21:36.401" intervalms="54.039" type="nursery" />
<cycle-start id="1299" type="scavenge" contextid="0" timestamp="2025-12-16T21:21:36.402" intervalms="54.247" />
<gc-start id="1300" type="scavenge" contextid="1299" timestamp="2025-12-16T21:21:36.403">
  <mem-info id="1301" free="9427424" total="54525952" percent="17">
    <mem type="nursery" free="0" total="23199744" percent="0">
      <mem type="allocate" free="0" total="19988480" percent="0" />
      <mem type="survivor" free="0" total="3211264" percent="0" />
    </mem>
    <mem type="tenure" free="9427424" total="31326208" percent="30">
      <mem type="soa" free="7860704" total="29759488" percent="26" />
      <mem type="loa" free="1566720" total="1566720" percent="100" />
    </mem>
    <remembered-set count="1994" />
  </mem-info>
</gc-start>
<allocation-stats totalBytes="18706144" discardedBytes="12616" >
  <allocated-bytes non-tlh="8208" tlh="18697936" />
  <largest-consumer threadName="Default Executor-thread-1" threadId="0000000000839D00" bytes="18697952" />
</allocation-stats>
<gc-op id="1302" type="scavenge" timems="4.018" contextid="1299" timestamp="2025-12-16T21:21:36.408">
  <scavenger-info tenureage="14" tenuremask="4000" tiltratio="86" />
  <memory-copied type="nursery" objects="48416" bytes="1682656" bytesdiscarded="36680" />
  <ownableSynchronizers candidates="3" cleared="1" />
  <object-monitors candidates="20" cleared="0"  />
</gc-op>
<heap-resize id="1303" type="expand" space="nursery" amount="1310720" count="1" timems="0.044" reason="excessive time being spent scavenging" timestamp="2025-12-16T21:21:36.409" />
<gc-end id="1304" type="scavenge" contextid="1299" durationms="7.533" usertimems="10.095" systemtimems="0.000" stalltimems="2.259" timestamp="2025-12-16T21:21:36.410" activeThreads="3">
  <mem-info id="1305" free="29072824" total="55836672" percent="52">
    <mem type="nursery" free="19645400" total="24510464" percent="80">
      <mem type="allocate" free="19645400" total="21364736" percent="91" />
      <mem type="survivor" free="0" total="3145728" percent="0" />
    </mem>
    <mem type="tenure" free="9427424" total="31326208" percent="30">
      <mem type="soa" free="7860704" total="29759488" percent="26" />
      <mem type="loa" free="1566720" total="1566720" percent="100" />
    </mem>
    <remembered-set count="1851" />
  </mem-info>
</gc-end>
<cycle-end id="1306" type="scavenge" contextid="1299" timestamp="2025-12-16T21:21:36.411" />
<allocation-satisfied id="1307" threadId="0000000000839D00" bytesRequested="2064" />
<af-end id="1308" timestamp="2025-12-16T21:21:36.413" threadId="000000000083A778" success="true" from="nursery"/>
<exclusive-end id="1309" timestamp="2025-12-16T21:21:36.414" durationms="14.213" />

<exclusive-start id="1310" timestamp="2025-12-16T21:21:36.462" intervalms="62.395">
  <response-info timems="0.057" idlems="0.057" threads="0" lastid="0000000000839D00" lastname="Default Executor-thread-1" />
</exclusive-start>
<af-start id="1311" threadId="000000000083A778" totalBytesRequested="136" timestamp="2025-12-16T21:21:36.463" intervalms="62.340" type="nursery" />
<cycle-start id="1312" type="scavenge" contextid="0" timestamp="2025-12-16T21:21:36.464" intervalms="62.578" />
<gc-start id="1313" type="scavenge" contextid="1312" timestamp="2025-12-16T21:21:36.465">
  <mem-info id="1314" free="9427424" total="55836672" percent="16">
    <mem type="nursery" free="0" total="24510464" percent="0">
      <mem type="allocate" free="0" total="21364736" percent="0" />
      <mem type="survivor" free="0" total="3145728" percent="0" />
    </mem>
    <mem type="tenure" free="9427424" total="31326208" percent="30">
      <mem type="soa" free="7860704" total="29759488" percent="26" />
      <mem type="loa" free="1566720" total="1566720" percent="100" />
    </mem>
    <remembered-set count="2213" />
  </mem-info>
</gc-start>
<allocation-stats totalBytes="19641888" discardedBytes="3512" >
  <allocated-bytes non-tlh="2064" tlh="19639824" />
  <largest-consumer threadName="Default Executor-thread-1" threadId="0000000000839D00" bytes="19625504" />
</allocation-stats>
<gc-op id="1315" type="scavenge" timems="3.697" contextid="1312" timestamp="2025-12-16T21:21:36.471">
  <scavenger-info tenureage="14" tenuremask="4000" tiltratio="87" />
  <memory-copied type="nursery" objects="51491" bytes="1511576" bytesdiscarded="11392" />
  <ownableSynchronizers candidates="3" cleared="1" />
  <object-monitors candidates="20" cleared="0"  />
</gc-op>
<heap-resize id="1316" type="expand" space="nursery" amount="1179648" count="1" timems="0.048" reason="excessive time being spent scavenging" timestamp="2025-12-16T21:21:36.472" />
<gc-end id="1317" type="scavenge" contextid="1312" durationms="7.734" usertimems="9.734" systemtimems="0.000" stalltimems="2.044" timestamp="2025-12-16T21:21:36.473" activeThreads="3">
  <mem-info id="1318" free="30710984" total="57016320" percent="53">
    <mem type="nursery" free="21283560" total="25690112" percent="82">
      <mem type="allocate" free="21283560" total="22806528" percent="93" />
      <mem type="survivor" free="0" total="2883584" percent="0" />
    </mem>
    <mem type="tenure" free="9427424" total="31326208" percent="30">
      <mem type="soa" free="7860704" total="29759488" percent="26" />
      <mem type="loa" free="1566720" total="1566720" percent="100" />
    </mem>
    <remembered-set count="2011" />
  </mem-info>
</gc-end>
<cycle-end id="1319" type="scavenge" contextid="1312" timestamp="2025-12-16T21:21:36.474" />
<allocation-satisfied id="1320" threadId="0000000000839D00" bytesRequested="136" />
<af-end id="1321" timestamp="2025-12-16T21:21:36.476" threadId="000000000083A778" success="true" from="nursery"/>
<exclusive-end id="1322" timestamp="2025-12-16T21:21:36.477" durationms="14.564" />

<exclusive-start id="1323" timestamp="2025-12-16T21:21:36.550" intervalms="87.856">
  <response-info timems="0.054" idlems="0.054" threads="0" lastid="0000000000839D00" lastname="Default Executor-thread-1" />
</exclusive-start>
<af-start id="1324" threadId="000000000083A778" totalBytesRequested="1032" timestamp="2025-12-16T21:21:36.551" intervalms="88.060" type="nursery" />
<cycle-start id="1325" type="scavenge" contextid="0" timestamp="2025-12-16T21:21:36.552" intervalms="87.847" />
<gc-start id="1326" type="scavenge" contextid="1325" timestamp="2025-12-16T21:21:36.553">
  <mem-info id="1327" free="9427424" total="57016320" percent="16">
    <mem type="nursery" free="0" total="25690112" percent="0">
      <mem type="allocate" free="0" total="22806528" percent="0" />
      <mem type="survivor" free="0" total="2883584" percent="0" />
    </mem>
    <mem type="tenure" free="9427424" total="31326208" percent="30">
      <mem type="soa" free="7860704" total="29759488" percent="26" />
      <mem type="loa" free="1566720" total="1566720" percent="100" />
    </mem>
    <remembered-set count="2200" />
  </mem-info>
</gc-start>
<allocation-stats totalBytes="21277488" discardedBytes="6072" >
  <allocated-bytes non-tlh="136" tlh="21277352" />
  <largest-consumer threadName="Default Executor-thread-1" threadId="0000000000839D00" bytes="21277488" />
</allocation-stats>
<gc-op id="1328" type="scavenge" timems="4.470" contextid="1325" timestamp="2025-12-16T21:21:36.560">
  <scavenger-info tenureage="14" tenuremask="4000" tiltratio="88" />
  <memory-copied type="nursery" objects="51406" bytes="1532072" bytesdiscarded="18352" />
  <ownableSynchronizers candidates="2" cleared="0" />
  <object-monitors candidates="20" cleared="0"  />
</gc-op>
<heap-resize id="1329" type="expand" space="nursery" amount="1048576" count="1" timems="0.050" reason="excessive time being spent scavenging" timestamp="2025-12-16T21:21:36.561" />
<gc-end id="1330" type="scavenge" contextid="1325" durationms="8.842" usertimems="11.420" systemtimems="0.000" stalltimems="2.403" timestamp="2025-12-16T21:21:36.562" activeThreads="3">
  <mem-info id="1331" free="31863176" total="58064896" percent="54">
    <mem type="nursery" free="22435752" total="26738688" percent="83">
      <mem type="allocate" free="22435752" total="23986176" percent="93" />
      <mem type="survivor" free="0" total="2752512" percent="0" />
    </mem>
    <mem type="tenure" free="9427424" total="31326208" percent="30">
      <mem type="soa" free="7860704" total="29759488" percent="26" />
      <mem type="loa" free="1566720" total="1566720" percent="100" />
    </mem>
    <remembered-set count="2040" />
  </mem-info>
</gc-end>
<cycle-end id="1332" type="scavenge" contextid="1325" timestamp="2025-12-16T21:21:36.563" />
<allocation-satisfied id="1333" threadId="0000000000839D00" bytesRequested="1032" />
<af-end id="1334" timestamp="2025-12-16T21:21:36.565" threadId="000000000083A778" success="true" from="nursery"/>
<exclusive-end id="1335" timestamp="2025-12-16T21:21:36.565" durationms="15.253" />

<exclusive-start id="1336" timestamp="2025-12-16T21:21:36.619" intervalms="68.972">
  <response-info timems="0.061" idlems="0.061" threads="0" lastid="0000000000839D00" lastname="Default Executor-thread-1" />
</exclusive-start>
<af-start id="1337" threadId="000000000083A778" totalBytesRequested="48" timestamp="2025-12-16T21:21:36.620" intervalms="68.516" type="nursery" />
<cycle-start id="1338" type="scavenge" contextid="0" timestamp="2025-12-16T21:21:36.621" intervalms="68.337" />
<gc-start id="1339" type="scavenge" contextid="1338" timestamp="2025-12-16T21:21:36.621">
  <mem-info id="1340" free="9427168" total="58064896" percent="16">
    <mem type="nursery" free="0" total="26738688" percent="0">
      <mem type="allocate" free="0" total="23986176" percent="0" />
      <mem type="survivor" free="0" total="2752512" percent="0" />
    </mem>
    <mem type="tenure" free="9427168" total="31326208" percent="30">
      <mem type="soa" free="7860448" total="29759488" percent="26" />
      <mem type="loa" free="1566720" total="1566720" percent="100" />
    </mem>
    <remembered-set count="2112" />
  </mem-info>
</gc-start>
<allocation-stats totalBytes="22431624" discardedBytes="4384" >
  <allocated-bytes non-tlh="1288" tlh="22430336" />
  <largest-consumer threadName="Default Executor-thread-1" threadId="0000000000839D00" bytes="22431624" />
</allocation-stats>
<gc-op id="1341" type="scavenge" timems="3.802" contextid="1338" timestamp="2025-12-16T21:21:36.626">
  <scavenger-info tenureage="8" tenuremask="4100" tiltratio="89" />
  <memory-copied type="nursery" objects="46571" bytes="1718008" bytesdiscarded="36432" />
  <memory-copied type="tenure" objects="7848" bytes="213496" bytesdiscarded="120" />
  <ownableSynchronizers candidates="2" cleared="0" />
  <references type="weak" candidates="1" cleared="1" enqueued="1" />
  <object-monitors candidates="20" cleared="0"  />
</gc-op>
<heap-resize id="1342" type="expand" space="nursery" amount="1048576" count="1" timems="0.048" reason="excessive time being spent scavenging" timestamp="2025-12-16T21:21:36.627" />
<gc-end id="1343" type="scavenge" contextid="1338" durationms="6.445" usertimems="10.379" systemtimems="0.000" stalltimems="1.683" timestamp="2025-12-16T21:21:36.628" activeThreads="3">
  <mem-info id="1344" free="32386624" total="59113472" percent="54">
    <mem type="nursery" free="23214776" total="27787264" percent="83">
      <mem type="allocate" free="23214776" total="24969216" percent="92" />
      <mem type="survivor" free="0" total="2818048" percent="0" />
    </mem>
    <mem type="tenure" free="9171848" total="31326208" percent="29">
      <mem type="soa" free="7605128" total="29759488" percent="25" />
      <mem type="loa" free="1566720" total="1566720" percent="100" />
    </mem>
    <pending-finalizers system="0" default="0" reference="1" classloader="0" />
    <remembered-set count="1686" />
  </mem-info>
</gc-end>
<cycle-end id="1345" type="scavenge" contextid="1338" timestamp="2025-12-16T21:21:36.628" />
<allocation-satisfied id="1346" threadId="0000000000839D00" bytesRequested="48" />
<af-end id="1347" timestamp="2025-12-16T21:21:36.630" threadId="000000000083A778" success="true" from="nursery"/>
<exclusive-end id="1348" timestamp="2025-12-16T21:21:36.630" durationms="11.559" />

<exclusive-start id="1349" timestamp="2025-12-16T21:21:36.669" intervalms="50.369">
  <response-info timems="0.056" idlems="0.056" threads="0" lastid="0000000000839D00" lastname="Default Executor-thread-1" />
</exclusive-start>
<af-start id="1350" threadId="000000000083A778" totalBytesRequested="528" timestamp="2025-12-16T21:21:36.670" intervalms="50.342" type="nursery" />
<cycle-start id="1351" type="scavenge" contextid="0" timestamp="2025-12-16T21:21:36.671" intervalms="50.227" />
<gc-start id="1352" type="scavenge" contextid="1351" timestamp="2025-12-16T21:21:36.672">
  <mem-info id="1353" free="9171848" total="59113472" percent="15">
    <mem type="nursery" free="0" total="27787264" percent="0">
      <mem type="allocate" free="0" total="24969216" percent="0" />
      <mem type="survivor" free="0" total="2818048" percent="0" />
    </mem>
    <mem type="tenure" free="9171848" total="31326208" percent="29">
      <mem type="soa" free="7605128" total="29759488" percent="25" />
      <mem type="loa" free="1566720" total="1566720" percent="100" />
    </mem>
    <remembered-set count="1914" />
  </mem-info>
</gc-start>
<allocation-stats totalBytes="23210264" discardedBytes="4512" >
  <allocated-bytes non-tlh="48" tlh="23210216" />
  <largest-consumer threadName="Default Executor-thread-1" threadId="0000000000839D00" bytes="23210264" />
</allocation-stats>
<gc-op id="1354" type="scavenge" timems="3.783" contextid="1351" timestamp="2025-12-16T21:21:36.677">
  <scavenger-info tenureage="10" tenuremask="4400" tiltratio="89" />
  <memory-copied type="nursery" objects="44383" bytes="1387728" bytesdiscarded="24016" />
  <memory-copied type="tenure" objects="3257" bytes="90912" bytesdiscarded="96" />
  <ownableSynchronizers candidates="2" cleared="0" />
  <object-monitors candidates="20" cleared="0"  />
</gc-op>
<heap-resize id="1355" type="expand" space="nursery" amount="1572864" count="1" timems="0.049" reason="excessive time being spent scavenging" timestamp="2025-12-16T21:21:36.678" />
<gc-end id="1356" type="scavenge" contextid="1351" durationms="7.026" usertimems="10.436" systemtimems="0.000" stalltimems="1.556" timestamp="2025-12-16T21:21:36.679" activeThreads="3">
  <mem-info id="1357" free="33968568" total="60686336" percent="55">
    <mem type="nursery" free="24933728" total="29360128" percent="84">
      <mem type="allocate" free="24933728" total="26345472" percent="94" />
      <mem type="survivor" free="0" total="3014656" percent="0" />
    </mem>
    <mem type="tenure" free="9034840" total="31326208" percent="28">
      <mem type="soa" free="7468120" total="29759488" percent="25" />
      <mem type="loa" free="1566720" total="1566720" percent="100" />
    </mem>
    <remembered-set count="1617" />
  </mem-info>
</gc-end>
<cycle-end id="1358" type="scavenge" contextid="1351" timestamp="2025-12-16T21:21:36.680" />
<allocation-satisfied id="1359" threadId="0000000000839D00" bytesRequested="528" />
<af-end id="1360" timestamp="2025-12-16T21:21:36.681" threadId="000000000083A778" success="true" from="nursery"/>
<exclusive-end id="1361" timestamp="2025-12-16T21:21:36.681" durationms="12.087" />

<exclusive-start id="1362" timestamp="2025-12-16T21:21:36.916" intervalms="246.978">
  <response-info timems="0.052" idlems="0.052" threads="0" lastid="000000000086F700" lastname="Default Executor-thread-4" />
</exclusive-start>
<af-start id="1363" threadId="0000000000870178" totalBytesRequested="16" timestamp="2025-12-16T21:21:36.917" intervalms="247.000" type="nursery" />
<cycle-start id="1364" type="scavenge" contextid="0" timestamp="2025-12-16T21:21:36.918" intervalms="247.561" />
<gc-start id="1365" type="scavenge" contextid="1364" timestamp="2025-12-16T21:21:36.919">
  <mem-info id="1366" free="9032272" total="60686336" percent="14">
    <mem type="nursery" free="0" total="29360128" percent="0">
      <mem type="allocate" free="0" total="26345472" percent="0" />
      <mem type="survivor" free="0" total="3014656" percent="0" />
    </mem>
    <mem type="tenure" free="9032272" total="31326208" percent="28">
      <mem type="soa" free="7465552" total="29759488" percent="25" />
      <mem type="loa" free="1566720" total="1566720" percent="100" />
    </mem>
    <remembered-set count="3388" />
  </mem-info>
</gc-start>
<allocation-stats totalBytes="24934600" discardedBytes="1696" >
  <allocated-bytes non-tlh="243424" tlh="24691176" />
  <largest-consumer threadName="Default Executor-thread-1" threadId="0000000000839D00" bytes="24340848" />
</allocation-stats>
<gc-op id="1367" type="scavenge" timems="7.202" contextid="1364" timestamp="2025-12-16T21:21:36.929">
  <scavenger-info tenureage="14" tenuremask="4000" tiltratio="89" />
  <memory-copied type="nursery" objects="49516" bytes="3009784" bytesdiscarded="1584" />
  <memory-copied type="tenure" objects="56034" bytes="1702304" bytesdiscarded="2840" />
  <copy-failed type="nursery" objects="56034" bytes="1702352" />
  <ownableSynchronizers candidates="3" cleared="1" />
  <references type="soft" candidates="1" cleared="0" enqueued="0" dynamicThreshold="9" maxThreshold="32" />
  <references type="weak" candidates="6" cleared="3" enqueued="3" />
  <references type="phantom" candidates="229" cleared="0" enqueued="0" />
  <object-monitors candidates="20" cleared="0"  />
</gc-op>
<gc-end id="1368" type="scavenge" contextid="1364" durationms="10.316" usertimems="17.717" systemtimems="0.258" stalltimems="3.376" timestamp="2025-12-16T21:21:36.930" activeThreads="3">
  <mem-info id="1369" free="23635000" total="60686336" percent="38">
    <mem type="nursery" free="16318464" total="29360128" percent="55">
      <mem type="allocate" free="16318464" total="19333120" percent="84" />
      <mem type="survivor" free="0" total="10027008" percent="0" />
    </mem>
    <mem type="tenure" free="7316536" total="31326208" percent="23">
      <mem type="soa" free="5749816" total="29759488" percent="19" />
      <mem type="loa" free="1566720" total="1566720" percent="100" />
    </mem>
    <pending-finalizers system="0" default="0" reference="3" classloader="0" />
    <remembered-set count="3014" />
  </mem-info>
</gc-end>
<cycle-end id="1370" type="scavenge" contextid="1364" timestamp="2025-12-16T21:21:36.931" />
<allocation-satisfied id="1371" threadId="000000000086F700" bytesRequested="16" />
<af-end id="1372" timestamp="2025-12-16T21:21:36.933" threadId="0000000000870178" success="true" from="nursery"/>
<exclusive-end id="1373" timestamp="2025-12-16T21:21:36.934" durationms="17.674" />

<exclusive-start id="1374" timestamp="2025-12-16T21:21:37.091" intervalms="174.858">
  <response-info timems="0.064" idlems="0.064" threads="0" lastid="0000000000839D00" lastname="Default Executor-thread-1" />
</exclusive-start>
<af-start id="1375" threadId="000000000083A778" totalBytesRequested="32" timestamp="2025-12-16T21:21:37.092" intervalms="175.002" type="nursery" />
<cycle-start id="1376" type="scavenge" contextid="0" timestamp="2025-12-16T21:21:37.093" intervalms="174.908" />
<gc-start id="1377" type="scavenge" contextid="1376" timestamp="2025-12-16T21:21:37.094">
  <mem-info id="1378" free="7310032" total="60686336" percent="12">
    <mem type="nursery" free="0" total="29360128" percent="0">
      <mem type="allocate" free="0" total="19333120" percent="0" />
      <mem type="survivor" free="0" total="10027008" percent="0" />
    </mem>
    <mem type="tenure" free="7310032" total="31326208" percent="23">
      <mem type="soa" free="5743312" total="29759488" percent="19" />
      <mem type="loa" free="1566720" total="1566720" percent="100" />
    </mem>
    <remembered-set count="3891" />
  </mem-info>
</gc-start>
<allocation-stats totalBytes="16323136" discardedBytes="1088" >
  <allocated-bytes non-tlh="214600" tlh="16108536" />
  <largest-consumer threadName="Default Executor-thread-1" threadId="0000000000839D00" bytes="16290368" />
</allocation-stats>
<gc-op id="1379" type="scavenge" timems="4.823" contextid="1376" timestamp="2025-12-16T21:21:37.101">
  <scavenger-info tenureage="7" tenuremask="4080" tiltratio="65" />
  <memory-copied type="nursery" objects="68090" bytes="3804464" bytesdiscarded="79312" />
  <memory-copied type="tenure" objects="3802" bytes="102816" bytesdiscarded="24" />
  <ownableSynchronizers candidates="79" cleared="0" />
  <references type="soft" candidates="1" cleared="0" enqueued="0" dynamicThreshold="9" maxThreshold="32" />
  <references type="weak" candidates="329" cleared="2" enqueued="2" />
  <references type="phantom" candidates="242" cleared="0" enqueued="0" />
  <object-monitors candidates="20" cleared="0"  />
</gc-op>
<gc-end id="1380" type="scavenge" contextid="1376" durationms="7.531" usertimems="9.958" systemtimems="3.605" stalltimems="1.306" timestamp="2025-12-16T21:21:37.102" activeThreads="3">
  <mem-info id="1381" free="23420720" total="60686336" percent="38">
    <mem type="nursery" free="16298080" total="29360128" percent="55">
      <mem type="allocate" free="16298080" total="20185088" percent="80" />
      <mem type="survivor" free="0" total="9175040" percent="0" />
    </mem>
    <mem type="tenure" free="7122640" total="31326208" percent="22">
      <mem type="soa" free="5555920" total="29759488" percent="18" />
      <mem type="loa" free="1566720" total="1566720" percent="100" />
    </mem>
    <pending-finalizers system="0" default="0" reference="2" classloader="0" />
    <remembered-set count="3015" />
  </mem-info>
</gc-end>
<cycle-end id="1382" type="scavenge" contextid="1376" timestamp="2025-12-16T21:21:37.103" />
<allocation-satisfied id="1383" threadId="0000000000839D00" bytesRequested="32" />
<af-end id="1384" timestamp="2025-12-16T21:21:37.104" threadId="000000000083A778" success="true" from="nursery"/>
<exclusive-end id="1385" timestamp="2025-12-16T21:21:37.105" durationms="14.016" />

<exclusive-start id="1386" timestamp="2025-12-16T21:21:37.331" intervalms="240.223">
  <response-info timems="0.271" idlems="0.221" threads="2" lastid="00000000005FFB00" lastname="Equinox start level thread - Equinox Container: 9cfd4883-eb0f-4" />
</exclusive-start>
<af-start id="1387" threadId="00000000005F4B78" totalBytesRequested="40" timestamp="2025-12-16T21:21:37.332" intervalms="240.032" type="nursery" />
<cycle-start id="1388" type="scavenge" contextid="0" timestamp="2025-12-16T21:21:37.333" intervalms="239.791" />
<gc-start id="1389" type="scavenge" contextid="1388" timestamp="2025-12-16T21:21:37.334">
  <mem-info id="1390" free="7002464" total="60686336" percent="11">
    <mem type="nursery" free="0" total="29360128" percent="0">
      <mem type="allocate" free="0" total="20185088" percent="0" />
      <mem type="survivor" free="0" total="9175040" percent="0" />
    </mem>
    <mem type="tenure" free="7002464" total="31326208" percent="22">
      <mem type="soa" free="5435744" total="29759488" percent="18" />
      <mem type="loa" free="1566720" total="1566720" percent="100" />
    </mem>
    <remembered-set count="6274" />
  </mem-info>
</gc-start>
<allocation-stats totalBytes="16410288" discardedBytes="7968" >
  <allocated-bytes non-tlh="337568" tlh="16072720" />
  <largest-consumer threadName="Start Level: Equinox Container: 9cfd4883-eb0f-4cba-9790-25a8655ed831" threadId="00000000005EC400" bytes="3517504" />
</allocation-stats>
<gc-op id="1391" type="scavenge" timems="9.370" contextid="1388" timestamp="2025-12-16T21:21:37.345">
  <scavenger-info tenureage="3" tenuremask="4e08" tiltratio="68" />
  <memory-copied type="nursery" objects="110832" bytes="5135088" bytesdiscarded="111128" />
  <memory-copied type="tenure" objects="9985" bytes="293120" bytesdiscarded="16" />
  <finalization candidates="14" enqueued="14" />
  <ownableSynchronizers candidates="1758" cleared="667" />
  <references type="soft" candidates="454" cleared="0" enqueued="0" dynamicThreshold="9" maxThreshold="32" />
  <references type="weak" candidates="1033" cleared="435" enqueued="434" />
  <references type="phantom" candidates="283" cleared="3" enqueued="3" />
  <object-monitors candidates="22" cleared="0"  />
</gc-op>
<gc-end id="1392" type="scavenge" contextid="1388" durationms="11.758" usertimems="22.527" systemtimems="3.671" stalltimems="2.826" timestamp="2025-12-16T21:21:37.346" activeThreads="3">
  <mem-info id="1393" free="22424200" total="60686336" percent="36">
    <mem type="nursery" free="15843368" total="29360128" percent="53">
      <mem type="allocate" free="15843368" total="21102592" percent="75" />
      <mem type="survivor" free="0" total="8257536" percent="0" />
    </mem>
    <mem type="tenure" free="6580832" total="31326208" percent="21">
      <mem type="soa" free="5014112" total="29759488" percent="16" />
      <mem type="loa" free="1566720" total="1566720" percent="100" />
    </mem>
    <pending-finalizers system="14" default="0" reference="437" classloader="0" />
    <remembered-set count="4315" />
  </mem-info>
</gc-end>
<cycle-end id="1394" type="scavenge" contextid="1388" timestamp="2025-12-16T21:21:37.347" />
<allocation-satisfied id="1395" threadId="00000000005F4100" bytesRequested="40" />
<af-end id="1396" timestamp="2025-12-16T21:21:37.348" threadId="00000000005F4B78" success="true" from="nursery"/>
<exclusive-end id="1397" timestamp="2025-12-16T21:21:37.349" durationms="17.374" />

<exclusive-start id="1398" timestamp="2025-12-16T21:21:37.490" intervalms="158.210">
  <response-info timems="0.167" idlems="0.167" threads="0" lastid="0000000000589A00" lastname="Framework Event Dispatcher: Equinox Container: 9cfd4883-eb0f-4c" />
</exclusive-start>
<af-start id="1399" threadId="000000000058A478" totalBytesRequested="24" timestamp="2025-12-16T21:21:37.490" intervalms="158.142" type="nursery" />
<cycle-start id="1400" type="scavenge" contextid="0" timestamp="2025-12-16T21:21:37.491" intervalms="157.995" />
<gc-start id="1401" type="scavenge" contextid="1400" timestamp="2025-12-16T21:21:37.493">
  <mem-info id="1402" free="6281992" total="60686336" percent="10">
    <mem type="nursery" free="0" total="29360128" percent="0">
      <mem type="allocate" free="0" total="21102592" percent="0" />
      <mem type="survivor" free="0" total="8257536" percent="0" />
    </mem>
    <mem type="tenure" free="6281992" total="31326208" percent="20">
      <mem type="soa" free="4715272" total="29759488" percent="15" />
      <mem type="loa" free="1566720" total="1566720" percent="100" />
    </mem>
    <remembered-set count="8535" />
  </mem-info>
</gc-start>
<allocation-stats totalBytes="16124336" discardedBytes="17872" >
  <allocated-bytes non-tlh="612000" tlh="15512336" />
  <largest-consumer threadName="Equinox start level thread - Equinox Container: 9cfd4883-eb0f-4cba-9790-25a8655ed831" threadId="00000000005F7E00" bytes="4688688" />
</allocation-stats>
<gc-op id="1403" type="scavenge" timems="12.674" contextid="1400" timestamp="2025-12-16T21:21:37.507">
  <scavenger-info tenureage="3" tenuremask="4188" tiltratio="71" />
  <memory-copied type="nursery" objects="130112" bytes="5748256" bytesdiscarded="7288" />
  <memory-copied type="tenure" objects="31440" bytes="1066536" bytesdiscarded="192" />
  <finalization candidates="23" enqueued="23" />
  <ownableSynchronizers candidates="3159" cleared="895" />
  <references type="soft" candidates="1890" cleared="0" enqueued="0" dynamicThreshold="9" maxThreshold="32" />
  <references type="weak" candidates="1861" cleared="816" enqueued="812" />
  <references type="phantom" candidates="309" cleared="15" enqueued="15" />
  <object-monitors candidates="35" cleared="8"  />
</gc-op>
<heap-resize id="1404" type="expand" space="nursery" amount="1572864" count="1" timems="0.089" reason="excessive time being spent scavenging" timestamp="2025-12-16T21:21:37.508" />
<gc-end id="1405" type="scavenge" contextid="1400" durationms="15.894" usertimems="42.215" systemtimems="1.035" stalltimems="9.152" timestamp="2025-12-16T21:21:37.508" activeThreads="4">
  <mem-info id="1406" free="21744896" total="62259200" percent="34">
    <mem type="nursery" free="16704760" total="30932992" percent="54">
      <mem type="allocate" free="16704760" total="22478848" percent="74" />
      <mem type="survivor" free="0" total="8454144" percent="0" />
    </mem>
    <mem type="tenure" free="5040136" total="31326208" percent="16">
      <mem type="soa" free="3473416" total="29759488" percent="11" />
      <mem type="loa" free="1566720" total="1566720" percent="100" />
    </mem>
    <pending-finalizers system="23" default="0" reference="827" classloader="0" />
    <remembered-set count="7087" />
  </mem-info>
</gc-end>
<cycle-end id="1407" type="scavenge" contextid="1400" timestamp="2025-12-16T21:21:37.509" />
<allocation-satisfied id="1408" threadId="0000000000589A00" bytesRequested="24" />
<af-end id="1409" timestamp="2025-12-16T21:21:37.510" threadId="000000000058A478" success="true" from="nursery"/>
<exclusive-end id="1410" timestamp="2025-12-16T21:21:37.511" durationms="21.485" />

<exclusive-start id="1411" timestamp="2025-12-16T21:21:37.583" intervalms="93.009">
  <response-info timems="0.072" idlems="0.072" threads="0" lastid="00000000005FFB00" lastname="Equinox start level thread - Equinox Container: 9cfd4883-eb0f-4" />
</exclusive-start>
<af-start id="1412" threadId="0000000000600578" totalBytesRequested="80" timestamp="2025-12-16T21:21:37.584" intervalms="93.259" type="nursery" />
<cycle-start id="1413" type="scavenge" contextid="0" timestamp="2025-12-16T21:21:37.584" intervalms="93.258" />
<gc-start id="1414" type="scavenge" contextid="1413" timestamp="2025-12-16T21:21:37.585">
  <mem-info id="1415" free="4952376" total="62259200" percent="7">
    <mem type="nursery" free="0" total="30932992" percent="0">
      <mem type="allocate" free="0" total="22478848" percent="0" />
      <mem type="survivor" free="0" total="8454144" percent="0" />
    </mem>
    <mem type="tenure" free="4952376" total="31326208" percent="15">
      <mem type="soa" free="3385656" total="29759488" percent="11" />
      <mem type="loa" free="1566720" total="1566720" percent="100" />
    </mem>
    <remembered-set count="9409" />
  </mem-info>
</gc-start>
<allocation-stats totalBytes="16787536" discardedBytes="4984" >
  <allocated-bytes non-tlh="425544" tlh="16361992" />
  <largest-consumer threadName="Equinox start level thread - Equinox Container: 9cfd4883-eb0f-4cba-9790-25a8655ed831" threadId="00000000005F4100" bytes="6608408" />
</allocation-stats>
<gc-op id="1416" type="scavenge" timems="11.033" contextid="1413" timestamp="2025-12-16T21:21:37.598">
  <scavenger-info tenureage="6" tenuremask="40c0" tiltratio="72" />
  <memory-copied type="nursery" objects="155631" bytes="6617008" bytesdiscarded="28712" />
  <memory-copied type="tenure" objects="1009" bytes="29032" bytesdiscarded="312" />
  <finalization candidates="5" enqueued="5" />
  <ownableSynchronizers candidates="3061" cleared="318" />
  <references type="soft" candidates="2123" cleared="0" enqueued="0" dynamicThreshold="9" maxThreshold="32" />
  <references type="weak" candidates="1695" cleared="368" enqueued="368" />
  <references type="phantom" candidates="263" cleared="1" enqueued="1" />
  <object-monitors candidates="29" cleared="0"  />
</gc-op>
<heap-resize id="1417" type="expand" space="nursery" amount="2097152" count="1" timems="0.054" reason="excessive time being spent scavenging" timestamp="2025-12-16T21:21:37.599" />
<gc-end id="1418" type="scavenge" contextid="1413" durationms="13.918" usertimems="38.653" systemtimems="2.914" stalltimems="14.302" timestamp="2025-12-16T21:21:37.599" activeThreads="5">
  <mem-info id="1419" free="21484864" total="64356352" percent="33">
    <mem type="nursery" free="16662280" total="33030144" percent="50">
      <mem type="allocate" free="16662280" total="23330816" percent="71" />
      <mem type="survivor" free="0" total="9699328" percent="0" />
    </mem>
    <mem type="tenure" free="4822584" total="31326208" percent="15">
      <mem type="soa" free="3255864" total="29759488" percent="10" />
      <mem type="loa" free="1566720" total="1566720" percent="100" />
    </mem>
    <pending-finalizers system="5" default="0" reference="369" classloader="0" />
    <remembered-set count="7591" />
  </mem-info>
</gc-end>
<cycle-end id="1420" type="scavenge" contextid="1413" timestamp="2025-12-16T21:21:37.600" />
<allocation-satisfied id="1421" threadId="00000000005FFB00" bytesRequested="80" />
<af-end id="1422" timestamp="2025-12-16T21:21:37.602" threadId="0000000000600578" success="true" from="nursery"/>
<exclusive-end id="1423" timestamp="2025-12-16T21:21:37.602" durationms="19.696" />

<exclusive-start id="1424" timestamp="2025-12-16T21:21:37.690" intervalms="107.012">
  <response-info timems="0.631" idlems="0.362" threads="1" lastid="00000000005F7E00" lastname="Equinox start level thread - Equinox Container: 9cfd4883-eb0f-4" />
</exclusive-start>
<af-start id="1425" threadId="0000000000608378" totalBytesRequested="2064" timestamp="2025-12-16T21:21:37.690" intervalms="106.778" type="nursery" />
<cycle-start id="1426" type="scavenge" contextid="0" timestamp="2025-12-16T21:21:37.691" intervalms="106.761" />
<gc-start id="1427" type="scavenge" contextid="1426" timestamp="2025-12-16T21:21:37.692">
  <mem-info id="1428" free="4710392" total="64356352" percent="7">
    <mem type="nursery" free="0" total="33030144" percent="0">
      <mem type="allocate" free="0" total="23330816" percent="0" />
      <mem type="survivor" free="0" total="9699328" percent="0" />
    </mem>
    <mem type="tenure" free="4710392" total="31326208" percent="15">
      <mem type="soa" free="3143672" total="29759488" percent="10" />
      <mem type="loa" free="1566720" total="1566720" percent="100" />
    </mem>
    <remembered-set count="9560" />
  </mem-info>
</gc-start>
<allocation-stats totalBytes="16761608" discardedBytes="12864" >
  <allocated-bytes non-tlh="412032" tlh="16349576" />
  <largest-consumer threadName="Equinox start level thread - Equinox Container: 9cfd4883-eb0f-4cba-9790-25a8655ed831" threadId="0000000000607900" bytes="5594456" />
</allocation-stats>
<gc-op id="1429" type="scavenge" timems="12.014" contextid="1426" timestamp="2025-12-16T21:21:37.705">
  <scavenger-info tenureage="14" tenuremask="4000" tiltratio="70" />
  <memory-copied type="nursery" objects="185182" bytes="7650240" bytesdiscarded="107808" />
  <finalization candidates="10" enqueued="10" />
  <ownableSynchronizers candidates="3475" cleared="283" />
  <references type="soft" candidates="2489" cleared="0" enqueued="0" dynamicThreshold="9" maxThreshold="32" />
  <references type="weak" candidates="2235" cleared="564" enqueued="564" />
  <references type="phantom" candidates="266" cleared="2" enqueued="2" />
  <object-monitors candidates="29" cleared="1"  />
</gc-op>
<heap-resize id="1430" type="expand" space="nursery" amount="1966080" count="1" timems="0.056" reason="excessive time being spent scavenging" timestamp="2025-12-16T21:21:37.706" />
<gc-end id="1431" type="scavenge" contextid="1426" durationms="14.688" usertimems="42.280" systemtimems="12.492" stalltimems="19.062" timestamp="2025-12-16T21:21:37.707" activeThreads="6">
  <mem-info id="1432" free="20846416" total="66322432" percent="31">
    <mem type="nursery" free="16136024" total="34996224" percent="46">
      <mem type="allocate" free="16136024" total="23920640" percent="67" />
      <mem type="survivor" free="0" total="11075584" percent="0" />
    </mem>
    <mem type="tenure" free="4710392" total="31326208" percent="15">
      <mem type="soa" free="3143672" total="29759488" percent="10" />
      <mem type="loa" free="1566720" total="1566720" percent="100" />
    </mem>
    <pending-finalizers system="10" default="0" reference="566" classloader="0" />
    <remembered-set count="6036" />
  </mem-info>
</gc-end>
<cycle-end id="1433" type="scavenge" contextid="1426" timestamp="2025-12-16T21:21:37.707" />
<allocation-satisfied id="1434" threadId="0000000000607900" bytesRequested="2064" />
<af-end id="1435" timestamp="2025-12-16T21:21:37.709" threadId="0000000000608378" success="true" from="nursery"/>
<exclusive-end id="1436" timestamp="2025-12-16T21:21:37.709" durationms="19.545" />

<exclusive-start id="1437" timestamp="2025-12-16T21:21:37.786" intervalms="96.781">
  <response-info timems="0.066" idlems="0.066" threads="0" lastid="0000000000607900" lastname="Equinox start level thread - Equinox Container: 9cfd4883-eb0f-4" />
</exclusive-start>
<af-start id="1438" threadId="0000000000608378" totalBytesRequested="440" timestamp="2025-12-16T21:21:37.787" intervalms="96.784" type="nursery" />
<cycle-start id="1439" type="scavenge" contextid="0" timestamp="2025-12-16T21:21:37.788" intervalms="96.717" />
<gc-start id="1440" type="scavenge" contextid="1439" timestamp="2025-12-16T21:21:37.789">
  <mem-info id="1441" free="4600848" total="66322432" percent="6">
    <mem type="nursery" free="0" total="34996224" percent="0">
      <mem type="allocate" free="0" total="23920640" percent="0" />
      <mem type="survivor" free="0" total="11075584" percent="0" />
    </mem>
    <mem type="tenure" free="4600848" total="31326208" percent="14">
      <mem type="soa" free="3034128" total="29759488" percent="10" />
      <mem type="loa" free="1566720" total="1566720" percent="100" />
    </mem>
    <remembered-set count="8166" />
  </mem-info>
</gc-start>
<allocation-stats totalBytes="16238360" discardedBytes="7208" >
  <allocated-bytes non-tlh="492696" tlh="15745664" />
  <largest-consumer threadName="Equinox start level thread - Equinox Container: 9cfd4883-eb0f-4cba-9790-25a8655ed831" threadId="0000000000607900" bytes="5078096" />
</allocation-stats>
<gc-op id="1442" type="scavenge" timems="10.362" contextid="1439" timestamp="2025-12-16T21:21:37.800">
  <scavenger-info tenureage="13" tenuremask="6000" tiltratio="68" />
  <memory-copied type="nursery" objects="213112" bytes="8889696" bytesdiscarded="78488" />
  <finalization candidates="25" enqueued="25" />
  <ownableSynchronizers candidates="4253" cleared="454" />
  <references type="soft" candidates="3358" cleared="0" enqueued="0" dynamicThreshold="9" maxThreshold="32" />
  <references type="weak" candidates="2406" cleared="319" enqueued="319" />
  <references type="phantom" candidates="292" cleared="9" enqueued="9" />
  <object-monitors candidates="29" cleared="0"  />
</gc-op>
<heap-resize id="1443" type="expand" space="nursery" amount="2228224" count="1" timems="0.160" reason="excessive time being spent scavenging" timestamp="2025-12-16T21:21:37.801" />
<gc-end id="1444" type="scavenge" contextid="1439" durationms="13.433" usertimems="52.906" systemtimems="2.629" stalltimems="19.173" timestamp="2025-12-16T21:21:37.802" activeThreads="7">
  <mem-info id="1445" free="19849976" total="68550656" percent="28">
    <mem type="nursery" free="15249128" total="37224448" percent="40">
      <mem type="allocate" free="15249128" total="24248320" percent="62" />
      <mem type="survivor" free="0" total="12976128" percent="0" />
    </mem>
    <mem type="tenure" free="4600848" total="31326208" percent="14">
      <mem type="soa" free="3034128" total="29759488" percent="10" />
      <mem type="loa" free="1566720" total="1566720" percent="100" />
    </mem>
    <pending-finalizers system="25" default="0" reference="328" classloader="0" />
    <remembered-set count="6949" />
  </mem-info>
</gc-end>
<cycle-end id="1446" type="scavenge" contextid="1439" timestamp="2025-12-16T21:21:37.803" />
<allocation-satisfied id="1447" threadId="0000000000607900" bytesRequested="440" />
<af-end id="1448" timestamp="2025-12-16T21:21:37.804" threadId="0000000000608378" success="true" from="nursery"/>
<exclusive-end id="1449" timestamp="2025-12-16T21:21:37.805" durationms="18.352" />

<exclusive-start id="1450" timestamp="2025-12-16T21:21:38.169" intervalms="382.672">
  <response-info timems="0.060" idlems="0.060" threads="0" lastid="00000000005EC400" lastname="Start Level: Equinox Container: 9cfd4883-eb0f-4cba-9790-25a8655" />
</exclusive-start>
<af-start id="1451" threadId="00000000005ECE78" totalBytesRequested="24" timestamp="2025-12-16T21:21:38.170" intervalms="382.792" type="nursery" />
<cycle-start id="1452" type="scavenge" contextid="0" timestamp="2025-12-16T21:21:38.171" intervalms="383.147" />
<gc-start id="1453" type="scavenge" contextid="1452" timestamp="2025-12-16T21:21:38.172">
  <mem-info id="1454" free="4258912" total="68550656" percent="6">
    <mem type="nursery" free="0" total="37224448" percent="0">
      <mem type="allocate" free="0" total="24248320" percent="0" />
      <mem type="survivor" free="0" total="12976128" percent="0" />
    </mem>
    <mem type="tenure" free="4258912" total="31326208" percent="13">
      <mem type="soa" free="2692192" total="29759488" percent="9" />
      <mem type="loa" free="1566720" total="1566720" percent="100" />
    </mem>
    <remembered-set count="12029" />
  </mem-info>
</gc-start>
<allocation-stats totalBytes="15577400" discardedBytes="13664" >
  <allocated-bytes non-tlh="633456" tlh="14943944" />
  <largest-consumer threadName="Equinox start level thread - Equinox Container: 9cfd4883-eb0f-4cba-9790-25a8655ed831" threadId="00000000005F4100" bytes="7238288" />
</allocation-stats>
<gc-op id="1455" type="scavenge" timems="14.748" contextid="1452" timestamp="2025-12-16T21:21:38.189">
  <scavenger-info tenureage="4" tenuremask="7030" tiltratio="65" />
  <memory-copied type="nursery" objects="146454" bytes="6919248" bytesdiscarded="287264" />
  <memory-copied type="tenure" objects="101069" bytes="3319640" bytesdiscarded="560" />
  <finalization candidates="153" enqueued="153" />
  <ownableSynchronizers candidates="4665" cleared="224" />
  <references type="soft" candidates="2286" cleared="0" enqueued="0" dynamicThreshold="9" maxThreshold="32" />
  <references type="weak" candidates="2723" cleared="942" enqueued="941" />
  <references type="phantom" candidates="356" cleared="82" enqueued="82" />
  <object-monitors candidates="30" cleared="0"  />
  <heap-resize type="expand" space="tenure" amount="524288" count="8" timems="0.548" reason="continue current collection" />
</gc-op>
<gc-end id="1456" type="scavenge" contextid="1452" durationms="17.392" usertimems="60.528" systemtimems="20.206" stalltimems="25.883" timestamp="2025-12-16T21:21:38.190" activeThreads="8">
  <mem-info id="1457" free="19694976" total="69074944" percent="28">
    <mem type="nursery" free="18069376" total="37224448" percent="48">
      <mem type="allocate" free="18069376" total="25296896" percent="71" />
      <mem type="survivor" free="0" total="11927552" percent="0" />
    </mem>
    <mem type="tenure" free="1625600" total="31850496" percent="5">
      <mem type="soa" free="32256" total="30257152" percent="0" />
      <mem type="loa" free="1593344" total="1593344" percent="100" />
    </mem>
    <pending-finalizers system="153" default="0" reference="1023" classloader="0" />
    <remembered-set count="10982" />
  </mem-info>
</gc-end>
<cycle-end id="1458" type="scavenge" contextid="1452" timestamp="2025-12-16T21:21:38.190" />
<allocation-satisfied id="1459" threadId="00000000005EC400" bytesRequested="24" />
<af-end id="1460" timestamp="2025-12-16T21:21:38.192" threadId="00000000005ECE78" success="true" from="nursery"/>
<exclusive-end id="1461" timestamp="2025-12-16T21:21:38.193" durationms="24.017" />

<exclusive-start id="1462" timestamp="2025-12-16T21:21:38.217" intervalms="47.680">
  <response-info timems="0.061" idlems="0.061" threads="0" lastid="0000000000873300" lastname="Default Executor-thread-5" />
</exclusive-start>
<af-start id="1463" threadId="0000000000873D78" totalBytesRequested="24" timestamp="2025-12-16T21:21:38.218" intervalms="47.801" type="tenure" />
<cycle-start id="1464" type="global" contextid="0" timestamp="2025-12-16T21:21:38.219" intervalms="2096.973" />
<gc-start id="1465" type="global" contextid="1464" timestamp="2025-12-16T21:21:38.219">
  <mem-info id="1466" free="18257768" total="69074944" percent="26">
    <mem type="nursery" free="16664424" total="37224448" percent="44">
      <mem type="allocate" free="16664424" total="25296896" percent="65" />
      <mem type="survivor" free="0" total="11927552" percent="0" />
    </mem>
    <mem type="tenure" free="1593344" total="31850496" percent="5">
      <mem type="soa" free="0" total="30257152" percent="0" />
      <mem type="loa" free="1593344" total="1593344" percent="100" />
    </mem>
    <remembered-set count="11552" />
  </mem-info>
</gc-start>
<allocation-stats totalBytes="1434112" discardedBytes="2432" >
  <allocated-bytes non-tlh="31616" tlh="1402496" />
  <largest-consumer threadName="Start Level: Equinox Container: 9cfd4883-eb0f-4cba-9790-25a8655ed831" threadId="00000000005EC400" bytes="1059432" />
</allocation-stats>
<gc-op id="1467" type="mark" timems="38.164" contextid="1464" timestamp="2025-12-16T21:21:38.259">
  <trace-info objectcount="841082" scancount="712370" scanbytes="21629416" />
  <finalization candidates="734" enqueued="9" />
  <ownableSynchronizers candidates="5869" cleared="61" />
  <references type="soft" candidates="8804" cleared="0" enqueued="0" dynamicThreshold="9" maxThreshold="32" />
  <references type="weak" candidates="4032" cleared="156" enqueued="155" />
  <references type="phantom" candidates="342" cleared="6" enqueued="6" />
  <stringconstants candidates="21524" cleared="85"  />
  <object-monitors candidates="30" cleared="1"  />
</gc-op>
<gc-op id="1468" type="classunload" timems="0.046" contextid="1464" timestamp="2025-12-16T21:21:38.260">
  <classunload-info classloadercandidates="247" classloadersunloaded="0" classesunloaded="0" anonymousclassesunloaded="0" quiescems="0.000" setupms="0.046" scanms="0.000" postms="0.000" />
</gc-op>
<gc-op id="1469" type="sweep" timems="4.119" contextid="1464" timestamp="2025-12-16T21:21:38.264" />
<heap-resize id="1470" type="expand" space="tenure" amount="6029312" count="1" timems="0.099" reason="insufficient free space following gc" timestamp="2025-12-16T21:21:38.265" />
<gc-end id="1471" type="global" contextid="1464" durationms="46.794" usertimems="197.335" systemtimems="46.485" stalltimems="595.518" timestamp="2025-12-16T21:21:38.266" activeThreads="20">
  <mem-info id="1472" free="29505248" total="75104256" percent="39">
    <mem type="nursery" free="18117040" total="37224448" percent="48">
      <mem type="allocate" free="18117040" total="25296896" percent="71" />
      <mem type="survivor" free="0" total="11927552" percent="0" />
    </mem>
    <mem type="tenure" free="11388208" total="37879808" percent="30" micro-fragmented="725314" macro-fragmented="0">
      <mem type="soa" free="9493808" total="35985408" percent="26" />
      <mem type="loa" free="1894400" total="1894400" percent="100" />
    </mem>
    <pending-finalizers system="9" default="0" reference="161" classloader="0" />
    <remembered-set count="10233" />
  </mem-info>
</gc-end>
<cycle-end id="1473" type="global" contextid="1464" timestamp="2025-12-16T21:21:38.267" />
<allocation-satisfied id="1474" threadId="0000000000873300" bytesRequested="24" />
<af-end id="1475" timestamp="2025-12-16T21:21:38.268" threadId="0000000000873D78" success="true" from="tenure-soa"/>
<exclusive-end id="1476" timestamp="2025-12-16T21:21:38.269" durationms="52.169" />

<exclusive-start id="1477" timestamp="2025-12-16T21:21:38.573" intervalms="356.778">
  <response-info timems="0.055" idlems="0.055" threads="0" lastid="00000000005EC400" lastname="Start Level: Equinox Container: 9cfd4883-eb0f-4cba-9790-25a8655" />
</exclusive-start>
<af-start id="1478" threadId="00000000005ECE78" totalBytesRequested="6056" timestamp="2025-12-16T21:21:38.574" intervalms="356.781" type="nursery" />
<cycle-start id="1479" type="scavenge" contextid="0" timestamp="2025-12-16T21:21:38.575" intervalms="404.523" />
<gc-start id="1480" type="scavenge" contextid="1479" timestamp="2025-12-16T21:21:38.577">
  <mem-info id="1481" free="10940984" total="75104256" percent="14">
    <mem type="nursery" free="0" total="37224448" percent="0">
      <mem type="allocate" free="0" total="25296896" percent="0" />
      <mem type="survivor" free="0" total="11927552" percent="0" />
    </mem>
    <mem type="tenure" free="10940984" total="37879808" percent="28">
      <mem type="soa" free="9046584" total="35985408" percent="25" />
      <mem type="loa" free="1894400" total="1894400" percent="100" />
    </mem>
    <remembered-set count="16534" />
  </mem-info>
</gc-start>
<allocation-stats totalBytes="18530928" discardedBytes="18088" >
  <allocated-bytes non-tlh="493296" tlh="18037632" />
  <largest-consumer threadName="Start Level: Equinox Container: 9cfd4883-eb0f-4cba-9790-25a8655ed831" threadId="00000000005EC400" bytes="16690664" />
</allocation-stats>
<gc-op id="1482" type="scavenge" timems="10.940" contextid="1479" timestamp="2025-12-16T21:21:38.589">
  <scavenger-info tenureage="7" tenuremask="7080" tiltratio="67" />
  <memory-copied type="nursery" objects="161002" bytes="7500920" bytesdiscarded="202000" />
  <memory-copied type="tenure" objects="21821" bytes="758416" bytesdiscarded="2920" />
  <finalization candidates="38" enqueued="37" />
  <ownableSynchronizers candidates="12246" cleared="9435" />
  <references type="soft" candidates="3020" cleared="0" enqueued="0" dynamicThreshold="9" maxThreshold="32" />
  <references type="weak" candidates="9569" cleared="599" enqueued="597" />
  <references type="phantom" candidates="315" cleared="33" enqueued="33" />
  <object-monitors candidates="30" cleared="0"  />
</gc-op>
<gc-end id="1483" type="scavenge" contextid="1479" durationms="13.957" usertimems="50.480" systemtimems="4.350" stalltimems="43.476" timestamp="2025-12-16T21:21:38.590" activeThreads="9">
  <mem-info id="1484" free="27882528" total="75104256" percent="37">
    <mem type="nursery" free="17964032" total="37224448" percent="48">
      <mem type="allocate" free="17964032" total="25690112" percent="69" />
      <mem type="survivor" free="0" total="11534336" percent="0" />
    </mem>
    <mem type="tenure" free="9918496" total="37879808" percent="26">
      <mem type="soa" free="8024096" total="35985408" percent="22" />
      <mem type="loa" free="1894400" total="1894400" percent="100" />
    </mem>
    <pending-finalizers system="37" default="0" reference="630" classloader="0" />
    <remembered-set count="13932" />
  </mem-info>
</gc-end>
<cycle-end id="1485" type="scavenge" contextid="1479" timestamp="2025-12-16T21:21:38.591" />
<allocation-satisfied id="1486" threadId="00000000005EC400" bytesRequested="6056" />
<af-end id="1487" timestamp="2025-12-16T21:21:38.593" threadId="00000000005ECE78" success="true" from="nursery"/>
<exclusive-end id="1488" timestamp="2025-12-16T21:21:38.594" durationms="20.198" />

<exclusive-start id="1489" timestamp="2025-12-16T21:21:39.188" intervalms="614.035">
  <response-info timems="0.046" idlems="0.046" threads="0" lastid="00000000005EC400" lastname="Start Level: Equinox Container: 9cfd4883-eb0f-4cba-9790-25a8655" />
</exclusive-start>
<af-start id="1490" threadId="00000000005ECE78" totalBytesRequested="80" timestamp="2025-12-16T21:21:39.189" intervalms="614.134" type="nursery" />
<cycle-start id="1491" type="scavenge" contextid="0" timestamp="2025-12-16T21:21:39.190" intervalms="614.238" />
<gc-start id="1492" type="scavenge" contextid="1491" timestamp="2025-12-16T21:21:39.191">
  <mem-info id="1493" free="9776776" total="75104256" percent="13">
    <mem type="nursery" free="0" total="37224448" percent="0">
      <mem type="allocate" free="0" total="25690112" percent="0" />
      <mem type="survivor" free="0" total="11534336" percent="0" />
    </mem>
    <mem type="tenure" free="9776776" total="37879808" percent="25">
      <mem type="soa" free="7882376" total="35985408" percent="21" />
      <mem type="loa" free="1894400" total="1894400" percent="100" />
    </mem>
    <remembered-set count="16481" />
  </mem-info>
</gc-start>
<allocation-stats totalBytes="18097512" discardedBytes="3944" >
  <allocated-bytes non-tlh="143480" tlh="17954032" />
  <largest-consumer threadName="Start Level: Equinox Container: 9cfd4883-eb0f-4cba-9790-25a8655ed831" threadId="00000000005EC400" bytes="17873032" />
</allocation-stats>
<gc-op id="1494" type="scavenge" timems="10.449" contextid="1491" timestamp="2025-12-16T21:21:39.203">
  <scavenger-info tenureage="3" tenuremask="7008" tiltratio="69" />
  <memory-copied type="nursery" objects="147156" bytes="7172448" bytesdiscarded="87184" />
  <memory-copied type="tenure" objects="33132" bytes="1193696" bytesdiscarded="3352" />
  <finalization candidates="19" enqueued="18" />
  <ownableSynchronizers candidates="3413" cleared="258" />
  <references type="soft" candidates="2723" cleared="0" enqueued="0" dynamicThreshold="9" maxThreshold="32" />
  <references type="weak" candidates="9279" cleared="424" enqueued="419" />
  <references type="phantom" candidates="273" cleared="7" enqueued="7" />
  <object-monitors candidates="30" cleared="0"  />
</gc-op>
<gc-end id="1495" type="scavenge" contextid="1491" durationms="13.642" usertimems="46.432" systemtimems="5.709" stalltimems="31.047" timestamp="2025-12-16T21:21:39.204" activeThreads="8">
  <mem-info id="1496" free="26896632" total="75104256" percent="35">
    <mem type="nursery" free="18802392" total="37224448" percent="50">
      <mem type="allocate" free="18802392" total="26083328" percent="72" />
      <mem type="survivor" free="0" total="11141120" percent="0" />
    </mem>
    <mem type="tenure" free="8094240" total="37879808" percent="21">
      <mem type="soa" free="6199840" total="35985408" percent="17" />
      <mem type="loa" free="1894400" total="1894400" percent="100" />
    </mem>
    <pending-finalizers system="18" default="0" reference="426" classloader="0" />
    <remembered-set count="13821" />
  </mem-info>
</gc-end>
<cycle-end id="1497" type="scavenge" contextid="1491" timestamp="2025-12-16T21:21:39.206" />
<allocation-satisfied id="1498" threadId="00000000005EC400" bytesRequested="80" />
<af-end id="1499" timestamp="2025-12-16T21:21:39.207" threadId="00000000005ECE78" success="true" from="nursery"/>
<exclusive-end id="1500" timestamp="2025-12-16T21:21:39.208" durationms="20.782" />

<exclusive-start id="1501" timestamp="2025-12-16T21:21:39.533" intervalms="345.235">
  <response-info timems="0.056" idlems="0.056" threads="0" lastid="00000000005EC400" lastname="Start Level: Equinox Container: 9cfd4883-eb0f-4cba-9790-25a8655" />
</exclusive-start>
<af-start id="1502" threadId="00000000005ECE78" totalBytesRequested="8200" timestamp="2025-12-16T21:21:39.534" intervalms="345.087" type="nursery" />
<cycle-start id="1503" type="scavenge" contextid="0" timestamp="2025-12-16T21:21:39.535" intervalms="344.916" />
<gc-start id="1504" type="scavenge" contextid="1503" timestamp="2025-12-16T21:21:39.536">
  <mem-info id="1505" free="8078464" total="75104256" percent="10">
    <mem type="nursery" free="0" total="37224448" percent="0">
      <mem type="allocate" free="0" total="26083328" percent="0" />
      <mem type="survivor" free="0" total="11141120" percent="0" />
    </mem>
    <mem type="tenure" free="8078464" total="37879808" percent="21">
      <mem type="soa" free="6184064" total="35985408" percent="17" />
      <mem type="loa" free="1894400" total="1894400" percent="100" />
    </mem>
    <remembered-set count="14681" />
  </mem-info>
</gc-start>
<allocation-stats totalBytes="18555688" discardedBytes="261816" >
  <allocated-bytes non-tlh="15192" tlh="18540496" />
  <largest-consumer threadName="Start Level: Equinox Container: 9cfd4883-eb0f-4cba-9790-25a8655ed831" threadId="00000000005EC400" bytes="18441432" />
</allocation-stats>
<gc-op id="1506" type="scavenge" timems="10.295" contextid="1503" timestamp="2025-12-16T21:21:39.547">
  <scavenger-info tenureage="3" tenuremask="7008" tiltratio="70" />
  <memory-copied type="nursery" objects="118987" bytes="6310488" bytesdiscarded="144976" />
  <memory-copied type="tenure" objects="34890" bytes="1169480" bytesdiscarded="808" />
  <finalization candidates="54" enqueued="53" />
  <ownableSynchronizers candidates="2606" cleared="4" />
  <references type="soft" candidates="1944" cleared="0" enqueued="0" dynamicThreshold="9" maxThreshold="32" />
  <references type="weak" candidates="8703" cleared="125" enqueued="125" />
  <references type="phantom" candidates="297" cleared="24" enqueued="24" />
  <object-monitors candidates="30" cleared="0"  />
</gc-op>
<gc-end id="1507" type="scavenge" contextid="1503" durationms="13.128" usertimems="46.043" systemtimems="6.331" stalltimems="29.615" timestamp="2025-12-16T21:21:39.549" activeThreads="8">
  <mem-info id="1508" free="26793328" total="75104256" percent="35">
    <mem type="nursery" free="20067528" total="37224448" percent="53">
      <mem type="allocate" free="20067528" total="26542080" percent="75" />
      <mem type="survivor" free="0" total="10682368" percent="0" />
    </mem>
    <mem type="tenure" free="6725800" total="37879808" percent="17">
      <mem type="soa" free="4831400" total="35985408" percent="13" />
      <mem type="loa" free="1894400" total="1894400" percent="100" />
    </mem>
    <pending-finalizers system="53" default="0" reference="149" classloader="0" />
    <remembered-set count="8741" />
  </mem-info>
</gc-end>
<cycle-end id="1509" type="scavenge" contextid="1503" timestamp="2025-12-16T21:21:39.550" />
<allocation-satisfied id="1510" threadId="00000000005EC400" bytesRequested="8200" />
<af-end id="1511" timestamp="2025-12-16T21:21:39.552" threadId="00000000005ECE78" success="true" from="nursery"/>
<exclusive-end id="1512" timestamp="2025-12-16T21:21:39.552" durationms="19.696" />

<exclusive-start id="1513" timestamp="2025-12-16T21:21:40.373" intervalms="840.561">
  <response-info timems="0.055" idlems="0.055" threads="0" lastid="00000000005EC400" lastname="Start Level: Equinox Container: 9cfd4883-eb0f-4cba-9790-25a8655" />
</exclusive-start>
<af-start id="1514" threadId="00000000005ECE78" totalBytesRequested="2512" timestamp="2025-12-16T21:21:40.375" intervalms="840.948" type="nursery" />
<cycle-start id="1515" type="scavenge" contextid="0" timestamp="2025-12-16T21:21:40.376" intervalms="841.242" />
<gc-start id="1516" type="scavenge" contextid="1515" timestamp="2025-12-16T21:21:40.377">
  <mem-info id="1517" free="6654504" total="75104256" percent="8">
    <mem type="nursery" free="0" total="37224448" percent="0">
      <mem type="allocate" free="0" total="26542080" percent="0" />
      <mem type="survivor" free="0" total="10682368" percent="0" />
    </mem>
    <mem type="tenure" free="6654504" total="37879808" percent="17">
      <mem type="soa" free="4760104" total="35985408" percent="13" />
      <mem type="loa" free="1894400" total="1894400" percent="100" />
    </mem>
    <remembered-set count="10418" />
  </mem-info>
</gc-start>
<allocation-stats totalBytes="20120360" discardedBytes="18464" >
  <allocated-bytes non-tlh="561704" tlh="19558656" />
  <largest-consumer threadName="Start Level: Equinox Container: 9cfd4883-eb0f-4cba-9790-25a8655ed831" threadId="00000000005EC400" bytes="19981304" />
</allocation-stats>
<gc-op id="1518" type="scavenge" timems="8.979" contextid="1515" timestamp="2025-12-16T21:21:40.389">
  <scavenger-info tenureage="12" tenuremask="7000" tiltratio="71" />
  <memory-copied type="nursery" objects="134196" bytes="6812144" bytesdiscarded="84232" />
  <finalization candidates="5" enqueued="3" />
  <ownableSynchronizers candidates="2358" cleared="137" />
  <references type="soft" candidates="2218" cleared="0" enqueued="0" dynamicThreshold="9" maxThreshold="32" />
  <references type="weak" candidates="8985" cleared="269" enqueued="268" />
  <references type="phantom" candidates="285" cleared="9" enqueued="9" />
  <object-monitors candidates="30" cleared="0"  />
</gc-op>
<gc-end id="1519" type="scavenge" contextid="1515" durationms="12.744" usertimems="35.869" systemtimems="7.325" stalltimems="28.959" timestamp="2025-12-16T21:21:40.390" activeThreads="8">
  <mem-info id="1520" free="26605808" total="75104256" percent="35">
    <mem type="nursery" free="19951304" total="37224448" percent="53">
      <mem type="allocate" free="19951304" total="26869760" percent="74" />
      <mem type="survivor" free="0" total="10354688" percent="0" />
    </mem>
    <mem type="tenure" free="6654504" total="37879808" percent="17">
      <mem type="soa" free="4760104" total="35985408" percent="13" />
      <mem type="loa" free="1894400" total="1894400" percent="100" />
    </mem>
    <pending-finalizers system="3" default="0" reference="277" classloader="0" />
    <remembered-set count="8506" />
  </mem-info>
</gc-end>
<cycle-end id="1521" type="scavenge" contextid="1515" timestamp="2025-12-16T21:21:40.391" />
<allocation-satisfied id="1522" threadId="00000000005EC400" bytesRequested="2512" />
<af-end id="1523" timestamp="2025-12-16T21:21:40.393" threadId="00000000005ECE78" success="true" from="nursery"/>
<exclusive-end id="1524" timestamp="2025-12-16T21:21:40.394" durationms="20.930" />

<exclusive-start id="1525" timestamp="2025-12-16T21:21:40.792" intervalms="418.396">
  <response-info timems="0.094" idlems="0.094" threads="0" lastid="00000000005F7E00" lastname="Equinox start level thread - Equinox Container: 9cfd4883-eb0f-4" />
</exclusive-start>
<af-start id="1526" threadId="00000000005F8878" totalBytesRequested="16" timestamp="2025-12-16T21:21:40.793" intervalms="418.140" type="nursery" />
<cycle-start id="1527" type="scavenge" contextid="0" timestamp="2025-12-16T21:21:40.794" intervalms="418.178" />
<gc-start id="1528" type="scavenge" contextid="1527" timestamp="2025-12-16T21:21:40.795">
  <mem-info id="1529" free="6516240" total="75104256" percent="8">
    <mem type="nursery" free="0" total="37224448" percent="0">
      <mem type="allocate" free="0" total="26869760" percent="0" />
      <mem type="survivor" free="0" total="10354688" percent="0" />
    </mem>
    <mem type="tenure" free="6516240" total="37879808" percent="17">
      <mem type="soa" free="4621840" total="35985408" percent="12" />
      <mem type="loa" free="1894400" total="1894400" percent="100" />
    </mem>
    <remembered-set count="11037" />
  </mem-info>
</gc-start>
<allocation-stats totalBytes="20072328" discardedBytes="17240" >
  <allocated-bytes non-tlh="159096" tlh="19913232" />
  <largest-consumer threadName="Start Level: Equinox Container: 9cfd4883-eb0f-4cba-9790-25a8655ed831" threadId="00000000005EC400" bytes="14618928" />
</allocation-stats>
<gc-op id="1530" type="scavenge" timems="13.220" contextid="1527" timestamp="2025-12-16T21:21:40.811">
  <scavenger-info tenureage="4" tenuremask="7010" tiltratio="72" />
  <memory-copied type="nursery" objects="120024" bytes="5511488" bytesdiscarded="256048" />
  <memory-copied type="tenure" objects="35490" bytes="1356096" bytesdiscarded="376" />
  <finalization candidates="11" enqueued="9" />
  <ownableSynchronizers candidates="3129" cleared="362" />
  <references type="soft" candidates="2083" cleared="0" enqueued="0" dynamicThreshold="9" maxThreshold="32" />
  <references type="weak" candidates="1911" cleared="498" enqueued="493" />
  <references type="phantom" candidates="312" cleared="12" enqueued="12" />
  <object-monitors candidates="33" cleared="2"  />
</gc-op>
<gc-end id="1531" type="scavenge" contextid="1527" durationms="16.761" usertimems="55.946" systemtimems="5.973" stalltimems="21.771" timestamp="2025-12-16T21:21:40.812" activeThreads="7">
  <mem-info id="1532" free="26405360" total="75104256" percent="35">
    <mem type="nursery" free="21472984" total="37224448" percent="57">
      <mem type="allocate" free="21472984" total="27262976" percent="78" />
      <mem type="survivor" free="0" total="9961472" percent="0" />
    </mem>
    <mem type="tenure" free="4932376" total="37879808" percent="13">
      <mem type="soa" free="3037976" total="35985408" percent="8" />
      <mem type="loa" free="1894400" total="1894400" percent="100" />
    </mem>
    <pending-finalizers system="9" default="0" reference="505" classloader="0" />
    <remembered-set count="9762" />
  </mem-info>
</gc-end>
<cycle-end id="1533" type="scavenge" contextid="1527" timestamp="2025-12-16T21:21:40.814" />
<allocation-satisfied id="1534" threadId="00000000005F7E00" bytesRequested="16" />
<af-end id="1535" timestamp="2025-12-16T21:21:40.816" threadId="00000000005F8878" success="true" from="nursery"/>
<exclusive-end id="1536" timestamp="2025-12-16T21:21:40.817" durationms="25.428" />

<concurrent-kickoff id="1537" timestamp="2025-12-16T21:21:41.224">
  <kickoff reason="threshold reached" targetBytes="16617707" thresholdFreeBytes="2305470"  remainingFree="2229976" tenureFreeBytes="4683552" nurseryFreeBytes="2229976" />
</concurrent-kickoff>
<exclusive-start id="1538" timestamp="2025-12-16T21:21:41.225" intervalms="433.732">
  <response-info timems="0.055" idlems="0.055" threads="0" lastid="0000000000873300" lastname="Default Executor-thread-5" />
</exclusive-start>
<cycle-start id="1539" type="global" contextid="0" timestamp="2025-12-16T21:21:41.227" intervalms="3008.246" />
<concurrent-start id="1540" type="global mark" contextid="1539" timestamp="2025-12-16T21:21:41.228">
</concurrent-start>
<exclusive-end id="1541" timestamp="2025-12-16T21:21:41.229" durationms="3.700" />

<concurrent-end id="1542" type="global mark" contextid="1539" timestamp="2025-12-16T21:21:41.289">
<gc-op id="1543" type="trace" timems="60.766" contextid="1539" timestamp="2025-12-16T21:21:41.289">
  <trace bytesTraced="20698792" workStackOverflowCount="0" />
  <card-cleaning reason="card cleaning threshold reached" bytesTraced="48752" cardsCleaned="218" />
</gc-op>
</concurrent-end>

<exclusive-start id="1544" timestamp="2025-12-16T21:21:41.291" intervalms="65.941">
  <response-info timems="0.062" idlems="0.062" threads="0" lastid="0000000000867A00" lastname="Default Executor-thread-3" />
</exclusive-start>
<concurrent-global-final id="1545" timestamp="2025-12-16T21:21:41.293" contextid="1539" intervalms="5079.517" >
  <concurrent-trace-info reason="card cleaning threshold reached" tracedByMutators="2922832" tracedByHelpers="17824712" cardsCleaned="218" workStackOverflowCount="0" />
</concurrent-global-final>
<gc-start id="1546" type="global" contextid="1539" timestamp="2025-12-16T21:21:41.294">
  <mem-info id="1547" free="5296696" total="75104256" percent="7">
    <mem type="nursery" free="689880" total="37224448" percent="1">
      <mem type="allocate" free="689880" total="27262976" percent="2" />
      <mem type="survivor" free="0" total="9961472" percent="0" />
    </mem>
    <mem type="tenure" free="4606816" total="37879808" percent="12">
      <mem type="soa" free="2712416" total="35985408" percent="7" />
      <mem type="loa" free="1894400" total="1894400" percent="100" />
    </mem>
    <remembered-set count="14751" />
  </mem-info>
</gc-start>
<allocation-stats totalBytes="20959872" discardedBytes="148792" >
  <allocated-bytes non-tlh="1024088" tlh="19935784" />
  <largest-consumer threadName="Equinox start level thread - Equinox Container: 9cfd4883-eb0f-4cba-9790-25a8655ed831" threadId="00000000005F7E00" bytes="9217808" />
</allocation-stats>
<gc-op id="1548" type="rs-scan" timems="7.569" contextid="1539" timestamp="2025-12-16T21:21:41.304">
  <scan objectsFound="139576" bytesTraced="5015268" workStackOverflowCount="0" />
</gc-op>
<gc-op id="1549" type="card-cleaning" timems="2.396" contextid="1539" timestamp="2025-12-16T21:21:41.307">
  <card-cleaning cardsCleaned="2" bytesTraced="960" workStackOverflowCount="0" />
</gc-op>
<gc-op id="1550" type="mark" timems="32.543" contextid="1539" timestamp="2025-12-16T21:21:41.341">
  <trace-info objectcount="6162" scancount="5830" scanbytes="178708" />
  <finalization candidates="735" enqueued="12" />
  <ownableSynchronizers candidates="7985" cleared="45" />
  <references type="soft" candidates="11407" cleared="1253" enqueued="1239" dynamicThreshold="9" maxThreshold="32" />
  <references type="weak" candidates="13264" cleared="786" enqueued="781" />
  <references type="phantom" candidates="417" cleared="5" enqueued="5" />
  <stringconstants candidates="31405" cleared="35"  />
  <object-monitors candidates="154" cleared="94"  />
</gc-op>
<gc-op id="1551" type="classunload" timems="1.205" contextid="1539" timestamp="2025-12-16T21:21:41.343">
  <classunload-info classloadercandidates="376" classloadersunloaded="15" classesunloaded="5" anonymousclassesunloaded="0" quiescems="0.000" setupms="1.164" scanms="0.022" postms="0.018" />
</gc-op>
<gc-op id="1552" type="sweep" timems="5.697" contextid="1539" timestamp="2025-12-16T21:21:41.349" />
<heap-resize id="1553" type="expand" space="tenure" amount="7602176" count="1" timems="2.939" reason="insufficient free space following gc" timestamp="2025-12-16T21:21:41.353" />
<gc-end id="1554" type="global" contextid="1539" durationms="60.102" usertimems="118.679" systemtimems="49.631" stalltimems="628.317" timestamp="2025-12-16T21:21:41.354" activeThreads="20">
  <mem-info id="1555" free="34112440" total="82706432" percent="41">
    <mem type="nursery" free="20462792" total="37224448" percent="54">
      <mem type="allocate" free="20462792" total="27262976" percent="75" />
      <mem type="survivor" free="0" total="9961472" percent="0" />
    </mem>
    <mem type="tenure" free="13649648" total="45481984" percent="30" micro-fragmented="1125496" macro-fragmented="0">
      <mem type="soa" free="11375344" total="43207680" percent="26" />
      <mem type="loa" free="2274304" total="2274304" percent="100" />
    </mem>
    <pending-finalizers system="12" default="0" reference="2025" classloader="0" />
    <remembered-set count="12914" />
  </mem-info>
</gc-end>
<cycle-end id="1556" type="global" contextid="1539" timestamp="2025-12-16T21:21:41.355" />
<exclusive-end id="1557" timestamp="2025-12-16T21:21:41.356" durationms="64.433" />

<exclusive-start id="1558" timestamp="2025-12-16T21:21:41.541" intervalms="249.572">
  <response-info timems="0.471" idlems="0.324" threads="1" lastid="0000000000867A00" lastname="Default Executor-thread-3" />
</exclusive-start>
<af-start id="1559" threadId="0000000000873D78" totalBytesRequested="80" timestamp="2025-12-16T21:21:41.542" intervalms="749.599" type="nursery" />
<cycle-start id="1560" type="scavenge" contextid="0" timestamp="2025-12-16T21:21:41.544" intervalms="749.569" />
<gc-start id="1561" type="scavenge" contextid="1560" timestamp="2025-12-16T21:21:41.545">
  <mem-info id="1562" free="13521272" total="82706432" percent="16">
    <mem type="nursery" free="0" total="37224448" percent="0">
      <mem type="allocate" free="0" total="27262976" percent="0" />
      <mem type="survivor" free="0" total="9961472" percent="0" />
    </mem>
    <mem type="tenure" free="13521272" total="45481984" percent="29">
      <mem type="soa" free="11246968" total="43207680" percent="26" />
      <mem type="loa" free="2274304" total="2274304" percent="100" />
    </mem>
    <remembered-set count="16518" />
  </mem-info>
</gc-start>
<allocation-stats totalBytes="20153472" discardedBytes="421752" >
  <allocated-bytes non-tlh="5591096" tlh="14562376" />
  <largest-consumer threadName="Default Executor-thread-2" threadId="0000000000863D00" bytes="5935472" />
</allocation-stats>
<gc-op id="1563" type="scavenge" timems="9.731" contextid="1560" timestamp="2025-12-16T21:21:41.557">
  <scavenger-info tenureage="9" tenuremask="7200" tiltratio="73" />
  <memory-copied type="nursery" objects="115813" bytes="5676384" bytesdiscarded="110016" />
  <memory-copied type="tenure" objects="27046" bytes="851512" bytesdiscarded="1104" />
  <finalization candidates="20" enqueued="19" />
  <ownableSynchronizers candidates="13252" cleared="10577" />
  <references type="soft" candidates="2523" cleared="0" enqueued="0" dynamicThreshold="9" maxThreshold="32" />
  <references type="weak" candidates="1925" cleared="284" enqueued="284" />
  <references type="phantom" candidates="356" cleared="9" enqueued="9" />
  <object-monitors candidates="162" cleared="68"  />
</gc-op>
<gc-end id="1564" type="scavenge" contextid="1560" durationms="13.158" usertimems="48.693" systemtimems="1.397" stalltimems="27.262" timestamp="2025-12-16T21:21:41.558" activeThreads="8">
  <mem-info id="1565" free="34466664" total="82706432" percent="41">
    <mem type="nursery" free="21981160" total="37224448" percent="59">
      <mem type="allocate" free="21981160" total="27787264" percent="79" />
      <mem type="survivor" free="0" total="9437184" percent="0" />
    </mem>
    <mem type="tenure" free="12485504" total="45481984" percent="27">
      <mem type="soa" free="10211200" total="43207680" percent="23" />
      <mem type="loa" free="2274304" total="2274304" percent="100" />
    </mem>
    <pending-finalizers system="19" default="0" reference="293" classloader="0" />
    <remembered-set count="13799" />
  </mem-info>
</gc-end>
<cycle-end id="1566" type="scavenge" contextid="1560" timestamp="2025-12-16T21:21:41.560" />
<allocation-satisfied id="1567" threadId="0000000000873300" bytesRequested="80" />
<af-end id="1568" timestamp="2025-12-16T21:21:41.562" threadId="0000000000873D78" success="true" from="nursery"/>
<exclusive-end id="1569" timestamp="2025-12-16T21:21:41.563" durationms="21.730" />

<exclusive-start id="1570" timestamp="2025-12-16T21:21:41.734" intervalms="192.745">
  <response-info timems="0.096" idlems="0.064" threads="1" lastid="0000000000863D00" lastname="Default Executor-thread-2" />
</exclusive-start>
<af-start id="1571" threadId="00000000011E6F78" totalBytesRequested="3072" timestamp="2025-12-16T21:21:41.735" intervalms="192.166" type="nursery" />
<cycle-start id="1572" type="scavenge" contextid="0" timestamp="2025-12-16T21:21:41.735" intervalms="191.810" />
<gc-start id="1573" type="scavenge" contextid="1572" timestamp="2025-12-16T21:21:41.736">
  <mem-info id="1574" free="12353280" total="82706432" percent="14">
    <mem type="nursery" free="0" total="37224448" percent="0">
      <mem type="allocate" free="0" total="27787264" percent="0" />
      <mem type="survivor" free="0" total="9437184" percent="0" />
    </mem>
    <mem type="tenure" free="12353280" total="45481984" percent="27">
      <mem type="soa" free="10078976" total="43207680" percent="23" />
      <mem type="loa" free="2274304" total="2274304" percent="100" />
    </mem>
    <remembered-set count="15827" />
  </mem-info>
</gc-start>
<allocation-stats totalBytes="22025728" discardedBytes="85552" >
  <allocated-bytes non-tlh="171184" tlh="21854544" />
  <largest-consumer threadName="Default Executor-thread-2" threadId="0000000000863D00" bytes="6102736" />
</allocation-stats>
<gc-op id="1575" type="scavenge" timems="10.226" contextid="1572" timestamp="2025-12-16T21:21:41.748">
  <scavenger-info tenureage="9" tenuremask="7200" tiltratio="74" />
  <memory-copied type="nursery" objects="104123" bytes="5669592" bytesdiscarded="157552" />
  <memory-copied type="tenure" objects="23671" bytes="788488" bytesdiscarded="344" />
  <finalization candidates="14" enqueued="11" />
  <ownableSynchronizers candidates="2329" cleared="54" />
  <references type="soft" candidates="2226" cleared="0" enqueued="0" dynamicThreshold="9" maxThreshold="32" />
  <references type="weak" candidates="2041" cleared="484" enqueued="465" />
  <references type="phantom" candidates="374" cleared="5" enqueued="5" />
  <object-monitors candidates="130" cleared="28"  />
</gc-op>
<heap-resize id="1576" type="expand" space="nursery" amount="1441792" count="1" timems="0.059" reason="excessive time being spent scavenging" timestamp="2025-12-16T21:21:41.749" />
<gc-end id="1577" type="scavenge" contextid="1572" durationms="14.271" usertimems="45.158" systemtimems="4.925" stalltimems="26.757" timestamp="2025-12-16T21:21:41.751" activeThreads="8">
  <mem-info id="1578" free="34444184" total="84148224" percent="40">
    <mem type="nursery" free="23451104" total="38666240" percent="60">
      <mem type="allocate" free="23451104" total="29294592" percent="80" />
      <mem type="survivor" free="0" total="9371648" percent="0" />
    </mem>
    <mem type="tenure" free="10993080" total="45481984" percent="24">
      <mem type="soa" free="8718776" total="43207680" percent="20" />
      <mem type="loa" free="2274304" total="2274304" percent="100" />
    </mem>
    <pending-finalizers system="11" default="0" reference="470" classloader="0" />
    <remembered-set count="11820" />
  </mem-info>
</gc-end>
<cycle-end id="1579" type="scavenge" contextid="1572" timestamp="2025-12-16T21:21:41.752" />
<allocation-satisfied id="1580" threadId="00000000011E6500" bytesRequested="3072" />
<af-end id="1581" timestamp="2025-12-16T21:21:41.753" threadId="00000000011E6F78" success="true" from="nursery"/>
<exclusive-end id="1582" timestamp="2025-12-16T21:21:41.754" durationms="20.653" />

<exclusive-start id="1583" timestamp="2025-12-16T21:21:42.487" intervalms="753.672">
  <response-info timems="0.075" idlems="0.075" threads="0" lastid="000000000086F700" lastname="Default Executor-thread-4" />
</exclusive-start>
<af-start id="1584" threadId="0000000000870178" totalBytesRequested="8200" timestamp="2025-12-16T21:21:42.488" intervalms="753.902" type="nursery" />
<cycle-start id="1585" type="scavenge" contextid="0" timestamp="2025-12-16T21:21:42.490" intervalms="754.463" />
<gc-start id="1586" type="scavenge" contextid="1585" timestamp="2025-12-16T21:21:42.492">
  <mem-info id="1587" free="10817320" total="84148224" percent="12">
    <mem type="nursery" free="0" total="38666240" percent="0">
      <mem type="allocate" free="0" total="29294592" percent="0" />
      <mem type="survivor" free="0" total="9371648" percent="0" />
    </mem>
    <mem type="tenure" free="10817320" total="45481984" percent="23">
      <mem type="soa" free="8543016" total="43207680" percent="19" />
      <mem type="loa" free="2274304" total="2274304" percent="100" />
    </mem>
    <remembered-set count="14684" />
  </mem-info>
</gc-start>
<allocation-stats totalBytes="23602568" discardedBytes="24296" >
  <allocated-bytes non-tlh="428736" tlh="23173832" />
  <largest-consumer threadName="Default Executor-thread-2" threadId="0000000000863D00" bytes="11807936" />
</allocation-stats>
<gc-op id="1588" type="scavenge" timems="9.559" contextid="1585" timestamp="2025-12-16T21:21:42.504">
  <scavenger-info tenureage="12" tenuremask="7000" tiltratio="75" />
  <memory-copied type="nursery" objects="113957" bytes="6197560" bytesdiscarded="109168" />
  <finalization candidates="21" enqueued="18" />
  <ownableSynchronizers candidates="1915" cleared="12" />
  <references type="soft" candidates="2500" cleared="0" enqueued="0" dynamicThreshold="9" maxThreshold="32" />
  <references type="weak" candidates="2971" cleared="1219" enqueued="1200" />
  <references type="phantom" candidates="379" cleared="3" enqueued="3" />
  <object-monitors candidates="158" cleared="43"  />
</gc-op>
<gc-end id="1589" type="scavenge" contextid="1585" durationms="13.683" usertimems="41.353" systemtimems="5.099" stalltimems="29.725" timestamp="2025-12-16T21:21:42.506" activeThreads="8">
  <mem-info id="1590" free="34314032" total="84148224" percent="40">
    <mem type="nursery" free="23496712" total="38666240" percent="60">
      <mem type="allocate" free="23496712" total="29818880" percent="78" />
      <mem type="survivor" free="0" total="8847360" percent="0" />
    </mem>
    <mem type="tenure" free="10817320" total="45481984" percent="23">
      <mem type="soa" free="8543016" total="43207680" percent="19" />
      <mem type="loa" free="2274304" total="2274304" percent="100" />
    </mem>
    <pending-finalizers system="18" default="0" reference="1203" classloader="0" />
    <remembered-set count="8755" />
  </mem-info>
</gc-end>
<cycle-end id="1591" type="scavenge" contextid="1585" timestamp="2025-12-16T21:21:42.507" />
<allocation-satisfied id="1592" threadId="000000000086F700" bytesRequested="8200" />
<af-end id="1593" timestamp="2025-12-16T21:21:42.510" threadId="0000000000870178" success="true" from="nursery"/>
<exclusive-end id="1594" timestamp="2025-12-16T21:21:42.511" durationms="23.322" />

<exclusive-start id="1595" timestamp="2025-12-16T21:21:42.738" intervalms="250.265">
  <response-info timems="0.083" idlems="0.083" threads="0" lastid="000000000086F700" lastname="Default Executor-thread-4" />
</exclusive-start>
<af-start id="1596" threadId="0000000000870178" totalBytesRequested="7736" timestamp="2025-12-16T21:21:42.739" intervalms="250.140" type="nursery" />
<cycle-start id="1597" type="scavenge" contextid="0" timestamp="2025-12-16T21:21:42.740" intervalms="249.633" />
<gc-start id="1598" type="scavenge" contextid="1597" timestamp="2025-12-16T21:21:42.741">
  <mem-info id="1599" free="10623112" total="84148224" percent="12">
    <mem type="nursery" free="0" total="38666240" percent="0">
      <mem type="allocate" free="0" total="29818880" percent="0" />
      <mem type="survivor" free="0" total="8847360" percent="0" />
    </mem>
    <mem type="tenure" free="10623112" total="45481984" percent="23">
      <mem type="soa" free="8348808" total="43207680" percent="19" />
      <mem type="loa" free="2274304" total="2274304" percent="100" />
    </mem>
    <remembered-set count="12272" />
  </mem-info>
</gc-start>
<allocation-stats totalBytes="23432960" discardedBytes="257960" >
  <allocated-bytes non-tlh="915848" tlh="22517112" />
  <largest-consumer threadName="Default Executor-thread-4" threadId="000000000086F700" bytes="14467696" />
</allocation-stats>
<gc-op id="1600" type="scavenge" timems="9.789" contextid="1597" timestamp="2025-12-16T21:21:42.752">
  <scavenger-info tenureage="3" tenuremask="7088" tiltratio="77" />
  <memory-copied type="nursery" objects="82407" bytes="4746848" bytesdiscarded="134144" />
  <memory-copied type="tenure" objects="42623" bytes="2308160" bytesdiscarded="1584" />
  <finalization candidates="62" enqueued="59" />
  <ownableSynchronizers candidates="1999" cleared="10" />
  <references type="soft" candidates="1695" cleared="0" enqueued="0" dynamicThreshold="9" maxThreshold="32" />
  <references type="weak" candidates="1638" cleared="532" enqueued="529" />
  <references type="phantom" candidates="250" cleared="25" enqueued="25" />
  <object-monitors candidates="139" cleared="21"  />
</gc-op>
<gc-end id="1601" type="scavenge" contextid="1597" durationms="12.773" usertimems="45.129" systemtimems="5.113" stalltimems="18.709" timestamp="2025-12-16T21:21:42.753" activeThreads="7">
  <mem-info id="1602" free="33284072" total="84148224" percent="39">
    <mem type="nursery" free="25123024" total="38666240" percent="64">
      <mem type="allocate" free="25123024" total="30015488" percent="83" />
      <mem type="survivor" free="0" total="8650752" percent="0" />
    </mem>
    <mem type="tenure" free="8161048" total="45481984" percent="17">
      <mem type="soa" free="5886744" total="43207680" percent="13" />
      <mem type="loa" free="2274304" total="2274304" percent="100" />
    </mem>
    <pending-finalizers system="59" default="0" reference="554" classloader="0" />
    <remembered-set count="8548" />
  </mem-info>
</gc-end>
<cycle-end id="1603" type="scavenge" contextid="1597" timestamp="2025-12-16T21:21:42.754" />
<allocation-satisfied id="1604" threadId="000000000086F700" bytesRequested="7736" />
<af-end id="1605" timestamp="2025-12-16T21:21:42.756" threadId="0000000000870178" success="true" from="nursery"/>
<exclusive-end id="1606" timestamp="2025-12-16T21:21:42.757" durationms="19.320" />

<exclusive-start id="1607" timestamp="2025-12-16T21:21:43.292" intervalms="554.541">
  <response-info timems="0.064" idlems="0.064" threads="0" lastid="0000000000863D00" lastname="Default Executor-thread-2" />
</exclusive-start>
<af-start id="1608" threadId="0000000000864778" totalBytesRequested="6880" timestamp="2025-12-16T21:21:43.293" intervalms="554.478" type="nursery" />
<cycle-start id="1609" type="scavenge" contextid="0" timestamp="2025-12-16T21:21:43.294" intervalms="554.438" />
<gc-start id="1610" type="scavenge" contextid="1609" timestamp="2025-12-16T21:21:43.295">
  <mem-info id="1611" free="7900520" total="84148224" percent="9">
    <mem type="nursery" free="0" total="38666240" percent="0">
      <mem type="allocate" free="0" total="30015488" percent="0" />
      <mem type="survivor" free="0" total="8650752" percent="0" />
    </mem>
    <mem type="tenure" free="7900520" total="45481984" percent="17">
      <mem type="soa" free="5626216" total="43207680" percent="13" />
      <mem type="loa" free="2274304" total="2274304" percent="100" />
    </mem>
    <remembered-set count="12878" />
  </mem-info>
</gc-start>
<allocation-stats totalBytes="25343368" discardedBytes="40184" >
  <allocated-bytes non-tlh="268264" tlh="25075104" />
  <largest-consumer threadName="Default Executor-thread-4" threadId="000000000086F700" bytes="13773896" />
</allocation-stats>
<gc-op id="1612" type="scavenge" timems="8.502" contextid="1609" timestamp="2025-12-16T21:21:43.305">
  <scavenger-info tenureage="12" tenuremask="7000" tiltratio="77" />
  <memory-copied type="nursery" objects="100888" bytes="5641064" bytesdiscarded="167568" />
  <finalization candidates="130" enqueued="126" />
  <ownableSynchronizers candidates="1198" cleared="12" />
  <references type="soft" candidates="2378" cleared="0" enqueued="0" dynamicThreshold="9" maxThreshold="32" />
  <references type="weak" candidates="2315" cleared="865" enqueued="842" />
  <references type="phantom" candidates="299" cleared="60" enqueued="60" />
  <object-monitors candidates="118" cleared="0"  />
</gc-op>
<gc-end id="1613" type="scavenge" contextid="1609" durationms="18.001" usertimems="34.562" systemtimems="4.366" stalltimems="21.258" timestamp="2025-12-16T21:21:43.313" activeThreads="7">
  <mem-info id="1614" free="32224752" total="84148224" percent="38">
    <mem type="nursery" free="24324232" total="38666240" percent="62">
      <mem type="allocate" free="24324232" total="30146560" percent="80" />
      <mem type="survivor" free="0" total="8519680" percent="0" />
    </mem>
    <mem type="tenure" free="7900520" total="45481984" percent="17">
      <mem type="soa" free="5626216" total="43207680" percent="13" />
      <mem type="loa" free="2274304" total="2274304" percent="100" />
    </mem>
    <pending-finalizers system="123" default="3" reference="902" classloader="0" />
    <remembered-set count="10405" />
  </mem-info>
</gc-end>
<cycle-end id="1615" type="scavenge" contextid="1609" timestamp="2025-12-16T21:21:43.314" />
<allocation-satisfied id="1616" threadId="0000000000863D00" bytesRequested="6880" />
<af-end id="1617" timestamp="2025-12-16T21:21:43.316" threadId="0000000000864778" success="true" from="nursery"/>
<exclusive-end id="1618" timestamp="2025-12-16T21:21:43.317" durationms="24.558" />

<exclusive-start id="1619" timestamp="2025-12-16T21:21:43.784" intervalms="491.748">
  <response-info timems="0.113" idlems="0.113" threads="0" lastid="0000000000863D00" lastname="Default Executor-thread-2" />
</exclusive-start>
<af-start id="1620" threadId="0000000000864778" totalBytesRequested="21296" timestamp="2025-12-16T21:21:43.785" intervalms="491.735" type="nursery" />
<cycle-start id="1621" type="scavenge" contextid="0" timestamp="2025-12-16T21:21:43.786" intervalms="491.703" />
<gc-start id="1622" type="scavenge" contextid="1621" timestamp="2025-12-16T21:21:43.787">
  <mem-info id="1623" free="7887368" total="84148224" percent="9">
    <mem type="nursery" free="0" total="38666240" percent="0">
      <mem type="allocate" free="0" total="30146560" percent="0" />
      <mem type="survivor" free="0" total="8519680" percent="0" />
    </mem>
    <mem type="tenure" free="7887368" total="45481984" percent="17">
      <mem type="soa" free="5613064" total="43207680" percent="12" />
      <mem type="loa" free="2274304" total="2274304" percent="100" />
    </mem>
    <remembered-set count="10804" />
  </mem-info>
</gc-start>
<allocation-stats totalBytes="24316816" discardedBytes="20568" >
  <allocated-bytes non-tlh="20032" tlh="24296784" />
  <largest-consumer threadName="Default Executor-thread-2" threadId="0000000000863D00" bytes="23542480" />
</allocation-stats>
<gc-op id="1624" type="scavenge" timems="10.204" contextid="1621" timestamp="2025-12-16T21:21:43.799">
  <scavenger-info tenureage="12" tenuremask="7000" tiltratio="77" />
  <memory-copied type="nursery" objects="165866" bytes="8431512" bytesdiscarded="60608" />
  <memory-copied type="tenure" objects="1" bytes="56840" bytesdiscarded="0" />
  <copy-failed type="nursery" objects="1" bytes="56840" />
  <finalization candidates="93" enqueued="60" />
  <ownableSynchronizers candidates="1248" cleared="33" />
  <references type="soft" candidates="2416" cleared="0" enqueued="0" dynamicThreshold="9" maxThreshold="32" />
  <references type="weak" candidates="1624" cleared="130" enqueued="129" />
  <references type="phantom" candidates="272" cleared="3" enqueued="3" />
  <object-monitors candidates="118" cleared="0"  />
</gc-op>
<gc-end id="1625" type="scavenge" contextid="1621" durationms="13.099" usertimems="44.568" systemtimems="6.460" stalltimems="20.591" timestamp="2025-12-16T21:21:43.800" activeThreads="7">
  <mem-info id="1626" free="23898712" total="84148224" percent="28">
    <mem type="nursery" free="16068184" total="38666240" percent="41">
      <mem type="allocate" free="16068184" total="24576000" percent="65" />
      <mem type="survivor" free="0" total="14090240" percent="0" />
    </mem>
    <mem type="tenure" free="7830528" total="45481984" percent="17">
      <mem type="soa" free="5556224" total="43207680" percent="12" />
      <mem type="loa" free="2274304" total="2274304" percent="100" />
    </mem>
    <pending-finalizers system="4" default="56" reference="132" classloader="0" />
    <remembered-set count="8709" />
  </mem-info>
</gc-end>
<cycle-end id="1627" type="scavenge" contextid="1621" timestamp="2025-12-16T21:21:43.801" />
<allocation-satisfied id="1628" threadId="0000000000863D00" bytesRequested="21296" />
<af-end id="1629" timestamp="2025-12-16T21:21:43.803" threadId="0000000000864778" success="true" from="nursery"/>
<exclusive-end id="1630" timestamp="2025-12-16T21:21:43.804" durationms="20.000" />

<exclusive-start id="1631" timestamp="2025-12-16T21:21:44.045" intervalms="261.423">
  <response-info timems="0.091" idlems="0.091" threads="0" lastid="0000000000863D00" lastname="Default Executor-thread-2" />
</exclusive-start>
<af-start id="1632" threadId="0000000000864778" totalBytesRequested="40" timestamp="2025-12-16T21:21:44.046" intervalms="261.602" type="nursery" />
<cycle-start id="1633" type="scavenge" contextid="0" timestamp="2025-12-16T21:21:44.047" intervalms="261.637" />
<gc-start id="1634" type="scavenge" contextid="1633" timestamp="2025-12-16T21:21:44.048">
  <mem-info id="1635" free="7822856" total="84148224" percent="9">
    <mem type="nursery" free="0" total="38666240" percent="0">
      <mem type="allocate" free="0" total="24576000" percent="0" />
      <mem type="survivor" free="0" total="14090240" percent="0" />
    </mem>
    <mem type="tenure" free="7822856" total="45481984" percent="17">
      <mem type="soa" free="5548552" total="43207680" percent="12" />
      <mem type="loa" free="2274304" total="2274304" percent="100" />
    </mem>
    <remembered-set count="8869" />
  </mem-info>
</gc-start>
<allocation-stats totalBytes="16073896" discardedBytes="1960" >
  <allocated-bytes non-tlh="28968" tlh="16044928" />
  <largest-consumer threadName="Default Executor-thread-2" threadId="0000000000863D00" bytes="15807656" />
</allocation-stats>
<gc-op id="1636" type="scavenge" timems="16.367" contextid="1633" timestamp="2025-12-16T21:21:44.067">
  <scavenger-info tenureage="4" tenuremask="7a30" tiltratio="63" />
  <memory-copied type="nursery" objects="173649" bytes="7861304" bytesdiscarded="91040" />
  <memory-copied type="tenure" objects="30023" bytes="1971512" bytesdiscarded="1016" />
  <finalization candidates="88" enqueued="38" />
  <ownableSynchronizers candidates="1243" cleared="27" />
  <references type="soft" candidates="2036" cleared="0" enqueued="0" dynamicThreshold="9" maxThreshold="32" />
  <references type="weak" candidates="966" cleared="54" enqueued="54" />
  <references type="phantom" candidates="148" cleared="1" enqueued="1" />
  <object-monitors candidates="118" cleared="0"  />
</gc-op>
<heap-resize id="1637" type="expand" space="nursery" amount="1572864" count="1" timems="0.060" reason="excessive time being spent scavenging" timestamp="2025-12-16T21:21:44.068" />
<gc-end id="1638" type="scavenge" contextid="1633" durationms="20.684" usertimems="76.712" systemtimems="2.152" stalltimems="26.296" timestamp="2025-12-16T21:21:44.069" activeThreads="7">
  <mem-info id="1639" free="24013576" total="85721088" percent="28">
    <mem type="nursery" free="18315680" total="40239104" percent="45">
      <mem type="allocate" free="18315680" total="26279936" percent="69" />
      <mem type="survivor" free="0" total="13959168" percent="0" />
    </mem>
    <mem type="tenure" free="5697896" total="45481984" percent="12">
      <mem type="soa" free="3423592" total="43207680" percent="7" />
      <mem type="loa" free="2274304" total="2274304" percent="100" />
    </mem>
    <pending-finalizers system="2" default="36" reference="55" classloader="0" />
    <remembered-set count="4164" />
  </mem-info>
</gc-end>
<cycle-end id="1640" type="scavenge" contextid="1633" timestamp="2025-12-16T21:21:44.070" />
<allocation-satisfied id="1641" threadId="0000000000863D00" bytesRequested="40" />
<af-end id="1642" timestamp="2025-12-16T21:21:44.072" threadId="0000000000864778" success="true" from="nursery"/>
<exclusive-end id="1643" timestamp="2025-12-16T21:21:44.073" durationms="27.701" />

<concurrent-kickoff id="1644" timestamp="2025-12-16T21:21:44.207">
  <kickoff reason="threshold reached" targetBytes="20915865" thresholdFreeBytes="2899658"  remainingFree="2472352" tenureFreeBytes="5691352" nurseryFreeBytes="2472352" />
</concurrent-kickoff>
<exclusive-start id="1645" timestamp="2025-12-16T21:21:44.209" intervalms="163.702">
  <response-info timems="0.063" idlems="0.063" threads="0" lastid="0000000000863D00" lastname="Default Executor-thread-2" />
</exclusive-start>
<cycle-start id="1646" type="global" contextid="0" timestamp="2025-12-16T21:21:44.210" intervalms="2983.457" />
<concurrent-start id="1647" type="global mark" contextid="1646" timestamp="2025-12-16T21:21:44.211">
</concurrent-start>
<exclusive-end id="1648" timestamp="2025-12-16T21:21:44.212" durationms="2.961" />

<exclusive-start id="1649" timestamp="2025-12-16T21:21:44.293" intervalms="84.118">
  <response-info timems="0.104" idlems="0.104" threads="0" lastid="0000000000863D00" lastname="Default Executor-thread-2" />
</exclusive-start>
<af-start id="1650" threadId="0000000000864778" totalBytesRequested="46704" timestamp="2025-12-16T21:21:44.294" intervalms="247.982" type="nursery" />
<percolate-collect id="1651" from="nursery" to="global" reason="concurrent mark exhausted" timestamp="2025-12-16T21:21:44.295"/>
<concurrent-end id="1652" type="global mark" contextid="1646" timestamp="2025-12-16T21:21:44.296">
<gc-op id="1653" type="trace" timems="81.956" contextid="1646" timestamp="2025-12-16T21:21:44.296">
  <trace bytesTraced="24947800" workStackOverflowCount="0" />
  <card-cleaning reason="card cleaning threshold reached" bytesTraced="45684" cardsCleaned="154" />
</gc-op>
</concurrent-end>

<gc-start id="1654" type="global" contextid="1646" timestamp="2025-12-16T21:21:44.299">
  <mem-info id="1655" free="5663984" total="85721088" percent="6">
    <mem type="nursery" free="0" total="40239104" percent="0">
      <mem type="allocate" free="0" total="26279936" percent="0" />
      <mem type="survivor" free="0" total="13959168" percent="0" />
    </mem>
    <mem type="tenure" free="5663984" total="45481984" percent="12">
      <mem type="soa" free="3389680" total="43207680" percent="7" />
      <mem type="loa" free="2274304" total="2274304" percent="100" />
    </mem>
    <remembered-set count="4750" />
  </mem-info>
</gc-start>
<allocation-stats totalBytes="18309752" discardedBytes="39840" >
  <allocated-bytes non-tlh="33952" tlh="18275800" />
  <largest-consumer threadName="Default Executor-thread-2" threadId="0000000000863D00" bytes="18297464" />
</allocation-stats>
<concurrent-halted id="1656" timestamp="2025-12-16T21:21:44.300">
  <halted state="Complete" status="exhausted" />
  <traced bytesTarget="20915865" bytesTotal="24993484" bytesByMutator="5200080" bytesByHelper="19793404" percent="119" />
  <cards cleaned="154" thresholdBytes="1142289" />
</concurrent-halted>
<gc-op id="1657" type="rs-scan" timems="8.411" contextid="1646" timestamp="2025-12-16T21:21:44.310">
  <scan objectsFound="132203" bytesTraced="4502872" workStackOverflowCount="0" />
</gc-op>
<gc-op id="1658" type="card-cleaning" timems="3.457" contextid="1646" timestamp="2025-12-16T21:21:44.314">
  <card-cleaning cardsCleaned="6" bytesTraced="622348" workStackOverflowCount="0" />
</gc-op>
<gc-op id="1659" type="mark" timems="27.981" contextid="1646" timestamp="2025-12-16T21:21:44.343">
  <trace-info objectcount="15680" scancount="13948" scanbytes="439364" />
  <finalization candidates="866" enqueued="94" />
  <ownableSynchronizers candidates="8339" cleared="9" />
  <references type="soft" candidates="11824" cleared="352" enqueued="344" dynamicThreshold="9" maxThreshold="32" />
  <references type="weak" candidates="13759" cleared="102" enqueued="102" />
  <references type="phantom" candidates="450" cleared="1" enqueued="1" />
  <stringconstants candidates="37116" cleared="132"  />
  <object-monitors candidates="118" cleared="26"  />
</gc-op>
<gc-op id="1660" type="classunload" timems="1.920" contextid="1646" timestamp="2025-12-16T21:21:44.346">
  <classunload-info classloadercandidates="399" classloadersunloaded="0" classesunloaded="10" anonymousclassesunloaded="10" quiescems="0.000" setupms="1.873" scanms="0.046" postms="0.000" />
</gc-op>
<gc-op id="1661" type="sweep" timems="5.575" contextid="1646" timestamp="2025-12-16T21:21:44.352" />
<heap-resize id="1662" type="expand" space="tenure" amount="9306112" count="1" timems="3.120" reason="insufficient free space following gc" timestamp="2025-12-16T21:21:44.356" />
<gc-end id="1663" type="global" contextid="1646" durationms="58.477" usertimems="136.189" systemtimems="50.283" stalltimems="542.513" timestamp="2025-12-16T21:21:44.357" activeThreads="20">
  <mem-info id="1664" free="34236776" total="95027200" percent="36">
    <mem type="nursery" free="17771904" total="40239104" percent="44">
      <mem type="allocate" free="17771904" total="26279936" percent="67" />
      <mem type="survivor" free="0" total="13959168" percent="0" />
    </mem>
    <mem type="tenure" free="16464872" total="54788096" percent="30" micro-fragmented="1250582" macro-fragmented="0">
      <mem type="soa" free="13724648" total="52047872" percent="26" />
      <mem type="loa" free="2740224" total="2740224" percent="100" />
    </mem>
    <pending-finalizers system="2" default="92" reference="447" classloader="0" />
    <remembered-set count="4298" />
  </mem-info>
</gc-end>
<cycle-end id="1665" type="global" contextid="1646" timestamp="2025-12-16T21:21:44.358" />
<allocation-satisfied id="1666" threadId="0000000000863D00" bytesRequested="46704" />
<af-end id="1667" timestamp="2025-12-16T21:21:44.359" threadId="0000000000864778" success="true" from="nursery"/>
<exclusive-end id="1668" timestamp="2025-12-16T21:21:44.360" durationms="66.798" />

<exclusive-start id="1669" timestamp="2025-12-16T21:21:44.491" intervalms="197.776">
  <response-info timems="0.069" idlems="0.069" threads="0" lastid="0000000000863D00" lastname="Default Executor-thread-2" />
</exclusive-start>
<af-start id="1670" threadId="0000000000864778" totalBytesRequested="482208" timestamp="2025-12-16T21:21:44.492" intervalms="197.408" type="nursery" />
<cycle-start id="1671" type="scavenge" contextid="0" timestamp="2025-12-16T21:21:44.493" intervalms="445.405" />
<gc-start id="1672" type="scavenge" contextid="1671" timestamp="2025-12-16T21:21:44.494">
  <mem-info id="1673" free="18421912" total="95027200" percent="19">
    <mem type="nursery" free="1985336" total="40239104" percent="4">
      <mem type="allocate" free="1985336" total="26279936" percent="7" />
      <mem type="survivor" free="0" total="13959168" percent="0" />
    </mem>
    <mem type="tenure" free="16436576" total="54788096" percent="30">
      <mem type="soa" free="13696352" total="52047872" percent="26" />
      <mem type="loa" free="2740224" total="2740224" percent="100" />
    </mem>
    <remembered-set count="5597" />
  </mem-info>
</gc-start>
<allocation-stats totalBytes="15738760" discardedBytes="62456" >
  <allocated-bytes non-tlh="1631152" tlh="14107608" />
  <largest-consumer threadName="Default Executor-thread-2" threadId="0000000000863D00" bytes="15681888" />
</allocation-stats>
<gc-op id="1674" type="scavenge" timems="10.366" contextid="1671" timestamp="2025-12-16T21:21:44.506">
  <scavenger-info tenureage="8" tenuremask="7900" tiltratio="65" />
  <memory-copied type="nursery" objects="138645" bytes="7497816" bytesdiscarded="87648" />
  <memory-copied type="tenure" objects="22751" bytes="941800" bytesdiscarded="6072" />
  <finalization candidates="143" enqueued="95" />
  <ownableSynchronizers candidates="16678" cleared="15639" />
  <references type="soft" candidates="1572" cleared="0" enqueued="0" dynamicThreshold="9" maxThreshold="32" />
  <references type="weak" candidates="892" cleared="119" enqueued="119" />
  <references type="phantom" candidates="199" cleared="1" enqueued="1" />
  <object-monitors candidates="92" cleared="3"  />
</gc-op>
<gc-end id="1675" type="scavenge" contextid="1671" durationms="13.238" usertimems="45.361" systemtimems="5.370" stalltimems="33.070" timestamp="2025-12-16T21:21:44.507" activeThreads="8">
  <mem-info id="1676" free="35096592" total="95027200" percent="36">
    <mem type="nursery" free="19991736" total="40239104" percent="49">
      <mem type="allocate" free="19991736" total="27590656" percent="72" />
      <mem type="survivor" free="0" total="12648448" percent="0" />
    </mem>
    <mem type="tenure" free="15104856" total="54788096" percent="27">
      <mem type="soa" free="12364632" total="52047872" percent="23" />
      <mem type="loa" free="2740224" total="2740224" percent="100" />
    </mem>
    <pending-finalizers system="3" default="92" reference="120" classloader="0" />
    <remembered-set count="4384" />
  </mem-info>
</gc-end>
<cycle-end id="1677" type="scavenge" contextid="1671" timestamp="2025-12-16T21:21:44.508" />
<allocation-satisfied id="1678" threadId="0000000000863D00" bytesRequested="482208" />
<af-end id="1679" timestamp="2025-12-16T21:21:44.510" threadId="0000000000864778" success="true" from="nursery"/>
<exclusive-end id="1680" timestamp="2025-12-16T21:21:44.511" durationms="19.871" />

<exclusive-start id="1681" timestamp="2025-12-16T21:21:44.819" intervalms="327.548">
  <response-info timems="0.066" idlems="0.066" threads="0" lastid="0000000000863D00" lastname="Default Executor-thread-2" />
</exclusive-start>
<af-start id="1682" threadId="0000000000864778" totalBytesRequested="1040" timestamp="2025-12-16T21:21:44.820" intervalms="327.799" type="nursery" />
<cycle-start id="1683" type="scavenge" contextid="0" timestamp="2025-12-16T21:21:44.821" intervalms="327.963" />
<gc-start id="1684" type="scavenge" contextid="1683" timestamp="2025-12-16T21:21:44.822">
  <mem-info id="1685" free="14951024" total="95027200" percent="15">
    <mem type="nursery" free="0" total="40239104" percent="0">
      <mem type="allocate" free="0" total="27590656" percent="0" />
      <mem type="survivor" free="0" total="12648448" percent="0" />
    </mem>
    <mem type="tenure" free="14951024" total="54788096" percent="27">
      <mem type="soa" free="12210800" total="52047872" percent="23" />
      <mem type="loa" free="2740224" total="2740224" percent="100" />
    </mem>
    <remembered-set count="6858" />
  </mem-info>
</gc-start>
<allocation-stats totalBytes="20131736" discardedBytes="6544" >
  <allocated-bytes non-tlh="636952" tlh="19494784" />
  <largest-consumer threadName="Default Executor-thread-2" threadId="0000000000863D00" bytes="19873752" />
</allocation-stats>
<gc-op id="1686" type="scavenge" timems="12.230" contextid="1683" timestamp="2025-12-16T21:21:44.836">
  <scavenger-info tenureage="10" tenuremask="7c00" tiltratio="68" />
  <memory-copied type="nursery" objects="142350" bytes="8319280" bytesdiscarded="163200" />
  <memory-copied type="tenure" objects="13929" bytes="538280" bytesdiscarded="152" />
  <finalization candidates="70" enqueued="22" />
  <ownableSynchronizers candidates="642" cleared="24" />
  <references type="soft" candidates="1979" cleared="0" enqueued="0" dynamicThreshold="9" maxThreshold="32" />
  <references type="weak" candidates="2231" cleared="653" enqueued="652" />
  <references type="phantom" candidates="228" cleared="12" enqueued="12" />
  <object-monitors candidates="89" cleared="0"  />
</gc-op>
<gc-end id="1687" type="scavenge" contextid="1683" durationms="15.246" usertimems="38.851" systemtimems="15.564" stalltimems="26.303" timestamp="2025-12-16T21:21:44.837" activeThreads="8">
  <mem-info id="1688" free="33911808" total="95027200" percent="35">
    <mem type="nursery" free="20149800" total="40239104" percent="50">
      <mem type="allocate" free="20149800" total="28639232" percent="70" />
      <mem type="survivor" free="0" total="11599872" percent="0" />
    </mem>
    <mem type="tenure" free="13762008" total="54788096" percent="25">
      <mem type="soa" free="11021784" total="52047872" percent="21" />
      <mem type="loa" free="2740224" total="2740224" percent="100" />
    </mem>
    <pending-finalizers system="22" default="0" reference="664" classloader="0" />
    <remembered-set count="5138" />
  </mem-info>
</gc-end>
<cycle-end id="1689" type="scavenge" contextid="1683" timestamp="2025-12-16T21:21:44.838" />
<allocation-satisfied id="1690" threadId="0000000000863D00" bytesRequested="1040" />
<af-end id="1691" timestamp="2025-12-16T21:21:44.840" threadId="0000000000864778" success="true" from="nursery"/>
<exclusive-end id="1692" timestamp="2025-12-16T21:21:44.841" durationms="22.176" />

<exclusive-start id="1693" timestamp="2025-12-16T21:21:45.168" intervalms="349.501">
  <response-info timems="0.212" idlems="0.169" threads="2" lastid="0000000000863D00" lastname="Default Executor-thread-2" />
</exclusive-start>
<af-start id="1694" threadId="0000000000870178" totalBytesRequested="80" timestamp="2025-12-16T21:21:45.169" intervalms="349.329" type="nursery" />
<cycle-start id="1695" type="scavenge" contextid="0" timestamp="2025-12-16T21:21:45.170" intervalms="349.115" />
<gc-start id="1696" type="scavenge" contextid="1695" timestamp="2025-12-16T21:21:45.172">
  <mem-info id="1697" free="13655080" total="95027200" percent="14">
    <mem type="nursery" free="0" total="40239104" percent="0">
      <mem type="allocate" free="0" total="28639232" percent="0" />
      <mem type="survivor" free="0" total="11599872" percent="0" />
    </mem>
    <mem type="tenure" free="13655080" total="54788096" percent="24">
      <mem type="soa" free="10914856" total="52047872" percent="20" />
      <mem type="loa" free="2740224" total="2740224" percent="100" />
    </mem>
    <remembered-set count="6894" />
  </mem-info>
</gc-start>
<allocation-stats totalBytes="20124368" discardedBytes="132360" >
  <allocated-bytes non-tlh="410072" tlh="19714296" />
  <largest-consumer threadName="Default Executor-thread-2" threadId="0000000000863D00" bytes="12208376" />
</allocation-stats>
<gc-op id="1698" type="scavenge" timems="13.376" contextid="1695" timestamp="2025-12-16T21:21:45.187">
  <scavenger-info tenureage="3" tenuremask="7818" tiltratio="71" />
  <memory-copied type="nursery" objects="84047" bytes="6432584" bytesdiscarded="295632" />
  <memory-copied type="tenure" objects="84276" bytes="3552528" bytesdiscarded="2760" />
  <finalization candidates="131" enqueued="63" />
  <ownableSynchronizers candidates="547" cleared="120" />
  <references type="soft" candidates="2081" cleared="0" enqueued="0" dynamicThreshold="9" maxThreshold="32" />
  <references type="weak" candidates="2289" cleared="578" enqueued="566" />
  <references type="phantom" candidates="303" cleared="45" enqueued="45" />
  <object-monitors candidates="102" cleared="12"  />
</gc-op>
<gc-end id="1699" type="scavenge" contextid="1695" durationms="16.273" usertimems="54.248" systemtimems="7.712" stalltimems="52.024" timestamp="2025-12-16T21:21:45.188" activeThreads="9">
  <mem-info id="1700" free="32222216" total="95027200" percent="33">
    <mem type="nursery" free="22101944" total="40239104" percent="54">
      <mem type="allocate" free="22101944" total="28835840" percent="76" />
      <mem type="survivor" free="0" total="11403264" percent="0" />
    </mem>
    <mem type="tenure" free="10120272" total="54788096" percent="18">
      <mem type="soa" free="7380048" total="52047872" percent="14" />
      <mem type="loa" free="2740224" total="2740224" percent="100" />
    </mem>
    <pending-finalizers system="31" default="32" reference="611" classloader="0" />
    <remembered-set count="5659" />
  </mem-info>
</gc-end>
<cycle-end id="1701" type="scavenge" contextid="1695" timestamp="2025-12-16T21:21:45.189" />
<allocation-satisfied id="1702" threadId="000000000086F700" bytesRequested="80" />
<af-end id="1703" timestamp="2025-12-16T21:21:45.190" threadId="0000000000870178" success="true" from="nursery"/>
<exclusive-end id="1704" timestamp="2025-12-16T21:21:45.191" durationms="22.815" />

<exclusive-start id="1705" timestamp="2025-12-16T21:21:45.251" intervalms="82.969">
  <response-info timems="0.119" idlems="0.088" threads="3" lastid="0000000000863D00" lastname="Default Executor-thread-2" />
</exclusive-start>
<af-start id="1706" threadId="00000000014BE478" totalBytesRequested="296" timestamp="2025-12-16T21:21:45.252" intervalms="83.246" type="nursery" />
<cycle-start id="1707" type="scavenge" contextid="0" timestamp="2025-12-16T21:21:45.253" intervalms="83.645" />
<gc-start id="1708" type="scavenge" contextid="1707" timestamp="2025-12-16T21:21:45.255">
  <mem-info id="1709" free="10117672" total="95027200" percent="10">
    <mem type="nursery" free="0" total="40239104" percent="0">
      <mem type="allocate" free="0" total="28835840" percent="0" />
      <mem type="survivor" free="0" total="11403264" percent="0" />
    </mem>
    <mem type="tenure" free="10117672" total="54788096" percent="18">
      <mem type="soa" free="7377448" total="52047872" percent="14" />
      <mem type="loa" free="2740224" total="2740224" percent="100" />
    </mem>
    <remembered-set count="5896" />
  </mem-info>
</gc-start>
<allocation-stats totalBytes="22033160" discardedBytes="71384" >
  <allocated-bytes non-tlh="304600" tlh="21728560" />
  <largest-consumer threadName="Default Executor-thread-4" threadId="000000000086F700" bytes="7015576" />
</allocation-stats>
<gc-op id="1710" type="scavenge" timems="7.941" contextid="1707" timestamp="2025-12-16T21:21:45.265">
  <scavenger-info tenureage="7" tenuremask="7880" tiltratio="71" />
  <memory-copied type="nursery" objects="98234" bytes="7649600" bytesdiscarded="233896" />
  <memory-copied type="tenure" objects="10502" bytes="766112" bytesdiscarded="128" />
  <finalization candidates="344" enqueued="319" />
  <ownableSynchronizers candidates="585" cleared="96" />
  <references type="soft" candidates="1641" cleared="0" enqueued="0" dynamicThreshold="9" maxThreshold="32" />
  <references type="weak" candidates="1662" cleared="54" enqueued="54" />
  <references type="phantom" candidates="267" cleared="3" enqueued="3" />
  <object-monitors candidates="92" cleared="0"  />
</gc-op>
<heap-resize id="1711" type="expand" space="nursery" amount="3145728" count="1" timems="0.170" reason="excessive time being spent scavenging" timestamp="2025-12-16T21:21:45.266" />
<gc-end id="1712" type="scavenge" contextid="1707" durationms="12.349" usertimems="39.314" systemtimems="0.000" stalltimems="24.494" timestamp="2025-12-16T21:21:45.267" activeThreads="8">
  <mem-info id="1713" free="32584584" total="98172928" percent="33">
    <mem type="nursery" free="23305840" total="43384832" percent="53">
      <mem type="allocate" free="23305840" total="31195136" percent="74" />
      <mem type="survivor" free="0" total="12189696" percent="0" />
    </mem>
    <mem type="tenure" free="9278744" total="54788096" percent="16">
      <mem type="soa" free="6538520" total="52047872" percent="12" />
      <mem type="loa" free="2740224" total="2740224" percent="100" />
    </mem>
    <pending-finalizers system="0" default="319" reference="57" classloader="0" />
    <remembered-set count="3893" />
  </mem-info>
</gc-end>
<cycle-end id="1714" type="scavenge" contextid="1707" timestamp="2025-12-16T21:21:45.268" />
<allocation-satisfied id="1715" threadId="00000000014BDA00" bytesRequested="296" />
<af-end id="1716" timestamp="2025-12-16T21:21:45.270" threadId="00000000014BE478" success="true" from="nursery"/>
<exclusive-end id="1717" timestamp="2025-12-16T21:21:45.271" durationms="19.849" />

<exclusive-start id="1718" timestamp="2025-12-16T21:21:45.311" intervalms="59.877">
  <response-info timems="0.138" idlems="0.093" threads="1" lastid="0000000000873300" lastname="Default Executor-thread-5" />
</exclusive-start>
<af-start id="1719" threadId="0000000000868478" totalBytesRequested="7544" timestamp="2025-12-16T21:21:45.312" intervalms="59.819" type="nursery" />
<cycle-start id="1720" type="scavenge" contextid="0" timestamp="2025-12-16T21:21:45.313" intervalms="59.422" />
<gc-start id="1721" type="scavenge" contextid="1720" timestamp="2025-12-16T21:21:45.314">
  <mem-info id="1722" free="9278440" total="98172928" percent="9">
    <mem type="nursery" free="0" total="43384832" percent="0">
      <mem type="allocate" free="0" total="31195136" percent="0" />
      <mem type="survivor" free="0" total="12189696" percent="0" />
    </mem>
    <mem type="tenure" free="9278440" total="54788096" percent="16">
      <mem type="soa" free="6538216" total="52047872" percent="12" />
      <mem type="loa" free="2740224" total="2740224" percent="100" />
    </mem>
    <remembered-set count="3982" />
  </mem-info>
</gc-start>
<allocation-stats totalBytes="23160128" discardedBytes="146016" >
  <allocated-bytes non-tlh="600" tlh="23159528" />
  <largest-consumer threadName="ClassloaderMapProcessingThread-9" threadId="00000000014BDA00" bytes="5352496" />
</allocation-stats>
<gc-op id="1723" type="scavenge" timems="9.883" contextid="1720" timestamp="2025-12-16T21:21:45.326">
  <scavenger-info tenureage="3" tenuremask="7808" tiltratio="71" />
  <memory-copied type="nursery" objects="86990" bytes="7984520" bytesdiscarded="262456" />
  <memory-copied type="tenure" objects="18840" bytes="1452832" bytesdiscarded="56" />
  <finalization candidates="469" enqueued="443" />
  <ownableSynchronizers candidates="460" cleared="28" />
  <references type="soft" candidates="960" cleared="0" enqueued="0" dynamicThreshold="9" maxThreshold="32" />
  <references type="weak" candidates="690" cleared="17" enqueued="17" />
  <references type="phantom" candidates="231" cleared="0" enqueued="0" />
  <object-monitors candidates="92" cleared="0"  />
</gc-op>
<heap-resize id="1724" type="expand" space="nursery" amount="4325376" count="1" timems="0.050" reason="excessive time being spent scavenging" timestamp="2025-12-16T21:21:45.327" />
<gc-end id="1725" type="scavenge" contextid="1720" durationms="13.780" usertimems="37.095" systemtimems="5.425" stalltimems="26.094" timestamp="2025-12-16T21:21:45.328" activeThreads="7">
  <mem-info id="1726" free="35684232" total="102498304" percent="34">
    <mem type="nursery" free="27858368" total="47710208" percent="58">
      <mem type="allocate" free="27858368" total="36110336" percent="77" />
      <mem type="survivor" free="0" total="11599872" percent="0" />
    </mem>
    <mem type="tenure" free="7825864" total="54788096" percent="14">
      <mem type="soa" free="5085640" total="52047872" percent="9" />
      <mem type="loa" free="2740224" total="2740224" percent="100" />
    </mem>
    <pending-finalizers system="0" default="443" reference="17" classloader="0" />
    <remembered-set count="2620" />
  </mem-info>
</gc-end>
<cycle-end id="1727" type="scavenge" contextid="1720" timestamp="2025-12-16T21:21:45.329" />
<allocation-satisfied id="1728" threadId="0000000000867A00" bytesRequested="7544" />
<af-end id="1729" timestamp="2025-12-16T21:21:45.331" threadId="0000000000868478" success="true" from="nursery"/>
<exclusive-end id="1730" timestamp="2025-12-16T21:21:45.332" durationms="20.660" />

<exclusive-start id="1731" timestamp="2025-12-16T21:21:45.375" intervalms="64.510">
  <response-info timems="0.090" idlems="0.070" threads="1" lastid="000000000086F700" lastname="Default Executor-thread-4" />
</exclusive-start>
<af-start id="1732" threadId="0000000000864778" totalBytesRequested="48" timestamp="2025-12-16T21:21:45.376" intervalms="64.321" type="nursery" />
<cycle-start id="1733" type="scavenge" contextid="0" timestamp="2025-12-16T21:21:45.379" intervalms="66.387" />
<gc-start id="1734" type="scavenge" contextid="1733" timestamp="2025-12-16T21:21:45.380">
  <mem-info id="1735" free="7821936" total="102498304" percent="7">
    <mem type="nursery" free="0" total="47710208" percent="0">
      <mem type="allocate" free="0" total="36110336" percent="0" />
      <mem type="survivor" free="0" total="11599872" percent="0" />
    </mem>
    <mem type="tenure" free="7821936" total="54788096" percent="14">
      <mem type="soa" free="5081712" total="52047872" percent="9" />
      <mem type="loa" free="2740224" total="2740224" percent="100" />
    </mem>
    <remembered-set count="2823" />
  </mem-info>
</gc-start>
<allocation-stats totalBytes="27600232" discardedBytes="262064" >
  <allocated-bytes non-tlh="756256" tlh="26843976" />
  <largest-consumer threadName="Default Executor-thread-6" threadId="0000000000883100" bytes="7154816" />
</allocation-stats>
<gc-op id="1736" type="scavenge" timems="12.313" contextid="1733" timestamp="2025-12-16T21:21:45.394">
  <scavenger-info tenureage="8" tenuremask="7900" tiltratio="75" />
  <memory-copied type="nursery" objects="96837" bytes="8121368" bytesdiscarded="301224" />
  <memory-copied type="tenure" objects="19698" bytes="747704" bytesdiscarded="160" />
  <finalization candidates="539" enqueued="515" />
  <ownableSynchronizers candidates="312" cleared="11" />
  <references type="soft" candidates="279" cleared="0" enqueued="0" dynamicThreshold="9" maxThreshold="32" />
  <references type="weak" candidates="358" cleared="17" enqueued="17" />
  <references type="phantom" candidates="232" cleared="8" enqueued="8" />
  <object-monitors candidates="92" cleared="0"  />
</gc-op>
<heap-resize id="1737" type="expand" space="nursery" amount="4980736" count="1" timems="0.058" reason="excessive time being spent scavenging" timestamp="2025-12-16T21:21:45.395" />
<gc-end id="1738" type="scavenge" contextid="1733" durationms="15.653" usertimems="37.403" systemtimems="19.242" stalltimems="18.449" timestamp="2025-12-16T21:21:45.396" activeThreads="7">
  <mem-info id="1739" free="39320096" total="107479040" percent="36">
    <mem type="nursery" free="32860544" total="52690944" percent="62">
      <mem type="allocate" free="32860544" total="41287680" percent="79" />
      <mem type="survivor" free="0" total="11403264" percent="0" />
    </mem>
    <mem type="tenure" free="6459552" total="54788096" percent="11">
      <mem type="soa" free="3719328" total="52047872" percent="7" />
      <mem type="loa" free="2740224" total="2740224" percent="100" />
    </mem>
    <pending-finalizers system="0" default="515" reference="25" classloader="0" />
    <remembered-set count="1609" />
  </mem-info>
</gc-end>
<cycle-end id="1740" type="scavenge" contextid="1733" timestamp="2025-12-16T21:21:45.397" />
<allocation-satisfied id="1741" threadId="0000000000863D00" bytesRequested="48" />
<af-end id="1742" timestamp="2025-12-16T21:21:45.399" threadId="0000000000864778" success="true" from="nursery"/>
<exclusive-end id="1743" timestamp="2025-12-16T21:21:45.400" durationms="24.267" />

<concurrent-kickoff id="1744" timestamp="2025-12-16T21:21:45.441">
  <kickoff reason="threshold reached" targetBytes="26150278" thresholdFreeBytes="3625627"  remainingFree="3525672" tenureFreeBytes="6459552" nurseryFreeBytes="3525672" />
</concurrent-kickoff>
<exclusive-start id="1745" timestamp="2025-12-16T21:21:45.442" intervalms="66.905">
  <response-info timems="0.071" idlems="0.056" threads="3" lastid="00000000014BDA00" lastname="ClassloaderMapProcessingThread-9" />
</exclusive-start>
<cycle-start id="1746" type="global" contextid="0" timestamp="2025-12-16T21:21:45.443" intervalms="1232.710" />
<concurrent-start id="1747" type="global mark" contextid="1746" timestamp="2025-12-16T21:21:45.444">
</concurrent-start>
<exclusive-end id="1748" timestamp="2025-12-16T21:21:45.444" durationms="2.177" />

<exclusive-start id="1749" timestamp="2025-12-16T21:21:45.469" intervalms="26.882">
  <response-info timems="0.316" idlems="0.242" threads="3" lastid="0000000000029600" lastname="JIT Compilation Thread-000" />
</exclusive-start>
<af-start id="1750" threadId="0000000000868478" totalBytesRequested="3264" timestamp="2025-12-16T21:21:45.470" intervalms="93.656" type="nursery" />
<cycle-start id="1751" type="scavenge" contextid="0" timestamp="2025-12-16T21:21:45.471" intervalms="91.713" />
<gc-start id="1752" type="scavenge" contextid="1751" timestamp="2025-12-16T21:21:45.472">
  <mem-info id="1753" free="6459552" total="107479040" percent="6">
    <mem type="nursery" free="0" total="52690944" percent="0">
      <mem type="allocate" free="0" total="41287680" percent="0" />
      <mem type="survivor" free="0" total="11403264" percent="0" />
    </mem>
    <mem type="tenure" free="6459552" total="54788096" percent="11">
      <mem type="soa" free="3719328" total="52047872" percent="7" />
      <mem type="loa" free="2740224" total="2740224" percent="100" />
    </mem>
    <remembered-set count="1656" />
  </mem-info>
</gc-start>
<allocation-stats totalBytes="32713840" discardedBytes="146704" >
  <allocated-bytes non-tlh="173408" tlh="32540432" />
  <largest-consumer threadName="Default Executor-thread-6" threadId="0000000000883100" bytes="6990512" />
</allocation-stats>
<gc-op id="1754" type="scavenge" timems="7.641" contextid="1751" timestamp="2025-12-16T21:21:45.481">
  <scavenger-info tenureage="11" tenuremask="7800" tiltratio="78" />
  <memory-copied type="nursery" objects="103291" bytes="9651216" bytesdiscarded="357072" />
  <finalization candidates="560" enqueued="536" />
  <ownableSynchronizers candidates="207" cleared="0" />
  <references type="soft" candidates="279" cleared="0" enqueued="0" dynamicThreshold="9" maxThreshold="32" />
  <references type="weak" candidates="347" cleared="4" enqueued="4" />
  <references type="phantom" candidates="227" cleared="0" enqueued="0" />
  <object-monitors candidates="92" cleared="0"  />
</gc-op>
<heap-resize id="1755" type="expand" space="nursery" amount="2883584" count="1" timems="0.208" reason="excessive time being spent scavenging" timestamp="2025-12-16T21:21:45.482" />
<gc-end id="1756" type="scavenge" contextid="1751" durationms="10.913" usertimems="29.620" systemtimems="7.687" stalltimems="24.385" timestamp="2025-12-16T21:21:45.483" activeThreads="8">
  <mem-info id="1757" free="38127936" total="110362624" percent="34">
    <mem type="nursery" free="31668384" total="55574528" percent="56">
      <mem type="allocate" free="31668384" total="41680896" percent="75" />
      <mem type="survivor" free="0" total="13893632" percent="0" />
    </mem>
    <mem type="tenure" free="6459552" total="54788096" percent="11">
      <mem type="soa" free="3719328" total="52047872" percent="7" />
      <mem type="loa" free="2740224" total="2740224" percent="100" />
    </mem>
    <pending-finalizers system="0" default="536" reference="4" classloader="0" />
    <remembered-set count="1611" />
  </mem-info>
</gc-end>
<cycle-end id="1758" type="scavenge" contextid="1751" timestamp="2025-12-16T21:21:45.484" />
<allocation-satisfied id="1759" threadId="0000000000867A00" bytesRequested="3264" />
<af-end id="1760" timestamp="2025-12-16T21:21:45.488" threadId="0000000000868478" success="true" from="nursery"/>
<exclusive-end id="1761" timestamp="2025-12-16T21:21:45.489" durationms="19.475" />

<concurrent-end id="1762" type="global mark" contextid="1746" timestamp="2025-12-16T21:21:45.493">
<gc-op id="1763" type="trace" timems="49.109" contextid="1746" timestamp="2025-12-16T21:21:45.493">
  <trace bytesTraced="29517920" workStackOverflowCount="0" />
  <card-cleaning reason="card cleaning threshold reached" bytesTraced="24848" cardsCleaned="45" />
</gc-op>
</concurrent-end>

<exclusive-start id="1764" timestamp="2025-12-16T21:21:45.494" intervalms="25.131">
  <response-info timems="0.119" idlems="0.079" threads="1" lastid="0000000000873300" lastname="Default Executor-thread-5" />
</exclusive-start>
<concurrent-global-final id="1765" timestamp="2025-12-16T21:21:45.495" contextid="1746" intervalms="4202.336" >
  <concurrent-trace-info reason="card cleaning threshold reached" tracedByMutators="23241904" tracedByHelpers="6300864" cardsCleaned="45" workStackOverflowCount="0" />
</concurrent-global-final>
<gc-start id="1766" type="global" contextid="1746" timestamp="2025-12-16T21:21:45.496">
  <mem-info id="1767" free="36248704" total="110362624" percent="32">
    <mem type="nursery" free="29789152" total="55574528" percent="53">
      <mem type="allocate" free="29789152" total="41680896" percent="71" />
      <mem type="survivor" free="0" total="13893632" percent="0" />
    </mem>
    <mem type="tenure" free="6459552" total="54788096" percent="11">
      <mem type="soa" free="3719328" total="52047872" percent="7" />
      <mem type="loa" free="2740224" total="2740224" percent="100" />
    </mem>
    <remembered-set count="1616" />
  </mem-info>
</gc-start>
<allocation-stats totalBytes="1868320" discardedBytes="10912" >
  <allocated-bytes non-tlh="3264" tlh="1865056" />
  <largest-consumer threadName="ClassloaderMapProcessingThread-9" threadId="00000000014BDA00" bytes="565232" />
</allocation-stats>
<gc-op id="1768" type="rs-scan" timems="6.873" contextid="1746" timestamp="2025-12-16T21:21:45.504">
  <scan objectsFound="78805" bytesTraced="2859468" workStackOverflowCount="0" />
</gc-op>
<gc-op id="1769" type="card-cleaning" timems="2.258" contextid="1746" timestamp="2025-12-16T21:21:45.507">
  <card-cleaning cardsCleaned="12" bytesTraced="10940" workStackOverflowCount="0" />
</gc-op>
<gc-op id="1770" type="mark" timems="28.934" contextid="1746" timestamp="2025-12-16T21:21:45.536">
  <trace-info objectcount="10665" scancount="9480" scanbytes="618472" />
  <finalization candidates="828" enqueued="32" />
  <ownableSynchronizers candidates="8663" cleared="7" />
  <references type="soft" candidates="12301" cleared="0" enqueued="0" dynamicThreshold="9" maxThreshold="32" />
  <references type="weak" candidates="14883" cleared="2" enqueued="2" />
  <references type="phantom" candidates="418" cleared="0" enqueued="0" />
  <stringconstants candidates="38630" cleared="199"  />
  <object-monitors candidates="92" cleared="11"  />
</gc-op>
<gc-op id="1771" type="classunload" timems="1.862" contextid="1746" timestamp="2025-12-16T21:21:45.539">
  <classunload-info classloadercandidates="414" classloadersunloaded="1" classesunloaded="1" anonymousclassesunloaded="0" quiescems="0.000" setupms="1.829" scanms="0.016" postms="0.017" />
</gc-op>
<gc-op id="1772" type="sweep" timems="4.829" contextid="1746" timestamp="2025-12-16T21:21:45.545" />
<heap-resize id="1773" type="expand" space="tenure" amount="9764864" count="1" timems="1.356" reason="insufficient free space following gc" timestamp="2025-12-16T21:21:45.547" />
<gc-end id="1774" type="global" contextid="1746" durationms="51.398" usertimems="125.984" systemtimems="49.758" stalltimems="524.955" timestamp="2025-12-16T21:21:45.547" activeThreads="20">
  <mem-info id="1775" free="54538184" total="120127488" percent="45">
    <mem type="nursery" free="35139584" total="55574528" percent="63">
      <mem type="allocate" free="35139584" total="41680896" percent="84" />
      <mem type="survivor" free="0" total="13893632" percent="0" />
    </mem>
    <mem type="tenure" free="19398600" total="64552960" percent="30" micro-fragmented="1574560" macro-fragmented="0">
      <mem type="soa" free="16170952" total="61325312" percent="26" />
      <mem type="loa" free="3227648" total="3227648" percent="100" />
    </mem>
    <pending-finalizers system="0" default="32" reference="2" classloader="0" />
    <remembered-set count="1573" />
  </mem-info>
</gc-end>
<cycle-end id="1776" type="global" contextid="1746" timestamp="2025-12-16T21:21:45.549" />
<exclusive-end id="1777" timestamp="2025-12-16T21:21:45.549" durationms="55.013" />

<exclusive-start id="1778" timestamp="2025-12-16T21:21:45.596" intervalms="101.579">
  <response-info timems="0.641" idlems="0.526" threads="4" lastid="0000000000029600" lastname="JIT Compilation Thread-000" />
</exclusive-start>
<af-start id="1779" threadId="0000000000883B78" totalBytesRequested="136" timestamp="2025-12-16T21:21:45.597" intervalms="126.969" type="nursery" />
<cycle-start id="1780" type="scavenge" contextid="0" timestamp="2025-12-16T21:21:45.598" intervalms="127.131" />
<gc-start id="1781" type="scavenge" contextid="1780" timestamp="2025-12-16T21:21:45.600">
  <mem-info id="1782" free="19398600" total="120127488" percent="16">
    <mem type="nursery" free="0" total="55574528" percent="0">
      <mem type="allocate" free="0" total="41680896" percent="0" />
      <mem type="survivor" free="0" total="13893632" percent="0" />
    </mem>
    <mem type="tenure" free="19398600" total="64552960" percent="30">
      <mem type="soa" free="16170952" total="61325312" percent="26" />
      <mem type="loa" free="3227648" total="3227648" percent="100" />
    </mem>
    <remembered-set count="1691" />
  </mem-info>
</gc-start>
<allocation-stats totalBytes="35078248" discardedBytes="54752" >
  <allocated-bytes non-tlh="653872" tlh="34424376" />
  <largest-consumer threadName="Default Executor-thread-4" threadId="000000000086F700" bytes="8639208" />
</allocation-stats>
<gc-op id="1783" type="scavenge" timems="12.404" contextid="1780" timestamp="2025-12-16T21:21:45.614">
  <scavenger-info tenureage="4" tenuremask="7890" tiltratio="75" />
  <memory-copied type="nursery" objects="86229" bytes="7830200" bytesdiscarded="149504" />
  <memory-copied type="tenure" objects="25348" bytes="2246656" bytesdiscarded="11160" />
  <finalization candidates="698" enqueued="674" />
  <ownableSynchronizers candidates="17111" cleared="16910" />
  <references type="soft" candidates="144" cleared="0" enqueued="0" dynamicThreshold="9" maxThreshold="32" />
  <references type="weak" candidates="251" cleared="40" enqueued="40" />
  <references type="phantom" candidates="141" cleared="8" enqueued="8" />
  <object-monitors candidates="81" cleared="0"  />
</gc-op>
<heap-resize id="1784" type="expand" space="nursery" amount="2883584" count="1" timems="0.103" reason="excessive time being spent scavenging" timestamp="2025-12-16T21:21:45.615" />
<gc-end id="1785" type="scavenge" contextid="1780" durationms="16.703" usertimems="27.598" systemtimems="29.724" stalltimems="32.368" timestamp="2025-12-16T21:21:45.616" activeThreads="7">
  <mem-info id="1786" free="53759264" total="123011072" percent="43">
    <mem type="nursery" free="36775472" total="58458112" percent="62">
      <mem type="allocate" free="36775472" total="44761088" percent="82" />
      <mem type="survivor" free="0" total="13697024" percent="0" />
    </mem>
    <mem type="tenure" free="16983792" total="64552960" percent="26">
      <mem type="soa" free="13756144" total="61325312" percent="22" />
      <mem type="loa" free="3227648" total="3227648" percent="100" />
    </mem>
    <pending-finalizers system="0" default="674" reference="48" classloader="0" />
    <remembered-set count="4019" />
  </mem-info>
</gc-end>
<cycle-end id="1787" type="scavenge" contextid="1780" timestamp="2025-12-16T21:21:45.617" />
<allocation-satisfied id="1788" threadId="0000000000883100" bytesRequested="136" />
<af-end id="1789" timestamp="2025-12-16T21:21:45.619" threadId="0000000000883B78" success="true" from="nursery"/>
<exclusive-end id="1790" timestamp="2025-12-16T21:21:45.620" durationms="23.776" />

<exclusive-start id="1791" timestamp="2025-12-16T21:21:45.662" intervalms="66.365">
  <response-info timems="0.097" idlems="0.071" threads="3" lastid="0000000000873300" lastname="Default Executor-thread-5" />
</exclusive-start>
<af-start id="1792" threadId="0000000000868478" totalBytesRequested="1696" timestamp="2025-12-16T21:21:45.663" intervalms="66.512" type="nursery" />
<cycle-start id="1793" type="scavenge" contextid="0" timestamp="2025-12-16T21:21:45.664" intervalms="66.247" />
<gc-start id="1794" type="scavenge" contextid="1793" timestamp="2025-12-16T21:21:45.665">
  <mem-info id="1795" free="16983792" total="123011072" percent="13">
    <mem type="nursery" free="0" total="58458112" percent="0">
      <mem type="allocate" free="0" total="44761088" percent="0" />
      <mem type="survivor" free="0" total="13697024" percent="0" />
    </mem>
    <mem type="tenure" free="16983792" total="64552960" percent="26">
      <mem type="soa" free="13756144" total="61325312" percent="22" />
      <mem type="loa" free="3227648" total="3227648" percent="100" />
    </mem>
    <remembered-set count="4114" />
  </mem-info>
</gc-start>
<allocation-stats totalBytes="36717376" discardedBytes="58096" >
  <allocated-bytes non-tlh="6896" tlh="36710480" />
  <largest-consumer threadName="Default Executor-thread-4" threadId="000000000086F700" bytes="8676464" />
</allocation-stats>
<gc-op id="1796" type="scavenge" timems="10.498" contextid="1793" timestamp="2025-12-16T21:21:45.677">
  <scavenger-info tenureage="11" tenuremask="7800" tiltratio="76" />
  <memory-copied type="nursery" objects="90902" bytes="8698480" bytesdiscarded="199504" />
  <finalization candidates="743" enqueued="719" />
  <ownableSynchronizers candidates="100" cleared="0" />
  <references type="soft" candidates="144" cleared="0" enqueued="0" dynamicThreshold="9" maxThreshold="32" />
  <references type="weak" candidates="224" cleared="14" enqueued="14" />
  <references type="phantom" candidates="138" cleared="0" enqueued="0" />
  <object-monitors candidates="81" cleared="0"  />
</gc-op>
<heap-resize id="1797" type="expand" space="nursery" amount="5767168" count="1" timems="0.094" reason="excessive time being spent scavenging" timestamp="2025-12-16T21:21:45.678" />
<gc-end id="1798" type="scavenge" contextid="1793" durationms="13.820" usertimems="32.870" systemtimems="9.507" stalltimems="31.132" timestamp="2025-12-16T21:21:45.679" activeThreads="7">
  <mem-info id="1799" free="58347304" total="128778240" percent="45">
    <mem type="nursery" free="41363512" total="64225280" percent="64">
      <mem type="allocate" free="41363512" total="50266112" percent="82" />
      <mem type="survivor" free="0" total="13959168" percent="0" />
    </mem>
    <mem type="tenure" free="16983792" total="64552960" percent="26">
      <mem type="soa" free="13756144" total="61325312" percent="22" />
      <mem type="loa" free="3227648" total="3227648" percent="100" />
    </mem>
    <pending-finalizers system="0" default="719" reference="14" classloader="0" />
    <remembered-set count="4049" />
  </mem-info>
</gc-end>
<cycle-end id="1800" type="scavenge" contextid="1793" timestamp="2025-12-16T21:21:45.680" />
<allocation-satisfied id="1801" threadId="0000000000867A00" bytesRequested="1696" />
<af-end id="1802" timestamp="2025-12-16T21:21:45.681" threadId="0000000000868478" success="true" from="nursery"/>
<exclusive-end id="1803" timestamp="2025-12-16T21:21:45.682" durationms="19.754" />

<exclusive-start id="1804" timestamp="2025-12-16T21:21:45.747" intervalms="84.363">
  <response-info timems="0.097" idlems="0.087" threads="1" lastid="0000000000883100" lastname="Default Executor-thread-6" />
</exclusive-start>
<af-start id="1805" threadId="0000000000868478" totalBytesRequested="1112" timestamp="2025-12-16T21:21:45.747" intervalms="83.836" type="nursery" />
<cycle-start id="1806" type="scavenge" contextid="0" timestamp="2025-12-16T21:21:45.748" intervalms="83.735" />
<gc-start id="1807" type="scavenge" contextid="1806" timestamp="2025-12-16T21:21:45.749">
  <mem-info id="1808" free="16977832" total="128778240" percent="13">
    <mem type="nursery" free="0" total="64225280" percent="0">
      <mem type="allocate" free="0" total="50266112" percent="0" />
      <mem type="survivor" free="0" total="13959168" percent="0" />
    </mem>
    <mem type="tenure" free="16977832" total="64552960" percent="26">
      <mem type="soa" free="13750184" total="61325312" percent="22" />
      <mem type="loa" free="3227648" total="3227648" percent="100" />
    </mem>
    <remembered-set count="4573" />
  </mem-info>
</gc-start>
<allocation-stats totalBytes="41258648" discardedBytes="110824" >
  <allocated-bytes non-tlh="299376" tlh="40959272" />
  <largest-consumer threadName="Default Executor-thread-4" threadId="000000000086F700" bytes="11595512" />
</allocation-stats>
<gc-op id="1809" type="scavenge" timems="16.207" contextid="1806" timestamp="2025-12-16T21:21:45.766">
  <scavenger-info tenureage="4" tenuremask="7810" tiltratio="78" />
  <memory-copied type="nursery" objects="80278" bytes="10010288" bytesdiscarded="182280" />
  <memory-copied type="tenure" objects="10016" bytes="696520" bytesdiscarded="344" />
  <finalization candidates="1374" enqueued="1352" />
  <ownableSynchronizers candidates="103" cleared="5" />
  <references type="soft" candidates="142" cleared="0" enqueued="0" dynamicThreshold="9" maxThreshold="32" />
  <references type="weak" candidates="281" cleared="64" enqueued="64" />
  <references type="phantom" candidates="175" cleared="14" enqueued="14" />
  <object-monitors candidates="82" cleared="0"  />
</gc-op>
<heap-resize id="1810" type="expand" space="nursery" amount="6160384" count="1" timems="0.058" reason="excessive time being spent scavenging" timestamp="2025-12-16T21:21:45.767" />
<gc-end id="1811" type="scavenge" contextid="1806" durationms="18.978" usertimems="37.603" systemtimems="24.641" stalltimems="25.613" timestamp="2025-12-16T21:21:45.768" activeThreads="6">
  <mem-info id="1812" free="60873768" total="134938624" percent="45">
    <mem type="nursery" free="45049544" total="70385664" percent="64">
      <mem type="allocate" free="45049544" total="55246848" percent="81" />
      <mem type="survivor" free="0" total="15138816" percent="0" />
    </mem>
    <mem type="tenure" free="15824224" total="64552960" percent="24">
      <mem type="soa" free="12596576" total="61325312" percent="20" />
      <mem type="loa" free="3227648" total="3227648" percent="100" />
    </mem>
    <pending-finalizers system="6" default="1346" reference="78" classloader="0" />
    <remembered-set count="5730" />
  </mem-info>
</gc-end>
<cycle-end id="1813" type="scavenge" contextid="1806" timestamp="2025-12-16T21:21:45.769" />
<allocation-satisfied id="1814" threadId="0000000000867A00" bytesRequested="1112" />
<af-end id="1815" timestamp="2025-12-16T21:21:45.770" threadId="0000000000868478" success="true" from="nursery"/>
<exclusive-end id="1816" timestamp="2025-12-16T21:21:45.771" durationms="24.172" />

<exclusive-start id="1817" timestamp="2025-12-16T21:21:45.864" intervalms="117.108">
  <response-info timems="0.257" idlems="0.181" threads="1" lastid="0000000000863D00" lastname="Default Executor-thread-2" />
</exclusive-start>
<af-start id="1818" threadId="0000000000883B78" totalBytesRequested="96" timestamp="2025-12-16T21:21:45.865" intervalms="117.283" type="nursery" />
<cycle-start id="1819" type="scavenge" contextid="0" timestamp="2025-12-16T21:21:45.866" intervalms="117.488" />
<gc-start id="1820" type="scavenge" contextid="1819" timestamp="2025-12-16T21:21:45.866">
  <mem-info id="1821" free="15788200" total="134938624" percent="11">
    <mem type="nursery" free="0" total="70385664" percent="0">
      <mem type="allocate" free="0" total="55246848" percent="0" />
      <mem type="survivor" free="0" total="15138816" percent="0" />
    </mem>
    <mem type="tenure" free="15788200" total="64552960" percent="24">
      <mem type="soa" free="12560552" total="61325312" percent="20" />
      <mem type="loa" free="3227648" total="3227648" percent="100" />
    </mem>
    <remembered-set count="7290" />
  </mem-info>
</gc-start>
<allocation-stats totalBytes="45063464" discardedBytes="22104" >
  <allocated-bytes non-tlh="96120" tlh="44967344" />
  <largest-consumer threadName="Default Executor-thread-3" threadId="0000000000867A00" bytes="14511872" />
</allocation-stats>
<gc-op id="1822" type="scavenge" timems="9.287" contextid="1819" timestamp="2025-12-16T21:21:45.877">
  <scavenger-info tenureage="11" tenuremask="7800" tiltratio="78" />
  <memory-copied type="nursery" objects="101345" bytes="9669912" bytesdiscarded="332344" />
  <finalization candidates="786" enqueued="764" />
  <ownableSynchronizers candidates="135" cleared="30" />
  <references type="soft" candidates="179" cleared="0" enqueued="0" dynamicThreshold="9" maxThreshold="32" />
  <references type="weak" candidates="525" cleared="233" enqueued="233" />
  <references type="phantom" candidates="188" cleared="24" enqueued="24" />
  <object-monitors candidates="82" cleared="0"  />
</gc-op>
<heap-resize id="1823" type="expand" space="nursery" amount="3276800" count="1" timems="0.059" reason="excessive time being spent scavenging" timestamp="2025-12-16T21:21:45.878" />
<gc-end id="1824" type="scavenge" contextid="1819" durationms="12.226" usertimems="32.088" systemtimems="8.731" stalltimems="25.361" timestamp="2025-12-16T21:21:45.879" activeThreads="7">
  <mem-info id="1825" free="65289360" total="138215424" percent="47">
    <mem type="nursery" free="49501160" total="73662464" percent="67">
      <mem type="allocate" free="49501160" total="59506688" percent="83" />
      <mem type="survivor" free="0" total="14155776" percent="0" />
    </mem>
    <mem type="tenure" free="15788200" total="64552960" percent="24">
      <mem type="soa" free="12560552" total="61325312" percent="20" />
      <mem type="loa" free="3227648" total="3227648" percent="100" />
    </mem>
    <pending-finalizers system="45" default="719" reference="257" classloader="0" />
    <remembered-set count="6773" />
  </mem-info>
</gc-end>
<cycle-end id="1826" type="scavenge" contextid="1819" timestamp="2025-12-16T21:21:45.880" />
<allocation-satisfied id="1827" threadId="0000000000883100" bytesRequested="96" />
<af-end id="1828" timestamp="2025-12-16T21:21:45.881" threadId="0000000000883B78" success="true" from="nursery"/>
<exclusive-end id="1829" timestamp="2025-12-16T21:21:45.881" durationms="17.643" />

<exclusive-start id="1830" timestamp="2025-12-16T21:21:45.962" intervalms="98.202">
  <response-info timems="0.182" idlems="0.136" threads="1" lastid="0000000000863D00" lastname="Default Executor-thread-2" />
</exclusive-start>
<af-start id="1831" threadId="0000000000868478" totalBytesRequested="88" timestamp="2025-12-16T21:21:45.963" intervalms="98.134" type="nursery" />
<cycle-start id="1832" type="scavenge" contextid="0" timestamp="2025-12-16T21:21:45.964" intervalms="97.994" />
<gc-start id="1833" type="scavenge" contextid="1832" timestamp="2025-12-16T21:21:45.964">
  <mem-info id="1834" free="15780368" total="138215424" percent="11">
    <mem type="nursery" free="0" total="73662464" percent="0">
      <mem type="allocate" free="0" total="59506688" percent="0" />
      <mem type="survivor" free="0" total="14155776" percent="0" />
    </mem>
    <mem type="tenure" free="15780368" total="64552960" percent="24">
      <mem type="soa" free="12552720" total="61325312" percent="20" />
      <mem type="loa" free="3227648" total="3227648" percent="100" />
    </mem>
    <remembered-set count="7495" />
  </mem-info>
</gc-start>
<allocation-stats totalBytes="49481112" discardedBytes="27880" >
  <allocated-bytes non-tlh="7928" tlh="49473184" />
  <largest-consumer threadName="Default Executor-thread-6" threadId="0000000000883100" bytes="16453616" />
</allocation-stats>
<gc-op id="1835" type="scavenge" timems="13.875" contextid="1832" timestamp="2025-12-16T21:21:45.980">
  <scavenger-info tenureage="11" tenuremask="7800" tiltratio="80" />
  <memory-copied type="nursery" objects="162703" bytes="13290560" bytesdiscarded="264464" />
  <finalization candidates="934" enqueued="910" />
  <ownableSynchronizers candidates="165" cleared="32" />
  <references type="soft" candidates="256" cleared="0" enqueued="0" dynamicThreshold="9" maxThreshold="32" />
  <references type="weak" candidates="421" cleared="113" enqueued="108" />
  <references type="phantom" candidates="198" cleared="20" enqueued="20" />
  <object-monitors candidates="82" cleared="0"  />
</gc-op>
<heap-resize id="1836" type="expand" space="nursery" amount="5373952" count="1" timems="0.063" reason="excessive time being spent scavenging" timestamp="2025-12-16T21:21:45.980" />
<gc-end id="1837" type="scavenge" contextid="1832" durationms="17.079" usertimems="56.056" systemtimems="10.005" stalltimems="22.146" timestamp="2025-12-16T21:21:45.981" activeThreads="7">
  <mem-info id="1838" free="60286400" total="143589376" percent="41">
    <mem type="nursery" free="44506032" total="79036416" percent="56">
      <mem type="allocate" free="44506032" total="58064896" percent="76" />
      <mem type="survivor" free="0" total="20971520" percent="0" />
    </mem>
    <mem type="tenure" free="15780368" total="64552960" percent="24">
      <mem type="soa" free="12552720" total="61325312" percent="20" />
      <mem type="loa" free="3227648" total="3227648" percent="100" />
    </mem>
    <pending-finalizers system="23" default="887" reference="128" classloader="0" />
    <remembered-set count="6976" />
  </mem-info>
</gc-end>
<cycle-end id="1839" type="scavenge" contextid="1832" timestamp="2025-12-16T21:21:45.982" />
<allocation-satisfied id="1840" threadId="0000000000867A00" bytesRequested="88" />
<af-end id="1841" timestamp="2025-12-16T21:21:45.984" threadId="0000000000868478" success="true" from="nursery"/>
<exclusive-end id="1842" timestamp="2025-12-16T21:21:45.984" durationms="22.249" />

<exclusive-start id="1843" timestamp="2025-12-16T21:21:46.049" intervalms="86.769">
  <response-info timems="0.081" idlems="0.048" threads="2" lastid="0000000000867A00" lastname="Default Executor-thread-3" />
</exclusive-start>
<af-start id="1844" threadId="0000000000870178" totalBytesRequested="63096" timestamp="2025-12-16T21:21:46.049" intervalms="86.729" type="nursery" />
<cycle-start id="1845" type="scavenge" contextid="0" timestamp="2025-12-16T21:21:46.050" intervalms="86.676" />
<gc-start id="1846" type="scavenge" contextid="1845" timestamp="2025-12-16T21:21:46.051">
  <mem-info id="1847" free="15778816" total="143589376" percent="10">
    <mem type="nursery" free="0" total="79036416" percent="0">
      <mem type="allocate" free="0" total="58064896" percent="0" />
      <mem type="survivor" free="0" total="20971520" percent="0" />
    </mem>
    <mem type="tenure" free="15778816" total="64552960" percent="24">
      <mem type="soa" free="12551168" total="61325312" percent="20" />
      <mem type="loa" free="3227648" total="3227648" percent="100" />
    </mem>
    <remembered-set count="7102" />
  </mem-info>
</gc-start>
<allocation-stats totalBytes="44375816" discardedBytes="131768" >
  <allocated-bytes non-tlh="328984" tlh="44046832" />
  <largest-consumer threadName="Default Executor-thread-3" threadId="0000000000867A00" bytes="15754256" />
</allocation-stats>
<gc-op id="1848" type="scavenge" timems="13.916" contextid="1845" timestamp="2025-12-16T21:21:46.067">
  <scavenger-info tenureage="11" tenuremask="7800" tiltratio="73" />
  <memory-copied type="nursery" objects="194882" bytes="17190312" bytesdiscarded="425392" />
  <finalization candidates="937" enqueued="914" />
  <ownableSynchronizers candidates="134" cleared="2" />
  <references type="soft" candidates="259" cleared="0" enqueued="0" dynamicThreshold="9" maxThreshold="32" />
  <references type="weak" candidates="358" cleared="34" enqueued="33" />
  <references type="phantom" candidates="188" cleared="0" enqueued="0" />
  <object-monitors candidates="82" cleared="0"  />
</gc-op>
<heap-resize id="1849" type="expand" space="nursery" amount="7208960" count="1" timems="0.061" reason="excessive time being spent scavenging" timestamp="2025-12-16T21:21:46.068" />
<gc-end id="1850" type="scavenge" contextid="1845" durationms="17.763" usertimems="70.331" systemtimems="8.992" stalltimems="35.668" timestamp="2025-12-16T21:21:46.069" activeThreads="8">
  <mem-info id="1851" free="57272040" total="150798336" percent="37">
    <mem type="nursery" free="41493224" total="86245376" percent="48">
      <mem type="allocate" free="41493224" total="59113472" percent="70" />
      <mem type="survivor" free="0" total="27131904" percent="0" />
    </mem>
    <mem type="tenure" free="15778816" total="64552960" percent="24">
      <mem type="soa" free="12551168" total="61325312" percent="20" />
      <mem type="loa" free="3227648" total="3227648" percent="100" />
    </mem>
    <pending-finalizers system="0" default="914" reference="33" classloader="0" />
    <remembered-set count="6657" />
  </mem-info>
</gc-end>
<cycle-end id="1852" type="scavenge" contextid="1845" timestamp="2025-12-16T21:21:46.070" />
<allocation-satisfied id="1853" threadId="000000000086F700" bytesRequested="63096" />
<af-end id="1854" timestamp="2025-12-16T21:21:46.071" threadId="0000000000870178" success="true" from="nursery"/>
<exclusive-end id="1855" timestamp="2025-12-16T21:21:46.071" durationms="22.701" />

<exclusive-start id="1856" timestamp="2025-12-16T21:21:46.129" intervalms="79.865">
  <response-info timems="0.085" idlems="0.085" threads="0" lastid="0000000000867A00" lastname="Default Executor-thread-3" />
</exclusive-start>
<af-start id="1857" threadId="0000000000868478" totalBytesRequested="6368" timestamp="2025-12-16T21:21:46.129" intervalms="79.942" type="nursery" />
<cycle-start id="1858" type="scavenge" contextid="0" timestamp="2025-12-16T21:21:46.130" intervalms="79.931" />
<gc-start id="1859" type="scavenge" contextid="1858" timestamp="2025-12-16T21:21:46.131">
  <mem-info id="1860" free="15775720" total="150798336" percent="10">
    <mem type="nursery" free="0" total="86245376" percent="0">
      <mem type="allocate" free="0" total="59113472" percent="0" />
      <mem type="survivor" free="0" total="27131904" percent="0" />
    </mem>
    <mem type="tenure" free="15775720" total="64552960" percent="24">
      <mem type="soa" free="12548072" total="61325312" percent="20" />
      <mem type="loa" free="3227648" total="3227648" percent="100" />
    </mem>
    <remembered-set count="6731" />
  </mem-info>
</gc-start>
<allocation-stats totalBytes="41406632" discardedBytes="89688" >
  <allocated-bytes non-tlh="74392" tlh="41332240" />
  <largest-consumer threadName="Default Executor-thread-6" threadId="0000000000883100" bytes="14182272" />
</allocation-stats>
<gc-op id="1861" type="scavenge" timems="23.000" contextid="1858" timestamp="2025-12-16T21:21:46.155">
  <scavenger-info tenureage="11" tenuremask="7800" tiltratio="68" />
  <memory-copied type="nursery" objects="183096" bytes="17303728" bytesdiscarded="497400" />
  <memory-copied type="tenure" objects="23688" bytes="989440" bytesdiscarded="192" />
  <finalization candidates="1188" enqueued="1166" />
  <ownableSynchronizers candidates="132" cleared="0" />
  <references type="soft" candidates="118" cleared="0" enqueued="0" dynamicThreshold="9" maxThreshold="32" />
  <references type="weak" candidates="206" cleared="65" enqueued="64" />
  <references type="phantom" candidates="152" cleared="0" enqueued="0" />
  <object-monitors candidates="82" cleared="0"  />
</gc-op>
<heap-resize id="1862" type="expand" space="nursery" amount="11796480" count="1" timems="0.066" reason="excessive time being spent scavenging" timestamp="2025-12-16T21:21:46.156" />
<gc-end id="1863" type="scavenge" contextid="1858" durationms="26.078" usertimems="93.768" systemtimems="22.427" stalltimems="29.199" timestamp="2025-12-16T21:21:46.157" activeThreads="8">
  <mem-info id="1864" free="69414576" total="162594816" percent="42">
    <mem type="nursery" free="55006176" total="98041856" percent="56">
      <mem type="allocate" free="55006176" total="72810496" percent="75" />
      <mem type="survivor" free="0" total="25231360" percent="0" />
    </mem>
    <mem type="tenure" free="14408400" total="64552960" percent="22">
      <mem type="soa" free="11180752" total="61325312" percent="18" />
      <mem type="loa" free="3227648" total="3227648" percent="100" />
    </mem>
    <pending-finalizers system="0" default="1166" reference="64" classloader="0" />
    <remembered-set count="6797" />
  </mem-info>
</gc-end>
<cycle-end id="1865" type="scavenge" contextid="1858" timestamp="2025-12-16T21:21:46.158" />
<allocation-satisfied id="1866" threadId="0000000000867A00" bytesRequested="6368" />
<af-end id="1867" timestamp="2025-12-16T21:21:46.159" threadId="0000000000868478" success="true" from="nursery"/>
<exclusive-end id="1868" timestamp="2025-12-16T21:21:46.160" durationms="31.383" />

<exclusive-start id="1869" timestamp="2025-12-16T21:21:46.284" intervalms="155.164">
  <response-info timems="0.081" idlems="0.041" threads="1" lastid="000000000086F700" lastname="Default Executor-thread-4" />
</exclusive-start>
<af-start id="1870" threadId="0000000000868478" totalBytesRequested="184" timestamp="2025-12-16T21:21:46.284" intervalms="155.107" type="nursery" />
<cycle-start id="1871" type="scavenge" contextid="0" timestamp="2025-12-16T21:21:46.285" intervalms="155.072" />
<gc-start id="1872" type="scavenge" contextid="1871" timestamp="2025-12-16T21:21:46.287">
  <mem-info id="1873" free="14408400" total="162594816" percent="8">
    <mem type="nursery" free="0" total="98041856" percent="0">
      <mem type="allocate" free="0" total="72810496" percent="0" />
      <mem type="survivor" free="0" total="25231360" percent="0" />
    </mem>
    <mem type="tenure" free="14408400" total="64552960" percent="22">
      <mem type="soa" free="11180752" total="61325312" percent="18" />
      <mem type="loa" free="3227648" total="3227648" percent="100" />
    </mem>
    <remembered-set count="6938" />
  </mem-info>
</gc-start>
<allocation-stats totalBytes="54985216" discardedBytes="20960" >
  <allocated-bytes non-tlh="32792" tlh="54952424" />
  <largest-consumer threadName="Default Executor-thread-3" threadId="0000000000867A00" bytes="20416392" />
</allocation-stats>
<gc-op id="1874" type="scavenge" timems="13.400" contextid="1871" timestamp="2025-12-16T21:21:46.301">
  <scavenger-info tenureage="4" tenuremask="7810" tiltratio="74" />
  <memory-copied type="nursery" objects="162631" bytes="14973160" bytesdiscarded="225800" />
  <memory-copied type="tenure" objects="27937" bytes="2311736" bytesdiscarded="1560" />
  <finalization candidates="1479" enqueued="1478" />
  <ownableSynchronizers candidates="74" cleared="0" />
  <references type="soft" candidates="81" cleared="0" enqueued="0" dynamicThreshold="9" maxThreshold="32" />
  <references type="weak" candidates="112" cleared="36" enqueued="36" />
  <references type="phantom" candidates="151" cleared="0" enqueued="0" />
  <object-monitors candidates="82" cleared="0"  />
</gc-op>
<heap-resize id="1875" type="expand" space="nursery" amount="4718592" count="1" timems="2.188" reason="excessive time being spent scavenging" timestamp="2025-12-16T21:21:46.304" />
<gc-end id="1876" type="scavenge" contextid="1871" durationms="18.374" usertimems="72.359" systemtimems="19.558" stalltimems="54.929" timestamp="2025-12-16T21:21:46.305" activeThreads="11">
  <mem-info id="1877" free="76127760" total="167313408" percent="45">
    <mem type="nursery" free="64424960" total="102760448" percent="62">
      <mem type="allocate" free="64424960" total="79626240" percent="80" />
      <mem type="survivor" free="0" total="23134208" percent="0" />
    </mem>
    <mem type="tenure" free="11702800" total="64552960" percent="18">
      <mem type="soa" free="8475152" total="61325312" percent="13" />
      <mem type="loa" free="3227648" total="3227648" percent="100" />
    </mem>
    <pending-finalizers system="0" default="1478" reference="36" classloader="0" />
    <remembered-set count="9597" />
  </mem-info>
</gc-end>
<cycle-end id="1878" type="scavenge" contextid="1871" timestamp="2025-12-16T21:21:46.306" />
<allocation-satisfied id="1879" threadId="0000000000867A00" bytesRequested="184" />
<af-end id="1880" timestamp="2025-12-16T21:21:46.307" threadId="0000000000868478" success="true" from="nursery"/>
<exclusive-end id="1881" timestamp="2025-12-16T21:21:46.308" durationms="23.898" />

<exclusive-start id="1882" timestamp="2025-12-16T21:21:46.395" intervalms="111.143">
  <response-info timems="0.077" idlems="0.077" threads="0" lastid="000000000086F700" lastname="Default Executor-thread-4" />
</exclusive-start>
<af-start id="1883" threadId="0000000000870178" totalBytesRequested="1040" timestamp="2025-12-16T21:21:46.396" intervalms="111.148" type="nursery" />
<cycle-start id="1884" type="scavenge" contextid="0" timestamp="2025-12-16T21:21:46.396" intervalms="111.177" />
<gc-start id="1885" type="scavenge" contextid="1884" timestamp="2025-12-16T21:21:46.398">
  <mem-info id="1886" free="11701344" total="167313408" percent="6">
    <mem type="nursery" free="0" total="102760448" percent="0">
      <mem type="allocate" free="0" total="79626240" percent="0" />
      <mem type="survivor" free="0" total="23134208" percent="0" />
    </mem>
    <mem type="tenure" free="11701344" total="64552960" percent="18">
      <mem type="soa" free="8473696" total="61325312" percent="13" />
      <mem type="loa" free="3227648" total="3227648" percent="100" />
    </mem>
    <remembered-set count="9970" />
  </mem-info>
</gc-start>
<allocation-stats totalBytes="64343400" discardedBytes="83016" >
  <allocated-bytes non-tlh="533384" tlh="63810016" />
  <largest-consumer threadName="Default Executor-thread-6" threadId="0000000000883100" bytes="20532368" />
</allocation-stats>
<gc-op id="1887" type="scavenge" timems="18.472" contextid="1884" timestamp="2025-12-16T21:21:46.418">
  <scavenger-info tenureage="4" tenuremask="7850" tiltratio="77" />
  <memory-copied type="nursery" objects="136100" bytes="11167408" bytesdiscarded="306472" />
  <memory-copied type="tenure" objects="80804" bytes="4569040" bytesdiscarded="3824" />
  <finalization candidates="1020" enqueued="991" />
  <ownableSynchronizers candidates="67" cleared="4" />
  <references type="soft" candidates="10" cleared="0" enqueued="0" dynamicThreshold="9" maxThreshold="32" />
  <references type="weak" candidates="115" cleared="90" enqueued="90" />
  <references type="phantom" candidates="144" cleared="54" enqueued="54" />
  <object-monitors candidates="82" cleared="0"  />
</gc-op>
<heap-resize id="1888" type="expand" space="nursery" amount="9175040" count="1" timems="0.059" reason="excessive time being spent scavenging" timestamp="2025-12-16T21:21:46.420" />
<gc-end id="1889" type="scavenge" contextid="1884" durationms="22.576" usertimems="85.230" systemtimems="25.825" stalltimems="72.981" timestamp="2025-12-16T21:21:46.420" activeThreads="11">
  <mem-info id="1890" free="84609016" total="176488448" percent="47">
    <mem type="nursery" free="77182264" total="111935488" percent="68">
      <mem type="allocate" free="77182264" total="88670208" percent="87" />
      <mem type="survivor" free="0" total="23265280" percent="0" />
    </mem>
    <mem type="tenure" free="7426752" total="64552960" percent="11">
      <mem type="soa" free="4199104" total="61325312" percent="6" />
      <mem type="loa" free="3227648" total="3227648" percent="100" />
    </mem>
    <pending-finalizers system="0" default="991" reference="144" classloader="0" />
    <remembered-set count="6742" />
  </mem-info>
</gc-end>
<cycle-end id="1891" type="scavenge" contextid="1884" timestamp="2025-12-16T21:21:46.422" />
<allocation-satisfied id="1892" threadId="000000000086F700" bytesRequested="1040" />
<af-end id="1893" timestamp="2025-12-16T21:21:46.424" threadId="0000000000870178" success="true" from="nursery"/>
<exclusive-end id="1894" timestamp="2025-12-16T21:21:46.425" durationms="29.711" />

<concurrent-kickoff id="1895" timestamp="2025-12-16T21:21:46.548">
  <kickoff reason="threshold reached" targetBytes="31599751" thresholdFreeBytes="4374204"  remainingFree="4249000" tenureFreeBytes="7417392" nurseryFreeBytes="4249000" />
</concurrent-kickoff>
<exclusive-start id="1896" timestamp="2025-12-16T21:21:46.550" intervalms="155.412">
  <response-info timems="0.066" idlems="0.066" threads="0" lastid="0000000000873300" lastname="Default Executor-thread-5" />
</exclusive-start>
<cycle-start id="1897" type="global" contextid="0" timestamp="2025-12-16T21:21:46.551" intervalms="1108.215" />
<concurrent-start id="1898" type="global mark" contextid="1897" timestamp="2025-12-16T21:21:46.552">
</concurrent-start>
<exclusive-end id="1899" timestamp="2025-12-16T21:21:46.553" durationms="2.606" />

<concurrent-end id="1900" type="global mark" contextid="1897" timestamp="2025-12-16T21:21:46.612">
<gc-op id="1901" type="trace" timems="60.007" contextid="1897" timestamp="2025-12-16T21:21:46.612">
  <trace bytesTraced="35712376" workStackOverflowCount="0" />
  <card-cleaning reason="card cleaning threshold reached" bytesTraced="68996" cardsCleaned="123" />
</gc-op>
</concurrent-end>

<exclusive-start id="1902" timestamp="2025-12-16T21:21:46.614" intervalms="63.378">
  <response-info timems="0.068" idlems="0.068" threads="0" lastid="0000000000867A00" lastname="Default Executor-thread-3" />
</exclusive-start>
<concurrent-global-final id="1903" timestamp="2025-12-16T21:21:46.614" contextid="1897" intervalms="1119.427" >
  <concurrent-trace-info reason="card cleaning threshold reached" tracedByMutators="20779624" tracedByHelpers="15001748" cardsCleaned="123" workStackOverflowCount="0" />
</concurrent-global-final>
<gc-start id="1904" type="global" contextid="1897" timestamp="2025-12-16T21:21:46.616">
  <mem-info id="1905" free="7414216" total="176488448" percent="4">
    <mem type="nursery" free="0" total="111935488" percent="0">
      <mem type="allocate" free="0" total="88670208" percent="0" />
      <mem type="survivor" free="0" total="23265280" percent="0" />
    </mem>
    <mem type="tenure" free="7414216" total="64552960" percent="11">
      <mem type="soa" free="4186568" total="61325312" percent="6" />
      <mem type="loa" free="3227648" total="3227648" percent="100" />
    </mem>
    <remembered-set count="7937" />
  </mem-info>
</gc-start>
<allocation-stats totalBytes="77168656" discardedBytes="26144" >
  <allocated-bytes non-tlh="160920" tlh="77007736" />
  <largest-consumer threadName="Default Executor-thread-3" threadId="0000000000867A00" bytes="25218784" />
</allocation-stats>
<gc-op id="1906" type="rs-scan" timems="6.803" contextid="1897" timestamp="2025-12-16T21:21:46.624">
  <scan objectsFound="129164" bytesTraced="6646752" workStackOverflowCount="0" />
</gc-op>
<gc-op id="1907" type="card-cleaning" timems="2.143" contextid="1897" timestamp="2025-12-16T21:21:46.627">
  <card-cleaning cardsCleaned="1" bytesTraced="8280" workStackOverflowCount="0" />
</gc-op>
<gc-op id="1908" type="mark" timems="32.252" contextid="1897" timestamp="2025-12-16T21:21:46.660">
  <trace-info objectcount="24293" scancount="21223" scanbytes="1080876" />
  <finalization candidates="1163" enqueued="296" />
  <ownableSynchronizers candidates="8805" cleared="96" />
  <references type="soft" candidates="12468" cleared="0" enqueued="0" dynamicThreshold="9" maxThreshold="32" />
  <references type="weak" candidates="15312" cleared="267" enqueued="267" />
  <references type="phantom" candidates="533" cleared="155" enqueued="155" />
  <stringconstants candidates="38836" cleared="20"  />
  <object-monitors candidates="89" cleared="6"  />
</gc-op>
<gc-op id="1909" type="classunload" timems="0.080" contextid="1897" timestamp="2025-12-16T21:21:46.661">
  <classunload-info classloadercandidates="418" classloadersunloaded="0" classesunloaded="0" anonymousclassesunloaded="0" quiescems="0.000" setupms="0.079" scanms="0.000" postms="0.000" />
</gc-op>
<gc-op id="1910" type="sweep" timems="5.081" contextid="1897" timestamp="2025-12-16T21:21:46.666" />
<heap-resize id="1911" type="expand" space="tenure" amount="11468800" count="1" timems="2.310" reason="insufficient free space following gc" timestamp="2025-12-16T21:21:46.670" />
<gc-end id="1912" type="global" contextid="1897" durationms="54.987" usertimems="169.344" systemtimems="38.440" stalltimems="577.153" timestamp="2025-12-16T21:21:46.671" activeThreads="20">
  <mem-info id="1913" free="98274856" total="187957248" percent="52">
    <mem type="nursery" free="75427056" total="111935488" percent="67">
      <mem type="allocate" free="75427056" total="88670208" percent="85" />
      <mem type="survivor" free="0" total="23265280" percent="0" />
    </mem>
    <mem type="tenure" free="22847800" total="76021760" percent="30" micro-fragmented="1479609" macro-fragmented="0">
      <mem type="soa" free="19046712" total="72220672" percent="26" />
      <mem type="loa" free="3801088" total="3801088" percent="100" />
    </mem>
    <pending-finalizers system="6" default="290" reference="422" classloader="0" />
    <remembered-set count="7535" />
  </mem-info>
</gc-end>
<cycle-end id="1914" type="global" contextid="1897" timestamp="2025-12-16T21:21:46.671" />
<exclusive-end id="1915" timestamp="2025-12-16T21:21:46.672" durationms="58.376" />

<exclusive-start id="1916" timestamp="2025-12-16T21:21:46.790" intervalms="176.626">
  <response-info timems="0.264" idlems="0.163" threads="3" lastid="0000000000883100" lastname="Default Executor-thread-6" />
</exclusive-start>
<af-start id="1917" threadId="0000000000868478" totalBytesRequested="30000" timestamp="2025-12-16T21:21:46.791" intervalms="395.356" type="nursery" />
<cycle-start id="1918" type="scavenge" contextid="0" timestamp="2025-12-16T21:21:46.792" intervalms="395.731" />
<gc-start id="1919" type="scavenge" contextid="1918" timestamp="2025-12-16T21:21:46.793">
  <mem-info id="1920" free="22805536" total="187957248" percent="12">
    <mem type="nursery" free="0" total="111935488" percent="0">
      <mem type="allocate" free="0" total="88670208" percent="0" />
      <mem type="survivor" free="0" total="23265280" percent="0" />
    </mem>
    <mem type="tenure" free="22805536" total="76021760" percent="29">
      <mem type="soa" free="19004448" total="72220672" percent="26" />
      <mem type="loa" free="3801088" total="3801088" percent="100" />
    </mem>
    <remembered-set count="8225" />
  </mem-info>
</gc-start>
<allocation-stats totalBytes="75277352" discardedBytes="170136" >
  <allocated-bytes non-tlh="3085104" tlh="72192248" />
  <largest-consumer threadName="ClassloaderMapProcessingThread-9" threadId="00000000014BDA00" bytes="23637584" />
</allocation-stats>
<gc-op id="1921" type="scavenge" timems="11.869" contextid="1918" timestamp="2025-12-16T21:21:46.806">
  <scavenger-info tenureage="11" tenuremask="7800" tiltratio="79" />
  <memory-copied type="nursery" objects="183856" bytes="13630968" bytesdiscarded="266072" />
  <finalization candidates="651" enqueued="575" />
  <ownableSynchronizers candidates="17443" cleared="17376" />
  <references type="soft" candidates="116" cleared="0" enqueued="0" dynamicThreshold="9" maxThreshold="32" />
  <references type="weak" candidates="493" cleared="312" enqueued="312" />
  <references type="phantom" candidates="322" cleared="76" enqueued="76" />
  <object-monitors candidates="118" cleared="34"  />
</gc-op>
<gc-end id="1922" type="scavenge" contextid="1918" durationms="14.126" usertimems="55.937" systemtimems="18.856" stalltimems="53.534" timestamp="2025-12-16T21:21:46.807" activeThreads="11">
  <mem-info id="1923" free="99731888" total="187957248" percent="53">
    <mem type="nursery" free="76926352" total="111935488" percent="68">
      <mem type="allocate" free="76926352" total="90832896" percent="84" />
      <mem type="survivor" free="0" total="21102592" percent="0" />
    </mem>
    <mem type="tenure" free="22805536" total="76021760" percent="29">
      <mem type="soa" free="19004448" total="72220672" percent="26" />
      <mem type="loa" free="3801088" total="3801088" percent="100" />
    </mem>
    <pending-finalizers system="51" default="524" reference="388" classloader="0" />
    <remembered-set count="7562" />
  </mem-info>
</gc-end>
<cycle-end id="1924" type="scavenge" contextid="1918" timestamp="2025-12-16T21:21:46.808" />
<allocation-satisfied id="1925" threadId="0000000000867A00" bytesRequested="30000" />
<af-end id="1926" timestamp="2025-12-16T21:21:46.810" threadId="0000000000868478" success="true" from="nursery"/>
<exclusive-end id="1927" timestamp="2025-12-16T21:21:46.810" durationms="20.068" />

<exclusive-start id="1928" timestamp="2025-12-16T21:21:46.940" intervalms="149.850">
  <response-info timems="0.156" idlems="0.146" threads="1" lastid="0000000000873300" lastname="Default Executor-thread-5" />
</exclusive-start>
<af-start id="1929" threadId="00000000007F0078" totalBytesRequested="16" timestamp="2025-12-16T21:21:46.941" intervalms="150.166" type="nursery" />
<cycle-start id="1930" type="scavenge" contextid="0" timestamp="2025-12-16T21:21:46.942" intervalms="150.176" />
<gc-start id="1931" type="scavenge" contextid="1930" timestamp="2025-12-16T21:21:46.943">
  <mem-info id="1932" free="22751016" total="187957248" percent="12">
    <mem type="nursery" free="0" total="111935488" percent="0">
      <mem type="allocate" free="0" total="90832896" percent="0" />
      <mem type="survivor" free="0" total="21102592" percent="0" />
    </mem>
    <mem type="tenure" free="22751016" total="76021760" percent="29">
      <mem type="soa" free="18949928" total="72220672" percent="26" />
      <mem type="loa" free="3801088" total="3801088" percent="100" />
    </mem>
    <remembered-set count="8311" />
  </mem-info>
</gc-start>
<allocation-stats totalBytes="76922160" discardedBytes="53640" >
  <allocated-bytes non-tlh="79448" tlh="76842712" />
  <largest-consumer threadName="Default Executor-thread-5" threadId="0000000000873300" bytes="30741216" />
</allocation-stats>
<gc-op id="1933" type="scavenge" timems="12.435" contextid="1930" timestamp="2025-12-16T21:21:46.958">
  <scavenger-info tenureage="11" tenuremask="7800" tiltratio="81" />
  <memory-copied type="nursery" objects="216341" bytes="18361144" bytesdiscarded="467720" />
  <memory-copied type="tenure" objects="4654" bytes="204448" bytesdiscarded="1576" />
  <finalization candidates="1516" enqueued="1412" />
  <ownableSynchronizers candidates="108" cleared="30" />
  <references type="soft" candidates="167" cleared="0" enqueued="0" dynamicThreshold="9" maxThreshold="32" />
  <references type="weak" candidates="487" cleared="272" enqueued="272" />
  <references type="phantom" candidates="303" cleared="45" enqueued="45" />
  <object-monitors candidates="165" cleared="76"  />
</gc-op>
<heap-resize id="1934" type="expand" space="nursery" amount="5373952" count="1" timems="0.062" reason="excessive time being spent scavenging" timestamp="2025-12-16T21:21:46.959" />
<gc-end id="1935" type="scavenge" contextid="1930" durationms="17.050" usertimems="73.078" systemtimems="7.410" stalltimems="45.745" timestamp="2025-12-16T21:21:46.960" activeThreads="10">
  <mem-info id="1936" free="92269640" total="193331200" percent="47">
    <mem type="nursery" free="70027032" total="117309440" percent="59">
      <mem type="allocate" free="70027032" total="88866816" percent="78" />
      <mem type="survivor" free="0" total="28442624" percent="0" />
    </mem>
    <mem type="tenure" free="22242608" total="76021760" percent="29">
      <mem type="soa" free="18441520" total="72220672" percent="25" />
      <mem type="loa" free="3801088" total="3801088" percent="100" />
    </mem>
    <pending-finalizers system="76" default="1336" reference="317" classloader="0" />
    <remembered-set count="7658" />
  </mem-info>
</gc-end>
<cycle-end id="1937" type="scavenge" contextid="1930" timestamp="2025-12-16T21:21:46.962" />
<allocation-satisfied id="1938" threadId="00000000007EF600" bytesRequested="16" />
<af-end id="1939" timestamp="2025-12-16T21:21:46.964" threadId="00000000007F0078" success="true" from="nursery"/>
<exclusive-end id="1940" timestamp="2025-12-16T21:21:46.965" durationms="24.452" />

<exclusive-start id="1941" timestamp="2025-12-16T21:21:47.138" intervalms="197.848">
  <response-info timems="0.075" idlems="0.075" threads="0" lastid="0000000000873300" lastname="Default Executor-thread-5" />
</exclusive-start>
<af-start id="1942" threadId="0000000000873D78" totalBytesRequested="2832" timestamp="2025-12-16T21:21:47.139" intervalms="197.975" type="nursery" />
<cycle-start id="1943" type="scavenge" contextid="0" timestamp="2025-12-16T21:21:47.140" intervalms="198.020" />
<gc-start id="1944" type="scavenge" contextid="1943" timestamp="2025-12-16T21:21:47.142">
  <mem-info id="1945" free="22172648" total="193331200" percent="11">
    <mem type="nursery" free="0" total="117309440" percent="0">
      <mem type="allocate" free="0" total="88866816" percent="0" />
      <mem type="survivor" free="0" total="28442624" percent="0" />
    </mem>
    <mem type="tenure" free="22172648" total="76021760" percent="29">
      <mem type="soa" free="18371560" total="72220672" percent="25" />
      <mem type="loa" free="3801088" total="3801088" percent="100" />
    </mem>
    <remembered-set count="8921" />
  </mem-info>
</gc-start>
<allocation-stats totalBytes="70070504" discardedBytes="23568" >
  <allocated-bytes non-tlh="67056" tlh="70003448" />
  <largest-consumer threadName="Default Executor-thread-5" threadId="0000000000873300" bytes="42045080" />
</allocation-stats>
<gc-op id="1946" type="scavenge" timems="14.469" contextid="1943" timestamp="2025-12-16T21:21:47.158">
  <scavenger-info tenureage="10" tenuremask="7c00" tiltratio="75" />
  <memory-copied type="nursery" objects="260481" bytes="21326560" bytesdiscarded="400232" />
  <memory-copied type="tenure" objects="12420" bytes="1266720" bytesdiscarded="4800" />
  <finalization candidates="2114" enqueued="2011" />
  <ownableSynchronizers candidates="106" cleared="24" />
  <references type="soft" candidates="318" cleared="0" enqueued="0" dynamicThreshold="9" maxThreshold="32" />
  <references type="weak" candidates="818" cleared="507" enqueued="507" />
  <references type="phantom" candidates="393" cleared="166" enqueued="166" />
  <object-monitors candidates="192" cleared="99"  />
</gc-op>
<heap-resize id="1947" type="expand" space="nursery" amount="4456448" count="1" timems="0.059" reason="excessive time being spent scavenging" timestamp="2025-12-16T21:21:47.159" />
<gc-end id="1948" type="scavenge" contextid="1943" durationms="18.209" usertimems="91.284" systemtimems="0.243" stalltimems="51.118" timestamp="2025-12-16T21:21:47.160" activeThreads="10">
  <mem-info id="1949" free="89710912" total="197787648" percent="45">
    <mem type="nursery" free="69347096" total="121765888" percent="56">
      <mem type="allocate" free="69347096" total="91095040" percent="76" />
      <mem type="survivor" free="0" total="30670848" percent="0" />
    </mem>
    <mem type="tenure" free="20363816" total="76021760" percent="26">
      <mem type="soa" free="16562728" total="72220672" percent="22" />
      <mem type="loa" free="3801088" total="3801088" percent="100" />
    </mem>
    <pending-finalizers system="32" default="1979" reference="673" classloader="0" />
    <remembered-set count="4622" />
  </mem-info>
</gc-end>
<cycle-end id="1950" type="scavenge" contextid="1943" timestamp="2025-12-16T21:21:47.161" />
<allocation-satisfied id="1951" threadId="0000000000873300" bytesRequested="2832" />
<af-end id="1952" timestamp="2025-12-16T21:21:47.163" threadId="0000000000873D78" success="true" from="nursery"/>
<exclusive-end id="1953" timestamp="2025-12-16T21:21:47.164" durationms="25.752" />

<exclusive-start id="1954" timestamp="2025-12-16T21:21:47.365" intervalms="227.064">
  <response-info timems="0.086" idlems="0.086" threads="0" lastid="0000000000867A00" lastname="Default Executor-thread-3" />
</exclusive-start>
<af-start id="1955" threadId="0000000000868478" totalBytesRequested="24" timestamp="2025-12-16T21:21:47.366" intervalms="226.896" type="nursery" />
<cycle-start id="1956" type="scavenge" contextid="0" timestamp="2025-12-16T21:21:47.367" intervalms="226.561" />
<gc-start id="1957" type="scavenge" contextid="1956" timestamp="2025-12-16T21:21:47.368">
  <mem-info id="1958" free="20272720" total="197787648" percent="10">
    <mem type="nursery" free="0" total="121765888" percent="0">
      <mem type="allocate" free="0" total="91095040" percent="0" />
      <mem type="survivor" free="0" total="30670848" percent="0" />
    </mem>
    <mem type="tenure" free="20272720" total="76021760" percent="26">
      <mem type="soa" free="16471632" total="72220672" percent="22" />
      <mem type="loa" free="3801088" total="3801088" percent="100" />
    </mem>
    <remembered-set count="6457" />
  </mem-info>
</gc-start>
<allocation-stats totalBytes="69406192" discardedBytes="30552" >
  <allocated-bytes non-tlh="131488" tlh="69274704" />
  <largest-consumer threadName="Default Executor-thread-5" threadId="0000000000873300" bytes="46594480" />
</allocation-stats>
<gc-op id="1959" type="scavenge" timems="22.984" contextid="1956" timestamp="2025-12-16T21:21:47.392">
  <scavenger-info tenureage="6" tenuremask="78c0" tiltratio="74" />
  <memory-copied type="nursery" objects="305255" bytes="23160872" bytesdiscarded="377112" />
  <memory-copied type="tenure" objects="37131" bytes="1684216" bytesdiscarded="4696" />
  <finalization candidates="2278" enqueued="2174" />
  <ownableSynchronizers candidates="1230" cleared="886" />
  <references type="soft" candidates="1171" cleared="0" enqueued="0" dynamicThreshold="9" maxThreshold="32" />
  <references type="weak" candidates="908" cleared="347" enqueued="347" />
  <references type="phantom" candidates="277" cleared="13" enqueued="13" />
  <object-monitors candidates="134" cleared="26"  />
</gc-op>
<heap-resize id="1960" type="expand" space="nursery" amount="5767168" count="1" timems="0.064" reason="excessive time being spent scavenging" timestamp="2025-12-16T21:21:47.393" />
<gc-end id="1961" type="scavenge" contextid="1956" durationms="26.339" usertimems="104.668" systemtimems="20.839" stalltimems="52.010" timestamp="2025-12-16T21:21:47.394" activeThreads="10">
  <mem-info id="1962" free="90136864" total="203554816" percent="44">
    <mem type="nursery" free="71799896" total="127533056" percent="56">
      <mem type="allocate" free="71799896" total="95354880" percent="75" />
      <mem type="survivor" free="0" total="32178176" percent="0" />
    </mem>
    <mem type="tenure" free="18336968" total="76021760" percent="24">
      <mem type="soa" free="14535880" total="72220672" percent="20" />
      <mem type="loa" free="3801088" total="3801088" percent="100" />
    </mem>
    <pending-finalizers system="28" default="2146" reference="360" classloader="0" />
    <remembered-set count="5656" />
  </mem-info>
</gc-end>
<cycle-end id="1963" type="scavenge" contextid="1956" timestamp="2025-12-16T21:21:47.395" />
<allocation-satisfied id="1964" threadId="0000000000867A00" bytesRequested="24" />
<af-end id="1965" timestamp="2025-12-16T21:21:47.397" threadId="0000000000868478" success="true" from="nursery"/>
<exclusive-end id="1966" timestamp="2025-12-16T21:21:47.397" durationms="32.251" />

<exclusive-start id="1967" timestamp="2025-12-16T21:21:47.613" intervalms="248.073">
  <response-info timems="0.111" idlems="0.111" threads="0" lastid="0000000000883100" lastname="Default Executor-thread-6" />
</exclusive-start>
<af-start id="1968" threadId="0000000000883B78" totalBytesRequested="40" timestamp="2025-12-16T21:21:47.614" intervalms="247.948" type="nursery" />
<cycle-start id="1969" type="scavenge" contextid="0" timestamp="2025-12-16T21:21:47.615" intervalms="248.113" />
<gc-start id="1970" type="scavenge" contextid="1969" timestamp="2025-12-16T21:21:47.616">
  <mem-info id="1971" free="18268856" total="203554816" percent="8">
    <mem type="nursery" free="0" total="127533056" percent="0">
      <mem type="allocate" free="0" total="95354880" percent="0" />
      <mem type="survivor" free="0" total="32178176" percent="0" />
    </mem>
    <mem type="tenure" free="18268856" total="76021760" percent="24">
      <mem type="soa" free="14467768" total="72220672" percent="20" />
      <mem type="loa" free="3801088" total="3801088" percent="100" />
    </mem>
    <remembered-set count="6907" />
  </mem-info>
</gc-start>
<allocation-stats totalBytes="71826408" discardedBytes="41600" >
  <allocated-bytes non-tlh="68136" tlh="71758272" />
  <largest-consumer threadName="Default Executor-thread-5" threadId="0000000000873300" bytes="50964128" />
</allocation-stats>
<gc-op id="1972" type="scavenge" timems="20.105" contextid="1969" timestamp="2025-12-16T21:21:47.638">
  <scavenger-info tenureage="4" tenuremask="7810" tiltratio="74" />
  <memory-copied type="nursery" objects="320237" bytes="21389144" bytesdiscarded="441728" />
  <memory-copied type="tenure" objects="60871" bytes="5464480" bytesdiscarded="4312" />
  <finalization candidates="2404" enqueued="2301" />
  <ownableSynchronizers candidates="611" cleared="206" />
  <references type="soft" candidates="1309" cleared="0" enqueued="0" dynamicThreshold="9" maxThreshold="32" />
  <references type="weak" candidates="803" cleared="300" enqueued="300" />
  <references type="phantom" candidates="146" cleared="40" enqueued="40" />
  <object-monitors candidates="215" cleared="103"  />
</gc-op>
<heap-resize id="1973" type="expand" space="nursery" amount="4980736" count="1" timems="0.057" reason="excessive time being spent scavenging" timestamp="2025-12-16T21:21:47.639" />
<gc-end id="1974" type="scavenge" contextid="1969" durationms="23.561" usertimems="134.055" systemtimems="10.315" stalltimems="84.969" timestamp="2025-12-16T21:21:47.640" activeThreads="12">
  <mem-info id="1975" free="91952264" total="208535552" percent="44">
    <mem type="nursery" free="79143600" total="132513792" percent="59">
      <mem type="allocate" free="79143600" total="100990976" percent="78" />
      <mem type="survivor" free="0" total="31522816" percent="0" />
    </mem>
    <mem type="tenure" free="12808664" total="76021760" percent="16">
      <mem type="soa" free="9007576" total="72220672" percent="12" />
      <mem type="loa" free="3801088" total="3801088" percent="100" />
    </mem>
    <pending-finalizers system="69" default="2232" reference="340" classloader="0" />
    <remembered-set count="16094" />
  </mem-info>
</gc-end>
<cycle-end id="1976" type="scavenge" contextid="1969" timestamp="2025-12-16T21:21:47.641" />
<allocation-satisfied id="1977" threadId="0000000000883100" bytesRequested="40" />
<af-end id="1978" timestamp="2025-12-16T21:21:47.642" threadId="0000000000883B78" success="true" from="nursery"/>
<exclusive-end id="1979" timestamp="2025-12-16T21:21:47.643" durationms="30.023" />

<exclusive-start id="1980" timestamp="2025-12-16T21:21:47.897" intervalms="283.417">
  <response-info timems="0.128" idlems="0.128" threads="0" lastid="0000000000883100" lastname="Default Executor-thread-6" />
</exclusive-start>
<af-start id="1981" threadId="0000000000883B78" totalBytesRequested="8200" timestamp="2025-12-16T21:21:47.897" intervalms="283.269" type="nursery" />
<cycle-start id="1982" type="scavenge" contextid="0" timestamp="2025-12-16T21:21:47.898" intervalms="283.016" />
<gc-start id="1983" type="scavenge" contextid="1982" timestamp="2025-12-16T21:21:47.899">
  <mem-info id="1984" free="12743616" total="208535552" percent="6">
    <mem type="nursery" free="0" total="132513792" percent="0">
      <mem type="allocate" free="0" total="100990976" percent="0" />
      <mem type="survivor" free="0" total="31522816" percent="0" />
    </mem>
    <mem type="tenure" free="12743616" total="76021760" percent="16">
      <mem type="soa" free="8942528" total="72220672" percent="12" />
      <mem type="loa" free="3801088" total="3801088" percent="100" />
    </mem>
    <remembered-set count="17464" />
  </mem-info>
</gc-start>
<allocation-stats totalBytes="79176232" discardedBytes="32416" >
  <allocated-bytes non-tlh="65088" tlh="79111144" />
  <largest-consumer threadName="Default Executor-thread-5" threadId="0000000000873300" bytes="52018792" />
</allocation-stats>
<gc-op id="1985" type="scavenge" timems="20.516" contextid="1982" timestamp="2025-12-16T21:21:47.921">
  <scavenger-info tenureage="7" tenuremask="7880" tiltratio="76" />
  <memory-copied type="nursery" objects="411632" bytes="24633904" bytesdiscarded="433720" />
  <memory-copied type="tenure" objects="9639" bytes="757424" bytesdiscarded="2240" />
  <finalization candidates="2354" enqueued="2298" />
  <ownableSynchronizers candidates="3277" cleared="2942" />
  <references type="soft" candidates="1535" cleared="0" enqueued="0" dynamicThreshold="9" maxThreshold="32" />
  <references type="weak" candidates="762" cleared="120" enqueued="120" />
  <references type="phantom" candidates="125" cleared="9" enqueued="9" />
  <object-monitors candidates="133" cleared="18"  />
</gc-op>
<gc-end id="1986" type="scavenge" contextid="1982" durationms="22.729" usertimems="139.600" systemtimems="32.852" stalltimems="75.193" timestamp="2025-12-16T21:21:47.922" activeThreads="13">
  <mem-info id="1987" free="85299856" total="208535552" percent="40">
    <mem type="nursery" free="73674792" total="132513792" percent="55">
      <mem type="allocate" free="73674792" total="98762752" percent="74" />
      <mem type="survivor" free="0" total="33751040" percent="0" />
    </mem>
    <mem type="tenure" free="11625064" total="76021760" percent="15">
      <mem type="soa" free="7823976" total="72220672" percent="10" />
      <mem type="loa" free="3801088" total="3801088" percent="100" />
    </mem>
    <pending-finalizers system="14" default="2284" reference="129" classloader="0" />
    <remembered-set count="15060" />
  </mem-info>
</gc-end>
<cycle-end id="1988" type="scavenge" contextid="1982" timestamp="2025-12-16T21:21:47.923" />
<allocation-satisfied id="1989" threadId="0000000000883100" bytesRequested="8200" />
<af-end id="1990" timestamp="2025-12-16T21:21:47.924" threadId="0000000000883B78" success="true" from="nursery"/>
<exclusive-end id="1991" timestamp="2025-12-16T21:21:47.925" durationms="28.135" />

<exclusive-start id="1992" timestamp="2025-12-16T21:21:48.065" intervalms="168.553">
  <response-info timems="0.097" idlems="0.097" threads="0" lastid="000000000086F700" lastname="Default Executor-thread-4" />
</exclusive-start>
<af-start id="1993" threadId="0000000000870178" totalBytesRequested="144" timestamp="2025-12-16T21:21:48.066" intervalms="168.851" type="nursery" />
<cycle-start id="1994" type="scavenge" contextid="0" timestamp="2025-12-16T21:21:48.067" intervalms="168.979" />
<gc-start id="1995" type="scavenge" contextid="1994" timestamp="2025-12-16T21:21:48.068">
  <mem-info id="1996" free="11598928" total="208535552" percent="5">
    <mem type="nursery" free="0" total="132513792" percent="0">
      <mem type="allocate" free="0" total="98762752" percent="0" />
      <mem type="survivor" free="0" total="33751040" percent="0" />
    </mem>
    <mem type="tenure" free="11598928" total="76021760" percent="15">
      <mem type="soa" free="7797840" total="72220672" percent="10" />
      <mem type="loa" free="3801088" total="3801088" percent="100" />
    </mem>
    <remembered-set count="15609" />
  </mem-info>
</gc-start>
<allocation-stats totalBytes="73605584" discardedBytes="95344" >
  <allocated-bytes non-tlh="34336" tlh="73571248" />
  <largest-consumer threadName="Default Executor-thread-5" threadId="0000000000873300" bytes="31945640" />
</allocation-stats>
<gc-op id="1997" type="scavenge" timems="18.238" contextid="1994" timestamp="2025-12-16T21:21:48.088">
  <scavenger-info tenureage="11" tenuremask="7800" tiltratio="74" />
  <memory-copied type="nursery" objects="445891" bytes="23754304" bytesdiscarded="443296" />
  <finalization candidates="1147" enqueued="1091" />
  <ownableSynchronizers candidates="9252" cleared="8936" />
  <references type="soft" candidates="1640" cleared="0" enqueued="0" dynamicThreshold="9" maxThreshold="32" />
  <references type="weak" candidates="803" cleared="96" enqueued="96" />
  <references type="phantom" candidates="138" cleared="8" enqueued="8" />
  <object-monitors candidates="131" cleared="13"  />
</gc-op>
<heap-resize id="1998" type="expand" space="nursery" amount="9568256" count="1" timems="0.062" reason="excessive time being spent scavenging" timestamp="2025-12-16T21:21:48.089" />
<gc-end id="1999" type="scavenge" contextid="1994" durationms="21.528" usertimems="144.045" systemtimems="8.373" stalltimems="112.371" timestamp="2025-12-16T21:21:48.090" activeThreads="15">
  <mem-info id="2000" free="94014928" total="218103808" percent="43">
    <mem type="nursery" free="82416000" total="142082048" percent="58">
      <mem type="allocate" free="82416000" total="106627072" percent="77" />
      <mem type="survivor" free="0" total="35454976" percent="0" />
    </mem>
    <mem type="tenure" free="11598928" total="76021760" percent="15">
      <mem type="soa" free="7797840" total="72220672" percent="10" />
      <mem type="loa" free="3801088" total="3801088" percent="100" />
    </mem>
    <pending-finalizers system="15" default="1076" reference="104" classloader="0" />
    <remembered-set count="14712" />
  </mem-info>
</gc-end>
<cycle-end id="2001" type="scavenge" contextid="1994" timestamp="2025-12-16T21:21:48.091" />
<allocation-satisfied id="2002" threadId="000000000086F700" bytesRequested="144" />
<af-end id="2003" timestamp="2025-12-16T21:21:48.092" threadId="0000000000870178" success="true" from="nursery"/>
<exclusive-end id="2004" timestamp="2025-12-16T21:21:48.093" durationms="27.976" />

<exclusive-start id="2005" timestamp="2025-12-16T21:21:48.325" intervalms="260.140">
  <response-info timems="0.086" idlems="0.086" threads="0" lastid="0000000000873300" lastname="Default Executor-thread-5" />
</exclusive-start>
<af-start id="2006" threadId="0000000000873D78" totalBytesRequested="32" timestamp="2025-12-16T21:21:48.326" intervalms="260.118" type="nursery" />
<cycle-start id="2007" type="scavenge" contextid="0" timestamp="2025-12-16T21:21:48.327" intervalms="260.118" />
<gc-start id="2008" type="scavenge" contextid="2007" timestamp="2025-12-16T21:21:48.328">
  <mem-info id="2009" free="11526608" total="218103808" percent="5">
    <mem type="nursery" free="0" total="142082048" percent="0">
      <mem type="allocate" free="0" total="106627072" percent="0" />
      <mem type="survivor" free="0" total="35454976" percent="0" />
    </mem>
    <mem type="tenure" free="11526608" total="76021760" percent="15">
      <mem type="soa" free="7725520" total="72220672" percent="10" />
      <mem type="loa" free="3801088" total="3801088" percent="100" />
    </mem>
    <remembered-set count="16608" />
  </mem-info>
</gc-start>
<allocation-stats totalBytes="82454072" discardedBytes="34248" >
  <allocated-bytes non-tlh="174368" tlh="82279704" />
  <largest-consumer threadName="Default Executor-thread-5" threadId="0000000000873300" bytes="56551696" />
</allocation-stats>
<gc-op id="2010" type="scavenge" timems="23.886" contextid="2007" timestamp="2025-12-16T21:21:48.354">
  <scavenger-info tenureage="8" tenuremask="7900" tiltratio="75" />
  <memory-copied type="nursery" objects="280992" bytes="24153576" bytesdiscarded="454328" />
  <memory-copied type="tenure" objects="38357" bytes="1590336" bytesdiscarded="408" />
  <finalization candidates="2378" enqueued="2323" />
  <ownableSynchronizers candidates="360" cleared="93" />
  <references type="soft" candidates="2018" cleared="0" enqueued="0" dynamicThreshold="9" maxThreshold="32" />
  <references type="weak" candidates="794" cleared="303" enqueued="283" />
  <references type="phantom" candidates="278" cleared="96" enqueued="96" />
  <object-monitors candidates="143" cleared="24"  />
</gc-op>
<heap-resize id="2011" type="expand" space="nursery" amount="6291456" count="1" timems="0.061" reason="excessive time being spent scavenging" timestamp="2025-12-16T21:21:48.355" />
<gc-end id="2012" type="scavenge" contextid="2007" durationms="28.266" usertimems="145.161" systemtimems="46.100" stalltimems="117.920" timestamp="2025-12-16T21:21:48.357" activeThreads="15">
  <mem-info id="2013" free="101426472" total="224395264" percent="45">
    <mem type="nursery" free="91372280" total="148373504" percent="61">
      <mem type="allocate" free="91372280" total="115998720" percent="78" />
      <mem type="survivor" free="0" total="32374784" percent="0" />
    </mem>
    <mem type="tenure" free="10054192" total="76021760" percent="13">
      <mem type="soa" free="6253104" total="72220672" percent="8" />
      <mem type="loa" free="3801088" total="3801088" percent="100" />
    </mem>
    <pending-finalizers system="52" default="2271" reference="379" classloader="0" />
    <remembered-set count="15322" />
  </mem-info>
</gc-end>
<cycle-end id="2014" type="scavenge" contextid="2007" timestamp="2025-12-16T21:21:48.358" />
<allocation-satisfied id="2015" threadId="0000000000873300" bytesRequested="32" />
<af-end id="2016" timestamp="2025-12-16T21:21:48.359" threadId="0000000000873D78" success="true" from="nursery"/>
<exclusive-end id="2017" timestamp="2025-12-16T21:21:48.360" durationms="34.894" />

<concurrent-kickoff id="2018" timestamp="2025-12-16T21:21:48.978">
  <kickoff reason="threshold reached" targetBytes="38193877" thresholdFreeBytes="5294788"  remainingFree="4500208" tenureFreeBytes="10053768" nurseryFreeBytes="4500208" />
</concurrent-kickoff>
<exclusive-start id="2019" timestamp="2025-12-16T21:21:48.981" intervalms="655.554">
  <response-info timems="0.199" idlems="0.199" threads="0" lastid="0000000000873300" lastname="Default Executor-thread-5" />
</exclusive-start>
<cycle-start id="2020" type="global" contextid="0" timestamp="2025-12-16T21:21:48.982" intervalms="2430.838" />
<concurrent-start id="2021" type="global mark" contextid="2020" timestamp="2025-12-16T21:21:48.983">
</concurrent-start>
<exclusive-end id="2022" timestamp="2025-12-16T21:21:48.984" durationms="3.316" />

<concurrent-end id="2023" type="global mark" contextid="2020" timestamp="2025-12-16T21:21:49.074">
<gc-op id="2024" type="trace" timems="90.451" contextid="2020" timestamp="2025-12-16T21:21:49.074">
  <trace bytesTraced="40698448" workStackOverflowCount="0" />
  <card-cleaning reason="card cleaning threshold reached" bytesTraced="22880" cardsCleaned="55" />
</gc-op>
</concurrent-end>

<exclusive-start id="2025" timestamp="2025-12-16T21:21:49.076" intervalms="95.422">
  <response-info timems="0.060" idlems="0.060" threads="0" lastid="0000000000873300" lastname="Default Executor-thread-5" />
</exclusive-start>
<concurrent-global-final id="2026" timestamp="2025-12-16T21:21:49.077" contextid="2020" intervalms="2463.086" >
  <concurrent-trace-info reason="card cleaning threshold reached" tracedByMutators="16860264" tracedByHelpers="23861064" cardsCleaned="55" workStackOverflowCount="0" />
</concurrent-global-final>
<gc-start id="2027" type="global" contextid="2020" timestamp="2025-12-16T21:21:49.079">
  <mem-info id="2028" free="10359528" total="224395264" percent="4">
    <mem type="nursery" free="305904" total="148373504" percent="0">
      <mem type="allocate" free="305904" total="115998720" percent="0" />
      <mem type="survivor" free="0" total="32374784" percent="0" />
    </mem>
    <mem type="tenure" free="10053624" total="76021760" percent="13">
      <mem type="soa" free="6252536" total="72220672" percent="8" />
      <mem type="loa" free="3801088" total="3801088" percent="100" />
    </mem>
    <remembered-set count="16140" />
  </mem-info>
</gc-start>
<allocation-stats totalBytes="91028648" discardedBytes="38296" >
  <allocated-bytes non-tlh="295528" tlh="90733120" />
  <largest-consumer threadName="Default Executor-thread-5" threadId="0000000000873300" bytes="90189000" />
</allocation-stats>
<gc-op id="2029" type="rs-scan" timems="12.405" contextid="2020" timestamp="2025-12-16T21:21:49.094">
  <scan objectsFound="340039" bytesTraced="19224316" workStackOverflowCount="0" />
</gc-op>
<gc-op id="2030" type="card-cleaning" timems="5.057" contextid="2020" timestamp="2025-12-16T21:21:49.100">
  <card-cleaning cardsCleaned="4" bytesTraced="2196976" workStackOverflowCount="0" />
</gc-op>
<gc-op id="2031" type="mark" timems="29.055" contextid="2020" timestamp="2025-12-16T21:21:49.130">
  <trace-info objectcount="11997" scancount="9226" scanbytes="304064" />
  <finalization candidates="1735" enqueued="836" />
  <ownableSynchronizers candidates="9064" cleared="127" />
  <references type="soft" candidates="14526" cleared="5" enqueued="4" dynamicThreshold="9" maxThreshold="32" />
  <references type="weak" candidates="15718" cleared="127" enqueued="127" />
  <references type="phantom" candidates="406" cleared="0" enqueued="0" />
  <stringconstants candidates="41245" cleared="52"  />
  <object-monitors candidates="119" cleared="14"  />
</gc-op>
<gc-op id="2032" type="classunload" timems="2.421" contextid="2020" timestamp="2025-12-16T21:21:49.133">
  <classunload-info classloadercandidates="450" classloadersunloaded="1" classesunloaded="4" anonymousclassesunloaded="3" quiescems="0.000" setupms="2.352" scanms="0.052" postms="0.017" />
</gc-op>
<gc-op id="2033" type="sweep" timems="5.360" contextid="2020" timestamp="2025-12-16T21:21:49.139" />
<heap-resize id="2034" type="expand" space="tenure" amount="11534336" count="1" timems="2.285" reason="insufficient free space following gc" timestamp="2025-12-16T21:21:49.142" />
<gc-end id="2035" type="global" contextid="2020" durationms="64.210" usertimems="230.719" systemtimems="67.101" stalltimems="539.843" timestamp="2025-12-16T21:21:49.143" activeThreads="20">
  <mem-info id="2036" free="98169992" total="235929600" percent="41">
    <mem type="nursery" free="71879960" total="148373504" percent="48">
      <mem type="allocate" free="71879960" total="115998720" percent="61" />
      <mem type="survivor" free="0" total="32374784" percent="0" />
    </mem>
    <mem type="tenure" free="26290032" total="87556096" percent="30" micro-fragmented="1947894" macro-fragmented="0">
      <mem type="soa" free="21911408" total="83177472" percent="26" />
      <mem type="loa" free="4378624" total="4378624" percent="100" />
    </mem>
    <pending-finalizers system="0" default="836" reference="131" classloader="0" />
    <remembered-set count="15275" />
  </mem-info>
</gc-end>
<cycle-end id="2037" type="global" contextid="2020" timestamp="2025-12-16T21:21:49.144" />
<exclusive-end id="2038" timestamp="2025-12-16T21:21:49.145" durationms="68.733" />

<exclusive-start id="2039" timestamp="2025-12-16T21:21:49.441" intervalms="365.040">
  <response-info timems="0.074" idlems="0.074" threads="0" lastid="0000000000873300" lastname="Default Executor-thread-5" />
</exclusive-start>
<af-start id="2040" threadId="0000000000873D78" totalBytesRequested="88" timestamp="2025-12-16T21:21:49.442" intervalms="1115.862" type="nursery" />
<cycle-start id="2041" type="scavenge" contextid="0" timestamp="2025-12-16T21:21:49.443" intervalms="1116.001" />
<gc-start id="2042" type="scavenge" contextid="2041" timestamp="2025-12-16T21:21:49.444">
  <mem-info id="2043" free="26289936" total="235929600" percent="11">
    <mem type="nursery" free="0" total="148373504" percent="0">
      <mem type="allocate" free="0" total="115998720" percent="0" />
      <mem type="survivor" free="0" total="32374784" percent="0" />
    </mem>
    <mem type="tenure" free="26289936" total="87556096" percent="30">
      <mem type="soa" free="21911312" total="83177472" percent="26" />
      <mem type="loa" free="4378624" total="4378624" percent="100" />
    </mem>
    <remembered-set count="15346" />
  </mem-info>
</gc-start>
<allocation-stats totalBytes="70617808" discardedBytes="994264" >
  <allocated-bytes non-tlh="20453904" tlh="50163904" />
  <largest-consumer threadName="Default Executor-thread-5" threadId="0000000000873300" bytes="70343584" />
</allocation-stats>
<gc-op id="2044" type="scavenge" timems="27.236" contextid="2041" timestamp="2025-12-16T21:21:49.473">
  <scavenger-info tenureage="11" tenuremask="7800" tiltratio="78" />
  <memory-copied type="nursery" objects="487495" bytes="32334208" bytesdiscarded="29872" />
  <memory-copied type="tenure" objects="10079" bytes="5813480" bytesdiscarded="65136" />
  <copy-failed type="nursery" objects="10079" bytes="5814704" />
  <finalization candidates="2283" enqueued="2255" />
  <ownableSynchronizers candidates="17885" cleared="17612" />
  <references type="soft" candidates="2018" cleared="0" enqueued="0" dynamicThreshold="9" maxThreshold="32" />
  <references type="weak" candidates="543" cleared="22" enqueued="22" />
  <references type="phantom" candidates="153" cleared="0" enqueued="0" />
  <object-monitors candidates="105" cleared="0"  />
</gc-op>
<gc-end id="2045" type="scavenge" contextid="2041" durationms="30.076" usertimems="209.257" systemtimems="26.876" stalltimems="188.249" timestamp="2025-12-16T21:21:49.474" activeThreads="16">
  <mem-info id="2046" free="71331328" total="235929600" percent="30">
    <mem type="nursery" free="51314688" total="148373504" percent="34">
      <mem type="allocate" free="51314688" total="83689472" percent="61" />
      <mem type="survivor" free="0" total="64684032" percent="0" />
    </mem>
    <mem type="tenure" free="20016640" total="87556096" percent="22">
      <mem type="soa" free="15638016" total="83177472" percent="18" />
      <mem type="loa" free="4378624" total="4378624" percent="100" />
    </mem>
    <pending-finalizers system="0" default="2255" reference="22" classloader="0" />
    <remembered-set count="15638" />
  </mem-info>
</gc-end>
<cycle-end id="2047" type="scavenge" contextid="2041" timestamp="2025-12-16T21:21:49.476" />
<allocation-satisfied id="2048" threadId="0000000000873300" bytesRequested="88" />
<af-end id="2049" timestamp="2025-12-16T21:21:49.478" threadId="0000000000873D78" success="true" from="nursery"/>
<exclusive-end id="2050" timestamp="2025-12-16T21:21:49.479" durationms="37.629" />

<exclusive-start id="2051" timestamp="2025-12-16T21:21:49.686" intervalms="244.816">
  <response-info timems="0.063" idlems="0.063" threads="0" lastid="0000000000873300" lastname="Default Executor-thread-5" />
</exclusive-start>
<af-start id="2052" threadId="0000000000873D78" totalBytesRequested="7128" timestamp="2025-12-16T21:21:49.687" intervalms="245.054" type="nursery" />
<cycle-start id="2053" type="scavenge" contextid="0" timestamp="2025-12-16T21:21:49.689" intervalms="245.547" />
<gc-start id="2054" type="scavenge" contextid="2053" timestamp="2025-12-16T21:21:49.690">
  <mem-info id="2055" free="20014992" total="235929600" percent="8">
    <mem type="nursery" free="0" total="148373504" percent="0">
      <mem type="allocate" free="0" total="83689472" percent="0" />
      <mem type="survivor" free="0" total="64684032" percent="0" />
    </mem>
    <mem type="tenure" free="20014992" total="87556096" percent="22">
      <mem type="soa" free="15636368" total="83177472" percent="18" />
      <mem type="loa" free="4378624" total="4378624" percent="100" />
    </mem>
    <remembered-set count="15793" />
  </mem-info>
</gc-start>
<allocation-stats totalBytes="51280952" discardedBytes="35384" >
  <allocated-bytes non-tlh="1736" tlh="51279216" />
  <largest-consumer threadName="Default Executor-thread-5" threadId="0000000000873300" bytes="51088440" />
</allocation-stats>
<gc-op id="2056" type="scavenge" timems="25.614" contextid="2053" timestamp="2025-12-16T21:21:49.718">
  <scavenger-info tenureage="10" tenuremask="7c00" tiltratio="56" />
  <memory-copied type="nursery" objects="503306" bytes="36939072" bytesdiscarded="501832" />
  <finalization candidates="1773" enqueued="1746" />
  <ownableSynchronizers candidates="299" cleared="25" />
  <references type="soft" candidates="2018" cleared="0" enqueued="0" dynamicThreshold="9" maxThreshold="32" />
  <references type="weak" candidates="578" cleared="36" enqueued="36" />
  <references type="phantom" candidates="177" cleared="0" enqueued="0" />
  <object-monitors candidates="105" cleared="0"  />
</gc-op>
<heap-resize id="2057" type="expand" space="nursery" amount="8126464" count="1" timems="0.060" reason="excessive time being spent scavenging" timestamp="2025-12-16T21:21:49.720" />
<gc-end id="2058" type="scavenge" contextid="2053" durationms="30.444" usertimems="204.844" systemtimems="28.990" stalltimems="170.800" timestamp="2025-12-16T21:21:49.721" activeThreads="16">
  <mem-info id="2059" free="74506408" total="244056064" percent="30">
    <mem type="nursery" free="54491416" total="156499968" percent="34">
      <mem type="allocate" free="54491416" total="91947008" percent="59" />
      <mem type="survivor" free="0" total="64552960" percent="0" />
    </mem>
    <mem type="tenure" free="20014992" total="87556096" percent="22">
      <mem type="soa" free="15636368" total="83177472" percent="18" />
      <mem type="loa" free="4378624" total="4378624" percent="100" />
    </mem>
    <pending-finalizers system="0" default="1746" reference="36" classloader="0" />
    <remembered-set count="15082" />
  </mem-info>
</gc-end>
<cycle-end id="2060" type="scavenge" contextid="2053" timestamp="2025-12-16T21:21:49.722" />
<allocation-satisfied id="2061" threadId="0000000000873300" bytesRequested="7128" />
<af-end id="2062" timestamp="2025-12-16T21:21:49.724" threadId="0000000000873D78" success="true" from="nursery"/>
<exclusive-end id="2063" timestamp="2025-12-16T21:21:49.725" durationms="39.238" />

<exclusive-start id="2064" timestamp="2025-12-16T21:21:49.955" intervalms="268.586">
  <response-info timems="0.066" idlems="0.066" threads="0" lastid="0000000000873300" lastname="Default Executor-thread-5" />
</exclusive-start>
<af-start id="2065" threadId="0000000000873D78" totalBytesRequested="322920" timestamp="2025-12-16T21:21:49.956" intervalms="268.456" type="nursery" />
<cycle-start id="2066" type="scavenge" contextid="0" timestamp="2025-12-16T21:21:49.956" intervalms="267.810" />
<gc-start id="2067" type="scavenge" contextid="2066" timestamp="2025-12-16T21:21:49.957">
  <mem-info id="2068" free="20014992" total="244056064" percent="8">
    <mem type="nursery" free="0" total="156499968" percent="0">
      <mem type="allocate" free="0" total="91947008" percent="0" />
      <mem type="survivor" free="0" total="64552960" percent="0" />
    </mem>
    <mem type="tenure" free="20014992" total="87556096" percent="22">
      <mem type="soa" free="15636368" total="83177472" percent="18" />
      <mem type="loa" free="4378624" total="4378624" percent="100" />
    </mem>
    <remembered-set count="15197" />
  </mem-info>
</gc-start>
<allocation-stats totalBytes="54470016" discardedBytes="21400" >
  <allocated-bytes non-tlh="7128" tlh="54462888" />
  <largest-consumer threadName="Default Executor-thread-5" threadId="0000000000873300" bytes="54216264" />
</allocation-stats>
<gc-op id="2069" type="scavenge" timems="20.767" contextid="2066" timestamp="2025-12-16T21:21:49.980">
  <scavenger-info tenureage="9" tenuremask="7e00" tiltratio="58" />
  <memory-copied type="nursery" objects="484722" bytes="35740272" bytesdiscarded="330112" />
  <memory-copied type="tenure" objects="33662" bytes="1735840" bytesdiscarded="1776" />
  <finalization candidates="2281" enqueued="2254" />
  <ownableSynchronizers candidates="285" cleared="11" />
  <references type="soft" candidates="1967" cleared="0" enqueued="0" dynamicThreshold="9" maxThreshold="32" />
  <references type="weak" candidates="538" cleared="17" enqueued="17" />
  <references type="phantom" candidates="181" cleared="0" enqueued="0" />
  <object-monitors candidates="105" cleared="0"  />
</gc-op>
<heap-resize id="2070" type="expand" space="nursery" amount="5898240" count="1" timems="0.058" reason="excessive time being spent scavenging" timestamp="2025-12-16T21:21:49.981" />
<gc-end id="2071" type="scavenge" contextid="2066" durationms="24.737" usertimems="181.509" systemtimems="15.117" stalltimems="130.631" timestamp="2025-12-16T21:21:49.982" activeThreads="16">
  <mem-info id="2072" free="83223864" total="249954304" percent="33">
    <mem type="nursery" free="65960192" total="162398208" percent="40">
      <mem type="allocate" free="65960192" total="102039552" percent="64" />
      <mem type="survivor" free="0" total="60358656" percent="0" />
    </mem>
    <mem type="tenure" free="17263672" total="87556096" percent="19">
      <mem type="soa" free="12885048" total="83177472" percent="15" />
      <mem type="loa" free="4378624" total="4378624" percent="100" />
    </mem>
    <pending-finalizers system="0" default="2254" reference="17" classloader="0" />
    <remembered-set count="13214" />
  </mem-info>
</gc-end>
<cycle-end id="2073" type="scavenge" contextid="2066" timestamp="2025-12-16T21:21:49.983" />
<allocation-satisfied id="2074" threadId="0000000000873300" bytesRequested="322920" />
<af-end id="2075" timestamp="2025-12-16T21:21:49.985" threadId="0000000000873D78" success="true" from="nursery"/>
<exclusive-end id="2076" timestamp="2025-12-16T21:21:49.986" durationms="31.386" />

<exclusive-start id="2077" timestamp="2025-12-16T21:21:50.250" intervalms="295.702">
  <response-info timems="0.062" idlems="0.062" threads="0" lastid="0000000000873300" lastname="Default Executor-thread-5" />
</exclusive-start>
<af-start id="2078" threadId="0000000000873D78" totalBytesRequested="4696" timestamp="2025-12-16T21:21:50.252" intervalms="296.167" type="nursery" />
<cycle-start id="2079" type="scavenge" contextid="0" timestamp="2025-12-16T21:21:50.253" intervalms="296.686" />
<gc-start id="2080" type="scavenge" contextid="2079" timestamp="2025-12-16T21:21:50.256">
  <mem-info id="2081" free="17263672" total="249954304" percent="6">
    <mem type="nursery" free="0" total="162398208" percent="0">
      <mem type="allocate" free="0" total="102039552" percent="0" />
      <mem type="survivor" free="0" total="60358656" percent="0" />
    </mem>
    <mem type="tenure" free="17263672" total="87556096" percent="19">
      <mem type="soa" free="12885048" total="83177472" percent="15" />
      <mem type="loa" free="4378624" total="4378624" percent="100" />
    </mem>
    <remembered-set count="13282" />
  </mem-info>
</gc-start>
<allocation-stats totalBytes="65932648" discardedBytes="27544" >
  <allocated-bytes non-tlh="322920" tlh="65609728" />
  <largest-consumer threadName="Default Executor-thread-5" threadId="0000000000873300" bytes="65732136" />
</allocation-stats>
<gc-op id="2082" type="scavenge" timems="28.623" contextid="2079" timestamp="2025-12-16T21:21:50.287">
  <scavenger-info tenureage="8" tenuremask="7f00" tiltratio="62" />
  <memory-copied type="nursery" objects="442481" bytes="36058408" bytesdiscarded="419248" />
  <memory-copied type="tenure" objects="67711" bytes="3278824" bytesdiscarded="976" />
  <finalization candidates="3004" enqueued="3004" />
  <ownableSynchronizers candidates="291" cleared="26" />
  <references type="soft" candidates="959" cleared="0" enqueued="0" dynamicThreshold="9" maxThreshold="32" />
  <references type="weak" candidates="392" cleared="8" enqueued="8" />
  <references type="phantom" candidates="97" cleared="0" enqueued="0" />
  <object-monitors candidates="105" cleared="0"  />
</gc-op>
<heap-resize id="2083" type="expand" space="nursery" amount="7733248" count="1" timems="0.059" reason="excessive time being spent scavenging" timestamp="2025-12-16T21:21:50.288" />
<gc-end id="2084" type="scavenge" contextid="2079" durationms="33.253" usertimems="221.791" systemtimems="28.027" stalltimems="138.097" timestamp="2025-12-16T21:21:50.289" activeThreads="16">
  <mem-info id="2085" free="89418080" total="257687552" percent="34">
    <mem type="nursery" free="75387720" total="170131456" percent="44">
      <mem type="allocate" free="75387720" total="111869952" percent="67" />
      <mem type="survivor" free="0" total="58261504" percent="0" />
    </mem>
    <mem type="tenure" free="14030360" total="87556096" percent="16">
      <mem type="soa" free="9651736" total="83177472" percent="11" />
      <mem type="loa" free="4378624" total="4378624" percent="100" />
    </mem>
    <pending-finalizers system="0" default="3004" reference="8" classloader="0" />
    <remembered-set count="14761" />
  </mem-info>
</gc-end>
<cycle-end id="2086" type="scavenge" contextid="2079" timestamp="2025-12-16T21:21:50.290" />
<allocation-satisfied id="2087" threadId="0000000000873300" bytesRequested="4696" />
<af-end id="2088" timestamp="2025-12-16T21:21:50.292" threadId="0000000000873D78" success="true" from="nursery"/>
<exclusive-end id="2089" timestamp="2025-12-16T21:21:50.293" durationms="42.876" />

<exclusive-start id="2090" timestamp="2025-12-16T21:21:50.605" intervalms="354.545">
  <response-info timems="0.077" idlems="0.077" threads="0" lastid="0000000000873300" lastname="Default Executor-thread-5" />
</exclusive-start>
<af-start id="2091" threadId="0000000000873D78" totalBytesRequested="6904" timestamp="2025-12-16T21:21:50.606" intervalms="354.239" type="nursery" />
<cycle-start id="2092" type="scavenge" contextid="0" timestamp="2025-12-16T21:21:50.607" intervalms="353.951" />
<gc-start id="2093" type="scavenge" contextid="2092" timestamp="2025-12-16T21:21:50.609">
  <mem-info id="2094" free="14030360" total="257687552" percent="5">
    <mem type="nursery" free="0" total="170131456" percent="0">
      <mem type="allocate" free="0" total="111869952" percent="0" />
      <mem type="survivor" free="0" total="58261504" percent="0" />
    </mem>
    <mem type="tenure" free="14030360" total="87556096" percent="16">
      <mem type="soa" free="9651736" total="83177472" percent="11" />
      <mem type="loa" free="4378624" total="4378624" percent="100" />
    </mem>
    <remembered-set count="14943" />
  </mem-info>
</gc-start>
<allocation-stats totalBytes="75372536" discardedBytes="15184" >
  <allocated-bytes non-tlh="4696" tlh="75367840" />
  <largest-consumer threadName="Default Executor-thread-5" threadId="0000000000873300" bytes="75241624" />
</allocation-stats>
<gc-op id="2095" type="scavenge" timems="50.790" contextid="2092" timestamp="2025-12-16T21:21:50.662">
  <scavenger-info tenureage="4" tenuremask="7f90" tiltratio="65" />
  <memory-copied type="nursery" objects="153665" bytes="20151616" bytesdiscarded="753232" />
  <memory-copied type="tenure" objects="312097" bytes="18255880" bytesdiscarded="18008" />
  <finalization candidates="3052" enqueued="3052" />
  <ownableSynchronizers candidates="89" cleared="33" />
  <references type="soft" candidates="489" cleared="0" enqueued="0" dynamicThreshold="9" maxThreshold="32" />
  <references type="weak" candidates="281" cleared="18" enqueued="18" />
  <references type="phantom" candidates="95" cleared="0" enqueued="0" />
  <object-monitors candidates="105" cleared="0"  />
  <heap-resize type="expand" space="tenure" amount="8257536" count="42" timems="12.357" reason="continue current collection" />
</gc-op>
<heap-resize id="2096" type="expand" space="nursery" amount="11272192" count="1" timems="0.070" reason="excessive time being spent scavenging" timestamp="2025-12-16T21:21:50.663" />
<gc-end id="2097" type="scavenge" contextid="2092" durationms="55.142" usertimems="274.458" systemtimems="51.293" stalltimems="241.823" timestamp="2025-12-16T21:21:50.664" activeThreads="17">
  <mem-info id="2098" free="108360832" total="277217280" percent="39">
    <mem type="nursery" free="103545216" total="181403648" percent="57">
      <mem type="allocate" free="103545216" total="124452864" percent="83" />
      <mem type="survivor" free="0" total="56950784" percent="0" />
    </mem>
    <mem type="tenure" free="4815616" total="95813632" percent="5">
      <mem type="soa" free="24320" total="91022336" percent="0" />
      <mem type="loa" free="4791296" total="4791296" percent="100" />
    </mem>
    <pending-finalizers system="0" default="3052" reference="18" classloader="0" />
    <remembered-set count="10626" />
  </mem-info>
</gc-end>
<cycle-end id="2099" type="scavenge" contextid="2092" timestamp="2025-12-16T21:21:50.666" />
<allocation-satisfied id="2100" threadId="0000000000873300" bytesRequested="6904" />
<af-end id="2101" timestamp="2025-12-16T21:21:50.668" threadId="0000000000873D78" success="true" from="nursery"/>
<exclusive-end id="2102" timestamp="2025-12-16T21:21:50.669" durationms="63.635" />

<concurrent-kickoff id="2103" timestamp="2025-12-16T21:21:51.054">
  <kickoff reason="threshold reached" targetBytes="48778658" thresholdFreeBytes="6764661"  remainingFree="6064512" tenureFreeBytes="4813568" nurseryFreeBytes="6064512" />
</concurrent-kickoff>
<exclusive-start id="2104" timestamp="2025-12-16T21:21:51.057" intervalms="452.182">
  <response-info timems="0.060" idlems="0.060" threads="0" lastid="0000000000873300" lastname="Default Executor-thread-5" />
</exclusive-start>
<cycle-start id="2105" type="global" contextid="0" timestamp="2025-12-16T21:21:51.058" intervalms="2076.002" />
<concurrent-start id="2106" type="global mark" contextid="2105" timestamp="2025-12-16T21:21:51.059">
</concurrent-start>
<exclusive-end id="2107" timestamp="2025-12-16T21:21:51.060" durationms="2.515" />

<exclusive-start id="2108" timestamp="2025-12-16T21:21:51.169" intervalms="112.077">
  <response-info timems="0.082" idlems="0.082" threads="0" lastid="0000000000873300" lastname="Default Executor-thread-5" />
</exclusive-start>
<af-start id="2109" threadId="0000000000873D78" totalBytesRequested="24" timestamp="2025-12-16T21:21:51.170" intervalms="564.452" type="nursery" />
<cycle-start id="2110" type="scavenge" contextid="0" timestamp="2025-12-16T21:21:51.172" intervalms="564.698" />
<gc-start id="2111" type="scavenge" contextid="2110" timestamp="2025-12-16T21:21:51.173">
  <mem-info id="2112" free="4813568" total="277217280" percent="1">
    <mem type="nursery" free="0" total="181403648" percent="0">
      <mem type="allocate" free="0" total="124452864" percent="0" />
      <mem type="survivor" free="0" total="56950784" percent="0" />
    </mem>
    <mem type="tenure" free="4813568" total="95813632" percent="5">
      <mem type="soa" free="22272" total="91022336" percent="0" />
      <mem type="loa" free="4791296" total="4791296" percent="100" />
    </mem>
    <remembered-set count="11685" />
  </mem-info>
</gc-start>
<allocation-stats totalBytes="103536976" discardedBytes="10288" >
  <allocated-bytes non-tlh="8952" tlh="103528024" />
  <largest-consumer threadName="Default Executor-thread-5" threadId="0000000000873300" bytes="103299728" />
</allocation-stats>
<gc-op id="2113" type="scavenge" timems="33.331" contextid="2110" timestamp="2025-12-16T21:21:51.209">
  <scavenger-info tenureage="7" tenuremask="7f80" tiltratio="68" />
  <memory-copied type="nursery" objects="144778" bytes="12382168" bytesdiscarded="454360" />
  <memory-copied type="tenure" objects="13847" bytes="839424" bytesdiscarded="2184" />
  <finalization candidates="619" enqueued="619" />
  <ownableSynchronizers candidates="113" cleared="64" />
  <references type="soft" candidates="384" cleared="0" enqueued="0" dynamicThreshold="9" maxThreshold="32" />
  <references type="weak" candidates="328" cleared="107" enqueued="107" />
  <references type="phantom" candidates="139" cleared="0" enqueued="0" />
  <object-monitors candidates="105" cleared="0"  />
  <heap-resize type="expand" space="tenure" amount="1966080" count="5" timems="4.215" reason="continue current collection" />
</gc-op>
<gc-end id="2114" type="scavenge" contextid="2110" durationms="36.804" usertimems="133.596" systemtimems="45.204" stalltimems="293.054" timestamp="2025-12-16T21:21:51.210" activeThreads="20">
  <mem-info id="2115" free="126099344" total="279183360" percent="45">
    <mem type="nursery" free="120850576" total="181403648" percent="66">
      <mem type="allocate" free="120850576" total="133693440" percent="90" />
      <mem type="survivor" free="0" total="47710208" percent="0" />
    </mem>
    <mem type="tenure" free="5248768" total="97779712" percent="5">
      <mem type="soa" free="359168" total="92890112" percent="0" />
      <mem type="loa" free="4889600" total="4889600" percent="100" />
    </mem>
    <pending-finalizers system="0" default="619" reference="107" classloader="0" />
    <remembered-set count="10058" />
  </mem-info>
</gc-end>
<cycle-end id="2116" type="scavenge" contextid="2110" timestamp="2025-12-16T21:21:51.211" />
<allocation-satisfied id="2117" threadId="0000000000873300" bytesRequested="24" />
<af-end id="2118" timestamp="2025-12-16T21:21:51.213" threadId="0000000000873D78" success="true" from="nursery"/>
<exclusive-end id="2119" timestamp="2025-12-16T21:21:51.214" durationms="44.533" />

<concurrent-end id="2120" type="global mark" contextid="2105" timestamp="2025-12-16T21:21:51.215">
<gc-op id="2121" type="trace" timems="155.794" contextid="2105" timestamp="2025-12-16T21:21:51.215">
  <trace bytesTraced="52464744" workStackOverflowCount="0" />
  <card-cleaning reason="card cleaning threshold reached" bytesTraced="32472" cardsCleaned="30" />
</gc-op>
</concurrent-end>

<exclusive-start id="2122" timestamp="2025-12-16T21:21:51.216" intervalms="47.274">
  <response-info timems="0.074" idlems="0.074" threads="0" lastid="0000000000873300" lastname="Default Executor-thread-5" />
</exclusive-start>
<concurrent-global-final id="2123" timestamp="2025-12-16T21:21:51.217" contextid="2105" intervalms="2139.860" >
  <concurrent-trace-info reason="card cleaning threshold reached" tracedByMutators="21588996" tracedByHelpers="30908220" cardsCleaned="30" workStackOverflowCount="0" />
</concurrent-global-final>
<gc-start id="2124" type="global" contextid="2105" timestamp="2025-12-16T21:21:51.220">
  <mem-info id="2125" free="125558648" total="279183360" percent="44">
    <mem type="nursery" free="120309880" total="181403648" percent="66">
      <mem type="allocate" free="120309880" total="133693440" percent="89" />
      <mem type="survivor" free="0" total="47710208" percent="0" />
    </mem>
    <mem type="tenure" free="5248768" total="97779712" percent="5">
      <mem type="soa" free="359168" total="92890112" percent="0" />
      <mem type="loa" free="4889600" total="4889600" percent="100" />
    </mem>
    <remembered-set count="10080" />
  </mem-info>
</gc-start>
<allocation-stats totalBytes="540696" discardedBytes="0" >
  <allocated-bytes non-tlh="24" tlh="540672" />
  <largest-consumer threadName="Default Executor-thread-5" threadId="0000000000873300" bytes="524312" />
</allocation-stats>
<heap-resize id="2126" type="loa contract" space="tenure" amount="977920" count="1" timems="0.000" reason="contract underutilized loa" timestamp="2025-12-16T21:21:51.222" />
<gc-op id="2127" type="rs-scan" timems="13.020" contextid="2105" timestamp="2025-12-16T21:21:51.236">
  <scan objectsFound="138223" bytesTraced="9157108" workStackOverflowCount="0" />
</gc-op>
<gc-op id="2128" type="card-cleaning" timems="10.700" contextid="2105" timestamp="2025-12-16T21:21:51.247">
  <card-cleaning cardsCleaned="594" bytesTraced="7465916" workStackOverflowCount="0" />
</gc-op>
<gc-op id="2129" type="mark" timems="16.763" contextid="2105" timestamp="2025-12-16T21:21:51.265">
  <trace-info objectcount="15506" scancount="14484" scanbytes="1101516" />
  <finalization candidates="898" enqueued="0" />
  <ownableSynchronizers candidates="8942" cleared="5" />
  <references type="soft" candidates="14519" cleared="2" enqueued="2" dynamicThreshold="9" maxThreshold="32" />
  <references type="weak" candidates="15545" cleared="1" enqueued="1" />
  <references type="phantom" candidates="381" cleared="0" enqueued="0" />
  <stringconstants candidates="41216" cleared="3"  />
  <object-monitors candidates="105" cleared="4"  />
</gc-op>
<gc-op id="2130" type="sweep" timems="4.668" contextid="2105" timestamp="2025-12-16T21:21:51.271" />
<heap-resize id="2131" type="expand" space="tenure" amount="22085632" count="1" timems="2.567" reason="insufficient free space following gc" timestamp="2025-12-16T21:21:51.275" />
<heap-resize id="2132" type="loa contract" space="tenure" amount="3596288" count="1" timems="0.000" reason="contract to meet minimum soa" timestamp="2025-12-16T21:21:51.278" />
<gc-end id="2133" type="global" contextid="2105" durationms="59.641" usertimems="213.255" systemtimems="42.310" stalltimems="322.314" timestamp="2025-12-16T21:21:51.280" activeThreads="20">
  <mem-info id="2134" free="158367880" total="301268992" percent="52">
    <mem type="nursery" free="122387416" total="181403648" percent="67">
      <mem type="allocate" free="122387416" total="133693440" percent="91" />
      <mem type="survivor" free="0" total="47710208" percent="0" />
    </mem>
    <mem type="tenure" free="35980464" total="119865344" percent="30" micro-fragmented="1982297" macro-fragmented="0">
      <mem type="soa" free="34781360" total="118666240" percent="29" />
      <mem type="loa" free="1199104" total="1199104" percent="100" />
    </mem>
    <pending-finalizers system="0" default="0" reference="3" classloader="0" />
    <remembered-set count="9983" />
  </mem-info>
</gc-end>
<cycle-end id="2135" type="global" contextid="2105" timestamp="2025-12-16T21:21:51.281" />
<exclusive-end id="2136" timestamp="2025-12-16T21:21:51.282" durationms="65.761" />

<exclusive-start id="2137" timestamp="2025-12-16T21:21:52.131" intervalms="914.482">
  <response-info timems="0.091" idlems="0.091" threads="0" lastid="0000000000873300" lastname="Default Executor-thread-5" />
</exclusive-start>
<af-start id="2138" threadId="0000000000873D78" totalBytesRequested="1040" timestamp="2025-12-16T21:21:52.132" intervalms="961.525" type="nursery" />
<cycle-start id="2139" type="scavenge" contextid="0" timestamp="2025-12-16T21:21:52.133" intervalms="961.245" />
<gc-start id="2140" type="scavenge" contextid="2139" timestamp="2025-12-16T21:21:52.134">
  <mem-info id="2141" free="35969648" total="301268992" percent="11">
    <mem type="nursery" free="0" total="181403648" percent="0">
      <mem type="allocate" free="0" total="133693440" percent="0" />
      <mem type="survivor" free="0" total="47710208" percent="0" />
    </mem>
    <mem type="tenure" free="35969648" total="119865344" percent="30">
      <mem type="soa" free="34770544" total="118666240" percent="29" />
      <mem type="loa" free="1199104" total="1199104" percent="100" />
    </mem>
    <remembered-set count="10846" />
  </mem-info>
</gc-start>
<allocation-stats totalBytes="122380376" discardedBytes="17112" >
  <allocated-bytes non-tlh="26504" tlh="122353872" />
  <largest-consumer threadName="Default Executor-thread-5" threadId="0000000000873300" bytes="117913832" />
</allocation-stats>
<gc-op id="2142" type="scavenge" timems="19.060" contextid="2139" timestamp="2025-12-16T21:21:52.155">
  <scavenger-info tenureage="8" tenuremask="7f00" tiltratio="73" />
  <memory-copied type="nursery" objects="225419" bytes="15685816" bytesdiscarded="343160" />
  <finalization candidates="568" enqueued="568" />
  <ownableSynchronizers candidates="19701" cleared="19563" />
  <references type="soft" candidates="470" cleared="0" enqueued="0" dynamicThreshold="9" maxThreshold="32" />
  <references type="weak" candidates="639" cleared="333" enqueued="333" />
  <references type="phantom" candidates="718" cleared="568" enqueued="568" />
  <object-monitors candidates="101" cleared="0"  />
</gc-op>
<gc-end id="2143" type="scavenge" contextid="2139" durationms="22.378" usertimems="117.673" systemtimems="9.077" stalltimems="237.753" timestamp="2025-12-16T21:21:52.157" activeThreads="20">
  <mem-info id="2144" free="158447608" total="301268992" percent="52">
    <mem type="nursery" free="122477960" total="181403648" percent="67">
      <mem type="allocate" free="122477960" total="138543104" percent="88" />
      <mem type="survivor" free="0" total="42860544" percent="0" />
    </mem>
    <mem type="tenure" free="35969648" total="119865344" percent="30">
      <mem type="soa" free="34770544" total="118666240" percent="29" />
      <mem type="loa" free="1199104" total="1199104" percent="100" />
    </mem>
    <pending-finalizers system="0" default="568" reference="901" classloader="0" />
    <remembered-set count="10557" />
  </mem-info>
</gc-end>
<cycle-end id="2145" type="scavenge" contextid="2139" timestamp="2025-12-16T21:21:52.158" />
<allocation-satisfied id="2146" threadId="0000000000873300" bytesRequested="1040" />
<af-end id="2147" timestamp="2025-12-16T21:21:52.160" threadId="0000000000873D78" success="true" from="nursery"/>
<exclusive-end id="2148" timestamp="2025-12-16T21:21:52.160" durationms="29.357" />

<exclusive-start id="2149" timestamp="2025-12-16T21:21:53.589" intervalms="1458.429">
  <response-info timems="0.056" idlems="0.056" threads="0" lastid="0000000000863D00" lastname="Default Executor-thread-2" />
</exclusive-start>
<af-start id="2150" threadId="0000000000864778" totalBytesRequested="8888" timestamp="2025-12-16T21:21:53.590" intervalms="1458.329" type="nursery" />
<cycle-start id="2151" type="scavenge" contextid="0" timestamp="2025-12-16T21:21:53.591" intervalms="1458.373" />
<gc-start id="2152" type="scavenge" contextid="2151" timestamp="2025-12-16T21:21:53.594">
  <mem-info id="2153" free="35844328" total="301268992" percent="11">
    <mem type="nursery" free="0" total="181403648" percent="0">
      <mem type="allocate" free="0" total="138543104" percent="0" />
      <mem type="survivor" free="0" total="42860544" percent="0" />
    </mem>
    <mem type="tenure" free="35844328" total="119865344" percent="29">
      <mem type="soa" free="34645224" total="118666240" percent="29" />
      <mem type="loa" free="1199104" total="1199104" percent="100" />
    </mem>
    <remembered-set count="12414" />
  </mem-info>
</gc-start>
<allocation-stats totalBytes="122199848" discardedBytes="387528" >
  <allocated-bytes non-tlh="110456" tlh="122089392" />
  <largest-consumer threadName="Default Executor-thread-5" threadId="0000000000873300" bytes="46361032" />
</allocation-stats>
<gc-op id="2154" type="scavenge" timems="15.055" contextid="2151" timestamp="2025-12-16T21:21:53.610">
  <scavenger-info tenureage="8" tenuremask="7f00" tiltratio="76" />
  <memory-copied type="nursery" objects="169588" bytes="11737080" bytesdiscarded="254888" />
  <memory-copied type="tenure" objects="40719" bytes="2766768" bytesdiscarded="6032" />
  <finalization candidates="298" enqueued="298" />
  <ownableSynchronizers candidates="20197" cleared="20072" />
  <references type="soft" candidates="266" cleared="0" enqueued="0" dynamicThreshold="9" maxThreshold="32" />
  <references type="weak" candidates="693" cleared="529" enqueued="523" />
  <references type="phantom" candidates="394" cleared="287" enqueued="287" />
  <object-monitors candidates="105" cleared="4"  />
</gc-op>
<gc-end id="2155" type="scavenge" contextid="2151" durationms="18.347" usertimems="92.277" systemtimems="11.146" stalltimems="125.797" timestamp="2025-12-16T21:21:53.612" activeThreads="16">
  <mem-info id="2156" free="163874496" total="301268992" percent="54">
    <mem type="nursery" free="131183192" total="181403648" percent="72">
      <mem type="allocate" free="131183192" total="143196160" percent="91" />
      <mem type="survivor" free="0" total="38207488" percent="0" />
    </mem>
    <mem type="tenure" free="32691304" total="119865344" percent="27">
      <mem type="soa" free="31492200" total="118666240" percent="26" />
      <mem type="loa" free="1199104" total="1199104" percent="100" />
    </mem>
    <pending-finalizers system="6" default="292" reference="810" classloader="0" />
    <remembered-set count="7108" />
  </mem-info>
</gc-end>
<cycle-end id="2157" type="scavenge" contextid="2151" timestamp="2025-12-16T21:21:53.613" />
<allocation-satisfied id="2158" threadId="0000000000863D00" bytesRequested="8888" />
<af-end id="2159" timestamp="2025-12-16T21:21:53.615" threadId="0000000000864778" success="true" from="nursery"/>
<exclusive-end id="2160" timestamp="2025-12-16T21:21:53.615" durationms="26.166" />

<exclusive-start id="2161" timestamp="2025-12-16T21:21:55.818" intervalms="2228.760">
  <response-info timems="0.084" idlems="0.084" threads="0" lastid="00000000005F7E00" lastname="Connection worker" />
</exclusive-start>
<af-start id="2162" threadId="00000000005F8878" totalBytesRequested="64" timestamp="2025-12-16T21:21:55.819" intervalms="2228.795" type="nursery" />
<cycle-start id="2163" type="scavenge" contextid="0" timestamp="2025-12-16T21:21:55.820" intervalms="2228.877" />
<gc-start id="2164" type="scavenge" contextid="2163" timestamp="2025-12-16T21:21:55.822">
  <mem-info id="2165" free="32183504" total="301268992" percent="10">
    <mem type="nursery" free="0" total="181403648" percent="0">
      <mem type="allocate" free="0" total="143196160" percent="0" />
      <mem type="survivor" free="0" total="38207488" percent="0" />
    </mem>
    <mem type="tenure" free="32183504" total="119865344" percent="26">
      <mem type="soa" free="30984400" total="118666240" percent="26" />
      <mem type="loa" free="1199104" total="1199104" percent="100" />
    </mem>
    <remembered-set count="17121" />
  </mem-info>
</gc-start>
<allocation-stats totalBytes="131620248" discardedBytes="53184" >
  <allocated-bytes non-tlh="7883160" tlh="123737088" />
  <largest-consumer threadName="Connection worker" threadId="00000000005F7E00" bytes="57655624" />
</allocation-stats>
<gc-op id="2166" type="scavenge" timems="15.209" contextid="2163" timestamp="2025-12-16T21:21:55.839">
  <scavenger-info tenureage="9" tenuremask="7e00" tiltratio="78" />
  <memory-copied type="nursery" objects="254672" bytes="23930888" bytesdiscarded="349168" />
  <finalization candidates="808" enqueued="804" />
  <ownableSynchronizers candidates="547" cleared="273" />
  <references type="soft" candidates="1093" cleared="0" enqueued="0" dynamicThreshold="9" maxThreshold="32" />
  <references type="weak" candidates="5792" cleared="4840" enqueued="4823" />
  <references type="phantom" candidates="892" cleared="181" enqueued="181" />
  <object-monitors candidates="138" cleared="0"  />
</gc-op>
<gc-end id="2167" type="scavenge" contextid="2163" durationms="18.398" usertimems="99.320" systemtimems="15.224" stalltimems="83.089" timestamp="2025-12-16T21:21:55.840" activeThreads="13">
  <mem-info id="2168" free="145770656" total="301268992" percent="48">
    <mem type="nursery" free="113587152" total="181403648" percent="62">
      <mem type="allocate" free="113587152" total="137887744" percent="82" />
      <mem type="survivor" free="0" total="43515904" percent="0" />
    </mem>
    <mem type="tenure" free="32183504" total="119865344" percent="26">
      <mem type="soa" free="30984400" total="118666240" percent="26" />
      <mem type="loa" free="1199104" total="1199104" percent="100" />
    </mem>
    <pending-finalizers system="120" default="684" reference="5004" classloader="0" />
    <remembered-set count="14971" />
  </mem-info>
</gc-end>
<cycle-end id="2169" type="scavenge" contextid="2163" timestamp="2025-12-16T21:21:55.841" />
<allocation-satisfied id="2170" threadId="00000000005F7E00" bytesRequested="64" />
<af-end id="2171" timestamp="2025-12-16T21:21:55.843" threadId="00000000005F8878" success="true" from="nursery"/>
<exclusive-end id="2172" timestamp="2025-12-16T21:21:55.844" durationms="25.590" />

<exclusive-start id="2173" timestamp="2025-12-16T21:22:52.834" intervalms="57016.290">
  <response-info timems="0.105" idlems="0.105" threads="0" lastid="000000000086F700" lastname="Default Executor-thread-4" />
</exclusive-start>
<af-start id="2174" threadId="0000000000870178" totalBytesRequested="39208" timestamp="2025-12-16T21:22:52.835" intervalms="57016.182" type="nursery" />
<cycle-start id="2175" type="scavenge" contextid="0" timestamp="2025-12-16T21:22:52.837" intervalms="57016.978" />
<gc-start id="2176" type="scavenge" contextid="2175" timestamp="2025-12-16T21:22:52.839">
  <mem-info id="2177" free="31771784" total="301268992" percent="10">
    <mem type="nursery" free="0" total="181403648" percent="0">
      <mem type="allocate" free="0" total="137887744" percent="0" />
      <mem type="survivor" free="0" total="43515904" percent="0" />
    </mem>
    <mem type="tenure" free="31771784" total="119865344" percent="26">
      <mem type="soa" free="30572680" total="118666240" percent="25" />
      <mem type="loa" free="1199104" total="1199104" percent="100" />
    </mem>
    <remembered-set count="52104" />
  </mem-info>
</gc-start>
<allocation-stats totalBytes="113871560" discardedBytes="117936" >
  <allocated-bytes non-tlh="2762304" tlh="111109256" />
  <largest-consumer threadName="Connection worker" threadId="00000000005F7E00" bytes="50644640" />
</allocation-stats>
<gc-op id="2178" type="scavenge" timems="36.888" contextid="2175" timestamp="2025-12-16T21:22:52.878">
  <scavenger-info tenureage="9" tenuremask="7e00" tiltratio="76" />
  <memory-copied type="nursery" objects="343420" bytes="28854976" bytesdiscarded="393072" />
  <finalization candidates="265" enqueued="257" />
  <ownableSynchronizers candidates="4574" cleared="4215" />
  <references type="soft" candidates="1784" cleared="0" enqueued="0" dynamicThreshold="9" maxThreshold="32" />
  <references type="weak" candidates="4776" cleared="3583" enqueued="3519" />
  <references type="phantom" candidates="1243" cleared="66" enqueued="66" />
  <object-monitors candidates="139" cleared="1"  />
</gc-op>
<gc-end id="2179" type="scavenge" contextid="2175" durationms="80.461" usertimems="236.393" systemtimems="3.550" stalltimems="225.016" timestamp="2025-12-16T21:22:52.919" activeThreads="12">
  <mem-info id="2180" free="141703472" total="301268992" percent="47">
    <mem type="nursery" free="109931688" total="181403648" percent="60">
      <mem type="allocate" free="109931688" total="139198464" percent="78" />
      <mem type="survivor" free="0" total="42205184" percent="0" />
    </mem>
    <mem type="tenure" free="31771784" total="119865344" percent="26" macro-fragmented="16050736">
      <mem type="soa" free="30572680" total="118666240" percent="25" />
      <mem type="loa" free="1199104" total="1199104" percent="100" />
    </mem>
    <pending-finalizers system="169" default="88" reference="3585" classloader="0" />
    <remembered-set count="37001" />
  </mem-info>
</gc-end>
<cycle-end id="2181" type="scavenge" contextid="2175" timestamp="2025-12-16T21:22:52.920" />
<allocation-satisfied id="2182" threadId="000000000086F700" bytesRequested="39208" />
<af-end id="2183" timestamp="2025-12-16T21:22:52.922" threadId="0000000000870178" success="true" from="nursery"/>
<exclusive-end id="2184" timestamp="2025-12-16T21:22:52.923" durationms="88.467" />

<exclusive-start id="2185" timestamp="2025-12-16T21:22:55.221" intervalms="2386.718">
  <response-info timems="0.167" idlems="0.167" threads="0" lastid="000000000086F700" lastname="Default Executor-thread-4" />
</exclusive-start>
<af-start id="2186" threadId="0000000000870178" totalBytesRequested="32" timestamp="2025-12-16T21:22:55.222" intervalms="2386.739" type="nursery" />
<cycle-start id="2187" type="scavenge" contextid="0" timestamp="2025-12-16T21:22:55.223" intervalms="2385.568" />
<gc-start id="2188" type="scavenge" contextid="2187" timestamp="2025-12-16T21:22:55.224">
  <mem-info id="2189" free="31479008" total="301268992" percent="10">
    <mem type="nursery" free="0" total="181403648" percent="0">
      <mem type="allocate" free="0" total="139198464" percent="0" />
      <mem type="survivor" free="0" total="42205184" percent="0" />
    </mem>
    <mem type="tenure" free="31479008" total="119865344" percent="26">
      <mem type="soa" free="30279904" total="118666240" percent="25" />
      <mem type="loa" free="1199104" total="1199104" percent="100" />
    </mem>
    <remembered-set count="41563" />
  </mem-info>
</gc-start>
<allocation-stats totalBytes="110198536" discardedBytes="16560" >
  <allocated-bytes non-tlh="322616" tlh="109875920" />
  <largest-consumer threadName="Default Executor-thread-4" threadId="000000000086F700" bytes="96263712" />
</allocation-stats>
<gc-op id="2190" type="scavenge" timems="16.840" contextid="2187" timestamp="2025-12-16T21:22:55.243">
  <scavenger-info tenureage="4" tenuremask="7e50" tiltratio="76" />
  <memory-copied type="nursery" objects="299612" bytes="24953184" bytesdiscarded="399240" />
  <memory-copied type="tenure" objects="76391" bytes="5653224" bytesdiscarded="15296" />
  <finalization candidates="166" enqueued="158" />
  <ownableSynchronizers candidates="3811" cleared="3358" />
  <references type="soft" candidates="2256" cleared="0" enqueued="0" dynamicThreshold="9" maxThreshold="32" />
  <references type="weak" candidates="2943" cleared="1388" enqueued="1388" />
  <references type="phantom" candidates="1250" cleared="45" enqueued="45" />
  <object-monitors candidates="143" cleared="4"  />
</gc-op>
<gc-end id="2191" type="scavenge" contextid="2187" durationms="109.913" usertimems="204.773" systemtimems="2.434" stalltimems="54.727" timestamp="2025-12-16T21:22:55.334" activeThreads="11">
  <mem-info id="2192" free="140716384" total="301268992" percent="46">
    <mem type="nursery" free="115074544" total="181403648" percent="63">
      <mem type="allocate" free="115074544" total="140443648" percent="81" />
      <mem type="survivor" free="0" total="40960000" percent="0" />
    </mem>
    <mem type="tenure" free="25641840" total="119865344" percent="21" macro-fragmented="23113062">
      <mem type="soa" free="24442736" total="118666240" percent="20" />
      <mem type="loa" free="1199104" total="1199104" percent="100" />
    </mem>
    <pending-finalizers system="112" default="46" reference="1433" classloader="0" />
    <remembered-set count="36678" />
  </mem-info>
</gc-end>
<cycle-end id="2193" type="scavenge" contextid="2187" timestamp="2025-12-16T21:22:55.336" />
<allocation-satisfied id="2194" threadId="000000000086F700" bytesRequested="32" />
<af-end id="2195" timestamp="2025-12-16T21:22:55.338" threadId="0000000000870178" success="true" from="nursery"/>
<exclusive-end id="2196" timestamp="2025-12-16T21:22:55.339" durationms="117.734" />

<exclusive-start id="2197" timestamp="2025-12-16T21:25:55.582" intervalms="180360.812">
  <response-info timems="0.230" idlems="0.230" threads="0" lastid="0000000001009E00" lastname="Timer-7" />
</exclusive-start>
<af-start id="2198" threadId="000000000100A878" totalBytesRequested="40" timestamp="2025-12-16T21:25:55.586" intervalms="180363.756" type="nursery" />
<cycle-start id="2199" type="scavenge" contextid="0" timestamp="2025-12-16T21:25:55.589" intervalms="180365.926" />
<gc-start id="2200" type="scavenge" contextid="2199" timestamp="2025-12-16T21:25:55.595">
  <mem-info id="2201" free="25491816" total="301268992" percent="8">
    <mem type="nursery" free="0" total="181403648" percent="0">
      <mem type="allocate" free="0" total="140443648" percent="0" />
      <mem type="survivor" free="0" total="40960000" percent="0" />
    </mem>
    <mem type="tenure" free="25491816" total="119865344" percent="21">
      <mem type="soa" free="24292712" total="118666240" percent="20" />
      <mem type="loa" free="1199104" total="1199104" percent="100" />
    </mem>
    <remembered-set count="39552" />
  </mem-info>
</gc-start>
<allocation-stats totalBytes="115168208" discardedBytes="56360" >
  <allocated-bytes non-tlh="949728" tlh="114218480" />
  <largest-consumer threadName="Default Executor-thread-4" threadId="000000000086F700" bytes="19454672" />
</allocation-stats>
<gc-op id="2202" type="scavenge" timems="38.233" contextid="2199" timestamp="2025-12-16T21:25:55.638">
  <scavenger-info tenureage="9" tenuremask="7e00" tiltratio="77" />
  <memory-copied type="nursery" objects="305250" bytes="25384736" bytesdiscarded="188080" />
  <memory-copied type="tenure" objects="13122" bytes="1154904" bytesdiscarded="3632" />
  <finalization candidates="178" enqueued="170" />
  <ownableSynchronizers candidates="15614" cleared="15140" />
  <references type="soft" candidates="2969" cleared="0" enqueued="0" dynamicThreshold="9" maxThreshold="32" />
  <references type="weak" candidates="2354" cleared="616" enqueued="590" />
  <references type="phantom" candidates="1315" cleared="84" enqueued="84" />
  <object-monitors candidates="162" cleared="19"  />
</gc-op>
<gc-end id="2203" type="scavenge" contextid="2199" durationms="144.601" usertimems="323.978" systemtimems="36.295" stalltimems="109.230" timestamp="2025-12-16T21:25:55.740" activeThreads="12">
  <mem-info id="2204" free="140496256" total="301268992" percent="46">
    <mem type="nursery" free="116623432" total="181403648" percent="64">
      <mem type="allocate" free="116623432" total="142213120" percent="82" />
      <mem type="survivor" free="0" total="39190528" percent="0" />
    </mem>
    <mem type="tenure" free="23872824" total="119865344" percent="19" macro-fragmented="19260884">
      <mem type="soa" free="22673720" total="118666240" percent="19" />
      <mem type="loa" free="1199104" total="1199104" percent="100" />
    </mem>
    <pending-finalizers system="142" default="28" reference="674" classloader="0" />
    <remembered-set count="35804" />
  </mem-info>
</gc-end>
<cycle-end id="2205" type="scavenge" contextid="2199" timestamp="2025-12-16T21:25:55.741" />
<allocation-satisfied id="2206" threadId="0000000001009E00" bytesRequested="40" />
<af-end id="2207" timestamp="2025-12-16T21:25:55.743" threadId="000000000100A878" success="true" from="nursery"/>
<exclusive-end id="2208" timestamp="2025-12-16T21:25:55.744" durationms="161.726" />

<exclusive-start id="2209" timestamp="2025-12-16T21:28:15.836" intervalms="140254.046">
  <response-info timems="0.118" idlems="0.118" threads="0" lastid="00000000018DCC00" lastname="Default Executor-thread-28" />
</exclusive-start>
<af-start id="2210" threadId="00000000018DD678" totalBytesRequested="29320" timestamp="2025-12-16T21:28:15.838" intervalms="140251.993" type="nursery" />
<cycle-start id="2211" type="scavenge" contextid="0" timestamp="2025-12-16T21:28:15.839" intervalms="140250.537" />
<gc-start id="2212" type="scavenge" contextid="2211" timestamp="2025-12-16T21:28:15.841">
  <mem-info id="2213" free="23478008" total="301268992" percent="7">
    <mem type="nursery" free="0" total="181403648" percent="0">
      <mem type="allocate" free="0" total="142213120" percent="0" />
      <mem type="survivor" free="0" total="39190528" percent="0" />
    </mem>
    <mem type="tenure" free="23478008" total="119865344" percent="19">
      <mem type="soa" free="22278904" total="118666240" percent="18" />
      <mem type="loa" free="1199104" total="1199104" percent="100" />
    </mem>
    <remembered-set count="41544" />
  </mem-info>
</gc-start>
<allocation-stats totalBytes="115975520" discardedBytes="1042728" >
  <allocated-bytes non-tlh="2014504" tlh="113961016" />
  <largest-consumer threadName="Default Executor-thread-28" threadId="00000000018DCC00" bytes="40900304" />
</allocation-stats>
<gc-op id="2214" type="scavenge" timems="28.479" contextid="2211" timestamp="2025-12-16T21:28:15.872">
  <scavenger-info tenureage="4" tenuremask="7e10" tiltratio="78" />
  <memory-copied type="nursery" objects="234623" bytes="14433944" bytesdiscarded="941208" />
  <memory-copied type="tenure" objects="96773" bytes="11775464" bytesdiscarded="6184" />
  <finalization candidates="54" enqueued="44" />
  <ownableSynchronizers candidates="12258" cleared="11762" />
  <references type="soft" candidates="2236" cleared="0" enqueued="0" dynamicThreshold="9" maxThreshold="32" />
  <references type="weak" candidates="2260" cleared="918" enqueued="912" />
  <references type="phantom" candidates="954" cleared="238" enqueued="238" />
  <object-monitors candidates="144" cleared="0"  />
</gc-op>
<gc-end id="2215" type="scavenge" contextid="2211" durationms="46.683" usertimems="126.217" systemtimems="39.019" stalltimems="124.426" timestamp="2025-12-16T21:28:15.888" activeThreads="14">
  <mem-info id="2216" free="140245760" total="301268992" percent="46">
    <mem type="nursery" free="128396744" total="181403648" percent="70">
      <mem type="allocate" free="128396744" total="143785984" percent="89" />
      <mem type="survivor" free="0" total="37617664" percent="0" />
    </mem>
    <mem type="tenure" free="11849016" total="119865344" percent="9" macro-fragmented="6450429">
      <mem type="soa" free="10649912" total="118666240" percent="8" />
      <mem type="loa" free="1199104" total="1199104" percent="100" />
    </mem>
    <pending-finalizers system="44" default="0" reference="1150" classloader="0" />
    <remembered-set count="32836" />
  </mem-info>
</gc-end>
<cycle-end id="2217" type="scavenge" contextid="2211" timestamp="2025-12-16T21:28:15.889" />
<allocation-satisfied id="2218" threadId="00000000018DCC00" bytesRequested="29320" />
<af-end id="2219" timestamp="2025-12-16T21:28:15.891" threadId="00000000018DD678" success="true" from="nursery"/>
<exclusive-end id="2220" timestamp="2025-12-16T21:28:15.891" durationms="55.180" />

<concurrent-kickoff id="2221" timestamp="2025-12-16T21:28:18.546">
  <kickoff reason="threshold reached" targetBytes="61670782" thresholdFreeBytes="8544366"  remainingFree="8248776" tenureFreeBytes="11586448" nurseryFreeBytes="8248776" />
</concurrent-kickoff>
<exclusive-start id="2222" timestamp="2025-12-16T21:28:18.549" intervalms="2713.504">
  <response-info timems="0.119" idlems="0.119" threads="0" lastid="0000000000883100" lastname="Default Executor-thread-6" />
</exclusive-start>
<cycle-start id="2223" type="global" contextid="0" timestamp="2025-12-16T21:28:18.551" intervalms="387492.983" />
<concurrent-start id="2224" type="global mark" contextid="2223" timestamp="2025-12-16T21:28:18.553">
</concurrent-start>
<exclusive-end id="2225" timestamp="2025-12-16T21:28:18.554" durationms="4.731" />

<concurrent-end id="2226" type="global mark" contextid="2223" timestamp="2025-12-16T21:28:18.636">
<gc-op id="2227" type="trace" timems="83.337" contextid="2223" timestamp="2025-12-16T21:28:18.636">
  <trace bytesTraced="61086612" workStackOverflowCount="0" />
  <card-cleaning reason="card cleaning threshold reached" bytesTraced="57080" cardsCleaned="140" />
</gc-op>
</concurrent-end>

<exclusive-start id="2228" timestamp="2025-12-16T21:28:18.639" intervalms="89.568">
  <response-info timems="0.060" idlems="0.060" threads="0" lastid="0000000000883100" lastname="Default Executor-thread-6" />
</exclusive-start>
<concurrent-global-final id="2229" timestamp="2025-12-16T21:28:18.640" contextid="2223" intervalms="387423.031" >
  <concurrent-trace-info reason="card cleaning threshold reached" tracedByMutators="26057632" tracedByHelpers="35086060" cardsCleaned="140" workStackOverflowCount="0" />
</concurrent-global-final>
<gc-start id="2230" type="global" contextid="2223" timestamp="2025-12-16T21:28:18.643">
  <mem-info id="2231" free="12294440" total="301268992" percent="4">
    <mem type="nursery" free="716232" total="181403648" percent="0">
      <mem type="allocate" free="716232" total="143785984" percent="0" />
      <mem type="survivor" free="0" total="37617664" percent="0" />
    </mem>
    <mem type="tenure" free="11578208" total="119865344" percent="9">
      <mem type="soa" free="10379104" total="118666240" percent="8" />
      <mem type="loa" free="1199104" total="1199104" percent="100" />
    </mem>
    <remembered-set count="37927" />
  </mem-info>
</gc-start>
<allocation-stats totalBytes="127570824" discardedBytes="380496" >
  <allocated-bytes non-tlh="467408" tlh="127103416" />
  <largest-consumer threadName="Default Executor-thread-28" threadId="00000000018DCC00" bytes="49850984" />
</allocation-stats>
<gc-op id="2232" type="rs-scan" timems="4.694" contextid="2223" timestamp="2025-12-16T21:28:18.650">
  <scan objectsFound="259653" bytesTraced="11129896" workStackOverflowCount="0" />
</gc-op>
<gc-op id="2233" type="card-cleaning" timems="1.144" contextid="2223" timestamp="2025-12-16T21:28:18.653">
  <card-cleaning cardsCleaned="0" bytesTraced="0" workStackOverflowCount="0" />
</gc-op>
<gc-op id="2234" type="mark" timems="13.510" contextid="2223" timestamp="2025-12-16T21:28:18.668">
  <trace-info objectcount="57808" scancount="52698" scanbytes="2393928" />
  <finalization candidates="1031" enqueued="123" />
  <ownableSynchronizers candidates="9895" cleared="424" />
  <references type="soft" candidates="17744" cleared="8" enqueued="8" dynamicThreshold="9" maxThreshold="32" />
  <references type="weak" candidates="18821" cleared="987" enqueued="979" />
  <references type="phantom" candidates="1748" cleared="267" enqueued="267" />
  <stringconstants candidates="55551" cleared="162"  />
  <object-monitors candidates="198" cleared="51"  />
</gc-op>
<gc-op id="2235" type="classunload" timems="1.671" contextid="2223" timestamp="2025-12-16T21:28:18.670">
  <classunload-info classloadercandidates="517" classloadersunloaded="5" classesunloaded="2" anonymousclassesunloaded="0" quiescems="0.000" setupms="1.569" scanms="0.065" postms="0.036" />
</gc-op>
<gc-op id="2236" type="sweep" timems="2.459" contextid="2223" timestamp="2025-12-16T21:28:18.673" />
<heap-resize id="2237" type="expand" space="tenure" amount="17367040" count="1" timems="0.503" reason="insufficient free space following gc" timestamp="2025-12-16T21:28:18.674" />
<gc-end id="2238" type="global" contextid="2223" durationms="32.521" usertimems="119.626" systemtimems="7.647" stalltimems="213.854" timestamp="2025-12-16T21:28:18.675" activeThreads="20">
  <mem-info id="2239" free="164993856" total="318636032" percent="51">
    <mem type="nursery" free="123778536" total="181403648" percent="68">
      <mem type="allocate" free="123778536" total="143785984" percent="86" />
      <mem type="survivor" free="0" total="37617664" percent="0" />
    </mem>
    <mem type="tenure" free="41215320" total="137232384" percent="30" micro-fragmented="2990770" macro-fragmented="0">
      <mem type="soa" free="39842136" total="135859200" percent="29" />
      <mem type="loa" free="1373184" total="1373184" percent="100" />
    </mem>
    <pending-finalizers system="81" default="42" reference="1254" classloader="0" />
    <remembered-set count="34248" />
  </mem-info>
</gc-end>
<cycle-end id="2240" type="global" contextid="2223" timestamp="2025-12-16T21:28:18.676" />
<exclusive-end id="2241" timestamp="2025-12-16T21:28:18.676" durationms="37.418" />

<exclusive-start id="2242" timestamp="2025-12-16T21:28:19.489" intervalms="850.344">
  <response-info timems="0.055" idlems="0.055" threads="0" lastid="0000000001940D00" lastname="Default Executor-thread-45" />
</exclusive-start>
<af-start id="2243" threadId="0000000001941778" totalBytesRequested="24" timestamp="2025-12-16T21:28:19.490" intervalms="3651.841" type="nursery" />
<cycle-start id="2244" type="scavenge" contextid="0" timestamp="2025-12-16T21:28:19.490" intervalms="3650.678" />
<gc-start id="2245" type="scavenge" contextid="2244" timestamp="2025-12-16T21:28:19.491">
  <mem-info id="2246" free="40918992" total="318636032" percent="12">
    <mem type="nursery" free="0" total="181403648" percent="0">
      <mem type="allocate" free="0" total="143785984" percent="0" />
      <mem type="survivor" free="0" total="37617664" percent="0" />
    </mem>
    <mem type="tenure" free="40918992" total="137232384" percent="29">
      <mem type="soa" free="39545808" total="135859200" percent="29" />
      <mem type="loa" free="1373184" total="1373184" percent="100" />
    </mem>
    <remembered-set count="38364" />
  </mem-info>
</gc-start>
<allocation-stats totalBytes="123747352" discardedBytes="271672" >
  <allocated-bytes non-tlh="2888272" tlh="120859080" />
  <largest-consumer threadName="Default Executor-thread-25" threadId="00000000019B6A00" bytes="42521408" />
</allocation-stats>
<gc-op id="2247" type="scavenge" timems="27.471" contextid="2244" timestamp="2025-12-16T21:28:19.519">
  <scavenger-info tenureage="4" tenuremask="7e10" tiltratio="79" />
  <memory-copied type="nursery" objects="213581" bytes="12618984" bytesdiscarded="533216" />
  <memory-copied type="tenure" objects="93258" bytes="6028464" bytesdiscarded="16608" />
  <finalization candidates="619" enqueued="612" />
  <ownableSynchronizers candidates="19030" cleared="18483" />
  <references type="soft" candidates="3315" cleared="0" enqueued="0" dynamicThreshold="9" maxThreshold="32" />
  <references type="weak" candidates="4783" cleared="2541" enqueued="2527" />
  <references type="phantom" candidates="724" cleared="340" enqueued="340" />
  <object-monitors candidates="151" cleared="0"  />
</gc-op>
<gc-end id="2248" type="scavenge" contextid="2244" durationms="28.748" usertimems="66.990" systemtimems="10.317" stalltimems="303.246" timestamp="2025-12-16T21:28:19.520" activeThreads="15">
  <mem-info id="2249" free="169375864" total="318636032" percent="53">
    <mem type="nursery" free="134549008" total="181403648" percent="74">
      <mem type="allocate" free="134549008" total="147718144" percent="91" />
      <mem type="survivor" free="0" total="33685504" percent="0" />
    </mem>
    <mem type="tenure" free="34826856" total="137232384" percent="25" macro-fragmented="16050736">
      <mem type="soa" free="33453672" total="135859200" percent="24" />
      <mem type="loa" free="1373184" total="1373184" percent="100" />
    </mem>
    <pending-finalizers system="241" default="371" reference="2867" classloader="0" />
    <remembered-set count="16027" />
  </mem-info>
</gc-end>
<cycle-end id="2250" type="scavenge" contextid="2244" timestamp="2025-12-16T21:28:19.520" />
<allocation-satisfied id="2251" threadId="0000000001940D00" bytesRequested="24" />
<af-end id="2252" timestamp="2025-12-16T21:28:19.521" threadId="0000000001941778" success="true" from="nursery"/>
<exclusive-end id="2253" timestamp="2025-12-16T21:28:19.521" durationms="32.086" />

<exclusive-start id="2254" timestamp="2025-12-16T21:29:04.181" intervalms="44691.986">
  <response-info timems="0.111" idlems="0.111" threads="0" lastid="0000000001867700" lastname="Default Executor-thread-15" />
</exclusive-start>
<af-start id="2255" threadId="0000000001868178" totalBytesRequested="136" timestamp="2025-12-16T21:29:04.184" intervalms="44694.019" type="nursery" />
<cycle-start id="2256" type="scavenge" contextid="0" timestamp="2025-12-16T21:29:04.186" intervalms="44696.037" />
<gc-start id="2257" type="scavenge" contextid="2256" timestamp="2025-12-16T21:29:04.188">
  <mem-info id="2258" free="34779728" total="318636032" percent="10">
    <mem type="nursery" free="0" total="181403648" percent="0">
      <mem type="allocate" free="0" total="147718144" percent="0" />
      <mem type="survivor" free="0" total="33685504" percent="0" />
    </mem>
    <mem type="tenure" free="34779728" total="137232384" percent="25">
      <mem type="soa" free="33406544" total="135859200" percent="24" />
      <mem type="loa" free="1373184" total="1373184" percent="100" />
    </mem>
    <remembered-set count="17221" />
  </mem-info>
</gc-start>
<allocation-stats totalBytes="134516232" discardedBytes="72760" >
  <allocated-bytes non-tlh="944800" tlh="133571432" />
  <largest-consumer threadName="Default Executor-thread-30" threadId="0000000001967000" bytes="42154536" />
</allocation-stats>
<gc-op id="2259" type="scavenge" timems="12.123" contextid="2256" timestamp="2025-12-16T21:29:04.203">
  <scavenger-info tenureage="10" tenuremask="7c00" tiltratio="81" />
  <memory-copied type="nursery" objects="204972" bytes="11229680" bytesdiscarded="258208" />
  <finalization candidates="10" enqueued="8" />
  <ownableSynchronizers candidates="4535" cleared="4003" />
  <references type="soft" candidates="3567" cleared="0" enqueued="0" dynamicThreshold="9" maxThreshold="32" />
  <references type="weak" candidates="3414" cleared="304" enqueued="299" />
  <references type="phantom" candidates="389" cleared="9" enqueued="9" />
  <object-monitors candidates="153" cleared="0"  />
</gc-op>
<gc-end id="2260" type="scavenge" contextid="2256" durationms="32.078" usertimems="49.939" systemtimems="10.965" stalltimems="57.028" timestamp="2025-12-16T21:29:04.220" activeThreads="12">
  <mem-info id="2261" free="174596136" total="318636032" percent="54">
    <mem type="nursery" free="139816408" total="181403648" percent="77">
      <mem type="allocate" free="139816408" total="151322624" percent="92" />
      <mem type="survivor" free="0" total="30081024" percent="0" />
    </mem>
    <mem type="tenure" free="34779728" total="137232384" percent="25" macro-fragmented="19260884">
      <mem type="soa" free="33406544" total="135859200" percent="24" />
      <mem type="loa" free="1373184" total="1373184" percent="100" />
    </mem>
    <pending-finalizers system="8" default="0" reference="308" classloader="0" />
    <remembered-set count="13178" />
  </mem-info>
</gc-end>
<cycle-end id="2262" type="scavenge" contextid="2256" timestamp="2025-12-16T21:29:04.222" />
<allocation-satisfied id="2263" threadId="0000000001867700" bytesRequested="136" />
<af-end id="2264" timestamp="2025-12-16T21:29:04.224" threadId="0000000001868178" success="true" from="nursery"/>
<exclusive-end id="2265" timestamp="2025-12-16T21:29:04.224" durationms="43.093" />

<exclusive-start id="2266" timestamp="2025-12-16T21:30:00.416" intervalms="56234.170">
  <response-info timems="0.133" idlems="0.133" threads="0" lastid="0000000000555500" lastname="Active Thread: Equinox Container: 9cfd4883-eb0f-4cba-9790-25a86" />
</exclusive-start>
<af-start id="2267" threadId="0000000000555F78" totalBytesRequested="24" timestamp="2025-12-16T21:30:00.418" intervalms="56234.696" type="nursery" />
<cycle-start id="2268" type="scavenge" contextid="0" timestamp="2025-12-16T21:30:00.421" intervalms="56234.930" />
<gc-start id="2269" type="scavenge" contextid="2268" timestamp="2025-12-16T21:30:00.424">
  <mem-info id="2270" free="34389584" total="318636032" percent="10">
    <mem type="nursery" free="0" total="181403648" percent="0">
      <mem type="allocate" free="0" total="151322624" percent="0" />
      <mem type="survivor" free="0" total="30081024" percent="0" />
    </mem>
    <mem type="tenure" free="34389584" total="137232384" percent="25">
      <mem type="soa" free="33016400" total="135859200" percent="24" />
      <mem type="loa" free="1373184" total="1373184" percent="100" />
    </mem>
    <remembered-set count="17765" />
  </mem-info>
</gc-start>
<allocation-stats totalBytes="135264664" discardedBytes="4852336" >
  <allocated-bytes non-tlh="14289088" tlh="120975576" />
  <largest-consumer threadName="Default Executor-thread-30" threadId="0000000001967000" bytes="51076464" />
</allocation-stats>
<gc-op id="2271" type="scavenge" timems="60.124" contextid="2268" timestamp="2025-12-16T21:30:00.488">
  <scavenger-info tenureage="5" tenuremask="7820" tiltratio="83" />
  <memory-copied type="nursery" objects="202992" bytes="30008544" bytesdiscarded="56728" />
  <memory-copied type="tenure" objects="49832" bytes="13549520" bytesdiscarded="26256" />
  <copy-failed type="nursery" objects="10415" bytes="11460072" />
  <finalization candidates="29" enqueued="28" />
  <ownableSynchronizers candidates="5332" cleared="4757" />
  <references type="soft" candidates="3192" cleared="0" enqueued="0" dynamicThreshold="9" maxThreshold="32" />
  <references type="weak" candidates="4202" cleared="988" enqueued="985" />
  <references type="phantom" candidates="426" cleared="116" enqueued="116" />
  <object-monitors candidates="163" cleared="2"  />
</gc-op>
<gc-end id="2272" type="scavenge" contextid="2268" durationms="258.058" usertimems="163.885" systemtimems="42.081" stalltimems="138.479" timestamp="2025-12-16T21:30:00.682" activeThreads="11">
  <mem-info id="2273" free="83160880" total="318636032" percent="26">
    <mem type="nursery" free="62390272" total="181403648" percent="34">
      <mem type="allocate" free="62390272" total="92471296" percent="67" />
      <mem type="survivor" free="0" total="88932352" percent="0" />
    </mem>
    <mem type="tenure" free="20770608" total="137232384" percent="15" macro-fragmented="3657">
      <mem type="soa" free="19397424" total="135859200" percent="14" />
      <mem type="loa" free="1373184" total="1373184" percent="100" />
    </mem>
    <pending-finalizers system="28" default="0" reference="1101" classloader="0" />
    <remembered-set count="13581" />
  </mem-info>
</gc-end>
<cycle-end id="2274" type="scavenge" contextid="2268" timestamp="2025-12-16T21:30:00.686" />
<allocation-satisfied id="2275" threadId="0000000000555500" bytesRequested="24" />
<af-end id="2276" timestamp="2025-12-16T21:30:00.692" threadId="0000000000555F78" success="true" from="nursery"/>
<exclusive-end id="2277" timestamp="2025-12-16T21:30:00.693" durationms="277.686" />

<concurrent-kickoff id="2278" timestamp="2025-12-16T21:31:18.996">
  <kickoff reason="threshold reached" targetBytes="70486995" thresholdFreeBytes="9763618"  remainingFree="9740192" tenureFreeBytes="20769896" nurseryFreeBytes="9740192" />
</concurrent-kickoff>
<exclusive-start id="2279" timestamp="2025-12-16T21:31:19.504" intervalms="79088.775">
  <response-info timems="0.124" idlems="0.124" threads="0" lastid="0000000001867700" lastname="Default Executor-thread-15" />
</exclusive-start>
<cycle-start id="2280" type="global" contextid="0" timestamp="2025-12-16T21:31:19.507" intervalms="180955.870" />
<concurrent-start id="2281" type="global mark" contextid="2280" timestamp="2025-12-16T21:31:19.509">
</concurrent-start>
<exclusive-end id="2282" timestamp="2025-12-16T21:31:19.512" durationms="7.247" />

<concurrent-end id="2283" type="global mark" contextid="2280" timestamp="2025-12-16T21:31:34.101">
<gc-op id="2284" type="trace" timems="14592.182" contextid="2280" timestamp="2025-12-16T21:31:34.102">
  <trace bytesTraced="65578364" workStackOverflowCount="0" />
  <card-cleaning reason="card cleaning threshold reached" bytesTraced="56176" cardsCleaned="188" />
</gc-op>
</concurrent-end>

<exclusive-start id="2285" timestamp="2025-12-16T21:31:34.106" intervalms="14601.851">
  <response-info timems="0.103" idlems="0.103" threads="0" lastid="0000000001805900" lastname="Default Executor-thread-44" />
</exclusive-start>
<concurrent-global-final id="2286" timestamp="2025-12-16T21:31:34.109" contextid="2280" intervalms="195468.128" >
  <concurrent-trace-info reason="card cleaning threshold reached" tracedByMutators="663248" tracedByHelpers="64971292" cardsCleaned="188" workStackOverflowCount="0" />
</concurrent-global-final>
<gc-start id="2287" type="global" contextid="2280" timestamp="2025-12-16T21:31:34.112">
  <mem-info id="2288" free="21412136" total="318636032" percent="6">
    <mem type="nursery" free="642976" total="181403648" percent="0">
      <mem type="allocate" free="642976" total="92471296" percent="0" />
      <mem type="survivor" free="0" total="88932352" percent="0" />
    </mem>
    <mem type="tenure" free="20769160" total="137232384" percent="15">
      <mem type="soa" free="19395976" total="135859200" percent="14" />
      <mem type="loa" free="1373184" total="1373184" percent="100" />
    </mem>
    <remembered-set count="13955" />
  </mem-info>
</gc-start>
<allocation-stats totalBytes="61719520" discardedBytes="29224" >
  <allocated-bytes non-tlh="628232" tlh="61091288" />
  <largest-consumer threadName="Timer-7" threadId="0000000001009E00" bytes="13392272" />
</allocation-stats>
<gc-op id="2289" type="rs-scan" timems="11.573" contextid="2280" timestamp="2025-12-16T21:31:34.127">
  <scan objectsFound="166812" bytesTraced="8141280" workStackOverflowCount="0" />
</gc-op>
<gc-op id="2290" type="card-cleaning" timems="2.907" contextid="2280" timestamp="2025-12-16T21:31:34.132">
  <card-cleaning cardsCleaned="11" bytesTraced="19204" workStackOverflowCount="0" />
</gc-op>
<gc-op id="2291" type="mark" timems="40.466" contextid="2280" timestamp="2025-12-16T21:31:34.174">
  <trace-info objectcount="26461" scancount="23981" scanbytes="732412" />
  <finalization candidates="909" enqueued="1" />
  <ownableSynchronizers candidates="17632" cleared="7892" />
  <references type="soft" candidates="19605" cleared="0" enqueued="0" dynamicThreshold="9" maxThreshold="32" />
  <references type="weak" candidates="19617" cleared="71" enqueued="67" />
  <references type="phantom" candidates="1640" cleared="180" enqueued="180" />
  <stringconstants candidates="58697" cleared="49"  />
  <object-monitors candidates="181" cleared="21"  />
</gc-op>
<gc-op id="2292" type="classunload" timems="0.263" contextid="2280" timestamp="2025-12-16T21:31:34.176">
  <classunload-info classloadercandidates="593" classloadersunloaded="6" classesunloaded="0" anonymousclassesunloaded="0" quiescems="0.000" setupms="0.224" scanms="0.015" postms="0.024" />
</gc-op>
<gc-op id="2293" type="sweep" timems="5.189" contextid="2280" timestamp="2025-12-16T21:31:34.183" />
<heap-resize id="2294" type="expand" space="tenure" amount="28573696" count="1" timems="0.254" reason="insufficient free space following gc" timestamp="2025-12-16T21:31:34.184" />
<gc-end id="2295" type="global" contextid="2280" durationms="148.599" usertimems="330.334" systemtimems="31.580" stalltimems="595.576" timestamp="2025-12-16T21:31:34.260" activeThreads="20">
  <mem-info id="2296" free="112852408" total="347209728" percent="32">
    <mem type="nursery" free="63070824" total="181403648" percent="34">
      <mem type="allocate" free="63070824" total="92471296" percent="68" />
      <mem type="survivor" free="0" total="88932352" percent="0" />
    </mem>
    <mem type="tenure" free="49781584" total="165806080" percent="30" micro-fragmented="3259003" macro-fragmented="15725">
      <mem type="soa" free="48122704" total="164147200" percent="29" />
      <mem type="loa" free="1658880" total="1658880" percent="100" />
    </mem>
    <pending-finalizers system="1" default="0" reference="247" classloader="0" />
    <remembered-set count="12775" />
  </mem-info>
</gc-end>
<cycle-end id="2297" type="global" contextid="2280" timestamp="2025-12-16T21:31:34.262" />
<exclusive-end id="2298" timestamp="2025-12-16T21:31:34.263" durationms="156.810" />

<exclusive-start id="2299" timestamp="2025-12-16T21:32:35.705" intervalms="61598.737">
  <response-info timems="0.093" idlems="0.093" threads="0" lastid="0000000001805900" lastname="Default Executor-thread-44" />
</exclusive-start>
<af-start id="2300" threadId="0000000001806378" totalBytesRequested="72" timestamp="2025-12-16T21:32:35.707" intervalms="155288.771" type="nursery" />
<cycle-start id="2301" type="scavenge" contextid="0" timestamp="2025-12-16T21:32:35.709" intervalms="155288.452" />
<gc-start id="2302" type="scavenge" contextid="2301" timestamp="2025-12-16T21:32:35.712">
  <mem-info id="2303" free="49693424" total="347209728" percent="14">
    <mem type="nursery" free="0" total="181403648" percent="0">
      <mem type="allocate" free="0" total="92471296" percent="0" />
      <mem type="survivor" free="0" total="88932352" percent="0" />
    </mem>
    <mem type="tenure" free="49693424" total="165806080" percent="29">
      <mem type="soa" free="48034544" total="164147200" percent="29" />
      <mem type="loa" free="1658880" total="1658880" percent="100" />
    </mem>
    <remembered-set count="13630" />
  </mem-info>
</gc-start>
<allocation-stats totalBytes="63069008" discardedBytes="50384" >
  <allocated-bytes non-tlh="609352" tlh="62459656" />
  <largest-consumer threadName="Default Executor-thread-28" threadId="00000000018DCC00" bytes="18381432" />
</allocation-stats>
<gc-op id="2304" type="scavenge" timems="21.796" contextid="2301" timestamp="2025-12-16T21:32:35.738">
  <scavenger-info tenureage="9" tenuremask="7e00" tiltratio="50" />
  <memory-copied type="nursery" objects="141730" bytes="27696072" bytesdiscarded="779616" />
  <memory-copied type="tenure" objects="37375" bytes="1616088" bytesdiscarded="26088" />
  <finalization candidates="29" enqueued="27" />
  <ownableSynchronizers candidates="24679" cleared="24322" />
  <references type="soft" candidates="3079" cleared="0" enqueued="0" dynamicThreshold="9" maxThreshold="32" />
  <references type="weak" candidates="3497" cleared="415" enqueued="414" />
  <references type="phantom" candidates="309" cleared="9" enqueued="9" />
  <object-monitors candidates="162" cleared="0"  />
</gc-op>
<gc-end id="2305" type="scavenge" contextid="2301" durationms="53.469" usertimems="110.573" systemtimems="28.177" stalltimems="146.258" timestamp="2025-12-16T21:32:35.766" activeThreads="14">
  <mem-info id="2306" free="119416016" total="347209728" percent="34">
    <mem type="nursery" free="71453088" total="181403648" percent="39">
      <mem type="allocate" free="71453088" total="99942400" percent="71" />
      <mem type="survivor" free="0" total="81461248" percent="0" />
    </mem>
    <mem type="tenure" free="47962928" total="165806080" percent="28" macro-fragmented="39939376">
      <mem type="soa" free="46304048" total="164147200" percent="28" />
      <mem type="loa" free="1658880" total="1658880" percent="100" />
    </mem>
    <pending-finalizers system="27" default="0" reference="423" classloader="0" />
    <remembered-set count="9921" />
  </mem-info>
</gc-end>
<cycle-end id="2307" type="scavenge" contextid="2301" timestamp="2025-12-16T21:32:35.768" />
<allocation-satisfied id="2308" threadId="0000000001805900" bytesRequested="72" />
<af-end id="2309" timestamp="2025-12-16T21:32:35.769" threadId="0000000001806378" success="true" from="nursery"/>
<exclusive-end id="2310" timestamp="2025-12-16T21:32:35.770" durationms="65.041" />

<exclusive-start id="2311" timestamp="2025-12-16T21:34:26.084" intervalms="110378.812">
  <response-info timems="0.150" idlems="0.150" threads="0" lastid="00000000007EF600" lastname="Scheduled Executor-thread-1" />
</exclusive-start>
<af-start id="2312" threadId="00000000007F0078" totalBytesRequested="16" timestamp="2025-12-16T21:34:26.086" intervalms="110379.117" type="nursery" />
<cycle-start id="2313" type="scavenge" contextid="0" timestamp="2025-12-16T21:34:26.089" intervalms="110379.708" />
<gc-start id="2314" type="scavenge" contextid="2313" timestamp="2025-12-16T21:34:26.093">
  <mem-info id="2315" free="47961224" total="347209728" percent="13">
    <mem type="nursery" free="0" total="181403648" percent="0">
      <mem type="allocate" free="0" total="99942400" percent="0" />
      <mem type="survivor" free="0" total="81461248" percent="0" />
    </mem>
    <mem type="tenure" free="47961224" total="165806080" percent="28">
      <mem type="soa" free="46302344" total="164147200" percent="28" />
      <mem type="loa" free="1658880" total="1658880" percent="100" />
    </mem>
    <remembered-set count="10157" />
  </mem-info>
</gc-start>
<allocation-stats totalBytes="71428632" discardedBytes="26160" >
  <allocated-bytes non-tlh="1776" tlh="71426856" />
  <largest-consumer threadName="Timer-7" threadId="0000000001009E00" bytes="19287584" />
</allocation-stats>
<gc-op id="2316" type="scavenge" timems="25.112" contextid="2313" timestamp="2025-12-16T21:34:26.124">
  <scavenger-info tenureage="5" tenuremask="ffa0" tiltratio="55" />
  <memory-copied type="nursery" objects="114980" bytes="26661720" bytesdiscarded="450168" />
  <memory-copied type="tenure" objects="26881" bytes="1068000" bytesdiscarded="6080" />
  <finalization candidates="6" enqueued="4" />
  <ownableSynchronizers candidates="9654" cleared="9299" />
  <references type="soft" candidates="2989" cleared="0" enqueued="0" dynamicThreshold="9" maxThreshold="32" />
  <references type="weak" candidates="2861" cleared="63" enqueued="60" />
  <references type="phantom" candidates="443" cleared="153" enqueued="153" />
  <object-monitors candidates="163" cleared="1"  />
</gc-op>
<gc-end id="2317" type="scavenge" contextid="2313" durationms="102.236" usertimems="125.904" systemtimems="15.398" stalltimems="119.694" timestamp="2025-12-16T21:34:26.195" activeThreads="12">
  <mem-info id="2318" free="129111440" total="347209728" percent="37">
    <mem type="nursery" free="82257224" total="181403648" percent="45">
      <mem type="allocate" free="82257224" total="109379584" percent="75" />
      <mem type="survivor" free="0" total="72024064" percent="0" />
    </mem>
    <mem type="tenure" free="46854216" total="165806080" percent="28" macro-fragmented="39939376">
      <mem type="soa" free="45195336" total="164147200" percent="27" />
      <mem type="loa" free="1658880" total="1658880" percent="100" />
    </mem>
    <pending-finalizers system="4" default="0" reference="213" classloader="0" />
    <remembered-set count="6685" />
  </mem-info>
</gc-end>
<cycle-end id="2319" type="scavenge" contextid="2313" timestamp="2025-12-16T21:34:26.197" />
<allocation-satisfied id="2320" threadId="00000000007EF600" bytesRequested="16" />
<af-end id="2321" timestamp="2025-12-16T21:34:26.200" threadId="00000000007F0078" success="true" from="nursery"/>
<exclusive-end id="2322" timestamp="2025-12-16T21:34:26.201" durationms="117.483" />

<exclusive-start id="2323" timestamp="2025-12-16T21:36:40.108" intervalms="134024.687">
  <response-info timems="0.113" idlems="0.113" threads="0" lastid="000000000191FF00" lastname="Default Executor-thread-35" />
</exclusive-start>
<af-start id="2324" threadId="0000000001920978" totalBytesRequested="24" timestamp="2025-12-16T21:36:40.111" intervalms="134024.698" type="nursery" />
<cycle-start id="2325" type="scavenge" contextid="0" timestamp="2025-12-16T21:36:40.114" intervalms="134024.476" />
<gc-start id="2326" type="scavenge" contextid="2325" timestamp="2025-12-16T21:36:40.116">
  <mem-info id="2327" free="46853480" total="347209728" percent="13">
    <mem type="nursery" free="0" total="181403648" percent="0">
      <mem type="allocate" free="0" total="109379584" percent="0" />
      <mem type="survivor" free="0" total="72024064" percent="0" />
    </mem>
    <mem type="tenure" free="46853480" total="165806080" percent="28">
      <mem type="soa" free="45194600" total="164147200" percent="27" />
      <mem type="loa" free="1658880" total="1658880" percent="100" />
    </mem>
    <remembered-set count="6856" />
  </mem-info>
</gc-start>
<allocation-stats totalBytes="82228208" discardedBytes="29752" >
  <allocated-bytes non-tlh="752" tlh="82227456" />
  <largest-consumer threadName="Timer-7" threadId="0000000001009E00" bytes="20264320" />
</allocation-stats>
<gc-op id="2328" type="scavenge" timems="35.575" contextid="2325" timestamp="2025-12-16T21:36:40.155">
  <scavenger-info tenureage="3" tenuremask="ffb8" tiltratio="60" />
  <memory-copied type="nursery" objects="11516" bytes="682008" bytesdiscarded="748920" />
  <memory-copied type="tenure" objects="104009" bytes="26037848" bytesdiscarded="9272" />
  <finalization candidates="3" enqueued="2" />
  <ownableSynchronizers candidates="11587" cleared="11238" />
  <references type="soft" candidates="73" cleared="0" enqueued="0" dynamicThreshold="9" maxThreshold="32" />
  <references type="weak" candidates="428" cleared="5" enqueued="2" />
  <references type="phantom" candidates="177" cleared="152" enqueued="152" />
  <object-monitors candidates="162" cleared="0"  />
</gc-op>
<gc-end id="2329" type="scavenge" contextid="2325" durationms="59.805" usertimems="91.731" systemtimems="28.875" stalltimems="203.522" timestamp="2025-12-16T21:36:40.176" activeThreads="11">
  <mem-info id="2330" free="136169592" total="347209728" percent="39">
    <mem type="nursery" free="115746528" total="181403648" percent="63">
      <mem type="allocate" free="115746528" total="117178368" percent="98" />
      <mem type="survivor" free="0" total="64225280" percent="0" />
    </mem>
    <mem type="tenure" free="20423064" total="165806080" percent="12" macro-fragmented="0">
      <mem type="soa" free="18764184" total="164147200" percent="11" />
      <mem type="loa" free="1658880" total="1658880" percent="100" />
    </mem>
    <pending-finalizers system="2" default="0" reference="154" classloader="0" />
    <remembered-set count="1415" />
  </mem-info>
</gc-end>
<cycle-end id="2331" type="scavenge" contextid="2325" timestamp="2025-12-16T21:36:40.178" />
<allocation-satisfied id="2332" threadId="000000000191FF00" bytesRequested="24" />
<af-end id="2333" timestamp="2025-12-16T21:36:40.182" threadId="0000000001920978" success="true" from="nursery"/>
<exclusive-end id="2334" timestamp="2025-12-16T21:36:40.184" durationms="75.422" />

<exclusive-start id="2335" timestamp="2025-12-16T21:38:45.944" intervalms="125835.452">
  <response-info timems="0.055" idlems="0.055" threads="0" lastid="00000000001D0800" lastname="VM Runtime State Listener" />
</exclusive-start>
<sys-start reason="vm idle" id="2336" timestamp="2025-12-16T21:38:45.946" intervalms="1038491.019" />
<cycle-start id="2337" type="global" contextid="0" timestamp="2025-12-16T21:38:45.947" intervalms="446440.262" />
<gc-start id="2338" type="global" contextid="2337" timestamp="2025-12-16T21:38:45.951">
  <mem-info id="2339" free="56739224" total="347209728" percent="16">
    <mem type="nursery" free="36316896" total="181403648" percent="20">
      <mem type="allocate" free="36316896" total="117178368" percent="30" />
      <mem type="survivor" free="0" total="64225280" percent="0" />
    </mem>
    <mem type="tenure" free="20422328" total="165806080" percent="12">
      <mem type="soa" free="18763448" total="164147200" percent="11" />
      <mem type="loa" free="1658880" total="1658880" percent="100" />
    </mem>
    <remembered-set count="1603" />
  </mem-info>
</gc-start>
<allocation-stats totalBytes="79396520" discardedBytes="33848" >
  <allocated-bytes non-tlh="760" tlh="79395760" />
  <largest-consumer threadName="Timer-7" threadId="0000000001009E00" bytes="22531456" />
</allocation-stats>
<gc-op id="2340" type="mark" timems="47.373" contextid="2337" timestamp="2025-12-16T21:38:46.000">
  <trace-info objectcount="2221565" scancount="1916832" scanbytes="71887020" />
  <finalization candidates="910" enqueued="2" />
  <ownableSynchronizers candidates="20327" cleared="10578" />
  <references type="soft" candidates="19668" cleared="2446" enqueued="2441" dynamicThreshold="9" maxThreshold="32" />
  <references type="weak" candidates="19877" cleared="20" enqueued="8" />
  <references type="phantom" candidates="1618" cleared="152" enqueued="152" />
  <stringconstants candidates="58956" cleared="237"  />
  <object-monitors candidates="162" cleared="0"  />
</gc-op>
<gc-op id="2341" type="classunload" timems="2.271" contextid="2337" timestamp="2025-12-16T21:38:46.003">
  <classunload-info classloadercandidates="590" classloadersunloaded="5" classesunloaded="3" anonymousclassesunloaded="0" quiescems="0.000" setupms="2.102" scanms="0.083" postms="0.086" />
</gc-op>
<gc-op id="2342" type="sweep" timems="3.524" contextid="2337" timestamp="2025-12-16T21:38:46.008" />
<mem-info id="2343" free="137181344" total="347209728" percent="39">
  <mem type="nursery" free="116208472" total="181403648" percent="64">
    <mem type="allocate" free="116208472" total="117178368" percent="99" />
    <mem type="survivor" free="0" total="64225280" percent="0" />
  </mem>
  <mem type="tenure" free="20972872" total="165806080" percent="12" micro-fragmented="3918896" macro-fragmented="13375613">
    <mem type="soa" free="19313992" total="164147200" percent="11" />
    <mem type="loa" free="1658880" total="1658880" percent="100" />
  </mem>
  <pending-finalizers system="2" default="0" reference="2601" classloader="0" />
  <remembered-set count="1531" />
</mem-info>
<gc-op id="2344" type="compact" timems="138.623" contextid="2337" timestamp="2025-12-16T21:38:46.148">
  <compact-info movecount="2212476" movebytes="118771536" reason="compact on aggressive collection" />
</gc-op>
<heap-resize id="2345" type="expand" space="tenure" amount="35454976" count="1" timems="1.135" reason="insufficient free space following gc" timestamp="2025-12-16T21:38:46.151" />
<gc-end id="2346" type="global" contextid="2337" durationms="205.564" usertimems="1367.648" systemtimems="0.000" stalltimems="370.213" timestamp="2025-12-16T21:38:46.157" activeThreads="20">
  <mem-info id="2347" free="176894864" total="382664704" percent="46">
    <mem type="nursery" free="116487624" total="181403648" percent="64">
      <mem type="allocate" free="116487624" total="117178368" percent="99" />
      <mem type="survivor" free="0" total="64225280" percent="0" />
    </mem>
    <mem type="tenure" free="60407240" total="201261056" percent="30">
      <mem type="soa" free="58394056" total="199247872" percent="29" />
      <mem type="loa" free="2013184" total="2013184" percent="100" />
    </mem>
    <pending-finalizers system="2" default="0" reference="2601" classloader="0" />
    <remembered-set count="1531" />
  </mem-info>
</gc-end>
<cycle-end id="2348" type="global" contextid="2337" timestamp="2025-12-16T21:38:46.158" />
<sys-end id="2349" timestamp="2025-12-16T21:38:46.159" />
<exclusive-end id="2350" timestamp="2025-12-16T21:38:46.160" durationms="216.562" />

<heap-resize id="2351" type="release free pages" space="tenure" amount="60366848" count="1" timems="0.706" reason="idle" timestamp="2025-12-16T21:38:46.162" />
<exclusive-start id="2352" timestamp="2025-12-16T21:41:55.659" intervalms="189715.238">
  <response-info timems="0.202" idlems="0.202" threads="0" lastid="0000000001940000" lastname="Default Executor-thread-36" />
</exclusive-start>
<af-start id="2353" threadId="0000000001940A78" totalBytesRequested="32" timestamp="2025-12-16T21:41:55.661" intervalms="315550.269" type="nursery" />
<cycle-start id="2354" type="scavenge" contextid="0" timestamp="2025-12-16T21:41:55.663" intervalms="315549.832" />
<gc-start id="2355" type="scavenge" contextid="2354" timestamp="2025-12-16T21:41:55.668">
  <mem-info id="2356" free="60405032" total="382664704" percent="15">
    <mem type="nursery" free="0" total="181403648" percent="0">
      <mem type="allocate" free="0" total="117178368" percent="0" />
      <mem type="survivor" free="0" total="64225280" percent="0" />
    </mem>
    <mem type="tenure" free="60405032" total="201261056" percent="30">
      <mem type="soa" free="58391848" total="199247872" percent="29" />
      <mem type="loa" free="2013184" total="2013184" percent="100" />
    </mem>
    <remembered-set count="5041" />
  </mem-info>
</gc-start>
<allocation-stats totalBytes="116447888" discardedBytes="41944" >
  <allocated-bytes non-tlh="2208" tlh="116445680" />
  <largest-consumer threadName="Timer-7" threadId="0000000001009E00" bytes="32200080" />
</allocation-stats>
<gc-op id="2357" type="scavenge" timems="27.179" contextid="2354" timestamp="2025-12-16T21:41:55.698">
  <scavenger-info tenureage="3" tenuremask="fe88" tiltratio="64" />
  <memory-copied type="nursery" objects="6392" bytes="320056" bytesdiscarded="421872" />
  <memory-copied type="tenure" objects="6016" bytes="416448" bytesdiscarded="672" />
  <finalization candidates="5" enqueued="4" />
  <ownableSynchronizers candidates="35348" cleared="35248" />
  <references type="soft" candidates="7" cleared="0" enqueued="0" dynamicThreshold="9" maxThreshold="32" />
  <references type="weak" candidates="195" cleared="6" enqueued="1" />
  <references type="phantom" candidates="313" cleared="302" enqueued="302" />
  <object-monitors candidates="162" cleared="0"  />
</gc-op>
<gc-end id="2358" type="scavenge" contextid="2354" durationms="51.199" usertimems="31.396" systemtimems="7.066" stalltimems="46.757" timestamp="2025-12-16T21:41:55.719" activeThreads="10">
  <mem-info id="2359" free="188640832" total="382664704" percent="49">
    <mem type="nursery" free="129084160" total="181403648" percent="71">
      <mem type="allocate" free="129084160" total="129826816" percent="99" />
      <mem type="survivor" free="0" total="51576832" percent="0" />
    </mem>
    <mem type="tenure" free="59556672" total="201261056" percent="29" macro-fragmented="39939376">
      <mem type="soa" free="57543488" total="199247872" percent="28" />
      <mem type="loa" free="2013184" total="2013184" percent="100" />
    </mem>
    <pending-finalizers system="4" default="0" reference="303" classloader="0" />
    <remembered-set count="3471" />
  </mem-info>
</gc-end>
<cycle-end id="2360" type="scavenge" contextid="2354" timestamp="2025-12-16T21:41:55.721" />
<allocation-satisfied id="2361" threadId="0000000001940000" bytesRequested="32" />
<af-end id="2362" timestamp="2025-12-16T21:41:55.725" threadId="0000000001940A78" success="true" from="nursery"/>
<exclusive-end id="2363" timestamp="2025-12-16T21:41:55.727" durationms="67.832" />

<exclusive-start id="2364" timestamp="2025-12-16T21:45:29.335" intervalms="213676.159">
  <response-info timems="0.102" idlems="0.102" threads="0" lastid="00000000028EAC00" lastname="Default Executor-thread-79" />
</exclusive-start>
<af-start id="2365" threadId="00000000028EB678" totalBytesRequested="16" timestamp="2025-12-16T21:45:29.337" intervalms="213676.176" type="nursery" />
<cycle-start id="2366" type="scavenge" contextid="0" timestamp="2025-12-16T21:45:29.339" intervalms="213675.537" />
<gc-start id="2367" type="scavenge" contextid="2366" timestamp="2025-12-16T21:45:29.341">
  <mem-info id="2368" free="59555200" total="382664704" percent="15">
    <mem type="nursery" free="0" total="181403648" percent="0">
      <mem type="allocate" free="0" total="129826816" percent="0" />
      <mem type="survivor" free="0" total="51576832" percent="0" />
    </mem>
    <mem type="tenure" free="59555200" total="201261056" percent="29">
      <mem type="soa" free="57542016" total="199247872" percent="28" />
      <mem type="loa" free="2013184" total="2013184" percent="100" />
    </mem>
    <remembered-set count="3676" />
  </mem-info>
</gc-start>
<allocation-stats totalBytes="129045824" discardedBytes="39808" >
  <allocated-bytes non-tlh="1504" tlh="129044320" />
  <largest-consumer threadName="Timer-7" threadId="0000000001009E00" bytes="35221768" />
</allocation-stats>
<gc-op id="2369" type="scavenge" timems="12.055" contextid="2366" timestamp="2025-12-16T21:45:29.354">
  <scavenger-info tenureage="5" tenuremask="ffe0" tiltratio="71" />
  <memory-copied type="nursery" objects="6259" bytes="322168" bytesdiscarded="324448" />
  <finalization candidates="4" enqueued="4" />
  <ownableSynchronizers candidates="18011" cleared="17932" />
  <references type="soft" candidates="7" cleared="0" enqueued="0" dynamicThreshold="9" maxThreshold="32" />
  <references type="weak" candidates="233" cleared="6" enqueued="1" />
  <references type="phantom" candidates="236" cleared="226" enqueued="226" />
  <object-monitors candidates="162" cleared="0"  />
</gc-op>
<gc-end id="2370" type="scavenge" contextid="2366" durationms="28.333" usertimems="25.123" systemtimems="8.094" stalltimems="67.548" timestamp="2025-12-16T21:45:29.369" activeThreads="12">
  <mem-info id="2371" free="198958352" total="382664704" percent="51">
    <mem type="nursery" free="139403152" total="181403648" percent="76">
      <mem type="allocate" free="139403152" total="140050432" percent="99" />
      <mem type="survivor" free="0" total="41353216" percent="0" />
    </mem>
    <mem type="tenure" free="59555200" total="201261056" percent="29" macro-fragmented="39939376">
      <mem type="soa" free="57542016" total="199247872" percent="28" />
      <mem type="loa" free="2013184" total="2013184" percent="100" />
    </mem>
    <pending-finalizers system="4" default="0" reference="227" classloader="0" />
    <remembered-set count="3519" />
  </mem-info>
</gc-end>
<cycle-end id="2372" type="scavenge" contextid="2366" timestamp="2025-12-16T21:45:29.370" />
<allocation-satisfied id="2373" threadId="00000000028EAC00" bytesRequested="16" />
<af-end id="2374" timestamp="2025-12-16T21:45:29.372" threadId="00000000028EB678" success="true" from="nursery"/>
<exclusive-end id="2375" timestamp="2025-12-16T21:45:29.372" durationms="36.993" />

<exclusive-start id="2376" timestamp="2025-12-16T21:49:10.614" intervalms="221278.856">
  <response-info timems="0.129" idlems="0.129" threads="0" lastid="0000000001009E00" lastname="Timer-7" />
</exclusive-start>
<af-start id="2377" threadId="000000000100A878" totalBytesRequested="4240" timestamp="2025-12-16T21:49:10.616" intervalms="221279.039" type="nursery" />
<cycle-start id="2378" type="scavenge" contextid="0" timestamp="2025-12-16T21:49:10.619" intervalms="221280.205" />
<gc-start id="2379" type="scavenge" contextid="2378" timestamp="2025-12-16T21:49:10.623">
  <mem-info id="2380" free="59554088" total="382664704" percent="15">
    <mem type="nursery" free="0" total="181403648" percent="0">
      <mem type="allocate" free="0" total="140050432" percent="0" />
      <mem type="survivor" free="0" total="41353216" percent="0" />
    </mem>
    <mem type="tenure" free="59554088" total="201261056" percent="29">
      <mem type="soa" free="57540904" total="199247872" percent="28" />
      <mem type="loa" free="2013184" total="2013184" percent="100" />
    </mem>
    <remembered-set count="3864" />
  </mem-info>
</gc-start>
<allocation-stats totalBytes="139356128" discardedBytes="48136" >
  <allocated-bytes non-tlh="1128" tlh="139355000" />
  <largest-consumer threadName="Timer-7" threadId="0000000001009E00" bytes="37480832" />
</allocation-stats>
<gc-op id="2381" type="scavenge" timems="28.403" contextid="2378" timestamp="2025-12-16T21:49:10.654">
  <scavenger-info tenureage="3" tenuremask="fff8" tiltratio="77" />
  <memory-copied type="nursery" objects="5154" bytes="270520" bytesdiscarded="274520" />
  <memory-copied type="tenure" objects="2198" bytes="134112" bytesdiscarded="24" />
  <finalization candidates="3" enqueued="3" />
  <ownableSynchronizers candidates="18669" cleared="18582" />
  <references type="soft" candidates="4" cleared="0" enqueued="0" dynamicThreshold="9" maxThreshold="32" />
  <references type="weak" candidates="192" cleared="7" enqueued="4" />
  <references type="phantom" candidates="241" cleared="234" enqueued="234" />
  <object-monitors candidates="182" cleared="6"  />
</gc-op>
<gc-end id="2382" type="scavenge" contextid="2378" durationms="54.229" usertimems="17.096" systemtimems="20.212" stalltimems="97.392" timestamp="2025-12-16T21:49:10.677" activeThreads="10">
  <mem-info id="2383" free="207052744" total="382664704" percent="54">
    <mem type="nursery" free="147696624" total="181403648" percent="81">
      <mem type="allocate" free="147696624" total="148242432" percent="99" />
      <mem type="survivor" free="0" total="33161216" percent="0" />
    </mem>
    <mem type="tenure" free="59356120" total="201261056" percent="29" macro-fragmented="16050736">
      <mem type="soa" free="57342936" total="199247872" percent="28" />
      <mem type="loa" free="2013184" total="2013184" percent="100" />
    </mem>
    <pending-finalizers system="3" default="0" reference="238" classloader="0" />
    <remembered-set count="1000" />
  </mem-info>
</gc-end>
<cycle-end id="2384" type="scavenge" contextid="2378" timestamp="2025-12-16T21:49:10.678" />
<allocation-satisfied id="2385" threadId="0000000001009E00" bytesRequested="4240" />
<af-end id="2386" timestamp="2025-12-16T21:49:10.679" threadId="000000000100A878" success="true" from="nursery"/>
<exclusive-end id="2387" timestamp="2025-12-16T21:49:10.680" durationms="65.645" />

<exclusive-start id="2388" timestamp="2025-12-16T21:52:48.822" intervalms="218208.378">
  <response-info timems="0.126" idlems="0.126" threads="0" lastid="00000000001D0800" lastname="VM Runtime State Listener" />
</exclusive-start>
<sys-start reason="vm idle" id="2389" timestamp="2025-12-16T21:52:48.824" intervalms="842878.335" />
<cycle-start id="2390" type="global" contextid="0" timestamp="2025-12-16T21:52:48.826" intervalms="842879.284" />
<gc-start id="2391" type="global" contextid="2390" timestamp="2025-12-16T21:52:48.830">
  <mem-info id="2392" free="71779920" total="382664704" percent="18">
    <mem type="nursery" free="12426080" total="181403648" percent="6">
      <mem type="allocate" free="12426080" total="148242432" percent="8" />
      <mem type="survivor" free="0" total="33161216" percent="0" />
    </mem>
    <mem type="tenure" free="59353840" total="201261056" percent="29">
      <mem type="soa" free="57340656" total="199247872" percent="28" />
      <mem type="loa" free="2013184" total="2013184" percent="100" />
    </mem>
    <remembered-set count="1287" />
  </mem-info>
</gc-start>
<allocation-stats totalBytes="135221568" discardedBytes="51256" >
  <allocated-bytes non-tlh="6520" tlh="135215048" />
  <largest-consumer threadName="Timer-7" threadId="0000000001009E00" bytes="37744776" />
</allocation-stats>
<gc-op id="2393" type="mark" timems="79.763" contextid="2390" timestamp="2025-12-16T21:52:48.914">
  <trace-info objectcount="2203470" scancount="1900300" scanbytes="71313428" />
  <finalization candidates="911" enqueued="3" />
  <ownableSynchronizers candidates="28106" cleared="18359" />
  <references type="soft" candidates="17211" cleared="1736" enqueued="1723" dynamicThreshold="9" maxThreshold="32" />
  <references type="weak" candidates="19164" cleared="129" enqueued="124" />
  <references type="phantom" candidates="1751" cleared="302" enqueued="302" />
  <stringconstants candidates="58744" cleared="1015"  />
  <object-monitors candidates="199" cleared="41"  />
</gc-op>
<gc-op id="2394" type="classunload" timems="0.205" contextid="2390" timestamp="2025-12-16T21:52:48.915">
  <classunload-info classloadercandidates="589" classloadersunloaded="1" classesunloaded="0" anonymousclassesunloaded="0" quiescems="0.000" setupms="0.191" scanms="0.006" postms="0.007" />
</gc-op>
<gc-op id="2395" type="sweep" timems="4.938" contextid="2390" timestamp="2025-12-16T21:52:48.921" />
<gc-end id="2396" type="global" contextid="2390" durationms="101.488" usertimems="781.495" systemtimems="33.284" stalltimems="776.825" timestamp="2025-12-16T21:52:48.932" activeThreads="20">
  <mem-info id="2397" free="238853248" total="382664704" percent="62">
    <mem type="nursery" free="147691416" total="181403648" percent="81">
      <mem type="allocate" free="147691416" total="148242432" percent="99" />
      <mem type="survivor" free="0" total="33161216" percent="0" />
    </mem>
    <mem type="tenure" free="91161832" total="201261056" percent="45" micro-fragmented="420317" macro-fragmented="39939376">
      <mem type="soa" free="89148648" total="199247872" percent="44" />
      <mem type="loa" free="2013184" total="2013184" percent="100" />
    </mem>
    <pending-finalizers system="3" default="0" reference="2149" classloader="0" />
    <remembered-set count="1028" />
  </mem-info>
</gc-end>
<cycle-end id="2398" type="global" contextid="2390" timestamp="2025-12-16T21:52:48.936" />
<sys-end id="2399" timestamp="2025-12-16T21:52:48.937" />
<exclusive-end id="2400" timestamp="2025-12-16T21:52:48.938" durationms="115.418" />

<heap-resize id="2401" type="release free pages" space="tenure" amount="90624000" count="1" timems="3.208" reason="idle" timestamp="2025-12-16T21:52:48.942" />
<exclusive-start id="2402" timestamp="2025-12-16T21:56:48.127" intervalms="239304.158">
  <response-info timems="0.155" idlems="0.155" threads="0" lastid="0000000001864600" lastname="Default Executor-thread-116" />
</exclusive-start>
<af-start id="2403" threadId="0000000001865078" totalBytesRequested="24" timestamp="2025-12-16T21:56:48.129" intervalms="457512.872" type="nursery" />
<cycle-start id="2404" type="scavenge" contextid="0" timestamp="2025-12-16T21:56:48.132" intervalms="457512.870" />
<gc-start id="2405" type="scavenge" contextid="2404" timestamp="2025-12-16T21:56:48.136">
  <mem-info id="2406" free="91160224" total="382664704" percent="23">
    <mem type="nursery" free="0" total="181403648" percent="0">
      <mem type="allocate" free="0" total="148242432" percent="0" />
      <mem type="survivor" free="0" total="33161216" percent="0" />
    </mem>
    <mem type="tenure" free="91160224" total="201261056" percent="45">
      <mem type="soa" free="89147040" total="199247872" percent="44" />
      <mem type="loa" free="2013184" total="2013184" percent="100" />
    </mem>
    <remembered-set count="3616" />
  </mem-info>
</gc-start>
<allocation-stats totalBytes="147614240" discardedBytes="76736" >
  <allocated-bytes non-tlh="285192" tlh="147329048" />
  <largest-consumer threadName="Timer-7" threadId="0000000001009E00" bytes="41638856" />
</allocation-stats>
<gc-op id="2407" type="scavenge" timems="32.639" contextid="2404" timestamp="2025-12-16T21:56:48.172">
  <scavenger-info tenureage="6" tenuremask="ffc0" tiltratio="81" />
  <memory-copied type="nursery" objects="6060" bytes="321056" bytesdiscarded="194224" />
  <finalization candidates="5" enqueued="4" />
  <ownableSynchronizers candidates="39582" cleared="39488" />
  <references type="soft" candidates="4" cleared="0" enqueued="0" dynamicThreshold="14" maxThreshold="32" />
  <references type="weak" candidates="311" cleared="6" enqueued="1" />
  <references type="phantom" candidates="316" cleared="304" enqueued="304" />
  <object-monitors candidates="158" cleared="0"  />
</gc-op>
<gc-end id="2408" type="scavenge" contextid="2404" durationms="64.637" usertimems="30.740" systemtimems="1.079" stalltimems="136.559" timestamp="2025-12-16T21:56:48.200" activeThreads="10">
  <mem-info id="2409" free="245440088" total="382664704" percent="64">
    <mem type="nursery" free="154279864" total="181403648" percent="85">
      <mem type="allocate" free="154279864" total="154796032" percent="99" />
      <mem type="survivor" free="0" total="26607616" percent="0" />
    </mem>
    <mem type="tenure" free="91160224" total="201261056" percent="45" macro-fragmented="0">
      <mem type="soa" free="89147040" total="199247872" percent="44" />
      <mem type="loa" free="2013184" total="2013184" percent="100" />
    </mem>
    <pending-finalizers system="4" default="0" reference="305" classloader="0" />
    <remembered-set count="2736" />
  </mem-info>
</gc-end>
<cycle-end id="2410" type="scavenge" contextid="2404" timestamp="2025-12-16T21:56:48.202" />
<allocation-satisfied id="2411" threadId="0000000001864600" bytesRequested="24" />
<af-end id="2412" timestamp="2025-12-16T21:56:48.204" threadId="0000000001865078" success="true" from="nursery"/>
<exclusive-end id="2413" timestamp="2025-12-16T21:56:48.205" durationms="77.913" />

<exclusive-start id="2414" timestamp="2025-12-16T21:58:26.412" intervalms="98285.020">
  <response-info timems="0.055" idlems="0.055" threads="0" lastid="00000000001D0800" lastname="VM Runtime State Listener" />
</exclusive-start>
<sys-start reason="vm idle" id="2415" timestamp="2025-12-16T21:58:26.413" intervalms="337589.016" />
<cycle-start id="2416" type="global" contextid="0" timestamp="2025-12-16T21:58:26.415" intervalms="337588.924" />
<gc-start id="2417" type="global" contextid="2416" timestamp="2025-12-16T21:58:26.419">
  <mem-info id="2418" free="176809352" total="382664704" percent="46">
    <mem type="nursery" free="85651360" total="181403648" percent="47">
      <mem type="allocate" free="85651360" total="154796032" percent="55" />
      <mem type="survivor" free="0" total="26607616" percent="0" />
    </mem>
    <mem type="tenure" free="91157992" total="201261056" percent="45">
      <mem type="soa" free="89144808" total="199247872" percent="44" />
      <mem type="loa" free="2013184" total="2013184" percent="100" />
    </mem>
    <remembered-set count="3326" />
  </mem-info>
</gc-start>
<allocation-stats totalBytes="68506016" discardedBytes="123960" >
  <allocated-bytes non-tlh="1496" tlh="68504520" />
  <largest-consumer threadName="Timer-7" threadId="0000000001009E00" bytes="18398328" />
</allocation-stats>
<gc-op id="2419" type="mark" timems="44.706" contextid="2416" timestamp="2025-12-16T21:58:26.466">
  <trace-info objectcount="2196009" scancount="1893568" scanbytes="71168608" />
  <finalization candidates="911" enqueued="3" />
  <ownableSynchronizers candidates="18026" cleared="8281" />
  <references type="soft" candidates="15476" cleared="0" enqueued="0" dynamicThreshold="14" maxThreshold="32" />
  <references type="weak" candidates="19303" cleared="6" enqueued="1" />
  <references type="phantom" candidates="1668" cleared="214" enqueued="214" />
  <stringconstants candidates="57740" cleared="789"  />
  <object-monitors candidates="158" cleared="0"  />
</gc-op>
<gc-op id="2420" type="classunload" timems="0.091" contextid="2416" timestamp="2025-12-16T21:58:26.467">
  <classunload-info classloadercandidates="588" classloadersunloaded="0" classesunloaded="0" anonymousclassesunloaded="0" quiescems="0.000" setupms="0.091" scanms="0.000" postms="0.000" />
</gc-op>
<gc-op id="2421" type="sweep" timems="2.270" contextid="2416" timestamp="2025-12-16T21:58:26.470" />
<mem-info id="2422" free="245419200" total="382664704" percent="64">
  <mem type="nursery" free="154099824" total="181403648" percent="84">
    <mem type="allocate" free="154099824" total="154796032" percent="99" />
    <mem type="survivor" free="0" total="26607616" percent="0" />
  </mem>
  <mem type="tenure" free="91319376" total="201261056" percent="45" micro-fragmented="492201" macro-fragmented="57512708">
    <mem type="soa" free="89306192" total="199247872" percent="44" />
    <mem type="loa" free="2013184" total="2013184" percent="100" />
  </mem>
  <pending-finalizers system="3" default="0" reference="215" classloader="0" />
  <remembered-set count="1432" />
</mem-info>
<gc-op id="2423" type="compact" timems="101.704" contextid="2416" timestamp="2025-12-16T21:58:26.574">
  <compact-info movecount="1834339" movebytes="89936240" reason="compact on aggressive collection" />
</gc-op>
<gc-end id="2424" type="global" contextid="2416" durationms="160.894" usertimems="1288.957" systemtimems="0.000" stalltimems="345.821" timestamp="2025-12-16T21:58:26.580" activeThreads="20">
  <mem-info id="2425" free="246292488" total="382664704" percent="64">
    <mem type="nursery" free="154424744" total="181403648" percent="85">
      <mem type="allocate" free="154424744" total="154796032" percent="99" />
      <mem type="survivor" free="0" total="26607616" percent="0" />
    </mem>
    <mem type="tenure" free="91867744" total="201261056" percent="45">
      <mem type="soa" free="89854560" total="199247872" percent="45" />
      <mem type="loa" free="2013184" total="2013184" percent="100" />
    </mem>
    <pending-finalizers system="3" default="0" reference="215" classloader="0" />
    <remembered-set count="1432" />
  </mem-info>
</gc-end>
<cycle-end id="2426" type="global" contextid="2416" timestamp="2025-12-16T21:58:26.581" />
<sys-end id="2427" timestamp="2025-12-16T21:58:26.581" />
<exclusive-end id="2428" timestamp="2025-12-16T21:58:26.582" durationms="170.155" />

<heap-resize id="2429" type="release free pages" space="tenure" amount="91828224" count="1" timems="0.726" reason="idle" timestamp="2025-12-16T21:58:26.583" />
<exclusive-start id="2430" timestamp="2025-12-16T22:01:25.623" intervalms="179210.963">
  <response-info timems="0.067" idlems="0.067" threads="0" lastid="0000000001009E00" lastname="Timer-7" />
</exclusive-start>
<af-start id="2431" threadId="000000000100A878" totalBytesRequested="80" timestamp="2025-12-16T22:01:25.624" intervalms="277494.985" type="nursery" />
<cycle-start id="2432" type="scavenge" contextid="0" timestamp="2025-12-16T22:01:25.627" intervalms="277494.703" />
<gc-start id="2433" type="scavenge" contextid="2432" timestamp="2025-12-16T22:01:25.630">
  <mem-info id="2434" free="91865864" total="382664704" percent="24">
    <mem type="nursery" free="0" total="181403648" percent="0">
      <mem type="allocate" free="0" total="154796032" percent="0" />
      <mem type="survivor" free="0" total="26607616" percent="0" />
    </mem>
    <mem type="tenure" free="91865864" total="201261056" percent="45">
      <mem type="soa" free="89852680" total="199247872" percent="45" />
      <mem type="loa" free="2013184" total="2013184" percent="100" />
    </mem>
    <remembered-set count="2055" />
  </mem-info>
</gc-start>
<allocation-stats totalBytes="151089312" discardedBytes="3337312" >
  <allocated-bytes non-tlh="16730576" tlh="134358736" />
  <largest-consumer threadName="Timer-7" threadId="0000000001009E00" bytes="29731000" />
</allocation-stats>
<gc-op id="2435" type="scavenge" timems="45.087" contextid="2432" timestamp="2025-12-16T22:01:25.677">
  <scavenger-info tenureage="5" tenuremask="ffe0" tiltratio="85" />
  <memory-copied type="nursery" objects="9449" bytes="26222192" bytesdiscarded="332424" />
  <memory-copied type="tenure" objects="31" bytes="5038328" bytesdiscarded="0" />
  <copy-failed type="nursery" objects="31" bytes="5038328" />
  <finalization candidates="3" enqueued="3" />
  <ownableSynchronizers candidates="34460" cleared="34373" />
  <references type="soft" candidates="7" cleared="0" enqueued="0" dynamicThreshold="14" maxThreshold="32" />
  <references type="weak" candidates="944" cleared="62" enqueued="59" />
  <references type="phantom" candidates="167" cleared="147" enqueued="147" />
  <object-monitors candidates="165" cleared="2"  />
</gc-op>
<gc-end id="2436" type="scavenge" contextid="2432" durationms="77.578" usertimems="42.266" systemtimems="27.841" stalltimems="204.471" timestamp="2025-12-16T22:01:25.707" activeThreads="10">
  <mem-info id="2437" free="164539104" total="382664704" percent="42">
    <mem type="nursery" free="77711568" total="181403648" percent="42">
      <mem type="allocate" free="77711568" total="104267776" percent="74" />
      <mem type="survivor" free="0" total="77135872" percent="0" />
    </mem>
    <mem type="tenure" free="86827536" total="201261056" percent="43" macro-fragmented="27735676">
      <mem type="soa" free="84814352" total="199247872" percent="42" />
      <mem type="loa" free="2013184" total="2013184" percent="100" />
    </mem>
    <pending-finalizers system="3" default="0" reference="206" classloader="0" />
    <remembered-set count="1072" />
  </mem-info>
</gc-end>
<cycle-end id="2438" type="scavenge" contextid="2432" timestamp="2025-12-16T22:01:25.709" />
<allocation-satisfied id="2439" threadId="0000000001009E00" bytesRequested="80" />
<af-end id="2440" timestamp="2025-12-16T22:01:25.710" threadId="000000000100A878" success="true" from="nursery"/>
<exclusive-end id="2441" timestamp="2025-12-16T22:01:25.711" durationms="88.510" />

<exclusive-start id="2442" timestamp="2025-12-16T22:02:50.270" intervalms="84647.750">
  <response-info timems="0.141" idlems="0.141" threads="0" lastid="00000000001D0800" lastname="VM Runtime State Listener" />
</exclusive-start>
<sys-start reason="vm idle" id="2443" timestamp="2025-12-16T22:02:50.272" intervalms="263858.770" />
<cycle-start id="2444" type="global" contextid="0" timestamp="2025-12-16T22:02:50.274" intervalms="263858.835" />
<gc-start id="2445" type="global" contextid="2444" timestamp="2025-12-16T22:02:50.277">
  <mem-info id="2446" free="111105968" total="382664704" percent="29">
    <mem type="nursery" free="24279168" total="181403648" percent="13">
      <mem type="allocate" free="24279168" total="104267776" percent="23" />
      <mem type="survivor" free="0" total="77135872" percent="0" />
    </mem>
    <mem type="tenure" free="86826800" total="201261056" percent="43">
      <mem type="soa" free="84813616" total="199247872" percent="42" />
      <mem type="loa" free="2013184" total="2013184" percent="100" />
    </mem>
    <remembered-set count="1244" />
  </mem-info>
</gc-start>
<allocation-stats totalBytes="53404632" discardedBytes="28504" >
  <allocated-bytes non-tlh="816" tlh="53403816" />
  <largest-consumer threadName="Timer-7" threadId="0000000001009E00" bytes="14481928" />
</allocation-stats>
<gc-op id="2447" type="mark" timems="83.448" contextid="2444" timestamp="2025-12-16T22:02:50.364">
  <trace-info objectcount="2196733" scancount="1894051" scanbytes="71163416" />
  <finalization candidates="909" enqueued="1" />
  <ownableSynchronizers candidates="16878" cleared="7133" />
  <references type="soft" candidates="15475" cleared="0" enqueued="0" dynamicThreshold="14" maxThreshold="32" />
  <references type="weak" candidates="19226" cleared="101" enqueued="99" />
  <references type="phantom" candidates="1600" cleared="150" enqueued="150" />
  <stringconstants candidates="56975" cleared="21"  />
  <object-monitors candidates="183" cleared="24"  />
</gc-op>
<gc-op id="2448" type="classunload" timems="0.077" contextid="2444" timestamp="2025-12-16T22:02:50.366">
  <classunload-info classloadercandidates="589" classloadersunloaded="0" classesunloaded="0" anonymousclassesunloaded="0" quiescems="0.000" setupms="0.077" scanms="0.000" postms="0.000" />
</gc-op>
<gc-op id="2449" type="sweep" timems="6.658" contextid="2444" timestamp="2025-12-16T22:02:50.374" />
<gc-end id="2450" type="global" contextid="2444" durationms="108.176" usertimems="827.702" systemtimems="56.148" stalltimems="772.860" timestamp="2025-12-16T22:02:50.385" activeThreads="20">
  <mem-info id="2451" free="164792352" total="382664704" percent="43">
    <mem type="nursery" free="77883768" total="181403648" percent="42">
      <mem type="allocate" free="77883768" total="104267776" percent="74" />
      <mem type="survivor" free="0" total="77135872" percent="0" />
    </mem>
    <mem type="tenure" free="86908584" total="201261056" percent="43" micro-fragmented="43874" macro-fragmented="57512708">
      <mem type="soa" free="84895400" total="199247872" percent="42" />
      <mem type="loa" free="2013184" total="2013184" percent="100" />
    </mem>
    <pending-finalizers system="1" default="0" reference="249" classloader="0" />
    <remembered-set count="1106" />
  </mem-info>
</gc-end>
<cycle-end id="2452" type="global" contextid="2444" timestamp="2025-12-16T22:02:50.387" />
<sys-end id="2453" timestamp="2025-12-16T22:02:50.388" />
<exclusive-end id="2454" timestamp="2025-12-16T22:02:50.389" durationms="118.979" />

<heap-resize id="2455" type="release free pages" space="tenure" amount="86818816" count="1" timems="1.749" reason="idle" timestamp="2025-12-16T22:02:50.392" />
<exclusive-start id="2456" timestamp="2025-12-16T22:04:55.629" intervalms="125358.274">
  <response-info timems="0.122" idlems="0.122" threads="0" lastid="0000000001009E00" lastname="Timer-7" />
</exclusive-start>
<af-start id="2457" threadId="000000000100A878" totalBytesRequested="4064" timestamp="2025-12-16T22:04:55.630" intervalms="210006.190" type="nursery" />
<cycle-start id="2458" type="scavenge" contextid="0" timestamp="2025-12-16T22:04:55.633" intervalms="210005.959" />
<gc-start id="2459" type="scavenge" contextid="2458" timestamp="2025-12-16T22:04:55.636">
  <mem-info id="2460" free="86906192" total="382664704" percent="22">
    <mem type="nursery" free="0" total="181403648" percent="0">
      <mem type="allocate" free="0" total="104267776" percent="0" />
      <mem type="survivor" free="0" total="77135872" percent="0" />
    </mem>
    <mem type="tenure" free="86906192" total="201261056" percent="43">
      <mem type="soa" free="84893008" total="199247872" percent="42" />
      <mem type="loa" free="2013184" total="2013184" percent="100" />
    </mem>
    <remembered-set count="1253" />
  </mem-info>
</gc-start>
<allocation-stats totalBytes="77836368" discardedBytes="47640" >
  <allocated-bytes non-tlh="111096" tlh="77725272" />
  <largest-consumer threadName="Timer-7" threadId="0000000001009E00" bytes="21576296" />
</allocation-stats>
<gc-op id="2461" type="scavenge" timems="29.252" contextid="2458" timestamp="2025-12-16T22:04:55.668">
  <scavenger-info tenureage="6" tenuremask="ffc0" tiltratio="57" />
  <memory-copied type="nursery" objects="9268" bytes="26139152" bytesdiscarded="284840" />
  <finalization candidates="3" enqueued="2" />
  <ownableSynchronizers candidates="30013" cleared="29911" />
  <references type="soft" candidates="5" cleared="0" enqueued="0" dynamicThreshold="13" maxThreshold="32" />
  <references type="weak" candidates="646" cleared="4" enqueued="1" />
  <references type="phantom" candidates="168" cleared="152" enqueued="152" />
  <object-monitors candidates="159" cleared="0"  />
</gc-op>
<gc-end id="2462" type="scavenge" contextid="2458" durationms="36.917" usertimems="46.950" systemtimems="16.930" stalltimems="173.336" timestamp="2025-12-16T22:04:55.673" activeThreads="10">
  <mem-info id="2463" free="172416520" total="382664704" percent="45">
    <mem type="nursery" free="85510328" total="181403648" percent="47">
      <mem type="allocate" free="85510328" total="111935488" percent="76" />
      <mem type="survivor" free="0" total="69468160" percent="0" />
    </mem>
    <mem type="tenure" free="86906192" total="201261056" percent="43" macro-fragmented="47927252">
      <mem type="soa" free="84893008" total="199247872" percent="42" />
      <mem type="loa" free="2013184" total="2013184" percent="100" />
    </mem>
    <pending-finalizers system="2" default="0" reference="153" classloader="0" />
    <remembered-set count="1024" />
  </mem-info>
</gc-end>
<cycle-end id="2464" type="scavenge" contextid="2458" timestamp="2025-12-16T22:04:55.674" />
<allocation-satisfied id="2465" threadId="0000000001009E00" bytesRequested="4064" />
<af-end id="2466" timestamp="2025-12-16T22:04:55.676" threadId="000000000100A878" success="true" from="nursery"/>
<exclusive-end id="2467" timestamp="2025-12-16T22:04:55.677" durationms="48.376" />

<exclusive-start id="2468" timestamp="2025-12-16T22:07:10.637" intervalms="135008.450">
  <response-info timems="0.093" idlems="0.093" threads="0" lastid="0000000001009E00" lastname="Timer-7" />
</exclusive-start>
<af-start id="2469" threadId="000000000100A878" totalBytesRequested="8304" timestamp="2025-12-16T22:07:10.639" intervalms="135008.492" type="nursery" />
<cycle-start id="2470" type="scavenge" contextid="0" timestamp="2025-12-16T22:07:10.641" intervalms="135008.236" />
<gc-start id="2471" type="scavenge" contextid="2470" timestamp="2025-12-16T22:07:10.643">
  <mem-info id="2472" free="86904352" total="382664704" percent="22">
    <mem type="nursery" free="0" total="181403648" percent="0">
      <mem type="allocate" free="0" total="111935488" percent="0" />
      <mem type="survivor" free="0" total="69468160" percent="0" />
    </mem>
    <mem type="tenure" free="86904352" total="201261056" percent="43">
      <mem type="soa" free="84891168" total="199247872" percent="42" />
      <mem type="loa" free="2013184" total="2013184" percent="100" />
    </mem>
    <remembered-set count="1246" />
  </mem-info>
</gc-start>
<allocation-stats totalBytes="85474744" discardedBytes="37424" >
  <allocated-bytes non-tlh="5904" tlh="85468840" />
  <largest-consumer threadName="Timer-7" threadId="0000000001009E00" bytes="23727280" />
</allocation-stats>
<gc-op id="2473" type="scavenge" timems="36.993" contextid="2470" timestamp="2025-12-16T22:07:10.683">
  <scavenger-info tenureage="2" tenuremask="ff84" tiltratio="61" />
  <memory-copied type="nursery" objects="6150" bytes="328528" bytesdiscarded="296992" />
  <memory-copied type="tenure" objects="4065" bytes="25861656" bytesdiscarded="2064" />
  <finalization candidates="6" enqueued="5" />
  <ownableSynchronizers candidates="11464" cleared="11353" />
  <references type="soft" candidates="3" cleared="0" enqueued="0" dynamicThreshold="13" maxThreshold="32" />
  <references type="weak" candidates="395" cleared="7" enqueued="1" />
  <references type="phantom" candidates="348" cleared="336" enqueued="336" />
  <object-monitors candidates="159" cleared="0"  />
</gc-op>
<gc-end id="2474" type="scavenge" contextid="2470" durationms="48.635" usertimems="50.080" systemtimems="32.318" stalltimems="163.281" timestamp="2025-12-16T22:07:10.692" activeThreads="9">
  <mem-info id="2475" free="179624008" total="382664704" percent="46">
    <mem type="nursery" free="118714872" total="181403648" percent="65">
      <mem type="allocate" free="118714872" total="119341056" percent="99" />
      <mem type="survivor" free="0" total="62062592" percent="0" />
    </mem>
    <mem type="tenure" free="60909136" total="201261056" percent="30" macro-fragmented="47927252">
      <mem type="soa" free="58895952" total="199247872" percent="29" />
      <mem type="loa" free="2013184" total="2013184" percent="100" />
    </mem>
    <pending-finalizers system="5" default="0" reference="337" classloader="0" />
    <remembered-set count="1002" />
  </mem-info>
</gc-end>
<cycle-end id="2476" type="scavenge" contextid="2470" timestamp="2025-12-16T22:07:10.694" />
<allocation-satisfied id="2477" threadId="0000000001009E00" bytesRequested="8304" />
<af-end id="2478" timestamp="2025-12-16T22:07:10.698" threadId="000000000100A878" success="true" from="nursery"/>
<exclusive-end id="2479" timestamp="2025-12-16T22:07:10.700" durationms="62.800" />

<exclusive-start id="2480" timestamp="2025-12-16T22:10:10.638" intervalms="180001.282">
  <response-info timems="0.426" idlems="0.246" threads="1" lastid="000000000004BA00" lastname="IProfiler" />
</exclusive-start>
<af-start id="2481" threadId="000000000100A878" totalBytesRequested="32" timestamp="2025-12-16T22:10:10.641" intervalms="180001.595" type="nursery" />
<cycle-start id="2482" type="scavenge" contextid="0" timestamp="2025-12-16T22:10:10.644" intervalms="180002.567" />
<gc-start id="2483" type="scavenge" contextid="2482" timestamp="2025-12-16T22:10:10.647">
  <mem-info id="2484" free="60908400" total="382664704" percent="15">
    <mem type="nursery" free="0" total="181403648" percent="0">
      <mem type="allocate" free="0" total="119341056" percent="0" />
      <mem type="survivor" free="0" total="62062592" percent="0" />
    </mem>
    <mem type="tenure" free="60908400" total="201261056" percent="30">
      <mem type="soa" free="58895216" total="199247872" percent="29" />
      <mem type="loa" free="2013184" total="2013184" percent="100" />
    </mem>
    <remembered-set count="1960" />
  </mem-info>
</gc-start>
<allocation-stats totalBytes="118636656" discardedBytes="78952" >
  <allocated-bytes non-tlh="78696" tlh="118557960" />
  <largest-consumer threadName="Timer-7" threadId="0000000001009E00" bytes="29846744" />
</allocation-stats>
<gc-op id="2485" type="scavenge" timems="43.763" contextid="2482" timestamp="2025-12-16T22:10:10.694">
  <scavenger-info tenureage="4" tenuremask="fff0" tiltratio="65" />
  <memory-copied type="nursery" objects="5114" bytes="228760" bytesdiscarded="302576" />
  <memory-copied type="tenure" objects="1460" bytes="103720" bytesdiscarded="456" />
  <finalization candidates="2" enqueued="1" />
  <ownableSynchronizers candidates="15212" cleared="15118" />
  <references type="soft" candidates="1" cleared="0" enqueued="0" dynamicThreshold="13" maxThreshold="32" />
  <references type="weak" candidates="368" cleared="22" enqueued="19" />
  <references type="phantom" candidates="152" cleared="147" enqueued="147" />
  <object-monitors candidates="179" cleared="14"  />
</gc-op>
<gc-end id="2486" type="scavenge" contextid="2482" durationms="74.519" usertimems="17.798" systemtimems="22.249" stalltimems="190.128" timestamp="2025-12-16T22:10:10.722" activeThreads="9">
  <mem-info id="2487" free="191837232" total="382664704" percent="50">
    <mem type="nursery" free="131129600" total="181403648" percent="72">
      <mem type="allocate" free="131129600" total="131661824" percent="99" />
      <mem type="survivor" free="0" total="49741824" percent="0" />
    </mem>
    <mem type="tenure" free="60707632" total="201261056" percent="30" macro-fragmented="57512708">
      <mem type="soa" free="58694448" total="199247872" percent="29" />
      <mem type="loa" free="2013184" total="2013184" percent="100" />
    </mem>
    <pending-finalizers system="1" default="0" reference="166" classloader="0" />
    <remembered-set count="956" />
  </mem-info>
</gc-end>
<cycle-end id="2488" type="scavenge" contextid="2482" timestamp="2025-12-16T22:10:10.723" />
<allocation-satisfied id="2489" threadId="0000000001009E00" bytesRequested="32" />
<af-end id="2490" timestamp="2025-12-16T22:10:10.725" threadId="000000000100A878" success="true" from="nursery"/>
<exclusive-end id="2491" timestamp="2025-12-16T22:10:10.725" durationms="87.070" />

<exclusive-start id="2492" timestamp="2025-12-16T22:13:34.986" intervalms="204347.223">
  <response-info timems="0.119" idlems="0.119" threads="0" lastid="000000000286B600" lastname="Default Executor-thread-127" />
</exclusive-start>
<af-start id="2493" threadId="000000000286C078" totalBytesRequested="8200" timestamp="2025-12-16T22:13:34.987" intervalms="204346.797" type="nursery" />
<cycle-start id="2494" type="scavenge" contextid="0" timestamp="2025-12-16T22:13:34.990" intervalms="204346.144" />
<gc-start id="2495" type="scavenge" contextid="2494" timestamp="2025-12-16T22:13:34.992">
  <mem-info id="2496" free="60706120" total="382664704" percent="15">
    <mem type="nursery" free="0" total="181403648" percent="0">
      <mem type="allocate" free="0" total="131661824" percent="0" />
      <mem type="survivor" free="0" total="49741824" percent="0" />
    </mem>
    <mem type="tenure" free="60706120" total="201261056" percent="30">
      <mem type="soa" free="58692936" total="199247872" percent="29" />
      <mem type="loa" free="2013184" total="2013184" percent="100" />
    </mem>
    <remembered-set count="1333" />
  </mem-info>
</gc-start>
<allocation-stats totalBytes="131082360" discardedBytes="48752" >
  <allocated-bytes non-tlh="1544" tlh="131080816" />
  <largest-consumer threadName="Timer-7" threadId="0000000001009E00" bytes="36549536" />
</allocation-stats>
<gc-op id="2497" type="scavenge" timems="10.643" contextid="2494" timestamp="2025-12-16T22:13:35.006">
  <scavenger-info tenureage="4" tenuremask="fe10" tiltratio="72" />
  <memory-copied type="nursery" objects="8595" bytes="490560" bytesdiscarded="288576" />
  <finalization candidates="7" enqueued="5" />
  <ownableSynchronizers candidates="17289" cleared="17178" />
  <references type="soft" candidates="6" cleared="0" enqueued="0" dynamicThreshold="13" maxThreshold="32" />
  <references type="weak" candidates="501" cleared="62" enqueued="57" />
  <references type="phantom" candidates="315" cleared="302" enqueued="302" />
  <object-monitors candidates="167" cleared="0"  />
</gc-op>
<gc-end id="2498" type="scavenge" contextid="2494" durationms="25.375" usertimems="16.861" systemtimems="8.106" stalltimems="45.757" timestamp="2025-12-16T22:13:35.017" activeThreads="9">
  <mem-info id="2499" free="201352616" total="382664704" percent="52">
    <mem type="nursery" free="140646496" total="181403648" percent="77">
      <mem type="allocate" free="140646496" total="141426688" percent="99" />
      <mem type="survivor" free="0" total="39976960" percent="0" />
    </mem>
    <mem type="tenure" free="60706120" total="201261056" percent="30" macro-fragmented="39939376">
      <mem type="soa" free="58692936" total="199247872" percent="29" />
      <mem type="loa" free="2013184" total="2013184" percent="100" />
    </mem>
    <pending-finalizers system="5" default="0" reference="359" classloader="0" />
    <remembered-set count="1011" />
  </mem-info>
</gc-end>
<cycle-end id="2500" type="scavenge" contextid="2494" timestamp="2025-12-16T22:13:35.019" />
<allocation-satisfied id="2501" threadId="000000000286B600" bytesRequested="8200" />
<af-end id="2502" timestamp="2025-12-16T22:13:35.020" threadId="000000000286C078" success="true" from="nursery"/>
<exclusive-end id="2503" timestamp="2025-12-16T22:13:35.021" durationms="35.083" />

<exclusive-start id="2504" timestamp="2025-12-16T22:17:23.360" intervalms="228374.173">
  <response-info timems="5.615" idlems="2.359" threads="2" lastid="0000000001B02800" lastname="Default Executor-thread-58" />
</exclusive-start>
<af-start id="2505" threadId="0000000001845D78" totalBytesRequested="136" timestamp="2025-12-16T22:17:23.363" intervalms="228375.318" type="nursery" />
<cycle-start id="2506" type="scavenge" contextid="0" timestamp="2025-12-16T22:17:23.367" intervalms="228377.222" />
<gc-start id="2507" type="scavenge" contextid="2506" timestamp="2025-12-16T22:17:23.373">
  <mem-info id="2508" free="60705752" total="382664704" percent="15">
    <mem type="nursery" free="0" total="181403648" percent="0">
      <mem type="allocate" free="0" total="141426688" percent="0" />
      <mem type="survivor" free="0" total="39976960" percent="0" />
    </mem>
    <mem type="tenure" free="60705752" total="201261056" percent="30">
      <mem type="soa" free="58692568" total="199247872" percent="29" />
      <mem type="loa" free="2013184" total="2013184" percent="100" />
    </mem>
    <remembered-set count="1240" />
  </mem-info>
</gc-start>
<allocation-stats totalBytes="140607408" discardedBytes="39456" >
  <allocated-bytes non-tlh="8568" tlh="140598840" />
  <largest-consumer threadName="Timer-7" threadId="0000000001009E00" bytes="39630416" />
</allocation-stats>
<gc-op id="2509" type="scavenge" timems="32.988" contextid="2506" timestamp="2025-12-16T22:17:23.411">
  <scavenger-info tenureage="5" tenuremask="ffe0" tiltratio="77" />
  <memory-copied type="nursery" objects="6778" bytes="361480" bytesdiscarded="212904" />
  <finalization candidates="4" enqueued="4" />
  <ownableSynchronizers candidates="19274" cleared="19183" />
  <references type="soft" candidates="6" cleared="0" enqueued="0" dynamicThreshold="13" maxThreshold="32" />
  <references type="weak" candidates="450" cleared="4" enqueued="1" />
  <references type="phantom" candidates="167" cleared="156" enqueued="156" />
  <object-monitors candidates="167" cleared="0"  />
</gc-op>
<gc-end id="2510" type="scavenge" contextid="2506" durationms="54.521" usertimems="17.591" systemtimems="13.648" stalltimems="44.506" timestamp="2025-12-16T22:17:23.427" activeThreads="8">
  <mem-info id="2511" free="209421704" total="382664704" percent="54">
    <mem type="nursery" free="148715952" total="181403648" percent="81">
      <mem type="allocate" free="148715952" total="149291008" percent="99" />
      <mem type="survivor" free="0" total="32112640" percent="0" />
    </mem>
    <mem type="tenure" free="60705752" total="201261056" percent="30" macro-fragmented="57512708">
      <mem type="soa" free="58692568" total="199247872" percent="29" />
      <mem type="loa" free="2013184" total="2013184" percent="100" />
    </mem>
    <pending-finalizers system="4" default="0" reference="157" classloader="0" />
    <remembered-set count="1018" />
  </mem-info>
</gc-end>
<cycle-end id="2512" type="scavenge" contextid="2506" timestamp="2025-12-16T22:17:23.429" />
<allocation-satisfied id="2513" threadId="0000000001845300" bytesRequested="136" />
<af-end id="2514" timestamp="2025-12-16T22:17:23.431" threadId="0000000001845D78" success="true" from="nursery"/>
<exclusive-end id="2515" timestamp="2025-12-16T22:17:23.432" durationms="72.314" />

<exclusive-start id="2516" timestamp="2025-12-16T22:21:25.281" intervalms="241921.106">
  <response-info timems="0.102" idlems="0.102" threads="0" lastid="000000000086F700" lastname="Default Executor-thread-4" />
</exclusive-start>
<af-start id="2517" threadId="0000000000870178" totalBytesRequested="264" timestamp="2025-12-16T22:21:25.283" intervalms="241919.880" type="nursery" />
<cycle-start id="2518" type="scavenge" contextid="0" timestamp="2025-12-16T22:21:25.285" intervalms="241917.979" />
<gc-start id="2519" type="scavenge" contextid="2518" timestamp="2025-12-16T22:21:25.288">
  <mem-info id="2520" free="60704280" total="382664704" percent="15">
    <mem type="nursery" free="0" total="181403648" percent="0">
      <mem type="allocate" free="0" total="149291008" percent="0" />
      <mem type="survivor" free="0" total="32112640" percent="0" />
    </mem>
    <mem type="tenure" free="60704280" total="201261056" percent="30">
      <mem type="soa" free="58691096" total="199247872" percent="29" />
      <mem type="loa" free="2013184" total="2013184" percent="100" />
    </mem>
    <remembered-set count="1259" />
  </mem-info>
</gc-start>
<allocation-stats totalBytes="148673272" discardedBytes="44152" >
  <allocated-bytes non-tlh="1608" tlh="148671664" />
  <largest-consumer threadName="Timer-7" threadId="0000000001009E00" bytes="42070904" />
</allocation-stats>
<gc-op id="2521" type="scavenge" timems="27.862" contextid="2518" timestamp="2025-12-16T22:21:25.318">
  <scavenger-info tenureage="4" tenuremask="fff0" tiltratio="82" />
  <memory-copied type="nursery" objects="6933" bytes="370080" bytesdiscarded="193448" />
  <memory-copied type="tenure" objects="385" bytes="41616" bytesdiscarded="208" />
  <finalization candidates="4" enqueued="4" />
  <ownableSynchronizers candidates="20391" cleared="20302" />
  <references type="soft" candidates="6" cleared="0" enqueued="0" dynamicThreshold="13" maxThreshold="32" />
  <references type="weak" candidates="434" cleared="6" enqueued="1" />
  <references type="phantom" candidates="313" cleared="304" enqueued="304" />
  <object-monitors candidates="167" cleared="0"  />
</gc-op>
<gc-end id="2522" type="scavenge" contextid="2518" durationms="35.630" usertimems="12.563" systemtimems="12.899" stalltimems="85.306" timestamp="2025-12-16T22:21:25.323" activeThreads="9">
  <mem-info id="2523" free="215610928" total="382664704" percent="56">
    <mem type="nursery" free="155018272" total="181403648" percent="85">
      <mem type="allocate" free="155018272" total="155582464" percent="99" />
      <mem type="survivor" free="0" total="25821184" percent="0" />
    </mem>
    <mem type="tenure" free="60592656" total="201261056" percent="30" macro-fragmented="57512708">
      <mem type="soa" free="58579472" total="199247872" percent="29" />
      <mem type="loa" free="2013184" total="2013184" percent="100" />
    </mem>
    <pending-finalizers system="4" default="0" reference="305" classloader="0" />
    <remembered-set count="1027" />
  </mem-info>
</gc-end>
<cycle-end id="2524" type="scavenge" contextid="2518" timestamp="2025-12-16T22:21:25.325" />
<allocation-satisfied id="2525" threadId="000000000086F700" bytesRequested="264" />
<af-end id="2526" timestamp="2025-12-16T22:21:25.326" threadId="0000000000870178" success="true" from="nursery"/>
<exclusive-end id="2527" timestamp="2025-12-16T22:21:25.327" durationms="46.160" />

<exclusive-start id="2528" timestamp="2025-12-16T22:25:30.207" intervalms="244925.742">
  <response-info timems="0.096" idlems="0.096" threads="0" lastid="0000000001CA3500" lastname="Default Executor-thread-165" />
</exclusive-start>
<af-start id="2529" threadId="0000000001CA3F78" totalBytesRequested="56" timestamp="2025-12-16T22:25:30.208" intervalms="244925.686" type="nursery" />
<cycle-start id="2530" type="scavenge" contextid="0" timestamp="2025-12-16T22:25:30.211" intervalms="244926.156" />
<gc-start id="2531" type="scavenge" contextid="2530" timestamp="2025-12-16T22:25:30.214">
  <mem-info id="2532" free="60589856" total="382664704" percent="15">
    <mem type="nursery" free="0" total="181403648" percent="0">
      <mem type="allocate" free="0" total="155582464" percent="0" />
      <mem type="survivor" free="0" total="25821184" percent="0" />
    </mem>
    <mem type="tenure" free="60589856" total="201261056" percent="30">
      <mem type="soa" free="58576672" total="199247872" percent="29" />
      <mem type="loa" free="2013184" total="2013184" percent="100" />
    </mem>
    <remembered-set count="1383" />
  </mem-info>
</gc-start>
<allocation-stats totalBytes="154966752" discardedBytes="54320" >
  <allocated-bytes non-tlh="35840" tlh="154930912" />
  <largest-consumer threadName="Timer-7" threadId="0000000001009E00" bytes="44351952" />
</allocation-stats>
<gc-op id="2533" type="scavenge" timems="22.033" contextid="2530" timestamp="2025-12-16T22:25:30.240">
  <scavenger-info tenureage="7" tenuremask="ff80" tiltratio="85" />
  <memory-copied type="nursery" objects="7863" bytes="409384" bytesdiscarded="279496" />
  <finalization candidates="9" enqueued="8" />
  <ownableSynchronizers candidates="20694" cleared="20592" />
  <references type="soft" candidates="6" cleared="0" enqueued="0" dynamicThreshold="13" maxThreshold="32" />
  <references type="weak" candidates="464" cleared="20" enqueued="12" />
  <references type="phantom" candidates="495" cleared="486" enqueued="486" />
  <object-monitors candidates="187" cleared="12"  />
</gc-op>
<gc-end id="2534" type="scavenge" contextid="2530" durationms="32.732" usertimems="8.722" systemtimems="9.255" stalltimems="62.322" timestamp="2025-12-16T22:25:30.246" activeThreads="10">
  <mem-info id="2535" free="220528592" total="382664704" percent="57">
    <mem type="nursery" free="159938736" total="181403648" percent="88">
      <mem type="allocate" free="159938736" total="160628736" percent="99" />
      <mem type="survivor" free="0" total="20774912" percent="0" />
    </mem>
    <mem type="tenure" free="60589856" total="201261056" percent="30" macro-fragmented="33282812">
      <mem type="soa" free="58576672" total="199247872" percent="29" />
      <mem type="loa" free="2013184" total="2013184" percent="100" />
    </mem>
    <pending-finalizers system="8" default="0" reference="498" classloader="0" />
    <remembered-set count="1106" />
  </mem-info>
</gc-end>
<cycle-end id="2536" type="scavenge" contextid="2530" timestamp="2025-12-16T22:25:30.248" />
<allocation-satisfied id="2537" threadId="0000000001CA3500" bytesRequested="56" />
<af-end id="2538" timestamp="2025-12-16T22:25:30.249" threadId="0000000001CA3F78" success="true" from="nursery"/>
<exclusive-end id="2539" timestamp="2025-12-16T22:25:30.250" durationms="43.721" />

<exclusive-start id="2540" timestamp="2025-12-16T22:29:55.666" intervalms="265459.136">
  <response-info timems="0.235" idlems="0.235" threads="0" lastid="0000000001009E00" lastname="Timer-7" />
</exclusive-start>
<af-start id="2541" threadId="000000000100A878" totalBytesRequested="3352" timestamp="2025-12-16T22:29:55.668" intervalms="265459.302" type="nursery" />
<cycle-start id="2542" type="scavenge" contextid="0" timestamp="2025-12-16T22:29:55.669" intervalms="265458.193" />
<gc-start id="2543" type="scavenge" contextid="2542" timestamp="2025-12-16T22:29:55.671">
  <mem-info id="2544" free="60589856" total="382664704" percent="15">
    <mem type="nursery" free="0" total="181403648" percent="0">
      <mem type="allocate" free="0" total="160628736" percent="0" />
      <mem type="survivor" free="0" total="20774912" percent="0" />
    </mem>
    <mem type="tenure" free="60589856" total="201261056" percent="30">
      <mem type="soa" free="58576672" total="199247872" percent="29" />
      <mem type="loa" free="2013184" total="2013184" percent="100" />
    </mem>
    <remembered-set count="1188" />
  </mem-info>
</gc-start>
<allocation-stats totalBytes="159885768" discardedBytes="52968" >
  <allocated-bytes non-tlh="56" tlh="159885712" />
  <largest-consumer threadName="Timer-7" threadId="0000000001009E00" bytes="45545552" />
</allocation-stats>
<gc-op id="2545" type="scavenge" timems="24.315" contextid="2542" timestamp="2025-12-16T22:29:55.697">
  <scavenger-info tenureage="6" tenuremask="ffc0" tiltratio="88" />
  <memory-copied type="nursery" objects="6413" bytes="368112" bytesdiscarded="342200" />
  <finalization candidates="1" enqueued="1" />
  <ownableSynchronizers candidates="22328" cleared="22240" />
  <references type="soft" candidates="6" cleared="0" enqueued="0" dynamicThreshold="13" maxThreshold="32" />
  <references type="weak" candidates="456" cleared="0" enqueued="0" />
  <references type="phantom" candidates="11" cleared="3" enqueued="3" />
  <object-monitors candidates="175" cleared="0"  />
</gc-op>
<gc-end id="2546" type="scavenge" contextid="2542" durationms="28.946" usertimems="14.351" systemtimems="14.535" stalltimems="59.777" timestamp="2025-12-16T22:29:55.700" activeThreads="11">
  <mem-info id="2547" free="223129056" total="382664704" percent="58">
    <mem type="nursery" free="162539200" total="181403648" percent="89">
      <mem type="allocate" free="162539200" total="163250176" percent="99" />
      <mem type="survivor" free="0" total="18153472" percent="0" />
    </mem>
    <mem type="tenure" free="60589856" total="201261056" percent="30" macro-fragmented="57512708">
      <mem type="soa" free="58576672" total="199247872" percent="29" />
      <mem type="loa" free="2013184" total="2013184" percent="100" />
    </mem>
    <pending-finalizers system="1" default="0" reference="3" classloader="0" />
    <remembered-set count="1041" />
  </mem-info>
</gc-end>
<cycle-end id="2548" type="scavenge" contextid="2542" timestamp="2025-12-16T22:29:55.701" />
<allocation-satisfied id="2549" threadId="0000000001009E00" bytesRequested="3352" />
<af-end id="2550" timestamp="2025-12-16T22:29:55.703" threadId="000000000100A878" success="true" from="nursery"/>
<exclusive-end id="2551" timestamp="2025-12-16T22:29:55.703" durationms="37.450" />

<exclusive-start id="2552" timestamp="2025-12-16T22:34:25.667" intervalms="270001.583">
  <response-info timems="0.128" idlems="0.128" threads="0" lastid="0000000001009E00" lastname="Timer-7" />
</exclusive-start>
<af-start id="2553" threadId="000000000100A878" totalBytesRequested="1928" timestamp="2025-12-16T22:34:25.669" intervalms="270001.800" type="nursery" />
<cycle-start id="2554" type="scavenge" contextid="0" timestamp="2025-12-16T22:34:25.672" intervalms="270002.367" />
<gc-start id="2555" type="scavenge" contextid="2554" timestamp="2025-12-16T22:34:25.674">
  <mem-info id="2556" free="60589856" total="382664704" percent="15">
    <mem type="nursery" free="0" total="181403648" percent="0">
      <mem type="allocate" free="0" total="163250176" percent="0" />
      <mem type="survivor" free="0" total="18153472" percent="0" />
    </mem>
    <mem type="tenure" free="60589856" total="201261056" percent="30">
      <mem type="soa" free="58576672" total="199247872" percent="29" />
      <mem type="loa" free="2013184" total="2013184" percent="100" />
    </mem>
    <remembered-set count="1108" />
  </mem-info>
</gc-start>
<allocation-stats totalBytes="162500384" discardedBytes="38816" >
  <allocated-bytes non-tlh="3352" tlh="162497032" />
  <largest-consumer threadName="Timer-7" threadId="0000000001009E00" bytes="46330424" />
</allocation-stats>
<gc-op id="2557" type="scavenge" timems="18.713" contextid="2554" timestamp="2025-12-16T22:34:25.696">
  <scavenger-info tenureage="4" tenuremask="fff0" tiltratio="89" />
  <memory-copied type="nursery" objects="3374" bytes="184896" bytesdiscarded="456464" />
  <memory-copied type="tenure" objects="3044" bytes="179168" bytesdiscarded="720" />
  <ownableSynchronizers candidates="22661" cleared="22573" />
  <references type="soft" candidates="1" cleared="0" enqueued="0" dynamicThreshold="13" maxThreshold="32" />
  <references type="weak" candidates="146" cleared="0" enqueued="0" />
  <references type="phantom" candidates="4" cleared="0" enqueued="0" />
  <object-monitors candidates="175" cleared="0"  />
</gc-op>
<gc-end id="2558" type="scavenge" contextid="2554" durationms="22.650" usertimems="13.810" systemtimems="30.115" stalltimems="114.912" timestamp="2025-12-16T22:34:25.697" activeThreads="13">
  <mem-info id="2559" free="222987792" total="382664704" percent="58">
    <mem type="nursery" free="162608632" total="181403648" percent="89">
      <mem type="allocate" free="162608632" total="163250176" percent="99" />
      <mem type="survivor" free="0" total="18153472" percent="0" />
    </mem>
    <mem type="tenure" free="60379160" total="201261056" percent="30" macro-fragmented="57512708">
      <mem type="soa" free="58365976" total="199247872" percent="29" />
      <mem type="loa" free="2013184" total="2013184" percent="100" />
    </mem>
    <remembered-set count="793" />
  </mem-info>
</gc-end>
<cycle-end id="2560" type="scavenge" contextid="2554" timestamp="2025-12-16T22:34:25.698" />
<allocation-satisfied id="2561" threadId="0000000001009E00" bytesRequested="1928" />
<af-end id="2562" timestamp="2025-12-16T22:34:25.700" threadId="000000000100A878" success="true" from="nursery"/>
<exclusive-end id="2563" timestamp="2025-12-16T22:34:25.700" durationms="33.031" />

<exclusive-start id="2564" timestamp="2025-12-16T22:38:55.063" intervalms="269395.306">
  <response-info timems="0.144" idlems="0.144" threads="0" lastid="000000000086F700" lastname="Default Executor-thread-4" />
</exclusive-start>
<af-start id="2565" threadId="0000000000870178" totalBytesRequested="176" timestamp="2025-12-16T22:38:55.065" intervalms="269395.609" type="nursery" />
<cycle-start id="2566" type="scavenge" contextid="0" timestamp="2025-12-16T22:38:55.067" intervalms="269395.893" />
<gc-start id="2567" type="scavenge" contextid="2566" timestamp="2025-12-16T22:38:55.070">
  <mem-info id="2568" free="60379160" total="382664704" percent="15">
    <mem type="nursery" free="0" total="181403648" percent="0">
      <mem type="allocate" free="0" total="163250176" percent="0" />
      <mem type="survivor" free="0" total="18153472" percent="0" />
    </mem>
    <mem type="tenure" free="60379160" total="201261056" percent="30">
      <mem type="soa" free="58365976" total="199247872" percent="29" />
      <mem type="loa" free="2013184" total="2013184" percent="100" />
    </mem>
    <remembered-set count="864" />
  </mem-info>
</gc-start>
<allocation-stats totalBytes="162555120" discardedBytes="53512" >
  <allocated-bytes non-tlh="1928" tlh="162553192" />
  <largest-consumer threadName="Timer-7" threadId="0000000001009E00" bytes="45981848" />
</allocation-stats>
<gc-op id="2569" type="scavenge" timems="16.979" contextid="2566" timestamp="2025-12-16T22:38:55.091">
  <scavenger-info tenureage="4" tenuremask="ff10" tiltratio="89" />
  <memory-copied type="nursery" objects="3221" bytes="149368" bytesdiscarded="337856" />
  <memory-copied type="tenure" objects="267" bytes="41128" bytesdiscarded="0" />
  <ownableSynchronizers candidates="22629" cleared="22542" />
  <references type="soft" candidates="1" cleared="0" enqueued="0" dynamicThreshold="13" maxThreshold="32" />
  <references type="weak" candidates="102" cleared="6" enqueued="6" />
  <references type="phantom" candidates="2" cleared="0" enqueued="0" />
  <object-monitors candidates="195" cleared="9"  />
</gc-op>
<gc-end id="2570" type="scavenge" contextid="2566" durationms="22.509" usertimems="10.880" systemtimems="18.115" stalltimems="64.860" timestamp="2025-12-16T22:38:55.093" activeThreads="12">
  <mem-info id="2571" free="223141656" total="382664704" percent="58">
    <mem type="nursery" free="162762496" total="181403648" percent="89">
      <mem type="allocate" free="162762496" total="163250176" percent="99" />
      <mem type="survivor" free="0" total="18153472" percent="0" />
    </mem>
    <mem type="tenure" free="60379160" total="201261056" percent="30" macro-fragmented="57512708">
      <mem type="soa" free="58365976" total="199247872" percent="29" />
      <mem type="loa" free="2013184" total="2013184" percent="100" />
    </mem>
    <pending-finalizers system="0" default="0" reference="6" classloader="0" />
    <remembered-set count="761" />
  </mem-info>
</gc-end>
<cycle-end id="2572" type="scavenge" contextid="2566" timestamp="2025-12-16T22:38:55.094" />
<allocation-satisfied id="2573" threadId="000000000086F700" bytesRequested="176" />
<af-end id="2574" timestamp="2025-12-16T22:38:55.096" threadId="0000000000870178" success="true" from="nursery"/>
<exclusive-end id="2575" timestamp="2025-12-16T22:38:55.097" durationms="34.144" />

<exclusive-start id="2576" timestamp="2025-12-16T22:43:22.291" intervalms="267228.684">
  <response-info timems="0.097" idlems="0.097" threads="0" lastid="0000000001B02800" lastname="Default Executor-thread-58" />
</exclusive-start>
<af-start id="2577" threadId="0000000001B03278" totalBytesRequested="144" timestamp="2025-12-16T22:43:22.293" intervalms="267227.967" type="nursery" />
<cycle-start id="2578" type="scavenge" contextid="0" timestamp="2025-12-16T22:43:22.295" intervalms="267227.051" />
<gc-start id="2579" type="scavenge" contextid="2578" timestamp="2025-12-16T22:43:22.296">
  <mem-info id="2580" free="60379160" total="382664704" percent="15">
    <mem type="nursery" free="0" total="181403648" percent="0">
      <mem type="allocate" free="0" total="163250176" percent="0" />
      <mem type="survivor" free="0" total="18153472" percent="0" />
    </mem>
    <mem type="tenure" free="60379160" total="201261056" percent="30">
      <mem type="soa" free="58365976" total="199247872" percent="29" />
      <mem type="loa" free="2013184" total="2013184" percent="100" />
    </mem>
    <remembered-set count="831" />
  </mem-info>
</gc-start>
<allocation-stats totalBytes="162714112" discardedBytes="48384" >
  <allocated-bytes non-tlh="176" tlh="162713936" />
  <largest-consumer threadName="Timer-7" threadId="0000000001009E00" bytes="46803624" />
</allocation-stats>
<gc-op id="2581" type="scavenge" timems="10.965" contextid="2578" timestamp="2025-12-16T22:43:22.310">
  <scavenger-info tenureage="6" tenuremask="ffc0" tiltratio="89" />
  <memory-copied type="nursery" objects="3169" bytes="147016" bytesdiscarded="322280" />
  <ownableSynchronizers candidates="22445" cleared="22360" />
  <references type="soft" candidates="1" cleared="0" enqueued="0" dynamicThreshold="13" maxThreshold="32" />
  <references type="weak" candidates="101" cleared="0" enqueued="0" />
  <references type="phantom" candidates="2" cleared="0" enqueued="0" />
  <object-monitors candidates="186" cleared="0"  />
</gc-op>
<gc-end id="2582" type="scavenge" contextid="2578" durationms="18.284" usertimems="12.570" systemtimems="6.773" stalltimems="61.784" timestamp="2025-12-16T22:43:22.315" activeThreads="12">
  <mem-info id="2583" free="223159824" total="382664704" percent="58">
    <mem type="nursery" free="162780664" total="181403648" percent="89">
      <mem type="allocate" free="162780664" total="163250176" percent="99" />
      <mem type="survivor" free="0" total="18153472" percent="0" />
    </mem>
    <mem type="tenure" free="60379160" total="201261056" percent="30" macro-fragmented="33282812">
      <mem type="soa" free="58365976" total="199247872" percent="29" />
      <mem type="loa" free="2013184" total="2013184" percent="100" />
    </mem>
    <remembered-set count="708" />
  </mem-info>
</gc-end>
<cycle-end id="2584" type="scavenge" contextid="2578" timestamp="2025-12-16T22:43:22.317" />
<allocation-satisfied id="2585" threadId="0000000001B02800" bytesRequested="144" />
<af-end id="2586" timestamp="2025-12-16T22:43:22.318" threadId="0000000001B03278" success="true" from="nursery"/>
<exclusive-end id="2587" timestamp="2025-12-16T22:43:22.319" durationms="27.611" />

<exclusive-start id="2588" timestamp="2025-12-16T22:47:48.604" intervalms="266312.886">
  <response-info timems="0.143" idlems="0.143" threads="0" lastid="000000000192F900" lastname="Default Executor-thread-53" />
</exclusive-start>
<af-start id="2589" threadId="0000000001930378" totalBytesRequested="184" timestamp="2025-12-16T22:47:48.606" intervalms="266313.294" type="nursery" />
<cycle-start id="2590" type="scavenge" contextid="0" timestamp="2025-12-16T22:47:48.608" intervalms="266313.825" />
<gc-start id="2591" type="scavenge" contextid="2590" timestamp="2025-12-16T22:47:48.611">
  <mem-info id="2592" free="60379160" total="382664704" percent="15">
    <mem type="nursery" free="0" total="181403648" percent="0">
      <mem type="allocate" free="0" total="163250176" percent="0" />
      <mem type="survivor" free="0" total="18153472" percent="0" />
    </mem>
    <mem type="tenure" free="60379160" total="201261056" percent="30">
      <mem type="soa" free="58365976" total="199247872" percent="29" />
      <mem type="loa" free="2013184" total="2013184" percent="100" />
    </mem>
    <remembered-set count="776" />
  </mem-info>
</gc-start>
<allocation-stats totalBytes="162729208" discardedBytes="51456" >
  <allocated-bytes non-tlh="144" tlh="162729064" />
  <largest-consumer threadName="Timer-7" threadId="0000000001009E00" bytes="47518144" />
</allocation-stats>
<gc-op id="2593" type="scavenge" timems="25.075" contextid="2590" timestamp="2025-12-16T22:47:48.639">
  <scavenger-info tenureage="6" tenuremask="ffc0" tiltratio="89" />
  <memory-copied type="nursery" objects="3402" bytes="154800" bytesdiscarded="305264" />
  <ownableSynchronizers candidates="22378" cleared="22293" />
  <references type="soft" candidates="1" cleared="0" enqueued="0" dynamicThreshold="13" maxThreshold="32" />
  <references type="weak" candidates="111" cleared="0" enqueued="0" />
  <references type="phantom" candidates="2" cleared="0" enqueued="0" />
  <object-monitors candidates="186" cleared="0"  />
</gc-op>
<gc-end id="2594" type="scavenge" contextid="2590" durationms="33.035" usertimems="12.516" systemtimems="13.623" stalltimems="120.251" timestamp="2025-12-16T22:47:48.644" activeThreads="10">
  <mem-info id="2595" free="223169040" total="382664704" percent="58">
    <mem type="nursery" free="162789880" total="181403648" percent="89">
      <mem type="allocate" free="162789880" total="163250176" percent="99" />
      <mem type="survivor" free="0" total="18153472" percent="0" />
    </mem>
    <mem type="tenure" free="60379160" total="201261056" percent="30" macro-fragmented="57512708">
      <mem type="soa" free="58365976" total="199247872" percent="29" />
      <mem type="loa" free="2013184" total="2013184" percent="100" />
    </mem>
    <remembered-set count="715" />
  </mem-info>
</gc-end>
<cycle-end id="2596" type="scavenge" contextid="2590" timestamp="2025-12-16T22:47:48.646" />
<allocation-satisfied id="2597" threadId="000000000192F900" bytesRequested="184" />
<af-end id="2598" timestamp="2025-12-16T22:47:48.649" threadId="0000000001930378" success="true" from="nursery"/>
<exclusive-end id="2599" timestamp="2025-12-16T22:47:48.651" durationms="46.435" />

<exclusive-start id="2600" timestamp="2025-12-16T22:49:38.700" intervalms="110095.480">
  <response-info timems="0.109" idlems="0.109" threads="0" lastid="00000000001D0800" lastname="VM Runtime State Listener" />
</exclusive-start>
<sys-start reason="vm idle" id="2601" timestamp="2025-12-16T22:49:38.702" intervalms="2808429.542" />
<cycle-start id="2602" type="global" contextid="0" timestamp="2025-12-16T22:49:38.704" intervalms="2808429.511" />
<gc-start id="2603" type="global" contextid="2602" timestamp="2025-12-16T22:49:38.706">
  <mem-info id="2604" free="155953496" total="382664704" percent="40">
    <mem type="nursery" free="95574336" total="181403648" percent="52">
      <mem type="allocate" free="95574336" total="163250176" percent="58" />
      <mem type="survivor" free="0" total="18153472" percent="0" />
    </mem>
    <mem type="tenure" free="60379160" total="201261056" percent="30">
      <mem type="soa" free="58365976" total="199247872" percent="29" />
      <mem type="loa" free="2013184" total="2013184" percent="100" />
    </mem>
    <remembered-set count="773" />
  </mem-info>
</gc-start>
<allocation-stats totalBytes="67192352" discardedBytes="23192" >
  <allocated-bytes non-tlh="184" tlh="67192168" />
  <largest-consumer threadName="Timer-7" threadId="0000000001009E00" bytes="18233656" />
</allocation-stats>
<gc-op id="2605" type="mark" timems="297.078" contextid="2602" timestamp="2025-12-16T22:49:39.005">
  <trace-info objectcount="2194519" scancount="1892034" scanbytes="71079620" />
  <finalization candidates="907" enqueued="0" />
  <ownableSynchronizers candidates="18984" cleared="9246" />
  <references type="soft" candidates="15472" cleared="0" enqueued="0" dynamicThreshold="13" maxThreshold="32" />
  <references type="weak" candidates="18788" cleared="145" enqueued="145" />
  <references type="phantom" candidates="1443" cleared="0" enqueued="0" />
  <stringconstants candidates="56966" cleared="12"  />
  <object-monitors candidates="186" cleared="29"  />
</gc-op>
<gc-op id="2606" type="classunload" timems="0.151" contextid="2602" timestamp="2025-12-16T22:49:39.006">
  <classunload-info classloadercandidates="589" classloadersunloaded="0" classesunloaded="0" anonymousclassesunloaded="0" quiescems="0.000" setupms="0.151" scanms="0.000" postms="0.000" />
</gc-op>
<gc-op id="2607" type="sweep" timems="9.197" contextid="2602" timestamp="2025-12-16T22:49:39.016" />
<mem-info id="2608" free="223963760" total="382664704" percent="58">
  <mem type="nursery" free="162929456" total="181403648" percent="89">
    <mem type="allocate" free="162929456" total="163250176" percent="99" />
    <mem type="survivor" free="0" total="18153472" percent="0" />
  </mem>
  <mem type="tenure" free="61034304" total="201261056" percent="30" micro-fragmented="57396" macro-fragmented="39939376">
    <mem type="soa" free="59021120" total="199247872" percent="29" />
    <mem type="loa" free="2013184" total="2013184" percent="100" />
  </mem>
  <pending-finalizers system="0" default="0" reference="145" classloader="0" />
  <remembered-set count="746" />
</mem-info>
<gc-op id="2609" type="compact" timems="366.098" contextid="2602" timestamp="2025-12-16T22:49:39.384">
  <compact-info movecount="1544348" movebytes="92566280" reason="compact on aggressive collection" />
</gc-op>
<gc-end id="2610" type="global" contextid="2602" durationms="679.617" usertimems="7218.763" systemtimems="0.000" stalltimems="1948.794" timestamp="2025-12-16T22:49:39.386" activeThreads="20">
  <mem-info id="2611" free="224258280" total="382664704" percent="58">
    <mem type="nursery" free="163120312" total="181403648" percent="89">
      <mem type="allocate" free="163120312" total="163250176" percent="99" />
      <mem type="survivor" free="0" total="18153472" percent="0" />
    </mem>
    <mem type="tenure" free="61137968" total="201261056" percent="30">
      <mem type="soa" free="59124784" total="199247872" percent="29" />
      <mem type="loa" free="2013184" total="2013184" percent="100" />
    </mem>
    <pending-finalizers system="0" default="0" reference="145" classloader="0" />
    <remembered-set count="746" />
  </mem-info>
</gc-end>
<cycle-end id="2612" type="global" contextid="2602" timestamp="2025-12-16T22:49:39.387" />
<sys-end id="2613" timestamp="2025-12-16T22:49:39.388" />
<exclusive-end id="2614" timestamp="2025-12-16T22:49:39.388" durationms="688.476" />

<heap-resize id="2615" type="release free pages" space="tenure" amount="61100032" count="1" timems="3.850" reason="idle" timestamp="2025-12-16T22:49:39.393" />
<exclusive-start id="2616" timestamp="2025-12-16T22:54:10.016" intervalms="271316.428">
  <response-info timems="0.147" idlems="0.147" threads="0" lastid="0000000001967000" lastname="Default Executor-thread-210" />
</exclusive-start>
<af-start id="2617" threadId="0000000001967A78" totalBytesRequested="24" timestamp="2025-12-16T22:54:10.018" intervalms="381411.677" type="nursery" />
<cycle-start id="2618" type="scavenge" contextid="0" timestamp="2025-12-16T22:54:10.019" intervalms="381410.800" />
<gc-start id="2619" type="scavenge" contextid="2618" timestamp="2025-12-16T22:54:10.021">
  <mem-info id="2620" free="61137968" total="382664704" percent="15">
    <mem type="nursery" free="0" total="181403648" percent="0">
      <mem type="allocate" free="0" total="163250176" percent="0" />
      <mem type="survivor" free="0" total="18153472" percent="0" />
    </mem>
    <mem type="tenure" free="61137968" total="201261056" percent="30">
      <mem type="soa" free="59124784" total="199247872" percent="29" />
      <mem type="loa" free="2013184" total="2013184" percent="100" />
    </mem>
    <remembered-set count="937" />
  </mem-info>
</gc-start>
<allocation-stats totalBytes="163055120" discardedBytes="65192" >
  <allocated-bytes non-tlh="0" tlh="163055120" />
  <largest-consumer threadName="Timer-7" threadId="0000000001009E00" bytes="46104472" />
</allocation-stats>
<gc-op id="2621" type="scavenge" timems="7.416" contextid="2618" timestamp="2025-12-16T22:54:10.030">
  <scavenger-info tenureage="5" tenuremask="ffe0" tiltratio="89" />
  <memory-copied type="nursery" objects="2736" bytes="112296" bytesdiscarded="242712" />
  <memory-copied type="tenure" objects="381" bytes="26024" bytesdiscarded="288" />
  <ownableSynchronizers candidates="42147" cleared="42064" />
  <references type="weak" candidates="40" cleared="0" enqueued="0" />
  <object-monitors candidates="177" cleared="20"  />
</gc-op>
<heap-resize id="2622" type="contract" space="nursery" amount="1966080" count="1" timems="0.502" reason="insufficient time being spent scavenging" timestamp="2025-12-16T22:54:10.031" />
<gc-end id="2623" type="scavenge" contextid="2618" durationms="14.774" usertimems="4.618" systemtimems="6.068" stalltimems="23.432" timestamp="2025-12-16T22:54:10.035" activeThreads="9">
  <mem-info id="2624" free="222079752" total="380698624" percent="58">
    <mem type="nursery" free="161059832" total="179437568" percent="89">
      <mem type="allocate" free="161059832" total="161415168" percent="99" />
      <mem type="survivor" free="0" total="18022400" percent="0" />
    </mem>
    <mem type="tenure" free="61019920" total="201261056" percent="30" macro-fragmented="32608">
      <mem type="soa" free="59006736" total="199247872" percent="29" />
      <mem type="loa" free="2013184" total="2013184" percent="100" />
    </mem>
    <remembered-set count="803" />
  </mem-info>
</gc-end>
<cycle-end id="2625" type="scavenge" contextid="2618" timestamp="2025-12-16T22:54:10.036" />
<allocation-satisfied id="2626" threadId="0000000001967000" bytesRequested="24" />
<af-end id="2627" timestamp="2025-12-16T22:54:10.038" threadId="0000000001967A78" success="true" from="nursery"/>
<exclusive-end id="2628" timestamp="2025-12-16T22:54:10.039" durationms="23.300" />

