<?xml version="1.0" ?>

<verbosegc xmlns="http://www.ibm.com/j9/verbosegc" version="266a8c6f5_CMPRSS">

<initialized id="1" timestamp="2025-12-11T03:04:31.764">
  <attribute name="gcPolicy" value="-Xgcpolicy:gencon" />
  <attribute name="maxHeapSize" value="0xf7440000" />
  <attribute name="initialHeapSize" value="0x800000" />
  <attribute name="compressedRefs" value="true" />
  <attribute name="compressedRefsDisplacement" value="0x0" />
  <attribute name="compressedRefsShift" value="0x3" />
  <attribute name="pageSize" value="0x1000" />
  <attribute name="pageType" value="not used" />
  <attribute name="requestedPageSize" value="0x1000" />
  <attribute name="requestedPageType" value="not used" />
  <attribute name="gcthreads" value="20" />
  <attribute name="gcthreads Concurrent Mark" value="1" />
  <attribute name="packetListSplit" value="3" />
  <attribute name="cacheListSplit" value="3" />
  <attribute name="splitFreeListSplitAmount" value="3" />
  <attribute name="numaNodes" value="0" />
  <system>
    <attribute name="physicalMemory" value="16593887232" />
    <attribute name="addressablePhysicalMemory" value="16593887232" />
    <attribute name="container memory limit set" value="false" />
    <attribute name="numCPUs" value="20" />
    <attribute name="numCPUs active" value="20" />
    <attribute name="architecture" value="amd64" />
    <attribute name="os" value="Linux" />
    <attribute name="osVersion" value="6.6.87.2-microsoft-standard-WSL2" />
  </system>
  <vmargs>
    <vmarg name="-Xoptionsfile=/opt/java/openjdk/lib/options.default" />
    <vmarg name="-Xlockword:mode=default,noLockword=java/lang/String,noLockword=java/util/MapEntry,noLockword=java/util/HashMap$Entry,noLockword..." />
    <vmarg name="-XX:+EnsureHashed:java/lang/Class,java/lang/Thread" />
    <vmarg name="-Xjcl:jclse29" />
    <vmarg name="-Dcom.ibm.oti.vm.bootstrap.library.path=/opt/java/openjdk/lib/default:/opt/java/openjdk/lib" />
    <vmarg name="-Dsun.boot.library.path=/opt/java/openjdk/lib/default:/opt/java/openjdk/lib" />
    <vmarg name="-Djava.library.path=/opt/java/openjdk/lib/default:/opt/java/openjdk/lib:/usr/lib64:/usr/lib" />
    <vmarg name="-Djava.home=/opt/java/openjdk" />
    <vmarg name="-Duser.dir=/opt/ibm/wlp/output/defaultServer" />
    <vmarg name="-XX:+IgnoreUnrecognizedVMOptions" />
    <vmarg name="-XX:+PortableSharedCache" />
    <vmarg name="-XX:+IdleTuningGcOnIdle" />
    <vmarg name="-Xshareclasses:name=openj9_system_scc,cacheDir=/opt/java/.scc,readonly,nonFatal" />
    <vmarg name="-Xverbosegclog:/logs/verbosegc.%seq.log,10,1024" />
    <vmarg name="-Djdk.nativePBKDF2=true" />
    <vmarg name="-XX:+IgnoreUnrecognizedVMOptions" />
    <vmarg name="-XX:+IdleTuningGcOnIdle" />
    <vmarg name="-Xshareclasses:name=openj9_system_scc,cacheDir=/opt/java/.scc,readonly,nonFatal" />
    <vmarg name="-Dosgi.checkConfiguration=false" />
    <vmarg name="-Djdk.nativePBKDF2=true" />
    <vmarg name="-XX:+IgnoreUnrecognizedVMOptions" />
    <vmarg name="-XX:+IdleTuningGcOnIdle" />
    <vmarg name="-Xshareclasses:name=openj9_system_scc,cacheDir=/opt/java/.scc,readonly,nonFatal" />
    <vmarg name="-Dosgi.checkConfiguration=false" />
    <vmarg name="-javaagent:/opt/ibm/wlp/bin/tools/ws-javaagent.jar" />
    <vmarg name="-Djava.awt.headless=true" />
    <vmarg name="-Djdk.attach.allowAttachSelf=true" />
    <vmarg name="-Xbootclasspath/a:/opt/ibm/zosconnect/lib/icu4j-71.1.jar:/opt/ibm/zosconnect/lib/icu4j-charset-71.1.jar" />
    <vmarg name="--add-exports=java.base/sun.security.action=ALL-UNNAMED" />
    <vmarg name="--add-exports=java.naming/com.sun.jndi.ldap=ALL-UNNAMED" />
    <vmarg name="--add-exports=java.naming/com.sun.jndi.url.ldap=ALL-UNNAMED" />
    <vmarg name="--add-exports=jdk.naming.dns/com.sun.jndi.dns=ALL-UNNAMED" />
    <vmarg name="--add-exports=jdk.naming.dns/com.sun.jndi.url.dns=ALL-UNNAMED" />
    <vmarg name="--add-exports=java.security.jgss/sun.security.krb5.internal=ALL-UNNAMED" />
    <vmarg name="--add-exports=jdk.attach/sun.tools.attach=ALL-UNNAMED" />
    <vmarg name="--add-opens=java.base/java.util=ALL-UNNAMED" />
    <vmarg name="--add-opens=java.base/java.lang=ALL-UNNAMED" />
    <vmarg name="--add-opens=java.base/java.util.concurrent=ALL-UNNAMED" />
    <vmarg name="--add-opens=java.base/java.io=ALL-UNNAMED" />
    <vmarg name="--add-opens=java.base/java.nio=ALL-UNNAMED" />
    <vmarg name="--add-opens=java.base/sun.nio.ch=ALL-UNNAMED" />
    <vmarg name="--add-opens=java.naming/javax.naming.spi=ALL-UNNAMED" />
    <vmarg name="--add-opens=java.naming/com.sun.naming.internal=ALL-UNNAMED" />
    <vmarg name="--add-opens=jdk.naming.rmi/com.sun.jndi.url.rmi=ALL-UNNAMED" />
    <vmarg name="--add-opens=java.naming/javax.naming=ALL-UNNAMED" />
    <vmarg name="--add-opens=java.rmi/java.rmi=ALL-UNNAMED" />
    <vmarg name="--add-opens=java.sql/java.sql=ALL-UNNAMED" />
    <vmarg name="--add-opens=java.management/javax.management=ALL-UNNAMED" />
    <vmarg name="--add-opens=java.base/java.lang.reflect=ALL-UNNAMED" />
    <vmarg name="--add-opens=java.desktop/java.awt.image=ALL-UNNAMED" />
    <vmarg name="--add-opens=java.base/java.security=ALL-UNNAMED" />
    <vmarg name="--add-opens=java.base/java.net=ALL-UNNAMED" />
    <vmarg name="--add-opens=java.base/java.text=ALL-UNNAMED" />
    <vmarg name="--add-opens=java.base/sun.net.www.protocol.https=ALL-UNNAMED" />
    <vmarg name="--add-exports=jdk.management.agent/jdk.internal.agent=ALL-UNNAMED" />
    <vmarg name="--add-exports=java.base/jdk.internal.vm=ALL-UNNAMED" />
    <vmarg name="-Djava.class.path=/opt/ibm/wlp/bin/tools/ws-server.jar" />
    <vmarg name="-Dsun.java.command=/opt/ibm/wlp/bin/tools/ws-server.jar defaultServer --clean" />
    <vmarg name="-Dsun.java.launcher=SUN_STANDARD" />
  </vmargs>
</initialized>

<exclusive-start id="2" timestamp="2025-12-11T03:04:32.272" intervalms="507.659">
  <response-info timems="0.051" idlems="0.051" threads="0" lastid="0000000000025A00" lastname="main" />
</exclusive-start>
<af-start id="3" threadId="0000000000026478" totalBytesRequested="8200" timestamp="2025-12-11T03:04:32.273" intervalms="508.920" type="nursery" />
<cycle-start id="4" type="scavenge" contextid="0" timestamp="2025-12-11T03:04:32.274" intervalms="509.751" />
<gc-start id="5" type="scavenge" contextid="4" timestamp="2025-12-11T03:04:32.275">
  <mem-info id="6" free="6072872" total="8388608" percent="72">
    <mem type="nursery" free="0" total="2097152" percent="0">
      <mem type="allocate" free="0" total="1048576" percent="0" />
      <mem type="survivor" free="0" total="1048576" percent="0" />
    </mem>
    <mem type="tenure" free="6072872" total="6291456" percent="96">
      <mem type="soa" free="5757480" total="5976064" percent="96" />
      <mem type="loa" free="315392" total="315392" percent="100" />
    </mem>
    <remembered-set count="3062" />
  </mem-info>
</gc-start>
<allocation-stats totalBytes="1261704" discardedBytes="5456" >
  <allocated-bytes non-tlh="234976" tlh="1026728" />
  <largest-consumer threadName="main" threadId="0000000000025A00" bytes="1175688" />
</allocation-stats>
<gc-op id="7" type="scavenge" timems="2.888" contextid="4" timestamp="2025-12-11T03:04:32.280">
  <scavenger-info tenureage="2" tenuremask="fffc" tiltratio="50" />
  <memory-copied type="nursery" objects="10198" bytes="475696" bytesdiscarded="27752" />
  <finalization candidates="170" enqueued="106" />
  <ownableSynchronizers candidates="1" cleared="0" />
  <references type="soft" candidates="18" cleared="0" enqueued="0" dynamicThreshold="32" maxThreshold="32" />
  <references type="weak" candidates="126" cleared="26" enqueued="26" />
  <references type="phantom" candidates="24" cleared="5" enqueued="5" />
  <object-monitors candidates="1" cleared="0"  />
</gc-op>
<gc-end id="8" type="scavenge" contextid="4" durationms="5.595" usertimems="1.423" systemtimems="5.614" stalltimems="4.583" timestamp="2025-12-11T03:04:32.280" activeThreads="4">
  <mem-info id="9" free="6616800" total="8388608" percent="78">
    <mem type="nursery" free="543928" total="2097152" percent="25">
      <mem type="allocate" free="543928" total="1048576" percent="51" />
      <mem type="survivor" free="0" total="1048576" percent="0" />
    </mem>
    <mem type="tenure" free="6072872" total="6291456" percent="96">
      <mem type="soa" free="5757480" total="5976064" percent="96" />
      <mem type="loa" free="315392" total="315392" percent="100" />
    </mem>
    <pending-finalizers system="106" default="0" reference="31" classloader="0" />
    <remembered-set count="3062" />
  </mem-info>
</gc-end>
<cycle-end id="10" type="scavenge" contextid="4" timestamp="2025-12-11T03:04:32.281" />
<allocation-satisfied id="11" threadId="0000000000025A00" bytesRequested="8200" />
<af-end id="12" timestamp="2025-12-11T03:04:32.283" threadId="0000000000026478" success="true" from="nursery"/>
<exclusive-end id="13" timestamp="2025-12-11T03:04:32.283" durationms="11.508" />

<exclusive-start id="14" timestamp="2025-12-11T03:04:32.335" intervalms="63.168">
  <response-info timems="0.088" idlems="0.088" threads="0" lastid="0000000000025A00" lastname="main" />
</exclusive-start>
<af-start id="15" threadId="0000000000026478" totalBytesRequested="11456" timestamp="2025-12-11T03:04:32.336" intervalms="62.749" type="nursery" />
<cycle-start id="16" type="scavenge" contextid="0" timestamp="2025-12-11T03:04:32.337" intervalms="63.266" />
<gc-start id="17" type="scavenge" contextid="16" timestamp="2025-12-11T03:04:32.338">
  <mem-info id="18" free="6023912" total="8388608" percent="71">
    <mem type="nursery" free="0" total="2097152" percent="0">
      <mem type="allocate" free="0" total="1048576" percent="0" />
      <mem type="survivor" free="0" total="1048576" percent="0" />
    </mem>
    <mem type="tenure" free="6023912" total="6291456" percent="95">
      <mem type="soa" free="5708520" total="5976064" percent="95" />
      <mem type="loa" free="315392" total="315392" percent="100" />
    </mem>
    <remembered-set count="3914" />
  </mem-info>
</gc-start>
<allocation-stats totalBytes="585824" discardedBytes="7064" >
  <allocated-bytes non-tlh="57160" tlh="528664" />
  <largest-consumer threadName="main" threadId="0000000000025A00" bytes="511296" />
</allocation-stats>
<gc-op id="19" type="scavenge" timems="2.768" contextid="16" timestamp="2025-12-11T03:04:32.343">
  <scavenger-info tenureage="5" tenuremask="7fe0" tiltratio="50" />
  <memory-copied type="nursery" objects="11632" bytes="523400" bytesdiscarded="33936" />
  <finalization candidates="121" enqueued="36" />
  <ownableSynchronizers candidates="1" cleared="0" />
  <references type="soft" candidates="41" cleared="0" enqueued="0" dynamicThreshold="32" maxThreshold="32" />
  <references type="weak" candidates="217" cleared="92" enqueued="92" />
  <references type="phantom" candidates="22" cleared="4" enqueued="4" />
  <object-monitors candidates="1" cleared="0"  />
</gc-op>
<gc-end id="20" type="scavenge" contextid="16" durationms="5.527" usertimems="6.311" systemtimems="0.000" stalltimems="2.151" timestamp="2025-12-11T03:04:32.344" activeThreads="3">
  <mem-info id="21" free="6513832" total="8388608" percent="77">
    <mem type="nursery" free="489920" total="2097152" percent="23">
      <mem type="allocate" free="489920" total="1048576" percent="46" />
      <mem type="survivor" free="0" total="1048576" percent="0" />
    </mem>
    <mem type="tenure" free="6023912" total="6291456" percent="95">
      <mem type="soa" free="5708520" total="5976064" percent="95" />
      <mem type="loa" free="315392" total="315392" percent="100" />
    </mem>
    <pending-finalizers system="36" default="0" reference="96" classloader="0" />
    <remembered-set count="3914" />
  </mem-info>
</gc-end>
<cycle-end id="22" type="scavenge" contextid="16" timestamp="2025-12-11T03:04:32.345" />
<allocation-satisfied id="23" threadId="0000000000025A00" bytesRequested="11456" />
<af-end id="24" timestamp="2025-12-11T03:04:32.346" threadId="0000000000026478" success="true" from="nursery"/>
<exclusive-end id="25" timestamp="2025-12-11T03:04:32.347" durationms="12.218" />

<exclusive-start id="26" timestamp="2025-12-11T03:04:32.385" intervalms="49.818">
  <response-info timems="0.104" idlems="0.104" threads="0" lastid="0000000000025A00" lastname="main" />
</exclusive-start>
<af-start id="27" threadId="0000000000026478" totalBytesRequested="7176" timestamp="2025-12-11T03:04:32.386" intervalms="50.402" type="nursery" />
<cycle-start id="28" type="scavenge" contextid="0" timestamp="2025-12-11T03:04:32.387" intervalms="50.078" />
<gc-start id="29" type="scavenge" contextid="28" timestamp="2025-12-11T03:04:32.388">
  <mem-info id="30" free="6013824" total="8388608" percent="71">
    <mem type="nursery" free="0" total="2097152" percent="0">
      <mem type="allocate" free="0" total="1048576" percent="0" />
      <mem type="survivor" free="0" total="1048576" percent="0" />
    </mem>
    <mem type="tenure" free="6013824" total="6291456" percent="95">
      <mem type="soa" free="5698432" total="5976064" percent="95" />
      <mem type="loa" free="315392" total="315392" percent="100" />
    </mem>
    <remembered-set count="4050" />
  </mem-info>
</gc-start>
<allocation-stats totalBytes="476696" discardedBytes="23312" >
  <allocated-bytes non-tlh="21544" tlh="455152" />
  <largest-consumer threadName="main" threadId="0000000000025A00" bytes="476696" />
</allocation-stats>
<gc-op id="31" type="scavenge" timems="3.038" contextid="28" timestamp="2025-12-11T03:04:32.393">
  <scavenger-info tenureage="4" tenuremask="7ff0" tiltratio="50" />
  <memory-copied type="nursery" objects="11878" bytes="549192" bytesdiscarded="93344" />
  <finalization candidates="85" enqueued="0" />
  <ownableSynchronizers candidates="1" cleared="0" />
  <references type="soft" candidates="41" cleared="0" enqueued="0" dynamicThreshold="32" maxThreshold="32" />
  <references type="weak" candidates="171" cleared="45" enqueued="45" />
  <references type="phantom" candidates="19" cleared="0" enqueued="0" />
  <object-monitors candidates="1" cleared="0"  />
</gc-op>
<heap-resize id="32" type="expand" space="nursery" amount="262144" count="1" timems="0.063" reason="excessive time being spent scavenging" timestamp="2025-12-11T03:04:32.394" />
<gc-end id="33" type="scavenge" contextid="28" durationms="6.476" usertimems="3.651" systemtimems="2.796" stalltimems="3.243" timestamp="2025-12-11T03:04:32.395" activeThreads="3">
  <mem-info id="34" free="6549648" total="8650752" percent="75">
    <mem type="nursery" free="535824" total="2359296" percent="22">
      <mem type="allocate" free="535824" total="1179648" percent="45" />
      <mem type="survivor" free="0" total="1179648" percent="0" />
    </mem>
    <mem type="tenure" free="6013824" total="6291456" percent="95">
      <mem type="soa" free="5698432" total="5976064" percent="95" />
      <mem type="loa" free="315392" total="315392" percent="100" />
    </mem>
    <pending-finalizers system="0" default="0" reference="45" classloader="0" />
    <remembered-set count="1789" />
  </mem-info>
</gc-end>
<cycle-end id="35" type="scavenge" contextid="28" timestamp="2025-12-11T03:04:32.395" />
<allocation-satisfied id="36" threadId="0000000000025A00" bytesRequested="7176" />
<af-end id="37" timestamp="2025-12-11T03:04:32.397" threadId="0000000000026478" success="true" from="nursery"/>
<exclusive-end id="38" timestamp="2025-12-11T03:04:32.398" durationms="12.618" />

<exclusive-start id="39" timestamp="2025-12-11T03:04:32.652" intervalms="266.614">
  <response-info timems="0.055" idlems="0.055" threads="0" lastid="0000000000025A00" lastname="main" />
</exclusive-start>
<af-start id="40" threadId="0000000000026478" totalBytesRequested="4064" timestamp="2025-12-11T03:04:32.652" intervalms="266.093" type="nursery" />
<cycle-start id="41" type="scavenge" contextid="0" timestamp="2025-12-11T03:04:32.654" intervalms="266.145" />
<gc-start id="42" type="scavenge" contextid="41" timestamp="2025-12-11T03:04:32.654">
  <mem-info id="43" free="5999432" total="8650752" percent="69">
    <mem type="nursery" free="0" total="2359296" percent="0">
      <mem type="allocate" free="0" total="1179648" percent="0" />
      <mem type="survivor" free="0" total="1179648" percent="0" />
    </mem>
    <mem type="tenure" free="5999432" total="6291456" percent="95">
      <mem type="soa" free="5684040" total="5976064" percent="95" />
      <mem type="loa" free="315392" total="315392" percent="100" />
    </mem>
    <remembered-set count="1975" />
  </mem-info>
</gc-start>
<allocation-stats totalBytes="548656" discardedBytes="1560" >
  <allocated-bytes non-tlh="43856" tlh="504800" />
  <largest-consumer threadName="main" threadId="0000000000025A00" bytes="548656" />
</allocation-stats>
<gc-op id="44" type="scavenge" timems="2.508" contextid="41" timestamp="2025-12-11T03:04:32.658">
  <scavenger-info tenureage="3" tenuremask="fff8" tiltratio="50" />
  <memory-copied type="nursery" objects="2383" bytes="89016" bytesdiscarded="29040" />
  <memory-copied type="tenure" objects="9961" bytes="464008" bytesdiscarded="312" />
  <finalization candidates="128" enqueued="26" />
  <ownableSynchronizers candidates="3" cleared="0" />
  <references type="soft" candidates="39" cleared="0" enqueued="0" dynamicThreshold="32" maxThreshold="32" />
  <references type="weak" candidates="103" cleared="57" enqueued="57" />
  <references type="phantom" candidates="7" cleared="3" enqueued="3" />
  <object-monitors candidates="1" cleared="0"  />
</gc-op>
<gc-end id="45" type="scavenge" contextid="41" durationms="4.843" usertimems="6.332" systemtimems="0.000" stalltimems="1.890" timestamp="2025-12-11T03:04:32.659" activeThreads="3">
  <mem-info id="46" free="6561808" total="8650752" percent="75">
    <mem type="nursery" free="1061376" total="2359296" percent="44">
      <mem type="allocate" free="1061376" total="1179648" percent="89" />
      <mem type="survivor" free="0" total="1179648" percent="0" />
    </mem>
    <mem type="tenure" free="5500432" total="6291456" percent="87">
      <mem type="soa" free="5185040" total="5976064" percent="86" />
      <mem type="loa" free="315392" total="315392" percent="100" />
    </mem>
    <pending-finalizers system="26" default="0" reference="60" classloader="0" />
    <remembered-set count="517" />
  </mem-info>
</gc-end>
<cycle-end id="47" type="scavenge" contextid="41" timestamp="2025-12-11T03:04:32.660" />
<allocation-satisfied id="48" threadId="0000000000025A00" bytesRequested="4064" />
<af-end id="49" timestamp="2025-12-11T03:04:32.661" threadId="0000000000026478" success="true" from="nursery"/>
<exclusive-end id="50" timestamp="2025-12-11T03:04:32.662" durationms="10.225" />

<exclusive-start id="51" timestamp="2025-12-11T03:04:32.703" intervalms="51.842">
  <response-info timems="0.400" idlems="0.253" threads="1" lastid="0000000000029600" lastname="JIT Compilation Thread-000" />
</exclusive-start>
<af-start id="52" threadId="0000000000026478" totalBytesRequested="482208" timestamp="2025-12-11T03:04:32.704" intervalms="51.627" type="nursery" />
<cycle-start id="53" type="scavenge" contextid="0" timestamp="2025-12-11T03:04:32.705" intervalms="51.280" />
<gc-start id="54" type="scavenge" contextid="53" timestamp="2025-12-11T03:04:32.706">
  <mem-info id="55" free="5783400" total="8650752" percent="66">
    <mem type="nursery" free="344608" total="2359296" percent="14">
      <mem type="allocate" free="344608" total="1179648" percent="29" />
      <mem type="survivor" free="0" total="1179648" percent="0" />
    </mem>
    <mem type="tenure" free="5438792" total="6291456" percent="86">
      <mem type="soa" free="5123400" total="5976064" percent="85" />
      <mem type="loa" free="315392" total="315392" percent="100" />
    </mem>
    <remembered-set count="1540" />
  </mem-info>
</gc-start>
<allocation-stats totalBytes="777704" discardedBytes="704" >
  <allocated-bytes non-tlh="65704" tlh="712000" />
  <largest-consumer threadName="main" threadId="0000000000025A00" bytes="777704" />
</allocation-stats>
<gc-op id="56" type="scavenge" timems="3.044" contextid="53" timestamp="2025-12-11T03:04:32.710">
  <scavenger-info tenureage="4" tenuremask="fff0" tiltratio="50" />
  <memory-copied type="nursery" objects="8894" bytes="392104" bytesdiscarded="60536" />
  <finalization candidates="115" enqueued="46" />
  <ownableSynchronizers candidates="2" cleared="0" />
  <references type="soft" candidates="100" cleared="0" enqueued="0" dynamicThreshold="32" maxThreshold="32" />
  <references type="weak" candidates="109" cleared="29" enqueued="29" />
  <references type="phantom" candidates="12" cleared="7" enqueued="7" />
  <object-monitors candidates="1" cleared="0"  />
</gc-op>
<heap-resize id="57" type="expand" space="nursery" amount="131072" count="1" timems="0.080" reason="excessive time being spent scavenging" timestamp="2025-12-11T03:04:32.711" />
<gc-end id="58" type="scavenge" contextid="53" durationms="6.145" usertimems="1.242" systemtimems="5.053" stalltimems="3.438" timestamp="2025-12-11T03:04:32.712" activeThreads="3">
  <mem-info id="59" free="6230848" total="8781824" percent="70">
    <mem type="nursery" free="792056" total="2490368" percent="31">
      <mem type="allocate" free="792056" total="1245184" percent="63" />
      <mem type="survivor" free="0" total="1245184" percent="0" />
    </mem>
    <mem type="tenure" free="5438792" total="6291456" percent="86">
      <mem type="soa" free="5123400" total="5976064" percent="85" />
      <mem type="loa" free="315392" total="315392" percent="100" />
    </mem>
    <pending-finalizers system="46" default="0" reference="36" classloader="0" />
    <remembered-set count="1421" />
  </mem-info>
</gc-end>
<cycle-end id="60" type="scavenge" contextid="53" timestamp="2025-12-11T03:04:32.713" />
<allocation-satisfied id="61" threadId="0000000000025A00" bytesRequested="482208" />
<af-end id="62" timestamp="2025-12-11T03:04:32.714" threadId="0000000000026478" success="true" from="nursery"/>
<exclusive-end id="63" timestamp="2025-12-11T03:04:32.715" durationms="11.733" />

<exclusive-start id="64" timestamp="2025-12-11T03:04:32.729" intervalms="25.207">
  <response-info timems="0.058" idlems="0.058" threads="0" lastid="0000000000025A00" lastname="main" />
</exclusive-start>
<af-start id="65" threadId="0000000000026478" totalBytesRequested="8200" timestamp="2025-12-11T03:04:32.729" intervalms="25.330" type="nursery" />
<cycle-start id="66" type="scavenge" contextid="0" timestamp="2025-12-11T03:04:32.730" intervalms="25.306" />
<gc-start id="67" type="scavenge" contextid="66" timestamp="2025-12-11T03:04:32.731">
  <mem-info id="68" free="5386720" total="8781824" percent="61">
    <mem type="nursery" free="0" total="2490368" percent="0">
      <mem type="allocate" free="0" total="1245184" percent="0" />
      <mem type="survivor" free="0" total="1245184" percent="0" />
    </mem>
    <mem type="tenure" free="5386720" total="6291456" percent="85">
      <mem type="soa" free="5071328" total="5976064" percent="84" />
      <mem type="loa" free="315392" total="315392" percent="100" />
    </mem>
    <remembered-set count="2382" />
  </mem-info>
</gc-start>
<allocation-stats totalBytes="825744" discardedBytes="18384" >
  <allocated-bytes non-tlh="598008" tlh="227736" />
  <largest-consumer threadName="main" threadId="0000000000025A00" bytes="825744" />
</allocation-stats>
<gc-op id="69" type="scavenge" timems="2.847" contextid="66" timestamp="2025-12-11T03:04:32.735">
  <scavenger-info tenureage="3" tenuremask="fff8" tiltratio="50" />
  <memory-copied type="nursery" objects="8054" bytes="928784" bytesdiscarded="64920" />
  <memory-copied type="tenure" objects="1694" bytes="60968" bytesdiscarded="64" />
  <finalization candidates="76" enqueued="4" />
  <ownableSynchronizers candidates="2" cleared="0" />
  <references type="soft" candidates="88" cleared="0" enqueued="0" dynamicThreshold="32" maxThreshold="32" />
  <references type="weak" candidates="59" cleared="1" enqueued="1" />
  <references type="phantom" candidates="9" cleared="1" enqueued="1" />
  <object-monitors candidates="1" cleared="0"  />
</gc-op>
<heap-resize id="70" type="expand" space="nursery" amount="262144" count="1" timems="0.050" reason="excessive time being spent scavenging" timestamp="2025-12-11T03:04:32.736" />
<gc-end id="71" type="scavenge" contextid="66" durationms="5.683" usertimems="6.050" systemtimems="0.000" stalltimems="3.263" timestamp="2025-12-11T03:04:32.736" activeThreads="3">
  <mem-info id="72" free="5689888" total="9043968" percent="62">
    <mem type="nursery" free="382272" total="2752512" percent="13">
      <mem type="allocate" free="382272" total="1376256" percent="27" />
      <mem type="survivor" free="0" total="1376256" percent="0" />
    </mem>
    <mem type="tenure" free="5307616" total="6291456" percent="84">
      <mem type="soa" free="4992224" total="5976064" percent="83" />
      <mem type="loa" free="315392" total="315392" percent="100" />
    </mem>
    <pending-finalizers system="4" default="0" reference="2" classloader="0" />
    <remembered-set count="2145" />
  </mem-info>
</gc-end>
<cycle-end id="73" type="scavenge" contextid="66" timestamp="2025-12-11T03:04:32.737" />
<allocation-satisfied id="74" threadId="0000000000025A00" bytesRequested="8200" />
<af-end id="75" timestamp="2025-12-11T03:04:32.739" threadId="0000000000026478" success="true" from="nursery"/>
<exclusive-end id="76" timestamp="2025-12-11T03:04:32.739" durationms="10.519" />

<exclusive-start id="77" timestamp="2025-12-11T03:04:32.763" intervalms="34.601">
  <response-info timems="0.058" idlems="0.058" threads="0" lastid="0000000000025A00" lastname="main" />
</exclusive-start>
<af-start id="78" threadId="0000000000026478" totalBytesRequested="24" timestamp="2025-12-11T03:04:32.764" intervalms="34.881" type="nursery" />
<cycle-start id="79" type="scavenge" contextid="0" timestamp="2025-12-11T03:04:32.765" intervalms="34.940" />
<gc-start id="80" type="scavenge" contextid="79" timestamp="2025-12-11T03:04:32.766">
  <mem-info id="81" free="5305552" total="9043968" percent="58">
    <mem type="nursery" free="0" total="2752512" percent="0">
      <mem type="allocate" free="0" total="1376256" percent="0" />
      <mem type="survivor" free="0" total="1376256" percent="0" />
    </mem>
    <mem type="tenure" free="5305552" total="6291456" percent="84">
      <mem type="soa" free="4990160" total="5976064" percent="83" />
      <mem type="loa" free="315392" total="315392" percent="100" />
    </mem>
    <remembered-set count="2183" />
  </mem-info>
</gc-start>
<allocation-stats totalBytes="383496" discardedBytes="840" >
  <allocated-bytes non-tlh="10264" tlh="373232" />
  <largest-consumer threadName="main" threadId="0000000000025A00" bytes="383496" />
</allocation-stats>
<gc-op id="82" type="scavenge" timems="2.742" contextid="79" timestamp="2025-12-11T03:04:32.771">
  <scavenger-info tenureage="2" tenuremask="7ffc" tiltratio="50" />
  <memory-copied type="nursery" objects="4293" bytes="772928" bytesdiscarded="39776" />
  <memory-copied type="tenure" objects="6634" bytes="285696" bytesdiscarded="552" />
  <finalization candidates="51" enqueued="0" />
  <ownableSynchronizers candidates="2" cleared="0" />
  <references type="soft" candidates="11" cleared="0" enqueued="0" dynamicThreshold="32" maxThreshold="32" />
  <references type="weak" candidates="20" cleared="16" enqueued="16" />
  <references type="phantom" candidates="4" cleared="0" enqueued="0" />
  <object-monitors candidates="1" cleared="0"  />
</gc-op>
<heap-resize id="83" type="expand" space="nursery" amount="262144" count="1" timems="0.056" reason="excessive time being spent scavenging" timestamp="2025-12-11T03:04:32.771" />
<gc-end id="84" type="scavenge" contextid="79" durationms="6.335" usertimems="7.148" systemtimems="0.000" stalltimems="2.401" timestamp="2025-12-11T03:04:32.772" activeThreads="3">
  <mem-info id="85" free="5660184" total="9306112" percent="60">
    <mem type="nursery" free="694592" total="3014656" percent="23">
      <mem type="allocate" free="694592" total="1507328" percent="46" />
      <mem type="survivor" free="0" total="1507328" percent="0" />
    </mem>
    <mem type="tenure" free="4965592" total="6291456" percent="78">
      <mem type="soa" free="4650200" total="5976064" percent="77" />
      <mem type="loa" free="315392" total="315392" percent="100" />
    </mem>
    <pending-finalizers system="0" default="0" reference="16" classloader="0" />
    <remembered-set count="1110" />
  </mem-info>
</gc-end>
<cycle-end id="86" type="scavenge" contextid="79" timestamp="2025-12-11T03:04:32.774" />
<allocation-satisfied id="87" threadId="0000000000025A00" bytesRequested="24" />
<af-end id="88" timestamp="2025-12-11T03:04:32.777" threadId="0000000000026478" success="true" from="nursery"/>
<exclusive-end id="89" timestamp="2025-12-11T03:04:32.778" durationms="14.541" />

<exclusive-start id="90" timestamp="2025-12-11T03:04:32.794" intervalms="31.077">
  <response-info timems="0.059" idlems="0.059" threads="0" lastid="0000000000025A00" lastname="main" />
</exclusive-start>
<af-start id="91" threadId="0000000000026478" totalBytesRequested="4136" timestamp="2025-12-11T03:04:32.795" intervalms="30.732" type="nursery" />
<cycle-start id="92" type="scavenge" contextid="0" timestamp="2025-12-11T03:04:32.796" intervalms="30.718" />
<gc-start id="93" type="scavenge" contextid="92" timestamp="2025-12-11T03:04:32.797">
  <mem-info id="94" free="4963160" total="9306112" percent="53">
    <mem type="nursery" free="0" total="3014656" percent="0">
      <mem type="allocate" free="0" total="1507328" percent="0" />
      <mem type="survivor" free="0" total="1507328" percent="0" />
    </mem>
    <mem type="tenure" free="4963160" total="6291456" percent="78">
      <mem type="soa" free="4647768" total="5976064" percent="77" />
      <mem type="loa" free="315392" total="315392" percent="100" />
    </mem>
    <remembered-set count="1148" />
  </mem-info>
</gc-start>
<allocation-stats totalBytes="694648" discardedBytes="2376" >
  <allocated-bytes non-tlh="2456" tlh="692192" />
  <largest-consumer threadName="main" threadId="0000000000025A00" bytes="694648" />
</allocation-stats>
<gc-op id="95" type="scavenge" timems="2.852" contextid="92" timestamp="2025-12-11T03:04:32.801">
  <scavenger-info tenureage="1" tenuremask="7ffe" tiltratio="50" />
  <memory-copied type="nursery" objects="7575" bytes="333992" bytesdiscarded="35688" />
  <memory-copied type="tenure" objects="1825" bytes="661520" bytesdiscarded="24" />
  <finalization candidates="3" enqueued="0" />
  <references type="weak" candidates="18" cleared="18" enqueued="18" />
  <references type="phantom" candidates="3" cleared="0" enqueued="0" />
  <object-monitors candidates="1" cleared="0"  />
</gc-op>
<heap-resize id="96" type="expand" space="nursery" amount="262144" count="1" timems="0.057" reason="excessive time being spent scavenging" timestamp="2025-12-11T03:04:32.801" />
<gc-end id="97" type="scavenge" contextid="92" durationms="5.761" usertimems="4.882" systemtimems="0.870" stalltimems="4.373" timestamp="2025-12-11T03:04:32.802" activeThreads="3">
  <mem-info id="98" free="5499936" total="9568256" percent="57">
    <mem type="nursery" free="1268704" total="3276800" percent="38">
      <mem type="allocate" free="1268704" total="1638400" percent="77" />
      <mem type="survivor" free="0" total="1638400" percent="0" />
    </mem>
    <mem type="tenure" free="4231232" total="6291456" percent="67">
      <mem type="soa" free="3915840" total="5976064" percent="65" />
      <mem type="loa" free="315392" total="315392" percent="100" />
    </mem>
    <pending-finalizers system="0" default="0" reference="18" classloader="0" />
    <remembered-set count="169" />
  </mem-info>
</gc-end>
<cycle-end id="99" type="scavenge" contextid="92" timestamp="2025-12-11T03:04:32.803" />
<allocation-satisfied id="100" threadId="0000000000025A00" bytesRequested="4136" />
<af-end id="101" timestamp="2025-12-11T03:04:32.805" threadId="0000000000026478" success="true" from="nursery"/>
<exclusive-end id="102" timestamp="2025-12-11T03:04:32.805" durationms="11.139" />

<exclusive-start id="103" timestamp="2025-12-11T03:04:32.858" intervalms="64.120">
  <response-info timems="1.436" idlems="0.797" threads="1" lastid="0000000000029600" lastname="JIT Compilation Thread-000" />
</exclusive-start>
<af-start id="104" threadId="0000000000026478" totalBytesRequested="24" timestamp="2025-12-11T03:04:32.859" intervalms="64.201" type="nursery" />
<cycle-start id="105" type="scavenge" contextid="0" timestamp="2025-12-11T03:04:32.860" intervalms="64.268" />
<gc-start id="106" type="scavenge" contextid="105" timestamp="2025-12-11T03:04:32.861">
  <mem-info id="107" free="4160320" total="9568256" percent="43">
    <mem type="nursery" free="0" total="3276800" percent="0">
      <mem type="allocate" free="0" total="1638400" percent="0" />
      <mem type="survivor" free="0" total="1638400" percent="0" />
    </mem>
    <mem type="tenure" free="4160320" total="6291456" percent="66">
      <mem type="soa" free="3844928" total="5976064" percent="64" />
      <mem type="loa" free="315392" total="315392" percent="100" />
    </mem>
    <remembered-set count="1050" />
  </mem-info>
</gc-start>
<allocation-stats totalBytes="1338600" discardedBytes="1016" >
  <allocated-bytes non-tlh="168792" tlh="1169808" />
  <largest-consumer threadName="main" threadId="0000000000025A00" bytes="1338600" />
</allocation-stats>
<gc-op id="108" type="scavenge" timems="4.617" contextid="105" timestamp="2025-12-11T03:04:32.867">
  <scavenger-info tenureage="1" tenuremask="7ffe" tiltratio="50" />
  <memory-copied type="nursery" objects="1955" bytes="57912" bytesdiscarded="29112" />
  <memory-copied type="tenure" objects="7463" bytes="272608" bytesdiscarded="280" />
  <finalization candidates="46" enqueued="30" />
  <ownableSynchronizers candidates="1" cleared="0" />
  <references type="soft" candidates="21" cleared="0" enqueued="0" dynamicThreshold="32" maxThreshold="32" />
  <references type="weak" candidates="91" cleared="70" enqueued="70" />
  <references type="phantom" candidates="6" cleared="5" enqueued="5" />
  <object-monitors candidates="1" cleared="0"  />
</gc-op>
<heap-resize id="109" type="expand" space="nursery" amount="262144" count="1" timems="0.068" reason="excessive time being spent scavenging" timestamp="2025-12-11T03:04:32.868" />
<gc-end id="110" type="scavenge" contextid="105" durationms="7.794" usertimems="2.235" systemtimems="5.552" stalltimems="5.807" timestamp="2025-12-11T03:04:32.869" activeThreads="3">
  <mem-info id="111" free="5889600" total="9830400" percent="59">
    <mem type="nursery" free="2009600" total="3538944" percent="56">
      <mem type="allocate" free="2009600" total="2097152" percent="95" />
      <mem type="survivor" free="0" total="1441792" percent="0" />
    </mem>
    <mem type="tenure" free="3880000" total="6291456" percent="61">
      <mem type="soa" free="3564608" total="5976064" percent="59" />
      <mem type="loa" free="315392" total="315392" percent="100" />
    </mem>
    <pending-finalizers system="30" default="0" reference="75" classloader="0" />
    <remembered-set count="1015" />
  </mem-info>
</gc-end>
<cycle-end id="112" type="scavenge" contextid="105" timestamp="2025-12-11T03:04:32.870" />
<allocation-satisfied id="113" threadId="0000000000025A00" bytesRequested="24" />
<af-end id="114" timestamp="2025-12-11T03:04:32.871" threadId="0000000000026478" success="true" from="nursery"/>
<exclusive-end id="115" timestamp="2025-12-11T03:04:32.872" durationms="13.349" />

<exclusive-start id="116" timestamp="2025-12-11T03:04:32.992" intervalms="133.567">
  <response-info timems="0.063" idlems="0.032" threads="1" lastid="0000000000029600" lastname="JIT Compilation Thread-000" />
</exclusive-start>
<af-start id="117" threadId="0000000000026478" totalBytesRequested="72" timestamp="2025-12-11T03:04:32.993" intervalms="133.533" type="nursery" />
<cycle-start id="118" type="scavenge" contextid="0" timestamp="2025-12-11T03:04:32.994" intervalms="133.722" />
<gc-start id="119" type="scavenge" contextid="118" timestamp="2025-12-11T03:04:32.995">
  <mem-info id="120" free="3766976" total="9830400" percent="38">
    <mem type="nursery" free="0" total="3538944" percent="0">
      <mem type="allocate" free="0" total="2097152" percent="0" />
      <mem type="survivor" free="0" total="1441792" percent="0" />
    </mem>
    <mem type="tenure" free="3766976" total="6291456" percent="59">
      <mem type="soa" free="3451584" total="5976064" percent="57" />
      <mem type="loa" free="315392" total="315392" percent="100" />
    </mem>
    <remembered-set count="2606" />
  </mem-info>
</gc-start>
<allocation-stats totalBytes="2122024" discardedBytes="600" >
  <allocated-bytes non-tlh="206792" tlh="1915232" />
  <largest-consumer threadName="main" threadId="0000000000025A00" bytes="2122024" />
</allocation-stats>
<gc-op id="121" type="scavenge" timems="2.289" contextid="118" timestamp="2025-12-11T03:04:32.998">
  <scavenger-info tenureage="2" tenuremask="7ffc" tiltratio="59" />
  <memory-copied type="nursery" objects="9234" bytes="488552" bytesdiscarded="30880" />
  <finalization candidates="382" enqueued="242" />
  <ownableSynchronizers candidates="5" cleared="0" />
  <references type="soft" candidates="464" cleared="0" enqueued="0" dynamicThreshold="32" maxThreshold="32" />
  <references type="weak" candidates="428" cleared="254" enqueued="254" />
  <references type="phantom" candidates="36" cleared="22" enqueued="22" />
  <object-monitors candidates="4" cleared="0"  />
</gc-op>
<gc-end id="122" type="scavenge" contextid="118" durationms="4.750" usertimems="5.648" systemtimems="0.000" stalltimems="2.004" timestamp="2025-12-11T03:04:32.999" activeThreads="3">
  <mem-info id="123" free="5474544" total="9830400" percent="55">
    <mem type="nursery" free="1707568" total="3538944" percent="48">
      <mem type="allocate" free="1707568" total="2228224" percent="76" />
      <mem type="survivor" free="0" total="1310720" percent="0" />
    </mem>
    <mem type="tenure" free="3766976" total="6291456" percent="59">
      <mem type="soa" free="3451584" total="5976064" percent="57" />
      <mem type="loa" free="315392" total="315392" percent="100" />
    </mem>
    <pending-finalizers system="242" default="0" reference="276" classloader="0" />
    <remembered-set count="2550" />
  </mem-info>
</gc-end>
<cycle-end id="124" type="scavenge" contextid="118" timestamp="2025-12-11T03:04:33.000" />
<allocation-satisfied id="125" threadId="0000000000025A00" bytesRequested="72" />
<af-end id="126" timestamp="2025-12-11T03:04:33.002" threadId="0000000000026478" success="true" from="nursery"/>
<exclusive-end id="127" timestamp="2025-12-11T03:04:33.002" durationms="10.493" />

<exclusive-start id="128" timestamp="2025-12-11T03:04:33.123" intervalms="131.022">
  <response-info timems="0.071" idlems="0.071" threads="0" lastid="0000000000025A00" lastname="main" />
</exclusive-start>
<af-start id="129" threadId="0000000000026478" totalBytesRequested="8136" timestamp="2025-12-11T03:04:33.124" intervalms="130.990" type="nursery" />
<cycle-start id="130" type="scavenge" contextid="0" timestamp="2025-12-11T03:04:33.125" intervalms="130.777" />
<gc-start id="131" type="scavenge" contextid="130" timestamp="2025-12-11T03:04:33.125">
  <mem-info id="132" free="3641040" total="9830400" percent="37">
    <mem type="nursery" free="0" total="3538944" percent="0">
      <mem type="allocate" free="0" total="2228224" percent="0" />
      <mem type="survivor" free="0" total="1310720" percent="0" />
    </mem>
    <mem type="tenure" free="3641040" total="6291456" percent="57">
      <mem type="soa" free="3325648" total="5976064" percent="55" />
      <mem type="loa" free="315392" total="315392" percent="100" />
    </mem>
    <remembered-set count="4395" />
  </mem-info>
</gc-start>
<allocation-stats totalBytes="1829216" discardedBytes="4288" >
  <allocated-bytes non-tlh="126008" tlh="1703208" />
  <largest-consumer threadName="main" threadId="0000000000025A00" bytes="1825120" />
</allocation-stats>
<gc-op id="133" type="scavenge" timems="4.146" contextid="130" timestamp="2025-12-11T03:04:33.131">
  <scavenger-info tenureage="2" tenuremask="7ffc" tiltratio="62" />
  <memory-copied type="nursery" objects="24521" bytes="1051568" bytesdiscarded="116000" />
  <memory-copied type="tenure" objects="1652" bytes="47712" bytesdiscarded="0" />
  <finalization candidates="258" enqueued="74" />
  <ownableSynchronizers candidates="9" cleared="0" />
  <references type="soft" candidates="3454" cleared="0" enqueued="0" dynamicThreshold="32" maxThreshold="32" />
  <references type="weak" candidates="373" cleared="151" enqueued="150" />
  <references type="phantom" candidates="35" cleared="21" enqueued="21" />
  <object-monitors candidates="5" cleared="0"  />
</gc-op>
<gc-end id="134" type="scavenge" contextid="130" durationms="6.711" usertimems="10.539" systemtimems="0.000" stalltimems="2.656" timestamp="2025-12-11T03:04:33.132" activeThreads="3">
  <mem-info id="135" free="4130712" total="9830400" percent="42">
    <mem type="nursery" free="601032" total="3538944" percent="16">
      <mem type="allocate" free="601032" total="1769472" percent="33" />
      <mem type="survivor" free="0" total="1769472" percent="0" />
    </mem>
    <mem type="tenure" free="3529680" total="6291456" percent="56">
      <mem type="soa" free="3214288" total="5976064" percent="53" />
      <mem type="loa" free="315392" total="315392" percent="100" />
    </mem>
    <pending-finalizers system="74" default="0" reference="171" classloader="0" />
    <remembered-set count="3545" />
  </mem-info>
</gc-end>
<cycle-end id="136" type="scavenge" contextid="130" timestamp="2025-12-11T03:04:33.133" />
<allocation-satisfied id="137" threadId="0000000000025A00" bytesRequested="8136" />
<af-end id="138" timestamp="2025-12-11T03:04:33.135" threadId="0000000000026478" success="true" from="nursery"/>
<exclusive-end id="139" timestamp="2025-12-11T03:04:33.136" durationms="12.746" />

<exclusive-start id="140" timestamp="2025-12-11T03:04:33.167" intervalms="43.817">
  <response-info timems="0.083" idlems="0.083" threads="0" lastid="0000000000025A00" lastname="main" />
</exclusive-start>
<af-start id="141" threadId="0000000000026478" totalBytesRequested="24" timestamp="2025-12-11T03:04:33.168" intervalms="44.001" type="nursery" />
<cycle-start id="142" type="scavenge" contextid="0" timestamp="2025-12-11T03:04:33.169" intervalms="44.087" />
<gc-start id="143" type="scavenge" contextid="142" timestamp="2025-12-11T03:04:33.170">
  <mem-info id="144" free="3500904" total="9830400" percent="35">
    <mem type="nursery" free="0" total="3538944" percent="0">
      <mem type="allocate" free="0" total="1769472" percent="0" />
      <mem type="survivor" free="0" total="1769472" percent="0" />
    </mem>
    <mem type="tenure" free="3500904" total="6291456" percent="55">
      <mem type="soa" free="3185512" total="5976064" percent="53" />
      <mem type="loa" free="315392" total="315392" percent="100" />
    </mem>
    <remembered-set count="3971" />
  </mem-info>
</gc-start>
<allocation-stats totalBytes="629504" discardedBytes="304" >
  <allocated-bytes non-tlh="36912" tlh="592592" />
  <largest-consumer threadName="main" threadId="0000000000025A00" bytes="629504" />
</allocation-stats>
<gc-op id="145" type="scavenge" timems="3.491" contextid="142" timestamp="2025-12-11T03:04:33.175">
  <scavenger-info tenureage="1" tenuremask="7ffe" tiltratio="50" />
  <memory-copied type="nursery" objects="2059" bytes="61640" bytesdiscarded="68000" />
  <memory-copied type="tenure" objects="23518" bytes="1015064" bytesdiscarded="1072" />
  <finalization candidates="188" enqueued="13" />
  <ownableSynchronizers candidates="8" cleared="0" />
  <references type="soft" candidates="42" cleared="0" enqueued="0" dynamicThreshold="32" maxThreshold="32" />
  <references type="weak" candidates="81" cleared="69" enqueued="69" />
  <references type="phantom" candidates="6" cleared="6" enqueued="6" />
  <object-monitors candidates="5" cleared="0"  />
</gc-op>
<heap-resize id="146" type="expand" space="nursery" amount="262144" count="1" timems="0.084" reason="excessive time being spent scavenging" timestamp="2025-12-11T03:04:33.176" />
<gc-end id="147" type="scavenge" contextid="142" durationms="6.809" usertimems="8.372" systemtimems="0.000" stalltimems="2.823" timestamp="2025-12-11T03:04:33.176" activeThreads="3">
  <mem-info id="148" free="4234896" total="10092544" percent="41">
    <mem type="nursery" free="1770752" total="3801088" percent="46">
      <mem type="allocate" free="1770752" total="1900544" percent="93" />
      <mem type="survivor" free="0" total="1900544" percent="0" />
    </mem>
    <mem type="tenure" free="2464144" total="6291456" percent="39">
      <mem type="soa" free="2148752" total="5976064" percent="35" />
      <mem type="loa" free="315392" total="315392" percent="100" />
    </mem>
    <pending-finalizers system="13" default="0" reference="75" classloader="0" />
    <remembered-set count="2340" />
  </mem-info>
</gc-end>
<cycle-end id="149" type="scavenge" contextid="142" timestamp="2025-12-11T03:04:33.177" />
<allocation-satisfied id="150" threadId="0000000000025A00" bytesRequested="24" />
<af-end id="151" timestamp="2025-12-11T03:04:33.179" threadId="0000000000026478" success="true" from="nursery"/>
<exclusive-end id="152" timestamp="2025-12-11T03:04:33.180" durationms="12.727" />

<exclusive-start id="153" timestamp="2025-12-11T03:04:33.272" intervalms="104.946">
  <response-info timems="0.070" idlems="0.070" threads="0" lastid="0000000000025A00" lastname="main" />
</exclusive-start>
<af-start id="154" threadId="0000000000026478" totalBytesRequested="48" timestamp="2025-12-11T03:04:33.273" intervalms="104.873" type="nursery" />
<cycle-start id="155" type="scavenge" contextid="0" timestamp="2025-12-11T03:04:33.273" intervalms="104.726" />
<gc-start id="156" type="scavenge" contextid="155" timestamp="2025-12-11T03:04:33.274">
  <mem-info id="157" free="2379744" total="10092544" percent="23">
    <mem type="nursery" free="0" total="3801088" percent="0">
      <mem type="allocate" free="0" total="1900544" percent="0" />
      <mem type="survivor" free="0" total="1900544" percent="0" />
    </mem>
    <mem type="tenure" free="2379744" total="6291456" percent="37">
      <mem type="soa" free="2064352" total="5976064" percent="34" />
      <mem type="loa" free="315392" total="315392" percent="100" />
    </mem>
    <remembered-set count="3434" />
  </mem-info>
</gc-start>
<allocation-stats totalBytes="1854832" discardedBytes="320" >
  <allocated-bytes non-tlh="84424" tlh="1770408" />
  <largest-consumer threadName="main" threadId="0000000000025A00" bytes="1854832" />
</allocation-stats>
<gc-op id="158" type="scavenge" timems="3.640" contextid="155" timestamp="2025-12-11T03:04:33.279">
  <scavenger-info tenureage="2" tenuremask="7ffc" tiltratio="50" />
  <memory-copied type="nursery" objects="13588" bytes="413648" bytesdiscarded="26360" />
  <finalization candidates="95" enqueued="59" />
  <ownableSynchronizers candidates="14" cleared="2" />
  <references type="soft" candidates="67" cleared="0" enqueued="0" dynamicThreshold="32" maxThreshold="32" />
  <references type="weak" candidates="405" cleared="353" enqueued="353" />
  <references type="phantom" candidates="10" cleared="8" enqueued="8" />
  <object-monitors candidates="5" cleared="0"  />
</gc-op>
<gc-end id="159" type="scavenge" contextid="155" durationms="6.034" usertimems="5.743" systemtimems="0.900" stalltimems="4.741" timestamp="2025-12-11T03:04:33.280" activeThreads="3">
  <mem-info id="160" free="4102056" total="10092544" percent="40">
    <mem type="nursery" free="1722312" total="3801088" percent="45">
      <mem type="allocate" free="1722312" total="2162688" percent="79" />
      <mem type="survivor" free="0" total="1638400" percent="0" />
    </mem>
    <mem type="tenure" free="2379744" total="6291456" percent="37">
      <mem type="soa" free="2064352" total="5976064" percent="34" />
      <mem type="loa" free="315392" total="315392" percent="100" />
    </mem>
    <pending-finalizers system="59" default="0" reference="361" classloader="0" />
    <remembered-set count="1616" />
  </mem-info>
</gc-end>
<cycle-end id="161" type="scavenge" contextid="155" timestamp="2025-12-11T03:04:33.281" />
<allocation-satisfied id="162" threadId="0000000000025A00" bytesRequested="48" />
<af-end id="163" timestamp="2025-12-11T03:04:33.282" threadId="0000000000026478" success="true" from="nursery"/>
<exclusive-end id="164" timestamp="2025-12-11T03:04:33.283" durationms="11.418" />

<exclusive-start id="165" timestamp="2025-12-11T03:04:33.380" intervalms="108.612">
  <response-info timems="0.067" idlems="0.067" threads="0" lastid="0000000000025A00" lastname="main" />
</exclusive-start>
<af-start id="166" threadId="0000000000026478" totalBytesRequested="8160" timestamp="2025-12-11T03:04:33.381" intervalms="108.759" type="nursery" />
<cycle-start id="167" type="scavenge" contextid="0" timestamp="2025-12-11T03:04:33.382" intervalms="109.018" />
<gc-start id="168" type="scavenge" contextid="167" timestamp="2025-12-11T03:04:33.383">
  <mem-info id="169" free="2299608" total="10092544" percent="22">
    <mem type="nursery" free="0" total="3801088" percent="0">
      <mem type="allocate" free="0" total="2162688" percent="0" />
      <mem type="survivor" free="0" total="1638400" percent="0" />
    </mem>
    <mem type="tenure" free="2299608" total="6291456" percent="36">
      <mem type="soa" free="1984216" total="5976064" percent="33" />
      <mem type="loa" free="315392" total="315392" percent="100" />
    </mem>
    <remembered-set count="2689" />
  </mem-info>
</gc-start>
<allocation-stats totalBytes="1799976" discardedBytes="2472" >
  <allocated-bytes non-tlh="118872" tlh="1681104" />
  <largest-consumer threadName="main" threadId="0000000000025A00" bytes="1607136" />
</allocation-stats>
<gc-op id="170" type="scavenge" timems="3.123" contextid="167" timestamp="2025-12-11T03:04:33.389">
  <scavenger-info tenureage="2" tenuremask="7ffc" tiltratio="56" />
  <memory-copied type="nursery" objects="16085" bytes="511464" bytesdiscarded="25312" />
  <memory-copied type="tenure" objects="1749" bytes="50776" bytesdiscarded="16" />
  <finalization candidates="263" enqueued="141" />
  <ownableSynchronizers candidates="22" cleared="1" />
  <references type="soft" candidates="124" cleared="0" enqueued="0" dynamicThreshold="32" maxThreshold="32" />
  <references type="weak" candidates="455" cleared="297" enqueued="297" />
  <references type="phantom" candidates="30" cleared="26" enqueued="26" />
  <object-monitors candidates="5" cleared="0"  />
</gc-op>
<gc-end id="171" type="scavenge" contextid="167" durationms="6.220" usertimems="5.460" systemtimems="2.357" stalltimems="2.601" timestamp="2025-12-11T03:04:33.390" activeThreads="3">
  <mem-info id="172" free="4000968" total="10092544" percent="39">
    <mem type="nursery" free="1821168" total="3801088" percent="47">
      <mem type="allocate" free="1821168" total="2359296" percent="77" />
      <mem type="survivor" free="0" total="1441792" percent="0" />
    </mem>
    <mem type="tenure" free="2179800" total="6291456" percent="34">
      <mem type="soa" free="1864408" total="5976064" percent="31" />
      <mem type="loa" free="315392" total="315392" percent="100" />
    </mem>
    <pending-finalizers system="141" default="0" reference="323" classloader="0" />
    <remembered-set count="2276" />
  </mem-info>
</gc-end>
<cycle-end id="173" type="scavenge" contextid="167" timestamp="2025-12-11T03:04:33.391" />
<allocation-satisfied id="174" threadId="0000000000025A00" bytesRequested="8160" />
<af-end id="175" timestamp="2025-12-11T03:04:33.393" threadId="0000000000026478" success="true" from="nursery"/>
<exclusive-end id="176" timestamp="2025-12-11T03:04:33.394" durationms="13.659" />

<exclusive-start id="177" timestamp="2025-12-11T03:04:33.472" intervalms="91.455">
  <response-info timems="0.088" idlems="0.088" threads="0" lastid="0000000000025A00" lastname="main" />
</exclusive-start>
<af-start id="178" threadId="0000000000026478" totalBytesRequested="1032" timestamp="2025-12-11T03:04:33.473" intervalms="91.689" type="nursery" />
<cycle-start id="179" type="scavenge" contextid="0" timestamp="2025-12-11T03:04:33.474" intervalms="91.738" />
<gc-start id="180" type="scavenge" contextid="179" timestamp="2025-12-11T03:04:33.475">
  <mem-info id="181" free="2176872" total="10092544" percent="21">
    <mem type="nursery" free="0" total="3801088" percent="0">
      <mem type="allocate" free="0" total="2359296" percent="0" />
      <mem type="survivor" free="0" total="1441792" percent="0" />
    </mem>
    <mem type="tenure" free="2176872" total="6291456" percent="34">
      <mem type="soa" free="1861480" total="5976064" percent="31" />
      <mem type="loa" free="315392" total="315392" percent="100" />
    </mem>
    <remembered-set count="2329" />
  </mem-info>
</gc-start>
<allocation-stats totalBytes="1804128" discardedBytes="19968" >
  <allocated-bytes non-tlh="341176" tlh="1462952" />
  <largest-consumer threadName="main" threadId="0000000000025A00" bytes="1779104" />
</allocation-stats>
<gc-op id="182" type="scavenge" timems="3.659" contextid="179" timestamp="2025-12-11T03:04:33.480">
  <scavenger-info tenureage="2" tenuremask="7ffc" tiltratio="62" />
  <memory-copied type="nursery" objects="8368" bytes="330872" bytesdiscarded="11888" />
  <memory-copied type="tenure" objects="10460" bytes="311568" bytesdiscarded="152" />
  <finalization candidates="115" enqueued="0" />
  <ownableSynchronizers candidates="21" cleared="0" />
  <references type="soft" candidates="99" cleared="0" enqueued="0" dynamicThreshold="32" maxThreshold="32" />
  <references type="weak" candidates="130" cleared="12" enqueued="12" />
  <references type="phantom" candidates="3" cleared="0" enqueued="0" />
  <object-monitors candidates="5" cleared="0"  />
</gc-op>
<heap-resize id="183" type="expand" space="nursery" amount="262144" count="1" timems="0.071" reason="excessive time being spent scavenging" timestamp="2025-12-11T03:04:33.482" />
<gc-end id="184" type="scavenge" contextid="179" durationms="7.429" usertimems="5.312" systemtimems="4.517" stalltimems="2.710" timestamp="2025-12-11T03:04:33.482" activeThreads="3">
  <mem-info id="185" free="4112352" total="10354688" percent="39">
    <mem type="nursery" free="2278008" total="4063232" percent="56">
      <mem type="allocate" free="2278008" total="2621440" percent="86" />
      <mem type="survivor" free="0" total="1441792" percent="0" />
    </mem>
    <mem type="tenure" free="1834344" total="6291456" percent="29">
      <mem type="soa" free="1518952" total="5976064" percent="25" />
      <mem type="loa" free="315392" total="315392" percent="100" />
    </mem>
    <pending-finalizers system="0" default="0" reference="12" classloader="0" />
    <remembered-set count="1272" />
  </mem-info>
</gc-end>
<cycle-end id="186" type="scavenge" contextid="179" timestamp="2025-12-11T03:04:33.484" />
<allocation-satisfied id="187" threadId="0000000000025A00" bytesRequested="1032" />
<af-end id="188" timestamp="2025-12-11T03:04:33.485" threadId="0000000000026478" success="true" from="nursery"/>
<exclusive-end id="189" timestamp="2025-12-11T03:04:33.488" durationms="15.941" />

<exclusive-start id="190" timestamp="2025-12-11T03:04:33.580" intervalms="108.644">
  <response-info timems="0.055" idlems="0.055" threads="0" lastid="0000000000025A00" lastname="main" />
</exclusive-start>
<af-start id="191" threadId="0000000000026478" totalBytesRequested="4504" timestamp="2025-12-11T03:04:33.583" intervalms="109.996" type="nursery" />
<cycle-start id="192" type="scavenge" contextid="0" timestamp="2025-12-11T03:04:33.584" intervalms="110.194" />
<gc-start id="193" type="scavenge" contextid="192" timestamp="2025-12-11T03:04:33.585">
  <mem-info id="194" free="1833912" total="10354688" percent="17">
    <mem type="nursery" free="0" total="4063232" percent="0">
      <mem type="allocate" free="0" total="2621440" percent="0" />
      <mem type="survivor" free="0" total="1441792" percent="0" />
    </mem>
    <mem type="tenure" free="1833912" total="6291456" percent="29">
      <mem type="soa" free="1518520" total="5976064" percent="25" />
      <mem type="loa" free="315392" total="315392" percent="100" />
    </mem>
    <remembered-set count="1288" />
  </mem-info>
</gc-start>
<allocation-stats totalBytes="2246352" discardedBytes="32088" >
  <allocated-bytes non-tlh="190648" tlh="2055704" />
  <largest-consumer threadName="main" threadId="0000000000025A00" bytes="2246352" />
</allocation-stats>
<gc-op id="195" type="scavenge" timems="2.060" contextid="192" timestamp="2025-12-11T03:04:33.589">
  <scavenger-info tenureage="2" tenuremask="7ffc" tiltratio="64" />
  <memory-copied type="nursery" objects="4347" bytes="179760" bytesdiscarded="27576" />
  <memory-copied type="tenure" objects="4429" bytes="147920" bytesdiscarded="112" />
  <finalization candidates="86" enqueued="0" />
  <ownableSynchronizers candidates="10" cleared="0" />
  <references type="weak" candidates="2" cleared="0" enqueued="0" />
  <references type="phantom" candidates="2" cleared="0" enqueued="0" />
  <object-monitors candidates="5" cleared="0"  />
</gc-op>
<gc-end id="196" type="scavenge" contextid="192" durationms="4.810" usertimems="0.432" systemtimems="4.112" stalltimems="1.931" timestamp="2025-12-11T03:04:33.590" activeThreads="3">
  <mem-info id="197" free="4435128" total="10354688" percent="42">
    <mem type="nursery" free="2741760" total="4063232" percent="67">
      <mem type="allocate" free="2741760" total="2949120" percent="92" />
      <mem type="survivor" free="0" total="1114112" percent="0" />
    </mem>
    <mem type="tenure" free="1693368" total="6291456" percent="26">
      <mem type="soa" free="1377976" total="5976064" percent="23" />
      <mem type="loa" free="315392" total="315392" percent="100" />
    </mem>
    <remembered-set count="184" />
  </mem-info>
</gc-end>
<cycle-end id="198" type="scavenge" contextid="192" timestamp="2025-12-11T03:04:33.591" />
<allocation-satisfied id="199" threadId="0000000000025A00" bytesRequested="4504" />
<af-end id="200" timestamp="2025-12-11T03:04:33.592" threadId="0000000000026478" success="true" from="nursery"/>
<exclusive-end id="201" timestamp="2025-12-11T03:04:33.593" durationms="12.481" />

<exclusive-start id="202" timestamp="2025-12-11T03:04:33.675" intervalms="94.518">
  <response-info timems="0.079" idlems="0.079" threads="0" lastid="0000000000025A00" lastname="main" />
</exclusive-start>
<af-start id="203" threadId="0000000000026478" totalBytesRequested="8200" timestamp="2025-12-11T03:04:33.676" intervalms="92.539" type="nursery" />
<cycle-start id="204" type="scavenge" contextid="0" timestamp="2025-12-11T03:04:33.676" intervalms="92.192" />
<gc-start id="205" type="scavenge" contextid="204" timestamp="2025-12-11T03:04:33.677">
  <mem-info id="206" free="1693096" total="10354688" percent="16">
    <mem type="nursery" free="0" total="4063232" percent="0">
      <mem type="allocate" free="0" total="2949120" percent="0" />
      <mem type="survivor" free="0" total="1114112" percent="0" />
    </mem>
    <mem type="tenure" free="1693096" total="6291456" percent="26">
      <mem type="soa" free="1377704" total="5976064" percent="23" />
      <mem type="loa" free="315392" total="315392" percent="100" />
    </mem>
    <remembered-set count="197" />
  </mem-info>
</gc-start>
<allocation-stats totalBytes="2698872" discardedBytes="43160" >
  <allocated-bytes non-tlh="676904" tlh="2021968" />
  <largest-consumer threadName="main" threadId="0000000000025A00" bytes="2698872" />
</allocation-stats>
<gc-op id="207" type="scavenge" timems="1.532" contextid="204" timestamp="2025-12-11T03:04:33.680">
  <scavenger-info tenureage="3" tenuremask="7ff8" tiltratio="72" />
  <memory-copied type="nursery" objects="4769" bytes="203576" bytesdiscarded="35240" />
  <references type="weak" candidates="2" cleared="0" enqueued="0" />
  <references type="phantom" candidates="3" cleared="0" enqueued="0" />
  <object-monitors candidates="5" cleared="0"  />
</gc-op>
<gc-end id="208" type="scavenge" contextid="204" durationms="3.883" usertimems="1.755" systemtimems="0.797" stalltimems="2.092" timestamp="2025-12-11T03:04:33.681" activeThreads="3">
  <mem-info id="209" free="4534440" total="10354688" percent="43">
    <mem type="nursery" free="2841344" total="4063232" percent="69">
      <mem type="allocate" free="2841344" total="3080192" percent="92" />
      <mem type="survivor" free="0" total="983040" percent="0" />
    </mem>
    <mem type="tenure" free="1693096" total="6291456" percent="26">
      <mem type="soa" free="1377704" total="5976064" percent="23" />
      <mem type="loa" free="315392" total="315392" percent="100" />
    </mem>
    <remembered-set count="156" />
  </mem-info>
</gc-end>
<cycle-end id="210" type="scavenge" contextid="204" timestamp="2025-12-11T03:04:33.682" />
<allocation-satisfied id="211" threadId="0000000000025A00" bytesRequested="8200" />
<af-end id="212" timestamp="2025-12-11T03:04:33.685" threadId="0000000000026478" success="true" from="nursery"/>
<exclusive-end id="213" timestamp="2025-12-11T03:04:33.686" durationms="10.771" />

<exclusive-start id="214" timestamp="2025-12-11T03:04:33.802" intervalms="127.447">
  <response-info timems="0.075" idlems="0.075" threads="0" lastid="0000000000025A00" lastname="main" />
</exclusive-start>
<af-start id="215" threadId="0000000000026478" totalBytesRequested="8200" timestamp="2025-12-11T03:04:33.803" intervalms="127.703" type="nursery" />
<cycle-start id="216" type="scavenge" contextid="0" timestamp="2025-12-11T03:04:33.804" intervalms="127.630" />
<gc-start id="217" type="scavenge" contextid="216" timestamp="2025-12-11T03:04:33.805">
  <mem-info id="218" free="1692848" total="10354688" percent="16">
    <mem type="nursery" free="0" total="4063232" percent="0">
      <mem type="allocate" free="0" total="3080192" percent="0" />
      <mem type="survivor" free="0" total="983040" percent="0" />
    </mem>
    <mem type="tenure" free="1692848" total="6291456" percent="26">
      <mem type="soa" free="1377456" total="5976064" percent="23" />
      <mem type="loa" free="315392" total="315392" percent="100" />
    </mem>
    <remembered-set count="168" />
  </mem-info>
</gc-start>
<allocation-stats totalBytes="2794520" discardedBytes="47072" >
  <allocated-bytes non-tlh="547440" tlh="2247080" />
  <largest-consumer threadName="main" threadId="0000000000025A00" bytes="2794520" />
</allocation-stats>
<gc-op id="219" type="scavenge" timems="1.400" contextid="216" timestamp="2025-12-11T03:04:33.808">
  <scavenger-info tenureage="3" tenuremask="7ff8" tiltratio="75" />
  <memory-copied type="nursery" objects="1466" bytes="55040" bytesdiscarded="15600" />
  <memory-copied type="tenure" objects="3803" bytes="160712" bytesdiscarded="88" />
  <references type="phantom" candidates="3" cleared="0" enqueued="0" />
  <object-monitors candidates="5" cleared="0"  />
</gc-op>
<gc-end id="220" type="scavenge" contextid="216" durationms="3.697" usertimems="1.669" systemtimems="0.758" stalltimems="0.561" timestamp="2025-12-11T03:04:33.809" activeThreads="2">
  <mem-info id="221" free="4694448" total="10354688" percent="45">
    <mem type="nursery" free="3140608" total="4063232" percent="77">
      <mem type="allocate" free="3140608" total="3211264" percent="97" />
      <mem type="survivor" free="0" total="851968" percent="0" />
    </mem>
    <mem type="tenure" free="1553840" total="6291456" percent="24">
      <mem type="soa" free="1238448" total="5976064" percent="20" />
      <mem type="loa" free="315392" total="315392" percent="100" />
    </mem>
    <remembered-set count="155" />
  </mem-info>
</gc-end>
<cycle-end id="222" type="scavenge" contextid="216" timestamp="2025-12-11T03:04:33.810" />
<allocation-satisfied id="223" threadId="0000000000025A00" bytesRequested="8200" />
<af-end id="224" timestamp="2025-12-11T03:04:33.814" threadId="0000000000026478" success="true" from="nursery"/>
<exclusive-end id="225" timestamp="2025-12-11T03:04:33.815" durationms="12.283" />

<exclusive-start id="226" timestamp="2025-12-11T03:04:33.979" intervalms="176.399">
  <response-info timems="0.078" idlems="0.078" threads="0" lastid="0000000000025A00" lastname="main" />
</exclusive-start>
<af-start id="227" threadId="0000000000026478" totalBytesRequested="1032" timestamp="2025-12-11T03:04:33.980" intervalms="176.350" type="nursery" />
<cycle-start id="228" type="scavenge" contextid="0" timestamp="2025-12-11T03:04:33.981" intervalms="176.641" />
<gc-start id="229" type="scavenge" contextid="228" timestamp="2025-12-11T03:04:33.982">
  <mem-info id="230" free="1553504" total="10354688" percent="15">
    <mem type="nursery" free="0" total="4063232" percent="0">
      <mem type="allocate" free="0" total="3211264" percent="0" />
      <mem type="survivor" free="0" total="851968" percent="0" />
    </mem>
    <mem type="tenure" free="1553504" total="6291456" percent="24">
      <mem type="soa" free="1238112" total="5976064" percent="20" />
      <mem type="loa" free="315392" total="315392" percent="100" />
    </mem>
    <remembered-set count="233" />
  </mem-info>
</gc-start>
<allocation-stats totalBytes="3070176" discardedBytes="70768" >
  <allocated-bytes non-tlh="382512" tlh="2687664" />
  <largest-consumer threadName="main" threadId="0000000000025A00" bytes="3070176" />
</allocation-stats>
<gc-op id="231" type="scavenge" timems="1.195" contextid="228" timestamp="2025-12-11T03:04:33.985">
  <scavenger-info tenureage="5" tenuremask="7fe0" tiltratio="79" />
  <memory-copied type="nursery" objects="2148" bytes="92000" bytesdiscarded="24856" />
  <references type="phantom" candidates="3" cleared="0" enqueued="0" />
  <object-monitors candidates="5" cleared="0"  />
</gc-op>
<gc-end id="232" type="scavenge" contextid="228" durationms="3.690" usertimems="1.475" systemtimems="0.693" stalltimems="0.530" timestamp="2025-12-11T03:04:33.985" activeThreads="2">
  <mem-info id="233" free="4778968" total="10354688" percent="46">
    <mem type="nursery" free="3225464" total="4063232" percent="79">
      <mem type="allocate" free="3225464" total="3342336" percent="96" />
      <mem type="survivor" free="0" total="720896" percent="0" />
    </mem>
    <mem type="tenure" free="1553504" total="6291456" percent="24">
      <mem type="soa" free="1238112" total="5976064" percent="20" />
      <mem type="loa" free="315392" total="315392" percent="100" />
    </mem>
    <remembered-set count="159" />
  </mem-info>
</gc-end>
<cycle-end id="234" type="scavenge" contextid="228" timestamp="2025-12-11T03:04:33.986" />
<allocation-satisfied id="235" threadId="0000000000025A00" bytesRequested="1032" />
<af-end id="236" timestamp="2025-12-11T03:04:33.988" threadId="0000000000026478" success="true" from="nursery"/>
<exclusive-end id="237" timestamp="2025-12-11T03:04:33.988" durationms="9.404" />

<exclusive-start id="238" timestamp="2025-12-11T03:04:34.071" intervalms="91.862">
  <response-info timems="0.075" idlems="0.075" threads="0" lastid="0000000000025A00" lastname="main" />
</exclusive-start>
<af-start id="239" threadId="0000000000026478" totalBytesRequested="6800" timestamp="2025-12-11T03:04:34.072" intervalms="91.982" type="nursery" />
<cycle-start id="240" type="scavenge" contextid="0" timestamp="2025-12-11T03:04:34.072" intervalms="91.676" />
<gc-start id="241" type="scavenge" contextid="240" timestamp="2025-12-11T03:04:34.074">
  <mem-info id="242" free="1553448" total="10354688" percent="15">
    <mem type="nursery" free="0" total="4063232" percent="0">
      <mem type="allocate" free="0" total="3342336" percent="0" />
      <mem type="survivor" free="0" total="720896" percent="0" />
    </mem>
    <mem type="tenure" free="1553448" total="6291456" percent="24">
      <mem type="soa" free="1238056" total="5976064" percent="20" />
      <mem type="loa" free="315392" total="315392" percent="100" />
    </mem>
    <remembered-set count="199" />
  </mem-info>
</gc-start>
<allocation-stats totalBytes="3000360" discardedBytes="225160" >
  <allocated-bytes non-tlh="816016" tlh="2184344" />
  <largest-consumer threadName="main" threadId="0000000000025A00" bytes="3000360" />
</allocation-stats>
<gc-op id="243" type="scavenge" timems="1.270" contextid="240" timestamp="2025-12-11T03:04:34.076">
  <scavenger-info tenureage="6" tenuremask="7fc0" tiltratio="82" />
  <memory-copied type="nursery" objects="2381" bytes="83776" bytesdiscarded="18360" />
  <references type="phantom" candidates="2" cleared="0" enqueued="0" />
  <object-monitors candidates="5" cleared="0"  />
</gc-op>
<gc-end id="244" type="scavenge" contextid="240" durationms="3.736" usertimems="1.188" systemtimems="0.562" stalltimems="0.928" timestamp="2025-12-11T03:04:34.077" activeThreads="2">
  <mem-info id="245" free="4924712" total="10354688" percent="47">
    <mem type="nursery" free="3371264" total="4063232" percent="82">
      <mem type="allocate" free="3371264" total="3473408" percent="97" />
      <mem type="survivor" free="0" total="589824" percent="0" />
    </mem>
    <mem type="tenure" free="1553448" total="6291456" percent="24">
      <mem type="soa" free="1238056" total="5976064" percent="20" />
      <mem type="loa" free="315392" total="315392" percent="100" />
    </mem>
    <remembered-set count="153" />
  </mem-info>
</gc-end>
<cycle-end id="246" type="scavenge" contextid="240" timestamp="2025-12-11T03:04:34.078" />
<allocation-satisfied id="247" threadId="0000000000025A00" bytesRequested="6800" />
<af-end id="248" timestamp="2025-12-11T03:04:34.079" threadId="0000000000026478" success="true" from="nursery"/>
<exclusive-end id="249" timestamp="2025-12-11T03:04:34.080" durationms="9.096" />

<exclusive-start id="250" timestamp="2025-12-11T03:04:34.212" intervalms="141.581">
  <response-info timems="0.061" idlems="0.061" threads="0" lastid="0000000000025A00" lastname="main" />
</exclusive-start>
<af-start id="251" threadId="0000000000026478" totalBytesRequested="8200" timestamp="2025-12-11T03:04:34.213" intervalms="141.409" type="nursery" />
<cycle-start id="252" type="scavenge" contextid="0" timestamp="2025-12-11T03:04:34.214" intervalms="141.354" />
<gc-start id="253" type="scavenge" contextid="252" timestamp="2025-12-11T03:04:34.215">
  <mem-info id="254" free="1553248" total="10354688" percent="15">
    <mem type="nursery" free="0" total="4063232" percent="0">
      <mem type="allocate" free="0" total="3473408" percent="0" />
      <mem type="survivor" free="0" total="589824" percent="0" />
    </mem>
    <mem type="tenure" free="1553248" total="6291456" percent="24">
      <mem type="soa" free="1237856" total="5976064" percent="20" />
      <mem type="loa" free="315392" total="315392" percent="100" />
    </mem>
    <remembered-set count="224" />
  </mem-info>
</gc-start>
<allocation-stats totalBytes="3292472" discardedBytes="78992" >
  <allocated-bytes non-tlh="604800" tlh="2687672" />
  <largest-consumer threadName="main" threadId="0000000000025A00" bytes="3292472" />
</allocation-stats>
<gc-op id="255" type="scavenge" timems="1.332" contextid="252" timestamp="2025-12-11T03:04:34.217">
  <scavenger-info tenureage="3" tenuremask="fff8" tiltratio="85" />
  <memory-copied type="nursery" objects="1609" bytes="62968" bytesdiscarded="19960" />
  <memory-copied type="tenure" objects="1384" bytes="46360" bytesdiscarded="48" />
  <references type="phantom" candidates="3" cleared="0" enqueued="0" />
  <object-monitors candidates="5" cleared="0"  />
</gc-op>
<gc-end id="256" type="scavenge" contextid="252" durationms="4.329" usertimems="1.484" systemtimems="0.700" stalltimems="0.770" timestamp="2025-12-11T03:04:34.219" activeThreads="2">
  <mem-info id="257" free="4950880" total="10354688" percent="47">
    <mem type="nursery" free="3456000" total="4063232" percent="85">
      <mem type="allocate" free="3456000" total="3538944" percent="97" />
      <mem type="survivor" free="0" total="524288" percent="0" />
    </mem>
    <mem type="tenure" free="1494880" total="6291456" percent="23">
      <mem type="soa" free="1179488" total="5976064" percent="19" />
      <mem type="loa" free="315392" total="315392" percent="100" />
    </mem>
    <remembered-set count="212" />
  </mem-info>
</gc-end>
<cycle-end id="258" type="scavenge" contextid="252" timestamp="2025-12-11T03:04:34.220" />
<allocation-satisfied id="259" threadId="0000000000025A00" bytesRequested="8200" />
<af-end id="260" timestamp="2025-12-11T03:04:34.224" threadId="0000000000026478" success="true" from="nursery"/>
<exclusive-end id="261" timestamp="2025-12-11T03:04:34.225" durationms="12.573" />

<exclusive-start id="262" timestamp="2025-12-11T03:04:34.311" intervalms="98.594">
  <response-info timems="0.057" idlems="0.057" threads="0" lastid="0000000000025A00" lastname="main" />
</exclusive-start>
<af-start id="263" threadId="0000000000026478" totalBytesRequested="21104" timestamp="2025-12-11T03:04:34.313" intervalms="99.814" type="nursery" />
<cycle-start id="264" type="scavenge" contextid="0" timestamp="2025-12-11T03:04:34.314" intervalms="99.905" />
<gc-start id="265" type="scavenge" contextid="264" timestamp="2025-12-11T03:04:34.315">
  <mem-info id="266" free="1494784" total="10354688" percent="14">
    <mem type="nursery" free="0" total="4063232" percent="0">
      <mem type="allocate" free="0" total="3538944" percent="0" />
      <mem type="survivor" free="0" total="524288" percent="0" />
    </mem>
    <mem type="tenure" free="1494784" total="6291456" percent="23">
      <mem type="soa" free="1179392" total="5976064" percent="19" />
      <mem type="loa" free="315392" total="315392" percent="100" />
    </mem>
    <remembered-set count="272" />
  </mem-info>
</gc-start>
<allocation-stats totalBytes="3278552" discardedBytes="177544" >
  <allocated-bytes non-tlh="997512" tlh="2281040" />
  <largest-consumer threadName="main" threadId="0000000000025A00" bytes="3278552" />
</allocation-stats>
<gc-op id="267" type="scavenge" timems="1.195" contextid="264" timestamp="2025-12-11T03:04:34.317">
  <scavenger-info tenureage="3" tenuremask="ff88" tiltratio="87" />
  <memory-copied type="nursery" objects="1289" bytes="43480" bytesdiscarded="39456" />
  <memory-copied type="tenure" objects="648" bytes="25600" bytesdiscarded="24" />
  <references type="phantom" candidates="2" cleared="0" enqueued="0" />
  <object-monitors candidates="5" cleared="0"  />
</gc-op>
<gc-end id="268" type="scavenge" contextid="264" durationms="3.386" usertimems="1.309" systemtimems="0.610" stalltimems="0.718" timestamp="2025-12-11T03:04:34.318" activeThreads="2">
  <mem-info id="269" free="4995584" total="10354688" percent="48">
    <mem type="nursery" free="3521536" total="4063232" percent="86">
      <mem type="allocate" free="3521536" total="3604480" percent="97" />
      <mem type="survivor" free="0" total="458752" percent="0" />
    </mem>
    <mem type="tenure" free="1474048" total="6291456" percent="23">
      <mem type="soa" free="1158656" total="5976064" percent="19" />
      <mem type="loa" free="315392" total="315392" percent="100" />
    </mem>
    <remembered-set count="226" />
  </mem-info>
</gc-end>
<cycle-end id="270" type="scavenge" contextid="264" timestamp="2025-12-11T03:04:34.319" />
<allocation-satisfied id="271" threadId="0000000000025A00" bytesRequested="21104" />
<af-end id="272" timestamp="2025-12-11T03:04:34.320" threadId="0000000000026478" success="true" from="nursery"/>
<exclusive-end id="273" timestamp="2025-12-11T03:04:34.321" durationms="9.883" />

<exclusive-start id="274" timestamp="2025-12-11T03:04:34.444" intervalms="133.481">
  <response-info timems="0.052" idlems="0.052" threads="0" lastid="0000000000025A00" lastname="main" />
</exclusive-start>
<af-start id="275" threadId="0000000000026478" totalBytesRequested="8200" timestamp="2025-12-11T03:04:34.446" intervalms="133.065" type="nursery" />
<cycle-start id="276" type="scavenge" contextid="0" timestamp="2025-12-11T03:04:34.447" intervalms="133.058" />
<gc-start id="277" type="scavenge" contextid="276" timestamp="2025-12-11T03:04:34.448">
  <mem-info id="278" free="1473944" total="10354688" percent="14">
    <mem type="nursery" free="0" total="4063232" percent="0">
      <mem type="allocate" free="0" total="3604480" percent="0" />
      <mem type="survivor" free="0" total="458752" percent="0" />
    </mem>
    <mem type="tenure" free="1473944" total="6291456" percent="23">
      <mem type="soa" free="1158552" total="5976064" percent="19" />
      <mem type="loa" free="315392" total="315392" percent="100" />
    </mem>
    <remembered-set count="349" />
  </mem-info>
</gc-start>
<allocation-stats totalBytes="3335632" discardedBytes="186008" >
  <allocated-bytes non-tlh="689904" tlh="2645728" />
  <largest-consumer threadName="main" threadId="0000000000025A00" bytes="3335632" />
</allocation-stats>
<gc-op id="279" type="scavenge" timems="0.983" contextid="276" timestamp="2025-12-11T03:04:34.451">
  <scavenger-info tenureage="3" tenuremask="ffe8" tiltratio="88" />
  <memory-copied type="nursery" objects="1658" bytes="118648" bytesdiscarded="30152" />
  <memory-copied type="tenure" objects="325" bytes="10848" bytesdiscarded="0" />
  <references type="phantom" candidates="3" cleared="0" enqueued="0" />
  <object-monitors candidates="5" cleared="0"  />
</gc-op>
<gc-end id="280" type="scavenge" contextid="276" durationms="4.403" usertimems="1.153" systemtimems="0.546" stalltimems="0.375" timestamp="2025-12-11T03:04:34.452" activeThreads="2">
  <mem-info id="281" free="4929608" total="10354688" percent="47">
    <mem type="nursery" free="3455664" total="4063232" percent="85">
      <mem type="allocate" free="3455664" total="3604480" percent="95" />
      <mem type="survivor" free="0" total="458752" percent="0" />
    </mem>
    <mem type="tenure" free="1473944" total="6291456" percent="23">
      <mem type="soa" free="1158552" total="5976064" percent="19" />
      <mem type="loa" free="315392" total="315392" percent="100" />
    </mem>
    <remembered-set count="218" />
  </mem-info>
</gc-end>
<cycle-end id="282" type="scavenge" contextid="276" timestamp="2025-12-11T03:04:34.453" />
<allocation-satisfied id="283" threadId="0000000000025A00" bytesRequested="8200" />
<af-end id="284" timestamp="2025-12-11T03:04:34.455" threadId="0000000000026478" success="true" from="nursery"/>
<exclusive-end id="285" timestamp="2025-12-11T03:04:34.456" durationms="11.488" />

<exclusive-start id="286" timestamp="2025-12-11T03:04:34.589" intervalms="144.828">
  <response-info timems="0.063" idlems="0.063" threads="0" lastid="0000000000025A00" lastname="main" />
</exclusive-start>
<af-start id="287" threadId="0000000000026478" totalBytesRequested="452056" timestamp="2025-12-11T03:04:34.590" intervalms="144.296" type="nursery" />
<cycle-start id="288" type="scavenge" contextid="0" timestamp="2025-12-11T03:04:34.591" intervalms="144.502" />
<gc-start id="289" type="scavenge" contextid="288" timestamp="2025-12-11T03:04:34.592">
  <mem-info id="290" free="1585616" total="10354688" percent="15">
    <mem type="nursery" free="111824" total="4063232" percent="2">
      <mem type="allocate" free="111824" total="3604480" percent="3" />
      <mem type="survivor" free="0" total="458752" percent="0" />
    </mem>
    <mem type="tenure" free="1473792" total="6291456" percent="23">
      <mem type="soa" free="1158400" total="5976064" percent="19" />
      <mem type="loa" free="315392" total="315392" percent="100" />
    </mem>
    <remembered-set count="315" />
  </mem-info>
</gc-start>
<allocation-stats totalBytes="3300832" discardedBytes="43160" >
  <allocated-bytes non-tlh="628344" tlh="2672488" />
  <largest-consumer threadName="main" threadId="0000000000025A00" bytes="3300832" />
</allocation-stats>
<gc-op id="291" type="scavenge" timems="1.135" contextid="288" timestamp="2025-12-11T03:04:34.595">
  <scavenger-info tenureage="3" tenuremask="ffe8" tiltratio="88" />
  <memory-copied type="nursery" objects="1677" bytes="64128" bytesdiscarded="14968" />
  <memory-copied type="tenure" objects="579" bytes="19592" bytesdiscarded="40" />
  <references type="phantom" candidates="2" cleared="0" enqueued="0" />
  <object-monitors candidates="5" cleared="0"  />
</gc-op>
<gc-end id="292" type="scavenge" contextid="288" durationms="3.632" usertimems="1.234" systemtimems="0.612" stalltimems="0.677" timestamp="2025-12-11T03:04:34.596" activeThreads="2">
  <mem-info id="293" free="4978432" total="10354688" percent="48">
    <mem type="nursery" free="3525376" total="4063232" percent="86">
      <mem type="allocate" free="3525376" total="3604480" percent="97" />
      <mem type="survivor" free="0" total="458752" percent="0" />
    </mem>
    <mem type="tenure" free="1453056" total="6291456" percent="23">
      <mem type="soa" free="1137664" total="5976064" percent="19" />
      <mem type="loa" free="315392" total="315392" percent="100" />
    </mem>
    <remembered-set count="230" />
  </mem-info>
</gc-end>
<cycle-end id="294" type="scavenge" contextid="288" timestamp="2025-12-11T03:04:34.597" />
<allocation-satisfied id="295" threadId="0000000000025A00" bytesRequested="452056" />
<af-end id="296" timestamp="2025-12-11T03:04:34.599" threadId="0000000000026478" success="true" from="nursery"/>
<exclusive-end id="297" timestamp="2025-12-11T03:04:34.600" durationms="10.944" />

<exclusive-start id="298" timestamp="2025-12-11T03:04:34.720" intervalms="130.998">
  <response-info timems="0.072" idlems="0.072" threads="0" lastid="0000000000025A00" lastname="main" />
</exclusive-start>
<af-start id="299" threadId="0000000000026478" totalBytesRequested="235856" timestamp="2025-12-11T03:04:34.721" intervalms="131.037" type="nursery" />
<cycle-start id="300" type="scavenge" contextid="0" timestamp="2025-12-11T03:04:34.722" intervalms="130.923" />
<gc-start id="301" type="scavenge" contextid="300" timestamp="2025-12-11T03:04:34.723">
  <mem-info id="302" free="1640192" total="10354688" percent="15">
    <mem type="nursery" free="187136" total="4063232" percent="4">
      <mem type="allocate" free="187136" total="3604480" percent="5" />
      <mem type="survivor" free="0" total="458752" percent="0" />
    </mem>
    <mem type="tenure" free="1453056" total="6291456" percent="23">
      <mem type="soa" free="1137664" total="5976064" percent="19" />
      <mem type="loa" free="315392" total="315392" percent="100" />
    </mem>
    <remembered-set count="299" />
  </mem-info>
</gc-start>
<allocation-stats totalBytes="3181784" discardedBytes="156456" >
  <allocated-bytes non-tlh="875544" tlh="2306240" />
  <largest-consumer threadName="main" threadId="0000000000025A00" bytes="3181784" />
</allocation-stats>
<gc-op id="303" type="scavenge" timems="1.557" contextid="300" timestamp="2025-12-11T03:04:34.726">
  <scavenger-info tenureage="3" tenuremask="ffe8" tiltratio="88" />
  <memory-copied type="nursery" objects="1788" bytes="67832" bytesdiscarded="11264" />
  <memory-copied type="tenure" objects="359" bytes="12024" bytesdiscarded="0" />
  <references type="phantom" candidates="2" cleared="0" enqueued="0" />
  <object-monitors candidates="5" cleared="0"  />
</gc-op>
<gc-end id="304" type="scavenge" contextid="300" durationms="4.305" usertimems="0.000" systemtimems="2.976" stalltimems="0.919" timestamp="2025-12-11T03:04:34.727" activeThreads="2">
  <mem-info id="305" free="4978432" total="10354688" percent="48">
    <mem type="nursery" free="3525376" total="4063232" percent="86">
      <mem type="allocate" free="3525376" total="3604480" percent="97" />
      <mem type="survivor" free="0" total="458752" percent="0" />
    </mem>
    <mem type="tenure" free="1453056" total="6291456" percent="23">
      <mem type="soa" free="1137664" total="5976064" percent="19" />
      <mem type="loa" free="315392" total="315392" percent="100" />
    </mem>
    <remembered-set count="220" />
  </mem-info>
</gc-end>
<cycle-end id="306" type="scavenge" contextid="300" timestamp="2025-12-11T03:04:34.728" />
<allocation-satisfied id="307" threadId="0000000000025A00" bytesRequested="235856" />
<af-end id="308" timestamp="2025-12-11T03:04:34.730" threadId="0000000000026478" success="true" from="nursery"/>
<exclusive-end id="309" timestamp="2025-12-11T03:04:34.731" durationms="10.684" />

<exclusive-start id="310" timestamp="2025-12-11T03:04:34.878" intervalms="158.269">
  <response-info timems="0.078" idlems="0.078" threads="0" lastid="0000000000025A00" lastname="main" />
</exclusive-start>
<af-start id="311" threadId="0000000000026478" totalBytesRequested="203008" timestamp="2025-12-11T03:04:34.879" intervalms="158.063" type="nursery" />
<cycle-start id="312" type="scavenge" contextid="0" timestamp="2025-12-11T03:04:34.880" intervalms="157.988" />
<gc-start id="313" type="scavenge" contextid="312" timestamp="2025-12-11T03:04:34.881">
  <mem-info id="314" free="1453056" total="10354688" percent="14">
    <mem type="nursery" free="0" total="4063232" percent="0">
      <mem type="allocate" free="0" total="3604480" percent="0" />
      <mem type="survivor" free="0" total="458752" percent="0" />
    </mem>
    <mem type="tenure" free="1453056" total="6291456" percent="23">
      <mem type="soa" free="1137664" total="5976064" percent="19" />
      <mem type="loa" free="315392" total="315392" percent="100" />
    </mem>
    <remembered-set count="326" />
  </mem-info>
</gc-start>
<allocation-stats totalBytes="3506664" discardedBytes="18712" >
  <allocated-bytes non-tlh="501176" tlh="3005488" />
  <largest-consumer threadName="main" threadId="0000000000025A00" bytes="3506664" />
</allocation-stats>
<gc-op id="315" type="scavenge" timems="1.343" contextid="312" timestamp="2025-12-11T03:04:34.885">
  <scavenger-info tenureage="3" tenuremask="ffe8" tiltratio="88" />
  <memory-copied type="nursery" objects="1831" bytes="61568" bytesdiscarded="15224" />
  <memory-copied type="tenure" objects="667" bytes="30096" bytesdiscarded="32" />
  <references type="phantom" candidates="2" cleared="0" enqueued="0" />
  <object-monitors candidates="5" cleared="0"  />
</gc-op>
<gc-end id="316" type="scavenge" contextid="312" durationms="5.357" usertimems="2.921" systemtimems="0.000" stalltimems="0.698" timestamp="2025-12-11T03:04:34.887" activeThreads="2">
  <mem-info id="317" free="4922872" total="10354688" percent="47">
    <mem type="nursery" free="3527680" total="4063232" percent="86">
      <mem type="allocate" free="3527680" total="3604480" percent="97" />
      <mem type="survivor" free="0" total="458752" percent="0" />
    </mem>
    <mem type="tenure" free="1395192" total="6291456" percent="22">
      <mem type="soa" free="1079800" total="5976064" percent="18" />
      <mem type="loa" free="315392" total="315392" percent="100" />
    </mem>
    <remembered-set count="243" />
  </mem-info>
</gc-end>
<cycle-end id="318" type="scavenge" contextid="312" timestamp="2025-12-11T03:04:34.888" />
<allocation-satisfied id="319" threadId="0000000000025A00" bytesRequested="203008" />
<af-end id="320" timestamp="2025-12-11T03:04:34.890" threadId="0000000000026478" success="true" from="nursery"/>
<exclusive-end id="321" timestamp="2025-12-11T03:04:34.890" durationms="11.940" />

<exclusive-start id="322" timestamp="2025-12-11T03:04:35.040" intervalms="161.188">
  <response-info timems="0.058" idlems="0.058" threads="0" lastid="0000000000025A00" lastname="main" />
</exclusive-start>
<af-start id="323" threadId="0000000000026478" totalBytesRequested="8200" timestamp="2025-12-11T03:04:35.040" intervalms="161.125" type="nursery" />
<cycle-start id="324" type="scavenge" contextid="0" timestamp="2025-12-11T03:04:35.041" intervalms="161.067" />
<gc-start id="325" type="scavenge" contextid="324" timestamp="2025-12-11T03:04:35.042">
  <mem-info id="326" free="1395152" total="10354688" percent="13">
    <mem type="nursery" free="0" total="4063232" percent="0">
      <mem type="allocate" free="0" total="3604480" percent="0" />
      <mem type="survivor" free="0" total="458752" percent="0" />
    </mem>
    <mem type="tenure" free="1395152" total="6291456" percent="22">
      <mem type="soa" free="1079760" total="5976064" percent="18" />
      <mem type="loa" free="315392" total="315392" percent="100" />
    </mem>
    <remembered-set count="345" />
  </mem-info>
</gc-start>
<allocation-stats totalBytes="3474648" discardedBytes="53072" >
  <allocated-bytes non-tlh="360472" tlh="3114176" />
  <largest-consumer threadName="main" threadId="0000000000025A00" bytes="3474648" />
</allocation-stats>
<gc-op id="327" type="scavenge" timems="0.982" contextid="324" timestamp="2025-12-11T03:04:35.044">
  <scavenger-info tenureage="3" tenuremask="ffe8" tiltratio="88" />
  <memory-copied type="nursery" objects="1893" bytes="71000" bytesdiscarded="24216" />
  <memory-copied type="tenure" objects="630" bytes="21112" bytesdiscarded="24" />
  <references type="phantom" candidates="3" cleared="0" enqueued="0" />
  <object-monitors candidates="5" cleared="0"  />
</gc-op>
<gc-end id="328" type="scavenge" contextid="324" durationms="3.088" usertimems="0.000" systemtimems="1.855" stalltimems="0.336" timestamp="2025-12-11T03:04:35.045" activeThreads="2">
  <mem-info id="329" free="4850640" total="10354688" percent="46">
    <mem type="nursery" free="3509248" total="4063232" percent="86">
      <mem type="allocate" free="3509248" total="3604480" percent="97" />
      <mem type="survivor" free="0" total="458752" percent="0" />
    </mem>
    <mem type="tenure" free="1341392" total="6291456" percent="21">
      <mem type="soa" free="1026000" total="5976064" percent="17" />
      <mem type="loa" free="315392" total="315392" percent="100" />
    </mem>
    <remembered-set count="245" />
  </mem-info>
</gc-end>
<cycle-end id="330" type="scavenge" contextid="324" timestamp="2025-12-11T03:04:35.046" />
<allocation-satisfied id="331" threadId="0000000000025A00" bytesRequested="8200" />
<af-end id="332" timestamp="2025-12-11T03:04:35.047" threadId="0000000000026478" success="true" from="nursery"/>
<exclusive-end id="333" timestamp="2025-12-11T03:04:35.048" durationms="8.214" />

<exclusive-start id="334" timestamp="2025-12-11T03:04:35.198" intervalms="158.687">
  <response-info timems="0.057" idlems="0.057" threads="0" lastid="0000000000025A00" lastname="main" />
</exclusive-start>
<af-start id="335" threadId="0000000000026478" totalBytesRequested="1136" timestamp="2025-12-11T03:04:35.199" intervalms="158.664" type="nursery" />
<cycle-start id="336" type="scavenge" contextid="0" timestamp="2025-12-11T03:04:35.200" intervalms="158.686" />
<gc-start id="337" type="scavenge" contextid="336" timestamp="2025-12-11T03:04:35.201">
  <mem-info id="338" free="1341392" total="10354688" percent="12">
    <mem type="nursery" free="0" total="4063232" percent="0">
      <mem type="allocate" free="0" total="3604480" percent="0" />
      <mem type="survivor" free="0" total="458752" percent="0" />
    </mem>
    <mem type="tenure" free="1341392" total="6291456" percent="21">
      <mem type="soa" free="1026000" total="5976064" percent="17" />
      <mem type="loa" free="315392" total="315392" percent="100" />
    </mem>
    <remembered-set count="375" />
  </mem-info>
</gc-start>
<allocation-stats totalBytes="3503600" discardedBytes="5648" >
  <allocated-bytes non-tlh="364352" tlh="3139248" />
  <largest-consumer threadName="main" threadId="0000000000025A00" bytes="3503600" />
</allocation-stats>
<gc-op id="339" type="scavenge" timems="0.905" contextid="336" timestamp="2025-12-11T03:04:35.203">
  <scavenger-info tenureage="3" tenuremask="ffe8" tiltratio="88" />
  <memory-copied type="nursery" objects="2161" bytes="84432" bytesdiscarded="10792" />
  <memory-copied type="tenure" objects="470" bytes="15728" bytesdiscarded="0" />
  <references type="phantom" candidates="2" cleared="0" enqueued="0" />
  <object-monitors candidates="5" cleared="0"  />
</gc-op>
<gc-end id="340" type="scavenge" contextid="336" durationms="2.859" usertimems="1.402" systemtimems="0.755" stalltimems="0.308" timestamp="2025-12-11T03:04:35.204" activeThreads="2">
  <mem-info id="341" free="4850640" total="10354688" percent="46">
    <mem type="nursery" free="3509248" total="4063232" percent="86">
      <mem type="allocate" free="3509248" total="3604480" percent="97" />
      <mem type="survivor" free="0" total="458752" percent="0" />
    </mem>
    <mem type="tenure" free="1341392" total="6291456" percent="21">
      <mem type="soa" free="1026000" total="5976064" percent="17" />
      <mem type="loa" free="315392" total="315392" percent="100" />
    </mem>
    <remembered-set count="268" />
  </mem-info>
</gc-end>
<cycle-end id="342" type="scavenge" contextid="336" timestamp="2025-12-11T03:04:35.204" />
<allocation-satisfied id="343" threadId="0000000000025A00" bytesRequested="1136" />
<af-end id="344" timestamp="2025-12-11T03:04:35.206" threadId="0000000000026478" success="true" from="nursery"/>
<exclusive-end id="345" timestamp="2025-12-11T03:04:35.206" durationms="7.929" />

<exclusive-start id="346" timestamp="2025-12-11T03:04:35.352" intervalms="154.189">
  <response-info timems="0.069" idlems="0.069" threads="0" lastid="0000000000025A00" lastname="main" />
</exclusive-start>
<af-start id="347" threadId="0000000000026478" totalBytesRequested="184448" timestamp="2025-12-11T03:04:35.354" intervalms="154.425" type="nursery" />
<cycle-start id="348" type="scavenge" contextid="0" timestamp="2025-12-11T03:04:35.354" intervalms="154.435" />
<gc-start id="349" type="scavenge" contextid="348" timestamp="2025-12-11T03:04:35.355">
  <mem-info id="350" free="1467248" total="10354688" percent="14">
    <mem type="nursery" free="125952" total="4063232" percent="3">
      <mem type="allocate" free="125952" total="3604480" percent="3" />
      <mem type="survivor" free="0" total="458752" percent="0" />
    </mem>
    <mem type="tenure" free="1341296" total="6291456" percent="21">
      <mem type="soa" free="1025904" total="5976064" percent="17" />
      <mem type="loa" free="315392" total="315392" percent="100" />
    </mem>
    <remembered-set count="453" />
  </mem-info>
</gc-start>
<allocation-stats totalBytes="3279000" discardedBytes="104392" >
  <allocated-bytes non-tlh="125088" tlh="3153912" />
  <largest-consumer threadName="main" threadId="0000000000025A00" bytes="3279000" />
</allocation-stats>
<gc-op id="351" type="scavenge" timems="1.244" contextid="348" timestamp="2025-12-11T03:04:35.358">
  <scavenger-info tenureage="3" tenuremask="ffe8" tiltratio="88" />
  <memory-copied type="nursery" objects="2233" bytes="90656" bytesdiscarded="31448" />
  <memory-copied type="tenure" objects="709" bytes="23808" bytesdiscarded="0" />
  <references type="phantom" candidates="2" cleared="0" enqueued="0" />
  <object-monitors candidates="5" cleared="0"  />
</gc-op>
<gc-end id="352" type="scavenge" contextid="348" durationms="3.672" usertimems="1.369" systemtimems="0.737" stalltimems="0.629" timestamp="2025-12-11T03:04:35.359" activeThreads="2">
  <mem-info id="353" free="4802928" total="10354688" percent="46">
    <mem type="nursery" free="3482368" total="4063232" percent="85">
      <mem type="allocate" free="3482368" total="3604480" percent="96" />
      <mem type="survivor" free="0" total="458752" percent="0" />
    </mem>
    <mem type="tenure" free="1320560" total="6291456" percent="20">
      <mem type="soa" free="1005168" total="5976064" percent="16" />
      <mem type="loa" free="315392" total="315392" percent="100" />
    </mem>
    <remembered-set count="244" />
  </mem-info>
</gc-end>
<cycle-end id="354" type="scavenge" contextid="348" timestamp="2025-12-11T03:04:35.360" />
<allocation-satisfied id="355" threadId="0000000000025A00" bytesRequested="184448" />
<af-end id="356" timestamp="2025-12-11T03:04:35.361" threadId="0000000000026478" success="true" from="nursery"/>
<exclusive-end id="357" timestamp="2025-12-11T03:04:35.362" durationms="9.359" />

<exclusive-start id="358" timestamp="2025-12-11T03:04:35.488" intervalms="135.716">
  <response-info timems="0.060" idlems="0.060" threads="0" lastid="0000000000025A00" lastname="main" />
</exclusive-start>
<af-start id="359" threadId="0000000000026478" totalBytesRequested="101928" timestamp="2025-12-11T03:04:35.489" intervalms="135.622" type="nursery" />
<cycle-start id="360" type="scavenge" contextid="0" timestamp="2025-12-11T03:04:35.490" intervalms="135.555" />
<gc-start id="361" type="scavenge" contextid="360" timestamp="2025-12-11T03:04:35.491">
  <mem-info id="362" free="1320560" total="10354688" percent="12">
    <mem type="nursery" free="0" total="4063232" percent="0">
      <mem type="allocate" free="0" total="3604480" percent="0" />
      <mem type="survivor" free="0" total="458752" percent="0" />
    </mem>
    <mem type="tenure" free="1320560" total="6291456" percent="20">
      <mem type="soa" free="1005168" total="5976064" percent="16" />
      <mem type="loa" free="315392" total="315392" percent="100" />
    </mem>
    <remembered-set count="340" />
  </mem-info>
</gc-start>
<allocation-stats totalBytes="3341408" discardedBytes="140960" >
  <allocated-bytes non-tlh="682920" tlh="2658488" />
  <largest-consumer threadName="main" threadId="0000000000025A00" bytes="3341408" />
</allocation-stats>
<gc-op id="363" type="scavenge" timems="0.980" contextid="360" timestamp="2025-12-11T03:04:35.493">
  <scavenger-info tenureage="3" tenuremask="ffe8" tiltratio="88" />
  <memory-copied type="nursery" objects="2189" bytes="89104" bytesdiscarded="26856" />
  <memory-copied type="tenure" objects="654" bytes="22088" bytesdiscarded="0" />
  <references type="phantom" candidates="2" cleared="0" enqueued="0" />
  <object-monitors candidates="5" cleared="0"  />
</gc-op>
<gc-end id="364" type="scavenge" contextid="360" durationms="2.888" usertimems="1.177" systemtimems="0.640" stalltimems="0.321" timestamp="2025-12-11T03:04:35.493" activeThreads="2">
  <mem-info id="365" free="4809072" total="10354688" percent="46">
    <mem type="nursery" free="3488512" total="4063232" percent="85">
      <mem type="allocate" free="3488512" total="3604480" percent="96" />
      <mem type="survivor" free="0" total="458752" percent="0" />
    </mem>
    <mem type="tenure" free="1320560" total="6291456" percent="20">
      <mem type="soa" free="1005168" total="5976064" percent="16" />
      <mem type="loa" free="315392" total="315392" percent="100" />
    </mem>
    <remembered-set count="251" />
  </mem-info>
</gc-end>
<cycle-end id="366" type="scavenge" contextid="360" timestamp="2025-12-11T03:04:35.494" />
<allocation-satisfied id="367" threadId="0000000000025A00" bytesRequested="101928" />
<af-end id="368" timestamp="2025-12-11T03:04:35.495" threadId="0000000000026478" success="true" from="nursery"/>
<exclusive-end id="369" timestamp="2025-12-11T03:04:35.496" durationms="7.845" />

<exclusive-start id="370" timestamp="2025-12-11T03:04:35.607" intervalms="119.005">
  <response-info timems="0.058" idlems="0.058" threads="0" lastid="0000000000025A00" lastname="main" />
</exclusive-start>
<af-start id="371" threadId="0000000000026478" totalBytesRequested="11560" timestamp="2025-12-11T03:04:35.608" intervalms="118.838" type="nursery" />
<cycle-start id="372" type="scavenge" contextid="0" timestamp="2025-12-11T03:04:35.609" intervalms="119.186" />
<gc-start id="373" type="scavenge" contextid="372" timestamp="2025-12-11T03:04:35.610">
  <mem-info id="374" free="1320560" total="10354688" percent="12">
    <mem type="nursery" free="0" total="4063232" percent="0">
      <mem type="allocate" free="0" total="3604480" percent="0" />
      <mem type="survivor" free="0" total="458752" percent="0" />
    </mem>
    <mem type="tenure" free="1320560" total="6291456" percent="20">
      <mem type="soa" free="1005168" total="5976064" percent="16" />
      <mem type="loa" free="315392" total="315392" percent="100" />
    </mem>
    <remembered-set count="333" />
  </mem-info>
</gc-start>
<allocation-stats totalBytes="3352288" discardedBytes="136224" >
  <allocated-bytes non-tlh="567832" tlh="2784456" />
  <largest-consumer threadName="main" threadId="0000000000025A00" bytes="3352288" />
</allocation-stats>
<gc-op id="375" type="scavenge" timems="0.965" contextid="372" timestamp="2025-12-11T03:04:35.613">
  <scavenger-info tenureage="3" tenuremask="4008" tiltratio="88" />
  <memory-copied type="nursery" objects="1930" bytes="80248" bytesdiscarded="8832" />
  <memory-copied type="tenure" objects="769" bytes="25864" bytesdiscarded="0" />
  <references type="phantom" candidates="2" cleared="0" enqueued="0" />
  <object-monitors candidates="5" cleared="0"  />
</gc-op>
<gc-end id="376" type="scavenge" contextid="372" durationms="3.403" usertimems="1.126" systemtimems="0.624" stalltimems="0.385" timestamp="2025-12-11T03:04:35.613" activeThreads="2">
  <mem-info id="377" free="4802928" total="10354688" percent="46">
    <mem type="nursery" free="3515392" total="4063232" percent="86">
      <mem type="allocate" free="3515392" total="3604480" percent="97" />
      <mem type="survivor" free="0" total="458752" percent="0" />
    </mem>
    <mem type="tenure" free="1287536" total="6291456" percent="20">
      <mem type="soa" free="972144" total="5976064" percent="16" />
      <mem type="loa" free="315392" total="315392" percent="100" />
    </mem>
    <remembered-set count="239" />
  </mem-info>
</gc-end>
<cycle-end id="378" type="scavenge" contextid="372" timestamp="2025-12-11T03:04:35.614" />
<allocation-satisfied id="379" threadId="0000000000025A00" bytesRequested="11560" />
<af-end id="380" timestamp="2025-12-11T03:04:35.617" threadId="0000000000026478" success="true" from="nursery"/>
<exclusive-end id="381" timestamp="2025-12-11T03:04:35.620" durationms="12.699" />

<exclusive-start id="382" timestamp="2025-12-11T03:04:35.781" intervalms="174.012">
  <response-info timems="0.056" idlems="0.056" threads="0" lastid="0000000000025A00" lastname="main" />
</exclusive-start>
<af-start id="383" threadId="0000000000026478" totalBytesRequested="1224" timestamp="2025-12-11T03:04:35.782" intervalms="174.179" type="nursery" />
<cycle-start id="384" type="scavenge" contextid="0" timestamp="2025-12-11T03:04:35.784" intervalms="174.476" />
<gc-start id="385" type="scavenge" contextid="384" timestamp="2025-12-11T03:04:35.785">
  <mem-info id="386" free="1287536" total="10354688" percent="12">
    <mem type="nursery" free="0" total="4063232" percent="0">
      <mem type="allocate" free="0" total="3604480" percent="0" />
      <mem type="survivor" free="0" total="458752" percent="0" />
    </mem>
    <mem type="tenure" free="1287536" total="6291456" percent="20">
      <mem type="soa" free="972144" total="5976064" percent="16" />
      <mem type="loa" free="315392" total="315392" percent="100" />
    </mem>
    <remembered-set count="341" />
  </mem-info>
</gc-start>
<allocation-stats totalBytes="3451648" discardedBytes="63744" >
  <allocated-bytes non-tlh="392512" tlh="3059136" />
  <largest-consumer threadName="main" threadId="0000000000025A00" bytes="3451648" />
</allocation-stats>
<gc-op id="387" type="scavenge" timems="2.350" contextid="384" timestamp="2025-12-11T03:04:35.790">
  <scavenger-info tenureage="3" tenuremask="4008" tiltratio="88" />
  <memory-copied type="nursery" objects="1817" bytes="61040" bytesdiscarded="40328" />
  <memory-copied type="tenure" objects="789" bytes="41808" bytesdiscarded="16" />
  <references type="phantom" candidates="2" cleared="0" enqueued="0" />
  <object-monitors candidates="5" cleared="0"  />
</gc-op>
<gc-end id="388" type="scavenge" contextid="384" durationms="7.794" usertimems="3.593" systemtimems="0.000" stalltimems="1.366" timestamp="2025-12-11T03:04:35.792" activeThreads="2">
  <mem-info id="389" free="4763760" total="10354688" percent="46">
    <mem type="nursery" free="3503104" total="4063232" percent="86">
      <mem type="allocate" free="3503104" total="3604480" percent="97" />
      <mem type="survivor" free="0" total="458752" percent="0" />
    </mem>
    <mem type="tenure" free="1260656" total="6291456" percent="20">
      <mem type="soa" free="945264" total="5976064" percent="15" />
      <mem type="loa" free="315392" total="315392" percent="100" />
    </mem>
    <remembered-set count="236" />
  </mem-info>
</gc-end>
<cycle-end id="390" type="scavenge" contextid="384" timestamp="2025-12-11T03:04:35.793" />
<allocation-satisfied id="391" threadId="0000000000025A00" bytesRequested="1224" />
<af-end id="392" timestamp="2025-12-11T03:04:35.795" threadId="0000000000026478" success="true" from="nursery"/>
<exclusive-end id="393" timestamp="2025-12-11T03:04:35.796" durationms="14.386" />

<exclusive-start id="394" timestamp="2025-12-11T03:04:35.930" intervalms="148.357">
  <response-info timems="0.055" idlems="0.055" threads="0" lastid="0000000000025A00" lastname="main" />
</exclusive-start>
<af-start id="395" threadId="0000000000026478" totalBytesRequested="32776" timestamp="2025-12-11T03:04:35.932" intervalms="149.377" type="nursery" />
<cycle-start id="396" type="scavenge" contextid="0" timestamp="2025-12-11T03:04:35.934" intervalms="150.321" />
<gc-start id="397" type="scavenge" contextid="396" timestamp="2025-12-11T03:04:35.936">
  <mem-info id="398" free="1260560" total="10354688" percent="12">
    <mem type="nursery" free="0" total="4063232" percent="0">
      <mem type="allocate" free="0" total="3604480" percent="0" />
      <mem type="survivor" free="0" total="458752" percent="0" />
    </mem>
    <mem type="tenure" free="1260560" total="6291456" percent="20">
      <mem type="soa" free="945168" total="5976064" percent="15" />
      <mem type="loa" free="315392" total="315392" percent="100" />
    </mem>
    <remembered-set count="341" />
  </mem-info>
</gc-start>
<allocation-stats totalBytes="3420280" discardedBytes="82920" >
  <allocated-bytes non-tlh="670392" tlh="2749888" />
  <largest-consumer threadName="main" threadId="0000000000025A00" bytes="3420280" />
</allocation-stats>
<gc-op id="399" type="scavenge" timems="1.239" contextid="396" timestamp="2025-12-11T03:04:35.940">
  <scavenger-info tenureage="3" tenuremask="4008" tiltratio="88" />
  <memory-copied type="nursery" objects="1914" bytes="429240" bytesdiscarded="14568" />
  <memory-copied type="tenure" objects="610" bytes="20536" bytesdiscarded="0" />
  <references type="phantom" candidates="3" cleared="0" enqueued="0" />
  <object-monitors candidates="5" cleared="0"  />
</gc-op>
<gc-end id="400" type="scavenge" contextid="396" durationms="4.948" usertimems="1.818" systemtimems="1.032" stalltimems="0.473" timestamp="2025-12-11T03:04:35.941" activeThreads="2">
  <mem-info id="401" free="4028000" total="10354688" percent="38">
    <mem type="nursery" free="2767440" total="4063232" percent="68">
      <mem type="allocate" free="2767440" total="3211264" percent="86" />
      <mem type="survivor" free="0" total="851968" percent="0" />
    </mem>
    <mem type="tenure" free="1260560" total="6291456" percent="20">
      <mem type="soa" free="945168" total="5976064" percent="15" />
      <mem type="loa" free="315392" total="315392" percent="100" />
    </mem>
    <remembered-set count="245" />
  </mem-info>
</gc-end>
<cycle-end id="402" type="scavenge" contextid="396" timestamp="2025-12-11T03:04:35.942" />
<allocation-satisfied id="403" threadId="0000000000025A00" bytesRequested="32776" />
<af-end id="404" timestamp="2025-12-11T03:04:35.944" threadId="0000000000026478" success="true" from="nursery"/>
<exclusive-end id="405" timestamp="2025-12-11T03:04:35.945" durationms="15.524" />

<exclusive-start id="406" timestamp="2025-12-11T03:04:36.059" intervalms="129.358">
  <response-info timems="0.057" idlems="0.057" threads="0" lastid="0000000000025A00" lastname="main" />
</exclusive-start>
<af-start id="407" threadId="0000000000026478" totalBytesRequested="2056" timestamp="2025-12-11T03:04:36.060" intervalms="128.256" type="nursery" />
<cycle-start id="408" type="scavenge" contextid="0" timestamp="2025-12-11T03:04:36.061" intervalms="126.669" />
<gc-start id="409" type="scavenge" contextid="408" timestamp="2025-12-11T03:04:36.061">
  <mem-info id="410" free="1260560" total="10354688" percent="12">
    <mem type="nursery" free="0" total="4063232" percent="0">
      <mem type="allocate" free="0" total="3211264" percent="0" />
      <mem type="survivor" free="0" total="851968" percent="0" />
    </mem>
    <mem type="tenure" free="1260560" total="6291456" percent="20">
      <mem type="soa" free="945168" total="5976064" percent="15" />
      <mem type="loa" free="315392" total="315392" percent="100" />
    </mem>
    <remembered-set count="357" />
  </mem-info>
</gc-start>
<allocation-stats totalBytes="2741168" discardedBytes="26272" >
  <allocated-bytes non-tlh="234520" tlh="2506648" />
  <largest-consumer threadName="main" threadId="0000000000025A00" bytes="2741168" />
</allocation-stats>
<gc-op id="411" type="scavenge" timems="1.094" contextid="408" timestamp="2025-12-11T03:04:36.064">
  <scavenger-info tenureage="2" tenuremask="ffec" tiltratio="79" />
  <memory-copied type="nursery" objects="1322" bytes="71632" bytesdiscarded="11648" />
  <memory-copied type="tenure" objects="1186" bytes="39608" bytesdiscarded="0" />
  <references type="phantom" candidates="3" cleared="0" enqueued="0" />
  <object-monitors candidates="5" cleared="0"  />
</gc-op>
<gc-end id="412" type="scavenge" contextid="408" durationms="3.299" usertimems="1.223" systemtimems="0.704" stalltimems="0.328" timestamp="2025-12-11T03:04:36.065" activeThreads="2">
  <mem-info id="413" free="4394160" total="10354688" percent="42">
    <mem type="nursery" free="3193504" total="4063232" percent="78">
      <mem type="allocate" free="3193504" total="3276800" percent="97" />
      <mem type="survivor" free="0" total="786432" percent="0" />
    </mem>
    <mem type="tenure" free="1200656" total="6291456" percent="19">
      <mem type="soa" free="885264" total="5976064" percent="14" />
      <mem type="loa" free="315392" total="315392" percent="100" />
    </mem>
    <remembered-set count="237" />
  </mem-info>
</gc-end>
<cycle-end id="414" type="scavenge" contextid="408" timestamp="2025-12-11T03:04:36.065" />
<allocation-satisfied id="415" threadId="0000000000025A00" bytesRequested="2056" />
<af-end id="416" timestamp="2025-12-11T03:04:36.067" threadId="0000000000026478" success="true" from="nursery"/>
<exclusive-end id="417" timestamp="2025-12-11T03:04:36.067" durationms="8.551" />

<exclusive-start id="418" timestamp="2025-12-11T03:04:36.210" intervalms="151.238">
  <response-info timems="0.063" idlems="0.063" threads="0" lastid="0000000000025A00" lastname="main" />
</exclusive-start>
<af-start id="419" threadId="0000000000026478" totalBytesRequested="2016" timestamp="2025-12-11T03:04:36.212" intervalms="152.147" type="nursery" />
<cycle-start id="420" type="scavenge" contextid="0" timestamp="2025-12-11T03:04:36.213" intervalms="152.278" />
<gc-start id="421" type="scavenge" contextid="420" timestamp="2025-12-11T03:04:36.214">
  <mem-info id="422" free="1200600" total="10354688" percent="11">
    <mem type="nursery" free="0" total="4063232" percent="0">
      <mem type="allocate" free="0" total="3276800" percent="0" />
      <mem type="survivor" free="0" total="786432" percent="0" />
    </mem>
    <mem type="tenure" free="1200600" total="6291456" percent="19">
      <mem type="soa" free="885208" total="5976064" percent="14" />
      <mem type="loa" free="315392" total="315392" percent="100" />
    </mem>
    <remembered-set count="369" />
  </mem-info>
</gc-start>
<allocation-stats totalBytes="3188696" discardedBytes="4864" >
  <allocated-bytes non-tlh="352616" tlh="2836080" />
  <largest-consumer threadName="main" threadId="0000000000025A00" bytes="3188696" />
</allocation-stats>
<gc-op id="423" type="scavenge" timems="1.466" contextid="420" timestamp="2025-12-11T03:04:36.217">
  <scavenger-info tenureage="2" tenuremask="ffec" tiltratio="80" />
  <memory-copied type="nursery" objects="1356" bytes="50560" bytesdiscarded="23928" />
  <memory-copied type="tenure" objects="612" bytes="20640" bytesdiscarded="0" />
  <references type="weak" candidates="1" cleared="0" enqueued="0" />
  <references type="phantom" candidates="4" cleared="0" enqueued="0" />
  <object-monitors candidates="5" cleared="0"  />
</gc-op>
<gc-end id="424" type="scavenge" contextid="420" durationms="4.707" usertimems="1.482" systemtimems="0.864" stalltimems="0.880" timestamp="2025-12-11T03:04:36.218" activeThreads="2">
  <mem-info id="425" free="4533976" total="10354688" percent="43">
    <mem type="nursery" free="3333376" total="4063232" percent="82">
      <mem type="allocate" free="3333376" total="3407872" percent="97" />
      <mem type="survivor" free="0" total="655360" percent="0" />
    </mem>
    <mem type="tenure" free="1200600" total="6291456" percent="19">
      <mem type="soa" free="885208" total="5976064" percent="14" />
      <mem type="loa" free="315392" total="315392" percent="100" />
    </mem>
    <remembered-set count="245" />
  </mem-info>
</gc-end>
<cycle-end id="426" type="scavenge" contextid="420" timestamp="2025-12-11T03:04:36.219" />
<allocation-satisfied id="427" threadId="0000000000025A00" bytesRequested="2016" />
<af-end id="428" timestamp="2025-12-11T03:04:36.220" threadId="0000000000026478" success="true" from="nursery"/>
<exclusive-end id="429" timestamp="2025-12-11T03:04:36.221" durationms="10.832" />

<exclusive-start id="430" timestamp="2025-12-11T03:04:36.328" intervalms="117.970">
  <response-info timems="0.052" idlems="0.052" threads="0" lastid="0000000000025A00" lastname="main" />
</exclusive-start>
<af-start id="431" threadId="0000000000026478" totalBytesRequested="120" timestamp="2025-12-11T03:04:36.329" intervalms="117.216" type="nursery" />
<cycle-start id="432" type="scavenge" contextid="0" timestamp="2025-12-11T03:04:36.330" intervalms="117.575" />
<gc-start id="433" type="scavenge" contextid="432" timestamp="2025-12-11T03:04:36.331">
  <mem-info id="434" free="1183768" total="10354688" percent="11">
    <mem type="nursery" free="0" total="4063232" percent="0">
      <mem type="allocate" free="0" total="3407872" percent="0" />
      <mem type="survivor" free="0" total="655360" percent="0" />
    </mem>
    <mem type="tenure" free="1183768" total="6291456" percent="18">
      <mem type="soa" free="868376" total="5976064" percent="14" />
      <mem type="loa" free="315392" total="315392" percent="100" />
    </mem>
    <remembered-set count="1135" />
  </mem-info>
</gc-start>
<allocation-stats totalBytes="3349128" discardedBytes="1080" >
  <allocated-bytes non-tlh="390448" tlh="2958680" />
  <largest-consumer threadName="main" threadId="0000000000025A00" bytes="3345032" />
</allocation-stats>
<gc-op id="435" type="scavenge" timems="2.633" contextid="432" timestamp="2025-12-11T03:04:36.336">
  <scavenger-info tenureage="2" tenuremask="fff4" tiltratio="83" />
  <memory-copied type="nursery" objects="7269" bytes="474224" bytesdiscarded="27184" />
  <memory-copied type="tenure" objects="590" bytes="19840" bytesdiscarded="8" />
  <finalization candidates="97" enqueued="57" />
  <ownableSynchronizers candidates="63" cleared="34" />
  <references type="soft" candidates="31" cleared="0" enqueued="0" dynamicThreshold="32" maxThreshold="32" />
  <references type="weak" candidates="99" cleared="60" enqueued="60" />
  <references type="phantom" candidates="58" cleared="19" enqueued="19" />
  <object-monitors candidates="6" cleared="0"  />
</gc-op>
<gc-end id="436" type="scavenge" contextid="432" durationms="5.736" usertimems="3.307" systemtimems="1.857" stalltimems="1.290" timestamp="2025-12-11T03:04:36.337" activeThreads="2">
  <mem-info id="437" free="3644536" total="10354688" percent="35">
    <mem type="nursery" free="2512224" total="4063232" percent="61">
      <mem type="allocate" free="2512224" total="3014656" percent="83" />
      <mem type="survivor" free="0" total="1048576" percent="0" />
    </mem>
    <mem type="tenure" free="1132312" total="6291456" percent="17">
      <mem type="soa" free="816920" total="5976064" percent="13" />
      <mem type="loa" free="315392" total="315392" percent="100" />
    </mem>
    <pending-finalizers system="57" default="0" reference="79" classloader="0" />
    <remembered-set count="538" />
  </mem-info>
</gc-end>
<cycle-end id="438" type="scavenge" contextid="432" timestamp="2025-12-11T03:04:36.338" />
<allocation-satisfied id="439" threadId="0000000000025A00" bytesRequested="120" />
<af-end id="440" timestamp="2025-12-11T03:04:36.340" threadId="0000000000026478" success="true" from="nursery"/>
<exclusive-end id="441" timestamp="2025-12-11T03:04:36.340" durationms="12.342" />

<exclusive-start id="442" timestamp="2025-12-11T03:04:36.393" intervalms="64.914">
  <response-info timems="0.309" idlems="0.309" threads="0" lastid="0000000000025A00" lastname="main" />
</exclusive-start>
<af-start id="443" threadId="0000000000026478" totalBytesRequested="16" timestamp="2025-12-11T03:04:36.394" intervalms="64.988" type="nursery" />
<cycle-start id="444" type="scavenge" contextid="0" timestamp="2025-12-11T03:04:36.395" intervalms="64.778" />
<gc-start id="445" type="scavenge" contextid="444" timestamp="2025-12-11T03:04:36.396">
  <mem-info id="446" free="1129896" total="10354688" percent="10">
    <mem type="nursery" free="0" total="4063232" percent="0">
      <mem type="allocate" free="0" total="3014656" percent="0" />
      <mem type="survivor" free="0" total="1048576" percent="0" />
    </mem>
    <mem type="tenure" free="1129896" total="6291456" percent="17">
      <mem type="soa" free="814504" total="5976064" percent="13" />
      <mem type="loa" free="315392" total="315392" percent="100" />
    </mem>
    <remembered-set count="673" />
  </mem-info>
</gc-start>
<allocation-stats totalBytes="2514272" discardedBytes="368" >
  <allocated-bytes non-tlh="2536" tlh="2511736" />
  <largest-consumer threadName="main" threadId="0000000000025A00" bytes="2510176" />
</allocation-stats>
<gc-op id="447" type="scavenge" timems="2.766" contextid="444" timestamp="2025-12-11T03:04:36.400">
  <scavenger-info tenureage="2" tenuremask="fff4" tiltratio="74" />
  <memory-copied type="nursery" objects="13937" bytes="819664" bytesdiscarded="136352" />
  <memory-copied type="tenure" objects="728" bytes="24432" bytesdiscarded="0" />
  <finalization candidates="40" enqueued="0" />
  <ownableSynchronizers candidates="93" cleared="39" />
  <references type="soft" candidates="31" cleared="0" enqueued="0" dynamicThreshold="32" maxThreshold="32" />
  <references type="weak" candidates="50" cleared="12" enqueued="12" />
  <references type="phantom" candidates="74" cleared="0" enqueued="0" />
  <object-monitors candidates="6" cleared="0"  />
</gc-op>
<heap-resize id="448" type="expand" space="nursery" amount="262144" count="1" timems="0.086" reason="excessive time being spent scavenging" timestamp="2025-12-11T03:04:36.402" />
<gc-end id="449" type="scavenge" contextid="444" durationms="6.511" usertimems="3.431" systemtimems="1.889" stalltimems="1.002" timestamp="2025-12-11T03:04:36.403" activeThreads="2">
  <mem-info id="450" free="2989128" total="10616832" percent="28">
    <mem type="nursery" free="1859232" total="4325376" percent="42">
      <mem type="allocate" free="1859232" total="2818048" percent="65" />
      <mem type="survivor" free="0" total="1507328" percent="0" />
    </mem>
    <mem type="tenure" free="1129896" total="6291456" percent="17">
      <mem type="soa" free="814504" total="5976064" percent="13" />
      <mem type="loa" free="315392" total="315392" percent="100" />
    </mem>
    <pending-finalizers system="0" default="0" reference="12" classloader="0" />
    <remembered-set count="572" />
  </mem-info>
</gc-end>
<cycle-end id="451" type="scavenge" contextid="444" timestamp="2025-12-11T03:04:36.404" />
<allocation-satisfied id="452" threadId="0000000000025A00" bytesRequested="16" />
<af-end id="453" timestamp="2025-12-11T03:04:36.405" threadId="0000000000026478" success="true" from="nursery"/>
<exclusive-end id="454" timestamp="2025-12-11T03:04:36.406" durationms="12.915" />

<exclusive-start id="455" timestamp="2025-12-11T03:04:36.445" intervalms="51.657">
  <response-info timems="0.060" idlems="0.060" threads="0" lastid="0000000000025A00" lastname="main" />
</exclusive-start>
<af-start id="456" threadId="0000000000026478" totalBytesRequested="40" timestamp="2025-12-11T03:04:36.450" intervalms="55.461" type="nursery" />
<cycle-start id="457" type="scavenge" contextid="0" timestamp="2025-12-11T03:04:36.452" intervalms="56.722" />
<gc-start id="458" type="scavenge" contextid="457" timestamp="2025-12-11T03:04:36.456">
  <mem-info id="459" free="1127792" total="10616832" percent="10">
    <mem type="nursery" free="0" total="4325376" percent="0">
      <mem type="allocate" free="0" total="2818048" percent="0" />
      <mem type="survivor" free="0" total="1507328" percent="0" />
    </mem>
    <mem type="tenure" free="1127792" total="6291456" percent="17">
      <mem type="soa" free="812400" total="5976064" percent="13" />
      <mem type="loa" free="315392" total="315392" percent="100" />
    </mem>
    <remembered-set count="650" />
  </mem-info>
</gc-start>
<allocation-stats totalBytes="1860448" discardedBytes="888" >
  <allocated-bytes non-tlh="2120" tlh="1858328" />
  <largest-consumer threadName="main" threadId="0000000000025A00" bytes="1860448" />
</allocation-stats>
<gc-op id="460" type="scavenge" timems="4.316" contextid="457" timestamp="2025-12-11T03:04:36.469">
  <scavenger-info tenureage="2" tenuremask="fff4" tiltratio="65" />
  <memory-copied type="nursery" objects="12229" bytes="680904" bytesdiscarded="69544" />
  <memory-copied type="tenure" objects="6116" bytes="423904" bytesdiscarded="808" />
  <finalization candidates="62" enqueued="11" />
  <ownableSynchronizers candidates="54" cleared="0" />
  <references type="weak" candidates="8" cleared="5" enqueued="5" />
  <references type="phantom" candidates="37" cleared="1" enqueued="1" />
  <object-monitors candidates="6" cleared="0"  />
</gc-op>
<heap-resize id="461" type="expand" space="nursery" amount="524288" count="1" timems="0.073" reason="excessive time being spent scavenging" timestamp="2025-12-11T03:04:36.473" />
<gc-end id="462" type="scavenge" contextid="457" durationms="21.257" usertimems="8.452" systemtimems="0.000" stalltimems="1.073" timestamp="2025-12-11T03:04:36.477" activeThreads="2">
  <mem-info id="463" free="3286432" total="11141120" percent="29">
    <mem type="nursery" free="2590904" total="4849664" percent="53">
      <mem type="allocate" free="2590904" total="3342336" percent="77" />
      <mem type="survivor" free="0" total="1507328" percent="0" />
    </mem>
    <mem type="tenure" free="695528" total="6291456" percent="11">
      <mem type="soa" free="380136" total="5976064" percent="6" />
      <mem type="loa" free="315392" total="315392" percent="100" />
    </mem>
    <pending-finalizers system="11" default="0" reference="6" classloader="0" />
    <remembered-set count="413" />
  </mem-info>
</gc-end>
<cycle-end id="464" type="scavenge" contextid="457" timestamp="2025-12-11T03:04:36.482" />
<allocation-satisfied id="465" threadId="0000000000025A00" bytesRequested="40" />
<af-end id="466" timestamp="2025-12-11T03:04:36.487" threadId="0000000000026478" success="true" from="nursery"/>
<exclusive-end id="467" timestamp="2025-12-11T03:04:36.489" durationms="44.142" />

<concurrent-kickoff id="468" timestamp="2025-12-11T03:04:36.517">
  <kickoff reason="threshold reached" targetBytes="1867303" thresholdFreeBytes="258745"  remainingFree="92344" tenureFreeBytes="695416" nurseryFreeBytes="92344" />
</concurrent-kickoff>
<exclusive-start id="469" timestamp="2025-12-11T03:04:36.519" intervalms="74.674">
  <response-info timems="0.070" idlems="0.070" threads="0" lastid="0000000000025A00" lastname="main" />
</exclusive-start>
<cycle-start id="470" type="global" contextid="0" timestamp="2025-12-11T03:04:36.520" intervalms="4756.029" />
<concurrent-start id="471" type="global mark" contextid="470" timestamp="2025-12-11T03:04:36.521">
</concurrent-start>
<exclusive-end id="472" timestamp="2025-12-11T03:04:36.522" durationms="2.259" />

<exclusive-start id="473" timestamp="2025-12-11T03:04:36.526" intervalms="6.296">
  <response-info timems="0.058" idlems="0.058" threads="0" lastid="0000000000025A00" lastname="main" />
</exclusive-start>
<af-start id="474" threadId="0000000000026478" totalBytesRequested="16" timestamp="2025-12-11T03:04:36.526" intervalms="76.859" type="nursery" />
<cycle-start id="475" type="scavenge" contextid="0" timestamp="2025-12-11T03:04:36.527" intervalms="75.430" />
<gc-start id="476" type="scavenge" contextid="475" timestamp="2025-12-11T03:04:36.528">
  <mem-info id="477" free="695416" total="11141120" percent="6">
    <mem type="nursery" free="0" total="4849664" percent="0">
      <mem type="allocate" free="0" total="3342336" percent="0" />
      <mem type="survivor" free="0" total="1507328" percent="0" />
    </mem>
    <mem type="tenure" free="695416" total="6291456" percent="11">
      <mem type="soa" free="380024" total="5976064" percent="6" />
      <mem type="loa" free="315392" total="315392" percent="100" />
    </mem>
    <remembered-set count="444" />
  </mem-info>
</gc-start>
<allocation-stats totalBytes="2589656" discardedBytes="1360" >
  <allocated-bytes non-tlh="152" tlh="2589504" />
  <largest-consumer threadName="main" threadId="0000000000025A00" bytes="2589656" />
</allocation-stats>
<gc-op id="478" type="scavenge" timems="3.135" contextid="475" timestamp="2025-12-11T03:04:36.533">
  <scavenger-info tenureage="2" tenuremask="fff4" tiltratio="68" />
  <memory-copied type="nursery" objects="4448" bytes="268432" bytesdiscarded="52280" />
  <memory-copied type="tenure" objects="6830" bytes="364320" bytesdiscarded="520" />
  <finalization candidates="13" enqueued="1" />
  <ownableSynchronizers candidates="26" cleared="0" />
  <references type="weak" candidates="3" cleared="0" enqueued="0" />
  <object-monitors candidates="6" cleared="0"  />
</gc-op>
<heap-resize id="479" type="expand" space="nursery" amount="262144" count="1" timems="0.058" reason="excessive time being spent scavenging" timestamp="2025-12-11T03:04:36.533" />
<gc-end id="480" type="scavenge" contextid="475" durationms="6.035" usertimems="5.972" systemtimems="0.578" stalltimems="0.860" timestamp="2025-12-11T03:04:36.534" activeThreads="2">
  <mem-info id="481" free="3795768" total="11403264" percent="33">
    <mem type="nursery" free="3480376" total="5111808" percent="68">
      <mem type="allocate" free="3480376" total="3801088" percent="91" />
      <mem type="survivor" free="0" total="1310720" percent="0" />
    </mem>
    <mem type="tenure" free="315392" total="6291456" percent="5">
      <mem type="soa" free="0" total="5976064" percent="0" />
      <mem type="loa" free="315392" total="315392" percent="100" />
    </mem>
    <pending-finalizers system="1" default="0" reference="0" classloader="0" />
    <remembered-set count="306" />
  </mem-info>
</gc-end>
<cycle-end id="482" type="scavenge" contextid="475" timestamp="2025-12-11T03:04:36.535" />
<allocation-satisfied id="483" threadId="0000000000025A00" bytesRequested="16" />
<af-end id="484" timestamp="2025-12-11T03:04:36.536" threadId="0000000000026478" success="true" from="nursery"/>
<exclusive-end id="485" timestamp="2025-12-11T03:04:36.537" durationms="11.225" />

<exclusive-start id="486" timestamp="2025-12-11T03:04:36.555" intervalms="28.815">
  <response-info timems="0.200" idlems="0.153" threads="1" lastid="0000000000029600" lastname="JIT Compilation Thread-000" />
</exclusive-start>
<af-start id="487" threadId="0000000000026478" totalBytesRequested="112" timestamp="2025-12-11T03:04:36.556" intervalms="29.474" type="tenure" />
<concurrent-end id="488" type="global mark" contextid="470" timestamp="2025-12-11T03:04:36.557">
<gc-op id="489" type="trace" timems="33.379" contextid="470" timestamp="2025-12-11T03:04:36.557">
  <trace bytesTraced="2758044" workStackOverflowCount="0" />
  <card-cleaning bytesTraced="0" cardsCleaned="0" />
</gc-op>
</concurrent-end>

<gc-start id="490" type="global" contextid="470" timestamp="2025-12-11T03:04:36.558">
  <mem-info id="491" free="3316536" total="11403264" percent="29">
    <mem type="nursery" free="3001144" total="5111808" percent="58">
      <mem type="allocate" free="3001144" total="3801088" percent="78" />
      <mem type="survivor" free="0" total="1310720" percent="0" />
    </mem>
    <mem type="tenure" free="315392" total="6291456" percent="5">
      <mem type="soa" free="0" total="5976064" percent="0" />
      <mem type="loa" free="315392" total="315392" percent="100" />
    </mem>
    <remembered-set count="314" />
  </mem-info>
</gc-start>
<allocation-stats totalBytes="478208" discardedBytes="1024" >
  <allocated-bytes non-tlh="16" tlh="478192" />
  <largest-consumer threadName="main" threadId="0000000000025A00" bytes="478208" />
</allocation-stats>
<concurrent-halted id="492" timestamp="2025-12-11T03:04:36.560">
  <halted state="Complete" status="trace only" />
  <traced bytesTarget="1849687" bytesTotal="2758044" bytesByMutator="442348" bytesByHelper="2315696" percent="149" />
  <cards cleaned="0" thresholdBytes="101929" />
</concurrent-halted>
<gc-op id="493" type="rs-scan" timems="1.161" contextid="470" timestamp="2025-12-11T03:04:36.562">
  <scan objectsFound="339" bytesTraced="27736" workStackOverflowCount="0" />
</gc-op>
<gc-op id="494" type="card-cleaning" timems="1.102" contextid="470" timestamp="2025-12-11T03:04:36.564">
  <card-cleaning cardsCleaned="42" bytesTraced="193792" workStackOverflowCount="0" />
</gc-op>
<gc-op id="495" type="mark" timems="8.810" contextid="470" timestamp="2025-12-11T03:04:36.573">
  <trace-info objectcount="100" scancount="99" scanbytes="1852" />
  <finalization candidates="494" enqueued="0" />
  <ownableSynchronizers candidates="87" cleared="0" />
  <references type="soft" candidates="3801" cleared="0" enqueued="0" dynamicThreshold="32" maxThreshold="32" />
  <references type="weak" candidates="638" cleared="2" enqueued="2" />
  <references type="phantom" candidates="116" cleared="0" enqueued="0" />
  <stringconstants candidates="8903" cleared="48"  />
  <object-monitors candidates="6" cleared="0"  />
</gc-op>
<gc-op id="496" type="classunload" timems="0.030" contextid="470" timestamp="2025-12-11T03:04:36.574">
  <classunload-info classloadercandidates="10" classloadersunloaded="0" classesunloaded="0" anonymousclassesunloaded="0" quiescems="0.000" setupms="0.029" scanms="0.000" postms="0.000" />
</gc-op>
<gc-op id="497" type="sweep" timems="1.398" contextid="470" timestamp="2025-12-11T03:04:36.577" />
<heap-resize id="498" type="expand" space="tenure" amount="1245184" count="1" timems="0.097" reason="insufficient free space following gc" timestamp="2025-12-11T03:04:36.577" />
<gc-end id="499" type="global" contextid="470" durationms="19.960" usertimems="4.621" systemtimems="18.508" stalltimems="35.395" timestamp="2025-12-11T03:04:36.578" activeThreads="5">
  <mem-info id="500" free="5812424" total="12648448" percent="45">
    <mem type="nursery" free="3533832" total="5111808" percent="69">
      <mem type="allocate" free="3533832" total="3801088" percent="92" />
      <mem type="survivor" free="0" total="1310720" percent="0" />
    </mem>
    <mem type="tenure" free="2278592" total="7536640" percent="30" micro-fragmented="64857" macro-fragmented="0">
      <mem type="soa" free="1901760" total="7159808" percent="26" />
      <mem type="loa" free="376832" total="376832" percent="100" />
    </mem>
    <pending-finalizers system="0" default="0" reference="2" classloader="0" />
    <remembered-set count="310" />
  </mem-info>
</gc-end>
<cycle-end id="501" type="global" contextid="470" timestamp="2025-12-11T03:04:36.579" />
<allocation-satisfied id="502" threadId="0000000000025A00" bytesRequested="112" />
<af-end id="503" timestamp="2025-12-11T03:04:36.580" threadId="0000000000026478" success="true" from="tenure-soa"/>
<exclusive-end id="504" timestamp="2025-12-11T03:04:36.581" durationms="26.538" />

<exclusive-start id="505" timestamp="2025-12-11T03:04:36.830" intervalms="275.417">
  <response-info timems="0.066" idlems="0.066" threads="0" lastid="00000000005ECE00" lastname="Equinox start level thread - Equinox Container: 661b0c39-5b5a-4" />
</exclusive-start>
<af-start id="506" threadId="00000000005ED878" totalBytesRequested="80" timestamp="2025-12-11T03:04:36.831" intervalms="274.985" type="nursery" />
<cycle-start id="507" type="scavenge" contextid="0" timestamp="2025-12-11T03:04:36.832" intervalms="304.356" />
<gc-start id="508" type="scavenge" contextid="507" timestamp="2025-12-11T03:04:36.833">
  <mem-info id="509" free="1953184" total="12648448" percent="15">
    <mem type="nursery" free="0" total="5111808" percent="0">
      <mem type="allocate" free="0" total="3801088" percent="0" />
      <mem type="survivor" free="0" total="1310720" percent="0" />
    </mem>
    <mem type="tenure" free="1953184" total="7536640" percent="25">
      <mem type="soa" free="1576352" total="7159808" percent="22" />
      <mem type="loa" free="376832" total="376832" percent="100" />
    </mem>
    <remembered-set count="4769" />
  </mem-info>
</gc-start>
<allocation-stats totalBytes="3824568" discardedBytes="13496" >
  <allocated-bytes non-tlh="369776" tlh="3454792" />
  <largest-consumer threadName="Equinox start level thread - Equinox Container: 661b0c39-5b5a-459a-a52c-3dcd8d3a3b89" threadId="00000000005ECE00" bytes="1318768" />
</allocation-stats>
<gc-op id="510" type="scavenge" timems="4.519" contextid="507" timestamp="2025-12-11T03:04:36.838">
  <scavenger-info tenureage="2" tenuremask="fff4" tiltratio="74" />
  <memory-copied type="nursery" objects="18626" bytes="736824" bytesdiscarded="16936" />
  <memory-copied type="tenure" objects="1483" bytes="42472" bytesdiscarded="136" />
  <finalization candidates="522" enqueued="305" />
  <ownableSynchronizers candidates="251" cleared="191" />
  <references type="soft" candidates="151" cleared="0" enqueued="0" dynamicThreshold="9" maxThreshold="32" />
  <references type="weak" candidates="1036" cleared="730" enqueued="727" />
  <references type="phantom" candidates="48" cleared="42" enqueued="42" />
  <object-monitors candidates="18" cleared="6"  />
</gc-op>
<gc-end id="511" type="scavenge" contextid="507" durationms="7.161" usertimems="9.133" systemtimems="0.456" stalltimems="0.787" timestamp="2025-12-11T03:04:36.840" activeThreads="2">
  <mem-info id="512" free="4819488" total="12648448" percent="38">
    <mem type="nursery" free="2913504" total="5111808" percent="56">
      <mem type="allocate" free="2913504" total="3670016" percent="79" />
      <mem type="survivor" free="0" total="1441792" percent="0" />
    </mem>
    <mem type="tenure" free="1905984" total="7536640" percent="25">
      <mem type="soa" free="1529152" total="7159808" percent="21" />
      <mem type="loa" free="376832" total="376832" percent="100" />
    </mem>
    <pending-finalizers system="305" default="0" reference="769" classloader="0" />
    <remembered-set count="4558" />
  </mem-info>
</gc-end>
<cycle-end id="513" type="scavenge" contextid="507" timestamp="2025-12-11T03:04:36.841" />
<allocation-satisfied id="514" threadId="00000000005ECE00" bytesRequested="80" />
<af-end id="515" timestamp="2025-12-11T03:04:36.842" threadId="00000000005ED878" success="true" from="nursery"/>
<exclusive-end id="516" timestamp="2025-12-11T03:04:36.843" durationms="13.427" />

<exclusive-start id="517" timestamp="2025-12-11T03:04:36.942" intervalms="111.929">
  <response-info timems="0.081" idlems="0.042" threads="1" lastid="000000000002D300" lastname="JIT Compilation Thread-001" />
</exclusive-start>
<af-start id="518" threadId="000000000058A478" totalBytesRequested="24" timestamp="2025-12-11T03:04:36.943" intervalms="111.718" type="nursery" />
<cycle-start id="519" type="scavenge" contextid="0" timestamp="2025-12-11T03:04:36.943" intervalms="111.769" />
<gc-start id="520" type="scavenge" contextid="519" timestamp="2025-12-11T03:04:36.945">
  <mem-info id="521" free="1853816" total="12648448" percent="14">
    <mem type="nursery" free="0" total="5111808" percent="0">
      <mem type="allocate" free="0" total="3670016" percent="0" />
      <mem type="survivor" free="0" total="1441792" percent="0" />
    </mem>
    <mem type="tenure" free="1853816" total="7536640" percent="24">
      <mem type="soa" free="1476984" total="7159808" percent="20" />
      <mem type="loa" free="376832" total="376832" percent="100" />
    </mem>
    <remembered-set count="5323" />
  </mem-info>
</gc-start>
<allocation-stats totalBytes="2957232" discardedBytes="4896" >
  <allocated-bytes non-tlh="48704" tlh="2908528" />
  <largest-consumer threadName="Equinox start level thread - Equinox Container: 661b0c39-5b5a-459a-a52c-3dcd8d3a3b89" threadId="00000000005EC100" bytes="2254776" />
</allocation-stats>
<gc-op id="522" type="scavenge" timems="4.126" contextid="519" timestamp="2025-12-11T03:04:36.950">
  <scavenger-info tenureage="4" tenuremask="fff0" tiltratio="71" />
  <memory-copied type="nursery" objects="22563" bytes="864568" bytesdiscarded="42504" />
  <finalization candidates="302" enqueued="58" />
  <ownableSynchronizers candidates="142" cleared="27" />
  <references type="soft" candidates="281" cleared="0" enqueued="0" dynamicThreshold="9" maxThreshold="32" />
  <references type="weak" candidates="667" cleared="232" enqueued="232" />
  <references type="phantom" candidates="13" cleared="8" enqueued="8" />
  <object-monitors candidates="13" cleared="0"  />
</gc-op>
<gc-end id="523" type="scavenge" contextid="519" durationms="6.468" usertimems="8.276" systemtimems="0.079" stalltimems="0.886" timestamp="2025-12-11T03:04:36.951" activeThreads="2">
  <mem-info id="524" free="4745832" total="12648448" percent="37">
    <mem type="nursery" free="2892016" total="5111808" percent="56">
      <mem type="allocate" free="2892016" total="3801088" percent="76" />
      <mem type="survivor" free="0" total="1310720" percent="0" />
    </mem>
    <mem type="tenure" free="1853816" total="7536640" percent="24">
      <mem type="soa" free="1476984" total="7159808" percent="20" />
      <mem type="loa" free="376832" total="376832" percent="100" />
    </mem>
    <pending-finalizers system="58" default="0" reference="240" classloader="0" />
    <remembered-set count="5219" />
  </mem-info>
</gc-end>
<cycle-end id="525" type="scavenge" contextid="519" timestamp="2025-12-11T03:04:36.952" />
<allocation-satisfied id="526" threadId="0000000000589A00" bytesRequested="24" />
<af-end id="527" timestamp="2025-12-11T03:04:36.953" threadId="000000000058A478" success="true" from="nursery"/>
<exclusive-end id="528" timestamp="2025-12-11T03:04:36.954" durationms="12.345" />

<exclusive-start id="529" timestamp="2025-12-11T03:04:37.019" intervalms="77.618">
  <response-info timems="0.983" idlems="0.600" threads="1" lastid="000000000002D300" lastname="JIT Compilation Thread-001" />
</exclusive-start>
<af-start id="530" threadId="00000000005F4578" totalBytesRequested="192" timestamp="2025-12-11T03:04:37.021" intervalms="78.424" type="nursery" />
<cycle-start id="531" type="scavenge" contextid="0" timestamp="2025-12-11T03:04:37.023" intervalms="79.147" />
<gc-start id="532" type="scavenge" contextid="531" timestamp="2025-12-11T03:04:37.024">
  <mem-info id="533" free="1816296" total="12648448" percent="14">
    <mem type="nursery" free="0" total="5111808" percent="0">
      <mem type="allocate" free="0" total="3801088" percent="0" />
      <mem type="survivor" free="0" total="1310720" percent="0" />
    </mem>
    <mem type="tenure" free="1816296" total="7536640" percent="24">
      <mem type="soa" free="1439464" total="7159808" percent="20" />
      <mem type="loa" free="376832" total="376832" percent="100" />
    </mem>
    <remembered-set count="5744" />
  </mem-info>
</gc-start>
<allocation-stats totalBytes="2921872" discardedBytes="2616" >
  <allocated-bytes non-tlh="48888" tlh="2872984" />
  <largest-consumer threadName="Equinox start level thread - Equinox Container: 661b0c39-5b5a-459a-a52c-3dcd8d3a3b89" threadId="00000000005EC100" bytes="1576856" />
</allocation-stats>
<gc-op id="534" type="scavenge" timems="5.079" contextid="531" timestamp="2025-12-11T03:04:37.031">
  <scavenger-info tenureage="3" tenuremask="fff8" tiltratio="74" />
  <memory-copied type="nursery" objects="30243" bytes="1202392" bytesdiscarded="15968" />
  <memory-copied type="tenure" objects="1299" bytes="36792" bytesdiscarded="16" />
  <finalization candidates="249" enqueued="5" />
  <ownableSynchronizers candidates="603" cleared="228" />
  <references type="soft" candidates="428" cleared="0" enqueued="0" dynamicThreshold="9" maxThreshold="32" />
  <references type="weak" candidates="666" cleared="171" enqueued="171" />
  <references type="phantom" candidates="7" cleared="1" enqueued="1" />
  <object-monitors candidates="15" cleared="1"  />
</gc-op>
<heap-resize id="535" type="expand" space="nursery" amount="393216" count="1" timems="0.058" reason="excessive time being spent scavenging" timestamp="2025-12-11T03:04:37.032" />
<gc-end id="536" type="scavenge" contextid="531" durationms="10.029" usertimems="7.045" systemtimems="3.635" stalltimems="0.675" timestamp="2025-12-11T03:04:37.034" activeThreads="2">
  <mem-info id="537" free="4008840" total="13041664" percent="30">
    <mem type="nursery" free="2250992" total="5505024" percent="40">
      <mem type="allocate" free="2250992" total="3473408" percent="64" />
      <mem type="survivor" free="0" total="2031616" percent="0" />
    </mem>
    <mem type="tenure" free="1757848" total="7536640" percent="23">
      <mem type="soa" free="1381016" total="7159808" percent="19" />
      <mem type="loa" free="376832" total="376832" percent="100" />
    </mem>
    <pending-finalizers system="5" default="0" reference="172" classloader="0" />
    <remembered-set count="2251" />
  </mem-info>
</gc-end>
<cycle-end id="538" type="scavenge" contextid="531" timestamp="2025-12-11T03:04:37.035" />
<allocation-satisfied id="539" threadId="00000000005F3B00" bytesRequested="192" />
<af-end id="540" timestamp="2025-12-11T03:04:37.037" threadId="00000000005F4578" success="true" from="nursery"/>
<exclusive-end id="541" timestamp="2025-12-11T03:04:37.038" durationms="18.496" />

<exclusive-start id="542" timestamp="2025-12-11T03:04:37.155" intervalms="135.788">
  <response-info timems="0.072" idlems="0.072" threads="0" lastid="0000000000835D00" lastname="Default Executor-thread-1" />
</exclusive-start>
<af-start id="543" threadId="0000000000836778" totalBytesRequested="136" timestamp="2025-12-11T03:04:37.156" intervalms="135.142" type="nursery" />
<cycle-start id="544" type="scavenge" contextid="0" timestamp="2025-12-11T03:04:37.157" intervalms="134.530" />
<gc-start id="545" type="scavenge" contextid="544" timestamp="2025-12-11T03:04:37.158">
  <mem-info id="546" free="1693984" total="13041664" percent="12">
    <mem type="nursery" free="0" total="5505024" percent="0">
      <mem type="allocate" free="0" total="3473408" percent="0" />
      <mem type="survivor" free="0" total="2031616" percent="0" />
    </mem>
    <mem type="tenure" free="1693984" total="7536640" percent="22">
      <mem type="soa" free="1317152" total="7159808" percent="18" />
      <mem type="loa" free="376832" total="376832" percent="100" />
    </mem>
    <remembered-set count="3151" />
  </mem-info>
</gc-start>
<allocation-stats totalBytes="2306584" discardedBytes="6824" >
  <allocated-bytes non-tlh="70808" tlh="2235776" />
  <largest-consumer threadName="Equinox start level thread - Equinox Container: 661b0c39-5b5a-459a-a52c-3dcd8d3a3b89" threadId="00000000005F3B00" bytes="890936" />
</allocation-stats>
<gc-op id="547" type="scavenge" timems="6.067" contextid="544" timestamp="2025-12-11T03:04:37.166">
  <scavenger-info tenureage="13" tenuremask="6000" tiltratio="63" />
  <memory-copied type="nursery" objects="41444" bytes="1637288" bytesdiscarded="21232" />
  <finalization candidates="251" enqueued="8" />
  <ownableSynchronizers candidates="599" cleared="65" />
  <references type="soft" candidates="683" cleared="0" enqueued="0" dynamicThreshold="9" maxThreshold="32" />
  <references type="weak" candidates="898" cleared="290" enqueued="289" />
  <references type="phantom" candidates="11" cleared="4" enqueued="4" />
  <object-monitors candidates="17" cleared="1"  />
</gc-op>
<gc-end id="548" type="scavenge" contextid="544" durationms="8.867" usertimems="12.817" systemtimems="0.000" stalltimems="0.579" timestamp="2025-12-11T03:04:37.167" activeThreads="2">
  <mem-info id="549" free="3110904" total="13041664" percent="23">
    <mem type="nursery" free="1416920" total="5505024" percent="25">
      <mem type="allocate" free="1416920" total="3080192" percent="46" />
      <mem type="survivor" free="0" total="2424832" percent="0" />
    </mem>
    <mem type="tenure" free="1693984" total="7536640" percent="22">
      <mem type="soa" free="1317152" total="7159808" percent="18" />
      <mem type="loa" free="376832" total="376832" percent="100" />
    </mem>
    <pending-finalizers system="8" default="0" reference="293" classloader="0" />
    <remembered-set count="2589" />
  </mem-info>
</gc-end>
<cycle-end id="550" type="scavenge" contextid="544" timestamp="2025-12-11T03:04:37.168" />
<allocation-satisfied id="551" threadId="0000000000835D00" bytesRequested="136" />
<af-end id="552" timestamp="2025-12-11T03:04:37.170" threadId="0000000000836778" success="true" from="nursery"/>
<exclusive-end id="553" timestamp="2025-12-11T03:04:37.171" durationms="15.437" />

<exclusive-start id="554" timestamp="2025-12-11T03:04:37.203" intervalms="47.376">
  <response-info timems="0.052" idlems="0.052" threads="0" lastid="0000000000835D00" lastname="Default Executor-thread-1" />
</exclusive-start>
<af-start id="555" threadId="0000000000836778" totalBytesRequested="1520" timestamp="2025-12-11T03:04:37.203" intervalms="47.218" type="nursery" />
<cycle-start id="556" type="scavenge" contextid="0" timestamp="2025-12-11T03:04:37.204" intervalms="47.107" />
<gc-start id="557" type="scavenge" contextid="556" timestamp="2025-12-11T03:04:37.206">
  <mem-info id="558" free="1693768" total="13041664" percent="12">
    <mem type="nursery" free="0" total="5505024" percent="0">
      <mem type="allocate" free="0" total="3080192" percent="0" />
      <mem type="survivor" free="0" total="2424832" percent="0" />
    </mem>
    <mem type="tenure" free="1693768" total="7536640" percent="22">
      <mem type="soa" free="1316936" total="7159808" percent="18" />
      <mem type="loa" free="376832" total="376832" percent="100" />
    </mem>
    <remembered-set count="2599" />
  </mem-info>
</gc-start>
<allocation-stats totalBytes="1407912" discardedBytes="9224" >
  <allocated-bytes non-tlh="352" tlh="1407560" />
  <largest-consumer threadName="Default Executor-thread-1" threadId="0000000000835D00" bytes="1399720" />
</allocation-stats>
<gc-op id="559" type="scavenge" timems="5.874" contextid="556" timestamp="2025-12-11T03:04:37.214">
  <scavenger-info tenureage="3" tenuremask="7018" tiltratio="55" />
  <memory-copied type="nursery" objects="24305" bytes="967640" bytesdiscarded="102592" />
  <memory-copied type="tenure" objects="20110" bytes="786768" bytesdiscarded="544" />
  <finalization candidates="243" enqueued="0" />
  <ownableSynchronizers candidates="534" cleared="0" />
  <references type="soft" candidates="402" cleared="0" enqueued="0" dynamicThreshold="9" maxThreshold="32" />
  <references type="weak" candidates="174" cleared="1" enqueued="1" />
  <references type="phantom" candidates="2" cleared="0" enqueued="0" />
  <object-monitors candidates="16" cleared="0"  />
</gc-op>
<heap-resize id="560" type="expand" space="nursery" amount="655360" count="1" timems="0.056" reason="excessive time being spent scavenging" timestamp="2025-12-11T03:04:37.215" />
<gc-end id="561" type="scavenge" contextid="556" durationms="9.237" usertimems="15.789" systemtimems="0.000" stalltimems="3.045" timestamp="2025-12-11T03:04:37.215" activeThreads="3">
  <mem-info id="562" free="3276920" total="13697024" percent="23">
    <mem type="nursery" free="2400584" total="6160384" percent="38">
      <mem type="allocate" free="2400584" total="3473408" percent="69" />
      <mem type="survivor" free="0" total="2686976" percent="0" />
    </mem>
    <mem type="tenure" free="876336" total="7536640" percent="11">
      <mem type="soa" free="499504" total="7159808" percent="6" />
      <mem type="loa" free="376832" total="376832" percent="100" />
    </mem>
    <pending-finalizers system="0" default="0" reference="1" classloader="0" />
    <remembered-set count="1328" />
  </mem-info>
</gc-end>
<cycle-end id="563" type="scavenge" contextid="556" timestamp="2025-12-11T03:04:37.216" />
<allocation-satisfied id="564" threadId="0000000000835D00" bytesRequested="1520" />
<af-end id="565" timestamp="2025-12-11T03:04:37.218" threadId="0000000000836778" success="true" from="nursery"/>
<exclusive-end id="566" timestamp="2025-12-11T03:04:37.218" durationms="15.726" />

<concurrent-kickoff id="567" timestamp="2025-12-11T03:04:37.259">
  <kickoff reason="threshold reached" targetBytes="2677895" thresholdFreeBytes="366122"  remainingFree="348488" tenureFreeBytes="876288" nurseryFreeBytes="348488" />
</concurrent-kickoff>
<exclusive-start id="568" timestamp="2025-12-11T03:04:37.260" intervalms="57.690">
  <response-info timems="0.068" idlems="0.068" threads="0" lastid="0000000000835D00" lastname="Default Executor-thread-1" />
</exclusive-start>
<cycle-start id="569" type="global" contextid="0" timestamp="2025-12-11T03:04:37.262" intervalms="741.571" />
<concurrent-start id="570" type="global mark" contextid="569" timestamp="2025-12-11T03:04:37.263">
</concurrent-start>
<exclusive-end id="571" timestamp="2025-12-11T03:04:37.264" durationms="3.302" />

<exclusive-start id="572" timestamp="2025-12-11T03:04:37.276" intervalms="15.847">
  <response-info timems="0.063" idlems="0.063" threads="0" lastid="0000000000835D00" lastname="Default Executor-thread-1" />
</exclusive-start>
<af-start id="573" threadId="0000000000836778" totalBytesRequested="8200" timestamp="2025-12-11T03:04:37.277" intervalms="73.552" type="nursery" />
<cycle-start id="574" type="scavenge" contextid="0" timestamp="2025-12-11T03:04:37.278" intervalms="73.440" />
<gc-start id="575" type="scavenge" contextid="574" timestamp="2025-12-11T03:04:37.279">
  <mem-info id="576" free="876288" total="13697024" percent="6">
    <mem type="nursery" free="0" total="6160384" percent="0">
      <mem type="allocate" free="0" total="3473408" percent="0" />
      <mem type="survivor" free="0" total="2686976" percent="0" />
    </mem>
    <mem type="tenure" free="876288" total="7536640" percent="11">
      <mem type="soa" free="499456" total="7159808" percent="6" />
      <mem type="loa" free="376832" total="376832" percent="100" />
    </mem>
    <remembered-set count="1329" />
  </mem-info>
</gc-start>
<allocation-stats totalBytes="2296920" discardedBytes="103712" >
  <allocated-bytes non-tlh="1568" tlh="2295352" />
  <largest-consumer threadName="Default Executor-thread-1" threadId="0000000000835D00" bytes="2296920" />
</allocation-stats>
<gc-op id="577" type="scavenge" timems="4.994" contextid="574" timestamp="2025-12-11T03:04:37.285">
  <scavenger-info tenureage="3" tenuremask="7008" tiltratio="56" />
  <memory-copied type="nursery" objects="21194" bytes="773016" bytesdiscarded="21808" />
  <memory-copied type="tenure" objects="9166" bytes="383128" bytesdiscarded="144" />
  <ownableSynchronizers candidates="420" cleared="0" />
  <references type="soft" candidates="255" cleared="0" enqueued="0" dynamicThreshold="9" maxThreshold="32" />
  <references type="weak" candidates="113" cleared="0" enqueued="0" />
  <references type="phantom" candidates="1" cleared="0" enqueued="0" />
  <object-monitors candidates="16" cleared="0"  />
</gc-op>
<heap-resize id="578" type="expand" space="nursery" amount="393216" count="1" timems="0.081" reason="excessive time being spent scavenging" timestamp="2025-12-11T03:04:37.286" />
<gc-end id="579" type="scavenge" contextid="574" durationms="9.022" usertimems="11.266" systemtimems="2.177" stalltimems="3.049" timestamp="2025-12-11T03:04:37.288" activeThreads="3">
  <mem-info id="580" free="3877072" total="14090240" percent="27">
    <mem type="nursery" free="3398656" total="6553600" percent="51">
      <mem type="allocate" free="3398656" total="4194304" percent="81" />
      <mem type="survivor" free="0" total="2359296" percent="0" />
    </mem>
    <mem type="tenure" free="478416" total="7536640" percent="6">
      <mem type="soa" free="101584" total="7159808" percent="1" />
      <mem type="loa" free="376832" total="376832" percent="100" />
    </mem>
    <remembered-set count="671" />
  </mem-info>
</gc-end>
<cycle-end id="581" type="scavenge" contextid="574" timestamp="2025-12-11T03:04:37.289" />
<allocation-satisfied id="582" threadId="0000000000835D00" bytesRequested="8200" />
<af-end id="583" timestamp="2025-12-11T03:04:37.296" threadId="0000000000836778" success="true" from="nursery"/>
<exclusive-end id="584" timestamp="2025-12-11T03:04:37.297" durationms="21.085" />

<concurrent-end id="585" type="global mark" contextid="569" timestamp="2025-12-11T03:04:37.382">
<gc-op id="586" type="trace" timems="118.725" contextid="569" timestamp="2025-12-11T03:04:37.382">
  <trace bytesTraced="3770912" workStackOverflowCount="0" />
  <card-cleaning reason="card cleaning threshold reached" bytesTraced="35748" cardsCleaned="85" />
</gc-op>
</concurrent-end>

<exclusive-start id="587" timestamp="2025-12-11T03:04:37.384" intervalms="108.304">
  <response-info timems="0.075" idlems="0.075" threads="0" lastid="0000000000835D00" lastname="Default Executor-thread-1" />
</exclusive-start>
<concurrent-global-final id="588" timestamp="2025-12-11T03:04:37.386" contextid="569" intervalms="5621.884" >
  <concurrent-trace-info reason="card cleaning threshold reached" tracedByMutators="924520" tracedByHelpers="2882140" cardsCleaned="85" workStackOverflowCount="0" />
</concurrent-global-final>
<gc-start id="589" type="global" contextid="569" timestamp="2025-12-11T03:04:37.388">
  <mem-info id="590" free="478416" total="14090240" percent="3">
    <mem type="nursery" free="0" total="6553600" percent="0">
      <mem type="allocate" free="0" total="4194304" percent="0" />
      <mem type="survivor" free="0" total="2359296" percent="0" />
    </mem>
    <mem type="tenure" free="478416" total="7536640" percent="6">
      <mem type="soa" free="101584" total="7159808" percent="1" />
      <mem type="loa" free="376832" total="376832" percent="100" />
    </mem>
    <remembered-set count="671" />
  </mem-info>
</gc-start>
<allocation-stats totalBytes="3381392" discardedBytes="17264" >
  <allocated-bytes non-tlh="8200" tlh="3373192" />
  <largest-consumer threadName="Default Executor-thread-1" threadId="0000000000835D00" bytes="3381392" />
</allocation-stats>
<gc-op id="591" type="rs-scan" timems="2.723" contextid="569" timestamp="2025-12-11T03:04:37.392">
  <scan objectsFound="22961" bytesTraced="731208" workStackOverflowCount="0" />
</gc-op>
<gc-op id="592" type="card-cleaning" timems="0.798" contextid="569" timestamp="2025-12-11T03:04:37.394">
  <card-cleaning cardsCleaned="2" bytesTraced="1912" workStackOverflowCount="0" />
</gc-op>
<gc-op id="593" type="mark" timems="10.974" contextid="569" timestamp="2025-12-11T03:04:37.406">
  <trace-info objectcount="3835" scancount="2130" scanbytes="57904" />
  <finalization candidates="737" enqueued="4" />
  <ownableSynchronizers candidates="621" cleared="1" />
  <references type="soft" candidates="4480" cleared="0" enqueued="0" dynamicThreshold="9" maxThreshold="32" />
  <references type="weak" candidates="1242" cleared="0" enqueued="0" />
  <references type="phantom" candidates="123" cleared="0" enqueued="0" />
  <stringconstants candidates="12407" cleared="19"  />
  <object-monitors candidates="16" cleared="1"  />
</gc-op>
<gc-op id="594" type="classunload" timems="0.038" contextid="569" timestamp="2025-12-11T03:04:37.407">
  <classunload-info classloadercandidates="31" classloadersunloaded="0" classesunloaded="0" anonymousclassesunloaded="0" quiescems="0.000" setupms="0.037" scanms="0.000" postms="0.000" />
</gc-op>
<gc-op id="595" type="sweep" timems="1.631" contextid="569" timestamp="2025-12-11T03:04:37.410" />
<heap-resize id="596" type="expand" space="tenure" amount="2293760" count="1" timems="0.087" reason="insufficient free space following gc" timestamp="2025-12-11T03:04:37.412" />
<gc-end id="597" type="global" contextid="569" durationms="24.779" usertimems="18.717" systemtimems="16.961" stalltimems="52.762" timestamp="2025-12-11T03:04:37.413" activeThreads="6">
  <mem-info id="598" free="5485632" total="16384000" percent="33">
    <mem type="nursery" free="2510952" total="6553600" percent="38">
      <mem type="allocate" free="2510952" total="4194304" percent="59" />
      <mem type="survivor" free="0" total="2359296" percent="0" />
    </mem>
    <mem type="tenure" free="2974680" total="9830400" percent="30" micro-fragmented="193026" macro-fragmented="0">
      <mem type="soa" free="2483160" total="9338880" percent="26" />
      <mem type="loa" free="491520" total="491520" percent="100" />
    </mem>
    <pending-finalizers system="4" default="0" reference="0" classloader="0" />
    <remembered-set count="669" />
  </mem-info>
</gc-end>
<cycle-end id="599" type="global" contextid="569" timestamp="2025-12-11T03:04:37.414" />
<exclusive-end id="600" timestamp="2025-12-11T03:04:37.414" durationms="30.006" />

<exclusive-start id="601" timestamp="2025-12-11T03:04:37.475" intervalms="90.059">
  <response-info timems="0.061" idlems="0.061" threads="0" lastid="0000000000835D00" lastname="Default Executor-thread-1" />
</exclusive-start>
<af-start id="602" threadId="0000000000836778" totalBytesRequested="16392" timestamp="2025-12-11T03:04:37.475" intervalms="198.329" type="nursery" />
<cycle-start id="603" type="scavenge" contextid="0" timestamp="2025-12-11T03:04:37.476" intervalms="198.402" />
<gc-start id="604" type="scavenge" contextid="603" timestamp="2025-12-11T03:04:37.477">
  <mem-info id="605" free="2974680" total="16384000" percent="18">
    <mem type="nursery" free="0" total="6553600" percent="0">
      <mem type="allocate" free="0" total="4194304" percent="0" />
      <mem type="survivor" free="0" total="2359296" percent="0" />
    </mem>
    <mem type="tenure" free="2974680" total="9830400" percent="30">
      <mem type="soa" free="2483160" total="9338880" percent="26" />
      <mem type="loa" free="491520" total="491520" percent="100" />
    </mem>
    <remembered-set count="669" />
  </mem-info>
</gc-start>
<allocation-stats totalBytes="2480928" discardedBytes="19408" >
  <allocated-bytes non-tlh="993032" tlh="1487896" />
  <largest-consumer threadName="Default Executor-thread-1" threadId="0000000000835D00" bytes="2480928" />
</allocation-stats>
<gc-op id="606" type="scavenge" timems="4.868" contextid="603" timestamp="2025-12-11T03:04:37.483">
  <scavenger-info tenureage="3" tenuremask="7008" tiltratio="64" />
  <memory-copied type="nursery" objects="24946" bytes="879472" bytesdiscarded="46408" />
  <memory-copied type="tenure" objects="11664" bytes="428032" bytesdiscarded="2184" />
  <ownableSynchronizers candidates="1240" cleared="1078" />
  <references type="phantom" candidates="1" cleared="0" enqueued="0" />
  <object-monitors candidates="15" cleared="0"  />
</gc-op>
<gc-end id="607" type="scavenge" contextid="603" durationms="7.381" usertimems="10.042" systemtimems="2.280" stalltimems="3.157" timestamp="2025-12-11T03:04:37.485" activeThreads="3">
  <mem-info id="608" free="6042008" total="16384000" percent="36">
    <mem type="nursery" free="3661632" total="6553600" percent="55">
      <mem type="allocate" free="3661632" total="4587520" percent="79" />
      <mem type="survivor" free="0" total="1966080" percent="0" />
    </mem>
    <mem type="tenure" free="2380376" total="9830400" percent="24">
      <mem type="soa" free="1888856" total="9338880" percent="20" />
      <mem type="loa" free="491520" total="491520" percent="100" />
    </mem>
    <remembered-set count="238" />
  </mem-info>
</gc-end>
<cycle-end id="609" type="scavenge" contextid="603" timestamp="2025-12-11T03:04:37.485" />
<allocation-satisfied id="610" threadId="0000000000835D00" bytesRequested="16392" />
<af-end id="611" timestamp="2025-12-11T03:04:37.487" threadId="0000000000836778" success="true" from="nursery"/>
<exclusive-end id="612" timestamp="2025-12-11T03:04:37.488" durationms="13.199" />

<exclusive-start id="613" timestamp="2025-12-11T03:04:37.568" intervalms="93.185">
  <response-info timems="0.077" idlems="0.077" threads="0" lastid="0000000000835D00" lastname="Default Executor-thread-1" />
</exclusive-start>
<af-start id="614" threadId="0000000000836778" totalBytesRequested="16392" timestamp="2025-12-11T03:04:37.569" intervalms="93.218" type="nursery" />
<cycle-start id="615" type="scavenge" contextid="0" timestamp="2025-12-11T03:04:37.569" intervalms="93.330" />
<gc-start id="616" type="scavenge" contextid="615" timestamp="2025-12-11T03:04:37.570">
  <mem-info id="617" free="2379400" total="16384000" percent="14">
    <mem type="nursery" free="0" total="6553600" percent="0">
      <mem type="allocate" free="0" total="4587520" percent="0" />
      <mem type="survivor" free="0" total="1966080" percent="0" />
    </mem>
    <mem type="tenure" free="2379400" total="9830400" percent="24">
      <mem type="soa" free="1887880" total="9338880" percent="20" />
      <mem type="loa" free="491520" total="491520" percent="100" />
    </mem>
    <remembered-set count="288" />
  </mem-info>
</gc-start>
<allocation-stats totalBytes="3618528" discardedBytes="44080" >
  <allocated-bytes non-tlh="17368" tlh="3601160" />
  <largest-consumer threadName="Default Executor-thread-1" threadId="0000000000835D00" bytes="3597200" />
</allocation-stats>
<gc-op id="618" type="scavenge" timems="3.681" contextid="615" timestamp="2025-12-11T03:04:37.576">
  <scavenger-info tenureage="3" tenuremask="7008" tiltratio="70" />
  <memory-copied type="nursery" objects="30945" bytes="1076736" bytesdiscarded="58296" />
  <memory-copied type="tenure" objects="3451" bytes="129448" bytesdiscarded="96" />
  <ownableSynchronizers candidates="4" cleared="0" />
  <references type="weak" candidates="18" cleared="4" enqueued="4" />
  <references type="phantom" candidates="1" cleared="0" enqueued="0" />
  <object-monitors candidates="18" cleared="1"  />
</gc-op>
<gc-end id="619" type="scavenge" contextid="615" durationms="6.252" usertimems="4.821" systemtimems="4.345" stalltimems="2.600" timestamp="2025-12-11T03:04:37.577" activeThreads="3">
  <mem-info id="620" free="5687688" total="16384000" percent="34">
    <mem type="nursery" free="3517952" total="6553600" percent="53">
      <mem type="allocate" free="3517952" total="4653056" percent="75" />
      <mem type="survivor" free="0" total="1900544" percent="0" />
    </mem>
    <mem type="tenure" free="2169736" total="9830400" percent="22">
      <mem type="soa" free="1678216" total="9338880" percent="17" />
      <mem type="loa" free="491520" total="491520" percent="100" />
    </mem>
    <pending-finalizers system="0" default="0" reference="4" classloader="0" />
    <remembered-set count="309" />
  </mem-info>
</gc-end>
<cycle-end id="621" type="scavenge" contextid="615" timestamp="2025-12-11T03:04:37.577" />
<allocation-satisfied id="622" threadId="0000000000835D00" bytesRequested="16392" />
<af-end id="623" timestamp="2025-12-11T03:04:37.579" threadId="0000000000836778" success="true" from="nursery"/>
<exclusive-end id="624" timestamp="2025-12-11T03:04:37.579" durationms="11.686" />

<exclusive-start id="625" timestamp="2025-12-11T03:04:37.653" intervalms="84.920">
  <response-info timems="0.058" idlems="0.058" threads="0" lastid="0000000000835D00" lastname="Default Executor-thread-1" />
</exclusive-start>
<af-start id="626" threadId="0000000000836778" totalBytesRequested="16392" timestamp="2025-12-11T03:04:37.654" intervalms="85.122" type="nursery" />
<cycle-start id="627" type="scavenge" contextid="0" timestamp="2025-12-11T03:04:37.654" intervalms="84.996" />
<gc-start id="628" type="scavenge" contextid="627" timestamp="2025-12-11T03:04:37.656">
  <mem-info id="629" free="2169736" total="16384000" percent="13">
    <mem type="nursery" free="0" total="6553600" percent="0">
      <mem type="allocate" free="0" total="4653056" percent="0" />
      <mem type="survivor" free="0" total="1900544" percent="0" />
    </mem>
    <mem type="tenure" free="2169736" total="9830400" percent="22">
      <mem type="soa" free="1678216" total="9338880" percent="17" />
      <mem type="loa" free="491520" total="491520" percent="100" />
    </mem>
    <remembered-set count="320" />
  </mem-info>
</gc-start>
<allocation-stats totalBytes="3483512" discardedBytes="34440" >
  <allocated-bytes non-tlh="16392" tlh="3467120" />
  <largest-consumer threadName="Default Executor-thread-1" threadId="0000000000835D00" bytes="3483512" />
</allocation-stats>
<gc-op id="630" type="scavenge" timems="4.364" contextid="627" timestamp="2025-12-11T03:04:37.662">
  <scavenger-info tenureage="3" tenuremask="7008" tiltratio="71" />
  <memory-copied type="nursery" objects="34037" bytes="1181016" bytesdiscarded="18704" />
  <memory-copied type="tenure" objects="6064" bytes="212408" bytesdiscarded="168" />
  <ownableSynchronizers candidates="4" cleared="0" />
  <references type="weak" candidates="14" cleared="0" enqueued="0" />
  <references type="phantom" candidates="1" cleared="0" enqueued="0" />
  <object-monitors candidates="17" cleared="0"  />
</gc-op>
<heap-resize id="631" type="expand" space="nursery" amount="393216" count="1" timems="0.073" reason="excessive time being spent scavenging" timestamp="2025-12-11T03:04:37.664" />
<gc-end id="632" type="scavenge" contextid="627" durationms="10.750" usertimems="10.246" systemtimems="0.000" stalltimems="3.673" timestamp="2025-12-11T03:04:37.666" activeThreads="3">
  <mem-info id="633" free="5744136" total="16777216" percent="34">
    <mem type="nursery" free="3780992" total="6946816" percent="54">
      <mem type="allocate" free="3780992" total="4980736" percent="75" />
      <mem type="survivor" free="0" total="1966080" percent="0" />
    </mem>
    <mem type="tenure" free="1963144" total="9830400" percent="19">
      <mem type="soa" free="1471624" total="9338880" percent="15" />
      <mem type="loa" free="491520" total="491520" percent="100" />
    </mem>
    <remembered-set count="301" />
  </mem-info>
</gc-end>
<cycle-end id="634" type="scavenge" contextid="627" timestamp="2025-12-11T03:04:37.668" />
<allocation-satisfied id="635" threadId="0000000000835D00" bytesRequested="16392" />
<af-end id="636" timestamp="2025-12-11T03:04:37.670" threadId="0000000000836778" success="true" from="nursery"/>
<exclusive-end id="637" timestamp="2025-12-11T03:04:37.671" durationms="18.289" />

<exclusive-start id="638" timestamp="2025-12-11T03:04:37.762" intervalms="109.577">
  <response-info timems="0.080" idlems="0.080" threads="0" lastid="0000000000835D00" lastname="Default Executor-thread-1" />
</exclusive-start>
<af-start id="639" threadId="0000000000836778" totalBytesRequested="16392" timestamp="2025-12-11T03:04:37.763" intervalms="109.777" type="nursery" />
<cycle-start id="640" type="scavenge" contextid="0" timestamp="2025-12-11T03:04:37.764" intervalms="110.022" />
<gc-start id="641" type="scavenge" contextid="640" timestamp="2025-12-11T03:04:37.765">
  <mem-info id="642" free="1963144" total="16777216" percent="11">
    <mem type="nursery" free="0" total="6946816" percent="0">
      <mem type="allocate" free="0" total="4980736" percent="0" />
      <mem type="survivor" free="0" total="1966080" percent="0" />
    </mem>
    <mem type="tenure" free="1963144" total="9830400" percent="19">
      <mem type="soa" free="1471624" total="9338880" percent="15" />
      <mem type="loa" free="491520" total="491520" percent="100" />
    </mem>
    <remembered-set count="320" />
  </mem-info>
</gc-start>
<allocation-stats totalBytes="3727424" discardedBytes="53568" >
  <allocated-bytes non-tlh="16392" tlh="3711032" />
  <largest-consumer threadName="Default Executor-thread-1" threadId="0000000000835D00" bytes="3727424" />
</allocation-stats>
<gc-op id="643" type="scavenge" timems="5.497" contextid="640" timestamp="2025-12-11T03:04:37.773">
  <scavenger-info tenureage="3" tenuremask="7008" tiltratio="71" />
  <memory-copied type="nursery" objects="28190" bytes="995248" bytesdiscarded="42920" />
  <memory-copied type="tenure" objects="15416" bytes="523648" bytesdiscarded="232" />
  <ownableSynchronizers candidates="4" cleared="0" />
  <references type="weak" candidates="14" cleared="0" enqueued="0" />
  <references type="phantom" candidates="1" cleared="0" enqueued="0" />
  <object-monitors candidates="17" cleared="0"  />
</gc-op>
<gc-end id="644" type="scavenge" contextid="640" durationms="8.456" usertimems="12.681" systemtimems="0.217" stalltimems="3.981" timestamp="2025-12-11T03:04:37.774" activeThreads="3">
  <mem-info id="645" free="5490968" total="16777216" percent="32">
    <mem type="nursery" free="4139152" total="6946816" percent="59">
      <mem type="allocate" free="4139152" total="5177344" percent="79" />
      <mem type="survivor" free="0" total="1769472" percent="0" />
    </mem>
    <mem type="tenure" free="1351816" total="9830400" percent="13">
      <mem type="soa" free="860296" total="9338880" percent="9" />
      <mem type="loa" free="491520" total="491520" percent="100" />
    </mem>
    <remembered-set count="355" />
  </mem-info>
</gc-end>
<cycle-end id="646" type="scavenge" contextid="640" timestamp="2025-12-11T03:04:37.775" />
<allocation-satisfied id="647" threadId="0000000000835D00" bytesRequested="16392" />
<af-end id="648" timestamp="2025-12-11T03:04:37.778" threadId="0000000000836778" success="true" from="nursery"/>
<exclusive-end id="649" timestamp="2025-12-11T03:04:37.779" durationms="17.015" />

<concurrent-kickoff id="650" timestamp="2025-12-11T03:04:37.871">
  <kickoff reason="threshold reached" targetBytes="3743785" thresholdFreeBytes="513518"  remainingFree="370824" tenureFreeBytes="1351816" nurseryFreeBytes="370824" />
</concurrent-kickoff>
<exclusive-start id="651" timestamp="2025-12-11T03:04:37.873" intervalms="110.270">
  <response-info timems="0.095" idlems="0.095" threads="0" lastid="0000000000835D00" lastname="Default Executor-thread-1" />
</exclusive-start>
<cycle-start id="652" type="global" contextid="0" timestamp="2025-12-11T03:04:37.873" intervalms="611.584" />
<concurrent-start id="653" type="global mark" contextid="652" timestamp="2025-12-11T03:04:37.874">
</concurrent-start>
<exclusive-end id="654" timestamp="2025-12-11T03:04:37.875" durationms="2.781" />

<exclusive-start id="655" timestamp="2025-12-11T03:04:37.891" intervalms="18.722">
  <response-info timems="0.069" idlems="0.038" threads="1" lastid="0000000000029600" lastname="JIT Compilation Thread-000" />
</exclusive-start>
<af-start id="656" threadId="0000000000836778" totalBytesRequested="16392" timestamp="2025-12-11T03:04:37.893" intervalms="129.280" type="nursery" />
<cycle-start id="657" type="scavenge" contextid="0" timestamp="2025-12-11T03:04:37.895" intervalms="130.141" />
<gc-start id="658" type="scavenge" contextid="657" timestamp="2025-12-11T03:04:37.898">
  <mem-info id="659" free="1351816" total="16777216" percent="8">
    <mem type="nursery" free="0" total="6946816" percent="0">
      <mem type="allocate" free="0" total="5177344" percent="0" />
      <mem type="survivor" free="0" total="1769472" percent="0" />
    </mem>
    <mem type="tenure" free="1351816" total="9830400" percent="13">
      <mem type="soa" free="860296" total="9338880" percent="9" />
      <mem type="loa" free="491520" total="491520" percent="100" />
    </mem>
    <remembered-set count="391" />
  </mem-info>
</gc-start>
<allocation-stats totalBytes="4130376" discardedBytes="8776" >
  <allocated-bytes non-tlh="16392" tlh="4113984" />
  <largest-consumer threadName="Default Executor-thread-1" threadId="0000000000835D00" bytes="4130376" />
</allocation-stats>
<gc-op id="660" type="scavenge" timems="5.108" contextid="657" timestamp="2025-12-11T03:04:37.907">
  <scavenger-info tenureage="3" tenuremask="7008" tiltratio="74" />
  <memory-copied type="nursery" objects="29549" bytes="1037592" bytesdiscarded="63824" />
  <memory-copied type="tenure" objects="9448" bytes="327648" bytesdiscarded="280" />
  <ownableSynchronizers candidates="4" cleared="0" />
  <references type="phantom" candidates="1" cleared="0" enqueued="0" />
  <object-monitors candidates="17" cleared="0"  />
</gc-op>
<heap-resize id="661" type="expand" space="nursery" amount="393216" count="1" timems="0.087" reason="excessive time being spent scavenging" timestamp="2025-12-11T03:04:37.910" />
<gc-end id="662" type="scavenge" contextid="657" durationms="14.786" usertimems="12.937" systemtimems="0.314" stalltimems="2.723" timestamp="2025-12-11T03:04:37.913" activeThreads="3">
  <mem-info id="663" free="5286416" total="17170432" percent="30">
    <mem type="nursery" free="4403600" total="7340032" percent="59">
      <mem type="allocate" free="4403600" total="5505024" percent="79" />
      <mem type="survivor" free="0" total="1835008" percent="0" />
    </mem>
    <mem type="tenure" free="882816" total="9830400" percent="8">
      <mem type="soa" free="391296" total="9338880" percent="4" />
      <mem type="loa" free="491520" total="491520" percent="100" />
    </mem>
    <remembered-set count="379" />
  </mem-info>
</gc-end>
<cycle-end id="664" type="scavenge" contextid="657" timestamp="2025-12-11T03:04:37.914" />
<allocation-satisfied id="665" threadId="0000000000835D00" bytesRequested="16392" />
<af-end id="666" timestamp="2025-12-11T03:04:37.917" threadId="0000000000836778" success="true" from="nursery"/>
<exclusive-end id="667" timestamp="2025-12-11T03:04:37.918" durationms="26.451" />

<concurrent-end id="668" type="global mark" contextid="652" timestamp="2025-12-11T03:04:38.046">
<gc-op id="669" type="trace" timems="171.337" contextid="652" timestamp="2025-12-11T03:04:38.046">
  <trace bytesTraced="4071816" workStackOverflowCount="0" />
  <card-cleaning reason="card cleaning threshold reached" bytesTraced="4808" cardsCleaned="56" />
</gc-op>
</concurrent-end>

<exclusive-start id="670" timestamp="2025-12-11T03:04:38.048" intervalms="156.407">
  <response-info timems="0.065" idlems="0.065" threads="0" lastid="0000000000835D00" lastname="Default Executor-thread-1" />
</exclusive-start>
<concurrent-global-final id="671" timestamp="2025-12-11T03:04:38.049" contextid="652" intervalms="662.460" >
  <concurrent-trace-info reason="card cleaning threshold reached" tracedByMutators="146716" tracedByHelpers="3929908" cardsCleaned="56" workStackOverflowCount="0" />
</concurrent-global-final>
<gc-start id="672" type="global" contextid="652" timestamp="2025-12-11T03:04:38.050">
  <mem-info id="673" free="882816" total="17170432" percent="5">
    <mem type="nursery" free="0" total="7340032" percent="0">
      <mem type="allocate" free="0" total="5505024" percent="0" />
      <mem type="survivor" free="0" total="1835008" percent="0" />
    </mem>
    <mem type="tenure" free="882816" total="9830400" percent="8">
      <mem type="soa" free="391296" total="9338880" percent="4" />
      <mem type="loa" free="491520" total="491520" percent="100" />
    </mem>
    <remembered-set count="449" />
  </mem-info>
</gc-start>
<allocation-stats totalBytes="4396888" discardedBytes="6712" >
  <allocated-bytes non-tlh="16392" tlh="4380496" />
  <largest-consumer threadName="Default Executor-thread-1" threadId="0000000000835D00" bytes="4396888" />
</allocation-stats>
<gc-op id="674" type="rs-scan" timems="4.337" contextid="652" timestamp="2025-12-11T03:04:38.056">
  <scan objectsFound="59862" bytesTraced="1697592" workStackOverflowCount="0" />
</gc-op>
<gc-op id="675" type="card-cleaning" timems="0.926" contextid="652" timestamp="2025-12-11T03:04:38.057">
  <card-cleaning cardsCleaned="4" bytesTraced="2104" workStackOverflowCount="0" />
</gc-op>
<gc-op id="676" type="mark" timems="4.791" contextid="652" timestamp="2025-12-11T03:04:38.064">
  <trace-info objectcount="165" scancount="160" scanbytes="3136" />
  <finalization candidates="733" enqueued="0" />
  <ownableSynchronizers candidates="624" cleared="2" />
  <references type="soft" candidates="4480" cleared="0" enqueued="0" dynamicThreshold="9" maxThreshold="32" />
  <references type="weak" candidates="1256" cleared="0" enqueued="0" />
  <references type="phantom" candidates="123" cleared="0" enqueued="0" />
  <stringconstants candidates="12391" cleared="0"  />
  <object-monitors candidates="17" cleared="0"  />
</gc-op>
<gc-op id="677" type="sweep" timems="1.975" contextid="652" timestamp="2025-12-11T03:04:38.066" />
<heap-resize id="678" type="expand" space="tenure" amount="2293760" count="1" timems="0.100" reason="insufficient free space following gc" timestamp="2025-12-11T03:04:38.068" />
<gc-end id="679" type="global" contextid="652" durationms="18.816" usertimems="16.788" systemtimems="21.104" stalltimems="32.727" timestamp="2025-12-11T03:04:38.068" activeThreads="8">
  <mem-info id="680" free="6975480" total="19464192" percent="35">
    <mem type="nursery" free="3330936" total="7340032" percent="45">
      <mem type="allocate" free="3330936" total="5505024" percent="60" />
      <mem type="survivor" free="0" total="1835008" percent="0" />
    </mem>
    <mem type="tenure" free="3644544" total="12124160" percent="30" micro-fragmented="131912" macro-fragmented="0">
      <mem type="soa" free="3038336" total="11517952" percent="26" />
      <mem type="loa" free="606208" total="606208" percent="100" />
    </mem>
    <remembered-set count="448" />
  </mem-info>
</gc-end>
<cycle-end id="681" type="global" contextid="652" timestamp="2025-12-11T03:04:38.069" />
<exclusive-end id="682" timestamp="2025-12-11T03:04:38.070" durationms="22.504" />

<exclusive-start id="683" timestamp="2025-12-11T03:04:38.137" intervalms="89.378">
  <response-info timems="0.061" idlems="0.061" threads="0" lastid="0000000000835D00" lastname="Default Executor-thread-1" />
</exclusive-start>
<af-start id="684" threadId="0000000000836778" totalBytesRequested="8200" timestamp="2025-12-11T03:04:38.138" intervalms="245.076" type="nursery" />
<cycle-start id="685" type="scavenge" contextid="0" timestamp="2025-12-11T03:04:38.139" intervalms="243.989" />
<gc-start id="686" type="scavenge" contextid="685" timestamp="2025-12-11T03:04:38.139">
  <mem-info id="687" free="3644544" total="19464192" percent="18">
    <mem type="nursery" free="0" total="7340032" percent="0">
      <mem type="allocate" free="0" total="5505024" percent="0" />
      <mem type="survivor" free="0" total="1835008" percent="0" />
    </mem>
    <mem type="tenure" free="3644544" total="12124160" percent="30">
      <mem type="soa" free="3038336" total="11517952" percent="26" />
      <mem type="loa" free="606208" total="606208" percent="100" />
    </mem>
    <remembered-set count="557" />
  </mem-info>
</gc-start>
<allocation-stats totalBytes="3292688" discardedBytes="25424" >
  <allocated-bytes non-tlh="1173640" tlh="2119048" />
  <largest-consumer threadName="Default Executor-thread-1" threadId="0000000000835D00" bytes="3285544" />
</allocation-stats>
<gc-op id="688" type="scavenge" timems="4.145" contextid="685" timestamp="2025-12-11T03:04:38.145">
  <scavenger-info tenureage="3" tenuremask="7008" tiltratio="75" />
  <memory-copied type="nursery" objects="40332" bytes="1414568" bytesdiscarded="71952" />
  <memory-copied type="tenure" objects="9160" bytes="312664" bytesdiscarded="344" />
  <ownableSynchronizers candidates="1248" cleared="1244" />
  <references type="weak" candidates="2" cleared="0" enqueued="0" />
  <references type="phantom" candidates="1" cleared="0" enqueued="0" />
  <object-monitors candidates="19" cleared="0"  />
</gc-op>
<gc-end id="689" type="scavenge" contextid="685" durationms="6.201" usertimems="7.666" systemtimems="3.878" stalltimems="1.540" timestamp="2025-12-11T03:04:38.145" activeThreads="3">
  <mem-info id="690" free="6948896" total="19464192" percent="35">
    <mem type="nursery" free="3690768" total="7340032" percent="50">
      <mem type="allocate" free="3690768" total="5177344" percent="71" />
      <mem type="survivor" free="0" total="2162688" percent="0" />
    </mem>
    <mem type="tenure" free="3258128" total="12124160" percent="26">
      <mem type="soa" free="2651920" total="11517952" percent="23" />
      <mem type="loa" free="606208" total="606208" percent="100" />
    </mem>
    <remembered-set count="402" />
  </mem-info>
</gc-end>
<cycle-end id="691" type="scavenge" contextid="685" timestamp="2025-12-11T03:04:38.146" />
<allocation-satisfied id="692" threadId="0000000000835D00" bytesRequested="8200" />
<af-end id="693" timestamp="2025-12-11T03:04:38.147" threadId="0000000000836778" success="true" from="nursery"/>
<exclusive-end id="694" timestamp="2025-12-11T03:04:38.148" durationms="10.975" />

<exclusive-start id="695" timestamp="2025-12-11T03:04:38.212" intervalms="75.028">
  <response-info timems="0.063" idlems="0.063" threads="0" lastid="0000000000835D00" lastname="Default Executor-thread-1" />
</exclusive-start>
<af-start id="696" threadId="0000000000836778" totalBytesRequested="8200" timestamp="2025-12-11T03:04:38.214" intervalms="76.571" type="nursery" />
<cycle-start id="697" type="scavenge" contextid="0" timestamp="2025-12-11T03:04:38.217" intervalms="77.919" />
<gc-start id="698" type="scavenge" contextid="697" timestamp="2025-12-11T03:04:38.218">
  <mem-info id="699" free="3258128" total="19464192" percent="16">
    <mem type="nursery" free="0" total="7340032" percent="0">
      <mem type="allocate" free="0" total="5177344" percent="0" />
      <mem type="survivor" free="0" total="2162688" percent="0" />
    </mem>
    <mem type="tenure" free="3258128" total="12124160" percent="26">
      <mem type="soa" free="2651920" total="11517952" percent="23" />
      <mem type="loa" free="606208" total="606208" percent="100" />
    </mem>
    <remembered-set count="443" />
  </mem-info>
</gc-start>
<allocation-stats totalBytes="3680320" discardedBytes="10448" >
  <allocated-bytes non-tlh="8200" tlh="3672120" />
  <largest-consumer threadName="Default Executor-thread-1" threadId="0000000000835D00" bytes="3680320" />
</allocation-stats>
<gc-op id="700" type="scavenge" timems="3.639" contextid="697" timestamp="2025-12-11T03:04:38.223">
  <scavenger-info tenureage="3" tenuremask="7008" tiltratio="70" />
  <memory-copied type="nursery" objects="39898" bytes="1412008" bytesdiscarded="87120" />
  <memory-copied type="tenure" objects="9569" bytes="337736" bytesdiscarded="464" />
  <ownableSynchronizers candidates="4" cleared="0" />
  <references type="weak" candidates="2" cleared="0" enqueued="0" />
  <references type="phantom" candidates="1" cleared="0" enqueued="0" />
  <object-monitors candidates="19" cleared="0"  />
</gc-op>
<heap-resize id="701" type="expand" space="nursery" amount="393216" count="1" timems="0.167" reason="excessive time being spent scavenging" timestamp="2025-12-11T03:04:38.225" />
<gc-end id="702" type="scavenge" contextid="697" durationms="10.682" usertimems="10.617" systemtimems="0.000" stalltimems="1.622" timestamp="2025-12-11T03:04:38.228" activeThreads="3">
  <mem-info id="703" free="7141416" total="19857408" percent="35">
    <mem type="nursery" free="4268016" total="7733248" percent="55">
      <mem type="allocate" free="4268016" total="5767168" percent="74" />
      <mem type="survivor" free="0" total="1966080" percent="0" />
    </mem>
    <mem type="tenure" free="2873400" total="12124160" percent="23">
      <mem type="soa" free="2267192" total="11517952" percent="19" />
      <mem type="loa" free="606208" total="606208" percent="100" />
    </mem>
    <remembered-set count="439" />
  </mem-info>
</gc-end>
<cycle-end id="704" type="scavenge" contextid="697" timestamp="2025-12-11T03:04:38.231" />
<allocation-satisfied id="705" threadId="0000000000835D00" bytesRequested="8200" />
<af-end id="706" timestamp="2025-12-11T03:04:38.233" threadId="0000000000836778" success="true" from="nursery"/>
<exclusive-end id="707" timestamp="2025-12-11T03:04:38.234" durationms="21.918" />

<exclusive-start id="708" timestamp="2025-12-11T03:04:38.312" intervalms="99.603">
  <response-info timems="0.059" idlems="0.059" threads="0" lastid="0000000000835D00" lastname="Default Executor-thread-1" />
</exclusive-start>
<af-start id="709" threadId="0000000000836778" totalBytesRequested="8200" timestamp="2025-12-11T03:04:38.312" intervalms="98.025" type="nursery" />
<cycle-start id="710" type="scavenge" contextid="0" timestamp="2025-12-11T03:04:38.313" intervalms="96.644" />
<gc-start id="711" type="scavenge" contextid="710" timestamp="2025-12-11T03:04:38.314">
  <mem-info id="712" free="2873400" total="19857408" percent="14">
    <mem type="nursery" free="0" total="7733248" percent="0">
      <mem type="allocate" free="0" total="5767168" percent="0" />
      <mem type="survivor" free="0" total="1966080" percent="0" />
    </mem>
    <mem type="tenure" free="2873400" total="12124160" percent="23">
      <mem type="soa" free="2267192" total="11517952" percent="19" />
      <mem type="loa" free="606208" total="606208" percent="100" />
    </mem>
    <remembered-set count="477" />
  </mem-info>
</gc-start>
<allocation-stats totalBytes="4245864" discardedBytes="22152" >
  <allocated-bytes non-tlh="8200" tlh="4237664" />
  <largest-consumer threadName="Default Executor-thread-1" threadId="0000000000835D00" bytes="4245864" />
</allocation-stats>
<gc-op id="713" type="scavenge" timems="4.740" contextid="710" timestamp="2025-12-11T03:04:38.320">
  <scavenger-info tenureage="2" tenuremask="700c" tiltratio="74" />
  <memory-copied type="nursery" objects="19894" bytes="719336" bytesdiscarded="111112" />
  <memory-copied type="tenure" objects="30753" bytes="1075856" bytesdiscarded="312" />
  <ownableSynchronizers candidates="4" cleared="0" />
  <references type="phantom" candidates="1" cleared="0" enqueued="0" />
  <object-monitors candidates="19" cleared="0"  />
</gc-op>
<gc-end id="714" type="scavenge" contextid="710" durationms="7.185" usertimems="13.363" systemtimems="0.488" stalltimems="1.012" timestamp="2025-12-11T03:04:38.321" activeThreads="3">
  <mem-info id="715" free="6797880" total="19857408" percent="34">
    <mem type="nursery" free="5067784" total="7733248" percent="65">
      <mem type="allocate" free="5067784" total="5898240" percent="85" />
      <mem type="survivor" free="0" total="1835008" percent="0" />
    </mem>
    <mem type="tenure" free="1730096" total="12124160" percent="14">
      <mem type="soa" free="1123888" total="11517952" percent="9" />
      <mem type="loa" free="606208" total="606208" percent="100" />
    </mem>
    <remembered-set count="382" />
  </mem-info>
</gc-end>
<cycle-end id="716" type="scavenge" contextid="710" timestamp="2025-12-11T03:04:38.322" />
<allocation-satisfied id="717" threadId="0000000000835D00" bytesRequested="8200" />
<af-end id="718" timestamp="2025-12-11T03:04:38.324" threadId="0000000000836778" success="true" from="nursery"/>
<exclusive-end id="719" timestamp="2025-12-11T03:04:38.324" durationms="12.779" />

<concurrent-kickoff id="720" timestamp="2025-12-11T03:04:38.401">
  <kickoff reason="threshold reached" targetBytes="4665307" thresholdFreeBytes="641768"  remainingFree="504832" tenureFreeBytes="1730096" nurseryFreeBytes="504832" />
</concurrent-kickoff>
<exclusive-start id="721" timestamp="2025-12-11T03:04:38.402" intervalms="90.707">
  <response-info timems="0.060" idlems="0.060" threads="0" lastid="0000000000835D00" lastname="Default Executor-thread-1" />
</exclusive-start>
<cycle-start id="722" type="global" contextid="0" timestamp="2025-12-11T03:04:38.403" intervalms="529.492" />
<concurrent-start id="723" type="global mark" contextid="722" timestamp="2025-12-11T03:04:38.404">
</concurrent-start>
<exclusive-end id="724" timestamp="2025-12-11T03:04:38.404" durationms="1.776" />

<exclusive-start id="725" timestamp="2025-12-11T03:04:38.418" intervalms="16.012">
  <response-info timems="0.060" idlems="0.060" threads="0" lastid="0000000000835D00" lastname="Default Executor-thread-1" />
</exclusive-start>
<af-start id="726" threadId="0000000000836778" totalBytesRequested="16392" timestamp="2025-12-11T03:04:38.419" intervalms="106.726" type="nursery" />
<cycle-start id="727" type="scavenge" contextid="0" timestamp="2025-12-11T03:04:38.420" intervalms="106.739" />
<gc-start id="728" type="scavenge" contextid="727" timestamp="2025-12-11T03:04:38.421">
  <mem-info id="729" free="1730096" total="19857408" percent="8">
    <mem type="nursery" free="0" total="7733248" percent="0">
      <mem type="allocate" free="0" total="5898240" percent="0" />
      <mem type="survivor" free="0" total="1835008" percent="0" />
    </mem>
    <mem type="tenure" free="1730096" total="12124160" percent="14">
      <mem type="soa" free="1123888" total="11517952" percent="9" />
      <mem type="loa" free="606208" total="606208" percent="100" />
    </mem>
    <remembered-set count="470" />
  </mem-info>
</gc-start>
<allocation-stats totalBytes="5061168" discardedBytes="6616" >
  <allocated-bytes non-tlh="8200" tlh="5052968" />
  <largest-consumer threadName="Default Executor-thread-1" threadId="0000000000835D00" bytes="5061168" />
</allocation-stats>
<gc-op id="730" type="scavenge" timems="3.179" contextid="727" timestamp="2025-12-11T03:04:38.425">
  <scavenger-info tenureage="2" tenuremask="7004" tiltratio="76" />
  <memory-copied type="nursery" objects="23216" bytes="852488" bytesdiscarded="30232" />
  <memory-copied type="tenure" objects="9134" bytes="335720" bytesdiscarded="568" />
  <references type="phantom" candidates="1" cleared="0" enqueued="0" />
  <object-monitors candidates="19" cleared="0"  />
</gc-op>
<gc-end id="731" type="scavenge" contextid="727" durationms="5.681" usertimems="4.442" systemtimems="4.202" stalltimems="4.234" timestamp="2025-12-11T03:04:38.426" activeThreads="4">
  <mem-info id="732" free="6477152" total="19857408" percent="32">
    <mem type="nursery" free="5146584" total="7733248" percent="66">
      <mem type="allocate" free="5146584" total="6029312" percent="85" />
      <mem type="survivor" free="0" total="1703936" percent="0" />
    </mem>
    <mem type="tenure" free="1330568" total="12124160" percent="10">
      <mem type="soa" free="724360" total="11517952" percent="6" />
      <mem type="loa" free="606208" total="606208" percent="100" />
    </mem>
    <remembered-set count="415" />
  </mem-info>
</gc-end>
<cycle-end id="733" type="scavenge" contextid="727" timestamp="2025-12-11T03:04:38.427" />
<allocation-satisfied id="734" threadId="0000000000835D00" bytesRequested="16392" />
<af-end id="735" timestamp="2025-12-11T03:04:38.431" threadId="0000000000836778" success="true" from="nursery"/>
<exclusive-end id="736" timestamp="2025-12-11T03:04:38.432" durationms="13.434" />

<concurrent-end id="737" type="global mark" contextid="722" timestamp="2025-12-11T03:04:38.533">
<gc-op id="738" type="trace" timems="129.561" contextid="722" timestamp="2025-12-11T03:04:38.533">
  <trace bytesTraced="6172160" workStackOverflowCount="0" />
  <card-cleaning reason="card cleaning threshold reached" bytesTraced="28304" cardsCleaned="116" />
</gc-op>
</concurrent-end>

<exclusive-start id="739" timestamp="2025-12-11T03:04:38.535" intervalms="116.852">
  <response-info timems="0.066" idlems="0.066" threads="0" lastid="0000000000835D00" lastname="Default Executor-thread-1" />
</exclusive-start>
<concurrent-global-final id="740" timestamp="2025-12-11T03:04:38.537" contextid="722" intervalms="487.899" >
  <concurrent-trace-info reason="card cleaning threshold reached" tracedByMutators="2087856" tracedByHelpers="4112608" cardsCleaned="116" workStackOverflowCount="0" />
</concurrent-global-final>
<gc-start id="741" type="global" contextid="722" timestamp="2025-12-11T03:04:38.538">
  <mem-info id="742" free="1329712" total="19857408" percent="6">
    <mem type="nursery" free="0" total="7733248" percent="0">
      <mem type="allocate" free="0" total="6029312" percent="0" />
      <mem type="survivor" free="0" total="1703936" percent="0" />
    </mem>
    <mem type="tenure" free="1329712" total="12124160" percent="10">
      <mem type="soa" free="723504" total="11517952" percent="6" />
      <mem type="loa" free="606208" total="606208" percent="100" />
    </mem>
    <remembered-set count="545" />
  </mem-info>
</gc-start>
<allocation-stats totalBytes="5120816" discardedBytes="26624" >
  <allocated-bytes non-tlh="17248" tlh="5103568" />
  <largest-consumer threadName="Default Executor-thread-1" threadId="0000000000835D00" bytes="5079288" />
</allocation-stats>
<gc-op id="743" type="rs-scan" timems="3.744" contextid="722" timestamp="2025-12-11T03:04:38.544">
  <scan objectsFound="16167" bytesTraced="486492" workStackOverflowCount="0" />
</gc-op>
<gc-op id="744" type="card-cleaning" timems="1.798" contextid="722" timestamp="2025-12-11T03:04:38.546">
  <card-cleaning cardsCleaned="11" bytesTraced="360944" workStackOverflowCount="0" />
</gc-op>
<gc-op id="745" type="mark" timems="5.446" contextid="722" timestamp="2025-12-11T03:04:38.552">
  <trace-info objectcount="210" scancount="195" scanbytes="4564" />
  <finalization candidates="738" enqueued="5" />
  <ownableSynchronizers candidates="626" cleared="2" />
  <references type="soft" candidates="4480" cleared="0" enqueued="0" dynamicThreshold="9" maxThreshold="32" />
  <references type="weak" candidates="1275" cleared="11" enqueued="11" />
  <references type="phantom" candidates="125" cleared="2" enqueued="2" />
  <stringconstants candidates="12396" cleared="0"  />
  <object-monitors candidates="19" cleared="0"  />
</gc-op>
<gc-op id="746" type="sweep" timems="2.121" contextid="722" timestamp="2025-12-11T03:04:38.555" />
<heap-resize id="747" type="expand" space="tenure" amount="2949120" count="1" timems="1.756" reason="insufficient free space following gc" timestamp="2025-12-11T03:04:38.558" />
<gc-end id="748" type="global" contextid="722" durationms="20.258" usertimems="18.950" systemtimems="20.567" stalltimems="43.924" timestamp="2025-12-11T03:04:38.559" activeThreads="9">
  <mem-info id="749" free="8374064" total="22806528" percent="36">
    <mem type="nursery" free="3844936" total="7733248" percent="49">
      <mem type="allocate" free="3844936" total="6029312" percent="63" />
      <mem type="survivor" free="0" total="1703936" percent="0" />
    </mem>
    <mem type="tenure" free="4529128" total="15073280" percent="30" micro-fragmented="192994" macro-fragmented="0">
      <mem type="soa" free="3775464" total="14319616" percent="26" />
      <mem type="loa" free="753664" total="753664" percent="100" />
    </mem>
    <pending-finalizers system="5" default="0" reference="13" classloader="0" />
    <remembered-set count="545" />
  </mem-info>
</gc-end>
<cycle-end id="750" type="global" contextid="722" timestamp="2025-12-11T03:04:38.559" />
<exclusive-end id="751" timestamp="2025-12-11T03:04:38.560" durationms="24.835" />

<exclusive-start id="752" timestamp="2025-12-11T03:04:38.626" intervalms="91.185">
  <response-info timems="0.060" idlems="0.060" threads="0" lastid="0000000000835D00" lastname="Default Executor-thread-1" />
</exclusive-start>
<af-start id="753" threadId="0000000000836778" totalBytesRequested="16392" timestamp="2025-12-11T03:04:38.628" intervalms="208.410" type="nursery" />
<cycle-start id="754" type="scavenge" contextid="0" timestamp="2025-12-11T03:04:38.629" intervalms="208.620" />
<gc-start id="755" type="scavenge" contextid="754" timestamp="2025-12-11T03:04:38.630">
  <mem-info id="756" free="4528832" total="22806528" percent="19">
    <mem type="nursery" free="0" total="7733248" percent="0">
      <mem type="allocate" free="0" total="6029312" percent="0" />
      <mem type="survivor" free="0" total="1703936" percent="0" />
    </mem>
    <mem type="tenure" free="4528832" total="15073280" percent="30">
      <mem type="soa" free="3775168" total="14319616" percent="26" />
      <mem type="loa" free="753664" total="753664" percent="100" />
    </mem>
    <remembered-set count="647" />
  </mem-info>
</gc-start>
<allocation-stats totalBytes="3799920" discardedBytes="30480" >
  <allocated-bytes non-tlh="1435960" tlh="2363960" />
  <largest-consumer threadName="Default Executor-thread-1" threadId="0000000000835D00" bytes="3794320" />
</allocation-stats>
<gc-op id="757" type="scavenge" timems="4.263" contextid="754" timestamp="2025-12-11T03:04:38.635">
  <scavenger-info tenureage="2" tenuremask="7004" tiltratio="77" />
  <memory-copied type="nursery" objects="35137" bytes="1274344" bytesdiscarded="36696" />
  <memory-copied type="tenure" objects="10749" bytes="383184" bytesdiscarded="632" />
  <ownableSynchronizers candidates="1251" cleared="1248" />
  <references type="weak" candidates="7" cleared="0" enqueued="0" />
  <references type="phantom" candidates="1" cleared="0" enqueued="0" />
  <object-monitors candidates="20" cleared="0"  />
</gc-op>
<gc-end id="758" type="scavenge" contextid="754" durationms="6.391" usertimems="3.869" systemtimems="8.019" stalltimems="5.896" timestamp="2025-12-11T03:04:38.636" activeThreads="4">
  <mem-info id="759" free="8499016" total="22806528" percent="37">
    <mem type="nursery" free="4390560" total="7733248" percent="56">
      <mem type="allocate" free="4390560" total="5701632" percent="77" />
      <mem type="survivor" free="0" total="2031616" percent="0" />
    </mem>
    <mem type="tenure" free="4108456" total="15073280" percent="27">
      <mem type="soa" free="3354792" total="14319616" percent="23" />
      <mem type="loa" free="753664" total="753664" percent="100" />
    </mem>
    <remembered-set count="582" />
  </mem-info>
</gc-end>
<cycle-end id="760" type="scavenge" contextid="754" timestamp="2025-12-11T03:04:38.638" />
<allocation-satisfied id="761" threadId="0000000000835D00" bytesRequested="16392" />
<af-end id="762" timestamp="2025-12-11T03:04:38.639" threadId="0000000000836778" success="true" from="nursery"/>
<exclusive-end id="763" timestamp="2025-12-11T03:04:38.642" durationms="15.347" />

<exclusive-start id="764" timestamp="2025-12-11T03:04:38.745" intervalms="118.943">
  <response-info timems="0.225" idlems="0.162" threads="1" lastid="0000000000029600" lastname="JIT Compilation Thread-000" />
</exclusive-start>
<af-start id="765" threadId="0000000000836778" totalBytesRequested="48" timestamp="2025-12-11T03:04:38.746" intervalms="118.646" type="nursery" />
<cycle-start id="766" type="scavenge" contextid="0" timestamp="2025-12-11T03:04:38.747" intervalms="118.696" />
<gc-start id="767" type="scavenge" contextid="766" timestamp="2025-12-11T03:04:38.748">
  <mem-info id="768" free="4077560" total="22806528" percent="17">
    <mem type="nursery" free="0" total="7733248" percent="0">
      <mem type="allocate" free="0" total="5701632" percent="0" />
      <mem type="survivor" free="0" total="2031616" percent="0" />
    </mem>
    <mem type="tenure" free="4077560" total="15073280" percent="27">
      <mem type="soa" free="3323896" total="14319616" percent="23" />
      <mem type="loa" free="753664" total="753664" percent="100" />
    </mem>
    <remembered-set count="1090" />
  </mem-info>
</gc-start>
<allocation-stats totalBytes="4420544" discardedBytes="912" >
  <allocated-bytes non-tlh="47288" tlh="4373256" />
  <largest-consumer threadName="Default Executor-thread-1" threadId="0000000000835D00" bytes="4420544" />
</allocation-stats>
<gc-op id="769" type="scavenge" timems="4.904" contextid="766" timestamp="2025-12-11T03:04:38.755">
  <scavenger-info tenureage="12" tenuremask="7000" tiltratio="73" />
  <memory-copied type="nursery" objects="48667" bytes="1728504" bytesdiscarded="59752" />
  <finalization candidates="4" enqueued="4" />
  <ownableSynchronizers candidates="3" cleared="0" />
  <references type="soft" candidates="7" cleared="0" enqueued="0" dynamicThreshold="9" maxThreshold="32" />
  <references type="weak" candidates="75" cleared="40" enqueued="39" />
  <references type="phantom" candidates="1" cleared="1" enqueued="1" />
  <object-monitors candidates="20" cleared="0"  />
</gc-op>
<heap-resize id="770" type="expand" space="nursery" amount="393216" count="1" timems="0.058" reason="excessive time being spent scavenging" timestamp="2025-12-11T03:04:38.756" />
<gc-end id="771" type="scavenge" contextid="766" durationms="8.581" usertimems="9.243" systemtimems="4.514" stalltimems="6.274" timestamp="2025-12-11T03:04:38.757" activeThreads="4">
  <mem-info id="772" free="7663104" total="23199744" percent="33">
    <mem type="nursery" free="3585544" total="8126464" percent="44">
      <mem type="allocate" free="3585544" total="5373952" percent="66" />
      <mem type="survivor" free="0" total="2752512" percent="0" />
    </mem>
    <mem type="tenure" free="4077560" total="15073280" percent="27">
      <mem type="soa" free="3323896" total="14319616" percent="23" />
      <mem type="loa" free="753664" total="753664" percent="100" />
    </mem>
    <pending-finalizers system="4" default="0" reference="40" classloader="0" />
    <remembered-set count="965" />
  </mem-info>
</gc-end>
<cycle-end id="773" type="scavenge" contextid="766" timestamp="2025-12-11T03:04:38.758" />
<allocation-satisfied id="774" threadId="0000000000835D00" bytesRequested="48" />
<af-end id="775" timestamp="2025-12-11T03:04:38.760" threadId="0000000000836778" success="true" from="nursery"/>
<exclusive-end id="776" timestamp="2025-12-11T03:04:38.760" durationms="15.157" />

<exclusive-start id="777" timestamp="2025-12-11T03:04:38.819" intervalms="73.482">
  <response-info timems="0.077" idlems="0.077" threads="0" lastid="0000000000835D00" lastname="Default Executor-thread-1" />
</exclusive-start>
<af-start id="778" threadId="0000000000836778" totalBytesRequested="24" timestamp="2025-12-11T03:04:38.820" intervalms="73.526" type="nursery" />
<cycle-start id="779" type="scavenge" contextid="0" timestamp="2025-12-11T03:04:38.821" intervalms="73.475" />
<gc-start id="780" type="scavenge" contextid="779" timestamp="2025-12-11T03:04:38.822">
  <mem-info id="781" free="4077456" total="23199744" percent="17">
    <mem type="nursery" free="0" total="8126464" percent="0">
      <mem type="allocate" free="0" total="5373952" percent="0" />
      <mem type="survivor" free="0" total="2752512" percent="0" />
    </mem>
    <mem type="tenure" free="4077456" total="15073280" percent="27">
      <mem type="soa" free="3323792" total="14319616" percent="23" />
      <mem type="loa" free="753664" total="753664" percent="100" />
    </mem>
    <remembered-set count="1028" />
  </mem-info>
</gc-start>
<allocation-stats totalBytes="3585584" discardedBytes="64" >
  <allocated-bytes non-tlh="152" tlh="3585432" />
  <largest-consumer threadName="Default Executor-thread-1" threadId="0000000000835D00" bytes="3585584" />
</allocation-stats>
<gc-op id="782" type="scavenge" timems="4.212" contextid="779" timestamp="2025-12-11T03:04:38.828">
  <scavenger-info tenureage="2" tenuremask="780c" tiltratio="66" />
  <memory-copied type="nursery" objects="24084" bytes="772936" bytesdiscarded="88752" />
  <memory-copied type="tenure" objects="35082" bytes="1263584" bytesdiscarded="632" />
  <ownableSynchronizers candidates="3" cleared="0" />
  <references type="soft" candidates="7" cleared="0" enqueued="0" dynamicThreshold="9" maxThreshold="32" />
  <references type="weak" candidates="29" cleared="1" enqueued="1" />
  <object-monitors candidates="20" cleared="0"  />
</gc-op>
<heap-resize id="783" type="expand" space="nursery" amount="393216" count="1" timems="0.122" reason="excessive time being spent scavenging" timestamp="2025-12-11T03:04:38.829" />
<gc-end id="784" type="scavenge" contextid="779" durationms="8.105" usertimems="15.352" systemtimems="0.000" stalltimems="2.253" timestamp="2025-12-11T03:04:38.830" activeThreads="4">
  <mem-info id="785" free="7747720" total="23592960" percent="32">
    <mem type="nursery" free="5036536" total="8519680" percent="59">
      <mem type="allocate" free="5036536" total="5898240" percent="85" />
      <mem type="survivor" free="0" total="2621440" percent="0" />
    </mem>
    <mem type="tenure" free="2711184" total="15073280" percent="17">
      <mem type="soa" free="1957520" total="14319616" percent="13" />
      <mem type="loa" free="753664" total="753664" percent="100" />
    </mem>
    <pending-finalizers system="0" default="0" reference="1" classloader="0" />
    <remembered-set count="791" />
  </mem-info>
</gc-end>
<cycle-end id="786" type="scavenge" contextid="779" timestamp="2025-12-11T03:04:38.831" />
<allocation-satisfied id="787" threadId="0000000000835D00" bytesRequested="24" />
<af-end id="788" timestamp="2025-12-11T03:04:38.833" threadId="0000000000836778" success="true" from="nursery"/>
<exclusive-end id="789" timestamp="2025-12-11T03:04:38.833" durationms="14.647" />

<exclusive-start id="790" timestamp="2025-12-11T03:04:38.895" intervalms="76.183">
  <response-info timems="0.070" idlems="0.070" threads="0" lastid="0000000000835D00" lastname="Default Executor-thread-1" />
</exclusive-start>
<af-start id="791" threadId="0000000000836778" totalBytesRequested="24" timestamp="2025-12-11T03:04:38.896" intervalms="76.217" type="nursery" />
<cycle-start id="792" type="scavenge" contextid="0" timestamp="2025-12-11T03:04:38.897" intervalms="76.296" />
<gc-start id="793" type="scavenge" contextid="792" timestamp="2025-12-11T03:04:38.898">
  <mem-info id="794" free="2711184" total="23592960" percent="11">
    <mem type="nursery" free="0" total="8519680" percent="0">
      <mem type="allocate" free="0" total="5898240" percent="0" />
      <mem type="survivor" free="0" total="2621440" percent="0" />
    </mem>
    <mem type="tenure" free="2711184" total="15073280" percent="17">
      <mem type="soa" free="1957520" total="14319616" percent="13" />
      <mem type="loa" free="753664" total="753664" percent="100" />
    </mem>
    <remembered-set count="794" />
  </mem-info>
</gc-start>
<allocation-stats totalBytes="5036184" discardedBytes="352" >
  <allocated-bytes non-tlh="24" tlh="5036160" />
  <largest-consumer threadName="Default Executor-thread-1" threadId="0000000000835D00" bytes="5036184" />
</allocation-stats>
<gc-op id="795" type="scavenge" timems="3.096" contextid="792" timestamp="2025-12-11T03:04:38.903">
  <scavenger-info tenureage="2" tenuremask="7804" tiltratio="69" />
  <memory-copied type="nursery" objects="11889" bytes="367640" bytesdiscarded="43240" />
  <memory-copied type="tenure" objects="13409" bytes="458032" bytesdiscarded="240" />
  <object-monitors candidates="20" cleared="0"  />
</gc-op>
<gc-end id="796" type="scavenge" contextid="792" durationms="5.666" usertimems="9.068" systemtimems="0.095" stalltimems="2.983" timestamp="2025-12-11T03:04:38.904" activeThreads="4">
  <mem-info id="797" free="8049312" total="23592960" percent="34">
    <mem type="nursery" free="5880576" total="8519680" percent="69">
      <mem type="allocate" free="5880576" total="6291456" percent="93" />
      <mem type="survivor" free="0" total="2228224" percent="0" />
    </mem>
    <mem type="tenure" free="2168736" total="15073280" percent="14">
      <mem type="soa" free="1415072" total="14319616" percent="9" />
      <mem type="loa" free="753664" total="753664" percent="100" />
    </mem>
    <remembered-set count="414" />
  </mem-info>
</gc-end>
<cycle-end id="798" type="scavenge" contextid="792" timestamp="2025-12-11T03:04:38.905" />
<allocation-satisfied id="799" threadId="0000000000835D00" bytesRequested="24" />
<af-end id="800" timestamp="2025-12-11T03:04:38.908" threadId="0000000000836778" success="true" from="nursery"/>
<exclusive-end id="801" timestamp="2025-12-11T03:04:38.909" durationms="13.618" />

<concurrent-kickoff id="802" timestamp="2025-12-11T03:04:38.938">
  <kickoff reason="threshold reached" targetBytes="6140179" thresholdFreeBytes="846004"  remainingFree="822016" tenureFreeBytes="2168736" nurseryFreeBytes="822016" />
</concurrent-kickoff>
<exclusive-start id="803" timestamp="2025-12-11T03:04:38.939" intervalms="43.766">
  <response-info timems="0.063" idlems="0.063" threads="0" lastid="0000000000835D00" lastname="Default Executor-thread-1" />
</exclusive-start>
<cycle-start id="804" type="global" contextid="0" timestamp="2025-12-11T03:04:38.939" intervalms="536.502" />
<concurrent-start id="805" type="global mark" contextid="804" timestamp="2025-12-11T03:04:38.940">
</concurrent-start>
<exclusive-end id="806" timestamp="2025-12-11T03:04:38.941" durationms="2.431" />

<exclusive-start id="807" timestamp="2025-12-11T03:04:38.965" intervalms="26.292">
  <response-info timems="0.063" idlems="0.063" threads="0" lastid="0000000000835D00" lastname="Default Executor-thread-1" />
</exclusive-start>
<af-start id="808" threadId="0000000000836778" totalBytesRequested="32" timestamp="2025-12-11T03:04:38.966" intervalms="69.962" type="nursery" />
<percolate-collect id="809" from="nursery" to="global" reason="concurrent mark exhausted" timestamp="2025-12-11T03:04:38.967"/>
<concurrent-end id="810" type="global mark" contextid="804" timestamp="2025-12-11T03:04:38.968">
<gc-op id="811" type="trace" timems="24.505" contextid="804" timestamp="2025-12-11T03:04:38.968">
  <trace bytesTraced="7434784" workStackOverflowCount="0" />
  <card-cleaning reason="card cleaning threshold reached" bytesTraced="1760" cardsCleaned="6" />
</gc-op>
</concurrent-end>

<gc-start id="812" type="global" contextid="804" timestamp="2025-12-11T03:04:38.970">
  <mem-info id="813" free="2168536" total="23592960" percent="9">
    <mem type="nursery" free="0" total="8519680" percent="0">
      <mem type="allocate" free="0" total="6291456" percent="0" />
      <mem type="survivor" free="0" total="2228224" percent="0" />
    </mem>
    <mem type="tenure" free="2168536" total="15073280" percent="14">
      <mem type="soa" free="1414872" total="14319616" percent="9" />
      <mem type="loa" free="753664" total="753664" percent="100" />
    </mem>
    <remembered-set count="433" />
  </mem-info>
</gc-start>
<allocation-stats totalBytes="5880392" discardedBytes="384" >
  <allocated-bytes non-tlh="224" tlh="5880168" />
  <largest-consumer threadName="Default Executor-thread-1" threadId="0000000000835D00" bytes="5880392" />
</allocation-stats>
<concurrent-halted id="814" timestamp="2025-12-11T03:04:38.972">
  <halted state="Complete" status="exhausted" />
  <traced bytesTarget="6140179" bytesTotal="7436544" bytesByMutator="2852936" bytesByHelper="4583608" percent="121" />
  <cards cleaned="6" thresholdBytes="333274" />
</concurrent-halted>
<gc-op id="815" type="rs-scan" timems="2.663" contextid="804" timestamp="2025-12-11T03:04:38.975">
  <scan objectsFound="11807" bytesTraced="349216" workStackOverflowCount="0" />
</gc-op>
<gc-op id="816" type="card-cleaning" timems="1.730" contextid="804" timestamp="2025-12-11T03:04:38.978">
  <card-cleaning cardsCleaned="0" bytesTraced="0" workStackOverflowCount="0" />
</gc-op>
<gc-op id="817" type="mark" timems="7.008" contextid="804" timestamp="2025-12-11T03:04:38.986">
  <trace-info objectcount="363" scancount="356" scanbytes="10036" />
  <finalization candidates="733" enqueued="0" />
  <ownableSynchronizers candidates="627" cleared="2" />
  <references type="soft" candidates="4486" cleared="0" enqueued="0" dynamicThreshold="9" maxThreshold="32" />
  <references type="weak" candidates="1293" cleared="0" enqueued="0" />
  <references type="phantom" candidates="122" cleared="0" enqueued="0" />
  <stringconstants candidates="12657" cleared="0"  />
  <object-monitors candidates="20" cleared="0"  />
</gc-op>
<gc-op id="818" type="sweep" timems="2.902" contextid="804" timestamp="2025-12-11T03:04:38.990" />
<heap-resize id="819" type="expand" space="tenure" amount="2883584" count="1" timems="0.096" reason="insufficient free space following gc" timestamp="2025-12-11T03:04:38.991" />
<gc-end id="820" type="global" contextid="804" durationms="21.312" usertimems="24.793" systemtimems="13.800" stalltimems="72.801" timestamp="2025-12-11T03:04:38.992" activeThreads="11">
  <mem-info id="821" free="11122392" total="26476544" percent="42">
    <mem type="nursery" free="5715048" total="8519680" percent="67">
      <mem type="allocate" free="5715048" total="6291456" percent="90" />
      <mem type="survivor" free="0" total="2228224" percent="0" />
    </mem>
    <mem type="tenure" free="5407344" total="17956864" percent="30" micro-fragmented="200935" macro-fragmented="0">
      <mem type="soa" free="4509296" total="17058816" percent="26" />
      <mem type="loa" free="898048" total="898048" percent="100" />
    </mem>
    <remembered-set count="433" />
  </mem-info>
</gc-end>
<cycle-end id="822" type="global" contextid="804" timestamp="2025-12-11T03:04:38.993" />
<allocation-satisfied id="823" threadId="0000000000835D00" bytesRequested="32" />
<af-end id="824" timestamp="2025-12-11T03:04:38.994" threadId="0000000000836778" success="true" from="nursery"/>
<exclusive-end id="825" timestamp="2025-12-11T03:04:38.995" durationms="30.092" />

<exclusive-start id="826" timestamp="2025-12-11T03:04:39.023" intervalms="58.082">
  <response-info timems="0.081" idlems="0.081" threads="0" lastid="0000000000835D00" lastname="Default Executor-thread-1" />
</exclusive-start>
<af-start id="827" threadId="0000000000836778" totalBytesRequested="56" timestamp="2025-12-11T03:04:39.024" intervalms="58.235" type="nursery" />
<cycle-start id="828" type="scavenge" contextid="0" timestamp="2025-12-11T03:04:39.025" intervalms="128.073" />
<gc-start id="829" type="scavenge" contextid="828" timestamp="2025-12-11T03:04:39.026">
  <mem-info id="830" free="5407096" total="26476544" percent="20">
    <mem type="nursery" free="0" total="8519680" percent="0">
      <mem type="allocate" free="0" total="6291456" percent="0" />
      <mem type="survivor" free="0" total="2228224" percent="0" />
    </mem>
    <mem type="tenure" free="5407096" total="17956864" percent="30">
      <mem type="soa" free="4509048" total="17058816" percent="26" />
      <mem type="loa" free="898048" total="898048" percent="100" />
    </mem>
    <remembered-set count="446" />
  </mem-info>
</gc-start>
<allocation-stats totalBytes="5712896" discardedBytes="2400" >
  <allocated-bytes non-tlh="280" tlh="5712616" />
  <largest-consumer threadName="Default Executor-thread-1" threadId="0000000000835D00" bytes="5712896" />
</allocation-stats>
<gc-op id="831" type="scavenge" timems="2.447" contextid="828" timestamp="2025-12-11T03:04:39.030">
  <scavenger-info tenureage="2" tenuremask="7004" tiltratio="73" />
  <memory-copied type="nursery" objects="4059" bytes="148616" bytesdiscarded="56432" />
  <memory-copied type="tenure" objects="10495" bytes="308176" bytesdiscarded="640" />
  <ownableSynchronizers candidates="1250" cleared="1250" />
  <references type="weak" candidates="1" cleared="0" enqueued="0" />
  <object-monitors candidates="20" cleared="0"  />
</gc-op>
<gc-end id="832" type="scavenge" contextid="828" durationms="4.928" usertimems="6.766" systemtimems="0.000" stalltimems="3.137" timestamp="2025-12-11T03:04:39.031" activeThreads="4">
  <mem-info id="833" free="11560904" total="26476544" percent="43">
    <mem type="nursery" free="6479616" total="8519680" percent="76">
      <mem type="allocate" free="6479616" total="6684672" percent="96" />
      <mem type="survivor" free="0" total="1835008" percent="0" />
    </mem>
    <mem type="tenure" free="5081288" total="17956864" percent="28">
      <mem type="soa" free="4183240" total="17058816" percent="24" />
      <mem type="loa" free="898048" total="898048" percent="100" />
    </mem>
    <remembered-set count="377" />
  </mem-info>
</gc-end>
<cycle-end id="834" type="scavenge" contextid="828" timestamp="2025-12-11T03:04:39.032" />
<allocation-satisfied id="835" threadId="0000000000835D00" bytesRequested="56" />
<af-end id="836" timestamp="2025-12-11T03:04:39.033" threadId="0000000000836778" success="true" from="nursery"/>
<exclusive-end id="837" timestamp="2025-12-11T03:04:39.034" durationms="10.769" />

<exclusive-start id="838" timestamp="2025-12-11T03:04:39.078" intervalms="55.002">
  <response-info timems="0.095" idlems="0.095" threads="0" lastid="0000000000835D00" lastname="Default Executor-thread-1" />
</exclusive-start>
<af-start id="839" threadId="0000000000836778" totalBytesRequested="24" timestamp="2025-12-11T03:04:39.079" intervalms="55.056" type="nursery" />
<cycle-start id="840" type="scavenge" contextid="0" timestamp="2025-12-11T03:04:39.080" intervalms="55.227" />
<gc-start id="841" type="scavenge" contextid="840" timestamp="2025-12-11T03:04:39.082">
  <mem-info id="842" free="5081024" total="26476544" percent="19">
    <mem type="nursery" free="0" total="8519680" percent="0">
      <mem type="allocate" free="0" total="6684672" percent="0" />
      <mem type="survivor" free="0" total="1835008" percent="0" />
    </mem>
    <mem type="tenure" free="5081024" total="17956864" percent="28">
      <mem type="soa" free="4182976" total="17058816" percent="24" />
      <mem type="loa" free="898048" total="898048" percent="100" />
    </mem>
    <remembered-set count="564" />
  </mem-info>
</gc-start>
<allocation-stats totalBytes="6479040" discardedBytes="840" >
  <allocated-bytes non-tlh="320" tlh="6478720" />
  <largest-consumer threadName="Default Executor-thread-1" threadId="0000000000835D00" bytes="6466752" />
</allocation-stats>
<gc-op id="843" type="scavenge" timems="2.175" contextid="840" timestamp="2025-12-11T03:04:39.085">
  <scavenger-info tenureage="2" tenuremask="6004" tiltratio="78" />
  <memory-copied type="nursery" objects="6698" bytes="191184" bytesdiscarded="8496" />
  <memory-copied type="tenure" objects="278" bytes="9080" bytesdiscarded="0" />
  <ownableSynchronizers candidates="2" cleared="0" />
  <references type="weak" candidates="4" cleared="3" enqueued="3" />
  <object-monitors candidates="20" cleared="0"  />
</gc-op>
<heap-resize id="844" type="expand" space="nursery" amount="524288" count="1" timems="0.075" reason="excessive time being spent scavenging" timestamp="2025-12-11T03:04:39.086" />
<gc-end id="845" type="scavenge" contextid="840" durationms="5.358" usertimems="0.630" systemtimems="4.097" stalltimems="2.541" timestamp="2025-12-11T03:04:39.087" activeThreads="3">
  <mem-info id="846" free="12209528" total="27000832" percent="45">
    <mem type="nursery" free="7140352" total="9043968" percent="78">
      <mem type="allocate" free="7140352" total="7340032" percent="97" />
      <mem type="survivor" free="0" total="1703936" percent="0" />
    </mem>
    <mem type="tenure" free="5069176" total="17956864" percent="28">
      <mem type="soa" free="4171128" total="17058816" percent="24" />
      <mem type="loa" free="898048" total="898048" percent="100" />
    </mem>
    <pending-finalizers system="0" default="0" reference="3" classloader="0" />
    <remembered-set count="540" />
  </mem-info>
</gc-end>
<cycle-end id="847" type="scavenge" contextid="840" timestamp="2025-12-11T03:04:39.088" />
<allocation-satisfied id="848" threadId="0000000000835D00" bytesRequested="24" />
<af-end id="849" timestamp="2025-12-11T03:04:39.089" threadId="0000000000836778" success="true" from="nursery"/>
<exclusive-end id="850" timestamp="2025-12-11T03:04:39.090" durationms="11.832" />

<exclusive-start id="851" timestamp="2025-12-11T03:04:39.131" intervalms="52.364">
  <response-info timems="0.070" idlems="0.070" threads="0" lastid="0000000000835D00" lastname="Default Executor-thread-1" />
</exclusive-start>
<af-start id="852" threadId="0000000000836778" totalBytesRequested="32" timestamp="2025-12-11T03:04:39.131" intervalms="52.207" type="nursery" />
<cycle-start id="853" type="scavenge" contextid="0" timestamp="2025-12-11T03:04:39.132" intervalms="51.980" />
<gc-start id="854" type="scavenge" contextid="853" timestamp="2025-12-11T03:04:39.133">
  <mem-info id="855" free="5069176" total="27000832" percent="18">
    <mem type="nursery" free="0" total="9043968" percent="0">
      <mem type="allocate" free="0" total="7340032" percent="0" />
      <mem type="survivor" free="0" total="1703936" percent="0" />
    </mem>
    <mem type="tenure" free="5069176" total="17956864" percent="28">
      <mem type="soa" free="4171128" total="17058816" percent="24" />
      <mem type="loa" free="898048" total="898048" percent="100" />
    </mem>
    <remembered-set count="665" />
  </mem-info>
</gc-start>
<allocation-stats totalBytes="7139960" discardedBytes="392" >
  <allocated-bytes non-tlh="24" tlh="7139936" />
  <largest-consumer threadName="Default Executor-thread-1" threadId="0000000000835D00" bytes="7139960" />
</allocation-stats>
<gc-op id="856" type="scavenge" timems="1.842" contextid="853" timestamp="2025-12-11T03:04:39.136">
  <scavenger-info tenureage="14" tenuremask="4000" tiltratio="81" />
  <memory-copied type="nursery" objects="11528" bytes="321968" bytesdiscarded="16720" />
  <ownableSynchronizers candidates="2" cleared="0" />
  <references type="weak" candidates="1" cleared="0" enqueued="0" />
  <object-monitors candidates="20" cleared="0"  />
</gc-op>
<gc-end id="857" type="scavenge" contextid="853" durationms="3.951" usertimems="3.313" systemtimems="1.223" stalltimems="1.118" timestamp="2025-12-11T03:04:39.137" activeThreads="3">
  <mem-info id="858" free="12398200" total="27000832" percent="45">
    <mem type="nursery" free="7329024" total="9043968" percent="81">
      <mem type="allocate" free="7329024" total="7667712" percent="95" />
      <mem type="survivor" free="0" total="1376256" percent="0" />
    </mem>
    <mem type="tenure" free="5069176" total="17956864" percent="28">
      <mem type="soa" free="4171128" total="17058816" percent="24" />
      <mem type="loa" free="898048" total="898048" percent="100" />
    </mem>
    <remembered-set count="607" />
  </mem-info>
</gc-end>
<cycle-end id="859" type="scavenge" contextid="853" timestamp="2025-12-11T03:04:39.138" />
<allocation-satisfied id="860" threadId="0000000000835D00" bytesRequested="32" />
<af-end id="861" timestamp="2025-12-11T03:04:39.139" threadId="0000000000836778" success="true" from="nursery"/>
<exclusive-end id="862" timestamp="2025-12-11T03:04:39.140" durationms="9.745" />

<exclusive-start id="863" timestamp="2025-12-11T03:04:39.175" intervalms="44.078">
  <response-info timems="0.071" idlems="0.071" threads="0" lastid="0000000000835D00" lastname="Default Executor-thread-1" />
</exclusive-start>
<af-start id="864" threadId="0000000000836778" totalBytesRequested="24" timestamp="2025-12-11T03:04:39.176" intervalms="44.253" type="nursery" />
<cycle-start id="865" type="scavenge" contextid="0" timestamp="2025-12-11T03:04:39.177" intervalms="44.374" />
<gc-start id="866" type="scavenge" contextid="865" timestamp="2025-12-11T03:04:39.178">
  <mem-info id="867" free="5069176" total="27000832" percent="18">
    <mem type="nursery" free="0" total="9043968" percent="0">
      <mem type="allocate" free="0" total="7667712" percent="0" />
      <mem type="survivor" free="0" total="1376256" percent="0" />
    </mem>
    <mem type="tenure" free="5069176" total="17956864" percent="28">
      <mem type="soa" free="4171128" total="17058816" percent="24" />
      <mem type="loa" free="898048" total="898048" percent="100" />
    </mem>
    <remembered-set count="631" />
  </mem-info>
</gc-start>
<allocation-stats totalBytes="7328712" discardedBytes="312" >
  <allocated-bytes non-tlh="32" tlh="7328680" />
  <largest-consumer threadName="Default Executor-thread-1" threadId="0000000000835D00" bytes="7328712" />
</allocation-stats>
<gc-op id="868" type="scavenge" timems="2.121" contextid="865" timestamp="2025-12-11T03:04:39.181">
  <scavenger-info tenureage="14" tenuremask="4000" tiltratio="84" />
  <memory-copied type="nursery" objects="13684" bytes="383536" bytesdiscarded="41168" />
  <ownableSynchronizers candidates="2" cleared="0" />
  <references type="weak" candidates="1" cleared="0" enqueued="0" />
  <object-monitors candidates="20" cleared="0"  />
</gc-op>
<heap-resize id="869" type="expand" space="nursery" amount="655360" count="1" timems="0.054" reason="excessive time being spent scavenging" timestamp="2025-12-11T03:04:39.182" />
<gc-end id="870" type="scavenge" contextid="865" durationms="5.545" usertimems="4.712" systemtimems="0.243" stalltimems="1.958" timestamp="2025-12-11T03:04:39.183" activeThreads="3">
  <mem-info id="871" free="13033080" total="27656192" percent="47">
    <mem type="nursery" free="7963904" total="9699328" percent="82">
      <mem type="allocate" free="7963904" total="8388608" percent="94" />
      <mem type="survivor" free="0" total="1310720" percent="0" />
    </mem>
    <mem type="tenure" free="5069176" total="17956864" percent="28">
      <mem type="soa" free="4171128" total="17058816" percent="24" />
      <mem type="loa" free="898048" total="898048" percent="100" />
    </mem>
    <remembered-set count="625" />
  </mem-info>
</gc-end>
<cycle-end id="872" type="scavenge" contextid="865" timestamp="2025-12-11T03:04:39.184" />
<allocation-satisfied id="873" threadId="0000000000835D00" bytesRequested="24" />
<af-end id="874" timestamp="2025-12-11T03:04:39.186" threadId="0000000000836778" success="true" from="nursery"/>
<exclusive-end id="875" timestamp="2025-12-11T03:04:39.186" durationms="11.664" />

<exclusive-start id="876" timestamp="2025-12-11T03:04:39.223" intervalms="48.489">
  <response-info timems="0.079" idlems="0.079" threads="0" lastid="0000000000835D00" lastname="Default Executor-thread-1" />
</exclusive-start>
<af-start id="877" threadId="0000000000836778" totalBytesRequested="24" timestamp="2025-12-11T03:04:39.224" intervalms="48.496" type="nursery" />
<cycle-start id="878" type="scavenge" contextid="0" timestamp="2025-12-11T03:04:39.225" intervalms="48.497" />
<gc-start id="879" type="scavenge" contextid="878" timestamp="2025-12-11T03:04:39.226">
  <mem-info id="880" free="5069176" total="27656192" percent="18">
    <mem type="nursery" free="0" total="9699328" percent="0">
      <mem type="allocate" free="0" total="8388608" percent="0" />
      <mem type="survivor" free="0" total="1310720" percent="0" />
    </mem>
    <mem type="tenure" free="5069176" total="17956864" percent="28">
      <mem type="soa" free="4171128" total="17058816" percent="24" />
      <mem type="loa" free="898048" total="898048" percent="100" />
    </mem>
    <remembered-set count="625" />
  </mem-info>
</gc-start>
<allocation-stats totalBytes="7963368" discardedBytes="536" >
  <allocated-bytes non-tlh="24" tlh="7963344" />
  <largest-consumer threadName="Default Executor-thread-1" threadId="0000000000835D00" bytes="7963368" />
</allocation-stats>
<gc-op id="881" type="scavenge" timems="2.161" contextid="878" timestamp="2025-12-11T03:04:39.230">
  <scavenger-info tenureage="3" tenuremask="4018" tiltratio="86" />
  <memory-copied type="nursery" objects="7286" bytes="202800" bytesdiscarded="39888" />
  <memory-copied type="tenure" objects="6533" bytes="185088" bytesdiscarded="792" />
  <ownableSynchronizers candidates="2" cleared="0" />
  <object-monitors candidates="20" cleared="0"  />
</gc-op>
<heap-resize id="882" type="expand" space="nursery" amount="655360" count="1" timems="0.062" reason="excessive time being spent scavenging" timestamp="2025-12-11T03:04:39.233" />
<gc-end id="883" type="scavenge" contextid="878" durationms="7.560" usertimems="2.531" systemtimems="3.495" stalltimems="1.368" timestamp="2025-12-11T03:04:39.234" activeThreads="3">
  <mem-info id="884" free="13851600" total="28311552" percent="48">
    <mem type="nursery" free="8997888" total="10354688" percent="86">
      <mem type="allocate" free="8997888" total="9240576" percent="97" />
      <mem type="survivor" free="0" total="1114112" percent="0" />
    </mem>
    <mem type="tenure" free="4853712" total="17956864" percent="27">
      <mem type="soa" free="3955664" total="17058816" percent="23" />
      <mem type="loa" free="898048" total="898048" percent="100" />
    </mem>
    <remembered-set count="453" />
  </mem-info>
</gc-end>
<cycle-end id="885" type="scavenge" contextid="878" timestamp="2025-12-11T03:04:39.236" />
<allocation-satisfied id="886" threadId="0000000000835D00" bytesRequested="24" />
<af-end id="887" timestamp="2025-12-11T03:04:39.239" threadId="0000000000836778" success="true" from="nursery"/>
<exclusive-end id="888" timestamp="2025-12-11T03:04:39.240" durationms="16.727" />

<exclusive-start id="889" timestamp="2025-12-11T03:04:39.285" intervalms="62.337">
  <response-info timems="0.106" idlems="0.106" threads="0" lastid="0000000000835D00" lastname="Default Executor-thread-1" />
</exclusive-start>
<af-start id="890" threadId="0000000000836778" totalBytesRequested="24" timestamp="2025-12-11T03:04:39.286" intervalms="62.122" type="nursery" />
<cycle-start id="891" type="scavenge" contextid="0" timestamp="2025-12-11T03:04:39.287" intervalms="61.939" />
<gc-start id="892" type="scavenge" contextid="891" timestamp="2025-12-11T03:04:39.288">
  <mem-info id="893" free="4853712" total="28311552" percent="17">
    <mem type="nursery" free="0" total="10354688" percent="0">
      <mem type="allocate" free="0" total="9240576" percent="0" />
      <mem type="survivor" free="0" total="1114112" percent="0" />
    </mem>
    <mem type="tenure" free="4853712" total="17956864" percent="27">
      <mem type="soa" free="3955664" total="17058816" percent="23" />
      <mem type="loa" free="898048" total="898048" percent="100" />
    </mem>
    <remembered-set count="454" />
  </mem-info>
</gc-start>
<allocation-stats totalBytes="8997376" discardedBytes="512" >
  <allocated-bytes non-tlh="24" tlh="8997352" />
  <largest-consumer threadName="Default Executor-thread-1" threadId="0000000000835D00" bytes="8997376" />
</allocation-stats>
<gc-op id="894" type="scavenge" timems="1.735" contextid="891" timestamp="2025-12-11T03:04:39.291">
  <scavenger-info tenureage="3" tenuremask="4008" tiltratio="89" />
  <memory-copied type="nursery" objects="2875" bytes="85800" bytesdiscarded="30936" />
  <memory-copied type="tenure" objects="4613" bytes="124064" bytesdiscarded="48" />
  <object-monitors candidates="20" cleared="0"  />
</gc-op>
<gc-end id="895" type="scavenge" contextid="891" durationms="3.977" usertimems="2.714" systemtimems="0.984" stalltimems="1.643" timestamp="2025-12-11T03:04:39.292" activeThreads="3">
  <mem-info id="896" free="13905616" total="28311552" percent="49">
    <mem type="nursery" free="9189376" total="10354688" percent="88">
      <mem type="allocate" free="9189376" total="9306112" percent="98" />
      <mem type="survivor" free="0" total="1048576" percent="0" />
    </mem>
    <mem type="tenure" free="4716240" total="17956864" percent="26">
      <mem type="soa" free="3818192" total="17058816" percent="22" />
      <mem type="loa" free="898048" total="898048" percent="100" />
    </mem>
    <remembered-set count="350" />
  </mem-info>
</gc-end>
<cycle-end id="897" type="scavenge" contextid="891" timestamp="2025-12-11T03:04:39.293" />
<allocation-satisfied id="898" threadId="0000000000835D00" bytesRequested="24" />
<af-end id="899" timestamp="2025-12-11T03:04:39.294" threadId="0000000000836778" success="true" from="nursery"/>
<exclusive-end id="900" timestamp="2025-12-11T03:04:39.294" durationms="8.959" />

<exclusive-start id="901" timestamp="2025-12-11T03:04:39.338" intervalms="52.290">
  <response-info timems="0.086" idlems="0.086" threads="0" lastid="0000000000835D00" lastname="Default Executor-thread-1" />
</exclusive-start>
<af-start id="902" threadId="0000000000836778" totalBytesRequested="24" timestamp="2025-12-11T03:04:39.339" intervalms="52.295" type="nursery" />
<cycle-start id="903" type="scavenge" contextid="0" timestamp="2025-12-11T03:04:39.339" intervalms="52.195" />
<gc-start id="904" type="scavenge" contextid="903" timestamp="2025-12-11T03:04:39.340">
  <mem-info id="905" free="4716240" total="28311552" percent="16">
    <mem type="nursery" free="0" total="10354688" percent="0">
      <mem type="allocate" free="0" total="9306112" percent="0" />
      <mem type="survivor" free="0" total="1048576" percent="0" />
    </mem>
    <mem type="tenure" free="4716240" total="17956864" percent="26">
      <mem type="soa" free="3818192" total="17058816" percent="22" />
      <mem type="loa" free="898048" total="898048" percent="100" />
    </mem>
    <remembered-set count="351" />
  </mem-info>
</gc-start>
<allocation-stats totalBytes="9189008" discardedBytes="368" >
  <allocated-bytes non-tlh="24" tlh="9188984" />
  <largest-consumer threadName="Default Executor-thread-1" threadId="0000000000835D00" bytes="9189008" />
</allocation-stats>
<gc-op id="906" type="scavenge" timems="1.097" contextid="903" timestamp="2025-12-11T03:04:39.343">
  <scavenger-info tenureage="14" tenuremask="4000" tiltratio="89" />
  <memory-copied type="nursery" objects="3044" bytes="91800" bytesdiscarded="16488" />
  <object-monitors candidates="20" cleared="0"  />
</gc-op>
<heap-resize id="907" type="expand" space="nursery" amount="524288" count="1" timems="0.094" reason="excessive time being spent scavenging" timestamp="2025-12-11T03:04:39.344" />
<gc-end id="908" type="scavenge" contextid="903" durationms="4.473" usertimems="2.563" systemtimems="0.000" stalltimems="1.085" timestamp="2025-12-11T03:04:39.345" activeThreads="3">
  <mem-info id="909" free="14372816" total="28835840" percent="49">
    <mem type="nursery" free="9656576" total="10878976" percent="88">
      <mem type="allocate" free="9656576" total="9764864" percent="98" />
      <mem type="survivor" free="0" total="1114112" percent="0" />
    </mem>
    <mem type="tenure" free="4716240" total="17956864" percent="26">
      <mem type="soa" free="3818192" total="17058816" percent="22" />
      <mem type="loa" free="898048" total="898048" percent="100" />
    </mem>
    <remembered-set count="349" />
  </mem-info>
</gc-end>
<cycle-end id="910" type="scavenge" contextid="903" timestamp="2025-12-11T03:04:39.345" />
<allocation-satisfied id="911" threadId="0000000000835D00" bytesRequested="24" />
<af-end id="912" timestamp="2025-12-11T03:04:39.347" threadId="0000000000836778" success="true" from="nursery"/>
<exclusive-end id="913" timestamp="2025-12-11T03:04:39.348" durationms="9.879" />

<exclusive-start id="914" timestamp="2025-12-11T03:04:39.393" intervalms="54.808">
  <response-info timems="0.073" idlems="0.073" threads="0" lastid="0000000000835D00" lastname="Default Executor-thread-1" />
</exclusive-start>
<af-start id="915" threadId="0000000000836778" totalBytesRequested="24" timestamp="2025-12-11T03:04:39.393" intervalms="54.921" type="nursery" />
<cycle-start id="916" type="scavenge" contextid="0" timestamp="2025-12-11T03:04:39.395" intervalms="55.328" />
<gc-start id="917" type="scavenge" contextid="916" timestamp="2025-12-11T03:04:39.396">
  <mem-info id="918" free="4716240" total="28835840" percent="16">
    <mem type="nursery" free="0" total="10878976" percent="0">
      <mem type="allocate" free="0" total="9764864" percent="0" />
      <mem type="survivor" free="0" total="1114112" percent="0" />
    </mem>
    <mem type="tenure" free="4716240" total="17956864" percent="26">
      <mem type="soa" free="3818192" total="17058816" percent="22" />
      <mem type="loa" free="898048" total="898048" percent="100" />
    </mem>
    <remembered-set count="351" />
  </mem-info>
</gc-start>
<allocation-stats totalBytes="9656032" discardedBytes="544" >
  <allocated-bytes non-tlh="24" tlh="9656008" />
  <largest-consumer threadName="Default Executor-thread-1" threadId="0000000000835D00" bytes="9656032" />
</allocation-stats>
<gc-op id="919" type="scavenge" timems="1.292" contextid="916" timestamp="2025-12-11T03:04:39.398">
  <scavenger-info tenureage="4" tenuremask="4010" tiltratio="89" />
  <memory-copied type="nursery" objects="924" bytes="32392" bytesdiscarded="11384" />
  <memory-copied type="tenure" objects="2317" bytes="66296" bytesdiscarded="24" />
  <object-monitors candidates="20" cleared="0"  />
</gc-op>
<gc-end id="920" type="scavenge" contextid="916" durationms="4.644" usertimems="1.783" systemtimems="0.636" stalltimems="0.680" timestamp="2025-12-11T03:04:39.400" activeThreads="2">
  <mem-info id="921" free="14364368" total="28835840" percent="49">
    <mem type="nursery" free="9721088" total="10878976" percent="89">
      <mem type="allocate" free="9721088" total="9764864" percent="99" />
      <mem type="survivor" free="0" total="1114112" percent="0" />
    </mem>
    <mem type="tenure" free="4643280" total="17956864" percent="25">
      <mem type="soa" free="3745232" total="17058816" percent="21" />
      <mem type="loa" free="898048" total="898048" percent="100" />
    </mem>
    <remembered-set count="295" />
  </mem-info>
</gc-end>
<cycle-end id="922" type="scavenge" contextid="916" timestamp="2025-12-11T03:04:39.401" />
<allocation-satisfied id="923" threadId="0000000000835D00" bytesRequested="24" />
<af-end id="924" timestamp="2025-12-11T03:04:39.403" threadId="0000000000836778" success="true" from="nursery"/>
<exclusive-end id="925" timestamp="2025-12-11T03:04:39.404" durationms="11.325" />

<exclusive-start id="926" timestamp="2025-12-11T03:04:39.447" intervalms="54.334">
  <response-info timems="0.061" idlems="0.061" threads="0" lastid="0000000000835D00" lastname="Default Executor-thread-1" />
</exclusive-start>
<af-start id="927" threadId="0000000000836778" totalBytesRequested="24" timestamp="2025-12-11T03:04:39.448" intervalms="54.316" type="nursery" />
<cycle-start id="928" type="scavenge" contextid="0" timestamp="2025-12-11T03:04:39.449" intervalms="54.163" />
<gc-start id="929" type="scavenge" contextid="928" timestamp="2025-12-11T03:04:39.450">
  <mem-info id="930" free="4643280" total="28835840" percent="16">
    <mem type="nursery" free="0" total="10878976" percent="0">
      <mem type="allocate" free="0" total="9764864" percent="0" />
      <mem type="survivor" free="0" total="1114112" percent="0" />
    </mem>
    <mem type="tenure" free="4643280" total="17956864" percent="25">
      <mem type="soa" free="3745232" total="17058816" percent="21" />
      <mem type="loa" free="898048" total="898048" percent="100" />
    </mem>
    <remembered-set count="299" />
  </mem-info>
</gc-start>
<allocation-stats totalBytes="9720584" discardedBytes="504" >
  <allocated-bytes non-tlh="24" tlh="9720560" />
  <largest-consumer threadName="Default Executor-thread-1" threadId="0000000000835D00" bytes="9720584" />
</allocation-stats>
<gc-op id="931" type="scavenge" timems="0.874" contextid="928" timestamp="2025-12-11T03:04:39.452">
  <scavenger-info tenureage="3" tenuremask="ffd8" tiltratio="89" />
  <memory-copied type="nursery" objects="853" bytes="29504" bytesdiscarded="14272" />
  <memory-copied type="tenure" objects="252" bytes="8912" bytesdiscarded="16" />
  <object-monitors candidates="20" cleared="0"  />
</gc-op>
<heap-resize id="932" type="expand" space="nursery" amount="524288" count="1" timems="0.059" reason="excessive time being spent scavenging" timestamp="2025-12-11T03:04:39.453" />
<gc-end id="933" type="scavenge" contextid="928" durationms="3.938" usertimems="1.912" systemtimems="0.000" stalltimems="0.159" timestamp="2025-12-11T03:04:39.454" activeThreads="2">
  <mem-info id="934" free="14793936" total="29360128" percent="50">
    <mem type="nursery" free="10179840" total="11403264" percent="89">
      <mem type="allocate" free="10179840" total="10223616" percent="99" />
      <mem type="survivor" free="0" total="1179648" percent="0" />
    </mem>
    <mem type="tenure" free="4614096" total="17956864" percent="25">
      <mem type="soa" free="3716048" total="17058816" percent="21" />
      <mem type="loa" free="898048" total="898048" percent="100" />
    </mem>
    <remembered-set count="295" />
  </mem-info>
</gc-end>
<cycle-end id="935" type="scavenge" contextid="928" timestamp="2025-12-11T03:04:39.454" />
<allocation-satisfied id="936" threadId="0000000000835D00" bytesRequested="24" />
<af-end id="937" timestamp="2025-12-11T03:04:39.456" threadId="0000000000836778" success="true" from="nursery"/>
<exclusive-end id="938" timestamp="2025-12-11T03:04:39.456" durationms="9.432" />

<exclusive-start id="939" timestamp="2025-12-11T03:04:39.508" intervalms="61.062">
  <response-info timems="0.081" idlems="0.081" threads="0" lastid="0000000000835D00" lastname="Default Executor-thread-1" />
</exclusive-start>
<af-start id="940" threadId="0000000000836778" totalBytesRequested="40" timestamp="2025-12-11T03:04:39.509" intervalms="61.187" type="nursery" />
<cycle-start id="941" type="scavenge" contextid="0" timestamp="2025-12-11T03:04:39.510" intervalms="61.011" />
<gc-start id="942" type="scavenge" contextid="941" timestamp="2025-12-11T03:04:39.511">
  <mem-info id="943" free="4614096" total="29360128" percent="15">
    <mem type="nursery" free="0" total="11403264" percent="0">
      <mem type="allocate" free="0" total="10223616" percent="0" />
      <mem type="survivor" free="0" total="1179648" percent="0" />
    </mem>
    <mem type="tenure" free="4614096" total="17956864" percent="25">
      <mem type="soa" free="3716048" total="17058816" percent="21" />
      <mem type="loa" free="898048" total="898048" percent="100" />
    </mem>
    <remembered-set count="318" />
  </mem-info>
</gc-start>
<allocation-stats totalBytes="10179120" discardedBytes="720" >
  <allocated-bytes non-tlh="24" tlh="10179096" />
  <largest-consumer threadName="Default Executor-thread-1" threadId="0000000000835D00" bytes="10179120" />
</allocation-stats>
<gc-op id="944" type="scavenge" timems="1.209" contextid="941" timestamp="2025-12-11T03:04:39.514">
  <scavenger-info tenureage="6" tenuremask="ffc0" tiltratio="89" />
  <memory-copied type="nursery" objects="1210" bytes="39344" bytesdiscarded="4432" />
  <object-monitors candidates="20" cleared="0"  />
</gc-op>
<heap-resize id="945" type="expand" space="nursery" amount="524288" count="1" timems="0.058" reason="excessive time being spent scavenging" timestamp="2025-12-11T03:04:39.517" />
<gc-end id="946" type="scavenge" contextid="941" durationms="7.090" usertimems="2.334" systemtimems="0.000" stalltimems="0.550" timestamp="2025-12-11T03:04:39.518" activeThreads="2">
  <mem-info id="947" free="15252688" total="29884416" percent="51">
    <mem type="nursery" free="10638592" total="11927552" percent="89">
      <mem type="allocate" free="10638592" total="10682368" percent="99" />
      <mem type="survivor" free="0" total="1245184" percent="0" />
    </mem>
    <mem type="tenure" free="4614096" total="17956864" percent="25">
      <mem type="soa" free="3716048" total="17058816" percent="21" />
      <mem type="loa" free="898048" total="898048" percent="100" />
    </mem>
    <remembered-set count="309" />
  </mem-info>
</gc-end>
<cycle-end id="948" type="scavenge" contextid="941" timestamp="2025-12-11T03:04:39.520" />
<allocation-satisfied id="949" threadId="0000000000835D00" bytesRequested="40" />
<af-end id="950" timestamp="2025-12-11T03:04:39.521" threadId="0000000000836778" success="true" from="nursery"/>
<exclusive-end id="951" timestamp="2025-12-11T03:04:39.522" durationms="14.507" />

<exclusive-start id="952" timestamp="2025-12-11T03:04:39.615" intervalms="107.478">
  <response-info timems="0.080" idlems="0.080" threads="0" lastid="0000000000835D00" lastname="Default Executor-thread-1" />
</exclusive-start>
<af-start id="953" threadId="0000000000836778" totalBytesRequested="24" timestamp="2025-12-11T03:04:39.616" intervalms="107.209" type="nursery" />
<cycle-start id="954" type="scavenge" contextid="0" timestamp="2025-12-11T03:04:39.617" intervalms="107.260" />
<gc-start id="955" type="scavenge" contextid="954" timestamp="2025-12-11T03:04:39.618">
  <mem-info id="956" free="4603400" total="29884416" percent="15">
    <mem type="nursery" free="0" total="11927552" percent="0">
      <mem type="allocate" free="0" total="10682368" percent="0" />
      <mem type="survivor" free="0" total="1245184" percent="0" />
    </mem>
    <mem type="tenure" free="4603400" total="17956864" percent="25">
      <mem type="soa" free="3705352" total="17058816" percent="21" />
      <mem type="loa" free="898048" total="898048" percent="100" />
    </mem>
    <remembered-set count="2965" />
  </mem-info>
</gc-start>
<allocation-stats totalBytes="10648776" discardedBytes="512" >
  <allocated-bytes non-tlh="10736" tlh="10638040" />
  <largest-consumer threadName="Default Executor-thread-1" threadId="0000000000835D00" bytes="10636488" />
</allocation-stats>
<gc-op id="957" type="scavenge" timems="3.614" contextid="954" timestamp="2025-12-11T03:04:39.623">
  <scavenger-info tenureage="5" tenuremask="ffe0" tiltratio="89" />
  <memory-copied type="nursery" objects="24485" bytes="740120" bytesdiscarded="16072" />
  <ownableSynchronizers candidates="2" cleared="0" />
  <references type="soft" candidates="2" cleared="0" enqueued="0" dynamicThreshold="9" maxThreshold="32" />
  <references type="weak" candidates="43" cleared="34" enqueued="34" />
  <object-monitors candidates="20" cleared="0"  />
</gc-op>
<gc-end id="958" type="scavenge" contextid="954" durationms="6.458" usertimems="2.954" systemtimems="3.677" stalltimems="0.775" timestamp="2025-12-11T03:04:39.624" activeThreads="2">
  <mem-info id="959" free="14201608" total="29884416" percent="47">
    <mem type="nursery" free="9598208" total="11927552" percent="80">
      <mem type="allocate" free="9598208" total="10354688" percent="92" />
      <mem type="survivor" free="0" total="1572864" percent="0" />
    </mem>
    <mem type="tenure" free="4603400" total="17956864" percent="25">
      <mem type="soa" free="3705352" total="17058816" percent="21" />
      <mem type="loa" free="898048" total="898048" percent="100" />
    </mem>
    <pending-finalizers system="0" default="0" reference="34" classloader="0" />
    <remembered-set count="1902" />
  </mem-info>
</gc-end>
<cycle-end id="960" type="scavenge" contextid="954" timestamp="2025-12-11T03:04:39.625" />
<allocation-satisfied id="961" threadId="0000000000835D00" bytesRequested="24" />
<af-end id="962" timestamp="2025-12-11T03:04:39.627" threadId="0000000000836778" success="true" from="nursery"/>
<exclusive-end id="963" timestamp="2025-12-11T03:04:39.628" durationms="12.751" />

<exclusive-start id="964" timestamp="2025-12-11T03:04:39.989" intervalms="373.758">
  <response-info timems="0.054" idlems="0.054" threads="0" lastid="0000000000835D00" lastname="Default Executor-thread-1" />
</exclusive-start>
<af-start id="965" threadId="0000000000836778" totalBytesRequested="82544" timestamp="2025-12-11T03:04:39.990" intervalms="373.781" type="nursery" />
<cycle-start id="966" type="scavenge" contextid="0" timestamp="2025-12-11T03:04:39.991" intervalms="373.969" />
<gc-start id="967" type="scavenge" contextid="966" timestamp="2025-12-11T03:04:39.993">
  <mem-info id="968" free="4602000" total="29884416" percent="15">
    <mem type="nursery" free="0" total="11927552" percent="0">
      <mem type="allocate" free="0" total="10354688" percent="0" />
      <mem type="survivor" free="0" total="1572864" percent="0" />
    </mem>
    <mem type="tenure" free="4602000" total="17956864" percent="25">
      <mem type="soa" free="3703952" total="17058816" percent="21" />
      <mem type="loa" free="898048" total="898048" percent="100" />
    </mem>
    <remembered-set count="2321" />
  </mem-info>
</gc-start>
<allocation-stats totalBytes="9516064" discardedBytes="83544" >
  <allocated-bytes non-tlh="420408" tlh="9095656" />
  <largest-consumer threadName="Default Executor-thread-1" threadId="0000000000835D00" bytes="9454608" />
</allocation-stats>
<gc-op id="969" type="scavenge" timems="4.031" contextid="966" timestamp="2025-12-11T03:04:39.998">
  <scavenger-info tenureage="4" tenuremask="ffd0" tiltratio="86" />
  <memory-copied type="nursery" objects="32779" bytes="1570832" bytesdiscarded="656" />
  <memory-copied type="tenure" objects="6149" bytes="170104" bytesdiscarded="80" />
  <copy-failed type="nursery" objects="6139" bytes="169600" />
  <ownableSynchronizers candidates="139" cleared="81" />
  <references type="soft" candidates="2" cleared="0" enqueued="0" dynamicThreshold="9" maxThreshold="32" />
  <references type="weak" candidates="17" cleared="3" enqueued="3" />
  <references type="phantom" candidates="84" cleared="0" enqueued="0" />
  <object-monitors candidates="20" cleared="0"  />
</gc-op>
<gc-end id="970" type="scavenge" contextid="966" durationms="8.211" usertimems="8.345" systemtimems="0.090" stalltimems="0.559" timestamp="2025-12-11T03:04:40.001" activeThreads="2">
  <mem-info id="971" free="11383696" total="29884416" percent="38">
    <mem type="nursery" free="6946816" total="11927552" percent="58">
      <mem type="allocate" free="6946816" total="8519680" percent="81" />
      <mem type="survivor" free="0" total="3407872" percent="0" />
    </mem>
    <mem type="tenure" free="4436880" total="17956864" percent="24">
      <mem type="soa" free="3538832" total="17058816" percent="20" />
      <mem type="loa" free="898048" total="898048" percent="100" />
    </mem>
    <pending-finalizers system="0" default="0" reference="3" classloader="0" />
    <remembered-set count="2656" />
  </mem-info>
</gc-end>
<cycle-end id="972" type="scavenge" contextid="966" timestamp="2025-12-11T03:04:40.002" />
<allocation-satisfied id="973" threadId="0000000000835D00" bytesRequested="82544" />
<af-end id="974" timestamp="2025-12-11T03:04:40.004" threadId="0000000000836778" success="true" from="nursery"/>
<exclusive-end id="975" timestamp="2025-12-11T03:04:40.005" durationms="15.447" />

<exclusive-start id="976" timestamp="2025-12-11T03:04:40.070" intervalms="80.416">
  <response-info timems="0.066" idlems="0.066" threads="0" lastid="0000000000835D00" lastname="Default Executor-thread-1" />
</exclusive-start>
<af-start id="977" threadId="0000000000836778" totalBytesRequested="8512" timestamp="2025-12-11T03:04:40.071" intervalms="80.625" type="nursery" />
<cycle-start id="978" type="scavenge" contextid="0" timestamp="2025-12-11T03:04:40.072" intervalms="80.567" />
<gc-start id="979" type="scavenge" contextid="978" timestamp="2025-12-11T03:04:40.073">
  <mem-info id="980" free="4436544" total="29884416" percent="14">
    <mem type="nursery" free="0" total="11927552" percent="0">
      <mem type="allocate" free="0" total="8519680" percent="0" />
      <mem type="survivor" free="0" total="3407872" percent="0" />
    </mem>
    <mem type="tenure" free="4436544" total="17956864" percent="24">
      <mem type="soa" free="3538496" total="17058816" percent="20" />
      <mem type="loa" free="898048" total="898048" percent="100" />
    </mem>
    <remembered-set count="2872" />
  </mem-info>
</gc-start>
<allocation-stats totalBytes="6931192" discardedBytes="15960" >
  <allocated-bytes non-tlh="82880" tlh="6848312" />
  <largest-consumer threadName="Default Executor-thread-1" threadId="0000000000835D00" bytes="6877904" />
</allocation-stats>
<gc-op id="981" type="scavenge" timems="5.312" contextid="978" timestamp="2025-12-11T03:04:40.079">
  <scavenger-info tenureage="4" tenuremask="ffd0" tiltratio="71" />
  <memory-copied type="nursery" objects="50707" bytes="2814672" bytesdiscarded="21712" />
  <memory-copied type="tenure" objects="36" bytes="1056" bytesdiscarded="0" />
  <ownableSynchronizers candidates="197" cleared="84" />
  <references type="soft" candidates="2" cleared="0" enqueued="0" dynamicThreshold="9" maxThreshold="32" />
  <references type="weak" candidates="14" cleared="0" enqueued="0" />
  <references type="phantom" candidates="169" cleared="0" enqueued="0" />
  <object-monitors candidates="20" cleared="0"  />
</gc-op>
<heap-resize id="982" type="expand" space="nursery" amount="655360" count="1" timems="0.059" reason="excessive time being spent scavenging" timestamp="2025-12-11T03:04:40.080" />
<gc-end id="983" type="scavenge" contextid="978" durationms="8.581" usertimems="10.089" systemtimems="0.694" stalltimems="0.638" timestamp="2025-12-11T03:04:40.081" activeThreads="2">
  <mem-info id="984" free="9331184" total="30539776" percent="30">
    <mem type="nursery" free="4894640" total="12582912" percent="38">
      <mem type="allocate" free="4894640" total="7733248" percent="63" />
      <mem type="survivor" free="0" total="4849664" percent="0" />
    </mem>
    <mem type="tenure" free="4436544" total="17956864" percent="24">
      <mem type="soa" free="3538496" total="17058816" percent="20" />
      <mem type="loa" free="898048" total="898048" percent="100" />
    </mem>
    <remembered-set count="2691" />
  </mem-info>
</gc-end>
<cycle-end id="985" type="scavenge" contextid="978" timestamp="2025-12-11T03:04:40.082" />
<allocation-satisfied id="986" threadId="0000000000835D00" bytesRequested="8512" />
<af-end id="987" timestamp="2025-12-11T03:04:40.084" threadId="0000000000836778" success="true" from="nursery"/>
<exclusive-end id="988" timestamp="2025-12-11T03:04:40.084" durationms="14.864" />

<exclusive-start id="989" timestamp="2025-12-11T03:04:40.139" intervalms="69.837">
  <response-info timems="0.070" idlems="0.070" threads="0" lastid="0000000000835D00" lastname="Default Executor-thread-1" />
</exclusive-start>
<af-start id="990" threadId="0000000000836778" totalBytesRequested="24" timestamp="2025-12-11T03:04:40.140" intervalms="69.646" type="nursery" />
<cycle-start id="991" type="scavenge" contextid="0" timestamp="2025-12-11T03:04:40.141" intervalms="69.697" />
<gc-start id="992" type="scavenge" contextid="991" timestamp="2025-12-11T03:04:40.142">
  <mem-info id="993" free="4436280" total="30539776" percent="14">
    <mem type="nursery" free="0" total="12582912" percent="0">
      <mem type="allocate" free="0" total="7733248" percent="0" />
      <mem type="survivor" free="0" total="4849664" percent="0" />
    </mem>
    <mem type="tenure" free="4436280" total="17956864" percent="24">
      <mem type="soa" free="3538232" total="17058816" percent="20" />
      <mem type="loa" free="898048" total="898048" percent="100" />
    </mem>
    <remembered-set count="2901" />
  </mem-info>
</gc-start>
<allocation-stats totalBytes="4893920" discardedBytes="984" >
  <allocated-bytes non-tlh="244632" tlh="4649288" />
  <largest-consumer threadName="Default Executor-thread-1" threadId="0000000000835D00" bytes="4852968" />
</allocation-stats>
<gc-op id="994" type="scavenge" timems="8.177" contextid="991" timestamp="2025-12-11T03:04:40.152">
  <scavenger-info tenureage="2" tenuremask="ff5c" tiltratio="61" />
  <memory-copied type="nursery" objects="28950" bytes="2309240" bytesdiscarded="168104" />
  <memory-copied type="tenure" objects="32696" bytes="1567232" bytesdiscarded="1176" />
  <ownableSynchronizers candidates="188" cleared="43" />
  <references type="weak" candidates="1" cleared="0" enqueued="0" />
  <references type="phantom" candidates="127" cleared="0" enqueued="0" />
  <object-monitors candidates="20" cleared="0"  />
</gc-op>
<heap-resize id="995" type="expand" space="nursery" amount="917504" count="1" timems="0.075" reason="excessive time being spent scavenging" timestamp="2025-12-11T03:04:40.153" />
<gc-end id="996" type="scavenge" contextid="991" durationms="11.888" usertimems="11.437" systemtimems="3.805" stalltimems="0.943" timestamp="2025-12-11T03:04:40.154" activeThreads="2">
  <mem-info id="997" free="9172824" total="31457280" percent="29">
    <mem type="nursery" free="6302784" total="13500416" percent="46">
      <mem type="allocate" free="6302784" total="8781824" percent="71" />
      <mem type="survivor" free="0" total="4718592" percent="0" />
    </mem>
    <mem type="tenure" free="2870040" total="17956864" percent="15">
      <mem type="soa" free="1971992" total="17058816" percent="11" />
      <mem type="loa" free="898048" total="898048" percent="100" />
    </mem>
    <remembered-set count="634" />
  </mem-info>
</gc-end>
<cycle-end id="998" type="scavenge" contextid="991" timestamp="2025-12-11T03:04:40.155" />
<allocation-satisfied id="999" threadId="0000000000835D00" bytesRequested="24" />
<af-end id="1000" timestamp="2025-12-11T03:04:40.156" threadId="0000000000836778" success="true" from="nursery"/>
<exclusive-end id="1001" timestamp="2025-12-11T03:04:40.157" durationms="17.679" />

<exclusive-start id="1002" timestamp="2025-12-11T03:04:40.295" intervalms="156.089">
  <response-info timems="0.053" idlems="0.053" threads="0" lastid="0000000000835D00" lastname="Default Executor-thread-1" />
</exclusive-start>
<af-start id="1003" threadId="0000000000836778" totalBytesRequested="16392" timestamp="2025-12-11T03:04:40.297" intervalms="156.742" type="nursery" />
<cycle-start id="1004" type="scavenge" contextid="0" timestamp="2025-12-11T03:04:40.300" intervalms="158.398" />
<gc-start id="1005" type="scavenge" contextid="1004" timestamp="2025-12-11T03:04:40.301">
  <mem-info id="1006" free="2869824" total="31457280" percent="9">
    <mem type="nursery" free="0" total="13500416" percent="0">
      <mem type="allocate" free="0" total="8781824" percent="0" />
      <mem type="survivor" free="0" total="4718592" percent="0" />
    </mem>
    <mem type="tenure" free="2869824" total="17956864" percent="15">
      <mem type="soa" free="1971776" total="17058816" percent="11" />
      <mem type="loa" free="898048" total="898048" percent="100" />
    </mem>
    <remembered-set count="979" />
  </mem-info>
</gc-start>
<allocation-stats totalBytes="6292248" discardedBytes="10752" >
  <allocated-bytes non-tlh="240" tlh="6292008" />
  <largest-consumer threadName="Default Executor-thread-1" threadId="0000000000835D00" bytes="6239024" />
</allocation-stats>
<gc-op id="1007" type="scavenge" timems="4.596" contextid="1004" timestamp="2025-12-11T03:04:40.308">
  <scavenger-info tenureage="2" tenuremask="ffc4" tiltratio="65" />
  <memory-copied type="nursery" objects="23155" bytes="1873032" bytesdiscarded="135232" />
  <memory-copied type="tenure" objects="17758" bytes="1236232" bytesdiscarded="472" />
  <ownableSynchronizers candidates="182" cleared="57" />
  <references type="weak" candidates="3" cleared="0" enqueued="0" />
  <references type="phantom" candidates="100" cleared="0" enqueued="0" />
  <object-monitors candidates="21" cleared="0"  />
</gc-op>
<gc-end id="1008" type="scavenge" contextid="1004" durationms="7.839" usertimems="10.868" systemtimems="0.000" stalltimems="3.061" timestamp="2025-12-11T03:04:40.309" activeThreads="3">
  <mem-info id="1009" free="9004128" total="31457280" percent="28">
    <mem type="nursery" free="7427592" total="13500416" percent="55">
      <mem type="allocate" free="7427592" total="9437184" percent="78" />
      <mem type="survivor" free="0" total="4063232" percent="0" />
    </mem>
    <mem type="tenure" free="1576536" total="17956864" percent="8">
      <mem type="soa" free="678488" total="17058816" percent="3" />
      <mem type="loa" free="898048" total="898048" percent="100" />
    </mem>
    <remembered-set count="669" />
  </mem-info>
</gc-end>
<cycle-end id="1010" type="scavenge" contextid="1004" timestamp="2025-12-11T03:04:40.310" />
<allocation-satisfied id="1011" threadId="0000000000835D00" bytesRequested="16392" />
<af-end id="1012" timestamp="2025-12-11T03:04:40.311" threadId="0000000000836778" success="true" from="nursery"/>
<exclusive-end id="1013" timestamp="2025-12-11T03:04:40.312" durationms="16.588" />

<concurrent-kickoff id="1014" timestamp="2025-12-11T03:04:40.396">
  <kickoff reason="threshold reached" targetBytes="7592660" thresholdFreeBytes="1048555"  remainingFree="779776" tenureFreeBytes="1576328" nurseryFreeBytes="779776" />
</concurrent-kickoff>
<exclusive-start id="1015" timestamp="2025-12-11T03:04:40.397" intervalms="101.555">
  <response-info timems="0.055" idlems="0.055" threads="0" lastid="0000000000835D00" lastname="Default Executor-thread-1" />
</exclusive-start>
<cycle-start id="1016" type="global" contextid="0" timestamp="2025-12-11T03:04:40.398" intervalms="1458.399" />
<concurrent-start id="1017" type="global mark" contextid="1016" timestamp="2025-12-11T03:04:40.399">
</concurrent-start>
<exclusive-end id="1018" timestamp="2025-12-11T03:04:40.399" durationms="2.295" />

<exclusive-start id="1019" timestamp="2025-12-11T03:04:40.416" intervalms="19.406">
  <response-info timems="0.098" idlems="0.098" threads="0" lastid="0000000000835D00" lastname="Default Executor-thread-1" />
</exclusive-start>
<af-start id="1020" threadId="0000000000836778" totalBytesRequested="48" timestamp="2025-12-11T03:04:40.417" intervalms="120.195" type="nursery" />
<cycle-start id="1021" type="scavenge" contextid="0" timestamp="2025-12-11T03:04:40.418" intervalms="118.518" />
<gc-start id="1022" type="scavenge" contextid="1021" timestamp="2025-12-11T03:04:40.420">
  <mem-info id="1023" free="1576328" total="31457280" percent="5">
    <mem type="nursery" free="0" total="13500416" percent="0">
      <mem type="allocate" free="0" total="9437184" percent="0" />
      <mem type="survivor" free="0" total="4063232" percent="0" />
    </mem>
    <mem type="tenure" free="1576328" total="17956864" percent="8">
      <mem type="soa" free="678280" total="17058816" percent="3" />
      <mem type="loa" free="898048" total="898048" percent="100" />
    </mem>
    <remembered-set count="1176" />
  </mem-info>
</gc-start>
<allocation-stats totalBytes="7426640" discardedBytes="1160" >
  <allocated-bytes non-tlh="16600" tlh="7410040" />
  <largest-consumer threadName="Default Executor-thread-1" threadId="0000000000835D00" bytes="7348880" />
</allocation-stats>
<gc-op id="1024" type="scavenge" timems="4.735" contextid="1021" timestamp="2025-12-11T03:04:40.426">
  <scavenger-info tenureage="2" tenuremask="fff4" tiltratio="69" />
  <memory-copied type="nursery" objects="32909" bytes="2160160" bytesdiscarded="35888" />
  <memory-copied type="tenure" objects="11033" bytes="1066424" bytesdiscarded="200" />
  <ownableSynchronizers candidates="274" cleared="123" />
  <references type="weak" candidates="2" cleared="0" enqueued="0" />
  <references type="phantom" candidates="180" cleared="0" enqueued="0" />
  <object-monitors candidates="21" cleared="0"  />
  <heap-resize type="expand" space="tenure" amount="262144" count="4" timems="0.134" reason="continue current collection" />
</gc-op>
<gc-end id="1025" type="scavenge" contextid="1021" durationms="7.135" usertimems="10.193" systemtimems="2.107" stalltimems="2.571" timestamp="2025-12-11T03:04:40.427" activeThreads="3">
  <mem-info id="1026" free="8077576" total="31719424" percent="25">
    <mem type="nursery" free="7435352" total="13500416" percent="55">
      <mem type="allocate" free="7435352" total="9633792" percent="77" />
      <mem type="survivor" free="0" total="3866624" percent="0" />
    </mem>
    <mem type="tenure" free="642224" total="18219008" percent="3">
      <mem type="soa" free="0" total="17307648" percent="0" />
      <mem type="loa" free="642224" total="911360" percent="70" />
    </mem>
    <remembered-set count="837" />
  </mem-info>
</gc-end>
<cycle-end id="1027" type="scavenge" contextid="1021" timestamp="2025-12-11T03:04:40.428" />
<allocation-satisfied id="1028" threadId="0000000000835D00" bytesRequested="48" />
<af-end id="1029" timestamp="2025-12-11T03:04:40.436" threadId="0000000000836778" success="true" from="nursery"/>
<exclusive-end id="1030" timestamp="2025-12-11T03:04:40.436" durationms="19.927" />

<exclusive-start id="1031" timestamp="2025-12-11T03:04:40.519" intervalms="102.960">
  <response-info timems="0.101" idlems="0.101" threads="0" lastid="0000000000835D00" lastname="Default Executor-thread-1" />
</exclusive-start>
<af-start id="1032" threadId="0000000000836778" totalBytesRequested="24" timestamp="2025-12-11T03:04:40.522" intervalms="104.542" type="tenure" />
<concurrent-end id="1033" type="global mark" contextid="1016" timestamp="2025-12-11T03:04:40.524">
<gc-op id="1034" type="trace" timems="120.674" contextid="1016" timestamp="2025-12-11T03:04:40.524">
  <trace bytesTraced="8702900" workStackOverflowCount="0" />
  <card-cleaning bytesTraced="0" cardsCleaned="0" />
</gc-op>
</concurrent-end>

<gc-start id="1035" type="global" contextid="1016" timestamp="2025-12-11T03:04:40.529">
  <mem-info id="1036" free="3154136" total="31719424" percent="9">
    <mem type="nursery" free="2511912" total="13500416" percent="18">
      <mem type="allocate" free="2511912" total="9633792" percent="26" />
      <mem type="survivor" free="0" total="3866624" percent="0" />
    </mem>
    <mem type="tenure" free="642224" total="18219008" percent="3">
      <mem type="soa" free="0" total="17307648" percent="0" />
      <mem type="loa" free="642224" total="911360" percent="70" />
    </mem>
    <remembered-set count="999" />
  </mem-info>
</gc-start>
<allocation-stats totalBytes="4923032" discardedBytes="408" >
  <allocated-bytes non-tlh="48" tlh="4922984" />
  <largest-consumer threadName="Default Executor-thread-1" threadId="0000000000835D00" bytes="4857568" />
</allocation-stats>
<concurrent-halted id="1037" timestamp="2025-12-11T03:04:40.532">
  <halted state="Complete" status="trace only" />
  <traced bytesTarget="7637309" bytesTotal="8702900" bytesByMutator="2131876" bytesByHelper="6571024" percent="113" />
  <cards cleaned="0" thresholdBytes="413067" />
</concurrent-halted>
<gc-op id="1038" type="rs-scan" timems="4.789" contextid="1016" timestamp="2025-12-11T03:04:40.537">
  <scan objectsFound="43334" bytesTraced="1289480" workStackOverflowCount="0" />
</gc-op>
<gc-op id="1039" type="card-cleaning" timems="3.801" contextid="1016" timestamp="2025-12-11T03:04:40.543">
  <card-cleaning cardsCleaned="267" bytesTraced="497708" workStackOverflowCount="0" />
</gc-op>
<gc-op id="1040" type="mark" timems="8.945" contextid="1016" timestamp="2025-12-11T03:04:40.554">
  <trace-info objectcount="272" scancount="231" scanbytes="5528" />
  <finalization candidates="733" enqueued="0" />
  <ownableSynchronizers candidates="1035" cleared="92" />
  <references type="soft" candidates="4488" cleared="0" enqueued="0" dynamicThreshold="9" maxThreshold="32" />
  <references type="weak" candidates="1316" cleared="6" enqueued="6" />
  <references type="phantom" candidates="427" cleared="0" enqueued="0" />
  <stringconstants candidates="12758" cleared="1"  />
  <object-monitors candidates="21" cleared="0"  />
</gc-op>
<gc-op id="1041" type="sweep" timems="3.678" contextid="1016" timestamp="2025-12-11T03:04:40.559" />
<heap-resize id="1042" type="expand" space="tenure" amount="4980736" count="1" timems="0.095" reason="insufficient free space following gc" timestamp="2025-12-11T03:04:40.560" />
<gc-end id="1043" type="global" contextid="1016" durationms="31.429" usertimems="33.720" systemtimems="40.909" stalltimems="138.686" timestamp="2025-12-11T03:04:40.561" activeThreads="15">
  <mem-info id="1044" free="13231360" total="36700160" percent="36">
    <mem type="nursery" free="6262536" total="13500416" percent="46">
      <mem type="allocate" free="6262536" total="9633792" percent="65" />
      <mem type="survivor" free="0" total="3866624" percent="0" />
    </mem>
    <mem type="tenure" free="6968824" total="23199744" percent="30" micro-fragmented="247163" macro-fragmented="0">
      <mem type="soa" free="5808632" total="22039552" percent="26" />
      <mem type="loa" free="1160192" total="1160192" percent="100" />
    </mem>
    <pending-finalizers system="0" default="0" reference="6" classloader="0" />
    <remembered-set count="979" />
  </mem-info>
</gc-end>
<cycle-end id="1045" type="global" contextid="1016" timestamp="2025-12-11T03:04:40.561" />
<allocation-satisfied id="1046" threadId="0000000000835D00" bytesRequested="24" />
<af-end id="1047" timestamp="2025-12-11T03:04:40.563" threadId="0000000000836778" success="true" from="tenure-soa"/>
<exclusive-end id="1048" timestamp="2025-12-11T03:04:40.564" durationms="44.280" />

<exclusive-start id="1049" timestamp="2025-12-11T03:04:40.740" intervalms="221.039">
  <response-info timems="0.067" idlems="0.067" threads="0" lastid="0000000000835D00" lastname="Default Executor-thread-1" />
</exclusive-start>
<af-start id="1050" threadId="0000000000836778" totalBytesRequested="24" timestamp="2025-12-11T03:04:40.741" intervalms="219.681" type="nursery" />
<cycle-start id="1051" type="scavenge" contextid="0" timestamp="2025-12-11T03:04:40.742" intervalms="324.231" />
<gc-start id="1052" type="scavenge" contextid="1051" timestamp="2025-12-11T03:04:40.743">
  <mem-info id="1053" free="6968392" total="36700160" percent="18">
    <mem type="nursery" free="0" total="13500416" percent="0">
      <mem type="allocate" free="0" total="9633792" percent="0" />
      <mem type="survivor" free="0" total="3866624" percent="0" />
    </mem>
    <mem type="tenure" free="6968392" total="23199744" percent="30">
      <mem type="soa" free="5808200" total="22039552" percent="26" />
      <mem type="loa" free="1160192" total="1160192" percent="100" />
    </mem>
    <remembered-set count="1566" />
  </mem-info>
</gc-start>
<allocation-stats totalBytes="6137328" discardedBytes="103872" >
  <allocated-bytes non-tlh="1730336" tlh="4406992" />
  <largest-consumer threadName="Default Executor-thread-1" threadId="0000000000835D00" bytes="6063336" />
</allocation-stats>
<gc-op id="1054" type="scavenge" timems="4.870" contextid="1051" timestamp="2025-12-11T03:04:40.750">
  <scavenger-info tenureage="4" tenuremask="fff0" tiltratio="71" />
  <memory-copied type="nursery" objects="56270" bytes="3588200" bytesdiscarded="82304" />
  <ownableSynchronizers candidates="1800" cleared="1584" />
  <references type="weak" candidates="2" cleared="0" enqueued="0" />
  <references type="phantom" candidates="300" cleared="0" enqueued="0" />
  <object-monitors candidates="21" cleared="0"  />
</gc-op>
<gc-end id="1055" type="scavenge" contextid="1051" durationms="8.889" usertimems="7.334" systemtimems="5.183" stalltimems="2.833" timestamp="2025-12-11T03:04:40.752" activeThreads="3">
  <mem-info id="1056" free="11026920" total="36700160" percent="30">
    <mem type="nursery" free="4058528" total="13500416" percent="30">
      <mem type="allocate" free="4058528" total="7733248" percent="52" />
      <mem type="survivor" free="0" total="5767168" percent="0" />
    </mem>
    <mem type="tenure" free="6968392" total="23199744" percent="30">
      <mem type="soa" free="5808200" total="22039552" percent="26" />
      <mem type="loa" free="1160192" total="1160192" percent="100" />
    </mem>
    <remembered-set count="912" />
  </mem-info>
</gc-end>
<cycle-end id="1057" type="scavenge" contextid="1051" timestamp="2025-12-11T03:04:40.753" />
<allocation-satisfied id="1058" threadId="0000000000835D00" bytesRequested="24" />
<af-end id="1059" timestamp="2025-12-11T03:04:40.755" threadId="0000000000836778" success="true" from="nursery"/>
<exclusive-end id="1060" timestamp="2025-12-11T03:04:40.756" durationms="15.451" />

<exclusive-start id="1061" timestamp="2025-12-11T03:04:40.846" intervalms="105.477">
  <response-info timems="0.064" idlems="0.064" threads="0" lastid="0000000000835D00" lastname="Default Executor-thread-1" />
</exclusive-start>
<af-start id="1062" threadId="0000000000836778" totalBytesRequested="8200" timestamp="2025-12-11T03:04:40.847" intervalms="105.510" type="nursery" />
<cycle-start id="1063" type="scavenge" contextid="0" timestamp="2025-12-11T03:04:40.848" intervalms="105.263" />
<gc-start id="1064" type="scavenge" contextid="1063" timestamp="2025-12-11T03:04:40.849">
  <mem-info id="1065" free="6968328" total="36700160" percent="18">
    <mem type="nursery" free="0" total="13500416" percent="0">
      <mem type="allocate" free="0" total="7733248" percent="0" />
      <mem type="survivor" free="0" total="5767168" percent="0" />
    </mem>
    <mem type="tenure" free="6968328" total="23199744" percent="30">
      <mem type="soa" free="5808136" total="22039552" percent="26" />
      <mem type="loa" free="1160192" total="1160192" percent="100" />
    </mem>
    <remembered-set count="1025" />
  </mem-info>
</gc-start>
<allocation-stats totalBytes="4051632" discardedBytes="6960" >
  <allocated-bytes non-tlh="88" tlh="4051544" />
  <largest-consumer threadName="Default Executor-thread-1" threadId="0000000000835D00" bytes="4002480" />
</allocation-stats>
<gc-op id="1066" type="scavenge" timems="5.235" contextid="1063" timestamp="2025-12-11T03:04:40.855">
  <scavenger-info tenureage="2" tenuremask="fff4" tiltratio="57" />
  <memory-copied type="nursery" objects="42520" bytes="2493424" bytesdiscarded="51544" />
  <memory-copied type="tenure" objects="20452" bytes="1339040" bytesdiscarded="10336" />
  <ownableSynchronizers candidates="286" cleared="42" />
  <references type="weak" candidates="3" cleared="0" enqueued="0" />
  <references type="phantom" candidates="184" cleared="0" enqueued="0" />
  <object-monitors candidates="21" cleared="0"  />
</gc-op>
<heap-resize id="1067" type="expand" space="nursery" amount="655360" count="1" timems="0.055" reason="excessive time being spent scavenging" timestamp="2025-12-11T03:04:40.856" />
<gc-end id="1068" type="scavenge" contextid="1063" durationms="8.035" usertimems="14.841" systemtimems="0.000" stalltimems="1.662" timestamp="2025-12-11T03:04:40.857" activeThreads="3">
  <mem-info id="1069" free="11239032" total="37355520" percent="30">
    <mem type="nursery" free="5840600" total="14155776" percent="41">
      <mem type="allocate" free="5840600" total="8388608" percent="69" />
      <mem type="survivor" free="0" total="5767168" percent="0" />
    </mem>
    <mem type="tenure" free="5398432" total="23199744" percent="23">
      <mem type="soa" free="4238240" total="22039552" percent="19" />
      <mem type="loa" free="1160192" total="1160192" percent="100" />
    </mem>
    <remembered-set count="889" />
  </mem-info>
</gc-end>
<cycle-end id="1070" type="scavenge" contextid="1063" timestamp="2025-12-11T03:04:40.857" />
<allocation-satisfied id="1071" threadId="0000000000835D00" bytesRequested="8200" />
<af-end id="1072" timestamp="2025-12-11T03:04:40.859" threadId="0000000000836778" success="true" from="nursery"/>
<exclusive-end id="1073" timestamp="2025-12-11T03:04:40.860" durationms="13.594" />

<exclusive-start id="1074" timestamp="2025-12-11T03:04:41.048" intervalms="201.948">
  <response-info timems="0.080" idlems="0.080" threads="0" lastid="0000000000835D00" lastname="Default Executor-thread-1" />
</exclusive-start>
<af-start id="1075" threadId="0000000000836778" totalBytesRequested="3408" timestamp="2025-12-11T03:04:41.051" intervalms="204.102" type="nursery" />
<cycle-start id="1076" type="scavenge" contextid="0" timestamp="2025-12-11T03:04:41.053" intervalms="205.325" />
<gc-start id="1077" type="scavenge" contextid="1076" timestamp="2025-12-11T03:04:41.056">
  <mem-info id="1078" free="5397264" total="37355520" percent="14">
    <mem type="nursery" free="0" total="14155776" percent="0">
      <mem type="allocate" free="0" total="8388608" percent="0" />
      <mem type="survivor" free="0" total="5767168" percent="0" />
    </mem>
    <mem type="tenure" free="5397264" total="23199744" percent="23">
      <mem type="soa" free="4237072" total="22039552" percent="19" />
      <mem type="loa" free="1160192" total="1160192" percent="100" />
    </mem>
    <remembered-set count="1057" />
  </mem-info>
</gc-start>
<allocation-stats totalBytes="5791720" discardedBytes="50048" >
  <allocated-bytes non-tlh="187840" tlh="5603880" />
  <largest-consumer threadName="Default Executor-thread-1" threadId="0000000000835D00" bytes="5750808" />
</allocation-stats>
<gc-op id="1079" type="scavenge" timems="5.846" contextid="1076" timestamp="2025-12-11T03:04:41.071">
  <scavenger-info tenureage="5" tenuremask="ffe0" tiltratio="59" />
  <memory-copied type="nursery" objects="49633" bytes="2899096" bytesdiscarded="146848" />
  <ownableSynchronizers candidates="220" cleared="36" />
  <references type="weak" candidates="1" cleared="0" enqueued="0" />
  <references type="phantom" candidates="218" cleared="0" enqueued="0" />
  <object-monitors candidates="21" cleared="0"  />
</gc-op>
<heap-resize id="1080" type="expand" space="nursery" amount="655360" count="1" timems="0.073" reason="excessive time being spent scavenging" timestamp="2025-12-11T03:04:41.075" />
<gc-end id="1081" type="scavenge" contextid="1076" durationms="23.477" usertimems="18.505" systemtimems="0.771" stalltimems="4.607" timestamp="2025-12-11T03:04:41.079" activeThreads="4">
  <mem-info id="1082" free="11653920" total="38010880" percent="30">
    <mem type="nursery" free="6256656" total="14811136" percent="42">
      <mem type="allocate" free="6256656" total="9306112" percent="67" />
      <mem type="survivor" free="0" total="5505024" percent="0" />
    </mem>
    <mem type="tenure" free="5397264" total="23199744" percent="23">
      <mem type="soa" free="4237072" total="22039552" percent="19" />
      <mem type="loa" free="1160192" total="1160192" percent="100" />
    </mem>
    <remembered-set count="961" />
  </mem-info>
</gc-end>
<cycle-end id="1083" type="scavenge" contextid="1076" timestamp="2025-12-11T03:04:41.083" />
<allocation-satisfied id="1084" threadId="0000000000835D00" bytesRequested="3408" />
<af-end id="1085" timestamp="2025-12-11T03:04:41.087" threadId="0000000000836778" success="true" from="nursery"/>
<exclusive-end id="1086" timestamp="2025-12-11T03:04:41.088" durationms="40.373" />

<exclusive-start id="1087" timestamp="2025-12-11T03:04:41.222" intervalms="173.970">
  <response-info timems="0.067" idlems="0.067" threads="0" lastid="0000000000835D00" lastname="Default Executor-thread-1" />
</exclusive-start>
<af-start id="1088" threadId="0000000000836778" totalBytesRequested="16392" timestamp="2025-12-11T03:04:41.226" intervalms="175.448" type="nursery" />
<cycle-start id="1089" type="scavenge" contextid="0" timestamp="2025-12-11T03:04:41.230" intervalms="176.695" />
<gc-start id="1090" type="scavenge" contextid="1089" timestamp="2025-12-11T03:04:41.234">
  <mem-info id="1091" free="5396408" total="38010880" percent="14">
    <mem type="nursery" free="0" total="14811136" percent="0">
      <mem type="allocate" free="0" total="9306112" percent="0" />
      <mem type="survivor" free="0" total="5505024" percent="0" />
    </mem>
    <mem type="tenure" free="5396408" total="23199744" percent="23">
      <mem type="soa" free="4236216" total="22039552" percent="19" />
      <mem type="loa" free="1160192" total="1160192" percent="100" />
    </mem>
    <remembered-set count="1278" />
  </mem-info>
</gc-start>
<allocation-stats totalBytes="6247912" discardedBytes="9600" >
  <allocated-bytes non-tlh="297456" tlh="5950456" />
  <largest-consumer threadName="Default Executor-thread-1" threadId="0000000000835D00" bytes="6182504" />
</allocation-stats>
<gc-op id="1092" type="scavenge" timems="6.557" contextid="1089" timestamp="2025-12-11T03:04:41.248">
  <scavenger-info tenureage="2" tenuremask="782c" tiltratio="62" />
  <memory-copied type="nursery" objects="18444" bytes="1543688" bytesdiscarded="151424" />
  <memory-copied type="tenure" objects="42470" bytes="2488976" bytesdiscarded="1200" />
  <ownableSynchronizers candidates="283" cleared="59" />
  <references type="weak" candidates="3" cleared="1" enqueued="1" />
  <references type="phantom" candidates="94" cleared="0" enqueued="0" />
  <object-monitors candidates="21" cleared="0"  />
</gc-op>
<heap-resize id="1093" type="expand" space="nursery" amount="786432" count="1" timems="0.072" reason="excessive time being spent scavenging" timestamp="2025-12-11T03:04:41.253" />
<gc-end id="1094" type="scavenge" contextid="1089" durationms="24.248" usertimems="11.584" systemtimems="5.262" stalltimems="2.837" timestamp="2025-12-11T03:04:41.258" activeThreads="3">
  <mem-info id="1095" free="11594240" total="38797312" percent="29">
    <mem type="nursery" free="8723864" total="15597568" percent="55">
      <mem type="allocate" free="8723864" total="10420224" percent="83" />
      <mem type="survivor" free="0" total="5177344" percent="0" />
    </mem>
    <mem type="tenure" free="2870376" total="23199744" percent="12">
      <mem type="soa" free="1710184" total="22039552" percent="7" />
      <mem type="loa" free="1160192" total="1160192" percent="100" />
    </mem>
    <pending-finalizers system="0" default="0" reference="1" classloader="0" />
    <remembered-set count="616" />
  </mem-info>
</gc-end>
<cycle-end id="1096" type="scavenge" contextid="1089" timestamp="2025-12-11T03:04:41.262" />
<allocation-satisfied id="1097" threadId="0000000000835D00" bytesRequested="16392" />
<af-end id="1098" timestamp="2025-12-11T03:04:41.273" threadId="0000000000836778" success="true" from="nursery"/>
<exclusive-end id="1099" timestamp="2025-12-11T03:04:41.276" durationms="54.399" />

<concurrent-kickoff id="1100" timestamp="2025-12-11T03:04:41.374">
  <kickoff reason="threshold reached" targetBytes="11025813" thresholdFreeBytes="1502594"  remainingFree="1277336" tenureFreeBytes="2870376" nurseryFreeBytes="1277336" />
</concurrent-kickoff>
<exclusive-start id="1101" timestamp="2025-12-11T03:04:41.377" intervalms="154.842">
  <response-info timems="0.070" idlems="0.070" threads="0" lastid="0000000000835D00" lastname="Default Executor-thread-1" />
</exclusive-start>
<cycle-start id="1102" type="global" contextid="0" timestamp="2025-12-11T03:04:41.380" intervalms="982.026" />
<concurrent-start id="1103" type="global mark" contextid="1102" timestamp="2025-12-11T03:04:41.382">
</concurrent-start>
<exclusive-end id="1104" timestamp="2025-12-11T03:04:41.384" durationms="7.003" />

<exclusive-start id="1105" timestamp="2025-12-11T03:04:41.425" intervalms="48.393">
  <response-info timems="0.326" idlems="0.326" threads="0" lastid="0000000000835D00" lastname="Default Executor-thread-1" />
</exclusive-start>
<af-start id="1106" threadId="0000000000836778" totalBytesRequested="24" timestamp="2025-12-11T03:04:41.426" intervalms="199.493" type="nursery" />
<cycle-start id="1107" type="scavenge" contextid="0" timestamp="2025-12-11T03:04:41.427" intervalms="197.089" />
<gc-start id="1108" type="scavenge" contextid="1107" timestamp="2025-12-11T03:04:41.428">
  <mem-info id="1109" free="2870376" total="38797312" percent="7">
    <mem type="nursery" free="0" total="15597568" percent="0">
      <mem type="allocate" free="0" total="10420224" percent="0" />
      <mem type="survivor" free="0" total="5177344" percent="0" />
    </mem>
    <mem type="tenure" free="2870376" total="23199744" percent="12">
      <mem type="soa" free="1710184" total="22039552" percent="7" />
      <mem type="loa" free="1160192" total="1160192" percent="100" />
    </mem>
    <remembered-set count="1258" />
  </mem-info>
</gc-start>
<allocation-stats totalBytes="8720928" discardedBytes="2936" >
  <allocated-bytes non-tlh="225216" tlh="8495712" />
  <largest-consumer threadName="Default Executor-thread-1" threadId="0000000000835D00" bytes="8614656" />
</allocation-stats>
<gc-op id="1110" type="scavenge" timems="4.003" contextid="1107" timestamp="2025-12-11T03:04:41.433">
  <scavenger-info tenureage="11" tenuremask="7800" tiltratio="66" />
  <memory-copied type="nursery" objects="39554" bytes="2969472" bytesdiscarded="39952" />
  <ownableSynchronizers candidates="320" cleared="153" />
  <references type="weak" candidates="1" cleared="0" enqueued="0" />
  <references type="phantom" candidates="245" cleared="0" enqueued="0" />
  <object-monitors candidates="21" cleared="0"  />
</gc-op>
<gc-end id="1111" type="scavenge" contextid="1107" durationms="6.480" usertimems="4.552" systemtimems="5.636" stalltimems="2.114" timestamp="2025-12-11T03:04:41.434" activeThreads="3">
  <mem-info id="1112" free="10081288" total="38797312" percent="25">
    <mem type="nursery" free="7210912" total="15597568" percent="46">
      <mem type="allocate" free="7210912" total="10223616" percent="70" />
      <mem type="survivor" free="0" total="5373952" percent="0" />
    </mem>
    <mem type="tenure" free="2870376" total="23199744" percent="12">
      <mem type="soa" free="1710184" total="22039552" percent="7" />
      <mem type="loa" free="1160192" total="1160192" percent="100" />
    </mem>
    <remembered-set count="962" />
  </mem-info>
</gc-end>
<cycle-end id="1113" type="scavenge" contextid="1107" timestamp="2025-12-11T03:04:41.435" />
<allocation-satisfied id="1114" threadId="0000000000835D00" bytesRequested="24" />
<af-end id="1115" timestamp="2025-12-11T03:04:41.437" threadId="0000000000836778" success="true" from="nursery"/>
<exclusive-end id="1116" timestamp="2025-12-11T03:04:41.438" durationms="12.751" />

<concurrent-end id="1117" type="global mark" contextid="1102" timestamp="2025-12-11T03:04:41.499">
<gc-op id="1118" type="trace" timems="117.106" contextid="1102" timestamp="2025-12-11T03:04:41.499">
  <trace bytesTraced="10746928" workStackOverflowCount="0" />
  <card-cleaning reason="card cleaning threshold reached" bytesTraced="42912" cardsCleaned="64" />
</gc-op>
</concurrent-end>

<exclusive-start id="1119" timestamp="2025-12-11T03:04:41.501" intervalms="76.115">
  <response-info timems="0.100" idlems="0.100" threads="0" lastid="0000000000835D00" lastname="Default Executor-thread-1" />
</exclusive-start>
<concurrent-global-final id="1120" timestamp="2025-12-11T03:04:41.502" contextid="1102" intervalms="2965.413" >
  <concurrent-trace-info reason="card cleaning threshold reached" tracedByMutators="3932088" tracedByHelpers="6857752" cardsCleaned="64" workStackOverflowCount="0" />
</concurrent-global-final>
<gc-start id="1121" type="global" contextid="1102" timestamp="2025-12-11T03:04:41.503">
  <mem-info id="1122" free="2870376" total="38797312" percent="7">
    <mem type="nursery" free="0" total="15597568" percent="0">
      <mem type="allocate" free="0" total="10223616" percent="0" />
      <mem type="survivor" free="0" total="5373952" percent="0" />
    </mem>
    <mem type="tenure" free="2870376" total="23199744" percent="12">
      <mem type="soa" free="1710184" total="22039552" percent="7" />
      <mem type="loa" free="1160192" total="1160192" percent="100" />
    </mem>
    <remembered-set count="1223" />
  </mem-info>
</gc-start>
<allocation-stats totalBytes="7209672" discardedBytes="1240" >
  <allocated-bytes non-tlh="24" tlh="7209648" />
  <largest-consumer threadName="Default Executor-thread-1" threadId="0000000000835D00" bytes="7168760" />
</allocation-stats>
<gc-op id="1123" type="rs-scan" timems="5.788" contextid="1102" timestamp="2025-12-11T03:04:41.510">
  <scan objectsFound="33639" bytesTraced="1008316" workStackOverflowCount="0" />
</gc-op>
<gc-op id="1124" type="card-cleaning" timems="2.404" contextid="1102" timestamp="2025-12-11T03:04:41.514">
  <card-cleaning cardsCleaned="375" bytesTraced="541116" workStackOverflowCount="0" />
</gc-op>
<gc-op id="1125" type="mark" timems="10.994" contextid="1102" timestamp="2025-12-11T03:04:41.525">
  <trace-info objectcount="1954" scancount="1572" scanbytes="45680" />
  <finalization candidates="733" enqueued="0" />
  <ownableSynchronizers candidates="1278" cleared="65" />
  <references type="soft" candidates="4488" cleared="0" enqueued="0" dynamicThreshold="9" maxThreshold="32" />
  <references type="weak" candidates="1309" cleared="0" enqueued="0" />
  <references type="phantom" candidates="412" cleared="0" enqueued="0" />
  <stringconstants candidates="12793" cleared="3"  />
  <object-monitors candidates="21" cleared="0"  />
</gc-op>
<gc-op id="1126" type="sweep" timems="5.210" contextid="1102" timestamp="2025-12-11T03:04:41.531" />
<heap-resize id="1127" type="expand" space="tenure" amount="2555904" count="1" timems="2.164" reason="insufficient free space following gc" timestamp="2025-12-11T03:04:41.534" />
<gc-end id="1128" type="global" contextid="1102" durationms="32.345" usertimems="21.384" systemtimems="52.078" stalltimems="222.408" timestamp="2025-12-11T03:04:41.535" activeThreads="18">
  <mem-info id="1129" free="12850040" total="41353216" percent="31">
    <mem type="nursery" free="5115264" total="15597568" percent="32">
      <mem type="allocate" free="5115264" total="10223616" percent="50" />
      <mem type="survivor" free="0" total="5373952" percent="0" />
    </mem>
    <mem type="tenure" free="7734776" total="25755648" percent="30" micro-fragmented="309375" macro-fragmented="0">
      <mem type="soa" free="6446584" total="24467456" percent="26" />
      <mem type="loa" free="1288192" total="1288192" percent="100" />
    </mem>
    <remembered-set count="1208" />
  </mem-info>
</gc-end>
<cycle-end id="1130" type="global" contextid="1102" timestamp="2025-12-11T03:04:41.536" />
<exclusive-end id="1131" timestamp="2025-12-11T03:04:41.537" durationms="35.693" />

<exclusive-start id="1132" timestamp="2025-12-11T03:04:41.626" intervalms="125.139">
  <response-info timems="0.068" idlems="0.068" threads="0" lastid="0000000000835D00" lastname="Default Executor-thread-1" />
</exclusive-start>
<af-start id="1133" threadId="0000000000836778" totalBytesRequested="35112" timestamp="2025-12-11T03:04:41.627" intervalms="201.192" type="nursery" />
<cycle-start id="1134" type="scavenge" contextid="0" timestamp="2025-12-11T03:04:41.628" intervalms="201.143" />
<gc-start id="1135" type="scavenge" contextid="1134" timestamp="2025-12-11T03:04:41.629">
  <mem-info id="1136" free="7733736" total="41353216" percent="18">
    <mem type="nursery" free="0" total="15597568" percent="0">
      <mem type="allocate" free="0" total="10223616" percent="0" />
      <mem type="survivor" free="0" total="5373952" percent="0" />
    </mem>
    <mem type="tenure" free="7733736" total="25755648" percent="30">
      <mem type="soa" free="6445544" total="24467456" percent="26" />
      <mem type="loa" free="1288192" total="1288192" percent="100" />
    </mem>
    <remembered-set count="1423" />
  </mem-info>
</gc-start>
<allocation-stats totalBytes="5014024" discardedBytes="95424" >
  <allocated-bytes non-tlh="989800" tlh="4024224" />
  <largest-consumer threadName="Default Executor-thread-1" threadId="0000000000835D00" bytes="4946752" />
</allocation-stats>
<gc-op id="1137" type="scavenge" timems="5.929" contextid="1134" timestamp="2025-12-11T03:04:41.636">
  <scavenger-info tenureage="3" tenuremask="7808" tiltratio="65" />
  <memory-copied type="nursery" objects="61137" bytes="3826304" bytesdiscarded="37264" />
  <memory-copied type="tenure" objects="6752" bytes="252000" bytesdiscarded="536" />
  <ownableSynchronizers candidates="2571" cleared="2306" />
  <references type="weak" candidates="14" cleared="9" enqueued="9" />
  <references type="phantom" candidates="301" cleared="0" enqueued="0" />
  <object-monitors candidates="21" cleared="0"  />
</gc-op>
<gc-end id="1138" type="scavenge" contextid="1134" durationms="8.718" usertimems="15.491" systemtimems="1.108" stalltimems="2.115" timestamp="2025-12-11T03:04:41.637" activeThreads="3">
  <mem-info id="1139" free="13412416" total="41353216" percent="32">
    <mem type="nursery" free="5960920" total="15597568" percent="38">
      <mem type="allocate" free="5960920" total="9830400" percent="60" />
      <mem type="survivor" free="0" total="5767168" percent="0" />
    </mem>
    <mem type="tenure" free="7451496" total="25755648" percent="28">
      <mem type="soa" free="6163304" total="24467456" percent="25" />
      <mem type="loa" free="1288192" total="1288192" percent="100" />
    </mem>
    <pending-finalizers system="0" default="0" reference="9" classloader="0" />
    <remembered-set count="1305" />
  </mem-info>
</gc-end>
<cycle-end id="1140" type="scavenge" contextid="1134" timestamp="2025-12-11T03:04:41.640" />
<allocation-satisfied id="1141" threadId="0000000000835D00" bytesRequested="35112" />
<af-end id="1142" timestamp="2025-12-11T03:04:41.641" threadId="0000000000836778" success="true" from="nursery"/>
<exclusive-end id="1143" timestamp="2025-12-11T03:04:41.642" durationms="15.498" />

<exclusive-start id="1144" timestamp="2025-12-11T03:04:41.736" intervalms="109.632">
  <response-info timems="0.091" idlems="0.091" threads="0" lastid="0000000000835D00" lastname="Default Executor-thread-1" />
</exclusive-start>
<af-start id="1145" threadId="0000000000836778" totalBytesRequested="1032" timestamp="2025-12-11T03:04:41.737" intervalms="109.877" type="nursery" />
<cycle-start id="1146" type="scavenge" contextid="0" timestamp="2025-12-11T03:04:41.738" intervalms="110.053" />
<gc-start id="1147" type="scavenge" contextid="1146" timestamp="2025-12-11T03:04:41.739">
  <mem-info id="1148" free="7450200" total="41353216" percent="18">
    <mem type="nursery" free="0" total="15597568" percent="0">
      <mem type="allocate" free="0" total="9830400" percent="0" />
      <mem type="survivor" free="0" total="5767168" percent="0" />
    </mem>
    <mem type="tenure" free="7450200" total="25755648" percent="28">
      <mem type="soa" free="6162008" total="24467456" percent="25" />
      <mem type="loa" free="1288192" total="1288192" percent="100" />
    </mem>
    <remembered-set count="1719" />
  </mem-info>
</gc-start>
<allocation-stats totalBytes="5960656" discardedBytes="1560" >
  <allocated-bytes non-tlh="36408" tlh="5924248" />
  <largest-consumer threadName="Default Executor-thread-1" threadId="0000000000835D00" bytes="5956560" />
</allocation-stats>
<gc-op id="1149" type="scavenge" timems="5.467" contextid="1146" timestamp="2025-12-11T03:04:41.746">
  <scavenger-info tenureage="10" tenuremask="7c00" tiltratio="63" />
  <memory-copied type="nursery" objects="66228" bytes="3984640" bytesdiscarded="65224" />
  <finalization candidates="8" enqueued="8" />
  <ownableSynchronizers candidates="244" cleared="0" />
  <references type="soft" candidates="8" cleared="0" enqueued="0" dynamicThreshold="9" maxThreshold="32" />
  <references type="weak" candidates="15" cleared="7" enqueued="7" />
  <references type="phantom" candidates="302" cleared="4" enqueued="4" />
  <object-monitors candidates="21" cleared="0"  />
</gc-op>
<heap-resize id="1150" type="expand" space="nursery" amount="655360" count="1" timems="0.055" reason="excessive time being spent scavenging" timestamp="2025-12-11T03:04:41.747" />
<gc-end id="1151" type="scavenge" contextid="1146" durationms="8.856" usertimems="16.285" systemtimems="0.000" stalltimems="6.640" timestamp="2025-12-11T03:04:41.748" activeThreads="4">
  <mem-info id="1152" free="14077704" total="42008576" percent="33">
    <mem type="nursery" free="6627504" total="16252928" percent="40">
      <mem type="allocate" free="6627504" total="10682368" percent="62" />
      <mem type="survivor" free="0" total="5570560" percent="0" />
    </mem>
    <mem type="tenure" free="7450200" total="25755648" percent="28">
      <mem type="soa" free="6162008" total="24467456" percent="25" />
      <mem type="loa" free="1288192" total="1288192" percent="100" />
    </mem>
    <pending-finalizers system="8" default="0" reference="11" classloader="0" />
    <remembered-set count="1495" />
  </mem-info>
</gc-end>
<cycle-end id="1153" type="scavenge" contextid="1146" timestamp="2025-12-11T03:04:41.749" />
<allocation-satisfied id="1154" threadId="0000000000835D00" bytesRequested="1032" />
<af-end id="1155" timestamp="2025-12-11T03:04:41.750" threadId="0000000000836778" success="true" from="nursery"/>
<exclusive-end id="1156" timestamp="2025-12-11T03:04:41.751" durationms="15.132" />

<exclusive-start id="1157" timestamp="2025-12-11T03:04:41.843" intervalms="107.450">
  <response-info timems="0.092" idlems="0.092" threads="0" lastid="0000000000835D00" lastname="Default Executor-thread-1" />
</exclusive-start>
<af-start id="1158" threadId="0000000000836778" totalBytesRequested="4112" timestamp="2025-12-11T03:04:41.847" intervalms="110.049" type="nursery" />
<cycle-start id="1159" type="scavenge" contextid="0" timestamp="2025-12-11T03:04:41.849" intervalms="110.971" />
<gc-start id="1160" type="scavenge" contextid="1159" timestamp="2025-12-11T03:04:41.851">
  <mem-info id="1161" free="7450200" total="42008576" percent="17">
    <mem type="nursery" free="0" total="16252928" percent="0">
      <mem type="allocate" free="0" total="10682368" percent="0" />
      <mem type="survivor" free="0" total="5570560" percent="0" />
    </mem>
    <mem type="tenure" free="7450200" total="25755648" percent="28">
      <mem type="soa" free="6162008" total="24467456" percent="25" />
      <mem type="loa" free="1288192" total="1288192" percent="100" />
    </mem>
    <remembered-set count="2023" />
  </mem-info>
</gc-start>
<allocation-stats totalBytes="6624864" discardedBytes="2640" >
  <allocated-bytes non-tlh="1032" tlh="6623832" />
  <largest-consumer threadName="Default Executor-thread-1" threadId="0000000000835D00" bytes="6624864" />
</allocation-stats>
<gc-op id="1162" type="scavenge" timems="6.603" contextid="1159" timestamp="2025-12-11T03:04:41.860">
  <scavenger-info tenureage="2" tenuremask="7e14" tiltratio="65" />
  <memory-copied type="nursery" objects="33848" bytes="2044152" bytesdiscarded="126136" />
  <memory-copied type="tenure" objects="39660" bytes="2413144" bytesdiscarded="7264" />
  <ownableSynchronizers candidates="244" cleared="0" />
  <references type="soft" candidates="8" cleared="0" enqueued="0" dynamicThreshold="9" maxThreshold="32" />
  <references type="weak" candidates="3" cleared="0" enqueued="0" />
  <references type="phantom" candidates="146" cleared="0" enqueued="0" />
  <object-monitors candidates="21" cleared="0"  />
</gc-op>
<heap-resize id="1163" type="expand" space="nursery" amount="786432" count="1" timems="0.063" reason="excessive time being spent scavenging" timestamp="2025-12-11T03:04:41.863" />
<gc-end id="1164" type="scavenge" contextid="1159" durationms="13.536" usertimems="21.374" systemtimems="1.692" stalltimems="3.861" timestamp="2025-12-11T03:04:41.865" activeThreads="4">
  <mem-info id="1165" free="14160624" total="42795008" percent="33">
    <mem type="nursery" free="9362000" total="17039360" percent="54">
      <mem type="allocate" free="9362000" total="11534336" percent="81" />
      <mem type="survivor" free="0" total="5505024" percent="0" />
    </mem>
    <mem type="tenure" free="4798624" total="25755648" percent="18">
      <mem type="soa" free="3510432" total="24467456" percent="14" />
      <mem type="loa" free="1288192" total="1288192" percent="100" />
    </mem>
    <remembered-set count="1070" />
  </mem-info>
</gc-end>
<cycle-end id="1166" type="scavenge" contextid="1159" timestamp="2025-12-11T03:04:41.866" />
<allocation-satisfied id="1167" threadId="0000000000835D00" bytesRequested="4112" />
<af-end id="1168" timestamp="2025-12-11T03:04:41.868" threadId="0000000000836778" success="true" from="nursery"/>
<exclusive-end id="1169" timestamp="2025-12-11T03:04:41.869" durationms="25.918" />

<concurrent-kickoff id="1170" timestamp="2025-12-11T03:04:41.979">
  <kickoff reason="threshold reached" targetBytes="12098403" thresholdFreeBytes="1656354"  remainingFree="1342032" tenureFreeBytes="4798624" nurseryFreeBytes="1342032" />
</concurrent-kickoff>
<exclusive-start id="1171" timestamp="2025-12-11T03:04:41.980" intervalms="136.584">
  <response-info timems="0.072" idlems="0.072" threads="0" lastid="0000000000835D00" lastname="Default Executor-thread-1" />
</exclusive-start>
<cycle-start id="1172" type="global" contextid="0" timestamp="2025-12-11T03:04:41.981" intervalms="600.927" />
<concurrent-start id="1173" type="global mark" contextid="1172" timestamp="2025-12-11T03:04:41.982">
</concurrent-start>
<exclusive-end id="1174" timestamp="2025-12-11T03:04:41.982" durationms="2.426" />

<exclusive-start id="1175" timestamp="2025-12-11T03:04:42.022" intervalms="42.037">
  <response-info timems="0.068" idlems="0.068" threads="0" lastid="0000000000835D00" lastname="Default Executor-thread-1" />
</exclusive-start>
<af-start id="1176" threadId="0000000000836778" totalBytesRequested="32" timestamp="2025-12-11T03:04:42.023" intervalms="175.710" type="nursery" />
<cycle-start id="1177" type="scavenge" contextid="0" timestamp="2025-12-11T03:04:42.024" intervalms="174.707" />
<gc-start id="1178" type="scavenge" contextid="1177" timestamp="2025-12-11T03:04:42.025">
  <mem-info id="1179" free="4798624" total="42795008" percent="11">
    <mem type="nursery" free="0" total="17039360" percent="0">
      <mem type="allocate" free="0" total="11534336" percent="0" />
      <mem type="survivor" free="0" total="5505024" percent="0" />
    </mem>
    <mem type="tenure" free="4798624" total="25755648" percent="18">
      <mem type="soa" free="3510432" total="24467456" percent="14" />
      <mem type="loa" free="1288192" total="1288192" percent="100" />
    </mem>
    <remembered-set count="2100" />
  </mem-info>
</gc-start>
<allocation-stats totalBytes="9361008" discardedBytes="992" >
  <allocated-bytes non-tlh="4112" tlh="9356896" />
  <largest-consumer threadName="Default Executor-thread-1" threadId="0000000000835D00" bytes="9361008" />
</allocation-stats>
<gc-op id="1180" type="scavenge" timems="4.109" contextid="1177" timestamp="2025-12-11T03:04:42.030">
  <scavenger-info tenureage="4" tenuremask="7e10" tiltratio="67" />
  <memory-copied type="nursery" objects="13197" bytes="423440" bytesdiscarded="26264" />
  <memory-copied type="tenure" objects="21086" bytes="1358864" bytesdiscarded="2232" />
  <ownableSynchronizers candidates="104" cleared="0" />
  <references type="soft" candidates="8" cleared="0" enqueued="0" dynamicThreshold="9" maxThreshold="32" />
  <references type="weak" candidates="3" cleared="0" enqueued="0" />
  <object-monitors candidates="21" cleared="0"  />
</gc-op>
<gc-end id="1181" type="scavenge" contextid="1177" durationms="6.395" usertimems="9.647" systemtimems="3.224" stalltimems="4.352" timestamp="2025-12-11T03:04:42.031" activeThreads="4">
  <mem-info id="1182" free="15280984" total="42795008" percent="35">
    <mem type="nursery" free="11871032" total="17039360" percent="69">
      <mem type="allocate" free="11871032" total="12320768" percent="96" />
      <mem type="survivor" free="0" total="4718592" percent="0" />
    </mem>
    <mem type="tenure" free="3409952" total="25755648" percent="13">
      <mem type="soa" free="2121760" total="24467456" percent="8" />
      <mem type="loa" free="1288192" total="1288192" percent="100" />
    </mem>
    <remembered-set count="766" />
  </mem-info>
</gc-end>
<cycle-end id="1183" type="scavenge" contextid="1177" timestamp="2025-12-11T03:04:42.032" />
<allocation-satisfied id="1184" threadId="0000000000835D00" bytesRequested="32" />
<af-end id="1185" timestamp="2025-12-11T03:04:42.034" threadId="0000000000836778" success="true" from="nursery"/>
<exclusive-end id="1186" timestamp="2025-12-11T03:04:42.034" durationms="12.268" />

<concurrent-end id="1187" type="global mark" contextid="1172" timestamp="2025-12-11T03:04:42.051">
<gc-op id="1188" type="trace" timems="69.616" contextid="1172" timestamp="2025-12-11T03:04:42.051">
  <trace bytesTraced="12331296" workStackOverflowCount="0" />
  <card-cleaning reason="card cleaning threshold reached" bytesTraced="302604" cardsCleaned="754" />
</gc-op>
</concurrent-end>

<exclusive-start id="1189" timestamp="2025-12-11T03:04:42.053" intervalms="31.325">
  <response-info timems="0.071" idlems="0.071" threads="0" lastid="0000000000835D00" lastname="Default Executor-thread-1" />
</exclusive-start>
<concurrent-global-final id="1190" timestamp="2025-12-11T03:04:42.054" contextid="1172" intervalms="552.436" >
  <concurrent-trace-info reason="card cleaning threshold reached" tracedByMutators="3465452" tracedByHelpers="9168448" cardsCleaned="754" workStackOverflowCount="0" />
</concurrent-global-final>
<gc-start id="1191" type="global" contextid="1172" timestamp="2025-12-11T03:04:42.056">
  <mem-info id="1192" free="14703416" total="42795008" percent="34">
    <mem type="nursery" free="11293464" total="17039360" percent="66">
      <mem type="allocate" free="11293464" total="12320768" percent="91" />
      <mem type="survivor" free="0" total="4718592" percent="0" />
    </mem>
    <mem type="tenure" free="3409952" total="25755648" percent="13">
      <mem type="soa" free="2121760" total="24467456" percent="8" />
      <mem type="loa" free="1288192" total="1288192" percent="100" />
    </mem>
    <remembered-set count="780" />
  </mem-info>
</gc-start>
<allocation-stats totalBytes="577464" discardedBytes="104" >
  <allocated-bytes non-tlh="32" tlh="577432" />
  <largest-consumer threadName="Default Executor-thread-1" threadId="0000000000835D00" bytes="577464" />
</allocation-stats>
<gc-op id="1193" type="rs-scan" timems="3.406" contextid="1172" timestamp="2025-12-11T03:04:42.063">
  <scan objectsFound="11008" bytesTraced="361548" workStackOverflowCount="0" />
</gc-op>
<gc-op id="1194" type="card-cleaning" timems="2.582" contextid="1172" timestamp="2025-12-11T03:04:42.067">
  <card-cleaning cardsCleaned="13" bytesTraced="41688" workStackOverflowCount="0" />
</gc-op>
<gc-op id="1195" type="mark" timems="12.797" contextid="1172" timestamp="2025-12-11T03:04:42.081">
  <trace-info objectcount="2866" scancount="2857" scanbytes="117252" />
  <finalization candidates="733" enqueued="0" />
  <ownableSynchronizers candidates="1271" cleared="0" />
  <references type="soft" candidates="4496" cleared="0" enqueued="0" dynamicThreshold="9" maxThreshold="32" />
  <references type="weak" candidates="1316" cleared="0" enqueued="0" />
  <references type="phantom" candidates="348" cleared="0" enqueued="0" />
  <stringconstants candidates="12799" cleared="1"  />
  <object-monitors candidates="21" cleared="0"  />
</gc-op>
<gc-op id="1196" type="sweep" timems="5.447" contextid="1172" timestamp="2025-12-11T03:04:42.087" />
<heap-resize id="1197" type="expand" space="tenure" amount="5177344" count="1" timems="0.649" reason="insufficient free space following gc" timestamp="2025-12-11T03:04:42.089" />
<gc-end id="1198" type="global" contextid="1172" durationms="34.736" usertimems="37.185" systemtimems="28.778" stalltimems="269.608" timestamp="2025-12-11T03:04:42.091" activeThreads="20">
  <mem-info id="1199" free="20952224" total="47972352" percent="43">
    <mem type="nursery" free="11665168" total="17039360" percent="68">
      <mem type="allocate" free="11665168" total="12320768" percent="94" />
      <mem type="survivor" free="0" total="4718592" percent="0" />
    </mem>
    <mem type="tenure" free="9287056" total="30932992" percent="30" micro-fragmented="419107" macro-fragmented="0">
      <mem type="soa" free="7739792" total="29385728" percent="26" />
      <mem type="loa" free="1547264" total="1547264" percent="100" />
    </mem>
    <remembered-set count="780" />
  </mem-info>
</gc-end>
<cycle-end id="1200" type="global" contextid="1172" timestamp="2025-12-11T03:04:42.093" />
<exclusive-end id="1201" timestamp="2025-12-11T03:04:42.094" durationms="40.861" />

<exclusive-start id="1202" timestamp="2025-12-11T03:04:42.254" intervalms="200.786">
  <response-info timems="0.083" idlems="0.083" threads="0" lastid="0000000000835D00" lastname="Default Executor-thread-1" />
</exclusive-start>
<af-start id="1203" threadId="0000000000836778" totalBytesRequested="16" timestamp="2025-12-11T03:04:42.255" intervalms="232.586" type="nursery" />
<cycle-start id="1204" type="scavenge" contextid="0" timestamp="2025-12-11T03:04:42.256" intervalms="232.680" />
<gc-start id="1205" type="scavenge" contextid="1204" timestamp="2025-12-11T03:04:42.257">
  <mem-info id="1206" free="9286328" total="47972352" percent="19">
    <mem type="nursery" free="0" total="17039360" percent="0">
      <mem type="allocate" free="0" total="12320768" percent="0" />
      <mem type="survivor" free="0" total="4718592" percent="0" />
    </mem>
    <mem type="tenure" free="9286328" total="30932992" percent="30">
      <mem type="soa" free="7739064" total="29385728" percent="26" />
      <mem type="loa" free="1547264" total="1547264" percent="100" />
    </mem>
    <remembered-set count="1482" />
  </mem-info>
</gc-start>
<allocation-stats totalBytes="11649664" discardedBytes="14632" >
  <allocated-bytes non-tlh="65512" tlh="11584152" />
  <largest-consumer threadName="Default Executor-thread-1" threadId="0000000000835D00" bytes="11628536" />
</allocation-stats>
<gc-op id="1207" type="scavenge" timems="4.041" contextid="1204" timestamp="2025-12-11T03:04:42.263">
  <scavenger-info tenureage="10" tenuremask="7c00" tiltratio="72" />
  <memory-copied type="nursery" objects="37945" bytes="1913736" bytesdiscarded="48696" />
  <ownableSynchronizers candidates="2544" cleared="2540" />
  <references type="soft" candidates="8" cleared="0" enqueued="0" dynamicThreshold="9" maxThreshold="32" />
  <references type="weak" candidates="5" cleared="2" enqueued="2" />
  <object-monitors candidates="21" cleared="0"  />
</gc-op>
<gc-end id="1208" type="scavenge" contextid="1204" durationms="6.642" usertimems="13.166" systemtimems="0.000" stalltimems="3.396" timestamp="2025-12-11T03:04:42.264" activeThreads="4">
  <mem-info id="1209" free="19775688" total="47972352" percent="41">
    <mem type="nursery" free="10489360" total="17039360" percent="61">
      <mem type="allocate" free="10489360" total="12451840" percent="84" />
      <mem type="survivor" free="0" total="4587520" percent="0" />
    </mem>
    <mem type="tenure" free="9286328" total="30932992" percent="30">
      <mem type="soa" free="7739064" total="29385728" percent="26" />
      <mem type="loa" free="1547264" total="1547264" percent="100" />
    </mem>
    <pending-finalizers system="0" default="0" reference="2" classloader="0" />
    <remembered-set count="1164" />
  </mem-info>
</gc-end>
<cycle-end id="1210" type="scavenge" contextid="1204" timestamp="2025-12-11T03:04:42.265" />
<allocation-satisfied id="1211" threadId="0000000000835D00" bytesRequested="16" />
<af-end id="1212" timestamp="2025-12-11T03:04:42.266" threadId="0000000000836778" success="true" from="nursery"/>
<exclusive-end id="1213" timestamp="2025-12-11T03:04:42.267" durationms="12.602" />

<exclusive-start id="1214" timestamp="2025-12-11T03:04:42.351" intervalms="96.621">
  <response-info timems="0.084" idlems="0.084" threads="0" lastid="0000000000835D00" lastname="Default Executor-thread-1" />
</exclusive-start>
<af-start id="1215" threadId="0000000000836778" totalBytesRequested="4112" timestamp="2025-12-11T03:04:42.352" intervalms="96.514" type="nursery" />
<cycle-start id="1216" type="scavenge" contextid="0" timestamp="2025-12-11T03:04:42.353" intervalms="96.622" />
<gc-start id="1217" type="scavenge" contextid="1216" timestamp="2025-12-11T03:04:42.355">
  <mem-info id="1218" free="9286032" total="47972352" percent="19">
    <mem type="nursery" free="0" total="17039360" percent="0">
      <mem type="allocate" free="0" total="12451840" percent="0" />
      <mem type="survivor" free="0" total="4587520" percent="0" />
    </mem>
    <mem type="tenure" free="9286032" total="30932992" percent="30">
      <mem type="soa" free="7738768" total="29385728" percent="26" />
      <mem type="loa" free="1547264" total="1547264" percent="100" />
    </mem>
    <remembered-set count="1598" />
  </mem-info>
</gc-start>
<allocation-stats totalBytes="10485712" discardedBytes="3944" >
  <allocated-bytes non-tlh="312" tlh="10485400" />
  <largest-consumer threadName="Default Executor-thread-1" threadId="0000000000835D00" bytes="10485712" />
</allocation-stats>
<gc-op id="1219" type="scavenge" timems="3.005" contextid="1216" timestamp="2025-12-11T03:04:42.360">
  <scavenger-info tenureage="10" tenuremask="7c00" tiltratio="73" />
  <memory-copied type="nursery" objects="29628" bytes="1314440" bytesdiscarded="86096" />
  <ownableSynchronizers candidates="4" cleared="0" />
  <references type="soft" candidates="8" cleared="0" enqueued="0" dynamicThreshold="9" maxThreshold="32" />
  <references type="weak" candidates="4" cleared="1" enqueued="1" />
  <object-monitors candidates="21" cleared="0"  />
</gc-op>
<gc-end id="1220" type="scavenge" contextid="1216" durationms="6.756" usertimems="6.867" systemtimems="2.202" stalltimems="3.239" timestamp="2025-12-11T03:04:42.362" activeThreads="4">
  <mem-info id="1221" free="20730520" total="47972352" percent="43">
    <mem type="nursery" free="11444488" total="17039360" percent="67">
      <mem type="allocate" free="11444488" total="12845056" percent="89" />
      <mem type="survivor" free="0" total="4194304" percent="0" />
    </mem>
    <mem type="tenure" free="9286032" total="30932992" percent="30">
      <mem type="soa" free="7738768" total="29385728" percent="26" />
      <mem type="loa" free="1547264" total="1547264" percent="100" />
    </mem>
    <pending-finalizers system="0" default="0" reference="1" classloader="0" />
    <remembered-set count="1266" />
  </mem-info>
</gc-end>
<cycle-end id="1222" type="scavenge" contextid="1216" timestamp="2025-12-11T03:04:42.362" />
<allocation-satisfied id="1223" threadId="0000000000835D00" bytesRequested="4112" />
<af-end id="1224" timestamp="2025-12-11T03:04:42.364" threadId="0000000000836778" success="true" from="nursery"/>
<exclusive-end id="1225" timestamp="2025-12-11T03:04:42.365" durationms="14.522" />

<exclusive-start id="1226" timestamp="2025-12-11T03:04:42.453" intervalms="102.580">
  <response-info timems="0.068" idlems="0.068" threads="0" lastid="0000000000835D00" lastname="Default Executor-thread-1" />
</exclusive-start>
<af-start id="1227" threadId="0000000000836778" totalBytesRequested="2064" timestamp="2025-12-11T03:04:42.454" intervalms="102.279" type="nursery" />
<cycle-start id="1228" type="scavenge" contextid="0" timestamp="2025-12-11T03:04:42.455" intervalms="102.013" />
<gc-start id="1229" type="scavenge" contextid="1228" timestamp="2025-12-11T03:04:42.456">
  <mem-info id="1230" free="9286032" total="47972352" percent="19">
    <mem type="nursery" free="0" total="17039360" percent="0">
      <mem type="allocate" free="0" total="12845056" percent="0" />
      <mem type="survivor" free="0" total="4194304" percent="0" />
    </mem>
    <mem type="tenure" free="9286032" total="30932992" percent="30">
      <mem type="soa" free="7738768" total="29385728" percent="26" />
      <mem type="loa" free="1547264" total="1547264" percent="100" />
    </mem>
    <remembered-set count="1685" />
  </mem-info>
</gc-start>
<allocation-stats totalBytes="11441512" discardedBytes="2976" >
  <allocated-bytes non-tlh="4112" tlh="11437400" />
  <largest-consumer threadName="Default Executor-thread-1" threadId="0000000000835D00" bytes="11441512" />
</allocation-stats>
<gc-op id="1231" type="scavenge" timems="3.076" contextid="1228" timestamp="2025-12-11T03:04:42.460">
  <scavenger-info tenureage="10" tenuremask="7c00" tiltratio="75" />
  <memory-copied type="nursery" objects="30213" bytes="996528" bytesdiscarded="52904" />
  <ownableSynchronizers candidates="4" cleared="0" />
  <references type="soft" candidates="8" cleared="0" enqueued="0" dynamicThreshold="9" maxThreshold="32" />
  <references type="weak" candidates="3" cleared="0" enqueued="0" />
  <object-monitors candidates="21" cleared="0"  />
</gc-op>
<heap-resize id="1232" type="expand" space="nursery" amount="655360" count="1" timems="0.090" reason="excessive time being spent scavenging" timestamp="2025-12-11T03:04:42.461" />
<gc-end id="1233" type="scavenge" contextid="1228" durationms="6.099" usertimems="7.811" systemtimems="2.478" stalltimems="2.889" timestamp="2025-12-11T03:04:42.462" activeThreads="4">
  <mem-info id="1234" free="22064664" total="48627712" percent="45">
    <mem type="nursery" free="12778632" total="17694720" percent="72">
      <mem type="allocate" free="12778632" total="13828096" percent="92" />
      <mem type="survivor" free="0" total="3866624" percent="0" />
    </mem>
    <mem type="tenure" free="9286032" total="30932992" percent="30">
      <mem type="soa" free="7738768" total="29385728" percent="26" />
      <mem type="loa" free="1547264" total="1547264" percent="100" />
    </mem>
    <remembered-set count="1394" />
  </mem-info>
</gc-end>
<cycle-end id="1235" type="scavenge" contextid="1228" timestamp="2025-12-11T03:04:42.463" />
<allocation-satisfied id="1236" threadId="0000000000835D00" bytesRequested="2064" />
<af-end id="1237" timestamp="2025-12-11T03:04:42.464" threadId="0000000000836778" success="true" from="nursery"/>
<exclusive-end id="1238" timestamp="2025-12-11T03:04:42.465" durationms="11.333" />

<exclusive-start id="1239" timestamp="2025-12-11T03:04:42.542" intervalms="88.920">
  <response-info timems="0.098" idlems="0.098" threads="0" lastid="0000000000835D00" lastname="Default Executor-thread-1" />
</exclusive-start>
<af-start id="1240" threadId="0000000000836778" totalBytesRequested="1032" timestamp="2025-12-11T03:04:42.543" intervalms="88.919" type="nursery" />
<cycle-start id="1241" type="scavenge" contextid="0" timestamp="2025-12-11T03:04:42.544" intervalms="89.109" />
<gc-start id="1242" type="scavenge" contextid="1241" timestamp="2025-12-11T03:04:42.545">
  <mem-info id="1243" free="9286032" total="48627712" percent="19">
    <mem type="nursery" free="0" total="17694720" percent="0">
      <mem type="allocate" free="0" total="13828096" percent="0" />
      <mem type="survivor" free="0" total="3866624" percent="0" />
    </mem>
    <mem type="tenure" free="9286032" total="30932992" percent="30">
      <mem type="soa" free="7738768" total="29385728" percent="26" />
      <mem type="loa" free="1547264" total="1547264" percent="100" />
    </mem>
    <remembered-set count="1573" />
  </mem-info>
</gc-start>
<allocation-stats totalBytes="12773968" discardedBytes="4664" >
  <allocated-bytes non-tlh="2064" tlh="12771904" />
  <largest-consumer threadName="Default Executor-thread-1" threadId="0000000000835D00" bytes="12773968" />
</allocation-stats>
<gc-op id="1244" type="scavenge" timems="4.378" contextid="1241" timestamp="2025-12-11T03:04:42.551">
  <scavenger-info tenureage="11" tenuremask="7800" tiltratio="78" />
  <memory-copied type="nursery" objects="32140" bytes="981312" bytesdiscarded="43744" />
  <ownableSynchronizers candidates="4" cleared="0" />
  <references type="soft" candidates="8" cleared="0" enqueued="0" dynamicThreshold="9" maxThreshold="32" />
  <references type="weak" candidates="3" cleared="0" enqueued="0" />
  <object-monitors candidates="21" cleared="0"  />
</gc-op>
<gc-end id="1245" type="scavenge" contextid="1241" durationms="7.012" usertimems="13.618" systemtimems="0.000" stalltimems="4.582" timestamp="2025-12-11T03:04:42.552" activeThreads="4">
  <mem-info id="1246" free="22744400" total="48627712" percent="46">
    <mem type="nursery" free="13458368" total="17694720" percent="76">
      <mem type="allocate" free="13458368" total="14483456" percent="92" />
      <mem type="survivor" free="0" total="3211264" percent="0" />
    </mem>
    <mem type="tenure" free="9286032" total="30932992" percent="30">
      <mem type="soa" free="7738768" total="29385728" percent="26" />
      <mem type="loa" free="1547264" total="1547264" percent="100" />
    </mem>
    <remembered-set count="1437" />
  </mem-info>
</gc-end>
<cycle-end id="1247" type="scavenge" contextid="1241" timestamp="2025-12-11T03:04:42.553" />
<allocation-satisfied id="1248" threadId="0000000000835D00" bytesRequested="1032" />
<af-end id="1249" timestamp="2025-12-11T03:04:42.555" threadId="0000000000836778" success="true" from="nursery"/>
<exclusive-end id="1250" timestamp="2025-12-11T03:04:42.555" durationms="13.000" />

<exclusive-start id="1251" timestamp="2025-12-11T03:04:42.655" intervalms="112.837">
  <response-info timems="0.120" idlems="0.120" threads="0" lastid="0000000000835D00" lastname="Default Executor-thread-1" />
</exclusive-start>
<af-start id="1252" threadId="0000000000836778" totalBytesRequested="16" timestamp="2025-12-11T03:04:42.656" intervalms="113.247" type="nursery" />
<cycle-start id="1253" type="scavenge" contextid="0" timestamp="2025-12-11T03:04:42.658" intervalms="114.164" />
<gc-start id="1254" type="scavenge" contextid="1253" timestamp="2025-12-11T03:04:42.660">
  <mem-info id="1255" free="9285920" total="48627712" percent="19">
    <mem type="nursery" free="0" total="17694720" percent="0">
      <mem type="allocate" free="0" total="14483456" percent="0" />
      <mem type="survivor" free="0" total="3211264" percent="0" />
    </mem>
    <mem type="tenure" free="9285920" total="30932992" percent="30">
      <mem type="soa" free="7738656" total="29385728" percent="26" />
      <mem type="loa" free="1547264" total="1547264" percent="100" />
    </mem>
    <remembered-set count="1891" />
  </mem-info>
</gc-start>
<allocation-stats totalBytes="13455592" discardedBytes="2888" >
  <allocated-bytes non-tlh="1144" tlh="13454448" />
  <largest-consumer threadName="Default Executor-thread-1" threadId="0000000000835D00" bytes="13443304" />
</allocation-stats>
<gc-op id="1256" type="scavenge" timems="5.818" contextid="1253" timestamp="2025-12-11T03:04:42.667">
  <scavenger-info tenureage="12" tenuremask="7000" tiltratio="81" />
  <memory-copied type="nursery" objects="45106" bytes="1968280" bytesdiscarded="54872" />
  <finalization candidates="1" enqueued="1" />
  <ownableSynchronizers candidates="6" cleared="2" />
  <references type="soft" candidates="8" cleared="0" enqueued="0" dynamicThreshold="9" maxThreshold="32" />
  <references type="weak" candidates="3" cleared="0" enqueued="0" />
  <object-monitors candidates="21" cleared="0"  />
</gc-op>
<heap-resize id="1257" type="expand" space="nursery" amount="917504" count="1" timems="0.076" reason="excessive time being spent scavenging" timestamp="2025-12-11T03:04:42.668" />
<gc-end id="1258" type="scavenge" contextid="1253" durationms="9.405" usertimems="10.335" systemtimems="6.058" stalltimems="8.463" timestamp="2025-12-11T03:04:42.669" activeThreads="4">
  <mem-info id="1259" free="22073872" total="49545216" percent="44">
    <mem type="nursery" free="12787952" total="18612224" percent="68">
      <mem type="allocate" free="12787952" total="14811136" percent="86" />
      <mem type="survivor" free="0" total="3801088" percent="0" />
    </mem>
    <mem type="tenure" free="9285920" total="30932992" percent="30">
      <mem type="soa" free="7738656" total="29385728" percent="26" />
      <mem type="loa" free="1547264" total="1547264" percent="100" />
    </mem>
    <pending-finalizers system="1" default="0" reference="0" classloader="0" />
    <remembered-set count="1616" />
  </mem-info>
</gc-end>
<cycle-end id="1260" type="scavenge" contextid="1253" timestamp="2025-12-11T03:04:42.670" />
<allocation-satisfied id="1261" threadId="0000000000835D00" bytesRequested="16" />
<af-end id="1262" timestamp="2025-12-11T03:04:42.671" threadId="0000000000836778" success="true" from="nursery"/>
<exclusive-end id="1263" timestamp="2025-12-11T03:04:42.672" durationms="16.986" />

<exclusive-start id="1264" timestamp="2025-12-11T03:04:42.735" intervalms="79.453">
  <response-info timems="0.106" idlems="0.106" threads="0" lastid="0000000000835D00" lastname="Default Executor-thread-1" />
</exclusive-start>
<af-start id="1265" threadId="0000000000836778" totalBytesRequested="24" timestamp="2025-12-11T03:04:42.735" intervalms="78.962" type="nursery" />
<cycle-start id="1266" type="scavenge" contextid="0" timestamp="2025-12-11T03:04:42.736" intervalms="77.848" />
<gc-start id="1267" type="scavenge" contextid="1266" timestamp="2025-12-11T03:04:42.737">
  <mem-info id="1268" free="9285920" total="49545216" percent="18">
    <mem type="nursery" free="0" total="18612224" percent="0">
      <mem type="allocate" free="0" total="14811136" percent="0" />
      <mem type="survivor" free="0" total="3801088" percent="0" />
    </mem>
    <mem type="tenure" free="9285920" total="30932992" percent="30">
      <mem type="soa" free="7738656" total="29385728" percent="26" />
      <mem type="loa" free="1547264" total="1547264" percent="100" />
    </mem>
    <remembered-set count="1915" />
  </mem-info>
</gc-start>
<allocation-stats totalBytes="12784248" discardedBytes="3704" >
  <allocated-bytes non-tlh="16" tlh="12784232" />
  <largest-consumer threadName="Default Executor-thread-1" threadId="0000000000835D00" bytes="12784248" />
</allocation-stats>
<gc-op id="1269" type="scavenge" timems="3.620" contextid="1266" timestamp="2025-12-11T03:04:42.742">
  <scavenger-info tenureage="8" tenuremask="7100" tiltratio="79" />
  <memory-copied type="nursery" objects="35349" bytes="1025720" bytesdiscarded="92752" />
  <memory-copied type="tenure" objects="3765" bytes="149816" bytesdiscarded="496" />
  <ownableSynchronizers candidates="4" cleared="0" />
  <object-monitors candidates="21" cleared="0"  />
</gc-op>
<gc-end id="1270" type="scavenge" contextid="1266" durationms="5.743" usertimems="10.344" systemtimems="0.653" stalltimems="3.332" timestamp="2025-12-11T03:04:42.743" activeThreads="4">
  <mem-info id="1271" free="23255584" total="49545216" percent="46">
    <mem type="nursery" free="14151416" total="18612224" percent="76">
      <mem type="allocate" free="14151416" total="15269888" percent="92" />
      <mem type="survivor" free="0" total="3342336" percent="0" />
    </mem>
    <mem type="tenure" free="9104168" total="30932992" percent="29">
      <mem type="soa" free="7556904" total="29385728" percent="25" />
      <mem type="loa" free="1547264" total="1547264" percent="100" />
    </mem>
    <remembered-set count="1543" />
  </mem-info>
</gc-end>
<cycle-end id="1272" type="scavenge" contextid="1266" timestamp="2025-12-11T03:04:42.744" />
<allocation-satisfied id="1273" threadId="0000000000835D00" bytesRequested="24" />
<af-end id="1274" timestamp="2025-12-11T03:04:42.745" threadId="0000000000836778" success="true" from="nursery"/>
<exclusive-end id="1275" timestamp="2025-12-11T03:04:42.746" durationms="11.417" />

<exclusive-start id="1276" timestamp="2025-12-11T03:04:42.848" intervalms="113.349">
  <response-info timems="0.077" idlems="0.077" threads="0" lastid="0000000000835D00" lastname="Default Executor-thread-1" />
</exclusive-start>
<af-start id="1277" threadId="0000000000836778" totalBytesRequested="24" timestamp="2025-12-11T03:04:42.849" intervalms="113.404" type="nursery" />
<cycle-start id="1278" type="scavenge" contextid="0" timestamp="2025-12-11T03:04:42.850" intervalms="113.499" />
<gc-start id="1279" type="scavenge" contextid="1278" timestamp="2025-12-11T03:04:42.850">
  <mem-info id="1280" free="9104168" total="49545216" percent="18">
    <mem type="nursery" free="0" total="18612224" percent="0">
      <mem type="allocate" free="0" total="15269888" percent="0" />
      <mem type="survivor" free="0" total="3342336" percent="0" />
    </mem>
    <mem type="tenure" free="9104168" total="30932992" percent="29">
      <mem type="soa" free="7556904" total="29385728" percent="25" />
      <mem type="loa" free="1547264" total="1547264" percent="100" />
    </mem>
    <remembered-set count="2318" />
  </mem-info>
</gc-start>
<allocation-stats totalBytes="14149304" discardedBytes="2112" >
  <allocated-bytes non-tlh="24" tlh="14149280" />
  <largest-consumer threadName="Default Executor-thread-1" threadId="0000000000835D00" bytes="14149304" />
</allocation-stats>
<gc-op id="1281" type="scavenge" timems="6.353" contextid="1278" timestamp="2025-12-11T03:04:42.858">
  <scavenger-info tenureage="13" tenuremask="6000" tiltratio="82" />
  <memory-copied type="nursery" objects="73208" bytes="3333744" bytesdiscarded="8592" />
  <memory-copied type="tenure" objects="9548" bytes="367560" bytesdiscarded="408" />
  <copy-failed type="nursery" objects="9548" bytes="367560" />
  <ownableSynchronizers candidates="2" cleared="0" />
  <object-monitors candidates="21" cleared="0"  />
</gc-op>
<heap-resize id="1282" type="expand" space="nursery" amount="917504" count="1" timems="0.082" reason="excessive time being spent scavenging" timestamp="2025-12-11T03:04:42.859" />
<gc-end id="1283" type="scavenge" contextid="1278" durationms="9.758" usertimems="22.718" systemtimems="0.000" stalltimems="2.697" timestamp="2025-12-11T03:04:42.860" activeThreads="4">
  <mem-info id="1284" free="16527000" total="50462720" percent="32">
    <mem type="nursery" free="7864320" total="19529728" percent="40">
      <mem type="allocate" free="7864320" total="11206656" percent="70" />
      <mem type="survivor" free="0" total="8323072" percent="0" />
    </mem>
    <mem type="tenure" free="8662680" total="30932992" percent="28">
      <mem type="soa" free="7115416" total="29385728" percent="24" />
      <mem type="loa" free="1547264" total="1547264" percent="100" />
    </mem>
    <remembered-set count="2069" />
  </mem-info>
</gc-end>
<cycle-end id="1285" type="scavenge" contextid="1278" timestamp="2025-12-11T03:04:42.861" />
<allocation-satisfied id="1286" threadId="0000000000835D00" bytesRequested="24" />
<af-end id="1287" timestamp="2025-12-11T03:04:42.862" threadId="0000000000836778" success="true" from="nursery"/>
<exclusive-end id="1288" timestamp="2025-12-11T03:04:42.864" durationms="16.082" />

<exclusive-start id="1289" timestamp="2025-12-11T03:04:42.895" intervalms="47.038">
  <response-info timems="0.072" idlems="0.072" threads="0" lastid="0000000000835D00" lastname="Default Executor-thread-1" />
</exclusive-start>
<af-start id="1290" threadId="0000000000836778" totalBytesRequested="1176" timestamp="2025-12-11T03:04:42.896" intervalms="47.094" type="nursery" />
<cycle-start id="1291" type="scavenge" contextid="0" timestamp="2025-12-11T03:04:42.897" intervalms="47.381" />
<gc-start id="1292" type="scavenge" contextid="1291" timestamp="2025-12-11T03:04:42.898">
  <mem-info id="1293" free="8662680" total="50462720" percent="17">
    <mem type="nursery" free="0" total="19529728" percent="0">
      <mem type="allocate" free="0" total="11206656" percent="0" />
      <mem type="survivor" free="0" total="8323072" percent="0" />
    </mem>
    <mem type="tenure" free="8662680" total="30932992" percent="28">
      <mem type="soa" free="7115416" total="29385728" percent="24" />
      <mem type="loa" free="1547264" total="1547264" percent="100" />
    </mem>
    <remembered-set count="2254" />
  </mem-info>
</gc-start>
<allocation-stats totalBytes="7859784" discardedBytes="4536" >
  <allocated-bytes non-tlh="24" tlh="7859760" />
  <largest-consumer threadName="Default Executor-thread-1" threadId="0000000000835D00" bytes="7859784" />
</allocation-stats>
<gc-op id="1294" type="scavenge" timems="4.312" contextid="1291" timestamp="2025-12-11T03:04:42.904">
  <scavenger-info tenureage="7" tenuremask="6180" tiltratio="57" />
  <memory-copied type="nursery" objects="31497" bytes="939928" bytesdiscarded="75544" />
  <memory-copied type="tenure" objects="8495" bytes="235128" bytesdiscarded="656" />
  <ownableSynchronizers candidates="2" cleared="0" />
  <object-monitors candidates="21" cleared="0"  />
</gc-op>
<heap-resize id="1295" type="expand" space="nursery" amount="1572864" count="1" timems="0.078" reason="excessive time being spent scavenging" timestamp="2025-12-11T03:04:42.906" />
<gc-end id="1296" type="scavenge" contextid="1291" durationms="8.971" usertimems="16.697" systemtimems="0.000" stalltimems="4.813" timestamp="2025-12-11T03:04:42.907" activeThreads="5">
  <mem-info id="1297" free="20599808" total="52035584" percent="39">
    <mem type="nursery" free="12222800" total="21102592" percent="57">
      <mem type="allocate" free="12222800" total="13238272" percent="92" />
      <mem type="survivor" free="0" total="7864320" percent="0" />
    </mem>
    <mem type="tenure" free="8377008" total="30932992" percent="27">
      <mem type="soa" free="6829744" total="29385728" percent="23" />
      <mem type="loa" free="1547264" total="1547264" percent="100" />
    </mem>
    <remembered-set count="1660" />
  </mem-info>
</gc-end>
<cycle-end id="1298" type="scavenge" contextid="1291" timestamp="2025-12-11T03:04:42.908" />
<allocation-satisfied id="1299" threadId="0000000000835D00" bytesRequested="1176" />
<af-end id="1300" timestamp="2025-12-11T03:04:42.909" threadId="0000000000836778" success="true" from="nursery"/>
<exclusive-end id="1301" timestamp="2025-12-11T03:04:42.909" durationms="14.528" />

<exclusive-start id="1302" timestamp="2025-12-11T03:04:42.944" intervalms="48.696">
  <response-info timems="0.075" idlems="0.075" threads="0" lastid="0000000000835D00" lastname="Default Executor-thread-1" />
</exclusive-start>
<af-start id="1303" threadId="0000000000836778" totalBytesRequested="16" timestamp="2025-12-11T03:04:42.944" intervalms="48.668" type="nursery" />
<cycle-start id="1304" type="scavenge" contextid="0" timestamp="2025-12-11T03:04:42.945" intervalms="48.224" />
<gc-start id="1305" type="scavenge" contextid="1304" timestamp="2025-12-11T03:04:42.946">
  <mem-info id="1306" free="8377008" total="52035584" percent="16">
    <mem type="nursery" free="0" total="21102592" percent="0">
      <mem type="allocate" free="0" total="13238272" percent="0" />
      <mem type="survivor" free="0" total="7864320" percent="0" />
    </mem>
    <mem type="tenure" free="8377008" total="30932992" percent="27">
      <mem type="soa" free="6829744" total="29385728" percent="23" />
      <mem type="loa" free="1547264" total="1547264" percent="100" />
    </mem>
    <remembered-set count="1790" />
  </mem-info>
</gc-start>
<allocation-stats totalBytes="12217592" discardedBytes="5208" >
  <allocated-bytes non-tlh="1176" tlh="12216416" />
  <largest-consumer threadName="Default Executor-thread-1" threadId="0000000000835D00" bytes="12217592" />
</allocation-stats>
<gc-op id="1307" type="scavenge" timems="4.811" contextid="1304" timestamp="2025-12-11T03:04:42.953">
  <scavenger-info tenureage="10" tenuremask="4400" tiltratio="62" />
  <memory-copied type="nursery" objects="37776" bytes="1875472" bytesdiscarded="62288" />
  <memory-copied type="tenure" objects="1650" bytes="47056" bytesdiscarded="8" />
  <ownableSynchronizers candidates="2" cleared="0" />
  <object-monitors candidates="21" cleared="0"  />
</gc-op>
<heap-resize id="1308" type="expand" space="nursery" amount="1572864" count="1" timems="0.094" reason="excessive time being spent scavenging" timestamp="2025-12-11T03:04:42.954" />
<gc-end id="1309" type="scavenge" contextid="1304" durationms="8.512" usertimems="17.564" systemtimems="0.000" stalltimems="7.026" timestamp="2025-12-11T03:04:42.955" activeThreads="5">
  <mem-info id="1310" free="21883984" total="53608448" percent="40">
    <mem type="nursery" free="13659808" total="22675456" percent="60">
      <mem type="allocate" free="13659808" total="15597568" percent="87" />
      <mem type="survivor" free="0" total="7077888" percent="0" />
    </mem>
    <mem type="tenure" free="8224176" total="30932992" percent="26">
      <mem type="soa" free="6676912" total="29385728" percent="22" />
      <mem type="loa" free="1547264" total="1547264" percent="100" />
    </mem>
    <remembered-set count="1545" />
  </mem-info>
</gc-end>
<cycle-end id="1311" type="scavenge" contextid="1304" timestamp="2025-12-11T03:04:42.955" />
<allocation-satisfied id="1312" threadId="0000000000835D00" bytesRequested="16" />
<af-end id="1313" timestamp="2025-12-11T03:04:42.957" threadId="0000000000836778" success="true" from="nursery"/>
<exclusive-end id="1314" timestamp="2025-12-11T03:04:42.957" durationms="13.679" />

<exclusive-start id="1315" timestamp="2025-12-11T03:04:43.010" intervalms="66.604">
  <response-info timems="0.109" idlems="0.109" threads="0" lastid="0000000000835D00" lastname="Default Executor-thread-1" />
</exclusive-start>
<af-start id="1316" threadId="0000000000836778" totalBytesRequested="40" timestamp="2025-12-11T03:04:43.011" intervalms="66.637" type="nursery" />
<cycle-start id="1317" type="scavenge" contextid="0" timestamp="2025-12-11T03:04:43.012" intervalms="66.628" />
<gc-start id="1318" type="scavenge" contextid="1317" timestamp="2025-12-11T03:04:43.013">
  <mem-info id="1319" free="8224176" total="53608448" percent="15">
    <mem type="nursery" free="0" total="22675456" percent="0">
      <mem type="allocate" free="0" total="15597568" percent="0" />
      <mem type="survivor" free="0" total="7077888" percent="0" />
    </mem>
    <mem type="tenure" free="8224176" total="30932992" percent="26">
      <mem type="soa" free="6676912" total="29385728" percent="22" />
      <mem type="loa" free="1547264" total="1547264" percent="100" />
    </mem>
    <remembered-set count="1741" />
  </mem-info>
</gc-start>
<allocation-stats totalBytes="13654520" discardedBytes="5288" >
  <allocated-bytes non-tlh="16" tlh="13654504" />
  <largest-consumer threadName="Default Executor-thread-1" threadId="0000000000835D00" bytes="13654520" />
</allocation-stats>
<gc-op id="1320" type="scavenge" timems="5.623" contextid="1317" timestamp="2025-12-11T03:04:43.020">
  <scavenger-info tenureage="6" tenuremask="4040" tiltratio="68" />
  <memory-copied type="nursery" objects="35079" bytes="1463424" bytesdiscarded="78488" />
  <memory-copied type="tenure" objects="2646" bytes="76480" bytesdiscarded="80" />
  <ownableSynchronizers candidates="2" cleared="0" />
  <object-monitors candidates="21" cleared="0"  />
</gc-op>
<heap-resize id="1321" type="expand" space="nursery" amount="1310720" count="1" timems="0.092" reason="excessive time being spent scavenging" timestamp="2025-12-11T03:04:43.021" />
<gc-end id="1322" type="scavenge" contextid="1317" durationms="9.315" usertimems="17.271" systemtimems="0.000" stalltimems="10.696" timestamp="2025-12-11T03:04:43.022" activeThreads="5">
  <mem-info id="1323" free="24541592" total="54919168" percent="44">
    <mem type="nursery" free="16414952" total="23986176" percent="68">
      <mem type="allocate" free="16414952" total="17956864" percent="91" />
      <mem type="survivor" free="0" total="6029312" percent="0" />
    </mem>
    <mem type="tenure" free="8126640" total="30932992" percent="26">
      <mem type="soa" free="6579376" total="29385728" percent="22" />
      <mem type="loa" free="1547264" total="1547264" percent="100" />
    </mem>
    <remembered-set count="1571" />
  </mem-info>
</gc-end>
<cycle-end id="1324" type="scavenge" contextid="1317" timestamp="2025-12-11T03:04:43.023" />
<allocation-satisfied id="1325" threadId="0000000000835D00" bytesRequested="40" />
<af-end id="1326" timestamp="2025-12-11T03:04:43.025" threadId="0000000000836778" success="true" from="nursery"/>
<exclusive-end id="1327" timestamp="2025-12-11T03:04:43.025" durationms="15.118" />

<exclusive-start id="1328" timestamp="2025-12-11T03:04:43.171" intervalms="160.510">
  <response-info timems="0.096" idlems="0.096" threads="0" lastid="0000000000835D00" lastname="Default Executor-thread-1" />
</exclusive-start>
<af-start id="1329" threadId="0000000000836778" totalBytesRequested="16" timestamp="2025-12-11T03:04:43.172" intervalms="160.503" type="nursery" />
<cycle-start id="1330" type="scavenge" contextid="0" timestamp="2025-12-11T03:04:43.172" intervalms="160.538" />
<gc-start id="1331" type="scavenge" contextid="1330" timestamp="2025-12-11T03:04:43.173">
  <mem-info id="1332" free="8126640" total="54919168" percent="14">
    <mem type="nursery" free="0" total="23986176" percent="0">
      <mem type="allocate" free="0" total="17956864" percent="0" />
      <mem type="survivor" free="0" total="6029312" percent="0" />
    </mem>
    <mem type="tenure" free="8126640" total="30932992" percent="26">
      <mem type="soa" free="6579376" total="29385728" percent="22" />
      <mem type="loa" free="1547264" total="1547264" percent="100" />
    </mem>
    <remembered-set count="1908" />
  </mem-info>
</gc-start>
<allocation-stats totalBytes="16409816" discardedBytes="5136" >
  <allocated-bytes non-tlh="40" tlh="16409776" />
  <largest-consumer threadName="Default Executor-thread-1" threadId="0000000000835D00" bytes="16393432" />
</allocation-stats>
<gc-op id="1333" type="scavenge" timems="3.108" contextid="1330" timestamp="2025-12-11T03:04:43.177">
  <scavenger-info tenureage="14" tenuremask="4000" tiltratio="74" />
  <memory-copied type="nursery" objects="34809" bytes="1036680" bytesdiscarded="49440" />
  <ownableSynchronizers candidates="4" cleared="2" />
  <object-monitors candidates="21" cleared="0"  />
</gc-op>
<gc-end id="1334" type="scavenge" contextid="1330" durationms="5.131" usertimems="4.815" systemtimems="5.545" stalltimems="4.664" timestamp="2025-12-11T03:04:43.178" activeThreads="5">
  <mem-info id="1335" free="26111496" total="54919168" percent="47">
    <mem type="nursery" free="17984856" total="23986176" percent="74">
      <mem type="allocate" free="17984856" total="19070976" percent="94" />
      <mem type="survivor" free="0" total="4915200" percent="0" />
    </mem>
    <mem type="tenure" free="8126640" total="30932992" percent="26">
      <mem type="soa" free="6579376" total="29385728" percent="22" />
      <mem type="loa" free="1547264" total="1547264" percent="100" />
    </mem>
    <remembered-set count="1711" />
  </mem-info>
</gc-end>
<cycle-end id="1336" type="scavenge" contextid="1330" timestamp="2025-12-11T03:04:43.179" />
<allocation-satisfied id="1337" threadId="0000000000835D00" bytesRequested="16" />
<af-end id="1338" timestamp="2025-12-11T03:04:43.180" threadId="0000000000836778" success="true" from="nursery"/>
<exclusive-end id="1339" timestamp="2025-12-11T03:04:43.181" durationms="10.216" />

<exclusive-start id="1340" timestamp="2025-12-11T03:04:43.271" intervalms="100.216">
  <response-info timems="0.098" idlems="0.098" threads="0" lastid="0000000000835D00" lastname="Default Executor-thread-1" />
</exclusive-start>
<af-start id="1341" threadId="0000000000836778" totalBytesRequested="24" timestamp="2025-12-11T03:04:43.272" intervalms="100.330" type="nursery" />
<cycle-start id="1342" type="scavenge" contextid="0" timestamp="2025-12-11T03:04:43.273" intervalms="100.525" />
<gc-start id="1343" type="scavenge" contextid="1342" timestamp="2025-12-11T03:04:43.274">
  <mem-info id="1344" free="8126640" total="54919168" percent="14">
    <mem type="nursery" free="0" total="23986176" percent="0">
      <mem type="allocate" free="0" total="19070976" percent="0" />
      <mem type="survivor" free="0" total="4915200" percent="0" />
    </mem>
    <mem type="tenure" free="8126640" total="30932992" percent="26">
      <mem type="soa" free="6579376" total="29385728" percent="22" />
      <mem type="loa" free="1547264" total="1547264" percent="100" />
    </mem>
    <remembered-set count="1808" />
  </mem-info>
</gc-start>
<allocation-stats totalBytes="17982288" discardedBytes="2568" >
  <allocated-bytes non-tlh="16" tlh="17982272" />
  <largest-consumer threadName="Default Executor-thread-1" threadId="0000000000835D00" bytes="17982288" />
</allocation-stats>
<gc-op id="1345" type="scavenge" timems="3.642" contextid="1342" timestamp="2025-12-11T03:04:43.279">
  <scavenger-info tenureage="3" tenuremask="4628" tiltratio="79" />
  <memory-copied type="nursery" objects="23058" bytes="727536" bytesdiscarded="33088" />
  <memory-copied type="tenure" objects="14137" bytes="407608" bytesdiscarded="224" />
  <ownableSynchronizers candidates="2" cleared="0" />
  <object-monitors candidates="21" cleared="0"  />
</gc-op>
<gc-end id="1346" type="scavenge" contextid="1342" durationms="6.024" usertimems="11.872" systemtimems="1.065" stalltimems="5.370" timestamp="2025-12-11T03:04:43.280" activeThreads="5">
  <mem-info id="1347" free="26785408" total="54919168" percent="48">
    <mem type="nursery" free="19031248" total="23986176" percent="79">
      <mem type="allocate" free="19031248" total="19791872" percent="96" />
      <mem type="survivor" free="0" total="4194304" percent="0" />
    </mem>
    <mem type="tenure" free="7754160" total="30932992" percent="25">
      <mem type="soa" free="6206896" total="29385728" percent="21" />
      <mem type="loa" free="1547264" total="1547264" percent="100" />
    </mem>
    <remembered-set count="1062" />
  </mem-info>
</gc-end>
<cycle-end id="1348" type="scavenge" contextid="1342" timestamp="2025-12-11T03:04:43.281" />
<allocation-satisfied id="1349" threadId="0000000000835D00" bytesRequested="24" />
<af-end id="1350" timestamp="2025-12-11T03:04:43.282" threadId="0000000000836778" success="true" from="nursery"/>
<exclusive-end id="1351" timestamp="2025-12-11T03:04:43.283" durationms="11.644" />

<exclusive-start id="1352" timestamp="2025-12-11T03:04:43.358" intervalms="86.911">
  <response-info timems="0.069" idlems="0.069" threads="0" lastid="0000000000835D00" lastname="Default Executor-thread-1" />
</exclusive-start>
<af-start id="1353" threadId="0000000000836778" totalBytesRequested="1040" timestamp="2025-12-11T03:04:43.359" intervalms="86.749" type="nursery" />
<cycle-start id="1354" type="scavenge" contextid="0" timestamp="2025-12-11T03:04:43.359" intervalms="86.560" />
<gc-start id="1355" type="scavenge" contextid="1354" timestamp="2025-12-11T03:04:43.360">
  <mem-info id="1356" free="7753904" total="54919168" percent="14">
    <mem type="nursery" free="0" total="23986176" percent="0">
      <mem type="allocate" free="0" total="19791872" percent="0" />
      <mem type="survivor" free="0" total="4194304" percent="0" />
    </mem>
    <mem type="tenure" free="7753904" total="30932992" percent="25">
      <mem type="soa" free="6206640" total="29385728" percent="21" />
      <mem type="loa" free="1547264" total="1547264" percent="100" />
    </mem>
    <remembered-set count="1144" />
  </mem-info>
</gc-start>
<allocation-stats totalBytes="19026448" discardedBytes="5056" >
  <allocated-bytes non-tlh="280" tlh="19026168" />
  <largest-consumer threadName="Default Executor-thread-1" threadId="0000000000835D00" bytes="19026448" />
</allocation-stats>
<gc-op id="1357" type="scavenge" timems="3.000" contextid="1354" timestamp="2025-12-11T03:04:43.365">
  <scavenger-info tenureage="8" tenuremask="f300" tiltratio="82" />
  <memory-copied type="nursery" objects="19461" bytes="636632" bytesdiscarded="47832" />
  <memory-copied type="tenure" objects="3197" bytes="93576" bytesdiscarded="80" />
  <ownableSynchronizers candidates="2" cleared="0" />
  <references type="weak" candidates="1" cleared="1" enqueued="1" />
  <object-monitors candidates="21" cleared="0"  />
</gc-op>
<heap-resize id="1358" type="expand" space="nursery" amount="917504" count="1" timems="0.056" reason="excessive time being spent scavenging" timestamp="2025-12-11T03:04:43.366" />
<gc-end id="1359" type="scavenge" contextid="1354" durationms="6.113" usertimems="8.138" systemtimems="2.366" stalltimems="4.857" timestamp="2025-12-11T03:04:43.366" activeThreads="5">
  <mem-info id="1360" free="28187136" total="55836672" percent="50">
    <mem type="nursery" free="20549200" total="24903680" percent="82">
      <mem type="allocate" free="20549200" total="21233664" percent="96" />
      <mem type="survivor" free="0" total="3670016" percent="0" />
    </mem>
    <mem type="tenure" free="7637936" total="30932992" percent="24">
      <mem type="soa" free="6090672" total="29385728" percent="20" />
      <mem type="loa" free="1547264" total="1547264" percent="100" />
    </mem>
    <pending-finalizers system="0" default="0" reference="1" classloader="0" />
    <remembered-set count="868" />
  </mem-info>
</gc-end>
<cycle-end id="1361" type="scavenge" contextid="1354" timestamp="2025-12-11T03:04:43.367" />
<allocation-satisfied id="1362" threadId="0000000000835D00" bytesRequested="1040" />
<af-end id="1363" timestamp="2025-12-11T03:04:43.368" threadId="0000000000836778" success="true" from="nursery"/>
<exclusive-end id="1364" timestamp="2025-12-11T03:04:43.369" durationms="11.047" />

<exclusive-start id="1365" timestamp="2025-12-11T03:04:43.423" intervalms="65.296">
  <response-info timems="0.077" idlems="0.077" threads="0" lastid="0000000000835D00" lastname="Default Executor-thread-1" />
</exclusive-start>
<af-start id="1366" threadId="0000000000836778" totalBytesRequested="1032" timestamp="2025-12-11T03:04:43.424" intervalms="65.479" type="nursery" />
<cycle-start id="1367" type="scavenge" contextid="0" timestamp="2025-12-11T03:04:43.425" intervalms="65.647" />
<gc-start id="1368" type="scavenge" contextid="1367" timestamp="2025-12-11T03:04:43.426">
  <mem-info id="1369" free="7637936" total="55836672" percent="13">
    <mem type="nursery" free="0" total="24903680" percent="0">
      <mem type="allocate" free="0" total="21233664" percent="0" />
      <mem type="survivor" free="0" total="3670016" percent="0" />
    </mem>
    <mem type="tenure" free="7637936" total="30932992" percent="24">
      <mem type="soa" free="6090672" total="29385728" percent="20" />
      <mem type="loa" free="1547264" total="1547264" percent="100" />
    </mem>
    <remembered-set count="1139" />
  </mem-info>
</gc-start>
<allocation-stats totalBytes="20544848" discardedBytes="4352" >
  <allocated-bytes non-tlh="1040" tlh="20543808" />
  <largest-consumer threadName="Default Executor-thread-1" threadId="0000000000835D00" bytes="20544848" />
</allocation-stats>
<gc-op id="1370" type="scavenge" timems="2.753" contextid="1367" timestamp="2025-12-11T03:04:43.430">
  <scavenger-info tenureage="5" tenuremask="fca0" tiltratio="85" />
  <memory-copied type="nursery" objects="23214" bytes="727168" bytesdiscarded="40672" />
  <ownableSynchronizers candidates="2" cleared="0" />
  <object-monitors candidates="21" cleared="0"  />
</gc-op>
<gc-end id="1371" type="scavenge" contextid="1367" durationms="4.982" usertimems="8.277" systemtimems="0.000" stalltimems="2.654" timestamp="2025-12-11T03:04:43.431" activeThreads="4">
  <mem-info id="1372" free="28693584" total="55836672" percent="51">
    <mem type="nursery" free="21055648" total="24903680" percent="84">
      <mem type="allocate" free="21055648" total="21823488" percent="96" />
      <mem type="survivor" free="0" total="3080192" percent="0" />
    </mem>
    <mem type="tenure" free="7637936" total="30932992" percent="24">
      <mem type="soa" free="6090672" total="29385728" percent="20" />
      <mem type="loa" free="1547264" total="1547264" percent="100" />
    </mem>
    <remembered-set count="1006" />
  </mem-info>
</gc-end>
<cycle-end id="1373" type="scavenge" contextid="1367" timestamp="2025-12-11T03:04:43.432" />
<allocation-satisfied id="1374" threadId="0000000000835D00" bytesRequested="1032" />
<af-end id="1375" timestamp="2025-12-11T03:04:43.433" threadId="0000000000836778" success="true" from="nursery"/>
<exclusive-end id="1376" timestamp="2025-12-11T03:04:43.434" durationms="10.685" />

<exclusive-start id="1377" timestamp="2025-12-11T03:04:43.771" intervalms="348.167">
  <response-info timems="0.099" idlems="0.099" threads="0" lastid="0000000000835D00" lastname="Default Executor-thread-1" />
</exclusive-start>
<af-start id="1378" threadId="0000000000836778" totalBytesRequested="24" timestamp="2025-12-11T03:04:43.774" intervalms="349.548" type="nursery" />
<cycle-start id="1379" type="scavenge" contextid="0" timestamp="2025-12-11T03:04:43.776" intervalms="350.719" />
<gc-start id="1380" type="scavenge" contextid="1379" timestamp="2025-12-11T03:04:43.777">
  <mem-info id="1381" free="7635608" total="55836672" percent="13">
    <mem type="nursery" free="0" total="24903680" percent="0">
      <mem type="allocate" free="0" total="21823488" percent="0" />
      <mem type="survivor" free="0" total="3080192" percent="0" />
    </mem>
    <mem type="tenure" free="7635608" total="30932992" percent="24">
      <mem type="soa" free="6088344" total="29385728" percent="20" />
      <mem type="loa" free="1547264" total="1547264" percent="100" />
    </mem>
    <remembered-set count="2669" />
  </mem-info>
</gc-start>
<allocation-stats totalBytes="21054808" discardedBytes="3168" >
  <allocated-bytes non-tlh="243688" tlh="20811120" />
  <largest-consumer threadName="Default Executor-thread-1" threadId="0000000000835D00" bytes="20473344" />
</allocation-stats>
<gc-op id="1382" type="scavenge" timems="7.671" contextid="1379" timestamp="2025-12-11T03:04:43.788">
  <scavenger-info tenureage="6" tenuremask="fd40" tiltratio="87" />
  <memory-copied type="nursery" objects="55295" bytes="3076456" bytesdiscarded="1696" />
  <memory-copied type="tenure" objects="20493" bytes="1299328" bytesdiscarded="728" />
  <copy-failed type="nursery" objects="20493" bytes="1299696" />
  <ownableSynchronizers candidates="4" cleared="2" />
  <references type="soft" candidates="1" cleared="0" enqueued="0" dynamicThreshold="9" maxThreshold="32" />
  <references type="weak" candidates="9" cleared="5" enqueued="5" />
  <references type="phantom" candidates="216" cleared="0" enqueued="0" />
  <object-monitors candidates="21" cleared="0"  />
</gc-op>
<gc-end id="1383" type="scavenge" contextid="1379" durationms="12.683" usertimems="20.016" systemtimems="5.110" stalltimems="5.697" timestamp="2025-12-11T03:04:43.790" activeThreads="4">
  <mem-info id="1384" free="18120824" total="55836672" percent="32">
    <mem type="nursery" free="11862016" total="24903680" percent="47">
      <mem type="allocate" free="11862016" total="14942208" percent="79" />
      <mem type="survivor" free="0" total="9961472" percent="0" />
    </mem>
    <mem type="tenure" free="6258808" total="30932992" percent="20">
      <mem type="soa" free="4711544" total="29385728" percent="16" />
      <mem type="loa" free="1547264" total="1547264" percent="100" />
    </mem>
    <pending-finalizers system="0" default="0" reference="5" classloader="0" />
    <remembered-set count="2402" />
  </mem-info>
</gc-end>
<cycle-end id="1385" type="scavenge" contextid="1379" timestamp="2025-12-11T03:04:43.793" />
<allocation-satisfied id="1386" threadId="0000000000835D00" bytesRequested="24" />
<af-end id="1387" timestamp="2025-12-11T03:04:43.801" threadId="0000000000836778" success="true" from="nursery"/>
<exclusive-end id="1388" timestamp="2025-12-11T03:04:43.803" durationms="31.664" />

<exclusive-start id="1389" timestamp="2025-12-11T03:04:44.023" intervalms="251.869">
  <response-info timems="0.097" idlems="0.097" threads="0" lastid="0000000000887900" lastname="Bundle File Closer" />
</exclusive-start>
<af-start id="1390" threadId="0000000000888378" totalBytesRequested="16" timestamp="2025-12-11T03:04:44.024" intervalms="250.294" type="nursery" />
<cycle-start id="1391" type="scavenge" contextid="0" timestamp="2025-12-11T03:04:44.025" intervalms="249.178" />
<gc-start id="1392" type="scavenge" contextid="1391" timestamp="2025-12-11T03:04:44.026">
  <mem-info id="1393" free="6258424" total="55836672" percent="11">
    <mem type="nursery" free="0" total="24903680" percent="0">
      <mem type="allocate" free="0" total="14942208" percent="0" />
      <mem type="survivor" free="0" total="9961472" percent="0" />
    </mem>
    <mem type="tenure" free="6258424" total="30932992" percent="20">
      <mem type="soa" free="4711160" total="29385728" percent="16" />
      <mem type="loa" free="1547264" total="1547264" percent="100" />
    </mem>
    <remembered-set count="2800" />
  </mem-info>
</gc-start>
<allocation-stats totalBytes="11861552" discardedBytes="848" >
  <allocated-bytes non-tlh="408" tlh="11861144" />
  <largest-consumer threadName="Default Executor-thread-1" threadId="0000000000835D00" bytes="11853360" />
</allocation-stats>
<gc-op id="1394" type="scavenge" timems="7.519" contextid="1391" timestamp="2025-12-11T03:04:44.035">
  <scavenger-info tenureage="3" tenuremask="ff88" tiltratio="60" />
  <memory-copied type="nursery" objects="65206" bytes="4167688" bytesdiscarded="35752" />
  <memory-copied type="tenure" objects="8883" bytes="264240" bytesdiscarded="56" />
  <ownableSynchronizers candidates="1" cleared="0" />
  <references type="soft" candidates="1" cleared="0" enqueued="0" dynamicThreshold="9" maxThreshold="32" />
  <references type="weak" candidates="3" cleared="0" enqueued="0" />
  <references type="phantom" candidates="221" cleared="0" enqueued="0" />
  <object-monitors candidates="21" cleared="0"  />
</gc-op>
<gc-end id="1395" type="scavenge" contextid="1391" durationms="10.086" usertimems="22.418" systemtimems="0.501" stalltimems="7.363" timestamp="2025-12-11T03:04:44.036" activeThreads="4">
  <mem-info id="1396" free="17399936" total="55836672" percent="31">
    <mem type="nursery" free="11587720" total="24903680" percent="46">
      <mem type="allocate" free="11587720" total="15794176" percent="73" />
      <mem type="survivor" free="0" total="9109504" percent="0" />
    </mem>
    <mem type="tenure" free="5812216" total="30932992" percent="18">
      <mem type="soa" free="4264952" total="29385728" percent="14" />
      <mem type="loa" free="1547264" total="1547264" percent="100" />
    </mem>
    <remembered-set count="2059" />
  </mem-info>
</gc-end>
<cycle-end id="1397" type="scavenge" contextid="1391" timestamp="2025-12-11T03:04:44.037" />
<allocation-satisfied id="1398" threadId="0000000000887900" bytesRequested="16" />
<af-end id="1399" timestamp="2025-12-11T03:04:44.039" threadId="0000000000888378" success="true" from="nursery"/>
<exclusive-end id="1400" timestamp="2025-12-11T03:04:44.041" durationms="18.192" />

<exclusive-start id="1401" timestamp="2025-12-11T03:04:44.331" intervalms="308.072">
  <response-info timems="0.085" idlems="0.085" threads="0" lastid="0000000000835D00" lastname="Default Executor-thread-1" />
</exclusive-start>
<af-start id="1402" threadId="0000000000836778" totalBytesRequested="32" timestamp="2025-12-11T03:04:44.336" intervalms="312.258" type="nursery" />
<cycle-start id="1403" type="scavenge" contextid="0" timestamp="2025-12-11T03:04:44.342" intervalms="317.306" />
<gc-start id="1404" type="scavenge" contextid="1403" timestamp="2025-12-11T03:04:44.349">
  <mem-info id="1405" free="5803848" total="55836672" percent="10">
    <mem type="nursery" free="0" total="24903680" percent="0">
      <mem type="allocate" free="0" total="15794176" percent="0" />
      <mem type="survivor" free="0" total="9109504" percent="0" />
    </mem>
    <mem type="tenure" free="5803848" total="30932992" percent="18">
      <mem type="soa" free="4256584" total="29385728" percent="14" />
      <mem type="loa" free="1547264" total="1547264" percent="100" />
    </mem>
    <remembered-set count="2854" />
  </mem-info>
</gc-start>
<allocation-stats totalBytes="11595168" discardedBytes="920" >
  <allocated-bytes non-tlh="179312" tlh="11415856" />
  <largest-consumer threadName="Default Executor-thread-1" threadId="0000000000835D00" bytes="11574672" />
</allocation-stats>
<gc-op id="1406" type="scavenge" timems="6.135" contextid="1403" timestamp="2025-12-11T03:04:44.364">
  <scavenger-info tenureage="3" tenuremask="f5e8" tiltratio="63" />
  <memory-copied type="nursery" objects="68033" bytes="3846592" bytesdiscarded="117896" />
  <memory-copied type="tenure" objects="12362" bytes="363840" bytesdiscarded="136" />
  <ownableSynchronizers candidates="93" cleared="1" />
  <references type="soft" candidates="1" cleared="0" enqueued="0" dynamicThreshold="9" maxThreshold="32" />
  <references type="weak" candidates="346" cleared="10" enqueued="10" />
  <references type="phantom" candidates="242" cleared="0" enqueued="0" />
  <object-monitors candidates="21" cleared="0"  />
</gc-op>
<heap-resize id="1407" type="expand" space="nursery" amount="917504" count="1" timems="0.091" reason="excessive time being spent scavenging" timestamp="2025-12-11T03:04:44.367" />
<gc-end id="1408" type="scavenge" contextid="1403" durationms="18.676" usertimems="15.557" systemtimems="4.995" stalltimems="4.590" timestamp="2025-12-11T03:04:44.368" activeThreads="4">
  <mem-info id="1409" free="18558392" total="56754176" percent="32">
    <mem type="nursery" free="13203056" total="25821184" percent="51">
      <mem type="allocate" free="13203056" total="17170432" percent="76" />
      <mem type="survivor" free="0" total="8650752" percent="0" />
    </mem>
    <mem type="tenure" free="5355336" total="30932992" percent="17">
      <mem type="soa" free="3808072" total="29385728" percent="12" />
      <mem type="loa" free="1547264" total="1547264" percent="100" />
    </mem>
    <pending-finalizers system="0" default="0" reference="10" classloader="0" />
    <remembered-set count="2072" />
  </mem-info>
</gc-end>
<cycle-end id="1410" type="scavenge" contextid="1403" timestamp="2025-12-11T03:04:44.369" />
<allocation-satisfied id="1411" threadId="0000000000835D00" bytesRequested="32" />
<af-end id="1412" timestamp="2025-12-11T03:04:44.370" threadId="0000000000836778" success="true" from="nursery"/>
<exclusive-end id="1413" timestamp="2025-12-11T03:04:44.371" durationms="39.738" />

<exclusive-start id="1414" timestamp="2025-12-11T03:04:44.710" intervalms="378.447">
  <response-info timems="0.096" idlems="0.096" threads="0" lastid="00000000005EC100" lastname="Equinox start level thread - Equinox Container: 661b0c39-5b5a-4" />
</exclusive-start>
<af-start id="1415" threadId="00000000005ECB78" totalBytesRequested="232" timestamp="2025-12-11T03:04:44.711" intervalms="374.522" type="nursery" />
<cycle-start id="1416" type="scavenge" contextid="0" timestamp="2025-12-11T03:04:44.712" intervalms="369.384" />
<gc-start id="1417" type="scavenge" contextid="1416" timestamp="2025-12-11T03:04:44.713">
  <mem-info id="1418" free="5250456" total="56754176" percent="9">
    <mem type="nursery" free="0" total="25821184" percent="0">
      <mem type="allocate" free="0" total="17170432" percent="0" />
      <mem type="survivor" free="0" total="8650752" percent="0" />
    </mem>
    <mem type="tenure" free="5250456" total="30932992" percent="16">
      <mem type="soa" free="3703192" total="29385728" percent="12" />
      <mem type="loa" free="1547264" total="1547264" percent="100" />
    </mem>
    <remembered-set count="5065" />
  </mem-info>
</gc-start>
<allocation-stats totalBytes="13301064" discardedBytes="6872" >
  <allocated-bytes non-tlh="322272" tlh="12978792" />
  <largest-consumer threadName="Start Level: Equinox Container: 661b0c39-5b5a-459a-a52c-3dcd8d3a3b89" threadId="00000000005E4400" bytes="3518144" />
</allocation-stats>
<gc-op id="1419" type="scavenge" timems="11.597" contextid="1416" timestamp="2025-12-11T03:04:44.726">
  <scavenger-info tenureage="5" tenuremask="fe20" tiltratio="66" />
  <memory-copied type="nursery" objects="113972" bytes="5413136" bytesdiscarded="76640" />
  <finalization candidates="13" enqueued="12" />
  <ownableSynchronizers candidates="1628" cleared="619" />
  <references type="soft" candidates="451" cleared="0" enqueued="0" dynamicThreshold="9" maxThreshold="32" />
  <references type="weak" candidates="937" cleared="351" enqueued="350" />
  <references type="phantom" candidates="276" cleared="1" enqueued="1" />
  <object-monitors candidates="24" cleared="0"  />
</gc-op>
<gc-end id="1420" type="scavenge" contextid="1416" durationms="14.138" usertimems="27.913" systemtimems="4.953" stalltimems="2.762" timestamp="2025-12-11T03:04:44.727" activeThreads="3">
  <mem-info id="1421" free="16984920" total="56754176" percent="29">
    <mem type="nursery" free="11734464" total="25821184" percent="45">
      <mem type="allocate" free="11734464" total="17235968" percent="68" />
      <mem type="survivor" free="0" total="8585216" percent="0" />
    </mem>
    <mem type="tenure" free="5250456" total="30932992" percent="16">
      <mem type="soa" free="3703192" total="29385728" percent="12" />
      <mem type="loa" free="1547264" total="1547264" percent="100" />
    </mem>
    <pending-finalizers system="12" default="0" reference="351" classloader="0" />
    <remembered-set count="3968" />
  </mem-info>
</gc-end>
<cycle-end id="1422" type="scavenge" contextid="1416" timestamp="2025-12-11T03:04:44.727" />
<allocation-satisfied id="1423" threadId="00000000005EC100" bytesRequested="232" />
<af-end id="1424" timestamp="2025-12-11T03:04:44.729" threadId="00000000005ECB78" success="true" from="nursery"/>
<exclusive-end id="1425" timestamp="2025-12-11T03:04:44.729" durationms="19.493" />

<exclusive-start id="1426" timestamp="2025-12-11T03:04:44.853" intervalms="143.267">
  <response-info timems="0.103" idlems="0.103" threads="0" lastid="00000000005F3B00" lastname="Equinox start level thread - Equinox Container: 661b0c39-5b5a-4" />
</exclusive-start>
<af-start id="1427" threadId="00000000005F4578" totalBytesRequested="40" timestamp="2025-12-11T03:04:44.855" intervalms="144.341" type="nursery" />
<cycle-start id="1428" type="scavenge" contextid="0" timestamp="2025-12-11T03:04:44.857" intervalms="144.939" />
<gc-start id="1429" type="scavenge" contextid="1428" timestamp="2025-12-11T03:04:44.858">
  <mem-info id="1430" free="5099424" total="56754176" percent="8">
    <mem type="nursery" free="0" total="25821184" percent="0">
      <mem type="allocate" free="0" total="17235968" percent="0" />
      <mem type="survivor" free="0" total="8585216" percent="0" />
    </mem>
    <mem type="tenure" free="5099424" total="30932992" percent="16">
      <mem type="soa" free="3552160" total="29385728" percent="12" />
      <mem type="loa" free="1547264" total="1547264" percent="100" />
    </mem>
    <remembered-set count="6230" />
  </mem-info>
</gc-start>
<allocation-stats totalBytes="11863120" discardedBytes="22376" >
  <allocated-bytes non-tlh="464384" tlh="11398736" />
  <largest-consumer threadName="Equinox start level thread - Equinox Container: 661b0c39-5b5a-459a-a52c-3dcd8d3a3b89" threadId="00000000005EFE00" bytes="3383272" />
</allocation-stats>
<gc-op id="1431" type="scavenge" timems="11.115" contextid="1428" timestamp="2025-12-11T03:04:44.871">
  <scavenger-info tenureage="4" tenuremask="6010" tiltratio="66" />
  <memory-copied type="nursery" objects="119494" bytes="5540672" bytesdiscarded="48688" />
  <memory-copied type="tenure" objects="31057" bytes="1048856" bytesdiscarded="440" />
  <finalization candidates="21" enqueued="21" />
  <ownableSynchronizers candidates="2471" cleared="630" />
  <references type="soft" candidates="1138" cleared="0" enqueued="0" dynamicThreshold="9" maxThreshold="32" />
  <references type="weak" candidates="1377" cleared="484" enqueued="483" />
  <references type="phantom" candidates="301" cleared="15" enqueued="15" />
  <object-monitors candidates="35" cleared="8"  />
</gc-op>
<heap-resize id="1432" type="expand" space="nursery" amount="1179648" count="1" timems="0.052" reason="excessive time being spent scavenging" timestamp="2025-12-11T03:04:44.872" />
<gc-end id="1433" type="scavenge" contextid="1428" durationms="14.690" usertimems="38.709" systemtimems="0.000" stalltimems="7.466" timestamp="2025-12-11T03:04:44.873" activeThreads="4">
  <mem-info id="1434" free="17562712" total="57933824" percent="30">
    <mem type="nursery" free="13662904" total="27000832" percent="50">
      <mem type="allocate" free="13662904" total="19267584" percent="70" />
      <mem type="survivor" free="0" total="7733248" percent="0" />
    </mem>
    <mem type="tenure" free="3899808" total="30932992" percent="12">
      <mem type="soa" free="2352544" total="29385728" percent="8" />
      <mem type="loa" free="1547264" total="1547264" percent="100" />
    </mem>
    <pending-finalizers system="21" default="0" reference="498" classloader="0" />
    <remembered-set count="4880" />
  </mem-info>
</gc-end>
<cycle-end id="1435" type="scavenge" contextid="1428" timestamp="2025-12-11T03:04:44.874" />
<allocation-satisfied id="1436" threadId="00000000005F3B00" bytesRequested="40" />
<af-end id="1437" timestamp="2025-12-11T03:04:44.875" threadId="00000000005F4578" success="true" from="nursery"/>
<exclusive-end id="1438" timestamp="2025-12-11T03:04:44.876" durationms="22.812" />

<concurrent-kickoff id="1439" timestamp="2025-12-11T03:04:44.985">
  <kickoff reason="threshold reached" targetBytes="14589216" thresholdFreeBytes="2005830"  remainingFree="1874616" tenureFreeBytes="3756480" nurseryFreeBytes="1874616" />
</concurrent-kickoff>
<exclusive-start id="1440" timestamp="2025-12-11T03:04:44.986" intervalms="133.199">
  <response-info timems="0.725" idlems="0.500" threads="2" lastid="00000000005F3B00" lastname="Equinox start level thread - Equinox Container: 661b0c39-5b5a-4" />
</exclusive-start>
<cycle-start id="1441" type="global" contextid="0" timestamp="2025-12-11T03:04:44.987" intervalms="3006.083" />
<concurrent-start id="1442" type="global mark" contextid="1441" timestamp="2025-12-11T03:04:44.988">
</concurrent-start>
<exclusive-end id="1443" timestamp="2025-12-11T03:04:44.988" durationms="2.008" />

<concurrent-end id="1444" type="global mark" contextid="1441" timestamp="2025-12-11T03:04:45.016">
<gc-op id="1445" type="trace" timems="28.475" contextid="1441" timestamp="2025-12-11T03:04:45.016">
  <trace bytesTraced="12934860" workStackOverflowCount="0" />
  <card-cleaning reason="card cleaning threshold reached" bytesTraced="21308" cardsCleaned="75" />
</gc-op>
</concurrent-end>

<exclusive-start id="1446" timestamp="2025-12-11T03:04:45.022" intervalms="35.429">
  <response-info timems="3.251" idlems="1.673" threads="1" lastid="00000000005F3B00" lastname="Equinox start level thread - Equinox Container: 661b0c39-5b5a-4" />
</exclusive-start>
<concurrent-global-final id="1447" timestamp="2025-12-11T03:04:45.022" contextid="1441" intervalms="2968.134" >
  <concurrent-trace-info reason="card cleaning threshold reached" tracedByMutators="9007664" tracedByHelpers="3948504" cardsCleaned="75" workStackOverflowCount="0" />
</concurrent-global-final>
<gc-start id="1448" type="global" contextid="1441" timestamp="2025-12-11T03:04:45.023">
  <mem-info id="1449" free="4244952" total="57933824" percent="7">
    <mem type="nursery" free="494264" total="27000832" percent="1">
      <mem type="allocate" free="494264" total="19267584" percent="2" />
      <mem type="survivor" free="0" total="7733248" percent="0" />
    </mem>
    <mem type="tenure" free="3750688" total="30932992" percent="12">
      <mem type="soa" free="2203424" total="29385728" percent="7" />
      <mem type="loa" free="1547264" total="1547264" percent="100" />
    </mem>
    <remembered-set count="7594" />
  </mem-info>
</gc-start>
<allocation-stats totalBytes="13313424" discardedBytes="4336" >
  <allocated-bytes non-tlh="486920" tlh="12826504" />
  <largest-consumer threadName="Equinox start level thread - Equinox Container: 661b0c39-5b5a-459a-a52c-3dcd8d3a3b89" threadId="00000000005EFE00" bytes="5239456" />
</allocation-stats>
<gc-op id="1450" type="rs-scan" timems="6.962" contextid="1441" timestamp="2025-12-11T03:04:45.032">
  <scan objectsFound="157632" bytesTraced="5246432" workStackOverflowCount="0" />
</gc-op>
<gc-op id="1451" type="card-cleaning" timems="2.593" contextid="1441" timestamp="2025-12-11T03:04:45.035">
  <card-cleaning cardsCleaned="44" bytesTraced="42596" workStackOverflowCount="0" />
</gc-op>
<gc-op id="1452" type="mark" timems="32.306" contextid="1441" timestamp="2025-12-11T03:04:45.068">
  <trace-info objectcount="3416" scancount="3083" scanbytes="96356" />
  <finalization candidates="738" enqueued="5" />
  <ownableSynchronizers candidates="4109" cleared="407" />
  <references type="soft" candidates="6190" cleared="0" enqueued="0" dynamicThreshold="9" maxThreshold="32" />
  <references type="weak" candidates="3058" cleared="556" enqueued="556" />
  <references type="phantom" candidates="318" cleared="1" enqueued="1" />
  <stringconstants candidates="15939" cleared="42"  />
  <object-monitors candidates="34" cleared="6"  />
</gc-op>
<gc-op id="1453" type="classunload" timems="0.050" contextid="1441" timestamp="2025-12-11T03:04:45.069">
  <classunload-info classloadercandidates="127" classloadersunloaded="0" classesunloaded="0" anonymousclassesunloaded="0" quiescems="0.000" setupms="0.049" scanms="0.000" postms="0.000" />
</gc-op>
<gc-op id="1454" type="sweep" timems="3.788" contextid="1441" timestamp="2025-12-11T03:04:45.074" />
<heap-resize id="1455" type="expand" space="tenure" amount="1048576" count="1" timems="0.558" reason="insufficient free space following gc" timestamp="2025-12-11T03:04:45.075" />
<gc-end id="1456" type="global" contextid="1441" durationms="52.694" usertimems="90.096" systemtimems="41.709" stalltimems="618.547" timestamp="2025-12-11T03:04:45.076" activeThreads="20">
  <mem-info id="1457" free="21138688" total="58982400" percent="35">
    <mem type="nursery" free="11297032" total="27000832" percent="41">
      <mem type="allocate" free="11297032" total="19267584" percent="58" />
      <mem type="survivor" free="0" total="7733248" percent="0" />
    </mem>
    <mem type="tenure" free="9841656" total="31981568" percent="30" micro-fragmented="493299" macro-fragmented="0">
      <mem type="soa" free="8242168" total="30382080" percent="27" />
      <mem type="loa" free="1599488" total="1599488" percent="100" />
    </mem>
    <pending-finalizers system="5" default="0" reference="557" classloader="0" />
    <remembered-set count="6446" />
  </mem-info>
</gc-end>
<cycle-end id="1458" type="global" contextid="1441" timestamp="2025-12-11T03:04:45.077" />
<exclusive-end id="1459" timestamp="2025-12-11T03:04:45.078" durationms="55.943" />

<exclusive-start id="1460" timestamp="2025-12-11T03:04:45.128" intervalms="106.805">
  <response-info timems="0.104" idlems="0.104" threads="0" lastid="00000000005EC100" lastname="Equinox start level thread - Equinox Container: 661b0c39-5b5a-4" />
</exclusive-start>
<af-start id="1461" threadId="00000000005ECB78" totalBytesRequested="24" timestamp="2025-12-11T03:04:45.129" intervalms="274.032" type="nursery" />
<cycle-start id="1462" type="scavenge" contextid="0" timestamp="2025-12-11T03:04:45.130" intervalms="273.246" />
<gc-start id="1463" type="scavenge" contextid="1462" timestamp="2025-12-11T03:04:45.131">
  <mem-info id="1464" free="9800232" total="58982400" percent="16">
    <mem type="nursery" free="0" total="27000832" percent="0">
      <mem type="allocate" free="0" total="19267584" percent="0" />
      <mem type="survivor" free="0" total="7733248" percent="0" />
    </mem>
    <mem type="tenure" free="9800232" total="31981568" percent="30">
      <mem type="soa" free="8200744" total="30382080" percent="26" />
      <mem type="loa" free="1599488" total="1599488" percent="100" />
    </mem>
    <remembered-set count="7255" />
  </mem-info>
</gc-start>
<allocation-stats totalBytes="11235312" discardedBytes="87760" >
  <allocated-bytes non-tlh="1114280" tlh="10121032" />
  <largest-consumer threadName="Equinox start level thread - Equinox Container: 661b0c39-5b5a-459a-a52c-3dcd8d3a3b89" threadId="00000000005EFE00" bytes="5008968" />
</allocation-stats>
<gc-op id="1465" type="scavenge" timems="12.128" contextid="1462" timestamp="2025-12-11T03:04:45.144">
  <scavenger-info tenureage="4" tenuremask="6010" tiltratio="71" />
  <memory-copied type="nursery" objects="140165" bytes="6549224" bytesdiscarded="54848" />
  <memory-copied type="tenure" objects="18769" bytes="637064" bytesdiscarded="1240" />
  <finalization candidates="10" enqueued="10" />
  <ownableSynchronizers candidates="5327" cleared="2667" />
  <references type="soft" candidates="1849" cleared="0" enqueued="0" dynamicThreshold="9" maxThreshold="32" />
  <references type="weak" candidates="1510" cleared="181" enqueued="181" />
  <references type="phantom" candidates="274" cleared="0" enqueued="0" />
  <object-monitors candidates="28" cleared="0"  />
</gc-op>
<gc-end id="1466" type="scavenge" contextid="1462" durationms="14.263" usertimems="51.865" systemtimems="0.000" stalltimems="9.166" timestamp="2025-12-11T03:04:45.145" activeThreads="5">
  <mem-info id="1467" free="20395528" total="58982400" percent="34">
    <mem type="nursery" free="11395696" total="27000832" percent="42">
      <mem type="allocate" free="11395696" total="18022400" percent="63" />
      <mem type="survivor" free="0" total="8978432" percent="0" />
    </mem>
    <mem type="tenure" free="8999832" total="31981568" percent="28">
      <mem type="soa" free="7400344" total="30382080" percent="24" />
      <mem type="loa" free="1599488" total="1599488" percent="100" />
    </mem>
    <pending-finalizers system="10" default="0" reference="181" classloader="0" />
    <remembered-set count="5887" />
  </mem-info>
</gc-end>
<cycle-end id="1468" type="scavenge" contextid="1462" timestamp="2025-12-11T03:04:45.146" />
<allocation-satisfied id="1469" threadId="00000000005EC100" bytesRequested="24" />
<af-end id="1470" timestamp="2025-12-11T03:04:45.147" threadId="00000000005ECB78" success="true" from="nursery"/>
<exclusive-end id="1471" timestamp="2025-12-11T03:04:45.148" durationms="19.361" />

<exclusive-start id="1472" timestamp="2025-12-11T03:04:45.226" intervalms="97.151">
  <response-info timems="0.747" idlems="0.439" threads="1" lastid="00000000005EC100" lastname="Equinox start level thread - Equinox Container: 661b0c39-5b5a-4" />
</exclusive-start>
<af-start id="1473" threadId="000000000058A478" totalBytesRequested="48" timestamp="2025-12-11T03:04:45.226" intervalms="97.235" type="nursery" />
<cycle-start id="1474" type="scavenge" contextid="0" timestamp="2025-12-11T03:04:45.227" intervalms="97.308" />
<gc-start id="1475" type="scavenge" contextid="1474" timestamp="2025-12-11T03:04:45.228">
  <mem-info id="1476" free="8900392" total="58982400" percent="15">
    <mem type="nursery" free="0" total="27000832" percent="0">
      <mem type="allocate" free="0" total="18022400" percent="0" />
      <mem type="survivor" free="0" total="8978432" percent="0" />
    </mem>
    <mem type="tenure" free="8900392" total="31981568" percent="27">
      <mem type="soa" free="7300904" total="30382080" percent="24" />
      <mem type="loa" free="1599488" total="1599488" percent="100" />
    </mem>
    <remembered-set count="7384" />
  </mem-info>
</gc-start>
<allocation-stats totalBytes="11491992" discardedBytes="2424" >
  <allocated-bytes non-tlh="98744" tlh="11393248" />
  <largest-consumer threadName="Equinox start level thread - Equinox Container: 661b0c39-5b5a-459a-a52c-3dcd8d3a3b89" threadId="00000000005F3B00" bytes="5502344" />
</allocation-stats>
<gc-op id="1477" type="scavenge" timems="9.847" contextid="1474" timestamp="2025-12-11T03:04:45.240">
  <scavenger-info tenureage="12" tenuremask="7000" tiltratio="66" />
  <memory-copied type="nursery" objects="156742" bytes="6972688" bytesdiscarded="52168" />
  <finalization candidates="17" enqueued="17" />
  <ownableSynchronizers candidates="3165" cleared="212" />
  <references type="soft" candidates="2144" cleared="0" enqueued="0" dynamicThreshold="9" maxThreshold="32" />
  <references type="weak" candidates="2082" cleared="524" enqueued="524" />
  <references type="phantom" candidates="284" cleared="5" enqueued="5" />
  <object-monitors candidates="28" cleared="0"  />
</gc-op>
<heap-resize id="1478" type="expand" space="nursery" amount="1835008" count="1" timems="0.076" reason="excessive time being spent scavenging" timestamp="2025-12-11T03:04:45.241" />
<gc-end id="1479" type="scavenge" contextid="1474" durationms="13.064" usertimems="45.684" systemtimems="2.031" stalltimems="12.973" timestamp="2025-12-11T03:04:45.242" activeThreads="6">
  <mem-info id="1480" free="20857624" total="60817408" percent="34">
    <mem type="nursery" free="11957232" total="28835840" percent="41">
      <mem type="allocate" free="11957232" total="19005440" percent="62" />
      <mem type="survivor" free="0" total="9830400" percent="0" />
    </mem>
    <mem type="tenure" free="8900392" total="31981568" percent="27">
      <mem type="soa" free="7300904" total="30382080" percent="24" />
      <mem type="loa" free="1599488" total="1599488" percent="100" />
    </mem>
    <pending-finalizers system="17" default="0" reference="529" classloader="0" />
    <remembered-set count="6099" />
  </mem-info>
</gc-end>
<cycle-end id="1481" type="scavenge" contextid="1474" timestamp="2025-12-11T03:04:45.242" />
<allocation-satisfied id="1482" threadId="0000000000589A00" bytesRequested="48" />
<af-end id="1483" timestamp="2025-12-11T03:04:45.244" threadId="000000000058A478" success="true" from="nursery"/>
<exclusive-end id="1484" timestamp="2025-12-11T03:04:45.245" durationms="18.995" />

<exclusive-start id="1485" timestamp="2025-12-11T03:04:45.336" intervalms="110.145">
  <response-info timems="0.101" idlems="0.101" threads="0" lastid="00000000005ECE00" lastname="Equinox start level thread - Equinox Container: 661b0c39-5b5a-4" />
</exclusive-start>
<af-start id="1486" threadId="00000000005ED878" totalBytesRequested="120" timestamp="2025-12-11T03:04:45.336" intervalms="110.068" type="nursery" />
<cycle-start id="1487" type="scavenge" contextid="0" timestamp="2025-12-11T03:04:45.337" intervalms="110.023" />
<gc-start id="1488" type="scavenge" contextid="1487" timestamp="2025-12-11T03:04:45.338">
  <mem-info id="1489" free="8762640" total="60817408" percent="14">
    <mem type="nursery" free="0" total="28835840" percent="0">
      <mem type="allocate" free="0" total="19005440" percent="0" />
      <mem type="survivor" free="0" total="9830400" percent="0" />
    </mem>
    <mem type="tenure" free="8762640" total="31981568" percent="27">
      <mem type="soa" free="7163152" total="30382080" percent="23" />
      <mem type="loa" free="1599488" total="1599488" percent="100" />
    </mem>
    <remembered-set count="8373" />
  </mem-info>
</gc-start>
<allocation-stats totalBytes="12081608" discardedBytes="2296" >
  <allocated-bytes non-tlh="294000" tlh="11787608" />
  <largest-consumer threadName="Equinox start level thread - Equinox Container: 661b0c39-5b5a-459a-a52c-3dcd8d3a3b89" threadId="00000000005ECE00" bytes="5271296" />
</allocation-stats>
<gc-op id="1490" type="scavenge" timems="11.918" contextid="1487" timestamp="2025-12-11T03:04:45.352">
  <scavenger-info tenureage="3" tenuremask="7828" tiltratio="65" />
  <memory-copied type="nursery" objects="132061" bytes="5866072" bytesdiscarded="127384" />
  <memory-copied type="tenure" objects="49190" bytes="1626320" bytesdiscarded="1912" />
  <finalization candidates="11" enqueued="11" />
  <ownableSynchronizers candidates="3780" cleared="355" />
  <references type="soft" candidates="2036" cleared="0" enqueued="0" dynamicThreshold="9" maxThreshold="32" />
  <references type="weak" candidates="1491" cleared="339" enqueued="336" />
  <references type="phantom" candidates="278" cleared="5" enqueued="5" />
  <object-monitors candidates="30" cleared="0"  />
</gc-op>
<heap-resize id="1491" type="expand" space="nursery" amount="1703936" count="1" timems="0.082" reason="excessive time being spent scavenging" timestamp="2025-12-11T03:04:45.353" />
<gc-end id="1492" type="scavenge" contextid="1487" durationms="15.877" usertimems="58.341" systemtimems="5.625" stalltimems="20.507" timestamp="2025-12-11T03:04:45.354" activeThreads="7">
  <mem-info id="1493" free="21751592" total="62521344" percent="34">
    <mem type="nursery" free="14889760" total="30539776" percent="48">
      <mem type="allocate" free="14889760" total="20905984" percent="71" />
      <mem type="survivor" free="0" total="9633792" percent="0" />
    </mem>
    <mem type="tenure" free="6861832" total="31981568" percent="21">
      <mem type="soa" free="5262344" total="30382080" percent="17" />
      <mem type="loa" free="1599488" total="1599488" percent="100" />
    </mem>
    <pending-finalizers system="11" default="0" reference="341" classloader="0" />
    <remembered-set count="8483" />
  </mem-info>
</gc-end>
<cycle-end id="1494" type="scavenge" contextid="1487" timestamp="2025-12-11T03:04:45.355" />
<allocation-satisfied id="1495" threadId="00000000005ECE00" bytesRequested="120" />
<af-end id="1496" timestamp="2025-12-11T03:04:45.357" threadId="00000000005ED878" success="true" from="nursery"/>
<exclusive-end id="1497" timestamp="2025-12-11T03:04:45.358" durationms="22.402" />

<exclusive-start id="1498" timestamp="2025-12-11T03:04:45.530" intervalms="193.757">
  <response-info timems="0.142" idlems="0.142" threads="0" lastid="00000000005EC100" lastname="Equinox start level thread - Equinox Container: 661b0c39-5b5a-4" />
</exclusive-start>
<af-start id="1499" threadId="00000000005ECB78" totalBytesRequested="16" timestamp="2025-12-11T03:04:45.531" intervalms="194.171" type="nursery" />
<cycle-start id="1500" type="scavenge" contextid="0" timestamp="2025-12-11T03:04:45.532" intervalms="194.674" />
<gc-start id="1501" type="scavenge" contextid="1500" timestamp="2025-12-11T03:04:45.533">
  <mem-info id="1502" free="6696104" total="62521344" percent="10">
    <mem type="nursery" free="0" total="30539776" percent="0">
      <mem type="allocate" free="0" total="20905984" percent="0" />
      <mem type="survivor" free="0" total="9633792" percent="0" />
    </mem>
    <mem type="tenure" free="6696104" total="31981568" percent="20">
      <mem type="soa" free="5096616" total="30382080" percent="16" />
      <mem type="loa" free="1599488" total="1599488" percent="100" />
    </mem>
    <remembered-set count="11286" />
  </mem-info>
</gc-start>
<allocation-stats totalBytes="15039528" discardedBytes="15208" >
  <allocated-bytes non-tlh="546184" tlh="14493344" />
  <largest-consumer threadName="Equinox start level thread - Equinox Container: 661b0c39-5b5a-459a-a52c-3dcd8d3a3b89" threadId="00000000005ECE00" bytes="4994600" />
</allocation-stats>
<gc-op id="1503" type="scavenge" timems="11.085" contextid="1500" timestamp="2025-12-11T03:04:45.546">
  <scavenger-info tenureage="11" tenuremask="7800" tiltratio="68" />
  <memory-copied type="nursery" objects="166058" bytes="7313664" bytesdiscarded="98848" />
  <finalization candidates="53" enqueued="53" />
  <ownableSynchronizers candidates="3521" cleared="327" />
  <references type="soft" candidates="3033" cleared="0" enqueued="0" dynamicThreshold="9" maxThreshold="32" />
  <references type="weak" candidates="2137" cleared="547" enqueued="546" />
  <references type="phantom" candidates="330" cleared="44" enqueued="44" />
  <object-monitors candidates="30" cleared="0"  />
</gc-op>
<gc-end id="1504" type="scavenge" contextid="1500" durationms="13.522" usertimems="59.942" systemtimems="2.887" stalltimems="26.354" timestamp="2025-12-11T03:04:45.547" activeThreads="8">
  <mem-info id="1505" free="19244432" total="62521344" percent="30">
    <mem type="nursery" free="12548328" total="30539776" percent="41">
      <mem type="allocate" free="12548328" total="19988480" percent="62" />
      <mem type="survivor" free="0" total="10551296" percent="0" />
    </mem>
    <mem type="tenure" free="6696104" total="31981568" percent="20">
      <mem type="soa" free="5096616" total="30382080" percent="16" />
      <mem type="loa" free="1599488" total="1599488" percent="100" />
    </mem>
    <pending-finalizers system="53" default="0" reference="590" classloader="0" />
    <remembered-set count="10142" />
  </mem-info>
</gc-end>
<cycle-end id="1506" type="scavenge" contextid="1500" timestamp="2025-12-11T03:04:45.548" />
<allocation-satisfied id="1507" threadId="00000000005EC100" bytesRequested="16" />
<af-end id="1508" timestamp="2025-12-11T03:04:45.549" threadId="00000000005ECB78" success="true" from="nursery"/>
<exclusive-end id="1509" timestamp="2025-12-11T03:04:45.550" durationms="20.300" />

<exclusive-start id="1510" timestamp="2025-12-11T03:04:46.044" intervalms="514.796">
  <response-info timems="0.080" idlems="0.080" threads="0" lastid="00000000005E4400" lastname="Start Level: Equinox Container: 661b0c39-5b5a-459a-a52c-3dcd8d3" />
</exclusive-start>
<af-start id="1511" threadId="00000000005E4E78" totalBytesRequested="448" timestamp="2025-12-11T03:04:46.045" intervalms="514.500" type="nursery" />
<cycle-start id="1512" type="scavenge" contextid="0" timestamp="2025-12-11T03:04:46.046" intervalms="513.991" />
<gc-start id="1513" type="scavenge" contextid="1512" timestamp="2025-12-11T03:04:46.047">
  <mem-info id="1514" free="6405976" total="62521344" percent="10">
    <mem type="nursery" free="0" total="30539776" percent="0">
      <mem type="allocate" free="0" total="19988480" percent="0" />
      <mem type="survivor" free="0" total="10551296" percent="0" />
    </mem>
    <mem type="tenure" free="6405976" total="31981568" percent="20">
      <mem type="soa" free="4806488" total="30382080" percent="15" />
      <mem type="loa" free="1599488" total="1599488" percent="100" />
    </mem>
    <remembered-set count="14927" />
  </mem-info>
</gc-start>
<allocation-stats totalBytes="12823184" discardedBytes="8680" >
  <allocated-bytes non-tlh="574632" tlh="12248552" />
  <largest-consumer threadName="Start Level: Equinox Container: 661b0c39-5b5a-459a-a52c-3dcd8d3a3b89" threadId="00000000005E4400" bytes="4768312" />
</allocation-stats>
<gc-op id="1515" type="scavenge" timems="11.898" contextid="1512" timestamp="2025-12-11T03:04:46.061">
  <scavenger-info tenureage="3" tenuremask="7c48" tiltratio="65" />
  <memory-copied type="nursery" objects="138908" bytes="6274568" bytesdiscarded="192312" />
  <memory-copied type="tenure" objects="59632" bytes="2127224" bytesdiscarded="1240" />
  <finalization candidates="121" enqueued="121" />
  <ownableSynchronizers candidates="3876" cleared="225" />
  <references type="soft" candidates="2933" cleared="0" enqueued="0" dynamicThreshold="9" maxThreshold="32" />
  <references type="weak" candidates="2214" cleared="752" enqueued="751" />
  <references type="phantom" candidates="281" cleared="49" enqueued="49" />
  <object-monitors candidates="32" cleared="0"  />
</gc-op>
<gc-end id="1516" type="scavenge" contextid="1512" durationms="14.565" usertimems="68.760" systemtimems="4.831" stalltimems="20.900" timestamp="2025-12-11T03:04:46.062" activeThreads="8">
  <mem-info id="1517" free="17573208" total="62521344" percent="28">
    <mem type="nursery" free="13827992" total="30539776" percent="45">
      <mem type="allocate" free="13827992" total="20316160" percent="68" />
      <mem type="survivor" free="0" total="10223616" percent="0" />
    </mem>
    <mem type="tenure" free="3745216" total="31981568" percent="11">
      <mem type="soa" free="2145728" total="30382080" percent="7" />
      <mem type="loa" free="1599488" total="1599488" percent="100" />
    </mem>
    <pending-finalizers system="121" default="0" reference="800" classloader="0" />
    <remembered-set count="10495" />
  </mem-info>
</gc-end>
<cycle-end id="1518" type="scavenge" contextid="1512" timestamp="2025-12-11T03:04:46.062" />
<allocation-satisfied id="1519" threadId="00000000005E4400" bytesRequested="448" />
<af-end id="1520" timestamp="2025-12-11T03:04:46.064" threadId="00000000005E4E78" success="true" from="nursery"/>
<exclusive-end id="1521" timestamp="2025-12-11T03:04:46.064" durationms="19.866" />

<concurrent-kickoff id="1522" timestamp="2025-12-11T03:04:46.234">
  <kickoff reason="threshold reached" targetBytes="14674879" thresholdFreeBytes="2020618"  remainingFree="1865416" tenureFreeBytes="3598472" nurseryFreeBytes="1865416" />
</concurrent-kickoff>
<exclusive-start id="1523" timestamp="2025-12-11T03:04:46.235" intervalms="190.856">
  <response-info timems="0.066" idlems="0.066" threads="0" lastid="00000000005E4400" lastname="Start Level: Equinox Container: 661b0c39-5b5a-459a-a52c-3dcd8d3" />
</exclusive-start>
<cycle-start id="1524" type="global" contextid="0" timestamp="2025-12-11T03:04:46.237" intervalms="1249.767" />
<concurrent-start id="1525" type="global mark" contextid="1524" timestamp="2025-12-11T03:04:46.237">
</concurrent-start>
<exclusive-end id="1526" timestamp="2025-12-11T03:04:46.238" durationms="3.011" />

<concurrent-end id="1527" type="global mark" contextid="1524" timestamp="2025-12-11T03:04:46.326">
<gc-op id="1528" type="trace" timems="88.804" contextid="1524" timestamp="2025-12-11T03:04:46.326">
  <trace bytesTraced="17292656" workStackOverflowCount="0" />
  <card-cleaning reason="card cleaning threshold reached" bytesTraced="35748" cardsCleaned="85" />
</gc-op>
</concurrent-end>

<exclusive-start id="1529" timestamp="2025-12-11T03:04:46.328" intervalms="92.445">
  <response-info timems="0.072" idlems="0.072" threads="0" lastid="00000000005E4400" lastname="Start Level: Equinox Container: 661b0c39-5b5a-459a-a52c-3dcd8d3" />
</exclusive-start>
<concurrent-global-final id="1530" timestamp="2025-12-11T03:04:46.328" contextid="1524" intervalms="1305.741" >
  <concurrent-trace-info reason="card cleaning threshold reached" tracedByMutators="3238868" tracedByHelpers="14089536" cardsCleaned="85" workStackOverflowCount="0" />
</concurrent-global-final>
<gc-start id="1531" type="global" contextid="1524" timestamp="2025-12-11T03:04:46.329">
  <mem-info id="1532" free="4132200" total="62521344" percent="6">
    <mem type="nursery" free="542408" total="30539776" percent="1">
      <mem type="allocate" free="542408" total="20316160" percent="2" />
      <mem type="survivor" free="0" total="10223616" percent="0" />
    </mem>
    <mem type="tenure" free="3589792" total="31981568" percent="11">
      <mem type="soa" free="1990304" total="30382080" percent="6" />
      <mem type="loa" free="1599488" total="1599488" percent="100" />
    </mem>
    <remembered-set count="13110" />
  </mem-info>
</gc-start>
<allocation-stats totalBytes="13434432" discardedBytes="6576" >
  <allocated-bytes non-tlh="264176" tlh="13170256" />
  <largest-consumer threadName="Start Level: Equinox Container: 661b0c39-5b5a-459a-a52c-3dcd8d3a3b89" threadId="00000000005E4400" bytes="11782072" />
</allocation-stats>
<gc-op id="1533" type="rs-scan" timems="7.554" contextid="1524" timestamp="2025-12-11T03:04:46.338">
  <scan objectsFound="145624" bytesTraced="5150856" workStackOverflowCount="0" />
</gc-op>
<gc-op id="1534" type="card-cleaning" timems="2.818" contextid="1524" timestamp="2025-12-11T03:04:46.342">
  <card-cleaning cardsCleaned="1" bytesTraced="0" workStackOverflowCount="0" />
</gc-op>
<gc-op id="1535" type="mark" timems="36.372" contextid="1524" timestamp="2025-12-11T03:04:46.379">
  <trace-info objectcount="11285" scancount="10330" scanbytes="265620" />
  <finalization candidates="756" enqueued="26" />
  <ownableSynchronizers candidates="6422" cleared="181" />
  <references type="soft" candidates="9251" cleared="1250" enqueued="1237" dynamicThreshold="9" maxThreshold="32" />
  <references type="weak" candidates="4482" cleared="415" enqueued="408" />
  <references type="phantom" candidates="365" cleared="21" enqueued="21" />
  <stringconstants candidates="22655" cleared="57"  />
  <object-monitors candidates="32" cleared="0"  />
</gc-op>
<gc-op id="1536" type="classunload" timems="1.232" contextid="1524" timestamp="2025-12-11T03:04:46.382">
  <classunload-info classloadercandidates="267" classloadersunloaded="15" classesunloaded="5" anonymousclassesunloaded="0" quiescems="0.000" setupms="1.188" scanms="0.024" postms="0.019" />
</gc-op>
<gc-op id="1537" type="sweep" timems="5.183" contextid="1524" timestamp="2025-12-11T03:04:46.388" />
<heap-resize id="1538" type="expand" space="tenure" amount="7077888" count="1" timems="1.900" reason="insufficient free space following gc" timestamp="2025-12-11T03:04:46.391" />
<gc-end id="1539" type="global" contextid="1524" durationms="62.582" usertimems="122.233" systemtimems="55.139" stalltimems="699.474" timestamp="2025-12-11T03:04:46.392" activeThreads="20">
  <mem-info id="1540" free="24438688" total="69599232" percent="35">
    <mem type="nursery" free="12684440" total="30539776" percent="41">
      <mem type="allocate" free="12684440" total="20316160" percent="62" />
      <mem type="survivor" free="0" total="10223616" percent="0" />
    </mem>
    <mem type="tenure" free="11754248" total="39059456" percent="30" micro-fragmented="900578" macro-fragmented="0">
      <mem type="soa" free="9800456" total="37105664" percent="26" />
      <mem type="loa" free="1953792" total="1953792" percent="100" />
    </mem>
    <pending-finalizers system="26" default="0" reference="1666" classloader="0" />
    <remembered-set count="11524" />
  </mem-info>
</gc-end>
<cycle-end id="1541" type="global" contextid="1524" timestamp="2025-12-11T03:04:46.393" />
<exclusive-end id="1542" timestamp="2025-12-11T03:04:46.394" durationms="66.277" />

<exclusive-start id="1543" timestamp="2025-12-11T03:04:47.138" intervalms="810.251">
  <response-info timems="0.076" idlems="0.076" threads="0" lastid="00000000005E4400" lastname="Start Level: Equinox Container: 661b0c39-5b5a-459a-a52c-3dcd8d3" />
</exclusive-start>
<af-start id="1544" threadId="00000000005E4E78" totalBytesRequested="88" timestamp="2025-12-11T03:04:47.139" intervalms="1093.522" type="nursery" />
<cycle-start id="1545" type="scavenge" contextid="0" timestamp="2025-12-11T03:04:47.139" intervalms="1093.557" />
<gc-start id="1546" type="scavenge" contextid="1545" timestamp="2025-12-11T03:04:47.140">
  <mem-info id="1547" free="11380648" total="69599232" percent="16">
    <mem type="nursery" free="0" total="30539776" percent="0">
      <mem type="allocate" free="0" total="20316160" percent="0" />
      <mem type="survivor" free="0" total="10223616" percent="0" />
    </mem>
    <mem type="tenure" free="11380648" total="39059456" percent="29">
      <mem type="soa" free="9426856" total="37105664" percent="25" />
      <mem type="loa" free="1953792" total="1953792" percent="100" />
    </mem>
    <remembered-set count="18180" />
  </mem-info>
</gc-start>
<allocation-stats totalBytes="12953976" discardedBytes="78800" >
  <allocated-bytes non-tlh="1598560" tlh="11355416" />
  <largest-consumer threadName="Start Level: Equinox Container: 661b0c39-5b5a-459a-a52c-3dcd8d3a3b89" threadId="00000000005E4400" bytes="12711376" />
</allocation-stats>
<gc-op id="1548" type="scavenge" timems="12.131" contextid="1545" timestamp="2025-12-11T03:04:47.154">
  <scavenger-info tenureage="3" tenuremask="7e08" tiltratio="66" />
  <memory-copied type="nursery" objects="148868" bytes="6510992" bytesdiscarded="172880" />
  <memory-copied type="tenure" objects="25507" bytes="1206840" bytesdiscarded="1760" />
  <finalization candidates="27" enqueued="26" />
  <ownableSynchronizers candidates="12854" cleared="9762" />
  <references type="soft" candidates="3279" cleared="0" enqueued="0" dynamicThreshold="9" maxThreshold="32" />
  <references type="weak" candidates="9326" cleared="465" enqueued="462" />
  <references type="phantom" candidates="212" cleared="16" enqueued="16" />
  <object-monitors candidates="32" cleared="0"  />
</gc-op>
<gc-end id="1549" type="scavenge" contextid="1545" durationms="14.574" usertimems="72.723" systemtimems="3.906" stalltimems="33.511" timestamp="2025-12-11T03:04:47.155" activeThreads="9">
  <mem-info id="1550" free="23607920" total="69599232" percent="33">
    <mem type="nursery" free="13939424" total="30539776" percent="45">
      <mem type="allocate" free="13939424" total="20643840" percent="67" />
      <mem type="survivor" free="0" total="9895936" percent="0" />
    </mem>
    <mem type="tenure" free="9668496" total="39059456" percent="24">
      <mem type="soa" free="7714704" total="37105664" percent="20" />
      <mem type="loa" free="1953792" total="1953792" percent="100" />
    </mem>
    <pending-finalizers system="26" default="0" reference="478" classloader="0" />
    <remembered-set count="16100" />
  </mem-info>
</gc-end>
<cycle-end id="1551" type="scavenge" contextid="1545" timestamp="2025-12-11T03:04:47.156" />
<allocation-satisfied id="1552" threadId="00000000005E4400" bytesRequested="88" />
<af-end id="1553" timestamp="2025-12-11T03:04:47.158" threadId="00000000005E4E78" success="true" from="nursery"/>
<exclusive-end id="1554" timestamp="2025-12-11T03:04:47.158" durationms="20.381" />

<exclusive-start id="1555" timestamp="2025-12-11T03:04:47.524" intervalms="386.186">
  <response-info timems="0.080" idlems="0.080" threads="0" lastid="00000000005E4400" lastname="Start Level: Equinox Container: 661b0c39-5b5a-459a-a52c-3dcd8d3" />
</exclusive-start>
<af-start id="1556" threadId="00000000005E4E78" totalBytesRequested="80" timestamp="2025-12-11T03:04:47.525" intervalms="386.200" type="nursery" />
<cycle-start id="1557" type="scavenge" contextid="0" timestamp="2025-12-11T03:04:47.526" intervalms="386.274" />
<gc-start id="1558" type="scavenge" contextid="1557" timestamp="2025-12-11T03:04:47.527">
  <mem-info id="1559" free="9616736" total="69599232" percent="13">
    <mem type="nursery" free="0" total="30539776" percent="0">
      <mem type="allocate" free="0" total="20643840" percent="0" />
      <mem type="survivor" free="0" total="9895936" percent="0" />
    </mem>
    <mem type="tenure" free="9616736" total="39059456" percent="24">
      <mem type="soa" free="7662944" total="37105664" percent="20" />
      <mem type="loa" free="1953792" total="1953792" percent="100" />
    </mem>
    <remembered-set count="17232" />
  </mem-info>
</gc-start>
<allocation-stats totalBytes="13990352" discardedBytes="832" >
  <allocated-bytes non-tlh="51848" tlh="13938504" />
  <largest-consumer threadName="Start Level: Equinox Container: 661b0c39-5b5a-459a-a52c-3dcd8d3a3b89" threadId="00000000005E4400" bytes="13838928" />
</allocation-stats>
<gc-op id="1560" type="scavenge" timems="12.695" contextid="1557" timestamp="2025-12-11T03:04:47.541">
  <scavenger-info tenureage="3" tenuremask="7f08" tiltratio="67" />
  <memory-copied type="nursery" objects="128023" bytes="6446480" bytesdiscarded="245632" />
  <memory-copied type="tenure" objects="30769" bytes="1059128" bytesdiscarded="176" />
  <finalization candidates="5" enqueued="4" />
  <ownableSynchronizers candidates="2958" cleared="126" />
  <references type="soft" candidates="2476" cleared="0" enqueued="0" dynamicThreshold="9" maxThreshold="32" />
  <references type="weak" candidates="8654" cleared="137" enqueued="135" />
  <references type="phantom" candidates="248" cleared="2" enqueued="2" />
  <object-monitors candidates="32" cleared="0"  />
</gc-op>
<gc-end id="1561" type="scavenge" contextid="1557" durationms="15.305" usertimems="66.296" systemtimems="2.546" stalltimems="46.985" timestamp="2025-12-11T03:04:47.542" activeThreads="9">
  <mem-info id="1562" free="22536152" total="69599232" percent="32">
    <mem type="nursery" free="14327800" total="30539776" percent="46">
      <mem type="allocate" free="14327800" total="21037056" percent="68" />
      <mem type="survivor" free="0" total="9502720" percent="0" />
    </mem>
    <mem type="tenure" free="8208352" total="39059456" percent="21">
      <mem type="soa" free="6254560" total="37105664" percent="16" />
      <mem type="loa" free="1953792" total="1953792" percent="100" />
    </mem>
    <pending-finalizers system="4" default="0" reference="137" classloader="0" />
    <remembered-set count="13678" />
  </mem-info>
</gc-end>
<cycle-end id="1563" type="scavenge" contextid="1557" timestamp="2025-12-11T03:04:47.543" />
<allocation-satisfied id="1564" threadId="00000000005E4400" bytesRequested="80" />
<af-end id="1565" timestamp="2025-12-11T03:04:47.546" threadId="00000000005E4E78" success="true" from="nursery"/>
<exclusive-end id="1566" timestamp="2025-12-11T03:04:47.548" durationms="23.795" />

<exclusive-start id="1567" timestamp="2025-12-11T03:04:48.035" intervalms="510.829">
  <response-info timems="0.073" idlems="0.073" threads="0" lastid="00000000005E4400" lastname="Start Level: Equinox Container: 661b0c39-5b5a-459a-a52c-3dcd8d3" />
</exclusive-start>
<af-start id="1568" threadId="00000000005E4E78" totalBytesRequested="8200" timestamp="2025-12-11T03:04:48.036" intervalms="510.844" type="nursery" />
<cycle-start id="1569" type="scavenge" contextid="0" timestamp="2025-12-11T03:04:48.040" intervalms="513.788" />
<gc-start id="1570" type="scavenge" contextid="1569" timestamp="2025-12-11T03:04:48.043">
  <mem-info id="1571" free="8193128" total="69599232" percent="11">
    <mem type="nursery" free="0" total="30539776" percent="0">
      <mem type="allocate" free="0" total="21037056" percent="0" />
      <mem type="survivor" free="0" total="9502720" percent="0" />
    </mem>
    <mem type="tenure" free="8193128" total="39059456" percent="20">
      <mem type="soa" free="6239336" total="37105664" percent="16" />
      <mem type="loa" free="1953792" total="1953792" percent="100" />
    </mem>
    <remembered-set count="14572" />
  </mem-info>
</gc-start>
<allocation-stats totalBytes="14341072" discardedBytes="1952" >
  <allocated-bytes non-tlh="15304" tlh="14325768" />
  <largest-consumer threadName="Start Level: Equinox Container: 661b0c39-5b5a-459a-a52c-3dcd8d3a3b89" threadId="00000000005E4400" bytes="14230880" />
</allocation-stats>
<gc-op id="1572" type="scavenge" timems="11.589" contextid="1569" timestamp="2025-12-11T03:04:48.059">
  <scavenger-info tenureage="3" tenuremask="7f88" tiltratio="68" />
  <memory-copied type="nursery" objects="58048" bytes="3975328" bytesdiscarded="290880" />
  <memory-copied type="tenure" objects="77344" bytes="2544048" bytesdiscarded="1104" />
  <finalization candidates="55" enqueued="54" />
  <ownableSynchronizers candidates="2174" cleared="4" />
  <references type="soft" candidates="1159" cleared="0" enqueued="0" dynamicThreshold="9" maxThreshold="32" />
  <references type="weak" candidates="8009" cleared="125" enqueued="125" />
  <references type="phantom" candidates="278" cleared="24" enqueued="24" />
  <object-monitors candidates="32" cleared="0"  />
</gc-op>
<gc-end id="1573" type="scavenge" contextid="1569" durationms="17.621" usertimems="46.786" systemtimems="17.397" stalltimems="31.471" timestamp="2025-12-11T03:04:48.061" activeThreads="9">
  <mem-info id="1574" free="22801336" total="69599232" percent="32">
    <mem type="nursery" free="17024208" total="30539776" percent="55">
      <mem type="allocate" free="17024208" total="21299200" percent="79" />
      <mem type="survivor" free="0" total="9240576" percent="0" />
    </mem>
    <mem type="tenure" free="5777128" total="39059456" percent="14">
      <mem type="soa" free="3823336" total="37105664" percent="10" />
      <mem type="loa" free="1953792" total="1953792" percent="100" />
    </mem>
    <pending-finalizers system="54" default="0" reference="149" classloader="0" />
    <remembered-set count="3364" />
  </mem-info>
</gc-end>
<cycle-end id="1575" type="scavenge" contextid="1569" timestamp="2025-12-11T03:04:48.062" />
<allocation-satisfied id="1576" threadId="00000000005E4400" bytesRequested="8200" />
<af-end id="1577" timestamp="2025-12-11T03:04:48.064" threadId="00000000005E4E78" success="true" from="nursery"/>
<exclusive-end id="1578" timestamp="2025-12-11T03:04:48.065" durationms="30.018" />

<concurrent-kickoff id="1579" timestamp="2025-12-11T03:04:48.682">
  <kickoff reason="threshold reached" targetBytes="18491053" thresholdFreeBytes="2548686"  remainingFree="2397392" tenureFreeBytes="5734080" nurseryFreeBytes="2397392" />
</concurrent-kickoff>
<exclusive-start id="1580" timestamp="2025-12-11T03:04:48.685" intervalms="649.634">
  <response-info timems="0.077" idlems="0.077" threads="0" lastid="00000000005E4400" lastname="Start Level: Equinox Container: 661b0c39-5b5a-459a-a52c-3dcd8d3" />
</exclusive-start>
<cycle-start id="1581" type="global" contextid="0" timestamp="2025-12-11T03:04:48.686" intervalms="2449.573" />
<concurrent-start id="1582" type="global mark" contextid="1581" timestamp="2025-12-11T03:04:48.687">
</concurrent-start>
<exclusive-end id="1583" timestamp="2025-12-11T03:04:48.688" durationms="3.861" />

<concurrent-end id="1584" type="global mark" contextid="1581" timestamp="2025-12-11T03:04:48.768">
<gc-op id="1585" type="trace" timems="80.392" contextid="1581" timestamp="2025-12-11T03:04:48.768">
  <trace bytesTraced="21441024" workStackOverflowCount="0" />
  <card-cleaning reason="card cleaning threshold reached" bytesTraced="44376" cardsCleaned="85" />
</gc-op>
</concurrent-end>

<exclusive-start id="1586" timestamp="2025-12-11T03:04:48.769" intervalms="84.571">
  <response-info timems="0.096" idlems="0.096" threads="0" lastid="00000000005E4400" lastname="Start Level: Equinox Container: 661b0c39-5b5a-459a-a52c-3dcd8d3" />
</exclusive-start>
<concurrent-global-final id="1587" timestamp="2025-12-11T03:04:48.770" contextid="1581" intervalms="2441.581" >
  <concurrent-trace-info reason="card cleaning threshold reached" tracedByMutators="7541476" tracedByHelpers="13943924" cardsCleaned="85" workStackOverflowCount="0" />
</concurrent-global-final>
<gc-start id="1588" type="global" contextid="1581" timestamp="2025-12-11T03:04:48.771">
  <mem-info id="1589" free="6620208" total="69599232" percent="9">
    <mem type="nursery" free="890064" total="30539776" percent="2">
      <mem type="allocate" free="890064" total="21299200" percent="4" />
      <mem type="survivor" free="0" total="9240576" percent="0" />
    </mem>
    <mem type="tenure" free="5730144" total="39059456" percent="14">
      <mem type="soa" free="3776352" total="37105664" percent="10" />
      <mem type="loa" free="1953792" total="1953792" percent="100" />
    </mem>
    <remembered-set count="4542" />
  </mem-info>
</gc-start>
<allocation-stats totalBytes="16176152" discardedBytes="4976" >
  <allocated-bytes non-tlh="537392" tlh="15638760" />
  <largest-consumer threadName="Start Level: Equinox Container: 661b0c39-5b5a-459a-a52c-3dcd8d3a3b89" threadId="00000000005E4400" bytes="16049224" />
</allocation-stats>
<gc-op id="1590" type="rs-scan" timems="4.914" contextid="1581" timestamp="2025-12-11T03:04:48.777">
  <scan objectsFound="65307" bytesTraced="2507584" workStackOverflowCount="0" />
</gc-op>
<gc-op id="1591" type="card-cleaning" timems="2.126" contextid="1581" timestamp="2025-12-11T03:04:48.780">
  <card-cleaning cardsCleaned="1" bytesTraced="0" workStackOverflowCount="0" />
</gc-op>
<gc-op id="1592" type="mark" timems="33.117" contextid="1581" timestamp="2025-12-11T03:04:48.814">
  <trace-info objectcount="5075" scancount="4942" scanbytes="139748" />
  <finalization candidates="733" enqueued="10" />
  <ownableSynchronizers candidates="6934" cleared="79" />
  <references type="soft" candidates="8820" cleared="359" enqueued="352" dynamicThreshold="9" maxThreshold="32" />
  <references type="weak" candidates="12047" cleared="211" enqueued="210" />
  <references type="phantom" candidates="336" cleared="3" enqueued="3" />
  <stringconstants candidates="27418" cleared="41"  />
  <object-monitors candidates="32" cleared="0"  />
</gc-op>
<gc-op id="1593" type="classunload" timems="1.819" contextid="1581" timestamp="2025-12-11T03:04:48.817">
  <classunload-info classloadercandidates="355" classloadersunloaded="0" classesunloaded="4" anonymousclassesunloaded="4" quiescems="0.000" setupms="1.765" scanms="0.053" postms="0.001" />
</gc-op>
<gc-op id="1594" type="sweep" timems="6.760" contextid="1581" timestamp="2025-12-11T03:04:48.824" />
<heap-resize id="1595" type="expand" space="tenure" amount="6684672" count="1" timems="2.414" reason="insufficient free space following gc" timestamp="2025-12-11T03:04:48.828" />
<gc-end id="1596" type="global" contextid="1581" durationms="58.566" usertimems="57.980" systemtimems="78.401" stalltimems="678.441" timestamp="2025-12-11T03:04:48.829" activeThreads="20">
  <mem-info id="1597" free="30002288" total="76283904" percent="39">
    <mem type="nursery" free="16255344" total="30539776" percent="53">
      <mem type="allocate" free="16255344" total="21299200" percent="76" />
      <mem type="survivor" free="0" total="9240576" percent="0" />
    </mem>
    <mem type="tenure" free="13746944" total="45744128" percent="30" micro-fragmented="891167" macro-fragmented="0">
      <mem type="soa" free="11459328" total="43456512" percent="26" />
      <mem type="loa" free="2287616" total="2287616" percent="100" />
    </mem>
    <pending-finalizers system="10" default="0" reference="565" classloader="0" />
    <remembered-set count="4208" />
  </mem-info>
</gc-end>
<cycle-end id="1598" type="global" contextid="1581" timestamp="2025-12-11T03:04:48.831" />
<exclusive-end id="1599" timestamp="2025-12-11T03:04:48.831" durationms="62.400" />

<exclusive-start id="1600" timestamp="2025-12-11T03:04:49.208" intervalms="438.473">
  <response-info timems="0.082" idlems="0.082" threads="0" lastid="00000000005E4400" lastname="Start Level: Equinox Container: 661b0c39-5b5a-459a-a52c-3dcd8d3" />
</exclusive-start>
<af-start id="1601" threadId="00000000005E4E78" totalBytesRequested="320" timestamp="2025-12-11T03:04:49.208" intervalms="1172.603" type="nursery" />
<cycle-start id="1602" type="scavenge" contextid="0" timestamp="2025-12-11T03:04:49.209" intervalms="1169.947" />
<gc-start id="1603" type="scavenge" contextid="1602" timestamp="2025-12-11T03:04:49.210">
  <mem-info id="1604" free="13611968" total="76283904" percent="17">
    <mem type="nursery" free="0" total="30539776" percent="0">
      <mem type="allocate" free="0" total="21299200" percent="0" />
      <mem type="survivor" free="0" total="9240576" percent="0" />
    </mem>
    <mem type="tenure" free="13611968" total="45744128" percent="29">
      <mem type="soa" free="11324352" total="43456512" percent="26" />
      <mem type="loa" free="2287616" total="2287616" percent="100" />
    </mem>
    <remembered-set count="6806" />
  </mem-info>
</gc-start>
<allocation-stats totalBytes="16287400" discardedBytes="78208" >
  <allocated-bytes non-tlh="736776" tlh="15550624" />
  <largest-consumer threadName="Start Level: Equinox Container: 661b0c39-5b5a-459a-a52c-3dcd8d3a3b89" threadId="00000000005E4400" bytes="15935768" />
</allocation-stats>
<gc-op id="1605" type="scavenge" timems="9.704" contextid="1602" timestamp="2025-12-11T03:04:49.221">
  <scavenger-info tenureage="7" tenuremask="7f80" tiltratio="69" />
  <memory-copied type="nursery" objects="84736" bytes="4587632" bytesdiscarded="149456" />
  <finalization candidates="10" enqueued="9" />
  <ownableSynchronizers candidates="13359" cleared="11876" />
  <references type="soft" candidates="1722" cleared="0" enqueued="0" dynamicThreshold="9" maxThreshold="32" />
  <references type="weak" candidates="8503" cleared="374" enqueued="369" />
  <references type="phantom" candidates="312" cleared="11" enqueued="11" />
  <object-monitors candidates="37" cleared="4"  />
</gc-op>
<gc-end id="1606" type="scavenge" contextid="1602" durationms="12.198" usertimems="37.247" systemtimems="8.272" stalltimems="45.205" timestamp="2025-12-11T03:04:49.223" activeThreads="9">
  <mem-info id="1607" free="30749936" total="76283904" percent="40">
    <mem type="nursery" free="17137968" total="30539776" percent="56">
      <mem type="allocate" free="17137968" total="21889024" percent="78" />
      <mem type="survivor" free="0" total="8650752" percent="0" />
    </mem>
    <mem type="tenure" free="13611968" total="45744128" percent="29">
      <mem type="soa" free="11324352" total="43456512" percent="26" />
      <mem type="loa" free="2287616" total="2287616" percent="100" />
    </mem>
    <pending-finalizers system="9" default="0" reference="380" classloader="0" />
    <remembered-set count="5769" />
  </mem-info>
</gc-end>
<cycle-end id="1608" type="scavenge" contextid="1602" timestamp="2025-12-11T03:04:49.224" />
<allocation-satisfied id="1609" threadId="00000000005E4400" bytesRequested="320" />
<af-end id="1610" timestamp="2025-12-11T03:04:49.226" threadId="00000000005E4E78" success="true" from="nursery"/>
<exclusive-end id="1611" timestamp="2025-12-11T03:04:49.228" durationms="19.962" />

<exclusive-start id="1612" timestamp="2025-12-11T03:04:49.640" intervalms="432.425">
  <response-info timems="0.223" idlems="0.166" threads="1" lastid="0000000000858900" lastname="Default Executor-thread-4" />
</exclusive-start>
<af-start id="1613" threadId="000000000085C378" totalBytesRequested="1800" timestamp="2025-12-11T03:04:49.641" intervalms="432.677" type="nursery" />
<cycle-start id="1614" type="scavenge" contextid="0" timestamp="2025-12-11T03:04:49.642" intervalms="432.346" />
<gc-start id="1615" type="scavenge" contextid="1614" timestamp="2025-12-11T03:04:49.643">
  <mem-info id="1616" free="13421424" total="76283904" percent="17">
    <mem type="nursery" free="0" total="30539776" percent="0">
      <mem type="allocate" free="0" total="21889024" percent="0" />
      <mem type="survivor" free="0" total="8650752" percent="0" />
    </mem>
    <mem type="tenure" free="13421424" total="45744128" percent="29">
      <mem type="soa" free="11133808" total="43456512" percent="25" />
      <mem type="loa" free="2287616" total="2287616" percent="100" />
    </mem>
    <remembered-set count="9195" />
  </mem-info>
</gc-start>
<allocation-stats totalBytes="17276720" discardedBytes="45256" >
  <allocated-bytes non-tlh="822512" tlh="16454208" />
  <largest-consumer threadName="Equinox start level thread - Equinox Container: 661b0c39-5b5a-459a-a52c-3dcd8d3a3b89" threadId="00000000005EFE00" bytes="9101720" />
</allocation-stats>
<gc-op id="1617" type="scavenge" timems="10.146" contextid="1614" timestamp="2025-12-11T03:04:49.655">
  <scavenger-info tenureage="7" tenuremask="7f80" tiltratio="71" />
  <memory-copied type="nursery" objects="101153" bytes="5055584" bytesdiscarded="144928" />
  <finalization candidates="1" enqueued="0" />
  <ownableSynchronizers candidates="2143" cleared="165" />
  <references type="soft" candidates="2331" cleared="0" enqueued="0" dynamicThreshold="9" maxThreshold="32" />
  <references type="weak" candidates="8809" cleared="500" enqueued="500" />
  <references type="phantom" candidates="325" cleared="1" enqueued="1" />
  <object-monitors candidates="45" cleared="9"  />
</gc-op>
<gc-end id="1618" type="scavenge" contextid="1614" durationms="12.939" usertimems="34.909" systemtimems="12.734" stalltimems="33.464" timestamp="2025-12-11T03:04:49.656" activeThreads="8">
  <mem-info id="1619" free="30422872" total="76283904" percent="39">
    <mem type="nursery" free="17001448" total="30539776" percent="55">
      <mem type="allocate" free="17001448" total="22216704" percent="76" />
      <mem type="survivor" free="0" total="8323072" percent="0" />
    </mem>
    <mem type="tenure" free="13421424" total="45744128" percent="29">
      <mem type="soa" free="11133808" total="43456512" percent="25" />
      <mem type="loa" free="2287616" total="2287616" percent="100" />
    </mem>
    <pending-finalizers system="0" default="0" reference="501" classloader="0" />
    <remembered-set count="8565" />
  </mem-info>
</gc-end>
<cycle-end id="1620" type="scavenge" contextid="1614" timestamp="2025-12-11T03:04:49.657" />
<allocation-satisfied id="1621" threadId="000000000085B900" bytesRequested="1800" />
<af-end id="1622" timestamp="2025-12-11T03:04:49.659" threadId="000000000085C378" success="true" from="nursery"/>
<exclusive-end id="1623" timestamp="2025-12-11T03:04:49.659" durationms="19.367" />

<exclusive-start id="1624" timestamp="2025-12-11T03:04:50.015" intervalms="374.788">
  <response-info timems="0.072" idlems="0.042" threads="1" lastid="0000000000857C00" lastname="Default Executor-thread-2" />
</exclusive-start>
<af-start id="1625" threadId="000000000085C378" totalBytesRequested="6528" timestamp="2025-12-11T03:04:50.015" intervalms="374.510" type="nursery" />
<cycle-start id="1626" type="scavenge" contextid="0" timestamp="2025-12-11T03:04:50.017" intervalms="374.731" />
<gc-start id="1627" type="scavenge" contextid="1626" timestamp="2025-12-11T03:04:50.017">
  <mem-info id="1628" free="13190008" total="76283904" percent="17">
    <mem type="nursery" free="0" total="30539776" percent="0">
      <mem type="allocate" free="0" total="22216704" percent="0" />
      <mem type="survivor" free="0" total="8323072" percent="0" />
    </mem>
    <mem type="tenure" free="13190008" total="45744128" percent="28">
      <mem type="soa" free="10902392" total="43456512" percent="25" />
      <mem type="loa" free="2287616" total="2287616" percent="100" />
    </mem>
    <remembered-set count="12066" />
  </mem-info>
</gc-start>
<allocation-stats totalBytes="16708736" discardedBytes="519808" >
  <allocated-bytes non-tlh="311440" tlh="16397296" />
  <largest-consumer threadName="Default Executor-thread-5" threadId="0000000000859500" bytes="5179720" />
</allocation-stats>
<gc-op id="1629" type="scavenge" timems="10.831" contextid="1626" timestamp="2025-12-11T03:04:50.030">
  <scavenger-info tenureage="5" tenuremask="7fa0" tiltratio="72" />
  <memory-copied type="nursery" objects="72662" bytes="4326368" bytesdiscarded="272152" />
  <memory-copied type="tenure" objects="36793" bytes="1414952" bytesdiscarded="1288" />
  <finalization candidates="13" enqueued="12" />
  <ownableSynchronizers candidates="2113" cleared="0" />
  <references type="soft" candidates="1627" cleared="0" enqueued="0" dynamicThreshold="9" maxThreshold="32" />
  <references type="weak" candidates="1599" cleared="588" enqueued="588" />
  <references type="phantom" candidates="368" cleared="6" enqueued="6" />
  <object-monitors candidates="234" cleared="131"  />
</gc-op>
<gc-end id="1630" type="scavenge" contextid="1626" durationms="13.536" usertimems="42.221" systemtimems="11.693" stalltimems="15.723" timestamp="2025-12-11T03:04:50.031" activeThreads="7">
  <mem-info id="1631" free="29669824" total="76283904" percent="38">
    <mem type="nursery" free="17997976" total="30539776" percent="58">
      <mem type="allocate" free="17997976" total="22609920" percent="79" />
      <mem type="survivor" free="0" total="7929856" percent="0" />
    </mem>
    <mem type="tenure" free="11671848" total="45744128" percent="25">
      <mem type="soa" free="9384232" total="43456512" percent="21" />
      <mem type="loa" free="2287616" total="2287616" percent="100" />
    </mem>
    <pending-finalizers system="12" default="0" reference="594" classloader="0" />
    <remembered-set count="8511" />
  </mem-info>
</gc-end>
<cycle-end id="1632" type="scavenge" contextid="1626" timestamp="2025-12-11T03:04:50.032" />
<allocation-satisfied id="1633" threadId="000000000085B900" bytesRequested="6528" />
<af-end id="1634" timestamp="2025-12-11T03:04:50.033" threadId="000000000085C378" success="true" from="nursery"/>
<exclusive-end id="1635" timestamp="2025-12-11T03:04:50.034" durationms="18.869" />

<exclusive-start id="1636" timestamp="2025-12-11T03:04:50.181" intervalms="166.720">
  <response-info timems="0.085" idlems="0.085" threads="0" lastid="0000000000589A00" lastname="Framework Event Dispatcher: Equinox Container: 661b0c39-5b5a-45" />
</exclusive-start>
<af-start id="1637" threadId="000000000058A478" totalBytesRequested="24" timestamp="2025-12-11T03:04:50.182" intervalms="166.796" type="nursery" />
<cycle-start id="1638" type="scavenge" contextid="0" timestamp="2025-12-11T03:04:50.183" intervalms="166.644" />
<gc-start id="1639" type="scavenge" contextid="1638" timestamp="2025-12-11T03:04:50.184">
  <mem-info id="1640" free="11590096" total="76283904" percent="15">
    <mem type="nursery" free="0" total="30539776" percent="0">
      <mem type="allocate" free="0" total="22609920" percent="0" />
      <mem type="survivor" free="0" total="7929856" percent="0" />
    </mem>
    <mem type="tenure" free="11590096" total="45744128" percent="25">
      <mem type="soa" free="9302480" total="43456512" percent="21" />
      <mem type="loa" free="2287616" total="2287616" percent="100" />
    </mem>
    <remembered-set count="9965" />
  </mem-info>
</gc-start>
<allocation-stats totalBytes="17817992" discardedBytes="261736" >
  <allocated-bytes non-tlh="88280" tlh="17729712" />
  <largest-consumer threadName="Default Executor-thread-5" threadId="0000000000859500" bytes="5622640" />
</allocation-stats>
<gc-op id="1641" type="scavenge" timems="7.483" contextid="1638" timestamp="2025-12-11T03:04:50.193">
  <scavenger-info tenureage="7" tenuremask="7f80" tiltratio="74" />
  <memory-copied type="nursery" objects="81428" bytes="4911040" bytesdiscarded="113760" />
  <finalization candidates="18" enqueued="18" />
  <ownableSynchronizers candidates="1461" cleared="3" />
  <references type="soft" candidates="1669" cleared="0" enqueued="0" dynamicThreshold="9" maxThreshold="32" />
  <references type="weak" candidates="1286" cleared="208" enqueued="208" />
  <references type="phantom" candidates="374" cleared="8" enqueued="8" />
  <object-monitors candidates="158" cleared="48"  />
</gc-op>
<heap-resize id="1642" type="expand" space="nursery" amount="1179648" count="1" timems="0.063" reason="excessive time being spent scavenging" timestamp="2025-12-11T03:04:50.194" />
<gc-end id="1643" type="scavenge" contextid="1638" durationms="10.680" usertimems="33.043" systemtimems="4.150" stalltimems="22.699" timestamp="2025-12-11T03:04:50.195" activeThreads="8">
  <mem-info id="1644" free="30277296" total="77463552" percent="39">
    <mem type="nursery" free="18687200" total="31719424" percent="58">
      <mem type="allocate" free="18687200" total="23724032" percent="78" />
      <mem type="survivor" free="0" total="7995392" percent="0" />
    </mem>
    <mem type="tenure" free="11590096" total="45744128" percent="25">
      <mem type="soa" free="9302480" total="43456512" percent="21" />
      <mem type="loa" free="2287616" total="2287616" percent="100" />
    </mem>
    <pending-finalizers system="18" default="0" reference="216" classloader="0" />
    <remembered-set count="7861" />
  </mem-info>
</gc-end>
<cycle-end id="1645" type="scavenge" contextid="1638" timestamp="2025-12-11T03:04:50.196" />
<allocation-satisfied id="1646" threadId="0000000000589A00" bytesRequested="24" />
<af-end id="1647" timestamp="2025-12-11T03:04:50.197" threadId="000000000058A478" success="true" from="nursery"/>
<exclusive-end id="1648" timestamp="2025-12-11T03:04:50.198" durationms="16.082" />

<exclusive-start id="1649" timestamp="2025-12-11T03:04:50.396" intervalms="214.875">
  <response-info timems="0.646" idlems="0.373" threads="1" lastid="0000000000029600" lastname="JIT Compilation Thread-000" />
</exclusive-start>
<af-start id="1650" threadId="0000000000858678" totalBytesRequested="41992" timestamp="2025-12-11T03:04:50.397" intervalms="214.808" type="nursery" />
<cycle-start id="1651" type="scavenge" contextid="0" timestamp="2025-12-11T03:04:50.398" intervalms="214.706" />
<gc-start id="1652" type="scavenge" contextid="1651" timestamp="2025-12-11T03:04:50.399">
  <mem-info id="1653" free="11435880" total="77463552" percent="14">
    <mem type="nursery" free="0" total="31719424" percent="0">
      <mem type="allocate" free="0" total="23724032" percent="0" />
      <mem type="survivor" free="0" total="7995392" percent="0" />
    </mem>
    <mem type="tenure" free="11435880" total="45744128" percent="24">
      <mem type="soa" free="9148264" total="43456512" percent="21" />
      <mem type="loa" free="2287616" total="2287616" percent="100" />
    </mem>
    <remembered-set count="10449" />
  </mem-info>
</gc-start>
<allocation-stats totalBytes="18692888" discardedBytes="148528" >
  <allocated-bytes non-tlh="195224" tlh="18497664" />
  <largest-consumer threadName="Default Executor-thread-5" threadId="0000000000859500" bytes="5727736" />
</allocation-stats>
<gc-op id="1654" type="scavenge" timems="8.523" contextid="1651" timestamp="2025-12-11T03:04:50.409">
  <scavenger-info tenureage="6" tenuremask="7fc0" tiltratio="74" />
  <memory-copied type="nursery" objects="81540" bytes="4854064" bytesdiscarded="137848" />
  <memory-copied type="tenure" objects="10093" bytes="327952" bytesdiscarded="72" />
  <finalization candidates="12" enqueued="10" />
  <ownableSynchronizers candidates="1574" cleared="53" />
  <references type="soft" candidates="1563" cleared="0" enqueued="0" dynamicThreshold="9" maxThreshold="32" />
  <references type="weak" candidates="1725" cleared="487" enqueued="468" />
  <references type="phantom" candidates="379" cleared="5" enqueued="5" />
  <object-monitors candidates="132" cleared="14"  />
</gc-op>
<gc-end id="1655" type="scavenge" contextid="1651" durationms="10.886" usertimems="37.760" systemtimems="5.824" stalltimems="17.359" timestamp="2025-12-11T03:04:50.410" activeThreads="7">
  <mem-info id="1656" free="29807912" total="77463552" percent="38">
    <mem type="nursery" free="19308992" total="31719424" percent="60">
      <mem type="allocate" free="19308992" total="24313856" percent="79" />
      <mem type="survivor" free="0" total="7405568" percent="0" />
    </mem>
    <mem type="tenure" free="10498920" total="45744128" percent="22">
      <mem type="soa" free="8211304" total="43456512" percent="18" />
      <mem type="loa" free="2287616" total="2287616" percent="100" />
    </mem>
    <pending-finalizers system="10" default="0" reference="473" classloader="0" />
    <remembered-set count="7217" />
  </mem-info>
</gc-end>
<cycle-end id="1657" type="scavenge" contextid="1651" timestamp="2025-12-11T03:04:50.411" />
<allocation-satisfied id="1658" threadId="0000000000857C00" bytesRequested="41992" />
<af-end id="1659" timestamp="2025-12-11T03:04:50.412" threadId="0000000000858678" success="true" from="nursery"/>
<exclusive-end id="1660" timestamp="2025-12-11T03:04:50.413" durationms="16.379" />

<exclusive-start id="1661" timestamp="2025-12-11T03:04:50.847" intervalms="450.303">
  <response-info timems="0.079" idlems="0.079" threads="0" lastid="0000000000859500" lastname="Default Executor-thread-5" />
</exclusive-start>
<af-start id="1662" threadId="0000000000859F78" totalBytesRequested="2896" timestamp="2025-12-11T03:04:50.848" intervalms="450.586" type="nursery" />
<cycle-start id="1663" type="scavenge" contextid="0" timestamp="2025-12-11T03:04:50.849" intervalms="450.747" />
<gc-start id="1664" type="scavenge" contextid="1663" timestamp="2025-12-11T03:04:50.850">
  <mem-info id="1665" free="10365688" total="77463552" percent="13">
    <mem type="nursery" free="0" total="31719424" percent="0">
      <mem type="allocate" free="0" total="24313856" percent="0" />
      <mem type="survivor" free="0" total="7405568" percent="0" />
    </mem>
    <mem type="tenure" free="10365688" total="45744128" percent="22">
      <mem type="soa" free="8078072" total="43456512" percent="18" />
      <mem type="loa" free="2287616" total="2287616" percent="100" />
    </mem>
    <remembered-set count="9208" />
  </mem-info>
</gc-start>
<allocation-stats totalBytes="19367232" discardedBytes="74992" >
  <allocated-bytes non-tlh="495064" tlh="18872168" />
  <largest-consumer threadName="Default Executor-thread-5" threadId="0000000000859500" bytes="9839296" />
</allocation-stats>
<gc-op id="1666" type="scavenge" timems="7.668" contextid="1663" timestamp="2025-12-11T03:04:50.859">
  <scavenger-info tenureage="7" tenuremask="7f80" tiltratio="76" />
  <memory-copied type="nursery" objects="101688" bytes="6054408" bytesdiscarded="101736" />
  <finalization candidates="19" enqueued="17" />
  <ownableSynchronizers candidates="1381" cleared="3" />
  <references type="soft" candidates="1877" cleared="0" enqueued="0" dynamicThreshold="9" maxThreshold="32" />
  <references type="weak" candidates="2522" cleared="1140" enqueued="1125" />
  <references type="phantom" candidates="382" cleared="3" enqueued="3" />
  <object-monitors candidates="162" cleared="35"  />
</gc-op>
<gc-end id="1667" type="scavenge" contextid="1663" durationms="10.374" usertimems="38.818" systemtimems="0.405" stalltimems="16.065" timestamp="2025-12-11T03:04:50.860" activeThreads="7">
  <mem-info id="1668" free="27200952" total="77463552" percent="35">
    <mem type="nursery" free="16835264" total="31719424" percent="53">
      <mem type="allocate" free="16835264" total="23003136" percent="73" />
      <mem type="survivor" free="0" total="8716288" percent="0" />
    </mem>
    <mem type="tenure" free="10365688" total="45744128" percent="22">
      <mem type="soa" free="8078072" total="43456512" percent="18" />
      <mem type="loa" free="2287616" total="2287616" percent="100" />
    </mem>
    <pending-finalizers system="17" default="0" reference="1128" classloader="0" />
    <remembered-set count="7860" />
  </mem-info>
</gc-end>
<cycle-end id="1669" type="scavenge" contextid="1663" timestamp="2025-12-11T03:04:50.861" />
<allocation-satisfied id="1670" threadId="0000000000859500" bytesRequested="2896" />
<af-end id="1671" timestamp="2025-12-11T03:04:50.862" threadId="0000000000859F78" success="true" from="nursery"/>
<exclusive-end id="1672" timestamp="2025-12-11T03:04:50.863" durationms="16.460" />

<exclusive-start id="1673" timestamp="2025-12-11T03:04:51.616" intervalms="769.328">
  <response-info timems="0.099" idlems="0.099" threads="0" lastid="000000000085A200" lastname="Default Executor-thread-6" />
</exclusive-start>
<af-start id="1674" threadId="000000000085AC78" totalBytesRequested="262160" timestamp="2025-12-11T03:04:51.617" intervalms="769.235" type="nursery" />
<cycle-start id="1675" type="scavenge" contextid="0" timestamp="2025-12-11T03:04:51.618" intervalms="769.189" />
<gc-start id="1676" type="scavenge" contextid="1675" timestamp="2025-12-11T03:04:51.619">
  <mem-info id="1677" free="10210776" total="77463552" percent="13">
    <mem type="nursery" free="66240" total="31719424" percent="0">
      <mem type="allocate" free="66240" total="23003136" percent="0" />
      <mem type="survivor" free="0" total="8716288" percent="0" />
    </mem>
    <mem type="tenure" free="10144536" total="45744128" percent="22">
      <mem type="soa" free="7856920" total="43456512" percent="18" />
      <mem type="loa" free="2287616" total="2287616" percent="100" />
    </mem>
    <remembered-set count="12196" />
  </mem-info>
</gc-start>
<allocation-stats totalBytes="16923760" discardedBytes="66416" >
  <allocated-bytes non-tlh="1036672" tlh="15887088" />
  <largest-consumer threadName="Default Executor-thread-6" threadId="000000000085A200" bytes="5011600" />
</allocation-stats>
<gc-op id="1678" type="scavenge" timems="9.236" contextid="1675" timestamp="2025-12-11T03:04:51.630">
  <scavenger-info tenureage="7" tenuremask="7f80" tiltratio="72" />
  <memory-copied type="nursery" objects="99268" bytes="5942104" bytesdiscarded="111832" />
  <memory-copied type="tenure" objects="6719" bytes="213424" bytesdiscarded="56" />
  <finalization candidates="70" enqueued="68" />
  <ownableSynchronizers candidates="1560" cleared="20" />
  <references type="soft" candidates="2564" cleared="0" enqueued="0" dynamicThreshold="9" maxThreshold="32" />
  <references type="weak" candidates="2175" cleared="687" enqueued="674" />
  <references type="phantom" candidates="408" cleared="25" enqueued="25" />
  <object-monitors candidates="161" cleared="25"  />
</gc-op>
<gc-end id="1679" type="scavenge" contextid="1675" durationms="11.722" usertimems="39.706" systemtimems="7.132" stalltimems="18.827" timestamp="2025-12-11T03:04:51.631" activeThreads="7">
  <mem-info id="1680" free="27327496" total="77463552" percent="35">
    <mem type="nursery" free="17855728" total="31719424" percent="56">
      <mem type="allocate" free="17855728" total="23920640" percent="74" />
      <mem type="survivor" free="0" total="7798784" percent="0" />
    </mem>
    <mem type="tenure" free="9471768" total="45744128" percent="20">
      <mem type="soa" free="7184152" total="43456512" percent="16" />
      <mem type="loa" free="2287616" total="2287616" percent="100" />
    </mem>
    <pending-finalizers system="68" default="0" reference="699" classloader="0" />
    <remembered-set count="8831" />
  </mem-info>
</gc-end>
<cycle-end id="1681" type="scavenge" contextid="1675" timestamp="2025-12-11T03:04:51.631" />
<allocation-satisfied id="1682" threadId="000000000085A200" bytesRequested="262160" />
<af-end id="1683" timestamp="2025-12-11T03:04:51.634" threadId="000000000085AC78" success="true" from="nursery"/>
<exclusive-end id="1684" timestamp="2025-12-11T03:04:51.635" durationms="18.785" />

<exclusive-start id="1685" timestamp="2025-12-11T03:04:51.654" intervalms="37.643">
  <response-info timems="0.105" idlems="0.105" threads="0" lastid="000000000085A200" lastname="Default Executor-thread-6" />
</exclusive-start>
<af-start id="1686" threadId="000000000085AC78" totalBytesRequested="1312" timestamp="2025-12-11T03:04:51.654" intervalms="37.530" type="nursery" />
<cycle-start id="1687" type="scavenge" contextid="0" timestamp="2025-12-11T03:04:51.655" intervalms="37.506" />
<gc-start id="1688" type="scavenge" contextid="1687" timestamp="2025-12-11T03:04:51.656">
  <mem-info id="1689" free="9453672" total="77463552" percent="12">
    <mem type="nursery" free="0" total="31719424" percent="0">
      <mem type="allocate" free="0" total="23920640" percent="0" />
      <mem type="survivor" free="0" total="7798784" percent="0" />
    </mem>
    <mem type="tenure" free="9453672" total="45744128" percent="20">
      <mem type="soa" free="7166056" total="43456512" percent="16" />
      <mem type="loa" free="2287616" total="2287616" percent="100" />
    </mem>
    <remembered-set count="8949" />
  </mem-info>
</gc-start>
<allocation-stats totalBytes="17598552" discardedBytes="275272" >
  <allocated-bytes non-tlh="280256" tlh="17318296" />
  <largest-consumer threadName="Default Executor-thread-6" threadId="000000000085A200" bytes="16415760" />
</allocation-stats>
<gc-op id="1690" type="scavenge" timems="10.431" contextid="1687" timestamp="2025-12-11T03:04:51.668">
  <scavenger-info tenureage="4" tenuremask="7ff0" tiltratio="75" />
  <memory-copied type="nursery" objects="40324" bytes="2750320" bytesdiscarded="386480" />
  <memory-copied type="tenure" objects="58300" bytes="3485776" bytesdiscarded="2296" />
  <finalization candidates="2" enqueued="0" />
  <ownableSynchronizers candidates="1526" cleared="5" />
  <references type="soft" candidates="1143" cleared="0" enqueued="0" dynamicThreshold="9" maxThreshold="32" />
  <references type="weak" candidates="750" cleared="85" enqueued="84" />
  <references type="phantom" candidates="140" cleared="0" enqueued="0" />
  <object-monitors candidates="136" cleared="0"  />
</gc-op>
<heap-resize id="1691" type="expand" space="nursery" amount="5636096" count="1" timems="0.187" reason="excessive time being spent scavenging" timestamp="2025-12-11T03:04:51.670" />
<gc-end id="1692" type="scavenge" contextid="1687" durationms="14.546" usertimems="44.584" systemtimems="5.650" stalltimems="18.732" timestamp="2025-12-11T03:04:51.671" activeThreads="7">
  <mem-info id="1693" free="31433040" total="83099648" percent="37">
    <mem type="nursery" free="25171784" total="37355520" percent="67">
      <mem type="allocate" free="25171784" total="28311552" percent="88" />
      <mem type="survivor" free="0" total="9043968" percent="0" />
    </mem>
    <mem type="tenure" free="6261256" total="45744128" percent="13">
      <mem type="soa" free="3973640" total="43456512" percent="9" />
      <mem type="loa" free="2287616" total="2287616" percent="100" />
    </mem>
    <pending-finalizers system="0" default="0" reference="84" classloader="0" />
    <remembered-set count="5019" />
  </mem-info>
</gc-end>
<cycle-end id="1694" type="scavenge" contextid="1687" timestamp="2025-12-11T03:04:51.672" />
<allocation-satisfied id="1695" threadId="000000000085A200" bytesRequested="1312" />
<af-end id="1696" timestamp="2025-12-11T03:04:51.676" threadId="000000000085AC78" success="true" from="nursery"/>
<exclusive-end id="1697" timestamp="2025-12-11T03:04:51.677" durationms="23.844" />

<concurrent-kickoff id="1698" timestamp="2025-12-11T03:04:52.437">
  <kickoff reason="threshold reached" targetBytes="22303797" thresholdFreeBytes="3078467"  remainingFree="2914120" tenureFreeBytes="6025560" nurseryFreeBytes="2914120" />
</concurrent-kickoff>
<exclusive-start id="1699" timestamp="2025-12-11T03:04:52.442" intervalms="788.194">
  <response-info timems="0.066" idlems="0.066" threads="0" lastid="0000000000859500" lastname="Default Executor-thread-5" />
</exclusive-start>
<cycle-start id="1700" type="global" contextid="0" timestamp="2025-12-11T03:04:52.447" intervalms="3760.714" />
<concurrent-start id="1701" type="global mark" contextid="1700" timestamp="2025-12-11T03:04:52.452">
</concurrent-start>
<exclusive-end id="1702" timestamp="2025-12-11T03:04:52.456" durationms="14.515" />

<concurrent-end id="1703" type="global mark" contextid="1700" timestamp="2025-12-11T03:04:52.570">
<gc-op id="1704" type="trace" timems="118.118" contextid="1700" timestamp="2025-12-11T03:04:52.570">
  <trace bytesTraced="25014988" workStackOverflowCount="0" />
  <card-cleaning reason="card cleaning threshold reached" bytesTraced="6724" cardsCleaned="15" />
</gc-op>
</concurrent-end>

<exclusive-start id="1705" timestamp="2025-12-11T03:04:52.572" intervalms="129.867">
  <response-info timems="0.077" idlems="0.077" threads="0" lastid="0000000000859500" lastname="Default Executor-thread-5" />
</exclusive-start>
<concurrent-global-final id="1706" timestamp="2025-12-11T03:04:52.572" contextid="1700" intervalms="3802.664" >
  <concurrent-trace-info reason="card cleaning threshold reached" tracedByMutators="3562156" tracedByHelpers="21459556" cardsCleaned="15" workStackOverflowCount="0" />
</concurrent-global-final>
<gc-start id="1707" type="global" contextid="1700" timestamp="2025-12-11T03:04:52.573">
  <mem-info id="1708" free="6146048" total="83099648" percent="7">
    <mem type="nursery" free="120648" total="37355520" percent="0">
      <mem type="allocate" free="120648" total="28311552" percent="0" />
      <mem type="survivor" free="0" total="9043968" percent="0" />
    </mem>
    <mem type="tenure" free="6025400" total="45744128" percent="13">
      <mem type="soa" free="3737784" total="43456512" percent="8" />
      <mem type="loa" free="2287616" total="2287616" percent="100" />
    </mem>
    <remembered-set count="9009" />
  </mem-info>
</gc-start>
<allocation-stats totalBytes="25220200" discardedBytes="66792" >
  <allocated-bytes non-tlh="404448" tlh="24815752" />
  <largest-consumer threadName="Default Executor-thread-5" threadId="0000000000859500" bytes="17293520" />
</allocation-stats>
<gc-op id="1709" type="rs-scan" timems="5.537" contextid="1700" timestamp="2025-12-11T03:04:52.580">
  <scan objectsFound="63178" bytesTraced="2751348" workStackOverflowCount="0" />
</gc-op>
<gc-op id="1710" type="card-cleaning" timems="3.667" contextid="1700" timestamp="2025-12-11T03:04:52.585">
  <card-cleaning cardsCleaned="10" bytesTraced="17892" workStackOverflowCount="0" />
</gc-op>
<gc-op id="1711" type="mark" timems="27.610" contextid="1700" timestamp="2025-12-11T03:04:52.614">
  <trace-info objectcount="18559" scancount="16115" scanbytes="466420" />
  <finalization candidates="888" enqueued="151" />
  <ownableSynchronizers candidates="8309" cleared="30" />
  <references type="soft" candidates="11247" cleared="0" enqueued="0" dynamicThreshold="9" maxThreshold="32" />
  <references type="weak" candidates="14285" cleared="730" enqueued="713" />
  <references type="phantom" candidates="518" cleared="63" enqueued="63" />
  <stringconstants candidates="36827" cleared="256"  />
  <object-monitors candidates="136" cleared="29"  />
</gc-op>
<gc-op id="1712" type="classunload" timems="2.136" contextid="1700" timestamp="2025-12-11T03:04:52.617">
  <classunload-info classloadercandidates="398" classloadersunloaded="0" classesunloaded="12" anonymousclassesunloaded="12" quiescems="0.000" setupms="2.079" scanms="0.055" postms="0.001" />
</gc-op>
<gc-op id="1713" type="sweep" timems="4.210" contextid="1700" timestamp="2025-12-11T03:04:52.622" />
<heap-resize id="1714" type="expand" space="tenure" amount="9240576" count="1" timems="1.732" reason="insufficient free space following gc" timestamp="2025-12-11T03:04:52.624" />
<gc-end id="1715" type="global" contextid="1700" durationms="52.143" usertimems="100.671" systemtimems="49.528" stalltimems="497.034" timestamp="2025-12-11T03:04:52.625" activeThreads="20">
  <mem-info id="1716" free="38973736" total="92340224" percent="42">
    <mem type="nursery" free="22448168" total="37355520" percent="60">
      <mem type="allocate" free="22448168" total="28311552" percent="79" />
      <mem type="survivor" free="0" total="9043968" percent="0" />
    </mem>
    <mem type="tenure" free="16525568" total="54984704" percent="30" micro-fragmented="1265135" macro-fragmented="0">
      <mem type="soa" free="13776128" total="52235264" percent="26" />
      <mem type="loa" free="2749440" total="2749440" percent="100" />
    </mem>
    <pending-finalizers system="127" default="24" reference="776" classloader="0" />
    <remembered-set count="7238" />
  </mem-info>
</gc-end>
<cycle-end id="1717" type="global" contextid="1700" timestamp="2025-12-11T03:04:52.626" />
<exclusive-end id="1718" timestamp="2025-12-11T03:04:52.627" durationms="55.621" />

<exclusive-start id="1719" timestamp="2025-12-11T03:04:53.094" intervalms="522.491">
  <response-info timems="0.075" idlems="0.075" threads="0" lastid="0000000000859500" lastname="Default Executor-thread-5" />
</exclusive-start>
<af-start id="1720" threadId="0000000000859F78" totalBytesRequested="24" timestamp="2025-12-11T03:04:53.095" intervalms="1440.972" type="nursery" />
<cycle-start id="1721" type="scavenge" contextid="0" timestamp="2025-12-11T03:04:53.096" intervalms="1440.890" />
<gc-start id="1722" type="scavenge" contextid="1721" timestamp="2025-12-11T03:04:53.097">
  <mem-info id="1723" free="16525520" total="92340224" percent="17">
    <mem type="nursery" free="0" total="37355520" percent="0">
      <mem type="allocate" free="0" total="28311552" percent="0" />
      <mem type="survivor" free="0" total="9043968" percent="0" />
    </mem>
    <mem type="tenure" free="16525520" total="54984704" percent="30">
      <mem type="soa" free="13776080" total="52235264" percent="26" />
      <mem type="loa" free="2749440" total="2749440" percent="100" />
    </mem>
    <remembered-set count="7301" />
  </mem-info>
</gc-start>
<allocation-stats totalBytes="22342032" discardedBytes="103432" >
  <allocated-bytes non-tlh="1949864" tlh="20392168" />
  <largest-consumer threadName="Default Executor-thread-5" threadId="0000000000859500" bytes="22282848" />
</allocation-stats>
<gc-op id="1724" type="scavenge" timems="12.762" contextid="1721" timestamp="2025-12-11T03:04:53.111">
  <scavenger-info tenureage="4" tenuremask="7f10" tiltratio="75" />
  <memory-copied type="nursery" objects="128240" bytes="6376792" bytesdiscarded="86848" />
  <memory-copied type="tenure" objects="13093" bytes="913480" bytesdiscarded="10008" />
  <finalization candidates="108" enqueued="63" />
  <ownableSynchronizers candidates="16229" cleared="15865" />
  <references type="soft" candidates="1429" cleared="0" enqueued="0" dynamicThreshold="9" maxThreshold="32" />
  <references type="weak" candidates="756" cleared="33" enqueued="33" />
  <references type="phantom" candidates="131" cleared="0" enqueued="0" />
  <object-monitors candidates="107" cleared="0"  />
</gc-op>
<gc-end id="1725" type="scavenge" contextid="1721" durationms="15.206" usertimems="52.887" systemtimems="13.028" stalltimems="17.993" timestamp="2025-12-11T03:04:53.112" activeThreads="7">
  <mem-info id="1726" free="34784904" total="92340224" percent="37">
    <mem type="nursery" free="19414360" total="37355520" percent="51">
      <mem type="allocate" free="19414360" total="25886720" percent="74" />
      <mem type="survivor" free="0" total="11468800" percent="0" />
    </mem>
    <mem type="tenure" free="15370544" total="54984704" percent="27">
      <mem type="soa" free="12621104" total="52235264" percent="24" />
      <mem type="loa" free="2749440" total="2749440" percent="100" />
    </mem>
    <pending-finalizers system="0" default="63" reference="33" classloader="0" />
    <remembered-set count="4975" />
  </mem-info>
</gc-end>
<cycle-end id="1727" type="scavenge" contextid="1721" timestamp="2025-12-11T03:04:53.114" />
<allocation-satisfied id="1728" threadId="0000000000859500" bytesRequested="24" />
<af-end id="1729" timestamp="2025-12-11T03:04:53.115" threadId="0000000000859F78" success="true" from="nursery"/>
<exclusive-end id="1730" timestamp="2025-12-11T03:04:53.116" durationms="21.927" />

<exclusive-start id="1731" timestamp="2025-12-11T03:04:53.395" intervalms="300.877">
  <response-info timems="0.073" idlems="0.073" threads="0" lastid="0000000000859500" lastname="Default Executor-thread-5" />
</exclusive-start>
<af-start id="1732" threadId="0000000000859F78" totalBytesRequested="520" timestamp="2025-12-11T03:04:53.396" intervalms="300.409" type="nursery" />
<cycle-start id="1733" type="scavenge" contextid="0" timestamp="2025-12-11T03:04:53.397" intervalms="300.986" />
<gc-start id="1734" type="scavenge" contextid="1733" timestamp="2025-12-11T03:04:53.398">
  <mem-info id="1735" free="15362768" total="92340224" percent="16">
    <mem type="nursery" free="0" total="37355520" percent="0">
      <mem type="allocate" free="0" total="25886720" percent="0" />
      <mem type="survivor" free="0" total="11468800" percent="0" />
    </mem>
    <mem type="tenure" free="15362768" total="54984704" percent="27">
      <mem type="soa" free="12613328" total="52235264" percent="24" />
      <mem type="loa" free="2749440" total="2749440" percent="100" />
    </mem>
    <remembered-set count="5129" />
  </mem-info>
</gc-start>
<allocation-stats totalBytes="19420600" discardedBytes="1536" >
  <allocated-bytes non-tlh="7800" tlh="19412800" />
  <largest-consumer threadName="Default Executor-thread-5" threadId="0000000000859500" bytes="19256760" />
</allocation-stats>
<gc-op id="1736" type="scavenge" timems="9.166" contextid="1733" timestamp="2025-12-11T03:04:53.408">
  <scavenger-info tenureage="8" tenuremask="7f00" tiltratio="69" />
  <memory-copied type="nursery" objects="147836" bytes="6867288" bytesdiscarded="82280" />
  <finalization candidates="149" enqueued="102" />
  <ownableSynchronizers candidates="303" cleared="12" />
  <references type="soft" candidates="1431" cleared="0" enqueued="0" dynamicThreshold="9" maxThreshold="32" />
  <references type="weak" candidates="770" cleared="41" enqueued="41" />
  <references type="phantom" candidates="128" cleared="1" enqueued="1" />
  <object-monitors candidates="107" cleared="0"  />
</gc-op>
<gc-end id="1737" type="scavenge" contextid="1733" durationms="11.309" usertimems="48.238" systemtimems="2.304" stalltimems="23.480" timestamp="2025-12-11T03:04:53.409" activeThreads="8">
  <mem-info id="1738" free="36123504" total="92340224" percent="39">
    <mem type="nursery" free="20760736" total="37355520" percent="55">
      <mem type="allocate" free="20760736" total="27721728" percent="74" />
      <mem type="survivor" free="0" total="9633792" percent="0" />
    </mem>
    <mem type="tenure" free="15362768" total="54984704" percent="27">
      <mem type="soa" free="12613328" total="52235264" percent="24" />
      <mem type="loa" free="2749440" total="2749440" percent="100" />
    </mem>
    <pending-finalizers system="2" default="100" reference="42" classloader="0" />
    <remembered-set count="5021" />
  </mem-info>
</gc-end>
<cycle-end id="1739" type="scavenge" contextid="1733" timestamp="2025-12-11T03:04:53.410" />
<allocation-satisfied id="1740" threadId="0000000000859500" bytesRequested="520" />
<af-end id="1741" timestamp="2025-12-11T03:04:53.412" threadId="0000000000859F78" success="true" from="nursery"/>
<exclusive-end id="1742" timestamp="2025-12-11T03:04:53.412" durationms="17.401" />

<exclusive-start id="1743" timestamp="2025-12-11T03:04:53.701" intervalms="306.286">
  <response-info timems="0.103" idlems="0.103" threads="0" lastid="0000000000859500" lastname="Default Executor-thread-5" />
</exclusive-start>
<af-start id="1744" threadId="0000000000859F78" totalBytesRequested="32480" timestamp="2025-12-11T03:04:53.702" intervalms="306.302" type="nursery" />
<cycle-start id="1745" type="scavenge" contextid="0" timestamp="2025-12-11T03:04:53.703" intervalms="306.004" />
<gc-start id="1746" type="scavenge" contextid="1745" timestamp="2025-12-11T03:04:53.704">
  <mem-info id="1747" free="15319920" total="92340224" percent="16">
    <mem type="nursery" free="0" total="37355520" percent="0">
      <mem type="allocate" free="0" total="27721728" percent="0" />
      <mem type="survivor" free="0" total="9633792" percent="0" />
    </mem>
    <mem type="tenure" free="15319920" total="54984704" percent="27">
      <mem type="soa" free="12570480" total="52235264" percent="24" />
      <mem type="loa" free="2749440" total="2749440" percent="100" />
    </mem>
    <remembered-set count="6139" />
  </mem-info>
</gc-start>
<allocation-stats totalBytes="20734488" discardedBytes="69096" >
  <allocated-bytes non-tlh="43368" tlh="20691120" />
  <largest-consumer threadName="Default Executor-thread-5" threadId="0000000000859500" bytes="20619800" />
</allocation-stats>
<gc-op id="1748" type="scavenge" timems="9.580" contextid="1745" timestamp="2025-12-11T03:04:53.716">
  <scavenger-info tenureage="8" tenuremask="7f00" tiltratio="74" />
  <memory-copied type="nursery" objects="151763" bytes="7878808" bytesdiscarded="98592" />
  <finalization candidates="141" enqueued="94" />
  <ownableSynchronizers candidates="299" cleared="6" />
  <references type="soft" candidates="1556" cleared="0" enqueued="0" dynamicThreshold="9" maxThreshold="32" />
  <references type="weak" candidates="913" cleared="133" enqueued="133" />
  <references type="phantom" candidates="198" cleared="1" enqueued="1" />
  <object-monitors candidates="107" cleared="0"  />
</gc-op>
<gc-end id="1749" type="scavenge" contextid="1745" durationms="13.101" usertimems="39.702" systemtimems="10.429" stalltimems="29.024" timestamp="2025-12-11T03:04:53.717" activeThreads="8">
  <mem-info id="1750" free="33938672" total="92340224" percent="36">
    <mem type="nursery" free="18618752" total="37355520" percent="49">
      <mem type="allocate" free="18618752" total="26607616" percent="69" />
      <mem type="survivor" free="0" total="10747904" percent="0" />
    </mem>
    <mem type="tenure" free="15319920" total="54984704" percent="27">
      <mem type="soa" free="12570480" total="52235264" percent="24" />
      <mem type="loa" free="2749440" total="2749440" percent="100" />
    </mem>
    <pending-finalizers system="2" default="92" reference="134" classloader="0" />
    <remembered-set count="3571" />
  </mem-info>
</gc-end>
<cycle-end id="1751" type="scavenge" contextid="1745" timestamp="2025-12-11T03:04:53.718" />
<allocation-satisfied id="1752" threadId="0000000000859500" bytesRequested="32480" />
<af-end id="1753" timestamp="2025-12-11T03:04:53.720" threadId="0000000000859F78" success="true" from="nursery"/>
<exclusive-end id="1754" timestamp="2025-12-11T03:04:53.721" durationms="19.566" />

<exclusive-start id="1755" timestamp="2025-12-11T03:04:54.049" intervalms="348.124">
  <response-info timems="0.075" idlems="0.075" threads="0" lastid="0000000000859500" lastname="Default Executor-thread-5" />
</exclusive-start>
<af-start id="1756" threadId="0000000000859F78" totalBytesRequested="3696" timestamp="2025-12-11T03:04:54.051" intervalms="348.556" type="nursery" />
<cycle-start id="1757" type="scavenge" contextid="0" timestamp="2025-12-11T03:04:54.052" intervalms="348.337" />
<gc-start id="1758" type="scavenge" contextid="1757" timestamp="2025-12-11T03:04:54.053">
  <mem-info id="1759" free="15220832" total="92340224" percent="16">
    <mem type="nursery" free="0" total="37355520" percent="0">
      <mem type="allocate" free="0" total="26607616" percent="0" />
      <mem type="survivor" free="0" total="10747904" percent="0" />
    </mem>
    <mem type="tenure" free="15220832" total="54984704" percent="27">
      <mem type="soa" free="12471392" total="52235264" percent="23" />
      <mem type="loa" free="2749440" total="2749440" percent="100" />
    </mem>
    <remembered-set count="6131" />
  </mem-info>
</gc-start>
<allocation-stats totalBytes="18707096" discardedBytes="7752" >
  <allocated-bytes non-tlh="618984" tlh="18088112" />
  <largest-consumer threadName="Default Executor-thread-5" threadId="0000000000859500" bytes="18453320" />
</allocation-stats>
<gc-op id="1760" type="scavenge" timems="11.288" contextid="1757" timestamp="2025-12-11T03:04:54.065">
  <scavenger-info tenureage="3" tenuremask="7f18" tiltratio="71" />
  <memory-copied type="nursery" objects="51802" bytes="4357480" bytesdiscarded="380008" />
  <memory-copied type="tenure" objects="91202" bytes="4332584" bytesdiscarded="3120" />
  <finalization candidates="70" enqueued="23" />
  <ownableSynchronizers candidates="468" cleared="26" />
  <references type="soft" candidates="1854" cleared="0" enqueued="0" dynamicThreshold="9" maxThreshold="32" />
  <references type="weak" candidates="1857" cleared="471" enqueued="470" />
  <references type="phantom" candidates="186" cleared="12" enqueued="12" />
  <object-monitors candidates="107" cleared="1"  />
</gc-op>
<gc-end id="1761" type="scavenge" contextid="1757" durationms="14.524" usertimems="42.686" systemtimems="15.044" stalltimems="29.446" timestamp="2025-12-11T03:04:54.067" activeThreads="8">
  <mem-info id="1762" free="33035856" total="92340224" percent="35">
    <mem type="nursery" free="22063224" total="37355520" percent="59">
      <mem type="allocate" free="22063224" total="26804224" percent="82" />
      <mem type="survivor" free="0" total="10551296" percent="0" />
    </mem>
    <mem type="tenure" free="10972632" total="54984704" percent="19">
      <mem type="soa" free="8223192" total="52235264" percent="15" />
      <mem type="loa" free="2749440" total="2749440" percent="100" />
    </mem>
    <pending-finalizers system="23" default="0" reference="482" classloader="0" />
    <remembered-set count="5143" />
  </mem-info>
</gc-end>
<cycle-end id="1763" type="scavenge" contextid="1757" timestamp="2025-12-11T03:04:54.069" />
<allocation-satisfied id="1764" threadId="0000000000859500" bytesRequested="3696" />
<af-end id="1765" timestamp="2025-12-11T03:04:54.070" threadId="0000000000859F78" success="true" from="nursery"/>
<exclusive-end id="1766" timestamp="2025-12-11T03:04:54.071" durationms="21.698" />

<exclusive-start id="1767" timestamp="2025-12-11T03:04:54.563" intervalms="513.035">
  <response-info timems="0.090" idlems="0.090" threads="0" lastid="0000000000857C00" lastname="Default Executor-thread-2" />
</exclusive-start>
<af-start id="1768" threadId="0000000000858678" totalBytesRequested="176" timestamp="2025-12-11T03:04:54.565" intervalms="514.211" type="nursery" />
<cycle-start id="1769" type="scavenge" contextid="0" timestamp="2025-12-11T03:04:54.567" intervalms="515.429" />
<gc-start id="1770" type="scavenge" contextid="1769" timestamp="2025-12-11T03:04:54.569">
  <mem-info id="1771" free="10806016" total="92340224" percent="11">
    <mem type="nursery" free="0" total="37355520" percent="0">
      <mem type="allocate" free="0" total="26804224" percent="0" />
      <mem type="survivor" free="0" total="10551296" percent="0" />
    </mem>
    <mem type="tenure" free="10806016" total="54984704" percent="19">
      <mem type="soa" free="8056576" total="52235264" percent="15" />
      <mem type="loa" free="2749440" total="2749440" percent="100" />
    </mem>
    <remembered-set count="7524" />
  </mem-info>
</gc-start>
<allocation-stats totalBytes="22146304" discardedBytes="83536" >
  <allocated-bytes non-tlh="461712" tlh="21684592" />
  <largest-consumer threadName="Default Executor-thread-5" threadId="0000000000859500" bytes="15698320" />
</allocation-stats>
<gc-op id="1772" type="scavenge" timems="7.412" contextid="1769" timestamp="2025-12-11T03:04:54.577">
  <scavenger-info tenureage="8" tenuremask="7f00" tiltratio="71" />
  <memory-copied type="nursery" objects="78837" bytes="5661552" bytesdiscarded="155248" />
  <finalization candidates="74" enqueued="52" />
  <ownableSynchronizers candidates="456" cleared="35" />
  <references type="soft" candidates="2000" cleared="0" enqueued="0" dynamicThreshold="9" maxThreshold="32" />
  <references type="weak" candidates="2398" cleared="798" enqueued="786" />
  <references type="phantom" candidates="273" cleared="37" enqueued="37" />
  <object-monitors candidates="112" cleared="4"  />
</gc-op>
<gc-end id="1773" type="scavenge" contextid="1769" durationms="9.725" usertimems="32.790" systemtimems="3.276" stalltimems="24.267" timestamp="2025-12-11T03:04:54.578" activeThreads="8">
  <mem-info id="1774" free="32115512" total="92340224" percent="34">
    <mem type="nursery" free="21309496" total="37355520" percent="57">
      <mem type="allocate" free="21309496" total="27131904" percent="78" />
      <mem type="survivor" free="0" total="10223616" percent="0" />
    </mem>
    <mem type="tenure" free="10806016" total="54984704" percent="19">
      <mem type="soa" free="8056576" total="52235264" percent="15" />
      <mem type="loa" free="2749440" total="2749440" percent="100" />
    </mem>
    <pending-finalizers system="33" default="19" reference="823" classloader="0" />
    <remembered-set count="6502" />
  </mem-info>
</gc-end>
<cycle-end id="1775" type="scavenge" contextid="1769" timestamp="2025-12-11T03:04:54.579" />
<allocation-satisfied id="1776" threadId="0000000000857C00" bytesRequested="176" />
<af-end id="1777" timestamp="2025-12-11T03:04:54.581" threadId="0000000000858678" success="true" from="nursery"/>
<exclusive-end id="1778" timestamp="2025-12-11T03:04:54.582" durationms="19.254" />

<exclusive-start id="1779" timestamp="2025-12-11T03:04:54.672" intervalms="109.070">
  <response-info timems="0.112" idlems="0.064" threads="1" lastid="0000000000857C00" lastname="Default Executor-thread-2" />
</exclusive-start>
<af-start id="1780" threadId="000000000085C378" totalBytesRequested="7776" timestamp="2025-12-11T03:04:54.672" intervalms="107.413" type="nursery" />
<cycle-start id="1781" type="scavenge" contextid="0" timestamp="2025-12-11T03:04:54.673" intervalms="106.105" />
<gc-start id="1782" type="scavenge" contextid="1781" timestamp="2025-12-11T03:04:54.674">
  <mem-info id="1783" free="10803472" total="92340224" percent="11">
    <mem type="nursery" free="0" total="37355520" percent="0">
      <mem type="allocate" free="0" total="27131904" percent="0" />
      <mem type="survivor" free="0" total="10223616" percent="0" />
    </mem>
    <mem type="tenure" free="10803472" total="54984704" percent="19">
      <mem type="soa" free="8054032" total="52235264" percent="15" />
      <mem type="loa" free="2749440" total="2749440" percent="100" />
    </mem>
    <remembered-set count="6732" />
  </mem-info>
</gc-start>
<allocation-stats totalBytes="21252608" discardedBytes="59432" >
  <allocated-bytes non-tlh="344248" tlh="20908360" />
  <largest-consumer threadName="Default Executor-thread-2" threadId="0000000000857C00" bytes="6180384" />
</allocation-stats>
<gc-op id="1784" type="scavenge" timems="11.479" contextid="1781" timestamp="2025-12-11T03:04:54.687">
  <scavenger-info tenureage="7" tenuremask="7f80" tiltratio="72" />
  <memory-copied type="nursery" objects="84454" bytes="6741248" bytesdiscarded="113312" />
  <memory-copied type="tenure" objects="22338" bytes="910688" bytesdiscarded="1528" />
  <finalization candidates="256" enqueued="228" />
  <ownableSynchronizers candidates="609" cleared="98" />
  <references type="soft" candidates="960" cleared="0" enqueued="0" dynamicThreshold="9" maxThreshold="32" />
  <references type="weak" candidates="1314" cleared="54" enqueued="54" />
  <references type="phantom" candidates="259" cleared="12" enqueued="12" />
  <object-monitors candidates="110" cleared="2"  />
</gc-op>
<heap-resize id="1785" type="expand" space="nursery" amount="2490368" count="1" timems="2.662" reason="excessive time being spent scavenging" timestamp="2025-12-11T03:04:54.691" />
<gc-end id="1786" type="scavenge" contextid="1781" durationms="17.331" usertimems="38.911" systemtimems="13.460" stalltimems="24.047" timestamp="2025-12-11T03:04:54.692" activeThreads="7">
  <mem-info id="1787" free="32105432" total="94830592" percent="33">
    <mem type="nursery" free="22500568" total="39845888" percent="56">
      <mem type="allocate" free="22500568" total="29360128" percent="76" />
      <mem type="survivor" free="0" total="10485760" percent="0" />
    </mem>
    <mem type="tenure" free="9604864" total="54984704" percent="17">
      <mem type="soa" free="6855424" total="52235264" percent="13" />
      <mem type="loa" free="2749440" total="2749440" percent="100" />
    </mem>
    <pending-finalizers system="0" default="228" reference="66" classloader="0" />
    <remembered-set count="3393" />
  </mem-info>
</gc-end>
<cycle-end id="1788" type="scavenge" contextid="1781" timestamp="2025-12-11T03:04:54.694" />
<allocation-satisfied id="1789" threadId="000000000085B900" bytesRequested="7776" />
<af-end id="1790" timestamp="2025-12-11T03:04:54.696" threadId="000000000085C378" success="true" from="nursery"/>
<exclusive-end id="1791" timestamp="2025-12-11T03:04:54.697" durationms="25.415" />

<exclusive-start id="1792" timestamp="2025-12-11T03:04:54.751" intervalms="78.917">
  <response-info timems="0.179" idlems="0.071" threads="3" lastid="0000000000858900" lastname="Default Executor-thread-4" />
</exclusive-start>
<af-start id="1793" threadId="000000000085AC78" totalBytesRequested="39344" timestamp="2025-12-11T03:04:54.753" intervalms="80.576" type="nursery" />
<cycle-start id="1794" type="scavenge" contextid="0" timestamp="2025-12-11T03:04:54.754" intervalms="80.960" />
<gc-start id="1795" type="scavenge" contextid="1794" timestamp="2025-12-11T03:04:54.755">
  <mem-info id="1796" free="9604704" total="94830592" percent="10">
    <mem type="nursery" free="0" total="39845888" percent="0">
      <mem type="allocate" free="0" total="29360128" percent="0" />
      <mem type="survivor" free="0" total="10485760" percent="0" />
    </mem>
    <mem type="tenure" free="9604704" total="54984704" percent="17">
      <mem type="soa" free="6855264" total="52235264" percent="13" />
      <mem type="loa" free="2749440" total="2749440" percent="100" />
    </mem>
    <remembered-set count="3460" />
  </mem-info>
</gc-start>
<allocation-stats totalBytes="22337912" discardedBytes="162816" >
  <allocated-bytes non-tlh="105560" tlh="22232352" />
  <largest-consumer threadName="ClassloaderMapProcessingThread-9" threadId="0000000001499700" bytes="5598416" />
</allocation-stats>
<gc-op id="1797" type="scavenge" timems="13.339" contextid="1794" timestamp="2025-12-11T03:04:54.770">
  <scavenger-info tenureage="3" tenuremask="7f28" tiltratio="73" />
  <memory-copied type="nursery" objects="70896" bytes="6491528" bytesdiscarded="249832" />
  <memory-copied type="tenure" objects="22043" bytes="2064880" bytesdiscarded="1512" />
  <finalization candidates="457" enqueued="429" />
  <ownableSynchronizers candidates="373" cleared="36" />
  <references type="soft" candidates="271" cleared="0" enqueued="0" dynamicThreshold="9" maxThreshold="32" />
  <references type="weak" candidates="358" cleared="17" enqueued="17" />
  <references type="phantom" candidates="179" cleared="0" enqueued="0" />
  <object-monitors candidates="108" cleared="0"  />
</gc-op>
<heap-resize id="1798" type="expand" space="nursery" amount="3538944" count="1" timems="0.079" reason="excessive time being spent scavenging" timestamp="2025-12-11T03:04:54.771" />
<gc-end id="1799" type="scavenge" contextid="1794" durationms="16.205" usertimems="28.043" systemtimems="27.692" stalltimems="32.579" timestamp="2025-12-11T03:04:54.771" activeThreads="7">
  <mem-info id="1800" free="33512520" total="98369536" percent="34">
    <mem type="nursery" free="26219544" total="43384832" percent="60">
      <mem type="allocate" free="26219544" total="32964608" percent="79" />
      <mem type="survivor" free="0" total="10420224" percent="0" />
    </mem>
    <mem type="tenure" free="7292976" total="54984704" percent="13">
      <mem type="soa" free="4543536" total="52235264" percent="8" />
      <mem type="loa" free="2749440" total="2749440" percent="100" />
    </mem>
    <pending-finalizers system="0" default="429" reference="17" classloader="0" />
    <remembered-set count="1645" />
  </mem-info>
</gc-end>
<cycle-end id="1801" type="scavenge" contextid="1794" timestamp="2025-12-11T03:04:54.772" />
<allocation-satisfied id="1802" threadId="000000000085A200" bytesRequested="39344" />
<af-end id="1803" timestamp="2025-12-11T03:04:54.774" threadId="000000000085AC78" success="true" from="nursery"/>
<exclusive-end id="1804" timestamp="2025-12-11T03:04:54.774" durationms="23.931" />

<concurrent-kickoff id="1805" timestamp="2025-12-11T03:04:54.826">
  <kickoff reason="threshold reached" targetBytes="27398513" thresholdFreeBytes="3784666"  remainingFree="3746112" tenureFreeBytes="7289048" nurseryFreeBytes="3746112" />
</concurrent-kickoff>
<exclusive-start id="1806" timestamp="2025-12-11T03:04:54.827" intervalms="76.503">
  <response-info timems="0.178" idlems="0.140" threads="2" lastid="0000000000858900" lastname="Default Executor-thread-4" />
</exclusive-start>
<cycle-start id="1807" type="global" contextid="0" timestamp="2025-12-11T03:04:54.828" intervalms="2380.742" />
<concurrent-start id="1808" type="global mark" contextid="1807" timestamp="2025-12-11T03:04:54.828">
</concurrent-start>
<exclusive-end id="1809" timestamp="2025-12-11T03:04:54.829" durationms="2.026" />

<exclusive-start id="1810" timestamp="2025-12-11T03:04:54.867" intervalms="39.594">
  <response-info timems="0.105" idlems="0.082" threads="1" lastid="000000000085A200" lastname="Default Executor-thread-6" />
</exclusive-start>
<af-start id="1811" threadId="000000000149A178" totalBytesRequested="88" timestamp="2025-12-11T03:04:54.867" intervalms="114.501" type="nursery" />
<percolate-collect id="1812" from="nursery" to="global" reason="concurrent mark exhausted" timestamp="2025-12-11T03:04:54.868"/>
<concurrent-end id="1813" type="global mark" contextid="1807" timestamp="2025-12-11T03:04:54.869">
<gc-op id="1814" type="trace" timems="38.219" contextid="1807" timestamp="2025-12-11T03:04:54.869">
  <trace bytesTraced="29344268" workStackOverflowCount="0" />
  <card-cleaning reason="card cleaning threshold reached" bytesTraced="13960" cardsCleaned="34" />
</gc-op>
</concurrent-end>

<gc-start id="1815" type="global" contextid="1807" timestamp="2025-12-11T03:04:54.871">
  <mem-info id="1816" free="7289048" total="98369536" percent="7">
    <mem type="nursery" free="0" total="43384832" percent="0">
      <mem type="allocate" free="0" total="32964608" percent="0" />
      <mem type="survivor" free="0" total="10420224" percent="0" />
    </mem>
    <mem type="tenure" free="7289048" total="54984704" percent="13">
      <mem type="soa" free="4539608" total="52235264" percent="8" />
      <mem type="loa" free="2749440" total="2749440" percent="100" />
    </mem>
    <remembered-set count="1828" />
  </mem-info>
</gc-start>
<allocation-stats totalBytes="25967072" discardedBytes="256400" >
  <allocated-bytes non-tlh="829664" tlh="25137408" />
  <largest-consumer threadName="Default Executor-thread-2" threadId="0000000000857C00" bytes="5895104" />
</allocation-stats>
<concurrent-halted id="1817" timestamp="2025-12-11T03:04:54.872">
  <halted state="Complete" status="exhausted" />
  <traced bytesTarget="27398513" bytesTotal="29358228" bytesByMutator="22425212" bytesByHelper="6933016" percent="107" />
  <cards cleaned="34" thresholdBytes="1490928" />
</concurrent-halted>
<gc-op id="1818" type="rs-scan" timems="6.709" contextid="1807" timestamp="2025-12-11T03:04:54.880">
  <scan objectsFound="77563" bytesTraced="2760676" workStackOverflowCount="0" />
</gc-op>
<gc-op id="1819" type="card-cleaning" timems="2.225" contextid="1807" timestamp="2025-12-11T03:04:54.883">
  <card-cleaning cardsCleaned="7" bytesTraced="7480" workStackOverflowCount="0" />
</gc-op>
<gc-op id="1820" type="mark" timems="29.966" contextid="1807" timestamp="2025-12-11T03:04:54.914">
  <trace-info objectcount="12506" scancount="10365" scanbytes="519132" />
  <finalization candidates="1317" enqueued="521" />
  <ownableSynchronizers candidates="8624" cleared="17" />
  <references type="soft" candidates="12195" cleared="0" enqueued="0" dynamicThreshold="9" maxThreshold="32" />
  <references type="weak" candidates="14852" cleared="19" enqueued="19" />
  <references type="phantom" candidates="421" cleared="8" enqueued="8" />
  <stringconstants candidates="38337" cleared="66"  />
  <object-monitors candidates="108" cleared="12"  />
</gc-op>
<gc-op id="1821" type="classunload" timems="1.870" contextid="1807" timestamp="2025-12-11T03:04:54.916">
  <classunload-info classloadercandidates="414" classloadersunloaded="1" classesunloaded="1" anonymousclassesunloaded="0" quiescems="0.000" setupms="1.826" scanms="0.024" postms="0.019" />
</gc-op>
<gc-op id="1822" type="sweep" timems="4.560" contextid="1807" timestamp="2025-12-11T03:04:54.922" />
<heap-resize id="1823" type="expand" space="tenure" amount="9895936" count="1" timems="1.698" reason="insufficient free space following gc" timestamp="2025-12-11T03:04:54.924" />
<gc-end id="1824" type="global" contextid="1807" durationms="54.279" usertimems="142.237" systemtimems="30.731" stalltimems="542.910" timestamp="2025-12-11T03:04:54.925" activeThreads="20">
  <mem-info id="1825" free="44361352" total="108265472" percent="40">
    <mem type="nursery" free="24889472" total="43384832" percent="57">
      <mem type="allocate" free="24889472" total="32964608" percent="75" />
      <mem type="survivor" free="0" total="10420224" percent="0" />
    </mem>
    <mem type="tenure" free="19471880" total="64880640" percent="30" micro-fragmented="1554973" macro-fragmented="0">
      <mem type="soa" free="16227848" total="61636608" percent="26" />
      <mem type="loa" free="3244032" total="3244032" percent="100" />
    </mem>
    <pending-finalizers system="0" default="521" reference="27" classloader="0" />
    <remembered-set count="1754" />
  </mem-info>
</gc-end>
<cycle-end id="1826" type="global" contextid="1807" timestamp="2025-12-11T03:04:54.926" />
<allocation-satisfied id="1827" threadId="0000000001499700" bytesRequested="88" />
<af-end id="1828" timestamp="2025-12-11T03:04:54.927" threadId="000000000149A178" success="true" from="nursery"/>
<exclusive-end id="1829" timestamp="2025-12-11T03:04:54.928" durationms="61.240" />

<exclusive-start id="1830" timestamp="2025-12-11T03:04:54.976" intervalms="108.942">
  <response-info timems="0.105" idlems="0.070" threads="1" lastid="0000000000858900" lastname="Default Executor-thread-4" />
</exclusive-start>
<af-start id="1831" threadId="000000000149A178" totalBytesRequested="264" timestamp="2025-12-11T03:04:54.976" intervalms="108.899" type="nursery" />
<cycle-start id="1832" type="scavenge" contextid="0" timestamp="2025-12-11T03:04:54.977" intervalms="223.031" />
<gc-start id="1833" type="scavenge" contextid="1832" timestamp="2025-12-11T03:04:54.978">
  <mem-info id="1834" free="19471880" total="108265472" percent="17">
    <mem type="nursery" free="0" total="43384832" percent="0">
      <mem type="allocate" free="0" total="32964608" percent="0" />
      <mem type="survivor" free="0" total="10420224" percent="0" />
    </mem>
    <mem type="tenure" free="19471880" total="64880640" percent="30">
      <mem type="soa" free="16227848" total="61636608" percent="26" />
      <mem type="loa" free="3244032" total="3244032" percent="100" />
    </mem>
    <remembered-set count="1786" />
  </mem-info>
</gc-start>
<allocation-stats totalBytes="24613072" discardedBytes="229824" >
  <allocated-bytes non-tlh="6114344" tlh="18498728" />
  <largest-consumer threadName="ClassloaderMapProcessingThread-9" threadId="0000000001499700" bytes="6861376" />
</allocation-stats>
<gc-op id="1835" type="scavenge" timems="8.914" contextid="1832" timestamp="2025-12-11T03:04:54.988">
  <scavenger-info tenureage="8" tenuremask="7f00" tiltratio="75" />
  <memory-copied type="nursery" objects="104147" bytes="7933888" bytesdiscarded="293256" />
  <finalization candidates="390" enqueued="366" />
  <ownableSynchronizers candidates="17214" cleared="17025" />
  <references type="soft" candidates="273" cleared="0" enqueued="0" dynamicThreshold="9" maxThreshold="32" />
  <references type="weak" candidates="359" cleared="4" enqueued="4" />
  <references type="phantom" candidates="186" cleared="0" enqueued="0" />
  <object-monitors candidates="96" cleared="0"  />
</gc-op>
<gc-end id="1836" type="scavenge" contextid="1832" durationms="11.230" usertimems="35.194" systemtimems="5.421" stalltimems="24.176" timestamp="2025-12-11T03:04:54.989" activeThreads="7">
  <mem-info id="1837" free="43418656" total="108265472" percent="40">
    <mem type="nursery" free="23946776" total="43384832" percent="55">
      <mem type="allocate" free="23946776" total="32178176" percent="74" />
      <mem type="survivor" free="0" total="11206656" percent="0" />
    </mem>
    <mem type="tenure" free="19471880" total="64880640" percent="30">
      <mem type="soa" free="16227848" total="61636608" percent="26" />
      <mem type="loa" free="3244032" total="3244032" percent="100" />
    </mem>
    <pending-finalizers system="0" default="366" reference="4" classloader="0" />
    <remembered-set count="1668" />
  </mem-info>
</gc-end>
<cycle-end id="1838" type="scavenge" contextid="1832" timestamp="2025-12-11T03:04:54.990" />
<allocation-satisfied id="1839" threadId="0000000001499700" bytesRequested="264" />
<af-end id="1840" timestamp="2025-12-11T03:04:54.992" threadId="000000000149A178" success="true" from="nursery"/>
<exclusive-end id="1841" timestamp="2025-12-11T03:04:54.992" durationms="16.919" />

<exclusive-start id="1842" timestamp="2025-12-11T03:04:55.036" intervalms="60.173">
  <response-info timems="0.238" idlems="0.140" threads="1" lastid="0000000000857C00" lastname="Default Executor-thread-2" />
</exclusive-start>
<af-start id="1843" threadId="0000000000859F78" totalBytesRequested="8200" timestamp="2025-12-11T03:04:55.042" intervalms="65.772" type="nursery" />
<cycle-start id="1844" type="scavenge" contextid="0" timestamp="2025-12-11T03:04:55.049" intervalms="71.620" />
<gc-start id="1845" type="scavenge" contextid="1844" timestamp="2025-12-11T03:04:55.056">
  <mem-info id="1846" free="19471880" total="108265472" percent="17">
    <mem type="nursery" free="0" total="43384832" percent="0">
      <mem type="allocate" free="0" total="32178176" percent="0" />
      <mem type="survivor" free="0" total="11206656" percent="0" />
    </mem>
    <mem type="tenure" free="19471880" total="64880640" percent="30">
      <mem type="soa" free="16227848" total="61636608" percent="26" />
      <mem type="loa" free="3244032" total="3244032" percent="100" />
    </mem>
    <remembered-set count="1778" />
  </mem-info>
</gc-start>
<allocation-stats totalBytes="23883144" discardedBytes="63632" >
  <allocated-bytes non-tlh="99128" tlh="23784016" />
  <largest-consumer threadName="Default Executor-thread-6" threadId="000000000085A200" bytes="5482792" />
</allocation-stats>
<gc-op id="1847" type="scavenge" timems="8.899" contextid="1844" timestamp="2025-12-11T03:04:55.079">
  <scavenger-info tenureage="8" tenuremask="7f00" tiltratio="74" />
  <memory-copied type="nursery" objects="111053" bytes="8707120" bytesdiscarded="237496" />
  <finalization candidates="469" enqueued="445" />
  <ownableSynchronizers candidates="189" cleared="0" />
  <references type="soft" candidates="273" cleared="0" enqueued="0" dynamicThreshold="9" maxThreshold="32" />
  <references type="weak" candidates="357" cleared="2" enqueued="2" />
  <references type="phantom" candidates="196" cleared="8" enqueued="8" />
  <object-monitors candidates="96" cleared="0"  />
</gc-op>
<heap-resize id="1848" type="expand" space="nursery" amount="6029312" count="1" timems="0.075" reason="excessive time being spent scavenging" timestamp="2025-12-11T03:04:55.080" />
<gc-end id="1849" type="scavenge" contextid="1844" durationms="25.533" usertimems="38.065" systemtimems="4.345" stalltimems="20.573" timestamp="2025-12-11T03:04:55.081" activeThreads="7">
  <mem-info id="1850" free="46696192" total="114294784" percent="40">
    <mem type="nursery" free="27224312" total="49414144" percent="55">
      <mem type="allocate" free="27224312" total="36175872" percent="75" />
      <mem type="survivor" free="0" total="13238272" percent="0" />
    </mem>
    <mem type="tenure" free="19471880" total="64880640" percent="30">
      <mem type="soa" free="16227848" total="61636608" percent="26" />
      <mem type="loa" free="3244032" total="3244032" percent="100" />
    </mem>
    <pending-finalizers system="0" default="445" reference="10" classloader="0" />
    <remembered-set count="1696" />
  </mem-info>
</gc-end>
<cycle-end id="1851" type="scavenge" contextid="1844" timestamp="2025-12-11T03:04:55.083" />
<allocation-satisfied id="1852" threadId="0000000000859500" bytesRequested="8200" />
<af-end id="1853" timestamp="2025-12-11T03:04:55.092" threadId="0000000000859F78" success="true" from="nursery"/>
<exclusive-end id="1854" timestamp="2025-12-11T03:04:55.093" durationms="57.174" />

<exclusive-start id="1855" timestamp="2025-12-11T03:04:55.137" intervalms="101.401">
  <response-info timems="0.195" idlems="0.111" threads="1" lastid="000000000085A200" lastname="Default Executor-thread-6" />
</exclusive-start>
<af-start id="1856" threadId="0000000000858678" totalBytesRequested="4240" timestamp="2025-12-11T03:04:55.138" intervalms="95.841" type="nursery" />
<cycle-start id="1857" type="scavenge" contextid="0" timestamp="2025-12-11T03:04:55.139" intervalms="90.116" />
<gc-start id="1858" type="scavenge" contextid="1857" timestamp="2025-12-11T03:04:55.140">
  <mem-info id="1859" free="19471880" total="114294784" percent="17">
    <mem type="nursery" free="0" total="49414144" percent="0">
      <mem type="allocate" free="0" total="36175872" percent="0" />
      <mem type="survivor" free="0" total="13238272" percent="0" />
    </mem>
    <mem type="tenure" free="19471880" total="64880640" percent="30">
      <mem type="soa" free="16227848" total="61636608" percent="26" />
      <mem type="loa" free="3244032" total="3244032" percent="100" />
    </mem>
    <remembered-set count="1759" />
  </mem-info>
</gc-start>
<allocation-stats totalBytes="27171424" discardedBytes="52888" >
  <allocated-bytes non-tlh="365984" tlh="26805440" />
  <largest-consumer threadName="Default Executor-thread-6" threadId="000000000085A200" bytes="6406920" />
</allocation-stats>
<gc-op id="1860" type="scavenge" timems="7.965" contextid="1857" timestamp="2025-12-11T03:04:55.149">
  <scavenger-info tenureage="8" tenuremask="7f00" tiltratio="73" />
  <memory-copied type="nursery" objects="112134" bytes="8871704" bytesdiscarded="169608" />
  <finalization candidates="526" enqueued="501" />
  <ownableSynchronizers candidates="189" cleared="0" />
  <references type="soft" candidates="273" cleared="0" enqueued="0" dynamicThreshold="9" maxThreshold="32" />
  <references type="weak" candidates="394" cleared="39" enqueued="39" />
  <references type="phantom" candidates="187" cleared="0" enqueued="0" />
  <object-monitors candidates="96" cleared="0"  />
</gc-op>
<heap-resize id="1861" type="expand" space="nursery" amount="3276800" count="1" timems="0.098" reason="excessive time being spent scavenging" timestamp="2025-12-11T03:04:55.150" />
<gc-end id="1862" type="scavenge" contextid="1857" durationms="10.969" usertimems="34.254" systemtimems="1.971" stalltimems="12.367" timestamp="2025-12-11T03:04:55.151" activeThreads="6">
  <mem-info id="1863" free="51058928" total="117571584" percent="43">
    <mem type="nursery" free="31587048" total="52690944" percent="59">
      <mem type="allocate" free="31587048" total="40632320" percent="77" />
      <mem type="survivor" free="0" total="12058624" percent="0" />
    </mem>
    <mem type="tenure" free="19471880" total="64880640" percent="30">
      <mem type="soa" free="16227848" total="61636608" percent="26" />
      <mem type="loa" free="3244032" total="3244032" percent="100" />
    </mem>
    <pending-finalizers system="0" default="501" reference="39" classloader="0" />
    <remembered-set count="1632" />
  </mem-info>
</gc-end>
<cycle-end id="1864" type="scavenge" contextid="1857" timestamp="2025-12-11T03:04:55.152" />
<allocation-satisfied id="1865" threadId="0000000000857C00" bytesRequested="4240" />
<af-end id="1866" timestamp="2025-12-11T03:04:55.153" threadId="0000000000858678" success="true" from="nursery"/>
<exclusive-end id="1867" timestamp="2025-12-11T03:04:55.154" durationms="16.698" />

<exclusive-start id="1868" timestamp="2025-12-11T03:04:55.197" intervalms="59.974">
  <response-info timems="0.111" idlems="0.111" threads="0" lastid="000000000085B900" lastname="Default Executor-thread-3" />
</exclusive-start>
<af-start id="1869" threadId="000000000085C378" totalBytesRequested="2736" timestamp="2025-12-11T03:04:55.198" intervalms="60.057" type="nursery" />
<cycle-start id="1870" type="scavenge" contextid="0" timestamp="2025-12-11T03:04:55.199" intervalms="59.989" />
<gc-start id="1871" type="scavenge" contextid="1870" timestamp="2025-12-11T03:04:55.200">
  <mem-info id="1872" free="19471880" total="117571584" percent="16">
    <mem type="nursery" free="0" total="52690944" percent="0">
      <mem type="allocate" free="0" total="40632320" percent="0" />
      <mem type="survivor" free="0" total="12058624" percent="0" />
    </mem>
    <mem type="tenure" free="19471880" total="64880640" percent="30">
      <mem type="soa" free="16227848" total="61636608" percent="26" />
      <mem type="loa" free="3244032" total="3244032" percent="100" />
    </mem>
    <remembered-set count="1686" />
  </mem-info>
</gc-start>
<allocation-stats totalBytes="31540432" discardedBytes="46616" >
  <allocated-bytes non-tlh="63224" tlh="31477208" />
  <largest-consumer threadName="Default Executor-thread-3" threadId="000000000085B900" bytes="7960256" />
</allocation-stats>
<gc-op id="1873" type="scavenge" timems="11.257" contextid="1870" timestamp="2025-12-11T03:04:55.212">
  <scavenger-info tenureage="5" tenuremask="7f60" tiltratio="77" />
  <memory-copied type="nursery" objects="65141" bytes="7221256" bytesdiscarded="128528" />
  <memory-copied type="tenure" objects="53772" bytes="3142296" bytesdiscarded="5768" />
  <finalization candidates="667" enqueued="643" />
  <ownableSynchronizers candidates="189" cleared="0" />
  <references type="soft" candidates="2" cleared="0" enqueued="0" dynamicThreshold="9" maxThreshold="32" />
  <references type="weak" candidates="42" cleared="14" enqueued="14" />
  <references type="phantom" candidates="86" cleared="12" enqueued="12" />
  <object-monitors candidates="96" cleared="0"  />
</gc-op>
<heap-resize id="1874" type="expand" space="nursery" amount="5373952" count="1" timems="0.073" reason="excessive time being spent scavenging" timestamp="2025-12-11T03:04:55.213" />
<gc-end id="1875" type="scavenge" contextid="1870" durationms="14.726" usertimems="45.259" systemtimems="8.291" stalltimems="15.743" timestamp="2025-12-11T03:04:55.215" activeThreads="6">
  <mem-info id="1876" free="54285304" total="122945536" percent="44">
    <mem type="nursery" free="38261168" total="58064896" percent="65">
      <mem type="allocate" free="38261168" total="45613056" percent="83" />
      <mem type="survivor" free="0" total="12451840" percent="0" />
    </mem>
    <mem type="tenure" free="16024136" total="64880640" percent="24">
      <mem type="soa" free="12780104" total="61636608" percent="20" />
      <mem type="loa" free="3244032" total="3244032" percent="100" />
    </mem>
    <pending-finalizers system="0" default="643" reference="26" classloader="0" />
    <remembered-set count="4714" />
  </mem-info>
</gc-end>
<cycle-end id="1877" type="scavenge" contextid="1870" timestamp="2025-12-11T03:04:55.215" />
<allocation-satisfied id="1878" threadId="000000000085B900" bytesRequested="2736" />
<af-end id="1879" timestamp="2025-12-11T03:04:55.217" threadId="000000000085C378" success="true" from="nursery"/>
<exclusive-end id="1880" timestamp="2025-12-11T03:04:55.218" durationms="20.473" />

<exclusive-start id="1881" timestamp="2025-12-11T03:04:55.292" intervalms="95.151">
  <response-info timems="0.248" idlems="0.176" threads="1" lastid="0000000000857C00" lastname="Default Executor-thread-2" />
</exclusive-start>
<af-start id="1882" threadId="000000000085AC78" totalBytesRequested="3056" timestamp="2025-12-11T03:04:55.293" intervalms="95.048" type="nursery" />
<cycle-start id="1883" type="scavenge" contextid="0" timestamp="2025-12-11T03:04:55.294" intervalms="95.100" />
<gc-start id="1884" type="scavenge" contextid="1883" timestamp="2025-12-11T03:04:55.296">
  <mem-info id="1885" free="16020928" total="122945536" percent="13">
    <mem type="nursery" free="0" total="58064896" percent="0">
      <mem type="allocate" free="0" total="45613056" percent="0" />
      <mem type="survivor" free="0" total="12451840" percent="0" />
    </mem>
    <mem type="tenure" free="16020928" total="64880640" percent="24">
      <mem type="soa" free="12776896" total="61636608" percent="20" />
      <mem type="loa" free="3244032" total="3244032" percent="100" />
    </mem>
    <remembered-set count="5175" />
  </mem-info>
</gc-start>
<allocation-stats totalBytes="38120272" discardedBytes="144104" >
  <allocated-bytes non-tlh="5944" tlh="38114328" />
  <largest-consumer threadName="Default Executor-thread-3" threadId="000000000085B900" bytes="11827640" />
</allocation-stats>
<gc-op id="1886" type="scavenge" timems="8.306" contextid="1883" timestamp="2025-12-11T03:04:55.305">
  <scavenger-info tenureage="4" tenuremask="7f10" tiltratio="78" />
  <memory-copied type="nursery" objects="52260" bytes="8673840" bytesdiscarded="300104" />
  <memory-copied type="tenure" objects="13163" bytes="816432" bytesdiscarded="824" />
  <finalization candidates="1256" enqueued="1252" />
  <ownableSynchronizers candidates="38" cleared="5" />
  <references type="weak" candidates="72" cleared="38" enqueued="38" />
  <references type="phantom" candidates="121" cleared="2" enqueued="2" />
  <object-monitors candidates="96" cleared="0"  />
</gc-op>
<heap-resize id="1887" type="expand" space="nursery" amount="3145728" count="1" timems="0.091" reason="excessive time being spent scavenging" timestamp="2025-12-11T03:04:55.306" />
<gc-end id="1888" type="scavenge" contextid="1883" durationms="11.475" usertimems="22.474" systemtimems="16.007" stalltimems="21.109" timestamp="2025-12-11T03:04:55.307" activeThreads="7">
  <mem-info id="1889" free="53945624" total="126091264" percent="42">
    <mem type="nursery" free="39190816" total="61210624" percent="64">
      <mem type="allocate" free="39190816" total="48168960" percent="81" />
      <mem type="survivor" free="0" total="13041664" percent="0" />
    </mem>
    <mem type="tenure" free="14754808" total="64880640" percent="22">
      <mem type="soa" free="11510776" total="61636608" percent="18" />
      <mem type="loa" free="3244032" total="3244032" percent="100" />
    </mem>
    <pending-finalizers system="6" default="1246" reference="40" classloader="0" />
    <remembered-set count="6073" />
  </mem-info>
</gc-end>
<cycle-end id="1890" type="scavenge" contextid="1883" timestamp="2025-12-11T03:04:55.308" />
<allocation-satisfied id="1891" threadId="000000000085A200" bytesRequested="3056" />
<af-end id="1892" timestamp="2025-12-11T03:04:55.309" threadId="000000000085AC78" success="true" from="nursery"/>
<exclusive-end id="1893" timestamp="2025-12-11T03:04:55.310" durationms="17.831" />

<exclusive-start id="1894" timestamp="2025-12-11T03:04:55.431" intervalms="138.955">
  <response-info timems="0.119" idlems="0.119" threads="0" lastid="0000000000859500" lastname="Default Executor-thread-5" />
</exclusive-start>
<af-start id="1895" threadId="0000000000859F78" totalBytesRequested="16" timestamp="2025-12-11T03:04:55.432" intervalms="138.931" type="nursery" />
<cycle-start id="1896" type="scavenge" contextid="0" timestamp="2025-12-11T03:04:55.433" intervalms="138.850" />
<gc-start id="1897" type="scavenge" contextid="1896" timestamp="2025-12-11T03:04:55.434">
  <mem-info id="1898" free="14727304" total="126091264" percent="11">
    <mem type="nursery" free="0" total="61210624" percent="0">
      <mem type="allocate" free="0" total="48168960" percent="0" />
      <mem type="survivor" free="0" total="13041664" percent="0" />
    </mem>
    <mem type="tenure" free="14727304" total="64880640" percent="22">
      <mem type="soa" free="11483272" total="61636608" percent="18" />
      <mem type="loa" free="3244032" total="3244032" percent="100" />
    </mem>
    <remembered-set count="7509" />
  </mem-info>
</gc-start>
<allocation-stats totalBytes="39196168" discardedBytes="22152" >
  <allocated-bytes non-tlh="30560" tlh="39165608" />
  <largest-consumer threadName="Default Executor-thread-3" threadId="000000000085B900" bytes="16323264" />
</allocation-stats>
<gc-op id="1899" type="scavenge" timems="10.329" contextid="1896" timestamp="2025-12-11T03:04:55.445">
  <scavenger-info tenureage="8" tenuremask="7f00" tiltratio="78" />
  <memory-copied type="nursery" objects="67546" bytes="9157952" bytesdiscarded="334904" />
  <finalization candidates="952" enqueued="951" />
  <ownableSynchronizers candidates="60" cleared="23" />
  <references type="soft" candidates="11" cleared="0" enqueued="0" dynamicThreshold="9" maxThreshold="32" />
  <references type="weak" candidates="258" cleared="196" enqueued="196" />
  <references type="phantom" candidates="142" cleared="6" enqueued="6" />
  <object-monitors candidates="96" cleared="0"  />
</gc-op>
<heap-resize id="1900" type="expand" space="nursery" amount="2359296" count="1" timems="0.078" reason="excessive time being spent scavenging" timestamp="2025-12-11T03:04:55.446" />
<gc-end id="1901" type="scavenge" contextid="1896" durationms="13.509" usertimems="41.847" systemtimems="5.943" stalltimems="17.815" timestamp="2025-12-11T03:04:55.447" activeThreads="7">
  <mem-info id="1902" free="56285256" total="128450560" percent="43">
    <mem type="nursery" free="41557952" total="63569920" percent="65">
      <mem type="allocate" free="41557952" total="51052544" percent="81" />
      <mem type="survivor" free="0" total="12517376" percent="0" />
    </mem>
    <mem type="tenure" free="14727304" total="64880640" percent="22">
      <mem type="soa" free="11483272" total="61636608" percent="18" />
      <mem type="loa" free="3244032" total="3244032" percent="100" />
    </mem>
    <pending-finalizers system="14" default="937" reference="202" classloader="0" />
    <remembered-set count="6867" />
  </mem-info>
</gc-end>
<cycle-end id="1903" type="scavenge" contextid="1896" timestamp="2025-12-11T03:04:55.448" />
<allocation-satisfied id="1904" threadId="0000000000859500" bytesRequested="16" />
<af-end id="1905" timestamp="2025-12-11T03:04:55.450" threadId="0000000000859F78" success="true" from="nursery"/>
<exclusive-end id="1906" timestamp="2025-12-11T03:04:55.450" durationms="18.993" />

<exclusive-start id="1907" timestamp="2025-12-11T03:04:55.539" intervalms="107.846">
  <response-info timems="0.111" idlems="0.076" threads="1" lastid="0000000000858900" lastname="Default Executor-thread-4" />
</exclusive-start>
<af-start id="1908" threadId="000000000085AC78" totalBytesRequested="3568" timestamp="2025-12-11T03:04:55.540" intervalms="107.965" type="nursery" />
<cycle-start id="1909" type="scavenge" contextid="0" timestamp="2025-12-11T03:04:55.541" intervalms="107.988" />
<gc-start id="1910" type="scavenge" contextid="1909" timestamp="2025-12-11T03:04:55.543">
  <mem-info id="1911" free="14710928" total="128450560" percent="11">
    <mem type="nursery" free="0" total="63569920" percent="0">
      <mem type="allocate" free="0" total="51052544" percent="0" />
      <mem type="survivor" free="0" total="12517376" percent="0" />
    </mem>
    <mem type="tenure" free="14710928" total="64880640" percent="22">
      <mem type="soa" free="11466896" total="61636608" percent="18" />
      <mem type="loa" free="3244032" total="3244032" percent="100" />
    </mem>
    <remembered-set count="7683" />
  </mem-info>
</gc-start>
<allocation-stats totalBytes="41557648" discardedBytes="16680" >
  <allocated-bytes non-tlh="51016" tlh="41506632" />
  <largest-consumer threadName="Default Executor-thread-2" threadId="0000000000857C00" bytes="13043072" />
</allocation-stats>
<gc-op id="1912" type="scavenge" timems="9.833" contextid="1909" timestamp="2025-12-11T03:04:55.555">
  <scavenger-info tenureage="8" tenuremask="7f00" tiltratio="80" />
  <memory-copied type="nursery" objects="126819" bytes="9338552" bytesdiscarded="225624" />
  <finalization candidates="338" enqueued="336" />
  <ownableSynchronizers candidates="102" cleared="30" />
  <references type="soft" candidates="81" cleared="0" enqueued="0" dynamicThreshold="9" maxThreshold="32" />
  <references type="weak" candidates="276" cleared="147" enqueued="144" />
  <references type="phantom" candidates="191" cleared="38" enqueued="38" />
  <object-monitors candidates="96" cleared="0"  />
</gc-op>
<heap-resize id="1913" type="expand" space="nursery" amount="3801088" count="1" timems="0.078" reason="excessive time being spent scavenging" timestamp="2025-12-11T03:04:55.556" />
<gc-end id="1914" type="scavenge" contextid="1909" durationms="13.678" usertimems="47.510" systemtimems="7.096" stalltimems="25.076" timestamp="2025-12-11T03:04:55.557" activeThreads="8">
  <mem-info id="1915" free="59932696" total="132251648" percent="45">
    <mem type="nursery" free="45221768" total="67371008" percent="67">
      <mem type="allocate" free="45221768" total="54788096" percent="82" />
      <mem type="survivor" free="0" total="12582912" percent="0" />
    </mem>
    <mem type="tenure" free="14710928" total="64880640" percent="22">
      <mem type="soa" free="11466896" total="61636608" percent="18" />
      <mem type="loa" free="3244032" total="3244032" percent="100" />
    </mem>
    <pending-finalizers system="54" default="282" reference="182" classloader="0" />
    <remembered-set count="7255" />
  </mem-info>
</gc-end>
<cycle-end id="1916" type="scavenge" contextid="1909" timestamp="2025-12-11T03:04:55.558" />
<allocation-satisfied id="1917" threadId="000000000085A200" bytesRequested="3568" />
<af-end id="1918" timestamp="2025-12-11T03:04:55.559" threadId="000000000085AC78" success="true" from="nursery"/>
<exclusive-end id="1919" timestamp="2025-12-11T03:04:55.560" durationms="20.523" />

<exclusive-start id="1920" timestamp="2025-12-11T03:04:55.624" intervalms="85.420">
  <response-info timems="0.116" idlems="0.116" threads="0" lastid="000000000085A200" lastname="Default Executor-thread-6" />
</exclusive-start>
<af-start id="1921" threadId="000000000085AC78" totalBytesRequested="53656" timestamp="2025-12-11T03:04:55.625" intervalms="85.406" type="nursery" />
<cycle-start id="1922" type="scavenge" contextid="0" timestamp="2025-12-11T03:04:55.626" intervalms="85.361" />
<gc-start id="1923" type="scavenge" contextid="1922" timestamp="2025-12-11T03:04:55.628">
  <mem-info id="1924" free="14706952" total="132251648" percent="11">
    <mem type="nursery" free="0" total="67371008" percent="0">
      <mem type="allocate" free="0" total="54788096" percent="0" />
      <mem type="survivor" free="0" total="12582912" percent="0" />
    </mem>
    <mem type="tenure" free="14706952" total="64880640" percent="22">
      <mem type="soa" free="11462920" total="61636608" percent="18" />
      <mem type="loa" free="3244032" total="3244032" percent="100" />
    </mem>
    <remembered-set count="7464" />
  </mem-info>
</gc-start>
<allocation-stats totalBytes="44949016" discardedBytes="276728" >
  <allocated-bytes non-tlh="7544" tlh="44941472" />
  <largest-consumer threadName="Default Executor-thread-3" threadId="000000000085B900" bytes="13298008" />
</allocation-stats>
<gc-op id="1925" type="scavenge" timems="13.791" contextid="1922" timestamp="2025-12-11T03:04:55.644">
  <scavenger-info tenureage="8" tenuremask="7f00" tiltratio="81" />
  <memory-copied type="nursery" objects="156991" bytes="12545888" bytesdiscarded="34952" />
  <memory-copied type="tenure" objects="9244" bytes="2470288" bytesdiscarded="6144" />
  <copy-failed type="nursery" objects="2625" bytes="2161280" />
  <finalization candidates="969" enqueued="966" />
  <ownableSynchronizers candidates="79" cleared="5" />
  <references type="soft" candidates="116" cleared="0" enqueued="0" dynamicThreshold="9" maxThreshold="32" />
  <references type="weak" candidates="208" cleared="86" enqueued="83" />
  <references type="phantom" candidates="162" cleared="0" enqueued="0" />
  <object-monitors candidates="96" cleared="0"  />
</gc-op>
<heap-resize id="1926" type="expand" space="nursery" amount="6029312" count="1" timems="1.761" reason="excessive time being spent scavenging" timestamp="2025-12-11T03:04:55.646" />
<gc-end id="1927" type="scavenge" contextid="1922" durationms="18.542" usertimems="70.187" systemtimems="10.799" stalltimems="21.831" timestamp="2025-12-11T03:04:55.647" activeThreads="8">
  <mem-info id="1928" free="46084168" total="138280960" percent="33">
    <mem type="nursery" free="33685504" total="73400320" percent="45">
      <mem type="allocate" free="33685504" total="46268416" percent="72" />
      <mem type="survivor" free="0" total="27131904" percent="0" />
    </mem>
    <mem type="tenure" free="12398664" total="64880640" percent="19">
      <mem type="soa" free="9154632" total="61636608" percent="14" />
      <mem type="loa" free="3244032" total="3244032" percent="100" />
    </mem>
    <pending-finalizers system="0" default="966" reference="83" classloader="0" />
    <remembered-set count="6184" />
  </mem-info>
</gc-end>
<cycle-end id="1929" type="scavenge" contextid="1922" timestamp="2025-12-11T03:04:55.648" />
<allocation-satisfied id="1930" threadId="000000000085A200" bytesRequested="53656" />
<af-end id="1931" timestamp="2025-12-11T03:04:55.649" threadId="000000000085AC78" success="true" from="nursery"/>
<exclusive-end id="1932" timestamp="2025-12-11T03:04:55.650" durationms="25.476" />

<exclusive-start id="1933" timestamp="2025-12-11T03:04:55.702" intervalms="77.613">
  <response-info timems="0.101" idlems="0.101" threads="0" lastid="0000000000857C00" lastname="Default Executor-thread-2" />
</exclusive-start>
<af-start id="1934" threadId="0000000000858678" totalBytesRequested="63096" timestamp="2025-12-11T03:04:55.703" intervalms="77.542" type="nursery" />
<cycle-start id="1935" type="scavenge" contextid="0" timestamp="2025-12-11T03:04:55.704" intervalms="78.246" />
<gc-start id="1936" type="scavenge" contextid="1935" timestamp="2025-12-11T03:04:55.705">
  <mem-info id="1937" free="12398360" total="138280960" percent="8">
    <mem type="nursery" free="0" total="73400320" percent="0">
      <mem type="allocate" free="0" total="46268416" percent="0" />
      <mem type="survivor" free="0" total="27131904" percent="0" />
    </mem>
    <mem type="tenure" free="12398360" total="64880640" percent="19">
      <mem type="soa" free="9154328" total="61636608" percent="14" />
      <mem type="loa" free="3244032" total="3244032" percent="100" />
    </mem>
    <remembered-set count="6229" />
  </mem-info>
</gc-start>
<allocation-stats totalBytes="33608824" discardedBytes="76984" >
  <allocated-bytes non-tlh="217632" tlh="33391192" />
  <largest-consumer threadName="Default Executor-thread-3" threadId="000000000085B900" bytes="11520240" />
</allocation-stats>
<gc-op id="1938" type="scavenge" timems="11.050" contextid="1935" timestamp="2025-12-11T03:04:55.718">
  <scavenger-info tenureage="8" tenuremask="7f00" tiltratio="63" />
  <memory-copied type="nursery" objects="165912" bytes="15571736" bytesdiscarded="566448" />
  <finalization candidates="883" enqueued="878" />
  <ownableSynchronizers candidates="51" cleared="0" />
  <references type="soft" candidates="117" cleared="0" enqueued="0" dynamicThreshold="9" maxThreshold="32" />
  <references type="weak" candidates="144" cleared="15" enqueued="15" />
  <references type="phantom" candidates="179" cleared="8" enqueued="8" />
  <object-monitors candidates="96" cleared="0"  />
</gc-op>
<heap-resize id="1939" type="expand" space="nursery" amount="6422528" count="1" timems="0.179" reason="excessive time being spent scavenging" timestamp="2025-12-11T03:04:55.719" />
<gc-end id="1940" type="scavenge" contextid="1935" durationms="14.897" usertimems="68.945" systemtimems="1.468" stalltimems="29.306" timestamp="2025-12-11T03:04:55.720" activeThreads="9">
  <mem-info id="1941" free="52880040" total="144703488" percent="36">
    <mem type="nursery" free="40481680" total="79822848" percent="50">
      <mem type="allocate" free="40481680" total="56623104" percent="71" />
      <mem type="survivor" free="0" total="23199744" percent="0" />
    </mem>
    <mem type="tenure" free="12398360" total="64880640" percent="19">
      <mem type="soa" free="9154328" total="61636608" percent="14" />
      <mem type="loa" free="3244032" total="3244032" percent="100" />
    </mem>
    <pending-finalizers system="0" default="878" reference="23" classloader="0" />
    <remembered-set count="6072" />
  </mem-info>
</gc-end>
<cycle-end id="1942" type="scavenge" contextid="1935" timestamp="2025-12-11T03:04:55.721" />
<allocation-satisfied id="1943" threadId="0000000000857C00" bytesRequested="63096" />
<af-end id="1944" timestamp="2025-12-11T03:04:55.722" threadId="0000000000858678" success="true" from="nursery"/>
<exclusive-end id="1945" timestamp="2025-12-11T03:04:55.723" durationms="20.970" />

<exclusive-start id="1946" timestamp="2025-12-11T03:04:55.784" intervalms="81.468">
  <response-info timems="0.083" idlems="0.068" threads="1" lastid="0000000000857C00" lastname="Default Executor-thread-2" />
</exclusive-start>
<af-start id="1947" threadId="000000000085AC78" totalBytesRequested="8240" timestamp="2025-12-11T03:04:55.784" intervalms="81.441" type="nursery" />
<cycle-start id="1948" type="scavenge" contextid="0" timestamp="2025-12-11T03:04:55.785" intervalms="80.882" />
<gc-start id="1949" type="scavenge" contextid="1948" timestamp="2025-12-11T03:04:55.786">
  <mem-info id="1950" free="12394608" total="144703488" percent="8">
    <mem type="nursery" free="0" total="79822848" percent="0">
      <mem type="allocate" free="0" total="56623104" percent="0" />
      <mem type="survivor" free="0" total="23199744" percent="0" />
    </mem>
    <mem type="tenure" free="12394608" total="64880640" percent="19">
      <mem type="soa" free="9150576" total="61636608" percent="14" />
      <mem type="loa" free="3244032" total="3244032" percent="100" />
    </mem>
    <remembered-set count="6249" />
  </mem-info>
</gc-start>
<allocation-stats totalBytes="40372896" discardedBytes="112536" >
  <allocated-bytes non-tlh="176640" tlh="40196256" />
  <largest-consumer threadName="Default Executor-thread-2" threadId="0000000000857C00" bytes="13619816" />
</allocation-stats>
<gc-op id="1951" type="scavenge" timems="22.372" contextid="1948" timestamp="2025-12-11T03:04:55.810">
  <scavenger-info tenureage="3" tenuremask="7f18" tiltratio="70" />
  <memory-copied type="nursery" objects="98538" bytes="11107056" bytesdiscarded="550000" />
  <memory-copied type="tenure" objects="88576" bytes="5670024" bytesdiscarded="5744" />
  <finalization candidates="1138" enqueued="1116" />
  <ownableSynchronizers candidates="55" cleared="0" />
  <references type="soft" candidates="37" cleared="0" enqueued="0" dynamicThreshold="9" maxThreshold="32" />
  <references type="weak" candidates="127" cleared="88" enqueued="87" />
  <references type="phantom" candidates="127" cleared="33" enqueued="33" />
  <object-monitors candidates="96" cleared="0"  />
</gc-op>
<heap-resize id="1952" type="expand" space="nursery" amount="10485760" count="1" timems="0.080" reason="excessive time being spent scavenging" timestamp="2025-12-11T03:04:55.811" />
<gc-end id="1953" type="scavenge" contextid="1948" durationms="26.146" usertimems="99.631" systemtimems="16.605" stalltimems="30.836" timestamp="2025-12-11T03:04:55.812" activeThreads="9">
  <mem-info id="1954" free="61502432" total="155189248" percent="39">
    <mem type="nursery" free="54989352" total="90308608" percent="60">
      <mem type="allocate" free="54989352" total="66650112" percent="82" />
      <mem type="survivor" free="0" total="23658496" percent="0" />
    </mem>
    <mem type="tenure" free="6513080" total="64880640" percent="10">
      <mem type="soa" free="3269048" total="61636608" percent="5" />
      <mem type="loa" free="3244032" total="3244032" percent="100" />
    </mem>
    <pending-finalizers system="0" default="1116" reference="120" classloader="0" />
    <remembered-set count="8096" />
  </mem-info>
</gc-end>
<cycle-end id="1955" type="scavenge" contextid="1948" timestamp="2025-12-11T03:04:55.813" />
<allocation-satisfied id="1956" threadId="000000000085A200" bytesRequested="8240" />
<af-end id="1957" timestamp="2025-12-11T03:04:55.815" threadId="000000000085AC78" success="true" from="nursery"/>
<exclusive-end id="1958" timestamp="2025-12-11T03:04:55.816" durationms="32.051" />

<concurrent-kickoff id="1959" timestamp="2025-12-11T03:04:55.910">
  <kickoff reason="threshold reached" targetBytes="32743811" thresholdFreeBytes="4471886"  remainingFree="4051680" tenureFreeBytes="6513080" nurseryFreeBytes="4051680" />
</concurrent-kickoff>
<exclusive-start id="1960" timestamp="2025-12-11T03:04:55.913" intervalms="129.454">
  <response-info timems="0.082" idlems="0.081" threads="1" lastid="000000000085B900" lastname="Default Executor-thread-3" />
</exclusive-start>
<cycle-start id="1961" type="global" contextid="0" timestamp="2025-12-11T03:04:55.914" intervalms="1086.024" />
<concurrent-start id="1962" type="global mark" contextid="1961" timestamp="2025-12-11T03:04:55.914">
</concurrent-start>
<exclusive-end id="1963" timestamp="2025-12-11T03:04:55.915" durationms="2.121" />

<exclusive-start id="1964" timestamp="2025-12-11T03:04:55.959" intervalms="46.301">
  <response-info timems="0.090" idlems="0.090" threads="0" lastid="000000000085A200" lastname="Default Executor-thread-6" />
</exclusive-start>
<af-start id="1965" threadId="000000000085AC78" totalBytesRequested="80" timestamp="2025-12-11T03:04:55.960" intervalms="176.045" type="nursery" />
<cycle-start id="1966" type="scavenge" contextid="0" timestamp="2025-12-11T03:04:55.962" intervalms="176.440" />
<gc-start id="1967" type="scavenge" contextid="1966" timestamp="2025-12-11T03:04:55.964">
  <mem-info id="1968" free="6513080" total="155189248" percent="4">
    <mem type="nursery" free="0" total="90308608" percent="0">
      <mem type="allocate" free="0" total="66650112" percent="0" />
      <mem type="survivor" free="0" total="23658496" percent="0" />
    </mem>
    <mem type="tenure" free="6513080" total="64880640" percent="10">
      <mem type="soa" free="3269048" total="61636608" percent="5" />
      <mem type="loa" free="3244032" total="3244032" percent="100" />
    </mem>
    <remembered-set count="8328" />
  </mem-info>
</gc-start>
<allocation-stats totalBytes="54966224" discardedBytes="23128" >
  <allocated-bytes non-tlh="797576" tlh="54168648" />
  <largest-consumer threadName="Default Executor-thread-3" threadId="000000000085B900" bytes="17170888" />
</allocation-stats>
<gc-op id="1969" type="scavenge" timems="13.749" contextid="1966" timestamp="2025-12-11T03:04:55.980">
  <scavenger-info tenureage="6" tenuremask="7f40" tiltratio="73" />
  <memory-copied type="nursery" objects="133508" bytes="12030320" bytesdiscarded="644184" />
  <memory-copied type="tenure" objects="18222" bytes="1793904" bytesdiscarded="792" />
  <finalization candidates="1540" enqueued="1494" />
  <ownableSynchronizers candidates="6" cleared="0" />
  <references type="soft" candidates="37" cleared="0" enqueued="0" dynamicThreshold="9" maxThreshold="32" />
  <references type="weak" candidates="57" cleared="31" enqueued="31" />
  <references type="phantom" candidates="75" cleared="45" enqueued="45" />
  <object-monitors candidates="96" cleared="0"  />
</gc-op>
<heap-resize id="1970" type="expand" space="nursery" amount="4063232" count="1" timems="1.866" reason="excessive time being spent scavenging" timestamp="2025-12-11T03:04:55.983" />
<gc-end id="1971" type="scavenge" contextid="1966" durationms="20.165" usertimems="85.850" systemtimems="3.221" stalltimems="60.330" timestamp="2025-12-11T03:04:55.984" activeThreads="12">
  <mem-info id="1972" free="64741336" total="159252480" percent="40">
    <mem type="nursery" free="60786488" total="94371840" percent="64">
      <mem type="allocate" free="60786488" total="73465856" percent="82" />
      <mem type="survivor" free="0" total="20905984" percent="0" />
    </mem>
    <mem type="tenure" free="3954848" total="64880640" percent="6">
      <mem type="soa" free="710816" total="61636608" percent="1" />
      <mem type="loa" free="3244032" total="3244032" percent="100" />
    </mem>
    <pending-finalizers system="0" default="1494" reference="76" classloader="0" />
    <remembered-set count="4819" />
  </mem-info>
</gc-end>
<cycle-end id="1973" type="scavenge" contextid="1966" timestamp="2025-12-11T03:04:55.985" />
<allocation-satisfied id="1974" threadId="000000000085A200" bytesRequested="80" />
<af-end id="1975" timestamp="2025-12-11T03:04:55.987" threadId="000000000085AC78" success="true" from="nursery"/>
<exclusive-end id="1976" timestamp="2025-12-11T03:04:55.987" durationms="27.856" />

<exclusive-start id="1977" timestamp="2025-12-11T03:04:56.128" intervalms="168.370">
  <response-info timems="0.114" idlems="0.114" threads="0" lastid="0000000000858900" lastname="Default Executor-thread-4" />
</exclusive-start>
<af-start id="1978" threadId="0000000000859378" totalBytesRequested="144" timestamp="2025-12-11T03:04:56.129" intervalms="168.327" type="nursery" />
<cycle-start id="1979" type="scavenge" contextid="0" timestamp="2025-12-11T03:04:56.130" intervalms="167.859" />
<gc-start id="1980" type="scavenge" contextid="1979" timestamp="2025-12-11T03:04:56.130">
  <mem-info id="1981" free="3954848" total="159252480" percent="2">
    <mem type="nursery" free="0" total="94371840" percent="0">
      <mem type="allocate" free="0" total="73465856" percent="0" />
      <mem type="survivor" free="0" total="20905984" percent="0" />
    </mem>
    <mem type="tenure" free="3954848" total="64880640" percent="6">
      <mem type="soa" free="710816" total="61636608" percent="1" />
      <mem type="loa" free="3244032" total="3244032" percent="100" />
    </mem>
    <remembered-set count="5290" />
  </mem-info>
</gc-start>
<allocation-stats totalBytes="60765368" discardedBytes="21120" >
  <allocated-bytes non-tlh="100720" tlh="60664648" />
  <largest-consumer threadName="Default Executor-thread-3" threadId="000000000085B900" bytes="20057408" />
</allocation-stats>
<gc-op id="1982" type="scavenge" timems="12.281" contextid="1979" timestamp="2025-12-11T03:04:56.144">
  <scavenger-info tenureage="8" tenuremask="7f00" tiltratio="77" />
  <memory-copied type="nursery" objects="156281" bytes="9468464" bytesdiscarded="121096" />
  <memory-copied type="tenure" objects="5373" bytes="322176" bytesdiscarded="240" />
  <finalization candidates="952" enqueued="880" />
  <ownableSynchronizers candidates="79" cleared="32" />
  <references type="soft" candidates="37" cleared="0" enqueued="0" dynamicThreshold="9" maxThreshold="32" />
  <references type="weak" candidates="121" cleared="94" enqueued="94" />
  <references type="phantom" candidates="84" cleared="56" enqueued="56" />
  <object-monitors candidates="96" cleared="0"  />
</gc-op>
<heap-resize id="1983" type="expand" space="nursery" amount="3670016" count="1" timems="0.121" reason="excessive time being spent scavenging" timestamp="2025-12-11T03:04:56.145" />
<gc-end id="1984" type="scavenge" contextid="1979" durationms="15.643" usertimems="46.099" systemtimems="32.937" stalltimems="69.876" timestamp="2025-12-11T03:04:56.146" activeThreads="12">
  <mem-info id="1985" free="72253320" total="162922496" percent="44">
    <mem type="nursery" free="68707048" total="98041856" percent="70">
      <mem type="allocate" free="68707048" total="78315520" percent="87" />
      <mem type="survivor" free="0" total="19726336" percent="0" />
    </mem>
    <mem type="tenure" free="3546272" total="64880640" percent="5">
      <mem type="soa" free="302240" total="61636608" percent="0" />
      <mem type="loa" free="3244032" total="3244032" percent="100" />
    </mem>
    <pending-finalizers system="0" default="880" reference="150" classloader="0" />
    <remembered-set count="3482" />
  </mem-info>
</gc-end>
<cycle-end id="1986" type="scavenge" contextid="1979" timestamp="2025-12-11T03:04:56.147" />
<allocation-satisfied id="1987" threadId="0000000000858900" bytesRequested="144" />
<af-end id="1988" timestamp="2025-12-11T03:04:56.149" threadId="0000000000859378" success="true" from="nursery"/>
<exclusive-end id="1989" timestamp="2025-12-11T03:04:56.149" durationms="21.746" />

<concurrent-end id="1990" type="global mark" contextid="1961" timestamp="2025-12-11T03:04:56.158">
<gc-op id="1991" type="trace" timems="243.058" contextid="1961" timestamp="2025-12-11T03:04:56.158">
  <trace bytesTraced="37768444" workStackOverflowCount="0" />
  <card-cleaning reason="card cleaning threshold reached" bytesTraced="643628" cardsCleaned="1246" />
</gc-op>
</concurrent-end>

<exclusive-start id="1992" timestamp="2025-12-11T03:04:56.159" intervalms="31.323">
  <response-info timems="0.077" idlems="0.054" threads="1" lastid="000000000085B900" lastname="Default Executor-thread-3" />
</exclusive-start>
<concurrent-global-final id="1993" timestamp="2025-12-11T03:04:56.160" contextid="1961" intervalms="3587.142" >
  <concurrent-trace-info reason="card cleaning threshold reached" tracedByMutators="29737300" tracedByHelpers="8674772" cardsCleaned="1246" workStackOverflowCount="0" />
</concurrent-global-final>
<gc-start id="1994" type="global" contextid="1961" timestamp="2025-12-11T03:04:56.161">
  <mem-info id="1995" free="71147256" total="162922496" percent="43">
    <mem type="nursery" free="67600984" total="98041856" percent="68">
      <mem type="allocate" free="67600984" total="78315520" percent="86" />
      <mem type="survivor" free="0" total="19726336" percent="0" />
    </mem>
    <mem type="tenure" free="3546272" total="64880640" percent="5">
      <mem type="soa" free="302240" total="61636608" percent="0" />
      <mem type="loa" free="3244032" total="3244032" percent="100" />
    </mem>
    <remembered-set count="3519" />
  </mem-info>
</gc-start>
<allocation-stats totalBytes="1105816" discardedBytes="248" >
  <allocated-bytes non-tlh="144" tlh="1105672" />
  <largest-consumer threadName="Default Executor-thread-4" threadId="0000000000858900" bytes="290712" />
</allocation-stats>
<gc-op id="1996" type="rs-scan" timems="5.313" contextid="1961" timestamp="2025-12-11T03:04:56.168">
  <scan objectsFound="106234" bytesTraced="3972432" workStackOverflowCount="0" />
</gc-op>
<gc-op id="1997" type="card-cleaning" timems="2.677" contextid="1961" timestamp="2025-12-11T03:04:56.171">
  <card-cleaning cardsCleaned="80" bytesTraced="45172" workStackOverflowCount="0" />
</gc-op>
<gc-op id="1998" type="mark" timems="29.118" contextid="1961" timestamp="2025-12-11T03:04:56.201">
  <trace-info objectcount="5636" scancount="5230" scanbytes="324184" />
  <finalization candidates="867" enqueued="0" />
  <ownableSynchronizers candidates="8699" cleared="30" />
  <references type="soft" candidates="12305" cleared="5" enqueued="4" dynamicThreshold="9" maxThreshold="32" />
  <references type="weak" candidates="14918" cleared="9" enqueued="9" />
  <references type="phantom" candidates="380" cleared="0" enqueued="0" />
  <stringconstants candidates="38617" cleared="20"  />
  <object-monitors candidates="96" cleared="0"  />
</gc-op>
<gc-op id="1999" type="classunload" timems="0.098" contextid="1961" timestamp="2025-12-11T03:04:56.202">
  <classunload-info classloadercandidates="418" classloadersunloaded="0" classesunloaded="0" anonymousclassesunloaded="0" quiescems="0.000" setupms="0.097" scanms="0.000" postms="0.000" />
</gc-op>
<gc-op id="2000" type="sweep" timems="4.521" contextid="1961" timestamp="2025-12-11T03:04:56.207" />
<heap-resize id="2001" type="expand" space="tenure" amount="14548992" count="1" timems="0.535" reason="insufficient free space following gc" timestamp="2025-12-11T03:04:56.208" />
<gc-end id="2002" type="global" contextid="1961" durationms="48.146" usertimems="132.944" systemtimems="22.408" stalltimems="528.756" timestamp="2025-12-11T03:04:56.209" activeThreads="20">
  <mem-info id="2003" free="95068336" total="177471488" percent="53">
    <mem type="nursery" free="71229072" total="98041856" percent="72">
      <mem type="allocate" free="71229072" total="78315520" percent="90" />
      <mem type="survivor" free="0" total="19726336" percent="0" />
    </mem>
    <mem type="tenure" free="23839264" total="79429632" percent="30" micro-fragmented="1648002" macro-fragmented="0">
      <mem type="soa" free="19867168" total="75457536" percent="26" />
      <mem type="loa" free="3972096" total="3972096" percent="100" />
    </mem>
    <pending-finalizers system="0" default="0" reference="13" classloader="0" />
    <remembered-set count="3364" />
  </mem-info>
</gc-end>
<cycle-end id="2004" type="global" contextid="1961" timestamp="2025-12-11T03:04:56.210" />
<exclusive-end id="2005" timestamp="2025-12-11T03:04:56.211" durationms="51.758" />

<exclusive-start id="2006" timestamp="2025-12-11T03:04:56.342" intervalms="182.905">
  <response-info timems="0.072" idlems="0.063" threads="1" lastid="0000000000858900" lastname="Default Executor-thread-4" />
</exclusive-start>
<af-start id="2007" threadId="000000000085C378" totalBytesRequested="24" timestamp="2025-12-11T03:04:56.342" intervalms="213.745" type="nursery" />
<cycle-start id="2008" type="scavenge" contextid="0" timestamp="2025-12-11T03:04:56.343" intervalms="213.385" />
<gc-start id="2009" type="scavenge" contextid="2008" timestamp="2025-12-11T03:04:56.343">
  <mem-info id="2010" free="23831968" total="177471488" percent="13">
    <mem type="nursery" free="0" total="98041856" percent="0">
      <mem type="allocate" free="0" total="78315520" percent="0" />
      <mem type="survivor" free="0" total="19726336" percent="0" />
    </mem>
    <mem type="tenure" free="23831968" total="79429632" percent="30">
      <mem type="soa" free="19859872" total="75457536" percent="26" />
      <mem type="loa" free="3972096" total="3972096" percent="100" />
    </mem>
    <remembered-set count="3977" />
  </mem-info>
</gc-start>
<allocation-stats totalBytes="71208184" discardedBytes="27448" >
  <allocated-bytes non-tlh="739144" tlh="70469040" />
  <largest-consumer threadName="Default Executor-thread-3" threadId="000000000085B900" bytes="22459824" />
</allocation-stats>
<gc-op id="2011" type="scavenge" timems="5.515" contextid="2008" timestamp="2025-12-11T03:04:56.350">
  <scavenger-info tenureage="8" tenuremask="7f00" tiltratio="79" />
  <memory-copied type="nursery" objects="159314" bytes="10367976" bytesdiscarded="242736" />
  <finalization candidates="298" enqueued="222" />
  <ownableSynchronizers candidates="17373" cleared="17301" />
  <references type="soft" candidates="73" cleared="0" enqueued="0" dynamicThreshold="9" maxThreshold="32" />
  <references type="weak" candidates="304" cleared="185" enqueued="185" />
  <references type="phantom" candidates="232" cleared="56" enqueued="56" />
  <object-monitors candidates="104" cleared="8"  />
</gc-op>
<gc-end id="2012" type="scavenge" contextid="2008" durationms="6.958" usertimems="25.346" systemtimems="8.299" stalltimems="27.193" timestamp="2025-12-11T03:04:56.350" activeThreads="11">
  <mem-info id="2013" free="93294792" total="177471488" percent="52">
    <mem type="nursery" free="69462824" total="98041856" percent="70">
      <mem type="allocate" free="69462824" total="80084992" percent="86" />
      <mem type="survivor" free="0" total="17956864" percent="0" />
    </mem>
    <mem type="tenure" free="23831968" total="79429632" percent="30">
      <mem type="soa" free="19859872" total="75457536" percent="26" />
      <mem type="loa" free="3972096" total="3972096" percent="100" />
    </mem>
    <pending-finalizers system="0" default="222" reference="241" classloader="0" />
    <remembered-set count="3681" />
  </mem-info>
</gc-end>
<cycle-end id="2014" type="scavenge" contextid="2008" timestamp="2025-12-11T03:04:56.351" />
<allocation-satisfied id="2015" threadId="000000000085B900" bytesRequested="24" />
<af-end id="2016" timestamp="2025-12-11T03:04:56.352" threadId="000000000085C378" success="true" from="nursery"/>
<exclusive-end id="2017" timestamp="2025-12-11T03:04:56.352" durationms="10.023" />

<exclusive-start id="2018" timestamp="2025-12-11T03:04:56.394" intervalms="52.319">
  <response-info timems="0.096" idlems="0.096" threads="0" lastid="000000000085A200" lastname="Default Executor-thread-6" />
</exclusive-start>
<af-start id="2019" threadId="000000000085AC78" totalBytesRequested="2064" timestamp="2025-12-11T03:04:56.395" intervalms="52.236" type="nursery" />
<cycle-start id="2020" type="scavenge" contextid="0" timestamp="2025-12-11T03:04:56.395" intervalms="52.140" />
<gc-start id="2021" type="scavenge" contextid="2020" timestamp="2025-12-11T03:04:56.396">
  <mem-info id="2022" free="23827688" total="177471488" percent="13">
    <mem type="nursery" free="0" total="98041856" percent="0">
      <mem type="allocate" free="0" total="80084992" percent="0" />
      <mem type="survivor" free="0" total="17956864" percent="0" />
    </mem>
    <mem type="tenure" free="23827688" total="79429632" percent="29">
      <mem type="soa" free="19855592" total="75457536" percent="26" />
      <mem type="loa" free="3972096" total="3972096" percent="100" />
    </mem>
    <remembered-set count="3889" />
  </mem-info>
</gc-start>
<allocation-stats totalBytes="69441040" discardedBytes="26064" >
  <allocated-bytes non-tlh="4304" tlh="69436736" />
  <largest-consumer threadName="ClassloaderMapProcessingThread-9" threadId="0000000001499700" bytes="20468872" />
</allocation-stats>
<gc-op id="2023" type="scavenge" timems="6.021" contextid="2020" timestamp="2025-12-11T03:04:56.403">
  <scavenger-info tenureage="8" tenuremask="7f00" tiltratio="81" />
  <memory-copied type="nursery" objects="188487" bytes="13872760" bytesdiscarded="285400" />
  <finalization candidates="628" enqueued="549" />
  <ownableSynchronizers candidates="84" cleared="10" />
  <references type="soft" candidates="85" cleared="0" enqueued="0" dynamicThreshold="9" maxThreshold="32" />
  <references type="weak" candidates="237" cleared="95" enqueued="95" />
  <references type="phantom" candidates="230" cleared="44" enqueued="44" />
  <object-monitors candidates="98" cleared="2"  />
</gc-op>
<heap-resize id="2024" type="expand" space="nursery" amount="7077888" count="1" timems="0.057" reason="excessive time being spent scavenging" timestamp="2025-12-11T03:04:56.403" />
<gc-end id="2025" type="scavenge" contextid="2020" durationms="8.259" usertimems="30.362" systemtimems="7.739" stalltimems="21.892" timestamp="2025-12-11T03:04:56.404" activeThreads="10">
  <mem-info id="2026" free="92433432" total="184549376" percent="50">
    <mem type="nursery" free="68605744" total="105119744" percent="65">
      <mem type="allocate" free="68605744" total="82771968" percent="82" />
      <mem type="survivor" free="0" total="22347776" percent="0" />
    </mem>
    <mem type="tenure" free="23827688" total="79429632" percent="29">
      <mem type="soa" free="19855592" total="75457536" percent="26" />
      <mem type="loa" free="3972096" total="3972096" percent="100" />
    </mem>
    <pending-finalizers system="0" default="549" reference="139" classloader="0" />
    <remembered-set count="3801" />
  </mem-info>
</gc-end>
<cycle-end id="2027" type="scavenge" contextid="2020" timestamp="2025-12-11T03:04:56.404" />
<allocation-satisfied id="2028" threadId="000000000085A200" bytesRequested="2064" />
<af-end id="2029" timestamp="2025-12-11T03:04:56.405" threadId="000000000085AC78" success="true" from="nursery"/>
<exclusive-end id="2030" timestamp="2025-12-11T03:04:56.406" durationms="11.681" />

<exclusive-start id="2031" timestamp="2025-12-11T03:04:56.472" intervalms="78.006">
  <response-info timems="0.073" idlems="0.073" threads="0" lastid="0000000000858900" lastname="Default Executor-thread-4" />
</exclusive-start>
<af-start id="2032" threadId="0000000000859378" totalBytesRequested="16" timestamp="2025-12-11T03:04:56.473" intervalms="78.076" type="nursery" />
<cycle-start id="2033" type="scavenge" contextid="0" timestamp="2025-12-11T03:04:56.473" intervalms="78.119" />
<gc-start id="2034" type="scavenge" contextid="2033" timestamp="2025-12-11T03:04:56.474">
  <mem-info id="2035" free="23806504" total="184549376" percent="12">
    <mem type="nursery" free="0" total="105119744" percent="0">
      <mem type="allocate" free="0" total="82771968" percent="0" />
      <mem type="survivor" free="0" total="22347776" percent="0" />
    </mem>
    <mem type="tenure" free="23806504" total="79429632" percent="29">
      <mem type="soa" free="19834408" total="75457536" percent="26" />
      <mem type="loa" free="3972096" total="3972096" percent="100" />
    </mem>
    <remembered-set count="4373" />
  </mem-info>
</gc-start>
<allocation-stats totalBytes="68601496" discardedBytes="25432" >
  <allocated-bytes non-tlh="23248" tlh="68578248" />
  <largest-consumer threadName="Default Executor-thread-4" threadId="0000000000858900" bytes="23330296" />
</allocation-stats>
<gc-op id="2036" type="scavenge" timems="6.199" contextid="2033" timestamp="2025-12-11T03:04:56.480">
  <scavenger-info tenureage="8" tenuremask="7f00" tiltratio="78" />
  <memory-copied type="nursery" objects="199002" bytes="16075568" bytesdiscarded="216128" />
  <finalization candidates="1242" enqueued="1140" />
  <ownableSynchronizers candidates="104" cleared="28" />
  <references type="soft" candidates="127" cleared="0" enqueued="0" dynamicThreshold="9" maxThreshold="32" />
  <references type="weak" candidates="368" cleared="192" enqueued="192" />
  <references type="phantom" candidates="237" cleared="30" enqueued="30" />
  <object-monitors candidates="127" cleared="29"  />
</gc-op>
<heap-resize id="2037" type="expand" space="nursery" amount="4325376" count="1" timems="0.043" reason="excessive time being spent scavenging" timestamp="2025-12-11T03:04:56.481" />
<gc-end id="2038" type="scavenge" contextid="2033" durationms="7.603" usertimems="41.978" systemtimems="0.240" stalltimems="20.142" timestamp="2025-12-11T03:04:56.481" activeThreads="10">
  <mem-info id="2039" free="93685040" total="188874752" percent="49">
    <mem type="nursery" free="69878536" total="109445120" percent="63">
      <mem type="allocate" free="69878536" total="86179840" percent="81" />
      <mem type="survivor" free="0" total="23265280" percent="0" />
    </mem>
    <mem type="tenure" free="23806504" total="79429632" percent="29">
      <mem type="soa" free="19834408" total="75457536" percent="26" />
      <mem type="loa" free="3972096" total="3972096" percent="100" />
    </mem>
    <pending-finalizers system="45" default="1095" reference="222" classloader="0" />
    <remembered-set count="4020" />
  </mem-info>
</gc-end>
<cycle-end id="2040" type="scavenge" contextid="2033" timestamp="2025-12-11T03:04:56.482" />
<allocation-satisfied id="2041" threadId="0000000000858900" bytesRequested="16" />
<af-end id="2042" timestamp="2025-12-11T03:04:56.483" threadId="0000000000859378" success="true" from="nursery"/>
<exclusive-end id="2043" timestamp="2025-12-11T03:04:56.484" durationms="11.349" />

<exclusive-start id="2044" timestamp="2025-12-11T03:04:56.610" intervalms="137.554">
  <response-info timems="0.060" idlems="0.025" threads="4" lastid="0000000000857C00" lastname="Default Executor-thread-2" />
</exclusive-start>
<af-start id="2045" threadId="000000000085AC78" totalBytesRequested="8920" timestamp="2025-12-11T03:04:56.610" intervalms="137.506" type="nursery" />
<cycle-start id="2046" type="scavenge" contextid="0" timestamp="2025-12-11T03:04:56.611" intervalms="137.461" />
<gc-start id="2047" type="scavenge" contextid="2046" timestamp="2025-12-11T03:04:56.611">
  <mem-info id="2048" free="23709032" total="188874752" percent="12">
    <mem type="nursery" free="0" total="109445120" percent="0">
      <mem type="allocate" free="0" total="86179840" percent="0" />
      <mem type="survivor" free="0" total="23265280" percent="0" />
    </mem>
    <mem type="tenure" free="23709032" total="79429632" percent="29">
      <mem type="soa" free="19736936" total="75457536" percent="26" />
      <mem type="loa" free="3972096" total="3972096" percent="100" />
    </mem>
    <remembered-set count="5224" />
  </mem-info>
</gc-start>
<allocation-stats totalBytes="69846008" discardedBytes="118632" >
  <allocated-bytes non-tlh="86120" tlh="69759888" />
  <largest-consumer threadName="Default Executor-thread-4" threadId="0000000000858900" bytes="51482896" />
</allocation-stats>
<gc-op id="2049" type="scavenge" timems="9.527" contextid="2046" timestamp="2025-12-11T03:04:56.622">
  <scavenger-info tenureage="8" tenuremask="7f00" tiltratio="78" />
  <memory-copied type="nursery" objects="211685" bytes="21288360" bytesdiscarded="268368" />
  <memory-copied type="tenure" objects="32388" bytes="1301000" bytesdiscarded="3096" />
  <finalization candidates="2586" enqueued="2483" />
  <ownableSynchronizers candidates="116" cleared="29" />
  <references type="soft" candidates="223" cleared="0" enqueued="0" dynamicThreshold="9" maxThreshold="32" />
  <references type="weak" candidates="634" cleared="404" enqueued="404" />
  <references type="phantom" candidates="446" cleared="231" enqueued="231" />
  <object-monitors candidates="279" cleared="171"  />
</gc-op>
<gc-end id="2050" type="scavenge" contextid="2046" durationms="10.790" usertimems="53.689" systemtimems="9.089" stalltimems="26.031" timestamp="2025-12-11T03:04:56.622" activeThreads="10">
  <mem-info id="2051" free="79074848" total="188874752" percent="41">
    <mem type="nursery" free="57068816" total="109445120" percent="52">
      <mem type="allocate" free="57068816" total="78643200" percent="72" />
      <mem type="survivor" free="0" total="30801920" percent="0" />
    </mem>
    <mem type="tenure" free="22006032" total="79429632" percent="27">
      <mem type="soa" free="18033936" total="75457536" percent="23" />
      <mem type="loa" free="3972096" total="3972096" percent="100" />
    </mem>
    <pending-finalizers system="159" default="2324" reference="635" classloader="0" />
    <remembered-set count="4649" />
  </mem-info>
</gc-end>
<cycle-end id="2052" type="scavenge" contextid="2046" timestamp="2025-12-11T03:04:56.622" />
<allocation-satisfied id="2053" threadId="000000000085A200" bytesRequested="8920" />
<af-end id="2054" timestamp="2025-12-11T03:04:56.623" threadId="000000000085AC78" success="true" from="nursery"/>
<exclusive-end id="2055" timestamp="2025-12-11T03:04:56.623" durationms="13.674" />

<exclusive-start id="2056" timestamp="2025-12-11T03:04:56.715" intervalms="105.492">
  <response-info timems="0.244" idlems="0.146" threads="1" lastid="000000000085A200" lastname="Default Executor-thread-6" />
</exclusive-start>
<af-start id="2057" threadId="000000000085C378" totalBytesRequested="40" timestamp="2025-12-11T03:04:56.716" intervalms="105.456" type="nursery" />
<cycle-start id="2058" type="scavenge" contextid="0" timestamp="2025-12-11T03:04:56.716" intervalms="105.640" />
<gc-start id="2059" type="scavenge" contextid="2058" timestamp="2025-12-11T03:04:56.717">
  <mem-info id="2060" free="21956344" total="188874752" percent="11">
    <mem type="nursery" free="0" total="109445120" percent="0">
      <mem type="allocate" free="0" total="78643200" percent="0" />
      <mem type="survivor" free="0" total="30801920" percent="0" />
    </mem>
    <mem type="tenure" free="21956344" total="79429632" percent="27">
      <mem type="soa" free="17984248" total="75457536" percent="23" />
      <mem type="loa" free="3972096" total="3972096" percent="100" />
    </mem>
    <remembered-set count="5595" />
  </mem-info>
</gc-start>
<allocation-stats totalBytes="57058432" discardedBytes="58560" >
  <allocated-bytes non-tlh="57096" tlh="57001336" />
  <largest-consumer threadName="Default Executor-thread-4" threadId="0000000000858900" bytes="36483496" />
</allocation-stats>
<gc-op id="2061" type="scavenge" timems="7.594" contextid="2058" timestamp="2025-12-11T03:04:56.725">
  <scavenger-info tenureage="4" tenuremask="7f10" tiltratio="71" />
  <memory-copied type="nursery" objects="210792" bytes="16235240" bytesdiscarded="341016" />
  <memory-copied type="tenure" objects="24018" bytes="3575080" bytesdiscarded="6048" />
  <finalization candidates="1677" enqueued="1573" />
  <ownableSynchronizers candidates="99" cleared="14" />
  <references type="soft" candidates="300" cleared="0" enqueued="0" dynamicThreshold="9" maxThreshold="32" />
  <references type="weak" candidates="607" cleared="413" enqueued="413" />
  <references type="phantom" candidates="68" cleared="5" enqueued="5" />
  <object-monitors candidates="185" cleared="73"  />
</gc-op>
<heap-resize id="2062" type="expand" space="nursery" amount="5767168" count="1" timems="0.044" reason="excessive time being spent scavenging" timestamp="2025-12-11T03:04:56.726" />
<gc-end id="2063" type="scavenge" contextid="2058" durationms="9.510" usertimems="46.302" systemtimems="6.809" stalltimems="30.856" timestamp="2025-12-11T03:04:56.726" activeThreads="11">
  <mem-info id="2064" free="85273952" total="194641920" percent="43">
    <mem type="nursery" free="67166816" total="115212288" percent="58">
      <mem type="allocate" free="67166816" total="83755008" percent="80" />
      <mem type="survivor" free="0" total="31457280" percent="0" />
    </mem>
    <mem type="tenure" free="18107136" total="79429632" percent="22">
      <mem type="soa" free="14135040" total="75457536" percent="18" />
      <mem type="loa" free="3972096" total="3972096" percent="100" />
    </mem>
    <pending-finalizers system="9" default="1564" reference="418" classloader="0" />
    <remembered-set count="7934" />
  </mem-info>
</gc-end>
<cycle-end id="2065" type="scavenge" contextid="2058" timestamp="2025-12-11T03:04:56.727" />
<allocation-satisfied id="2066" threadId="000000000085B900" bytesRequested="40" />
<af-end id="2067" timestamp="2025-12-11T03:04:56.727" threadId="000000000085C378" success="true" from="nursery"/>
<exclusive-end id="2068" timestamp="2025-12-11T03:04:56.728" durationms="12.487" />

<exclusive-start id="2069" timestamp="2025-12-11T03:04:56.854" intervalms="139.149">
  <response-info timems="0.112" idlems="0.082" threads="1" lastid="0000000000858900" lastname="Default Executor-thread-4" />
</exclusive-start>
<af-start id="2070" threadId="0000000000859F78" totalBytesRequested="40" timestamp="2025-12-11T03:04:56.855" intervalms="139.312" type="nursery" />
<cycle-start id="2071" type="scavenge" contextid="0" timestamp="2025-12-11T03:04:56.856" intervalms="139.232" />
<gc-start id="2072" type="scavenge" contextid="2071" timestamp="2025-12-11T03:04:56.857">
  <mem-info id="2073" free="18022888" total="194641920" percent="9">
    <mem type="nursery" free="0" total="115212288" percent="0">
      <mem type="allocate" free="0" total="83755008" percent="0" />
      <mem type="survivor" free="0" total="31457280" percent="0" />
    </mem>
    <mem type="tenure" free="18022888" total="79429632" percent="22">
      <mem type="soa" free="14050792" total="75457536" percent="18" />
      <mem type="loa" free="3972096" total="3972096" percent="100" />
    </mem>
    <remembered-set count="9923" />
  </mem-info>
</gc-start>
<allocation-stats totalBytes="67220280" discardedBytes="28600" >
  <allocated-bytes non-tlh="101608" tlh="67118672" />
  <largest-consumer threadName="Default Executor-thread-4" threadId="0000000000858900" bytes="47922840" />
</allocation-stats>
<gc-op id="2074" type="scavenge" timems="9.511" contextid="2071" timestamp="2025-12-11T03:04:56.868">
  <scavenger-info tenureage="8" tenuremask="7f00" tiltratio="72" />
  <memory-copied type="nursery" objects="281871" bytes="20275256" bytesdiscarded="507752" />
  <memory-copied type="tenure" objects="17763" bytes="989712" bytesdiscarded="1504" />
  <finalization candidates="2319" enqueued="2225" />
  <ownableSynchronizers candidates="966" cleared="586" />
  <references type="soft" candidates="1131" cleared="0" enqueued="0" dynamicThreshold="9" maxThreshold="32" />
  <references type="weak" candidates="752" cleared="349" enqueued="349" />
  <references type="phantom" candidates="114" cleared="13" enqueued="13" />
  <object-monitors candidates="150" cleared="25"  />
</gc-op>
<heap-resize id="2075" type="expand" space="nursery" amount="4325376" count="1" timems="0.462" reason="excessive time being spent scavenging" timestamp="2025-12-11T03:04:56.869" />
<gc-end id="2076" type="scavenge" contextid="2071" durationms="12.288" usertimems="49.152" systemtimems="28.551" stalltimems="26.828" timestamp="2025-12-11T03:04:56.869" activeThreads="11">
  <mem-info id="2077" free="83992392" total="198967296" percent="42">
    <mem type="nursery" free="67413888" total="119537664" percent="56">
      <mem type="allocate" free="67413888" total="88211456" percent="76" />
      <mem type="survivor" free="0" total="31326208" percent="0" />
    </mem>
    <mem type="tenure" free="16578504" total="79429632" percent="20">
      <mem type="soa" free="12606408" total="75457536" percent="16" />
      <mem type="loa" free="3972096" total="3972096" percent="100" />
    </mem>
    <pending-finalizers system="29" default="2196" reference="362" classloader="0" />
    <remembered-set count="7815" />
  </mem-info>
</gc-end>
<cycle-end id="2078" type="scavenge" contextid="2071" timestamp="2025-12-11T03:04:56.871" />
<allocation-satisfied id="2079" threadId="0000000000859500" bytesRequested="40" />
<af-end id="2080" timestamp="2025-12-11T03:04:56.872" threadId="0000000000859F78" success="true" from="nursery"/>
<exclusive-end id="2081" timestamp="2025-12-11T03:04:56.872" durationms="17.623" />

<exclusive-start id="2082" timestamp="2025-12-11T03:04:57.017" intervalms="162.827">
  <response-info timems="0.085" idlems="0.067" threads="1" lastid="0000000000858900" lastname="Default Executor-thread-4" />
</exclusive-start>
<af-start id="2083" threadId="000000000085AC78" totalBytesRequested="72" timestamp="2025-12-11T03:04:57.018" intervalms="162.681" type="nursery" />
<cycle-start id="2084" type="scavenge" contextid="0" timestamp="2025-12-11T03:04:57.018" intervalms="162.673" />
<gc-start id="2085" type="scavenge" contextid="2084" timestamp="2025-12-11T03:04:57.019">
  <mem-info id="2086" free="16513328" total="198967296" percent="8">
    <mem type="nursery" free="0" total="119537664" percent="0">
      <mem type="allocate" free="0" total="88211456" percent="0" />
      <mem type="survivor" free="0" total="31326208" percent="0" />
    </mem>
    <mem type="tenure" free="16513328" total="79429632" percent="20">
      <mem type="soa" free="12541232" total="75457536" percent="16" />
      <mem type="loa" free="3972096" total="3972096" percent="100" />
    </mem>
    <remembered-set count="9066" />
  </mem-info>
</gc-start>
<allocation-stats totalBytes="67455552" discardedBytes="20568" >
  <allocated-bytes non-tlh="62272" tlh="67393280" />
  <largest-consumer threadName="Default Executor-thread-4" threadId="0000000000858900" bytes="47333240" />
</allocation-stats>
<gc-op id="2087" type="scavenge" timems="10.987" contextid="2084" timestamp="2025-12-11T03:04:57.031">
  <scavenger-info tenureage="8" tenuremask="7f00" tiltratio="73" />
  <memory-copied type="nursery" objects="312393" bytes="21673384" bytesdiscarded="225808" />
  <memory-copied type="tenure" objects="41231" bytes="1756848" bytesdiscarded="2192" />
  <finalization candidates="2258" enqueued="2181" />
  <ownableSynchronizers candidates="643" cleared="321" />
  <references type="soft" candidates="1355" cleared="0" enqueued="0" dynamicThreshold="9" maxThreshold="32" />
  <references type="weak" candidates="803" cleared="271" enqueued="271" />
  <references type="phantom" candidates="163" cleared="40" enqueued="40" />
  <object-monitors candidates="225" cleared="94"  />
</gc-op>
<gc-end id="2088" type="scavenge" contextid="2084" durationms="12.784" usertimems="86.606" systemtimems="0.000" stalltimems="30.726" timestamp="2025-12-11T03:04:57.032" activeThreads="11">
  <mem-info id="2089" free="83407216" total="198967296" percent="41">
    <mem type="nursery" free="68658216" total="119537664" percent="57">
      <mem type="allocate" free="68658216" total="90570752" percent="75" />
      <mem type="survivor" free="0" total="28966912" percent="0" />
    </mem>
    <mem type="tenure" free="14749000" total="79429632" percent="18">
      <mem type="soa" free="10776904" total="75457536" percent="14" />
      <mem type="loa" free="3972096" total="3972096" percent="100" />
    </mem>
    <pending-finalizers system="70" default="2111" reference="311" classloader="0" />
    <remembered-set count="15737" />
  </mem-info>
</gc-end>
<cycle-end id="2090" type="scavenge" contextid="2084" timestamp="2025-12-11T03:04:57.032" />
<allocation-satisfied id="2091" threadId="000000000085A200" bytesRequested="72" />
<af-end id="2092" timestamp="2025-12-11T03:04:57.033" threadId="000000000085AC78" success="true" from="nursery"/>
<exclusive-end id="2093" timestamp="2025-12-11T03:04:57.033" durationms="16.061" />

<exclusive-start id="2094" timestamp="2025-12-11T03:04:57.157" intervalms="139.785">
  <response-info timems="0.091" idlems="0.091" threads="0" lastid="000000000085A200" lastname="Default Executor-thread-6" />
</exclusive-start>
<af-start id="2095" threadId="000000000085AC78" totalBytesRequested="16" timestamp="2025-12-11T03:04:57.157" intervalms="139.731" type="nursery" />
<cycle-start id="2096" type="scavenge" contextid="0" timestamp="2025-12-11T03:04:57.158" intervalms="139.830" />
<gc-start id="2097" type="scavenge" contextid="2096" timestamp="2025-12-11T03:04:57.159">
  <mem-info id="2098" free="14693872" total="198967296" percent="7">
    <mem type="nursery" free="0" total="119537664" percent="0">
      <mem type="allocate" free="0" total="90570752" percent="0" />
      <mem type="survivor" free="0" total="28966912" percent="0" />
    </mem>
    <mem type="tenure" free="14693872" total="79429632" percent="18">
      <mem type="soa" free="10721776" total="75457536" percent="14" />
      <mem type="loa" free="3972096" total="3972096" percent="100" />
    </mem>
    <remembered-set count="16867" />
  </mem-info>
</gc-start>
<allocation-stats totalBytes="68667584" discardedBytes="45760" >
  <allocated-bytes non-tlh="55200" tlh="68612384" />
  <largest-consumer threadName="Default Executor-thread-4" threadId="0000000000858900" bytes="46475632" />
</allocation-stats>
<gc-op id="2099" type="scavenge" timems="11.572" contextid="2096" timestamp="2025-12-11T03:04:57.171">
  <scavenger-info tenureage="5" tenuremask="7f20" tiltratio="75" />
  <memory-copied type="nursery" objects="371125" bytes="23124144" bytesdiscarded="657520" />
  <memory-copied type="tenure" objects="40978" bytes="2240712" bytesdiscarded="1160" />
  <finalization candidates="1710" enqueued="1655" />
  <ownableSynchronizers candidates="2465" cleared="2084" />
  <references type="soft" candidates="1499" cleared="0" enqueued="0" dynamicThreshold="9" maxThreshold="32" />
  <references type="weak" candidates="711" cleared="86" enqueued="86" />
  <references type="phantom" candidates="112" cleared="1" enqueued="1" />
  <object-monitors candidates="162" cleared="26"  />
</gc-op>
<heap-resize id="2100" type="expand" space="nursery" amount="6684672" count="1" timems="0.052" reason="excessive time being spent scavenging" timestamp="2025-12-11T03:04:57.172" />
<gc-end id="2101" type="scavenge" contextid="2096" durationms="13.408" usertimems="90.133" systemtimems="9.048" stalltimems="35.480" timestamp="2025-12-11T03:04:57.172" activeThreads="12">
  <mem-info id="2102" free="82632648" total="205651968" percent="40">
    <mem type="nursery" free="70504216" total="126222336" percent="55">
      <mem type="allocate" free="70504216" total="94306304" percent="74" />
      <mem type="survivor" free="0" total="31916032" percent="0" />
    </mem>
    <mem type="tenure" free="12128432" total="79429632" percent="15">
      <mem type="soa" free="8156336" total="75457536" percent="10" />
      <mem type="loa" free="3972096" total="3972096" percent="100" />
    </mem>
    <pending-finalizers system="3" default="1652" reference="87" classloader="0" />
    <remembered-set count="18442" />
  </mem-info>
</gc-end>
<cycle-end id="2103" type="scavenge" contextid="2096" timestamp="2025-12-11T03:04:57.173" />
<allocation-satisfied id="2104" threadId="000000000085A200" bytesRequested="16" />
<af-end id="2105" timestamp="2025-12-11T03:04:57.173" threadId="000000000085AC78" success="true" from="nursery"/>
<exclusive-end id="2106" timestamp="2025-12-11T03:04:57.174" durationms="16.481" />

<exclusive-start id="2107" timestamp="2025-12-11T03:04:57.300" intervalms="142.601">
  <response-info timems="0.085" idlems="0.085" threads="0" lastid="000000000085A200" lastname="Default Executor-thread-6" />
</exclusive-start>
<af-start id="2108" threadId="000000000085AC78" totalBytesRequested="16" timestamp="2025-12-11T03:04:57.300" intervalms="142.706" type="nursery" />
<cycle-start id="2109" type="scavenge" contextid="0" timestamp="2025-12-11T03:04:57.301" intervalms="142.671" />
<gc-start id="2110" type="scavenge" contextid="2109" timestamp="2025-12-11T03:04:57.301">
  <mem-info id="2111" free="12103648" total="205651968" percent="5">
    <mem type="nursery" free="0" total="126222336" percent="0">
      <mem type="allocate" free="0" total="94306304" percent="0" />
      <mem type="survivor" free="0" total="31916032" percent="0" />
    </mem>
    <mem type="tenure" free="12103648" total="79429632" percent="15">
      <mem type="soa" free="8131552" total="75457536" percent="10" />
      <mem type="loa" free="3972096" total="3972096" percent="100" />
    </mem>
    <remembered-set count="19027" />
  </mem-info>
</gc-start>
<allocation-stats totalBytes="70516320" discardedBytes="12680" >
  <allocated-bytes non-tlh="24800" tlh="70491520" />
  <largest-consumer threadName="Default Executor-thread-4" threadId="0000000000858900" bytes="38695360" />
</allocation-stats>
<gc-op id="2112" type="scavenge" timems="9.443" contextid="2109" timestamp="2025-12-11T03:04:57.312">
  <scavenger-info tenureage="8" tenuremask="7f00" tiltratio="74" />
  <memory-copied type="nursery" objects="395899" bytes="23613960" bytesdiscarded="434680" />
  <finalization candidates="1426" enqueued="1421" />
  <ownableSynchronizers candidates="6532" cleared="6203" />
  <references type="soft" candidates="1606" cleared="0" enqueued="0" dynamicThreshold="9" maxThreshold="32" />
  <references type="weak" candidates="779" cleared="83" enqueued="83" />
  <references type="phantom" candidates="138" cleared="12" enqueued="12" />
  <object-monitors candidates="157" cleared="13"  />
</gc-op>
<gc-end id="2113" type="scavenge" contextid="2109" durationms="10.789" usertimems="71.881" systemtimems="10.999" stalltimems="45.157" timestamp="2025-12-11T03:04:57.312" activeThreads="14">
  <mem-info id="2114" free="84315920" total="205651968" percent="40">
    <mem type="nursery" free="72212272" total="126222336" percent="57">
      <mem type="allocate" free="72212272" total="96272384" percent="75" />
      <mem type="survivor" free="0" total="29949952" percent="0" />
    </mem>
    <mem type="tenure" free="12103648" total="79429632" percent="15">
      <mem type="soa" free="8131552" total="75457536" percent="10" />
      <mem type="loa" free="3972096" total="3972096" percent="100" />
    </mem>
    <pending-finalizers system="14" default="1407" reference="95" classloader="0" />
    <remembered-set count="18254" />
  </mem-info>
</gc-end>
<cycle-end id="2115" type="scavenge" contextid="2109" timestamp="2025-12-11T03:04:57.313" />
<allocation-satisfied id="2116" threadId="000000000085A200" bytesRequested="16" />
<af-end id="2117" timestamp="2025-12-11T03:04:57.314" threadId="000000000085AC78" success="true" from="nursery"/>
<exclusive-end id="2118" timestamp="2025-12-11T03:04:57.314" durationms="14.341" />

<exclusive-start id="2119" timestamp="2025-12-11T03:04:57.471" intervalms="171.481">
  <response-info timems="0.067" idlems="0.067" threads="0" lastid="0000000000857C00" lastname="Default Executor-thread-2" />
</exclusive-start>
<af-start id="2120" threadId="0000000000858678" totalBytesRequested="24" timestamp="2025-12-11T03:04:57.472" intervalms="171.449" type="nursery" />
<cycle-start id="2121" type="scavenge" contextid="0" timestamp="2025-12-11T03:04:57.472" intervalms="171.462" />
<gc-start id="2122" type="scavenge" contextid="2121" timestamp="2025-12-11T03:04:57.473">
  <mem-info id="2123" free="12033088" total="205651968" percent="5">
    <mem type="nursery" free="0" total="126222336" percent="0">
      <mem type="allocate" free="0" total="96272384" percent="0" />
      <mem type="survivor" free="0" total="29949952" percent="0" />
    </mem>
    <mem type="tenure" free="12033088" total="79429632" percent="15">
      <mem type="soa" free="8060992" total="75457536" percent="10" />
      <mem type="loa" free="3972096" total="3972096" percent="100" />
    </mem>
    <remembered-set count="20034" />
  </mem-info>
</gc-start>
<allocation-stats totalBytes="71666136" discardedBytes="616696" >
  <allocated-bytes non-tlh="70576" tlh="71595560" />
  <largest-consumer threadName="Default Executor-thread-4" threadId="0000000000858900" bytes="33046976" />
</allocation-stats>
<gc-op id="2124" type="scavenge" timems="9.956" contextid="2121" timestamp="2025-12-11T03:04:57.483">
  <scavenger-info tenureage="6" tenuremask="7f40" tiltratio="76" />
  <memory-copied type="nursery" objects="231839" bytes="20292072" bytesdiscarded="321016" />
  <memory-copied type="tenure" objects="50352" bytes="3041536" bytesdiscarded="2272" />
  <finalization candidates="812" enqueued="807" />
  <ownableSynchronizers candidates="4086" cleared="3830" />
  <references type="soft" candidates="1906" cleared="0" enqueued="0" dynamicThreshold="9" maxThreshold="32" />
  <references type="weak" candidates="633" cleared="257" enqueued="249" />
  <references type="phantom" candidates="148" cleared="12" enqueued="12" />
  <object-monitors candidates="167" cleared="24"  />
</gc-op>
<heap-resize id="2125" type="expand" space="nursery" amount="5242880" count="1" timems="0.060" reason="excessive time being spent scavenging" timestamp="2025-12-11T03:04:57.484" />
<gc-end id="2126" type="scavenge" contextid="2121" durationms="11.625" usertimems="71.996" systemtimems="11.786" stalltimems="50.134" timestamp="2025-12-11T03:04:57.484" activeThreads="14">
  <mem-info id="2127" free="88736552" total="210894848" percent="42">
    <mem type="nursery" free="79778904" total="131465216" percent="60">
      <mem type="allocate" free="79778904" total="100401152" percent="79" />
      <mem type="survivor" free="0" total="31064064" percent="0" />
    </mem>
    <mem type="tenure" free="8957648" total="79429632" percent="11">
      <mem type="soa" free="4985552" total="75457536" percent="6" />
      <mem type="loa" free="3972096" total="3972096" percent="100" />
    </mem>
    <pending-finalizers system="53" default="754" reference="261" classloader="0" />
    <remembered-set count="13022" />
  </mem-info>
</gc-end>
<cycle-end id="2128" type="scavenge" contextid="2121" timestamp="2025-12-11T03:04:57.485" />
<allocation-satisfied id="2129" threadId="0000000000857C00" bytesRequested="24" />
<af-end id="2130" timestamp="2025-12-11T03:04:57.485" threadId="0000000000858678" success="true" from="nursery"/>
<exclusive-end id="2131" timestamp="2025-12-11T03:04:57.486" durationms="14.575" />

<concurrent-kickoff id="2132" timestamp="2025-12-11T03:04:57.786">
  <kickoff reason="threshold reached" targetBytes="41456713" thresholdFreeBytes="5669944"  remainingFree="5399640" tenureFreeBytes="8941992" nurseryFreeBytes="5399640" />
</concurrent-kickoff>
<exclusive-start id="2133" timestamp="2025-12-11T03:04:57.787" intervalms="316.170">
  <response-info timems="0.061" idlems="0.061" threads="0" lastid="0000000000858900" lastname="Default Executor-thread-4" />
</exclusive-start>
<cycle-start id="2134" type="global" contextid="0" timestamp="2025-12-11T03:04:57.788" intervalms="1873.976" />
<concurrent-start id="2135" type="global mark" contextid="2134" timestamp="2025-12-11T03:04:57.788">
</concurrent-start>
<exclusive-end id="2136" timestamp="2025-12-11T03:04:57.788" durationms="0.995" />

<concurrent-end id="2137" type="global mark" contextid="2134" timestamp="2025-12-11T03:04:57.842">
<gc-op id="2138" type="trace" timems="53.725" contextid="2134" timestamp="2025-12-11T03:04:57.842">
  <trace bytesTraced="41099084" workStackOverflowCount="0" />
  <card-cleaning reason="card cleaning threshold reached" bytesTraced="9164" cardsCleaned="30" />
</gc-op>
</concurrent-end>

<exclusive-start id="2139" timestamp="2025-12-11T03:04:57.843" intervalms="55.431">
  <response-info timems="0.051" idlems="0.051" threads="0" lastid="0000000000858900" lastname="Default Executor-thread-4" />
</exclusive-start>
<concurrent-global-final id="2140" timestamp="2025-12-11T03:04:57.843" contextid="2134" intervalms="1683.665" >
  <concurrent-trace-info reason="card cleaning threshold reached" tracedByMutators="15032692" tracedByHelpers="26075556" cardsCleaned="30" workStackOverflowCount="0" />
</concurrent-global-final>
<gc-start id="2141" type="global" contextid="2134" timestamp="2025-12-11T03:04:57.844">
  <mem-info id="2142" free="9028976" total="210894848" percent="4">
    <mem type="nursery" free="87128" total="131465216" percent="0">
      <mem type="allocate" free="87128" total="100401152" percent="0" />
      <mem type="survivor" free="0" total="31064064" percent="0" />
    </mem>
    <mem type="tenure" free="8941848" total="79429632" percent="11">
      <mem type="soa" free="4969752" total="75457536" percent="6" />
      <mem type="loa" free="3972096" total="3972096" percent="100" />
    </mem>
    <remembered-set count="14205" />
  </mem-info>
</gc-start>
<allocation-stats totalBytes="79690896" discardedBytes="16680" >
  <allocated-bytes non-tlh="117728" tlh="79573168" />
  <largest-consumer threadName="Default Executor-thread-4" threadId="0000000000858900" bytes="71185488" />
</allocation-stats>
<heap-resize id="2143" type="loa contract" space="tenure" amount="794624" count="1" timems="0.000" reason="contract underutilized loa" timestamp="2025-12-11T03:04:57.845" />
<gc-op id="2144" type="rs-scan" timems="7.229" contextid="2134" timestamp="2025-12-11T03:04:57.853">
  <scan objectsFound="322117" bytesTraced="18572952" workStackOverflowCount="0" />
</gc-op>
<gc-op id="2145" type="card-cleaning" timems="3.019" contextid="2134" timestamp="2025-12-11T03:04:57.856">
  <card-cleaning cardsCleaned="20" bytesTraced="2205508" workStackOverflowCount="0" />
</gc-op>
<gc-op id="2146" type="mark" timems="13.370" contextid="2134" timestamp="2025-12-11T03:04:57.870">
  <trace-info objectcount="14231" scancount="11000" scanbytes="361744" />
  <finalization candidates="1695" enqueued="796" />
  <ownableSynchronizers candidates="9010" cleared="122" />
  <references type="soft" candidates="14434" cleared="2" enqueued="2" dynamicThreshold="9" maxThreshold="32" />
  <references type="weak" candidates="15806" cleared="256" enqueued="244" />
  <references type="phantom" candidates="482" cleared="88" enqueued="88" />
  <stringconstants candidates="41103" cleared="53"  />
  <object-monitors candidates="161" cleared="35"  />
</gc-op>
<gc-op id="2147" type="classunload" timems="1.941" contextid="2134" timestamp="2025-12-11T03:04:57.872">
  <classunload-info classloadercandidates="450" classloadersunloaded="1" classesunloaded="4" anonymousclassesunloaded="3" quiescems="0.000" setupms="1.887" scanms="0.042" postms="0.011" />
</gc-op>
<gc-op id="2148" type="sweep" timems="3.551" contextid="2134" timestamp="2025-12-11T03:04:57.876" />
<heap-resize id="2149" type="expand" space="tenure" amount="12386304" count="1" timems="1.015" reason="insufficient free space following gc" timestamp="2025-12-11T03:04:57.878" />
<heap-resize id="2150" type="loa contract" space="tenure" amount="2587648" count="1" timems="0.000" reason="contract to meet minimum soa" timestamp="2025-12-11T03:04:57.879" />
<gc-end id="2151" type="global" contextid="2134" durationms="34.788" usertimems="133.221" systemtimems="33.328" stalltimems="251.900" timestamp="2025-12-11T03:04:57.879" activeThreads="20">
  <mem-info id="2152" free="87697560" total="223281152" percent="39">
    <mem type="nursery" free="60138608" total="131465216" percent="45">
      <mem type="allocate" free="60138608" total="100401152" percent="59" />
      <mem type="survivor" free="0" total="31064064" percent="0" />
    </mem>
    <mem type="tenure" free="27558952" total="91815936" percent="30" micro-fragmented="1761446" macro-fragmented="0">
      <mem type="soa" free="26473512" total="90730496" percent="29" />
      <mem type="loa" free="1085440" total="1085440" percent="100" />
    </mem>
    <pending-finalizers system="8" default="788" reference="334" classloader="0" />
    <remembered-set count="13279" />
  </mem-info>
</gc-end>
<cycle-end id="2153" type="global" contextid="2134" timestamp="2025-12-11T03:04:57.879" />
<exclusive-end id="2154" timestamp="2025-12-11T03:04:57.880" durationms="37.112" />

<exclusive-start id="2155" timestamp="2025-12-11T03:04:58.031" intervalms="188.401">
  <response-info timems="0.062" idlems="0.062" threads="0" lastid="0000000000858900" lastname="Default Executor-thread-4" />
</exclusive-start>
<af-start id="2156" threadId="0000000000859378" totalBytesRequested="99080" timestamp="2025-12-11T03:04:58.032" intervalms="560.129" type="nursery" />
<cycle-start id="2157" type="scavenge" contextid="0" timestamp="2025-12-11T03:04:58.032" intervalms="560.000" />
<gc-start id="2158" type="scavenge" contextid="2157" timestamp="2025-12-11T03:04:58.033">
  <mem-info id="2159" free="28021744" total="223281152" percent="12">
    <mem type="nursery" free="462936" total="131465216" percent="0">
      <mem type="allocate" free="462936" total="100401152" percent="0" />
      <mem type="survivor" free="0" total="31064064" percent="0" />
    </mem>
    <mem type="tenure" free="27558808" total="91815936" percent="30">
      <mem type="soa" free="26473368" total="90730496" percent="29" />
      <mem type="loa" free="1085440" total="1085440" percent="100" />
    </mem>
    <remembered-set count="13394" />
  </mem-info>
</gc-start>
<allocation-stats totalBytes="58433656" discardedBytes="1019504" >
  <allocated-bytes non-tlh="19361800" tlh="39071856" />
  <largest-consumer threadName="Default Executor-thread-4" threadId="0000000000858900" bytes="58413256" />
</allocation-stats>
<gc-op id="2160" type="scavenge" timems="11.132" contextid="2157" timestamp="2025-12-11T03:04:58.045">
  <scavenger-info tenureage="8" tenuremask="7f00" tiltratio="76" />
  <memory-copied type="nursery" objects="434821" bytes="30918648" bytesdiscarded="135712" />
  <memory-copied type="tenure" objects="4015" bytes="2447040" bytesdiscarded="29216" />
  <copy-failed type="nursery" objects="4015" bytes="2447480" />
  <finalization candidates="2011" enqueued="2010" />
  <ownableSynchronizers candidates="17785" cleared="17529" />
  <references type="soft" candidates="1931" cleared="0" enqueued="0" dynamicThreshold="9" maxThreshold="32" />
  <references type="weak" candidates="494" cleared="23" enqueued="23" />
  <references type="phantom" candidates="172" cleared="0" enqueued="0" />
  <object-monitors candidates="126" cleared="0"  />
</gc-op>
<gc-end id="2161" type="scavenge" contextid="2157" durationms="12.894" usertimems="92.680" systemtimems="12.585" stalltimems="48.633" timestamp="2025-12-11T03:04:58.046" activeThreads="14">
  <mem-info id="2162" free="67692424" total="223281152" percent="30">
    <mem type="nursery" free="42795008" total="131465216" percent="32">
      <mem type="allocate" free="42795008" total="73859072" percent="57" />
      <mem type="survivor" free="0" total="57606144" percent="0" />
    </mem>
    <mem type="tenure" free="24897416" total="91815936" percent="27">
      <mem type="soa" free="23811976" total="90730496" percent="26" />
      <mem type="loa" free="1085440" total="1085440" percent="100" />
    </mem>
    <pending-finalizers system="0" default="2010" reference="23" classloader="0" />
    <remembered-set count="13211" />
  </mem-info>
</gc-end>
<cycle-end id="2163" type="scavenge" contextid="2157" timestamp="2025-12-11T03:04:58.046" />
<allocation-satisfied id="2164" threadId="0000000000858900" bytesRequested="99080" />
<af-end id="2165" timestamp="2025-12-11T03:04:58.047" threadId="0000000000859378" success="true" from="nursery"/>
<exclusive-end id="2166" timestamp="2025-12-11T03:04:58.048" durationms="16.392" />

<exclusive-start id="2167" timestamp="2025-12-11T03:04:58.128" intervalms="96.645">
  <response-info timems="0.049" idlems="0.049" threads="0" lastid="0000000000858900" lastname="Default Executor-thread-4" />
</exclusive-start>
<af-start id="2168" threadId="0000000000859378" totalBytesRequested="20752" timestamp="2025-12-11T03:04:58.128" intervalms="96.532" type="nursery" />
<cycle-start id="2169" type="scavenge" contextid="0" timestamp="2025-12-11T03:04:58.129" intervalms="96.529" />
<gc-start id="2170" type="scavenge" contextid="2169" timestamp="2025-12-11T03:04:58.129">
  <mem-info id="2171" free="24897416" total="223281152" percent="11">
    <mem type="nursery" free="0" total="131465216" percent="0">
      <mem type="allocate" free="0" total="73859072" percent="0" />
      <mem type="survivor" free="0" total="57606144" percent="0" />
    </mem>
    <mem type="tenure" free="24897416" total="91815936" percent="27">
      <mem type="soa" free="23811976" total="90730496" percent="26" />
      <mem type="loa" free="1085440" total="1085440" percent="100" />
    </mem>
    <remembered-set count="13298" />
  </mem-info>
</gc-start>
<allocation-stats totalBytes="42762808" discardedBytes="32200" >
  <allocated-bytes non-tlh="99080" tlh="42663728" />
  <largest-consumer threadName="Default Executor-thread-4" threadId="0000000000858900" bytes="42504760" />
</allocation-stats>
<gc-op id="2172" type="scavenge" timems="9.438" contextid="2169" timestamp="2025-12-11T03:04:58.140">
  <scavenger-info tenureage="7" tenuremask="7f80" tiltratio="56" />
  <memory-copied type="nursery" objects="415219" bytes="31407824" bytesdiscarded="435872" />
  <memory-copied type="tenure" objects="24548" bytes="1139192" bytesdiscarded="5768" />
  <finalization candidates="1251" enqueued="1251" />
  <ownableSynchronizers candidates="276" cleared="20" />
  <references type="soft" candidates="1817" cleared="0" enqueued="0" dynamicThreshold="9" maxThreshold="32" />
  <references type="weak" candidates="463" cleared="9" enqueued="9" />
  <references type="phantom" candidates="137" cleared="0" enqueued="0" />
  <object-monitors candidates="126" cleared="0"  />
</gc-op>
<heap-resize id="2173" type="expand" space="nursery" amount="6815744" count="1" timems="0.049" reason="excessive time being spent scavenging" timestamp="2025-12-11T03:04:58.140" />
<gc-end id="2174" type="scavenge" contextid="2169" durationms="11.341" usertimems="82.313" systemtimems="7.310" stalltimems="46.795" timestamp="2025-12-11T03:04:58.141" activeThreads="15">
  <mem-info id="2175" free="72461288" total="230096896" percent="31">
    <mem type="nursery" free="49218856" total="138280960" percent="35">
      <mem type="allocate" free="49218856" total="81068032" percent="60" />
      <mem type="survivor" free="0" total="57212928" percent="0" />
    </mem>
    <mem type="tenure" free="23242432" total="91815936" percent="25">
      <mem type="soa" free="22156992" total="90730496" percent="24" />
      <mem type="loa" free="1085440" total="1085440" percent="100" />
    </mem>
    <pending-finalizers system="0" default="1251" reference="9" classloader="0" />
    <remembered-set count="13939" />
  </mem-info>
</gc-end>
<cycle-end id="2176" type="scavenge" contextid="2169" timestamp="2025-12-11T03:04:58.141" />
<allocation-satisfied id="2177" threadId="0000000000858900" bytesRequested="20752" />
<af-end id="2178" timestamp="2025-12-11T03:04:58.142" threadId="0000000000859378" success="true" from="nursery"/>
<exclusive-end id="2179" timestamp="2025-12-11T03:04:58.143" durationms="15.097" />

<exclusive-start id="2180" timestamp="2025-12-11T03:04:58.256" intervalms="128.668">
  <response-info timems="0.051" idlems="0.051" threads="0" lastid="0000000000858900" lastname="Default Executor-thread-4" />
</exclusive-start>
<af-start id="2181" threadId="0000000000859378" totalBytesRequested="24" timestamp="2025-12-11T03:04:58.257" intervalms="128.649" type="nursery" />
<cycle-start id="2182" type="scavenge" contextid="0" timestamp="2025-12-11T03:04:58.257" intervalms="128.618" />
<gc-start id="2183" type="scavenge" contextid="2182" timestamp="2025-12-11T03:04:58.258">
  <mem-info id="2184" free="23240784" total="230096896" percent="10">
    <mem type="nursery" free="0" total="138280960" percent="0">
      <mem type="allocate" free="0" total="81068032" percent="0" />
      <mem type="survivor" free="0" total="57212928" percent="0" />
    </mem>
    <mem type="tenure" free="23240784" total="91815936" percent="25">
      <mem type="soa" free="22155344" total="90730496" percent="24" />
      <mem type="loa" free="1085440" total="1085440" percent="100" />
    </mem>
    <remembered-set count="14040" />
  </mem-info>
</gc-start>
<allocation-stats totalBytes="49213640" discardedBytes="6864" >
  <allocated-bytes non-tlh="22400" tlh="49191240" />
  <largest-consumer threadName="Default Executor-thread-4" threadId="0000000000858900" bytes="49054048" />
</allocation-stats>
<gc-op id="2185" type="scavenge" timems="15.230" contextid="2182" timestamp="2025-12-11T03:04:58.274">
  <scavenger-info tenureage="3" tenuremask="7fc8" tiltratio="58" />
  <memory-copied type="nursery" objects="295772" bytes="21318256" bytesdiscarded="660808" />
  <memory-copied type="tenure" objects="136228" bytes="11774392" bytesdiscarded="17280" />
  <finalization candidates="1941" enqueued="1941" />
  <ownableSynchronizers candidates="263" cleared="5" />
  <references type="soft" candidates="318" cleared="0" enqueued="0" dynamicThreshold="9" maxThreshold="32" />
  <references type="weak" candidates="211" cleared="31" enqueued="31" />
  <references type="phantom" candidates="66" cleared="0" enqueued="0" />
  <object-monitors candidates="126" cleared="0"  />
</gc-op>
<heap-resize id="2186" type="expand" space="nursery" amount="7471104" count="1" timems="0.049" reason="excessive time being spent scavenging" timestamp="2025-12-11T03:04:58.274" />
<gc-end id="2187" type="scavenge" contextid="2182" durationms="16.728" usertimems="108.319" systemtimems="18.854" stalltimems="61.658" timestamp="2025-12-11T03:04:58.274" activeThreads="15">
  <mem-info id="2188" free="80764808" total="237568000" percent="33">
    <mem type="nursery" free="69633560" total="145752064" percent="47">
      <mem type="allocate" free="69633560" total="91619328" percent="76" />
      <mem type="survivor" free="0" total="54132736" percent="0" />
    </mem>
    <mem type="tenure" free="11131248" total="91815936" percent="12">
      <mem type="soa" free="10045808" total="90730496" percent="11" />
      <mem type="loa" free="1085440" total="1085440" percent="100" />
    </mem>
    <pending-finalizers system="0" default="1941" reference="31" classloader="0" />
    <remembered-set count="8632" />
  </mem-info>
</gc-end>
<cycle-end id="2189" type="scavenge" contextid="2182" timestamp="2025-12-11T03:04:58.275" />
<allocation-satisfied id="2190" threadId="0000000000858900" bytesRequested="24" />
<af-end id="2191" timestamp="2025-12-11T03:04:58.276" threadId="0000000000859378" success="true" from="nursery"/>
<exclusive-end id="2192" timestamp="2025-12-11T03:04:58.276" durationms="19.603" />

<concurrent-kickoff id="2193" timestamp="2025-12-11T03:04:58.412">
  <kickoff reason="threshold reached" targetBytes="47784200" thresholdFreeBytes="6554902"  remainingFree="6194712" tenureFreeBytes="11131248" nurseryFreeBytes="6194712" />
</concurrent-kickoff>
<exclusive-start id="2194" timestamp="2025-12-11T03:04:58.413" intervalms="156.597">
  <response-info timems="0.066" idlems="0.066" threads="0" lastid="0000000000858900" lastname="Default Executor-thread-4" />
</exclusive-start>
<cycle-start id="2195" type="global" contextid="0" timestamp="2025-12-11T03:04:58.414" intervalms="625.885" />
<concurrent-start id="2196" type="global mark" contextid="2195" timestamp="2025-12-11T03:04:58.414">
</concurrent-start>
<exclusive-end id="2197" timestamp="2025-12-11T03:04:58.415" durationms="1.669" />

<exclusive-start id="2198" timestamp="2025-12-11T03:04:58.469" intervalms="56.420">
  <response-info timems="0.042" idlems="0.042" threads="0" lastid="0000000000858900" lastname="Default Executor-thread-4" />
</exclusive-start>
<af-start id="2199" threadId="0000000000859378" totalBytesRequested="64488" timestamp="2025-12-11T03:04:58.470" intervalms="213.009" type="nursery" />
<cycle-start id="2200" type="scavenge" contextid="0" timestamp="2025-12-11T03:04:58.470" intervalms="212.966" />
<gc-start id="2201" type="scavenge" contextid="2200" timestamp="2025-12-11T03:04:58.471">
  <mem-info id="2202" free="11131248" total="237568000" percent="4">
    <mem type="nursery" free="0" total="145752064" percent="0">
      <mem type="allocate" free="0" total="91619328" percent="0" />
      <mem type="survivor" free="0" total="54132736" percent="0" />
    </mem>
    <mem type="tenure" free="11131248" total="91815936" percent="12">
      <mem type="soa" free="10045808" total="90730496" percent="11" />
      <mem type="loa" free="1085440" total="1085440" percent="100" />
    </mem>
    <remembered-set count="8807" />
  </mem-info>
</gc-start>
<allocation-stats totalBytes="69578984" discardedBytes="54576" >
  <allocated-bytes non-tlh="24" tlh="69578960" />
  <largest-consumer threadName="Default Executor-thread-4" threadId="0000000000858900" bytes="69427752" />
</allocation-stats>
<gc-op id="2203" type="scavenge" timems="13.282" contextid="2200" timestamp="2025-12-11T03:04:58.485">
  <scavenger-info tenureage="6" tenuremask="7fc0" tiltratio="62" />
  <memory-copied type="nursery" objects="287966" bytes="23758576" bytesdiscarded="519056" />
  <memory-copied type="tenure" objects="35650" bytes="1883872" bytesdiscarded="1536" />
  <finalization candidates="2869" enqueued="2868" />
  <ownableSynchronizers candidates="50" cleared="1" />
  <references type="soft" candidates="132" cleared="0" enqueued="0" dynamicThreshold="9" maxThreshold="32" />
  <references type="weak" candidates="203" cleared="18" enqueued="18" />
  <references type="phantom" candidates="93" cleared="0" enqueued="0" />
  <object-monitors candidates="126" cleared="0"  />
</gc-op>
<gc-end id="2204" type="scavenge" contextid="2200" durationms="15.248" usertimems="76.868" systemtimems="21.499" stalltimems="98.449" timestamp="2025-12-11T03:04:58.486" activeThreads="18">
  <mem-info id="2205" free="82962464" total="237568000" percent="34">
    <mem type="nursery" free="73958072" total="145752064" percent="50">
      <mem type="allocate" free="73958072" total="98238464" percent="75" />
      <mem type="survivor" free="0" total="47513600" percent="0" />
    </mem>
    <mem type="tenure" free="9004392" total="91815936" percent="9">
      <mem type="soa" free="7918952" total="90730496" percent="8" />
      <mem type="loa" free="1085440" total="1085440" percent="100" />
    </mem>
    <pending-finalizers system="0" default="2868" reference="18" classloader="0" />
    <remembered-set count="4527" />
  </mem-info>
</gc-end>
<cycle-end id="2206" type="scavenge" contextid="2200" timestamp="2025-12-11T03:04:58.487" />
<allocation-satisfied id="2207" threadId="0000000000858900" bytesRequested="64488" />
<af-end id="2208" timestamp="2025-12-11T03:04:58.488" threadId="0000000000859378" success="true" from="nursery"/>
<exclusive-end id="2209" timestamp="2025-12-11T03:04:58.488" durationms="18.474" />

<concurrent-end id="2210" type="global mark" contextid="2195" timestamp="2025-12-11T03:04:58.488">
<gc-op id="2211" type="trace" timems="74.305" contextid="2195" timestamp="2025-12-11T03:04:58.488">
  <trace bytesTraced="42363140" workStackOverflowCount="0" />
  <card-cleaning reason="card cleaning threshold reached" bytesTraced="1184" cardsCleaned="5" />
</gc-op>
</concurrent-end>

<exclusive-start id="2212" timestamp="2025-12-11T03:04:58.489" intervalms="19.866">
  <response-info timems="0.032" idlems="0.032" threads="0" lastid="00000000011E6F00" lastname="zip file reaper" />
</exclusive-start>
<concurrent-global-final id="2213" timestamp="2025-12-11T03:04:58.490" contextid="2195" intervalms="646.392" >
  <concurrent-trace-info reason="card cleaning threshold reached" tracedByMutators="16029044" tracedByHelpers="26335280" cardsCleaned="5" workStackOverflowCount="0" />
</concurrent-global-final>
<gc-start id="2214" type="global" contextid="2195" timestamp="2025-12-11T03:04:58.491">
  <mem-info id="2215" free="82365496" total="237568000" percent="34">
    <mem type="nursery" free="73361104" total="145752064" percent="50">
      <mem type="allocate" free="73361104" total="98238464" percent="74" />
      <mem type="survivor" free="0" total="47513600" percent="0" />
    </mem>
    <mem type="tenure" free="9004392" total="91815936" percent="9">
      <mem type="soa" free="7918952" total="90730496" percent="8" />
      <mem type="loa" free="1085440" total="1085440" percent="100" />
    </mem>
    <remembered-set count="4530" />
  </mem-info>
</gc-start>
<allocation-stats totalBytes="596968" discardedBytes="0" >
  <allocated-bytes non-tlh="64488" tlh="532480" />
  <largest-consumer threadName="Default Executor-thread-4" threadId="0000000000858900" bytes="588776" />
</allocation-stats>
<heap-resize id="2216" type="loa contract" space="tenure" amount="166912" count="1" timems="0.000" reason="contract underutilized loa" timestamp="2025-12-11T03:04:58.492" />
<gc-op id="2217" type="rs-scan" timems="6.299" contextid="2195" timestamp="2025-12-11T03:04:58.498">
  <scan objectsFound="251851" bytesTraced="15142672" workStackOverflowCount="0" />
</gc-op>
<gc-op id="2218" type="card-cleaning" timems="3.430" contextid="2195" timestamp="2025-12-11T03:04:58.502">
  <card-cleaning cardsCleaned="454" bytesTraced="6524060" workStackOverflowCount="0" />
</gc-op>
<gc-op id="2219" type="mark" timems="8.339" contextid="2195" timestamp="2025-12-11T03:04:58.511">
  <trace-info objectcount="14388" scancount="12159" scanbytes="735696" />
  <finalization candidates="909" enqueued="10" />
  <ownableSynchronizers candidates="8890" cleared="1" />
  <references type="soft" candidates="14432" cleared="0" enqueued="0" dynamicThreshold="9" maxThreshold="32" />
  <references type="weak" candidates="15606" cleared="0" enqueued="0" />
  <references type="phantom" candidates="433" cleared="0" enqueued="0" />
  <stringconstants candidates="41061" cleared="3"  />
  <object-monitors candidates="126" cleared="0"  />
</gc-op>
<gc-op id="2220" type="sweep" timems="2.536" contextid="2195" timestamp="2025-12-11T03:04:58.514" />
<heap-resize id="2221" type="expand" space="tenure" amount="20578304" count="1" timems="1.298" reason="insufficient free space following gc" timestamp="2025-12-11T03:04:58.516" />
<gc-end id="2222" type="global" contextid="2195" durationms="26.627" usertimems="112.672" systemtimems="20.049" stalltimems="142.086" timestamp="2025-12-11T03:04:58.517" activeThreads="20">
  <mem-info id="2223" free="118059000" total="258146304" percent="45">
    <mem type="nursery" free="84329824" total="145752064" percent="57">
      <mem type="allocate" free="84329824" total="98238464" percent="85" />
      <mem type="survivor" free="0" total="47513600" percent="0" />
    </mem>
    <mem type="tenure" free="33729176" total="112394240" percent="30" micro-fragmented="1813423" macro-fragmented="0">
      <mem type="soa" free="32604824" total="111269888" percent="29" />
      <mem type="loa" free="1124352" total="1124352" percent="100" />
    </mem>
    <pending-finalizers system="0" default="10" reference="0" classloader="0" />
    <remembered-set count="4129" />
  </mem-info>
</gc-end>
<cycle-end id="2224" type="global" contextid="2195" timestamp="2025-12-11T03:04:58.518" />
<exclusive-end id="2225" timestamp="2025-12-11T03:04:58.519" durationms="29.278" />

<exclusive-start id="2226" timestamp="2025-12-11T03:04:58.696" intervalms="206.952">
  <response-info timems="0.048" idlems="0.048" threads="0" lastid="0000000000858900" lastname="Default Executor-thread-4" />
</exclusive-start>
<af-start id="2227" threadId="0000000000859378" totalBytesRequested="264" timestamp="2025-12-11T03:04:58.697" intervalms="226.970" type="nursery" />
<cycle-start id="2228" type="scavenge" contextid="0" timestamp="2025-12-11T03:04:58.697" intervalms="227.187" />
<gc-start id="2229" type="scavenge" contextid="2228" timestamp="2025-12-11T03:04:58.698">
  <mem-info id="2230" free="33729176" total="258146304" percent="13">
    <mem type="nursery" free="0" total="145752064" percent="0">
      <mem type="allocate" free="0" total="98238464" percent="0" />
      <mem type="survivor" free="0" total="47513600" percent="0" />
    </mem>
    <mem type="tenure" free="33729176" total="112394240" percent="30">
      <mem type="soa" free="32604824" total="111269888" percent="29" />
      <mem type="loa" free="1124352" total="1124352" percent="100" />
    </mem>
    <remembered-set count="4275" />
  </mem-info>
</gc-start>
<allocation-stats totalBytes="84306880" discardedBytes="22680" >
  <allocated-bytes non-tlh="279920" tlh="84026960" />
  <largest-consumer threadName="Default Executor-thread-4" threadId="0000000000858900" bytes="84143696" />
</allocation-stats>
<gc-op id="2231" type="scavenge" timems="12.920" contextid="2228" timestamp="2025-12-11T03:04:58.712">
  <scavenger-info tenureage="4" tenuremask="7fd0" tiltratio="67" />
  <memory-copied type="nursery" objects="108503" bytes="17925192" bytesdiscarded="594984" />
  <memory-copied type="tenure" objects="219631" bytes="9799680" bytesdiscarded="21760" />
  <finalization candidates="3707" enqueued="3707" />
  <ownableSynchronizers candidates="17812" cleared="17763" />
  <references type="weak" candidates="53" cleared="10" enqueued="10" />
  <references type="phantom" candidates="29" cleared="0" enqueued="0" />
  <object-monitors candidates="126" cleared="0"  />
</gc-op>
<heap-resize id="2232" type="expand" space="nursery" amount="5767168" count="1" timems="0.045" reason="excessive time being spent scavenging" timestamp="2025-12-11T03:04:58.713" />
<gc-end id="2233" type="scavenge" contextid="2228" durationms="15.102" usertimems="89.600" systemtimems="14.750" stalltimems="87.434" timestamp="2025-12-11T03:04:58.713" activeThreads="18">
  <mem-info id="2234" free="110821520" total="263913472" percent="41">
    <mem type="nursery" free="87318520" total="151519232" percent="57">
      <mem type="allocate" free="87318520" total="105840640" percent="82" />
      <mem type="survivor" free="0" total="45678592" percent="0" />
    </mem>
    <mem type="tenure" free="23503000" total="112394240" percent="20">
      <mem type="soa" free="22378648" total="111269888" percent="20" />
      <mem type="loa" free="1124352" total="1124352" percent="100" />
    </mem>
    <pending-finalizers system="0" default="3707" reference="10" classloader="0" />
    <remembered-set count="1307" />
  </mem-info>
</gc-end>
<cycle-end id="2235" type="scavenge" contextid="2228" timestamp="2025-12-11T03:04:58.714" />
<allocation-satisfied id="2236" threadId="0000000000858900" bytesRequested="264" />
<af-end id="2237" timestamp="2025-12-11T03:04:58.715" threadId="0000000000859378" success="true" from="nursery"/>
<exclusive-end id="2238" timestamp="2025-12-11T03:04:58.715" durationms="18.796" />

<exclusive-start id="2239" timestamp="2025-12-11T03:04:59.102" intervalms="405.332">
  <response-info timems="0.064" idlems="0.064" threads="0" lastid="0000000000858900" lastname="Default Executor-thread-4" />
</exclusive-start>
<af-start id="2240" threadId="0000000000859378" totalBytesRequested="10976" timestamp="2025-12-11T03:04:59.103" intervalms="405.792" type="nursery" />
<cycle-start id="2241" type="scavenge" contextid="0" timestamp="2025-12-11T03:04:59.104" intervalms="407.020" />
<gc-start id="2242" type="scavenge" contextid="2241" timestamp="2025-12-11T03:04:59.106">
  <mem-info id="2243" free="23502856" total="263913472" percent="8">
    <mem type="nursery" free="0" total="151519232" percent="0">
      <mem type="allocate" free="0" total="105840640" percent="0" />
      <mem type="survivor" free="0" total="45678592" percent="0" />
    </mem>
    <mem type="tenure" free="23502856" total="112394240" percent="20">
      <mem type="soa" free="22378504" total="111269888" percent="20" />
      <mem type="loa" free="1124352" total="1124352" percent="100" />
    </mem>
    <remembered-set count="2509" />
  </mem-info>
</gc-start>
<allocation-stats totalBytes="87306800" discardedBytes="11864" >
  <allocated-bytes non-tlh="408" tlh="87306392" />
  <largest-consumer threadName="Default Executor-thread-4" threadId="0000000000858900" bytes="86955472" />
</allocation-stats>
<gc-op id="2244" type="scavenge" timems="17.508" contextid="2241" timestamp="2025-12-11T03:04:59.125">
  <scavenger-info tenureage="6" tenuremask="7fc0" tiltratio="69" />
  <memory-copied type="nursery" objects="93155" bytes="9572184" bytesdiscarded="509128" />
  <finalization candidates="1271" enqueued="1271" />
  <ownableSynchronizers candidates="81" cleared="43" />
  <references type="weak" candidates="134" cleared="78" enqueued="78" />
  <references type="phantom" candidates="87" cleared="0" enqueued="0" />
  <object-monitors candidates="126" cleared="0"  />
</gc-op>
<gc-end id="2245" type="scavenge" contextid="2241" durationms="20.302" usertimems="52.649" systemtimems="29.239" stalltimems="213.175" timestamp="2025-12-11T03:04:59.126" activeThreads="18">
  <mem-info id="2246" free="125351088" total="263913472" percent="47">
    <mem type="nursery" free="101848232" total="151519232" percent="67">
      <mem type="allocate" free="101848232" total="111935488" percent="90" />
      <mem type="survivor" free="0" total="39583744" percent="0" />
    </mem>
    <mem type="tenure" free="23502856" total="112394240" percent="20">
      <mem type="soa" free="22378504" total="111269888" percent="20" />
      <mem type="loa" free="1124352" total="1124352" percent="100" />
    </mem>
    <pending-finalizers system="0" default="1271" reference="78" classloader="0" />
    <remembered-set count="2011" />
  </mem-info>
</gc-end>
<cycle-end id="2247" type="scavenge" contextid="2241" timestamp="2025-12-11T03:04:59.127" />
<allocation-satisfied id="2248" threadId="0000000000858900" bytesRequested="10976" />
<af-end id="2249" timestamp="2025-12-11T03:04:59.130" threadId="0000000000859378" success="true" from="nursery"/>
<exclusive-end id="2250" timestamp="2025-12-11T03:04:59.131" durationms="29.223" />

<exclusive-start id="2251" timestamp="2025-12-11T03:04:59.548" intervalms="446.717">
  <response-info timems="0.060" idlems="0.060" threads="0" lastid="0000000000858900" lastname="Default Executor-thread-4" />
</exclusive-start>
<af-start id="2252" threadId="0000000000859378" totalBytesRequested="264" timestamp="2025-12-11T03:04:59.562" intervalms="459.316" type="nursery" />
<cycle-start id="2253" type="scavenge" contextid="0" timestamp="2025-12-11T03:04:59.589" intervalms="484.537" />
<gc-start id="2254" type="scavenge" contextid="2253" timestamp="2025-12-11T03:04:59.594">
  <mem-info id="2255" free="23500808" total="263913472" percent="8">
    <mem type="nursery" free="0" total="151519232" percent="0">
      <mem type="allocate" free="0" total="111935488" percent="0" />
      <mem type="survivor" free="0" total="39583744" percent="0" />
    </mem>
    <mem type="tenure" free="23500808" total="112394240" percent="20">
      <mem type="soa" free="22376456" total="111269888" percent="20" />
      <mem type="loa" free="1124352" total="1124352" percent="100" />
    </mem>
    <remembered-set count="2291" />
  </mem-info>
</gc-start>
<allocation-stats totalBytes="101833192" discardedBytes="17088" >
  <allocated-bytes non-tlh="13024" tlh="101820168" />
  <largest-consumer threadName="Default Executor-thread-4" threadId="0000000000858900" bytes="101547200" />
</allocation-stats>
<gc-op id="2256" type="scavenge" timems="12.692" contextid="2253" timestamp="2025-12-11T03:04:59.647">
  <scavenger-info tenureage="7" tenuremask="7f80" tiltratio="73" />
  <memory-copied type="nursery" objects="102849" bytes="9104672" bytesdiscarded="251744" />
  <finalization candidates="288" enqueued="288" />
  <ownableSynchronizers candidates="94" cleared="56" />
  <references type="weak" candidates="104" cleared="48" enqueued="48" />
  <references type="phantom" candidates="376" cleared="284" enqueued="284" />
  <object-monitors candidates="126" cleared="0"  />
</gc-op>
<heap-resize id="2257" type="expand" space="nursery" amount="10878976" count="1" timems="0.090" reason="excessive time being spent scavenging" timestamp="2025-12-11T03:04:59.673" />
<gc-end id="2258" type="scavenge" contextid="2253" durationms="108.385" usertimems="28.535" systemtimems="24.254" stalltimems="109.274" timestamp="2025-12-11T03:04:59.702" activeThreads="14">
  <mem-info id="2259" free="140025056" total="274792448" percent="50">
    <mem type="nursery" free="116524248" total="162398208" percent="71">
      <mem type="allocate" free="116524248" total="125894656" percent="92" />
      <mem type="survivor" free="0" total="36503552" percent="0" />
    </mem>
    <mem type="tenure" free="23500808" total="112394240" percent="20">
      <mem type="soa" free="22376456" total="111269888" percent="20" />
      <mem type="loa" free="1124352" total="1124352" percent="100" />
    </mem>
    <pending-finalizers system="0" default="288" reference="332" classloader="0" />
    <remembered-set count="2174" />
  </mem-info>
</gc-end>
<cycle-end id="2260" type="scavenge" contextid="2253" timestamp="2025-12-11T03:04:59.743" />
<allocation-satisfied id="2261" threadId="0000000000858900" bytesRequested="264" />
<af-end id="2262" timestamp="2025-12-11T03:04:59.786" threadId="0000000000859378" success="true" from="nursery"/>
<exclusive-end id="2263" timestamp="2025-12-11T03:04:59.789" durationms="240.439" />

<exclusive-start id="2264" timestamp="2025-12-11T03:05:00.715" intervalms="1167.136">
  <response-info timems="0.097" idlems="0.097" threads="0" lastid="0000000000859500" lastname="Default Executor-thread-5" />
</exclusive-start>
<af-start id="2265" threadId="0000000000859F78" totalBytesRequested="24" timestamp="2025-12-11T03:05:00.761" intervalms="1198.877" type="nursery" />
<cycle-start id="2266" type="scavenge" contextid="0" timestamp="2025-12-11T03:05:00.772" intervalms="1182.550" />
<gc-start id="2267" type="scavenge" contextid="2266" timestamp="2025-12-11T03:05:00.788">
  <mem-info id="2268" free="23473128" total="274792448" percent="8">
    <mem type="nursery" free="0" total="162398208" percent="0">
      <mem type="allocate" free="0" total="125894656" percent="0" />
      <mem type="survivor" free="0" total="36503552" percent="0" />
    </mem>
    <mem type="tenure" free="23473128" total="112394240" percent="20">
      <mem type="soa" free="22348776" total="111269888" percent="20" />
      <mem type="loa" free="1124352" total="1124352" percent="100" />
    </mem>
    <remembered-set count="3358" />
  </mem-info>
</gc-start>
<allocation-stats totalBytes="116539872" discardedBytes="12056" >
  <allocated-bytes non-tlh="27944" tlh="116511928" />
  <largest-consumer threadName="Default Executor-thread-4" threadId="0000000000858900" bytes="82237640" />
</allocation-stats>
<gc-op id="2269" type="scavenge" timems="26.581" contextid="2266" timestamp="2025-12-11T03:05:00.826">
  <scavenger-info tenureage="8" tenuremask="7f00" tiltratio="77" />
  <memory-copied type="nursery" objects="230359" bytes="13242336" bytesdiscarded="129064" />
  <finalization candidates="292" enqueued="292" />
  <ownableSynchronizers candidates="12089" cleared="11941" />
  <references type="soft" candidates="160" cleared="0" enqueued="0" dynamicThreshold="9" maxThreshold="32" />
  <references type="weak" candidates="630" cleared="432" enqueued="432" />
  <references type="phantom" candidates="387" cleared="284" enqueued="284" />
  <object-monitors candidates="128" cleared="0"  />
</gc-op>
<gc-end id="2270" type="scavenge" contextid="2266" durationms="40.670" usertimems="77.766" systemtimems="14.035" stalltimems="56.756" timestamp="2025-12-11T03:05:00.829" activeThreads="9">
  <mem-info id="2271" free="140885232" total="274792448" percent="51">
    <mem type="nursery" free="117412104" total="162398208" percent="72">
      <mem type="allocate" free="117412104" total="130809856" percent="89" />
      <mem type="survivor" free="0" total="31588352" percent="0" />
    </mem>
    <mem type="tenure" free="23473128" total="112394240" percent="20">
      <mem type="soa" free="22348776" total="111269888" percent="20" />
      <mem type="loa" free="1124352" total="1124352" percent="100" />
    </mem>
    <pending-finalizers system="0" default="292" reference="716" classloader="0" />
    <remembered-set count="3084" />
  </mem-info>
</gc-end>
<cycle-end id="2272" type="scavenge" contextid="2266" timestamp="2025-12-11T03:05:00.831" />
<allocation-satisfied id="2273" threadId="0000000000859500" bytesRequested="24" />
<af-end id="2274" timestamp="2025-12-11T03:05:00.834" threadId="0000000000859F78" success="true" from="nursery"/>
<exclusive-end id="2275" timestamp="2025-12-11T03:05:00.836" durationms="120.134" />

<exclusive-start id="2276" timestamp="2025-12-11T03:05:01.975" intervalms="1259.619">
  <response-info timems="0.063" idlems="0.063" threads="0" lastid="00000000018A6000" lastname="TestApiProjectHandler initializer" />
</exclusive-start>
<af-start id="2277" threadId="00000000018A6A78" totalBytesRequested="16" timestamp="2025-12-11T03:05:02.080" intervalms="1318.770" type="nursery" />
<cycle-start id="2278" type="scavenge" contextid="0" timestamp="2025-12-11T03:05:02.091" intervalms="1319.288" />
<gc-start id="2279" type="scavenge" contextid="2278" timestamp="2025-12-11T03:05:02.101">
  <mem-info id="2280" free="23243112" total="274792448" percent="8">
    <mem type="nursery" free="0" total="162398208" percent="0">
      <mem type="allocate" free="0" total="130809856" percent="0" />
      <mem type="survivor" free="0" total="31588352" percent="0" />
    </mem>
    <mem type="tenure" free="23243112" total="112394240" percent="20">
      <mem type="soa" free="22118760" total="111269888" percent="19" />
      <mem type="loa" free="1124352" total="1124352" percent="100" />
    </mem>
    <remembered-set count="10184" />
  </mem-info>
</gc-start>
<allocation-stats totalBytes="117551656" discardedBytes="90464" >
  <allocated-bytes non-tlh="727456" tlh="116824200" />
  <largest-consumer threadName="Default Executor-thread-3" threadId="000000000085B900" bytes="74318408" />
</allocation-stats>
<gc-op id="2281" type="scavenge" timems="14.409" contextid="2278" timestamp="2025-12-11T03:05:02.120">
  <scavenger-info tenureage="8" tenuremask="7f00" tiltratio="80" />
  <memory-copied type="nursery" objects="201047" bytes="13596152" bytesdiscarded="97920" />
  <finalization candidates="547" enqueued="547" />
  <ownableSynchronizers candidates="10143" cleared="9899" />
  <references type="soft" candidates="484" cleared="0" enqueued="0" dynamicThreshold="9" maxThreshold="32" />
  <references type="weak" candidates="2096" cleared="1457" enqueued="1445" />
  <references type="phantom" candidates="602" cleared="441" enqueued="441" />
  <object-monitors candidates="162" cleared="6"  />
</gc-op>
<gc-end id="2282" type="scavenge" contextid="2278" durationms="21.300" usertimems="80.365" systemtimems="6.961" stalltimems="28.763" timestamp="2025-12-11T03:05:02.123" activeThreads="8">
  <mem-info id="2283" free="143212128" total="274792448" percent="52">
    <mem type="nursery" free="119969016" total="162398208" percent="73">
      <mem type="allocate" free="119969016" total="133693440" percent="89" />
      <mem type="survivor" free="0" total="28704768" percent="0" />
    </mem>
    <mem type="tenure" free="23243112" total="112394240" percent="20">
      <mem type="soa" free="22118760" total="111269888" percent="19" />
      <mem type="loa" free="1124352" total="1124352" percent="100" />
    </mem>
    <pending-finalizers system="74" default="473" reference="1886" classloader="0" />
    <remembered-set count="8229" />
  </mem-info>
</gc-end>
<cycle-end id="2284" type="scavenge" contextid="2278" timestamp="2025-12-11T03:05:02.124" />
<allocation-satisfied id="2285" threadId="00000000018A6000" bytesRequested="16" />
<af-end id="2286" timestamp="2025-12-11T03:05:02.126" threadId="00000000018A6A78" success="true" from="nursery"/>
<exclusive-end id="2287" timestamp="2025-12-11T03:05:02.127" durationms="151.749" />

<exclusive-start id="2288" timestamp="2025-12-11T03:05:04.260" intervalms="2284.629">
  <response-info timems="0.106" idlems="0.106" threads="0" lastid="000000000182F300" lastname="Default Executor-thread-34" />
</exclusive-start>
<af-start id="2289" threadId="000000000182FD78" totalBytesRequested="16" timestamp="2025-12-11T03:05:04.260" intervalms="2180.839" type="nursery" />
<cycle-start id="2290" type="scavenge" contextid="0" timestamp="2025-12-11T03:05:04.261" intervalms="2170.615" />
<gc-start id="2291" type="scavenge" contextid="2290" timestamp="2025-12-11T03:05:04.264">
  <mem-info id="2292" free="22612656" total="274792448" percent="8">
    <mem type="nursery" free="0" total="162398208" percent="0">
      <mem type="allocate" free="0" total="133693440" percent="0" />
      <mem type="survivor" free="0" total="28704768" percent="0" />
    </mem>
    <mem type="tenure" free="22612656" total="112394240" percent="20">
      <mem type="soa" free="21488304" total="111269888" percent="19" />
      <mem type="loa" free="1124352" total="1124352" percent="100" />
    </mem>
    <remembered-set count="46461" />
  </mem-info>
</gc-start>
<allocation-stats totalBytes="120376648" discardedBytes="222824" >
  <allocated-bytes non-tlh="9411520" tlh="110965128" />
  <largest-consumer threadName="Connection worker" threadId="00000000018A5300" bytes="56058936" />
</allocation-stats>
<gc-op id="2293" type="scavenge" timems="18.344" contextid="2290" timestamp="2025-12-11T03:05:04.283">
  <scavenger-info tenureage="6" tenuremask="7f40" tiltratio="82" />
  <memory-copied type="nursery" objects="282232" bytes="23193408" bytesdiscarded="395368" />
  <memory-copied type="tenure" objects="25250" bytes="2059944" bytesdiscarded="4096" />
  <finalization candidates="633" enqueued="627" />
  <ownableSynchronizers candidates="541" cleared="248" />
  <references type="soft" candidates="1219" cleared="0" enqueued="0" dynamicThreshold="9" maxThreshold="32" />
  <references type="weak" candidates="5642" cleared="4424" enqueued="4408" />
  <references type="phantom" candidates="1019" cleared="264" enqueued="264" />
  <object-monitors candidates="263" cleared="91"  />
</gc-op>
<gc-end id="2294" type="scavenge" contextid="2290" durationms="20.912" usertimems="102.882" systemtimems="11.439" stalltimems="31.714" timestamp="2025-12-11T03:05:04.284" activeThreads="8">
  <mem-info id="2295" free="121088800" total="274792448" percent="44">
    <mem type="nursery" free="100519976" total="162398208" percent="61">
      <mem type="allocate" free="100519976" total="124125184" percent="80" />
      <mem type="survivor" free="0" total="38273024" percent="0" />
    </mem>
    <mem type="tenure" free="20568824" total="112394240" percent="18">
      <mem type="soa" free="19444472" total="111269888" percent="17" />
      <mem type="loa" free="1124352" total="1124352" percent="100" />
    </mem>
    <pending-finalizers system="132" default="495" reference="4672" classloader="0" />
    <remembered-set count="34928" />
  </mem-info>
</gc-end>
<cycle-end id="2296" type="scavenge" contextid="2290" timestamp="2025-12-11T03:05:04.286" />
<allocation-satisfied id="2297" threadId="000000000182F300" bytesRequested="16" />
<af-end id="2298" timestamp="2025-12-11T03:05:04.288" threadId="000000000182FD78" success="true" from="nursery"/>
<exclusive-end id="2299" timestamp="2025-12-11T03:05:04.288" durationms="28.734" />

<exclusive-start id="2300" timestamp="2025-12-11T03:05:05.252" intervalms="992.766">
  <response-info timems="0.090" idlems="0.090" threads="0" lastid="000000000182F300" lastname="Default Executor-thread-34" />
</exclusive-start>
<af-start id="2301" threadId="000000000182FD78" totalBytesRequested="144" timestamp="2025-12-11T03:05:05.254" intervalms="993.452" type="nursery" />
<cycle-start id="2302" type="scavenge" contextid="0" timestamp="2025-12-11T03:05:05.255" intervalms="993.196" />
<gc-start id="2303" type="scavenge" contextid="2302" timestamp="2025-12-11T03:05:05.256">
  <mem-info id="2304" free="20197336" total="274792448" percent="7">
    <mem type="nursery" free="0" total="162398208" percent="0">
      <mem type="allocate" free="0" total="124125184" percent="0" />
      <mem type="survivor" free="0" total="38273024" percent="0" />
    </mem>
    <mem type="tenure" free="20197336" total="112394240" percent="17">
      <mem type="soa" free="19072984" total="111269888" percent="17" />
      <mem type="loa" free="1124352" total="1124352" percent="100" />
    </mem>
    <remembered-set count="39694" />
  </mem-info>
</gc-start>
<allocation-stats totalBytes="100822840" discardedBytes="68624" >
  <allocated-bytes non-tlh="3422944" tlh="97399896" />
  <largest-consumer threadName="Default Executor-thread-34" threadId="000000000182F300" bytes="65557592" />
</allocation-stats>
<gc-op id="2305" type="scavenge" timems="16.092" contextid="2302" timestamp="2025-12-11T03:05:05.274">
  <scavenger-info tenureage="8" tenuremask="7f00" tiltratio="76" />
  <memory-copied type="nursery" objects="323021" bytes="27307536" bytesdiscarded="113704" />
  <memory-copied type="tenure" objects="10262" bytes="909504" bytesdiscarded="1968" />
  <finalization candidates="58" enqueued="51" />
  <ownableSynchronizers candidates="428" cleared="109" />
  <references type="soft" candidates="1687" cleared="0" enqueued="0" dynamicThreshold="9" maxThreshold="32" />
  <references type="weak" candidates="3629" cleared="2244" enqueued="2187" />
  <references type="phantom" candidates="1265" cleared="51" enqueued="51" />
  <object-monitors candidates="172" cleared="0"  />
</gc-op>
<gc-end id="2306" type="scavenge" contextid="2302" durationms="20.995" usertimems="98.502" systemtimems="15.643" stalltimems="32.653" timestamp="2025-12-11T03:05:05.277" activeThreads="9">
  <mem-info id="2307" free="115125976" total="274792448" percent="41">
    <mem type="nursery" free="96096448" total="162398208" percent="59">
      <mem type="allocate" free="96096448" total="123535360" percent="77" />
      <mem type="survivor" free="0" total="38862848" percent="0" />
    </mem>
    <mem type="tenure" free="19029528" total="112394240" percent="16">
      <mem type="soa" free="17905176" total="111269888" percent="16" />
      <mem type="loa" free="1124352" total="1124352" percent="100" />
    </mem>
    <pending-finalizers system="51" default="0" reference="2238" classloader="0" />
    <remembered-set count="37263" />
  </mem-info>
</gc-end>
<cycle-end id="2308" type="scavenge" contextid="2302" timestamp="2025-12-11T03:05:05.278" />
<allocation-satisfied id="2309" threadId="000000000182F300" bytesRequested="144" />
<af-end id="2310" timestamp="2025-12-11T03:05:05.282" threadId="000000000182FD78" success="true" from="nursery"/>
<exclusive-end id="2311" timestamp="2025-12-11T03:05:05.285" durationms="32.186" />

<exclusive-start id="2312" timestamp="2025-12-11T03:05:12.162" intervalms="6909.954">
  <response-info timems="0.057" idlems="0.057" threads="0" lastid="00000000019B5D00" lastname="Default Executor-thread-25" />
</exclusive-start>
<af-start id="2313" threadId="00000000019B6778" totalBytesRequested="25152" timestamp="2025-12-11T03:05:12.163" intervalms="6909.067" type="nursery" />
<cycle-start id="2314" type="scavenge" contextid="0" timestamp="2025-12-11T03:05:12.164" intervalms="6908.891" />
<gc-start id="2315" type="scavenge" contextid="2314" timestamp="2025-12-11T03:05:12.164">
  <mem-info id="2316" free="18590312" total="274792448" percent="6">
    <mem type="nursery" free="0" total="162398208" percent="0">
      <mem type="allocate" free="0" total="123535360" percent="0" />
      <mem type="survivor" free="0" total="38862848" percent="0" />
    </mem>
    <mem type="tenure" free="18590312" total="112394240" percent="16">
      <mem type="soa" free="17465960" total="111269888" percent="15" />
      <mem type="loa" free="1124352" total="1124352" percent="100" />
    </mem>
    <remembered-set count="44486" />
  </mem-info>
</gc-start>
<allocation-stats totalBytes="95930912" discardedBytes="604752" >
  <allocated-bytes non-tlh="1715736" tlh="94215176" />
  <largest-consumer threadName="Default Executor-thread-25" threadId="00000000019B5D00" bytes="34074888" />
</allocation-stats>
<gc-op id="2317" type="scavenge" timems="10.589" contextid="2314" timestamp="2025-12-11T03:05:12.175">
  <scavenger-info tenureage="5" tenuremask="7f20" tiltratio="76" />
  <memory-copied type="nursery" objects="313163" bytes="25540832" bytesdiscarded="508768" />
  <memory-copied type="tenure" objects="11012" bytes="1657800" bytesdiscarded="3192" />
  <finalization candidates="231" enqueued="221" />
  <ownableSynchronizers candidates="944" cleared="563" />
  <references type="soft" candidates="2364" cleared="0" enqueued="0" dynamicThreshold="9" maxThreshold="32" />
  <references type="weak" candidates="4528" cleared="2529" enqueued="2521" />
  <references type="phantom" candidates="1548" cleared="218" enqueued="218" />
  <object-monitors candidates="223" cleared="41"  />
</gc-op>
<gc-end id="2318" type="scavenge" contextid="2314" durationms="12.222" usertimems="70.695" systemtimems="9.713" stalltimems="16.781" timestamp="2025-12-11T03:05:12.176" activeThreads="10">
  <mem-info id="2319" free="114882784" total="274792448" percent="41">
    <mem type="nursery" free="98448632" total="162398208" percent="60">
      <mem type="allocate" free="98448632" total="124518400" percent="79" />
      <mem type="survivor" free="0" total="37879808" percent="0" />
    </mem>
    <mem type="tenure" free="16434152" total="112394240" percent="14">
      <mem type="soa" free="15309800" total="111269888" percent="13" />
      <mem type="loa" free="1124352" total="1124352" percent="100" />
    </mem>
    <pending-finalizers system="190" default="31" reference="2739" classloader="0" />
    <remembered-set count="38103" />
  </mem-info>
</gc-end>
<cycle-end id="2320" type="scavenge" contextid="2314" timestamp="2025-12-11T03:05:12.177" />
<allocation-satisfied id="2321" threadId="00000000019B5D00" bytesRequested="25152" />
<af-end id="2322" timestamp="2025-12-11T03:05:12.178" threadId="00000000019B6778" success="true" from="nursery"/>
<exclusive-end id="2323" timestamp="2025-12-11T03:05:12.178" durationms="16.018" />

<exclusive-start id="2324" timestamp="2025-12-11T03:05:13.897" intervalms="1734.650">
  <response-info timems="0.071" idlems="0.071" threads="0" lastid="0000000001848C00" lastname="Default Executor-thread-15" />
</exclusive-start>
<af-start id="2325" threadId="0000000001849678" totalBytesRequested="48" timestamp="2025-12-11T03:05:13.899" intervalms="1735.540" type="nursery" />
<cycle-start id="2326" type="scavenge" contextid="0" timestamp="2025-12-11T03:05:13.900" intervalms="1736.297" />
<gc-start id="2327" type="scavenge" contextid="2326" timestamp="2025-12-11T03:05:13.904">
  <mem-info id="2328" free="16079080" total="274792448" percent="5">
    <mem type="nursery" free="0" total="162398208" percent="0">
      <mem type="allocate" free="0" total="124518400" percent="0" />
      <mem type="survivor" free="0" total="37879808" percent="0" />
    </mem>
    <mem type="tenure" free="16079080" total="112394240" percent="14">
      <mem type="soa" free="14954728" total="111269888" percent="13" />
      <mem type="loa" free="1124352" total="1124352" percent="100" />
    </mem>
    <remembered-set count="43393" />
  </mem-info>
</gc-start>
<allocation-stats totalBytes="98764672" discardedBytes="39032" >
  <allocated-bytes non-tlh="380224" tlh="98384448" />
  <largest-consumer threadName="Default Executor-thread-25" threadId="00000000019B5D00" bytes="65218664" />
</allocation-stats>
<gc-op id="2329" type="scavenge" timems="23.278" contextid="2326" timestamp="2025-12-11T03:05:13.930">
  <scavenger-info tenureage="5" tenuremask="7f20" tiltratio="76" />
  <memory-copied type="nursery" objects="272785" bytes="25515800" bytesdiscarded="197960" />
  <memory-copied type="tenure" objects="84017" bytes="4024664" bytesdiscarded="4472" />
  <finalization candidates="703" enqueued="693" />
  <ownableSynchronizers candidates="771" cleared="349" />
  <references type="soft" candidates="3332" cleared="0" enqueued="0" dynamicThreshold="9" maxThreshold="32" />
  <references type="weak" candidates="5132" cleared="2679" enqueued="2668" />
  <references type="phantom" candidates="1724" cleared="397" enqueued="397" />
  <object-monitors candidates="182" cleared="0"  />
</gc-op>
<gc-end id="2330" type="scavenge" contextid="2326" durationms="26.669" usertimems="163.507" systemtimems="5.006" stalltimems="108.916" timestamp="2025-12-11T03:05:13.931" activeThreads="13">
  <mem-info id="2331" free="112342624" total="274792448" percent="40">
    <mem type="nursery" free="100032592" total="162398208" percent="61">
      <mem type="allocate" free="100032592" total="125763584" percent="79" />
      <mem type="survivor" free="0" total="36634624" percent="0" />
    </mem>
    <mem type="tenure" free="12310032" total="112394240" percent="10">
      <mem type="soa" free="11185680" total="111269888" percent="10" />
      <mem type="loa" free="1124352" total="1124352" percent="100" />
    </mem>
    <pending-finalizers system="289" default="404" reference="3065" classloader="0" />
    <remembered-set count="38318" />
  </mem-info>
</gc-end>
<cycle-end id="2332" type="scavenge" contextid="2326" timestamp="2025-12-11T03:05:13.932" />
<allocation-satisfied id="2333" threadId="0000000001848C00" bytesRequested="48" />
<af-end id="2334" timestamp="2025-12-11T03:05:13.934" threadId="0000000001849678" success="true" from="nursery"/>
<exclusive-end id="2335" timestamp="2025-12-11T03:05:13.935" durationms="38.152" />

<concurrent-kickoff id="2336" timestamp="2025-12-11T03:05:14.511">
  <kickoff reason="threshold reached" targetBytes="57158635" thresholdFreeBytes="7858474"  remainingFree="7442512" tenureFreeBytes="12259352" nurseryFreeBytes="7442512" />
</concurrent-kickoff>
<exclusive-start id="2337" timestamp="2025-12-11T03:05:14.513" intervalms="615.911">
  <response-info timems="0.077" idlems="0.077" threads="0" lastid="0000000001848C00" lastname="Default Executor-thread-15" />
</exclusive-start>
<cycle-start id="2338" type="global" contextid="0" timestamp="2025-12-11T03:05:14.514" intervalms="16100.121" />
<concurrent-start id="2339" type="global mark" contextid="2338" timestamp="2025-12-11T03:05:14.514">
</concurrent-start>
<exclusive-end id="2340" timestamp="2025-12-11T03:05:14.515" durationms="1.842" />

<concurrent-end id="2341" type="global mark" contextid="2338" timestamp="2025-12-11T03:05:14.597">
<gc-op id="2342" type="trace" timems="82.924" contextid="2338" timestamp="2025-12-11T03:05:14.597">
  <trace bytesTraced="60908928" workStackOverflowCount="0" />
  <card-cleaning reason="card cleaning threshold reached" bytesTraced="21944" cardsCleaned="43" />
</gc-op>
</concurrent-end>

<exclusive-start id="2343" timestamp="2025-12-11T03:05:14.599" intervalms="85.596">
  <response-info timems="1.351" idlems="0.705" threads="1" lastid="0000000001848C00" lastname="Default Executor-thread-15" />
</exclusive-start>
<af-start id="2344" threadId="0000000001962E78" totalBytesRequested="24" timestamp="2025-12-11T03:05:14.599" intervalms="700.893" type="nursery" />
<percolate-collect id="2345" from="nursery" to="global" reason="concurrent mark exhausted" timestamp="2025-12-11T03:05:14.600"/>
<gc-start id="2346" type="global" contextid="2338" timestamp="2025-12-11T03:05:14.602">
  <mem-info id="2347" free="12258568" total="274792448" percent="4">
    <mem type="nursery" free="0" total="162398208" percent="0">
      <mem type="allocate" free="0" total="125763584" percent="0" />
      <mem type="survivor" free="0" total="36634624" percent="0" />
    </mem>
    <mem type="tenure" free="12258568" total="112394240" percent="10">
      <mem type="soa" free="11134216" total="111269888" percent="10" />
      <mem type="loa" free="1124352" total="1124352" percent="100" />
    </mem>
    <remembered-set count="39693" />
  </mem-info>
</gc-start>
<allocation-stats totalBytes="100052216" discardedBytes="31840" >
  <allocated-bytes non-tlh="51512" tlh="100000704" />
  <largest-consumer threadName="Default Executor-thread-5" threadId="0000000000859500" bytes="41500504" />
</allocation-stats>
<gc-op id="2348" type="rs-scan" timems="5.768" contextid="2338" timestamp="2025-12-11T03:05:14.609">
  <scan objectsFound="222883" bytesTraced="8779332" workStackOverflowCount="0" />
</gc-op>
<gc-op id="2349" type="card-cleaning" timems="1.412" contextid="2338" timestamp="2025-12-11T03:05:14.611">
  <card-cleaning cardsCleaned="0" bytesTraced="0" workStackOverflowCount="0" />
</gc-op>
<gc-op id="2350" type="mark" timems="31.799" contextid="2338" timestamp="2025-12-11T03:05:14.644">
  <trace-info objectcount="36245" scancount="32697" scanbytes="1664416" />
  <finalization candidates="913" enqueued="5" />
  <ownableSynchronizers candidates="9538" cleared="138" />
  <references type="soft" candidates="18342" cleared="8" enqueued="8" dynamicThreshold="9" maxThreshold="32" />
  <references type="weak" candidates="18651" cleared="473" enqueued="467" />
  <references type="phantom" candidates="1493" cleared="6" enqueued="6" />
  <stringconstants candidates="55214" cleared="144"  />
  <object-monitors candidates="186" cleared="11"  />
</gc-op>
<gc-op id="2351" type="classunload" timems="2.239" contextid="2338" timestamp="2025-12-11T03:05:14.647">
  <classunload-info classloadercandidates="501" classloadersunloaded="8" classesunloaded="2" anonymousclassesunloaded="0" quiescems="0.000" setupms="2.189" scanms="0.025" postms="0.024" />
</gc-op>
<gc-op id="2352" type="sweep" timems="3.333" contextid="2338" timestamp="2025-12-11T03:05:14.650" />
<heap-resize id="2353" type="expand" space="tenure" amount="11993088" count="1" timems="1.537" reason="insufficient free space following gc" timestamp="2025-12-11T03:05:14.653" />
<gc-end id="2354" type="global" contextid="2338" durationms="51.637" usertimems="143.427" systemtimems="40.988" stalltimems="556.136" timestamp="2025-12-11T03:05:14.654" activeThreads="20">
  <mem-info id="2355" free="137484144" total="286785536" percent="47">
    <mem type="nursery" free="100149712" total="162398208" percent="61">
      <mem type="allocate" free="100149712" total="125763584" percent="79" />
      <mem type="survivor" free="0" total="36634624" percent="0" />
    </mem>
    <mem type="tenure" free="37334432" total="124387328" percent="30" micro-fragmented="3319961" macro-fragmented="0">
      <mem type="soa" free="36090272" total="123143168" percent="29" />
      <mem type="loa" free="1244160" total="1244160" percent="100" />
    </mem>
    <pending-finalizers system="5" default="0" reference="481" classloader="0" />
    <remembered-set count="34763" />
  </mem-info>
</gc-end>
<cycle-end id="2356" type="global" contextid="2338" timestamp="2025-12-11T03:05:14.655" />
<allocation-satisfied id="2357" threadId="0000000001962400" bytesRequested="24" />
<af-end id="2358" timestamp="2025-12-11T03:05:14.656" threadId="0000000001962E78" success="true" from="nursery"/>
<exclusive-end id="2359" timestamp="2025-12-11T03:05:14.656" durationms="57.692" />

<exclusive-start id="2360" timestamp="2025-12-11T03:05:34.184" intervalms="19585.253">
  <response-info timems="0.275" idlems="0.164" threads="1" lastid="000000000184C900" lastname="Default Executor-thread-22" />
</exclusive-start>
<af-start id="2361" threadId="0000000000FFFE78" totalBytesRequested="1496" timestamp="2025-12-11T03:05:34.184" intervalms="19584.824" type="nursery" />
<cycle-start id="2362" type="scavenge" contextid="0" timestamp="2025-12-11T03:05:34.185" intervalms="20284.877" />
<gc-start id="2363" type="scavenge" contextid="2362" timestamp="2025-12-11T03:05:34.186">
  <mem-info id="2364" free="37192472" total="286785536" percent="12">
    <mem type="nursery" free="0" total="162398208" percent="0">
      <mem type="allocate" free="0" total="125763584" percent="0" />
      <mem type="survivor" free="0" total="36634624" percent="0" />
    </mem>
    <mem type="tenure" free="37192472" total="124387328" percent="29">
      <mem type="soa" free="35948312" total="123143168" percent="29" />
      <mem type="loa" free="1244160" total="1244160" percent="100" />
    </mem>
    <remembered-set count="36928" />
  </mem-info>
</gc-start>
<allocation-stats totalBytes="99953856" discardedBytes="317296" >
  <allocated-bytes non-tlh="2500848" tlh="97453008" />
  <largest-consumer threadName="Default Executor-thread-30" threadId="0000000001848000" bytes="42071888" />
</allocation-stats>
<gc-op id="2365" type="scavenge" timems="14.694" contextid="2362" timestamp="2025-12-11T03:05:34.201">
  <scavenger-info tenureage="3" tenuremask="7f18" tiltratio="77" />
  <memory-copied type="nursery" objects="111138" bytes="6173304" bytesdiscarded="948432" />
  <memory-copied type="tenure" objects="162073" bytes="17333184" bytesdiscarded="92624" />
  <finalization candidates="75" enqueued="65" />
  <ownableSynchronizers candidates="19992" cleared="19416" />
  <references type="soft" candidates="3010" cleared="0" enqueued="0" dynamicThreshold="9" maxThreshold="32" />
  <references type="weak" candidates="3492" cleared="843" enqueued="838" />
  <references type="phantom" candidates="330" cleared="41" enqueued="41" />
  <object-monitors candidates="178" cleared="2"  />
</gc-op>
<gc-end id="2366" type="scavenge" contextid="2362" durationms="32.567" usertimems="110.243" systemtimems="14.259" stalltimems="56.396" timestamp="2025-12-11T03:05:34.218" activeThreads="13">
  <mem-info id="2367" free="139296704" total="286785536" percent="48">
    <mem type="nursery" free="119611960" total="162398208" percent="73">
      <mem type="allocate" free="119611960" total="126746624" percent="94" />
      <mem type="survivor" free="0" total="35651584" percent="0" />
    </mem>
    <mem type="tenure" free="19684744" total="124387328" percent="15" macro-fragmented="16050736">
      <mem type="soa" free="18440584" total="123143168" percent="14" />
      <mem type="loa" free="1244160" total="1244160" percent="100" />
    </mem>
    <pending-finalizers system="65" default="0" reference="879" classloader="0" />
    <remembered-set count="11510" />
  </mem-info>
</gc-end>
<cycle-end id="2368" type="scavenge" contextid="2362" timestamp="2025-12-11T03:05:34.219" />
<allocation-satisfied id="2369" threadId="0000000000FFF400" bytesRequested="1496" />
<af-end id="2370" timestamp="2025-12-11T03:05:34.220" threadId="0000000000FFFE78" success="true" from="nursery"/>
<exclusive-end id="2371" timestamp="2025-12-11T03:05:34.220" durationms="36.064" />

<concurrent-kickoff id="2372" timestamp="2025-12-11T03:05:55.197">
  <kickoff reason="threshold reached" targetBytes="64158430" thresholdFreeBytes="8832609"  remainingFree="8535736" tenureFreeBytes="19635352" nurseryFreeBytes="8535736" />
</concurrent-kickoff>
<exclusive-start id="2373" timestamp="2025-12-11T03:05:55.199" intervalms="21014.976">
  <response-info timems="0.116" idlems="0.116" threads="0" lastid="0000000001802200" lastname="Default Executor-thread-21" />
</exclusive-start>
<cycle-start id="2374" type="global" contextid="0" timestamp="2025-12-11T03:05:55.200" intervalms="40685.981" />
<concurrent-start id="2375" type="global mark" contextid="2374" timestamp="2025-12-11T03:05:55.200">
</concurrent-start>
<exclusive-end id="2376" timestamp="2025-12-11T03:05:55.201" durationms="2.301" />

<concurrent-end id="2377" type="global mark" contextid="2374" timestamp="2025-12-11T03:05:55.347">
<gc-op id="2378" type="trace" timems="146.102" contextid="2374" timestamp="2025-12-11T03:05:55.347">
  <trace bytesTraced="64275812" workStackOverflowCount="0" />
  <card-cleaning reason="card cleaning threshold reached" bytesTraced="33764" cardsCleaned="141" />
</gc-op>
</concurrent-end>

<exclusive-start id="2379" timestamp="2025-12-11T03:05:55.348" intervalms="149.501">
  <response-info timems="0.090" idlems="0.090" threads="0" lastid="0000000001802200" lastname="Default Executor-thread-21" />
</exclusive-start>
<concurrent-global-final id="2380" timestamp="2025-12-11T03:05:55.349" contextid="2374" intervalms="56859.406" >
  <concurrent-trace-info reason="card cleaning threshold reached" tracedByMutators="25854212" tracedByHelpers="38455364" cardsCleaned="141" workStackOverflowCount="0" />
</concurrent-global-final>
<gc-start id="2381" type="global" contextid="2374" timestamp="2025-12-11T03:05:55.351">
  <mem-info id="2382" free="21355144" total="286785536" percent="7">
    <mem type="nursery" free="1719992" total="162398208" percent="1">
      <mem type="allocate" free="1719992" total="126746624" percent="1" />
      <mem type="survivor" free="0" total="35651584" percent="0" />
    </mem>
    <mem type="tenure" free="19635152" total="124387328" percent="15">
      <mem type="soa" free="18390992" total="123143168" percent="14" />
      <mem type="loa" free="1244160" total="1244160" percent="100" />
    </mem>
    <remembered-set count="13110" />
  </mem-info>
</gc-start>
<allocation-stats totalBytes="117889328" discardedBytes="39704" >
  <allocated-bytes non-tlh="623688" tlh="117265640" />
  <largest-consumer threadName="Default Executor-thread-21" threadId="0000000001802200" bytes="92491952" />
</allocation-stats>
<gc-op id="2383" type="rs-scan" timems="7.346" contextid="2374" timestamp="2025-12-11T03:05:55.359">
  <scan objectsFound="217486" bytesTraced="7696784" workStackOverflowCount="0" />
</gc-op>
<gc-op id="2384" type="card-cleaning" timems="2.028" contextid="2374" timestamp="2025-12-11T03:05:55.362">
  <card-cleaning cardsCleaned="5" bytesTraced="9292" workStackOverflowCount="0" />
</gc-op>
<gc-op id="2385" type="mark" timems="31.465" contextid="2374" timestamp="2025-12-11T03:05:55.394">
  <trace-info objectcount="21414" scancount="19587" scanbytes="613096" />
  <finalization candidates="1037" enqueued="128" />
  <ownableSynchronizers candidates="12519" cleared="2923" />
  <references type="soft" candidates="18827" cleared="1169" enqueued="1164" dynamicThreshold="9" maxThreshold="32" />
  <references type="weak" candidates="19979" cleared="543" enqueued="536" />
  <references type="phantom" candidates="1468" cleared="13" enqueued="13" />
  <stringconstants candidates="55564" cleared="126"  />
  <object-monitors candidates="181" cleared="2"  />
</gc-op>
<gc-op id="2386" type="classunload" timems="2.801" contextid="2374" timestamp="2025-12-11T03:05:55.398">
  <classunload-info classloadercandidates="562" classloadersunloaded="4" classesunloaded="1" anonymousclassesunloaded="0" quiescems="0.000" setupms="2.763" scanms="0.026" postms="0.011" />
</gc-op>
<gc-op id="2387" type="sweep" timems="4.996" contextid="2374" timestamp="2025-12-11T03:05:55.404" />
<heap-resize id="2388" type="expand" space="tenure" amount="24182784" count="1" timems="0.284" reason="insufficient free space following gc" timestamp="2025-12-11T03:05:55.405" />
<gc-end id="2389" type="global" contextid="2374" durationms="81.190" usertimems="212.645" systemtimems="51.208" stalltimems="510.561" timestamp="2025-12-11T03:05:55.432" activeThreads="20">
  <mem-info id="2390" free="158341720" total="310968320" percent="50">
    <mem type="nursery" free="113736216" total="162398208" percent="70">
      <mem type="allocate" free="113736216" total="126746624" percent="89" />
      <mem type="survivor" free="0" total="35651584" percent="0" />
    </mem>
    <mem type="tenure" free="44605504" total="148570112" percent="30" micro-fragmented="3638164" macro-fragmented="4479464">
      <mem type="soa" free="43119680" total="147084288" percent="29" />
      <mem type="loa" free="1485824" total="1485824" percent="100" />
    </mem>
    <pending-finalizers system="16" default="112" reference="1713" classloader="0" />
    <remembered-set count="11876" />
  </mem-info>
</gc-end>
<cycle-end id="2391" type="global" contextid="2374" timestamp="2025-12-11T03:05:55.433" />
<exclusive-end id="2392" timestamp="2025-12-11T03:05:55.434" durationms="85.629" />

<exclusive-start id="2393" timestamp="2025-12-11T03:05:57.150" intervalms="1801.721">
  <response-info timems="0.072" idlems="0.072" threads="0" lastid="000000000182F300" lastname="Default Executor-thread-34" />
</exclusive-start>
<af-start id="2394" threadId="000000000182FD78" totalBytesRequested="32" timestamp="2025-12-11T03:05:57.151" intervalms="22966.434" type="nursery" />
<cycle-start id="2395" type="scavenge" contextid="0" timestamp="2025-12-11T03:05:57.152" intervalms="22966.949" />
<gc-start id="2396" type="scavenge" contextid="2395" timestamp="2025-12-11T03:05:57.153">
  <mem-info id="2397" free="44347096" total="310968320" percent="14">
    <mem type="nursery" free="0" total="162398208" percent="0">
      <mem type="allocate" free="0" total="126746624" percent="0" />
      <mem type="survivor" free="0" total="35651584" percent="0" />
    </mem>
    <mem type="tenure" free="44347096" total="148570112" percent="29">
      <mem type="soa" free="42861272" total="147084288" percent="29" />
      <mem type="loa" free="1485824" total="1485824" percent="100" />
    </mem>
    <remembered-set count="17865" />
  </mem-info>
</gc-start>
<allocation-stats totalBytes="113726088" discardedBytes="189336" >
  <allocated-bytes non-tlh="1869104" tlh="111856984" />
  <largest-consumer threadName="Default Executor-thread-34" threadId="000000000182F300" bytes="63668736" />
</allocation-stats>
<gc-op id="2398" type="scavenge" timems="8.073" contextid="2395" timestamp="2025-12-11T03:05:57.162">
  <scavenger-info tenureage="9" tenuremask="7e00" tiltratio="78" />
  <memory-copied type="nursery" objects="244395" bytes="12449432" bytesdiscarded="315992" />
  <finalization candidates="167" enqueued="162" />
  <ownableSynchronizers candidates="21363" cleared="20628" />
  <references type="soft" candidates="4052" cleared="0" enqueued="0" dynamicThreshold="9" maxThreshold="32" />
  <references type="weak" candidates="4176" cleared="702" enqueued="666" />
  <references type="phantom" candidates="430" cleared="87" enqueued="87" />
  <object-monitors candidates="188" cleared="7"  />
</gc-op>
<gc-end id="2399" type="scavenge" contextid="2395" durationms="10.573" usertimems="60.108" systemtimems="0.000" stalltimems="58.368" timestamp="2025-12-11T03:05:57.163" activeThreads="15">
  <mem-info id="2400" free="160799488" total="310968320" percent="51">
    <mem type="nursery" free="116452392" total="162398208" percent="71">
      <mem type="allocate" free="116452392" total="129236992" percent="90" />
      <mem type="survivor" free="0" total="33161216" percent="0" />
    </mem>
    <mem type="tenure" free="44347096" total="148570112" percent="29" macro-fragmented="39939376">
      <mem type="soa" free="42861272" total="147084288" percent="29" />
      <mem type="loa" free="1485824" total="1485824" percent="100" />
    </mem>
    <pending-finalizers system="134" default="28" reference="753" classloader="0" />
    <remembered-set count="13857" />
  </mem-info>
</gc-end>
<cycle-end id="2401" type="scavenge" contextid="2395" timestamp="2025-12-11T03:05:57.164" />
<allocation-satisfied id="2402" threadId="000000000182F300" bytesRequested="32" />
<af-end id="2403" timestamp="2025-12-11T03:05:57.164" threadId="000000000182FD78" success="true" from="nursery"/>
<exclusive-end id="2404" timestamp="2025-12-11T03:05:57.165" durationms="14.657" />

<exclusive-start id="2405" timestamp="2025-12-11T03:05:57.363" intervalms="212.646">
  <response-info timems="0.061" idlems="0.061" threads="0" lastid="000000000182F300" lastname="Default Executor-thread-34" />
</exclusive-start>
<af-start id="2406" threadId="000000000182FD78" totalBytesRequested="32" timestamp="2025-12-11T03:05:57.363" intervalms="212.287" type="nursery" />
<cycle-start id="2407" type="scavenge" contextid="0" timestamp="2025-12-11T03:05:57.364" intervalms="211.881" />
<gc-start id="2408" type="scavenge" contextid="2407" timestamp="2025-12-11T03:05:57.364">
  <mem-info id="2409" free="44346992" total="310968320" percent="14">
    <mem type="nursery" free="0" total="162398208" percent="0">
      <mem type="allocate" free="0" total="129236992" percent="0" />
      <mem type="survivor" free="0" total="33161216" percent="0" />
    </mem>
    <mem type="tenure" free="44346992" total="148570112" percent="29">
      <mem type="soa" free="42861168" total="147084288" percent="29" />
      <mem type="loa" free="1485824" total="1485824" percent="100" />
    </mem>
    <remembered-set count="13958" />
  </mem-info>
</gc-start>
<allocation-stats totalBytes="116450792" discardedBytes="1704" >
  <allocated-bytes non-tlh="32912" tlh="116417880" />
  <largest-consumer threadName="Default Executor-thread-34" threadId="000000000182F300" bytes="113915360" />
</allocation-stats>
<gc-op id="2410" type="scavenge" timems="7.694" contextid="2407" timestamp="2025-12-11T03:05:57.373">
  <scavenger-info tenureage="10" tenuremask="7c00" tiltratio="79" />
  <memory-copied type="nursery" objects="271173" bytes="13055000" bytesdiscarded="113424" />
  <finalization candidates="5" enqueued="0" />
  <ownableSynchronizers candidates="766" cleared="31" />
  <references type="soft" candidates="4052" cleared="0" enqueued="0" dynamicThreshold="9" maxThreshold="32" />
  <references type="weak" candidates="3483" cleared="2" enqueued="1" />
  <references type="phantom" candidates="343" cleared="0" enqueued="0" />
  <object-monitors candidates="181" cleared="0"  />
</gc-op>
<gc-end id="2411" type="scavenge" contextid="2407" durationms="9.422" usertimems="54.293" systemtimems="1.297" stalltimems="31.104" timestamp="2025-12-11T03:05:57.374" activeThreads="13">
  <mem-info id="2412" free="163612272" total="310968320" percent="52">
    <mem type="nursery" free="119265280" total="162398208" percent="73">
      <mem type="allocate" free="119265280" total="132448256" percent="90" />
      <mem type="survivor" free="0" total="29949952" percent="0" />
    </mem>
    <mem type="tenure" free="44346992" total="148570112" percent="29" macro-fragmented="39939376">
      <mem type="soa" free="42861168" total="147084288" percent="29" />
      <mem type="loa" free="1485824" total="1485824" percent="100" />
    </mem>
    <pending-finalizers system="0" default="0" reference="1" classloader="0" />
    <remembered-set count="12909" />
  </mem-info>
</gc-end>
<cycle-end id="2413" type="scavenge" contextid="2407" timestamp="2025-12-11T03:05:57.374" />
<allocation-satisfied id="2414" threadId="000000000182F300" bytesRequested="32" />
<af-end id="2415" timestamp="2025-12-11T03:05:57.375" threadId="000000000182FD78" success="true" from="nursery"/>
<exclusive-end id="2416" timestamp="2025-12-11T03:05:57.375" durationms="12.666" />

<exclusive-start id="2417" timestamp="2025-12-11T03:07:22.729" intervalms="85365.876">
  <response-info timems="0.130" idlems="0.130" threads="0" lastid="00000000005F3B00" lastname="Default Executor-thread-27" />
</exclusive-start>
<af-start id="2418" threadId="00000000005F4578" totalBytesRequested="32" timestamp="2025-12-11T03:07:22.731" intervalms="85367.724" type="nursery" />
<cycle-start id="2419" type="scavenge" contextid="0" timestamp="2025-12-11T03:07:22.732" intervalms="85368.774" />
<gc-start id="2420" type="scavenge" contextid="2419" timestamp="2025-12-11T03:07:22.737">
  <mem-info id="2421" free="44232488" total="310968320" percent="14">
    <mem type="nursery" free="0" total="162398208" percent="0">
      <mem type="allocate" free="0" total="132448256" percent="0" />
      <mem type="survivor" free="0" total="29949952" percent="0" />
    </mem>
    <mem type="tenure" free="44232488" total="148570112" percent="29">
      <mem type="soa" free="42746664" total="147084288" percent="29" />
      <mem type="loa" free="1485824" total="1485824" percent="100" />
    </mem>
    <remembered-set count="14916" />
  </mem-info>
</gc-start>
<allocation-stats totalBytes="119192640" discardedBytes="131680" >
  <allocated-bytes non-tlh="1314944" tlh="117877696" />
  <largest-consumer threadName="Timer-7" threadId="0000000000FFF400" bytes="12817296" />
</allocation-stats>
<gc-op id="2422" type="scavenge" timems="13.164" contextid="2419" timestamp="2025-12-11T03:07:22.751">
  <scavenger-info tenureage="11" tenuremask="7800" tiltratio="81" />
  <memory-copied type="nursery" objects="198431" bytes="10752960" bytesdiscarded="221912" />
  <finalization candidates="35" enqueued="30" />
  <ownableSynchronizers candidates="8103" cleared="7419" />
  <references type="soft" candidates="4258" cleared="0" enqueued="0" dynamicThreshold="9" maxThreshold="32" />
  <references type="weak" candidates="4308" cleared="330" enqueued="297" />
  <references type="phantom" candidates="748" cleared="368" enqueued="368" />
  <object-monitors candidates="184" cleared="3"  />
</gc-op>
<gc-end id="2423" type="scavenge" contextid="2419" durationms="125.177" usertimems="105.758" systemtimems="36.231" stalltimems="69.832" timestamp="2025-12-11T03:07:22.862" activeThreads="12">
  <mem-info id="2424" free="168442120" total="310968320" percent="54">
    <mem type="nursery" free="124209632" total="162398208" percent="76">
      <mem type="allocate" free="124209632" total="135200768" percent="91" />
      <mem type="survivor" free="0" total="27197440" percent="0" />
    </mem>
    <mem type="tenure" free="44232488" total="148570112" percent="29" macro-fragmented="33282812">
      <mem type="soa" free="42746664" total="147084288" percent="29" />
      <mem type="loa" free="1485824" total="1485824" percent="100" />
    </mem>
    <pending-finalizers system="28" default="2" reference="665" classloader="0" />
    <remembered-set count="8736" />
  </mem-info>
</gc-end>
<cycle-end id="2425" type="scavenge" contextid="2419" timestamp="2025-12-11T03:07:22.864" />
<allocation-satisfied id="2426" threadId="00000000005F3B00" bytesRequested="32" />
<af-end id="2427" timestamp="2025-12-11T03:07:22.865" threadId="00000000005F4578" success="true" from="nursery"/>
<exclusive-end id="2428" timestamp="2025-12-11T03:07:22.867" durationms="138.281" />

<exclusive-start id="2429" timestamp="2025-12-11T03:08:03.949" intervalms="41220.820">
  <response-info timems="0.128" idlems="0.128" threads="0" lastid="0000000000555500" lastname="Active Thread: Equinox Container: 661b0c39-5b5a-459a-a52c-3dcd8" />
</exclusive-start>
<af-start id="2430" threadId="0000000000555F78" totalBytesRequested="32" timestamp="2025-12-11T03:08:03.950" intervalms="41219.275" type="nursery" />
<cycle-start id="2431" type="scavenge" contextid="0" timestamp="2025-12-11T03:08:03.951" intervalms="41218.282" />
<gc-start id="2432" type="scavenge" contextid="2431" timestamp="2025-12-11T03:08:03.952">
  <mem-info id="2433" free="44156320" total="310968320" percent="14">
    <mem type="nursery" free="0" total="162398208" percent="0">
      <mem type="allocate" free="0" total="135200768" percent="0" />
      <mem type="survivor" free="0" total="27197440" percent="0" />
    </mem>
    <mem type="tenure" free="44156320" total="148570112" percent="29">
      <mem type="soa" free="42670496" total="147084288" percent="29" />
      <mem type="loa" free="1485824" total="1485824" percent="100" />
    </mem>
    <remembered-set count="10151" />
  </mem-info>
</gc-start>
<allocation-stats totalBytes="124096616" discardedBytes="145872" >
  <allocated-bytes non-tlh="336016" tlh="123760600" />
  <largest-consumer threadName="Default Executor-thread-3" threadId="000000000085B900" bytes="60087712" />
</allocation-stats>
<gc-op id="2434" type="scavenge" timems="12.646" contextid="2431" timestamp="2025-12-11T03:08:03.967">
  <scavenger-info tenureage="12" tenuremask="7000" tiltratio="83" />
  <memory-copied type="nursery" objects="264494" bytes="12889488" bytesdiscarded="238616" />
  <finalization candidates="103" enqueued="96" />
  <ownableSynchronizers candidates="7283" cleared="6497" />
  <references type="soft" candidates="4454" cleared="0" enqueued="0" dynamicThreshold="9" maxThreshold="32" />
  <references type="weak" candidates="4788" cleared="579" enqueued="535" />
  <references type="phantom" candidates="447" cleared="67" enqueued="67" />
  <object-monitors candidates="193" cleared="10"  />
</gc-op>
<gc-end id="2435" type="scavenge" contextid="2431" durationms="131.888" usertimems="157.276" systemtimems="3.478" stalltimems="57.381" timestamp="2025-12-11T03:08:04.084" activeThreads="11">
  <mem-info id="2436" free="167909824" total="310968320" percent="53">
    <mem type="nursery" free="123753504" total="162398208" percent="76">
      <mem type="allocate" free="123753504" total="136904704" percent="90" />
      <mem type="survivor" free="0" total="25493504" percent="0" />
    </mem>
    <mem type="tenure" free="44156320" total="148570112" percent="29" macro-fragmented="33282812">
      <mem type="soa" free="42670496" total="147084288" percent="29" />
      <mem type="loa" free="1485824" total="1485824" percent="100" />
    </mem>
    <pending-finalizers system="2" default="94" reference="602" classloader="0" />
    <remembered-set count="9388" />
  </mem-info>
</gc-end>
<cycle-end id="2437" type="scavenge" contextid="2431" timestamp="2025-12-11T03:08:04.085" />
<allocation-satisfied id="2438" threadId="0000000000555500" bytesRequested="32" />
<af-end id="2439" timestamp="2025-12-11T03:08:04.086" threadId="0000000000555F78" success="true" from="nursery"/>
<exclusive-end id="2440" timestamp="2025-12-11T03:08:04.086" durationms="136.900" />

<exclusive-start id="2441" timestamp="2025-12-11T03:08:40.582" intervalms="36632.233">
  <response-info timems="0.054" idlems="0.054" threads="0" lastid="000000000085B900" lastname="Default Executor-thread-3" />
</exclusive-start>
<af-start id="2442" threadId="000000000085C378" totalBytesRequested="16" timestamp="2025-12-11T03:08:40.582" intervalms="36632.182" type="nursery" />
<cycle-start id="2443" type="scavenge" contextid="0" timestamp="2025-12-11T03:08:40.583" intervalms="36632.091" />
<gc-start id="2444" type="scavenge" contextid="2443" timestamp="2025-12-11T03:08:40.583">
  <mem-info id="2445" free="44108208" total="310968320" percent="14">
    <mem type="nursery" free="0" total="162398208" percent="0">
      <mem type="allocate" free="0" total="136904704" percent="0" />
      <mem type="survivor" free="0" total="25493504" percent="0" />
    </mem>
    <mem type="tenure" free="44108208" total="148570112" percent="29">
      <mem type="soa" free="42622384" total="147084288" percent="28" />
      <mem type="loa" free="1485824" total="1485824" percent="100" />
    </mem>
    <remembered-set count="10630" />
  </mem-info>
</gc-start>
<allocation-stats totalBytes="123701264" discardedBytes="78584" >
  <allocated-bytes non-tlh="714536" tlh="122986728" />
  <largest-consumer threadName="Default Executor-thread-28" threadId="00000000018D0700" bytes="55756488" />
</allocation-stats>
<gc-op id="2446" type="scavenge" timems="8.270" contextid="2443" timestamp="2025-12-11T03:08:40.592">
  <scavenger-info tenureage="13" tenuremask="6000" tiltratio="84" />
  <memory-copied type="nursery" objects="276978" bytes="13633024" bytesdiscarded="150680" />
  <finalization candidates="106" enqueued="96" />
  <ownableSynchronizers candidates="7035" cleared="6121" />
  <references type="soft" candidates="4645" cleared="0" enqueued="0" dynamicThreshold="9" maxThreshold="32" />
  <references type="weak" candidates="4952" cleared="564" enqueued="517" />
  <references type="phantom" candidates="395" cleared="6" enqueued="6" />
  <object-monitors candidates="192" cleared="8"  />
</gc-op>
<gc-end id="2447" type="scavenge" contextid="2443" durationms="156.839" usertimems="90.847" systemtimems="9.691" stalltimems="17.962" timestamp="2025-12-11T03:08:40.740" activeThreads="10">
  <mem-info id="2448" free="168711792" total="310968320" percent="54">
    <mem type="nursery" free="124603584" total="162398208" percent="76">
      <mem type="allocate" free="124603584" total="138412032" percent="90" />
      <mem type="survivor" free="0" total="23986176" percent="0" />
    </mem>
    <mem type="tenure" free="44108208" total="148570112" percent="29" macro-fragmented="33282812">
      <mem type="soa" free="42622384" total="147084288" percent="28" />
      <mem type="loa" free="1485824" total="1485824" percent="100" />
    </mem>
    <pending-finalizers system="2" default="94" reference="523" classloader="0" />
    <remembered-set count="9200" />
  </mem-info>
</gc-end>
<cycle-end id="2449" type="scavenge" contextid="2443" timestamp="2025-12-11T03:08:40.741" />
<allocation-satisfied id="2450" threadId="000000000085B900" bytesRequested="16" />
<af-end id="2451" timestamp="2025-12-11T03:08:40.742" threadId="000000000085C378" success="true" from="nursery"/>
<exclusive-end id="2452" timestamp="2025-12-11T03:08:40.743" durationms="160.974" />

<exclusive-start id="2453" timestamp="2025-12-11T03:09:34.240" intervalms="53658.353">
  <response-info timems="0.114" idlems="0.114" threads="0" lastid="0000000000555500" lastname="Active Thread: Equinox Container: 661b0c39-5b5a-459a-a52c-3dcd8" />
</exclusive-start>
<af-start id="2454" threadId="0000000000555F78" totalBytesRequested="32776" timestamp="2025-12-11T03:09:34.249" intervalms="53667.011" type="nursery" />
<cycle-start id="2455" type="scavenge" contextid="0" timestamp="2025-12-11T03:09:34.262" intervalms="53678.864" />
<gc-start id="2456" type="scavenge" contextid="2455" timestamp="2025-12-11T03:09:34.280">
  <mem-info id="2457" free="44049336" total="310968320" percent="14">
    <mem type="nursery" free="0" total="162398208" percent="0">
      <mem type="allocate" free="0" total="138412032" percent="0" />
      <mem type="survivor" free="0" total="23986176" percent="0" />
    </mem>
    <mem type="tenure" free="44049336" total="148570112" percent="29">
      <mem type="soa" free="42563512" total="147084288" percent="28" />
      <mem type="loa" free="1485824" total="1485824" percent="100" />
    </mem>
    <remembered-set count="10362" />
  </mem-info>
</gc-start>
<allocation-stats totalBytes="124532168" discardedBytes="96896" >
  <allocated-bytes non-tlh="418728" tlh="124113440" />
  <largest-consumer threadName="Default Executor-thread-3" threadId="000000000085B900" bytes="52121032" />
</allocation-stats>
<gc-op id="2458" type="scavenge" timems="43.757" contextid="2455" timestamp="2025-12-11T03:09:34.348">
  <scavenger-info tenureage="3" tenuremask="4068" tiltratio="85" />
  <memory-copied type="nursery" objects="196646" bytes="9246064" bytesdiscarded="144592" />
  <memory-copied type="tenure" objects="117033" bytes="5757472" bytesdiscarded="23080" />
  <finalization candidates="105" enqueued="94" />
  <ownableSynchronizers candidates="8657" cleared="7666" />
  <references type="soft" candidates="2734" cleared="0" enqueued="0" dynamicThreshold="9" maxThreshold="32" />
  <references type="weak" candidates="2726" cleared="551" enqueued="511" />
  <references type="phantom" candidates="250" cleared="28" enqueued="28" />
  <object-monitors candidates="192" cleared="6"  />
</gc-op>
<gc-end id="2459" type="scavenge" contextid="2455" durationms="281.894" usertimems="152.158" systemtimems="27.830" stalltimems="225.468" timestamp="2025-12-11T03:09:34.562" activeThreads="12">
  <mem-info id="2460" free="168383936" total="310968320" percent="54">
    <mem type="nursery" free="130445440" total="162398208" percent="80">
      <mem type="allocate" free="130445440" total="139853824" percent="93" />
      <mem type="survivor" free="0" total="22544384" percent="0" />
    </mem>
    <mem type="tenure" free="37938496" total="148570112" percent="25" macro-fragmented="0">
      <mem type="soa" free="36452672" total="147084288" percent="24" />
      <mem type="loa" free="1485824" total="1485824" percent="100" />
    </mem>
    <pending-finalizers system="0" default="94" reference="539" classloader="0" />
    <remembered-set count="9787" />
  </mem-info>
</gc-end>
<cycle-end id="2461" type="scavenge" contextid="2455" timestamp="2025-12-11T03:09:34.608" />
<allocation-satisfied id="2462" threadId="0000000000555500" bytesRequested="32776" />
<af-end id="2463" timestamp="2025-12-11T03:09:34.729" threadId="0000000000555F78" success="true" from="nursery"/>
<exclusive-end id="2464" timestamp="2025-12-11T03:09:34.739" durationms="499.142" />

<exclusive-start id="2465" timestamp="2025-12-11T03:10:18.566" intervalms="44326.109">
  <response-info timems="0.056" idlems="0.056" threads="0" lastid="0000000001929E00" lastname="Default Executor-thread-37" />
</exclusive-start>
<af-start id="2466" threadId="000000000192A878" totalBytesRequested="80" timestamp="2025-12-11T03:10:18.567" intervalms="44317.775" type="nursery" />
<cycle-start id="2467" type="scavenge" contextid="0" timestamp="2025-12-11T03:10:18.568" intervalms="44306.157" />
<gc-start id="2468" type="scavenge" contextid="2467" timestamp="2025-12-11T03:10:18.569">
  <mem-info id="2469" free="37912296" total="310968320" percent="12">
    <mem type="nursery" free="0" total="162398208" percent="0">
      <mem type="allocate" free="0" total="139853824" percent="0" />
      <mem type="survivor" free="0" total="22544384" percent="0" />
    </mem>
    <mem type="tenure" free="37912296" total="148570112" percent="25">
      <mem type="soa" free="36426472" total="147084288" percent="24" />
      <mem type="loa" free="1485824" total="1485824" percent="100" />
    </mem>
    <remembered-set count="11304" />
  </mem-info>
</gc-start>
<allocation-stats totalBytes="130408656" discardedBytes="62984" >
  <allocated-bytes non-tlh="681608" tlh="129727048" />
  <largest-consumer threadName="Default Executor-thread-40" threadId="00000000005EFE00" bytes="56438848" />
</allocation-stats>
<gc-op id="2470" type="scavenge" timems="7.805" contextid="2467" timestamp="2025-12-11T03:10:18.579">
  <scavenger-info tenureage="8" tenuremask="5100" tiltratio="86" />
  <memory-copied type="nursery" objects="204023" bytes="9238544" bytesdiscarded="174336" />
  <memory-copied type="tenure" objects="45136" bytes="1975000" bytesdiscarded="1736" />
  <finalization candidates="108" enqueued="97" />
  <ownableSynchronizers candidates="7387" cleared="6671" />
  <references type="soft" candidates="1483" cleared="0" enqueued="0" dynamicThreshold="9" maxThreshold="32" />
  <references type="weak" candidates="1888" cleared="574" enqueued="528" />
  <references type="phantom" candidates="226" cleared="6" enqueued="6" />
  <object-monitors candidates="193" cleared="6"  />
</gc-op>
<gc-end id="2471" type="scavenge" contextid="2467" durationms="37.275" usertimems="45.604" systemtimems="18.132" stalltimems="20.917" timestamp="2025-12-11T03:10:18.606" activeThreads="10">
  <mem-info id="2472" free="168113624" total="310968320" percent="54">
    <mem type="nursery" free="132652800" total="162398208" percent="81">
      <mem type="allocate" free="132652800" total="142082048" percent="93" />
      <mem type="survivor" free="0" total="20316160" percent="0" />
    </mem>
    <mem type="tenure" free="35460824" total="148570112" percent="23" macro-fragmented="33282812">
      <mem type="soa" free="33975000" total="147084288" percent="23" />
      <mem type="loa" free="1485824" total="1485824" percent="100" />
    </mem>
    <pending-finalizers system="3" default="94" reference="534" classloader="0" />
    <remembered-set count="4823" />
  </mem-info>
</gc-end>
<cycle-end id="2473" type="scavenge" contextid="2467" timestamp="2025-12-11T03:10:18.608" />
<allocation-satisfied id="2474" threadId="0000000001929E00" bytesRequested="80" />
<af-end id="2475" timestamp="2025-12-11T03:10:18.610" threadId="000000000192A878" success="true" from="nursery"/>
<exclusive-end id="2476" timestamp="2025-12-11T03:10:18.610" durationms="43.923" />

<exclusive-start id="2477" timestamp="2025-12-11T03:10:49.121" intervalms="30554.475">
  <response-info timems="0.078" idlems="0.078" threads="0" lastid="00000000019ADF00" lastname="Default Executor-thread-10" />
</exclusive-start>
<af-start id="2478" threadId="00000000019AE978" totalBytesRequested="48" timestamp="2025-12-11T03:10:49.122" intervalms="30555.154" type="nursery" />
<cycle-start id="2479" type="scavenge" contextid="0" timestamp="2025-12-11T03:10:49.124" intervalms="30555.983" />
<gc-start id="2480" type="scavenge" contextid="2479" timestamp="2025-12-11T03:10:49.125">
  <mem-info id="2481" free="35429912" total="310968320" percent="11">
    <mem type="nursery" free="0" total="162398208" percent="0">
      <mem type="allocate" free="0" total="142082048" percent="0" />
      <mem type="survivor" free="0" total="20316160" percent="0" />
    </mem>
    <mem type="tenure" free="35429912" total="148570112" percent="23">
      <mem type="soa" free="33944088" total="147084288" percent="23" />
      <mem type="loa" free="1485824" total="1485824" percent="100" />
    </mem>
    <remembered-set count="6733" />
  </mem-info>
</gc-start>
<allocation-stats totalBytes="132575488" discardedBytes="108224" >
  <allocated-bytes non-tlh="424224" tlh="132151264" />
  <largest-consumer threadName="Default Executor-thread-37" threadId="0000000001929E00" bytes="47985344" />
</allocation-stats>
<gc-op id="2482" type="scavenge" timems="28.547" contextid="2479" timestamp="2025-12-11T03:10:49.156">
  <scavenger-info tenureage="3" tenuremask="4418" tiltratio="87" />
  <memory-copied type="nursery" objects="149234" bytes="5588400" bytesdiscarded="302984" />
  <memory-copied type="tenure" objects="97282" bytes="5252872" bytesdiscarded="4272" />
  <finalization candidates="200" enqueued="187" />
  <ownableSynchronizers candidates="6298" cleared="5631" />
  <references type="soft" candidates="617" cleared="0" enqueued="0" dynamicThreshold="9" maxThreshold="32" />
  <references type="weak" candidates="1076" cleared="615" enqueued="569" />
  <references type="phantom" candidates="75" cleared="59" enqueued="59" />
  <object-monitors candidates="190" cleared="3"  />
</gc-op>
<gc-end id="2483" type="scavenge" contextid="2479" durationms="125.461" usertimems="111.969" systemtimems="27.080" stalltimems="74.390" timestamp="2025-12-11T03:10:49.251" activeThreads="10">
  <mem-info id="2484" free="168091984" total="310968320" percent="54">
    <mem type="nursery" free="137943032" total="162398208" percent="84">
      <mem type="allocate" free="137943032" total="143851520" percent="95" />
      <mem type="survivor" free="0" total="18546688" percent="0" />
    </mem>
    <mem type="tenure" free="30148952" total="148570112" percent="20" macro-fragmented="27735676">
      <mem type="soa" free="28663128" total="147084288" percent="19" />
      <mem type="loa" free="1485824" total="1485824" percent="100" />
    </mem>
    <pending-finalizers system="1" default="186" reference="628" classloader="0" />
    <remembered-set count="2610" />
  </mem-info>
</gc-end>
<cycle-end id="2485" type="scavenge" contextid="2479" timestamp="2025-12-11T03:10:49.255" />
<allocation-satisfied id="2486" threadId="00000000019ADF00" bytesRequested="48" />
<af-end id="2487" timestamp="2025-12-11T03:10:49.260" threadId="00000000019AE978" success="true" from="nursery"/>
<exclusive-end id="2488" timestamp="2025-12-11T03:10:49.262" durationms="141.732" />

<exclusive-start id="2489" timestamp="2025-12-11T03:11:16.699" intervalms="27578.749">
  <response-info timems="0.135" idlems="0.135" threads="0" lastid="00000000018CE300" lastname="Default Executor-thread-7" />
</exclusive-start>
<af-start id="2490" threadId="00000000018CED78" totalBytesRequested="16" timestamp="2025-12-11T03:11:16.700" intervalms="27578.089" type="nursery" />
<cycle-start id="2491" type="scavenge" contextid="0" timestamp="2025-12-11T03:11:16.701" intervalms="27577.009" />
<gc-start id="2492" type="scavenge" contextid="2491" timestamp="2025-12-11T03:11:16.701">
  <mem-info id="2493" free="30106640" total="310968320" percent="9">
    <mem type="nursery" free="0" total="162398208" percent="0">
      <mem type="allocate" free="0" total="143851520" percent="0" />
      <mem type="survivor" free="0" total="18546688" percent="0" />
    </mem>
    <mem type="tenure" free="30106640" total="148570112" percent="20">
      <mem type="soa" free="28620816" total="147084288" percent="19" />
      <mem type="loa" free="1485824" total="1485824" percent="100" />
    </mem>
    <remembered-set count="4467" />
  </mem-info>
</gc-start>
<allocation-stats totalBytes="137950768" discardedBytes="34576" >
  <allocated-bytes non-tlh="308616" tlh="137642152" />
  <largest-consumer threadName="Default Executor-thread-7" threadId="00000000018CE300" bytes="47132472" />
</allocation-stats>
<gc-op id="2494" type="scavenge" timems="9.161" contextid="2491" timestamp="2025-12-11T03:11:16.711">
  <scavenger-info tenureage="3" tenuremask="4008" tiltratio="88" />
  <memory-copied type="nursery" objects="167337" bytes="6327368" bytesdiscarded="125840" />
  <memory-copied type="tenure" objects="33230" bytes="1228616" bytesdiscarded="488" />
  <finalization candidates="103" enqueued="95" />
  <ownableSynchronizers candidates="9100" cleared="8520" />
  <references type="soft" candidates="713" cleared="0" enqueued="0" dynamicThreshold="9" maxThreshold="32" />
  <references type="weak" candidates="1094" cleared="608" enqueued="564" />
  <references type="phantom" candidates="24" cleared="3" enqueued="3" />
  <object-monitors candidates="193" cleared="5"  />
</gc-op>
<gc-end id="2495" type="scavenge" contextid="2491" durationms="26.249" usertimems="41.477" systemtimems="3.199" stalltimems="57.435" timestamp="2025-12-11T03:11:16.728" activeThreads="11">
  <mem-info id="2496" free="168114552" total="310968320" percent="54">
    <mem type="nursery" free="139284808" total="162398208" percent="85">
      <mem type="allocate" free="139284808" total="145752064" percent="95" />
      <mem type="survivor" free="0" total="16646144" percent="0" />
    </mem>
    <mem type="tenure" free="28829744" total="148570112" percent="19" macro-fragmented="16050736">
      <mem type="soa" free="27343920" total="147084288" percent="18" />
      <mem type="loa" free="1485824" total="1485824" percent="100" />
    </mem>
    <pending-finalizers system="1" default="94" reference="567" classloader="0" />
    <remembered-set count="2813" />
  </mem-info>
</gc-end>
<cycle-end id="2497" type="scavenge" contextid="2491" timestamp="2025-12-11T03:11:16.729" />
<allocation-satisfied id="2498" threadId="00000000018CE300" bytesRequested="16" />
<af-end id="2499" timestamp="2025-12-11T03:11:16.730" threadId="00000000018CED78" success="true" from="nursery"/>
<exclusive-end id="2500" timestamp="2025-12-11T03:11:16.730" durationms="30.801" />

<exclusive-start id="2501" timestamp="2025-12-11T03:12:48.616" intervalms="91916.693">
  <response-info timems="0.111" idlems="0.111" threads="0" lastid="0000000001986F00" lastname="Default Executor-thread-13" />
</exclusive-start>
<af-start id="2502" threadId="0000000001987978" totalBytesRequested="72" timestamp="2025-12-11T03:12:48.618" intervalms="91917.543" type="nursery" />
<cycle-start id="2503" type="scavenge" contextid="0" timestamp="2025-12-11T03:12:48.619" intervalms="91918.440" />
<gc-start id="2504" type="scavenge" contextid="2503" timestamp="2025-12-11T03:12:48.621">
  <mem-info id="2505" free="28822256" total="310968320" percent="9">
    <mem type="nursery" free="0" total="162398208" percent="0">
      <mem type="allocate" free="0" total="145752064" percent="0" />
      <mem type="survivor" free="0" total="16646144" percent="0" />
    </mem>
    <mem type="tenure" free="28822256" total="148570112" percent="19">
      <mem type="soa" free="27336432" total="147084288" percent="18" />
      <mem type="loa" free="1485824" total="1485824" percent="100" />
    </mem>
    <remembered-set count="4633" />
  </mem-info>
</gc-start>
<allocation-stats totalBytes="139224088" discardedBytes="68208" >
  <allocated-bytes non-tlh="699768" tlh="138524320" />
  <largest-consumer threadName="Default Executor-thread-31" threadId="0000000001836F00" bytes="36161072" />
</allocation-stats>
<gc-op id="2506" type="scavenge" timems="13.115" contextid="2503" timestamp="2025-12-11T03:12:48.636">
  <scavenger-info tenureage="3" tenuremask="4008" tiltratio="89" />
  <memory-copied type="nursery" objects="157330" bytes="5692912" bytesdiscarded="130528" />
  <memory-copied type="tenure" objects="57286" bytes="2140416" bytesdiscarded="456" />
  <finalization candidates="105" enqueued="95" />
  <ownableSynchronizers candidates="8455" cleared="7836" />
  <references type="soft" candidates="606" cleared="0" enqueued="0" dynamicThreshold="9" maxThreshold="32" />
  <references type="weak" candidates="975" cleared="519" enqueued="475" />
  <references type="phantom" candidates="22" cleared="3" enqueued="3" />
  <object-monitors candidates="190" cleared="2"  />
</gc-op>
<gc-end id="2507" type="scavenge" contextid="2503" durationms="67.277" usertimems="55.016" systemtimems="15.918" stalltimems="29.105" timestamp="2025-12-11T03:12:48.688" activeThreads="10">
  <mem-info id="2508" free="166604504" total="310968320" percent="53">
    <mem type="nursery" free="140307496" total="162398208" percent="86">
      <mem type="allocate" free="140307496" total="146145280" percent="96" />
      <mem type="survivor" free="0" total="16252928" percent="0" />
    </mem>
    <mem type="tenure" free="26297008" total="148570112" percent="17" macro-fragmented="19260884">
      <mem type="soa" free="24811184" total="147084288" percent="16" />
      <mem type="loa" free="1485824" total="1485824" percent="100" />
    </mem>
    <pending-finalizers system="1" default="94" reference="478" classloader="0" />
    <remembered-set count="2592" />
  </mem-info>
</gc-end>
<cycle-end id="2509" type="scavenge" contextid="2503" timestamp="2025-12-11T03:12:48.689" />
<allocation-satisfied id="2510" threadId="0000000001986F00" bytesRequested="72" />
<af-end id="2511" timestamp="2025-12-11T03:12:48.690" threadId="0000000001987978" success="true" from="nursery"/>
<exclusive-end id="2512" timestamp="2025-12-11T03:12:48.691" durationms="74.534" />

<exclusive-start id="2513" timestamp="2025-12-11T03:13:15.106" intervalms="26490.481">
  <response-info timems="0.056" idlems="0.056" threads="0" lastid="0000000001989F00" lastname="Default Executor-thread-35" />
</exclusive-start>
<af-start id="2514" threadId="000000000198A978" totalBytesRequested="24" timestamp="2025-12-11T03:13:15.107" intervalms="26489.084" type="nursery" />
<cycle-start id="2515" type="scavenge" contextid="0" timestamp="2025-12-11T03:13:15.107" intervalms="26488.049" />
<gc-start id="2516" type="scavenge" contextid="2515" timestamp="2025-12-11T03:13:15.108">
  <mem-info id="2517" free="26253232" total="310968320" percent="8">
    <mem type="nursery" free="0" total="162398208" percent="0">
      <mem type="allocate" free="0" total="146145280" percent="0" />
      <mem type="survivor" free="0" total="16252928" percent="0" />
    </mem>
    <mem type="tenure" free="26253232" total="148570112" percent="17">
      <mem type="soa" free="24767408" total="147084288" percent="16" />
      <mem type="loa" free="1485824" total="1485824" percent="100" />
    </mem>
    <remembered-set count="4531" />
  </mem-info>
</gc-start>
<allocation-stats totalBytes="140314160" discardedBytes="37112" >
  <allocated-bytes non-tlh="314200" tlh="139999960" />
  <largest-consumer threadName="Default Executor-thread-39" threadId="00000000005ECE00" bytes="56505408" />
</allocation-stats>
<gc-op id="2518" type="scavenge" timems="8.101" contextid="2515" timestamp="2025-12-11T03:13:15.117">
  <scavenger-info tenureage="9" tenuremask="4200" tiltratio="89" />
  <memory-copied type="nursery" objects="190195" bytes="7325280" bytesdiscarded="162592" />
  <memory-copied type="tenure" objects="869" bytes="21792" bytesdiscarded="0" />
  <finalization candidates="105" enqueued="97" />
  <ownableSynchronizers candidates="8859" cleared="8259" />
  <references type="soft" candidates="887" cleared="0" enqueued="0" dynamicThreshold="9" maxThreshold="32" />
  <references type="weak" candidates="1145" cleared="617" enqueued="550" />
  <references type="phantom" candidates="27" cleared="3" enqueued="3" />
  <object-monitors candidates="192" cleared="3"  />
</gc-op>
<gc-end id="2519" type="scavenge" contextid="2515" durationms="20.587" usertimems="31.518" systemtimems="12.181" stalltimems="58.513" timestamp="2025-12-11T03:13:15.128" activeThreads="12">
  <mem-info id="2520" free="164879528" total="310968320" percent="53">
    <mem type="nursery" free="138640888" total="162398208" percent="85">
      <mem type="allocate" free="138640888" total="146145280" percent="94" />
      <mem type="survivor" free="0" total="16252928" percent="0" />
    </mem>
    <mem type="tenure" free="26238640" total="148570112" percent="17" macro-fragmented="16050736">
      <mem type="soa" free="24752816" total="147084288" percent="16" />
      <mem type="loa" free="1485824" total="1485824" percent="100" />
    </mem>
    <pending-finalizers system="1" default="96" reference="553" classloader="0" />
    <remembered-set count="2653" />
  </mem-info>
</gc-end>
<cycle-end id="2521" type="scavenge" contextid="2515" timestamp="2025-12-11T03:13:15.129" />
<allocation-satisfied id="2522" threadId="0000000001989F00" bytesRequested="24" />
<af-end id="2523" timestamp="2025-12-11T03:13:15.130" threadId="000000000198A978" success="true" from="nursery"/>
<exclusive-end id="2524" timestamp="2025-12-11T03:13:15.130" durationms="23.557" />

<exclusive-start id="2525" timestamp="2025-12-11T03:14:26.126" intervalms="71019.200">
  <response-info timems="0.070" idlems="0.070" threads="0" lastid="00000000018CE300" lastname="Default Executor-thread-7" />
</exclusive-start>
<af-start id="2526" threadId="00000000018CED78" totalBytesRequested="4120" timestamp="2025-12-11T03:14:26.127" intervalms="71020.558" type="nursery" />
<cycle-start id="2527" type="scavenge" contextid="0" timestamp="2025-12-11T03:14:26.128" intervalms="71021.118" />
<gc-start id="2528" type="scavenge" contextid="2527" timestamp="2025-12-11T03:14:26.129">
  <mem-info id="2529" free="26211640" total="310968320" percent="8">
    <mem type="nursery" free="0" total="162398208" percent="0">
      <mem type="allocate" free="0" total="146145280" percent="0" />
      <mem type="survivor" free="0" total="16252928" percent="0" />
    </mem>
    <mem type="tenure" free="26211640" total="148570112" percent="17">
      <mem type="soa" free="24725816" total="147084288" percent="16" />
      <mem type="loa" free="1485824" total="1485824" percent="100" />
    </mem>
    <remembered-set count="4791" />
  </mem-info>
</gc-start>
<allocation-stats totalBytes="138605592" discardedBytes="62296" >
  <allocated-bytes non-tlh="715184" tlh="137890408" />
  <largest-consumer threadName="Default Executor-thread-7" threadId="00000000018CE300" bytes="51297808" />
</allocation-stats>
<gc-op id="2530" type="scavenge" timems="9.309" contextid="2527" timestamp="2025-12-11T03:14:26.140">
  <scavenger-info tenureage="3" tenuremask="4018" tiltratio="89" />
  <memory-copied type="nursery" objects="139638" bytes="5176240" bytesdiscarded="449616" />
  <memory-copied type="tenure" objects="80565" bytes="3166912" bytesdiscarded="1744" />
  <finalization candidates="105" enqueued="95" />
  <ownableSynchronizers candidates="9778" cleared="9074" />
  <references type="soft" candidates="540" cleared="0" enqueued="0" dynamicThreshold="9" maxThreshold="32" />
  <references type="weak" candidates="830" cleared="519" enqueued="483" />
  <references type="phantom" candidates="73" cleared="59" enqueued="59" />
  <object-monitors candidates="191" cleared="2"  />
</gc-op>
<gc-end id="2531" type="scavenge" contextid="2527" durationms="48.670" usertimems="59.003" systemtimems="0.974" stalltimems="28.664" timestamp="2025-12-11T03:14:26.178" activeThreads="10">
  <mem-info id="2532" free="163923360" total="310968320" percent="52">
    <mem type="nursery" free="140506096" total="162398208" percent="86">
      <mem type="allocate" free="140506096" total="146145280" percent="96" />
      <mem type="survivor" free="0" total="16252928" percent="0" />
    </mem>
    <mem type="tenure" free="23417264" total="148570112" percent="15" macro-fragmented="16050736">
      <mem type="soa" free="21931440" total="147084288" percent="14" />
      <mem type="loa" free="1485824" total="1485824" percent="100" />
    </mem>
    <pending-finalizers system="1" default="94" reference="542" classloader="0" />
    <remembered-set count="2919" />
  </mem-info>
</gc-end>
<cycle-end id="2533" type="scavenge" contextid="2527" timestamp="2025-12-11T03:14:26.179" />
<allocation-satisfied id="2534" threadId="00000000018CE300" bytesRequested="4120" />
<af-end id="2535" timestamp="2025-12-11T03:14:26.180" threadId="00000000018CED78" success="true" from="nursery"/>
<exclusive-end id="2536" timestamp="2025-12-11T03:14:26.180" durationms="54.224" />

<exclusive-start id="2537" timestamp="2025-12-11T03:17:19.173" intervalms="173047.737">
  <response-info timems="0.098" idlems="0.098" threads="0" lastid="0000000001949500" lastname="Default Executor-thread-18" />
</exclusive-start>
<af-start id="2538" threadId="0000000001949F78" totalBytesRequested="32" timestamp="2025-12-11T03:17:21.662" intervalms="175534.460" type="nursery" />
<cycle-start id="2539" type="scavenge" contextid="0" timestamp="2025-12-11T03:17:21.668" intervalms="175539.660" />
<gc-start id="2540" type="scavenge" contextid="2539" timestamp="2025-12-11T03:17:21.698">
  <mem-info id="2541" free="23414832" total="310968320" percent="7">
    <mem type="nursery" free="0" total="162398208" percent="0">
      <mem type="allocate" free="0" total="146145280" percent="0" />
      <mem type="survivor" free="0" total="16252928" percent="0" />
    </mem>
    <mem type="tenure" free="23414832" total="148570112" percent="15">
      <mem type="soa" free="21929008" total="147084288" percent="14" />
      <mem type="loa" free="1485824" total="1485824" percent="100" />
    </mem>
    <remembered-set count="4811" />
  </mem-info>
</gc-start>
<allocation-stats totalBytes="140350472" discardedBytes="158056" >
  <allocated-bytes non-tlh="268704" tlh="140081768" />
  <largest-consumer threadName="Timer-7" threadId="0000000000FFF400" bytes="25107664" />
</allocation-stats>
<gc-op id="2542" type="scavenge" timems="14.453" contextid="2539" timestamp="2025-12-11T03:17:21.735">
  <scavenger-info tenureage="14" tenuremask="4000" tiltratio="89" />
  <memory-copied type="nursery" objects="135002" bytes="5016968" bytesdiscarded="90688" />
  <finalization candidates="6" enqueued="0" />
  <ownableSynchronizers candidates="14992" cleared="14522" />
  <references type="soft" candidates="554" cleared="0" enqueued="0" dynamicThreshold="9" maxThreshold="32" />
  <references type="weak" candidates="452" cleared="121" enqueued="105" />
  <references type="phantom" candidates="42" cleared="28" enqueued="28" />
  <object-monitors candidates="190" cleared="0"  />
</gc-op>
<gc-end id="2543" type="scavenge" contextid="2539" durationms="65.092" usertimems="28.413" systemtimems="6.497" stalltimems="43.491" timestamp="2025-12-11T03:17:21.763" activeThreads="10">
  <mem-info id="2544" free="164444632" total="310968320" percent="52">
    <mem type="nursery" free="141029800" total="162398208" percent="86">
      <mem type="allocate" free="141029800" total="146145280" percent="96" />
      <mem type="survivor" free="0" total="16252928" percent="0" />
    </mem>
    <mem type="tenure" free="23414832" total="148570112" percent="15" macro-fragmented="19260884">
      <mem type="soa" free="21929008" total="147084288" percent="14" />
      <mem type="loa" free="1485824" total="1485824" percent="100" />
    </mem>
    <pending-finalizers system="0" default="0" reference="133" classloader="0" />
    <remembered-set count="2207" />
  </mem-info>
</gc-end>
<cycle-end id="2545" type="scavenge" contextid="2539" timestamp="2025-12-11T03:17:21.773" />
<allocation-satisfied id="2546" threadId="0000000001949500" bytesRequested="32" />
<af-end id="2547" timestamp="2025-12-11T03:17:21.786" threadId="0000000001949F78" success="true" from="nursery"/>
<exclusive-end id="2548" timestamp="2025-12-11T03:17:21.792" durationms="2618.356" />

<exclusive-start id="2549" timestamp="2025-12-11T03:21:09.274" intervalms="230100.474">
  <response-info timems="0.062" idlems="0.062" threads="0" lastid="0000000001848C00" lastname="Default Executor-thread-15" />
</exclusive-start>
<af-start id="2550" threadId="0000000001849678" totalBytesRequested="24" timestamp="2025-12-11T03:21:09.275" intervalms="227613.023" type="nursery" />
<cycle-start id="2551" type="scavenge" contextid="0" timestamp="2025-12-11T03:21:09.276" intervalms="227608.041" />
<gc-start id="2552" type="scavenge" contextid="2551" timestamp="2025-12-11T03:21:09.277">
  <mem-info id="2553" free="23412424" total="310968320" percent="7">
    <mem type="nursery" free="0" total="162398208" percent="0">
      <mem type="allocate" free="0" total="146145280" percent="0" />
      <mem type="survivor" free="0" total="16252928" percent="0" />
    </mem>
    <mem type="tenure" free="23412424" total="148570112" percent="15">
      <mem type="soa" free="21926600" total="147084288" percent="14" />
      <mem type="loa" free="1485824" total="1485824" percent="100" />
    </mem>
    <remembered-set count="2853" />
  </mem-info>
</gc-start>
<allocation-stats totalBytes="140991768" discardedBytes="40440" >
  <allocated-bytes non-tlh="2440" tlh="140989328" />
  <largest-consumer threadName="Timer-7" threadId="0000000000FFF400" bytes="36915480" />
</allocation-stats>
<gc-op id="2554" type="scavenge" timems="41.667" contextid="2551" timestamp="2025-12-11T03:21:09.321">
  <scavenger-info tenureage="3" tenuremask="4018" tiltratio="89" />
  <memory-copied type="nursery" objects="64039" bytes="2267560" bytesdiscarded="138728" />
  <memory-copied type="tenure" objects="72601" bytes="2822936" bytesdiscarded="3616" />
  <finalization candidates="11" enqueued="4" />
  <ownableSynchronizers candidates="19637" cleared="19149" />
  <references type="soft" candidates="194" cleared="0" enqueued="0" dynamicThreshold="9" maxThreshold="32" />
  <references type="weak" candidates="154" cleared="9" enqueued="1" />
  <references type="phantom" candidates="483" cleared="473" enqueued="473" />
  <object-monitors candidates="190" cleared="0"  />
</gc-op>
<gc-end id="2555" type="scavenge" contextid="2551" durationms="55.822" usertimems="26.883" systemtimems="4.333" stalltimems="65.430" timestamp="2025-12-11T03:21:09.333" activeThreads="8">
  <mem-info id="2556" free="164402320" total="310968320" percent="52">
    <mem type="nursery" free="143735640" total="162398208" percent="88">
      <mem type="allocate" free="143735640" total="146145280" percent="98" />
      <mem type="survivor" free="0" total="16252928" percent="0" />
    </mem>
    <mem type="tenure" free="20666680" total="148570112" percent="13" macro-fragmented="5375358">
      <mem type="soa" free="19180856" total="147084288" percent="13" />
      <mem type="loa" free="1485824" total="1485824" percent="100" />
    </mem>
    <pending-finalizers system="4" default="0" reference="474" classloader="0" />
    <remembered-set count="1625" />
  </mem-info>
</gc-end>
<cycle-end id="2557" type="scavenge" contextid="2551" timestamp="2025-12-11T03:21:09.335" />
<allocation-satisfied id="2558" threadId="0000000001848C00" bytesRequested="24" />
<af-end id="2559" timestamp="2025-12-11T03:21:09.337" threadId="0000000001849678" success="true" from="nursery"/>
<exclusive-end id="2560" timestamp="2025-12-11T03:21:09.339" durationms="64.951" />

<exclusive-start id="2561" timestamp="2025-12-11T03:23:42.847" intervalms="153573.275">
  <response-info timems="0.057" idlems="0.057" threads="0" lastid="00000000001D0800" lastname="VM Runtime State Listener" />
</exclusive-start>
<sys-start reason="vm idle" id="2562" timestamp="2025-12-11T03:23:42.849" intervalms="1151084.276" />
<cycle-start id="2563" type="global" contextid="0" timestamp="2025-12-11T03:23:42.850" intervalms="1067649.892" />
<gc-start id="2564" type="global" contextid="2563" timestamp="2025-12-11T03:23:42.852">
  <mem-info id="2565" free="72380416" total="310968320" percent="23">
    <mem type="nursery" free="51714872" total="162398208" percent="31">
      <mem type="allocate" free="51714872" total="146145280" percent="35" />
      <mem type="survivor" free="0" total="16252928" percent="0" />
    </mem>
    <mem type="tenure" free="20665544" total="148570112" percent="13">
      <mem type="soa" free="19179720" total="147084288" percent="13" />
      <mem type="loa" free="1485824" total="1485824" percent="100" />
    </mem>
    <remembered-set count="1797" />
  </mem-info>
</gc-start>
<allocation-stats totalBytes="91981872" discardedBytes="40032" >
  <allocated-bytes non-tlh="33936" tlh="91947936" />
  <largest-consumer threadName="Timer-7" threadId="0000000000FFF400" bytes="23274424" />
</allocation-stats>
<gc-op id="2566" type="mark" timems="48.501" contextid="2563" timestamp="2025-12-11T03:23:42.903">
  <trace-info objectcount="2524394" scancount="2213832" scanbytes="81727796" />
  <finalization candidates="932" enqueued="21" />
  <ownableSynchronizers candidates="23699" cleared="12966" />
  <references type="soft" candidates="18719" cleared="1512" enqueued="1506" dynamicThreshold="9" maxThreshold="32" />
  <references type="weak" candidates="20012" cleared="348" enqueued="290" />
  <references type="phantom" candidates="1624" cleared="160" enqueued="160" />
  <stringconstants candidates="57230" cleared="698"  />
  <object-monitors candidates="210" cleared="22"  />
</gc-op>
<gc-op id="2567" type="classunload" timems="2.583" contextid="2563" timestamp="2025-12-11T03:23:42.907">
  <classunload-info classloadercandidates="715" classloadersunloaded="33" classesunloaded="22" anonymousclassesunloaded="0" quiescems="0.000" setupms="2.409" scanms="0.079" postms="0.094" />
</gc-op>
<gc-op id="2568" type="sweep" timems="2.993" contextid="2563" timestamp="2025-12-11T03:23:42.911" />
<mem-info id="2569" free="168501536" total="310968320" percent="54">
  <mem type="nursery" free="143644952" total="162398208" percent="88">
    <mem type="allocate" free="143644952" total="146145280" percent="98" />
    <mem type="survivor" free="0" total="16252928" percent="0" />
  </mem>
  <mem type="tenure" free="24856584" total="148570112" percent="16" micro-fragmented="3837967" macro-fragmented="0">
    <mem type="soa" free="23370760" total="147084288" percent="15" />
    <mem type="loa" free="1485824" total="1485824" percent="100" />
  </mem>
  <pending-finalizers system="3" default="18" reference="1956" classloader="0" />
  <remembered-set count="1532" />
</mem-info>
<gc-op id="2570" type="compact" timems="126.990" contextid="2563" timestamp="2025-12-11T03:23:43.040">
  <compact-info movecount="2516872" movebytes="121196816" reason="compact on aggressive collection" />
</gc-op>
<heap-resize id="2571" type="expand" space="tenure" amount="22085632" count="1" timems="0.982" reason="insufficient free space following gc" timestamp="2025-12-11T03:23:43.042" />
<gc-end id="2572" type="global" contextid="2563" durationms="196.069" usertimems="1420.640" systemtimems="69.024" stalltimems="449.835" timestamp="2025-12-11T03:23:43.048" activeThreads="20">
  <mem-info id="2573" free="195174304" total="333053952" percent="58">
    <mem type="nursery" free="143935064" total="162398208" percent="88">
      <mem type="allocate" free="143935064" total="146145280" percent="98" />
      <mem type="survivor" free="0" total="16252928" percent="0" />
    </mem>
    <mem type="tenure" free="51239240" total="170655744" percent="30">
      <mem type="soa" free="49532232" total="168948736" percent="29" />
      <mem type="loa" free="1707008" total="1707008" percent="100" />
    </mem>
    <pending-finalizers system="3" default="18" reference="1956" classloader="0" />
    <remembered-set count="1532" />
  </mem-info>
</gc-end>
<cycle-end id="2574" type="global" contextid="2563" timestamp="2025-12-11T03:23:43.049" />
<sys-end id="2575" timestamp="2025-12-11T03:23:43.049" />
<exclusive-end id="2576" timestamp="2025-12-11T03:23:43.050" durationms="202.580" />

<heap-resize id="2577" type="release free pages" space="tenure" amount="51200000" count="1" timems="0.681" reason="idle" timestamp="2025-12-11T03:23:43.051" />
<exclusive-start id="2578" timestamp="2025-12-11T03:27:49.879" intervalms="247031.722">
  <response-info timems="0.055" idlems="0.055" threads="0" lastid="00000000018CD600" lastname="Default Executor-thread-49" />
</exclusive-start>
<af-start id="2579" threadId="00000000018CE078" totalBytesRequested="168" timestamp="2025-12-11T03:27:49.881" intervalms="400606.217" type="nursery" />
<cycle-start id="2580" type="scavenge" contextid="0" timestamp="2025-12-11T03:27:49.883" intervalms="400607.312" />
<gc-start id="2581" type="scavenge" contextid="2580" timestamp="2025-12-11T03:27:49.890">
  <mem-info id="2582" free="51237152" total="333053952" percent="15">
    <mem type="nursery" free="0" total="162398208" percent="0">
      <mem type="allocate" free="0" total="146145280" percent="0" />
      <mem type="survivor" free="0" total="16252928" percent="0" />
    </mem>
    <mem type="tenure" free="51237152" total="170655744" percent="30">
      <mem type="soa" free="49530144" total="168948736" percent="29" />
      <mem type="loa" free="1707008" total="1707008" percent="100" />
    </mem>
    <remembered-set count="4219" />
  </mem-info>
</gc-start>
<allocation-stats totalBytes="143891296" discardedBytes="45856" >
  <allocated-bytes non-tlh="2088" tlh="143889208" />
  <largest-consumer threadName="Timer-7" threadId="0000000000FFF400" bytes="35980568" />
</allocation-stats>
<gc-op id="2583" type="scavenge" timems="27.205" contextid="2580" timestamp="2025-12-11T03:27:49.921">
  <scavenger-info tenureage="14" tenuremask="4000" tiltratio="89" />
  <memory-copied type="nursery" objects="63391" bytes="2256632" bytesdiscarded="355672" />
  <finalization candidates="8" enqueued="6" />
  <ownableSynchronizers candidates="42187" cleared="41927" />
  <references type="soft" candidates="177" cleared="0" enqueued="0" dynamicThreshold="9" maxThreshold="32" />
  <references type="weak" candidates="230" cleared="7" enqueued="1" />
  <references type="phantom" candidates="348" cleared="339" enqueued="339" />
  <object-monitors candidates="188" cleared="0"  />
</gc-op>
<gc-end id="2584" type="scavenge" contextid="2580" durationms="38.939" usertimems="26.184" systemtimems="6.118" stalltimems="90.108" timestamp="2025-12-11T03:27:49.929" activeThreads="11">
  <mem-info id="2585" free="194766832" total="333053952" percent="58">
    <mem type="nursery" free="143529680" total="162398208" percent="88">
      <mem type="allocate" free="143529680" total="146145280" percent="98" />
      <mem type="survivor" free="0" total="16252928" percent="0" />
    </mem>
    <mem type="tenure" free="51237152" total="170655744" percent="30" macro-fragmented="0">
      <mem type="soa" free="49530144" total="168948736" percent="29" />
      <mem type="loa" free="1707008" total="1707008" percent="100" />
    </mem>
    <pending-finalizers system="6" default="0" reference="340" classloader="0" />
    <remembered-set count="3278" />
  </mem-info>
</gc-end>
<cycle-end id="2586" type="scavenge" contextid="2580" timestamp="2025-12-11T03:27:49.931" />
<allocation-satisfied id="2587" threadId="00000000018CD600" bytesRequested="168" />
<af-end id="2588" timestamp="2025-12-11T03:27:49.934" threadId="00000000018CE078" success="true" from="nursery"/>
<exclusive-end id="2589" timestamp="2025-12-11T03:27:49.936" durationms="56.719" />

<exclusive-start id="2590" timestamp="2025-12-11T03:31:51.839" intervalms="241960.358">
  <response-info timems="0.062" idlems="0.062" threads="0" lastid="0000000000FFF400" lastname="Timer-7" />
</exclusive-start>
<af-start id="2591" threadId="0000000000FFFE78" totalBytesRequested="4616" timestamp="2025-12-11T03:31:51.841" intervalms="241960.136" type="nursery" />
<cycle-start id="2592" type="scavenge" contextid="0" timestamp="2025-12-11T03:31:51.842" intervalms="241958.924" />
<gc-start id="2593" type="scavenge" contextid="2592" timestamp="2025-12-11T03:31:51.844">
  <mem-info id="2594" free="51235312" total="333053952" percent="15">
    <mem type="nursery" free="0" total="162398208" percent="0">
      <mem type="allocate" free="0" total="146145280" percent="0" />
      <mem type="survivor" free="0" total="16252928" percent="0" />
    </mem>
    <mem type="tenure" free="51235312" total="170655744" percent="30">
      <mem type="soa" free="49528304" total="168948736" percent="29" />
      <mem type="loa" free="1707008" total="1707008" percent="100" />
    </mem>
    <remembered-set count="3585" />
  </mem-info>
</gc-start>
<allocation-stats totalBytes="143480424" discardedBytes="51096" >
  <allocated-bytes non-tlh="2008" tlh="143478416" />
  <largest-consumer threadName="Timer-7" threadId="0000000000FFF400" bytes="36573568" />
</allocation-stats>
<gc-op id="2595" type="scavenge" timems="16.371" contextid="2592" timestamp="2025-12-11T03:31:51.862">
  <scavenger-info tenureage="14" tenuremask="4000" tiltratio="89" />
  <memory-copied type="nursery" objects="64354" bytes="2306592" bytesdiscarded="174416" />
  <finalization candidates="7" enqueued="4" />
  <ownableSynchronizers candidates="20645" cleared="20363" />
  <references type="soft" candidates="177" cleared="0" enqueued="0" dynamicThreshold="9" maxThreshold="32" />
  <references type="weak" candidates="234" cleared="25" enqueued="19" />
  <references type="phantom" candidates="427" cleared="418" enqueued="418" />
  <object-monitors candidates="208" cleared="14"  />
</gc-op>
<gc-end id="2596" type="scavenge" contextid="2592" durationms="23.771" usertimems="25.462" systemtimems="0.000" stalltimems="110.620" timestamp="2025-12-11T03:31:51.868" activeThreads="11">
  <mem-info id="2597" free="194895736" total="333053952" percent="58">
    <mem type="nursery" free="143660424" total="162398208" percent="88">
      <mem type="allocate" free="143660424" total="146145280" percent="98" />
      <mem type="survivor" free="0" total="16252928" percent="0" />
    </mem>
    <mem type="tenure" free="51235312" total="170655744" percent="30" macro-fragmented="39939376">
      <mem type="soa" free="49528304" total="168948736" percent="29" />
      <mem type="loa" free="1707008" total="1707008" percent="100" />
    </mem>
    <pending-finalizers system="4" default="0" reference="437" classloader="0" />
    <remembered-set count="3343" />
  </mem-info>
</gc-end>
<cycle-end id="2598" type="scavenge" contextid="2592" timestamp="2025-12-11T03:31:51.869" />
<allocation-satisfied id="2599" threadId="0000000000FFF400" bytesRequested="4616" />
<af-end id="2600" timestamp="2025-12-11T03:31:51.870" threadId="0000000000FFFE78" success="true" from="nursery"/>
<exclusive-end id="2601" timestamp="2025-12-11T03:31:51.871" durationms="31.294" />

<exclusive-start id="2602" timestamp="2025-12-11T03:35:40.317" intervalms="228478.047">
  <response-info timems="0.090" idlems="0.090" threads="0" lastid="00000000017FFA00" lastname="Default Executor-thread-29" />
</exclusive-start>
<af-start id="2603" threadId="0000000001800478" totalBytesRequested="72" timestamp="2025-12-11T03:35:40.320" intervalms="228478.471" type="nursery" />
<cycle-start id="2604" type="scavenge" contextid="0" timestamp="2025-12-11T03:35:40.321" intervalms="228479.115" />
<gc-start id="2605" type="scavenge" contextid="2604" timestamp="2025-12-11T03:35:40.324">
  <mem-info id="2606" free="51233104" total="333053952" percent="15">
    <mem type="nursery" free="0" total="162398208" percent="0">
      <mem type="allocate" free="0" total="146145280" percent="0" />
      <mem type="survivor" free="0" total="16252928" percent="0" />
    </mem>
    <mem type="tenure" free="51233104" total="170655744" percent="30">
      <mem type="soa" free="49526096" total="168948736" percent="29" />
      <mem type="loa" free="1707008" total="1707008" percent="100" />
    </mem>
    <remembered-set count="4148" />
  </mem-info>
</gc-start>
<allocation-stats totalBytes="143549352" discardedBytes="113280" >
  <allocated-bytes non-tlh="6824" tlh="143542528" />
  <largest-consumer threadName="Timer-7" threadId="0000000000FFF400" bytes="35125648" />
</allocation-stats>
<gc-op id="2607" type="scavenge" timems="28.464" contextid="2604" timestamp="2025-12-11T03:35:40.354">
  <scavenger-info tenureage="5" tenuremask="4020" tiltratio="89" />
  <memory-copied type="nursery" objects="16737" bytes="719104" bytesdiscarded="485320" />
  <memory-copied type="tenure" objects="49111" bytes="1677200" bytesdiscarded="320" />
  <finalization candidates="6" enqueued="3" />
  <ownableSynchronizers candidates="19450" cleared="19179" />
  <references type="soft" candidates="17" cleared="0" enqueued="0" dynamicThreshold="9" maxThreshold="32" />
  <references type="weak" candidates="782" cleared="8" enqueued="1" />
  <references type="phantom" candidates="282" cleared="272" enqueued="272" />
  <object-monitors candidates="195" cleared="0"  />
</gc-op>
<gc-end id="2608" type="scavenge" contextid="2604" durationms="54.156" usertimems="27.300" systemtimems="18.792" stalltimems="76.209" timestamp="2025-12-11T03:35:40.378" activeThreads="9">
  <mem-info id="2609" free="194388048" total="333053952" percent="58">
    <mem type="nursery" free="144938768" total="162398208" percent="89">
      <mem type="allocate" free="144938768" total="146145280" percent="99" />
      <mem type="survivor" free="0" total="16252928" percent="0" />
    </mem>
    <mem type="tenure" free="49449280" total="170655744" percent="28" macro-fragmented="27735676">
      <mem type="soa" free="47742272" total="168948736" percent="28" />
      <mem type="loa" free="1707008" total="1707008" percent="100" />
    </mem>
    <pending-finalizers system="3" default="0" reference="273" classloader="0" />
    <remembered-set count="1256" />
  </mem-info>
</gc-end>
<cycle-end id="2610" type="scavenge" contextid="2604" timestamp="2025-12-11T03:35:40.379" />
<allocation-satisfied id="2611" threadId="00000000017FFA00" bytesRequested="72" />
<af-end id="2612" timestamp="2025-12-11T03:35:40.380" threadId="0000000001800478" success="true" from="nursery"/>
<exclusive-end id="2613" timestamp="2025-12-11T03:35:40.381" durationms="63.455" />

<exclusive-start id="2614" timestamp="2025-12-11T03:36:46.312" intervalms="65994.968">
  <response-info timems="0.065" idlems="0.065" threads="0" lastid="00000000018C1300" lastname="Default Executor-thread-64" />
</exclusive-start>
<af-start id="2615" threadId="00000000018C1D78" totalBytesRequested="592" timestamp="2025-12-11T03:36:46.313" intervalms="65993.506" type="nursery" />
<cycle-start id="2616" type="scavenge" contextid="0" timestamp="2025-12-11T03:36:46.314" intervalms="65992.648" />
<gc-start id="2617" type="scavenge" contextid="2616" timestamp="2025-12-11T03:36:46.316">
  <mem-info id="2618" free="49418480" total="333053952" percent="14">
    <mem type="nursery" free="0" total="162398208" percent="0">
      <mem type="allocate" free="0" total="146145280" percent="0" />
      <mem type="survivor" free="0" total="16252928" percent="0" />
    </mem>
    <mem type="tenure" free="49418480" total="170655744" percent="28">
      <mem type="soa" free="47711472" total="168948736" percent="28" />
      <mem type="loa" free="1707008" total="1707008" percent="100" />
    </mem>
    <remembered-set count="3634" />
  </mem-info>
</gc-start>
<allocation-stats totalBytes="144890200" discardedBytes="79368" >
  <allocated-bytes non-tlh="607920" tlh="144282280" />
  <largest-consumer threadName="Default Executor-thread-4" threadId="0000000000858900" bytes="56185864" />
</allocation-stats>
<gc-op id="2619" type="scavenge" timems="11.227" contextid="2616" timestamp="2025-12-11T03:36:46.329">
  <scavenger-info tenureage="5" tenuremask="4020" tiltratio="89" />
  <memory-copied type="nursery" objects="55103" bytes="2261544" bytesdiscarded="113720" />
  <memory-copied type="tenure" objects="2841" bytes="141000" bytesdiscarded="8" />
  <finalization candidates="100" enqueued="96" />
  <ownableSynchronizers candidates="8907" cleared="8682" />
  <references type="soft" candidates="188" cleared="0" enqueued="0" dynamicThreshold="9" maxThreshold="32" />
  <references type="weak" candidates="1588" cleared="566" enqueued="523" />
  <references type="phantom" candidates="22" cleared="3" enqueued="3" />
  <object-monitors candidates="203" cleared="8"  />
</gc-op>
<gc-end id="2620" type="scavenge" contextid="2616" durationms="55.774" usertimems="19.476" systemtimems="8.051" stalltimems="31.504" timestamp="2025-12-11T03:36:46.371" activeThreads="10">
  <mem-info id="2621" free="192976952" total="333053952" percent="57">
    <mem type="nursery" free="143760456" total="162398208" percent="88">
      <mem type="allocate" free="143760456" total="146145280" percent="98" />
      <mem type="survivor" free="0" total="16252928" percent="0" />
    </mem>
    <mem type="tenure" free="49216496" total="170655744" percent="28" macro-fragmented="39939376">
      <mem type="soa" free="47509488" total="168948736" percent="28" />
      <mem type="loa" free="1707008" total="1707008" percent="100" />
    </mem>
    <pending-finalizers system="2" default="94" reference="526" classloader="0" />
    <remembered-set count="1941" />
  </mem-info>
</gc-end>
<cycle-end id="2622" type="scavenge" contextid="2616" timestamp="2025-12-11T03:36:46.372" />
<allocation-satisfied id="2623" threadId="00000000018C1300" bytesRequested="592" />
<af-end id="2624" timestamp="2025-12-11T03:36:46.374" threadId="00000000018C1D78" success="true" from="nursery"/>
<exclusive-end id="2625" timestamp="2025-12-11T03:36:46.374" durationms="61.823" />

<exclusive-start id="2626" timestamp="2025-12-11T03:37:41.067" intervalms="54754.399">
  <response-info timems="0.069" idlems="0.069" threads="0" lastid="00000000018CE300" lastname="Default Executor-thread-7" />
</exclusive-start>
<af-start id="2627" threadId="00000000018CED78" totalBytesRequested="80" timestamp="2025-12-11T03:37:41.068" intervalms="54755.176" type="nursery" />
<cycle-start id="2628" type="scavenge" contextid="0" timestamp="2025-12-11T03:37:41.071" intervalms="54757.125" />
<gc-start id="2629" type="scavenge" contextid="2628" timestamp="2025-12-11T03:37:41.073">
  <mem-info id="2630" free="49190320" total="333053952" percent="14">
    <mem type="nursery" free="0" total="162398208" percent="0">
      <mem type="allocate" free="0" total="146145280" percent="0" />
      <mem type="survivor" free="0" total="16252928" percent="0" />
    </mem>
    <mem type="tenure" free="49190320" total="170655744" percent="28">
      <mem type="soa" free="47483312" total="168948736" percent="28" />
      <mem type="loa" free="1707008" total="1707008" percent="100" />
    </mem>
    <remembered-set count="3788" />
  </mem-info>
</gc-start>
<allocation-stats totalBytes="143621424" discardedBytes="165208" >
  <allocated-bytes non-tlh="714928" tlh="142906496" />
  <largest-consumer threadName="Default Executor-thread-7" threadId="00000000018CE300" bytes="63535408" />
</allocation-stats>
<gc-op id="2631" type="scavenge" timems="8.783" contextid="2628" timestamp="2025-12-11T03:37:41.084">
  <scavenger-info tenureage="14" tenuremask="4000" tiltratio="89" />
  <memory-copied type="nursery" objects="102444" bytes="3996056" bytesdiscarded="169184" />
  <finalization candidates="103" enqueued="96" />
  <ownableSynchronizers candidates="7843" cleared="7496" />
  <references type="soft" candidates="372" cleared="0" enqueued="0" dynamicThreshold="9" maxThreshold="32" />
  <references type="weak" candidates="1813" cleared="577" enqueued="530" />
  <references type="phantom" candidates="61" cleared="34" enqueued="34" />
  <object-monitors candidates="197" cleared="2"  />
</gc-op>
<gc-end id="2632" type="scavenge" contextid="2628" durationms="50.100" usertimems="22.516" systemtimems="15.891" stalltimems="34.218" timestamp="2025-12-11T03:37:41.123" activeThreads="10">
  <mem-info id="2633" free="191158712" total="333053952" percent="57">
    <mem type="nursery" free="141968392" total="162398208" percent="87">
      <mem type="allocate" free="141968392" total="146145280" percent="97" />
      <mem type="survivor" free="0" total="16252928" percent="0" />
    </mem>
    <mem type="tenure" free="49190320" total="170655744" percent="28" macro-fragmented="23113062">
      <mem type="soa" free="47483312" total="168948736" percent="28" />
      <mem type="loa" free="1707008" total="1707008" percent="100" />
    </mem>
    <pending-finalizers system="2" default="94" reference="564" classloader="0" />
    <remembered-set count="2461" />
  </mem-info>
</gc-end>
<cycle-end id="2634" type="scavenge" contextid="2628" timestamp="2025-12-11T03:37:41.124" />
<allocation-satisfied id="2635" threadId="00000000018CE300" bytesRequested="80" />
<af-end id="2636" timestamp="2025-12-11T03:37:41.126" threadId="00000000018CED78" success="true" from="nursery"/>
<exclusive-end id="2637" timestamp="2025-12-11T03:37:41.126" durationms="59.766" />

<exclusive-start id="2638" timestamp="2025-12-11T03:38:08.606" intervalms="27538.984">
  <response-info timems="0.059" idlems="0.059" threads="0" lastid="000000000085B900" lastname="Default Executor-thread-72" />
</exclusive-start>
<af-start id="2639" threadId="000000000085C378" totalBytesRequested="40" timestamp="2025-12-11T03:38:08.606" intervalms="27537.713" type="nursery" />
<cycle-start id="2640" type="scavenge" contextid="0" timestamp="2025-12-11T03:38:08.607" intervalms="27535.579" />
<gc-start id="2641" type="scavenge" contextid="2640" timestamp="2025-12-11T03:38:08.607">
  <mem-info id="2642" free="49146816" total="333053952" percent="14">
    <mem type="nursery" free="0" total="162398208" percent="0">
      <mem type="allocate" free="0" total="146145280" percent="0" />
      <mem type="survivor" free="0" total="16252928" percent="0" />
    </mem>
    <mem type="tenure" free="49146816" total="170655744" percent="28">
      <mem type="soa" free="47439808" total="168948736" percent="28" />
      <mem type="loa" free="1707008" total="1707008" percent="100" />
    </mem>
    <remembered-set count="4136" />
  </mem-info>
</gc-start>
<allocation-stats totalBytes="141951952" discardedBytes="59944" >
  <allocated-bytes non-tlh="436816" tlh="141515136" />
  <largest-consumer threadName="Default Executor-thread-7" threadId="00000000018CE300" bytes="49840592" />
</allocation-stats>
<gc-op id="2643" type="scavenge" timems="13.573" contextid="2640" timestamp="2025-12-11T03:38:08.622">
  <scavenger-info tenureage="14" tenuremask="4000" tiltratio="89" />
  <memory-copied type="nursery" objects="217988" bytes="7595912" bytesdiscarded="82560" />
  <finalization candidates="196" enqueued="187" />
  <ownableSynchronizers candidates="6533" cleared="5976" />
  <references type="soft" candidates="610" cleared="0" enqueued="0" dynamicThreshold="9" maxThreshold="32" />
  <references type="weak" candidates="2118" cleared="633" enqueued="589" />
  <references type="phantom" candidates="64" cleared="31" enqueued="31" />
  <object-monitors candidates="201" cleared="4"  />
</gc-op>
<gc-end id="2644" type="scavenge" contextid="2640" durationms="33.100" usertimems="38.628" systemtimems="3.873" stalltimems="49.465" timestamp="2025-12-11T03:38:08.640" activeThreads="9">
  <mem-info id="2645" free="187588576" total="333053952" percent="56">
    <mem type="nursery" free="138441760" total="162398208" percent="85">
      <mem type="allocate" free="138441760" total="146145280" percent="94" />
      <mem type="survivor" free="0" total="16252928" percent="0" />
    </mem>
    <mem type="tenure" free="49146816" total="170655744" percent="28" macro-fragmented="39939376">
      <mem type="soa" free="47439808" total="168948736" percent="28" />
      <mem type="loa" free="1707008" total="1707008" percent="100" />
    </mem>
    <pending-finalizers system="1" default="186" reference="620" classloader="0" />
    <remembered-set count="2760" />
  </mem-info>
</gc-end>
<cycle-end id="2646" type="scavenge" contextid="2640" timestamp="2025-12-11T03:38:08.641" />
<allocation-satisfied id="2647" threadId="000000000085B900" bytesRequested="40" />
<af-end id="2648" timestamp="2025-12-11T03:38:08.642" threadId="000000000085C378" success="true" from="nursery"/>
<exclusive-end id="2649" timestamp="2025-12-11T03:38:08.643" durationms="37.143" />

<exclusive-start id="2650" timestamp="2025-12-11T03:38:36.682" intervalms="28076.017">
  <response-info timems="1.273" idlems="1.273" threads="0" lastid="00000000005EFE00" lastname="Default Executor-thread-40" />
</exclusive-start>
<af-start id="2651" threadId="00000000005F0878" totalBytesRequested="40" timestamp="2025-12-11T03:38:36.682" intervalms="28076.237" type="nursery" />
<cycle-start id="2652" type="scavenge" contextid="0" timestamp="2025-12-11T03:38:36.683" intervalms="28076.280" />
<gc-start id="2653" type="scavenge" contextid="2652" timestamp="2025-12-11T03:38:36.684">
  <mem-info id="2654" free="49103856" total="333053952" percent="14">
    <mem type="nursery" free="0" total="162398208" percent="0">
      <mem type="allocate" free="0" total="146145280" percent="0" />
      <mem type="survivor" free="0" total="16252928" percent="0" />
    </mem>
    <mem type="tenure" free="49103856" total="170655744" percent="28">
      <mem type="soa" free="47396848" total="168948736" percent="28" />
      <mem type="loa" free="1707008" total="1707008" percent="100" />
    </mem>
    <remembered-set count="4724" />
  </mem-info>
</gc-start>
<allocation-stats totalBytes="138438384" discardedBytes="46336" >
  <allocated-bytes non-tlh="305152" tlh="138133232" />
  <largest-consumer threadName="Default Executor-thread-78" threadId="00000000019C7C00" bytes="56526312" />
</allocation-stats>
<gc-op id="2655" type="scavenge" timems="11.618" contextid="2652" timestamp="2025-12-11T03:38:36.696">
  <scavenger-info tenureage="14" tenuremask="4000" tiltratio="89" />
  <memory-copied type="nursery" objects="221198" bytes="8370456" bytesdiscarded="87336" />
  <finalization candidates="108" enqueued="97" />
  <ownableSynchronizers candidates="8729" cleared="8031" />
  <references type="soft" candidates="908" cleared="0" enqueued="0" dynamicThreshold="9" maxThreshold="32" />
  <references type="weak" candidates="2202" cleared="627" enqueued="560" />
  <references type="phantom" candidates="99" cleared="59" enqueued="59" />
  <object-monitors candidates="203" cleared="5"  />
</gc-op>
<gc-end id="2656" type="scavenge" contextid="2652" durationms="22.029" usertimems="29.705" systemtimems="13.874" stalltimems="65.843" timestamp="2025-12-11T03:38:36.706" activeThreads="9">
  <mem-info id="2657" free="186771808" total="333053952" percent="56">
    <mem type="nursery" free="137667952" total="162398208" percent="84">
      <mem type="allocate" free="137667952" total="146145280" percent="94" />
      <mem type="survivor" free="0" total="16252928" percent="0" />
    </mem>
    <mem type="tenure" free="49103856" total="170655744" percent="28" macro-fragmented="39939376">
      <mem type="soa" free="47396848" total="168948736" percent="28" />
      <mem type="loa" free="1707008" total="1707008" percent="100" />
    </mem>
    <pending-finalizers system="1" default="96" reference="619" classloader="0" />
    <remembered-set count="3139" />
  </mem-info>
</gc-end>
<cycle-end id="2658" type="scavenge" contextid="2652" timestamp="2025-12-11T03:38:36.707" />
<allocation-satisfied id="2659" threadId="00000000005EFE00" bytesRequested="40" />
<af-end id="2660" timestamp="2025-12-11T03:38:36.708" threadId="00000000005F0878" success="true" from="nursery"/>
<exclusive-end id="2661" timestamp="2025-12-11T03:38:36.709" durationms="26.873" />

<exclusive-start id="2662" timestamp="2025-12-11T03:39:33.653" intervalms="56971.091">
  <response-info timems="0.101" idlems="0.101" threads="0" lastid="0000000001886800" lastname="Default Executor-thread-61" />
</exclusive-start>
<af-start id="2663" threadId="0000000001887278" totalBytesRequested="584" timestamp="2025-12-11T03:39:33.655" intervalms="56972.501" type="nursery" />
<cycle-start id="2664" type="scavenge" contextid="0" timestamp="2025-12-11T03:39:33.657" intervalms="56974.159" />
<gc-start id="2665" type="scavenge" contextid="2664" timestamp="2025-12-11T03:39:33.659">
  <mem-info id="2666" free="49076616" total="333053952" percent="14">
    <mem type="nursery" free="0" total="162398208" percent="0">
      <mem type="allocate" free="0" total="146145280" percent="0" />
      <mem type="survivor" free="0" total="16252928" percent="0" />
    </mem>
    <mem type="tenure" free="49076616" total="170655744" percent="28">
      <mem type="soa" free="47369608" total="168948736" percent="28" />
      <mem type="loa" free="1707008" total="1707008" percent="100" />
    </mem>
    <remembered-set count="4845" />
  </mem-info>
</gc-start>
<allocation-stats totalBytes="137559296" discardedBytes="135896" >
  <allocated-bytes non-tlh="518840" tlh="137040456" />
  <largest-consumer threadName="Default Executor-thread-39" threadId="00000000005ECE00" bytes="56076840" />
</allocation-stats>
<gc-op id="2667" type="scavenge" timems="9.216" contextid="2664" timestamp="2025-12-11T03:39:33.670">
  <scavenger-info tenureage="4" tenuremask="4010" tiltratio="89" />
  <memory-copied type="nursery" objects="194242" bytes="7325640" bytesdiscarded="124896" />
  <memory-copied type="tenure" objects="36848" bytes="1459272" bytesdiscarded="432" />
  <finalization candidates="109" enqueued="96" />
  <ownableSynchronizers candidates="8414" cleared="7683" />
  <references type="soft" candidates="908" cleared="0" enqueued="0" dynamicThreshold="9" maxThreshold="32" />
  <references type="weak" candidates="1923" cleared="588" enqueued="530" />
  <references type="phantom" candidates="64" cleared="33" enqueued="33" />
  <object-monitors candidates="202" cleared="6"  />
</gc-op>
<gc-end id="2668" type="scavenge" contextid="2664" durationms="39.006" usertimems="35.924" systemtimems="15.669" stalltimems="13.090" timestamp="2025-12-11T03:39:33.698" activeThreads="8">
  <mem-info id="2669" free="185733144" total="333053952" percent="55">
    <mem type="nursery" free="138678408" total="162398208" percent="85">
      <mem type="allocate" free="138678408" total="146145280" percent="94" />
      <mem type="survivor" free="0" total="16252928" percent="0" />
    </mem>
    <mem type="tenure" free="47054736" total="170655744" percent="27" macro-fragmented="33282812">
      <mem type="soa" free="45347728" total="168948736" percent="26" />
      <mem type="loa" free="1707008" total="1707008" percent="100" />
    </mem>
    <pending-finalizers system="2" default="94" reference="563" classloader="0" />
    <remembered-set count="2627" />
  </mem-info>
</gc-end>
<cycle-end id="2670" type="scavenge" contextid="2664" timestamp="2025-12-11T03:39:33.699" />
<allocation-satisfied id="2671" threadId="0000000001886800" bytesRequested="584" />
<af-end id="2672" timestamp="2025-12-11T03:39:33.701" threadId="0000000001887278" success="true" from="nursery"/>
<exclusive-end id="2673" timestamp="2025-12-11T03:39:33.702" durationms="49.211" />

<exclusive-start id="2674" timestamp="2025-12-11T03:40:36.848" intervalms="63194.979">
  <response-info timems="0.068" idlems="0.068" threads="0" lastid="0000000000FFF400" lastname="Timer-7" />
</exclusive-start>
<af-start id="2675" threadId="0000000000FFFE78" totalBytesRequested="6768" timestamp="2025-12-11T03:40:36.849" intervalms="63194.537" type="nursery" />
<cycle-start id="2676" type="scavenge" contextid="0" timestamp="2025-12-11T03:40:36.850" intervalms="63193.211" />
<gc-start id="2677" type="scavenge" contextid="2676" timestamp="2025-12-11T03:40:36.852">
  <mem-info id="2678" free="47029712" total="333053952" percent="14">
    <mem type="nursery" free="0" total="162398208" percent="0">
      <mem type="allocate" free="0" total="146145280" percent="0" />
      <mem type="survivor" free="0" total="16252928" percent="0" />
    </mem>
    <mem type="tenure" free="47029712" total="170655744" percent="27">
      <mem type="soa" free="45322704" total="168948736" percent="26" />
      <mem type="loa" free="1707008" total="1707008" percent="100" />
    </mem>
    <remembered-set count="4295" />
  </mem-info>
</gc-start>
<allocation-stats totalBytes="138598528" discardedBytes="104904" >
  <allocated-bytes non-tlh="779320" tlh="137819208" />
  <largest-consumer threadName="Default Executor-thread-61" threadId="0000000001886800" bytes="55971264" />
</allocation-stats>
<gc-op id="2679" type="scavenge" timems="17.355" contextid="2676" timestamp="2025-12-11T03:40:36.871">
  <scavenger-info tenureage="3" tenuremask="4118" tiltratio="89" />
  <memory-copied type="nursery" objects="128406" bytes="5087080" bytesdiscarded="424648" />
  <memory-copied type="tenure" objects="101369" bytes="3635392" bytesdiscarded="2464" />
  <finalization candidates="108" enqueued="94" />
  <ownableSynchronizers candidates="9271" cleared="8544" />
  <references type="soft" candidates="666" cleared="0" enqueued="0" dynamicThreshold="9" maxThreshold="32" />
  <references type="weak" candidates="1641" cleared="573" enqueued="533" />
  <references type="phantom" candidates="22" cleared="1" enqueued="1" />
  <object-monitors candidates="218" cleared="18"  />
</gc-op>
<heap-resize id="2680" type="contract" space="nursery" amount="1703936" count="1" timems="0.118" reason="insufficient time being spent scavenging" timestamp="2025-12-11T03:40:36.871" />
<gc-end id="2681" type="scavenge" contextid="2676" durationms="39.410" usertimems="45.027" systemtimems="0.000" stalltimems="28.798" timestamp="2025-12-11T03:40:36.891" activeThreads="9">
  <mem-info id="2682" free="182402920" total="331350016" percent="55">
    <mem type="nursery" free="139047048" total="160694272" percent="86">
      <mem type="allocate" free="139047048" total="144572416" percent="96" />
      <mem type="survivor" free="0" total="16121856" percent="0" />
    </mem>
    <mem type="tenure" free="43355872" total="170655744" percent="25" macro-fragmented="39939376">
      <mem type="soa" free="41648864" total="168948736" percent="24" />
      <mem type="loa" free="1707008" total="1707008" percent="100" />
    </mem>
    <pending-finalizers system="0" default="94" reference="534" classloader="0" />
    <remembered-set count="2614" />
  </mem-info>
</gc-end>
<cycle-end id="2683" type="scavenge" contextid="2676" timestamp="2025-12-11T03:40:36.892" />
<allocation-satisfied id="2684" threadId="0000000000FFF400" bytesRequested="6768" />
<af-end id="2685" timestamp="2025-12-11T03:40:36.894" threadId="0000000000FFFE78" success="true" from="nursery"/>
<exclusive-end id="2686" timestamp="2025-12-11T03:40:36.894" durationms="46.268" />

<exclusive-start id="2687" timestamp="2025-12-11T03:41:58.288" intervalms="81440.229">
  <response-info timems="0.065" idlems="0.065" threads="0" lastid="0000000001960B00" lastname="Default Executor-thread-120" />
</exclusive-start>
<af-start id="2688" threadId="0000000001961578" totalBytesRequested="24" timestamp="2025-12-11T03:41:58.290" intervalms="81440.877" type="nursery" />
<cycle-start id="2689" type="scavenge" contextid="0" timestamp="2025-12-11T03:41:58.293" intervalms="81442.350" />
<gc-start id="2690" type="scavenge" contextid="2689" timestamp="2025-12-11T03:41:58.295">
  <mem-info id="2691" free="43332416" total="331350016" percent="13">
    <mem type="nursery" free="0" total="160694272" percent="0">
      <mem type="allocate" free="0" total="144572416" percent="0" />
      <mem type="survivor" free="0" total="16121856" percent="0" />
    </mem>
    <mem type="tenure" free="43332416" total="170655744" percent="25">
      <mem type="soa" free="41625408" total="168948736" percent="24" />
      <mem type="loa" free="1707008" total="1707008" percent="100" />
    </mem>
    <remembered-set count="4469" />
  </mem-info>
</gc-start>
<allocation-stats totalBytes="138942928" discardedBytes="127576" >
  <allocated-bytes non-tlh="456256" tlh="138486672" />
  <largest-consumer threadName="Timer-7" threadId="0000000000FFF400" bytes="13822168" />
</allocation-stats>
<gc-op id="2692" type="scavenge" timems="46.504" contextid="2689" timestamp="2025-12-11T03:41:58.345">
  <scavenger-info tenureage="3" tenuremask="4008" tiltratio="89" />
  <memory-copied type="nursery" objects="145663" bytes="5406984" bytesdiscarded="339840" />
  <memory-copied type="tenure" objects="40165" bytes="1707184" bytesdiscarded="1080" />
  <finalization candidates="104" enqueued="95" />
  <ownableSynchronizers candidates="10504" cleared="9895" />
  <references type="soft" candidates="545" cleared="0" enqueued="0" dynamicThreshold="9" maxThreshold="32" />
  <references type="weak" candidates="1567" cleared="584" enqueued="556" />
  <references type="phantom" candidates="17" cleared="3" enqueued="3" />
  <object-monitors candidates="222" cleared="13"  />
</gc-op>
<gc-end id="2693" type="scavenge" contextid="2689" durationms="65.433" usertimems="34.522" systemtimems="8.963" stalltimems="280.149" timestamp="2025-12-11T03:41:58.361" activeThreads="12">
  <mem-info id="2694" free="180506224" total="331350016" percent="54">
    <mem type="nursery" free="138810752" total="160694272" percent="86">
      <mem type="allocate" free="138810752" total="144572416" percent="96" />
      <mem type="survivor" free="0" total="16121856" percent="0" />
    </mem>
    <mem type="tenure" free="41695472" total="170655744" percent="24" macro-fragmented="27735676">
      <mem type="soa" free="39988464" total="168948736" percent="23" />
      <mem type="loa" free="1707008" total="1707008" percent="100" />
    </mem>
    <pending-finalizers system="1" default="94" reference="559" classloader="0" />
    <remembered-set count="2360" />
  </mem-info>
</gc-end>
<cycle-end id="2695" type="scavenge" contextid="2689" timestamp="2025-12-11T03:41:58.361" />
<allocation-satisfied id="2696" threadId="0000000001960B00" bytesRequested="24" />
<af-end id="2697" timestamp="2025-12-11T03:41:58.362" threadId="0000000001961578" success="true" from="nursery"/>
<exclusive-end id="2698" timestamp="2025-12-11T03:41:58.362" durationms="74.440" />

<exclusive-start id="2699" timestamp="2025-12-11T03:42:52.125" intervalms="53837.515">
  <response-info timems="0.184" idlems="0.184" threads="0" lastid="000000000184D600" lastname="Default Executor-thread-118" />
</exclusive-start>
<af-start id="2700" threadId="000000000184E078" totalBytesRequested="16" timestamp="2025-12-11T03:42:52.127" intervalms="53836.891" type="nursery" />
<cycle-start id="2701" type="scavenge" contextid="0" timestamp="2025-12-11T03:42:52.129" intervalms="53836.703" />
<gc-start id="2702" type="scavenge" contextid="2701" timestamp="2025-12-11T03:42:52.132">
  <mem-info id="2703" free="41669376" total="331350016" percent="12">
    <mem type="nursery" free="0" total="160694272" percent="0">
      <mem type="allocate" free="0" total="144572416" percent="0" />
      <mem type="survivor" free="0" total="16121856" percent="0" />
    </mem>
    <mem type="tenure" free="41669376" total="170655744" percent="24">
      <mem type="soa" free="39962368" total="168948736" percent="23" />
      <mem type="loa" free="1707008" total="1707008" percent="100" />
    </mem>
    <remembered-set count="4229" />
  </mem-info>
</gc-start>
<allocation-stats totalBytes="138680208" discardedBytes="156640" >
  <allocated-bytes non-tlh="534080" tlh="138146128" />
  <largest-consumer threadName="Default Executor-thread-85" threadId="00000000017FC500" bytes="56215608" />
</allocation-stats>
<gc-op id="2704" type="scavenge" timems="26.811" contextid="2701" timestamp="2025-12-11T03:42:52.162">
  <scavenger-info tenureage="3" tenuremask="4008" tiltratio="89" />
  <memory-copied type="nursery" objects="124059" bytes="4923800" bytesdiscarded="224808" />
  <memory-copied type="tenure" objects="35984" bytes="1300080" bytesdiscarded="1640" />
  <finalization candidates="105" enqueued="95" />
  <ownableSynchronizers candidates="8099" cleared="7577" />
  <references type="soft" candidates="549" cleared="0" enqueued="0" dynamicThreshold="9" maxThreshold="32" />
  <references type="weak" candidates="1909" cleared="570" enqueued="518" />
  <references type="phantom" candidates="70" cleared="31" enqueued="31" />
  <object-monitors candidates="211" cleared="3"  />
</gc-op>
<gc-end id="2705" type="scavenge" contextid="2701" durationms="47.500" usertimems="53.049" systemtimems="1.214" stalltimems="78.969" timestamp="2025-12-11T03:42:52.180" activeThreads="11">
  <mem-info id="2706" free="179742016" total="331350016" percent="54">
    <mem type="nursery" free="139411424" total="160694272" percent="86">
      <mem type="allocate" free="139411424" total="144572416" percent="96" />
      <mem type="survivor" free="0" total="16121856" percent="0" />
    </mem>
    <mem type="tenure" free="40330592" total="170655744" percent="23" macro-fragmented="33282812">
      <mem type="soa" free="38623584" total="168948736" percent="22" />
      <mem type="loa" free="1707008" total="1707008" percent="100" />
    </mem>
    <pending-finalizers system="1" default="94" reference="549" classloader="0" />
    <remembered-set count="2096" />
  </mem-info>
</gc-end>
<cycle-end id="2707" type="scavenge" contextid="2701" timestamp="2025-12-11T03:42:52.181" />
<allocation-satisfied id="2708" threadId="000000000184D600" bytesRequested="16" />
<af-end id="2709" timestamp="2025-12-11T03:42:52.182" threadId="000000000184E078" success="true" from="nursery"/>
<exclusive-end id="2710" timestamp="2025-12-11T03:42:52.182" durationms="56.529" />

<exclusive-start id="2711" timestamp="2025-12-11T03:43:35.136" intervalms="43010.057">
  <response-info timems="0.067" idlems="0.067" threads="0" lastid="00000000019C9400" lastname="Default Executor-thread-19" />
</exclusive-start>
<af-start id="2712" threadId="00000000019C9E78" totalBytesRequested="8200" timestamp="2025-12-11T03:43:35.137" intervalms="43009.790" type="nursery" />
<cycle-start id="2713" type="scavenge" contextid="0" timestamp="2025-12-11T03:43:35.138" intervalms="43008.589" />
<gc-start id="2714" type="scavenge" contextid="2713" timestamp="2025-12-11T03:43:35.139">
  <mem-info id="2715" free="40305752" total="331350016" percent="12">
    <mem type="nursery" free="0" total="160694272" percent="0">
      <mem type="allocate" free="0" total="144572416" percent="0" />
      <mem type="survivor" free="0" total="16121856" percent="0" />
    </mem>
    <mem type="tenure" free="40305752" total="170655744" percent="23">
      <mem type="soa" free="38598744" total="168948736" percent="22" />
      <mem type="loa" free="1707008" total="1707008" percent="100" />
    </mem>
    <remembered-set count="3762" />
  </mem-info>
</gc-start>
<allocation-stats totalBytes="139348248" discardedBytes="88016" >
  <allocated-bytes non-tlh="352560" tlh="138995688" />
  <largest-consumer threadName="Default Executor-thread-120" threadId="0000000001960B00" bytes="55992368" />
</allocation-stats>
<gc-op id="2716" type="scavenge" timems="13.443" contextid="2713" timestamp="2025-12-11T03:43:35.155">
  <scavenger-info tenureage="12" tenuremask="5000" tiltratio="89" />
  <memory-copied type="nursery" objects="185606" bytes="7211104" bytesdiscarded="130888" />
  <memory-copied type="tenure" objects="290" bytes="18168" bytesdiscarded="344" />
  <finalization candidates="149" enqueued="138" />
  <ownableSynchronizers candidates="7166" cleared="6620" />
  <references type="soft" candidates="732" cleared="0" enqueued="0" dynamicThreshold="9" maxThreshold="32" />
  <references type="weak" candidates="2125" cleared="571" enqueued="526" />
  <references type="phantom" candidates="55" cleared="6" enqueued="6" />
  <object-monitors candidates="213" cleared="4"  />
</gc-op>
<gc-end id="2717" type="scavenge" contextid="2713" durationms="27.795" usertimems="32.080" systemtimems="14.960" stalltimems="111.391" timestamp="2025-12-11T03:43:35.167" activeThreads="12">
  <mem-info id="2718" free="177435304" total="331350016" percent="53">
    <mem type="nursery" free="137214032" total="160694272" percent="85">
      <mem type="allocate" free="137214032" total="144572416" percent="94" />
      <mem type="survivor" free="0" total="16121856" percent="0" />
    </mem>
    <mem type="tenure" free="40221272" total="170655744" percent="23" macro-fragmented="33282812">
      <mem type="soa" free="38514264" total="168948736" percent="22" />
      <mem type="loa" free="1707008" total="1707008" percent="100" />
    </mem>
    <pending-finalizers system="2" default="136" reference="532" classloader="0" />
    <remembered-set count="2155" />
  </mem-info>
</gc-end>
<cycle-end id="2719" type="scavenge" contextid="2713" timestamp="2025-12-11T03:43:35.170" />
<allocation-satisfied id="2720" threadId="00000000019C9400" bytesRequested="8200" />
<af-end id="2721" timestamp="2025-12-11T03:43:35.172" threadId="00000000019C9E78" success="true" from="nursery"/>
<exclusive-end id="2722" timestamp="2025-12-11T03:43:35.173" durationms="37.539" />

<exclusive-start id="2723" timestamp="2025-12-11T03:44:03.750" intervalms="28614.022">
  <response-info timems="0.059" idlems="0.059" threads="0" lastid="0000000001886800" lastname="Default Executor-thread-61" />
</exclusive-start>
<af-start id="2724" threadId="0000000001887278" totalBytesRequested="32" timestamp="2025-12-11T03:44:03.755" intervalms="28617.906" type="nursery" />
<cycle-start id="2725" type="scavenge" contextid="0" timestamp="2025-12-11T03:44:03.762" intervalms="28624.247" />
<gc-start id="2726" type="scavenge" contextid="2725" timestamp="2025-12-11T03:44:03.771">
  <mem-info id="2727" free="40175840" total="331350016" percent="12">
    <mem type="nursery" free="0" total="160694272" percent="0">
      <mem type="allocate" free="0" total="144572416" percent="0" />
      <mem type="survivor" free="0" total="16121856" percent="0" />
    </mem>
    <mem type="tenure" free="40175840" total="170655744" percent="23">
      <mem type="soa" free="38468832" total="168948736" percent="22" />
      <mem type="loa" free="1707008" total="1707008" percent="100" />
    </mem>
    <remembered-set count="3889" />
  </mem-info>
</gc-start>
<allocation-stats totalBytes="137215184" discardedBytes="44280" >
  <allocated-bytes non-tlh="446864" tlh="136768320" />
  <largest-consumer threadName="Default Executor-thread-19" threadId="00000000019C9400" bytes="75638840" />
</allocation-stats>
<gc-op id="2728" type="scavenge" timems="16.295" contextid="2725" timestamp="2025-12-11T03:44:03.810">
  <scavenger-info tenureage="3" tenuremask="4018" tiltratio="89" />
  <memory-copied type="nursery" objects="231531" bytes="8114432" bytesdiscarded="195912" />
  <memory-copied type="tenure" objects="70790" bytes="2725384" bytesdiscarded="432" />
  <finalization candidates="158" enqueued="145" />
  <ownableSynchronizers candidates="8845" cleared="8091" />
  <references type="soft" candidates="709" cleared="0" enqueued="0" dynamicThreshold="9" maxThreshold="32" />
  <references type="weak" candidates="2155" cleared="641" enqueued="598" />
  <references type="phantom" candidates="50" cleared="3" enqueued="3" />
  <object-monitors candidates="217" cleared="5"  />
</gc-op>
<gc-end id="2729" type="scavenge" contextid="2725" durationms="65.229" usertimems="56.325" systemtimems="13.334" stalltimems="58.498" timestamp="2025-12-11T03:44:03.836" activeThreads="9">
  <mem-info id="2730" free="173487880" total="331350016" percent="52">
    <mem type="nursery" free="136239656" total="160694272" percent="84">
      <mem type="allocate" free="136239656" total="144572416" percent="94" />
      <mem type="survivor" free="0" total="16121856" percent="0" />
    </mem>
    <mem type="tenure" free="37248224" total="170655744" percent="21" macro-fragmented="27735676">
      <mem type="soa" free="35541216" total="168948736" percent="21" />
      <mem type="loa" free="1707008" total="1707008" percent="100" />
    </mem>
    <pending-finalizers system="1" default="144" reference="601" classloader="0" />
    <remembered-set count="2721" />
  </mem-info>
</gc-end>
<cycle-end id="2731" type="scavenge" contextid="2725" timestamp="2025-12-11T03:44:03.838" />
<allocation-satisfied id="2732" threadId="0000000001886800" bytesRequested="32" />
<af-end id="2733" timestamp="2025-12-11T03:44:03.842" threadId="0000000001887278" success="true" from="nursery"/>
<exclusive-end id="2734" timestamp="2025-12-11T03:44:03.843" durationms="93.540" />

<exclusive-start id="2735" timestamp="2025-12-11T03:44:47.276" intervalms="43526.550">
  <response-info timems="0.315" idlems="0.175" threads="1" lastid="0000000000859500" lastname="Default Executor-thread-5" />
</exclusive-start>
<af-start id="2736" threadId="00000000005ED878" totalBytesRequested="48" timestamp="2025-12-11T03:44:47.277" intervalms="43521.868" type="nursery" />
<cycle-start id="2737" type="scavenge" contextid="0" timestamp="2025-12-11T03:44:47.277" intervalms="43515.119" />
<gc-start id="2738" type="scavenge" contextid="2737" timestamp="2025-12-11T03:44:47.279">
  <mem-info id="2739" free="37221696" total="331350016" percent="11">
    <mem type="nursery" free="0" total="160694272" percent="0">
      <mem type="allocate" free="0" total="144572416" percent="0" />
      <mem type="survivor" free="0" total="16121856" percent="0" />
    </mem>
    <mem type="tenure" free="37221696" total="170655744" percent="21">
      <mem type="soa" free="35514688" total="168948736" percent="21" />
      <mem type="loa" free="1707008" total="1707008" percent="100" />
    </mem>
    <remembered-set count="4410" />
  </mem-info>
</gc-start>
<allocation-stats totalBytes="136227024" discardedBytes="39160" >
  <allocated-bytes non-tlh="321488" tlh="135905536" />
  <largest-consumer threadName="Default Executor-thread-9" threadId="0000000001961700" bytes="55917120" />
</allocation-stats>
<gc-op id="2740" type="scavenge" timems="15.780" contextid="2737" timestamp="2025-12-11T03:44:47.296">
  <scavenger-info tenureage="3" tenuremask="4008" tiltratio="89" />
  <memory-copied type="nursery" objects="193985" bytes="7226784" bytesdiscarded="73752" />
  <memory-copied type="tenure" objects="36864" bytes="1529104" bytesdiscarded="664" />
  <finalization candidates="108" enqueued="97" />
  <ownableSynchronizers candidates="7692" cleared="7070" />
  <references type="soft" candidates="708" cleared="0" enqueued="0" dynamicThreshold="9" maxThreshold="32" />
  <references type="weak" candidates="1675" cleared="597" enqueued="533" />
  <references type="phantom" candidates="30" cleared="3" enqueued="3" />
  <object-monitors candidates="214" cleared="3"  />
</gc-op>
<gc-end id="2741" type="scavenge" contextid="2737" durationms="29.463" usertimems="37.835" systemtimems="3.945" stalltimems="9.476" timestamp="2025-12-11T03:44:47.308" activeThreads="7">
  <mem-info id="2742" free="172696104" total="331350016" percent="52">
    <mem type="nursery" free="137256656" total="160694272" percent="85">
      <mem type="allocate" free="137256656" total="144572416" percent="94" />
      <mem type="survivor" free="0" total="16121856" percent="0" />
    </mem>
    <mem type="tenure" free="35439448" total="170655744" percent="20" macro-fragmented="23113062">
      <mem type="soa" free="33732440" total="168948736" percent="19" />
      <mem type="loa" free="1707008" total="1707008" percent="100" />
    </mem>
    <pending-finalizers system="1" default="96" reference="536" classloader="0" />
    <remembered-set count="2709" />
  </mem-info>
</gc-end>
<cycle-end id="2743" type="scavenge" contextid="2737" timestamp="2025-12-11T03:44:47.309" />
<allocation-satisfied id="2744" threadId="00000000005ECE00" bytesRequested="48" />
<af-end id="2745" timestamp="2025-12-11T03:44:47.310" threadId="00000000005ED878" success="true" from="nursery"/>
<exclusive-end id="2746" timestamp="2025-12-11T03:44:47.311" durationms="34.719" />

<exclusive-start id="2747" timestamp="2025-12-11T03:45:42.441" intervalms="55164.800">
  <response-info timems="0.064" idlems="0.064" threads="0" lastid="00000000017FC500" lastname="Default Executor-thread-85" />
</exclusive-start>
<af-start id="2748" threadId="00000000017FCF78" totalBytesRequested="4104" timestamp="2025-12-11T03:45:42.442" intervalms="55165.376" type="nursery" />
<cycle-start id="2749" type="scavenge" contextid="0" timestamp="2025-12-11T03:45:42.443" intervalms="55166.066" />
<gc-start id="2750" type="scavenge" contextid="2749" timestamp="2025-12-11T03:45:42.445">
  <mem-info id="2751" free="35414832" total="331350016" percent="10">
    <mem type="nursery" free="0" total="160694272" percent="0">
      <mem type="allocate" free="0" total="144572416" percent="0" />
      <mem type="survivor" free="0" total="16121856" percent="0" />
    </mem>
    <mem type="tenure" free="35414832" total="170655744" percent="20">
      <mem type="soa" free="33707824" total="168948736" percent="19" />
      <mem type="loa" free="1707008" total="1707008" percent="100" />
    </mem>
    <remembered-set count="4378" />
  </mem-info>
</gc-start>
<allocation-stats totalBytes="137172544" discardedBytes="108728" >
  <allocated-bytes non-tlh="614520" tlh="136558024" />
  <largest-consumer threadName="Default Executor-thread-39" threadId="00000000005ECE00" bytes="60242752" />
</allocation-stats>
<gc-op id="2752" type="scavenge" timems="15.700" contextid="2749" timestamp="2025-12-11T03:45:42.463">
  <scavenger-info tenureage="3" tenuremask="5008" tiltratio="89" />
  <memory-copied type="nursery" objects="170762" bytes="6220704" bytesdiscarded="149352" />
  <memory-copied type="tenure" objects="59246" bytes="2251952" bytesdiscarded="1352" />
  <finalization candidates="106" enqueued="95" />
  <ownableSynchronizers candidates="8326" cleared="7660" />
  <references type="soft" candidates="713" cleared="0" enqueued="0" dynamicThreshold="9" maxThreshold="32" />
  <references type="weak" candidates="1060" cleared="583" enqueued="538" />
  <references type="phantom" candidates="17" cleared="3" enqueued="3" />
  <object-monitors candidates="217" cleared="5"  />
</gc-op>
<gc-end id="2753" type="scavenge" contextid="2749" durationms="21.312" usertimems="43.839" systemtimems="2.404" stalltimems="96.078" timestamp="2025-12-11T03:45:42.467" activeThreads="10">
  <mem-info id="2754" free="171366344" total="331350016" percent="51">
    <mem type="nursery" free="138187032" total="160694272" percent="85">
      <mem type="allocate" free="138187032" total="144572416" percent="95" />
      <mem type="survivor" free="0" total="16121856" percent="0" />
    </mem>
    <mem type="tenure" free="33179312" total="170655744" percent="19" macro-fragmented="16050736">
      <mem type="soa" free="31472304" total="168948736" percent="18" />
      <mem type="loa" free="1707008" total="1707008" percent="100" />
    </mem>
    <pending-finalizers system="1" default="94" reference="541" classloader="0" />
    <remembered-set count="2481" />
  </mem-info>
</gc-end>
<cycle-end id="2755" type="scavenge" contextid="2749" timestamp="2025-12-11T03:45:42.467" />
<allocation-satisfied id="2756" threadId="00000000017FC500" bytesRequested="4104" />
<af-end id="2757" timestamp="2025-12-11T03:45:42.468" threadId="00000000017FCF78" success="true" from="nursery"/>
<exclusive-end id="2758" timestamp="2025-12-11T03:45:42.469" durationms="27.799" />

<exclusive-start id="2759" timestamp="2025-12-11T03:47:21.860" intervalms="99418.616">
  <response-info timems="0.119" idlems="0.119" threads="0" lastid="0000000000FFF400" lastname="Timer-7" />
</exclusive-start>
<af-start id="2760" threadId="0000000000FFFE78" totalBytesRequested="328" timestamp="2025-12-11T03:47:21.862" intervalms="99419.451" type="nursery" />
<cycle-start id="2761" type="scavenge" contextid="0" timestamp="2025-12-11T03:47:21.863" intervalms="99419.899" />
<gc-start id="2762" type="scavenge" contextid="2761" timestamp="2025-12-11T03:47:21.865">
  <mem-info id="2763" free="32968272" total="331350016" percent="9">
    <mem type="nursery" free="0" total="160694272" percent="0">
      <mem type="allocate" free="0" total="144572416" percent="0" />
      <mem type="survivor" free="0" total="16121856" percent="0" />
    </mem>
    <mem type="tenure" free="32968272" total="170655744" percent="19">
      <mem type="soa" free="31261264" total="168948736" percent="18" />
      <mem type="loa" free="1707008" total="1707008" percent="100" />
    </mem>
    <remembered-set count="6904" />
  </mem-info>
</gc-start>
<allocation-stats totalBytes="138294448" discardedBytes="103624" >
  <allocated-bytes non-tlh="725200" tlh="137569248" />
  <largest-consumer threadName="Default Executor-thread-20" threadId="0000000001800600" bytes="56695152" />
</allocation-stats>
<gc-op id="2764" type="scavenge" timems="29.432" contextid="2761" timestamp="2025-12-11T03:47:21.898">
  <scavenger-info tenureage="3" tenuremask="4008" tiltratio="89" />
  <memory-copied type="nursery" objects="130016" bytes="5203232" bytesdiscarded="419680" />
  <memory-copied type="tenure" objects="52806" bytes="1928296" bytesdiscarded="1128" />
  <finalization candidates="50" enqueued="44" />
  <ownableSynchronizers candidates="9002" cleared="8403" />
  <references type="soft" candidates="629" cleared="0" enqueued="0" dynamicThreshold="9" maxThreshold="32" />
  <references type="weak" candidates="1847" cleared="1001" enqueued="996" />
  <references type="phantom" candidates="228" cleared="176" enqueued="176" />
  <object-monitors candidates="234" cleared="10"  />
</gc-op>
<gc-end id="2765" type="scavenge" contextid="2761" durationms="88.098" usertimems="57.377" systemtimems="0.000" stalltimems="25.140" timestamp="2025-12-11T03:47:21.953" activeThreads="8">
  <mem-info id="2766" free="169983088" total="331350016" percent="51">
    <mem type="nursery" free="138941992" total="160694272" percent="86">
      <mem type="allocate" free="138941992" total="144572416" percent="96" />
      <mem type="survivor" free="0" total="16121856" percent="0" />
    </mem>
    <mem type="tenure" free="31041096" total="170655744" percent="18" macro-fragmented="27735676">
      <mem type="soa" free="29334088" total="168948736" percent="17" />
      <mem type="loa" free="1707008" total="1707008" percent="100" />
    </mem>
    <pending-finalizers system="44" default="0" reference="1172" classloader="0" />
    <remembered-set count="5016" />
  </mem-info>
</gc-end>
<cycle-end id="2767" type="scavenge" contextid="2761" timestamp="2025-12-11T03:47:21.955" />
<allocation-satisfied id="2768" threadId="0000000000FFF400" bytesRequested="328" />
<af-end id="2769" timestamp="2025-12-11T03:47:21.956" threadId="0000000000FFFE78" success="true" from="nursery"/>
<exclusive-end id="2770" timestamp="2025-12-11T03:47:21.957" durationms="97.590" />

<exclusive-start id="2771" timestamp="2025-12-11T03:50:50.546" intervalms="208686.738">
  <response-info timems="0.262" idlems="0.262" threads="0" lastid="0000000001800600" lastname="Default Executor-thread-20" />
</exclusive-start>
<af-start id="2772" threadId="0000000001801078" totalBytesRequested="136" timestamp="2025-12-11T03:50:50.550" intervalms="208688.141" type="nursery" />
<cycle-start id="2773" type="scavenge" contextid="0" timestamp="2025-12-11T03:50:50.552" intervalms="208688.610" />
<gc-start id="2774" type="scavenge" contextid="2773" timestamp="2025-12-11T03:50:50.555">
  <mem-info id="2775" free="31000632" total="331350016" percent="9">
    <mem type="nursery" free="0" total="160694272" percent="0">
      <mem type="allocate" free="0" total="144572416" percent="0" />
      <mem type="survivor" free="0" total="16121856" percent="0" />
    </mem>
    <mem type="tenure" free="31000632" total="170655744" percent="18">
      <mem type="soa" free="29293624" total="168948736" percent="17" />
      <mem type="loa" free="1707008" total="1707008" percent="100" />
    </mem>
    <remembered-set count="6411" />
  </mem-info>
</gc-start>
<allocation-stats totalBytes="138933296" discardedBytes="49160" >
  <allocated-bytes non-tlh="106344" tlh="138826952" />
  <largest-consumer threadName="Timer-7" threadId="0000000000FFF400" bytes="35499200" />
</allocation-stats>
<gc-op id="2776" type="scavenge" timems="38.357" contextid="2773" timestamp="2025-12-11T03:50:50.597">
  <scavenger-info tenureage="14" tenuremask="4000" tiltratio="89" />
  <memory-copied type="nursery" objects="131262" bytes="5283840" bytesdiscarded="185064" />
  <finalization candidates="9" enqueued="4" />
  <ownableSynchronizers candidates="17993" cleared="17550" />
  <references type="soft" candidates="631" cleared="0" enqueued="0" dynamicThreshold="9" maxThreshold="32" />
  <references type="weak" candidates="1037" cleared="144" enqueued="137" />
  <references type="phantom" candidates="408" cleared="351" enqueued="351" />
  <object-monitors candidates="225" cleared="1"  />
</gc-op>
<gc-end id="2777" type="scavenge" contextid="2773" durationms="57.600" usertimems="53.020" systemtimems="14.127" stalltimems="133.065" timestamp="2025-12-11T03:50:50.612" activeThreads="11">
  <mem-info id="2778" free="170097208" total="331350016" percent="51">
    <mem type="nursery" free="139096576" total="160694272" percent="86">
      <mem type="allocate" free="139096576" total="144572416" percent="96" />
      <mem type="survivor" free="0" total="16121856" percent="0" />
    </mem>
    <mem type="tenure" free="31000632" total="170655744" percent="18" macro-fragmented="0">
      <mem type="soa" free="29293624" total="168948736" percent="17" />
      <mem type="loa" free="1707008" total="1707008" percent="100" />
    </mem>
    <pending-finalizers system="4" default="0" reference="488" classloader="0" />
    <remembered-set count="5022" />
  </mem-info>
</gc-end>
<cycle-end id="2779" type="scavenge" contextid="2773" timestamp="2025-12-11T03:50:50.614" />
<allocation-satisfied id="2780" threadId="0000000001800600" bytesRequested="136" />
<af-end id="2781" timestamp="2025-12-11T03:50:50.616" threadId="0000000001801078" success="true" from="nursery"/>
<exclusive-end id="2782" timestamp="2025-12-11T03:50:50.616" durationms="70.062" />

<exclusive-start id="2783" timestamp="2025-12-11T03:54:36.053" intervalms="225506.459">
  <response-info timems="0.067" idlems="0.067" threads="0" lastid="00000000027ABF00" lastname="Default Executor-thread-137" />
</exclusive-start>
<af-start id="2784" threadId="00000000027AC978" totalBytesRequested="112" timestamp="2025-12-11T03:54:36.055" intervalms="225505.485" type="nursery" />
<cycle-start id="2785" type="scavenge" contextid="0" timestamp="2025-12-11T03:54:36.058" intervalms="225505.644" />
<gc-start id="2786" type="scavenge" contextid="2785" timestamp="2025-12-11T03:54:36.060">
  <mem-info id="2787" free="30999896" total="331350016" percent="9">
    <mem type="nursery" free="0" total="160694272" percent="0">
      <mem type="allocate" free="0" total="144572416" percent="0" />
      <mem type="survivor" free="0" total="16121856" percent="0" />
    </mem>
    <mem type="tenure" free="30999896" total="170655744" percent="18">
      <mem type="soa" free="29292888" total="168948736" percent="17" />
      <mem type="loa" free="1707008" total="1707008" percent="100" />
    </mem>
    <remembered-set count="5231" />
  </mem-info>
</gc-start>
<allocation-stats totalBytes="139057760" discardedBytes="39552" >
  <allocated-bytes non-tlh="872" tlh="139056888" />
  <largest-consumer threadName="Timer-7" threadId="0000000000FFF400" bytes="41162344" />
</allocation-stats>
<gc-op id="2788" type="scavenge" timems="13.496" contextid="2785" timestamp="2025-12-11T03:54:36.077">
  <scavenger-info tenureage="3" tenuremask="4018" tiltratio="89" />
  <memory-copied type="nursery" objects="25714" bytes="1450048" bytesdiscarded="486936" />
  <memory-copied type="tenure" objects="104841" bytes="3819728" bytesdiscarded="1552" />
  <finalization candidates="7" enqueued="3" />
  <ownableSynchronizers candidates="19360" cleared="18930" />
  <references type="soft" candidates="255" cleared="0" enqueued="0" dynamicThreshold="9" maxThreshold="32" />
  <references type="weak" candidates="670" cleared="4" enqueued="1" />
  <references type="phantom" candidates="205" cleared="156" enqueued="156" />
  <object-monitors candidates="224" cleared="0"  />
</gc-op>
<gc-end id="2789" type="scavenge" contextid="2785" durationms="19.602" usertimems="41.821" systemtimems="9.444" stalltimems="44.475" timestamp="2025-12-11T03:54:36.080" activeThreads="12">
  <mem-info id="2790" free="170042896" total="331350016" percent="51">
    <mem type="nursery" free="142633440" total="160694272" percent="88">
      <mem type="allocate" free="142633440" total="144572416" percent="98" />
      <mem type="survivor" free="0" total="16121856" percent="0" />
    </mem>
    <mem type="tenure" free="27409456" total="170655744" percent="16" macro-fragmented="23113062">
      <mem type="soa" free="25702448" total="168948736" percent="15" />
      <mem type="loa" free="1707008" total="1707008" percent="100" />
    </mem>
    <pending-finalizers system="3" default="0" reference="157" classloader="0" />
    <remembered-set count="2506" />
  </mem-info>
</gc-end>
<cycle-end id="2791" type="scavenge" contextid="2785" timestamp="2025-12-11T03:54:36.082" />
<allocation-satisfied id="2792" threadId="00000000027ABF00" bytesRequested="112" />
<af-end id="2793" timestamp="2025-12-11T03:54:36.083" threadId="00000000027AC978" success="true" from="nursery"/>
<exclusive-end id="2794" timestamp="2025-12-11T03:54:36.084" durationms="31.237" />

<exclusive-start id="2795" timestamp="2025-12-11T03:58:21.866" intervalms="225813.227">
  <response-info timems="0.075" idlems="0.075" threads="0" lastid="0000000000FFF400" lastname="Timer-7" />
</exclusive-start>
<af-start id="2796" threadId="0000000000FFFE78" totalBytesRequested="32" timestamp="2025-12-11T03:58:21.868" intervalms="225812.746" type="nursery" />
<cycle-start id="2797" type="scavenge" contextid="0" timestamp="2025-12-11T03:58:21.870" intervalms="225812.605" />
<gc-start id="2798" type="scavenge" contextid="2797" timestamp="2025-12-11T03:58:21.875">
  <mem-info id="2799" free="27407984" total="331350016" percent="8">
    <mem type="nursery" free="0" total="160694272" percent="0">
      <mem type="allocate" free="0" total="144572416" percent="0" />
      <mem type="survivor" free="0" total="16121856" percent="0" />
    </mem>
    <mem type="tenure" free="27407984" total="170655744" percent="16">
      <mem type="soa" free="25700976" total="168948736" percent="15" />
      <mem type="loa" free="1707008" total="1707008" percent="100" />
    </mem>
    <remembered-set count="2769" />
  </mem-info>
</gc-start>
<allocation-stats totalBytes="142597704" discardedBytes="37208" >
  <allocated-bytes non-tlh="1584" tlh="142596120" />
  <largest-consumer threadName="Timer-7" threadId="0000000000FFF400" bytes="42653984" />
</allocation-stats>
<gc-op id="2800" type="scavenge" timems="14.838" contextid="2797" timestamp="2025-12-11T03:58:21.893">
  <scavenger-info tenureage="14" tenuremask="4000" tiltratio="89" />
  <memory-copied type="nursery" objects="26356" bytes="1508112" bytesdiscarded="223728" />
  <finalization candidates="4" enqueued="4" />
  <ownableSynchronizers candidates="19079" cleared="18954" />
  <references type="soft" candidates="255" cleared="0" enqueued="0" dynamicThreshold="9" maxThreshold="32" />
  <references type="weak" candidates="733" cleared="7" enqueued="2" />
  <references type="phantom" candidates="355" cleared="304" enqueued="304" />
  <object-monitors candidates="224" cleared="0"  />
</gc-op>
<gc-end id="2801" type="scavenge" contextid="2797" durationms="25.387" usertimems="22.544" systemtimems="3.197" stalltimems="73.384" timestamp="2025-12-11T03:58:21.900" activeThreads="11">
  <mem-info id="2802" free="170246456" total="331350016" percent="51">
    <mem type="nursery" free="142838472" total="160694272" percent="88">
      <mem type="allocate" free="142838472" total="144572416" percent="98" />
      <mem type="survivor" free="0" total="16121856" percent="0" />
    </mem>
    <mem type="tenure" free="27407984" total="170655744" percent="16" macro-fragmented="23113062">
      <mem type="soa" free="25700976" total="168948736" percent="15" />
      <mem type="loa" free="1707008" total="1707008" percent="100" />
    </mem>
    <pending-finalizers system="4" default="0" reference="306" classloader="0" />
    <remembered-set count="2135" />
  </mem-info>
</gc-end>
<cycle-end id="2803" type="scavenge" contextid="2797" timestamp="2025-12-11T03:58:21.903" />
<allocation-satisfied id="2804" threadId="0000000000FFF400" bytesRequested="32" />
<af-end id="2805" timestamp="2025-12-11T03:58:21.905" threadId="0000000000FFFE78" success="true" from="nursery"/>
<exclusive-end id="2806" timestamp="2025-12-11T03:58:21.906" durationms="40.089" />

<exclusive-start id="2807" timestamp="2025-12-11T03:59:15.057" intervalms="53191.503">
  <response-info timems="0.111" idlems="0.111" threads="0" lastid="00000000001D0800" lastname="VM Runtime State Listener" />
</exclusive-start>
<sys-start reason="vm idle" id="2808" timestamp="2025-12-11T03:59:15.060" intervalms="2132211.476" />
<cycle-start id="2809" type="global" contextid="0" timestamp="2025-12-11T03:59:15.062" intervalms="2132211.933" />
<gc-start id="2810" type="global" contextid="2809" timestamp="2025-12-11T03:59:15.065">
  <mem-info id="2811" free="135417400" total="331350016" percent="40">
    <mem type="nursery" free="108010152" total="160694272" percent="67">
      <mem type="allocate" free="108010152" total="144572416" percent="74" />
      <mem type="survivor" free="0" total="16121856" percent="0" />
    </mem>
    <mem type="tenure" free="27407248" total="170655744" percent="16">
      <mem type="soa" free="25700240" total="168948736" percent="15" />
      <mem type="loa" free="1707008" total="1707008" percent="100" />
    </mem>
    <remembered-set count="2269" />
  </mem-info>
</gc-start>
<allocation-stats totalBytes="34818760" discardedBytes="10296" >
  <allocated-bytes non-tlh="768" tlh="34817992" />
  <largest-consumer threadName="Timer-7" threadId="0000000000FFF400" bytes="9583672" />
</allocation-stats>
<gc-op id="2812" type="mark" timems="48.469" contextid="2809" timestamp="2025-12-11T03:59:15.116">
  <trace-info objectcount="2731337" scancount="2408172" scanbytes="88373884" />
  <finalization candidates="941" enqueued="30" />
  <ownableSynchronizers candidates="16782" cleared="5209" />
  <references type="soft" candidates="17536" cleared="588" enqueued="581" dynamicThreshold="9" maxThreshold="32" />
  <references type="weak" candidates="21322" cleared="566" enqueued="474" />
  <references type="phantom" candidates="1636" cleared="150" enqueued="150" />
  <stringconstants candidates="58799" cleared="849"  />
  <object-monitors candidates="224" cleared="40"  />
</gc-op>
<gc-op id="2813" type="classunload" timems="8.910" contextid="2809" timestamp="2025-12-11T03:59:15.125">
  <classunload-info classloadercandidates="865" classloadersunloaded="63" classesunloaded="100" anonymousclassesunloaded="0" quiescems="0.000" setupms="8.192" scanms="0.275" postms="0.442" />
</gc-op>
<gc-op id="2814" type="sweep" timems="2.259" contextid="2809" timestamp="2025-12-11T03:59:15.128" />
<heap-resize id="2815" type="expand" space="tenure" amount="13762560" count="1" timems="1.253" reason="insufficient free space following gc" timestamp="2025-12-11T03:59:15.136" />
<gc-end id="2816" type="global" contextid="2809" durationms="71.679" usertimems="475.723" systemtimems="60.688" stalltimems="476.693" timestamp="2025-12-11T03:59:15.137" activeThreads="20">
  <mem-info id="2817" free="198117760" total="345112576" percent="57">
    <mem type="nursery" free="142766344" total="160694272" percent="88">
      <mem type="allocate" free="142766344" total="144572416" percent="98" />
      <mem type="survivor" free="0" total="16121856" percent="0" />
    </mem>
    <mem type="tenure" free="55351416" total="184418304" percent="30" micro-fragmented="684072" macro-fragmented="0">
      <mem type="soa" free="53507192" total="182574080" percent="29" />
      <mem type="loa" free="1844224" total="1844224" percent="100" />
    </mem>
    <pending-finalizers system="2" default="28" reference="1205" classloader="0" />
    <remembered-set count="2152" />
  </mem-info>
</gc-end>
<cycle-end id="2818" type="global" contextid="2809" timestamp="2025-12-11T03:59:15.138" />
<heap-fixup timems="5.430" reason="class unloading"  timestamp="2025-12-11T03:59:15.138" />
<sys-end id="2819" timestamp="2025-12-11T03:59:15.139" />
<exclusive-end id="2820" timestamp="2025-12-11T03:59:15.140" durationms="82.361" />

<heap-resize id="2821" type="release free pages" space="tenure" amount="53395456" count="1" timems="3.703" reason="idle" timestamp="2025-12-11T03:59:15.144" />
<exclusive-start id="2822" timestamp="2025-12-11T04:03:06.872" intervalms="231813.996">
  <response-info timems="0.183" idlems="0.183" threads="0" lastid="0000000000FFF400" lastname="Timer-7" />
</exclusive-start>
<af-start id="2823" threadId="0000000000FFFE78" totalBytesRequested="6680" timestamp="2025-12-11T04:03:06.873" intervalms="285005.077" type="nursery" />
<cycle-start id="2824" type="scavenge" contextid="0" timestamp="2025-12-11T04:03:06.874" intervalms="285003.875" />
<gc-start id="2825" type="scavenge" contextid="2824" timestamp="2025-12-11T04:03:06.875">
  <mem-info id="2826" free="55349696" total="345112576" percent="16">
    <mem type="nursery" free="0" total="160694272" percent="0">
      <mem type="allocate" free="0" total="144572416" percent="0" />
      <mem type="survivor" free="0" total="16121856" percent="0" />
    </mem>
    <mem type="tenure" free="55349696" total="184418304" percent="30">
      <mem type="soa" free="53505472" total="182574080" percent="29" />
      <mem type="loa" free="1844224" total="1844224" percent="100" />
    </mem>
    <remembered-set count="3708" />
  </mem-info>
</gc-start>
<allocation-stats totalBytes="142709024" discardedBytes="59040" >
  <allocated-bytes non-tlh="49032" tlh="142659992" />
  <largest-consumer threadName="Timer-7" threadId="0000000000FFF400" bytes="40931072" />
</allocation-stats>
<gc-op id="2827" type="scavenge" timems="11.251" contextid="2824" timestamp="2025-12-11T04:03:06.888">
  <scavenger-info tenureage="4" tenuremask="4010" tiltratio="89" />
  <memory-copied type="nursery" objects="8396" bytes="404144" bytesdiscarded="766128" />
  <memory-copied type="tenure" objects="18933" bytes="1170392" bytesdiscarded="12952" />
  <finalization candidates="6" enqueued="5" />
  <ownableSynchronizers candidates="42467" cleared="42323" />
  <references type="soft" candidates="5" cleared="0" enqueued="0" dynamicThreshold="9" maxThreshold="32" />
  <references type="weak" candidates="192" cleared="6" enqueued="1" />
  <references type="phantom" candidates="314" cleared="304" enqueued="304" />
  <object-monitors candidates="184" cleared="0"  />
</gc-op>
<gc-end id="2828" type="scavenge" contextid="2824" durationms="13.262" usertimems="15.963" systemtimems="3.369" stalltimems="52.600" timestamp="2025-12-11T04:03:06.889" activeThreads="10">
  <mem-info id="2829" free="197498952" total="345112576" percent="57">
    <mem type="nursery" free="143400952" total="160694272" percent="89">
      <mem type="allocate" free="143400952" total="144572416" percent="99" />
      <mem type="survivor" free="0" total="16121856" percent="0" />
    </mem>
    <mem type="tenure" free="54098000" total="184418304" percent="29" macro-fragmented="0">
      <mem type="soa" free="52253776" total="182574080" percent="28" />
      <mem type="loa" free="1844224" total="1844224" percent="100" />
    </mem>
    <pending-finalizers system="5" default="0" reference="305" classloader="0" />
    <remembered-set count="2318" />
  </mem-info>
</gc-end>
<cycle-end id="2830" type="scavenge" contextid="2824" timestamp="2025-12-11T04:03:06.889" />
<allocation-satisfied id="2831" threadId="0000000000FFF400" bytesRequested="6680" />
<af-end id="2832" timestamp="2025-12-11T04:03:06.890" threadId="0000000000FFFE78" success="true" from="nursery"/>
<exclusive-end id="2833" timestamp="2025-12-11T04:03:06.890" durationms="18.974" />

<exclusive-start id="2834" timestamp="2025-12-11T04:06:59.539" intervalms="232667.398">
  <response-info timems="0.182" idlems="0.182" threads="0" lastid="00000000005EFE00" lastname="Default Executor-thread-40" />
</exclusive-start>
<af-start id="2835" threadId="00000000005F0878" totalBytesRequested="32" timestamp="2025-12-11T04:06:59.541" intervalms="232667.772" type="nursery" />
<cycle-start id="2836" type="scavenge" contextid="0" timestamp="2025-12-11T04:06:59.544" intervalms="232669.419" />
<gc-start id="2837" type="scavenge" contextid="2836" timestamp="2025-12-11T04:06:59.547">
  <mem-info id="2838" free="54096416" total="345112576" percent="15">
    <mem type="nursery" free="0" total="160694272" percent="0">
      <mem type="allocate" free="0" total="144572416" percent="0" />
      <mem type="survivor" free="0" total="16121856" percent="0" />
    </mem>
    <mem type="tenure" free="54096416" total="184418304" percent="29">
      <mem type="soa" free="52252192" total="182574080" percent="28" />
      <mem type="loa" free="1844224" total="1844224" percent="100" />
    </mem>
    <remembered-set count="2546" />
  </mem-info>
</gc-start>
<allocation-stats totalBytes="143361288" discardedBytes="41248" >
  <allocated-bytes non-tlh="8264" tlh="143353024" />
  <largest-consumer threadName="Timer-7" threadId="0000000000FFF400" bytes="41168224" />
</allocation-stats>
<gc-op id="2839" type="scavenge" timems="13.176" contextid="2836" timestamp="2025-12-11T04:06:59.562">
  <scavenger-info tenureage="14" tenuremask="4000" tiltratio="89" />
  <memory-copied type="nursery" objects="8698" bytes="429688" bytesdiscarded="119328" />
  <finalization candidates="6" enqueued="5" />
  <ownableSynchronizers candidates="19632" cleared="19538" />
  <references type="soft" candidates="5" cleared="0" enqueued="0" dynamicThreshold="9" maxThreshold="32" />
  <references type="weak" candidates="210" cleared="6" enqueued="1" />
  <references type="phantom" candidates="316" cleared="304" enqueued="304" />
  <object-monitors candidates="184" cleared="0"  />
</gc-op>
<gc-end id="2840" type="scavenge" contextid="2836" durationms="17.897" usertimems="8.347" systemtimems="5.046" stalltimems="26.535" timestamp="2025-12-11T04:06:59.565" activeThreads="9">
  <mem-info id="2841" free="198118616" total="345112576" percent="57">
    <mem type="nursery" free="144022200" total="160694272" percent="89">
      <mem type="allocate" free="144022200" total="144572416" percent="99" />
      <mem type="survivor" free="0" total="16121856" percent="0" />
    </mem>
    <mem type="tenure" free="54096416" total="184418304" percent="29" macro-fragmented="27735676">
      <mem type="soa" free="52252192" total="182574080" percent="28" />
      <mem type="loa" free="1844224" total="1844224" percent="100" />
    </mem>
    <pending-finalizers system="5" default="0" reference="305" classloader="0" />
    <remembered-set count="2378" />
  </mem-info>
</gc-end>
<cycle-end id="2842" type="scavenge" contextid="2836" timestamp="2025-12-11T04:06:59.566" />
<allocation-satisfied id="2843" threadId="00000000005EFE00" bytesRequested="32" />
<af-end id="2844" timestamp="2025-12-11T04:06:59.568" threadId="00000000005F0878" success="true" from="nursery"/>
<exclusive-end id="2845" timestamp="2025-12-11T04:06:59.568" durationms="29.180" />

<exclusive-start id="2846" timestamp="2025-12-11T04:09:17.688" intervalms="138149.403">
  <response-info timems="0.051" idlems="0.051" threads="0" lastid="00000000001D0800" lastname="VM Runtime State Listener" />
</exclusive-start>
<sys-start reason="vm idle" id="2847" timestamp="2025-12-11T04:09:17.690" intervalms="602630.058" />
<cycle-start id="2848" type="global" contextid="0" timestamp="2025-12-11T04:09:17.692" intervalms="602630.175" />
<gc-start id="2849" type="global" contextid="2848" timestamp="2025-12-11T04:09:17.696">
  <mem-info id="2850" free="112683480" total="345112576" percent="32">
    <mem type="nursery" free="58587800" total="160694272" percent="36">
      <mem type="allocate" free="58587800" total="144572416" percent="40" />
      <mem type="survivor" free="0" total="16121856" percent="0" />
    </mem>
    <mem type="tenure" free="54095680" total="184418304" percent="29">
      <mem type="soa" free="52251456" total="182574080" percent="28" />
      <mem type="loa" free="1844224" total="1844224" percent="100" />
    </mem>
    <remembered-set count="2505" />
  </mem-info>
</gc-start>
<allocation-stats totalBytes="85407640" discardedBytes="27496" >
  <allocated-bytes non-tlh="768" tlh="85406872" />
  <largest-consumer threadName="Timer-7" threadId="0000000000FFF400" bytes="24353912" />
</allocation-stats>
<gc-op id="2851" type="mark" timems="54.842" contextid="2848" timestamp="2025-12-11T04:09:17.754">
  <trace-info objectcount="2279248" scancount="1966395" scanbytes="73905884" />
  <finalization candidates="913" enqueued="3" />
  <ownableSynchronizers candidates="23174" cleared="12629" />
  <references type="soft" candidates="16910" cleared="1930" enqueued="1882" dynamicThreshold="9" maxThreshold="32" />
  <references type="weak" candidates="20783" cleared="19" enqueued="8" />
  <references type="phantom" candidates="1641" cleared="152" enqueued="152" />
  <stringconstants candidates="57961" cleared="636"  />
  <object-monitors candidates="184" cleared="4"  />
</gc-op>
<gc-op id="2852" type="classunload" timems="8.508" contextid="2848" timestamp="2025-12-11T04:09:17.763">
  <classunload-info classloadercandidates="802" classloadersunloaded="17" classesunloaded="136" anonymousclassesunloaded="21" quiescems="0.000" setupms="8.207" scanms="0.210" postms="0.091" />
</gc-op>
<gc-op id="2853" type="sweep" timems="3.062" contextid="2848" timestamp="2025-12-11T04:09:17.767" />
<mem-info id="2854" free="213172432" total="345112576" percent="61">
  <mem type="nursery" free="143861360" total="160694272" percent="89">
    <mem type="allocate" free="143861360" total="144572416" percent="99" />
    <mem type="survivor" free="0" total="16121856" percent="0" />
  </mem>
  <mem type="tenure" free="69311072" total="184418304" percent="37" micro-fragmented="592343" macro-fragmented="0">
    <mem type="soa" free="67466848" total="182574080" percent="36" />
    <mem type="loa" free="1844224" total="1844224" percent="100" />
  </mem>
  <pending-finalizers system="3" default="0" reference="2042" classloader="0" />
  <remembered-set count="1605" />
</mem-info>
<gc-op id="2855" type="compact" timems="114.957" contextid="2848" timestamp="2025-12-11T04:09:17.883">
  <compact-info movecount="2096564" movebytes="98407448" reason="compact on aggressive collection" />
</gc-op>
<gc-end id="2856" type="global" contextid="2848" durationms="189.517" usertimems="1415.801" systemtimems="0.000" stalltimems="650.042" timestamp="2025-12-11T04:09:17.885" activeThreads="20">
  <mem-info id="2857" free="214225968" total="345112576" percent="62">
    <mem type="nursery" free="144155528" total="160694272" percent="89">
      <mem type="allocate" free="144155528" total="144572416" percent="99" />
      <mem type="survivor" free="0" total="16121856" percent="0" />
    </mem>
    <mem type="tenure" free="70070440" total="184418304" percent="37">
      <mem type="soa" free="68226216" total="182574080" percent="37" />
      <mem type="loa" free="1844224" total="1844224" percent="100" />
    </mem>
    <pending-finalizers system="3" default="0" reference="2042" classloader="0" />
    <remembered-set count="1605" />
  </mem-info>
</gc-end>
<cycle-end id="2858" type="global" contextid="2848" timestamp="2025-12-11T04:09:17.886" />
<sys-end id="2859" timestamp="2025-12-11T04:09:17.887" />
<exclusive-end id="2860" timestamp="2025-12-11T04:09:17.888" durationms="199.565" />

<heap-resize id="2861" type="release free pages" space="tenure" amount="70021120" count="1" timems="1.213" reason="idle" timestamp="2025-12-11T04:09:17.890" />
<exclusive-start id="2862" timestamp="2025-12-11T04:13:09.652" intervalms="231964.070">
  <response-info timems="0.107" idlems="0.107" threads="0" lastid="00000000019C9400" lastname="Default Executor-thread-19" />
</exclusive-start>
<af-start id="2863" threadId="00000000019C9E78" totalBytesRequested="184" timestamp="2025-12-11T04:13:09.655" intervalms="370113.938" type="nursery" />
<cycle-start id="2864" type="scavenge" contextid="0" timestamp="2025-12-11T04:13:09.657" intervalms="370113.613" />
<gc-start id="2865" type="scavenge" contextid="2864" timestamp="2025-12-11T04:13:09.660">
  <mem-info id="2866" free="70068832" total="345112576" percent="20">
    <mem type="nursery" free="0" total="160694272" percent="0">
      <mem type="allocate" free="0" total="144572416" percent="0" />
      <mem type="survivor" free="0" total="16121856" percent="0" />
    </mem>
    <mem type="tenure" free="70068832" total="184418304" percent="37">
      <mem type="soa" free="68224608" total="182574080" percent="37" />
      <mem type="loa" free="1844224" total="1844224" percent="100" />
    </mem>
    <remembered-set count="4354" />
  </mem-info>
</gc-start>
<allocation-stats totalBytes="144117408" discardedBytes="39728" >
  <allocated-bytes non-tlh="1608" tlh="144115800" />
  <largest-consumer threadName="Timer-7" threadId="0000000000FFF400" bytes="42749328" />
</allocation-stats>
<gc-op id="2867" type="scavenge" timems="25.090" contextid="2864" timestamp="2025-12-11T04:13:09.688">
  <scavenger-info tenureage="14" tenuremask="4000" tiltratio="89" />
  <memory-copied type="nursery" objects="8828" bytes="448792" bytesdiscarded="351160" />
  <finalization candidates="5" enqueued="4" />
  <ownableSynchronizers candidates="40490" cleared="40394" />
  <references type="soft" candidates="5" cleared="0" enqueued="0" dynamicThreshold="12" maxThreshold="32" />
  <references type="weak" candidates="225" cleared="6" enqueued="1" />
  <references type="phantom" candidates="319" cleared="304" enqueued="304" />
  <object-monitors candidates="180" cleared="0"  />
</gc-op>
<gc-end id="2868" type="scavenge" contextid="2864" durationms="30.890" usertimems="13.526" systemtimems="16.494" stalltimems="61.872" timestamp="2025-12-11T04:13:09.691" activeThreads="10">
  <mem-info id="2869" free="213840080" total="345112576" percent="61">
    <mem type="nursery" free="143771248" total="160694272" percent="89">
      <mem type="allocate" free="143771248" total="144572416" percent="99" />
      <mem type="survivor" free="0" total="16121856" percent="0" />
    </mem>
    <mem type="tenure" free="70068832" total="184418304" percent="37" macro-fragmented="348889">
      <mem type="soa" free="68224608" total="182574080" percent="37" />
      <mem type="loa" free="1844224" total="1844224" percent="100" />
    </mem>
    <pending-finalizers system="4" default="0" reference="305" classloader="0" />
    <remembered-set count="3186" />
  </mem-info>
</gc-end>
<cycle-end id="2870" type="scavenge" contextid="2864" timestamp="2025-12-11T04:13:09.692" />
<allocation-satisfied id="2871" threadId="00000000019C9400" bytesRequested="184" />
<af-end id="2872" timestamp="2025-12-11T04:13:09.693" threadId="00000000019C9E78" success="true" from="nursery"/>
<exclusive-end id="2873" timestamp="2025-12-11T04:13:09.694" durationms="41.655" />

<exclusive-start id="2874" timestamp="2025-12-11T04:17:05.958" intervalms="236305.225">
  <response-info timems="0.121" idlems="0.121" threads="0" lastid="000000000043CD00" lastname="Default Executor-thread-41" />
</exclusive-start>
<af-start id="2875" threadId="000000000043D778" totalBytesRequested="24" timestamp="2025-12-11T04:17:05.960" intervalms="236304.848" type="nursery" />
<cycle-start id="2876" type="scavenge" contextid="0" timestamp="2025-12-11T04:17:05.962" intervalms="236304.706" />
<gc-start id="2877" type="scavenge" contextid="2876" timestamp="2025-12-11T04:17:05.964">
  <mem-info id="2878" free="70067360" total="345112576" percent="20">
    <mem type="nursery" free="0" total="160694272" percent="0">
      <mem type="allocate" free="0" total="144572416" percent="0" />
      <mem type="survivor" free="0" total="16121856" percent="0" />
    </mem>
    <mem type="tenure" free="70067360" total="184418304" percent="37">
      <mem type="soa" free="68223136" total="182574080" percent="37" />
      <mem type="loa" free="1844224" total="1844224" percent="100" />
    </mem>
    <remembered-set count="3440" />
  </mem-info>
</gc-start>
<allocation-stats totalBytes="143727352" discardedBytes="45368" >
  <allocated-bytes non-tlh="1656" tlh="143725696" />
  <largest-consumer threadName="Timer-7" threadId="0000000000FFF400" bytes="39823184" />
</allocation-stats>
<gc-op id="2879" type="scavenge" timems="18.028" contextid="2876" timestamp="2025-12-11T04:17:05.986">
  <scavenger-info tenureage="14" tenuremask="4000" tiltratio="89" />
  <memory-copied type="nursery" objects="9235" bytes="474936" bytesdiscarded="563192" />
  <finalization candidates="5" enqueued="4" />
  <ownableSynchronizers candidates="19953" cleared="19843" />
  <references type="soft" candidates="5" cleared="0" enqueued="0" dynamicThreshold="12" maxThreshold="32" />
  <references type="weak" candidates="256" cleared="6" enqueued="1" />
  <references type="phantom" candidates="316" cleared="304" enqueued="304" />
  <object-monitors candidates="200" cleared="11"  />
</gc-op>
<heap-resize id="2880" type="contract" space="nursery" amount="1572864" count="1" timems="0.403" reason="insufficient time being spent scavenging" timestamp="2025-12-11T04:17:05.988" />
<gc-end id="2881" type="scavenge" contextid="2876" durationms="30.892" usertimems="27.638" systemtimems="6.391" stalltimems="111.243" timestamp="2025-12-11T04:17:05.995" activeThreads="11">
  <mem-info id="2882" free="212223888" total="343539712" percent="61">
    <mem type="nursery" free="142156528" total="159121408" percent="89">
      <mem type="allocate" free="142156528" total="143196160" percent="99" />
      <mem type="survivor" free="0" total="15925248" percent="0" />
    </mem>
    <mem type="tenure" free="70067360" total="184418304" percent="37" macro-fragmented="0">
      <mem type="soa" free="68223136" total="182574080" percent="37" />
      <mem type="loa" free="1844224" total="1844224" percent="100" />
    </mem>
    <pending-finalizers system="4" default="0" reference="305" classloader="0" />
    <remembered-set count="3230" />
  </mem-info>
</gc-end>
<cycle-end id="2883" type="scavenge" contextid="2876" timestamp="2025-12-11T04:17:05.996" />
<allocation-satisfied id="2884" threadId="000000000043CD00" bytesRequested="24" />
<af-end id="2885" timestamp="2025-12-11T04:17:05.997" threadId="000000000043D778" success="true" from="nursery"/>
<exclusive-end id="2886" timestamp="2025-12-11T04:17:05.998" durationms="40.298" />

<exclusive-start id="2887" timestamp="2025-12-11T04:20:45.351" intervalms="219393.402">
  <response-info timems="0.147" idlems="0.147" threads="0" lastid="0000000001802200" lastname="Default Executor-thread-135" />
</exclusive-start>
<af-start id="2888" threadId="0000000001802C78" totalBytesRequested="24" timestamp="2025-12-11T04:20:45.353" intervalms="219393.582" type="nursery" />
<cycle-start id="2889" type="scavenge" contextid="0" timestamp="2025-12-11T04:20:45.356" intervalms="219393.911" />
<gc-start id="2890" type="scavenge" contextid="2889" timestamp="2025-12-11T04:20:45.358">
  <mem-info id="2891" free="70066624" total="343539712" percent="20">
    <mem type="nursery" free="0" total="159121408" percent="0">
      <mem type="allocate" free="0" total="143196160" percent="0" />
      <mem type="survivor" free="0" total="15925248" percent="0" />
    </mem>
    <mem type="tenure" free="70066624" total="184418304" percent="37">
      <mem type="soa" free="68222400" total="182574080" percent="37" />
      <mem type="loa" free="1844224" total="1844224" percent="100" />
    </mem>
    <remembered-set count="4143" />
  </mem-info>
</gc-start>
<allocation-stats totalBytes="142054896" discardedBytes="102368" >
  <allocated-bytes non-tlh="760" tlh="142054136" />
  <largest-consumer threadName="Timer-7" threadId="0000000000FFF400" bytes="39716152" />
</allocation-stats>
<gc-op id="2892" type="scavenge" timems="18.572" contextid="2889" timestamp="2025-12-11T04:20:45.380">
  <scavenger-info tenureage="5" tenuremask="4020" tiltratio="89" />
  <memory-copied type="nursery" objects="8960" bytes="420512" bytesdiscarded="260624" />
  <memory-copied type="tenure" objects="431" bytes="52408" bytesdiscarded="0" />
  <finalization candidates="3" enqueued="2" />
  <ownableSynchronizers candidates="18484" cleared="18391" />
  <references type="soft" candidates="6" cleared="0" enqueued="0" dynamicThreshold="12" maxThreshold="32" />
  <references type="weak" candidates="481" cleared="5" enqueued="2" />
  <references type="phantom" candidates="165" cleared="154" enqueued="154" />
  <object-monitors candidates="189" cleared="0"  />
</gc-op>
<gc-end id="2893" type="scavenge" contextid="2889" durationms="24.449" usertimems="15.070" systemtimems="9.575" stalltimems="96.568" timestamp="2025-12-11T04:20:45.383" activeThreads="9">
  <mem-info id="2894" free="212396224" total="343539712" percent="61">
    <mem type="nursery" free="142513408" total="159121408" percent="89">
      <mem type="allocate" free="142513408" total="143196160" percent="99" />
      <mem type="survivor" free="0" total="15925248" percent="0" />
    </mem>
    <mem type="tenure" free="69882816" total="184418304" percent="37" macro-fragmented="0">
      <mem type="soa" free="68038592" total="182574080" percent="37" />
      <mem type="loa" free="1844224" total="1844224" percent="100" />
    </mem>
    <pending-finalizers system="2" default="0" reference="156" classloader="0" />
    <remembered-set count="1313" />
  </mem-info>
</gc-end>
<cycle-end id="2895" type="scavenge" contextid="2889" timestamp="2025-12-11T04:20:45.384" />
<allocation-satisfied id="2896" threadId="0000000001802200" bytesRequested="24" />
<af-end id="2897" timestamp="2025-12-11T04:20:45.386" threadId="0000000001802C78" success="true" from="nursery"/>
<exclusive-end id="2898" timestamp="2025-12-11T04:20:45.386" durationms="35.173" />

<exclusive-start id="2899" timestamp="2025-12-11T04:23:00.215" intervalms="134864.129">
  <response-info timems="0.110" idlems="0.110" threads="0" lastid="00000000027A2B00" lastname="Default Executor-thread-121" />
</exclusive-start>
<af-start id="2900" threadId="00000000027A3578" totalBytesRequested="40" timestamp="2025-12-11T04:23:00.217" intervalms="134863.958" type="nursery" />
<cycle-start id="2901" type="scavenge" contextid="0" timestamp="2025-12-11T04:23:00.219" intervalms="134863.369" />
<gc-start id="2902" type="scavenge" contextid="2901" timestamp="2025-12-11T04:23:00.221">
  <mem-info id="2903" free="69862488" total="343539712" percent="20">
    <mem type="nursery" free="0" total="159121408" percent="0">
      <mem type="allocate" free="0" total="143196160" percent="0" />
      <mem type="survivor" free="0" total="15925248" percent="0" />
    </mem>
    <mem type="tenure" free="69862488" total="184418304" percent="37">
      <mem type="soa" free="68018264" total="182574080" percent="37" />
      <mem type="loa" free="1844224" total="1844224" percent="100" />
    </mem>
    <remembered-set count="4015" />
  </mem-info>
</gc-start>
<allocation-stats totalBytes="142432056" discardedBytes="101680" >
  <allocated-bytes non-tlh="720312" tlh="141711744" />
  <largest-consumer threadName="Timer-7" threadId="0000000000FFF400" bytes="24921096" />
</allocation-stats>
<gc-op id="2904" type="scavenge" timems="28.366" contextid="2901" timestamp="2025-12-11T04:23:00.253">
  <scavenger-info tenureage="9" tenuremask="fe00" tiltratio="89" />
  <memory-copied type="nursery" objects="17429" bytes="935256" bytesdiscarded="68656" />
  <finalization candidates="70" enqueued="68" />
  <ownableSynchronizers candidates="11653" cleared="11521" />
  <references type="soft" candidates="133" cleared="0" enqueued="0" dynamicThreshold="12" maxThreshold="32" />
  <references type="weak" candidates="1350" cleared="315" enqueued="301" />
  <references type="phantom" candidates="339" cleared="291" enqueued="291" />
  <object-monitors candidates="225" cleared="21"  />
</gc-op>
<gc-end id="2905" type="scavenge" contextid="2901" durationms="69.924" usertimems="36.786" systemtimems="2.334" stalltimems="83.772" timestamp="2025-12-11T04:23:00.291" activeThreads="8">
  <mem-info id="2906" free="212051048" total="343539712" percent="61">
    <mem type="nursery" free="142188560" total="159121408" percent="89">
      <mem type="allocate" free="142188560" total="143196160" percent="99" />
      <mem type="survivor" free="0" total="15925248" percent="0" />
    </mem>
    <mem type="tenure" free="69862488" total="184418304" percent="37" macro-fragmented="0">
      <mem type="soa" free="68018264" total="182574080" percent="37" />
      <mem type="loa" free="1844224" total="1844224" percent="100" />
    </mem>
    <pending-finalizers system="68" default="0" reference="592" classloader="0" />
    <remembered-set count="2119" />
  </mem-info>
</gc-end>
<cycle-end id="2907" type="scavenge" contextid="2901" timestamp="2025-12-11T04:23:00.293" />
<allocation-satisfied id="2908" threadId="00000000027A2B00" bytesRequested="40" />
<af-end id="2909" timestamp="2025-12-11T04:23:00.296" threadId="00000000027A3578" success="true" from="nursery"/>
<exclusive-end id="2910" timestamp="2025-12-11T04:23:00.297" durationms="81.874" />

<exclusive-start id="2911" timestamp="2025-12-11T04:24:06.683" intervalms="66468.061">
  <response-info timems="0.117" idlems="0.117" threads="0" lastid="0000000000555500" lastname="Active Thread: Equinox Container: 661b0c39-5b5a-459a-a52c-3dcd8" />
</exclusive-start>
<af-start id="2912" threadId="0000000000555F78" totalBytesRequested="16" timestamp="2025-12-11T04:24:06.685" intervalms="66468.094" type="nursery" />
<cycle-start id="2913" type="scavenge" contextid="0" timestamp="2025-12-11T04:24:06.688" intervalms="66468.640" />
<gc-start id="2914" type="scavenge" contextid="2913" timestamp="2025-12-11T04:24:06.691">
  <mem-info id="2915" free="69835672" total="343539712" percent="20">
    <mem type="nursery" free="0" total="159121408" percent="0">
      <mem type="allocate" free="0" total="143196160" percent="0" />
      <mem type="survivor" free="0" total="15925248" percent="0" />
    </mem>
    <mem type="tenure" free="69835672" total="184418304" percent="37">
      <mem type="soa" free="67991448" total="182574080" percent="37" />
      <mem type="loa" free="1844224" total="1844224" percent="100" />
    </mem>
    <remembered-set count="4334" />
  </mem-info>
</gc-start>
<allocation-stats totalBytes="142171184" discardedBytes="44192" >
  <allocated-bytes non-tlh="731416" tlh="141439768" />
  <largest-consumer threadName="Default Executor-thread-59" threadId="00000000018C0700" bytes="58818808" />
</allocation-stats>
<gc-op id="2916" type="scavenge" timems="52.597" contextid="2913" timestamp="2025-12-11T04:24:06.747">
  <scavenger-info tenureage="7" tenuremask="fd80" tiltratio="89" />
  <memory-copied type="nursery" objects="71147" bytes="4203328" bytesdiscarded="77248" />
  <memory-copied type="tenure" objects="54" bytes="12784" bytesdiscarded="0" />
  <finalization candidates="99" enqueued="95" />
  <ownableSynchronizers candidates="8455" cleared="8223" />
  <references type="soft" candidates="318" cleared="0" enqueued="0" dynamicThreshold="12" maxThreshold="32" />
  <references type="weak" candidates="1808" cleared="557" enqueued="518" />
  <references type="phantom" candidates="146" cleared="3" enqueued="3" />
  <object-monitors candidates="206" cleared="1"  />
</gc-op>
<gc-end id="2917" type="scavenge" contextid="2913" durationms="89.442" usertimems="41.174" systemtimems="6.738" stalltimems="31.185" timestamp="2025-12-11T04:24:06.780" activeThreads="8">
  <mem-info id="2918" free="208478272" total="343539712" percent="60">
    <mem type="nursery" free="138905256" total="159121408" percent="87">
      <mem type="allocate" free="138905256" total="143196160" percent="97" />
      <mem type="survivor" free="0" total="15925248" percent="0" />
    </mem>
    <mem type="tenure" free="69573016" total="184418304" percent="37" macro-fragmented="27735676">
      <mem type="soa" free="67728792" total="182574080" percent="37" />
      <mem type="loa" free="1844224" total="1844224" percent="100" />
    </mem>
    <pending-finalizers system="1" default="94" reference="521" classloader="0" />
    <remembered-set count="2786" />
  </mem-info>
</gc-end>
<cycle-end id="2919" type="scavenge" contextid="2913" timestamp="2025-12-11T04:24:06.783" />
<allocation-satisfied id="2920" threadId="0000000000555500" bytesRequested="16" />
<af-end id="2921" timestamp="2025-12-11T04:24:06.786" threadId="0000000000555F78" success="true" from="nursery"/>
<exclusive-end id="2922" timestamp="2025-12-11T04:24:06.788" durationms="104.511" />

<exclusive-start id="2923" timestamp="2025-12-11T04:24:45.814" intervalms="39130.895">
  <response-info timems="0.095" idlems="0.095" threads="0" lastid="0000000001929E00" lastname="Default Executor-thread-200" />
</exclusive-start>
<af-start id="2924" threadId="000000000192A878" totalBytesRequested="4688" timestamp="2025-12-11T04:24:45.816" intervalms="39130.784" type="nursery" />
<cycle-start id="2925" type="scavenge" contextid="0" timestamp="2025-12-11T04:24:45.818" intervalms="39130.091" />
<gc-start id="2926" type="scavenge" contextid="2925" timestamp="2025-12-11T04:24:45.820">
  <mem-info id="2927" free="69547832" total="343539712" percent="20">
    <mem type="nursery" free="0" total="159121408" percent="0">
      <mem type="allocate" free="0" total="143196160" percent="0" />
      <mem type="survivor" free="0" total="15925248" percent="0" />
    </mem>
    <mem type="tenure" free="69547832" total="184418304" percent="37">
      <mem type="soa" free="67703608" total="182574080" percent="37" />
      <mem type="loa" free="1844224" total="1844224" percent="100" />
    </mem>
    <remembered-set count="4275" />
  </mem-info>
</gc-start>
<allocation-stats totalBytes="138830952" discardedBytes="99488" >
  <allocated-bytes non-tlh="320128" tlh="138510824" />
  <largest-consumer threadName="Default Executor-thread-29" threadId="00000000017FFA00" bytes="57007360" />
</allocation-stats>
<gc-op id="2928" type="scavenge" timems="24.352" contextid="2925" timestamp="2025-12-11T04:24:45.846">
  <scavenger-info tenureage="4" tenuremask="fd70" tiltratio="89" />
  <memory-copied type="nursery" objects="119472" bytes="5951200" bytesdiscarded="186448" />
  <memory-copied type="tenure" objects="2377" bytes="141688" bytesdiscarded="80" />
  <finalization candidates="103" enqueued="96" />
  <ownableSynchronizers candidates="6689" cleared="6322" />
  <references type="soft" candidates="494" cleared="0" enqueued="0" dynamicThreshold="12" maxThreshold="32" />
  <references type="weak" candidates="1790" cleared="582" enqueued="537" />
  <references type="phantom" candidates="155" cleared="6" enqueued="6" />
  <object-monitors candidates="229" cleared="18"  />
</gc-op>
<gc-end id="2929" type="scavenge" contextid="2925" durationms="40.403" usertimems="47.684" systemtimems="24.681" stalltimems="234.133" timestamp="2025-12-11T04:24:45.861" activeThreads="13">
  <mem-info id="2930" free="205790952" total="343539712" percent="59">
    <mem type="nursery" free="137046808" total="159121408" percent="86">
      <mem type="allocate" free="137046808" total="143196160" percent="95" />
      <mem type="survivor" free="0" total="15925248" percent="0" />
    </mem>
    <mem type="tenure" free="68744144" total="184418304" percent="37" macro-fragmented="19260884">
      <mem type="soa" free="66899920" total="182574080" percent="36" />
      <mem type="loa" free="1844224" total="1844224" percent="100" />
    </mem>
    <pending-finalizers system="2" default="94" reference="543" classloader="0" />
    <remembered-set count="2827" />
  </mem-info>
</gc-end>
<cycle-end id="2931" type="scavenge" contextid="2925" timestamp="2025-12-11T04:24:45.863" />
<allocation-satisfied id="2932" threadId="0000000001929E00" bytesRequested="4688" />
<af-end id="2933" timestamp="2025-12-11T04:24:45.867" threadId="000000000192A878" success="true" from="nursery"/>
<exclusive-end id="2934" timestamp="2025-12-11T04:24:45.868" durationms="53.657" />

<exclusive-start id="2935" timestamp="2025-12-11T04:26:51.902" intervalms="126087.572">
  <response-info timems="0.127" idlems="0.127" threads="0" lastid="0000000000FFF400" lastname="Timer-7" />
</exclusive-start>
<af-start id="2936" threadId="0000000000FFFE78" totalBytesRequested="4168" timestamp="2025-12-11T04:26:51.904" intervalms="126087.734" type="nursery" />
<cycle-start id="2937" type="scavenge" contextid="0" timestamp="2025-12-11T04:26:51.906" intervalms="126088.106" />
<gc-start id="2938" type="scavenge" contextid="2937" timestamp="2025-12-11T04:26:51.909">
  <mem-info id="2939" free="68720488" total="343539712" percent="20">
    <mem type="nursery" free="0" total="159121408" percent="0">
      <mem type="allocate" free="0" total="143196160" percent="0" />
      <mem type="survivor" free="0" total="15925248" percent="0" />
    </mem>
    <mem type="tenure" free="68720488" total="184418304" percent="37">
      <mem type="soa" free="66876264" total="182574080" percent="36" />
      <mem type="loa" free="1844224" total="1844224" percent="100" />
    </mem>
    <remembered-set count="4024" />
  </mem-info>
</gc-start>
<allocation-stats totalBytes="137023208" discardedBytes="47256" >
  <allocated-bytes non-tlh="356048" tlh="136667160" />
  <largest-consumer threadName="Default Executor-thread-200" threadId="0000000001929E00" bytes="38663584" />
</allocation-stats>
<gc-op id="2940" type="scavenge" timems="20.313" contextid="2937" timestamp="2025-12-11T04:26:51.932">
  <scavenger-info tenureage="4" tenuremask="f710" tiltratio="89" />
  <memory-copied type="nursery" objects="152809" bytes="7172416" bytesdiscarded="178024" />
  <memory-copied type="tenure" objects="895" bytes="53648" bytesdiscarded="0" />
  <finalization candidates="102" enqueued="95" />
  <ownableSynchronizers candidates="14246" cleared="13755" />
  <references type="soft" candidates="672" cleared="0" enqueued="0" dynamicThreshold="12" maxThreshold="32" />
  <references type="weak" candidates="1751" cleared="494" enqueued="468" />
  <references type="phantom" candidates="292" cleared="144" enqueued="144" />
  <object-monitors candidates="213" cleared="2"  />
</gc-op>
<gc-end id="2941" type="scavenge" contextid="2937" durationms="31.867" usertimems="36.115" systemtimems="2.098" stalltimems="20.796" timestamp="2025-12-11T04:26:51.940" activeThreads="10">
  <mem-info id="2942" free="204211968" total="343539712" percent="59">
    <mem type="nursery" free="135830936" total="159121408" percent="85">
      <mem type="allocate" free="135830936" total="143196160" percent="94" />
      <mem type="survivor" free="0" total="15925248" percent="0" />
    </mem>
    <mem type="tenure" free="68381032" total="184418304" percent="37" macro-fragmented="0">
      <mem type="soa" free="66536808" total="182574080" percent="36" />
      <mem type="loa" free="1844224" total="1844224" percent="100" />
    </mem>
    <pending-finalizers system="1" default="94" reference="612" classloader="0" />
    <remembered-set count="2757" />
  </mem-info>
</gc-end>
<cycle-end id="2943" type="scavenge" contextid="2937" timestamp="2025-12-11T04:26:51.941" />
<allocation-satisfied id="2944" threadId="0000000000FFF400" bytesRequested="4168" />
<af-end id="2945" timestamp="2025-12-11T04:26:51.942" threadId="0000000000FFFE78" success="true" from="nursery"/>
<exclusive-end id="2946" timestamp="2025-12-11T04:26:51.942" durationms="40.477" />

<exclusive-start id="2947" timestamp="2025-12-11T04:30:27.666" intervalms="215764.468">
  <response-info timems="0.114" idlems="0.114" threads="0" lastid="000000000085B900" lastname="Default Executor-thread-174" />
</exclusive-start>
<af-start id="2948" threadId="000000000085C378" totalBytesRequested="520" timestamp="2025-12-11T04:30:27.668" intervalms="215764.233" type="nursery" />
<cycle-start id="2949" type="scavenge" contextid="0" timestamp="2025-12-11T04:30:27.671" intervalms="215764.917" />
<gc-start id="2950" type="scavenge" contextid="2949" timestamp="2025-12-11T04:30:27.675">
  <mem-info id="2951" free="68381032" total="343539712" percent="19">
    <mem type="nursery" free="0" total="159121408" percent="0">
      <mem type="allocate" free="0" total="143196160" percent="0" />
      <mem type="survivor" free="0" total="15925248" percent="0" />
    </mem>
    <mem type="tenure" free="68381032" total="184418304" percent="37">
      <mem type="soa" free="66536808" total="182574080" percent="36" />
      <mem type="loa" free="1844224" total="1844224" percent="100" />
    </mem>
    <remembered-set count="3453" />
  </mem-info>
</gc-start>
<allocation-stats totalBytes="135785088" discardedBytes="45848" >
  <allocated-bytes non-tlh="4168" tlh="135780920" />
  <largest-consumer threadName="Timer-7" threadId="0000000000FFF400" bytes="35762160" />
</allocation-stats>
<gc-op id="2952" type="scavenge" timems="35.291" contextid="2949" timestamp="2025-12-11T04:30:27.713">
  <scavenger-info tenureage="3" tenuremask="fdd8" tiltratio="89" />
  <memory-copied type="nursery" objects="99876" bytes="3709576" bytesdiscarded="227520" />
  <memory-copied type="tenure" objects="44430" bytes="3176080" bytesdiscarded="1080" />
  <finalization candidates="11" enqueued="4" />
  <ownableSynchronizers candidates="18627" cleared="18134" />
  <references type="soft" candidates="359" cleared="0" enqueued="0" dynamicThreshold="12" maxThreshold="32" />
  <references type="weak" candidates="403" cleared="20" enqueued="19" />
  <references type="phantom" candidates="320" cleared="303" enqueued="303" />
  <object-monitors candidates="231" cleared="16"  />
</gc-op>
<gc-end id="2953" type="scavenge" contextid="2949" durationms="41.418" usertimems="49.933" systemtimems="28.073" stalltimems="174.144" timestamp="2025-12-11T04:30:27.716" activeThreads="13">
  <mem-info id="2954" free="204442264" total="343539712" percent="59">
    <mem type="nursery" free="139254288" total="159121408" percent="87">
      <mem type="allocate" free="139254288" total="143196160" percent="97" />
      <mem type="survivor" free="0" total="15925248" percent="0" />
    </mem>
    <mem type="tenure" free="65187976" total="184418304" percent="35" macro-fragmented="0">
      <mem type="soa" free="63343752" total="182574080" percent="34" />
      <mem type="loa" free="1844224" total="1844224" percent="100" />
    </mem>
    <pending-finalizers system="4" default="0" reference="322" classloader="0" />
    <remembered-set count="1697" />
  </mem-info>
</gc-end>
<cycle-end id="2955" type="scavenge" contextid="2949" timestamp="2025-12-11T04:30:27.717" />
<allocation-satisfied id="2956" threadId="000000000085B900" bytesRequested="520" />
<af-end id="2957" timestamp="2025-12-11T04:30:27.720" threadId="000000000085C378" success="true" from="nursery"/>
<exclusive-end id="2958" timestamp="2025-12-11T04:30:27.722" durationms="56.057" />

<exclusive-start id="2959" timestamp="2025-12-11T04:34:18.695" intervalms="231028.768">
  <response-info timems="0.134" idlems="0.134" threads="0" lastid="00000000005F3B00" lastname="Default Executor-thread-223" />
</exclusive-start>
<af-start id="2960" threadId="00000000005F4578" totalBytesRequested="40" timestamp="2025-12-11T04:34:18.697" intervalms="231028.809" type="nursery" />
<cycle-start id="2961" type="scavenge" contextid="0" timestamp="2025-12-11T04:34:18.699" intervalms="231027.937" />
<gc-start id="2962" type="scavenge" contextid="2961" timestamp="2025-12-11T04:34:18.702">
  <mem-info id="2963" free="65187976" total="343539712" percent="18">
    <mem type="nursery" free="0" total="159121408" percent="0">
      <mem type="allocate" free="0" total="143196160" percent="0" />
      <mem type="survivor" free="0" total="15925248" percent="0" />
    </mem>
    <mem type="tenure" free="65187976" total="184418304" percent="35">
      <mem type="soa" free="63343752" total="182574080" percent="34" />
      <mem type="loa" free="1844224" total="1844224" percent="100" />
    </mem>
    <remembered-set count="1927" />
  </mem-info>
</gc-start>
<allocation-stats totalBytes="139205920" discardedBytes="48368" >
  <allocated-bytes non-tlh="520" tlh="139205400" />
  <largest-consumer threadName="Timer-7" threadId="0000000000FFF400" bytes="37222872" />
</allocation-stats>
<gc-op id="2964" type="scavenge" timems="24.390" contextid="2961" timestamp="2025-12-11T04:34:18.730">
  <scavenger-info tenureage="3" tenuremask="ffc8" tiltratio="89" />
  <memory-copied type="nursery" objects="41664" bytes="1615856" bytesdiscarded="379968" />
  <memory-copied type="tenure" objects="58695" bytes="2128632" bytesdiscarded="1376" />
  <finalization candidates="9" enqueued="4" />
  <ownableSynchronizers candidates="19780" cleared="19398" />
  <references type="soft" candidates="179" cleared="0" enqueued="0" dynamicThreshold="12" maxThreshold="32" />
  <references type="weak" candidates="278" cleared="2" enqueued="1" />
  <references type="phantom" candidates="310" cleared="302" enqueued="302" />
  <object-monitors candidates="235" cleared="10"  />
</gc-op>
<gc-end id="2965" type="scavenge" contextid="2961" durationms="30.765" usertimems="13.725" systemtimems="17.551" stalltimems="33.689" timestamp="2025-12-11T04:34:18.732" activeThreads="13">
  <mem-info id="2966" free="204694880" total="343539712" percent="59">
    <mem type="nursery" free="141197232" total="159121408" percent="88">
      <mem type="allocate" free="141197232" total="143196160" percent="98" />
      <mem type="survivor" free="0" total="15925248" percent="0" />
    </mem>
    <mem type="tenure" free="63497648" total="184418304" percent="34" macro-fragmented="0">
      <mem type="soa" free="61653424" total="182574080" percent="33" />
      <mem type="loa" free="1844224" total="1844224" percent="100" />
    </mem>
    <pending-finalizers system="4" default="0" reference="303" classloader="0" />
    <remembered-set count="1216" />
  </mem-info>
</gc-end>
<cycle-end id="2967" type="scavenge" contextid="2961" timestamp="2025-12-11T04:34:18.734" />
<allocation-satisfied id="2968" threadId="00000000005F3B00" bytesRequested="40" />
<af-end id="2969" timestamp="2025-12-11T04:34:18.735" threadId="00000000005F4578" success="true" from="nursery"/>
<exclusive-end id="2970" timestamp="2025-12-11T04:34:18.736" durationms="40.970" />

<exclusive-start id="2971" timestamp="2025-12-11T04:38:09.230" intervalms="230534.726">
  <response-info timems="0.313" idlems="0.313" threads="0" lastid="0000000001960B00" lastname="Default Executor-thread-244" />
</exclusive-start>
<af-start id="2972" threadId="0000000001961578" totalBytesRequested="40" timestamp="2025-12-11T04:38:09.232" intervalms="230535.164" type="nursery" />
<cycle-start id="2973" type="scavenge" contextid="0" timestamp="2025-12-11T04:38:09.235" intervalms="230535.976" />
<gc-start id="2974" type="scavenge" contextid="2973" timestamp="2025-12-11T04:38:09.238">
  <mem-info id="2975" free="63497648" total="343539712" percent="18">
    <mem type="nursery" free="0" total="159121408" percent="0">
      <mem type="allocate" free="0" total="143196160" percent="0" />
      <mem type="survivor" free="0" total="15925248" percent="0" />
    </mem>
    <mem type="tenure" free="63497648" total="184418304" percent="34">
      <mem type="soa" free="61653424" total="182574080" percent="33" />
      <mem type="loa" free="1844224" total="1844224" percent="100" />
    </mem>
    <remembered-set count="1445" />
  </mem-info>
</gc-start>
<allocation-stats totalBytes="141153096" discardedBytes="44136" >
  <allocated-bytes non-tlh="32816" tlh="141120280" />
  <largest-consumer threadName="Timer-7" threadId="0000000000FFF400" bytes="39648352" />
</allocation-stats>
<gc-op id="2976" type="scavenge" timems="16.270" contextid="2973" timestamp="2025-12-11T04:38:09.258">
  <scavenger-info tenureage="5" tenuremask="ffe0" tiltratio="89" />
  <memory-copied type="nursery" objects="42206" bytes="1654680" bytesdiscarded="603872" />
  <finalization candidates="5" enqueued="4" />
  <ownableSynchronizers candidates="19621" cleared="19369" />
  <references type="soft" candidates="179" cleared="0" enqueued="0" dynamicThreshold="12" maxThreshold="32" />
  <references type="weak" candidates="354" cleared="2" enqueued="1" />
  <references type="phantom" candidates="314" cleared="304" enqueued="304" />
  <object-monitors candidates="245" cleared="19"  />
</gc-op>
<gc-end id="2977" type="scavenge" contextid="2973" durationms="24.257" usertimems="23.318" systemtimems="27.646" stalltimems="130.692" timestamp="2025-12-11T04:38:09.263" activeThreads="16">
  <mem-info id="2978" free="204432136" total="343539712" percent="59">
    <mem type="nursery" free="140934488" total="159121408" percent="88">
      <mem type="allocate" free="140934488" total="143196160" percent="98" />
      <mem type="survivor" free="0" total="15925248" percent="0" />
    </mem>
    <mem type="tenure" free="63497648" total="184418304" percent="34" macro-fragmented="27735676">
      <mem type="soa" free="61653424" total="182574080" percent="33" />
      <mem type="loa" free="1844224" total="1844224" percent="100" />
    </mem>
    <pending-finalizers system="4" default="0" reference="305" classloader="0" />
    <remembered-set count="1194" />
  </mem-info>
</gc-end>
<cycle-end id="2979" type="scavenge" contextid="2973" timestamp="2025-12-11T04:38:09.265" />
<allocation-satisfied id="2980" threadId="0000000001960B00" bytesRequested="40" />
<af-end id="2981" timestamp="2025-12-11T04:38:09.267" threadId="0000000001961578" success="true" from="nursery"/>
<exclusive-end id="2982" timestamp="2025-12-11T04:38:09.268" durationms="38.137" />

<exclusive-start id="2983" timestamp="2025-12-11T04:41:49.935" intervalms="220705.602">
  <response-info timems="0.180" idlems="0.180" threads="0" lastid="00000000001D0800" lastname="VM Runtime State Listener" />
</exclusive-start>
<sys-start reason="vm idle" id="2984" timestamp="2025-12-11T04:41:49.937" intervalms="1952247.077" />
<cycle-start id="2985" type="global" contextid="0" timestamp="2025-12-11T04:41:49.940" intervalms="1952247.983" />
<gc-start id="2986" type="global" contextid="2985" timestamp="2025-12-11T04:41:49.943">
  <mem-info id="2987" free="73024264" total="343539712" percent="21">
    <mem type="nursery" free="9526616" total="159121408" percent="5">
      <mem type="allocate" free="9526616" total="143196160" percent="6" />
      <mem type="survivor" free="0" total="15925248" percent="0" />
    </mem>
    <mem type="tenure" free="63497648" total="184418304" percent="34">
      <mem type="soa" free="61653424" total="182574080" percent="33" />
      <mem type="loa" free="1844224" total="1844224" percent="100" />
    </mem>
    <remembered-set count="1372" />
  </mem-info>
</gc-start>
<allocation-stats totalBytes="131362712" discardedBytes="45160" >
  <allocated-bytes non-tlh="40" tlh="131362672" />
  <largest-consumer threadName="Timer-7" threadId="0000000000FFF400" bytes="34820696" />
</allocation-stats>
<gc-op id="2988" type="mark" timems="128.225" contextid="2985" timestamp="2025-12-11T04:41:50.075">
  <trace-info objectcount="2367097" scancount="2051734" scanbytes="76692828" />
  <finalization candidates="919" enqueued="10" />
  <ownableSynchronizers candidates="29514" cleared="18699" />
  <references type="soft" candidates="15034" cleared="0" enqueued="0" dynamicThreshold="12" maxThreshold="32" />
  <references type="weak" candidates="19776" cleared="550" enqueued="518" />
  <references type="phantom" candidates="1665" cleared="220" enqueued="220" />
  <stringconstants candidates="57572" cleared="759"  />
  <object-monitors candidates="246" cleared="61"  />
</gc-op>
<gc-op id="2989" type="classunload" timems="10.653" contextid="2985" timestamp="2025-12-11T04:41:50.087">
  <classunload-info classloadercandidates="805" classloadersunloaded="16" classesunloaded="7" anonymousclassesunloaded="1" quiescems="0.000" setupms="10.295" scanms="0.201" postms="0.156" />
</gc-op>
<gc-op id="2990" type="sweep" timems="7.390" contextid="2985" timestamp="2025-12-11T04:41:50.096" />
<gc-end id="2991" type="global" contextid="2985" durationms="168.130" usertimems="1494.187" systemtimems="34.470" stalltimems="1162.344" timestamp="2025-12-11T04:41:50.111" activeThreads="20">
  <mem-info id="2992" free="209986208" total="343539712" percent="61">
    <mem type="nursery" free="141323008" total="159121408" percent="88">
      <mem type="allocate" free="141323008" total="143196160" percent="98" />
      <mem type="survivor" free="0" total="15925248" percent="0" />
    </mem>
    <mem type="tenure" free="68663200" total="184418304" percent="37" micro-fragmented="441922" macro-fragmented="27735676">
      <mem type="soa" free="66818976" total="182574080" percent="36" />
      <mem type="loa" free="1844224" total="1844224" percent="100" />
    </mem>
    <pending-finalizers system="4" default="6" reference="738" classloader="0" />
    <remembered-set count="1210" />
  </mem-info>
</gc-end>
<cycle-end id="2993" type="global" contextid="2985" timestamp="2025-12-11T04:41:50.113" />
<heap-fixup timems="12.635" reason="class unloading"  timestamp="2025-12-11T04:41:50.113" />
<sys-end id="2994" timestamp="2025-12-11T04:41:50.115" />
<exclusive-end id="2995" timestamp="2025-12-11T04:41:50.116" durationms="180.850" />

<heap-resize id="2996" type="release free pages" space="tenure" amount="67350528" count="1" timems="5.976" reason="idle" timestamp="2025-12-11T04:41:50.123" />
<exclusive-start id="2997" timestamp="2025-12-11T04:45:47.076" intervalms="237140.289">
  <response-info timems="0.119" idlems="0.119" threads="0" lastid="000000000085B900" lastname="Default Executor-thread-174" />
</exclusive-start>
<af-start id="2998" threadId="000000000085C378" totalBytesRequested="16" timestamp="2025-12-11T04:45:47.077" intervalms="457845.478" type="nursery" />
<cycle-start id="2999" type="scavenge" contextid="0" timestamp="2025-12-11T04:45:47.079" intervalms="457844.591" />
<gc-start id="3000" type="scavenge" contextid="2999" timestamp="2025-12-11T04:45:47.082">
  <mem-info id="3001" free="68663200" total="343539712" percent="19">
    <mem type="nursery" free="0" total="159121408" percent="0">
      <mem type="allocate" free="0" total="143196160" percent="0" />
      <mem type="survivor" free="0" total="15925248" percent="0" />
    </mem>
    <mem type="tenure" free="68663200" total="184418304" percent="37">
      <mem type="soa" free="66818976" total="182574080" percent="36" />
      <mem type="loa" free="1844224" total="1844224" percent="100" />
    </mem>
    <remembered-set count="1933" />
  </mem-info>
</gc-start>
<allocation-stats totalBytes="141254096" discardedBytes="68144" >
  <allocated-bytes non-tlh="38920" tlh="141215176" />
  <largest-consumer threadName="Timer-7" threadId="0000000000FFF400" bytes="38054176" />
</allocation-stats>
<gc-op id="3002" type="scavenge" timems="23.268" contextid="2999" timestamp="2025-12-11T04:45:47.111">
  <scavenger-info tenureage="4" tenuremask="fff0" tiltratio="89" />
  <memory-copied type="nursery" objects="5124" bytes="266296" bytesdiscarded="1205944" />
  <memory-copied type="tenure" objects="36472" bytes="1363448" bytesdiscarded="6072" />
  <finalization candidates="3" enqueued="3" />
  <ownableSynchronizers candidates="41275" cleared="41029" />
  <references type="soft" candidates="1" cleared="0" enqueued="0" dynamicThreshold="11" maxThreshold="32" />
  <references type="weak" candidates="289" cleared="2" enqueued="1" />
  <references type="phantom" candidates="249" cleared="242" enqueued="242" />
  <object-monitors candidates="185" cleared="0"  />
</gc-op>
<gc-end id="3003" type="scavenge" contextid="2999" durationms="30.507" usertimems="80.404" systemtimems="18.347" stalltimems="106.601" timestamp="2025-12-11T04:45:47.113" activeThreads="13">
  <mem-info id="3004" free="208878432" total="343539712" percent="60">
    <mem type="nursery" free="141723136" total="159121408" percent="89">
      <mem type="allocate" free="141723136" total="143196160" percent="98" />
      <mem type="survivor" free="0" total="15925248" percent="0" />
    </mem>
    <mem type="tenure" free="67155296" total="184418304" percent="36" macro-fragmented="23113062">
      <mem type="soa" free="65311072" total="182574080" percent="35" />
      <mem type="loa" free="1844224" total="1844224" percent="100" />
    </mem>
    <pending-finalizers system="3" default="0" reference="243" classloader="0" />
    <remembered-set count="1253" />
  </mem-info>
</gc-end>
<cycle-end id="3005" type="scavenge" contextid="2999" timestamp="2025-12-11T04:45:47.114" />
<allocation-satisfied id="3006" threadId="000000000085B900" bytesRequested="16" />
<af-end id="3007" timestamp="2025-12-11T04:45:47.118" threadId="000000000085C378" success="true" from="nursery"/>
<exclusive-end id="3008" timestamp="2025-12-11T04:45:47.120" durationms="44.173" />

<exclusive-start id="3009" timestamp="2025-12-11T04:49:43.892" intervalms="236815.984">
  <response-info timems="0.090" idlems="0.090" threads="0" lastid="0000000000857C00" lastname="Default Executor-thread-248" />
</exclusive-start>
<af-start id="3010" threadId="0000000000858678" totalBytesRequested="24" timestamp="2025-12-11T04:49:43.893" intervalms="236815.429" type="nursery" />
<cycle-start id="3011" type="scavenge" contextid="0" timestamp="2025-12-11T04:49:43.894" intervalms="236815.075" />
<gc-start id="3012" type="scavenge" contextid="3011" timestamp="2025-12-11T04:49:43.898">
  <mem-info id="3013" free="67155296" total="343539712" percent="19">
    <mem type="nursery" free="0" total="159121408" percent="0">
      <mem type="allocate" free="0" total="143196160" percent="0" />
      <mem type="survivor" free="0" total="15925248" percent="0" />
    </mem>
    <mem type="tenure" free="67155296" total="184418304" percent="36">
      <mem type="soa" free="65311072" total="182574080" percent="35" />
      <mem type="loa" free="1844224" total="1844224" percent="100" />
    </mem>
    <remembered-set count="1441" />
  </mem-info>
</gc-start>
<allocation-stats totalBytes="141687008" discardedBytes="36128" >
  <allocated-bytes non-tlh="16" tlh="141686992" />
  <largest-consumer threadName="Timer-7" threadId="0000000000FFF400" bytes="37903048" />
</allocation-stats>
<gc-op id="3014" type="scavenge" timems="16.687" contextid="3011" timestamp="2025-12-11T04:49:43.916">
  <scavenger-info tenureage="6" tenuremask="ffc0" tiltratio="89" />
  <memory-copied type="nursery" objects="5513" bytes="320840" bytesdiscarded="233200" />
  <finalization candidates="4" enqueued="4" />
  <ownableSynchronizers candidates="19982" cleared="19883" />
  <references type="soft" candidates="1" cleared="0" enqueued="0" dynamicThreshold="11" maxThreshold="32" />
  <references type="weak" candidates="340" cleared="4" enqueued="3" />
  <references type="phantom" candidates="315" cleared="304" enqueued="304" />
  <object-monitors candidates="185" cleared="0"  />
</gc-op>
<gc-end id="3015" type="scavenge" contextid="3011" durationms="20.671" usertimems="10.816" systemtimems="6.963" stalltimems="44.192" timestamp="2025-12-11T04:49:43.918" activeThreads="12">
  <mem-info id="3016" free="209796944" total="343539712" percent="61">
    <mem type="nursery" free="142641648" total="159121408" percent="89">
      <mem type="allocate" free="142641648" total="143196160" percent="99" />
      <mem type="survivor" free="0" total="15925248" percent="0" />
    </mem>
    <mem type="tenure" free="67155296" total="184418304" percent="36" macro-fragmented="0">
      <mem type="soa" free="65311072" total="182574080" percent="35" />
      <mem type="loa" free="1844224" total="1844224" percent="100" />
    </mem>
    <pending-finalizers system="4" default="0" reference="307" classloader="0" />
    <remembered-set count="1264" />
  </mem-info>
</gc-end>
<cycle-end id="3017" type="scavenge" contextid="3011" timestamp="2025-12-11T04:49:43.919" />
<allocation-satisfied id="3018" threadId="0000000000857C00" bytesRequested="24" />
<af-end id="3019" timestamp="2025-12-11T04:49:43.920" threadId="0000000000858678" success="true" from="nursery"/>
<exclusive-end id="3020" timestamp="2025-12-11T04:49:43.921" durationms="29.134" />

<exclusive-start id="3021" timestamp="2025-12-11T04:53:36.931" intervalms="233039.268">
  <response-info timems="0.241" idlems="0.241" threads="0" lastid="0000000000FFF400" lastname="Timer-7" />
</exclusive-start>
<af-start id="3022" threadId="0000000000FFFE78" totalBytesRequested="4232" timestamp="2025-12-11T04:53:36.933" intervalms="233039.874" type="nursery" />
<cycle-start id="3023" type="scavenge" contextid="0" timestamp="2025-12-11T04:53:36.935" intervalms="233040.651" />
<gc-start id="3024" type="scavenge" contextid="3023" timestamp="2025-12-11T04:53:36.938">
  <mem-info id="3025" free="67155296" total="343539712" percent="19">
    <mem type="nursery" free="0" total="159121408" percent="0">
      <mem type="allocate" free="0" total="143196160" percent="0" />
      <mem type="survivor" free="0" total="15925248" percent="0" />
    </mem>
    <mem type="tenure" free="67155296" total="184418304" percent="36">
      <mem type="soa" free="65311072" total="182574080" percent="35" />
      <mem type="loa" free="1844224" total="1844224" percent="100" />
    </mem>
    <remembered-set count="1732" />
  </mem-info>
</gc-start>
<allocation-stats totalBytes="142537192" discardedBytes="104456" >
  <allocated-bytes non-tlh="24" tlh="142537168" />
  <largest-consumer threadName="Timer-7" threadId="0000000000FFF400" bytes="35780192" />
</allocation-stats>
<gc-op id="3026" type="scavenge" timems="31.994" contextid="3023" timestamp="2025-12-11T04:53:36.973">
  <scavenger-info tenureage="5" tenuremask="ffe0" tiltratio="89" />
  <memory-copied type="nursery" objects="7285" bytes="415648" bytesdiscarded="366464" />
  <memory-copied type="tenure" objects="282" bytes="16232" bytesdiscarded="296" />
  <finalization candidates="6" enqueued="5" />
  <ownableSynchronizers candidates="19713" cleared="19602" />
  <references type="soft" candidates="4" cleared="0" enqueued="0" dynamicThreshold="11" maxThreshold="32" />
  <references type="weak" candidates="664" cleared="4" enqueued="3" />
  <references type="phantom" candidates="467" cleared="452" enqueued="452" />
  <object-monitors candidates="186" cleared="0"  />
</gc-op>
<gc-end id="3027" type="scavenge" contextid="3023" durationms="39.332" usertimems="19.207" systemtimems="14.547" stalltimems="77.222" timestamp="2025-12-11T04:53:36.978" activeThreads="13">
  <mem-info id="3028" free="209457520" total="343539712" percent="60">
    <mem type="nursery" free="142412800" total="159121408" percent="89">
      <mem type="allocate" free="142412800" total="143196160" percent="99" />
      <mem type="survivor" free="0" total="15925248" percent="0" />
    </mem>
    <mem type="tenure" free="67044720" total="184418304" percent="36" macro-fragmented="0">
      <mem type="soa" free="65200496" total="182574080" percent="35" />
      <mem type="loa" free="1844224" total="1844224" percent="100" />
    </mem>
    <pending-finalizers system="5" default="0" reference="455" classloader="0" />
    <remembered-set count="806" />
  </mem-info>
</gc-end>
<cycle-end id="3029" type="scavenge" contextid="3023" timestamp="2025-12-11T04:53:36.979" />
<allocation-satisfied id="3030" threadId="0000000000FFF400" bytesRequested="4232" />
<af-end id="3031" timestamp="2025-12-11T04:53:36.980" threadId="0000000000FFFE78" success="true" from="nursery"/>
<exclusive-end id="3032" timestamp="2025-12-11T04:53:36.981" durationms="50.302" />

<exclusive-start id="3033" timestamp="2025-12-11T04:54:34.557" intervalms="57626.759">
  <response-info timems="0.107" idlems="0.107" threads="0" lastid="00000000019ADF00" lastname="pool-31-thread-1" />
</exclusive-start>
<af-start id="3034" threadId="00000000019AE978" totalBytesRequested="24" timestamp="2025-12-11T04:54:34.559" intervalms="57626.731" type="nursery" />
<cycle-start id="3035" type="scavenge" contextid="0" timestamp="2025-12-11T04:54:34.562" intervalms="57626.937" />
<gc-start id="3036" type="scavenge" contextid="3035" timestamp="2025-12-11T04:54:34.565">
  <mem-info id="3037" free="67015672" total="343539712" percent="19">
    <mem type="nursery" free="0" total="159121408" percent="0">
      <mem type="allocate" free="0" total="143196160" percent="0" />
      <mem type="survivor" free="0" total="15925248" percent="0" />
    </mem>
    <mem type="tenure" free="67015672" total="184418304" percent="36">
      <mem type="soa" free="65171448" total="182574080" percent="35" />
      <mem type="loa" free="1844224" total="1844224" percent="100" />
    </mem>
    <remembered-set count="3166" />
  </mem-info>
</gc-start>
<allocation-stats totalBytes="142361280" discardedBytes="78352" >
  <allocated-bytes non-tlh="550768" tlh="141810512" />
  <largest-consumer threadName="Default Executor-thread-204" threadId="00000000027ABF00" bytes="56478784" />
</allocation-stats>
<gc-op id="3038" type="scavenge" timems="21.192" contextid="3035" timestamp="2025-12-11T04:54:34.589">
  <scavenger-info tenureage="5" tenuremask="ffa0" tiltratio="89" />
  <memory-copied type="nursery" objects="53887" bytes="2272304" bytesdiscarded="376480" />
  <memory-copied type="tenure" objects="100" bytes="10064" bytesdiscarded="1064" />
  <finalization candidates="99" enqueued="96" />
  <ownableSynchronizers candidates="7909" cleared="7690" />
  <references type="soft" candidates="195" cleared="0" enqueued="0" dynamicThreshold="11" maxThreshold="32" />
  <references type="weak" candidates="1845" cleared="562" enqueued="518" />
  <references type="phantom" candidates="31" cleared="4" enqueued="4" />
  <object-monitors candidates="194" cleared="7"  />
</gc-op>
<gc-end id="3039" type="scavenge" contextid="3035" durationms="51.599" usertimems="56.844" systemtimems="17.537" stalltimems="225.325" timestamp="2025-12-11T04:54:34.616" activeThreads="16">
  <mem-info id="3040" free="207505912" total="343539712" percent="60">
    <mem type="nursery" free="140537904" total="159121408" percent="88">
      <mem type="allocate" free="140537904" total="143196160" percent="98" />
      <mem type="survivor" free="0" total="15925248" percent="0" />
    </mem>
    <mem type="tenure" free="66968008" total="184418304" percent="36" macro-fragmented="0">
      <mem type="soa" free="65123784" total="182574080" percent="35" />
      <mem type="loa" free="1844224" total="1844224" percent="100" />
    </mem>
    <pending-finalizers system="2" default="94" reference="522" classloader="0" />
    <remembered-set count="1709" />
  </mem-info>
</gc-end>
<cycle-end id="3041" type="scavenge" contextid="3035" timestamp="2025-12-11T04:54:34.618" />
<allocation-satisfied id="3042" threadId="00000000019ADF00" bytesRequested="24" />
<af-end id="3043" timestamp="2025-12-11T04:54:34.619" threadId="00000000019AE978" success="true" from="nursery"/>
<exclusive-end id="3044" timestamp="2025-12-11T04:54:34.620" durationms="62.346" />

<exclusive-start id="3045" timestamp="2025-12-11T04:55:14.264" intervalms="39706.484">
  <response-info timems="0.107" idlems="0.107" threads="0" lastid="0000000000835D00" lastname="Default Executor-thread-271" />
</exclusive-start>
<af-start id="3046" threadId="0000000000836778" totalBytesRequested="8200" timestamp="2025-12-11T04:55:14.266" intervalms="39706.509" type="nursery" />
<cycle-start id="3047" type="scavenge" contextid="0" timestamp="2025-12-11T04:55:14.268" intervalms="39705.786" />
<gc-start id="3048" type="scavenge" contextid="3047" timestamp="2025-12-11T04:55:14.270">
  <mem-info id="3049" free="66943064" total="343539712" percent="19">
    <mem type="nursery" free="0" total="159121408" percent="0">
      <mem type="allocate" free="0" total="143196160" percent="0" />
      <mem type="survivor" free="0" total="15925248" percent="0" />
    </mem>
    <mem type="tenure" free="66943064" total="184418304" percent="36">
      <mem type="soa" free="65098840" total="182574080" percent="35" />
      <mem type="loa" free="1844224" total="1844224" percent="100" />
    </mem>
    <remembered-set count="3417" />
  </mem-info>
</gc-start>
<allocation-stats totalBytes="140440032" discardedBytes="122816" >
  <allocated-bytes non-tlh="680352" tlh="139759680" />
  <largest-consumer threadName="Default Executor-thread-241" threadId="00000000026F7F00" bytes="56952856" />
</allocation-stats>
<gc-op id="3050" type="scavenge" timems="22.461" contextid="3047" timestamp="2025-12-11T04:55:14.296">
  <scavenger-info tenureage="7" tenuremask="ff80" tiltratio="89" />
  <memory-copied type="nursery" objects="114434" bytes="4623536" bytesdiscarded="180784" />
  <finalization candidates="102" enqueued="96" />
  <ownableSynchronizers candidates="6694" cleared="6352" />
  <references type="soft" candidates="379" cleared="0" enqueued="0" dynamicThreshold="11" maxThreshold="32" />
  <references type="weak" candidates="2051" cleared="569" enqueued="526" />
  <references type="phantom" candidates="46" cleared="6" enqueued="6" />
  <object-monitors candidates="188" cleared="1"  />
</gc-op>
<gc-end id="3051" type="scavenge" contextid="3047" durationms="44.373" usertimems="44.851" systemtimems="23.817" stalltimems="106.407" timestamp="2025-12-11T04:55:14.314" activeThreads="12">
  <mem-info id="3052" free="205324104" total="343539712" percent="59">
    <mem type="nursery" free="138381040" total="159121408" percent="86">
      <mem type="allocate" free="138381040" total="143196160" percent="96" />
      <mem type="survivor" free="0" total="15925248" percent="0" />
    </mem>
    <mem type="tenure" free="66943064" total="184418304" percent="36" macro-fragmented="0">
      <mem type="soa" free="65098840" total="182574080" percent="35" />
      <mem type="loa" free="1844224" total="1844224" percent="100" />
    </mem>
    <pending-finalizers system="2" default="94" reference="532" classloader="0" />
    <remembered-set count="2225" />
  </mem-info>
</gc-end>
<cycle-end id="3053" type="scavenge" contextid="3047" timestamp="2025-12-11T04:55:14.317" />
<allocation-satisfied id="3054" threadId="0000000000835D00" bytesRequested="8200" />
<af-end id="3055" timestamp="2025-12-11T04:55:14.319" threadId="0000000000836778" success="true" from="nursery"/>
<exclusive-end id="3056" timestamp="2025-12-11T04:55:14.320" durationms="56.028" />

<exclusive-start id="3057" timestamp="2025-12-11T04:55:48.597" intervalms="34333.185">
  <response-info timems="0.099" idlems="0.099" threads="0" lastid="0000000000858900" lastname="Default Executor-thread-4" />
</exclusive-start>
<af-start id="3058" threadId="0000000000859378" totalBytesRequested="24" timestamp="2025-12-11T04:55:48.599" intervalms="34333.313" type="nursery" />
<cycle-start id="3059" type="scavenge" contextid="0" timestamp="2025-12-11T04:55:48.605" intervalms="34336.827" />
<gc-start id="3060" type="scavenge" contextid="3059" timestamp="2025-12-11T04:55:48.607">
  <mem-info id="3061" free="66896328" total="343539712" percent="19">
    <mem type="nursery" free="0" total="159121408" percent="0">
      <mem type="allocate" free="0" total="143196160" percent="0" />
      <mem type="survivor" free="0" total="15925248" percent="0" />
    </mem>
    <mem type="tenure" free="66896328" total="184418304" percent="36">
      <mem type="soa" free="65052104" total="182574080" percent="35" />
      <mem type="loa" free="1844224" total="1844224" percent="100" />
    </mem>
    <remembered-set count="4096" />
  </mem-info>
</gc-start>
<allocation-stats totalBytes="138387384" discardedBytes="37392" >
  <allocated-bytes non-tlh="445168" tlh="137942216" />
  <largest-consumer threadName="Default Executor-thread-271" threadId="0000000000835D00" bytes="40575800" />
</allocation-stats>
<gc-op id="3062" type="scavenge" timems="31.165" contextid="3059" timestamp="2025-12-11T04:55:48.640">
  <scavenger-info tenureage="4" tenuremask="fff0" tiltratio="89" />
  <memory-copied type="nursery" objects="219864" bytes="7713128" bytesdiscarded="131872" />
  <memory-copied type="tenure" objects="1135" bytes="128552" bytesdiscarded="32" />
  <finalization candidates="195" enqueued="187" />
  <ownableSynchronizers candidates="7343" cleared="6791" />
  <references type="soft" candidates="614" cleared="0" enqueued="0" dynamicThreshold="11" maxThreshold="32" />
  <references type="weak" candidates="2059" cleared="624" enqueued="583" />
  <references type="phantom" candidates="35" cleared="3" enqueued="3" />
  <object-monitors candidates="189" cleared="2"  />
</gc-op>
<heap-resize id="3063" type="contract" space="nursery" amount="1572864" count="1" timems="0.340" reason="insufficient time being spent scavenging" timestamp="2025-12-11T04:55:48.643" />
<gc-end id="3064" type="scavenge" contextid="3059" durationms="62.609" usertimems="88.037" systemtimems="25.689" stalltimems="113.543" timestamp="2025-12-11T04:55:48.669" activeThreads="12">
  <mem-info id="3065" free="200723008" total="341966848" percent="58">
    <mem type="nursery" free="133885520" total="157548544" percent="84">
      <mem type="allocate" free="133885520" total="141754368" percent="94" />
      <mem type="survivor" free="0" total="15794176" percent="0" />
    </mem>
    <mem type="tenure" free="66837488" total="184418304" percent="36" macro-fragmented="0">
      <mem type="soa" free="64993264" total="182574080" percent="35" />
      <mem type="loa" free="1844224" total="1844224" percent="100" />
    </mem>
    <pending-finalizers system="1" default="186" reference="586" classloader="0" />
    <remembered-set count="2632" />
  </mem-info>
</gc-end>
<cycle-end id="3066" type="scavenge" contextid="3059" timestamp="2025-12-11T04:55:48.671" />
<allocation-satisfied id="3067" threadId="0000000000858900" bytesRequested="24" />
<af-end id="3068" timestamp="2025-12-11T04:55:48.672" threadId="0000000000859378" success="true" from="nursery"/>
<exclusive-end id="3069" timestamp="2025-12-11T04:55:48.673" durationms="76.000" />

<exclusive-start id="3070" timestamp="2025-12-11T04:57:59.243" intervalms="130645.350">
  <response-info timems="0.132" idlems="0.132" threads="0" lastid="00000000017FD500" lastname="Default Executor-thread-225" />
</exclusive-start>
<af-start id="3071" threadId="00000000017FDF78" totalBytesRequested="824" timestamp="2025-12-11T04:57:59.244" intervalms="130645.107" type="nursery" />
<cycle-start id="3072" type="scavenge" contextid="0" timestamp="2025-12-11T04:57:59.248" intervalms="130642.912" />
<gc-start id="3073" type="scavenge" contextid="3072" timestamp="2025-12-11T04:57:59.250">
  <mem-info id="3074" free="66826792" total="341966848" percent="19">
    <mem type="nursery" free="0" total="157548544" percent="0">
      <mem type="allocate" free="0" total="141754368" percent="0" />
      <mem type="survivor" free="0" total="15794176" percent="0" />
    </mem>
    <mem type="tenure" free="66826792" total="184418304" percent="36">
      <mem type="soa" free="64982568" total="182574080" percent="35" />
      <mem type="loa" free="1844224" total="1844224" percent="100" />
    </mem>
    <remembered-set count="4137" />
  </mem-info>
</gc-start>
<allocation-stats totalBytes="133760784" discardedBytes="131680" >
  <allocated-bytes non-tlh="269120" tlh="133491664" />
  <largest-consumer threadName="Timer-7" threadId="0000000000FFF400" bytes="21951208" />
</allocation-stats>
<gc-op id="3075" type="scavenge" timems="51.407" contextid="3072" timestamp="2025-12-11T04:57:59.305">
  <scavenger-info tenureage="3" tenuremask="ff08" tiltratio="89" />
  <memory-copied type="nursery" objects="139746" bytes="5217656" bytesdiscarded="170256" />
  <memory-copied type="tenure" objects="37448" bytes="1561912" bytesdiscarded="2328" />
  <finalization candidates="10" enqueued="2" />
  <ownableSynchronizers candidates="13752" cleared="13191" />
  <references type="soft" candidates="542" cleared="0" enqueued="0" dynamicThreshold="11" maxThreshold="32" />
  <references type="weak" candidates="966" cleared="186" enqueued="161" />
  <references type="phantom" candidates="18" cleared="0" enqueued="0" />
  <object-monitors candidates="188" cleared="0"  />
</gc-op>
<gc-end id="3076" type="scavenge" contextid="3072" durationms="60.008" usertimems="113.589" systemtimems="3.731" stalltimems="239.029" timestamp="2025-12-11T04:57:59.310" activeThreads="13">
  <mem-info id="3077" free="201496232" total="341966848" percent="58">
    <mem type="nursery" free="136358792" total="157548544" percent="86">
      <mem type="allocate" free="136358792" total="141754368" percent="96" />
      <mem type="survivor" free="0" total="15794176" percent="0" />
    </mem>
    <mem type="tenure" free="65137440" total="184418304" percent="35" macro-fragmented="0">
      <mem type="soa" free="63293216" total="182574080" percent="34" />
      <mem type="loa" free="1844224" total="1844224" percent="100" />
    </mem>
    <pending-finalizers system="0" default="2" reference="161" classloader="0" />
    <remembered-set count="2259" />
  </mem-info>
</gc-end>
<cycle-end id="3078" type="scavenge" contextid="3072" timestamp="2025-12-11T04:57:59.313" />
<allocation-satisfied id="3079" threadId="00000000017FD500" bytesRequested="824" />
<af-end id="3080" timestamp="2025-12-11T04:57:59.316" threadId="00000000017FDF78" success="true" from="nursery"/>
<exclusive-end id="3081" timestamp="2025-12-11T04:57:59.317" durationms="74.188" />

<exclusive-start id="3082" timestamp="2025-12-11T05:00:40.647" intervalms="161404.886">
  <response-info timems="0.122" idlems="0.122" threads="0" lastid="000000000085B900" lastname="Default Executor-thread-174" />
</exclusive-start>
<af-start id="3083" threadId="000000000085C378" totalBytesRequested="24" timestamp="2025-12-11T05:00:40.649" intervalms="161405.037" type="nursery" />
<cycle-start id="3084" type="scavenge" contextid="0" timestamp="2025-12-11T05:00:40.651" intervalms="161403.777" />
<gc-start id="3085" type="scavenge" contextid="3084" timestamp="2025-12-11T05:00:40.654">
  <mem-info id="3086" free="65137168" total="341966848" percent="19">
    <mem type="nursery" free="0" total="157548544" percent="0">
      <mem type="allocate" free="0" total="141754368" percent="0" />
      <mem type="survivor" free="0" total="15794176" percent="0" />
    </mem>
    <mem type="tenure" free="65137168" total="184418304" percent="35">
      <mem type="soa" free="63292944" total="182574080" percent="34" />
      <mem type="loa" free="1844224" total="1844224" percent="100" />
    </mem>
    <remembered-set count="3745" />
  </mem-info>
</gc-start>
<allocation-stats totalBytes="136289416" discardedBytes="69648" >
  <allocated-bytes non-tlh="271448" tlh="136017968" />
  <largest-consumer threadName="Timer-7" threadId="0000000000FFF400" bytes="26407136" />
</allocation-stats>
<gc-op id="3087" type="scavenge" timems="23.943" contextid="3084" timestamp="2025-12-11T05:00:40.680">
  <scavenger-info tenureage="3" tenuremask="4028" tiltratio="89" />
  <memory-copied type="nursery" objects="53536" bytes="2182600" bytesdiscarded="413712" />
  <memory-copied type="tenure" objects="58714" bytes="2196296" bytesdiscarded="3144" />
  <finalization candidates="7" enqueued="0" />
  <ownableSynchronizers candidates="13957" cleared="13566" />
  <references type="soft" candidates="363" cleared="0" enqueued="0" dynamicThreshold="11" maxThreshold="32" />
  <references type="weak" candidates="291" cleared="40" enqueued="28" />
  <references type="phantom" candidates="11" cleared="0" enqueued="0" />
  <object-monitors candidates="188" cleared="1"  />
</gc-op>
<gc-end id="3088" type="scavenge" contextid="3084" durationms="30.633" usertimems="50.106" systemtimems="24.450" stalltimems="132.299" timestamp="2025-12-11T05:00:40.684" activeThreads="14">
  <mem-info id="3089" free="202080816" total="341966848" percent="59">
    <mem type="nursery" free="139154736" total="157548544" percent="88">
      <mem type="allocate" free="139154736" total="141754368" percent="98" />
      <mem type="survivor" free="0" total="15794176" percent="0" />
    </mem>
    <mem type="tenure" free="62926080" total="184418304" percent="34" macro-fragmented="0">
      <mem type="soa" free="61081856" total="182574080" percent="33" />
      <mem type="loa" free="1844224" total="1844224" percent="100" />
    </mem>
    <pending-finalizers system="0" default="0" reference="28" classloader="0" />
    <remembered-set count="1469" />
  </mem-info>
</gc-end>
<cycle-end id="3090" type="scavenge" contextid="3084" timestamp="2025-12-11T05:00:40.686" />
<allocation-satisfied id="3091" threadId="000000000085B900" bytesRequested="24" />
<af-end id="3092" timestamp="2025-12-11T05:00:40.688" threadId="000000000085C378" success="true" from="nursery"/>
<exclusive-end id="3093" timestamp="2025-12-11T05:00:40.689" durationms="41.327" />

<exclusive-start id="3094" timestamp="2025-12-11T05:01:40.884" intervalms="60236.562">
  <response-info timems="0.101" idlems="0.101" threads="0" lastid="0000000000835D00" lastname="Default Executor-thread-271" />
</exclusive-start>
<af-start id="3095" threadId="0000000000836778" totalBytesRequested="464" timestamp="2025-12-11T05:01:40.886" intervalms="60236.257" type="nursery" />
<cycle-start id="3096" type="scavenge" contextid="0" timestamp="2025-12-11T05:01:40.888" intervalms="60236.376" />
<gc-start id="3097" type="scavenge" contextid="3096" timestamp="2025-12-11T05:01:40.891">
  <mem-info id="3098" free="62901472" total="341966848" percent="18">
    <mem type="nursery" free="0" total="157548544" percent="0">
      <mem type="allocate" free="0" total="141754368" percent="0" />
      <mem type="survivor" free="0" total="15794176" percent="0" />
    </mem>
    <mem type="tenure" free="62901472" total="184418304" percent="34">
      <mem type="soa" free="61057248" total="182574080" percent="33" />
      <mem type="loa" free="1844224" total="1844224" percent="100" />
    </mem>
    <remembered-set count="3505" />
  </mem-info>
</gc-start>
<allocation-stats totalBytes="139123808" discardedBytes="55536" >
  <allocated-bytes non-tlh="688216" tlh="138435592" />
  <largest-consumer threadName="Default Executor-thread-243" threadId="000000000183EC00" bytes="56281256" />
</allocation-stats>
<gc-op id="3099" type="scavenge" timems="14.563" contextid="3096" timestamp="2025-12-11T05:01:40.909">
  <scavenger-info tenureage="14" tenuremask="4000" tiltratio="89" />
  <memory-copied type="nursery" objects="99376" bytes="3867296" bytesdiscarded="202376" />
  <finalization candidates="102" enqueued="96" />
  <ownableSynchronizers candidates="8219" cleared="7830" />
  <references type="soft" candidates="545" cleared="0" enqueued="0" dynamicThreshold="11" maxThreshold="32" />
  <references type="weak" candidates="961" cleared="561" enqueued="518" />
  <references type="phantom" candidates="23" cleared="6" enqueued="6" />
  <object-monitors candidates="191" cleared="4"  />
</gc-op>
<gc-end id="3100" type="scavenge" contextid="3096" durationms="30.329" usertimems="48.360" systemtimems="16.048" stalltimems="124.039" timestamp="2025-12-11T05:01:40.921" activeThreads="14">
  <mem-info id="3101" free="200575328" total="341966848" percent="58">
    <mem type="nursery" free="137673856" total="157548544" percent="87">
      <mem type="allocate" free="137673856" total="141754368" percent="97" />
      <mem type="survivor" free="0" total="15794176" percent="0" />
    </mem>
    <mem type="tenure" free="62901472" total="184418304" percent="34" macro-fragmented="0">
      <mem type="soa" free="61057248" total="182574080" percent="33" />
      <mem type="loa" free="1844224" total="1844224" percent="100" />
    </mem>
    <pending-finalizers system="2" default="94" reference="524" classloader="0" />
    <remembered-set count="1877" />
  </mem-info>
</gc-end>
<cycle-end id="3102" type="scavenge" contextid="3096" timestamp="2025-12-11T05:01:40.922" />
<allocation-satisfied id="3103" threadId="0000000000835D00" bytesRequested="464" />
<af-end id="3104" timestamp="2025-12-11T05:01:40.924" threadId="0000000000836778" success="true" from="nursery"/>
<exclusive-end id="3105" timestamp="2025-12-11T05:01:40.924" durationms="40.359" />

<exclusive-start id="3106" timestamp="2025-12-11T05:02:17.683" intervalms="36798.824">
  <response-info timems="0.088" idlems="0.088" threads="0" lastid="0000000001949500" lastname="Default Executor-thread-152" />
</exclusive-start>
<af-start id="3107" threadId="0000000001949F78" totalBytesRequested="40" timestamp="2025-12-11T05:02:17.684" intervalms="36797.918" type="nursery" />
<cycle-start id="3108" type="scavenge" contextid="0" timestamp="2025-12-11T05:02:17.685" intervalms="36797.386" />
<gc-start id="3109" type="scavenge" contextid="3108" timestamp="2025-12-11T05:02:17.688">
  <mem-info id="3110" free="62873848" total="341966848" percent="18">
    <mem type="nursery" free="0" total="157548544" percent="0">
      <mem type="allocate" free="0" total="141754368" percent="0" />
      <mem type="survivor" free="0" total="15794176" percent="0" />
    </mem>
    <mem type="tenure" free="62873848" total="184418304" percent="34">
      <mem type="soa" free="61029624" total="182574080" percent="33" />
      <mem type="loa" free="1844224" total="1844224" percent="100" />
    </mem>
    <remembered-set count="3327" />
  </mem-info>
</gc-start>
<allocation-stats totalBytes="137613872" discardedBytes="87608" >
  <allocated-bytes non-tlh="290240" tlh="137323632" />
  <largest-consumer threadName="Default Executor-thread-271" threadId="0000000000835D00" bytes="52558008" />
</allocation-stats>
<gc-op id="3111" type="scavenge" timems="22.921" contextid="3108" timestamp="2025-12-11T05:02:17.712">
  <scavenger-info tenureage="14" tenuremask="4000" tiltratio="89" />
  <memory-copied type="nursery" objects="181044" bytes="6869168" bytesdiscarded="214744" />
  <finalization candidates="196" enqueued="188" />
  <ownableSynchronizers candidates="6592" cleared="6082" />
  <references type="soft" candidates="763" cleared="0" enqueued="0" dynamicThreshold="11" maxThreshold="32" />
  <references type="weak" candidates="1155" cleared="628" enqueued="587" />
  <references type="phantom" candidates="87" cleared="65" enqueued="65" />
  <object-monitors candidates="189" cleared="2"  />
</gc-op>
<gc-end id="3112" type="scavenge" contextid="3108" durationms="37.666" usertimems="60.434" systemtimems="26.522" stalltimems="133.857" timestamp="2025-12-11T05:02:17.725" activeThreads="11">
  <mem-info id="3113" free="197524600" total="341966848" percent="57">
    <mem type="nursery" free="134650752" total="157548544" percent="85">
      <mem type="allocate" free="134650752" total="141754368" percent="94" />
      <mem type="survivor" free="0" total="15794176" percent="0" />
    </mem>
    <mem type="tenure" free="62873848" total="184418304" percent="34" macro-fragmented="22644">
      <mem type="soa" free="61029624" total="182574080" percent="33" />
      <mem type="loa" free="1844224" total="1844224" percent="100" />
    </mem>
    <pending-finalizers system="2" default="186" reference="652" classloader="0" />
    <remembered-set count="2433" />
  </mem-info>
</gc-end>
<cycle-end id="3114" type="scavenge" contextid="3108" timestamp="2025-12-11T05:02:17.727" />
<allocation-satisfied id="3115" threadId="0000000001949500" bytesRequested="40" />
<af-end id="3116" timestamp="2025-12-11T05:02:17.729" threadId="0000000001949F78" success="true" from="nursery"/>
<exclusive-end id="3117" timestamp="2025-12-11T05:02:17.729" durationms="46.493" />

<exclusive-start id="3118" timestamp="2025-12-11T05:02:54.362" intervalms="36679.563">
  <response-info timems="0.124" idlems="0.124" threads="0" lastid="00000000018C0700" lastname="Default Executor-thread-59" />
</exclusive-start>
<af-start id="3119" threadId="00000000018C1178" totalBytesRequested="48" timestamp="2025-12-11T05:02:54.364" intervalms="36680.527" type="nursery" />
<cycle-start id="3120" type="scavenge" contextid="0" timestamp="2025-12-11T05:02:54.366" intervalms="36681.131" />
<gc-start id="3121" type="scavenge" contextid="3120" timestamp="2025-12-11T05:02:54.369">
  <mem-info id="3122" free="62829872" total="341966848" percent="18">
    <mem type="nursery" free="0" total="157548544" percent="0">
      <mem type="allocate" free="0" total="141754368" percent="0" />
      <mem type="survivor" free="0" total="15794176" percent="0" />
    </mem>
    <mem type="tenure" free="62829872" total="184418304" percent="34">
      <mem type="soa" free="60985648" total="182574080" percent="33" />
      <mem type="loa" free="1844224" total="1844224" percent="100" />
    </mem>
    <remembered-set count="4203" />
  </mem-info>
</gc-start>
<allocation-stats totalBytes="134650248" discardedBytes="44480" >
  <allocated-bytes non-tlh="437248" tlh="134213000" />
  <largest-consumer threadName="Default Executor-thread-59" threadId="00000000018C0700" bytes="41356648" />
</allocation-stats>
<gc-op id="3123" type="scavenge" timems="19.981" contextid="3120" timestamp="2025-12-11T05:02:54.392">
  <scavenger-info tenureage="4" tenuremask="4010" tiltratio="89" />
  <memory-copied type="nursery" objects="206612" bytes="7496392" bytesdiscarded="116584" />
  <memory-copied type="tenure" objects="4606" bytes="305992" bytesdiscarded="264" />
  <finalization candidates="105" enqueued="95" />
  <ownableSynchronizers candidates="9829" cleared="9145" />
  <references type="soft" candidates="942" cleared="0" enqueued="0" dynamicThreshold="11" maxThreshold="32" />
  <references type="weak" candidates="1160" cleared="589" enqueued="548" />
  <references type="phantom" candidates="28" cleared="3" enqueued="3" />
  <object-monitors candidates="189" cleared="2"  />
</gc-op>
<gc-end id="3124" type="scavenge" contextid="3120" durationms="40.536" usertimems="77.753" systemtimems="15.213" stalltimems="65.028" timestamp="2025-12-11T05:02:54.409" activeThreads="10">
  <mem-info id="3125" free="196365584" total="341966848" percent="57">
    <mem type="nursery" free="134125096" total="157548544" percent="85">
      <mem type="allocate" free="134125096" total="141754368" percent="94" />
      <mem type="survivor" free="0" total="15794176" percent="0" />
    </mem>
    <mem type="tenure" free="62240488" total="184418304" percent="33" macro-fragmented="33282812">
      <mem type="soa" free="60396264" total="182574080" percent="33" />
      <mem type="loa" free="1844224" total="1844224" percent="100" />
    </mem>
    <pending-finalizers system="1" default="94" reference="551" classloader="0" />
    <remembered-set count="3116" />
  </mem-info>
</gc-end>
<cycle-end id="3126" type="scavenge" contextid="3120" timestamp="2025-12-11T05:02:54.413" />
<allocation-satisfied id="3127" threadId="00000000018C0700" bytesRequested="48" />
<af-end id="3128" timestamp="2025-12-11T05:02:54.415" threadId="00000000018C1178" success="true" from="nursery"/>
<exclusive-end id="3129" timestamp="2025-12-11T05:02:54.415" durationms="52.710" />

<exclusive-start id="3130" timestamp="2025-12-11T05:05:52.160" intervalms="177797.316">
  <response-info timems="0.170" idlems="0.170" threads="0" lastid="000000000182F300" lastname="Default Executor-thread-88" />
</exclusive-start>
<af-start id="3131" threadId="000000000182FD78" totalBytesRequested="16" timestamp="2025-12-11T05:05:52.162" intervalms="177797.504" type="nursery" />
<cycle-start id="3132" type="scavenge" contextid="0" timestamp="2025-12-11T05:05:52.164" intervalms="177797.257" />
<gc-start id="3133" type="scavenge" contextid="3132" timestamp="2025-12-11T05:05:52.167">
  <mem-info id="3134" free="62238272" total="341966848" percent="18">
    <mem type="nursery" free="0" total="157548544" percent="0">
      <mem type="allocate" free="0" total="141754368" percent="0" />
      <mem type="survivor" free="0" total="15794176" percent="0" />
    </mem>
    <mem type="tenure" free="62238272" total="184418304" percent="33">
      <mem type="soa" free="60394048" total="182574080" percent="33" />
      <mem type="loa" free="1844224" total="1844224" percent="100" />
    </mem>
    <remembered-set count="3752" />
  </mem-info>
</gc-start>
<allocation-stats totalBytes="134078520" discardedBytes="48792" >
  <allocated-bytes non-tlh="428272" tlh="133650248" />
  <largest-consumer threadName="Timer-7" threadId="0000000000FFF400" bytes="28943800" />
</allocation-stats>
<gc-op id="3135" type="scavenge" timems="27.779" contextid="3132" timestamp="2025-12-11T05:05:52.198">
  <scavenger-info tenureage="3" tenuremask="4048" tiltratio="89" />
  <memory-copied type="nursery" objects="139124" bytes="5074800" bytesdiscarded="209216" />
  <memory-copied type="tenure" objects="79780" bytes="2976872" bytesdiscarded="4048" />
  <finalization candidates="15" enqueued="4" />
  <ownableSynchronizers candidates="15779" cleared="15027" />
  <references type="soft" candidates="540" cleared="0" enqueued="0" dynamicThreshold="11" maxThreshold="32" />
  <references type="weak" candidates="548" cleared="134" enqueued="109" />
  <references type="phantom" candidates="314" cleared="294" enqueued="294" />
  <object-monitors candidates="228" cleared="27"  />
</gc-op>
<gc-end id="3136" type="scavenge" contextid="3132" durationms="33.075" usertimems="60.506" systemtimems="17.546" stalltimems="61.476" timestamp="2025-12-11T05:05:52.200" activeThreads="10">
  <mem-info id="3137" free="195664776" total="341966848" percent="57">
    <mem type="nursery" free="136462352" total="157548544" percent="86">
      <mem type="allocate" free="136462352" total="141754368" percent="96" />
      <mem type="survivor" free="0" total="15794176" percent="0" />
    </mem>
    <mem type="tenure" free="59202424" total="184418304" percent="32" macro-fragmented="27735676">
      <mem type="soa" free="57358200" total="182574080" percent="31" />
      <mem type="loa" free="1844224" total="1844224" percent="100" />
    </mem>
    <pending-finalizers system="2" default="2" reference="403" classloader="0" />
    <remembered-set count="2318" />
  </mem-info>
</gc-end>
<cycle-end id="3138" type="scavenge" contextid="3132" timestamp="2025-12-11T05:05:52.203" />
<allocation-satisfied id="3139" threadId="000000000182F300" bytesRequested="16" />
<af-end id="3140" timestamp="2025-12-11T05:05:52.205" threadId="000000000182FD78" success="true" from="nursery"/>
<exclusive-end id="3141" timestamp="2025-12-11T05:05:52.207" durationms="47.081" />

<exclusive-start id="3142" timestamp="2025-12-11T05:09:38.149" intervalms="225989.024">
  <response-info timems="0.153" idlems="0.153" threads="0" lastid="00000000019ADF00" lastname="Default Executor-thread-282" />
</exclusive-start>
<af-start id="3143" threadId="00000000019AE978" totalBytesRequested="32" timestamp="2025-12-11T05:09:38.151" intervalms="225989.916" type="nursery" />
<cycle-start id="3144" type="scavenge" contextid="0" timestamp="2025-12-11T05:09:38.154" intervalms="225990.852" />
<gc-start id="3145" type="scavenge" contextid="3144" timestamp="2025-12-11T05:09:38.158">
  <mem-info id="3146" free="59202424" total="341966848" percent="17">
    <mem type="nursery" free="0" total="157548544" percent="0">
      <mem type="allocate" free="0" total="141754368" percent="0" />
      <mem type="survivor" free="0" total="15794176" percent="0" />
    </mem>
    <mem type="tenure" free="59202424" total="184418304" percent="32">
      <mem type="soa" free="57358200" total="182574080" percent="31" />
      <mem type="loa" free="1844224" total="1844224" percent="100" />
    </mem>
    <remembered-set count="2528" />
  </mem-info>
</gc-start>
<allocation-stats totalBytes="136410552" discardedBytes="51800" >
  <allocated-bytes non-tlh="16" tlh="136410536" />
  <largest-consumer threadName="Timer-7" threadId="0000000000FFF400" bytes="36412336" />
</allocation-stats>
<gc-op id="3147" type="scavenge" timems="17.117" contextid="3144" timestamp="2025-12-11T05:09:38.178">
  <scavenger-info tenureage="3" tenuremask="4008" tiltratio="89" />
  <memory-copied type="nursery" objects="74585" bytes="2869504" bytesdiscarded="397880" />
  <memory-copied type="tenure" objects="59960" bytes="2071528" bytesdiscarded="1968" />
  <finalization candidates="7" enqueued="3" />
  <ownableSynchronizers candidates="19438" cleared="18963" />
  <references type="soft" candidates="322" cleared="0" enqueued="0" dynamicThreshold="11" maxThreshold="32" />
  <references type="weak" candidates="363" cleared="2" enqueued="1" />
  <references type="phantom" candidates="167" cleared="156" enqueued="156" />
  <object-monitors candidates="241" cleared="29"  />
</gc-op>
<gc-end id="3148" type="scavenge" contextid="3144" durationms="21.451" usertimems="35.082" systemtimems="3.356" stalltimems="41.690" timestamp="2025-12-11T05:09:38.179" activeThreads="11">
  <mem-info id="3149" free="195746184" total="341966848" percent="57">
    <mem type="nursery" free="138483264" total="157548544" percent="87">
      <mem type="allocate" free="138483264" total="141754368" percent="97" />
      <mem type="survivor" free="0" total="15794176" percent="0" />
    </mem>
    <mem type="tenure" free="57262920" total="184418304" percent="31" macro-fragmented="19260884">
      <mem type="soa" free="55418696" total="182574080" percent="30" />
      <mem type="loa" free="1844224" total="1844224" percent="100" />
    </mem>
    <pending-finalizers system="3" default="0" reference="157" classloader="0" />
    <remembered-set count="1753" />
  </mem-info>
</gc-end>
<cycle-end id="3150" type="scavenge" contextid="3144" timestamp="2025-12-11T05:09:38.181" />
<allocation-satisfied id="3151" threadId="00000000019ADF00" bytesRequested="32" />
<af-end id="3152" timestamp="2025-12-11T05:09:38.183" threadId="00000000019AE978" success="true" from="nursery"/>
<exclusive-end id="3153" timestamp="2025-12-11T05:09:38.184" durationms="35.083" />

<exclusive-start id="3154" timestamp="2025-12-11T05:12:08.928" intervalms="150779.026">
  <response-info timems="0.064" idlems="0.064" threads="0" lastid="0000000001849900" lastname="Default Executor-thread-345" />
</exclusive-start>
<af-start id="3155" threadId="000000000184A378" totalBytesRequested="3824" timestamp="2025-12-11T05:12:08.929" intervalms="150777.891" type="nursery" />
<cycle-start id="3156" type="scavenge" contextid="0" timestamp="2025-12-11T05:12:08.931" intervalms="150776.476" />
<gc-start id="3157" type="scavenge" contextid="3156" timestamp="2025-12-11T05:12:08.933">
  <mem-info id="3158" free="57262344" total="341966848" percent="16">
    <mem type="nursery" free="0" total="157548544" percent="0">
      <mem type="allocate" free="0" total="141754368" percent="0" />
      <mem type="survivor" free="0" total="15794176" percent="0" />
    </mem>
    <mem type="tenure" free="57262344" total="184418304" percent="31">
      <mem type="soa" free="55418120" total="182574080" percent="30" />
      <mem type="loa" free="1844224" total="1844224" percent="100" />
    </mem>
    <remembered-set count="2977" />
  </mem-info>
</gc-start>
<allocation-stats totalBytes="138425944" discardedBytes="57896" >
  <allocated-bytes non-tlh="500368" tlh="137925576" />
  <largest-consumer threadName="Default Executor-thread-345" threadId="0000000001849900" bytes="25190504" />
</allocation-stats>
<gc-op id="3159" type="scavenge" timems="9.362" contextid="3156" timestamp="2025-12-11T05:12:08.943">
  <scavenger-info tenureage="3" tenuremask="4048" tiltratio="89" />
  <memory-copied type="nursery" objects="37391" bytes="1521984" bytesdiscarded="439048" />
  <memory-copied type="tenure" objects="42201" bytes="1631200" bytesdiscarded="1288" />
  <finalization candidates="53" enqueued="48" />
  <ownableSynchronizers candidates="12952" cleared="12618" />
  <references type="soft" candidates="27" cleared="0" enqueued="0" dynamicThreshold="11" maxThreshold="32" />
  <references type="weak" candidates="848" cleared="129" enqueued="115" />
  <references type="phantom" candidates="172" cleared="153" enqueued="153" />
  <object-monitors candidates="233" cleared="21"  />
</gc-op>
<gc-end id="3160" type="scavenge" contextid="3156" durationms="14.182" usertimems="11.961" systemtimems="12.941" stalltimems="54.255" timestamp="2025-12-11T05:12:08.947" activeThreads="12">
  <mem-info id="3161" free="195456920" total="341966848" percent="57">
    <mem type="nursery" free="139788128" total="157548544" percent="88">
      <mem type="allocate" free="139788128" total="141754368" percent="98" />
      <mem type="survivor" free="0" total="15794176" percent="0" />
    </mem>
    <mem type="tenure" free="55668792" total="184418304" percent="30" macro-fragmented="27735676">
      <mem type="soa" free="53824568" total="182574080" percent="29" />
      <mem type="loa" free="1844224" total="1844224" percent="100" />
    </mem>
    <pending-finalizers system="2" default="46" reference="268" classloader="0" />
    <remembered-set count="1259" />
  </mem-info>
</gc-end>
<cycle-end id="3162" type="scavenge" contextid="3156" timestamp="2025-12-11T05:12:08.948" />
<allocation-satisfied id="3163" threadId="0000000001849900" bytesRequested="3824" />
<af-end id="3164" timestamp="2025-12-11T05:12:08.949" threadId="000000000184A378" success="true" from="nursery"/>
<exclusive-end id="3165" timestamp="2025-12-11T05:12:08.949" durationms="21.710" />

<exclusive-start id="3166" timestamp="2025-12-11T05:12:37.481" intervalms="28553.626">
  <response-info timems="0.060" idlems="0.060" threads="0" lastid="00000000017FD500" lastname="Default Executor-thread-225" />
</exclusive-start>
<af-start id="3167" threadId="00000000017FDF78" totalBytesRequested="88" timestamp="2025-12-11T05:12:37.482" intervalms="28552.311" type="nursery" />
<cycle-start id="3168" type="scavenge" contextid="0" timestamp="2025-12-11T05:12:37.483" intervalms="28551.715" />
<gc-start id="3169" type="scavenge" contextid="3168" timestamp="2025-12-11T05:12:37.483">
  <mem-info id="3170" free="55622808" total="341966848" percent="16">
    <mem type="nursery" free="0" total="157548544" percent="0">
      <mem type="allocate" free="0" total="141754368" percent="0" />
      <mem type="survivor" free="0" total="15794176" percent="0" />
    </mem>
    <mem type="tenure" free="55622808" total="184418304" percent="30">
      <mem type="soa" free="53778584" total="182574080" percent="29" />
      <mem type="loa" free="1844224" total="1844224" percent="100" />
    </mem>
    <remembered-set count="3176" />
  </mem-info>
</gc-start>
<allocation-stats totalBytes="139800760" discardedBytes="33352" >
  <allocated-bytes non-tlh="66208" tlh="139734552" />
  <largest-consumer threadName="Default Executor-thread-225" threadId="00000000017FD500" bytes="49456216" />
</allocation-stats>
<gc-op id="3171" type="scavenge" timems="6.003" contextid="3168" timestamp="2025-12-11T05:12:37.490">
  <scavenger-info tenureage="14" tenuremask="4000" tiltratio="89" />
  <memory-copied type="nursery" objects="113492" bytes="4328152" bytesdiscarded="104928" />
  <finalization candidates="146" enqueued="141" />
  <ownableSynchronizers candidates="8912" cleared="8576" />
  <references type="soft" candidates="367" cleared="0" enqueued="0" dynamicThreshold="11" maxThreshold="32" />
  <references type="weak" candidates="1718" cleared="646" enqueued="605" />
  <references type="phantom" candidates="27" cleared="3" enqueued="3" />
  <object-monitors candidates="215" cleared="3"  />
</gc-op>
<gc-end id="3172" type="scavenge" contextid="3168" durationms="12.869" usertimems="25.755" systemtimems="0.000" stalltimems="37.344" timestamp="2025-12-11T05:12:37.496" activeThreads="11">
  <mem-info id="3173" free="192928288" total="341966848" percent="56">
    <mem type="nursery" free="137305480" total="157548544" percent="87">
      <mem type="allocate" free="137305480" total="141754368" percent="96" />
      <mem type="survivor" free="0" total="15794176" percent="0" />
    </mem>
    <mem type="tenure" free="55622808" total="184418304" percent="30" macro-fragmented="56347">
      <mem type="soa" free="53778584" total="182574080" percent="29" />
      <mem type="loa" free="1844224" total="1844224" percent="100" />
    </mem>
    <pending-finalizers system="1" default="140" reference="608" classloader="0" />
    <remembered-set count="2181" />
  </mem-info>
</gc-end>
<cycle-end id="3174" type="scavenge" contextid="3168" timestamp="2025-12-11T05:12:37.497" />
<allocation-satisfied id="3175" threadId="00000000017FD500" bytesRequested="88" />
<af-end id="3176" timestamp="2025-12-11T05:12:37.498" threadId="00000000017FDF78" success="true" from="nursery"/>
<exclusive-end id="3177" timestamp="2025-12-11T05:12:37.498" durationms="16.659" />

<exclusive-start id="3178" timestamp="2025-12-11T05:15:51.960" intervalms="194479.092">
  <response-info timems="0.252" idlems="0.252" threads="0" lastid="0000000000FFF400" lastname="Timer-7" />
</exclusive-start>
<af-start id="3179" threadId="0000000000FFFE78" totalBytesRequested="8136" timestamp="2025-12-11T05:15:51.963" intervalms="194481.320" type="nursery" />
<cycle-start id="3180" type="scavenge" contextid="0" timestamp="2025-12-11T05:15:51.967" intervalms="194484.642" />
<gc-start id="3181" type="scavenge" contextid="3180" timestamp="2025-12-11T05:15:51.974">
  <mem-info id="3182" free="55620592" total="341966848" percent="16">
    <mem type="nursery" free="0" total="157548544" percent="0">
      <mem type="allocate" free="0" total="141754368" percent="0" />
      <mem type="survivor" free="0" total="15794176" percent="0" />
    </mem>
    <mem type="tenure" free="55620592" total="184418304" percent="30">
      <mem type="soa" free="53776368" total="182574080" percent="29" />
      <mem type="loa" free="1844224" total="1844224" percent="100" />
    </mem>
    <remembered-set count="2929" />
  </mem-info>
</gc-start>
<allocation-stats totalBytes="137243736" discardedBytes="63960" >
  <allocated-bytes non-tlh="428312" tlh="136815424" />
  <largest-consumer threadName="Timer-7" threadId="0000000000FFF400" bytes="31446464" />
</allocation-stats>
<gc-op id="3183" type="scavenge" timems="28.178" contextid="3180" timestamp="2025-12-11T05:15:52.005">
  <scavenger-info tenureage="14" tenuremask="4000" tiltratio="89" />
  <memory-copied type="nursery" objects="109559" bytes="4121568" bytesdiscarded="222288" />
  <finalization candidates="9" enqueued="4" />
  <ownableSynchronizers candidates="16758" cleared="16353" />
  <references type="soft" candidates="380" cleared="0" enqueued="0" dynamicThreshold="11" maxThreshold="32" />
  <references type="weak" candidates="1015" cleared="175" enqueued="155" />
  <references type="phantom" candidates="173" cleared="152" enqueued="152" />
  <object-monitors candidates="233" cleared="21"  />
</gc-op>
<gc-end id="3184" type="scavenge" contextid="3180" durationms="46.284" usertimems="48.636" systemtimems="23.613" stalltimems="83.490" timestamp="2025-12-11T05:15:52.020" activeThreads="9">
  <mem-info id="3185" free="193024368" total="341966848" percent="56">
    <mem type="nursery" free="137403776" total="157548544" percent="87">
      <mem type="allocate" free="137403776" total="141754368" percent="96" />
      <mem type="survivor" free="0" total="15794176" percent="0" />
    </mem>
    <mem type="tenure" free="55620592" total="184418304" percent="30" macro-fragmented="16050736">
      <mem type="soa" free="53776368" total="182574080" percent="29" />
      <mem type="loa" free="1844224" total="1844224" percent="100" />
    </mem>
    <pending-finalizers system="2" default="2" reference="307" classloader="0" />
    <remembered-set count="2275" />
  </mem-info>
</gc-end>
<cycle-end id="3186" type="scavenge" contextid="3180" timestamp="2025-12-11T05:15:52.022" />
<allocation-satisfied id="3187" threadId="0000000000FFF400" bytesRequested="8136" />
<af-end id="3188" timestamp="2025-12-11T05:15:52.024" threadId="0000000000FFFE78" success="true" from="nursery"/>
<exclusive-end id="3189" timestamp="2025-12-11T05:15:52.025" durationms="64.950" />

<exclusive-start id="3190" timestamp="2025-12-11T05:19:38.323" intervalms="226362.879">
  <response-info timems="0.106" idlems="0.106" threads="0" lastid="0000000001929E00" lastname="Default Executor-thread-200" />
</exclusive-start>
<af-start id="3191" threadId="000000000192A878" totalBytesRequested="168" timestamp="2025-12-11T05:19:38.329" intervalms="226366.148" type="nursery" />
<cycle-start id="3192" type="scavenge" contextid="0" timestamp="2025-12-11T05:19:38.376" intervalms="226408.691" />
<gc-start id="3193" type="scavenge" contextid="3192" timestamp="2025-12-11T05:19:38.379">
  <mem-info id="3194" free="55620592" total="341966848" percent="16">
    <mem type="nursery" free="0" total="157548544" percent="0">
      <mem type="allocate" free="0" total="141754368" percent="0" />
      <mem type="survivor" free="0" total="15794176" percent="0" />
    </mem>
    <mem type="tenure" free="55620592" total="184418304" percent="30">
      <mem type="soa" free="53776368" total="182574080" percent="29" />
      <mem type="loa" free="1844224" total="1844224" percent="100" />
    </mem>
    <remembered-set count="2473" />
  </mem-info>
</gc-start>
<allocation-stats totalBytes="137356456" discardedBytes="47320" >
  <allocated-bytes non-tlh="8136" tlh="137348320" />
  <largest-consumer threadName="Timer-7" threadId="0000000000FFF400" bytes="36750112" />
</allocation-stats>
<gc-op id="3195" type="scavenge" timems="13.813" contextid="3192" timestamp="2025-12-11T05:19:38.435">
  <scavenger-info tenureage="14" tenuremask="4000" tiltratio="89" />
  <memory-copied type="nursery" objects="105134" bytes="3959152" bytesdiscarded="290840" />
  <finalization candidates="9" enqueued="4" />
  <ownableSynchronizers candidates="19453" cleared="19043" />
  <references type="soft" candidates="379" cleared="0" enqueued="0" dynamicThreshold="11" maxThreshold="32" />
  <references type="weak" candidates="694" cleared="46" enqueued="45" />
  <references type="phantom" candidates="324" cleared="304" enqueued="304" />
  <object-monitors candidates="252" cleared="39"  />
</gc-op>
<gc-end id="3196" type="scavenge" contextid="3192" durationms="58.596" usertimems="22.613" systemtimems="0.000" stalltimems="47.936" timestamp="2025-12-11T05:19:38.437" activeThreads="9">
  <mem-info id="3197" free="193119712" total="341966848" percent="56">
    <mem type="nursery" free="137499120" total="157548544" percent="87">
      <mem type="allocate" free="137499120" total="141754368" percent="96" />
      <mem type="survivor" free="0" total="15794176" percent="0" />
    </mem>
    <mem type="tenure" free="55620592" total="184418304" percent="30" macro-fragmented="0">
      <mem type="soa" free="53776368" total="182574080" percent="29" />
      <mem type="loa" free="1844224" total="1844224" percent="100" />
    </mem>
    <pending-finalizers system="4" default="0" reference="349" classloader="0" />
    <remembered-set count="1404" />
  </mem-info>
</gc-end>
<cycle-end id="3198" type="scavenge" contextid="3192" timestamp="2025-12-11T05:19:38.438" />
<allocation-satisfied id="3199" threadId="0000000001929E00" bytesRequested="168" />
<af-end id="3200" timestamp="2025-12-11T05:19:38.439" threadId="000000000192A878" success="true" from="nursery"/>
<exclusive-end id="3201" timestamp="2025-12-11T05:19:38.440" durationms="116.532" />

<exclusive-start id="3202" timestamp="2025-12-11T05:23:06.964" intervalms="208640.903">
  <response-info timems="0.115" idlems="0.115" threads="0" lastid="0000000000FFF400" lastname="Timer-7" />
</exclusive-start>
<af-start id="3203" threadId="0000000000FFFE78" totalBytesRequested="8256" timestamp="2025-12-11T05:23:06.966" intervalms="208636.869" type="nursery" />
<cycle-start id="3204" type="scavenge" contextid="0" timestamp="2025-12-11T05:23:06.968" intervalms="208592.329" />
<gc-start id="3205" type="scavenge" contextid="3204" timestamp="2025-12-11T05:23:06.970">
  <mem-info id="3206" free="55618184" total="341966848" percent="16">
    <mem type="nursery" free="0" total="157548544" percent="0">
      <mem type="allocate" free="0" total="141754368" percent="0" />
      <mem type="survivor" free="0" total="15794176" percent="0" />
    </mem>
    <mem type="tenure" free="55618184" total="184418304" percent="30">
      <mem type="soa" free="53773960" total="182574080" percent="29" />
      <mem type="loa" free="1844224" total="1844224" percent="100" />
    </mem>
    <remembered-set count="2020" />
  </mem-info>
</gc-start>
<allocation-stats totalBytes="137438312" discardedBytes="63216" >
  <allocated-bytes non-tlh="35352" tlh="137402960" />
  <largest-consumer threadName="Timer-7" threadId="0000000000FFF400" bytes="33777632" />
</allocation-stats>
<gc-op id="3207" type="scavenge" timems="10.605" contextid="3204" timestamp="2025-12-11T05:23:06.984">
  <scavenger-info tenureage="14" tenuremask="4000" tiltratio="89" />
  <memory-copied type="nursery" objects="109554" bytes="4225944" bytesdiscarded="79752" />
  <finalization candidates="11" enqueued="5" />
  <ownableSynchronizers candidates="18034" cleared="17577" />
  <references type="soft" candidates="412" cleared="0" enqueued="0" dynamicThreshold="11" maxThreshold="32" />
  <references type="weak" candidates="899" cleared="130" enqueued="129" />
  <references type="phantom" candidates="381" cleared="364" enqueued="364" />
  <object-monitors candidates="238" cleared="12"  />
</gc-op>
<gc-end id="3208" type="scavenge" contextid="3204" durationms="19.577" usertimems="26.493" systemtimems="0.202" stalltimems="18.758" timestamp="2025-12-11T05:23:06.990" activeThreads="7">
  <mem-info id="3209" free="193060408" total="341966848" percent="56">
    <mem type="nursery" free="137442224" total="157548544" percent="87">
      <mem type="allocate" free="137442224" total="141754368" percent="96" />
      <mem type="survivor" free="0" total="15794176" percent="0" />
    </mem>
    <mem type="tenure" free="55618184" total="184418304" percent="30" macro-fragmented="0">
      <mem type="soa" free="53773960" total="182574080" percent="29" />
      <mem type="loa" free="1844224" total="1844224" percent="100" />
    </mem>
    <pending-finalizers system="5" default="0" reference="493" classloader="0" />
    <remembered-set count="1460" />
  </mem-info>
</gc-end>
<cycle-end id="3210" type="scavenge" contextid="3204" timestamp="2025-12-11T05:23:06.991" />
<allocation-satisfied id="3211" threadId="0000000000FFF400" bytesRequested="8256" />
<af-end id="3212" timestamp="2025-12-11T05:23:06.994" threadId="0000000000FFFE78" success="true" from="nursery"/>
<exclusive-end id="3213" timestamp="2025-12-11T05:23:06.995" durationms="30.620" />

<exclusive-start id="3214" timestamp="2025-12-11T05:26:21.965" intervalms="195000.464">
  <response-info timems="0.141" idlems="0.141" threads="0" lastid="0000000000FFF400" lastname="Timer-7" />
</exclusive-start>
<af-start id="3215" threadId="0000000000FFFE78" totalBytesRequested="1960" timestamp="2025-12-11T05:26:21.967" intervalms="195000.908" type="nursery" />
<cycle-start id="3216" type="scavenge" contextid="0" timestamp="2025-12-11T05:26:21.969" intervalms="195000.317" />
<gc-start id="3217" type="scavenge" contextid="3216" timestamp="2025-12-11T05:26:21.979">
  <mem-info id="3218" free="55617360" total="341966848" percent="16">
    <mem type="nursery" free="0" total="157548544" percent="0">
      <mem type="allocate" free="0" total="141754368" percent="0" />
      <mem type="survivor" free="0" total="15794176" percent="0" />
    </mem>
    <mem type="tenure" free="55617360" total="184418304" percent="30">
      <mem type="soa" free="53773136" total="182574080" percent="29" />
      <mem type="loa" free="1844224" total="1844224" percent="100" />
    </mem>
    <remembered-set count="1954" />
  </mem-info>
</gc-start>
<allocation-stats totalBytes="137397664" discardedBytes="45384" >
  <allocated-bytes non-tlh="598976" tlh="136798688" />
  <largest-consumer threadName="Timer-7" threadId="0000000000FFF400" bytes="36715360" />
</allocation-stats>
<gc-op id="3219" type="scavenge" timems="24.580" contextid="3216" timestamp="2025-12-11T05:26:22.006">
  <scavenger-info tenureage="4" tenuremask="4030" tiltratio="89" />
  <memory-copied type="nursery" objects="26059" bytes="1308792" bytesdiscarded="385816" />
  <memory-copied type="tenure" objects="84597" bytes="2989200" bytesdiscarded="936" />
  <finalization candidates="11" enqueued="7" />
  <ownableSynchronizers candidates="16868" cleared="16424" />
  <references type="soft" candidates="74" cleared="0" enqueued="0" dynamicThreshold="11" maxThreshold="32" />
  <references type="weak" candidates="885" cleared="61" enqueued="60" />
  <references type="phantom" candidates="162" cleared="150" enqueued="150" />
  <object-monitors candidates="229" cleared="3"  />
</gc-op>
<gc-end id="3220" type="scavenge" contextid="3216" durationms="36.932" usertimems="26.619" systemtimems="24.712" stalltimems="24.502" timestamp="2025-12-11T05:26:22.016" activeThreads="7">
  <mem-info id="3221" free="192739128" total="341966848" percent="56">
    <mem type="nursery" free="140057088" total="157548544" percent="88">
      <mem type="allocate" free="140057088" total="141754368" percent="98" />
      <mem type="survivor" free="0" total="15794176" percent="0" />
    </mem>
    <mem type="tenure" free="52682040" total="184418304" percent="28" macro-fragmented="27735676">
      <mem type="soa" free="50837816" total="182574080" percent="27" />
      <mem type="loa" free="1844224" total="1844224" percent="100" />
    </mem>
    <pending-finalizers system="7" default="0" reference="210" classloader="0" />
    <remembered-set count="1493" />
  </mem-info>
</gc-end>
<cycle-end id="3222" type="scavenge" contextid="3216" timestamp="2025-12-11T05:26:22.017" />
<allocation-satisfied id="3223" threadId="0000000000FFF400" bytesRequested="1960" />
<af-end id="3224" timestamp="2025-12-11T05:26:22.019" threadId="0000000000FFFE78" success="true" from="nursery"/>
<exclusive-end id="3225" timestamp="2025-12-11T05:26:22.020" durationms="55.218" />

<exclusive-start id="3226" timestamp="2025-12-11T05:30:00.547" intervalms="218582.087">
  <response-info timems="0.057" idlems="0.057" threads="0" lastid="00000000019C9400" lastname="Default Executor-thread-442" />
</exclusive-start>
<af-start id="3227" threadId="00000000019C9E78" totalBytesRequested="168" timestamp="2025-12-11T05:30:00.548" intervalms="218581.513" type="nursery" />
<cycle-start id="3228" type="scavenge" contextid="0" timestamp="2025-12-11T05:30:00.551" intervalms="218582.103" />
<gc-start id="3229" type="scavenge" contextid="3228" timestamp="2025-12-11T05:30:00.554">
  <mem-info id="3230" free="52682040" total="341966848" percent="15">
    <mem type="nursery" free="0" total="157548544" percent="0">
      <mem type="allocate" free="0" total="141754368" percent="0" />
      <mem type="survivor" free="0" total="15794176" percent="0" />
    </mem>
    <mem type="tenure" free="52682040" total="184418304" percent="28">
      <mem type="soa" free="50837816" total="182574080" percent="27" />
      <mem type="loa" free="1844224" total="1844224" percent="100" />
    </mem>
    <remembered-set count="1699" />
  </mem-info>
</gc-start>
<allocation-stats totalBytes="140018632" discardedBytes="38456" >
  <allocated-bytes non-tlh="1960" tlh="140016672" />
  <largest-consumer threadName="Timer-7" threadId="0000000000FFF400" bytes="43822608" />
</allocation-stats>
<gc-op id="3231" type="scavenge" timems="8.898" contextid="3228" timestamp="2025-12-11T05:30:00.565">
  <scavenger-info tenureage="4" tenuremask="4110" tiltratio="89" />
  <memory-copied type="nursery" objects="12242" bytes="639384" bytesdiscarded="395648" />
  <memory-copied type="tenure" objects="15136" bytes="739752" bytesdiscarded="1216" />
  <finalization candidates="4" enqueued="3" />
  <ownableSynchronizers candidates="18606" cleared="18363" />
  <references type="soft" candidates="41" cleared="0" enqueued="0" dynamicThreshold="11" maxThreshold="32" />
  <references type="weak" candidates="838" cleared="2" enqueued="1" />
  <references type="phantom" candidates="316" cleared="302" enqueued="302" />
  <object-monitors candidates="226" cleared="0"  />
</gc-op>
<heap-resize id="3232" type="contract" space="nursery" amount="1572864" count="1" timems="0.354" reason="insufficient time being spent scavenging" timestamp="2025-12-11T05:30:00.566" />
<gc-end id="3233" type="scavenge" contextid="3228" durationms="13.772" usertimems="11.038" systemtimems="6.224" stalltimems="28.268" timestamp="2025-12-11T05:30:00.567" activeThreads="8">
  <mem-info id="3234" free="191304520" total="340393984" percent="56">
    <mem type="nursery" free="139341752" total="155975680" percent="89">
      <mem type="allocate" free="139341752" total="140378112" percent="99" />
      <mem type="survivor" free="0" total="15597568" percent="0" />
    </mem>
    <mem type="tenure" free="51962768" total="184418304" percent="28" macro-fragmented="0">
      <mem type="soa" free="50118544" total="182574080" percent="27" />
      <mem type="loa" free="1844224" total="1844224" percent="100" />
    </mem>
    <pending-finalizers system="3" default="0" reference="303" classloader="0" />
    <remembered-set count="1305" />
  </mem-info>
</gc-end>
<cycle-end id="3235" type="scavenge" contextid="3228" timestamp="2025-12-11T05:30:00.568" />
<allocation-satisfied id="3236" threadId="00000000019C9400" bytesRequested="168" />
<af-end id="3237" timestamp="2025-12-11T05:30:00.569" threadId="00000000019C9E78" success="true" from="nursery"/>
<exclusive-end id="3238" timestamp="2025-12-11T05:30:00.570" durationms="23.111" />

<exclusive-start id="3239" timestamp="2025-12-11T05:33:36.971" intervalms="216424.377">
  <response-info timems="0.124" idlems="0.124" threads="0" lastid="0000000000FFF400" lastname="Timer-7" />
</exclusive-start>
<af-start id="3240" threadId="0000000000FFFE78" totalBytesRequested="8232" timestamp="2025-12-11T05:33:36.973" intervalms="216424.084" type="nursery" />
<cycle-start id="3241" type="scavenge" contextid="0" timestamp="2025-12-11T05:33:36.974" intervalms="216423.547" />
<gc-start id="3242" type="scavenge" contextid="3241" timestamp="2025-12-11T05:33:36.977">
  <mem-info id="3243" free="51962768" total="340393984" percent="15">
    <mem type="nursery" free="0" total="155975680" percent="0">
      <mem type="allocate" free="0" total="140378112" percent="0" />
      <mem type="survivor" free="0" total="15597568" percent="0" />
    </mem>
    <mem type="tenure" free="51962768" total="184418304" percent="28">
      <mem type="soa" free="50118544" total="182574080" percent="27" />
      <mem type="loa" free="1844224" total="1844224" percent="100" />
    </mem>
    <remembered-set count="1480" />
  </mem-info>
</gc-start>
<allocation-stats totalBytes="139294904" discardedBytes="46848" >
  <allocated-bytes non-tlh="168" tlh="139294736" />
  <largest-consumer threadName="Timer-7" threadId="0000000000FFF400" bytes="43536552" />
</allocation-stats>
<gc-op id="3244" type="scavenge" timems="8.893" contextid="3241" timestamp="2025-12-11T05:33:36.987">
  <scavenger-info tenureage="14" tenuremask="4000" tiltratio="90" />
  <memory-copied type="nursery" objects="12603" bytes="672848" bytesdiscarded="159440" />
  <finalization candidates="5" enqueued="4" />
  <ownableSynchronizers candidates="18293" cleared="18162" />
  <references type="soft" candidates="41" cleared="0" enqueued="0" dynamicThreshold="11" maxThreshold="32" />
  <references type="weak" candidates="903" cleared="2" enqueued="1" />
  <references type="phantom" candidates="318" cleared="304" enqueued="304" />
  <object-monitors candidates="226" cleared="0"  />
</gc-op>
<gc-end id="3245" type="scavenge" contextid="3241" durationms="11.191" usertimems="7.832" systemtimems="4.167" stalltimems="15.274" timestamp="2025-12-11T05:33:36.988" activeThreads="7">
  <mem-info id="3246" free="191507272" total="340393984" percent="56">
    <mem type="nursery" free="139544504" total="155975680" percent="89">
      <mem type="allocate" free="139544504" total="140378112" percent="99" />
      <mem type="survivor" free="0" total="15597568" percent="0" />
    </mem>
    <mem type="tenure" free="51962768" total="184418304" percent="28" macro-fragmented="13375613">
      <mem type="soa" free="50118544" total="182574080" percent="27" />
      <mem type="loa" free="1844224" total="1844224" percent="100" />
    </mem>
    <pending-finalizers system="4" default="0" reference="305" classloader="0" />
    <remembered-set count="1305" />
  </mem-info>
</gc-end>
<cycle-end id="3247" type="scavenge" contextid="3241" timestamp="2025-12-11T05:33:36.989" />
<allocation-satisfied id="3248" threadId="0000000000FFF400" bytesRequested="8232" />
<af-end id="3249" timestamp="2025-12-11T05:33:36.990" threadId="0000000000FFFE78" success="true" from="nursery"/>
<exclusive-end id="3250" timestamp="2025-12-11T05:33:36.990" durationms="19.105" />

<exclusive-start id="3251" timestamp="2025-12-11T05:37:16.935" intervalms="219964.170">
  <response-info timems="0.098" idlems="0.077" threads="1" lastid="00000000019C5700" lastname="Default Executor-thread-374" />
</exclusive-start>
<af-start id="3252" threadId="0000000000858678" totalBytesRequested="32" timestamp="2025-12-11T05:37:16.938" intervalms="219965.233" type="nursery" />
<cycle-start id="3253" type="scavenge" contextid="0" timestamp="2025-12-11T05:37:16.940" intervalms="219966.099" />
<gc-start id="3254" type="scavenge" contextid="3253" timestamp="2025-12-11T05:37:16.943">
  <mem-info id="3255" free="51962768" total="340393984" percent="15">
    <mem type="nursery" free="0" total="155975680" percent="0">
      <mem type="allocate" free="0" total="140378112" percent="0" />
      <mem type="survivor" free="0" total="15597568" percent="0" />
    </mem>
    <mem type="tenure" free="51962768" total="184418304" percent="28">
      <mem type="soa" free="50118544" total="182574080" percent="27" />
      <mem type="loa" free="1844224" total="1844224" percent="100" />
    </mem>
    <remembered-set count="1502" />
  </mem-info>
</gc-start>
<allocation-stats totalBytes="139503720" discardedBytes="40784" >
  <allocated-bytes non-tlh="8232" tlh="139495488" />
  <largest-consumer threadName="Timer-7" threadId="0000000000FFF400" bytes="42694736" />
</allocation-stats>
<gc-op id="3256" type="scavenge" timems="23.051" contextid="3253" timestamp="2025-12-11T05:37:16.970">
  <scavenger-info tenureage="4" tenuremask="4230" tiltratio="90" />
  <memory-copied type="nursery" objects="8027" bytes="420800" bytesdiscarded="387200" />
  <memory-copied type="tenure" objects="4449" bytes="252712" bytesdiscarded="960" />
  <finalization candidates="4" enqueued="4" />
  <ownableSynchronizers candidates="18611" cleared="18478" />
  <references type="soft" candidates="9" cleared="0" enqueued="0" dynamicThreshold="11" maxThreshold="32" />
  <references type="weak" candidates="646" cleared="2" enqueued="1" />
  <references type="phantom" candidates="271" cleared="256" enqueued="256" />
  <object-monitors candidates="226" cleared="0"  />
</gc-op>
<gc-end id="3257" type="scavenge" contextid="3253" durationms="28.821" usertimems="5.244" systemtimems="23.010" stalltimems="28.941" timestamp="2025-12-11T05:37:16.972" activeThreads="7">
  <mem-info id="3258" free="191216680" total="340393984" percent="56">
    <mem type="nursery" free="139569384" total="155975680" percent="89">
      <mem type="allocate" free="139569384" total="140378112" percent="99" />
      <mem type="survivor" free="0" total="15597568" percent="0" />
    </mem>
    <mem type="tenure" free="51647296" total="184418304" percent="28" macro-fragmented="33282812">
      <mem type="soa" free="49803072" total="182574080" percent="27" />
      <mem type="loa" free="1844224" total="1844224" percent="100" />
    </mem>
    <pending-finalizers system="4" default="0" reference="257" classloader="0" />
    <remembered-set count="1113" />
  </mem-info>
</gc-end>
<cycle-end id="3259" type="scavenge" contextid="3253" timestamp="2025-12-11T05:37:16.974" />
<allocation-satisfied id="3260" threadId="0000000000857C00" bytesRequested="32" />
<af-end id="3261" timestamp="2025-12-11T05:37:16.975" threadId="0000000000858678" success="true" from="nursery"/>
<exclusive-end id="3262" timestamp="2025-12-11T05:37:16.976" durationms="40.999" />

<exclusive-start id="3263" timestamp="2025-12-11T05:39:32.378" intervalms="135443.091">
  <response-info timems="0.103" idlems="0.103" threads="0" lastid="00000000001D0800" lastname="VM Runtime State Listener" />
</exclusive-start>
<sys-start reason="vm idle" id="3264" timestamp="2025-12-11T05:39:32.381" intervalms="3462443.519" />
<cycle-start id="3265" type="global" contextid="0" timestamp="2025-12-11T05:39:32.384" intervalms="3462443.874" />
<gc-start id="3266" type="global" contextid="3265" timestamp="2025-12-11T05:39:32.387">
  <mem-info id="3267" free="103463944" total="340393984" percent="30">
    <mem type="nursery" free="51816648" total="155975680" percent="33">
      <mem type="allocate" free="51816648" total="140378112" percent="36" />
      <mem type="survivor" free="0" total="15597568" percent="0" />
    </mem>
    <mem type="tenure" free="51647296" total="184418304" percent="28">
      <mem type="soa" free="49803072" total="182574080" percent="27" />
      <mem type="loa" free="1844224" total="1844224" percent="100" />
    </mem>
    <remembered-set count="1287" />
  </mem-info>
</gc-start>
<allocation-stats totalBytes="87721424" discardedBytes="31312" >
  <allocated-bytes non-tlh="32" tlh="87721392" />
  <largest-consumer threadName="Timer-7" threadId="0000000000FFF400" bytes="26843472" />
</allocation-stats>
<gc-op id="3268" type="mark" timems="92.987" contextid="3265" timestamp="2025-12-11T05:39:32.484">
  <trace-info objectcount="2610333" scancount="2285674" scanbytes="84489412" />
  <finalization candidates="931" enqueued="22" />
  <ownableSynchronizers candidates="23396" cleared="11757" />
  <references type="soft" candidates="15085" cleared="0" enqueued="0" dynamicThreshold="11" maxThreshold="32" />
  <references type="weak" candidates="19915" cleared="659" enqueued="577" />
  <references type="phantom" candidates="1591" cleared="156" enqueued="156" />
  <stringconstants candidates="57117" cleared="136"  />
  <object-monitors candidates="246" cleared="59"  />
</gc-op>
<gc-op id="3269" type="classunload" timems="12.775" contextid="3265" timestamp="2025-12-11T05:39:32.498">
  <classunload-info classloadercandidates="855" classloadersunloaded="56" classesunloaded="45" anonymousclassesunloaded="0" quiescems="0.000" setupms="12.247" scanms="0.305" postms="0.222" />
</gc-op>
<gc-op id="3270" type="sweep" timems="4.949" contextid="3265" timestamp="2025-12-11T05:39:32.505" />
<mem-info id="3271" free="199127376" total="340393984" percent="58">
  <mem type="nursery" free="139782984" total="155975680" percent="89">
    <mem type="allocate" free="139782984" total="140378112" percent="99" />
    <mem type="survivor" free="0" total="15597568" percent="0" />
  </mem>
  <mem type="tenure" free="59344392" total="184418304" percent="32" micro-fragmented="694904" macro-fragmented="0">
    <mem type="soa" free="57500168" total="182574080" percent="31" />
    <mem type="loa" free="1844224" total="1844224" percent="100" />
  </mem>
  <pending-finalizers system="2" default="20" reference="733" classloader="0" />
  <remembered-set count="1139" />
</mem-info>
<gc-op id="3272" type="compact" timems="172.258" contextid="3265" timestamp="2025-12-11T05:39:32.681">
  <compact-info movecount="2439623" movebytes="117393560" reason="compact on aggressive collection" />
</gc-op>
<gc-end id="3273" type="global" contextid="3265" durationms="295.873" usertimems="2616.738" systemtimems="0.000" stalltimems="743.288" timestamp="2025-12-11T05:39:32.683" activeThreads="20">
  <mem-info id="3274" free="200240408" total="340393984" percent="58">
    <mem type="nursery" free="140029368" total="155975680" percent="89">
      <mem type="allocate" free="140029368" total="140378112" percent="99" />
      <mem type="survivor" free="0" total="15597568" percent="0" />
    </mem>
    <mem type="tenure" free="60211040" total="184418304" percent="32">
      <mem type="soa" free="58366816" total="182574080" percent="31" />
      <mem type="loa" free="1844224" total="1844224" percent="100" />
    </mem>
    <pending-finalizers system="2" default="20" reference="733" classloader="0" />
    <remembered-set count="1139" />
  </mem-info>
</gc-end>
<cycle-end id="3275" type="global" contextid="3265" timestamp="2025-12-11T05:39:32.683" />
<sys-end id="3276" timestamp="2025-12-11T05:39:32.684" />
<exclusive-end id="3277" timestamp="2025-12-11T05:39:32.685" durationms="306.436" />

<heap-resize id="3278" type="release free pages" space="tenure" amount="60162048" count="1" timems="2.237" reason="idle" timestamp="2025-12-11T05:39:32.688" />
<exclusive-start id="3279" timestamp="2025-12-11T05:43:10.867" intervalms="218488.964">
  <response-info timems="0.192" idlems="0.192" threads="0" lastid="0000000001800600" lastname="Default Executor-thread-494" />
</exclusive-start>
<af-start id="3280" threadId="0000000001801078" totalBytesRequested="24" timestamp="2025-12-11T05:43:10.869" intervalms="353931.619" type="nursery" />
<cycle-start id="3281" type="scavenge" contextid="0" timestamp="2025-12-11T05:43:10.871" intervalms="353930.890" />
<gc-start id="3282" type="scavenge" contextid="3281" timestamp="2025-12-11T05:43:10.874">
  <mem-info id="3283" free="60211040" total="340393984" percent="17">
    <mem type="nursery" free="0" total="155975680" percent="0">
      <mem type="allocate" free="0" total="140378112" percent="0" />
      <mem type="survivor" free="0" total="15597568" percent="0" />
    </mem>
    <mem type="tenure" free="60211040" total="184418304" percent="32">
      <mem type="soa" free="58366816" total="182574080" percent="31" />
      <mem type="loa" free="1844224" total="1844224" percent="100" />
    </mem>
    <remembered-set count="1909" />
  </mem-info>
</gc-start>
<allocation-stats totalBytes="139971024" discardedBytes="58344" >
  <allocated-bytes non-tlh="32776" tlh="139938248" />
  <largest-consumer threadName="Timer-7" threadId="0000000000FFF400" bytes="43384776" />
</allocation-stats>
<gc-op id="3284" type="scavenge" timems="12.073" contextid="3281" timestamp="2025-12-11T05:43:10.889">
  <scavenger-info tenureage="4" tenuremask="fb90" tiltratio="90" />
  <memory-copied type="nursery" objects="5368" bytes="284000" bytesdiscarded="221968" />
  <memory-copied type="tenure" objects="3155" bytes="158696" bytesdiscarded="1392" />
  <finalization candidates="4" enqueued="3" />
  <ownableSynchronizers candidates="41545" cleared="41449" />
  <references type="soft" candidates="1" cleared="0" enqueued="0" dynamicThreshold="10" maxThreshold="32" />
  <references type="weak" candidates="274" cleared="2" enqueued="1" />
  <references type="phantom" candidates="307" cleared="302" enqueued="302" />
  <object-monitors candidates="207" cleared="13"  />
</gc-op>
<gc-end id="3285" type="scavenge" contextid="3281" durationms="17.626" usertimems="9.728" systemtimems="14.348" stalltimems="31.065" timestamp="2025-12-11T05:43:10.892" activeThreads="8">
  <mem-info id="3286" free="199840064" total="340393984" percent="58">
    <mem type="nursery" free="139871472" total="155975680" percent="89">
      <mem type="allocate" free="139871472" total="140378112" percent="99" />
      <mem type="survivor" free="0" total="15597568" percent="0" />
    </mem>
    <mem type="tenure" free="59968592" total="184418304" percent="32" macro-fragmented="23113062">
      <mem type="soa" free="58124368" total="182574080" percent="31" />
      <mem type="loa" free="1844224" total="1844224" percent="100" />
    </mem>
    <pending-finalizers system="3" default="0" reference="303" classloader="0" />
    <remembered-set count="1327" />
  </mem-info>
</gc-end>
<cycle-end id="3287" type="scavenge" contextid="3281" timestamp="2025-12-11T05:43:10.894" />
<allocation-satisfied id="3288" threadId="0000000001800600" bytesRequested="24" />
<af-end id="3289" timestamp="2025-12-11T05:43:10.895" threadId="0000000001801078" success="true" from="nursery"/>
<exclusive-end id="3290" timestamp="2025-12-11T05:43:10.896" durationms="28.967" />

<exclusive-start id="3291" timestamp="2025-12-11T05:45:02.222" intervalms="111354.723">
  <response-info timems="0.222" idlems="0.222" threads="0" lastid="00000000001D0800" lastname="VM Runtime State Listener" />
</exclusive-start>
<sys-start reason="vm idle" id="3292" timestamp="2025-12-11T05:45:02.224" intervalms="329843.240" />
<cycle-start id="3293" type="global" contextid="0" timestamp="2025-12-11T05:45:02.226" intervalms="329842.743" />
<gc-start id="3294" type="global" contextid="3293" timestamp="2025-12-11T05:45:02.229">
  <mem-info id="3295" free="125758776" total="340393984" percent="36">
    <mem type="nursery" free="65791192" total="155975680" percent="42">
      <mem type="allocate" free="65791192" total="140378112" percent="46" />
      <mem type="survivor" free="0" total="15597568" percent="0" />
    </mem>
    <mem type="tenure" free="59967584" total="184418304" percent="32">
      <mem type="soa" free="58123360" total="182574080" percent="31" />
      <mem type="loa" free="1844224" total="1844224" percent="100" />
    </mem>
    <remembered-set count="1680" />
  </mem-info>
</gc-start>
<allocation-stats totalBytes="74051768" discardedBytes="29520" >
  <allocated-bytes non-tlh="1032" tlh="74050736" />
  <largest-consumer threadName="Timer-7" threadId="0000000000FFF400" bytes="21022736" />
</allocation-stats>
<gc-op id="3296" type="mark" timems="80.817" contextid="3293" timestamp="2025-12-11T05:45:02.314">
  <trace-info objectcount="2291273" scancount="1973657" scanbytes="74266180" />
  <finalization candidates="916" enqueued="6" />
  <ownableSynchronizers candidates="21092" cleared="10176" />
  <references type="soft" candidates="15034" cleared="730" enqueued="401" dynamicThreshold="10" maxThreshold="32" />
  <references type="weak" candidates="19363" cleared="83" enqueued="81" />
  <references type="phantom" candidates="1738" cleared="302" enqueued="302" />
  <stringconstants candidates="56989" cleared="223"  />
  <object-monitors candidates="195" cleared="10"  />
</gc-op>
<gc-op id="3297" type="classunload" timems="9.921" contextid="3293" timestamp="2025-12-11T05:45:02.325">
  <classunload-info classloadercandidates="801" classloadersunloaded="11" classesunloaded="80" anonymousclassesunloaded="0" quiescems="0.000" setupms="9.592" scanms="0.266" postms="0.062" />
</gc-op>
<gc-op id="3298" type="sweep" timems="3.936" contextid="3293" timestamp="2025-12-11T05:45:02.330" />
<gc-end id="3299" type="global" contextid="3293" durationms="114.707" usertimems="1018.122" systemtimems="95.063" stalltimems="550.377" timestamp="2025-12-11T05:45:02.344" activeThreads="20">
  <mem-info id="3300" free="210227656" total="340393984" percent="61">
    <mem type="nursery" free="139611224" total="155975680" percent="89">
      <mem type="allocate" free="139611224" total="140378112" percent="99" />
      <mem type="survivor" free="0" total="15597568" percent="0" />
    </mem>
    <mem type="tenure" free="70616432" total="184418304" percent="38" micro-fragmented="143330" macro-fragmented="47927252">
      <mem type="soa" free="68772208" total="182574080" percent="37" />
      <mem type="loa" free="1844224" total="1844224" percent="100" />
    </mem>
    <pending-finalizers system="6" default="0" reference="784" classloader="0" />
    <remembered-set count="1242" />
  </mem-info>
</gc-end>
<cycle-end id="3301" type="global" contextid="3293" timestamp="2025-12-11T05:45:02.345" />
<heap-fixup timems="9.705" reason="class unloading"  timestamp="2025-12-11T05:45:02.345" />
<sys-end id="3302" timestamp="2025-12-11T05:45:02.346" />
<exclusive-end id="3303" timestamp="2025-12-11T05:45:02.346" durationms="124.260" />

<heap-resize id="3304" type="release free pages" space="tenure" amount="69513216" count="1" timems="4.127" reason="idle" timestamp="2025-12-11T05:45:02.351" />
<exclusive-start id="3305" timestamp="2025-12-11T05:46:22.843" intervalms="80620.774">
  <response-info timems="0.103" idlems="0.103" threads="0" lastid="00000000019C7C00" lastname="Default Executor-thread-483" />
</exclusive-start>
<af-start id="3306" threadId="00000000019C8678" totalBytesRequested="32" timestamp="2025-12-11T05:46:22.844" intervalms="191974.527" type="nursery" />
<cycle-start id="3307" type="scavenge" contextid="0" timestamp="2025-12-11T05:46:22.845" intervalms="191974.052" />
<gc-start id="3308" type="scavenge" contextid="3307" timestamp="2025-12-11T05:46:22.847">
  <mem-info id="3309" free="70587536" total="340393984" percent="20">
    <mem type="nursery" free="0" total="155975680" percent="0">
      <mem type="allocate" free="0" total="140378112" percent="0" />
      <mem type="survivor" free="0" total="15597568" percent="0" />
    </mem>
    <mem type="tenure" free="70587536" total="184418304" percent="38">
      <mem type="soa" free="68743312" total="182574080" percent="37" />
      <mem type="loa" free="1844224" total="1844224" percent="100" />
    </mem>
    <remembered-set count="4196" />
  </mem-info>
</gc-start>
<allocation-stats totalBytes="139573944" discardedBytes="59336" >
  <allocated-bytes non-tlh="489256" tlh="139084688" />
  <largest-consumer threadName="Default Executor-thread-483" threadId="00000000019C7C00" bytes="46756880" />
</allocation-stats>
<gc-op id="3310" type="scavenge" timems="13.082" contextid="3307" timestamp="2025-12-11T05:46:22.862">
  <scavenger-info tenureage="6" tenuremask="ffc0" tiltratio="90" />
  <memory-copied type="nursery" objects="59889" bytes="2299976" bytesdiscarded="105632" />
  <finalization candidates="101" enqueued="97" />
  <ownableSynchronizers candidates="31794" cleared="31570" />
  <references type="soft" candidates="175" cleared="0" enqueued="0" dynamicThreshold="12" maxThreshold="32" />
  <references type="weak" candidates="1494" cleared="461" enqueued="446" />
  <references type="phantom" candidates="351" cleared="327" enqueued="327" />
  <object-monitors candidates="187" cleared="3"  />
</gc-op>
<gc-end id="3311" type="scavenge" contextid="3307" durationms="30.884" usertimems="15.984" systemtimems="20.000" stalltimems="44.323" timestamp="2025-12-11T05:46:22.878" activeThreads="8">
  <mem-info id="3312" free="208549832" total="340393984" percent="61">
    <mem type="nursery" free="137962296" total="155975680" percent="88">
      <mem type="allocate" free="137962296" total="140378112" percent="98" />
      <mem type="survivor" free="0" total="15597568" percent="0" />
    </mem>
    <mem type="tenure" free="70587536" total="184418304" percent="38" macro-fragmented="47927252">
      <mem type="soa" free="68743312" total="182574080" percent="37" />
      <mem type="loa" free="1844224" total="1844224" percent="100" />
    </mem>
    <pending-finalizers system="5" default="92" reference="773" classloader="0" />
    <remembered-set count="2402" />
  </mem-info>
</gc-end>
<cycle-end id="3313" type="scavenge" contextid="3307" timestamp="2025-12-11T05:46:22.879" />
<allocation-satisfied id="3314" threadId="00000000019C7C00" bytesRequested="32" />
<af-end id="3315" timestamp="2025-12-11T05:46:22.881" threadId="00000000019C8678" success="true" from="nursery"/>
<exclusive-end id="3316" timestamp="2025-12-11T05:46:22.882" durationms="39.341" />

<exclusive-start id="3317" timestamp="2025-12-11T05:47:04.684" intervalms="41841.377">
  <response-info timems="0.065" idlems="0.065" threads="0" lastid="00000000018C0700" lastname="Default Executor-thread-362" />
</exclusive-start>
<af-start id="3318" threadId="00000000018C1178" totalBytesRequested="24" timestamp="2025-12-11T05:47:04.685" intervalms="41840.632" type="nursery" />
<cycle-start id="3319" type="scavenge" contextid="0" timestamp="2025-12-11T05:47:04.685" intervalms="41839.823" />
<gc-start id="3320" type="scavenge" contextid="3319" timestamp="2025-12-11T05:47:04.686">
  <mem-info id="3321" free="70562272" total="340393984" percent="20">
    <mem type="nursery" free="0" total="155975680" percent="0">
      <mem type="allocate" free="0" total="140378112" percent="0" />
      <mem type="survivor" free="0" total="15597568" percent="0" />
    </mem>
    <mem type="tenure" free="70562272" total="184418304" percent="38">
      <mem type="soa" free="68718048" total="182574080" percent="37" />
      <mem type="loa" free="1844224" total="1844224" percent="100" />
    </mem>
    <remembered-set count="4200" />
  </mem-info>
</gc-start>
<allocation-stats totalBytes="137946320" discardedBytes="41240" >
  <allocated-bytes non-tlh="303848" tlh="137642472" />
  <largest-consumer threadName="Default Executor-thread-483" threadId="00000000019C7C00" bytes="68113264" />
</allocation-stats>
<gc-op id="3322" type="scavenge" timems="16.909" contextid="3319" timestamp="2025-12-11T05:47:04.703">
  <scavenger-info tenureage="6" tenuremask="ffc0" tiltratio="90" />
  <memory-copied type="nursery" objects="116558" bytes="4465448" bytesdiscarded="90000" />
  <finalization candidates="104" enqueued="99" />
  <ownableSynchronizers candidates="7093" cleared="6720" />
  <references type="soft" candidates="371" cleared="0" enqueued="0" dynamicThreshold="12" maxThreshold="32" />
  <references type="weak" candidates="1909" cleared="595" enqueued="540" />
  <references type="phantom" candidates="50" cleared="5" enqueued="5" />
  <object-monitors candidates="188" cleared="2"  />
</gc-op>
<gc-end id="3323" type="scavenge" contextid="3319" durationms="27.249" usertimems="32.938" systemtimems="1.686" stalltimems="56.528" timestamp="2025-12-11T05:47:04.713" activeThreads="7">
  <mem-info id="3324" free="206372504" total="340393984" percent="60">
    <mem type="nursery" free="135810232" total="155975680" percent="87">
      <mem type="allocate" free="135810232" total="140378112" percent="96" />
      <mem type="survivor" free="0" total="15597568" percent="0" />
    </mem>
    <mem type="tenure" free="70562272" total="184418304" percent="38" macro-fragmented="39939376">
      <mem type="soa" free="68718048" total="182574080" percent="37" />
      <mem type="loa" free="1844224" total="1844224" percent="100" />
    </mem>
    <pending-finalizers system="3" default="96" reference="545" classloader="0" />
    <remembered-set count="2746" />
  </mem-info>
</gc-end>
<cycle-end id="3325" type="scavenge" contextid="3319" timestamp="2025-12-11T05:47:04.714" />
<allocation-satisfied id="3326" threadId="00000000018C0700" bytesRequested="24" />
<af-end id="3327" timestamp="2025-12-11T05:47:04.714" threadId="00000000018C1178" success="true" from="nursery"/>
<exclusive-end id="3328" timestamp="2025-12-11T05:47:04.715" durationms="30.496" />

<exclusive-start id="3329" timestamp="2025-12-11T05:47:53.287" intervalms="48602.912">
  <response-info timems="0.064" idlems="0.064" threads="0" lastid="000000000184C900" lastname="Default Executor-thread-480" />
</exclusive-start>
<af-start id="3330" threadId="000000000184D378" totalBytesRequested="24" timestamp="2025-12-11T05:47:53.289" intervalms="48604.499" type="nursery" />
<cycle-start id="3331" type="scavenge" contextid="0" timestamp="2025-12-11T05:47:53.290" intervalms="48605.438" />
<gc-start id="3332" type="scavenge" contextid="3331" timestamp="2025-12-11T05:47:53.293">
  <mem-info id="3333" free="70529792" total="340393984" percent="20">
    <mem type="nursery" free="0" total="155975680" percent="0">
      <mem type="allocate" free="0" total="140378112" percent="0" />
      <mem type="survivor" free="0" total="15597568" percent="0" />
    </mem>
    <mem type="tenure" free="70529792" total="184418304" percent="38">
      <mem type="soa" free="68685568" total="182574080" percent="37" />
      <mem type="loa" free="1844224" total="1844224" percent="100" />
    </mem>
    <remembered-set count="4553" />
  </mem-info>
</gc-start>
<allocation-stats totalBytes="135759224" discardedBytes="76736" >
  <allocated-bytes non-tlh="353456" tlh="135405768" />
  <largest-consumer threadName="Default Executor-thread-490" threadId="00000000017FFA00" bytes="56650328" />
</allocation-stats>
<gc-op id="3334" type="scavenge" timems="12.615" contextid="3331" timestamp="2025-12-11T05:47:53.306">
  <scavenger-info tenureage="7" tenuremask="ff80" tiltratio="90" />
  <memory-copied type="nursery" objects="125127" bytes="5048800" bytesdiscarded="83392" />
  <finalization candidates="103" enqueued="96" />
  <ownableSynchronizers candidates="7407" cleared="6987" />
  <references type="soft" candidates="561" cleared="0" enqueued="0" dynamicThreshold="12" maxThreshold="32" />
  <references type="weak" candidates="2053" cleared="566" enqueued="518" />
  <references type="phantom" candidates="87" cleared="37" enqueued="37" />
  <object-monitors candidates="187" cleared="2"  />
</gc-op>
<gc-end id="3335" type="scavenge" contextid="3331" durationms="23.011" usertimems="23.876" systemtimems="6.758" stalltimems="22.386" timestamp="2025-12-11T05:47:53.315" activeThreads="7">
  <mem-info id="3336" free="205763712" total="340393984" percent="60">
    <mem type="nursery" free="135233920" total="155975680" percent="86">
      <mem type="allocate" free="135233920" total="140378112" percent="96" />
      <mem type="survivor" free="0" total="15597568" percent="0" />
    </mem>
    <mem type="tenure" free="70529792" total="184418304" percent="38" macro-fragmented="33282812">
      <mem type="soa" free="68685568" total="182574080" percent="37" />
      <mem type="loa" free="1844224" total="1844224" percent="100" />
    </mem>
    <pending-finalizers system="2" default="94" reference="555" classloader="0" />
    <remembered-set count="2302" />
  </mem-info>
</gc-end>
<cycle-end id="3337" type="scavenge" contextid="3331" timestamp="2025-12-11T05:47:53.316" />
<allocation-satisfied id="3338" threadId="000000000184C900" bytesRequested="24" />
<af-end id="3339" timestamp="2025-12-11T05:47:53.317" threadId="000000000184D378" success="true" from="nursery"/>
<exclusive-end id="3340" timestamp="2025-12-11T05:47:53.318" durationms="30.463" />

<exclusive-start id="3341" timestamp="2025-12-11T05:48:22.334" intervalms="29046.853">
  <response-info timems="0.059" idlems="0.059" threads="0" lastid="0000000001929E00" lastname="Default Executor-thread-475" />
</exclusive-start>
<af-start id="3342" threadId="000000000192A878" totalBytesRequested="16" timestamp="2025-12-11T05:48:22.335" intervalms="29045.547" type="nursery" />
<cycle-start id="3343" type="scavenge" contextid="0" timestamp="2025-12-11T05:48:22.335" intervalms="29044.950" />
<gc-start id="3344" type="scavenge" contextid="3343" timestamp="2025-12-11T05:48:22.337">
  <mem-info id="3345" free="70490920" total="340393984" percent="20">
    <mem type="nursery" free="0" total="155975680" percent="0">
      <mem type="allocate" free="0" total="140378112" percent="0" />
      <mem type="survivor" free="0" total="15597568" percent="0" />
    </mem>
    <mem type="tenure" free="70490920" total="184418304" percent="38">
      <mem type="soa" free="68646696" total="182574080" percent="37" />
      <mem type="loa" free="1844224" total="1844224" percent="100" />
    </mem>
    <remembered-set count="4013" />
  </mem-info>
</gc-start>
<allocation-stats totalBytes="135208760" discardedBytes="52792" >
  <allocated-bytes non-tlh="352000" tlh="134856760" />
  <largest-consumer threadName="Default Executor-thread-404" threadId="0000000001801200" bytes="56445496" />
</allocation-stats>
<gc-op id="3346" type="scavenge" timems="7.452" contextid="3343" timestamp="2025-12-11T05:48:22.345">
  <scavenger-info tenureage="4" tenuremask="fff0" tiltratio="90" />
  <memory-copied type="nursery" objects="188281" bytes="7476296" bytesdiscarded="80792" />
  <memory-copied type="tenure" objects="916" bytes="84376" bytesdiscarded="1784" />
  <finalization candidates="154" enqueued="143" />
  <ownableSynchronizers candidates="6189" cleared="5627" />
  <references type="soft" candidates="751" cleared="0" enqueued="0" dynamicThreshold="12" maxThreshold="32" />
  <references type="weak" candidates="2078" cleared="599" enqueued="556" />
  <references type="phantom" candidates="228" cleared="156" enqueued="156" />
  <object-monitors candidates="188" cleared="3"  />
</gc-op>
<gc-end id="3347" type="scavenge" contextid="3343" durationms="13.630" usertimems="11.490" systemtimems="18.474" stalltimems="29.908" timestamp="2025-12-11T05:48:22.350" activeThreads="8">
  <mem-info id="3348" free="203110424" total="340393984" percent="59">
    <mem type="nursery" free="132804528" total="155975680" percent="85">
      <mem type="allocate" free="132804528" total="140378112" percent="94" />
      <mem type="survivor" free="0" total="15597568" percent="0" />
    </mem>
    <mem type="tenure" free="70305896" total="184418304" percent="38" macro-fragmented="39939376">
      <mem type="soa" free="68461672" total="182574080" percent="37" />
      <mem type="loa" free="1844224" total="1844224" percent="100" />
    </mem>
    <pending-finalizers system="3" default="140" reference="712" classloader="0" />
    <remembered-set count="2542" />
  </mem-info>
</gc-end>
<cycle-end id="3349" type="scavenge" contextid="3343" timestamp="2025-12-11T05:48:22.351" />
<allocation-satisfied id="3350" threadId="0000000001929E00" bytesRequested="16" />
<af-end id="3351" timestamp="2025-12-11T05:48:22.352" threadId="000000000192A878" success="true" from="nursery"/>
<exclusive-end id="3352" timestamp="2025-12-11T05:48:22.352" durationms="18.134" />

<exclusive-start id="3353" timestamp="2025-12-11T05:48:49.435" intervalms="27101.082">
  <response-info timems="0.066" idlems="0.066" threads="0" lastid="00000000027A3700" lastname="Default Executor-thread-486" />
</exclusive-start>
<af-start id="3354" threadId="00000000027A4178" totalBytesRequested="24" timestamp="2025-12-11T05:48:49.436" intervalms="27101.068" type="nursery" />
<cycle-start id="3355" type="scavenge" contextid="0" timestamp="2025-12-11T05:48:49.437" intervalms="27101.136" />
<gc-start id="3356" type="scavenge" contextid="3355" timestamp="2025-12-11T05:48:49.437">
  <mem-info id="3357" free="70260168" total="340393984" percent="20">
    <mem type="nursery" free="0" total="155975680" percent="0">
      <mem type="allocate" free="0" total="140378112" percent="0" />
      <mem type="survivor" free="0" total="15597568" percent="0" />
    </mem>
    <mem type="tenure" free="70260168" total="184418304" percent="38">
      <mem type="soa" free="68415944" total="182574080" percent="37" />
      <mem type="loa" free="1844224" total="1844224" percent="100" />
    </mem>
    <remembered-set count="4106" />
  </mem-info>
</gc-start>
<allocation-stats totalBytes="132816816" discardedBytes="31936" >
  <allocated-bytes non-tlh="306392" tlh="132510424" />
  <largest-consumer threadName="Default Executor-thread-430" threadId="000000000043CD00" bytes="40750232" />
</allocation-stats>
<gc-op id="3358" type="scavenge" timems="10.830" contextid="3355" timestamp="2025-12-11T05:48:49.449">
  <scavenger-info tenureage="4" tenuremask="fe10" tiltratio="90" />
  <memory-copied type="nursery" objects="259145" bytes="9269160" bytesdiscarded="120536" />
  <memory-copied type="tenure" objects="35088" bytes="1365272" bytesdiscarded="1528" />
  <finalization candidates="154" enqueued="142" />
  <ownableSynchronizers candidates="8461" cleared="7715" />
  <references type="soft" candidates="913" cleared="0" enqueued="0" dynamicThreshold="12" maxThreshold="32" />
  <references type="weak" candidates="1591" cleared="637" enqueued="596" />
  <references type="phantom" candidates="67" cleared="5" enqueued="5" />
  <object-monitors candidates="189" cleared="4"  />
</gc-op>
<gc-end id="3359" type="scavenge" contextid="3355" durationms="17.595" usertimems="32.327" systemtimems="11.725" stalltimems="17.924" timestamp="2025-12-11T05:48:49.455" activeThreads="7">
  <mem-info id="3360" free="199780376" total="340393984" percent="58">
    <mem type="nursery" free="130964928" total="155975680" percent="83">
      <mem type="allocate" free="130964928" total="140378112" percent="93" />
      <mem type="survivor" free="0" total="15597568" percent="0" />
    </mem>
    <mem type="tenure" free="68815448" total="184418304" percent="37" macro-fragmented="23113062">
      <mem type="soa" free="66971224" total="182574080" percent="36" />
      <mem type="loa" free="1844224" total="1844224" percent="100" />
    </mem>
    <pending-finalizers system="2" default="140" reference="601" classloader="0" />
    <remembered-set count="2877" />
  </mem-info>
</gc-end>
<cycle-end id="3361" type="scavenge" contextid="3355" timestamp="2025-12-11T05:48:49.456" />
<allocation-satisfied id="3362" threadId="00000000027A3700" bytesRequested="24" />
<af-end id="3363" timestamp="2025-12-11T05:48:49.457" threadId="00000000027A4178" success="true" from="nursery"/>
<exclusive-end id="3364" timestamp="2025-12-11T05:48:49.458" durationms="22.725" />

<exclusive-start id="3365" timestamp="2025-12-11T05:49:16.114" intervalms="26678.458">
  <response-info timems="0.058" idlems="0.058" threads="0" lastid="00000000026F8B00" lastname="Default Executor-thread-493" />
</exclusive-start>
<af-start id="3366" threadId="00000000026F9578" totalBytesRequested="72" timestamp="2025-12-11T05:49:16.114" intervalms="26678.527" type="nursery" />
<cycle-start id="3367" type="scavenge" contextid="0" timestamp="2025-12-11T05:49:16.115" intervalms="26678.749" />
<gc-start id="3368" type="scavenge" contextid="3367" timestamp="2025-12-11T05:49:16.116">
  <mem-info id="3369" free="68787256" total="340393984" percent="20">
    <mem type="nursery" free="0" total="155975680" percent="0">
      <mem type="allocate" free="0" total="140378112" percent="0" />
      <mem type="survivor" free="0" total="15597568" percent="0" />
    </mem>
    <mem type="tenure" free="68787256" total="184418304" percent="37">
      <mem type="soa" free="66943032" total="182574080" percent="36" />
      <mem type="loa" free="1844224" total="1844224" percent="100" />
    </mem>
    <remembered-set count="4295" />
  </mem-info>
</gc-start>
<allocation-stats totalBytes="130957784" discardedBytes="35336" >
  <allocated-bytes non-tlh="352584" tlh="130605200" />
  <largest-consumer threadName="Default Executor-thread-152" threadId="0000000001949500" bytes="57793864" />
</allocation-stats>
<gc-op id="3370" type="scavenge" timems="18.362" contextid="3367" timestamp="2025-12-11T05:49:16.136">
  <scavenger-info tenureage="3" tenuremask="4018" tiltratio="90" />
  <memory-copied type="nursery" objects="184367" bytes="6801560" bytesdiscarded="127072" />
  <memory-copied type="tenure" objects="74593" bytes="3042880" bytesdiscarded="4936" />
  <finalization candidates="111" enqueued="98" />
  <ownableSynchronizers candidates="6945" cleared="6134" />
  <references type="soft" candidates="723" cleared="0" enqueued="0" dynamicThreshold="12" maxThreshold="32" />
  <references type="weak" candidates="1123" cleared="611" enqueued="547" />
  <references type="phantom" candidates="190" cleared="153" enqueued="153" />
  <object-monitors candidates="189" cleared="4"  />
</gc-op>
<gc-end id="3371" type="scavenge" contextid="3367" durationms="29.328" usertimems="52.765" systemtimems="0.000" stalltimems="19.369" timestamp="2025-12-11T05:49:16.146" activeThreads="8">
  <mem-info id="3372" free="199055896" total="340393984" percent="58">
    <mem type="nursery" free="133433816" total="155975680" percent="85">
      <mem type="allocate" free="133433816" total="140378112" percent="95" />
      <mem type="survivor" free="0" total="15597568" percent="0" />
    </mem>
    <mem type="tenure" free="65622080" total="184418304" percent="35" macro-fragmented="27735676">
      <mem type="soa" free="63777856" total="182574080" percent="34" />
      <mem type="loa" free="1844224" total="1844224" percent="100" />
    </mem>
    <pending-finalizers system="2" default="96" reference="700" classloader="0" />
    <remembered-set count="2686" />
  </mem-info>
</gc-end>
<cycle-end id="3373" type="scavenge" contextid="3367" timestamp="2025-12-11T05:49:16.147" />
<allocation-satisfied id="3374" threadId="00000000026F8B00" bytesRequested="72" />
<af-end id="3375" timestamp="2025-12-11T05:49:16.148" threadId="00000000026F9578" success="true" from="nursery"/>
<exclusive-end id="3376" timestamp="2025-12-11T05:49:16.149" durationms="35.031" />

<exclusive-start id="3377" timestamp="2025-12-11T05:50:09.285" intervalms="53171.797">
  <response-info timems="0.114" idlems="0.114" threads="0" lastid="00000000019C7C00" lastname="Default Executor-thread-483" />
</exclusive-start>
<af-start id="3378" threadId="00000000019C8678" totalBytesRequested="72" timestamp="2025-12-11T05:50:09.287" intervalms="53173.147" type="nursery" />
<cycle-start id="3379" type="scavenge" contextid="0" timestamp="2025-12-11T05:50:09.290" intervalms="53174.251" />
<gc-start id="3380" type="scavenge" contextid="3379" timestamp="2025-12-11T05:50:09.292">
  <mem-info id="3381" free="65596088" total="340393984" percent="19">
    <mem type="nursery" free="0" total="155975680" percent="0">
      <mem type="allocate" free="0" total="140378112" percent="0" />
      <mem type="survivor" free="0" total="15597568" percent="0" />
    </mem>
    <mem type="tenure" free="65596088" total="184418304" percent="35">
      <mem type="soa" free="63751864" total="182574080" percent="34" />
      <mem type="loa" free="1844224" total="1844224" percent="100" />
    </mem>
    <remembered-set count="4430" />
  </mem-info>
</gc-start>
<allocation-stats totalBytes="133389360" discardedBytes="68200" >
  <allocated-bytes non-tlh="712000" tlh="132677360" />
  <largest-consumer threadName="Default Executor-thread-404" threadId="0000000001801200" bytes="56589320" />
</allocation-stats>
<gc-op id="3382" type="scavenge" timems="8.021" contextid="3379" timestamp="2025-12-11T05:50:09.303">
  <scavenger-info tenureage="3" tenuremask="4008" tiltratio="90" />
  <memory-copied type="nursery" objects="156442" bytes="5692720" bytesdiscarded="157760" />
  <memory-copied type="tenure" objects="58158" bytes="2154744" bytesdiscarded="4800" />
  <finalization candidates="106" enqueued="96" />
  <ownableSynchronizers candidates="8227" cleared="7563" />
  <references type="soft" candidates="712" cleared="0" enqueued="0" dynamicThreshold="12" maxThreshold="32" />
  <references type="weak" candidates="944" cleared="557" enqueued="518" />
  <references type="phantom" candidates="18" cleared="4" enqueued="4" />
  <object-monitors candidates="188" cleared="2"  />
</gc-op>
<gc-end id="3383" type="scavenge" contextid="3379" durationms="18.351" usertimems="45.716" systemtimems="0.000" stalltimems="34.909" timestamp="2025-12-11T05:50:09.310" activeThreads="11">
  <mem-info id="3384" free="197813096" total="340393984" percent="58">
    <mem type="nursery" free="134512488" total="155975680" percent="86">
      <mem type="allocate" free="134512488" total="140378112" percent="95" />
      <mem type="survivor" free="0" total="15597568" percent="0" />
    </mem>
    <mem type="tenure" free="63300608" total="184418304" percent="34" macro-fragmented="27735676">
      <mem type="soa" free="61456384" total="182574080" percent="33" />
      <mem type="loa" free="1844224" total="1844224" percent="100" />
    </mem>
    <pending-finalizers system="2" default="94" reference="522" classloader="0" />
    <remembered-set count="2410" />
  </mem-info>
</gc-end>
<cycle-end id="3385" type="scavenge" contextid="3379" timestamp="2025-12-11T05:50:09.312" />
<allocation-satisfied id="3386" threadId="00000000019C7C00" bytesRequested="72" />
<af-end id="3387" timestamp="2025-12-11T05:50:09.314" threadId="00000000019C8678" success="true" from="nursery"/>
<exclusive-end id="3388" timestamp="2025-12-11T05:50:09.315" durationms="29.820" />

<exclusive-start id="3389" timestamp="2025-12-11T05:53:16.272" intervalms="186986.298">
  <response-info timems="0.062" idlems="0.062" threads="0" lastid="000000000184D600" lastname="Default Executor-thread-274" />
</exclusive-start>
<af-start id="3390" threadId="000000000184E078" totalBytesRequested="176" timestamp="2025-12-11T05:53:16.274" intervalms="186986.205" type="nursery" />
<cycle-start id="3391" type="scavenge" contextid="0" timestamp="2025-12-11T05:53:16.275" intervalms="186985.799" />
<gc-start id="3392" type="scavenge" contextid="3391" timestamp="2025-12-11T05:53:16.278">
  <mem-info id="3393" free="63298160" total="340393984" percent="18">
    <mem type="nursery" free="0" total="155975680" percent="0">
      <mem type="allocate" free="0" total="140378112" percent="0" />
      <mem type="survivor" free="0" total="15597568" percent="0" />
    </mem>
    <mem type="tenure" free="63298160" total="184418304" percent="34">
      <mem type="soa" free="61453936" total="182574080" percent="33" />
      <mem type="loa" free="1844224" total="1844224" percent="100" />
    </mem>
    <remembered-set count="3778" />
  </mem-info>
</gc-start>
<allocation-stats totalBytes="134470184" discardedBytes="44000" >
  <allocated-bytes non-tlh="362248" tlh="134107936" />
  <largest-consumer threadName="Timer-7" threadId="0000000000FFF400" bytes="30212632" />
</allocation-stats>
<gc-op id="3394" type="scavenge" timems="20.554" contextid="3391" timestamp="2025-12-11T05:53:16.301">
  <scavenger-info tenureage="3" tenuremask="4008" tiltratio="90" />
  <memory-copied type="nursery" objects="107156" bytes="3945568" bytesdiscarded="331384" />
  <memory-copied type="tenure" objects="44779" bytes="1663744" bytesdiscarded="2600" />
  <finalization candidates="10" enqueued="3" />
  <ownableSynchronizers candidates="16272" cleared="15696" />
  <references type="soft" candidates="405" cleared="0" enqueued="0" dynamicThreshold="12" maxThreshold="32" />
  <references type="weak" candidates="443" cleared="106" enqueued="105" />
  <references type="phantom" candidates="205" cleared="186" enqueued="186" />
  <object-monitors candidates="189" cleared="1"  />
</gc-op>
<gc-end id="3395" type="scavenge" contextid="3391" durationms="31.462" usertimems="40.653" systemtimems="27.734" stalltimems="47.823" timestamp="2025-12-11T05:53:16.309" activeThreads="9">
  <mem-info id="3396" free="197685640" total="340393984" percent="58">
    <mem type="nursery" free="136095736" total="155975680" percent="87">
      <mem type="allocate" free="136095736" total="140378112" percent="96" />
      <mem type="survivor" free="0" total="15597568" percent="0" />
    </mem>
    <mem type="tenure" free="61589904" total="184418304" percent="33" macro-fragmented="27735676">
      <mem type="soa" free="59745680" total="182574080" percent="32" />
      <mem type="loa" free="1844224" total="1844224" percent="100" />
    </mem>
    <pending-finalizers system="3" default="0" reference="291" classloader="0" />
    <remembered-set count="2127" />
  </mem-info>
</gc-end>
<cycle-end id="3397" type="scavenge" contextid="3391" timestamp="2025-12-11T05:53:16.311" />
<allocation-satisfied id="3398" threadId="000000000184D600" bytesRequested="176" />
<af-end id="3399" timestamp="2025-12-11T05:53:16.314" threadId="000000000184E078" success="true" from="nursery"/>
<exclusive-end id="3400" timestamp="2025-12-11T05:53:16.316" durationms="44.136" />

<exclusive-start id="3401" timestamp="2025-12-11T05:56:54.367" intervalms="212386.653">
  <response-info timems="0.190" idlems="0.190" threads="0" lastid="00000000018A6000" lastname="Default Executor-thread-474" />
</exclusive-start>
<af-start id="3402" threadId="00000000018A6A78" totalBytesRequested="40" timestamp="2025-12-11T05:56:54.369" intervalms="212386.422" type="nursery" />
<cycle-start id="3403" type="scavenge" contextid="0" timestamp="2025-12-11T05:56:54.370" intervalms="212385.968" />
<gc-start id="3404" type="scavenge" contextid="3403" timestamp="2025-12-11T05:56:54.372">
  <mem-info id="3405" free="61589376" total="340393984" percent="18">
    <mem type="nursery" free="0" total="155975680" percent="0">
      <mem type="allocate" free="0" total="140378112" percent="0" />
      <mem type="survivor" free="0" total="15597568" percent="0" />
    </mem>
    <mem type="tenure" free="61589376" total="184418304" percent="33">
      <mem type="soa" free="59745152" total="182574080" percent="32" />
      <mem type="loa" free="1844224" total="1844224" percent="100" />
    </mem>
    <remembered-set count="2483" />
  </mem-info>
</gc-start>
<allocation-stats totalBytes="136047096" discardedBytes="49168" >
  <allocated-bytes non-tlh="704" tlh="136046392" />
  <largest-consumer threadName="Timer-7" threadId="0000000000FFF400" bytes="38328424" />
</allocation-stats>
<gc-op id="3406" type="scavenge" timems="21.779" contextid="3403" timestamp="2025-12-11T05:56:54.396">
  <scavenger-info tenureage="14" tenuremask="4000" tiltratio="90" />
  <memory-copied type="nursery" objects="108704" bytes="4048000" bytesdiscarded="229384" />
  <finalization candidates="12" enqueued="7" />
  <ownableSynchronizers candidates="18359" cleared="17943" />
  <references type="soft" candidates="409" cleared="0" enqueued="0" dynamicThreshold="12" maxThreshold="32" />
  <references type="weak" candidates="434" cleared="60" enqueued="59" />
  <references type="phantom" candidates="633" cleared="609" enqueued="609" />
  <object-monitors candidates="189" cleared="1"  />
</gc-op>
<gc-end id="3407" type="scavenge" contextid="3403" durationms="29.137" usertimems="46.440" systemtimems="1.036" stalltimems="52.161" timestamp="2025-12-11T05:56:54.401" activeThreads="10">
  <mem-info id="3408" free="197684560" total="340393984" percent="58">
    <mem type="nursery" free="136095184" total="155975680" percent="87">
      <mem type="allocate" free="136095184" total="140378112" percent="96" />
      <mem type="survivor" free="0" total="15597568" percent="0" />
    </mem>
    <mem type="tenure" free="61589376" total="184418304" percent="33" macro-fragmented="0">
      <mem type="soa" free="59745152" total="182574080" percent="32" />
      <mem type="loa" free="1844224" total="1844224" percent="100" />
    </mem>
    <pending-finalizers system="7" default="0" reference="668" classloader="0" />
    <remembered-set count="1672" />
  </mem-info>
</gc-end>
<cycle-end id="3409" type="scavenge" contextid="3403" timestamp="2025-12-11T05:56:54.402" />
<allocation-satisfied id="3410" threadId="00000000018A6000" bytesRequested="40" />
<af-end id="3411" timestamp="2025-12-11T05:56:54.403" threadId="00000000018A6A78" success="true" from="nursery"/>
<exclusive-end id="3412" timestamp="2025-12-11T05:56:54.404" durationms="36.725" />

<exclusive-start id="3413" timestamp="2025-12-11T05:58:02.336" intervalms="67968.736">
  <response-info timems="0.070" idlems="0.070" threads="0" lastid="00000000001D0800" lastname="VM Runtime State Listener" />
</exclusive-start>
<sys-start reason="vm idle" id="3414" timestamp="2025-12-11T05:58:02.338" intervalms="774405.052" />
<cycle-start id="3415" type="global" contextid="0" timestamp="2025-12-11T05:58:02.340" intervalms="774404.561" />
<gc-start id="3416" type="global" contextid="3415" timestamp="2025-12-11T05:58:02.342">
  <mem-info id="3417" free="150682720" total="340393984" percent="44">
    <mem type="nursery" free="89093544" total="155975680" percent="57">
      <mem type="allocate" free="89093544" total="140378112" percent="63" />
      <mem type="survivor" free="0" total="15597568" percent="0" />
    </mem>
    <mem type="tenure" free="61589176" total="184418304" percent="33">
      <mem type="soa" free="59744952" total="182574080" percent="32" />
      <mem type="loa" free="1844224" total="1844224" percent="100" />
    </mem>
    <remembered-set count="1792" />
  </mem-info>
</gc-start>
<allocation-stats totalBytes="46974360" discardedBytes="27480" >
  <allocated-bytes non-tlh="240" tlh="46974120" />
  <largest-consumer threadName="Timer-7" threadId="0000000000FFF400" bytes="14584048" />
</allocation-stats>
<gc-op id="3418" type="mark" timems="46.282" contextid="3415" timestamp="2025-12-11T05:58:02.392">
  <trace-info objectcount="2559692" scancount="2233016" scanbytes="82946816" />
  <finalization candidates="927" enqueued="17" />
  <ownableSynchronizers candidates="17560" cleared="5838" />
  <references type="soft" candidates="14397" cleared="0" enqueued="0" dynamicThreshold="12" maxThreshold="32" />
  <references type="weak" candidates="20931" cleared="331" enqueued="208" />
  <references type="phantom" candidates="1477" cleared="2" enqueued="2" />
  <stringconstants candidates="57035" cleared="89"  />
  <object-monitors candidates="189" cleared="4"  />
</gc-op>
<gc-op id="3419" type="classunload" timems="3.903" contextid="3415" timestamp="2025-12-11T05:58:02.397">
  <classunload-info classloadercandidates="844" classloadersunloaded="43" classesunloaded="16" anonymousclassesunloaded="0" quiescems="0.000" setupms="3.585" scanms="0.171" postms="0.147" />
</gc-op>
<gc-op id="3420" type="sweep" timems="2.269" contextid="3415" timestamp="2025-12-11T05:58:02.400" />
<mem-info id="3421" free="199809408" total="340393984" percent="58">
  <mem type="nursery" free="136094768" total="155975680" percent="87">
    <mem type="allocate" free="136094768" total="140378112" percent="96" />
    <mem type="survivor" free="0" total="15597568" percent="0" />
  </mem>
  <mem type="tenure" free="63714640" total="184418304" percent="34" micro-fragmented="575737" macro-fragmented="47927252">
    <mem type="soa" free="61870416" total="182574080" percent="33" />
    <mem type="loa" free="1844224" total="1844224" percent="100" />
  </mem>
  <pending-finalizers system="1" default="16" reference="210" classloader="0" />
  <remembered-set count="1742" />
</mem-info>
<gc-op id="3422" type="compact" timems="106.959" contextid="3415" timestamp="2025-12-11T05:58:02.508">
  <compact-info movecount="2168270" movebytes="99247744" reason="compact on aggressive collection" />
</gc-op>
<gc-end id="3423" type="global" contextid="3415" durationms="166.505" usertimems="1355.229" systemtimems="0.000" stalltimems="392.725" timestamp="2025-12-11T05:58:02.508" activeThreads="20">
  <mem-info id="3424" free="200651960" total="340393984" percent="58">
    <mem type="nursery" free="136433200" total="155975680" percent="87">
      <mem type="allocate" free="136433200" total="140378112" percent="97" />
      <mem type="survivor" free="0" total="15597568" percent="0" />
    </mem>
    <mem type="tenure" free="64218760" total="184418304" percent="34">
      <mem type="soa" free="62374536" total="182574080" percent="34" />
      <mem type="loa" free="1844224" total="1844224" percent="100" />
    </mem>
    <pending-finalizers system="1" default="16" reference="210" classloader="0" />
    <remembered-set count="1742" />
  </mem-info>
</gc-end>
<cycle-end id="3425" type="global" contextid="3415" timestamp="2025-12-11T05:58:02.509" />
<sys-end id="3426" timestamp="2025-12-11T05:58:02.510" />
<exclusive-end id="3427" timestamp="2025-12-11T05:58:02.510" durationms="174.321" />

<heap-resize id="3428" type="release free pages" space="tenure" amount="64180224" count="1" timems="0.680" reason="idle" timestamp="2025-12-11T05:58:02.511" />
<exclusive-start id="3429" timestamp="2025-12-11T06:00:54.171" intervalms="171835.260">
  <response-info timems="1.858" idlems="0.973" threads="1" lastid="00000000011E6F00" lastname="zip file reaper" />
</exclusive-start>
<af-start id="3430" threadId="0000000001801078" totalBytesRequested="184" timestamp="2025-12-11T06:00:54.173" intervalms="239804.003" type="nursery" />
<cycle-start id="3431" type="scavenge" contextid="0" timestamp="2025-12-11T06:00:54.175" intervalms="239804.464" />
<gc-start id="3432" type="scavenge" contextid="3431" timestamp="2025-12-11T06:00:54.177">
  <mem-info id="3433" free="64215400" total="340393984" percent="18">
    <mem type="nursery" free="0" total="155975680" percent="0">
      <mem type="allocate" free="0" total="140378112" percent="0" />
      <mem type="survivor" free="0" total="15597568" percent="0" />
    </mem>
    <mem type="tenure" free="64215400" total="184418304" percent="34">
      <mem type="soa" free="62371176" total="182574080" percent="34" />
      <mem type="loa" free="1844224" total="1844224" percent="100" />
    </mem>
    <remembered-set count="3044" />
  </mem-info>
</gc-start>
<allocation-stats totalBytes="136386208" discardedBytes="50352" >
  <allocated-bytes non-tlh="470336" tlh="135915872" />
  <largest-consumer threadName="Timer-7" threadId="0000000000FFF400" bytes="32659336" />
</allocation-stats>
<gc-op id="3434" type="scavenge" timems="15.374" contextid="3431" timestamp="2025-12-11T06:00:54.194">
  <scavenger-info tenureage="3" tenuremask="4018" tiltratio="90" />
  <memory-copied type="nursery" objects="8502" bytes="502984" bytesdiscarded="486880" />
  <memory-copied type="tenure" objects="72055" bytes="2669832" bytesdiscarded="2080" />
  <finalization candidates="13" enqueued="8" />
  <ownableSynchronizers candidates="37369" cleared="37044" />
  <references type="soft" candidates="35" cleared="0" enqueued="0" dynamicThreshold="11" maxThreshold="32" />
  <references type="weak" candidates="393" cleared="132" enqueued="91" />
  <references type="phantom" candidates="211" cleared="189" enqueued="189" />
  <object-monitors candidates="186" cleared="3"  />
</gc-op>
<gc-end id="3435" type="scavenge" contextid="3431" durationms="19.370" usertimems="28.772" systemtimems="0.780" stalltimems="48.412" timestamp="2025-12-11T06:00:54.197" activeThreads="12">
  <mem-info id="3436" free="200787480" total="340393984" percent="58">
    <mem type="nursery" free="139387216" total="155975680" percent="89">
      <mem type="allocate" free="139387216" total="140378112" percent="99" />
      <mem type="survivor" free="0" total="15597568" percent="0" />
    </mem>
    <mem type="tenure" free="61400264" total="184418304" percent="33" macro-fragmented="39939376">
      <mem type="soa" free="59556040" total="182574080" percent="32" />
      <mem type="loa" free="1844224" total="1844224" percent="100" />
    </mem>
    <pending-finalizers system="8" default="0" reference="280" classloader="0" />
    <remembered-set count="1514" />
  </mem-info>
</gc-end>
<cycle-end id="3437" type="scavenge" contextid="3431" timestamp="2025-12-11T06:00:54.198" />
<allocation-satisfied id="3438" threadId="0000000001800600" bytesRequested="184" />
<af-end id="3439" timestamp="2025-12-11T06:00:54.198" threadId="0000000001801078" success="true" from="nursery"/>
<exclusive-end id="3440" timestamp="2025-12-11T06:00:54.198" durationms="27.191" />

<exclusive-start id="3441" timestamp="2025-12-11T06:01:19.698" intervalms="25526.455">
  <response-info timems="0.100" idlems="0.100" threads="0" lastid="00000000019ADF00" lastname="Default Executor-thread-482" />
</exclusive-start>
<af-start id="3442" threadId="00000000019AE978" totalBytesRequested="16" timestamp="2025-12-11T06:01:19.698" intervalms="25525.206" type="nursery" />
<cycle-start id="3443" type="scavenge" contextid="0" timestamp="2025-12-11T06:01:19.699" intervalms="25523.963" />
<gc-start id="3444" type="scavenge" contextid="3443" timestamp="2025-12-11T06:01:19.700">
  <mem-info id="3445" free="61369504" total="340393984" percent="18">
    <mem type="nursery" free="0" total="155975680" percent="0">
      <mem type="allocate" free="0" total="140378112" percent="0" />
      <mem type="survivor" free="0" total="15597568" percent="0" />
    </mem>
    <mem type="tenure" free="61369504" total="184418304" percent="33">
      <mem type="soa" free="59525280" total="182574080" percent="32" />
      <mem type="loa" free="1844224" total="1844224" percent="100" />
    </mem>
    <remembered-set count="3254" />
  </mem-info>
</gc-start>
<allocation-stats totalBytes="139325320" discardedBytes="92656" >
  <allocated-bytes non-tlh="440576" tlh="138884744" />
  <largest-consumer threadName="Default Executor-thread-494" threadId="0000000001800600" bytes="54518408" />
</allocation-stats>
<gc-op id="3446" type="scavenge" timems="8.195" contextid="3443" timestamp="2025-12-11T06:01:19.709">
  <scavenger-info tenureage="14" tenuremask="4000" tiltratio="90" />
  <memory-copied type="nursery" objects="111014" bytes="3871208" bytesdiscarded="164096" />
  <finalization candidates="192" enqueued="187" />
  <ownableSynchronizers candidates="5760" cleared="5459" />
  <references type="soft" candidates="258" cleared="0" enqueued="0" dynamicThreshold="11" maxThreshold="32" />
  <references type="weak" candidates="1087" cleared="629" enqueued="588" />
  <references type="phantom" candidates="31" cleared="3" enqueued="3" />
  <object-monitors candidates="186" cleared="3"  />
</gc-op>
<heap-resize id="3447" type="contract" space="nursery" amount="1572864" count="1" timems="0.291" reason="insufficient time being spent scavenging" timestamp="2025-12-11T06:01:19.709" />
<gc-end id="3448" type="scavenge" contextid="3443" durationms="12.594" usertimems="25.432" systemtimems="0.000" stalltimems="68.691" timestamp="2025-12-11T06:01:19.712" activeThreads="13">
  <mem-info id="3449" free="196253224" total="338821120" percent="57">
    <mem type="nursery" free="134883720" total="154402816" percent="87">
      <mem type="allocate" free="134883720" total="138936320" percent="97" />
      <mem type="survivor" free="0" total="15466496" percent="0" />
    </mem>
    <mem type="tenure" free="61369504" total="184418304" percent="33" macro-fragmented="47927252">
      <mem type="soa" free="59525280" total="182574080" percent="32" />
      <mem type="loa" free="1844224" total="1844224" percent="100" />
    </mem>
    <pending-finalizers system="1" default="186" reference="591" classloader="0" />
    <remembered-set count="2297" />
  </mem-info>
</gc-end>
<cycle-end id="3450" type="scavenge" contextid="3443" timestamp="2025-12-11T06:01:19.713" />
<allocation-satisfied id="3451" threadId="00000000019ADF00" bytesRequested="16" />
<af-end id="3452" timestamp="2025-12-11T06:01:19.714" threadId="00000000019AE978" success="true" from="nursery"/>
<exclusive-end id="3453" timestamp="2025-12-11T06:01:19.714" durationms="16.655" />

<exclusive-start id="3454" timestamp="2025-12-11T06:03:45.221" intervalms="145523.781">
  <response-info timems="0.080" idlems="0.080" threads="0" lastid="0000000000858900" lastname="Default Executor-thread-466" />
</exclusive-start>
<af-start id="3455" threadId="0000000000859378" totalBytesRequested="24" timestamp="2025-12-11T06:03:45.223" intervalms="145525.362" type="nursery" />
<cycle-start id="3456" type="scavenge" contextid="0" timestamp="2025-12-11T06:03:45.225" intervalms="145526.057" />
<gc-start id="3457" type="scavenge" contextid="3456" timestamp="2025-12-11T06:03:45.226">
  <mem-info id="3458" free="61350944" total="338821120" percent="18">
    <mem type="nursery" free="0" total="154402816" percent="0">
      <mem type="allocate" free="0" total="138936320" percent="0" />
      <mem type="survivor" free="0" total="15466496" percent="0" />
    </mem>
    <mem type="tenure" free="61350944" total="184418304" percent="33">
      <mem type="soa" free="59506720" total="182574080" percent="32" />
      <mem type="loa" free="1844224" total="1844224" percent="100" />
    </mem>
    <remembered-set count="3647" />
  </mem-info>
</gc-start>
<allocation-stats totalBytes="134855080" discardedBytes="47200" >
  <allocated-bytes non-tlh="280728" tlh="134574352" />
  <largest-consumer threadName="Timer-7" threadId="0000000000FFF400" bytes="23887560" />
</allocation-stats>
<gc-op id="3459" type="scavenge" timems="19.875" contextid="3456" timestamp="2025-12-11T06:03:45.248">
  <scavenger-info tenureage="14" tenuremask="4000" tiltratio="89" />
  <memory-copied type="nursery" objects="106183" bytes="4019504" bytesdiscarded="162536" />
  <finalization candidates="8" enqueued="3" />
  <ownableSynchronizers candidates="15527" cleared="15178" />
  <references type="soft" candidates="389" cleared="0" enqueued="0" dynamicThreshold="11" maxThreshold="32" />
  <references type="weak" candidates="655" cleared="210" enqueued="185" />
  <references type="phantom" candidates="170" cleared="146" enqueued="146" />
  <object-monitors candidates="184" cleared="1"  />
</gc-op>
<gc-end id="3460" type="scavenge" contextid="3456" durationms="28.317" usertimems="45.282" systemtimems="4.910" stalltimems="88.624" timestamp="2025-12-11T06:03:45.254" activeThreads="10">
  <mem-info id="3461" free="196098720" total="338821120" percent="57">
    <mem type="nursery" free="134747776" total="154402816" percent="87">
      <mem type="allocate" free="134747776" total="138936320" percent="96" />
      <mem type="survivor" free="0" total="15466496" percent="0" />
    </mem>
    <mem type="tenure" free="61350944" total="184418304" percent="33" macro-fragmented="23113062">
      <mem type="soa" free="59506720" total="182574080" percent="32" />
      <mem type="loa" free="1844224" total="1844224" percent="100" />
    </mem>
    <pending-finalizers system="1" default="2" reference="331" classloader="0" />
    <remembered-set count="2530" />
  </mem-info>
</gc-end>
<cycle-end id="3462" type="scavenge" contextid="3456" timestamp="2025-12-11T06:03:45.255" />
<allocation-satisfied id="3463" threadId="0000000000858900" bytesRequested="24" />
<af-end id="3464" timestamp="2025-12-11T06:03:45.257" threadId="0000000000859378" success="true" from="nursery"/>
<exclusive-end id="3465" timestamp="2025-12-11T06:03:45.257" durationms="35.856" />

<exclusive-start id="3466" timestamp="2025-12-11T06:07:27.728" intervalms="222506.847">
  <response-info timems="0.148" idlems="0.148" threads="0" lastid="0000000000FFF400" lastname="Timer-7" />
</exclusive-start>
<af-start id="3467" threadId="0000000000FFFE78" totalBytesRequested="240" timestamp="2025-12-11T06:07:27.731" intervalms="222507.219" type="nursery" />
<cycle-start id="3468" type="scavenge" contextid="0" timestamp="2025-12-11T06:07:27.733" intervalms="222508.277" />
<gc-start id="3469" type="scavenge" contextid="3468" timestamp="2025-12-11T06:07:27.736">
  <mem-info id="3470" free="61350944" total="338821120" percent="18">
    <mem type="nursery" free="0" total="154402816" percent="0">
      <mem type="allocate" free="0" total="138936320" percent="0" />
      <mem type="survivor" free="0" total="15466496" percent="0" />
    </mem>
    <mem type="tenure" free="61350944" total="184418304" percent="33">
      <mem type="soa" free="59506720" total="182574080" percent="32" />
      <mem type="loa" free="1844224" total="1844224" percent="100" />
    </mem>
    <remembered-set count="2801" />
  </mem-info>
</gc-start>
<allocation-stats totalBytes="134698040" discardedBytes="49736" >
  <allocated-bytes non-tlh="24" tlh="134698016" />
  <largest-consumer threadName="Timer-7" threadId="0000000000FFF400" bytes="35607728" />
</allocation-stats>
<gc-op id="3471" type="scavenge" timems="23.462" contextid="3468" timestamp="2025-12-11T06:07:27.763">
  <scavenger-info tenureage="14" tenuremask="4000" tiltratio="89" />
  <memory-copied type="nursery" objects="102514" bytes="3911560" bytesdiscarded="167024" />
  <finalization candidates="9" enqueued="4" />
  <ownableSynchronizers candidates="19067" cleared="18701" />
  <references type="soft" candidates="389" cleared="0" enqueued="0" dynamicThreshold="11" maxThreshold="32" />
  <references type="weak" candidates="464" cleared="2" enqueued="1" />
  <references type="phantom" candidates="327" cleared="304" enqueued="304" />
  <object-monitors candidates="203" cleared="8"  />
</gc-op>
<gc-end id="3472" type="scavenge" contextid="3468" durationms="29.302" usertimems="32.707" systemtimems="22.444" stalltimems="67.452" timestamp="2025-12-11T06:07:27.765" activeThreads="10">
  <mem-info id="3473" free="196203488" total="338821120" percent="57">
    <mem type="nursery" free="134852544" total="154402816" percent="87">
      <mem type="allocate" free="134852544" total="138936320" percent="97" />
      <mem type="survivor" free="0" total="15466496" percent="0" />
    </mem>
    <mem type="tenure" free="61350944" total="184418304" percent="33" macro-fragmented="18870">
      <mem type="soa" free="59506720" total="182574080" percent="32" />
      <mem type="loa" free="1844224" total="1844224" percent="100" />
    </mem>
    <pending-finalizers system="4" default="0" reference="305" classloader="0" />
    <remembered-set count="1953" />
  </mem-info>
</gc-end>
<cycle-end id="3474" type="scavenge" contextid="3468" timestamp="2025-12-11T06:07:27.767" />
<allocation-satisfied id="3475" threadId="0000000000FFF400" bytesRequested="240" />
<af-end id="3476" timestamp="2025-12-11T06:07:27.769" threadId="0000000000FFFE78" success="true" from="nursery"/>
<exclusive-end id="3477" timestamp="2025-12-11T06:07:27.769" durationms="41.190" />

<exclusive-start id="3478" timestamp="2025-12-11T06:10:51.497" intervalms="203768.508">
  <response-info timems="0.079" idlems="0.079" threads="0" lastid="00000000018CD600" lastname="Default Executor-thread-444" />
</exclusive-start>
<af-start id="3479" threadId="00000000018CE078" totalBytesRequested="32" timestamp="2025-12-11T06:10:51.499" intervalms="203768.284" type="nursery" />
<cycle-start id="3480" type="scavenge" contextid="0" timestamp="2025-12-11T06:10:51.500" intervalms="203767.157" />
<gc-start id="3481" type="scavenge" contextid="3480" timestamp="2025-12-11T06:10:51.502">
  <mem-info id="3482" free="61350944" total="338821120" percent="18">
    <mem type="nursery" free="0" total="154402816" percent="0">
      <mem type="allocate" free="0" total="138936320" percent="0" />
      <mem type="survivor" free="0" total="15466496" percent="0" />
    </mem>
    <mem type="tenure" free="61350944" total="184418304" percent="33">
      <mem type="soa" free="59506720" total="182574080" percent="32" />
      <mem type="loa" free="1844224" total="1844224" percent="100" />
    </mem>
    <remembered-set count="3202" />
  </mem-info>
</gc-start>
<allocation-stats totalBytes="134774032" discardedBytes="78512" >
  <allocated-bytes non-tlh="98568" tlh="134675464" />
  <largest-consumer threadName="Timer-7" threadId="0000000000FFF400" bytes="31840480" />
</allocation-stats>
<gc-op id="3483" type="scavenge" timems="9.572" contextid="3480" timestamp="2025-12-11T06:10:51.514">
  <scavenger-info tenureage="3" tenuremask="4008" tiltratio="89" />
  <memory-copied type="nursery" objects="37094" bytes="1625744" bytesdiscarded="315760" />
  <memory-copied type="tenure" objects="66614" bytes="2339168" bytesdiscarded="1640" />
  <finalization candidates="7" enqueued="2" />
  <ownableSynchronizers candidates="17463" cleared="17087" />
  <references type="soft" candidates="164" cleared="0" enqueued="0" dynamicThreshold="11" maxThreshold="32" />
  <references type="weak" candidates="731" cleared="26" enqueued="25" />
  <references type="phantom" candidates="169" cleared="150" enqueued="150" />
  <object-monitors candidates="215" cleared="16"  />
</gc-op>
<gc-end id="3484" type="scavenge" contextid="3480" durationms="14.310" usertimems="29.242" systemtimems="0.000" stalltimems="37.508" timestamp="2025-12-11T06:10:51.517" activeThreads="11">
  <mem-info id="3485" free="195921752" total="338821120" percent="57">
    <mem type="nursery" free="136991944" total="154402816" percent="88">
      <mem type="allocate" free="136991944" total="138936320" percent="98" />
      <mem type="survivor" free="0" total="15466496" percent="0" />
    </mem>
    <mem type="tenure" free="58929808" total="184418304" percent="31" macro-fragmented="27735676">
      <mem type="soa" free="57085584" total="182574080" percent="31" />
      <mem type="loa" free="1844224" total="1844224" percent="100" />
    </mem>
    <pending-finalizers system="2" default="0" reference="175" classloader="0" />
    <remembered-set count="2031" />
  </mem-info>
</gc-end>
<cycle-end id="3486" type="scavenge" contextid="3480" timestamp="2025-12-11T06:10:51.518" />
<allocation-satisfied id="3487" threadId="00000000018CD600" bytesRequested="32" />
<af-end id="3488" timestamp="2025-12-11T06:10:51.520" threadId="00000000018CE078" success="true" from="nursery"/>
<exclusive-end id="3489" timestamp="2025-12-11T06:10:51.521" durationms="24.778" />

<exclusive-start id="3490" timestamp="2025-12-11T06:13:53.308" intervalms="181811.652">
  <response-info timems="0.109" idlems="0.109" threads="0" lastid="00000000027A2B00" lastname="Default Executor-thread-394" />
</exclusive-start>
<af-start id="3491" threadId="00000000027A3578" totalBytesRequested="128" timestamp="2025-12-11T06:13:53.310" intervalms="181811.350" type="nursery" />
<cycle-start id="3492" type="scavenge" contextid="0" timestamp="2025-12-11T06:13:53.312" intervalms="181811.600" />
<gc-start id="3493" type="scavenge" contextid="3492" timestamp="2025-12-11T06:13:53.313">
  <mem-info id="3494" free="58927232" total="338821120" percent="17">
    <mem type="nursery" free="0" total="154402816" percent="0">
      <mem type="allocate" free="0" total="138936320" percent="0" />
      <mem type="survivor" free="0" total="15466496" percent="0" />
    </mem>
    <mem type="tenure" free="58927232" total="184418304" percent="31">
      <mem type="soa" free="57083008" total="182574080" percent="31" />
      <mem type="loa" free="1844224" total="1844224" percent="100" />
    </mem>
    <remembered-set count="3014" />
  </mem-info>
</gc-start>
<allocation-stats totalBytes="136923920" discardedBytes="70600" >
  <allocated-bytes non-tlh="461384" tlh="136462536" />
  <largest-consumer threadName="Timer-7" threadId="0000000000FFF400" bytes="31203264" />
</allocation-stats>
<gc-op id="3495" type="scavenge" timems="36.925" contextid="3492" timestamp="2025-12-11T06:13:53.352">
  <scavenger-info tenureage="14" tenuremask="4000" tiltratio="89" />
  <memory-copied type="nursery" objects="41547" bytes="1923400" bytesdiscarded="251624" />
  <finalization candidates="12" enqueued="9" />
  <ownableSynchronizers candidates="15557" cleared="15358" />
  <references type="soft" candidates="204" cleared="0" enqueued="0" dynamicThreshold="11" maxThreshold="32" />
  <references type="weak" candidates="1011" cleared="110" enqueued="109" />
  <references type="phantom" candidates="239" cleared="218" enqueued="218" />
  <object-monitors candidates="204" cleared="3"  />
</gc-op>
<gc-end id="3496" type="scavenge" contextid="3492" durationms="46.821" usertimems="26.454" systemtimems="14.546" stalltimems="94.407" timestamp="2025-12-11T06:13:53.360" activeThreads="10">
  <mem-info id="3497" free="195685320" total="338821120" percent="57">
    <mem type="nursery" free="136758088" total="154402816" percent="88">
      <mem type="allocate" free="136758088" total="138936320" percent="98" />
      <mem type="survivor" free="0" total="15466496" percent="0" />
    </mem>
    <mem type="tenure" free="58927232" total="184418304" percent="31" macro-fragmented="39939376">
      <mem type="soa" free="57083008" total="182574080" percent="31" />
      <mem type="loa" free="1844224" total="1844224" percent="100" />
    </mem>
    <pending-finalizers system="9" default="0" reference="327" classloader="0" />
    <remembered-set count="2148" />
  </mem-info>
</gc-end>
<cycle-end id="3498" type="scavenge" contextid="3492" timestamp="2025-12-11T06:13:53.361" />
<allocation-satisfied id="3499" threadId="00000000027A2B00" bytesRequested="128" />
<af-end id="3500" timestamp="2025-12-11T06:13:53.363" threadId="00000000027A3578" success="true" from="nursery"/>
<exclusive-end id="3501" timestamp="2025-12-11T06:13:53.363" durationms="54.879" />

<exclusive-start id="3502" timestamp="2025-12-11T06:17:13.998" intervalms="200689.851">
  <response-info timems="0.133" idlems="0.133" threads="0" lastid="0000000000835D00" lastname="Default Executor-thread-352" />
</exclusive-start>
<af-start id="3503" threadId="0000000000836778" totalBytesRequested="72" timestamp="2025-12-11T06:17:14.001" intervalms="200690.534" type="nursery" />
<cycle-start id="3504" type="scavenge" contextid="0" timestamp="2025-12-11T06:17:14.003" intervalms="200691.516" />
<gc-start id="3505" type="scavenge" contextid="3504" timestamp="2025-12-11T06:17:14.006">
  <mem-info id="3506" free="58927232" total="338821120" percent="17">
    <mem type="nursery" free="0" total="154402816" percent="0">
      <mem type="allocate" free="0" total="138936320" percent="0" />
      <mem type="survivor" free="0" total="15466496" percent="0" />
    </mem>
    <mem type="tenure" free="58927232" total="184418304" percent="31">
      <mem type="soa" free="57083008" total="182574080" percent="31" />
      <mem type="loa" free="1844224" total="1844224" percent="100" />
    </mem>
    <remembered-set count="2478" />
  </mem-info>
</gc-start>
<allocation-stats totalBytes="136712472" discardedBytes="45616" >
  <allocated-bytes non-tlh="128" tlh="136712344" />
  <largest-consumer threadName="Timer-7" threadId="0000000000FFF400" bytes="43878776" />
</allocation-stats>
<gc-op id="3507" type="scavenge" timems="20.053" contextid="3504" timestamp="2025-12-11T06:17:14.029">
  <scavenger-info tenureage="14" tenuremask="4000" tiltratio="89" />
  <memory-copied type="nursery" objects="42434" bytes="1946424" bytesdiscarded="583984" />
  <finalization candidates="9" enqueued="6" />
  <ownableSynchronizers candidates="17129" cleared="16922" />
  <references type="soft" candidates="206" cleared="0" enqueued="0" dynamicThreshold="11" maxThreshold="32" />
  <references type="weak" candidates="959" cleared="85" enqueued="84" />
  <references type="phantom" candidates="316" cleared="295" enqueued="295" />
  <object-monitors candidates="224" cleared="19"  />
</gc-op>
<gc-end id="3508" type="scavenge" contextid="3504" durationms="27.139" usertimems="21.978" systemtimems="20.005" stalltimems="70.591" timestamp="2025-12-11T06:17:14.034" activeThreads="12">
  <mem-info id="3509" free="195329920" total="338821120" percent="57">
    <mem type="nursery" free="136402688" total="154402816" percent="88">
      <mem type="allocate" free="136402688" total="138936320" percent="98" />
      <mem type="survivor" free="0" total="15466496" percent="0" />
    </mem>
    <mem type="tenure" free="58927232" total="184418304" percent="31" macro-fragmented="39939376">
      <mem type="soa" free="57083008" total="182574080" percent="31" />
      <mem type="loa" free="1844224" total="1844224" percent="100" />
    </mem>
    <pending-finalizers system="6" default="0" reference="379" classloader="0" />
    <remembered-set count="2178" />
  </mem-info>
</gc-end>
<cycle-end id="3510" type="scavenge" contextid="3504" timestamp="2025-12-11T06:17:14.035" />
<allocation-satisfied id="3511" threadId="0000000000835D00" bytesRequested="72" />
<af-end id="3512" timestamp="2025-12-11T06:17:14.037" threadId="0000000000836778" success="true" from="nursery"/>
<exclusive-end id="3513" timestamp="2025-12-11T06:17:14.038" durationms="39.977" />

<exclusive-start id="3514" timestamp="2025-12-11T06:20:42.742" intervalms="208744.068">
  <response-info timems="0.066" idlems="0.066" threads="0" lastid="0000000000FFF400" lastname="Timer-7" />
</exclusive-start>
<af-start id="3515" threadId="0000000000FFFE78" totalBytesRequested="1408" timestamp="2025-12-11T06:20:42.744" intervalms="208742.806" type="nursery" />
<cycle-start id="3516" type="scavenge" contextid="0" timestamp="2025-12-11T06:20:42.746" intervalms="208742.529" />
<gc-start id="3517" type="scavenge" contextid="3516" timestamp="2025-12-11T06:20:42.747">
  <mem-info id="3518" free="58927232" total="338821120" percent="17">
    <mem type="nursery" free="0" total="154402816" percent="0">
      <mem type="allocate" free="0" total="138936320" percent="0" />
      <mem type="survivor" free="0" total="15466496" percent="0" />
    </mem>
    <mem type="tenure" free="58927232" total="184418304" percent="31">
      <mem type="soa" free="57083008" total="182574080" percent="31" />
      <mem type="loa" free="1844224" total="1844224" percent="100" />
    </mem>
    <remembered-set count="2386" />
  </mem-info>
</gc-start>
<allocation-stats totalBytes="136359448" discardedBytes="43240" >
  <allocated-bytes non-tlh="72" tlh="136359376" />
  <largest-consumer threadName="Timer-7" threadId="0000000000FFF400" bytes="44158896" />
</allocation-stats>
<gc-op id="3519" type="scavenge" timems="23.409" contextid="3516" timestamp="2025-12-11T06:20:42.774">
  <scavenger-info tenureage="5" tenuremask="4120" tiltratio="89" />
  <memory-copied type="nursery" objects="14716" bytes="825912" bytesdiscarded="670992" />
  <memory-copied type="tenure" objects="28141" bytes="1161504" bytesdiscarded="1632" />
  <finalization candidates="7" enqueued="4" />
  <ownableSynchronizers candidates="17743" cleared="17537" />
  <references type="soft" candidates="73" cleared="0" enqueued="0" dynamicThreshold="11" maxThreshold="32" />
  <references type="weak" candidates="838" cleared="2" enqueued="1" />
  <references type="phantom" candidates="323" cleared="304" enqueued="304" />
  <object-monitors candidates="205" cleared="0"  />
</gc-op>
<gc-end id="3520" type="scavenge" contextid="3516" durationms="27.721" usertimems="10.310" systemtimems="14.226" stalltimems="53.248" timestamp="2025-12-11T06:20:42.775" activeThreads="12">
  <mem-info id="3521" free="194940656" total="338821120" percent="57">
    <mem type="nursery" free="137437648" total="154402816" percent="89">
      <mem type="allocate" free="137437648" total="138936320" percent="98" />
      <mem type="survivor" free="0" total="15466496" percent="0" />
    </mem>
    <mem type="tenure" free="57503008" total="184418304" percent="31" macro-fragmented="39939376">
      <mem type="soa" free="55658784" total="182574080" percent="30" />
      <mem type="loa" free="1844224" total="1844224" percent="100" />
    </mem>
    <pending-finalizers system="4" default="0" reference="305" classloader="0" />
    <remembered-set count="2035" />
  </mem-info>
</gc-end>
<cycle-end id="3522" type="scavenge" contextid="3516" timestamp="2025-12-11T06:20:42.776" />
<allocation-satisfied id="3523" threadId="0000000000FFF400" bytesRequested="1408" />
<af-end id="3524" timestamp="2025-12-11T06:20:42.777" threadId="0000000000FFFE78" success="true" from="nursery"/>
<exclusive-end id="3525" timestamp="2025-12-11T06:20:42.777" durationms="35.172" />

<exclusive-start id="3526" timestamp="2025-12-11T06:22:02.647" intervalms="79905.001">
  <response-info timems="0.130" idlems="0.130" threads="0" lastid="00000000001D0800" lastname="VM Runtime State Listener" />
</exclusive-start>
<sys-start reason="vm idle" id="3527" timestamp="2025-12-11T06:22:02.650" intervalms="1440311.963" />
<cycle-start id="3528" type="global" contextid="0" timestamp="2025-12-11T06:22:02.652" intervalms="1440312.596" />
<gc-start id="3529" type="global" contextid="3528" timestamp="2025-12-11T06:22:02.655">
  <mem-info id="3530" free="141236592" total="338821120" percent="41">
    <mem type="nursery" free="83733584" total="154402816" percent="54">
      <mem type="allocate" free="83733584" total="138936320" percent="60" />
      <mem type="survivor" free="0" total="15466496" percent="0" />
    </mem>
    <mem type="tenure" free="57503008" total="184418304" percent="31">
      <mem type="soa" free="55658784" total="182574080" percent="30" />
      <mem type="loa" free="1844224" total="1844224" percent="100" />
    </mem>
    <remembered-set count="2173" />
  </mem-info>
</gc-start>
<allocation-stats totalBytes="53682808" discardedBytes="21256" >
  <allocated-bytes non-tlh="1408" tlh="53681400" />
  <largest-consumer threadName="Timer-7" threadId="0000000000FFF400" bytes="16868800" />
</allocation-stats>
<gc-op id="3531" type="mark" timems="64.832" contextid="3528" timestamp="2025-12-11T06:22:02.724">
  <trace-info objectcount="2371013" scancount="2048140" scanbytes="76896780" />
  <finalization candidates="916" enqueued="6" />
  <ownableSynchronizers candidates="18682" cleared="7340" />
  <references type="soft" candidates="14354" cleared="614" enqueued="611" dynamicThreshold="11" maxThreshold="32" />
  <references type="weak" candidates="20289" cleared="295" enqueued="255" />
  <references type="phantom" candidates="1604" cleared="150" enqueued="150" />
  <stringconstants candidates="57079" cleared="263"  />
  <object-monitors candidates="205" cleared="20"  />
</gc-op>
<gc-op id="3532" type="classunload" timems="15.402" contextid="3528" timestamp="2025-12-11T06:22:02.741">
  <classunload-info classloadercandidates="834" classloadersunloaded="25" classesunloaded="70" anonymousclassesunloaded="0" quiescems="0.000" setupms="14.770" scanms="0.341" postms="0.290" />
</gc-op>
<gc-op id="3533" type="sweep" timems="2.637" contextid="3528" timestamp="2025-12-11T06:22:02.745" />
<gc-end id="3534" type="global" contextid="3528" durationms="96.997" usertimems="630.902" systemtimems="90.065" stalltimems="559.382" timestamp="2025-12-11T06:22:02.752" activeThreads="20">
  <mem-info id="3535" free="205290192" total="338821120" percent="60">
    <mem type="nursery" free="137897688" total="154402816" percent="89">
      <mem type="allocate" free="137897688" total="138936320" percent="99" />
      <mem type="survivor" free="0" total="15466496" percent="0" />
    </mem>
    <mem type="tenure" free="67392504" total="184418304" percent="36" micro-fragmented="138037" macro-fragmented="47927252">
      <mem type="soa" free="65548280" total="182574080" percent="35" />
      <mem type="loa" free="1844224" total="1844224" percent="100" />
    </mem>
    <pending-finalizers system="2" default="4" reference="1016" classloader="0" />
    <remembered-set count="2023" />
  </mem-info>
</gc-end>
<cycle-end id="3536" type="global" contextid="3528" timestamp="2025-12-11T06:22:02.753" />
<heap-fixup timems="5.967" reason="class unloading"  timestamp="2025-12-11T06:22:02.753" />
<sys-end id="3537" timestamp="2025-12-11T06:22:02.754" />
<exclusive-end id="3538" timestamp="2025-12-11T06:22:02.755" durationms="107.369" />

<heap-resize id="3539" type="release free pages" space="tenure" amount="66019328" count="1" timems="3.687" reason="idle" timestamp="2025-12-11T06:22:02.759" />
<exclusive-start id="3540" timestamp="2025-12-11T06:25:36.212" intervalms="213564.356">
  <response-info timems="0.059" idlems="0.059" threads="0" lastid="00000000018A5300" lastname="Default Executor-thread-504" />
</exclusive-start>
<af-start id="3541" threadId="00000000018A5D78" totalBytesRequested="72" timestamp="2025-12-11T06:25:36.213" intervalms="293469.002" type="nursery" />
<cycle-start id="3542" type="scavenge" contextid="0" timestamp="2025-12-11T06:25:36.214" intervalms="293467.845" />
<gc-start id="3543" type="scavenge" contextid="3542" timestamp="2025-12-11T06:25:36.215">
  <mem-info id="3544" free="67392504" total="338821120" percent="19">
    <mem type="nursery" free="0" total="154402816" percent="0">
      <mem type="allocate" free="0" total="138936320" percent="0" />
      <mem type="survivor" free="0" total="15466496" percent="0" />
    </mem>
    <mem type="tenure" free="67392504" total="184418304" percent="36">
      <mem type="soa" free="65548280" total="182574080" percent="35" />
      <mem type="loa" free="1844224" total="1844224" percent="100" />
    </mem>
    <remembered-set count="3328" />
  </mem-info>
</gc-start>
<allocation-stats totalBytes="137835144" discardedBytes="61736" >
  <allocated-bytes non-tlh="89496" tlh="137745648" />
  <largest-consumer threadName="Timer-7" threadId="0000000000FFF400" bytes="44544352" />
</allocation-stats>
<gc-op id="3545" type="scavenge" timems="10.298" contextid="3542" timestamp="2025-12-11T06:25:36.229">
  <scavenger-info tenureage="3" tenuremask="4508" tiltratio="89" />
  <memory-copied type="nursery" objects="6808" bytes="331592" bytesdiscarded="1072336" />
  <memory-copied type="tenure" objects="6575" bytes="402432" bytesdiscarded="5000" />
  <finalization candidates="3" enqueued="3" />
  <ownableSynchronizers candidates="40465" cleared="40345" />
  <references type="soft" candidates="7" cleared="0" enqueued="0" dynamicThreshold="11" maxThreshold="32" />
  <references type="weak" candidates="443" cleared="2" enqueued="1" />
  <references type="phantom" candidates="163" cleared="156" enqueued="156" />
  <object-monitors candidates="185" cleared="0"  />
</gc-op>
<gc-end id="3546" type="scavenge" contextid="3542" durationms="15.242" usertimems="11.065" systemtimems="7.398" stalltimems="68.640" timestamp="2025-12-11T06:25:36.230" activeThreads="14">
  <mem-info id="3547" free="204454712" total="338821120" percent="60">
    <mem type="nursery" free="137531632" total="154402816" percent="89">
      <mem type="allocate" free="137531632" total="138936320" percent="98" />
      <mem type="survivor" free="0" total="15466496" percent="0" />
    </mem>
    <mem type="tenure" free="66923080" total="184418304" percent="36" macro-fragmented="33282812">
      <mem type="soa" free="65078856" total="182574080" percent="35" />
      <mem type="loa" free="1844224" total="1844224" percent="100" />
    </mem>
    <pending-finalizers system="3" default="0" reference="157" classloader="0" />
    <remembered-set count="1771" />
  </mem-info>
</gc-end>
<cycle-end id="3548" type="scavenge" contextid="3542" timestamp="2025-12-11T06:25:36.232" />
<allocation-satisfied id="3549" threadId="00000000018A5300" bytesRequested="72" />
<af-end id="3550" timestamp="2025-12-11T06:25:36.239" threadId="00000000018A5D78" success="true" from="nursery"/>
<exclusive-end id="3551" timestamp="2025-12-11T06:25:36.240" durationms="28.196" />

