<?xml version="1.0" ?>

<verbosegc xmlns="http://www.ibm.com/j9/verbosegc" version="266a8c6f5_CMPRSS">

<initialized id="1" timestamp="2025-12-12T05:36:58.500">
  <attribute name="gcPolicy" value="-Xgcpolicy:gencon" />
  <attribute name="maxHeapSize" value="0xf7440000" />
  <attribute name="initialHeapSize" value="0x800000" />
  <attribute name="compressedRefs" value="true" />
  <attribute name="compressedRefsDisplacement" value="0x0" />
  <attribute name="compressedRefsShift" value="0x3" />
  <attribute name="pageSize" value="0x1000" />
  <attribute name="pageType" value="not used" />
  <attribute name="requestedPageSize" value="0x1000" />
  <attribute name="requestedPageType" value="not used" />
  <attribute name="gcthreads" value="20" />
  <attribute name="gcthreads Concurrent Mark" value="1" />
  <attribute name="packetListSplit" value="3" />
  <attribute name="cacheListSplit" value="3" />
  <attribute name="splitFreeListSplitAmount" value="3" />
  <attribute name="numaNodes" value="0" />
  <system>
    <attribute name="physicalMemory" value="16593899520" />
    <attribute name="addressablePhysicalMemory" value="16593899520" />
    <attribute name="container memory limit set" value="false" />
    <attribute name="numCPUs" value="20" />
    <attribute name="numCPUs active" value="20" />
    <attribute name="architecture" value="amd64" />
    <attribute name="os" value="Linux" />
    <attribute name="osVersion" value="6.6.87.2-microsoft-standard-WSL2" />
  </system>
  <vmargs>
    <vmarg name="-Xoptionsfile=/opt/java/openjdk/lib/options.default" />
    <vmarg name="-Xlockword:mode=default,noLockword=java/lang/String,noLockword=java/util/MapEntry,noLockword=java/util/HashMap$Entry,noLockword..." />
    <vmarg name="-XX:+EnsureHashed:java/lang/Class,java/lang/Thread" />
    <vmarg name="-Xjcl:jclse29" />
    <vmarg name="-Dcom.ibm.oti.vm.bootstrap.library.path=/opt/java/openjdk/lib/default:/opt/java/openjdk/lib" />
    <vmarg name="-Dsun.boot.library.path=/opt/java/openjdk/lib/default:/opt/java/openjdk/lib" />
    <vmarg name="-Djava.library.path=/opt/java/openjdk/lib/default:/opt/java/openjdk/lib:/usr/lib64:/usr/lib" />
    <vmarg name="-Djava.home=/opt/java/openjdk" />
    <vmarg name="-Duser.dir=/opt/ibm/wlp/output/defaultServer" />
    <vmarg name="-XX:+IgnoreUnrecognizedVMOptions" />
    <vmarg name="-XX:+PortableSharedCache" />
    <vmarg name="-XX:+IdleTuningGcOnIdle" />
    <vmarg name="-Xshareclasses:name=openj9_system_scc,cacheDir=/opt/java/.scc,readonly,nonFatal" />
    <vmarg name="-Xverbosegclog:/logs/verbosegc.%seq.log,10,1024" />
    <vmarg name="-Djdk.nativePBKDF2=true" />
    <vmarg name="-XX:+IgnoreUnrecognizedVMOptions" />
    <vmarg name="-XX:+IdleTuningGcOnIdle" />
    <vmarg name="-Xshareclasses:name=openj9_system_scc,cacheDir=/opt/java/.scc,readonly,nonFatal" />
    <vmarg name="-Dosgi.checkConfiguration=false" />
    <vmarg name="-Djdk.nativePBKDF2=true" />
    <vmarg name="-XX:+IgnoreUnrecognizedVMOptions" />
    <vmarg name="-XX:+IdleTuningGcOnIdle" />
    <vmarg name="-Xshareclasses:name=openj9_system_scc,cacheDir=/opt/java/.scc,readonly,nonFatal" />
    <vmarg name="-Dosgi.checkConfiguration=false" />
    <vmarg name="-javaagent:/opt/ibm/wlp/bin/tools/ws-javaagent.jar" />
    <vmarg name="-Djava.awt.headless=true" />
    <vmarg name="-Djdk.attach.allowAttachSelf=true" />
    <vmarg name="-Xbootclasspath/a:/opt/ibm/zosconnect/lib/icu4j-71.1.jar:/opt/ibm/zosconnect/lib/icu4j-charset-71.1.jar" />
    <vmarg name="--add-exports=java.base/sun.security.action=ALL-UNNAMED" />
    <vmarg name="--add-exports=java.naming/com.sun.jndi.ldap=ALL-UNNAMED" />
    <vmarg name="--add-exports=java.naming/com.sun.jndi.url.ldap=ALL-UNNAMED" />
    <vmarg name="--add-exports=jdk.naming.dns/com.sun.jndi.dns=ALL-UNNAMED" />
    <vmarg name="--add-exports=jdk.naming.dns/com.sun.jndi.url.dns=ALL-UNNAMED" />
    <vmarg name="--add-exports=java.security.jgss/sun.security.krb5.internal=ALL-UNNAMED" />
    <vmarg name="--add-exports=jdk.attach/sun.tools.attach=ALL-UNNAMED" />
    <vmarg name="--add-opens=java.base/java.util=ALL-UNNAMED" />
    <vmarg name="--add-opens=java.base/java.lang=ALL-UNNAMED" />
    <vmarg name="--add-opens=java.base/java.util.concurrent=ALL-UNNAMED" />
    <vmarg name="--add-opens=java.base/java.io=ALL-UNNAMED" />
    <vmarg name="--add-opens=java.base/java.nio=ALL-UNNAMED" />
    <vmarg name="--add-opens=java.base/sun.nio.ch=ALL-UNNAMED" />
    <vmarg name="--add-opens=java.naming/javax.naming.spi=ALL-UNNAMED" />
    <vmarg name="--add-opens=java.naming/com.sun.naming.internal=ALL-UNNAMED" />
    <vmarg name="--add-opens=jdk.naming.rmi/com.sun.jndi.url.rmi=ALL-UNNAMED" />
    <vmarg name="--add-opens=java.naming/javax.naming=ALL-UNNAMED" />
    <vmarg name="--add-opens=java.rmi/java.rmi=ALL-UNNAMED" />
    <vmarg name="--add-opens=java.sql/java.sql=ALL-UNNAMED" />
    <vmarg name="--add-opens=java.management/javax.management=ALL-UNNAMED" />
    <vmarg name="--add-opens=java.base/java.lang.reflect=ALL-UNNAMED" />
    <vmarg name="--add-opens=java.desktop/java.awt.image=ALL-UNNAMED" />
    <vmarg name="--add-opens=java.base/java.security=ALL-UNNAMED" />
    <vmarg name="--add-opens=java.base/java.net=ALL-UNNAMED" />
    <vmarg name="--add-opens=java.base/java.text=ALL-UNNAMED" />
    <vmarg name="--add-opens=java.base/sun.net.www.protocol.https=ALL-UNNAMED" />
    <vmarg name="--add-exports=jdk.management.agent/jdk.internal.agent=ALL-UNNAMED" />
    <vmarg name="--add-exports=java.base/jdk.internal.vm=ALL-UNNAMED" />
    <vmarg name="-Djava.class.path=/opt/ibm/wlp/bin/tools/ws-server.jar" />
    <vmarg name="-Dsun.java.command=/opt/ibm/wlp/bin/tools/ws-server.jar defaultServer --clean" />
    <vmarg name="-Dsun.java.launcher=SUN_STANDARD" />
  </vmargs>
</initialized>

<exclusive-start id="2" timestamp="2025-12-12T05:36:59.066" intervalms="566.340">
  <response-info timems="0.029" idlems="0.029" threads="0" lastid="0000000000025A00" lastname="main" />
</exclusive-start>
<af-start id="3" threadId="0000000000026478" totalBytesRequested="8200" timestamp="2025-12-12T05:36:59.067" intervalms="567.337" type="nursery" />
<cycle-start id="4" type="scavenge" contextid="0" timestamp="2025-12-12T05:36:59.068" intervalms="568.075" />
<gc-start id="5" type="scavenge" contextid="4" timestamp="2025-12-12T05:36:59.069">
  <mem-info id="6" free="6072872" total="8388608" percent="72">
    <mem type="nursery" free="0" total="2097152" percent="0">
      <mem type="allocate" free="0" total="1048576" percent="0" />
      <mem type="survivor" free="0" total="1048576" percent="0" />
    </mem>
    <mem type="tenure" free="6072872" total="6291456" percent="96">
      <mem type="soa" free="5757480" total="5976064" percent="96" />
      <mem type="loa" free="315392" total="315392" percent="100" />
    </mem>
    <remembered-set count="3062" />
  </mem-info>
</gc-start>
<allocation-stats totalBytes="1261656" discardedBytes="5504" >
  <allocated-bytes non-tlh="234976" tlh="1026680" />
  <largest-consumer threadName="main" threadId="0000000000025A00" bytes="1175640" />
</allocation-stats>
<gc-op id="7" type="scavenge" timems="2.133" contextid="4" timestamp="2025-12-12T05:36:59.072">
  <scavenger-info tenureage="2" tenuremask="fffc" tiltratio="50" />
  <memory-copied type="nursery" objects="10198" bytes="475696" bytesdiscarded="82528" />
  <finalization candidates="170" enqueued="106" />
  <ownableSynchronizers candidates="1" cleared="0" />
  <references type="soft" candidates="18" cleared="0" enqueued="0" dynamicThreshold="32" maxThreshold="32" />
  <references type="weak" candidates="126" cleared="26" enqueued="26" />
  <references type="phantom" candidates="24" cleared="5" enqueued="5" />
  <object-monitors candidates="1" cleared="0"  />
</gc-op>
<gc-end id="8" type="scavenge" contextid="4" durationms="4.245" usertimems="3.406" systemtimems="0.000" stalltimems="4.661" timestamp="2025-12-12T05:36:59.073" activeThreads="4">
  <mem-info id="9" free="6562024" total="8388608" percent="78">
    <mem type="nursery" free="489152" total="2097152" percent="23">
      <mem type="allocate" free="489152" total="1048576" percent="46" />
      <mem type="survivor" free="0" total="1048576" percent="0" />
    </mem>
    <mem type="tenure" free="6072872" total="6291456" percent="96">
      <mem type="soa" free="5757480" total="5976064" percent="96" />
      <mem type="loa" free="315392" total="315392" percent="100" />
    </mem>
    <pending-finalizers system="106" default="0" reference="31" classloader="0" />
    <remembered-set count="3062" />
  </mem-info>
</gc-end>
<cycle-end id="10" type="scavenge" contextid="4" timestamp="2025-12-12T05:36:59.074" />
<allocation-satisfied id="11" threadId="0000000000025A00" bytesRequested="8200" />
<af-end id="12" timestamp="2025-12-12T05:36:59.075" threadId="0000000000026478" success="true" from="nursery"/>
<exclusive-end id="13" timestamp="2025-12-12T05:36:59.075" durationms="8.868" />

<exclusive-start id="14" timestamp="2025-12-12T05:36:59.099" intervalms="32.247">
  <response-info timems="0.029" idlems="0.029" threads="0" lastid="0000000000025A00" lastname="main" />
</exclusive-start>
<af-start id="15" threadId="0000000000026478" totalBytesRequested="13408" timestamp="2025-12-12T05:36:59.099" intervalms="31.980" type="nursery" />
<cycle-start id="16" type="scavenge" contextid="0" timestamp="2025-12-12T05:36:59.100" intervalms="32.247" />
<gc-start id="17" type="scavenge" contextid="16" timestamp="2025-12-12T05:36:59.101">
  <mem-info id="18" free="6024792" total="8388608" percent="71">
    <mem type="nursery" free="0" total="2097152" percent="0">
      <mem type="allocate" free="0" total="1048576" percent="0" />
      <mem type="survivor" free="0" total="1048576" percent="0" />
    </mem>
    <mem type="tenure" free="6024792" total="6291456" percent="95">
      <mem type="soa" free="5709400" total="5976064" percent="95" />
      <mem type="loa" free="315392" total="315392" percent="100" />
    </mem>
    <remembered-set count="3903" />
  </mem-info>
</gc-start>
<allocation-stats totalBytes="532944" discardedBytes="4288" >
  <allocated-bytes non-tlh="56280" tlh="476664" />
  <largest-consumer threadName="main" threadId="0000000000025A00" bytes="458416" />
</allocation-stats>
<gc-op id="19" type="scavenge" timems="2.142" contextid="16" timestamp="2025-12-12T05:36:59.105">
  <scavenger-info tenureage="5" tenuremask="7fe0" tiltratio="50" />
  <memory-copied type="nursery" objects="11551" bytes="520752" bytesdiscarded="12472" />
  <finalization candidates="119" enqueued="35" />
  <ownableSynchronizers candidates="1" cleared="0" />
  <references type="soft" candidates="39" cleared="0" enqueued="0" dynamicThreshold="32" maxThreshold="32" />
  <references type="weak" candidates="208" cleared="84" enqueued="84" />
  <references type="phantom" candidates="21" cleared="3" enqueued="3" />
  <object-monitors candidates="1" cleared="0"  />
</gc-op>
<heap-resize id="20" type="expand" space="nursery" amount="131072" count="1" timems="0.057" reason="excessive time being spent scavenging" timestamp="2025-12-12T05:36:59.106" />
<gc-end id="21" type="scavenge" contextid="16" durationms="5.459" usertimems="1.486" systemtimems="2.331" stalltimems="2.846" timestamp="2025-12-12T05:36:59.107" activeThreads="3">
  <mem-info id="22" free="6604376" total="8519680" percent="77">
    <mem type="nursery" free="579584" total="2228224" percent="26">
      <mem type="allocate" free="579584" total="1114112" percent="52" />
      <mem type="survivor" free="0" total="1114112" percent="0" />
    </mem>
    <mem type="tenure" free="6024792" total="6291456" percent="95">
      <mem type="soa" free="5709400" total="5976064" percent="95" />
      <mem type="loa" free="315392" total="315392" percent="100" />
    </mem>
    <pending-finalizers system="35" default="0" reference="87" classloader="0" />
    <remembered-set count="3903" />
  </mem-info>
</gc-end>
<cycle-end id="23" type="scavenge" contextid="16" timestamp="2025-12-12T05:36:59.108" />
<allocation-satisfied id="24" threadId="0000000000025A00" bytesRequested="13408" />
<af-end id="25" timestamp="2025-12-12T05:36:59.109" threadId="0000000000026478" success="true" from="nursery"/>
<exclusive-end id="26" timestamp="2025-12-12T05:36:59.109" durationms="10.785" />

<exclusive-start id="27" timestamp="2025-12-12T05:36:59.141" intervalms="41.984">
  <response-info timems="0.031" idlems="0.031" threads="0" lastid="0000000000025A00" lastname="main" />
</exclusive-start>
<af-start id="28" threadId="0000000000026478" totalBytesRequested="136" timestamp="2025-12-12T05:36:59.141" intervalms="42.022" type="nursery" />
<cycle-start id="29" type="scavenge" contextid="0" timestamp="2025-12-12T05:36:59.142" intervalms="41.657" />
<gc-start id="30" type="scavenge" contextid="29" timestamp="2025-12-12T05:36:59.143">
  <mem-info id="31" free="6010816" total="8519680" percent="70">
    <mem type="nursery" free="0" total="2228224" percent="0">
      <mem type="allocate" free="0" total="1114112" percent="0" />
      <mem type="survivor" free="0" total="1114112" percent="0" />
    </mem>
    <mem type="tenure" free="6010816" total="6291456" percent="95">
      <mem type="soa" free="5695424" total="5976064" percent="95" />
      <mem type="loa" free="315392" total="315392" percent="100" />
    </mem>
    <remembered-set count="4094" />
  </mem-info>
</gc-start>
<allocation-stats totalBytes="593408" discardedBytes="152" >
  <allocated-bytes non-tlh="38840" tlh="554568" />
  <largest-consumer threadName="main" threadId="0000000000025A00" bytes="593408" />
</allocation-stats>
<gc-op id="32" type="scavenge" timems="1.354" contextid="29" timestamp="2025-12-12T05:36:59.145">
  <scavenger-info tenureage="4" tenuremask="7ff0" tiltratio="50" />
  <memory-copied type="nursery" objects="12056" bytes="538360" bytesdiscarded="25672" />
  <finalization candidates="93" enqueued="5" />
  <ownableSynchronizers candidates="2" cleared="0" />
  <references type="soft" candidates="52" cleared="0" enqueued="0" dynamicThreshold="32" maxThreshold="32" />
  <references type="weak" candidates="200" cleared="69" enqueued="69" />
  <references type="phantom" candidates="20" cleared="2" enqueued="2" />
  <object-monitors candidates="1" cleared="0"  />
</gc-op>
<gc-end id="33" type="scavenge" contextid="29" durationms="3.079" usertimems="1.185" systemtimems="1.586" stalltimems="1.310" timestamp="2025-12-12T05:36:59.146" activeThreads="3">
  <mem-info id="34" free="6559608" total="8519680" percent="76">
    <mem type="nursery" free="548792" total="2228224" percent="24">
      <mem type="allocate" free="548792" total="1114112" percent="49" />
      <mem type="survivor" free="0" total="1114112" percent="0" />
    </mem>
    <mem type="tenure" free="6010816" total="6291456" percent="95">
      <mem type="soa" free="5695424" total="5976064" percent="95" />
      <mem type="loa" free="315392" total="315392" percent="100" />
    </mem>
    <pending-finalizers system="5" default="0" reference="71" classloader="0" />
    <remembered-set count="1833" />
  </mem-info>
</gc-end>
<cycle-end id="35" type="scavenge" contextid="29" timestamp="2025-12-12T05:36:59.146" />
<allocation-satisfied id="36" threadId="0000000000025A00" bytesRequested="136" />
<af-end id="37" timestamp="2025-12-12T05:36:59.148" threadId="0000000000026478" success="true" from="nursery"/>
<exclusive-end id="38" timestamp="2025-12-12T05:36:59.148" durationms="7.825" />

<exclusive-start id="39" timestamp="2025-12-12T05:36:59.297" intervalms="156.621">
  <response-info timems="0.045" idlems="0.045" threads="0" lastid="0000000000025A00" lastname="main" />
</exclusive-start>
<af-start id="40" threadId="0000000000026478" totalBytesRequested="24" timestamp="2025-12-12T05:36:59.298" intervalms="156.625" type="nursery" />
<cycle-start id="41" type="scavenge" contextid="0" timestamp="2025-12-12T05:36:59.299" intervalms="156.617" />
<gc-start id="42" type="scavenge" contextid="41" timestamp="2025-12-12T05:36:59.299">
  <mem-info id="43" free="5998384" total="8519680" percent="70">
    <mem type="nursery" free="0" total="2228224" percent="0">
      <mem type="allocate" free="0" total="1114112" percent="0" />
      <mem type="survivor" free="0" total="1114112" percent="0" />
    </mem>
    <mem type="tenure" free="5998384" total="6291456" percent="95">
      <mem type="soa" free="5682992" total="5976064" percent="95" />
      <mem type="loa" free="315392" total="315392" percent="100" />
    </mem>
    <remembered-set count="1990" />
  </mem-info>
</gc-start>
<allocation-stats totalBytes="560752" discardedBytes="472" >
  <allocated-bytes non-tlh="12568" tlh="548184" />
  <largest-consumer threadName="main" threadId="0000000000025A00" bytes="560752" />
</allocation-stats>
<gc-op id="44" type="scavenge" timems="2.880" contextid="41" timestamp="2025-12-12T05:36:59.303">
  <scavenger-info tenureage="3" tenuremask="fff8" tiltratio="50" />
  <memory-copied type="nursery" objects="2594" bytes="97168" bytesdiscarded="20896" />
  <memory-copied type="tenure" objects="9961" bytes="464016" bytesdiscarded="512" />
  <finalization candidates="137" enqueued="29" />
  <ownableSynchronizers candidates="3" cleared="0" />
  <references type="soft" candidates="40" cleared="0" enqueued="0" dynamicThreshold="32" maxThreshold="32" />
  <references type="weak" candidates="108" cleared="52" enqueued="52" />
  <references type="phantom" candidates="3" cleared="2" enqueued="2" />
  <object-monitors candidates="1" cleared="0"  />
</gc-op>
<gc-end id="45" type="scavenge" contextid="41" durationms="4.894" usertimems="0.916" systemtimems="5.275" stalltimems="3.110" timestamp="2025-12-12T05:36:59.304" activeThreads="3">
  <mem-info id="46" free="6517752" total="8519680" percent="76">
    <mem type="nursery" free="995840" total="2228224" percent="44">
      <mem type="allocate" free="995840" total="1114112" percent="89" />
      <mem type="survivor" free="0" total="1114112" percent="0" />
    </mem>
    <mem type="tenure" free="5521912" total="6291456" percent="87">
      <mem type="soa" free="5206520" total="5976064" percent="87" />
      <mem type="loa" free="315392" total="315392" percent="100" />
    </mem>
    <pending-finalizers system="29" default="0" reference="54" classloader="0" />
    <remembered-set count="542" />
  </mem-info>
</gc-end>
<cycle-end id="47" type="scavenge" contextid="41" timestamp="2025-12-12T05:36:59.305" />
<allocation-satisfied id="48" threadId="0000000000025A00" bytesRequested="24" />
<af-end id="49" timestamp="2025-12-12T05:36:59.306" threadId="0000000000026478" success="true" from="nursery"/>
<exclusive-end id="50" timestamp="2025-12-12T05:36:59.306" durationms="9.290" />

<exclusive-start id="51" timestamp="2025-12-12T05:36:59.339" intervalms="41.446">
  <response-info timems="0.054" idlems="0.054" threads="0" lastid="0000000000025A00" lastname="main" />
</exclusive-start>
<af-start id="52" threadId="0000000000026478" totalBytesRequested="482208" timestamp="2025-12-12T05:36:59.340" intervalms="41.576" type="nursery" />
<cycle-start id="53" type="scavenge" contextid="0" timestamp="2025-12-12T05:36:59.340" intervalms="41.748" />
<gc-start id="54" type="scavenge" contextid="53" timestamp="2025-12-12T05:36:59.341">
  <mem-info id="55" free="5793584" total="8519680" percent="68">
    <mem type="nursery" free="332264" total="2228224" percent="14">
      <mem type="allocate" free="332264" total="1114112" percent="29" />
      <mem type="survivor" free="0" total="1114112" percent="0" />
    </mem>
    <mem type="tenure" free="5461320" total="6291456" percent="86">
      <mem type="soa" free="5145928" total="5976064" percent="86" />
      <mem type="loa" free="315392" total="315392" percent="100" />
    </mem>
    <remembered-set count="1543" />
  </mem-info>
</gc-start>
<allocation-stats totalBytes="723904" discardedBytes="264" >
  <allocated-bytes non-tlh="60616" tlh="663288" />
  <largest-consumer threadName="main" threadId="0000000000025A00" bytes="723904" />
</allocation-stats>
<gc-op id="56" type="scavenge" timems="1.547" contextid="53" timestamp="2025-12-12T05:36:59.344">
  <scavenger-info tenureage="3" tenuremask="fff8" tiltratio="50" />
  <memory-copied type="nursery" objects="7643" bytes="346840" bytesdiscarded="40632" />
  <memory-copied type="tenure" objects="1231" bytes="44464" bytesdiscarded="16" />
  <finalization candidates="108" enqueued="39" />
  <ownableSynchronizers candidates="2" cleared="0" />
  <references type="soft" candidates="79" cleared="0" enqueued="0" dynamicThreshold="32" maxThreshold="32" />
  <references type="weak" candidates="79" cleared="24" enqueued="24" />
  <references type="phantom" candidates="12" cleared="7" enqueued="7" />
  <object-monitors candidates="1" cleared="0"  />
</gc-op>
<heap-resize id="57" type="expand" space="nursery" amount="131072" count="1" timems="0.033" reason="excessive time being spent scavenging" timestamp="2025-12-12T05:36:59.345" />
<gc-end id="58" type="scavenge" contextid="53" durationms="4.393" usertimems="1.316" systemtimems="1.710" stalltimems="1.792" timestamp="2025-12-12T05:36:59.346" activeThreads="3">
  <mem-info id="59" free="6157896" total="8650752" percent="71">
    <mem type="nursery" free="791808" total="2359296" percent="33">
      <mem type="allocate" free="791808" total="1179648" percent="67" />
      <mem type="survivor" free="0" total="1179648" percent="0" />
    </mem>
    <mem type="tenure" free="5366088" total="6291456" percent="85">
      <mem type="soa" free="5050696" total="5976064" percent="84" />
      <mem type="loa" free="315392" total="315392" percent="100" />
    </mem>
    <pending-finalizers system="39" default="0" reference="31" classloader="0" />
    <remembered-set count="1323" />
  </mem-info>
</gc-end>
<cycle-end id="60" type="scavenge" contextid="53" timestamp="2025-12-12T05:36:59.346" />
<allocation-satisfied id="61" threadId="0000000000025A00" bytesRequested="482208" />
<af-end id="62" timestamp="2025-12-12T05:36:59.347" threadId="0000000000026478" success="true" from="nursery"/>
<exclusive-end id="63" timestamp="2025-12-12T05:36:59.348" durationms="9.495" />

<exclusive-start id="64" timestamp="2025-12-12T05:36:59.360" intervalms="21.671">
  <response-info timems="0.047" idlems="0.047" threads="0" lastid="0000000000025A00" lastname="main" />
</exclusive-start>
<af-start id="65" threadId="0000000000026478" totalBytesRequested="8200" timestamp="2025-12-12T05:36:59.361" intervalms="21.476" type="nursery" />
<cycle-start id="66" type="scavenge" contextid="0" timestamp="2025-12-12T05:36:59.362" intervalms="21.508" />
<gc-start id="67" type="scavenge" contextid="66" timestamp="2025-12-12T05:36:59.363">
  <mem-info id="68" free="5314016" total="8650752" percent="61">
    <mem type="nursery" free="0" total="2359296" percent="0">
      <mem type="allocate" free="0" total="1179648" percent="0" />
      <mem type="survivor" free="0" total="1179648" percent="0" />
    </mem>
    <mem type="tenure" free="5314016" total="6291456" percent="84">
      <mem type="soa" free="4998624" total="5976064" percent="83" />
      <mem type="loa" free="315392" total="315392" percent="100" />
    </mem>
    <remembered-set count="2286" />
  </mem-info>
</gc-start>
<allocation-stats totalBytes="825744" discardedBytes="18136" >
  <allocated-bytes non-tlh="598008" tlh="227736" />
  <largest-consumer threadName="main" threadId="0000000000025A00" bytes="825744" />
</allocation-stats>
<gc-op id="69" type="scavenge" timems="2.063" contextid="66" timestamp="2025-12-12T05:36:59.366">
  <scavenger-info tenureage="3" tenuremask="fff8" tiltratio="50" />
  <memory-copied type="nursery" objects="7925" bytes="924424" bytesdiscarded="52800" />
  <memory-copied type="tenure" objects="593" bytes="20880" bytesdiscarded="680" />
  <finalization candidates="56" enqueued="4" />
  <ownableSynchronizers candidates="2" cleared="0" />
  <references type="soft" candidates="77" cleared="0" enqueued="0" dynamicThreshold="32" maxThreshold="32" />
  <references type="weak" candidates="52" cleared="1" enqueued="1" />
  <references type="phantom" candidates="9" cleared="1" enqueued="1" />
  <object-monitors candidates="1" cleared="0"  />
</gc-op>
<heap-resize id="70" type="expand" space="nursery" amount="262144" count="1" timems="0.036" reason="excessive time being spent scavenging" timestamp="2025-12-12T05:36:59.367" />
<gc-end id="71" type="scavenge" contextid="66" durationms="4.678" usertimems="1.613" systemtimems="2.007" stalltimems="3.046" timestamp="2025-12-12T05:36:59.367" activeThreads="3">
  <mem-info id="72" free="5595528" total="8912896" percent="62">
    <mem type="nursery" free="333216" total="2621440" percent="12">
      <mem type="allocate" free="333216" total="1310720" percent="25" />
      <mem type="survivor" free="0" total="1310720" percent="0" />
    </mem>
    <mem type="tenure" free="5262312" total="6291456" percent="83">
      <mem type="soa" free="4946920" total="5976064" percent="82" />
      <mem type="loa" free="315392" total="315392" percent="100" />
    </mem>
    <pending-finalizers system="4" default="0" reference="2" classloader="0" />
    <remembered-set count="2119" />
  </mem-info>
</gc-end>
<cycle-end id="73" type="scavenge" contextid="66" timestamp="2025-12-12T05:36:59.368" />
<allocation-satisfied id="74" threadId="0000000000025A00" bytesRequested="8200" />
<af-end id="75" timestamp="2025-12-12T05:36:59.369" threadId="0000000000026478" success="true" from="nursery"/>
<exclusive-end id="76" timestamp="2025-12-12T05:36:59.370" durationms="9.430" />

<exclusive-start id="77" timestamp="2025-12-12T05:36:59.383" intervalms="23.030">
  <response-info timems="0.037" idlems="0.037" threads="0" lastid="0000000000025A00" lastname="main" />
</exclusive-start>
<af-start id="78" threadId="0000000000026478" totalBytesRequested="80" timestamp="2025-12-12T05:36:59.384" intervalms="23.008" type="nursery" />
<cycle-start id="79" type="scavenge" contextid="0" timestamp="2025-12-12T05:36:59.385" intervalms="22.943" />
<gc-start id="80" type="scavenge" contextid="79" timestamp="2025-12-12T05:36:59.385">
  <mem-info id="81" free="5260248" total="8912896" percent="59">
    <mem type="nursery" free="0" total="2621440" percent="0">
      <mem type="allocate" free="0" total="1310720" percent="0" />
      <mem type="survivor" free="0" total="1310720" percent="0" />
    </mem>
    <mem type="tenure" free="5260248" total="6291456" percent="83">
      <mem type="soa" free="4944856" total="5976064" percent="82" />
      <mem type="loa" free="315392" total="315392" percent="100" />
    </mem>
    <remembered-set count="2157" />
  </mem-info>
</gc-start>
<allocation-stats totalBytes="334456" discardedBytes="824" >
  <allocated-bytes non-tlh="10264" tlh="324192" />
  <largest-consumer threadName="main" threadId="0000000000025A00" bytes="334456" />
</allocation-stats>
<gc-op id="82" type="scavenge" timems="2.395" contextid="79" timestamp="2025-12-12T05:36:59.389">
  <scavenger-info tenureage="3" tenuremask="7ff8" tiltratio="50" />
  <memory-copied type="nursery" objects="9822" bytes="1014592" bytesdiscarded="35000" />
  <memory-copied type="tenure" objects="494" bytes="19512" bytesdiscarded="0" />
  <finalization candidates="48" enqueued="0" />
  <ownableSynchronizers candidates="1" cleared="0" />
  <references type="soft" candidates="71" cleared="0" enqueued="0" dynamicThreshold="32" maxThreshold="32" />
  <references type="weak" candidates="45" cleared="16" enqueued="16" />
  <references type="phantom" candidates="6" cleared="0" enqueued="0" />
  <object-monitors candidates="1" cleared="0"  />
</gc-op>
<heap-resize id="83" type="expand" space="nursery" amount="262144" count="1" timems="0.060" reason="excessive time being spent scavenging" timestamp="2025-12-12T05:36:59.390" />
<gc-end id="84" type="scavenge" contextid="79" durationms="5.648" usertimems="2.138" systemtimems="2.628" stalltimems="0.680" timestamp="2025-12-12T05:36:59.391" activeThreads="2">
  <mem-info id="85" free="5637632" total="9175040" percent="61">
    <mem type="nursery" free="391976" total="2883584" percent="13">
      <mem type="allocate" free="391976" total="1441792" percent="27" />
      <mem type="survivor" free="0" total="1441792" percent="0" />
    </mem>
    <mem type="tenure" free="5245656" total="6291456" percent="83">
      <mem type="soa" free="4930264" total="5976064" percent="82" />
      <mem type="loa" free="315392" total="315392" percent="100" />
    </mem>
    <pending-finalizers system="0" default="0" reference="16" classloader="0" />
    <remembered-set count="1196" />
  </mem-info>
</gc-end>
<cycle-end id="86" type="scavenge" contextid="79" timestamp="2025-12-12T05:36:59.392" />
<allocation-satisfied id="87" threadId="0000000000025A00" bytesRequested="80" />
<af-end id="88" timestamp="2025-12-12T05:36:59.393" threadId="0000000000026478" success="true" from="nursery"/>
<exclusive-end id="89" timestamp="2025-12-12T05:36:59.394" durationms="10.680" />

<exclusive-start id="90" timestamp="2025-12-12T05:36:59.397" intervalms="13.575">
  <response-info timems="0.044" idlems="0.044" threads="0" lastid="0000000000025A00" lastname="main" />
</exclusive-start>
<af-start id="91" threadId="0000000000026478" totalBytesRequested="40" timestamp="2025-12-12T05:36:59.398" intervalms="13.633" type="nursery" />
<cycle-start id="92" type="scavenge" contextid="0" timestamp="2025-12-12T05:36:59.398" intervalms="13.559" />
<gc-start id="93" type="scavenge" contextid="92" timestamp="2025-12-12T05:36:59.399">
  <mem-info id="94" free="5245424" total="9175040" percent="57">
    <mem type="nursery" free="0" total="2883584" percent="0">
      <mem type="allocate" free="0" total="1441792" percent="0" />
      <mem type="survivor" free="0" total="1441792" percent="0" />
    </mem>
    <mem type="tenure" free="5245424" total="6291456" percent="83">
      <mem type="soa" free="4930032" total="5976064" percent="82" />
      <mem type="loa" free="315392" total="315392" percent="100" />
    </mem>
    <remembered-set count="1201" />
  </mem-info>
</gc-start>
<allocation-stats totalBytes="392104" discardedBytes="104" >
  <allocated-bytes non-tlh="312" tlh="391792" />
  <largest-consumer threadName="main" threadId="0000000000025A00" bytes="392104" />
</allocation-stats>
<gc-op id="95" type="scavenge" timems="1.773" contextid="92" timestamp="2025-12-12T05:36:59.402">
  <scavenger-info tenureage="2" tenuremask="7ffc" tiltratio="50" />
  <memory-copied type="nursery" objects="4643" bytes="190752" bytesdiscarded="60648" />
  <memory-copied type="tenure" objects="6984" bytes="888352" bytesdiscarded="464" />
  <finalization candidates="29" enqueued="0" />
  <references type="weak" candidates="2" cleared="2" enqueued="2" />
  <object-monitors candidates="1" cleared="0"  />
</gc-op>
<heap-resize id="96" type="expand" space="nursery" amount="524288" count="1" timems="0.048" reason="excessive time being spent scavenging" timestamp="2025-12-12T05:36:59.403" />
<gc-end id="97" type="scavenge" contextid="92" durationms="4.788" usertimems="1.523" systemtimems="1.873" stalltimems="0.424" timestamp="2025-12-12T05:36:59.404" activeThreads="2">
  <mem-info id="98" free="5728920" total="9699328" percent="59">
    <mem type="nursery" free="1452536" total="3407872" percent="42">
      <mem type="allocate" free="1452536" total="1703936" percent="85" />
      <mem type="survivor" free="0" total="1703936" percent="0" />
    </mem>
    <mem type="tenure" free="4276384" total="6291456" percent="67">
      <mem type="soa" free="3960992" total="5976064" percent="66" />
      <mem type="loa" free="315392" total="315392" percent="100" />
    </mem>
    <pending-finalizers system="0" default="0" reference="2" classloader="0" />
    <remembered-set count="128" />
  </mem-info>
</gc-end>
<cycle-end id="99" type="scavenge" contextid="92" timestamp="2025-12-12T05:36:59.405" />
<allocation-satisfied id="100" threadId="0000000000025A00" bytesRequested="40" />
<af-end id="101" timestamp="2025-12-12T05:36:59.406" threadId="0000000000026478" success="true" from="nursery"/>
<exclusive-end id="102" timestamp="2025-12-12T05:36:59.407" durationms="10.164" />

<exclusive-start id="103" timestamp="2025-12-12T05:36:59.457" intervalms="60.337">
  <response-info timems="0.049" idlems="0.049" threads="0" lastid="0000000000025A00" lastname="main" />
</exclusive-start>
<af-start id="104" threadId="0000000000026478" totalBytesRequested="3080" timestamp="2025-12-12T05:36:59.458" intervalms="60.391" type="nursery" />
<cycle-start id="105" type="scavenge" contextid="0" timestamp="2025-12-12T05:36:59.459" intervalms="60.580" />
<gc-start id="106" type="scavenge" contextid="105" timestamp="2025-12-12T05:36:59.460">
  <mem-info id="107" free="4206616" total="9699328" percent="43">
    <mem type="nursery" free="0" total="3407872" percent="0">
      <mem type="allocate" free="0" total="1703936" percent="0" />
      <mem type="survivor" free="0" total="1703936" percent="0" />
    </mem>
    <mem type="tenure" free="4206616" total="6291456" percent="66">
      <mem type="soa" free="3891224" total="5976064" percent="65" />
      <mem type="loa" free="315392" total="315392" percent="100" />
    </mem>
    <remembered-set count="1004" />
  </mem-info>
</gc-start>
<allocation-stats totalBytes="1458864" discardedBytes="63440" >
  <allocated-bytes non-tlh="163552" tlh="1295312" />
  <largest-consumer threadName="main" threadId="0000000000025A00" bytes="1458864" />
</allocation-stats>
<gc-op id="108" type="scavenge" timems="1.503" contextid="105" timestamp="2025-12-12T05:36:59.463">
  <scavenger-info tenureage="2" tenuremask="7ffc" tiltratio="50" />
  <memory-copied type="nursery" objects="1765" bytes="57224" bytesdiscarded="21376" />
  <memory-copied type="tenure" objects="24" bytes="848" bytesdiscarded="0" />
  <finalization candidates="46" enqueued="30" />
  <references type="soft" candidates="19" cleared="0" enqueued="0" dynamicThreshold="32" maxThreshold="32" />
  <references type="weak" candidates="69" cleared="50" enqueued="50" />
  <references type="phantom" candidates="6" cleared="5" enqueued="5" />
  <object-monitors candidates="1" cleared="0"  />
</gc-op>
<gc-end id="109" type="scavenge" contextid="105" durationms="3.248" usertimems="1.876" systemtimems="0.000" stalltimems="1.620" timestamp="2025-12-12T05:36:59.463" activeThreads="2">
  <mem-info id="110" free="6138392" total="9699328" percent="63">
    <mem type="nursery" free="1952512" total="3407872" percent="57">
      <mem type="allocate" free="1952512" total="2031616" percent="96" />
      <mem type="survivor" free="0" total="1376256" percent="0" />
    </mem>
    <mem type="tenure" free="4185880" total="6291456" percent="66">
      <mem type="soa" free="3870488" total="5976064" percent="64" />
      <mem type="loa" free="315392" total="315392" percent="100" />
    </mem>
    <pending-finalizers system="30" default="0" reference="55" classloader="0" />
    <remembered-set count="971" />
  </mem-info>
</gc-end>
<cycle-end id="111" type="scavenge" contextid="105" timestamp="2025-12-12T05:36:59.464" />
<allocation-satisfied id="112" threadId="0000000000025A00" bytesRequested="3080" />
<af-end id="113" timestamp="2025-12-12T05:36:59.464" threadId="0000000000026478" success="true" from="nursery"/>
<exclusive-end id="114" timestamp="2025-12-12T05:36:59.465" durationms="7.582" />

<exclusive-start id="115" timestamp="2025-12-12T05:36:59.517" intervalms="59.851">
  <response-info timems="0.171" idlems="0.134" threads="1" lastid="0000000000029600" lastname="JIT Compilation Thread-000" />
</exclusive-start>
<af-start id="116" threadId="0000000000026478" totalBytesRequested="1032" timestamp="2025-12-12T05:36:59.518" intervalms="59.831" type="nursery" />
<cycle-start id="117" type="scavenge" contextid="0" timestamp="2025-12-12T05:36:59.519" intervalms="59.905" />
<gc-start id="118" type="scavenge" contextid="117" timestamp="2025-12-12T05:36:59.520">
  <mem-info id="119" free="4096368" total="9699328" percent="42">
    <mem type="nursery" free="0" total="3407872" percent="0">
      <mem type="allocate" free="0" total="2031616" percent="0" />
      <mem type="survivor" free="0" total="1376256" percent="0" />
    </mem>
    <mem type="tenure" free="4096368" total="6291456" percent="65">
      <mem type="soa" free="3780976" total="5976064" percent="63" />
      <mem type="loa" free="315392" total="315392" percent="100" />
    </mem>
    <remembered-set count="2254" />
  </mem-info>
</gc-start>
<allocation-stats totalBytes="2040312" discardedBytes="1712" >
  <allocated-bytes non-tlh="186336" tlh="1853976" />
  <largest-consumer threadName="main" threadId="0000000000025A00" bytes="2040312" />
</allocation-stats>
<gc-op id="120" type="scavenge" timems="0.988" contextid="117" timestamp="2025-12-12T05:36:59.522">
  <scavenger-info tenureage="3" tenuremask="fff8" tiltratio="59" />
  <memory-copied type="nursery" objects="8323" bytes="430752" bytesdiscarded="4920" />
  <finalization candidates="325" enqueued="199" />
  <ownableSynchronizers candidates="4" cleared="0" />
  <references type="soft" candidates="444" cleared="0" enqueued="0" dynamicThreshold="32" maxThreshold="32" />
  <references type="weak" candidates="369" cleared="225" enqueued="225" />
  <references type="phantom" candidates="28" cleared="16" enqueued="16" />
  <object-monitors candidates="4" cleared="0"  />
</gc-op>
<gc-end id="121" type="scavenge" contextid="117" durationms="3.206" usertimems="0.000" systemtimems="1.769" stalltimems="0.330" timestamp="2025-12-12T05:36:59.523" activeThreads="2">
  <mem-info id="122" free="5887880" total="9699328" percent="60">
    <mem type="nursery" free="1791512" total="3407872" percent="52">
      <mem type="allocate" free="1791512" total="2228224" percent="80" />
      <mem type="survivor" free="0" total="1179648" percent="0" />
    </mem>
    <mem type="tenure" free="4096368" total="6291456" percent="65">
      <mem type="soa" free="3780976" total="5976064" percent="63" />
      <mem type="loa" free="315392" total="315392" percent="100" />
    </mem>
    <pending-finalizers system="199" default="0" reference="241" classloader="0" />
    <remembered-set count="2231" />
  </mem-info>
</gc-end>
<cycle-end id="123" type="scavenge" contextid="117" timestamp="2025-12-12T05:36:59.524" />
<allocation-satisfied id="124" threadId="0000000000025A00" bytesRequested="1032" />
<af-end id="125" timestamp="2025-12-12T05:36:59.525" threadId="0000000000026478" success="true" from="nursery"/>
<exclusive-end id="126" timestamp="2025-12-12T05:36:59.526" durationms="8.787" />

<exclusive-start id="127" timestamp="2025-12-12T05:36:59.578" intervalms="60.703">
  <response-info timems="0.035" idlems="0.035" threads="0" lastid="0000000000025A00" lastname="main" />
</exclusive-start>
<af-start id="128" threadId="0000000000026478" totalBytesRequested="32" timestamp="2025-12-12T05:36:59.579" intervalms="60.862" type="nursery" />
<cycle-start id="129" type="scavenge" contextid="0" timestamp="2025-12-12T05:36:59.580" intervalms="60.721" />
<gc-start id="130" type="scavenge" contextid="129" timestamp="2025-12-12T05:36:59.580">
  <mem-info id="131" free="3950496" total="9699328" percent="40">
    <mem type="nursery" free="0" total="3407872" percent="0">
      <mem type="allocate" free="0" total="2228224" percent="0" />
      <mem type="survivor" free="0" total="1179648" percent="0" />
    </mem>
    <mem type="tenure" free="3950496" total="6291456" percent="62">
      <mem type="soa" free="3635104" total="5976064" percent="60" />
      <mem type="loa" free="315392" total="315392" percent="100" />
    </mem>
    <remembered-set count="4319" />
  </mem-info>
</gc-start>
<allocation-stats totalBytes="1936336" discardedBytes="1048" >
  <allocated-bytes non-tlh="146904" tlh="1789432" />
  <largest-consumer threadName="main" threadId="0000000000025A00" bytes="1932240" />
</allocation-stats>
<gc-op id="132" type="scavenge" timems="1.921" contextid="129" timestamp="2025-12-12T05:36:59.583">
  <scavenger-info tenureage="3" tenuremask="7ff8" tiltratio="65" />
  <memory-copied type="nursery" objects="25411" bytes="1054112" bytesdiscarded="23728" />
  <finalization candidates="289" enqueued="111" />
  <ownableSynchronizers candidates="9" cleared="0" />
  <references type="soft" candidates="3292" cleared="0" enqueued="0" dynamicThreshold="32" maxThreshold="32" />
  <references type="weak" candidates="426" cleared="190" enqueued="190" />
  <references type="phantom" candidates="39" cleared="25" enqueued="25" />
  <object-monitors candidates="5" cleared="0"  />
</gc-op>
<heap-resize id="133" type="expand" space="nursery" amount="262144" count="1" timems="0.019" reason="excessive time being spent scavenging" timestamp="2025-12-12T05:36:59.584" />
<gc-end id="134" type="scavenge" contextid="129" durationms="4.648" usertimems="3.603" systemtimems="0.000" stalltimems="0.263" timestamp="2025-12-12T05:36:59.585" activeThreads="2">
  <mem-info id="135" free="4706272" total="9961472" percent="47">
    <mem type="nursery" free="755776" total="3670016" percent="20">
      <mem type="allocate" free="755776" total="1835008" percent="41" />
      <mem type="survivor" free="0" total="1835008" percent="0" />
    </mem>
    <mem type="tenure" free="3950496" total="6291456" percent="62">
      <mem type="soa" free="3635104" total="5976064" percent="60" />
      <mem type="loa" free="315392" total="315392" percent="100" />
    </mem>
    <pending-finalizers system="111" default="0" reference="215" classloader="0" />
    <remembered-set count="3520" />
  </mem-info>
</gc-end>
<cycle-end id="136" type="scavenge" contextid="129" timestamp="2025-12-12T05:36:59.586" />
<allocation-satisfied id="137" threadId="0000000000025A00" bytesRequested="32" />
<af-end id="138" timestamp="2025-12-12T05:36:59.587" threadId="0000000000026478" success="true" from="nursery"/>
<exclusive-end id="139" timestamp="2025-12-12T05:36:59.588" durationms="10.005" />

<exclusive-start id="140" timestamp="2025-12-12T05:36:59.642" intervalms="64.121">
  <response-info timems="0.034" idlems="0.034" threads="0" lastid="0000000000025A00" lastname="main" />
</exclusive-start>
<af-start id="141" threadId="0000000000026478" totalBytesRequested="16392" timestamp="2025-12-12T05:36:59.642" intervalms="63.730" type="nursery" />
<cycle-start id="142" type="scavenge" contextid="0" timestamp="2025-12-12T05:36:59.643" intervalms="63.276" />
<gc-start id="143" type="scavenge" contextid="142" timestamp="2025-12-12T05:36:59.644">
  <mem-info id="144" free="3917224" total="9961472" percent="39">
    <mem type="nursery" free="0" total="3670016" percent="0">
      <mem type="allocate" free="0" total="1835008" percent="0" />
      <mem type="survivor" free="0" total="1835008" percent="0" />
    </mem>
    <mem type="tenure" free="3917224" total="6291456" percent="62">
      <mem type="soa" free="3601832" total="5976064" percent="60" />
      <mem type="loa" free="315392" total="315392" percent="100" />
    </mem>
    <remembered-set count="4005" />
  </mem-info>
</gc-start>
<allocation-stats totalBytes="775216" discardedBytes="13832" >
  <allocated-bytes non-tlh="33304" tlh="741912" />
  <largest-consumer threadName="main" threadId="0000000000025A00" bytes="775216" />
</allocation-stats>
<gc-op id="145" type="scavenge" timems="1.744" contextid="142" timestamp="2025-12-12T05:36:59.646">
  <scavenger-info tenureage="2" tenuremask="7ffc" tiltratio="50" />
  <memory-copied type="nursery" objects="19543" bytes="731544" bytesdiscarded="42656" />
  <memory-copied type="tenure" objects="7389" bytes="395424" bytesdiscarded="632" />
  <finalization candidates="210" enqueued="19" />
  <ownableSynchronizers candidates="9" cleared="0" />
  <references type="soft" candidates="3074" cleared="0" enqueued="0" dynamicThreshold="32" maxThreshold="32" />
  <references type="weak" candidates="194" cleared="85" enqueued="84" />
  <references type="phantom" candidates="12" cleared="8" enqueued="8" />
  <object-monitors candidates="5" cleared="0"  />
</gc-op>
<gc-end id="146" type="scavenge" contextid="142" durationms="3.202" usertimems="1.810" systemtimems="1.464" stalltimems="0.269" timestamp="2025-12-12T05:36:59.647" activeThreads="2">
  <mem-info id="147" free="4537176" total="9961472" percent="45">
    <mem type="nursery" free="1060296" total="3670016" percent="28">
      <mem type="allocate" free="1060296" total="1835008" percent="57" />
      <mem type="survivor" free="0" total="1835008" percent="0" />
    </mem>
    <mem type="tenure" free="3476880" total="6291456" percent="55">
      <mem type="soa" free="3161488" total="5976064" percent="52" />
      <mem type="loa" free="315392" total="315392" percent="100" />
    </mem>
    <pending-finalizers system="19" default="0" reference="92" classloader="0" />
    <remembered-set count="2765" />
  </mem-info>
</gc-end>
<cycle-end id="148" type="scavenge" contextid="142" timestamp="2025-12-12T05:36:59.647" />
<allocation-satisfied id="149" threadId="0000000000025A00" bytesRequested="16392" />
<af-end id="150" timestamp="2025-12-12T05:36:59.648" threadId="0000000000026478" success="true" from="nursery"/>
<exclusive-end id="151" timestamp="2025-12-12T05:36:59.649" durationms="6.622" />

<exclusive-start id="152" timestamp="2025-12-12T05:36:59.693" intervalms="51.548">
  <response-info timems="0.074" idlems="0.074" threads="0" lastid="0000000000025A00" lastname="main" />
</exclusive-start>
<af-start id="153" threadId="0000000000026478" totalBytesRequested="24" timestamp="2025-12-12T05:36:59.695" intervalms="52.201" type="nursery" />
<cycle-start id="154" type="scavenge" contextid="0" timestamp="2025-12-12T05:36:59.696" intervalms="53.326" />
<gc-start id="155" type="scavenge" contextid="154" timestamp="2025-12-12T05:36:59.697">
  <mem-info id="156" free="3414856" total="9961472" percent="34">
    <mem type="nursery" free="0" total="3670016" percent="0">
      <mem type="allocate" free="0" total="1835008" percent="0" />
      <mem type="survivor" free="0" total="1835008" percent="0" />
    </mem>
    <mem type="tenure" free="3414856" total="6291456" percent="54">
      <mem type="soa" free="3099464" total="5976064" percent="51" />
      <mem type="loa" free="315392" total="315392" percent="100" />
    </mem>
    <remembered-set count="3581" />
  </mem-info>
</gc-start>
<allocation-stats totalBytes="1122128" discardedBytes="192" >
  <allocated-bytes non-tlh="78416" tlh="1043712" />
  <largest-consumer threadName="main" threadId="0000000000025A00" bytes="1122128" />
</allocation-stats>
<gc-op id="157" type="scavenge" timems="4.264" contextid="154" timestamp="2025-12-12T05:36:59.704">
  <scavenger-info tenureage="1" tenuremask="7ffe" tiltratio="50" />
  <memory-copied type="nursery" objects="8149" bytes="249768" bytesdiscarded="73352" />
  <memory-copied type="tenure" objects="19174" bytes="708560" bytesdiscarded="336" />
  <finalization candidates="88" enqueued="15" />
  <ownableSynchronizers candidates="16" cleared="0" />
  <references type="soft" candidates="14" cleared="0" enqueued="0" dynamicThreshold="32" maxThreshold="32" />
  <references type="weak" candidates="257" cleared="250" enqueued="250" />
  <references type="phantom" candidates="6" cleared="4" enqueued="4" />
  <object-monitors candidates="5" cleared="0"  />
</gc-op>
<heap-resize id="158" type="expand" space="nursery" amount="262144" count="1" timems="0.069" reason="excessive time being spent scavenging" timestamp="2025-12-12T05:36:59.705" />
<gc-end id="159" type="scavenge" contextid="154" durationms="8.932" usertimems="6.253" systemtimems="1.621" stalltimems="2.019" timestamp="2025-12-12T05:36:59.706" activeThreads="2">
  <mem-info id="160" free="4555352" total="10223616" percent="44">
    <mem type="nursery" free="1839360" total="3932160" percent="46">
      <mem type="allocate" free="1839360" total="2162688" percent="85" />
      <mem type="survivor" free="0" total="1769472" percent="0" />
    </mem>
    <mem type="tenure" free="2715992" total="6291456" percent="43">
      <mem type="soa" free="2400600" total="5976064" percent="40" />
      <mem type="loa" free="315392" total="315392" percent="100" />
    </mem>
    <pending-finalizers system="15" default="0" reference="254" classloader="0" />
    <remembered-set count="1396" />
  </mem-info>
</gc-end>
<cycle-end id="161" type="scavenge" contextid="154" timestamp="2025-12-12T05:36:59.708" />
<allocation-satisfied id="162" threadId="0000000000025A00" bytesRequested="24" />
<af-end id="163" timestamp="2025-12-12T05:36:59.710" threadId="0000000000026478" success="true" from="nursery"/>
<exclusive-end id="164" timestamp="2025-12-12T05:36:59.711" durationms="17.528" />

<exclusive-start id="165" timestamp="2025-12-12T05:36:59.775" intervalms="81.985">
  <response-info timems="0.038" idlems="0.038" threads="0" lastid="0000000000025A00" lastname="main" />
</exclusive-start>
<af-start id="166" threadId="0000000000026478" totalBytesRequested="104" timestamp="2025-12-12T05:36:59.776" intervalms="81.669" type="nursery" />
<cycle-start id="167" type="scavenge" contextid="0" timestamp="2025-12-12T05:36:59.777" intervalms="81.126" />
<gc-start id="168" type="scavenge" contextid="167" timestamp="2025-12-12T05:36:59.779">
  <mem-info id="169" free="2637520" total="10223616" percent="25">
    <mem type="nursery" free="0" total="3932160" percent="0">
      <mem type="allocate" free="0" total="2162688" percent="0" />
      <mem type="survivor" free="0" total="1769472" percent="0" />
    </mem>
    <mem type="tenure" free="2637520" total="6291456" percent="41">
      <mem type="soa" free="2322128" total="5976064" percent="38" />
      <mem type="loa" free="315392" total="315392" percent="100" />
    </mem>
    <remembered-set count="2409" />
  </mem-info>
</gc-start>
<allocation-stats totalBytes="1916728" discardedBytes="1104" >
  <allocated-bytes non-tlh="78496" tlh="1838232" />
  <largest-consumer threadName="main" threadId="0000000000025A00" bytes="1908136" />
</allocation-stats>
<gc-op id="170" type="scavenge" timems="1.377" contextid="167" timestamp="2025-12-12T05:36:59.781">
  <scavenger-info tenureage="1" tenuremask="7ffe" tiltratio="55" />
  <memory-copied type="nursery" objects="11511" bytes="361544" bytesdiscarded="23984" />
  <memory-copied type="tenure" objects="4160" bytes="129520" bytesdiscarded="88" />
  <finalization candidates="276" enqueued="170" />
  <ownableSynchronizers candidates="23" cleared="3" />
  <references type="soft" candidates="64" cleared="0" enqueued="0" dynamicThreshold="32" maxThreshold="32" />
  <references type="weak" candidates="442" cleared="325" enqueued="325" />
  <references type="phantom" candidates="24" cleared="24" enqueued="24" />
  <object-monitors candidates="6" cleared="0"  />
</gc-op>
<gc-end id="171" type="scavenge" contextid="167" durationms="3.336" usertimems="1.590" systemtimems="1.044" stalltimems="0.256" timestamp="2025-12-12T05:36:59.782" activeThreads="2">
  <mem-info id="172" free="4596432" total="10223616" percent="44">
    <mem type="nursery" free="2104064" total="3932160" percent="53">
      <mem type="allocate" free="2104064" total="2490368" percent="84" />
      <mem type="survivor" free="0" total="1441792" percent="0" />
    </mem>
    <mem type="tenure" free="2492368" total="6291456" percent="39">
      <mem type="soa" free="2176976" total="5976064" percent="36" />
      <mem type="loa" free="315392" total="315392" percent="100" />
    </mem>
    <pending-finalizers system="170" default="0" reference="349" classloader="0" />
    <remembered-set count="1948" />
  </mem-info>
</gc-end>
<cycle-end id="173" type="scavenge" contextid="167" timestamp="2025-12-12T05:36:59.783" />
<allocation-satisfied id="174" threadId="0000000000025A00" bytesRequested="104" />
<af-end id="175" timestamp="2025-12-12T05:36:59.784" threadId="0000000000026478" success="true" from="nursery"/>
<exclusive-end id="176" timestamp="2025-12-12T05:36:59.785" durationms="9.486" />

<exclusive-start id="177" timestamp="2025-12-12T05:36:59.843" intervalms="67.569">
  <response-info timems="0.038" idlems="0.038" threads="0" lastid="0000000000025A00" lastname="main" />
</exclusive-start>
<af-start id="178" threadId="0000000000026478" totalBytesRequested="37728" timestamp="2025-12-12T05:36:59.844" intervalms="67.248" type="nursery" />
<cycle-start id="179" type="scavenge" contextid="0" timestamp="2025-12-12T05:36:59.844" intervalms="67.005" />
<gc-start id="180" type="scavenge" contextid="179" timestamp="2025-12-12T05:36:59.845">
  <mem-info id="181" free="2462832" total="10223616" percent="24">
    <mem type="nursery" free="0" total="3932160" percent="0">
      <mem type="allocate" free="0" total="2490368" percent="0" />
      <mem type="survivor" free="0" total="1441792" percent="0" />
    </mem>
    <mem type="tenure" free="2462832" total="6291456" percent="39">
      <mem type="soa" free="2147440" total="5976064" percent="35" />
      <mem type="loa" free="315392" total="315392" percent="100" />
    </mem>
    <remembered-set count="2367" />
  </mem-info>
</gc-start>
<allocation-stats totalBytes="2084448" discardedBytes="49152" >
  <allocated-bytes non-tlh="398416" tlh="1686032" />
  <largest-consumer threadName="main" threadId="0000000000025A00" bytes="1886864" />
</allocation-stats>
<gc-op id="182" type="scavenge" timems="1.438" contextid="179" timestamp="2025-12-12T05:36:59.847">
  <scavenger-info tenureage="1" tenuremask="7ffe" tiltratio="63" />
  <memory-copied type="nursery" objects="5045" bytes="533016" bytesdiscarded="59440" />
  <memory-copied type="tenure" objects="10015" bytes="303704" bytesdiscarded="144" />
  <finalization candidates="122" enqueued="15" />
  <ownableSynchronizers candidates="11" cleared="0" />
  <references type="soft" candidates="46" cleared="0" enqueued="0" dynamicThreshold="32" maxThreshold="32" />
  <references type="weak" candidates="129" cleared="95" enqueued="95" />
  <references type="phantom" candidates="8" cleared="6" enqueued="6" />
  <object-monitors candidates="6" cleared="0"  />
</gc-op>
<gc-end id="183" type="scavenge" contextid="179" durationms="2.380" usertimems="2.973" systemtimems="0.000" stalltimems="0.227" timestamp="2025-12-12T05:36:59.847" activeThreads="2">
  <mem-info id="184" free="4173352" total="10223616" percent="40">
    <mem type="nursery" free="2028472" total="3932160" percent="51">
      <mem type="allocate" free="2028472" total="2621440" percent="77" />
      <mem type="survivor" free="0" total="1310720" percent="0" />
    </mem>
    <mem type="tenure" free="2144880" total="6291456" percent="34">
      <mem type="soa" free="1829488" total="5976064" percent="30" />
      <mem type="loa" free="315392" total="315392" percent="100" />
    </mem>
    <pending-finalizers system="15" default="0" reference="101" classloader="0" />
    <remembered-set count="1469" />
  </mem-info>
</gc-end>
<cycle-end id="185" type="scavenge" contextid="179" timestamp="2025-12-12T05:36:59.848" />
<allocation-satisfied id="186" threadId="0000000000025A00" bytesRequested="37728" />
<af-end id="187" timestamp="2025-12-12T05:36:59.849" threadId="0000000000026478" success="true" from="nursery"/>
<exclusive-end id="188" timestamp="2025-12-12T05:36:59.849" durationms="6.225" />

<exclusive-start id="189" timestamp="2025-12-12T05:36:59.907" intervalms="63.981">
  <response-info timems="0.034" idlems="0.034" threads="0" lastid="0000000000025A00" lastname="main" />
</exclusive-start>
<af-start id="190" threadId="0000000000026478" totalBytesRequested="8200" timestamp="2025-12-12T05:36:59.908" intervalms="64.029" type="nursery" />
<cycle-start id="191" type="scavenge" contextid="0" timestamp="2025-12-12T05:36:59.908" intervalms="63.898" />
<gc-start id="192" type="scavenge" contextid="191" timestamp="2025-12-12T05:36:59.909">
  <mem-info id="193" free="2144616" total="10223616" percent="20">
    <mem type="nursery" free="0" total="3932160" percent="0">
      <mem type="allocate" free="0" total="2621440" percent="0" />
      <mem type="survivor" free="0" total="1310720" percent="0" />
    </mem>
    <mem type="tenure" free="2144616" total="6291456" percent="34">
      <mem type="soa" free="1829224" total="5976064" percent="30" />
      <mem type="loa" free="315392" total="315392" percent="100" />
    </mem>
    <remembered-set count="1485" />
  </mem-info>
</gc-start>
<allocation-stats totalBytes="1942056" discardedBytes="86680" >
  <allocated-bytes non-tlh="37992" tlh="1904064" />
  <largest-consumer threadName="main" threadId="0000000000025A00" bytes="1942056" />
</allocation-stats>
<gc-op id="194" type="scavenge" timems="1.229" contextid="191" timestamp="2025-12-12T05:36:59.911">
  <scavenger-info tenureage="1" tenuremask="7ffe" tiltratio="66" />
  <memory-copied type="nursery" objects="544" bytes="27144" bytesdiscarded="14312" />
  <memory-copied type="tenure" objects="4864" bytes="197176" bytesdiscarded="120" />
  <finalization candidates="9" enqueued="0" />
  <ownableSynchronizers candidates="1" cleared="0" />
  <references type="phantom" candidates="3" cleared="0" enqueued="0" />
  <object-monitors candidates="6" cleared="0"  />
</gc-op>
<gc-end id="195" type="scavenge" contextid="191" durationms="2.709" usertimems="2.353" systemtimems="0.000" stalltimems="0.483" timestamp="2025-12-12T05:36:59.911" activeThreads="2">
  <mem-info id="196" free="4632168" total="10223616" percent="45">
    <mem type="nursery" free="2711040" total="3932160" percent="68">
      <mem type="allocate" free="2711040" total="2752512" percent="98" />
      <mem type="survivor" free="0" total="1179648" percent="0" />
    </mem>
    <mem type="tenure" free="1921128" total="6291456" percent="30">
      <mem type="soa" free="1605736" total="5976064" percent="26" />
      <mem type="loa" free="315392" total="315392" percent="100" />
    </mem>
    <remembered-set count="513" />
  </mem-info>
</gc-end>
<cycle-end id="197" type="scavenge" contextid="191" timestamp="2025-12-12T05:36:59.912" />
<allocation-satisfied id="198" threadId="0000000000025A00" bytesRequested="8200" />
<af-end id="199" timestamp="2025-12-12T05:36:59.913" threadId="0000000000026478" success="true" from="nursery"/>
<exclusive-end id="200" timestamp="2025-12-12T05:36:59.914" durationms="6.704" />

<exclusive-start id="201" timestamp="2025-12-12T05:36:59.984" intervalms="77.073">
  <response-info timems="0.041" idlems="0.041" threads="0" lastid="0000000000025A00" lastname="main" />
</exclusive-start>
<af-start id="202" threadId="0000000000026478" totalBytesRequested="132680" timestamp="2025-12-12T05:36:59.985" intervalms="77.141" type="nursery" />
<cycle-start id="203" type="scavenge" contextid="0" timestamp="2025-12-12T05:36:59.985" intervalms="77.315" />
<gc-start id="204" type="scavenge" contextid="203" timestamp="2025-12-12T05:36:59.986">
  <mem-info id="205" free="1959368" total="10223616" percent="19">
    <mem type="nursery" free="38680" total="3932160" percent="0">
      <mem type="allocate" free="38680" total="2752512" percent="1" />
      <mem type="survivor" free="0" total="1179648" percent="0" />
    </mem>
    <mem type="tenure" free="1920688" total="6291456" percent="30">
      <mem type="soa" free="1605296" total="5976064" percent="26" />
      <mem type="loa" free="315392" total="315392" percent="100" />
    </mem>
    <remembered-set count="567" />
  </mem-info>
</gc-start>
<allocation-stats totalBytes="2634208" discardedBytes="38592" >
  <allocated-bytes non-tlh="732568" tlh="1901640" />
  <largest-consumer threadName="main" threadId="0000000000025A00" bytes="2634208" />
</allocation-stats>
<gc-op id="206" type="scavenge" timems="0.631" contextid="203" timestamp="2025-12-12T05:36:59.989">
  <scavenger-info tenureage="2" tenuremask="7ffc" tiltratio="70" />
  <memory-copied type="nursery" objects="892" bytes="30656" bytesdiscarded="27704" />
  <references type="phantom" candidates="2" cleared="0" enqueued="0" />
  <object-monitors candidates="6" cleared="0"  />
</gc-op>
<gc-end id="207" type="scavenge" contextid="203" durationms="3.183" usertimems="0.584" systemtimems="0.371" stalltimems="0.424" timestamp="2025-12-12T05:36:59.989" activeThreads="2">
  <mem-info id="208" free="4811440" total="10223616" percent="47">
    <mem type="nursery" free="2890752" total="3932160" percent="73">
      <mem type="allocate" free="2890752" total="2949120" percent="98" />
      <mem type="survivor" free="0" total="983040" percent="0" />
    </mem>
    <mem type="tenure" free="1920688" total="6291456" percent="30">
      <mem type="soa" free="1605296" total="5976064" percent="26" />
      <mem type="loa" free="315392" total="315392" percent="100" />
    </mem>
    <remembered-set count="157" />
  </mem-info>
</gc-end>
<cycle-end id="209" type="scavenge" contextid="203" timestamp="2025-12-12T05:36:59.990" />
<allocation-satisfied id="210" threadId="0000000000025A00" bytesRequested="132680" />
<af-end id="211" timestamp="2025-12-12T05:36:59.991" threadId="0000000000026478" success="true" from="nursery"/>
<exclusive-end id="212" timestamp="2025-12-12T05:36:59.992" durationms="7.718" />

<exclusive-start id="213" timestamp="2025-12-12T05:37:00.084" intervalms="100.289">
  <response-info timems="0.054" idlems="0.054" threads="0" lastid="0000000000025A00" lastname="main" />
</exclusive-start>
<af-start id="214" threadId="0000000000026478" totalBytesRequested="129672" timestamp="2025-12-12T05:37:00.085" intervalms="100.430" type="nursery" />
<cycle-start id="215" type="scavenge" contextid="0" timestamp="2025-12-12T05:37:00.086" intervalms="100.438" />
<gc-start id="216" type="scavenge" contextid="215" timestamp="2025-12-12T05:37:00.087">
  <mem-info id="217" free="2030816" total="10223616" percent="19">
    <mem type="nursery" free="110376" total="3932160" percent="2">
      <mem type="allocate" free="110376" total="2949120" percent="3" />
      <mem type="survivor" free="0" total="983040" percent="0" />
    </mem>
    <mem type="tenure" free="1920440" total="6291456" percent="30">
      <mem type="soa" free="1605048" total="5976064" percent="26" />
      <mem type="loa" free="315392" total="315392" percent="100" />
    </mem>
    <remembered-set count="214" />
  </mem-info>
</gc-start>
<allocation-stats totalBytes="2672008" discardedBytes="108616" >
  <allocated-bytes non-tlh="433616" tlh="2238392" />
  <largest-consumer threadName="main" threadId="0000000000025A00" bytes="2672008" />
</allocation-stats>
<gc-op id="218" type="scavenge" timems="0.507" contextid="215" timestamp="2025-12-12T05:37:00.088">
  <scavenger-info tenureage="3" tenuremask="7ff8" tiltratio="75" />
  <memory-copied type="nursery" objects="1314" bytes="45880" bytesdiscarded="4032" />
  <references type="phantom" candidates="2" cleared="0" enqueued="0" />
  <object-monitors candidates="6" cleared="0"  />
</gc-op>
<gc-end id="219" type="scavenge" contextid="215" durationms="2.088" usertimems="0.448" systemtimems="0.282" stalltimems="0.241" timestamp="2025-12-12T05:37:00.089" activeThreads="2">
  <mem-info id="220" free="5016248" total="10223616" percent="49">
    <mem type="nursery" free="3095808" total="3932160" percent="78">
      <mem type="allocate" free="3095808" total="3145728" percent="98" />
      <mem type="survivor" free="0" total="786432" percent="0" />
    </mem>
    <mem type="tenure" free="1920440" total="6291456" percent="30">
      <mem type="soa" free="1605048" total="5976064" percent="26" />
      <mem type="loa" free="315392" total="315392" percent="100" />
    </mem>
    <remembered-set count="156" />
  </mem-info>
</gc-end>
<cycle-end id="221" type="scavenge" contextid="215" timestamp="2025-12-12T05:37:00.090" />
<allocation-satisfied id="222" threadId="0000000000025A00" bytesRequested="129672" />
<af-end id="223" timestamp="2025-12-12T05:37:00.091" threadId="0000000000026478" success="true" from="nursery"/>
<exclusive-end id="224" timestamp="2025-12-12T05:37:00.092" durationms="7.250" />

<exclusive-start id="225" timestamp="2025-12-12T05:37:00.176" intervalms="91.499">
  <response-info timems="0.035" idlems="0.035" threads="0" lastid="0000000000025A00" lastname="main" />
</exclusive-start>
<af-start id="226" threadId="0000000000026478" totalBytesRequested="3824" timestamp="2025-12-12T05:37:00.176" intervalms="91.072" type="nursery" />
<cycle-start id="227" type="scavenge" contextid="0" timestamp="2025-12-12T05:37:00.177" intervalms="90.933" />
<gc-start id="228" type="scavenge" contextid="227" timestamp="2025-12-12T05:37:00.177">
  <mem-info id="229" free="1920272" total="10223616" percent="18">
    <mem type="nursery" free="0" total="3932160" percent="0">
      <mem type="allocate" free="0" total="3145728" percent="0" />
      <mem type="survivor" free="0" total="786432" percent="0" />
    </mem>
    <mem type="tenure" free="1920272" total="6291456" percent="30">
      <mem type="soa" free="1604880" total="5976064" percent="26" />
      <mem type="loa" free="315392" total="315392" percent="100" />
    </mem>
    <remembered-set count="222" />
  </mem-info>
</gc-start>
<allocation-stats totalBytes="3065264" discardedBytes="30712" >
  <allocated-bytes non-tlh="503816" tlh="2561448" />
  <largest-consumer threadName="main" threadId="0000000000025A00" bytes="3065264" />
</allocation-stats>
<gc-op id="230" type="scavenge" timems="0.573" contextid="227" timestamp="2025-12-12T05:37:00.179">
  <scavenger-info tenureage="4" tenuremask="7ff0" tiltratio="80" />
  <memory-copied type="nursery" objects="1860" bytes="64200" bytesdiscarded="21040" />
  <references type="phantom" candidates="2" cleared="0" enqueued="0" />
  <object-monitors candidates="6" cleared="0"  />
</gc-op>
<gc-end id="231" type="scavenge" contextid="227" durationms="1.763" usertimems="0.847" systemtimems="0.000" stalltimems="0.343" timestamp="2025-12-12T05:37:00.179" activeThreads="2">
  <mem-info id="232" free="5111824" total="10223616" percent="50">
    <mem type="nursery" free="3191552" total="3932160" percent="81">
      <mem type="allocate" free="3191552" total="3276800" percent="97" />
      <mem type="survivor" free="0" total="655360" percent="0" />
    </mem>
    <mem type="tenure" free="1920272" total="6291456" percent="30">
      <mem type="soa" free="1604880" total="5976064" percent="26" />
      <mem type="loa" free="315392" total="315392" percent="100" />
    </mem>
    <remembered-set count="152" />
  </mem-info>
</gc-end>
<cycle-end id="233" type="scavenge" contextid="227" timestamp="2025-12-12T05:37:00.180" />
<allocation-satisfied id="234" threadId="0000000000025A00" bytesRequested="3824" />
<af-end id="235" timestamp="2025-12-12T05:37:00.182" threadId="0000000000026478" success="true" from="nursery"/>
<exclusive-end id="236" timestamp="2025-12-12T05:37:00.183" durationms="6.763" />

<exclusive-start id="237" timestamp="2025-12-12T05:37:00.259" intervalms="82.739">
  <response-info timems="0.061" idlems="0.061" threads="0" lastid="0000000000025A00" lastname="main" />
</exclusive-start>
<af-start id="238" threadId="0000000000026478" totalBytesRequested="2848" timestamp="2025-12-12T05:37:00.259" intervalms="83.073" type="nursery" />
<cycle-start id="239" type="scavenge" contextid="0" timestamp="2025-12-12T05:37:00.260" intervalms="83.330" />
<gc-start id="240" type="scavenge" contextid="239" timestamp="2025-12-12T05:37:00.261">
  <mem-info id="241" free="1920104" total="10223616" percent="18">
    <mem type="nursery" free="0" total="3932160" percent="0">
      <mem type="allocate" free="0" total="3276800" percent="0" />
      <mem type="survivor" free="0" total="655360" percent="0" />
    </mem>
    <mem type="tenure" free="1920104" total="6291456" percent="30">
      <mem type="soa" free="1604712" total="5976064" percent="26" />
      <mem type="loa" free="315392" total="315392" percent="100" />
    </mem>
    <remembered-set count="208" />
  </mem-info>
</gc-start>
<allocation-stats totalBytes="3164920" discardedBytes="26800" >
  <allocated-bytes non-tlh="818920" tlh="2346000" />
  <largest-consumer threadName="main" threadId="0000000000025A00" bytes="3164920" />
</allocation-stats>
<gc-op id="242" type="scavenge" timems="1.020" contextid="239" timestamp="2025-12-12T05:37:00.264">
  <scavenger-info tenureage="5" tenuremask="7fe0" tiltratio="83" />
  <memory-copied type="nursery" objects="2327" bytes="89800" bytesdiscarded="10032" />
  <references type="weak" candidates="1" cleared="0" enqueued="0" />
  <references type="phantom" candidates="4" cleared="0" enqueued="0" />
  <object-monitors candidates="6" cleared="0"  />
</gc-op>
<gc-end id="243" type="scavenge" contextid="239" durationms="3.183" usertimems="1.010" systemtimems="0.642" stalltimems="0.588" timestamp="2025-12-12T05:37:00.264" activeThreads="2">
  <mem-info id="244" free="5162600" total="10223616" percent="50">
    <mem type="nursery" free="3242496" total="3932160" percent="82">
      <mem type="allocate" free="3242496" total="3342336" percent="97" />
      <mem type="survivor" free="0" total="589824" percent="0" />
    </mem>
    <mem type="tenure" free="1920104" total="6291456" percent="30">
      <mem type="soa" free="1604712" total="5976064" percent="26" />
      <mem type="loa" free="315392" total="315392" percent="100" />
    </mem>
    <remembered-set count="152" />
  </mem-info>
</gc-end>
<cycle-end id="245" type="scavenge" contextid="239" timestamp="2025-12-12T05:37:00.265" />
<allocation-satisfied id="246" threadId="0000000000025A00" bytesRequested="2848" />
<af-end id="247" timestamp="2025-12-12T05:37:00.266" threadId="0000000000026478" success="true" from="nursery"/>
<exclusive-end id="248" timestamp="2025-12-12T05:37:00.266" durationms="7.633" />

<exclusive-start id="249" timestamp="2025-12-12T05:37:00.379" intervalms="120.406">
  <response-info timems="0.078" idlems="0.078" threads="0" lastid="0000000000025A00" lastname="main" />
</exclusive-start>
<af-start id="250" threadId="0000000000026478" totalBytesRequested="4264" timestamp="2025-12-12T05:37:00.380" intervalms="120.251" type="nursery" />
<cycle-start id="251" type="scavenge" contextid="0" timestamp="2025-12-12T05:37:00.380" intervalms="119.754" />
<gc-start id="252" type="scavenge" contextid="251" timestamp="2025-12-12T05:37:00.380">
  <mem-info id="253" free="1919848" total="10223616" percent="18">
    <mem type="nursery" free="0" total="3932160" percent="0">
      <mem type="allocate" free="0" total="3342336" percent="0" />
      <mem type="survivor" free="0" total="589824" percent="0" />
    </mem>
    <mem type="tenure" free="1919848" total="6291456" percent="30">
      <mem type="soa" free="1604456" total="5976064" percent="26" />
      <mem type="loa" free="315392" total="315392" percent="100" />
    </mem>
    <remembered-set count="218" />
  </mem-info>
</gc-start>
<allocation-stats totalBytes="3107600" discardedBytes="135152" >
  <allocated-bytes non-tlh="527536" tlh="2580064" />
  <largest-consumer threadName="main" threadId="0000000000025A00" bytes="3107600" />
</allocation-stats>
<gc-op id="254" type="scavenge" timems="0.633" contextid="251" timestamp="2025-12-12T05:37:00.382">
  <scavenger-info tenureage="4" tenuremask="ffd0" tiltratio="85" />
  <memory-copied type="nursery" objects="2478" bytes="87048" bytesdiscarded="12784" />
  <memory-copied type="tenure" objects="372" bytes="12568" bytesdiscarded="0" />
  <references type="phantom" candidates="2" cleared="0" enqueued="0" />
  <object-monitors candidates="6" cleared="0"  />
</gc-op>
<gc-end id="255" type="scavenge" contextid="251" durationms="1.761" usertimems="0.584" systemtimems="0.373" stalltimems="0.368" timestamp="2025-12-12T05:37:00.382" activeThreads="2">
  <mem-info id="256" free="5293416" total="10223616" percent="51">
    <mem type="nursery" free="3373568" total="3932160" percent="85">
      <mem type="allocate" free="3373568" total="3473408" percent="97" />
      <mem type="survivor" free="0" total="458752" percent="0" />
    </mem>
    <mem type="tenure" free="1919848" total="6291456" percent="30">
      <mem type="soa" free="1604456" total="5976064" percent="26" />
      <mem type="loa" free="315392" total="315392" percent="100" />
    </mem>
    <remembered-set count="173" />
  </mem-info>
</gc-end>
<cycle-end id="257" type="scavenge" contextid="251" timestamp="2025-12-12T05:37:00.383" />
<allocation-satisfied id="258" threadId="0000000000025A00" bytesRequested="4264" />
<af-end id="259" timestamp="2025-12-12T05:37:00.384" threadId="0000000000026478" success="true" from="nursery"/>
<exclusive-end id="260" timestamp="2025-12-12T05:37:00.384" durationms="5.174" />

<exclusive-start id="261" timestamp="2025-12-12T05:37:00.440" intervalms="60.692">
  <response-info timems="0.037" idlems="0.037" threads="0" lastid="0000000000025A00" lastname="main" />
</exclusive-start>
<af-start id="262" threadId="0000000000026478" totalBytesRequested="2064" timestamp="2025-12-12T05:37:00.440" intervalms="60.663" type="nursery" />
<cycle-start id="263" type="scavenge" contextid="0" timestamp="2025-12-12T05:37:00.441" intervalms="60.888" />
<gc-start id="264" type="scavenge" contextid="263" timestamp="2025-12-12T05:37:00.442">
  <mem-info id="265" free="1919752" total="10223616" percent="18">
    <mem type="nursery" free="0" total="3932160" percent="0">
      <mem type="allocate" free="0" total="3473408" percent="0" />
      <mem type="survivor" free="0" total="458752" percent="0" />
    </mem>
    <mem type="tenure" free="1919752" total="6291456" percent="30">
      <mem type="soa" free="1604360" total="5976064" percent="26" />
      <mem type="loa" free="315392" total="315392" percent="100" />
    </mem>
    <remembered-set count="231" />
  </mem-info>
</gc-start>
<allocation-stats totalBytes="3305232" discardedBytes="68432" >
  <allocated-bytes non-tlh="1094640" tlh="2210592" />
  <largest-consumer threadName="main" threadId="0000000000025A00" bytes="3305232" />
</allocation-stats>
<gc-op id="266" type="scavenge" timems="1.080" contextid="263" timestamp="2025-12-12T05:37:00.444">
  <scavenger-info tenureage="3" tenuremask="ffd8" tiltratio="88" />
  <memory-copied type="nursery" objects="1551" bytes="99968" bytesdiscarded="37328" />
  <memory-copied type="tenure" objects="1437" bytes="48000" bytesdiscarded="40" />
  <references type="phantom" candidates="3" cleared="0" enqueued="0" />
  <object-monitors candidates="6" cleared="0"  />
</gc-op>
<gc-end id="267" type="scavenge" contextid="263" durationms="3.757" usertimems="1.007" systemtimems="0.645" stalltimems="0.588" timestamp="2025-12-12T05:37:00.445" activeThreads="2">
  <mem-info id="268" free="5277608" total="10223616" percent="51">
    <mem type="nursery" free="3401632" total="3932160" percent="86">
      <mem type="allocate" free="3401632" total="3538944" percent="96" />
      <mem type="survivor" free="0" total="393216" percent="0" />
    </mem>
    <mem type="tenure" free="1875976" total="6291456" percent="29">
      <mem type="soa" free="1560584" total="5976064" percent="26" />
      <mem type="loa" free="315392" total="315392" percent="100" />
    </mem>
    <remembered-set count="227" />
  </mem-info>
</gc-end>
<cycle-end id="269" type="scavenge" contextid="263" timestamp="2025-12-12T05:37:00.446" />
<allocation-satisfied id="270" threadId="0000000000025A00" bytesRequested="2064" />
<af-end id="271" timestamp="2025-12-12T05:37:00.447" threadId="0000000000026478" success="true" from="nursery"/>
<exclusive-end id="272" timestamp="2025-12-12T05:37:00.448" durationms="8.163" />

<exclusive-start id="273" timestamp="2025-12-12T05:37:00.591" intervalms="151.498">
  <response-info timems="0.074" idlems="0.074" threads="0" lastid="0000000000025A00" lastname="main" />
</exclusive-start>
<af-start id="274" threadId="0000000000026478" totalBytesRequested="3472" timestamp="2025-12-12T05:37:00.592" intervalms="152.052" type="nursery" />
<cycle-start id="275" type="scavenge" contextid="0" timestamp="2025-12-12T05:37:00.593" intervalms="152.554" />
<gc-start id="276" type="scavenge" contextid="275" timestamp="2025-12-12T05:37:00.594">
  <mem-info id="277" free="1875872" total="10223616" percent="18">
    <mem type="nursery" free="0" total="3932160" percent="0">
      <mem type="allocate" free="0" total="3538944" percent="0" />
      <mem type="survivor" free="0" total="393216" percent="0" />
    </mem>
    <mem type="tenure" free="1875872" total="6291456" percent="29">
      <mem type="soa" free="1560480" total="5976064" percent="26" />
      <mem type="loa" free="315392" total="315392" percent="100" />
    </mem>
    <remembered-set count="331" />
  </mem-info>
</gc-start>
<allocation-stats totalBytes="3311568" discardedBytes="90168" >
  <allocated-bytes non-tlh="594208" tlh="2717360" />
  <largest-consumer threadName="main" threadId="0000000000025A00" bytes="3311568" />
</allocation-stats>
<gc-op id="278" type="scavenge" timems="1.364" contextid="275" timestamp="2025-12-12T05:37:00.597">
  <scavenger-info tenureage="3" tenuremask="ff48" tiltratio="90" />
  <memory-copied type="nursery" objects="1590" bytes="68224" bytesdiscarded="27000" />
  <memory-copied type="tenure" objects="471" bytes="15664" bytesdiscarded="0" />
  <references type="weak" candidates="1" cleared="0" enqueued="0" />
  <references type="phantom" candidates="4" cleared="0" enqueued="0" />
  <object-monitors candidates="6" cleared="0"  />
</gc-op>
<gc-end id="279" type="scavenge" contextid="275" durationms="4.492" usertimems="2.529" systemtimems="0.000" stalltimems="0.610" timestamp="2025-12-12T05:37:00.599" activeThreads="2">
  <mem-info id="280" free="5319584" total="10223616" percent="52">
    <mem type="nursery" free="3443712" total="3932160" percent="87">
      <mem type="allocate" free="3443712" total="3538944" percent="97" />
      <mem type="survivor" free="0" total="393216" percent="0" />
    </mem>
    <mem type="tenure" free="1875872" total="6291456" percent="29">
      <mem type="soa" free="1560480" total="5976064" percent="26" />
      <mem type="loa" free="315392" total="315392" percent="100" />
    </mem>
    <remembered-set count="208" />
  </mem-info>
</gc-end>
<cycle-end id="281" type="scavenge" contextid="275" timestamp="2025-12-12T05:37:00.599" />
<allocation-satisfied id="282" threadId="0000000000025A00" bytesRequested="3472" />
<af-end id="283" timestamp="2025-12-12T05:37:00.602" threadId="0000000000026478" success="true" from="nursery"/>
<exclusive-end id="284" timestamp="2025-12-12T05:37:00.603" durationms="11.527" />

<exclusive-start id="285" timestamp="2025-12-12T05:37:00.761" intervalms="170.202">
  <response-info timems="0.068" idlems="0.068" threads="0" lastid="0000000000025A00" lastname="main" />
</exclusive-start>
<af-start id="286" threadId="0000000000026478" totalBytesRequested="2056" timestamp="2025-12-12T05:37:00.765" intervalms="173.041" type="nursery" />
<cycle-start id="287" type="scavenge" contextid="0" timestamp="2025-12-12T05:37:00.768" intervalms="174.799" />
<gc-start id="288" type="scavenge" contextid="287" timestamp="2025-12-12T05:37:00.771">
  <mem-info id="289" free="1875720" total="10223616" percent="18">
    <mem type="nursery" free="0" total="3932160" percent="0">
      <mem type="allocate" free="0" total="3538944" percent="0" />
      <mem type="survivor" free="0" total="393216" percent="0" />
    </mem>
    <mem type="tenure" free="1875720" total="6291456" percent="29">
      <mem type="soa" free="1560328" total="5976064" percent="26" />
      <mem type="loa" free="315392" total="315392" percent="100" />
    </mem>
    <remembered-set count="308" />
  </mem-info>
</gc-start>
<allocation-stats totalBytes="3400384" discardedBytes="43480" >
  <allocated-bytes non-tlh="506928" tlh="2893456" />
  <largest-consumer threadName="main" threadId="0000000000025A00" bytes="3400384" />
</allocation-stats>
<gc-op id="290" type="scavenge" timems="1.616" contextid="287" timestamp="2025-12-12T05:37:00.779">
  <scavenger-info tenureage="3" tenuremask="ffe8" tiltratio="90" />
  <memory-copied type="nursery" objects="1793" bytes="92040" bytesdiscarded="20968" />
  <memory-copied type="tenure" objects="537" bytes="18136" bytesdiscarded="16" />
  <references type="phantom" candidates="3" cleared="0" enqueued="0" />
  <object-monitors candidates="6" cleared="0"  />
</gc-op>
<heap-resize id="291" type="expand" space="nursery" amount="262144" count="1" timems="0.060" reason="excessive time being spent scavenging" timestamp="2025-12-12T05:37:00.781" />
<gc-end id="292" type="scavenge" contextid="287" durationms="13.025" usertimems="1.500" systemtimems="0.955" stalltimems="1.288" timestamp="2025-12-12T05:37:00.784" activeThreads="2">
  <mem-info id="293" free="5483656" total="10485760" percent="52">
    <mem type="nursery" free="3622528" total="4194304" percent="86">
      <mem type="allocate" free="3622528" total="3735552" percent="96" />
      <mem type="survivor" free="0" total="458752" percent="0" />
    </mem>
    <mem type="tenure" free="1861128" total="6291456" percent="29">
      <mem type="soa" free="1545736" total="5976064" percent="25" />
      <mem type="loa" free="315392" total="315392" percent="100" />
    </mem>
    <remembered-set count="234" />
  </mem-info>
</gc-end>
<cycle-end id="294" type="scavenge" contextid="287" timestamp="2025-12-12T05:37:00.784" />
<allocation-satisfied id="295" threadId="0000000000025A00" bytesRequested="2056" />
<af-end id="296" timestamp="2025-12-12T05:37:00.786" threadId="0000000000026478" success="true" from="nursery"/>
<exclusive-end id="297" timestamp="2025-12-12T05:37:00.786" durationms="25.117" />

<exclusive-start id="298" timestamp="2025-12-12T05:37:00.937" intervalms="175.899">
  <response-info timems="0.081" idlems="0.081" threads="0" lastid="0000000000025A00" lastname="main" />
</exclusive-start>
<af-start id="299" threadId="0000000000026478" totalBytesRequested="241520" timestamp="2025-12-12T05:37:00.938" intervalms="173.126" type="nursery" />
<cycle-start id="300" type="scavenge" contextid="0" timestamp="2025-12-12T05:37:00.939" intervalms="171.220" />
<gc-start id="301" type="scavenge" contextid="300" timestamp="2025-12-12T05:37:00.940">
  <mem-info id="302" free="1907848" total="10485760" percent="18">
    <mem type="nursery" free="46720" total="4194304" percent="1">
      <mem type="allocate" free="46720" total="3735552" percent="1" />
      <mem type="survivor" free="0" total="458752" percent="0" />
    </mem>
    <mem type="tenure" free="1861128" total="6291456" percent="29">
      <mem type="soa" free="1545736" total="5976064" percent="25" />
      <mem type="loa" free="315392" total="315392" percent="100" />
    </mem>
    <remembered-set count="320" />
  </mem-info>
</gc-start>
<allocation-stats totalBytes="3571792" discardedBytes="4016" >
  <allocated-bytes non-tlh="721008" tlh="2850784" />
  <largest-consumer threadName="main" threadId="0000000000025A00" bytes="3571792" />
</allocation-stats>
<gc-op id="303" type="scavenge" timems="1.394" contextid="300" timestamp="2025-12-12T05:37:00.944">
  <scavenger-info tenureage="3" tenuremask="ffe8" tiltratio="89" />
  <memory-copied type="nursery" objects="1875" bytes="70632" bytesdiscarded="26896" />
  <memory-copied type="tenure" objects="421" bytes="14192" bytesdiscarded="24" />
  <references type="phantom" candidates="2" cleared="0" enqueued="0" />
  <object-monitors candidates="6" cleared="0"  />
</gc-op>
<gc-end id="304" type="scavenge" contextid="300" durationms="4.677" usertimems="1.782" systemtimems="1.103" stalltimems="0.469" timestamp="2025-12-12T05:37:00.945" activeThreads="2">
  <mem-info id="305" free="5478408" total="10485760" percent="52">
    <mem type="nursery" free="3638016" total="4194304" percent="86">
      <mem type="allocate" free="3638016" total="3735552" percent="97" />
      <mem type="survivor" free="0" total="458752" percent="0" />
    </mem>
    <mem type="tenure" free="1840392" total="6291456" percent="29">
      <mem type="soa" free="1525000" total="5976064" percent="25" />
      <mem type="loa" free="315392" total="315392" percent="100" />
    </mem>
    <remembered-set count="223" />
  </mem-info>
</gc-end>
<cycle-end id="306" type="scavenge" contextid="300" timestamp="2025-12-12T05:37:00.946" />
<allocation-satisfied id="307" threadId="0000000000025A00" bytesRequested="241520" />
<af-end id="308" timestamp="2025-12-12T05:37:00.948" threadId="0000000000026478" success="true" from="nursery"/>
<exclusive-end id="309" timestamp="2025-12-12T05:37:00.950" durationms="12.316" />

<exclusive-start id="310" timestamp="2025-12-12T05:37:01.081" intervalms="143.219">
  <response-info timems="0.072" idlems="0.072" threads="0" lastid="0000000000025A00" lastname="main" />
</exclusive-start>
<af-start id="311" threadId="0000000000026478" totalBytesRequested="79264" timestamp="2025-12-12T05:37:01.081" intervalms="142.976" type="nursery" />
<cycle-start id="312" type="scavenge" contextid="0" timestamp="2025-12-12T05:37:01.083" intervalms="143.126" />
<gc-start id="313" type="scavenge" contextid="312" timestamp="2025-12-12T05:37:01.083">
  <mem-info id="314" free="1840392" total="10485760" percent="17">
    <mem type="nursery" free="0" total="4194304" percent="0">
      <mem type="allocate" free="0" total="3735552" percent="0" />
      <mem type="survivor" free="0" total="458752" percent="0" />
    </mem>
    <mem type="tenure" free="1840392" total="6291456" percent="29">
      <mem type="soa" free="1525000" total="5976064" percent="25" />
      <mem type="loa" free="315392" total="315392" percent="100" />
    </mem>
    <remembered-set count="325" />
  </mem-info>
</gc-start>
<allocation-stats totalBytes="3521752" discardedBytes="116264" >
  <allocated-bytes non-tlh="640792" tlh="2880960" />
  <largest-consumer threadName="main" threadId="0000000000025A00" bytes="3521752" />
</allocation-stats>
<gc-op id="315" type="scavenge" timems="0.628" contextid="312" timestamp="2025-12-12T05:37:01.085">
  <scavenger-info tenureage="3" tenuremask="ffe8" tiltratio="89" />
  <memory-copied type="nursery" objects="1971" bytes="66312" bytesdiscarded="25072" />
  <memory-copied type="tenure" objects="594" bytes="27560" bytesdiscarded="32" />
  <references type="phantom" candidates="2" cleared="0" enqueued="0" />
  <object-monitors candidates="6" cleared="0"  />
</gc-op>
<gc-end id="316" type="scavenge" contextid="312" durationms="1.991" usertimems="0.857" systemtimems="0.533" stalltimems="0.242" timestamp="2025-12-12T05:37:01.085" activeThreads="2">
  <mem-info id="317" free="5463816" total="10485760" percent="52">
    <mem type="nursery" free="3644160" total="4194304" percent="86">
      <mem type="allocate" free="3644160" total="3735552" percent="97" />
      <mem type="survivor" free="0" total="458752" percent="0" />
    </mem>
    <mem type="tenure" free="1819656" total="6291456" percent="28">
      <mem type="soa" free="1504264" total="5976064" percent="25" />
      <mem type="loa" free="315392" total="315392" percent="100" />
    </mem>
    <remembered-set count="241" />
  </mem-info>
</gc-end>
<cycle-end id="318" type="scavenge" contextid="312" timestamp="2025-12-12T05:37:01.086" />
<allocation-satisfied id="319" threadId="0000000000025A00" bytesRequested="79264" />
<af-end id="320" timestamp="2025-12-12T05:37:01.087" threadId="0000000000026478" success="true" from="nursery"/>
<exclusive-end id="321" timestamp="2025-12-12T05:37:01.088" durationms="7.319" />

<exclusive-start id="322" timestamp="2025-12-12T05:37:01.181" intervalms="100.329">
  <response-info timems="0.037" idlems="0.037" threads="0" lastid="0000000000025A00" lastname="main" />
</exclusive-start>
<af-start id="323" threadId="0000000000026478" totalBytesRequested="8200" timestamp="2025-12-12T05:37:01.182" intervalms="100.144" type="nursery" />
<cycle-start id="324" type="scavenge" contextid="0" timestamp="2025-12-12T05:37:01.183" intervalms="100.231" />
<gc-start id="325" type="scavenge" contextid="324" timestamp="2025-12-12T05:37:01.184">
  <mem-info id="326" free="1819616" total="10485760" percent="17">
    <mem type="nursery" free="0" total="4194304" percent="0">
      <mem type="allocate" free="0" total="3735552" percent="0" />
      <mem type="survivor" free="0" total="458752" percent="0" />
    </mem>
    <mem type="tenure" free="1819616" total="6291456" percent="28">
      <mem type="soa" free="1504224" total="5976064" percent="25" />
      <mem type="loa" free="315392" total="315392" percent="100" />
    </mem>
    <remembered-set count="340" />
  </mem-info>
</gc-start>
<allocation-stats totalBytes="3540208" discardedBytes="103992" >
  <allocated-bytes non-tlh="661960" tlh="2878248" />
  <largest-consumer threadName="main" threadId="0000000000025A00" bytes="3540208" />
</allocation-stats>
<gc-op id="327" type="scavenge" timems="1.248" contextid="324" timestamp="2025-12-12T05:37:01.189">
  <scavenger-info tenureage="3" tenuremask="ffe8" tiltratio="89" />
  <memory-copied type="nursery" objects="2001" bytes="74784" bytesdiscarded="14288" />
  <memory-copied type="tenure" objects="662" bytes="22144" bytesdiscarded="0" />
  <references type="phantom" candidates="3" cleared="0" enqueued="0" />
  <object-monitors candidates="6" cleared="0"  />
</gc-op>
<gc-end id="328" type="scavenge" contextid="324" durationms="5.876" usertimems="1.425" systemtimems="0.898" stalltimems="0.273" timestamp="2025-12-12T05:37:01.189" activeThreads="2">
  <mem-info id="329" free="5466080" total="10485760" percent="52">
    <mem type="nursery" free="3646464" total="4194304" percent="86">
      <mem type="allocate" free="3646464" total="3735552" percent="97" />
      <mem type="survivor" free="0" total="458752" percent="0" />
    </mem>
    <mem type="tenure" free="1819616" total="6291456" percent="28">
      <mem type="soa" free="1504224" total="5976064" percent="25" />
      <mem type="loa" free="315392" total="315392" percent="100" />
    </mem>
    <remembered-set count="248" />
  </mem-info>
</gc-end>
<cycle-end id="330" type="scavenge" contextid="324" timestamp="2025-12-12T05:37:01.190" />
<allocation-satisfied id="331" threadId="0000000000025A00" bytesRequested="8200" />
<af-end id="332" timestamp="2025-12-12T05:37:01.192" threadId="0000000000026478" success="true" from="nursery"/>
<exclusive-end id="333" timestamp="2025-12-12T05:37:01.193" durationms="11.721" />

<exclusive-start id="334" timestamp="2025-12-12T05:37:01.308" intervalms="127.559">
  <response-info timems="0.040" idlems="0.040" threads="0" lastid="0000000000025A00" lastname="main" />
</exclusive-start>
<af-start id="335" threadId="0000000000026478" totalBytesRequested="7168" timestamp="2025-12-12T05:37:01.309" intervalms="127.336" type="nursery" />
<cycle-start id="336" type="scavenge" contextid="0" timestamp="2025-12-12T05:37:01.309" intervalms="126.559" />
<gc-start id="337" type="scavenge" contextid="336" timestamp="2025-12-12T05:37:01.310">
  <mem-info id="338" free="1819616" total="10485760" percent="17">
    <mem type="nursery" free="0" total="4194304" percent="0">
      <mem type="allocate" free="0" total="3735552" percent="0" />
      <mem type="survivor" free="0" total="458752" percent="0" />
    </mem>
    <mem type="tenure" free="1819616" total="6291456" percent="28">
      <mem type="soa" free="1504224" total="5976064" percent="25" />
      <mem type="loa" free="315392" total="315392" percent="100" />
    </mem>
    <remembered-set count="375" />
  </mem-info>
</gc-start>
<allocation-stats totalBytes="3587080" discardedBytes="59384" >
  <allocated-bytes non-tlh="364352" tlh="3222728" />
  <largest-consumer threadName="main" threadId="0000000000025A00" bytes="3587080" />
</allocation-stats>
<gc-op id="339" type="scavenge" timems="0.603" contextid="336" timestamp="2025-12-12T05:37:01.311">
  <scavenger-info tenureage="3" tenuremask="ffe8" tiltratio="89" />
  <memory-copied type="nursery" objects="2121" bytes="71520" bytesdiscarded="23704" />
  <memory-copied type="tenure" objects="598" bytes="20032" bytesdiscarded="0" />
  <references type="phantom" candidates="2" cleared="0" enqueued="0" />
  <object-monitors candidates="6" cleared="0"  />
</gc-op>
<gc-end id="340" type="scavenge" contextid="336" durationms="1.755" usertimems="0.000" systemtimems="1.123" stalltimems="0.156" timestamp="2025-12-12T05:37:01.311" activeThreads="2">
  <mem-info id="341" free="5426912" total="10485760" percent="51">
    <mem type="nursery" free="3640320" total="4194304" percent="86">
      <mem type="allocate" free="3640320" total="3735552" percent="97" />
      <mem type="survivor" free="0" total="458752" percent="0" />
    </mem>
    <mem type="tenure" free="1786592" total="6291456" percent="28">
      <mem type="soa" free="1471200" total="5976064" percent="24" />
      <mem type="loa" free="315392" total="315392" percent="100" />
    </mem>
    <remembered-set count="267" />
  </mem-info>
</gc-end>
<cycle-end id="342" type="scavenge" contextid="336" timestamp="2025-12-12T05:37:01.312" />
<allocation-satisfied id="343" threadId="0000000000025A00" bytesRequested="7168" />
<af-end id="344" timestamp="2025-12-12T05:37:01.313" threadId="0000000000026478" success="true" from="nursery"/>
<exclusive-end id="345" timestamp="2025-12-12T05:37:01.313" durationms="4.674" />

<exclusive-start id="346" timestamp="2025-12-12T05:37:01.423" intervalms="114.356">
  <response-info timems="0.031" idlems="0.031" threads="0" lastid="0000000000025A00" lastname="main" />
</exclusive-start>
<af-start id="347" threadId="0000000000026478" totalBytesRequested="184448" timestamp="2025-12-12T05:37:01.424" intervalms="115.222" type="nursery" />
<cycle-start id="348" type="scavenge" contextid="0" timestamp="2025-12-12T05:37:01.426" intervalms="116.957" />
<gc-start id="349" type="scavenge" contextid="348" timestamp="2025-12-12T05:37:01.430">
  <mem-info id="350" free="1786496" total="10485760" percent="17">
    <mem type="nursery" free="0" total="4194304" percent="0">
      <mem type="allocate" free="0" total="3735552" percent="0" />
      <mem type="survivor" free="0" total="458752" percent="0" />
    </mem>
    <mem type="tenure" free="1786496" total="6291456" percent="28">
      <mem type="soa" free="1471104" total="5976064" percent="24" />
      <mem type="loa" free="315392" total="315392" percent="100" />
    </mem>
    <remembered-set count="462" />
  </mem-info>
</gc-start>
<allocation-stats totalBytes="3572344" discardedBytes="68072" >
  <allocated-bytes non-tlh="241104" tlh="3331240" />
  <largest-consumer threadName="main" threadId="0000000000025A00" bytes="3572344" />
</allocation-stats>
<gc-op id="351" type="scavenge" timems="0.754" contextid="348" timestamp="2025-12-12T05:37:01.433">
  <scavenger-info tenureage="3" tenuremask="ffe8" tiltratio="89" />
  <memory-copied type="nursery" objects="2293" bytes="92624" bytesdiscarded="31784" />
  <memory-copied type="tenure" objects="689" bytes="23216" bytesdiscarded="0" />
  <references type="phantom" candidates="2" cleared="0" enqueued="0" />
  <object-monitors candidates="6" cleared="0"  />
</gc-op>
<gc-end id="352" type="scavenge" contextid="348" durationms="4.932" usertimems="0.805" systemtimems="0.525" stalltimems="0.317" timestamp="2025-12-12T05:37:01.435" activeThreads="2">
  <mem-info id="353" free="5376896" total="10485760" percent="51">
    <mem type="nursery" free="3611136" total="4194304" percent="86">
      <mem type="allocate" free="3611136" total="3735552" percent="96" />
      <mem type="survivor" free="0" total="458752" percent="0" />
    </mem>
    <mem type="tenure" free="1765760" total="6291456" percent="28">
      <mem type="soa" free="1450368" total="5976064" percent="24" />
      <mem type="loa" free="315392" total="315392" percent="100" />
    </mem>
    <remembered-set count="246" />
  </mem-info>
</gc-end>
<cycle-end id="354" type="scavenge" contextid="348" timestamp="2025-12-12T05:37:01.435" />
<allocation-satisfied id="355" threadId="0000000000025A00" bytesRequested="184448" />
<af-end id="356" timestamp="2025-12-12T05:37:01.438" threadId="0000000000026478" success="true" from="nursery"/>
<exclusive-end id="357" timestamp="2025-12-12T05:37:01.439" durationms="16.197" />

<exclusive-start id="358" timestamp="2025-12-12T05:37:01.522" intervalms="99.092">
  <response-info timems="0.037" idlems="0.037" threads="0" lastid="0000000000025A00" lastname="main" />
</exclusive-start>
<af-start id="359" threadId="0000000000026478" totalBytesRequested="13408" timestamp="2025-12-12T05:37:01.522" intervalms="98.280" type="nursery" />
<cycle-start id="360" type="scavenge" contextid="0" timestamp="2025-12-12T05:37:01.523" intervalms="96.786" />
<gc-start id="361" type="scavenge" contextid="360" timestamp="2025-12-12T05:37:01.524">
  <mem-info id="362" free="1765760" total="10485760" percent="16">
    <mem type="nursery" free="0" total="4194304" percent="0">
      <mem type="allocate" free="0" total="3735552" percent="0" />
      <mem type="survivor" free="0" total="458752" percent="0" />
    </mem>
    <mem type="tenure" free="1765760" total="6291456" percent="28">
      <mem type="soa" free="1450368" total="5976064" percent="24" />
      <mem type="loa" free="315392" total="315392" percent="100" />
    </mem>
    <remembered-set count="341" />
  </mem-info>
</gc-start>
<allocation-stats totalBytes="3545440" discardedBytes="65696" >
  <allocated-bytes non-tlh="682920" tlh="2862520" />
  <largest-consumer threadName="main" threadId="0000000000025A00" bytes="3545440" />
</allocation-stats>
<gc-op id="363" type="scavenge" timems="0.566" contextid="360" timestamp="2025-12-12T05:37:01.525">
  <scavenger-info tenureage="3" tenuremask="ffe8" tiltratio="89" />
  <memory-copied type="nursery" objects="2343" bytes="256680" bytesdiscarded="24784" />
  <memory-copied type="tenure" objects="654" bytes="22032" bytesdiscarded="264" />
  <references type="phantom" candidates="3" cleared="0" enqueued="0" />
  <object-monitors candidates="6" cleared="0"  />
</gc-op>
<gc-end id="364" type="scavenge" contextid="360" durationms="1.606" usertimems="0.593" systemtimems="0.388" stalltimems="0.180" timestamp="2025-12-12T05:37:01.525" activeThreads="2">
  <mem-info id="365" free="5186808" total="10485760" percent="49">
    <mem type="nursery" free="3454072" total="4194304" percent="82">
      <mem type="allocate" free="3454072" total="3735552" percent="92" />
      <mem type="survivor" free="0" total="458752" percent="0" />
    </mem>
    <mem type="tenure" free="1732736" total="6291456" percent="27">
      <mem type="soa" free="1417344" total="5976064" percent="23" />
      <mem type="loa" free="315392" total="315392" percent="100" />
    </mem>
    <remembered-set count="257" />
  </mem-info>
</gc-end>
<cycle-end id="366" type="scavenge" contextid="360" timestamp="2025-12-12T05:37:01.526" />
<allocation-satisfied id="367" threadId="0000000000025A00" bytesRequested="13408" />
<af-end id="368" timestamp="2025-12-12T05:37:01.526" threadId="0000000000026478" success="true" from="nursery"/>
<exclusive-end id="369" timestamp="2025-12-12T05:37:01.527" durationms="4.704" />

<exclusive-start id="370" timestamp="2025-12-12T05:37:01.599" intervalms="77.413">
  <response-info timems="0.053" idlems="0.053" threads="0" lastid="0000000000025A00" lastname="main" />
</exclusive-start>
<af-start id="371" threadId="0000000000026478" totalBytesRequested="8200" timestamp="2025-12-12T05:37:01.600" intervalms="77.546" type="nursery" />
<cycle-start id="372" type="scavenge" contextid="0" timestamp="2025-12-12T05:37:01.601" intervalms="77.486" />
<gc-start id="373" type="scavenge" contextid="372" timestamp="2025-12-12T05:37:01.601">
  <mem-info id="374" free="1732736" total="10485760" percent="16">
    <mem type="nursery" free="0" total="4194304" percent="0">
      <mem type="allocate" free="0" total="3735552" percent="0" />
      <mem type="survivor" free="0" total="458752" percent="0" />
    </mem>
    <mem type="tenure" free="1732736" total="6291456" percent="27">
      <mem type="soa" free="1417344" total="5976064" percent="23" />
      <mem type="loa" free="315392" total="315392" percent="100" />
    </mem>
    <remembered-set count="341" />
  </mem-info>
</gc-start>
<allocation-stats totalBytes="3319672" discardedBytes="134400" >
  <allocated-bytes non-tlh="479312" tlh="2840360" />
  <largest-consumer threadName="main" threadId="0000000000025A00" bytes="3319672" />
</allocation-stats>
<gc-op id="375" type="scavenge" timems="0.972" contextid="372" timestamp="2025-12-12T05:37:01.603">
  <scavenger-info tenureage="3" tenuremask="ffe8" tiltratio="89" />
  <memory-copied type="nursery" objects="2072" bytes="150480" bytesdiscarded="28584" />
  <memory-copied type="tenure" objects="749" bytes="25184" bytesdiscarded="0" />
  <references type="phantom" candidates="3" cleared="0" enqueued="0" />
  <object-monitors candidates="6" cleared="0"  />
</gc-op>
<gc-end id="376" type="scavenge" contextid="372" durationms="2.503" usertimems="2.345" systemtimems="0.000" stalltimems="0.192" timestamp="2025-12-12T05:37:01.604" activeThreads="2">
  <mem-info id="377" free="5268472" total="10485760" percent="50">
    <mem type="nursery" free="3556472" total="4194304" percent="84">
      <mem type="allocate" free="3556472" total="3735552" percent="95" />
      <mem type="survivor" free="0" total="458752" percent="0" />
    </mem>
    <mem type="tenure" free="1712000" total="6291456" percent="27">
      <mem type="soa" free="1396608" total="5976064" percent="23" />
      <mem type="loa" free="315392" total="315392" percent="100" />
    </mem>
    <remembered-set count="245" />
  </mem-info>
</gc-end>
<cycle-end id="378" type="scavenge" contextid="372" timestamp="2025-12-12T05:37:01.604" />
<allocation-satisfied id="379" threadId="0000000000025A00" bytesRequested="8200" />
<af-end id="380" timestamp="2025-12-12T05:37:01.605" threadId="0000000000026478" success="true" from="nursery"/>
<exclusive-end id="381" timestamp="2025-12-12T05:37:01.606" durationms="6.324" />

<exclusive-start id="382" timestamp="2025-12-12T05:37:01.689" intervalms="89.381">
  <response-info timems="0.034" idlems="0.034" threads="0" lastid="0000000000025A00" lastname="main" />
</exclusive-start>
<af-start id="383" threadId="0000000000026478" totalBytesRequested="1872" timestamp="2025-12-12T05:37:01.689" intervalms="89.143" type="nursery" />
<cycle-start id="384" type="scavenge" contextid="0" timestamp="2025-12-12T05:37:01.690" intervalms="89.100" />
<gc-start id="385" type="scavenge" contextid="384" timestamp="2025-12-12T05:37:01.690">
  <mem-info id="386" free="1712000" total="10485760" percent="16">
    <mem type="nursery" free="0" total="4194304" percent="0">
      <mem type="allocate" free="0" total="3735552" percent="0" />
      <mem type="survivor" free="0" total="458752" percent="0" />
    </mem>
    <mem type="tenure" free="1712000" total="6291456" percent="27">
      <mem type="soa" free="1396608" total="5976064" percent="23" />
      <mem type="loa" free="315392" total="315392" percent="100" />
    </mem>
    <remembered-set count="349" />
  </mem-info>
</gc-start>
<allocation-stats totalBytes="3484120" discardedBytes="72352" >
  <allocated-bytes non-tlh="389152" tlh="3094968" />
  <largest-consumer threadName="main" threadId="0000000000025A00" bytes="3484120" />
</allocation-stats>
<gc-op id="387" type="scavenge" timems="0.657" contextid="384" timestamp="2025-12-12T05:37:01.692">
  <scavenger-info tenureage="3" tenuremask="4008" tiltratio="89" />
  <memory-copied type="nursery" objects="1890" bytes="69064" bytesdiscarded="11568" />
  <memory-copied type="tenure" objects="869" bytes="44512" bytesdiscarded="0" />
  <references type="phantom" candidates="3" cleared="0" enqueued="0" />
  <object-monitors candidates="6" cleared="0"  />
</gc-op>
<gc-end id="388" type="scavenge" contextid="384" durationms="2.307" usertimems="0.845" systemtimems="0.571" stalltimems="0.068" timestamp="2025-12-12T05:37:01.692" activeThreads="2">
  <mem-info id="389" free="5311344" total="10485760" percent="50">
    <mem type="nursery" free="3654912" total="4194304" percent="87">
      <mem type="allocate" free="3654912" total="3735552" percent="97" />
      <mem type="survivor" free="0" total="458752" percent="0" />
    </mem>
    <mem type="tenure" free="1656432" total="6291456" percent="26">
      <mem type="soa" free="1341040" total="5976064" percent="22" />
      <mem type="loa" free="315392" total="315392" percent="100" />
    </mem>
    <remembered-set count="238" />
  </mem-info>
</gc-end>
<cycle-end id="390" type="scavenge" contextid="384" timestamp="2025-12-12T05:37:01.693" />
<allocation-satisfied id="391" threadId="0000000000025A00" bytesRequested="1872" />
<af-end id="392" timestamp="2025-12-12T05:37:01.694" threadId="0000000000026478" success="true" from="nursery"/>
<exclusive-end id="393" timestamp="2025-12-12T05:37:01.695" durationms="6.072" />

<exclusive-start id="394" timestamp="2025-12-12T05:37:01.805" intervalms="115.952">
  <response-info timems="0.045" idlems="0.045" threads="0" lastid="0000000000025A00" lastname="main" />
</exclusive-start>
<af-start id="395" threadId="0000000000026478" totalBytesRequested="201744" timestamp="2025-12-12T05:37:01.805" intervalms="116.136" type="nursery" />
<cycle-start id="396" type="scavenge" contextid="0" timestamp="2025-12-12T05:37:01.806" intervalms="116.146" />
<gc-start id="397" type="scavenge" contextid="396" timestamp="2025-12-12T05:37:01.806">
  <mem-info id="398" free="1656336" total="10485760" percent="15">
    <mem type="nursery" free="0" total="4194304" percent="0">
      <mem type="allocate" free="0" total="3735552" percent="0" />
      <mem type="survivor" free="0" total="458752" percent="0" />
    </mem>
    <mem type="tenure" free="1656336" total="6291456" percent="26">
      <mem type="soa" free="1340944" total="5976064" percent="22" />
      <mem type="loa" free="315392" total="315392" percent="100" />
    </mem>
    <remembered-set count="343" />
  </mem-info>
</gc-start>
<allocation-stats totalBytes="3580064" discardedBytes="74944" >
  <allocated-bytes non-tlh="671040" tlh="2909024" />
  <largest-consumer threadName="main" threadId="0000000000025A00" bytes="3580064" />
</allocation-stats>
<gc-op id="399" type="scavenge" timems="1.379" contextid="396" timestamp="2025-12-12T05:37:01.809">
  <scavenger-info tenureage="3" tenuremask="4008" tiltratio="89" />
  <memory-copied type="nursery" objects="1855" bytes="62336" bytesdiscarded="32888" />
  <memory-copied type="tenure" objects="612" bytes="20616" bytesdiscarded="0" />
  <references type="phantom" candidates="2" cleared="0" enqueued="0" />
  <object-monitors candidates="6" cleared="0"  />
</gc-op>
<gc-end id="400" type="scavenge" contextid="396" durationms="3.566" usertimems="2.780" systemtimems="0.000" stalltimems="0.716" timestamp="2025-12-12T05:37:01.810" activeThreads="2">
  <mem-info id="401" free="5296656" total="10485760" percent="50">
    <mem type="nursery" free="3640320" total="4194304" percent="86">
      <mem type="allocate" free="3640320" total="3735552" percent="97" />
      <mem type="survivor" free="0" total="458752" percent="0" />
    </mem>
    <mem type="tenure" free="1656336" total="6291456" percent="26">
      <mem type="soa" free="1340944" total="5976064" percent="22" />
      <mem type="loa" free="315392" total="315392" percent="100" />
    </mem>
    <remembered-set count="248" />
  </mem-info>
</gc-end>
<cycle-end id="402" type="scavenge" contextid="396" timestamp="2025-12-12T05:37:01.811" />
<allocation-satisfied id="403" threadId="0000000000025A00" bytesRequested="201744" />
<af-end id="404" timestamp="2025-12-12T05:37:01.812" threadId="0000000000026478" success="true" from="nursery"/>
<exclusive-end id="405" timestamp="2025-12-12T05:37:01.813" durationms="8.225" />

<exclusive-start id="406" timestamp="2025-12-12T05:37:01.937" intervalms="131.989">
  <response-info timems="0.046" idlems="0.046" threads="0" lastid="0000000000025A00" lastname="main" />
</exclusive-start>
<af-start id="407" threadId="0000000000026478" totalBytesRequested="12672" timestamp="2025-12-12T05:37:01.937" intervalms="132.057" type="nursery" />
<cycle-start id="408" type="scavenge" contextid="0" timestamp="2025-12-12T05:37:01.938" intervalms="132.136" />
<gc-start id="409" type="scavenge" contextid="408" timestamp="2025-12-12T05:37:01.939">
  <mem-info id="410" free="1656336" total="10485760" percent="15">
    <mem type="nursery" free="0" total="4194304" percent="0">
      <mem type="allocate" free="0" total="3735552" percent="0" />
      <mem type="survivor" free="0" total="458752" percent="0" />
    </mem>
    <mem type="tenure" free="1656336" total="6291456" percent="26">
      <mem type="soa" free="1340944" total="5976064" percent="22" />
      <mem type="loa" free="315392" total="315392" percent="100" />
    </mem>
    <remembered-set count="411" />
  </mem-info>
</gc-start>
<allocation-stats totalBytes="3623032" discardedBytes="17288" >
  <allocated-bytes non-tlh="301232" tlh="3321800" />
  <largest-consumer threadName="main" threadId="0000000000025A00" bytes="3623032" />
</allocation-stats>
<gc-op id="411" type="scavenge" timems="1.023" contextid="408" timestamp="2025-12-12T05:37:01.941">
  <scavenger-info tenureage="3" tenuremask="4008" tiltratio="89" />
  <memory-copied type="nursery" objects="2217" bytes="74704" bytesdiscarded="5928" />
  <memory-copied type="tenure" objects="538" bytes="17936" bytesdiscarded="0" />
  <references type="phantom" candidates="2" cleared="0" enqueued="0" />
  <object-monitors candidates="6" cleared="0"  />
</gc-op>
<gc-end id="412" type="scavenge" contextid="408" durationms="2.644" usertimems="1.017" systemtimems="0.699" stalltimems="0.495" timestamp="2025-12-12T05:37:01.942" activeThreads="2">
  <mem-info id="413" free="5311248" total="10485760" percent="50">
    <mem type="nursery" free="3654912" total="4194304" percent="87">
      <mem type="allocate" free="3654912" total="3735552" percent="97" />
      <mem type="survivor" free="0" total="458752" percent="0" />
    </mem>
    <mem type="tenure" free="1656336" total="6291456" percent="26">
      <mem type="soa" free="1340944" total="5976064" percent="22" />
      <mem type="loa" free="315392" total="315392" percent="100" />
    </mem>
    <remembered-set count="292" />
  </mem-info>
</gc-end>
<cycle-end id="414" type="scavenge" contextid="408" timestamp="2025-12-12T05:37:01.942" />
<allocation-satisfied id="415" threadId="0000000000025A00" bytesRequested="12672" />
<af-end id="416" timestamp="2025-12-12T05:37:01.943" threadId="0000000000026478" success="true" from="nursery"/>
<exclusive-end id="417" timestamp="2025-12-12T05:37:01.943" durationms="6.362" />

<exclusive-start id="418" timestamp="2025-12-12T05:37:02.022" intervalms="85.032">
  <response-info timems="0.027" idlems="0.027" threads="0" lastid="0000000000025A00" lastname="main" />
</exclusive-start>
<af-start id="419" threadId="0000000000026478" totalBytesRequested="56" timestamp="2025-12-12T05:37:02.022" intervalms="84.987" type="nursery" />
<cycle-start id="420" type="scavenge" contextid="0" timestamp="2025-12-12T05:37:02.023" intervalms="85.014" />
<gc-start id="421" type="scavenge" contextid="420" timestamp="2025-12-12T05:37:02.024">
  <mem-info id="422" free="1652240" total="10485760" percent="15">
    <mem type="nursery" free="0" total="4194304" percent="0">
      <mem type="allocate" free="0" total="3735552" percent="0" />
      <mem type="survivor" free="0" total="458752" percent="0" />
    </mem>
    <mem type="tenure" free="1652240" total="6291456" percent="26">
      <mem type="soa" free="1336848" total="5976064" percent="22" />
      <mem type="loa" free="315392" total="315392" percent="100" />
    </mem>
    <remembered-set count="500" />
  </mem-info>
</gc-start>
<allocation-stats totalBytes="3657736" discardedBytes="1272" >
  <allocated-bytes non-tlh="738872" tlh="2918864" />
  <largest-consumer threadName="main" threadId="0000000000025A00" bytes="3653640" />
</allocation-stats>
<gc-op id="423" type="scavenge" timems="1.383" contextid="420" timestamp="2025-12-12T05:37:02.026">
  <scavenger-info tenureage="2" tenuremask="400c" tiltratio="89" />
  <memory-copied type="nursery" objects="2986" bytes="158816" bytesdiscarded="15208" />
  <memory-copied type="tenure" objects="1296" bytes="43504" bytesdiscarded="40" />
  <finalization candidates="27" enqueued="16" />
  <ownableSynchronizers candidates="17" cleared="9" />
  <references type="soft" candidates="1" cleared="0" enqueued="0" dynamicThreshold="32" maxThreshold="32" />
  <references type="weak" candidates="24" cleared="9" enqueued="9" />
  <references type="phantom" candidates="15" cleared="3" enqueued="3" />
  <object-monitors candidates="7" cleared="0"  />
</gc-op>
<gc-end id="424" type="scavenge" contextid="420" durationms="3.192" usertimems="1.513" systemtimems="1.012" stalltimems="0.553" timestamp="2025-12-12T05:37:02.027" activeThreads="2">
  <mem-info id="425" free="5141392" total="10485760" percent="49">
    <mem type="nursery" free="3561344" total="4194304" percent="84">
      <mem type="allocate" free="3561344" total="3735552" percent="95" />
      <mem type="survivor" free="0" total="458752" percent="0" />
    </mem>
    <mem type="tenure" free="1580048" total="6291456" percent="25">
      <mem type="soa" free="1264656" total="5976064" percent="21" />
      <mem type="loa" free="315392" total="315392" percent="100" />
    </mem>
    <pending-finalizers system="16" default="0" reference="12" classloader="0" />
    <remembered-set count="360" />
  </mem-info>
</gc-end>
<cycle-end id="426" type="scavenge" contextid="420" timestamp="2025-12-12T05:37:02.027" />
<allocation-satisfied id="427" threadId="0000000000025A00" bytesRequested="56" />
<af-end id="428" timestamp="2025-12-12T05:37:02.028" threadId="0000000000026478" success="true" from="nursery"/>
<exclusive-end id="429" timestamp="2025-12-12T05:37:02.029" durationms="7.396" />

<exclusive-start id="430" timestamp="2025-12-12T05:37:02.082" intervalms="60.285">
  <response-info timems="0.319" idlems="0.225" threads="1" lastid="0000000000029600" lastname="JIT Compilation Thread-000" />
</exclusive-start>
<af-start id="431" threadId="0000000000026478" totalBytesRequested="4992" timestamp="2025-12-12T05:37:02.083" intervalms="60.408" type="nursery" />
<cycle-start id="432" type="scavenge" contextid="0" timestamp="2025-12-12T05:37:02.083" intervalms="60.418" />
<gc-start id="433" type="scavenge" contextid="432" timestamp="2025-12-12T05:37:02.084">
  <mem-info id="434" free="1567256" total="10485760" percent="14">
    <mem type="nursery" free="0" total="4194304" percent="0">
      <mem type="allocate" free="0" total="3735552" percent="0" />
      <mem type="survivor" free="0" total="458752" percent="0" />
    </mem>
    <mem type="tenure" free="1567256" total="6291456" percent="24">
      <mem type="soa" free="1251864" total="5976064" percent="20" />
      <mem type="loa" free="315392" total="315392" percent="100" />
    </mem>
    <remembered-set count="1159" />
  </mem-info>
</gc-start>
<allocation-stats totalBytes="3572360" discardedBytes="1776" >
  <allocated-bytes non-tlh="12848" tlh="3559512" />
  <largest-consumer threadName="main" threadId="0000000000025A00" bytes="3568264" />
</allocation-stats>
<gc-op id="435" type="scavenge" timems="2.454" contextid="432" timestamp="2025-12-12T05:37:02.088">
  <scavenger-info tenureage="2" tenuremask="4004" tiltratio="89" />
  <memory-copied type="nursery" objects="7162" bytes="457480" bytesdiscarded="272" />
  <memory-copied type="tenure" objects="6202" bytes="337360" bytesdiscarded="472" />
  <copy-failed type="nursery" objects="5302" bytes="307568" />
  <finalization candidates="81" enqueued="41" />
  <ownableSynchronizers candidates="114" cleared="61" />
  <references type="soft" candidates="14" cleared="0" enqueued="0" dynamicThreshold="32" maxThreshold="32" />
  <references type="weak" candidates="10" cleared="1" enqueued="1" />
  <references type="phantom" candidates="78" cleared="16" enqueued="16" />
  <object-monitors candidates="7" cleared="0"  />
</gc-op>
<heap-resize id="436" type="expand" space="nursery" amount="262144" count="1" timems="0.047" reason="excessive time being spent scavenging" timestamp="2025-12-12T05:37:02.089" />
<gc-end id="437" type="scavenge" contextid="432" durationms="5.704" usertimems="4.466" systemtimems="0.000" stalltimems="0.956" timestamp="2025-12-12T05:37:02.090" activeThreads="2">
  <mem-info id="438" free="3342840" total="10747904" percent="31">
    <mem type="nursery" free="2162688" total="4456448" percent="48">
      <mem type="allocate" free="2162688" total="2621440" percent="82" />
      <mem type="survivor" free="0" total="1835008" percent="0" />
    </mem>
    <mem type="tenure" free="1180152" total="6291456" percent="18">
      <mem type="soa" free="864760" total="5976064" percent="14" />
      <mem type="loa" free="315392" total="315392" percent="100" />
    </mem>
    <pending-finalizers system="41" default="0" reference="17" classloader="0" />
    <remembered-set count="1101" />
  </mem-info>
</gc-end>
<cycle-end id="439" type="scavenge" contextid="432" timestamp="2025-12-12T05:37:02.091" />
<allocation-satisfied id="440" threadId="0000000000025A00" bytesRequested="4992" />
<af-end id="441" timestamp="2025-12-12T05:37:02.092" threadId="0000000000026478" success="true" from="nursery"/>
<exclusive-end id="442" timestamp="2025-12-12T05:37:02.093" durationms="10.847" />

<exclusive-start id="443" timestamp="2025-12-12T05:37:02.124" intervalms="42.292">
  <response-info timems="0.136" idlems="0.088" threads="1" lastid="0000000000029600" lastname="JIT Compilation Thread-000" />
</exclusive-start>
<af-start id="444" threadId="0000000000026478" totalBytesRequested="40" timestamp="2025-12-12T05:37:02.125" intervalms="42.156" type="nursery" />
<cycle-start id="445" type="scavenge" contextid="0" timestamp="2025-12-12T05:37:02.126" intervalms="42.246" />
<gc-start id="446" type="scavenge" contextid="445" timestamp="2025-12-12T05:37:02.127">
  <mem-info id="447" free="1175856" total="10747904" percent="10">
    <mem type="nursery" free="0" total="4456448" percent="0">
      <mem type="allocate" free="0" total="2621440" percent="0" />
      <mem type="survivor" free="0" total="1835008" percent="0" />
    </mem>
    <mem type="tenure" free="1175856" total="6291456" percent="18">
      <mem type="soa" free="860464" total="5976064" percent="14" />
      <mem type="loa" free="315392" total="315392" percent="100" />
    </mem>
    <remembered-set count="1372" />
  </mem-info>
</gc-start>
<allocation-stats totalBytes="2165808" discardedBytes="1176" >
  <allocated-bytes non-tlh="9288" tlh="2156520" />
  <largest-consumer threadName="main" threadId="0000000000025A00" bytes="2161712" />
</allocation-stats>
<gc-op id="448" type="scavenge" timems="1.702" contextid="445" timestamp="2025-12-12T05:37:02.130">
  <scavenger-info tenureage="2" tenuremask="fff4" tiltratio="58" />
  <memory-copied type="nursery" objects="11964" bytes="675584" bytesdiscarded="41992" />
  <memory-copied type="tenure" objects="444" bytes="13568" bytesdiscarded="0" />
  <finalization candidates="40" enqueued="9" />
  <ownableSynchronizers candidates="38" cleared="2" />
  <references type="soft" candidates="13" cleared="0" enqueued="0" dynamicThreshold="32" maxThreshold="32" />
  <references type="weak" candidates="25" cleared="17" enqueued="17" />
  <references type="phantom" candidates="59" cleared="1" enqueued="1" />
  <object-monitors candidates="7" cleared="0"  />
</gc-op>
<heap-resize id="449" type="expand" space="nursery" amount="262144" count="1" timems="0.031" reason="excessive time being spent scavenging" timestamp="2025-12-12T05:37:02.130" />
<gc-end id="450" type="scavenge" contextid="445" durationms="4.503" usertimems="0.000" systemtimems="3.016" stalltimems="0.328" timestamp="2025-12-12T05:37:02.131" activeThreads="2">
  <mem-info id="451" free="3455984" total="11010048" percent="31">
    <mem type="nursery" free="2294720" total="4718592" percent="48">
      <mem type="allocate" free="2294720" total="3014656" percent="76" />
      <mem type="survivor" free="0" total="1703936" percent="0" />
    </mem>
    <mem type="tenure" free="1161264" total="6291456" percent="18">
      <mem type="soa" free="845872" total="5976064" percent="14" />
      <mem type="loa" free="315392" total="315392" percent="100" />
    </mem>
    <pending-finalizers system="9" default="0" reference="18" classloader="0" />
    <remembered-set count="1040" />
  </mem-info>
</gc-end>
<cycle-end id="452" type="scavenge" contextid="445" timestamp="2025-12-12T05:37:02.132" />
<allocation-satisfied id="453" threadId="0000000000025A00" bytesRequested="40" />
<af-end id="454" timestamp="2025-12-12T05:37:02.133" threadId="0000000000026478" success="true" from="nursery"/>
<exclusive-end id="455" timestamp="2025-12-12T05:37:02.134" durationms="9.560" />

<exclusive-start id="456" timestamp="2025-12-12T05:37:02.147" intervalms="22.512">
  <response-info timems="0.050" idlems="0.050" threads="0" lastid="0000000000025A00" lastname="main" />
</exclusive-start>
<af-start id="457" threadId="0000000000026478" totalBytesRequested="48" timestamp="2025-12-12T05:37:02.147" intervalms="22.548" type="nursery" />
<cycle-start id="458" type="scavenge" contextid="0" timestamp="2025-12-12T05:37:02.148" intervalms="22.403" />
<gc-start id="459" type="scavenge" contextid="458" timestamp="2025-12-12T05:37:02.149">
  <mem-info id="460" free="1160928" total="11010048" percent="10">
    <mem type="nursery" free="0" total="4718592" percent="0">
      <mem type="allocate" free="0" total="3014656" percent="0" />
      <mem type="survivor" free="0" total="1703936" percent="0" />
    </mem>
    <mem type="tenure" free="1160928" total="6291456" percent="18">
      <mem type="soa" free="845536" total="5976064" percent="14" />
      <mem type="loa" free="315392" total="315392" percent="100" />
    </mem>
    <remembered-set count="1072" />
  </mem-info>
</gc-start>
<allocation-stats totalBytes="2294024" discardedBytes="1032" >
  <allocated-bytes non-tlh="376" tlh="2293648" />
  <largest-consumer threadName="main" threadId="0000000000025A00" bytes="2294024" />
</allocation-stats>
<gc-op id="461" type="scavenge" timems="2.297" contextid="458" timestamp="2025-12-12T05:37:02.152">
  <scavenger-info tenureage="2" tenuremask="fff4" tiltratio="63" />
  <memory-copied type="nursery" objects="4481" bytes="144568" bytesdiscarded="12848" />
  <memory-copied type="tenure" objects="6528" bytes="439864" bytesdiscarded="1416" />
  <finalization candidates="34" enqueued="3" />
  <ownableSynchronizers candidates="35" cleared="0" />
  <references type="weak" candidates="3" cleared="0" enqueued="0" />
  <references type="phantom" candidates="1" cleared="0" enqueued="0" />
  <object-monitors candidates="7" cleared="0"  />
</gc-op>
<heap-resize id="462" type="expand" space="nursery" amount="524288" count="1" timems="0.030" reason="excessive time being spent scavenging" timestamp="2025-12-12T05:37:02.153" />
<gc-end id="463" type="scavenge" contextid="458" durationms="4.885" usertimems="1.234" systemtimems="2.326" stalltimems="1.385" timestamp="2025-12-12T05:37:02.153" activeThreads="2">
  <mem-info id="464" free="4169296" total="11534336" percent="36">
    <mem type="nursery" free="3447040" total="5242880" percent="65">
      <mem type="allocate" free="3447040" total="3604480" percent="95" />
      <mem type="survivor" free="0" total="1638400" percent="0" />
    </mem>
    <mem type="tenure" free="722256" total="6291456" percent="11">
      <mem type="soa" free="406864" total="5976064" percent="6" />
      <mem type="loa" free="315392" total="315392" percent="100" />
    </mem>
    <pending-finalizers system="3" default="0" reference="0" classloader="0" />
    <remembered-set count="411" />
  </mem-info>
</gc-end>
<cycle-end id="465" type="scavenge" contextid="458" timestamp="2025-12-12T05:37:02.154" />
<allocation-satisfied id="466" threadId="0000000000025A00" bytesRequested="48" />
<af-end id="467" timestamp="2025-12-12T05:37:02.155" threadId="0000000000026478" success="true" from="nursery"/>
<exclusive-end id="468" timestamp="2025-12-12T05:37:02.156" durationms="8.936" />

<concurrent-kickoff id="469" timestamp="2025-12-12T05:37:02.242">
  <kickoff reason="threshold reached" targetBytes="1867303" thresholdFreeBytes="258850"  remainingFree="227584" tenureFreeBytes="542256" nurseryFreeBytes="227584" />
</concurrent-kickoff>
<exclusive-start id="470" timestamp="2025-12-12T05:37:02.243" intervalms="96.454">
  <response-info timems="0.194" idlems="0.152" threads="1" lastid="00000000005F7800" lastname="Equinox start level thread - Equinox Container: cc537e8e-c7e5-4" />
</exclusive-start>
<cycle-start id="471" type="global" contextid="0" timestamp="2025-12-12T05:37:02.244" intervalms="3744.094" />
<concurrent-start id="472" type="global mark" contextid="471" timestamp="2025-12-12T05:37:02.245">
</concurrent-start>
<exclusive-end id="473" timestamp="2025-12-12T05:37:02.245" durationms="2.160" />

<concurrent-end id="474" type="global mark" contextid="471" timestamp="2025-12-12T05:37:02.255">
<gc-op id="475" type="trace" timems="9.954" contextid="471" timestamp="2025-12-12T05:37:02.255">
  <trace bytesTraced="2814532" workStackOverflowCount="0" />
  <card-cleaning reason="card cleaning threshold reached" bytesTraced="23948" cardsCleaned="67" />
</gc-op>
</concurrent-end>

<exclusive-start id="476" timestamp="2025-12-12T05:37:02.255" intervalms="12.334">
  <response-info timems="0.034" idlems="0.034" threads="0" lastid="00000000005F7800" lastname="Equinox start level thread - Equinox Container: cc537e8e-c7e5-4" />
</exclusive-start>
<concurrent-global-final id="477" timestamp="2025-12-12T05:37:02.256" contextid="471" intervalms="3756.154" >
  <concurrent-trace-info reason="card cleaning threshold reached" tracedByMutators="628880" tracedByHelpers="2209600" cardsCleaned="67" workStackOverflowCount="0" />
</concurrent-global-final>
<gc-start id="478" type="global" contextid="471" timestamp="2025-12-12T05:37:02.257">
  <mem-info id="479" free="531840" total="11534336" percent="4">
    <mem type="nursery" free="0" total="5242880" percent="0">
      <mem type="allocate" free="0" total="3604480" percent="0" />
      <mem type="survivor" free="0" total="1638400" percent="0" />
    </mem>
    <mem type="tenure" free="531840" total="6291456" percent="8">
      <mem type="soa" free="216448" total="5976064" percent="3" />
      <mem type="loa" free="315392" total="315392" percent="100" />
    </mem>
    <remembered-set count="3395" />
  </mem-info>
</gc-start>
<allocation-stats totalBytes="3633656" discardedBytes="3800" >
  <allocated-bytes non-tlh="190464" tlh="3443192" />
  <largest-consumer threadName="Equinox start level thread - Equinox Container: cc537e8e-c7e5-42b8-b3c7-5e4c4664095d" threadId="00000000005F3B00" bytes="1252352" />
</allocation-stats>
<gc-op id="480" type="rs-scan" timems="1.183" contextid="471" timestamp="2025-12-12T05:37:02.259">
  <scan objectsFound="9208" bytesTraced="419844" workStackOverflowCount="0" />
</gc-op>
<gc-op id="481" type="card-cleaning" timems="0.337" contextid="471" timestamp="2025-12-12T05:37:02.260">
  <card-cleaning cardsCleaned="13" bytesTraced="8560" workStackOverflowCount="0" />
</gc-op>
<gc-op id="482" type="mark" timems="4.527" contextid="471" timestamp="2025-12-12T05:37:02.265">
  <trace-info objectcount="4790" scancount="4058" scanbytes="128160" />
  <finalization candidates="903" enqueued="250" />
  <ownableSynchronizers candidates="118" cleared="3" />
  <references type="soft" candidates="3919" cleared="0" enqueued="0" dynamicThreshold="32" maxThreshold="32" />
  <references type="weak" candidates="1377" cleared="531" enqueued="531" />
  <references type="phantom" candidates="147" cleared="27" enqueued="27" />
  <stringconstants candidates="10554" cleared="48"  />
  <object-monitors candidates="15" cleared="6"  />
</gc-op>
<gc-op id="483" type="classunload" timems="0.020" contextid="471" timestamp="2025-12-12T05:37:02.265">
  <classunload-info classloadercandidates="18" classloadersunloaded="0" classesunloaded="0" anonymousclassesunloaded="0" quiescems="0.000" setupms="0.019" scanms="0.000" postms="0.000" />
</gc-op>
<gc-op id="484" type="sweep" timems="0.862" contextid="471" timestamp="2025-12-12T05:37:02.267" />
<heap-resize id="485" type="expand" space="tenure" amount="1441792" count="1" timems="0.054" reason="insufficient free space following gc" timestamp="2025-12-12T05:37:02.268" />
<gc-end id="486" type="global" contextid="471" durationms="11.781" usertimems="1.262" systemtimems="12.791" stalltimems="16.267" timestamp="2025-12-12T05:37:02.268" activeThreads="5">
  <mem-info id="487" free="4946816" total="12976128" percent="38">
    <mem type="nursery" free="2614288" total="5242880" percent="49">
      <mem type="allocate" free="2614288" total="3604480" percent="72" />
      <mem type="survivor" free="0" total="1638400" percent="0" />
    </mem>
    <mem type="tenure" free="2332528" total="7733248" percent="30" micro-fragmented="168482" macro-fragmented="0">
      <mem type="soa" free="1945456" total="7346176" percent="26" />
      <mem type="loa" free="387072" total="387072" percent="100" />
    </mem>
    <pending-finalizers system="250" default="0" reference="558" classloader="0" />
    <remembered-set count="2945" />
  </mem-info>
</gc-end>
<cycle-end id="488" type="global" contextid="471" timestamp="2025-12-12T05:37:02.269" />
<exclusive-end id="489" timestamp="2025-12-12T05:37:02.270" durationms="14.052" />

<exclusive-start id="490" timestamp="2025-12-12T05:37:02.335" intervalms="79.218">
  <response-info timems="0.045" idlems="0.045" threads="0" lastid="00000000005EC100" lastname="Equinox start level thread - Equinox Container: cc537e8e-c7e5-4" />
</exclusive-start>
<af-start id="491" threadId="00000000005ECB78" totalBytesRequested="72" timestamp="2025-12-12T05:37:02.336" intervalms="188.184" type="nursery" />
<cycle-start id="492" type="scavenge" contextid="0" timestamp="2025-12-12T05:37:02.336" intervalms="188.096" />
<gc-start id="493" type="scavenge" contextid="492" timestamp="2025-12-12T05:37:02.337">
  <mem-info id="494" free="2160520" total="12976128" percent="16">
    <mem type="nursery" free="0" total="5242880" percent="0">
      <mem type="allocate" free="0" total="3604480" percent="0" />
      <mem type="survivor" free="0" total="1638400" percent="0" />
    </mem>
    <mem type="tenure" free="2160520" total="7733248" percent="27">
      <mem type="soa" free="1773448" total="7346176" percent="24" />
      <mem type="loa" free="387072" total="387072" percent="100" />
    </mem>
    <remembered-set count="5116" />
  </mem-info>
</gc-start>
<allocation-stats totalBytes="2738208" discardedBytes="29256" >
  <allocated-bytes non-tlh="556616" tlh="2181592" />
  <largest-consumer threadName="Equinox start level thread - Equinox Container: cc537e8e-c7e5-42b8-b3c7-5e4c4664095d" threadId="00000000005EC100" bytes="1453736" />
</allocation-stats>
<gc-op id="495" type="scavenge" timems="2.906" contextid="492" timestamp="2025-12-12T05:37:02.341">
  <scavenger-info tenureage="4" tenuremask="fff0" tiltratio="68" />
  <memory-copied type="nursery" objects="21071" bytes="853048" bytesdiscarded="9672" />
  <finalization candidates="359" enqueued="112" />
  <ownableSynchronizers candidates="321" cleared="212" />
  <references type="soft" candidates="279" cleared="0" enqueued="0" dynamicThreshold="9" maxThreshold="32" />
  <references type="weak" candidates="902" cleared="494" enqueued="491" />
  <references type="phantom" candidates="29" cleared="23" enqueued="23" />
  <object-monitors candidates="10" cleared="0"  />
</gc-op>
<gc-end id="496" type="scavenge" contextid="492" durationms="4.990" usertimems="2.426" systemtimems="3.165" stalltimems="0.657" timestamp="2025-12-12T05:37:02.342" activeThreads="2">
  <mem-info id="497" free="4702328" total="12976128" percent="36">
    <mem type="nursery" free="2541808" total="5242880" percent="48">
      <mem type="allocate" free="2541808" total="3407872" percent="74" />
      <mem type="survivor" free="0" total="1835008" percent="0" />
    </mem>
    <mem type="tenure" free="2160520" total="7733248" percent="27">
      <mem type="soa" free="1773448" total="7346176" percent="24" />
      <mem type="loa" free="387072" total="387072" percent="100" />
    </mem>
    <pending-finalizers system="112" default="0" reference="514" classloader="0" />
    <remembered-set count="4910" />
  </mem-info>
</gc-end>
<cycle-end id="498" type="scavenge" contextid="492" timestamp="2025-12-12T05:37:02.342" />
<allocation-satisfied id="499" threadId="00000000005EC100" bytesRequested="72" />
<af-end id="500" timestamp="2025-12-12T05:37:02.343" threadId="00000000005ECB78" success="true" from="nursery"/>
<exclusive-end id="501" timestamp="2025-12-12T05:37:02.344" durationms="9.234" />

<exclusive-start id="502" timestamp="2025-12-12T05:37:02.385" intervalms="50.405">
  <response-info timems="0.262" idlems="0.161" threads="1" lastid="000000000002D300" lastname="JIT Compilation Thread-001" />
</exclusive-start>
<af-start id="503" threadId="00000000005F0878" totalBytesRequested="24" timestamp="2025-12-12T05:37:02.386" intervalms="50.566" type="nursery" />
<cycle-start id="504" type="scavenge" contextid="0" timestamp="2025-12-12T05:37:02.387" intervalms="50.483" />
<gc-start id="505" type="scavenge" contextid="504" timestamp="2025-12-12T05:37:02.387">
  <mem-info id="506" free="2151304" total="12976128" percent="16">
    <mem type="nursery" free="0" total="5242880" percent="0">
      <mem type="allocate" free="0" total="3407872" percent="0" />
      <mem type="survivor" free="0" total="1835008" percent="0" />
    </mem>
    <mem type="tenure" free="2151304" total="7733248" percent="27">
      <mem type="soa" free="1764232" total="7346176" percent="24" />
      <mem type="loa" free="387072" total="387072" percent="100" />
    </mem>
    <remembered-set count="5091" />
  </mem-info>
</gc-start>
<allocation-stats totalBytes="2548552" discardedBytes="240" >
  <allocated-bytes non-tlh="7056" tlh="2541496" />
  <largest-consumer threadName="Equinox start level thread - Equinox Container: cc537e8e-c7e5-42b8-b3c7-5e4c4664095d" threadId="00000000005EC100" bytes="2127528" />
</allocation-stats>
<gc-op id="507" type="scavenge" timems="2.636" contextid="504" timestamp="2025-12-12T05:37:02.391">
  <scavenger-info tenureage="4" tenuremask="fff0" tiltratio="65" />
  <memory-copied type="nursery" objects="23089" bytes="918704" bytesdiscarded="29680" />
  <finalization candidates="247" enqueued="0" />
  <ownableSynchronizers candidates="209" cleared="44" />
  <references type="soft" candidates="301" cleared="0" enqueued="0" dynamicThreshold="9" maxThreshold="32" />
  <references type="weak" candidates="475" cleared="30" enqueued="30" />
  <references type="phantom" candidates="6" cleared="0" enqueued="0" />
  <object-monitors candidates="10" cleared="0"  />
</gc-op>
<gc-end id="508" type="scavenge" contextid="504" durationms="3.939" usertimems="4.940" systemtimems="0.000" stalltimems="0.506" timestamp="2025-12-12T05:37:02.391" activeThreads="2">
  <mem-info id="509" free="5067376" total="12976128" percent="39">
    <mem type="nursery" free="2916072" total="5242880" percent="55">
      <mem type="allocate" free="2916072" total="3866624" percent="75" />
      <mem type="survivor" free="0" total="1376256" percent="0" />
    </mem>
    <mem type="tenure" free="2151304" total="7733248" percent="27">
      <mem type="soa" free="1764232" total="7346176" percent="24" />
      <mem type="loa" free="387072" total="387072" percent="100" />
    </mem>
    <pending-finalizers system="0" default="0" reference="30" classloader="0" />
    <remembered-set count="5023" />
  </mem-info>
</gc-end>
<cycle-end id="510" type="scavenge" contextid="504" timestamp="2025-12-12T05:37:02.392" />
<allocation-satisfied id="511" threadId="00000000005EFE00" bytesRequested="24" />
<af-end id="512" timestamp="2025-12-12T05:37:02.393" threadId="00000000005F0878" success="true" from="nursery"/>
<exclusive-end id="513" timestamp="2025-12-12T05:37:02.393" durationms="7.897" />

<exclusive-start id="514" timestamp="2025-12-12T05:37:02.438" intervalms="52.508">
  <response-info timems="0.042" idlems="0.042" threads="0" lastid="00000000005E4400" lastname="Start Level: Equinox Container: cc537e8e-c7e5-42b8-b3c7-5e4c466" />
</exclusive-start>
<af-start id="515" threadId="00000000005E4E78" totalBytesRequested="24" timestamp="2025-12-12T05:37:02.438" intervalms="52.167" type="nursery" />
<cycle-start id="516" type="scavenge" contextid="0" timestamp="2025-12-12T05:37:02.439" intervalms="52.218" />
<gc-start id="517" type="scavenge" contextid="516" timestamp="2025-12-12T05:37:02.440">
  <mem-info id="518" free="2089576" total="12976128" percent="16">
    <mem type="nursery" free="0" total="5242880" percent="0">
      <mem type="allocate" free="0" total="3866624" percent="0" />
      <mem type="survivor" free="0" total="1376256" percent="0" />
    </mem>
    <mem type="tenure" free="2089576" total="7733248" percent="27">
      <mem type="soa" free="1702504" total="7346176" percent="23" />
      <mem type="loa" free="387072" total="387072" percent="100" />
    </mem>
    <remembered-set count="5775" />
  </mem-info>
</gc-start>
<allocation-stats totalBytes="2964416" discardedBytes="1496" >
  <allocated-bytes non-tlh="82648" tlh="2881768" />
  <largest-consumer threadName="Equinox start level thread - Equinox Container: cc537e8e-c7e5-42b8-b3c7-5e4c4664095d" threadId="00000000005EFE00" bytes="1258664" />
</allocation-stats>
<gc-op id="519" type="scavenge" timems="3.454" contextid="516" timestamp="2025-12-12T05:37:02.444">
  <scavenger-info tenureage="3" tenuremask="fff8" tiltratio="73" />
  <memory-copied type="nursery" objects="32370" bytes="1271232" bytesdiscarded="12944" />
  <memory-copied type="tenure" objects="673" bytes="29800" bytesdiscarded="200" />
  <finalization candidates="259" enqueued="12" />
  <ownableSynchronizers candidates="686" cleared="216" />
  <references type="soft" candidates="574" cleared="0" enqueued="0" dynamicThreshold="9" maxThreshold="32" />
  <references type="weak" candidates="800" cleared="243" enqueued="243" />
  <references type="phantom" candidates="11" cleared="5" enqueued="5" />
  <object-monitors candidates="12" cleared="0"  />
</gc-op>
<heap-resize id="520" type="expand" space="nursery" amount="393216" count="1" timems="0.044" reason="excessive time being spent scavenging" timestamp="2025-12-12T05:37:02.445" />
<gc-end id="521" type="scavenge" contextid="516" durationms="6.070" usertimems="7.102" systemtimems="0.000" stalltimems="0.430" timestamp="2025-12-12T05:37:02.446" activeThreads="2">
  <mem-info id="522" free="4305544" total="13369344" percent="32">
    <mem type="nursery" free="2250224" total="5636096" percent="39">
      <mem type="allocate" free="2250224" total="3538944" percent="63" />
      <mem type="survivor" free="0" total="2097152" percent="0" />
    </mem>
    <mem type="tenure" free="2055320" total="7733248" percent="26">
      <mem type="soa" free="1668248" total="7346176" percent="22" />
      <mem type="loa" free="387072" total="387072" percent="100" />
    </mem>
    <pending-finalizers system="12" default="0" reference="248" classloader="0" />
    <remembered-set count="2062" />
  </mem-info>
</gc-end>
<cycle-end id="523" type="scavenge" contextid="516" timestamp="2025-12-12T05:37:02.446" />
<allocation-satisfied id="524" threadId="00000000005E4400" bytesRequested="24" />
<af-end id="525" timestamp="2025-12-12T05:37:02.447" threadId="00000000005E4E78" success="true" from="nursery"/>
<exclusive-end id="526" timestamp="2025-12-12T05:37:02.447" durationms="9.460" />

<exclusive-start id="527" timestamp="2025-12-12T05:37:02.509" intervalms="71.665">
  <response-info timems="0.479" idlems="0.273" threads="1" lastid="0000000000031000" lastname="JIT Compilation Thread-002" />
</exclusive-start>
<af-start id="528" threadId="0000000000832478" totalBytesRequested="8200" timestamp="2025-12-12T05:37:02.510" intervalms="71.894" type="nursery" />
<cycle-start id="529" type="scavenge" contextid="0" timestamp="2025-12-12T05:37:02.511" intervalms="72.651" />
<gc-start id="530" type="scavenge" contextid="529" timestamp="2025-12-12T05:37:02.512">
  <mem-info id="531" free="2012912" total="13369344" percent="15">
    <mem type="nursery" free="0" total="5636096" percent="0">
      <mem type="allocate" free="0" total="3538944" percent="0" />
      <mem type="survivor" free="0" total="2097152" percent="0" />
    </mem>
    <mem type="tenure" free="2012912" total="7733248" percent="26">
      <mem type="soa" free="1625840" total="7346176" percent="22" />
      <mem type="loa" free="387072" total="387072" percent="100" />
    </mem>
    <remembered-set count="2676" />
  </mem-info>
</gc-start>
<allocation-stats totalBytes="2261040" discardedBytes="30928" >
  <allocated-bytes non-tlh="41768" tlh="2219272" />
  <largest-consumer threadName="Default Executor-thread-1" threadId="0000000000831A00" bytes="1102384" />
</allocation-stats>
<gc-op id="532" type="scavenge" timems="5.100" contextid="529" timestamp="2025-12-12T05:37:02.518">
  <scavenger-info tenureage="6" tenuremask="ffc0" tiltratio="62" />
  <memory-copied type="nursery" objects="41478" bytes="1618280" bytesdiscarded="25672" />
  <finalization candidates="238" enqueued="3" />
  <ownableSynchronizers candidates="568" cleared="34" />
  <references type="soft" candidates="683" cleared="0" enqueued="0" dynamicThreshold="9" maxThreshold="32" />
  <references type="weak" candidates="829" cleared="218" enqueued="217" />
  <references type="phantom" candidates="8" cleared="1" enqueued="1" />
  <object-monitors candidates="14" cleared="1"  />
</gc-op>
<heap-resize id="533" type="expand" space="nursery" amount="262144" count="1" timems="0.139" reason="excessive time being spent scavenging" timestamp="2025-12-12T05:37:02.519" />
<gc-end id="534" type="scavenge" contextid="529" durationms="7.534" usertimems="9.691" systemtimems="0.806" stalltimems="0.694" timestamp="2025-12-12T05:37:02.520" activeThreads="2">
  <mem-info id="535" free="3772312" total="13631488" percent="27">
    <mem type="nursery" free="1759400" total="5898240" percent="29">
      <mem type="allocate" free="1759400" total="3407872" percent="51" />
      <mem type="survivor" free="0" total="2490368" percent="0" />
    </mem>
    <mem type="tenure" free="2012912" total="7733248" percent="26">
      <mem type="soa" free="1625840" total="7346176" percent="22" />
      <mem type="loa" free="387072" total="387072" percent="100" />
    </mem>
    <pending-finalizers system="3" default="0" reference="218" classloader="0" />
    <remembered-set count="2540" />
  </mem-info>
</gc-end>
<cycle-end id="536" type="scavenge" contextid="529" timestamp="2025-12-12T05:37:02.520" />
<allocation-satisfied id="537" threadId="0000000000831A00" bytesRequested="8200" />
<af-end id="538" timestamp="2025-12-12T05:37:02.521" threadId="0000000000832478" success="true" from="nursery"/>
<exclusive-end id="539" timestamp="2025-12-12T05:37:02.522" durationms="12.485" />

<exclusive-start id="540" timestamp="2025-12-12T05:37:02.548" intervalms="38.664">
  <response-info timems="0.062" idlems="0.062" threads="0" lastid="0000000000831A00" lastname="Default Executor-thread-1" />
</exclusive-start>
<af-start id="541" threadId="0000000000832478" totalBytesRequested="16392" timestamp="2025-12-12T05:37:02.549" intervalms="38.805" type="nursery" />
<cycle-start id="542" type="scavenge" contextid="0" timestamp="2025-12-12T05:37:02.549" intervalms="37.993" />
<gc-start id="543" type="scavenge" contextid="542" timestamp="2025-12-12T05:37:02.550">
  <mem-info id="544" free="2012696" total="13631488" percent="14">
    <mem type="nursery" free="0" total="5898240" percent="0">
      <mem type="allocate" free="0" total="3407872" percent="0" />
      <mem type="survivor" free="0" total="2490368" percent="0" />
    </mem>
    <mem type="tenure" free="2012696" total="7733248" percent="26">
      <mem type="soa" free="1625624" total="7346176" percent="22" />
      <mem type="loa" free="387072" total="387072" percent="100" />
    </mem>
    <remembered-set count="2550" />
  </mem-info>
</gc-start>
<allocation-stats totalBytes="1718920" discardedBytes="40696" >
  <allocated-bytes non-tlh="8416" tlh="1710504" />
  <largest-consumer threadName="Default Executor-thread-1" threadId="0000000000831A00" bytes="1714824" />
</allocation-stats>
<gc-op id="545" type="scavenge" timems="3.218" contextid="542" timestamp="2025-12-12T05:37:02.554">
  <scavenger-info tenureage="3" tenuremask="fff8" tiltratio="57" />
  <memory-copied type="nursery" objects="24335" bytes="930464" bytesdiscarded="117880" />
  <memory-copied type="tenure" objects="21244" bytes="846896" bytesdiscarded="752" />
  <finalization candidates="235" enqueued="0" />
  <ownableSynchronizers candidates="534" cleared="0" />
  <references type="soft" candidates="382" cleared="0" enqueued="0" dynamicThreshold="9" maxThreshold="32" />
  <references type="weak" candidates="171" cleared="1" enqueued="1" />
  <references type="phantom" candidates="2" cleared="0" enqueued="0" />
  <object-monitors candidates="13" cleared="0"  />
</gc-op>
<heap-resize id="546" type="expand" space="nursery" amount="393216" count="1" timems="0.034" reason="excessive time being spent scavenging" timestamp="2025-12-12T05:37:02.555" />
<gc-end id="547" type="scavenge" contextid="542" durationms="4.954" usertimems="6.158" systemtimems="2.889" stalltimems="1.179" timestamp="2025-12-12T05:37:02.555" activeThreads="3">
  <mem-info id="548" free="3873984" total="14024704" percent="27">
    <mem type="nursery" free="2750464" total="6291456" percent="43">
      <mem type="allocate" free="2750464" total="3801088" percent="72" />
      <mem type="survivor" free="0" total="2490368" percent="0" />
    </mem>
    <mem type="tenure" free="1123520" total="7733248" percent="14">
      <mem type="soa" free="736448" total="7346176" percent="10" />
      <mem type="loa" free="387072" total="387072" percent="100" />
    </mem>
    <pending-finalizers system="0" default="0" reference="1" classloader="0" />
    <remembered-set count="1112" />
  </mem-info>
</gc-end>
<cycle-end id="549" type="scavenge" contextid="542" timestamp="2025-12-12T05:37:02.555" />
<allocation-satisfied id="550" threadId="0000000000831A00" bytesRequested="16392" />
<af-end id="551" timestamp="2025-12-12T05:37:02.556" threadId="0000000000832478" success="true" from="nursery"/>
<exclusive-end id="552" timestamp="2025-12-12T05:37:02.556" durationms="8.526" />

<concurrent-kickoff id="553" timestamp="2025-12-12T05:37:02.581">
  <kickoff reason="threshold reached" targetBytes="2507350" thresholdFreeBytes="346082"  remainingFree="272384" tenureFreeBytes="1123472" nurseryFreeBytes="272384" />
</concurrent-kickoff>
<exclusive-start id="554" timestamp="2025-12-12T05:37:02.582" intervalms="34.312">
  <response-info timems="0.037" idlems="0.037" threads="0" lastid="0000000000831A00" lastname="Default Executor-thread-1" />
</exclusive-start>
<cycle-start id="555" type="global" contextid="0" timestamp="2025-12-12T05:37:02.583" intervalms="338.937" />
<concurrent-start id="556" type="global mark" contextid="555" timestamp="2025-12-12T05:37:02.584">
</concurrent-start>
<exclusive-end id="557" timestamp="2025-12-12T05:37:02.584" durationms="1.897" />

<exclusive-start id="558" timestamp="2025-12-12T05:37:02.590" intervalms="7.370">
  <response-info timems="0.037" idlems="0.037" threads="0" lastid="0000000000831A00" lastname="Default Executor-thread-1" />
</exclusive-start>
<af-start id="559" threadId="0000000000832478" totalBytesRequested="5000" timestamp="2025-12-12T05:37:02.590" intervalms="41.245" type="nursery" />
<cycle-start id="560" type="scavenge" contextid="0" timestamp="2025-12-12T05:37:02.591" intervalms="41.407" />
<gc-start id="561" type="scavenge" contextid="560" timestamp="2025-12-12T05:37:02.591">
  <mem-info id="562" free="1123472" total="14024704" percent="8">
    <mem type="nursery" free="0" total="6291456" percent="0">
      <mem type="allocate" free="0" total="3801088" percent="0" />
      <mem type="survivor" free="0" total="2490368" percent="0" />
    </mem>
    <mem type="tenure" free="1123472" total="7733248" percent="14">
      <mem type="soa" free="736400" total="7346176" percent="10" />
      <mem type="loa" free="387072" total="387072" percent="100" />
    </mem>
    <remembered-set count="1113" />
  </mem-info>
</gc-start>
<allocation-stats totalBytes="2739656" discardedBytes="10856" >
  <allocated-bytes non-tlh="16440" tlh="2723216" />
  <largest-consumer threadName="Default Executor-thread-1" threadId="0000000000831A00" bytes="2739656" />
</allocation-stats>
<gc-op id="563" type="scavenge" timems="2.248" contextid="560" timestamp="2025-12-12T05:37:02.595">
  <scavenger-info tenureage="3" tenuremask="ffc8" tiltratio="60" />
  <memory-copied type="nursery" objects="21220" bytes="801728" bytesdiscarded="67400" />
  <memory-copied type="tenure" objects="10209" bytes="394096" bytesdiscarded="192" />
  <ownableSynchronizers candidates="371" cleared="0" />
  <references type="soft" candidates="109" cleared="0" enqueued="0" dynamicThreshold="9" maxThreshold="32" />
  <references type="weak" candidates="55" cleared="0" enqueued="0" />
  <references type="phantom" candidates="1" cleared="0" enqueued="0" />
  <object-monitors candidates="13" cleared="0"  />
</gc-op>
<heap-resize id="564" type="expand" space="nursery" amount="262144" count="1" timems="0.034" reason="excessive time being spent scavenging" timestamp="2025-12-12T05:37:02.595" />
<gc-end id="565" type="scavenge" contextid="560" durationms="4.384" usertimems="1.462" systemtimems="4.700" stalltimems="3.163" timestamp="2025-12-12T05:37:02.596" activeThreads="4">
  <mem-info id="566" free="4023184" total="14286848" percent="28">
    <mem type="nursery" free="3455760" total="6553600" percent="52">
      <mem type="allocate" free="3455760" total="4325376" percent="79" />
      <mem type="survivor" free="0" total="2228224" percent="0" />
    </mem>
    <mem type="tenure" free="567424" total="7733248" percent="7">
      <mem type="soa" free="180352" total="7346176" percent="2" />
      <mem type="loa" free="387072" total="387072" percent="100" />
    </mem>
    <remembered-set count="423" />
  </mem-info>
</gc-end>
<cycle-end id="567" type="scavenge" contextid="560" timestamp="2025-12-12T05:37:02.596" />
<allocation-satisfied id="568" threadId="0000000000831A00" bytesRequested="5000" />
<af-end id="569" timestamp="2025-12-12T05:37:02.597" threadId="0000000000832478" success="true" from="nursery"/>
<exclusive-end id="570" timestamp="2025-12-12T05:37:02.598" durationms="8.014" />

<exclusive-start id="571" timestamp="2025-12-12T05:37:02.638" intervalms="48.673">
  <response-info timems="0.035" idlems="0.035" threads="0" lastid="0000000000831A00" lastname="Default Executor-thread-1" />
</exclusive-start>
<af-start id="572" threadId="0000000000832478" totalBytesRequested="16392" timestamp="2025-12-12T05:37:02.639" intervalms="49.070" type="nursery" />
<percolate-collect id="573" from="nursery" to="global" reason="concurrent mark exhausted" timestamp="2025-12-12T05:37:02.640"/>
<concurrent-end id="574" type="global mark" contextid="555" timestamp="2025-12-12T05:37:02.641">
<gc-op id="575" type="trace" timems="54.731" contextid="555" timestamp="2025-12-12T05:37:02.641">
  <trace bytesTraced="3871848" workStackOverflowCount="0" />
  <card-cleaning reason="card cleaning threshold reached" bytesTraced="27856" cardsCleaned="73" />
</gc-op>
</concurrent-end>

<gc-start id="576" type="global" contextid="555" timestamp="2025-12-12T05:37:02.643">
  <mem-info id="577" free="567424" total="14286848" percent="3">
    <mem type="nursery" free="0" total="6553600" percent="0">
      <mem type="allocate" free="0" total="4325376" percent="0" />
      <mem type="survivor" free="0" total="2228224" percent="0" />
    </mem>
    <mem type="tenure" free="567424" total="7733248" percent="7">
      <mem type="soa" free="180352" total="7346176" percent="2" />
      <mem type="loa" free="387072" total="387072" percent="100" />
    </mem>
    <remembered-set count="423" />
  </mem-info>
</gc-start>
<allocation-stats totalBytes="3396448" discardedBytes="59312" >
  <allocated-bytes non-tlh="5000" tlh="3391448" />
  <largest-consumer threadName="Default Executor-thread-1" threadId="0000000000831A00" bytes="3396448" />
</allocation-stats>
<concurrent-halted id="578" timestamp="2025-12-12T05:37:02.644">
  <halted state="Complete" status="exhausted" />
  <traced bytesTarget="2489859" bytesTotal="3899704" bytesByMutator="397192" bytesByHelper="3502512" percent="156" />
  <cards cleaned="73" thresholdBytes="136335" />
</concurrent-halted>
<gc-op id="579" type="rs-scan" timems="1.343" contextid="555" timestamp="2025-12-12T05:37:02.646">
  <scan objectsFound="22272" bytesTraced="689544" workStackOverflowCount="0" />
</gc-op>
<gc-op id="580" type="card-cleaning" timems="0.380" contextid="555" timestamp="2025-12-12T05:37:02.647">
  <card-cleaning cardsCleaned="2" bytesTraced="1144" workStackOverflowCount="0" />
</gc-op>
<gc-op id="581" type="mark" timems="4.101" contextid="555" timestamp="2025-12-12T05:37:02.651">
  <trace-info objectcount="3707" scancount="2007" scanbytes="54528" />
  <finalization candidates="729" enqueued="0" />
  <ownableSynchronizers candidates="620" cleared="0" />
  <references type="soft" candidates="4480" cleared="0" enqueued="0" dynamicThreshold="9" maxThreshold="32" />
  <references type="weak" candidates="1243" cleared="0" enqueued="0" />
  <references type="phantom" candidates="123" cleared="0" enqueued="0" />
  <stringconstants candidates="12407" cleared="18"  />
  <object-monitors candidates="13" cleared="0"  />
</gc-op>
<gc-op id="582" type="classunload" timems="0.012" contextid="555" timestamp="2025-12-12T05:37:02.652">
  <classunload-info classloadercandidates="31" classloadersunloaded="0" classesunloaded="0" anonymousclassesunloaded="0" quiescems="0.000" setupms="0.011" scanms="0.000" postms="0.000" />
</gc-op>
<gc-op id="583" type="sweep" timems="0.707" contextid="555" timestamp="2025-12-12T05:37:02.653" />
<heap-resize id="584" type="expand" space="tenure" amount="2228224" count="1" timems="0.041" reason="insufficient free space following gc" timestamp="2025-12-12T05:37:02.654" />
<gc-end id="585" type="global" contextid="555" durationms="11.373" usertimems="4.846" systemtimems="10.331" stalltimems="18.530" timestamp="2025-12-12T05:37:02.654" activeThreads="6">
  <mem-info id="586" free="5630896" total="16515072" percent="34">
    <mem type="nursery" free="2605848" total="6553600" percent="39">
      <mem type="allocate" free="2605848" total="4325376" percent="60" />
      <mem type="survivor" free="0" total="2228224" percent="0" />
    </mem>
    <mem type="tenure" free="3025048" total="9961472" percent="30" micro-fragmented="159942" macro-fragmented="0">
      <mem type="soa" free="2526360" total="9462784" percent="26" />
      <mem type="loa" free="498688" total="498688" percent="100" />
    </mem>
    <remembered-set count="421" />
  </mem-info>
</gc-end>
<cycle-end id="587" type="global" contextid="555" timestamp="2025-12-12T05:37:02.655" />
<allocation-satisfied id="588" threadId="0000000000831A00" bytesRequested="16392" />
<af-end id="589" timestamp="2025-12-12T05:37:02.656" threadId="0000000000832478" success="true" from="nursery"/>
<exclusive-end id="590" timestamp="2025-12-12T05:37:02.656" durationms="18.029" />

<exclusive-start id="591" timestamp="2025-12-12T05:37:02.681" intervalms="42.694">
  <response-info timems="0.035" idlems="0.035" threads="0" lastid="0000000000831A00" lastname="Default Executor-thread-1" />
</exclusive-start>
<af-start id="592" threadId="0000000000832478" totalBytesRequested="16392" timestamp="2025-12-12T05:37:02.682" intervalms="42.219" type="nursery" />
<cycle-start id="593" type="scavenge" contextid="0" timestamp="2025-12-12T05:37:02.682" intervalms="91.230" />
<gc-start id="594" type="scavenge" contextid="593" timestamp="2025-12-12T05:37:02.683">
  <mem-info id="595" free="3032072" total="16515072" percent="18">
    <mem type="nursery" free="7024" total="6553600" percent="0">
      <mem type="allocate" free="7024" total="4325376" percent="0" />
      <mem type="survivor" free="0" total="2228224" percent="0" />
    </mem>
    <mem type="tenure" free="3025048" total="9961472" percent="30">
      <mem type="soa" free="2526360" total="9462784" percent="26" />
      <mem type="loa" free="498688" total="498688" percent="100" />
    </mem>
    <remembered-set count="421" />
  </mem-info>
</gc-start>
<allocation-stats totalBytes="2565168" discardedBytes="23064" >
  <allocated-bytes non-tlh="1115504" tlh="1449664" />
  <largest-consumer threadName="Default Executor-thread-1" threadId="0000000000831A00" bytes="2565168" />
</allocation-stats>
<gc-op id="596" type="scavenge" timems="2.017" contextid="593" timestamp="2025-12-12T05:37:02.686">
  <scavenger-info tenureage="3" tenuremask="7008" tiltratio="66" />
  <memory-copied type="nursery" objects="27432" bytes="960912" bytesdiscarded="44392" />
  <memory-copied type="tenure" objects="9633" bytes="365680" bytesdiscarded="1120" />
  <ownableSynchronizers candidates="1175" cleared="1110" />
  <references type="phantom" candidates="1" cleared="0" enqueued="0" />
  <object-monitors candidates="13" cleared="0"  />
</gc-op>
<gc-end id="597" type="scavenge" contextid="593" durationms="3.309" usertimems="4.198" systemtimems="1.990" stalltimems="1.763" timestamp="2025-12-12T05:37:02.686" activeThreads="4">
  <mem-info id="598" free="6110032" total="16515072" percent="36">
    <mem type="nursery" free="3582208" total="6553600" percent="54">
      <mem type="allocate" free="3582208" total="4587520" percent="78" />
      <mem type="survivor" free="0" total="1966080" percent="0" />
    </mem>
    <mem type="tenure" free="2527824" total="9961472" percent="25">
      <mem type="soa" free="2029136" total="9462784" percent="21" />
      <mem type="loa" free="498688" total="498688" percent="100" />
    </mem>
    <remembered-set count="250" />
  </mem-info>
</gc-end>
<cycle-end id="599" type="scavenge" contextid="593" timestamp="2025-12-12T05:37:02.687" />
<allocation-satisfied id="600" threadId="0000000000831A00" bytesRequested="16392" />
<af-end id="601" timestamp="2025-12-12T05:37:02.687" threadId="0000000000832478" success="true" from="nursery"/>
<exclusive-end id="602" timestamp="2025-12-12T05:37:02.688" durationms="6.797" />

<exclusive-start id="603" timestamp="2025-12-12T05:37:02.721" intervalms="39.818">
  <response-info timems="0.036" idlems="0.036" threads="0" lastid="0000000000831A00" lastname="Default Executor-thread-1" />
</exclusive-start>
<af-start id="604" threadId="0000000000832478" totalBytesRequested="16392" timestamp="2025-12-12T05:37:02.721" intervalms="39.870" type="nursery" />
<cycle-start id="605" type="scavenge" contextid="0" timestamp="2025-12-12T05:37:02.722" intervalms="39.914" />
<gc-start id="606" type="scavenge" contextid="605" timestamp="2025-12-12T05:37:02.723">
  <mem-info id="607" free="2527824" total="16515072" percent="15">
    <mem type="nursery" free="0" total="6553600" percent="0">
      <mem type="allocate" free="0" total="4587520" percent="0" />
      <mem type="survivor" free="0" total="1966080" percent="0" />
    </mem>
    <mem type="tenure" free="2527824" total="9961472" percent="25">
      <mem type="soa" free="2029136" total="9462784" percent="21" />
      <mem type="loa" free="498688" total="498688" percent="100" />
    </mem>
    <remembered-set count="253" />
  </mem-info>
</gc-start>
<allocation-stats totalBytes="3568072" discardedBytes="14136" >
  <allocated-bytes non-tlh="16392" tlh="3551680" />
  <largest-consumer threadName="Default Executor-thread-1" threadId="0000000000831A00" bytes="3568072" />
</allocation-stats>
<gc-op id="608" type="scavenge" timems="1.763" contextid="605" timestamp="2025-12-12T05:37:02.726">
  <scavenger-info tenureage="3" tenuremask="7008" tiltratio="70" />
  <memory-copied type="nursery" objects="32260" bytes="1123760" bytesdiscarded="59064" />
  <memory-copied type="tenure" objects="4477" bytes="160664" bytesdiscarded="64" />
  <references type="phantom" candidates="1" cleared="0" enqueued="0" />
  <object-monitors candidates="13" cleared="0"  />
</gc-op>
<heap-resize id="609" type="expand" space="nursery" amount="393216" count="1" timems="0.031" reason="excessive time being spent scavenging" timestamp="2025-12-12T05:37:02.726" />
<gc-end id="610" type="scavenge" contextid="605" durationms="4.085" usertimems="3.051" systemtimems="1.447" stalltimems="2.601" timestamp="2025-12-12T05:37:02.727" activeThreads="4">
  <mem-info id="611" free="6025600" total="16908288" percent="35">
    <mem type="nursery" free="3732368" total="6946816" percent="53">
      <mem type="allocate" free="3732368" total="4915200" percent="75" />
      <mem type="survivor" free="0" total="2031616" percent="0" />
    </mem>
    <mem type="tenure" free="2293232" total="9961472" percent="23">
      <mem type="soa" free="1794544" total="9462784" percent="18" />
      <mem type="loa" free="498688" total="498688" percent="100" />
    </mem>
    <remembered-set count="281" />
  </mem-info>
</gc-end>
<cycle-end id="612" type="scavenge" contextid="605" timestamp="2025-12-12T05:37:02.727" />
<allocation-satisfied id="613" threadId="0000000000831A00" bytesRequested="16392" />
<af-end id="614" timestamp="2025-12-12T05:37:02.728" threadId="0000000000832478" success="true" from="nursery"/>
<exclusive-end id="615" timestamp="2025-12-12T05:37:02.729" durationms="7.928" />

<exclusive-start id="616" timestamp="2025-12-12T05:37:02.762" intervalms="41.003">
  <response-info timems="0.038" idlems="0.038" threads="0" lastid="0000000000831A00" lastname="Default Executor-thread-1" />
</exclusive-start>
<af-start id="617" threadId="0000000000832478" totalBytesRequested="16392" timestamp="2025-12-12T05:37:02.762" intervalms="40.966" type="nursery" />
<cycle-start id="618" type="scavenge" contextid="0" timestamp="2025-12-12T05:37:02.763" intervalms="40.798" />
<gc-start id="619" type="scavenge" contextid="618" timestamp="2025-12-12T05:37:02.763">
  <mem-info id="620" free="2293232" total="16908288" percent="13">
    <mem type="nursery" free="0" total="6946816" percent="0">
      <mem type="allocate" free="0" total="4915200" percent="0" />
      <mem type="survivor" free="0" total="2031616" percent="0" />
    </mem>
    <mem type="tenure" free="2293232" total="9961472" percent="23">
      <mem type="soa" free="1794544" total="9462784" percent="18" />
      <mem type="loa" free="498688" total="498688" percent="100" />
    </mem>
    <remembered-set count="298" />
  </mem-info>
</gc-start>
<allocation-stats totalBytes="3714736" discardedBytes="17632" >
  <allocated-bytes non-tlh="16392" tlh="3698344" />
  <largest-consumer threadName="Default Executor-thread-1" threadId="0000000000831A00" bytes="3714736" />
</allocation-stats>
<gc-op id="621" type="scavenge" timems="2.076" contextid="618" timestamp="2025-12-12T05:37:02.766">
  <scavenger-info tenureage="3" tenuremask="7008" tiltratio="70" />
  <memory-copied type="nursery" objects="34888" bytes="1214648" bytesdiscarded="34880" />
  <memory-copied type="tenure" objects="7086" bytes="244824" bytesdiscarded="56" />
  <references type="phantom" candidates="1" cleared="0" enqueued="0" />
  <object-monitors candidates="13" cleared="0"  />
</gc-op>
<heap-resize id="622" type="expand" space="nursery" amount="262144" count="1" timems="0.023" reason="excessive time being spent scavenging" timestamp="2025-12-12T05:37:02.767" />
<gc-end id="623" type="scavenge" contextid="618" durationms="3.988" usertimems="3.051" systemtimems="1.444" stalltimems="1.741" timestamp="2025-12-12T05:37:02.767" activeThreads="3">
  <mem-info id="624" free="6235888" total="17170432" percent="36">
    <mem type="nursery" free="4189952" total="7208960" percent="58">
      <mem type="allocate" free="4189952" total="5439488" percent="77" />
      <mem type="survivor" free="0" total="1769472" percent="0" />
    </mem>
    <mem type="tenure" free="2045936" total="9961472" percent="20">
      <mem type="soa" free="1547248" total="9462784" percent="16" />
      <mem type="loa" free="498688" total="498688" percent="100" />
    </mem>
    <remembered-set count="290" />
  </mem-info>
</gc-end>
<cycle-end id="625" type="scavenge" contextid="618" timestamp="2025-12-12T05:37:02.768" />
<allocation-satisfied id="626" threadId="0000000000831A00" bytesRequested="16392" />
<af-end id="627" timestamp="2025-12-12T05:37:02.769" threadId="0000000000832478" success="true" from="nursery"/>
<exclusive-end id="628" timestamp="2025-12-12T05:37:02.769" durationms="7.255" />

<exclusive-start id="629" timestamp="2025-12-12T05:37:02.802" intervalms="40.092">
  <response-info timems="0.034" idlems="0.034" threads="0" lastid="0000000000831A00" lastname="Default Executor-thread-1" />
</exclusive-start>
<af-start id="630" threadId="0000000000832478" totalBytesRequested="16392" timestamp="2025-12-12T05:37:02.803" intervalms="40.174" type="nursery" />
<cycle-start id="631" type="scavenge" contextid="0" timestamp="2025-12-12T05:37:02.803" intervalms="40.346" />
<gc-start id="632" type="scavenge" contextid="631" timestamp="2025-12-12T05:37:02.804">
  <mem-info id="633" free="2045936" total="17170432" percent="11">
    <mem type="nursery" free="0" total="7208960" percent="0">
      <mem type="allocate" free="0" total="5439488" percent="0" />
      <mem type="survivor" free="0" total="1769472" percent="0" />
    </mem>
    <mem type="tenure" free="2045936" total="9961472" percent="20">
      <mem type="soa" free="1547248" total="9462784" percent="16" />
      <mem type="loa" free="498688" total="498688" percent="100" />
    </mem>
    <remembered-set count="314" />
  </mem-info>
</gc-start>
<allocation-stats totalBytes="4177704" discardedBytes="12248" >
  <allocated-bytes non-tlh="16392" tlh="4161312" />
  <largest-consumer threadName="Default Executor-thread-1" threadId="0000000000831A00" bytes="4177704" />
</allocation-stats>
<gc-op id="634" type="scavenge" timems="1.752" contextid="631" timestamp="2025-12-12T05:37:02.806">
  <scavenger-info tenureage="3" tenuremask="7008" tiltratio="75" />
  <memory-copied type="nursery" objects="29842" bytes="1050400" bytesdiscarded="70552" />
  <memory-copied type="tenure" objects="15855" bytes="541528" bytesdiscarded="288" />
  <references type="phantom" candidates="1" cleared="0" enqueued="0" />
  <object-monitors candidates="13" cleared="0"  />
</gc-op>
<heap-resize id="635" type="expand" space="nursery" amount="393216" count="1" timems="0.032" reason="excessive time being spent scavenging" timestamp="2025-12-12T05:37:02.807" />
<gc-end id="636" type="scavenge" contextid="631" durationms="4.211" usertimems="3.127" systemtimems="1.472" stalltimems="0.799" timestamp="2025-12-12T05:37:02.808" activeThreads="3">
  <mem-info id="637" free="6213936" total="17563648" percent="35">
    <mem type="nursery" free="4711744" total="7602176" percent="61">
      <mem type="allocate" free="4711744" total="5832704" percent="80" />
      <mem type="survivor" free="0" total="1769472" percent="0" />
    </mem>
    <mem type="tenure" free="1502192" total="9961472" percent="15">
      <mem type="soa" free="1003504" total="9462784" percent="10" />
      <mem type="loa" free="498688" total="498688" percent="100" />
    </mem>
    <remembered-set count="358" />
  </mem-info>
</gc-end>
<cycle-end id="638" type="scavenge" contextid="631" timestamp="2025-12-12T05:37:02.809" />
<allocation-satisfied id="639" threadId="0000000000831A00" bytesRequested="16392" />
<af-end id="640" timestamp="2025-12-12T05:37:02.810" threadId="0000000000832478" success="true" from="nursery"/>
<exclusive-end id="641" timestamp="2025-12-12T05:37:02.810" durationms="7.994" />

<concurrent-kickoff id="642" timestamp="2025-12-12T05:37:02.842">
  <kickoff reason="threshold reached" targetBytes="3550412" thresholdFreeBytes="490300"  remainingFree="378176" tenureFreeBytes="1502192" nurseryFreeBytes="378176" />
</concurrent-kickoff>
<exclusive-start id="643" timestamp="2025-12-12T05:37:02.843" intervalms="41.106">
  <response-info timems="0.033" idlems="0.033" threads="0" lastid="0000000000831A00" lastname="Default Executor-thread-1" />
</exclusive-start>
<cycle-start id="644" type="global" contextid="0" timestamp="2025-12-12T05:37:02.844" intervalms="260.568" />
<concurrent-start id="645" type="global mark" contextid="644" timestamp="2025-12-12T05:37:02.844">
</concurrent-start>
<exclusive-end id="646" timestamp="2025-12-12T05:37:02.845" durationms="1.527" />

<exclusive-start id="647" timestamp="2025-12-12T05:37:02.851" intervalms="7.781">
  <response-info timems="0.038" idlems="0.038" threads="0" lastid="0000000000831A00" lastname="Default Executor-thread-1" />
</exclusive-start>
<af-start id="648" threadId="0000000000832478" totalBytesRequested="4104" timestamp="2025-12-12T05:37:02.851" intervalms="48.797" type="nursery" />
<cycle-start id="649" type="scavenge" contextid="0" timestamp="2025-12-12T05:37:02.852" intervalms="48.786" />
<gc-start id="650" type="scavenge" contextid="649" timestamp="2025-12-12T05:37:02.853">
  <mem-info id="651" free="1502192" total="17563648" percent="8">
    <mem type="nursery" free="0" total="7602176" percent="0">
      <mem type="allocate" free="0" total="5832704" percent="0" />
      <mem type="survivor" free="0" total="1769472" percent="0" />
    </mem>
    <mem type="tenure" free="1502192" total="9961472" percent="15">
      <mem type="soa" free="1003504" total="9462784" percent="10" />
      <mem type="loa" free="498688" total="498688" percent="100" />
    </mem>
    <remembered-set count="412" />
  </mem-info>
</gc-start>
<allocation-stats totalBytes="4653376" discardedBytes="58368" >
  <allocated-bytes non-tlh="16392" tlh="4636984" />
  <largest-consumer threadName="Default Executor-thread-1" threadId="0000000000831A00" bytes="4653376" />
</allocation-stats>
<gc-op id="652" type="scavenge" timems="1.723" contextid="649" timestamp="2025-12-12T05:37:02.856">
  <scavenger-info tenureage="3" tenuremask="7008" tiltratio="76" />
  <memory-copied type="nursery" objects="32800" bytes="1135664" bytesdiscarded="57304" />
  <memory-copied type="tenure" objects="9306" bytes="324448" bytesdiscarded="152" />
  <object-monitors candidates="13" cleared="0"  />
</gc-op>
<gc-end id="653" type="scavenge" contextid="649" durationms="3.581" usertimems="4.385" systemtimems="0.000" stalltimems="0.713" timestamp="2025-12-12T05:37:02.856" activeThreads="3">
  <mem-info id="654" free="5803752" total="17563648" percent="33">
    <mem type="nursery" free="4770808" total="7602176" percent="62">
      <mem type="allocate" free="4770808" total="5963776" percent="79" />
      <mem type="survivor" free="0" total="1638400" percent="0" />
    </mem>
    <mem type="tenure" free="1032944" total="9961472" percent="10">
      <mem type="soa" free="534256" total="9462784" percent="5" />
      <mem type="loa" free="498688" total="498688" percent="100" />
    </mem>
    <remembered-set count="421" />
  </mem-info>
</gc-end>
<cycle-end id="655" type="scavenge" contextid="649" timestamp="2025-12-12T05:37:02.857" />
<allocation-satisfied id="656" threadId="0000000000831A00" bytesRequested="4104" />
<af-end id="657" timestamp="2025-12-12T05:37:02.858" threadId="0000000000832478" success="true" from="nursery"/>
<exclusive-end id="658" timestamp="2025-12-12T05:37:02.858" durationms="7.694" />

<concurrent-end id="659" type="global mark" contextid="644" timestamp="2025-12-12T05:37:02.899">
<gc-op id="660" type="trace" timems="54.727" contextid="644" timestamp="2025-12-12T05:37:02.899">
  <trace bytesTraced="4068556" workStackOverflowCount="0" />
  <card-cleaning reason="card cleaning threshold reached" bytesTraced="2400" cardsCleaned="51" />
</gc-op>
</concurrent-end>

<exclusive-start id="661" timestamp="2025-12-12T05:37:02.900" intervalms="48.966">
  <response-info timems="0.029" idlems="0.029" threads="0" lastid="0000000000831A00" lastname="Default Executor-thread-1" />
</exclusive-start>
<concurrent-global-final id="662" timestamp="2025-12-12T05:37:02.900" contextid="644" intervalms="643.953" >
  <concurrent-trace-info reason="card cleaning threshold reached" tracedByMutators="380880" tracedByHelpers="3690076" cardsCleaned="51" workStackOverflowCount="0" />
</concurrent-global-final>
<gc-start id="663" type="global" contextid="644" timestamp="2025-12-12T05:37:02.900">
  <mem-info id="664" free="1032944" total="17563648" percent="5">
    <mem type="nursery" free="0" total="7602176" percent="0">
      <mem type="allocate" free="0" total="5963776" percent="0" />
      <mem type="survivor" free="0" total="1638400" percent="0" />
    </mem>
    <mem type="tenure" free="1032944" total="9961472" percent="10">
      <mem type="soa" free="534256" total="9462784" percent="5" />
      <mem type="loa" free="498688" total="498688" percent="100" />
    </mem>
    <remembered-set count="484" />
  </mem-info>
</gc-start>
<allocation-stats totalBytes="4754872" discardedBytes="15936" >
  <allocated-bytes non-tlh="4104" tlh="4750768" />
  <largest-consumer threadName="Default Executor-thread-1" threadId="0000000000831A00" bytes="4754872" />
</allocation-stats>
<gc-op id="665" type="rs-scan" timems="0.739" contextid="644" timestamp="2025-12-12T05:37:02.902">
  <scan objectsFound="12" bytesTraced="16108" workStackOverflowCount="0" />
</gc-op>
<gc-op id="666" type="card-cleaning" timems="0.970" contextid="644" timestamp="2025-12-12T05:37:02.904">
  <card-cleaning cardsCleaned="83" bytesTraced="1858336" workStackOverflowCount="0" />
</gc-op>
<gc-op id="667" type="mark" timems="2.495" contextid="644" timestamp="2025-12-12T05:37:02.907">
  <trace-info objectcount="161" scancount="156" scanbytes="3072" />
  <finalization candidates="729" enqueued="0" />
  <ownableSynchronizers candidates="620" cleared="0" />
  <references type="soft" candidates="4480" cleared="0" enqueued="0" dynamicThreshold="9" maxThreshold="32" />
  <references type="weak" candidates="1243" cleared="0" enqueued="0" />
  <references type="phantom" candidates="123" cleared="0" enqueued="0" />
  <stringconstants candidates="12389" cleared="0"  />
  <object-monitors candidates="13" cleared="0"  />
</gc-op>
<gc-op id="668" type="sweep" timems="0.785" contextid="644" timestamp="2025-12-12T05:37:02.908" />
<heap-resize id="669" type="expand" space="tenure" amount="2293760" count="1" timems="0.034" reason="insufficient free space following gc" timestamp="2025-12-12T05:37:02.908" />
<gc-end id="670" type="global" contextid="644" durationms="8.270" usertimems="8.092" systemtimems="8.123" stalltimems="16.403" timestamp="2025-12-12T05:37:02.909" activeThreads="8">
  <mem-info id="671" free="7229088" total="19857408" percent="36">
    <mem type="nursery" free="3547528" total="7602176" percent="46">
      <mem type="allocate" free="3547528" total="5963776" percent="59" />
      <mem type="survivor" free="0" total="1638400" percent="0" />
    </mem>
    <mem type="tenure" free="3681560" total="12255232" percent="30" micro-fragmented="171839" macro-fragmented="0">
      <mem type="soa" free="3068184" total="11641856" percent="26" />
      <mem type="loa" free="613376" total="613376" percent="100" />
    </mem>
    <remembered-set count="483" />
  </mem-info>
</gc-end>
<cycle-end id="672" type="global" contextid="644" timestamp="2025-12-12T05:37:02.909" />
<exclusive-end id="673" timestamp="2025-12-12T05:37:02.909" durationms="9.706" />

<exclusive-start id="674" timestamp="2025-12-12T05:37:02.937" intervalms="37.587">
  <response-info timems="0.034" idlems="0.034" threads="0" lastid="0000000000831A00" lastname="Default Executor-thread-1" />
</exclusive-start>
<af-start id="675" threadId="0000000000832478" totalBytesRequested="24" timestamp="2025-12-12T05:37:02.938" intervalms="87.122" type="nursery" />
<cycle-start id="676" type="scavenge" contextid="0" timestamp="2025-12-12T05:37:02.940" intervalms="87.611" />
<gc-start id="677" type="scavenge" contextid="676" timestamp="2025-12-12T05:37:02.941">
  <mem-info id="678" free="3680584" total="19857408" percent="18">
    <mem type="nursery" free="0" total="7602176" percent="0">
      <mem type="allocate" free="0" total="5963776" percent="0" />
      <mem type="survivor" free="0" total="1638400" percent="0" />
    </mem>
    <mem type="tenure" free="3680584" total="12255232" percent="30">
      <mem type="soa" free="3067208" total="11641856" percent="26" />
      <mem type="loa" free="613376" total="613376" percent="100" />
    </mem>
    <remembered-set count="553" />
  </mem-info>
</gc-start>
<allocation-stats totalBytes="3513152" discardedBytes="20416" >
  <allocated-bytes non-tlh="1399488" tlh="2113664" />
  <largest-consumer threadName="Default Executor-thread-1" threadId="0000000000831A00" bytes="3495504" />
</allocation-stats>
<gc-op id="679" type="scavenge" timems="1.771" contextid="676" timestamp="2025-12-12T05:37:02.944">
  <scavenger-info tenureage="3" tenuremask="7008" tiltratio="78" />
  <memory-copied type="nursery" objects="44230" bytes="1589560" bytesdiscarded="46136" />
  <memory-copied type="tenure" objects="9714" bytes="331472" bytesdiscarded="384" />
  <ownableSynchronizers candidates="1244" cleared="1240" />
  <references type="weak" candidates="16" cleared="4" enqueued="4" />
  <references type="phantom" candidates="1" cleared="0" enqueued="0" />
  <object-monitors candidates="16" cleared="1"  />
</gc-op>
<gc-end id="680" type="scavenge" contextid="676" durationms="4.455" usertimems="3.164" systemtimems="1.473" stalltimems="0.921" timestamp="2025-12-12T05:37:02.945" activeThreads="3">
  <mem-info id="681" free="6879784" total="19857408" percent="34">
    <mem type="nursery" free="3607112" total="7602176" percent="47">
      <mem type="allocate" free="3607112" total="5242880" percent="68" />
      <mem type="survivor" free="0" total="2359296" percent="0" />
    </mem>
    <mem type="tenure" free="3272672" total="12255232" percent="26">
      <mem type="soa" free="2659296" total="11641856" percent="22" />
      <mem type="loa" free="613376" total="613376" percent="100" />
    </mem>
    <pending-finalizers system="0" default="0" reference="4" classloader="0" />
    <remembered-set count="438" />
  </mem-info>
</gc-end>
<cycle-end id="682" type="scavenge" contextid="676" timestamp="2025-12-12T05:37:02.946" />
<allocation-satisfied id="683" threadId="0000000000831A00" bytesRequested="24" />
<af-end id="684" timestamp="2025-12-12T05:37:02.947" threadId="0000000000832478" success="true" from="nursery"/>
<exclusive-end id="685" timestamp="2025-12-12T05:37:02.947" durationms="9.649" />

<exclusive-start id="686" timestamp="2025-12-12T05:37:02.972" intervalms="34.643">
  <response-info timems="0.034" idlems="0.034" threads="0" lastid="0000000000831A00" lastname="Default Executor-thread-1" />
</exclusive-start>
<af-start id="687" threadId="0000000000832478" totalBytesRequested="16392" timestamp="2025-12-12T05:37:02.973" intervalms="34.076" type="nursery" />
<cycle-start id="688" type="scavenge" contextid="0" timestamp="2025-12-12T05:37:02.973" intervalms="33.521" />
<gc-start id="689" type="scavenge" contextid="688" timestamp="2025-12-12T05:37:02.974">
  <mem-info id="690" free="3272672" total="19857408" percent="16">
    <mem type="nursery" free="0" total="7602176" percent="0">
      <mem type="allocate" free="0" total="5242880" percent="0" />
      <mem type="survivor" free="0" total="2359296" percent="0" />
    </mem>
    <mem type="tenure" free="3272672" total="12255232" percent="26">
      <mem type="soa" free="2659296" total="11641856" percent="22" />
      <mem type="loa" free="613376" total="613376" percent="100" />
    </mem>
    <remembered-set count="471" />
  </mem-info>
</gc-start>
<allocation-stats totalBytes="3589864" discardedBytes="17248" >
  <allocated-bytes non-tlh="24" tlh="3589840" />
  <largest-consumer threadName="Default Executor-thread-1" threadId="0000000000831A00" bytes="3589864" />
</allocation-stats>
<gc-op id="691" type="scavenge" timems="1.829" contextid="688" timestamp="2025-12-12T05:37:02.977">
  <scavenger-info tenureage="2" tenuremask="780c" tiltratio="68" />
  <memory-copied type="nursery" objects="30237" bytes="1102512" bytesdiscarded="178040" />
  <memory-copied type="tenure" objects="23083" bytes="795320" bytesdiscarded="888" />
  <ownableSynchronizers candidates="4" cleared="0" />
  <references type="weak" candidates="12" cleared="0" enqueued="0" />
  <references type="phantom" candidates="1" cleared="0" enqueued="0" />
  <object-monitors candidates="15" cleared="0"  />
</gc-op>
<heap-resize id="692" type="expand" space="nursery" amount="524288" count="1" timems="0.030" reason="excessive time being spent scavenging" timestamp="2025-12-12T05:37:02.977" />
<gc-end id="693" type="scavenge" contextid="688" durationms="3.755" usertimems="3.151" systemtimems="1.464" stalltimems="1.105" timestamp="2025-12-12T05:37:02.977" activeThreads="3">
  <mem-info id="694" free="6791656" total="20381696" percent="33">
    <mem type="nursery" free="4355520" total="8126464" percent="53">
      <mem type="allocate" free="4355520" total="5636096" percent="77" />
      <mem type="survivor" free="0" total="2490368" percent="0" />
    </mem>
    <mem type="tenure" free="2436136" total="12255232" percent="19">
      <mem type="soa" free="1822760" total="11641856" percent="15" />
      <mem type="loa" free="613376" total="613376" percent="100" />
    </mem>
    <remembered-set count="440" />
  </mem-info>
</gc-end>
<cycle-end id="695" type="scavenge" contextid="688" timestamp="2025-12-12T05:37:02.978" />
<allocation-satisfied id="696" threadId="0000000000831A00" bytesRequested="16392" />
<af-end id="697" timestamp="2025-12-12T05:37:02.979" threadId="0000000000832478" success="true" from="nursery"/>
<exclusive-end id="698" timestamp="2025-12-12T05:37:02.979" durationms="7.032" />

<exclusive-start id="699" timestamp="2025-12-12T05:37:03.035" intervalms="62.736">
  <response-info timems="21.888" idlems="10.962" threads="1" lastid="0000000000031000" lastname="JIT Compilation Thread-002" />
</exclusive-start>
<af-start id="700" threadId="0000000000832478" totalBytesRequested="8200" timestamp="2025-12-12T05:37:03.035" intervalms="62.672" type="nursery" />
<cycle-start id="701" type="scavenge" contextid="0" timestamp="2025-12-12T05:37:03.036" intervalms="62.760" />
<gc-start id="702" type="scavenge" contextid="701" timestamp="2025-12-12T05:37:03.037">
  <mem-info id="703" free="2436136" total="20381696" percent="11">
    <mem type="nursery" free="0" total="8126464" percent="0">
      <mem type="allocate" free="0" total="5636096" percent="0" />
      <mem type="survivor" free="0" total="2490368" percent="0" />
    </mem>
    <mem type="tenure" free="2436136" total="12255232" percent="19">
      <mem type="soa" free="1822760" total="11641856" percent="15" />
      <mem type="loa" free="613376" total="613376" percent="100" />
    </mem>
    <remembered-set count="504" />
  </mem-info>
</gc-start>
<allocation-stats totalBytes="4339960" discardedBytes="15560" >
  <allocated-bytes non-tlh="16392" tlh="4323568" />
  <largest-consumer threadName="Default Executor-thread-1" threadId="0000000000831A00" bytes="4339960" />
</allocation-stats>
<gc-op id="704" type="scavenge" timems="1.957" contextid="701" timestamp="2025-12-12T05:37:03.040">
  <scavenger-info tenureage="11" tenuremask="7800" tiltratio="69" />
  <memory-copied type="nursery" objects="41169" bytes="1491520" bytesdiscarded="79504" />
  <ownableSynchronizers candidates="4" cleared="0" />
  <references type="weak" candidates="12" cleared="0" enqueued="0" />
  <references type="phantom" candidates="1" cleared="0" enqueued="0" />
  <object-monitors candidates="15" cleared="0"  />
</gc-op>
<gc-end id="705" type="scavenge" contextid="701" durationms="3.513" usertimems="4.955" systemtimems="0.000" stalltimems="1.193" timestamp="2025-12-12T05:37:03.040" activeThreads="3">
  <mem-info id="706" free="6632256" total="20381696" percent="32">
    <mem type="nursery" free="4196120" total="8126464" percent="51">
      <mem type="allocate" free="4196120" total="5767168" percent="72" />
      <mem type="survivor" free="0" total="2359296" percent="0" />
    </mem>
    <mem type="tenure" free="2436136" total="12255232" percent="19">
      <mem type="soa" free="1822760" total="11641856" percent="15" />
      <mem type="loa" free="613376" total="613376" percent="100" />
    </mem>
    <remembered-set count="494" />
  </mem-info>
</gc-end>
<cycle-end id="707" type="scavenge" contextid="701" timestamp="2025-12-12T05:37:03.041" />
<allocation-satisfied id="708" threadId="0000000000831A00" bytesRequested="8200" />
<af-end id="709" timestamp="2025-12-12T05:37:03.042" threadId="0000000000832478" success="true" from="nursery"/>
<exclusive-end id="710" timestamp="2025-12-12T05:37:03.042" durationms="7.334" />

<exclusive-start id="711" timestamp="2025-12-12T05:37:03.089" intervalms="54.355">
  <response-info timems="0.040" idlems="0.040" threads="0" lastid="0000000000831A00" lastname="Default Executor-thread-1" />
</exclusive-start>
<af-start id="712" threadId="0000000000832478" totalBytesRequested="16392" timestamp="2025-12-12T05:37:03.090" intervalms="54.444" type="nursery" />
<cycle-start id="713" type="scavenge" contextid="0" timestamp="2025-12-12T05:37:03.090" intervalms="54.429" />
<gc-start id="714" type="scavenge" contextid="713" timestamp="2025-12-12T05:37:03.091">
  <mem-info id="715" free="2436136" total="20381696" percent="11">
    <mem type="nursery" free="0" total="8126464" percent="0">
      <mem type="allocate" free="0" total="5767168" percent="0" />
      <mem type="survivor" free="0" total="2359296" percent="0" />
    </mem>
    <mem type="tenure" free="2436136" total="12255232" percent="19">
      <mem type="soa" free="1822760" total="11641856" percent="15" />
      <mem type="loa" free="613376" total="613376" percent="100" />
    </mem>
    <remembered-set count="559" />
  </mem-info>
</gc-start>
<allocation-stats totalBytes="4188544" discardedBytes="7576" >
  <allocated-bytes non-tlh="8200" tlh="4180344" />
  <largest-consumer threadName="Default Executor-thread-1" threadId="0000000000831A00" bytes="4188544" />
</allocation-stats>
<gc-op id="716" type="scavenge" timems="2.156" contextid="713" timestamp="2025-12-12T05:37:03.094">
  <scavenger-info tenureage="3" tenuremask="7808" tiltratio="70" />
  <memory-copied type="nursery" objects="30360" bytes="1109640" bytesdiscarded="31352" />
  <memory-copied type="tenure" objects="21129" bytes="769088" bytesdiscarded="1496" />
  <ownableSynchronizers candidates="4" cleared="0" />
  <references type="phantom" candidates="1" cleared="0" enqueued="0" />
  <object-monitors candidates="15" cleared="0"  />
</gc-op>
<heap-resize id="717" type="expand" space="nursery" amount="393216" count="1" timems="0.037" reason="excessive time being spent scavenging" timestamp="2025-12-12T05:37:03.095" />
<gc-end id="718" type="scavenge" contextid="713" durationms="4.376" usertimems="3.811" systemtimems="1.792" stalltimems="1.058" timestamp="2025-12-12T05:37:03.095" activeThreads="3">
  <mem-info id="719" free="6644600" total="20774912" percent="31">
    <mem type="nursery" free="5019384" total="8519680" percent="58">
      <mem type="allocate" free="5019384" total="6160384" percent="81" />
      <mem type="survivor" free="0" total="2359296" percent="0" />
    </mem>
    <mem type="tenure" free="1625216" total="12255232" percent="13">
      <mem type="soa" free="1011840" total="11641856" percent="8" />
      <mem type="loa" free="613376" total="613376" percent="100" />
    </mem>
    <remembered-set count="464" />
  </mem-info>
</gc-end>
<cycle-end id="720" type="scavenge" contextid="713" timestamp="2025-12-12T05:37:03.096" />
<allocation-satisfied id="721" threadId="0000000000831A00" bytesRequested="16392" />
<af-end id="722" timestamp="2025-12-12T05:37:03.097" threadId="0000000000832478" success="true" from="nursery"/>
<exclusive-end id="723" timestamp="2025-12-12T05:37:03.098" durationms="8.682" />

<concurrent-kickoff id="724" timestamp="2025-12-12T05:37:03.128">
  <kickoff reason="threshold reached" targetBytes="4481217" thresholdFreeBytes="619316"  remainingFree="485112" tenureFreeBytes="1625216" nurseryFreeBytes="485112" />
</concurrent-kickoff>
<exclusive-start id="725" timestamp="2025-12-12T05:37:03.129" intervalms="39.575">
  <response-info timems="0.042" idlems="0.042" threads="0" lastid="0000000000831A00" lastname="Default Executor-thread-1" />
</exclusive-start>
<cycle-start id="726" type="global" contextid="0" timestamp="2025-12-12T05:37:03.129" intervalms="285.667" />
<concurrent-start id="727" type="global mark" contextid="726" timestamp="2025-12-12T05:37:03.130">
</concurrent-start>
<exclusive-end id="728" timestamp="2025-12-12T05:37:03.130" durationms="1.554" />

<exclusive-start id="729" timestamp="2025-12-12T05:37:03.137" intervalms="8.558">
  <response-info timems="0.032" idlems="0.032" threads="0" lastid="0000000000831A00" lastname="Default Executor-thread-1" />
</exclusive-start>
<af-start id="730" threadId="0000000000832478" totalBytesRequested="64" timestamp="2025-12-12T05:37:03.138" intervalms="48.114" type="nursery" />
<cycle-start id="731" type="scavenge" contextid="0" timestamp="2025-12-12T05:37:03.138" intervalms="48.076" />
<gc-start id="732" type="scavenge" contextid="731" timestamp="2025-12-12T05:37:03.139">
  <mem-info id="733" free="1625216" total="20774912" percent="7">
    <mem type="nursery" free="0" total="8519680" percent="0">
      <mem type="allocate" free="0" total="6160384" percent="0" />
      <mem type="survivor" free="0" total="2359296" percent="0" />
    </mem>
    <mem type="tenure" free="1625216" total="12255232" percent="13">
      <mem type="soa" free="1011840" total="11641856" percent="8" />
      <mem type="loa" free="613376" total="613376" percent="100" />
    </mem>
    <remembered-set count="570" />
  </mem-info>
</gc-start>
<allocation-stats totalBytes="5017136" discardedBytes="2248" >
  <allocated-bytes non-tlh="16392" tlh="5000744" />
  <largest-consumer threadName="Default Executor-thread-1" threadId="0000000000831A00" bytes="5017136" />
</allocation-stats>
<gc-op id="734" type="scavenge" timems="1.574" contextid="731" timestamp="2025-12-12T05:37:03.142">
  <scavenger-info tenureage="2" tenuremask="780c" tiltratio="72" />
  <memory-copied type="nursery" objects="23300" bytes="855752" bytesdiscarded="45000" />
  <memory-copied type="tenure" objects="20031" bytes="722088" bytesdiscarded="840" />
  <references type="phantom" candidates="1" cleared="0" enqueued="0" />
  <object-monitors candidates="15" cleared="0"  />
</gc-op>
<gc-end id="735" type="scavenge" contextid="731" durationms="3.246" usertimems="2.581" systemtimems="1.227" stalltimems="0.925" timestamp="2025-12-12T05:37:03.142" activeThreads="3">
  <mem-info id="736" free="6426112" total="20774912" percent="30">
    <mem type="nursery" free="5521768" total="8519680" percent="64">
      <mem type="allocate" free="5521768" total="6422528" percent="85" />
      <mem type="survivor" free="0" total="2097152" percent="0" />
    </mem>
    <mem type="tenure" free="904344" total="12255232" percent="7">
      <mem type="soa" free="290968" total="11641856" percent="2" />
      <mem type="loa" free="613376" total="613376" percent="100" />
    </mem>
    <remembered-set count="450" />
  </mem-info>
</gc-end>
<cycle-end id="737" type="scavenge" contextid="731" timestamp="2025-12-12T05:37:03.143" />
<allocation-satisfied id="738" threadId="0000000000831A00" bytesRequested="64" />
<af-end id="739" timestamp="2025-12-12T05:37:03.144" threadId="0000000000832478" success="true" from="nursery"/>
<exclusive-end id="740" timestamp="2025-12-12T05:37:03.144" durationms="6.970" />

<exclusive-start id="741" timestamp="2025-12-12T05:37:03.185" intervalms="47.340">
  <response-info timems="0.045" idlems="0.045" threads="0" lastid="0000000000831A00" lastname="Default Executor-thread-1" />
</exclusive-start>
<af-start id="742" threadId="0000000000832478" totalBytesRequested="24" timestamp="2025-12-12T05:37:03.185" intervalms="47.415" type="nursery" />
<percolate-collect id="743" from="nursery" to="global" reason="concurrent mark exhausted" timestamp="2025-12-12T05:37:03.186"/>
<concurrent-end id="744" type="global mark" contextid="726" timestamp="2025-12-12T05:37:03.186">
<gc-op id="745" type="trace" timems="54.795" contextid="726" timestamp="2025-12-12T05:37:03.186">
  <trace bytesTraced="6547928" workStackOverflowCount="0" />
  <card-cleaning reason="card cleaning threshold reached" bytesTraced="34312" cardsCleaned="204" />
</gc-op>
</concurrent-end>

<gc-start id="746" type="global" contextid="726" timestamp="2025-12-12T05:37:03.187">
  <mem-info id="747" free="879144" total="20774912" percent="4">
    <mem type="nursery" free="0" total="8519680" percent="0">
      <mem type="allocate" free="0" total="6422528" percent="0" />
      <mem type="survivor" free="0" total="2097152" percent="0" />
    </mem>
    <mem type="tenure" free="879144" total="12255232" percent="7">
      <mem type="soa" free="265768" total="11641856" percent="2" />
      <mem type="loa" free="613376" total="613376" percent="100" />
    </mem>
    <remembered-set count="839" />
  </mem-info>
</gc-start>
<allocation-stats totalBytes="5546424" discardedBytes="544" >
  <allocated-bytes non-tlh="25264" tlh="5521160" />
  <largest-consumer threadName="Default Executor-thread-1" threadId="0000000000831A00" bytes="5546424" />
</allocation-stats>
<concurrent-halted id="748" timestamp="2025-12-12T05:37:03.188">
  <halted state="Complete" status="exhausted" />
  <traced bytesTarget="4481217" bytesTotal="6582240" bytesByMutator="2476820" bytesByHelper="4105420" percent="146" />
  <cards cleaned="204" thresholdBytes="243972" />
</concurrent-halted>
<gc-op id="749" type="rs-scan" timems="1.397" contextid="726" timestamp="2025-12-12T05:37:03.190">
  <scan objectsFound="28817" bytesTraced="863092" workStackOverflowCount="0" />
</gc-op>
<gc-op id="750" type="card-cleaning" timems="0.518" contextid="726" timestamp="2025-12-12T05:37:03.191">
  <card-cleaning cardsCleaned="0" bytesTraced="0" workStackOverflowCount="0" />
</gc-op>
<gc-op id="751" type="mark" timems="2.411" contextid="726" timestamp="2025-12-12T05:37:03.194">
  <trace-info objectcount="5118" scancount="3568" scanbytes="108752" />
  <finalization candidates="729" enqueued="0" />
  <ownableSynchronizers candidates="624" cleared="2" />
  <references type="soft" candidates="4487" cleared="0" enqueued="0" dynamicThreshold="9" maxThreshold="32" />
  <references type="weak" candidates="1295" cleared="23" enqueued="22" />
  <references type="phantom" candidates="122" cleared="0" enqueued="0" />
  <stringconstants candidates="12612" cleared="0"  />
  <object-monitors candidates="15" cleared="0"  />
</gc-op>
<gc-op id="752" type="sweep" timems="0.876" contextid="726" timestamp="2025-12-12T05:37:03.195" />
<heap-resize id="753" type="expand" space="tenure" amount="3801088" count="1" timems="0.100" reason="insufficient free space following gc" timestamp="2025-12-12T05:37:03.196" />
<gc-end id="754" type="global" contextid="726" durationms="9.346" usertimems="11.829" systemtimems="5.587" stalltimems="16.709" timestamp="2025-12-12T05:37:03.196" activeThreads="9">
  <mem-info id="755" free="8630984" total="24576000" percent="35">
    <mem type="nursery" free="3795608" total="8519680" percent="44">
      <mem type="allocate" free="3795608" total="6422528" percent="59" />
      <mem type="survivor" free="0" total="2097152" percent="0" />
    </mem>
    <mem type="tenure" free="4835376" total="16056320" percent="30" micro-fragmented="172341" macro-fragmented="0">
      <mem type="soa" free="4032560" total="15253504" percent="26" />
      <mem type="loa" free="802816" total="802816" percent="100" />
    </mem>
    <pending-finalizers system="0" default="0" reference="22" classloader="0" />
    <remembered-set count="807" />
  </mem-info>
</gc-end>
<cycle-end id="756" type="global" contextid="726" timestamp="2025-12-12T05:37:03.197" />
<allocation-satisfied id="757" threadId="0000000000831A00" bytesRequested="24" />
<af-end id="758" timestamp="2025-12-12T05:37:03.198" threadId="0000000000832478" success="true" from="nursery"/>
<exclusive-end id="759" timestamp="2025-12-12T05:37:03.199" durationms="14.017" />

<exclusive-start id="760" timestamp="2025-12-12T05:37:03.226" intervalms="41.677">
  <response-info timems="0.050" idlems="0.050" threads="0" lastid="0000000000831A00" lastname="Default Executor-thread-1" />
</exclusive-start>
<af-start id="761" threadId="0000000000832478" totalBytesRequested="24" timestamp="2025-12-12T05:37:03.227" intervalms="41.605" type="nursery" />
<cycle-start id="762" type="scavenge" contextid="0" timestamp="2025-12-12T05:37:03.227" intervalms="89.116" />
<gc-start id="763" type="scavenge" contextid="762" timestamp="2025-12-12T05:37:03.228">
  <mem-info id="764" free="4829280" total="24576000" percent="19">
    <mem type="nursery" free="0" total="8519680" percent="0">
      <mem type="allocate" free="0" total="6422528" percent="0" />
      <mem type="survivor" free="0" total="2097152" percent="0" />
    </mem>
    <mem type="tenure" free="4829280" total="16056320" percent="30">
      <mem type="soa" free="4026464" total="15253504" percent="26" />
      <mem type="loa" free="802816" total="802816" percent="100" />
    </mem>
    <remembered-set count="967" />
  </mem-info>
</gc-start>
<allocation-stats totalBytes="3793272" discardedBytes="8432" >
  <allocated-bytes non-tlh="13968" tlh="3779304" />
  <largest-consumer threadName="Default Executor-thread-1" threadId="0000000000831A00" bytes="3793272" />
</allocation-stats>
<gc-op id="765" type="scavenge" timems="1.930" contextid="762" timestamp="2025-12-12T05:37:03.231">
  <scavenger-info tenureage="11" tenuremask="7800" tiltratio="75" />
  <memory-copied type="nursery" objects="51322" bytes="1746224" bytesdiscarded="37120" />
  <finalization candidates="4" enqueued="4" />
  <ownableSynchronizers candidates="1244" cleared="1244" />
  <references type="soft" candidates="7" cleared="0" enqueued="0" dynamicThreshold="9" maxThreshold="32" />
  <references type="weak" candidates="46" cleared="18" enqueued="18" />
  <references type="phantom" candidates="1" cleared="1" enqueued="1" />
  <object-monitors candidates="15" cleared="0"  />
</gc-op>
<gc-end id="766" type="scavenge" contextid="762" durationms="3.771" usertimems="4.787" systemtimems="0.309" stalltimems="1.178" timestamp="2025-12-12T05:37:03.232" activeThreads="3">
  <mem-info id="767" free="8485280" total="24576000" percent="34">
    <mem type="nursery" free="3656000" total="8519680" percent="42">
      <mem type="allocate" free="3656000" total="5439488" percent="67" />
      <mem type="survivor" free="0" total="3080192" percent="0" />
    </mem>
    <mem type="tenure" free="4829280" total="16056320" percent="30">
      <mem type="soa" free="4026464" total="15253504" percent="26" />
      <mem type="loa" free="802816" total="802816" percent="100" />
    </mem>
    <pending-finalizers system="4" default="0" reference="19" classloader="0" />
    <remembered-set count="917" />
  </mem-info>
</gc-end>
<cycle-end id="768" type="scavenge" contextid="762" timestamp="2025-12-12T05:37:03.232" />
<allocation-satisfied id="769" threadId="0000000000831A00" bytesRequested="24" />
<af-end id="770" timestamp="2025-12-12T05:37:03.233" threadId="0000000000832478" success="true" from="nursery"/>
<exclusive-end id="771" timestamp="2025-12-12T05:37:03.234" durationms="7.602" />

<exclusive-start id="772" timestamp="2025-12-12T05:37:03.257" intervalms="30.465">
  <response-info timems="0.056" idlems="0.056" threads="0" lastid="0000000000831A00" lastname="Default Executor-thread-1" />
</exclusive-start>
<af-start id="773" threadId="0000000000832478" totalBytesRequested="32" timestamp="2025-12-12T05:37:03.258" intervalms="30.839" type="nursery" />
<cycle-start id="774" type="scavenge" contextid="0" timestamp="2025-12-12T05:37:03.258" intervalms="30.913" />
<gc-start id="775" type="scavenge" contextid="774" timestamp="2025-12-12T05:37:03.259">
  <mem-info id="776" free="4829280" total="24576000" percent="19">
    <mem type="nursery" free="0" total="8519680" percent="0">
      <mem type="allocate" free="0" total="5439488" percent="0" />
      <mem type="survivor" free="0" total="3080192" percent="0" />
    </mem>
    <mem type="tenure" free="4829280" total="16056320" percent="30">
      <mem type="soa" free="4026464" total="15253504" percent="26" />
      <mem type="loa" free="802816" total="802816" percent="100" />
    </mem>
    <remembered-set count="920" />
  </mem-info>
</gc-start>
<allocation-stats totalBytes="3655864" discardedBytes="136" >
  <allocated-bytes non-tlh="24" tlh="3655840" />
  <largest-consumer threadName="Default Executor-thread-1" threadId="0000000000831A00" bytes="3655864" />
</allocation-stats>
<gc-op id="777" type="scavenge" timems="2.398" contextid="774" timestamp="2025-12-12T05:37:03.263">
  <scavenger-info tenureage="2" tenuremask="7c0c" tiltratio="63" />
  <memory-copied type="nursery" objects="28976" bytes="958280" bytesdiscarded="144552" />
  <memory-copied type="tenure" objects="23260" bytes="829304" bytesdiscarded="1072" />
  <references type="soft" candidates="7" cleared="0" enqueued="0" dynamicThreshold="9" maxThreshold="32" />
  <references type="weak" candidates="28" cleared="0" enqueued="0" />
  <object-monitors candidates="15" cleared="0"  />
</gc-op>
<heap-resize id="778" type="expand" space="nursery" amount="655360" count="1" timems="0.028" reason="excessive time being spent scavenging" timestamp="2025-12-12T05:37:03.263" />
<gc-end id="779" type="scavenge" contextid="774" durationms="4.698" usertimems="6.075" systemtimems="0.000" stalltimems="1.377" timestamp="2025-12-12T05:37:03.264" activeThreads="3">
  <mem-info id="780" free="8901896" total="25231360" percent="35">
    <mem type="nursery" free="4926464" total="9175040" percent="53">
      <mem type="allocate" free="4926464" total="6029312" percent="81" />
      <mem type="survivor" free="0" total="3145728" percent="0" />
    </mem>
    <mem type="tenure" free="3975432" total="16056320" percent="24">
      <mem type="soa" free="3172616" total="15253504" percent="20" />
      <mem type="loa" free="802816" total="802816" percent="100" />
    </mem>
    <remembered-set count="777" />
  </mem-info>
</gc-end>
<cycle-end id="781" type="scavenge" contextid="774" timestamp="2025-12-12T05:37:03.264" />
<allocation-satisfied id="782" threadId="0000000000831A00" bytesRequested="32" />
<af-end id="783" timestamp="2025-12-12T05:37:03.265" threadId="0000000000832478" success="true" from="nursery"/>
<exclusive-end id="784" timestamp="2025-12-12T05:37:03.266" durationms="9.192" />

<exclusive-start id="785" timestamp="2025-12-12T05:37:03.277" intervalms="20.212">
  <response-info timems="0.050" idlems="0.050" threads="0" lastid="0000000000831A00" lastname="Default Executor-thread-1" />
</exclusive-start>
<af-start id="786" threadId="0000000000832478" totalBytesRequested="24" timestamp="2025-12-12T05:37:03.278" intervalms="19.867" type="nursery" />
<cycle-start id="787" type="scavenge" contextid="0" timestamp="2025-12-12T05:37:03.278" intervalms="19.691" />
<gc-start id="788" type="scavenge" contextid="787" timestamp="2025-12-12T05:37:03.279">
  <mem-info id="789" free="3975432" total="25231360" percent="15">
    <mem type="nursery" free="0" total="9175040" percent="0">
      <mem type="allocate" free="0" total="6029312" percent="0" />
      <mem type="survivor" free="0" total="3145728" percent="0" />
    </mem>
    <mem type="tenure" free="3975432" total="16056320" percent="24">
      <mem type="soa" free="3172616" total="15253504" percent="20" />
      <mem type="loa" free="802816" total="802816" percent="100" />
    </mem>
    <remembered-set count="780" />
  </mem-info>
</gc-start>
<allocation-stats totalBytes="4926104" discardedBytes="360" >
  <allocated-bytes non-tlh="32" tlh="4926072" />
  <largest-consumer threadName="Default Executor-thread-1" threadId="0000000000831A00" bytes="4926104" />
</allocation-stats>
<gc-op id="790" type="scavenge" timems="1.721" contextid="787" timestamp="2025-12-12T05:37:03.281">
  <scavenger-info tenureage="2" tenuremask="7c04" tiltratio="65" />
  <memory-copied type="nursery" objects="2076" bytes="87336" bytesdiscarded="63192" />
  <memory-copied type="tenure" objects="27857" bytes="910032" bytesdiscarded="736" />
  <object-monitors candidates="15" cleared="0"  />
</gc-op>
<heap-resize id="791" type="expand" space="nursery" amount="786432" count="1" timems="0.032" reason="excessive time being spent scavenging" timestamp="2025-12-12T05:37:03.282" />
<gc-end id="792" type="scavenge" contextid="787" durationms="3.857" usertimems="2.294" systemtimems="2.152" stalltimems="0.825" timestamp="2025-12-12T05:37:03.282" activeThreads="3">
  <mem-info id="793" free="10052344" total="26017792" percent="38">
    <mem type="nursery" free="6992896" total="9961472" percent="70">
      <mem type="allocate" free="6992896" total="7143424" percent="97" />
      <mem type="survivor" free="0" total="2818048" percent="0" />
    </mem>
    <mem type="tenure" free="3059448" total="16056320" percent="19">
      <mem type="soa" free="2256632" total="15253504" percent="14" />
      <mem type="loa" free="802816" total="802816" percent="100" />
    </mem>
    <remembered-set count="320" />
  </mem-info>
</gc-end>
<cycle-end id="794" type="scavenge" contextid="787" timestamp="2025-12-12T05:37:03.283" />
<allocation-satisfied id="795" threadId="0000000000831A00" bytesRequested="24" />
<af-end id="796" timestamp="2025-12-12T05:37:03.284" threadId="0000000000832478" success="true" from="nursery"/>
<exclusive-end id="797" timestamp="2025-12-12T05:37:03.284" durationms="7.550" />

<exclusive-start id="798" timestamp="2025-12-12T05:37:03.300" intervalms="22.597">
  <response-info timems="0.052" idlems="0.052" threads="0" lastid="0000000000831A00" lastname="Default Executor-thread-1" />
</exclusive-start>
<af-start id="799" threadId="0000000000832478" totalBytesRequested="32" timestamp="2025-12-12T05:37:03.300" intervalms="22.758" type="nursery" />
<cycle-start id="800" type="scavenge" contextid="0" timestamp="2025-12-12T05:37:03.301" intervalms="22.974" />
<gc-start id="801" type="scavenge" contextid="800" timestamp="2025-12-12T05:37:03.302">
  <mem-info id="802" free="3059000" total="26017792" percent="11">
    <mem type="nursery" free="0" total="9961472" percent="0">
      <mem type="allocate" free="0" total="7143424" percent="0" />
      <mem type="survivor" free="0" total="2818048" percent="0" />
    </mem>
    <mem type="tenure" free="3059000" total="16056320" percent="19">
      <mem type="soa" free="2256184" total="15253504" percent="14" />
      <mem type="loa" free="802816" total="802816" percent="100" />
    </mem>
    <remembered-set count="361" />
  </mem-info>
</gc-start>
<allocation-stats totalBytes="6992992" discardedBytes="352" >
  <allocated-bytes non-tlh="472" tlh="6992520" />
  <largest-consumer threadName="Default Executor-thread-1" threadId="0000000000831A00" bytes="6992992" />
</allocation-stats>
<gc-op id="803" type="scavenge" timems="0.661" contextid="800" timestamp="2025-12-12T05:37:03.304">
  <scavenger-info tenureage="2" tenuremask="7804" tiltratio="71" />
  <memory-copied type="nursery" objects="3106" bytes="106760" bytesdiscarded="30704" />
  <memory-copied type="tenure" objects="921" bytes="41408" bytesdiscarded="96" />
  <references type="weak" candidates="1" cleared="0" enqueued="0" />
  <object-monitors candidates="15" cleared="0"  />
</gc-op>
<heap-resize id="804" type="expand" space="nursery" amount="524288" count="1" timems="0.033" reason="excessive time being spent scavenging" timestamp="2025-12-12T05:37:03.304" />
<gc-end id="805" type="scavenge" contextid="800" durationms="2.710" usertimems="1.401" systemtimems="0.122" stalltimems="0.645" timestamp="2025-12-12T05:37:03.304" activeThreads="3">
  <mem-info id="806" free="11129144" total="26542080" percent="41">
    <mem type="nursery" free="8120064" total="10485760" percent="77">
      <mem type="allocate" free="8120064" total="8257536" percent="98" />
      <mem type="survivor" free="0" total="2228224" percent="0" />
    </mem>
    <mem type="tenure" free="3009080" total="16056320" percent="18">
      <mem type="soa" free="2206264" total="15253504" percent="14" />
      <mem type="loa" free="802816" total="802816" percent="100" />
    </mem>
    <remembered-set count="353" />
  </mem-info>
</gc-end>
<cycle-end id="807" type="scavenge" contextid="800" timestamp="2025-12-12T05:37:03.305" />
<allocation-satisfied id="808" threadId="0000000000831A00" bytesRequested="32" />
<af-end id="809" timestamp="2025-12-12T05:37:03.306" threadId="0000000000832478" success="true" from="nursery"/>
<exclusive-end id="810" timestamp="2025-12-12T05:37:03.307" durationms="7.104" />

<exclusive-start id="811" timestamp="2025-12-12T05:37:03.328" intervalms="28.090">
  <response-info timems="0.042" idlems="0.042" threads="0" lastid="0000000000831A00" lastname="Default Executor-thread-1" />
</exclusive-start>
<af-start id="812" threadId="0000000000832478" totalBytesRequested="120" timestamp="2025-12-12T05:37:03.328" intervalms="27.888" type="nursery" />
<cycle-start id="813" type="scavenge" contextid="0" timestamp="2025-12-12T05:37:03.329" intervalms="27.624" />
<gc-start id="814" type="scavenge" contextid="813" timestamp="2025-12-12T05:37:03.329">
  <mem-info id="815" free="3008816" total="26542080" percent="11">
    <mem type="nursery" free="0" total="10485760" percent="0">
      <mem type="allocate" free="0" total="8257536" percent="0" />
      <mem type="survivor" free="0" total="2228224" percent="0" />
    </mem>
    <mem type="tenure" free="3008816" total="16056320" percent="18">
      <mem type="soa" free="2206000" total="15253504" percent="14" />
      <mem type="loa" free="802816" total="802816" percent="100" />
    </mem>
    <remembered-set count="541" />
  </mem-info>
</gc-start>
<allocation-stats totalBytes="8119352" discardedBytes="976" >
  <allocated-bytes non-tlh="296" tlh="8119056" />
  <largest-consumer threadName="Default Executor-thread-1" threadId="0000000000831A00" bytes="8119352" />
</allocation-stats>
<gc-op id="816" type="scavenge" timems="0.834" contextid="813" timestamp="2025-12-12T05:37:03.331">
  <scavenger-info tenureage="2" tenuremask="7004" tiltratio="78" />
  <memory-copied type="nursery" objects="7128" bytes="200400" bytesdiscarded="13872" />
  <memory-copied type="tenure" objects="204" bytes="6848" bytesdiscarded="0" />
  <references type="weak" candidates="4" cleared="3" enqueued="3" />
  <object-monitors candidates="15" cleared="0"  />
</gc-op>
<heap-resize id="817" type="expand" space="nursery" amount="524288" count="1" timems="0.029" reason="excessive time being spent scavenging" timestamp="2025-12-12T05:37:03.332" />
<gc-end id="818" type="scavenge" contextid="813" durationms="3.013" usertimems="1.618" systemtimems="0.000" stalltimems="0.276" timestamp="2025-12-12T05:37:03.332" activeThreads="2">
  <mem-info id="819" free="11874864" total="27066368" percent="43">
    <mem type="nursery" free="8895232" total="11010048" percent="80">
      <mem type="allocate" free="8895232" total="9109504" percent="97" />
      <mem type="survivor" free="0" total="1900544" percent="0" />
    </mem>
    <mem type="tenure" free="2979632" total="16056320" percent="18">
      <mem type="soa" free="2176816" total="15253504" percent="14" />
      <mem type="loa" free="802816" total="802816" percent="100" />
    </mem>
    <pending-finalizers system="0" default="0" reference="3" classloader="0" />
    <remembered-set count="482" />
  </mem-info>
</gc-end>
<cycle-end id="820" type="scavenge" contextid="813" timestamp="2025-12-12T05:37:03.333" />
<allocation-satisfied id="821" threadId="0000000000831A00" bytesRequested="120" />
<af-end id="822" timestamp="2025-12-12T05:37:03.334" threadId="0000000000832478" success="true" from="nursery"/>
<exclusive-end id="823" timestamp="2025-12-12T05:37:03.335" durationms="6.904" />

<exclusive-start id="824" timestamp="2025-12-12T05:37:03.357" intervalms="29.012">
  <response-info timems="0.048" idlems="0.048" threads="0" lastid="0000000000831A00" lastname="Default Executor-thread-1" />
</exclusive-start>
<af-start id="825" threadId="0000000000832478" totalBytesRequested="24" timestamp="2025-12-12T05:37:03.357" intervalms="29.169" type="nursery" />
<cycle-start id="826" type="scavenge" contextid="0" timestamp="2025-12-12T05:37:03.358" intervalms="29.327" />
<gc-start id="827" type="scavenge" contextid="826" timestamp="2025-12-12T05:37:03.359">
  <mem-info id="828" free="2979632" total="27066368" percent="11">
    <mem type="nursery" free="0" total="11010048" percent="0">
      <mem type="allocate" free="0" total="9109504" percent="0" />
      <mem type="survivor" free="0" total="1900544" percent="0" />
    </mem>
    <mem type="tenure" free="2979632" total="16056320" percent="18">
      <mem type="soa" free="2176816" total="15253504" percent="14" />
      <mem type="loa" free="802816" total="802816" percent="100" />
    </mem>
    <remembered-set count="587" />
  </mem-info>
</gc-start>
<allocation-stats totalBytes="8894296" discardedBytes="936" >
  <allocated-bytes non-tlh="120" tlh="8894176" />
  <largest-consumer threadName="Default Executor-thread-1" threadId="0000000000831A00" bytes="8894296" />
</allocation-stats>
<gc-op id="829" type="scavenge" timems="0.948" contextid="826" timestamp="2025-12-12T05:37:03.361">
  <scavenger-info tenureage="13" tenuremask="6000" tiltratio="82" />
  <memory-copied type="nursery" objects="11517" bytes="320552" bytesdiscarded="7384" />
  <references type="weak" candidates="1" cleared="0" enqueued="0" />
  <object-monitors candidates="15" cleared="0"  />
</gc-op>
<heap-resize id="830" type="expand" space="nursery" amount="393216" count="1" timems="0.033" reason="excessive time being spent scavenging" timestamp="2025-12-12T05:37:03.361" />
<gc-end id="831" type="scavenge" contextid="826" durationms="2.994" usertimems="1.709" systemtimems="0.000" stalltimems="0.419" timestamp="2025-12-12T05:37:03.362" activeThreads="2">
  <mem-info id="832" free="12482096" total="27459584" percent="45">
    <mem type="nursery" free="9502464" total="11403264" percent="83">
      <mem type="allocate" free="9502464" total="9830400" percent="96" />
      <mem type="survivor" free="0" total="1572864" percent="0" />
    </mem>
    <mem type="tenure" free="2979632" total="16056320" percent="18">
      <mem type="soa" free="2176816" total="15253504" percent="14" />
      <mem type="loa" free="802816" total="802816" percent="100" />
    </mem>
    <remembered-set count="563" />
  </mem-info>
</gc-end>
<cycle-end id="833" type="scavenge" contextid="826" timestamp="2025-12-12T05:37:03.362" />
<allocation-satisfied id="834" threadId="0000000000831A00" bytesRequested="24" />
<af-end id="835" timestamp="2025-12-12T05:37:03.363" threadId="0000000000832478" success="true" from="nursery"/>
<exclusive-end id="836" timestamp="2025-12-12T05:37:03.364" durationms="7.179" />

<exclusive-start id="837" timestamp="2025-12-12T05:37:03.382" intervalms="25.326">
  <response-info timems="0.050" idlems="0.050" threads="0" lastid="0000000000831A00" lastname="Default Executor-thread-1" />
</exclusive-start>
<af-start id="838" threadId="0000000000832478" totalBytesRequested="16" timestamp="2025-12-12T05:37:03.383" intervalms="25.243" type="nursery" />
<cycle-start id="839" type="scavenge" contextid="0" timestamp="2025-12-12T05:37:03.383" intervalms="25.109" />
<gc-start id="840" type="scavenge" contextid="839" timestamp="2025-12-12T05:37:03.384">
  <mem-info id="841" free="2979632" total="27459584" percent="10">
    <mem type="nursery" free="0" total="11403264" percent="0">
      <mem type="allocate" free="0" total="9830400" percent="0" />
      <mem type="survivor" free="0" total="1572864" percent="0" />
    </mem>
    <mem type="tenure" free="2979632" total="16056320" percent="18">
      <mem type="soa" free="2176816" total="15253504" percent="14" />
      <mem type="loa" free="802816" total="802816" percent="100" />
    </mem>
    <remembered-set count="584" />
  </mem-info>
</gc-start>
<allocation-stats totalBytes="9501872" discardedBytes="592" >
  <allocated-bytes non-tlh="24" tlh="9501848" />
  <largest-consumer threadName="Default Executor-thread-1" threadId="0000000000831A00" bytes="9501872" />
</allocation-stats>
<gc-op id="842" type="scavenge" timems="0.946" contextid="839" timestamp="2025-12-12T05:37:03.386">
  <scavenger-info tenureage="14" tenuremask="4000" tiltratio="86" />
  <memory-copied type="nursery" objects="13587" bytes="380184" bytesdiscarded="62952" />
  <references type="weak" candidates="1" cleared="0" enqueued="0" />
  <object-monitors candidates="15" cleared="0"  />
</gc-op>
<heap-resize id="843" type="expand" space="nursery" amount="655360" count="1" timems="0.103" reason="excessive time being spent scavenging" timestamp="2025-12-12T05:37:03.386" />
<gc-end id="844" type="scavenge" contextid="839" durationms="3.332" usertimems="0.000" systemtimems="2.254" stalltimems="0.167" timestamp="2025-12-12T05:37:03.387" activeThreads="2">
  <mem-info id="845" free="13153328" total="28114944" percent="46">
    <mem type="nursery" free="10173696" total="12058624" percent="84">
      <mem type="allocate" free="10173696" total="10616832" percent="95" />
      <mem type="survivor" free="0" total="1441792" percent="0" />
    </mem>
    <mem type="tenure" free="2979632" total="16056320" percent="18">
      <mem type="soa" free="2176816" total="15253504" percent="14" />
      <mem type="loa" free="802816" total="802816" percent="100" />
    </mem>
    <remembered-set count="578" />
  </mem-info>
</gc-end>
<cycle-end id="846" type="scavenge" contextid="839" timestamp="2025-12-12T05:37:03.388" />
<allocation-satisfied id="847" threadId="0000000000831A00" bytesRequested="16" />
<af-end id="848" timestamp="2025-12-12T05:37:03.389" threadId="0000000000832478" success="true" from="nursery"/>
<exclusive-end id="849" timestamp="2025-12-12T05:37:03.389" durationms="7.163" />

<exclusive-start id="850" timestamp="2025-12-12T05:37:03.408" intervalms="26.309">
  <response-info timems="0.049" idlems="0.049" threads="0" lastid="0000000000831A00" lastname="Default Executor-thread-1" />
</exclusive-start>
<af-start id="851" threadId="0000000000832478" totalBytesRequested="24" timestamp="2025-12-12T05:37:03.409" intervalms="26.360" type="nursery" />
<cycle-start id="852" type="scavenge" contextid="0" timestamp="2025-12-12T05:37:03.410" intervalms="26.575" />
<gc-start id="853" type="scavenge" contextid="852" timestamp="2025-12-12T05:37:03.410">
  <mem-info id="854" free="2979632" total="28114944" percent="10">
    <mem type="nursery" free="0" total="12058624" percent="0">
      <mem type="allocate" free="0" total="10616832" percent="0" />
      <mem type="survivor" free="0" total="1441792" percent="0" />
    </mem>
    <mem type="tenure" free="2979632" total="16056320" percent="18">
      <mem type="soa" free="2176816" total="15253504" percent="14" />
      <mem type="loa" free="802816" total="802816" percent="100" />
    </mem>
    <remembered-set count="579" />
  </mem-info>
</gc-start>
<allocation-stats totalBytes="10173112" discardedBytes="584" >
  <allocated-bytes non-tlh="16" tlh="10173096" />
  <largest-consumer threadName="Default Executor-thread-1" threadId="0000000000831A00" bytes="10173112" />
</allocation-stats>
<gc-op id="855" type="scavenge" timems="1.010" contextid="852" timestamp="2025-12-12T05:37:03.412">
  <scavenger-info tenureage="3" tenuremask="4018" tiltratio="88" />
  <memory-copied type="nursery" objects="6783" bytes="191240" bytesdiscarded="7672" />
  <memory-copied type="tenure" objects="6995" bytes="195792" bytesdiscarded="56" />
  <object-monitors candidates="15" cleared="0"  />
</gc-op>
<heap-resize id="856" type="expand" space="nursery" amount="655360" count="1" timems="0.030" reason="excessive time being spent scavenging" timestamp="2025-12-12T05:37:03.413" />
<gc-end id="857" type="scavenge" contextid="852" durationms="3.349" usertimems="1.352" systemtimems="0.594" stalltimems="0.298" timestamp="2025-12-12T05:37:03.414" activeThreads="2">
  <mem-info id="858" free="13990448" total="28770304" percent="48">
    <mem type="nursery" free="11204352" total="12713984" percent="88">
      <mem type="allocate" free="11204352" total="11403264" percent="98" />
      <mem type="survivor" free="0" total="1310720" percent="0" />
    </mem>
    <mem type="tenure" free="2786096" total="16056320" percent="17">
      <mem type="soa" free="1983280" total="15253504" percent="13" />
      <mem type="loa" free="802816" total="802816" percent="100" />
    </mem>
    <remembered-set count="401" />
  </mem-info>
</gc-end>
<cycle-end id="859" type="scavenge" contextid="852" timestamp="2025-12-12T05:37:03.414" />
<allocation-satisfied id="860" threadId="0000000000831A00" bytesRequested="24" />
<af-end id="861" timestamp="2025-12-12T05:37:03.415" threadId="0000000000832478" success="true" from="nursery"/>
<exclusive-end id="862" timestamp="2025-12-12T05:37:03.415" durationms="7.223" />

<exclusive-start id="863" timestamp="2025-12-12T05:37:03.438" intervalms="29.608">
  <response-info timems="0.044" idlems="0.044" threads="0" lastid="0000000000831A00" lastname="Default Executor-thread-1" />
</exclusive-start>
<af-start id="864" threadId="0000000000832478" totalBytesRequested="24" timestamp="2025-12-12T05:37:03.439" intervalms="29.735" type="nursery" />
<cycle-start id="865" type="scavenge" contextid="0" timestamp="2025-12-12T05:37:03.439" intervalms="29.651" />
<gc-start id="866" type="scavenge" contextid="865" timestamp="2025-12-12T05:37:03.440">
  <mem-info id="867" free="2786096" total="28770304" percent="9">
    <mem type="nursery" free="0" total="12713984" percent="0">
      <mem type="allocate" free="0" total="11403264" percent="0" />
      <mem type="survivor" free="0" total="1310720" percent="0" />
    </mem>
    <mem type="tenure" free="2786096" total="16056320" percent="17">
      <mem type="soa" free="1983280" total="15253504" percent="13" />
      <mem type="loa" free="802816" total="802816" percent="100" />
    </mem>
    <remembered-set count="424" />
  </mem-info>
</gc-start>
<allocation-stats totalBytes="11203976" discardedBytes="376" >
  <allocated-bytes non-tlh="24" tlh="11203952" />
  <largest-consumer threadName="Default Executor-thread-1" threadId="0000000000831A00" bytes="11191688" />
</allocation-stats>
<gc-op id="868" type="scavenge" timems="0.913" contextid="865" timestamp="2025-12-12T05:37:03.442">
  <scavenger-info tenureage="3" tenuremask="4008" tiltratio="89" />
  <memory-copied type="nursery" objects="2894" bytes="88424" bytesdiscarded="42088" />
  <memory-copied type="tenure" objects="4207" bytes="113880" bytesdiscarded="40" />
  <ownableSynchronizers candidates="4" cleared="0" />
  <references type="weak" candidates="2" cleared="0" enqueued="0" />
  <object-monitors candidates="17" cleared="0"  />
</gc-op>
<heap-resize id="869" type="expand" space="nursery" amount="524288" count="1" timems="0.036" reason="excessive time being spent scavenging" timestamp="2025-12-12T05:37:03.443" />
<gc-end id="870" type="scavenge" contextid="865" durationms="3.041" usertimems="1.233" systemtimems="0.538" stalltimems="0.212" timestamp="2025-12-12T05:37:03.443" activeThreads="2">
  <mem-info id="871" free="14399280" total="29294592" percent="49">
    <mem type="nursery" free="11731456" total="13238272" percent="88">
      <mem type="allocate" free="11731456" total="11862016" percent="98" />
      <mem type="survivor" free="0" total="1376256" percent="0" />
    </mem>
    <mem type="tenure" free="2667824" total="16056320" percent="16">
      <mem type="soa" free="1865008" total="15253504" percent="12" />
      <mem type="loa" free="802816" total="802816" percent="100" />
    </mem>
    <remembered-set count="330" />
  </mem-info>
</gc-end>
<cycle-end id="872" type="scavenge" contextid="865" timestamp="2025-12-12T05:37:03.444" />
<allocation-satisfied id="873" threadId="0000000000831A00" bytesRequested="24" />
<af-end id="874" timestamp="2025-12-12T05:37:03.445" threadId="0000000000832478" success="true" from="nursery"/>
<exclusive-end id="875" timestamp="2025-12-12T05:37:03.446" durationms="7.845" />

<exclusive-start id="876" timestamp="2025-12-12T05:37:03.469" intervalms="31.107">
  <response-info timems="0.047" idlems="0.047" threads="0" lastid="0000000000831A00" lastname="Default Executor-thread-1" />
</exclusive-start>
<af-start id="877" threadId="0000000000832478" totalBytesRequested="16" timestamp="2025-12-12T05:37:03.470" intervalms="31.087" type="nursery" />
<cycle-start id="878" type="scavenge" contextid="0" timestamp="2025-12-12T05:37:03.471" intervalms="31.225" />
<gc-start id="879" type="scavenge" contextid="878" timestamp="2025-12-12T05:37:03.471">
  <mem-info id="880" free="2667824" total="29294592" percent="9">
    <mem type="nursery" free="0" total="13238272" percent="0">
      <mem type="allocate" free="0" total="11862016" percent="0" />
      <mem type="survivor" free="0" total="1376256" percent="0" />
    </mem>
    <mem type="tenure" free="2667824" total="16056320" percent="16">
      <mem type="soa" free="1865008" total="15253504" percent="12" />
      <mem type="loa" free="802816" total="802816" percent="100" />
    </mem>
    <remembered-set count="334" />
  </mem-info>
</gc-start>
<allocation-stats totalBytes="11730792" discardedBytes="664" >
  <allocated-bytes non-tlh="24" tlh="11730768" />
  <largest-consumer threadName="Default Executor-thread-1" threadId="0000000000831A00" bytes="11730792" />
</allocation-stats>
<gc-op id="881" type="scavenge" timems="0.702" contextid="878" timestamp="2025-12-12T05:37:03.473">
  <scavenger-info tenureage="3" tenuremask="4008" tiltratio="89" />
  <memory-copied type="nursery" objects="978" bytes="34528" bytesdiscarded="23824" />
  <memory-copied type="tenure" objects="2113" bytes="60968" bytesdiscarded="56" />
  <ownableSynchronizers candidates="4" cleared="0" />
  <references type="weak" candidates="2" cleared="0" enqueued="0" />
  <object-monitors candidates="17" cleared="0"  />
</gc-op>
<gc-end id="882" type="scavenge" contextid="878" durationms="2.386" usertimems="0.748" systemtimems="0.325" stalltimems="0.461" timestamp="2025-12-12T05:37:03.474" activeThreads="2">
  <mem-info id="883" free="14413104" total="29294592" percent="49">
    <mem type="nursery" free="11803648" total="13238272" percent="89">
      <mem type="allocate" free="11803648" total="11862016" percent="99" />
      <mem type="survivor" free="0" total="1376256" percent="0" />
    </mem>
    <mem type="tenure" free="2609456" total="16056320" percent="16">
      <mem type="soa" free="1806640" total="15253504" percent="11" />
      <mem type="loa" free="802816" total="802816" percent="100" />
    </mem>
    <remembered-set count="288" />
  </mem-info>
</gc-end>
<cycle-end id="884" type="scavenge" contextid="878" timestamp="2025-12-12T05:37:03.474" />
<allocation-satisfied id="885" threadId="0000000000831A00" bytesRequested="16" />
<af-end id="886" timestamp="2025-12-12T05:37:03.475" threadId="0000000000832478" success="true" from="nursery"/>
<exclusive-end id="887" timestamp="2025-12-12T05:37:03.475" durationms="6.503" />

<exclusive-start id="888" timestamp="2025-12-12T05:37:03.497" intervalms="28.462">
  <response-info timems="0.055" idlems="0.055" threads="0" lastid="0000000000831A00" lastname="Default Executor-thread-1" />
</exclusive-start>
<af-start id="889" threadId="0000000000832478" totalBytesRequested="72" timestamp="2025-12-12T05:37:03.498" intervalms="28.263" type="nursery" />
<cycle-start id="890" type="scavenge" contextid="0" timestamp="2025-12-12T05:37:03.499" intervalms="28.037" />
<gc-start id="891" type="scavenge" contextid="890" timestamp="2025-12-12T05:37:03.499">
  <mem-info id="892" free="2609456" total="29294592" percent="8">
    <mem type="nursery" free="0" total="13238272" percent="0">
      <mem type="allocate" free="0" total="11862016" percent="0" />
      <mem type="survivor" free="0" total="1376256" percent="0" />
    </mem>
    <mem type="tenure" free="2609456" total="16056320" percent="16">
      <mem type="soa" free="1806640" total="15253504" percent="11" />
      <mem type="loa" free="802816" total="802816" percent="100" />
    </mem>
    <remembered-set count="296" />
  </mem-info>
</gc-start>
<allocation-stats totalBytes="11803152" discardedBytes="496" >
  <allocated-bytes non-tlh="16" tlh="11803136" />
  <largest-consumer threadName="Default Executor-thread-1" threadId="0000000000831A00" bytes="11803152" />
</allocation-stats>
<gc-op id="893" type="scavenge" timems="0.399" contextid="890" timestamp="2025-12-12T05:37:03.501">
  <scavenger-info tenureage="3" tenuremask="ffe8" tiltratio="89" />
  <memory-copied type="nursery" objects="751" bytes="25296" bytesdiscarded="18464" />
  <memory-copied type="tenure" objects="65" bytes="1944" bytesdiscarded="0" />
  <ownableSynchronizers candidates="4" cleared="0" />
  <references type="weak" candidates="2" cleared="0" enqueued="0" />
  <object-monitors candidates="17" cleared="0"  />
</gc-op>
<heap-resize id="894" type="expand" space="nursery" amount="786432" count="1" timems="0.031" reason="excessive time being spent scavenging" timestamp="2025-12-12T05:37:03.502" />
<gc-end id="895" type="scavenge" contextid="890" durationms="2.846" usertimems="0.580" systemtimems="0.249" stalltimems="0.159" timestamp="2025-12-12T05:37:03.502" activeThreads="2">
  <mem-info id="896" free="15083056" total="30081024" percent="50">
    <mem type="nursery" free="12473600" total="14024704" percent="88">
      <mem type="allocate" free="12473600" total="12517376" percent="99" />
      <mem type="survivor" free="0" total="1507328" percent="0" />
    </mem>
    <mem type="tenure" free="2609456" total="16056320" percent="16">
      <mem type="soa" free="1806640" total="15253504" percent="11" />
      <mem type="loa" free="802816" total="802816" percent="100" />
    </mem>
    <remembered-set count="285" />
  </mem-info>
</gc-end>
<cycle-end id="897" type="scavenge" contextid="890" timestamp="2025-12-12T05:37:03.503" />
<allocation-satisfied id="898" threadId="0000000000831A00" bytesRequested="72" />
<af-end id="899" timestamp="2025-12-12T05:37:03.504" threadId="0000000000832478" success="true" from="nursery"/>
<exclusive-end id="900" timestamp="2025-12-12T05:37:03.504" durationms="6.997" />

<exclusive-start id="901" timestamp="2025-12-12T05:37:03.530" intervalms="32.833">
  <response-info timems="0.042" idlems="0.042" threads="0" lastid="0000000000831A00" lastname="Default Executor-thread-1" />
</exclusive-start>
<af-start id="902" threadId="0000000000832478" totalBytesRequested="48" timestamp="2025-12-12T05:37:03.531" intervalms="33.021" type="nursery" />
<cycle-start id="903" type="scavenge" contextid="0" timestamp="2025-12-12T05:37:03.532" intervalms="33.165" />
<gc-start id="904" type="scavenge" contextid="903" timestamp="2025-12-12T05:37:03.533">
  <mem-info id="905" free="2608480" total="30081024" percent="8">
    <mem type="nursery" free="0" total="14024704" percent="0">
      <mem type="allocate" free="0" total="12517376" percent="0" />
      <mem type="survivor" free="0" total="1507328" percent="0" />
    </mem>
    <mem type="tenure" free="2608480" total="16056320" percent="16">
      <mem type="soa" free="1805664" total="15253504" percent="11" />
      <mem type="loa" free="802816" total="802816" percent="100" />
    </mem>
    <remembered-set count="1594" />
  </mem-info>
</gc-start>
<allocation-stats totalBytes="12473712" discardedBytes="864" >
  <allocated-bytes non-tlh="1048" tlh="12472664" />
  <largest-consumer threadName="Default Executor-thread-1" threadId="0000000000831A00" bytes="12473712" />
</allocation-stats>
<gc-op id="906" type="scavenge" timems="0.599" contextid="903" timestamp="2025-12-12T05:37:03.534">
  <scavenger-info tenureage="5" tenuremask="ffe0" tiltratio="89" />
  <memory-copied type="nursery" objects="2242" bytes="75840" bytesdiscarded="26176" />
  <ownableSynchronizers candidates="4" cleared="0" />
  <references type="weak" candidates="7" cleared="3" enqueued="3" />
  <object-monitors candidates="17" cleared="0"  />
</gc-op>
<gc-end id="907" type="scavenge" contextid="903" durationms="2.477" usertimems="0.685" systemtimems="0.292" stalltimems="0.222" timestamp="2025-12-12T05:37:03.535" activeThreads="2">
  <mem-info id="908" free="15089344" total="30081024" percent="50">
    <mem type="nursery" free="12480864" total="14024704" percent="88">
      <mem type="allocate" free="12480864" total="12582912" percent="99" />
      <mem type="survivor" free="0" total="1441792" percent="0" />
    </mem>
    <mem type="tenure" free="2608480" total="16056320" percent="16">
      <mem type="soa" free="1805664" total="15253504" percent="11" />
      <mem type="loa" free="802816" total="802816" percent="100" />
    </mem>
    <pending-finalizers system="0" default="0" reference="3" classloader="0" />
    <remembered-set count="697" />
  </mem-info>
</gc-end>
<cycle-end id="909" type="scavenge" contextid="903" timestamp="2025-12-12T05:37:03.536" />
<allocation-satisfied id="910" threadId="0000000000831A00" bytesRequested="48" />
<af-end id="911" timestamp="2025-12-12T05:37:03.536" threadId="0000000000832478" success="true" from="nursery"/>
<exclusive-end id="912" timestamp="2025-12-12T05:37:03.537" durationms="6.839" />

<exclusive-start id="913" timestamp="2025-12-12T05:37:03.742" intervalms="211.896">
  <response-info timems="0.237" idlems="0.137" threads="1" lastid="0000000000031000" lastname="JIT Compilation Thread-002" />
</exclusive-start>
<af-start id="914" threadId="0000000000832478" totalBytesRequested="16392" timestamp="2025-12-12T05:37:03.743" intervalms="211.693" type="nursery" />
<cycle-start id="915" type="scavenge" contextid="0" timestamp="2025-12-12T05:37:03.743" intervalms="211.543" />
<gc-start id="916" type="scavenge" contextid="915" timestamp="2025-12-12T05:37:03.744">
  <mem-info id="917" free="2597792" total="30081024" percent="8">
    <mem type="nursery" free="0" total="14024704" percent="0">
      <mem type="allocate" free="0" total="12582912" percent="0" />
      <mem type="survivor" free="0" total="1441792" percent="0" />
    </mem>
    <mem type="tenure" free="2597792" total="16056320" percent="16">
      <mem type="soa" free="1794976" total="15253504" percent="11" />
      <mem type="loa" free="802816" total="802816" percent="100" />
    </mem>
    <remembered-set count="2364" />
  </mem-info>
</gc-start>
<allocation-stats totalBytes="12317408" discardedBytes="174144" >
  <allocated-bytes non-tlh="251064" tlh="12066344" />
  <largest-consumer threadName="Default Executor-thread-1" threadId="0000000000831A00" bytes="12276368" />
</allocation-stats>
<gc-op id="918" type="scavenge" timems="4.649" contextid="915" timestamp="2025-12-12T05:37:03.750">
  <scavenger-info tenureage="3" tenuremask="fff8" tiltratio="89" />
  <memory-copied type="nursery" objects="31383" bytes="1440088" bytesdiscarded="712" />
  <memory-copied type="tenure" objects="3942" bytes="121784" bytesdiscarded="8" />
  <copy-failed type="nursery" objects="3743" bytes="115056" />
  <ownableSynchronizers candidates="86" cleared="48" />
  <references type="weak" candidates="15" cleared="0" enqueued="0" />
  <references type="phantom" candidates="53" cleared="0" enqueued="0" />
  <object-monitors candidates="17" cleared="0"  />
</gc-op>
<gc-end id="919" type="scavenge" contextid="915" durationms="7.033" usertimems="8.765" systemtimems="0.250" stalltimems="0.471" timestamp="2025-12-12T05:37:03.751" activeThreads="2">
  <mem-info id="920" free="11247520" total="30081024" percent="37">
    <mem type="nursery" free="8781824" total="14024704" percent="62">
      <mem type="allocate" free="8781824" total="10223616" percent="85" />
      <mem type="survivor" free="0" total="3801088" percent="0" />
    </mem>
    <mem type="tenure" free="2465696" total="16056320" percent="15">
      <mem type="soa" free="1662880" total="15253504" percent="10" />
      <mem type="loa" free="802816" total="802816" percent="100" />
    </mem>
    <remembered-set count="2500" />
  </mem-info>
</gc-end>
<cycle-end id="921" type="scavenge" contextid="915" timestamp="2025-12-12T05:37:03.752" />
<allocation-satisfied id="922" threadId="0000000000831A00" bytesRequested="16392" />
<af-end id="923" timestamp="2025-12-12T05:37:03.753" threadId="0000000000832478" success="true" from="nursery"/>
<exclusive-end id="924" timestamp="2025-12-12T05:37:03.754" durationms="11.975" />

<exclusive-start id="925" timestamp="2025-12-12T05:37:03.804" intervalms="62.165">
  <response-info timems="0.027" idlems="0.027" threads="0" lastid="0000000000831A00" lastname="Default Executor-thread-1" />
</exclusive-start>
<af-start id="926" threadId="0000000000832478" totalBytesRequested="96" timestamp="2025-12-12T05:37:03.805" intervalms="62.501" type="nursery" />
<cycle-start id="927" type="scavenge" contextid="0" timestamp="2025-12-12T05:37:03.806" intervalms="62.700" />
<gc-start id="928" type="scavenge" contextid="927" timestamp="2025-12-12T05:37:03.807">
  <mem-info id="929" free="2464992" total="30081024" percent="8">
    <mem type="nursery" free="0" total="14024704" percent="0">
      <mem type="allocate" free="0" total="10223616" percent="0" />
      <mem type="survivor" free="0" total="3801088" percent="0" />
    </mem>
    <mem type="tenure" free="2464992" total="16056320" percent="15">
      <mem type="soa" free="1662176" total="15253504" percent="10" />
      <mem type="loa" free="802816" total="802816" percent="100" />
    </mem>
    <remembered-set count="2842" />
  </mem-info>
</gc-start>
<allocation-stats totalBytes="8780624" discardedBytes="1904" >
  <allocated-bytes non-tlh="17096" tlh="8763528" />
  <largest-consumer threadName="Default Executor-thread-1" threadId="0000000000831A00" bytes="8706928" />
</allocation-stats>
<gc-op id="930" type="scavenge" timems="1.858" contextid="927" timestamp="2025-12-12T05:37:03.810">
  <scavenger-info tenureage="6" tenuremask="ffc0" tiltratio="72" />
  <memory-copied type="nursery" objects="54101" bytes="2933640" bytesdiscarded="30216" />
  <ownableSynchronizers candidates="234" cleared="120" />
  <references type="weak" candidates="14" cleared="0" enqueued="0" />
  <references type="phantom" candidates="172" cleared="0" enqueued="0" />
  <object-monitors candidates="17" cleared="0"  />
</gc-op>
<heap-resize id="931" type="expand" space="nursery" amount="655360" count="1" timems="0.022" reason="excessive time being spent scavenging" timestamp="2025-12-12T05:37:03.811" />
<gc-end id="932" type="scavenge" contextid="927" durationms="4.143" usertimems="3.397" systemtimems="1.416" stalltimems="0.818" timestamp="2025-12-12T05:37:03.811" activeThreads="3">
  <mem-info id="933" free="8870520" total="30736384" percent="28">
    <mem type="nursery" free="6405528" total="14680064" percent="43">
      <mem type="allocate" free="6405528" total="9371648" percent="68" />
      <mem type="survivor" free="0" total="5308416" percent="0" />
    </mem>
    <mem type="tenure" free="2464992" total="16056320" percent="15">
      <mem type="soa" free="1662176" total="15253504" percent="10" />
      <mem type="loa" free="802816" total="802816" percent="100" />
    </mem>
    <remembered-set count="2647" />
  </mem-info>
</gc-end>
<cycle-end id="934" type="scavenge" contextid="927" timestamp="2025-12-12T05:37:03.812" />
<allocation-satisfied id="935" threadId="0000000000831A00" bytesRequested="96" />
<af-end id="936" timestamp="2025-12-12T05:37:03.812" threadId="0000000000832478" success="true" from="nursery"/>
<exclusive-end id="937" timestamp="2025-12-12T05:37:03.813" durationms="8.544" />

<exclusive-start id="938" timestamp="2025-12-12T05:37:03.868" intervalms="64.065">
  <response-info timems="0.035" idlems="0.035" threads="0" lastid="0000000000831A00" lastname="Default Executor-thread-1" />
</exclusive-start>
<af-start id="939" threadId="0000000000832478" totalBytesRequested="32" timestamp="2025-12-12T05:37:03.869" intervalms="63.891" type="nursery" />
<cycle-start id="940" type="scavenge" contextid="0" timestamp="2025-12-12T05:37:03.870" intervalms="63.742" />
<gc-start id="941" type="scavenge" contextid="940" timestamp="2025-12-12T05:37:03.870">
  <mem-info id="942" free="2464728" total="30736384" percent="8">
    <mem type="nursery" free="0" total="14680064" percent="0">
      <mem type="allocate" free="0" total="9371648" percent="0" />
      <mem type="survivor" free="0" total="5308416" percent="0" />
    </mem>
    <mem type="tenure" free="2464728" total="16056320" percent="15">
      <mem type="soa" free="1661912" total="15253504" percent="10" />
      <mem type="loa" free="802816" total="802816" percent="100" />
    </mem>
    <remembered-set count="2889" />
  </mem-info>
</gc-start>
<allocation-stats totalBytes="6403632" discardedBytes="2160" >
  <allocated-bytes non-tlh="236216" tlh="6167416" />
  <largest-consumer threadName="Default Executor-thread-1" threadId="0000000000831A00" bytes="6366776" />
</allocation-stats>
<gc-op id="943" type="scavenge" timems="2.914" contextid="940" timestamp="2025-12-12T05:37:03.874">
  <scavenger-info tenureage="2" tenuremask="fffc" tiltratio="63" />
  <memory-copied type="nursery" objects="35233" bytes="2619136" bytesdiscarded="170992" />
  <memory-copied type="tenure" objects="31352" bytes="1427648" bytesdiscarded="808" />
  <ownableSynchronizers candidates="207" cleared="57" />
  <references type="phantom" candidates="174" cleared="0" enqueued="0" />
  <object-monitors candidates="17" cleared="0"  />
</gc-op>
<gc-end id="944" type="scavenge" contextid="940" durationms="4.710" usertimems="5.215" systemtimems="2.197" stalltimems="1.697" timestamp="2025-12-12T05:37:03.875" activeThreads="3">
  <mem-info id="945" free="8116376" total="30736384" percent="26">
    <mem type="nursery" free="7103472" total="14680064" percent="48">
      <mem type="allocate" free="7103472" total="9895936" percent="71" />
      <mem type="survivor" free="0" total="4784128" percent="0" />
    </mem>
    <mem type="tenure" free="1012904" total="16056320" percent="6">
      <mem type="soa" free="210088" total="15253504" percent="1" />
      <mem type="loa" free="802816" total="802816" percent="100" />
    </mem>
    <remembered-set count="659" />
  </mem-info>
</gc-end>
<cycle-end id="946" type="scavenge" contextid="940" timestamp="2025-12-12T05:37:03.876" />
<allocation-satisfied id="947" threadId="0000000000831A00" bytesRequested="32" />
<af-end id="948" timestamp="2025-12-12T05:37:03.877" threadId="0000000000832478" success="true" from="nursery"/>
<exclusive-end id="949" timestamp="2025-12-12T05:37:03.877" durationms="8.976" />

<concurrent-kickoff id="950" timestamp="2025-12-12T05:37:03.904">
  <kickoff reason="threshold reached" targetBytes="6374419" thresholdFreeBytes="882173"  remainingFree="631760" tenureFreeBytes="1012592" nurseryFreeBytes="631760" />
</concurrent-kickoff>
<exclusive-start id="951" timestamp="2025-12-12T05:37:03.905" intervalms="36.830">
  <response-info timems="0.035" idlems="0.035" threads="0" lastid="0000000000831A00" lastname="Default Executor-thread-1" />
</exclusive-start>
<cycle-start id="952" type="global" contextid="0" timestamp="2025-12-12T05:37:03.906" intervalms="776.952" />
<concurrent-start id="953" type="global mark" contextid="952" timestamp="2025-12-12T05:37:03.907">
</concurrent-start>
<exclusive-end id="954" timestamp="2025-12-12T05:37:03.908" durationms="2.587" />

<exclusive-start id="955" timestamp="2025-12-12T05:37:03.914" intervalms="8.737">
  <response-info timems="0.044" idlems="0.044" threads="0" lastid="00000000007D3600" lastname="Executor Service Control Timer" />
</exclusive-start>
<af-start id="956" threadId="00000000007D4078" totalBytesRequested="24" timestamp="2025-12-12T05:37:03.915" intervalms="45.540" type="nursery" />
<cycle-start id="957" type="scavenge" contextid="0" timestamp="2025-12-12T05:37:03.916" intervalms="46.153" />
<gc-start id="958" type="scavenge" contextid="957" timestamp="2025-12-12T05:37:03.917">
  <mem-info id="959" free="1012592" total="30736384" percent="3">
    <mem type="nursery" free="0" total="14680064" percent="0">
      <mem type="allocate" free="0" total="9895936" percent="0" />
      <mem type="survivor" free="0" total="4784128" percent="0" />
    </mem>
    <mem type="tenure" free="1012592" total="16056320" percent="6">
      <mem type="soa" free="209776" total="15253504" percent="1" />
      <mem type="loa" free="802816" total="802816" percent="100" />
    </mem>
    <remembered-set count="997" />
  </mem-info>
</gc-start>
<allocation-stats totalBytes="7103112" discardedBytes="672" >
  <allocated-bytes non-tlh="344" tlh="7102768" />
  <largest-consumer threadName="Default Executor-thread-1" threadId="0000000000831A00" bytes="7025320" />
</allocation-stats>
<gc-op id="960" type="scavenge" timems="4.470" contextid="957" timestamp="2025-12-12T05:37:03.922">
  <scavenger-info tenureage="2" tenuremask="ffc4" tiltratio="67" />
  <memory-copied type="nursery" objects="29169" bytes="2230712" bytesdiscarded="93016" />
  <memory-copied type="tenure" objects="22508" bytes="1490416" bytesdiscarded="2800" />
  <ownableSynchronizers candidates="274" cleared="93" />
  <references type="weak" candidates="3" cleared="0" enqueued="0" />
  <references type="phantom" candidates="151" cleared="0" enqueued="0" />
  <object-monitors candidates="18" cleared="0"  />
  <heap-resize type="expand" space="tenure" amount="1441792" count="22" timems="1.272" reason="continue current collection" />
</gc-op>
<heap-resize id="961" type="expand" space="nursery" amount="1179648" count="1" timems="0.045" reason="excessive time being spent scavenging" timestamp="2025-12-12T05:37:03.923" />
<gc-end id="962" type="scavenge" contextid="957" durationms="7.246" usertimems="7.894" systemtimems="3.969" stalltimems="1.107" timestamp="2025-12-12T05:37:03.924" activeThreads="3">
  <mem-info id="963" free="9583120" total="33357824" percent="28">
    <mem type="nursery" free="8684304" total="15859712" percent="54">
      <mem type="allocate" free="8684304" total="11010048" percent="78" />
      <mem type="survivor" free="0" total="4849664" percent="0" />
    </mem>
    <mem type="tenure" free="898816" total="17498112" percent="5">
      <mem type="soa" free="23296" total="16622592" percent="0" />
      <mem type="loa" free="875520" total="875520" percent="100" />
    </mem>
    <remembered-set count="745" />
  </mem-info>
</gc-end>
<cycle-end id="964" type="scavenge" contextid="957" timestamp="2025-12-12T05:37:03.925" />
<allocation-satisfied id="965" threadId="00000000007D3600" bytesRequested="24" />
<af-end id="966" timestamp="2025-12-12T05:37:03.930" threadId="00000000007D4078" success="true" from="nursery"/>
<exclusive-end id="967" timestamp="2025-12-12T05:37:03.931" durationms="16.843" />

<exclusive-start id="968" timestamp="2025-12-12T05:37:03.972" intervalms="57.576">
  <response-info timems="0.035" idlems="0.035" threads="0" lastid="0000000000831A00" lastname="Default Executor-thread-1" />
</exclusive-start>
<af-start id="969" threadId="0000000000832478" totalBytesRequested="24" timestamp="2025-12-12T05:37:03.972" intervalms="57.659" type="nursery" />
<percolate-collect id="970" from="nursery" to="global" reason="concurrent mark exhausted" timestamp="2025-12-12T05:37:03.973"/>
<concurrent-end id="971" type="global mark" contextid="952" timestamp="2025-12-12T05:37:03.974">
<gc-op id="972" type="trace" timems="64.393" contextid="952" timestamp="2025-12-12T05:37:03.974">
  <trace bytesTraced="8966464" workStackOverflowCount="0" />
  <card-cleaning reason="card cleaning threshold reached" bytesTraced="101488" cardsCleaned="392" />
</gc-op>
</concurrent-end>

<gc-start id="973" type="global" contextid="952" timestamp="2025-12-12T05:37:03.975">
  <mem-info id="974" free="897888" total="33357824" percent="2">
    <mem type="nursery" free="0" total="15859712" percent="0">
      <mem type="allocate" free="0" total="11010048" percent="0" />
      <mem type="survivor" free="0" total="4849664" percent="0" />
    </mem>
    <mem type="tenure" free="897888" total="17498112" percent="5">
      <mem type="soa" free="22368" total="16622592" percent="0" />
      <mem type="loa" free="875520" total="875520" percent="100" />
    </mem>
    <remembered-set count="1105" />
  </mem-info>
</gc-start>
<allocation-stats totalBytes="8682904" discardedBytes="2328" >
  <allocated-bytes non-tlh="133432" tlh="8549472" />
  <largest-consumer threadName="Default Executor-thread-1" threadId="0000000000831A00" bytes="8535000" />
</allocation-stats>
<concurrent-halted id="975" timestamp="2025-12-12T05:37:03.976">
  <halted state="Complete" status="exhausted" />
  <traced bytesTarget="6929999" bytesTotal="9067952" bytesByMutator="3643080" bytesByHelper="5424872" percent="130" />
  <cards cleaned="392" thresholdBytes="347522" />
</concurrent-halted>
<gc-op id="976" type="rs-scan" timems="2.922" contextid="952" timestamp="2025-12-12T05:37:03.980">
  <scan objectsFound="49302" bytesTraced="1447680" workStackOverflowCount="0" />
</gc-op>
<gc-op id="977" type="card-cleaning" timems="0.688" contextid="952" timestamp="2025-12-12T05:37:03.981">
  <card-cleaning cardsCleaned="35" bytesTraced="45828" workStackOverflowCount="0" />
</gc-op>
<gc-op id="978" type="mark" timems="3.881" contextid="952" timestamp="2025-12-12T05:37:03.985">
  <trace-info objectcount="190" scancount="178" scanbytes="4052" />
  <finalization candidates="734" enqueued="5" />
  <ownableSynchronizers candidates="1081" cleared="146" />
  <references type="soft" candidates="4488" cleared="0" enqueued="0" dynamicThreshold="9" maxThreshold="32" />
  <references type="weak" candidates="1358" cleared="51" enqueued="51" />
  <references type="phantom" candidates="493" cleared="2" enqueued="2" />
  <stringconstants candidates="12757" cleared="1"  />
  <object-monitors candidates="19" cleared="0"  />
</gc-op>
<gc-op id="979" type="sweep" timems="1.410" contextid="952" timestamp="2025-12-12T05:37:03.987" />
<heap-resize id="980" type="expand" space="tenure" amount="5111808" count="1" timems="0.041" reason="insufficient free space following gc" timestamp="2025-12-12T05:37:03.987" />
<gc-end id="981" type="global" contextid="952" durationms="12.636" usertimems="0.687" systemtimems="27.374" stalltimems="58.486" timestamp="2025-12-12T05:37:03.988" activeThreads="15">
  <mem-info id="982" free="13048896" total="38469632" percent="33">
    <mem type="nursery" free="6230984" total="15859712" percent="39">
      <mem type="allocate" free="6230984" total="11010048" percent="56" />
      <mem type="survivor" free="0" total="4849664" percent="0" />
    </mem>
    <mem type="tenure" free="6817912" total="22609920" percent="30" micro-fragmented="312988" macro-fragmented="0">
      <mem type="soa" free="5687416" total="21479424" percent="26" />
      <mem type="loa" free="1130496" total="1130496" percent="100" />
    </mem>
    <pending-finalizers system="5" default="0" reference="53" classloader="0" />
    <remembered-set count="1087" />
  </mem-info>
</gc-end>
<cycle-end id="983" type="global" contextid="952" timestamp="2025-12-12T05:37:03.988" />
<allocation-satisfied id="984" threadId="0000000000831A00" bytesRequested="24" />
<af-end id="985" timestamp="2025-12-12T05:37:03.989" threadId="0000000000832478" success="true" from="nursery"/>
<exclusive-end id="986" timestamp="2025-12-12T05:37:03.990" durationms="18.383" />

<exclusive-start id="987" timestamp="2025-12-12T05:37:04.091" intervalms="118.961">
  <response-info timems="0.153" idlems="0.153" threads="0" lastid="0000000000831A00" lastname="Default Executor-thread-1" />
</exclusive-start>
<af-start id="988" threadId="0000000000832478" totalBytesRequested="167280" timestamp="2025-12-12T05:37:04.092" intervalms="119.232" type="nursery" />
<cycle-start id="989" type="scavenge" contextid="0" timestamp="2025-12-12T05:37:04.093" intervalms="177.046" />
<gc-start id="990" type="scavenge" contextid="989" timestamp="2025-12-12T05:37:04.094">
  <mem-info id="991" free="7409048" total="38469632" percent="19">
    <mem type="nursery" free="591408" total="15859712" percent="3">
      <mem type="allocate" free="591408" total="11010048" percent="5" />
      <mem type="survivor" free="0" total="4849664" percent="0" />
    </mem>
    <mem type="tenure" free="6817640" total="22609920" percent="30">
      <mem type="soa" free="5687144" total="21479424" percent="26" />
      <mem type="loa" free="1130496" total="1130496" percent="100" />
    </mem>
    <remembered-set count="1370" />
  </mem-info>
</gc-start>
<allocation-stats totalBytes="5485432" discardedBytes="125008" >
  <allocated-bytes non-tlh="2103808" tlh="3381624" />
  <largest-consumer threadName="Default Executor-thread-1" threadId="0000000000831A00" bytes="5443624" />
</allocation-stats>
<gc-op id="992" type="scavenge" timems="5.807" contextid="989" timestamp="2025-12-12T05:37:04.102">
  <scavenger-info tenureage="2" tenuremask="fff4" tiltratio="69" />
  <memory-copied type="nursery" objects="49039" bytes="3196464" bytesdiscarded="33736" />
  <memory-copied type="tenure" objects="12276" bytes="513992" bytesdiscarded="3152" />
  <ownableSynchronizers candidates="1769" cleared="1531" />
  <references type="weak" candidates="9" cleared="0" enqueued="0" />
  <references type="phantom" candidates="296" cleared="0" enqueued="0" />
  <object-monitors candidates="19" cleared="0"  />
</gc-op>
<gc-end id="993" type="scavenge" contextid="989" durationms="9.143" usertimems="17.097" systemtimems="0.410" stalltimems="5.140" timestamp="2025-12-12T05:37:04.103" activeThreads="4">
  <mem-info id="994" free="13854024" total="38469632" percent="36">
    <mem type="nursery" free="7579264" total="15859712" percent="47">
      <mem type="allocate" free="7579264" total="10813440" percent="70" />
      <mem type="survivor" free="0" total="5046272" percent="0" />
    </mem>
    <mem type="tenure" free="6274760" total="22609920" percent="27">
      <mem type="soa" free="5144264" total="21479424" percent="23" />
      <mem type="loa" free="1130496" total="1130496" percent="100" />
    </mem>
    <remembered-set count="981" />
  </mem-info>
</gc-end>
<cycle-end id="995" type="scavenge" contextid="989" timestamp="2025-12-12T05:37:04.104" />
<allocation-satisfied id="996" threadId="0000000000831A00" bytesRequested="167280" />
<af-end id="997" timestamp="2025-12-12T05:37:04.107" threadId="0000000000832478" success="true" from="nursery"/>
<exclusive-end id="998" timestamp="2025-12-12T05:37:04.107" durationms="16.974" />

<exclusive-start id="999" timestamp="2025-12-12T05:37:04.211" intervalms="120.643">
  <response-info timems="0.051" idlems="0.051" threads="0" lastid="0000000000831A00" lastname="Default Executor-thread-1" />
</exclusive-start>
<af-start id="1000" threadId="0000000000832478" totalBytesRequested="8200" timestamp="2025-12-12T05:37:04.212" intervalms="120.285" type="nursery" />
<cycle-start id="1001" type="scavenge" contextid="0" timestamp="2025-12-12T05:37:04.213" intervalms="119.720" />
<gc-start id="1002" type="scavenge" contextid="1001" timestamp="2025-12-12T05:37:04.214">
  <mem-info id="1003" free="6274512" total="38469632" percent="16">
    <mem type="nursery" free="0" total="15859712" percent="0">
      <mem type="allocate" free="0" total="10813440" percent="0" />
      <mem type="survivor" free="0" total="5046272" percent="0" />
    </mem>
    <mem type="tenure" free="6274512" total="22609920" percent="27">
      <mem type="soa" free="5144016" total="21479424" percent="23" />
      <mem type="loa" free="1130496" total="1130496" percent="100" />
    </mem>
    <remembered-set count="1425" />
  </mem-info>
</gc-start>
<allocation-stats totalBytes="7576312" discardedBytes="3200" >
  <allocated-bytes non-tlh="167528" tlh="7408784" />
  <largest-consumer threadName="Default Executor-thread-1" threadId="0000000000831A00" bytes="7494392" />
</allocation-stats>
<gc-op id="1004" type="scavenge" timems="2.052" contextid="1001" timestamp="2025-12-12T05:37:04.218">
  <scavenger-info tenureage="4" tenuremask="fff0" tiltratio="68" />
  <memory-copied type="nursery" objects="65081" bytes="3913000" bytesdiscarded="118352" />
  <ownableSynchronizers candidates="331" cleared="78" />
  <references type="weak" candidates="10" cleared="0" enqueued="0" />
  <references type="phantom" candidates="301" cleared="0" enqueued="0" />
  <object-monitors candidates="19" cleared="0"  />
</gc-op>
<gc-end id="1005" type="scavenge" contextid="1001" durationms="5.296" usertimems="4.113" systemtimems="1.706" stalltimems="2.006" timestamp="2025-12-12T05:37:04.219" activeThreads="4">
  <mem-info id="1006" free="12461976" total="38469632" percent="32">
    <mem type="nursery" free="6187464" total="15859712" percent="39">
      <mem type="allocate" free="6187464" total="10223616" percent="60" />
      <mem type="survivor" free="0" total="5636096" percent="0" />
    </mem>
    <mem type="tenure" free="6274512" total="22609920" percent="27">
      <mem type="soa" free="5144016" total="21479424" percent="23" />
      <mem type="loa" free="1130496" total="1130496" percent="100" />
    </mem>
    <remembered-set count="1018" />
  </mem-info>
</gc-end>
<cycle-end id="1007" type="scavenge" contextid="1001" timestamp="2025-12-12T05:37:04.220" />
<allocation-satisfied id="1008" threadId="0000000000831A00" bytesRequested="8200" />
<af-end id="1009" timestamp="2025-12-12T05:37:04.222" threadId="0000000000832478" success="true" from="nursery"/>
<exclusive-end id="1010" timestamp="2025-12-12T05:37:04.223" durationms="11.478" />

<exclusive-start id="1011" timestamp="2025-12-12T05:37:04.429" intervalms="218.015">
  <response-info timems="0.027" idlems="0.027" threads="0" lastid="0000000000831A00" lastname="Default Executor-thread-1" />
</exclusive-start>
<af-start id="1012" threadId="0000000000832478" totalBytesRequested="5000" timestamp="2025-12-12T05:37:04.430" intervalms="217.975" type="nursery" />
<cycle-start id="1013" type="scavenge" contextid="0" timestamp="2025-12-12T05:37:04.431" intervalms="217.892" />
<gc-start id="1014" type="scavenge" contextid="1013" timestamp="2025-12-12T05:37:04.431">
  <mem-info id="1015" free="6272544" total="38469632" percent="16">
    <mem type="nursery" free="0" total="15859712" percent="0">
      <mem type="allocate" free="0" total="10223616" percent="0" />
      <mem type="survivor" free="0" total="5636096" percent="0" />
    </mem>
    <mem type="tenure" free="6272544" total="22609920" percent="27">
      <mem type="soa" free="5142048" total="21479424" percent="23" />
      <mem type="loa" free="1130496" total="1130496" percent="100" />
    </mem>
    <remembered-set count="1093" />
  </mem-info>
</gc-start>
<allocation-stats totalBytes="6141912" discardedBytes="47520" >
  <allocated-bytes non-tlh="218992" tlh="5922920" />
  <largest-consumer threadName="Default Executor-thread-1" threadId="0000000000831A00" bytes="6113240" />
</allocation-stats>
<gc-op id="1016" type="scavenge" timems="5.679" contextid="1013" timestamp="2025-12-12T05:37:04.438">
  <scavenger-info tenureage="2" tenuremask="fff4" tiltratio="64" />
  <memory-copied type="nursery" objects="36169" bytes="1971768" bytesdiscarded="125320" />
  <memory-copied type="tenure" objects="32584" bytes="2121512" bytesdiscarded="3584" />
  <ownableSynchronizers candidates="273" cleared="12" />
  <references type="weak" candidates="3" cleared="1" enqueued="1" />
  <references type="phantom" candidates="99" cleared="0" enqueued="0" />
  <object-monitors candidates="19" cleared="0"  />
</gc-op>
<gc-end id="1017" type="scavenge" contextid="1013" durationms="7.765" usertimems="10.269" systemtimems="3.265" stalltimems="2.631" timestamp="2025-12-12T05:37:04.439" activeThreads="3">
  <mem-info id="1018" free="12275784" total="38469632" percent="31">
    <mem type="nursery" free="8255352" total="15859712" percent="52">
      <mem type="allocate" free="8255352" total="10354688" percent="79" />
      <mem type="survivor" free="0" total="5505024" percent="0" />
    </mem>
    <mem type="tenure" free="4020432" total="22609920" percent="17">
      <mem type="soa" free="2889936" total="21479424" percent="13" />
      <mem type="loa" free="1130496" total="1130496" percent="100" />
    </mem>
    <pending-finalizers system="0" default="0" reference="1" classloader="0" />
    <remembered-set count="779" />
  </mem-info>
</gc-end>
<cycle-end id="1019" type="scavenge" contextid="1013" timestamp="2025-12-12T05:37:04.440" />
<allocation-satisfied id="1020" threadId="0000000000831A00" bytesRequested="5000" />
<af-end id="1021" timestamp="2025-12-12T05:37:04.441" threadId="0000000000832478" success="true" from="nursery"/>
<exclusive-end id="1022" timestamp="2025-12-12T05:37:04.443" durationms="13.365" />

<concurrent-kickoff id="1023" timestamp="2025-12-12T05:37:04.482">
  <kickoff reason="threshold reached" targetBytes="9491741" thresholdFreeBytes="1312655"  remainingFree="1248016" tenureFreeBytes="4020376" nurseryFreeBytes="1248016" />
</concurrent-kickoff>
<exclusive-start id="1024" timestamp="2025-12-12T05:37:04.483" intervalms="53.548">
  <response-info timems="0.055" idlems="0.055" threads="0" lastid="0000000000831A00" lastname="Default Executor-thread-1" />
</exclusive-start>
<cycle-start id="1025" type="global" contextid="0" timestamp="2025-12-12T05:37:04.483" intervalms="577.188" />
<concurrent-start id="1026" type="global mark" contextid="1025" timestamp="2025-12-12T05:37:04.484">
</concurrent-start>
<exclusive-end id="1027" timestamp="2025-12-12T05:37:04.485" durationms="1.959" />

<exclusive-start id="1028" timestamp="2025-12-12T05:37:04.505" intervalms="21.889">
  <response-info timems="0.069" idlems="0.069" threads="0" lastid="0000000000831A00" lastname="Default Executor-thread-1" />
</exclusive-start>
<af-start id="1029" threadId="0000000000832478" totalBytesRequested="17512" timestamp="2025-12-12T05:37:04.506" intervalms="76.050" type="nursery" />
<cycle-start id="1030" type="scavenge" contextid="0" timestamp="2025-12-12T05:37:04.507" intervalms="76.378" />
<gc-start id="1031" type="scavenge" contextid="1030" timestamp="2025-12-12T05:37:04.508">
  <mem-info id="1032" free="4020376" total="38469632" percent="10">
    <mem type="nursery" free="0" total="15859712" percent="0">
      <mem type="allocate" free="0" total="10354688" percent="0" />
      <mem type="survivor" free="0" total="5505024" percent="0" />
    </mem>
    <mem type="tenure" free="4020376" total="22609920" percent="17">
      <mem type="soa" free="2889880" total="21479424" percent="13" />
      <mem type="loa" free="1130496" total="1130496" percent="100" />
    </mem>
    <remembered-set count="1372" />
  </mem-info>
</gc-start>
<allocation-stats totalBytes="8234816" discardedBytes="20592" >
  <allocated-bytes non-tlh="392352" tlh="7842464" />
  <largest-consumer threadName="Default Executor-thread-1" threadId="0000000000831A00" bytes="8128400" />
</allocation-stats>
<gc-op id="1033" type="scavenge" timems="2.851" contextid="1030" timestamp="2025-12-12T05:37:04.513">
  <scavenger-info tenureage="2" tenuremask="ffe4" tiltratio="65" />
  <memory-copied type="nursery" objects="39241" bytes="2785680" bytesdiscarded="185680" />
  <memory-copied type="tenure" objects="16682" bytes="1106648" bytesdiscarded="192" />
  <ownableSynchronizers candidates="341" cleared="129" />
  <references type="weak" candidates="3" cleared="0" enqueued="0" />
  <references type="phantom" candidates="142" cleared="0" enqueued="0" />
  <object-monitors candidates="19" cleared="0"  />
</gc-op>
<heap-resize id="1034" type="expand" space="nursery" amount="786432" count="1" timems="0.138" reason="excessive time being spent scavenging" timestamp="2025-12-12T05:37:04.515" />
<gc-end id="1035" type="scavenge" contextid="1030" durationms="7.494" usertimems="3.464" systemtimems="5.451" stalltimems="2.103" timestamp="2025-12-12T05:37:04.516" activeThreads="4">
  <mem-info id="1036" free="10873568" total="39256064" percent="27">
    <mem type="nursery" free="8101312" total="16646144" percent="48">
      <mem type="allocate" free="8101312" total="11075584" percent="73" />
      <mem type="survivor" free="0" total="5570560" percent="0" />
    </mem>
    <mem type="tenure" free="2772256" total="22609920" percent="12">
      <mem type="soa" free="1641760" total="21479424" percent="7" />
      <mem type="loa" free="1130496" total="1130496" percent="100" />
    </mem>
    <remembered-set count="935" />
  </mem-info>
</gc-end>
<cycle-end id="1037" type="scavenge" contextid="1030" timestamp="2025-12-12T05:37:04.517" />
<allocation-satisfied id="1038" threadId="0000000000831A00" bytesRequested="17512" />
<af-end id="1039" timestamp="2025-12-12T05:37:04.519" threadId="0000000000832478" success="true" from="nursery"/>
<exclusive-end id="1040" timestamp="2025-12-12T05:37:04.519" durationms="14.630" />

<concurrent-end id="1041" type="global mark" contextid="1025" timestamp="2025-12-12T05:37:04.526">
<gc-op id="1042" type="trace" timems="41.610" contextid="1025" timestamp="2025-12-12T05:37:04.526">
  <trace bytesTraced="10519332" workStackOverflowCount="0" />
  <card-cleaning reason="card cleaning threshold reached" bytesTraced="78888" cardsCleaned="172" />
</gc-op>
</concurrent-end>

<exclusive-start id="1043" timestamp="2025-12-12T05:37:04.527" intervalms="22.311">
  <response-info timems="0.060" idlems="0.060" threads="0" lastid="0000000000831A00" lastname="Default Executor-thread-1" />
</exclusive-start>
<concurrent-global-final id="1044" timestamp="2025-12-12T05:37:04.528" contextid="1025" intervalms="1627.494" >
  <concurrent-trace-info reason="card cleaning threshold reached" tracedByMutators="3421652" tracedByHelpers="7176568" cardsCleaned="172" workStackOverflowCount="0" />
</concurrent-global-final>
<gc-start id="1045" type="global" contextid="1025" timestamp="2025-12-12T05:37:04.528">
  <mem-info id="1046" free="10065528" total="39256064" percent="25">
    <mem type="nursery" free="7293272" total="16646144" percent="43">
      <mem type="allocate" free="7293272" total="11075584" percent="65" />
      <mem type="survivor" free="0" total="5570560" percent="0" />
    </mem>
    <mem type="tenure" free="2772256" total="22609920" percent="12">
      <mem type="soa" free="1641760" total="21479424" percent="7" />
      <mem type="loa" free="1130496" total="1130496" percent="100" />
    </mem>
    <remembered-set count="971" />
  </mem-info>
</gc-start>
<allocation-stats totalBytes="801240" discardedBytes="6800" >
  <allocated-bytes non-tlh="17512" tlh="783728" />
  <largest-consumer threadName="Default Executor-thread-1" threadId="0000000000831A00" bytes="780760" />
</allocation-stats>
<gc-op id="1047" type="rs-scan" timems="3.022" contextid="1025" timestamp="2025-12-12T05:37:04.533">
  <scan objectsFound="31089" bytesTraced="930820" workStackOverflowCount="0" />
</gc-op>
<gc-op id="1048" type="card-cleaning" timems="1.011" contextid="1025" timestamp="2025-12-12T05:37:04.535">
  <card-cleaning cardsCleaned="42" bytesTraced="172280" workStackOverflowCount="0" />
</gc-op>
<gc-op id="1049" type="mark" timems="4.498" contextid="1025" timestamp="2025-12-12T05:37:04.540">
  <trace-info objectcount="166" scancount="162" scanbytes="3136" />
  <finalization candidates="729" enqueued="0" />
  <ownableSynchronizers candidates="1148" cleared="19" />
  <references type="soft" candidates="4488" cleared="0" enqueued="0" dynamicThreshold="9" maxThreshold="32" />
  <references type="weak" candidates="1308" cleared="0" enqueued="0" />
  <references type="phantom" candidates="361" cleared="0" enqueued="0" />
  <stringconstants candidates="12792" cleared="6"  />
  <object-monitors candidates="19" cleared="0"  />
</gc-op>
<gc-op id="1050" type="sweep" timems="1.336" contextid="1025" timestamp="2025-12-12T05:37:04.542" />
<heap-resize id="1051" type="expand" space="tenure" amount="3080192" count="1" timems="0.956" reason="insufficient free space following gc" timestamp="2025-12-12T05:37:04.543" />
<gc-end id="1052" type="global" contextid="1025" durationms="15.350" usertimems="11.310" systemtimems="17.445" stalltimems="77.846" timestamp="2025-12-12T05:37:04.544" activeThreads="18">
  <mem-info id="1053" free="15896544" total="42336256" percent="37">
    <mem type="nursery" free="8167648" total="16646144" percent="49">
      <mem type="allocate" free="8167648" total="11075584" percent="73" />
      <mem type="survivor" free="0" total="5570560" percent="0" />
    </mem>
    <mem type="tenure" free="7728896" total="25690112" percent="30" micro-fragmented="370956" macro-fragmented="0">
      <mem type="soa" free="6443776" total="24404992" percent="26" />
      <mem type="loa" free="1285120" total="1285120" percent="100" />
    </mem>
    <remembered-set count="947" />
  </mem-info>
</gc-end>
<cycle-end id="1054" type="global" contextid="1025" timestamp="2025-12-12T05:37:04.544" />
<exclusive-end id="1055" timestamp="2025-12-12T05:37:04.545" durationms="18.007" />

<exclusive-start id="1056" timestamp="2025-12-12T05:37:04.583" intervalms="55.679">
  <response-info timems="0.035" idlems="0.035" threads="0" lastid="0000000000831A00" lastname="Default Executor-thread-1" />
</exclusive-start>
<af-start id="1057" threadId="0000000000832478" totalBytesRequested="16392" timestamp="2025-12-12T05:37:04.583" intervalms="77.586" type="nursery" />
<cycle-start id="1058" type="scavenge" contextid="0" timestamp="2025-12-12T05:37:04.584" intervalms="77.310" />
<gc-start id="1059" type="scavenge" contextid="1058" timestamp="2025-12-12T05:37:04.585">
  <mem-info id="1060" free="7728776" total="42336256" percent="18">
    <mem type="nursery" free="0" total="16646144" percent="0">
      <mem type="allocate" free="0" total="11075584" percent="0" />
      <mem type="survivor" free="0" total="5570560" percent="0" />
    </mem>
    <mem type="tenure" free="7728776" total="25690112" percent="30">
      <mem type="soa" free="6443656" total="24404992" percent="26" />
      <mem type="loa" free="1285120" total="1285120" percent="100" />
    </mem>
    <remembered-set count="1474" />
  </mem-info>
</gc-start>
<allocation-stats totalBytes="8148896" discardedBytes="17736" >
  <allocated-bytes non-tlh="133232" tlh="8015664" />
  <largest-consumer threadName="Default Executor-thread-1" threadId="0000000000831A00" bytes="8075584" />
</allocation-stats>
<gc-op id="1061" type="scavenge" timems="3.054" contextid="1058" timestamp="2025-12-12T05:37:04.590">
  <scavenger-info tenureage="2" tenuremask="ffd4" tiltratio="66" />
  <memory-copied type="nursery" objects="57076" bytes="3954192" bytesdiscarded="151848" />
  <memory-copied type="tenure" objects="3738" bytes="210104" bytesdiscarded="696" />
  <ownableSynchronizers candidates="2263" cleared="2023" />
  <references type="weak" candidates="3" cleared="0" enqueued="0" />
  <references type="phantom" candidates="250" cleared="0" enqueued="0" />
  <object-monitors candidates="19" cleared="0"  />
</gc-op>
<gc-end id="1062" type="scavenge" contextid="1058" durationms="5.257" usertimems="6.617" systemtimems="2.743" stalltimems="2.942" timestamp="2025-12-12T05:37:04.590" activeThreads="4">
  <mem-info id="1063" free="13840304" total="42336256" percent="32">
    <mem type="nursery" free="6375392" total="16646144" percent="38">
      <mem type="allocate" free="6375392" total="10485760" percent="60" />
      <mem type="survivor" free="0" total="6160384" percent="0" />
    </mem>
    <mem type="tenure" free="7464912" total="25690112" percent="29">
      <mem type="soa" free="6179792" total="24404992" percent="25" />
      <mem type="loa" free="1285120" total="1285120" percent="100" />
    </mem>
    <remembered-set count="1199" />
  </mem-info>
</gc-end>
<cycle-end id="1064" type="scavenge" contextid="1058" timestamp="2025-12-12T05:37:04.591" />
<allocation-satisfied id="1065" threadId="0000000000831A00" bytesRequested="16392" />
<af-end id="1066" timestamp="2025-12-12T05:37:04.593" threadId="0000000000832478" success="true" from="nursery"/>
<exclusive-end id="1067" timestamp="2025-12-12T05:37:04.593" durationms="10.735" />

<exclusive-start id="1068" timestamp="2025-12-12T05:37:04.618" intervalms="35.037">
  <response-info timems="0.030" idlems="0.030" threads="0" lastid="0000000000831A00" lastname="Default Executor-thread-1" />
</exclusive-start>
<af-start id="1069" threadId="0000000000832478" totalBytesRequested="16392" timestamp="2025-12-12T05:37:04.618" intervalms="34.843" type="nursery" />
<cycle-start id="1070" type="scavenge" contextid="0" timestamp="2025-12-12T05:37:04.619" intervalms="35.206" />
<gc-start id="1071" type="scavenge" contextid="1070" timestamp="2025-12-12T05:37:04.620">
  <mem-info id="1072" free="7464768" total="42336256" percent="17">
    <mem type="nursery" free="0" total="16646144" percent="0">
      <mem type="allocate" free="0" total="10485760" percent="0" />
      <mem type="survivor" free="0" total="6160384" percent="0" />
    </mem>
    <mem type="tenure" free="7464768" total="25690112" percent="29">
      <mem type="soa" free="6179648" total="24404992" percent="25" />
      <mem type="loa" free="1285120" total="1285120" percent="100" />
    </mem>
    <remembered-set count="1520" />
  </mem-info>
</gc-start>
<allocation-stats totalBytes="6360824" discardedBytes="14712" >
  <allocated-bytes non-tlh="16536" tlh="6344288" />
  <largest-consumer threadName="Default Executor-thread-1" threadId="0000000000831A00" bytes="6291264" />
</allocation-stats>
<gc-op id="1073" type="scavenge" timems="3.331" contextid="1070" timestamp="2025-12-12T05:37:04.625">
  <scavenger-info tenureage="6" tenuremask="7840" tiltratio="62" />
  <memory-copied type="nursery" objects="55493" bytes="3830824" bytesdiscarded="127496" />
  <memory-copied type="tenure" objects="15598" bytes="613424" bytesdiscarded="1112" />
  <ownableSynchronizers candidates="372" cleared="84" />
  <references type="weak" candidates="2" cleared="0" enqueued="0" />
  <references type="phantom" candidates="303" cleared="0" enqueued="0" />
  <object-monitors candidates="19" cleared="0"  />
</gc-op>
<heap-resize id="1074" type="expand" space="nursery" amount="1441792" count="1" timems="0.040" reason="excessive time being spent scavenging" timestamp="2025-12-12T05:37:04.626" />
<gc-end id="1075" type="scavenge" contextid="1070" durationms="5.992" usertimems="9.823" systemtimems="0.000" stalltimems="3.740" timestamp="2025-12-12T05:37:04.626" activeThreads="4">
  <mem-info id="1076" free="15289496" total="43778048" percent="34">
    <mem type="nursery" free="8489168" total="18087936" percent="46">
      <mem type="allocate" free="8489168" total="12451840" percent="68" />
      <mem type="survivor" free="0" total="5636096" percent="0" />
    </mem>
    <mem type="tenure" free="6800328" total="25690112" percent="26">
      <mem type="soa" free="5515208" total="24404992" percent="22" />
      <mem type="loa" free="1285120" total="1285120" percent="100" />
    </mem>
    <remembered-set count="1235" />
  </mem-info>
</gc-end>
<cycle-end id="1077" type="scavenge" contextid="1070" timestamp="2025-12-12T05:37:04.627" />
<allocation-satisfied id="1078" threadId="0000000000831A00" bytesRequested="16392" />
<af-end id="1079" timestamp="2025-12-12T05:37:04.628" threadId="0000000000832478" success="true" from="nursery"/>
<exclusive-end id="1080" timestamp="2025-12-12T05:37:04.629" durationms="11.170" />

<exclusive-start id="1081" timestamp="2025-12-12T05:37:04.699" intervalms="81.342">
  <response-info timems="0.048" idlems="0.048" threads="0" lastid="0000000000831A00" lastname="Default Executor-thread-1" />
</exclusive-start>
<af-start id="1082" threadId="0000000000832478" totalBytesRequested="24" timestamp="2025-12-12T05:37:04.700" intervalms="81.595" type="nursery" />
<cycle-start id="1083" type="scavenge" contextid="0" timestamp="2025-12-12T05:37:04.701" intervalms="81.302" />
<gc-start id="1084" type="scavenge" contextid="1083" timestamp="2025-12-12T05:37:04.702">
  <mem-info id="1085" free="6798136" total="43778048" percent="15">
    <mem type="nursery" free="0" total="18087936" percent="0">
      <mem type="allocate" free="0" total="12451840" percent="0" />
      <mem type="survivor" free="0" total="5636096" percent="0" />
    </mem>
    <mem type="tenure" free="6798136" total="25690112" percent="26">
      <mem type="soa" free="5513016" total="24404992" percent="22" />
      <mem type="loa" free="1285120" total="1285120" percent="100" />
    </mem>
    <remembered-set count="2373" />
  </mem-info>
</gc-start>
<allocation-stats totalBytes="8490520" discardedBytes="840" >
  <allocated-bytes non-tlh="18584" tlh="8471936" />
  <largest-consumer threadName="Default Executor-thread-1" threadId="0000000000831A00" bytes="8465944" />
</allocation-stats>
<gc-op id="1086" type="scavenge" timems="3.399" contextid="1083" timestamp="2025-12-12T05:37:04.707">
  <scavenger-info tenureage="10" tenuremask="7c00" tiltratio="68" />
  <memory-copied type="nursery" objects="64770" bytes="3910192" bytesdiscarded="31736" />
  <finalization candidates="8" enqueued="8" />
  <ownableSynchronizers candidates="265" cleared="24" />
  <references type="soft" candidates="8" cleared="0" enqueued="0" dynamicThreshold="9" maxThreshold="32" />
  <references type="weak" candidates="24" cleared="16" enqueued="16" />
  <references type="phantom" candidates="302" cleared="4" enqueued="4" />
  <object-monitors candidates="19" cleared="0"  />
</gc-op>
<gc-end id="1087" type="scavenge" contextid="1083" durationms="6.379" usertimems="6.048" systemtimems="2.420" stalltimems="5.148" timestamp="2025-12-12T05:37:04.708" activeThreads="4">
  <mem-info id="1088" free="15891952" total="43778048" percent="36">
    <mem type="nursery" free="9093816" total="18087936" percent="50">
      <mem type="allocate" free="9093816" total="13041664" percent="69" />
      <mem type="survivor" free="0" total="5046272" percent="0" />
    </mem>
    <mem type="tenure" free="6798136" total="25690112" percent="26">
      <mem type="soa" free="5513016" total="24404992" percent="22" />
      <mem type="loa" free="1285120" total="1285120" percent="100" />
    </mem>
    <pending-finalizers system="8" default="0" reference="20" classloader="0" />
    <remembered-set count="1493" />
  </mem-info>
</gc-end>
<cycle-end id="1089" type="scavenge" contextid="1083" timestamp="2025-12-12T05:37:04.709" />
<allocation-satisfied id="1090" threadId="0000000000831A00" bytesRequested="24" />
<af-end id="1091" timestamp="2025-12-12T05:37:04.711" threadId="0000000000832478" success="true" from="nursery"/>
<exclusive-end id="1092" timestamp="2025-12-12T05:37:04.711" durationms="12.231" />

<exclusive-start id="1093" timestamp="2025-12-12T05:37:04.744" intervalms="44.632">
  <response-info timems="0.038" idlems="0.038" threads="0" lastid="0000000000831A00" lastname="Default Executor-thread-1" />
</exclusive-start>
<af-start id="1094" threadId="0000000000832478" totalBytesRequested="24" timestamp="2025-12-12T05:37:04.745" intervalms="44.652" type="nursery" />
<cycle-start id="1095" type="scavenge" contextid="0" timestamp="2025-12-12T05:37:04.745" intervalms="44.500" />
<gc-start id="1096" type="scavenge" contextid="1095" timestamp="2025-12-12T05:37:04.746">
  <mem-info id="1097" free="6798136" total="43778048" percent="15">
    <mem type="nursery" free="0" total="18087936" percent="0">
      <mem type="allocate" free="0" total="13041664" percent="0" />
      <mem type="survivor" free="0" total="5046272" percent="0" />
    </mem>
    <mem type="tenure" free="6798136" total="25690112" percent="26">
      <mem type="soa" free="5513016" total="24404992" percent="22" />
      <mem type="loa" free="1285120" total="1285120" percent="100" />
    </mem>
    <remembered-set count="2082" />
  </mem-info>
</gc-start>
<allocation-stats totalBytes="9092504" discardedBytes="1312" >
  <allocated-bytes non-tlh="24" tlh="9092480" />
  <largest-consumer threadName="Default Executor-thread-1" threadId="0000000000831A00" bytes="9092504" />
</allocation-stats>
<gc-op id="1098" type="scavenge" timems="2.980" contextid="1095" timestamp="2025-12-12T05:37:04.750">
  <scavenger-info tenureage="3" tenuremask="7c08" tiltratio="72" />
  <memory-copied type="nursery" objects="47618" bytes="2605080" bytesdiscarded="24752" />
  <memory-copied type="tenure" objects="21595" bytes="1432232" bytesdiscarded="4168" />
  <ownableSynchronizers candidates="241" cleared="0" />
  <references type="soft" candidates="8" cleared="0" enqueued="0" dynamicThreshold="9" maxThreshold="32" />
  <references type="weak" candidates="8" cleared="0" enqueued="0" />
  <references type="phantom" candidates="179" cleared="0" enqueued="0" />
  <object-monitors candidates="19" cleared="0"  />
</gc-op>
<heap-resize id="1099" type="expand" space="nursery" amount="1179648" count="1" timems="0.044" reason="excessive time being spent scavenging" timestamp="2025-12-12T05:37:04.751" />
<gc-end id="1100" type="scavenge" contextid="1095" durationms="5.508" usertimems="5.581" systemtimems="2.221" stalltimems="4.069" timestamp="2025-12-12T05:37:04.751" activeThreads="4">
  <mem-info id="1101" free="16463224" total="44957696" percent="36">
    <mem type="nursery" free="11326016" total="19267584" percent="58">
      <mem type="allocate" free="11326016" total="13959168" percent="81" />
      <mem type="survivor" free="0" total="5308416" percent="0" />
    </mem>
    <mem type="tenure" free="5137208" total="25690112" percent="19">
      <mem type="soa" free="3852088" total="24404992" percent="15" />
      <mem type="loa" free="1285120" total="1285120" percent="100" />
    </mem>
    <remembered-set count="1370" />
  </mem-info>
</gc-end>
<cycle-end id="1102" type="scavenge" contextid="1095" timestamp="2025-12-12T05:37:04.752" />
<allocation-satisfied id="1103" threadId="0000000000831A00" bytesRequested="24" />
<af-end id="1104" timestamp="2025-12-12T05:37:04.753" threadId="0000000000832478" success="true" from="nursery"/>
<exclusive-end id="1105" timestamp="2025-12-12T05:37:04.754" durationms="10.060" />

<exclusive-start id="1106" timestamp="2025-12-12T05:37:04.779" intervalms="35.873">
  <response-info timems="0.043" idlems="0.043" threads="0" lastid="0000000000831A00" lastname="Default Executor-thread-1" />
</exclusive-start>
<af-start id="1107" threadId="0000000000832478" totalBytesRequested="2064" timestamp="2025-12-12T05:37:04.781" intervalms="36.241" type="nursery" />
<cycle-start id="1108" type="scavenge" contextid="0" timestamp="2025-12-12T05:37:04.782" intervalms="36.720" />
<gc-start id="1109" type="scavenge" contextid="1108" timestamp="2025-12-12T05:37:04.783">
  <mem-info id="1110" free="5137208" total="44957696" percent="11">
    <mem type="nursery" free="0" total="19267584" percent="0">
      <mem type="allocate" free="0" total="13959168" percent="0" />
      <mem type="survivor" free="0" total="5308416" percent="0" />
    </mem>
    <mem type="tenure" free="5137208" total="25690112" percent="19">
      <mem type="soa" free="3852088" total="24404992" percent="15" />
      <mem type="loa" free="1285120" total="1285120" percent="100" />
    </mem>
    <remembered-set count="1903" />
  </mem-info>
</gc-start>
<allocation-stats totalBytes="11323536" discardedBytes="2480" >
  <allocated-bytes non-tlh="24" tlh="11323512" />
  <largest-consumer threadName="Default Executor-thread-1" threadId="0000000000831A00" bytes="11323536" />
</allocation-stats>
<gc-op id="1111" type="scavenge" timems="2.388" contextid="1108" timestamp="2025-12-12T05:37:04.787">
  <scavenger-info tenureage="3" tenuremask="7c28" tiltratio="72" />
  <memory-copied type="nursery" objects="20434" bytes="890880" bytesdiscarded="96640" />
  <memory-copied type="tenure" objects="33607" bytes="2072760" bytesdiscarded="1520" />
  <ownableSynchronizers candidates="161" cleared="0" />
  <references type="soft" candidates="8" cleared="0" enqueued="0" dynamicThreshold="9" maxThreshold="32" />
  <references type="weak" candidates="8" cleared="0" enqueued="0" />
  <references type="phantom" candidates="26" cleared="0" enqueued="0" />
  <object-monitors candidates="19" cleared="0"  />
</gc-op>
<heap-resize id="1112" type="expand" space="nursery" amount="1048576" count="1" timems="0.030" reason="excessive time being spent scavenging" timestamp="2025-12-12T05:37:04.788" />
<gc-end id="1113" type="scavenge" contextid="1108" durationms="5.233" usertimems="3.290" systemtimems="4.083" stalltimems="2.082" timestamp="2025-12-12T05:37:04.788" activeThreads="4">
  <mem-info id="1114" free="17428288" total="46006272" percent="37">
    <mem type="nursery" free="14412800" total="20316160" percent="70">
      <mem type="allocate" free="14412800" total="15400960" percent="93" />
      <mem type="survivor" free="0" total="4915200" percent="0" />
    </mem>
    <mem type="tenure" free="3015488" total="25690112" percent="11">
      <mem type="soa" free="1730368" total="24404992" percent="7" />
      <mem type="loa" free="1285120" total="1285120" percent="100" />
    </mem>
    <remembered-set count="860" />
  </mem-info>
</gc-end>
<cycle-end id="1115" type="scavenge" contextid="1108" timestamp="2025-12-12T05:37:04.791" />
<allocation-satisfied id="1116" threadId="0000000000831A00" bytesRequested="2064" />
<af-end id="1117" timestamp="2025-12-12T05:37:04.792" threadId="0000000000832478" success="true" from="nursery"/>
<exclusive-end id="1118" timestamp="2025-12-12T05:37:04.793" durationms="13.599" />

<concurrent-kickoff id="1119" timestamp="2025-12-12T05:37:04.833">
  <kickoff reason="threshold reached" targetBytes="11041260" thresholdFreeBytes="1528100"  remainingFree="1391616" tenureFreeBytes="3014768" nurseryFreeBytes="1391616" />
</concurrent-kickoff>
<exclusive-start id="1120" timestamp="2025-12-12T05:37:04.834" intervalms="54.627">
  <response-info timems="0.036" idlems="0.036" threads="0" lastid="0000000000831A00" lastname="Default Executor-thread-1" />
</exclusive-start>
<cycle-start id="1121" type="global" contextid="0" timestamp="2025-12-12T05:37:04.835" intervalms="351.649" />
<concurrent-start id="1122" type="global mark" contextid="1121" timestamp="2025-12-12T05:37:04.836">
</concurrent-start>
<exclusive-end id="1123" timestamp="2025-12-12T05:37:04.837" durationms="2.605" />

<concurrent-end id="1124" type="global mark" contextid="1121" timestamp="2025-12-12T05:37:04.855">
<gc-op id="1125" type="trace" timems="19.282" contextid="1121" timestamp="2025-12-12T05:37:04.855">
  <trace bytesTraced="12200880" workStackOverflowCount="0" />
  <card-cleaning reason="card cleaning threshold reached" bytesTraced="22712" cardsCleaned="60" />
</gc-op>
</concurrent-end>

<exclusive-start id="1126" timestamp="2025-12-12T05:37:04.857" intervalms="22.650">
  <response-info timems="0.038" idlems="0.038" threads="0" lastid="0000000000831A00" lastname="Default Executor-thread-1" />
</exclusive-start>
<concurrent-global-final id="1127" timestamp="2025-12-12T05:37:04.857" contextid="1121" intervalms="329.878" >
  <concurrent-trace-info reason="card cleaning threshold reached" tracedByMutators="5012104" tracedByHelpers="7211488" cardsCleaned="60" workStackOverflowCount="0" />
</concurrent-global-final>
<gc-start id="1128" type="global" contextid="1121" timestamp="2025-12-12T05:37:04.858">
  <mem-info id="1129" free="3014560" total="46006272" percent="6">
    <mem type="nursery" free="0" total="20316160" percent="0">
      <mem type="allocate" free="0" total="15400960" percent="0" />
      <mem type="survivor" free="0" total="4915200" percent="0" />
    </mem>
    <mem type="tenure" free="3014560" total="25690112" percent="11">
      <mem type="soa" free="1729440" total="24404992" percent="7" />
      <mem type="loa" free="1285120" total="1285120" percent="100" />
    </mem>
    <remembered-set count="1797" />
  </mem-info>
</gc-start>
<allocation-stats totalBytes="14410928" discardedBytes="2800" >
  <allocated-bytes non-tlh="2992" tlh="14407936" />
  <largest-consumer threadName="Default Executor-thread-1" threadId="0000000000831A00" bytes="14410928" />
</allocation-stats>
<gc-op id="1130" type="rs-scan" timems="1.771" contextid="1121" timestamp="2025-12-12T05:37:04.861">
  <scan objectsFound="25250" bytesTraced="878608" workStackOverflowCount="0" />
</gc-op>
<gc-op id="1131" type="card-cleaning" timems="1.108" contextid="1121" timestamp="2025-12-12T05:37:04.862">
  <card-cleaning cardsCleaned="0" bytesTraced="0" workStackOverflowCount="0" />
</gc-op>
<gc-op id="1132" type="mark" timems="5.827" contextid="1121" timestamp="2025-12-12T05:37:04.869">
  <trace-info objectcount="12219" scancount="11919" scanbytes="570408" />
  <finalization candidates="729" enqueued="0" />
  <ownableSynchronizers candidates="1271" cleared="0" />
  <references type="soft" candidates="4496" cleared="0" enqueued="0" dynamicThreshold="9" maxThreshold="32" />
  <references type="weak" candidates="1318" cleared="3" enqueued="3" />
  <references type="phantom" candidates="348" cleared="0" enqueued="0" />
  <stringconstants candidates="12801" cleared="1"  />
  <object-monitors candidates="19" cleared="0"  />
</gc-op>
<gc-op id="1133" type="sweep" timems="1.584" contextid="1121" timestamp="2025-12-12T05:37:04.871" />
<heap-resize id="1134" type="expand" space="tenure" amount="4980736" count="1" timems="0.805" reason="insufficient free space following gc" timestamp="2025-12-12T05:37:04.872" />
<gc-end id="1135" type="global" contextid="1121" durationms="14.665" usertimems="17.382" systemtimems="15.941" stalltimems="116.802" timestamp="2025-12-12T05:37:04.873" activeThreads="20">
  <mem-info id="1136" free="22260928" total="50987008" percent="43">
    <mem type="nursery" free="13021232" total="20316160" percent="64">
      <mem type="allocate" free="13021232" total="15400960" percent="84" />
      <mem type="survivor" free="0" total="4915200" percent="0" />
    </mem>
    <mem type="tenure" free="9239696" total="30670848" percent="30" micro-fragmented="422889" macro-fragmented="0">
      <mem type="soa" free="7705744" total="29136896" percent="26" />
      <mem type="loa" free="1533952" total="1533952" percent="100" />
    </mem>
    <pending-finalizers system="0" default="0" reference="3" classloader="0" />
    <remembered-set count="1789" />
  </mem-info>
</gc-end>
<cycle-end id="1137" type="global" contextid="1121" timestamp="2025-12-12T05:37:04.874" />
<exclusive-end id="1138" timestamp="2025-12-12T05:37:04.874" durationms="17.693" />

<exclusive-start id="1139" timestamp="2025-12-12T05:37:04.897" intervalms="39.883">
  <response-info timems="0.030" idlems="0.030" threads="0" lastid="0000000000831A00" lastname="Default Executor-thread-1" />
</exclusive-start>
<af-start id="1140" threadId="0000000000832478" totalBytesRequested="264" timestamp="2025-12-12T05:37:04.898" intervalms="116.814" type="nursery" />
<cycle-start id="1141" type="scavenge" contextid="0" timestamp="2025-12-12T05:37:04.898" intervalms="116.507" />
<gc-start id="1142" type="scavenge" contextid="1141" timestamp="2025-12-12T05:37:04.899">
  <mem-info id="1143" free="9239696" total="50987008" percent="18">
    <mem type="nursery" free="0" total="20316160" percent="0">
      <mem type="allocate" free="0" total="15400960" percent="0" />
      <mem type="survivor" free="0" total="4915200" percent="0" />
    </mem>
    <mem type="tenure" free="9239696" total="30670848" percent="30">
      <mem type="soa" free="7705744" total="29136896" percent="26" />
      <mem type="loa" free="1533952" total="1533952" percent="100" />
    </mem>
    <remembered-set count="2094" />
  </mem-info>
</gc-start>
<allocation-stats totalBytes="12871400" discardedBytes="140744" >
  <allocated-bytes non-tlh="294688" tlh="12576712" />
  <largest-consumer threadName="Default Executor-thread-1" threadId="0000000000831A00" bytes="12871400" />
</allocation-stats>
<gc-op id="1144" type="scavenge" timems="2.019" contextid="1141" timestamp="2025-12-12T05:37:04.902">
  <scavenger-info tenureage="11" tenuremask="7800" tiltratio="75" />
  <memory-copied type="nursery" objects="36948" bytes="1395824" bytesdiscarded="23848" />
  <ownableSynchronizers candidates="2542" cleared="2525" />
  <references type="soft" candidates="8" cleared="0" enqueued="0" dynamicThreshold="9" maxThreshold="32" />
  <references type="weak" candidates="8" cleared="0" enqueued="0" />
  <references type="phantom" candidates="26" cleared="0" enqueued="0" />
  <object-monitors candidates="19" cleared="0"  />
</gc-op>
<gc-end id="1145" type="scavenge" contextid="1141" durationms="3.852" usertimems="4.413" systemtimems="0.000" stalltimems="3.315" timestamp="2025-12-12T05:37:04.903" activeThreads="4">
  <mem-info id="1146" free="23941240" total="50987008" percent="46">
    <mem type="nursery" free="14701544" total="20316160" percent="72">
      <mem type="allocate" free="14701544" total="16121856" percent="91" />
      <mem type="survivor" free="0" total="4194304" percent="0" />
    </mem>
    <mem type="tenure" free="9239696" total="30670848" percent="30">
      <mem type="soa" free="7705744" total="29136896" percent="26" />
      <mem type="loa" free="1533952" total="1533952" percent="100" />
    </mem>
    <remembered-set count="1376" />
  </mem-info>
</gc-end>
<cycle-end id="1147" type="scavenge" contextid="1141" timestamp="2025-12-12T05:37:04.904" />
<allocation-satisfied id="1148" threadId="0000000000831A00" bytesRequested="264" />
<af-end id="1149" timestamp="2025-12-12T05:37:04.905" threadId="0000000000832478" success="true" from="nursery"/>
<exclusive-end id="1150" timestamp="2025-12-12T05:37:04.905" durationms="8.539" />

<exclusive-start id="1151" timestamp="2025-12-12T05:37:04.928" intervalms="31.206">
  <response-info timems="0.039" idlems="0.039" threads="0" lastid="0000000000831A00" lastname="Default Executor-thread-1" />
</exclusive-start>
<af-start id="1152" threadId="0000000000832478" totalBytesRequested="24" timestamp="2025-12-12T05:37:04.929" intervalms="30.986" type="nursery" />
<cycle-start id="1153" type="scavenge" contextid="0" timestamp="2025-12-12T05:37:04.929" intervalms="30.987" />
<gc-start id="1154" type="scavenge" contextid="1153" timestamp="2025-12-12T05:37:04.930">
  <mem-info id="1155" free="9239696" total="50987008" percent="18">
    <mem type="nursery" free="0" total="20316160" percent="0">
      <mem type="allocate" free="0" total="16121856" percent="0" />
      <mem type="survivor" free="0" total="4194304" percent="0" />
    </mem>
    <mem type="tenure" free="9239696" total="30670848" percent="30">
      <mem type="soa" free="7705744" total="29136896" percent="26" />
      <mem type="loa" free="1533952" total="1533952" percent="100" />
    </mem>
    <remembered-set count="1737" />
  </mem-info>
</gc-start>
<allocation-stats totalBytes="14700456" discardedBytes="1088" >
  <allocated-bytes non-tlh="264" tlh="14700192" />
  <largest-consumer threadName="Default Executor-thread-1" threadId="0000000000831A00" bytes="14700456" />
</allocation-stats>
<gc-op id="1156" type="scavenge" timems="1.863" contextid="1153" timestamp="2025-12-12T05:37:04.933">
  <scavenger-info tenureage="12" tenuremask="7000" tiltratio="79" />
  <memory-copied type="nursery" objects="37037" bytes="1242848" bytesdiscarded="45992" />
  <ownableSynchronizers candidates="17" cleared="0" />
  <references type="soft" candidates="8" cleared="0" enqueued="0" dynamicThreshold="9" maxThreshold="32" />
  <references type="weak" candidates="8" cleared="0" enqueued="0" />
  <references type="phantom" candidates="26" cleared="0" enqueued="0" />
  <object-monitors candidates="19" cleared="0"  />
</gc-op>
<heap-resize id="1157" type="expand" space="nursery" amount="1179648" count="1" timems="0.033" reason="excessive time being spent scavenging" timestamp="2025-12-12T05:37:04.934" />
<gc-end id="1158" type="scavenge" contextid="1153" durationms="4.238" usertimems="3.714" systemtimems="0.000" stalltimems="1.896" timestamp="2025-12-12T05:37:04.934" activeThreads="3">
  <mem-info id="1159" free="25448328" total="52166656" percent="48">
    <mem type="nursery" free="16208632" total="21495808" percent="75">
      <mem type="allocate" free="16208632" total="17498112" percent="92" />
      <mem type="survivor" free="0" total="3997696" percent="0" />
    </mem>
    <mem type="tenure" free="9239696" total="30670848" percent="30">
      <mem type="soa" free="7705744" total="29136896" percent="26" />
      <mem type="loa" free="1533952" total="1533952" percent="100" />
    </mem>
    <remembered-set count="1492" />
  </mem-info>
</gc-end>
<cycle-end id="1160" type="scavenge" contextid="1153" timestamp="2025-12-12T05:37:04.935" />
<allocation-satisfied id="1161" threadId="0000000000831A00" bytesRequested="24" />
<af-end id="1162" timestamp="2025-12-12T05:37:04.936" threadId="0000000000832478" success="true" from="nursery"/>
<exclusive-end id="1163" timestamp="2025-12-12T05:37:04.936" durationms="8.566" />

<exclusive-start id="1164" timestamp="2025-12-12T05:37:04.961" intervalms="32.684">
  <response-info timems="0.044" idlems="0.044" threads="0" lastid="0000000000831A00" lastname="Default Executor-thread-1" />
</exclusive-start>
<af-start id="1165" threadId="0000000000832478" totalBytesRequested="16" timestamp="2025-12-12T05:37:04.961" intervalms="32.661" type="nursery" />
<cycle-start id="1166" type="scavenge" contextid="0" timestamp="2025-12-12T05:37:04.962" intervalms="32.350" />
<gc-start id="1167" type="scavenge" contextid="1166" timestamp="2025-12-12T05:37:04.963">
  <mem-info id="1168" free="9239584" total="52166656" percent="17">
    <mem type="nursery" free="0" total="21495808" percent="0">
      <mem type="allocate" free="0" total="17498112" percent="0" />
      <mem type="survivor" free="0" total="3997696" percent="0" />
    </mem>
    <mem type="tenure" free="9239584" total="30670848" percent="30">
      <mem type="soa" free="7705632" total="29136896" percent="26" />
      <mem type="loa" free="1533952" total="1533952" percent="100" />
    </mem>
    <remembered-set count="1936" />
  </mem-info>
</gc-start>
<allocation-stats totalBytes="16205424" discardedBytes="3320" >
  <allocated-bytes non-tlh="136" tlh="16205288" />
  <largest-consumer threadName="Default Executor-thread-1" threadId="0000000000831A00" bytes="16193136" />
</allocation-stats>
<gc-op id="1169" type="scavenge" timems="2.147" contextid="1166" timestamp="2025-12-12T05:37:04.966">
  <scavenger-info tenureage="13" tenuremask="6000" tiltratio="81" />
  <memory-copied type="nursery" objects="40470" bytes="1295848" bytesdiscarded="49256" />
  <finalization candidates="1" enqueued="1" />
  <ownableSynchronizers candidates="19" cleared="0" />
  <references type="soft" candidates="8" cleared="0" enqueued="0" dynamicThreshold="9" maxThreshold="32" />
  <references type="weak" candidates="8" cleared="0" enqueued="0" />
  <references type="phantom" candidates="26" cleared="0" enqueued="0" />
  <object-monitors candidates="19" cleared="0"  />
</gc-op>
<heap-resize id="1170" type="expand" space="nursery" amount="1179648" count="1" timems="0.091" reason="excessive time being spent scavenging" timestamp="2025-12-12T05:37:04.966" />
<gc-end id="1171" type="scavenge" contextid="1166" durationms="4.588" usertimems="0.000" systemtimems="4.184" stalltimems="2.498" timestamp="2025-12-12T05:37:04.967" activeThreads="3">
  <mem-info id="1172" free="27095888" total="53346304" percent="50">
    <mem type="nursery" free="17856304" total="22675456" percent="78">
      <mem type="allocate" free="17856304" total="19202048" percent="92" />
      <mem type="survivor" free="0" total="3473408" percent="0" />
    </mem>
    <mem type="tenure" free="9239584" total="30670848" percent="30">
      <mem type="soa" free="7705632" total="29136896" percent="26" />
      <mem type="loa" free="1533952" total="1533952" percent="100" />
    </mem>
    <pending-finalizers system="1" default="0" reference="0" classloader="0" />
    <remembered-set count="1673" />
  </mem-info>
</gc-end>
<cycle-end id="1173" type="scavenge" contextid="1166" timestamp="2025-12-12T05:37:04.968" />
<allocation-satisfied id="1174" threadId="0000000000831A00" bytesRequested="16" />
<af-end id="1175" timestamp="2025-12-12T05:37:04.969" threadId="0000000000832478" success="true" from="nursery"/>
<exclusive-end id="1176" timestamp="2025-12-12T05:37:04.970" durationms="9.331" />

<exclusive-start id="1177" timestamp="2025-12-12T05:37:04.993" intervalms="32.265">
  <response-info timems="0.043" idlems="0.043" threads="0" lastid="0000000000831A00" lastname="Default Executor-thread-1" />
</exclusive-start>
<af-start id="1178" threadId="0000000000832478" totalBytesRequested="2064" timestamp="2025-12-12T05:37:04.993" intervalms="32.147" type="nursery" />
<cycle-start id="1179" type="scavenge" contextid="0" timestamp="2025-12-12T05:37:04.994" intervalms="32.277" />
<gc-start id="1180" type="scavenge" contextid="1179" timestamp="2025-12-12T05:37:04.995">
  <mem-info id="1181" free="9239584" total="53346304" percent="17">
    <mem type="nursery" free="0" total="22675456" percent="0">
      <mem type="allocate" free="0" total="19202048" percent="0" />
      <mem type="survivor" free="0" total="3473408" percent="0" />
    </mem>
    <mem type="tenure" free="9239584" total="30670848" percent="30">
      <mem type="soa" free="7705632" total="29136896" percent="26" />
      <mem type="loa" free="1533952" total="1533952" percent="100" />
    </mem>
    <remembered-set count="2172" />
  </mem-info>
</gc-start>
<allocation-stats totalBytes="17849184" discardedBytes="7120" >
  <allocated-bytes non-tlh="16" tlh="17849168" />
  <largest-consumer threadName="Default Executor-thread-1" threadId="0000000000831A00" bytes="17849184" />
</allocation-stats>
<gc-op id="1182" type="scavenge" timems="1.965" contextid="1179" timestamp="2025-12-12T05:37:04.998">
  <scavenger-info tenureage="6" tenuremask="4040" tiltratio="84" />
  <memory-copied type="nursery" objects="43198" bytes="2032528" bytesdiscarded="93992" />
  <memory-copied type="tenure" objects="8031" bytes="355872" bytesdiscarded="2520" />
  <ownableSynchronizers candidates="19" cleared="0" />
  <object-monitors candidates="19" cleared="0"  />
</gc-op>
<heap-resize id="1183" type="expand" space="nursery" amount="1179648" count="1" timems="0.027" reason="excessive time being spent scavenging" timestamp="2025-12-12T05:37:04.998" />
<gc-end id="1184" type="scavenge" contextid="1179" durationms="3.826" usertimems="3.897" systemtimems="1.466" stalltimems="0.508" timestamp="2025-12-12T05:37:04.999" activeThreads="3">
  <mem-info id="1185" free="27048824" total="54525952" percent="49">
    <mem type="nursery" free="18189640" total="23855104" percent="76">
      <mem type="allocate" free="18189640" total="20316160" percent="89" />
      <mem type="survivor" free="0" total="3538944" percent="0" />
    </mem>
    <mem type="tenure" free="8859184" total="30670848" percent="28">
      <mem type="soa" free="7325232" total="29136896" percent="25" />
      <mem type="loa" free="1533952" total="1533952" percent="100" />
    </mem>
    <remembered-set count="1587" />
  </mem-info>
</gc-end>
<cycle-end id="1186" type="scavenge" contextid="1179" timestamp="2025-12-12T05:37:04.999" />
<allocation-satisfied id="1187" threadId="0000000000831A00" bytesRequested="2064" />
<af-end id="1188" timestamp="2025-12-12T05:37:05.000" threadId="0000000000832478" success="true" from="nursery"/>
<exclusive-end id="1189" timestamp="2025-12-12T05:37:05.000" durationms="7.625" />

<exclusive-start id="1190" timestamp="2025-12-12T05:37:05.027" intervalms="34.406">
  <response-info timems="0.044" idlems="0.044" threads="0" lastid="0000000000831A00" lastname="Default Executor-thread-1" />
</exclusive-start>
<af-start id="1191" threadId="0000000000832478" totalBytesRequested="16" timestamp="2025-12-12T05:37:05.028" intervalms="34.483" type="nursery" />
<cycle-start id="1192" type="scavenge" contextid="0" timestamp="2025-12-12T05:37:05.028" intervalms="34.412" />
<gc-start id="1193" type="scavenge" contextid="1192" timestamp="2025-12-12T05:37:05.029">
  <mem-info id="1194" free="8859184" total="54525952" percent="16">
    <mem type="nursery" free="0" total="23855104" percent="0">
      <mem type="allocate" free="0" total="20316160" percent="0" />
      <mem type="survivor" free="0" total="3538944" percent="0" />
    </mem>
    <mem type="tenure" free="8859184" total="30670848" percent="28">
      <mem type="soa" free="7325232" total="29136896" percent="25" />
      <mem type="loa" free="1533952" total="1533952" percent="100" />
    </mem>
    <remembered-set count="2365" />
  </mem-info>
</gc-start>
<allocation-stats totalBytes="18185920" discardedBytes="3720" >
  <allocated-bytes non-tlh="2064" tlh="18183856" />
  <largest-consumer threadName="Default Executor-thread-1" threadId="0000000000831A00" bytes="18185920" />
</allocation-stats>
<gc-op id="1195" type="scavenge" timems="1.897" contextid="1192" timestamp="2025-12-12T05:37:05.032">
  <scavenger-info tenureage="14" tenuremask="4000" tiltratio="85" />
  <memory-copied type="nursery" objects="60776" bytes="2888576" bytesdiscarded="199080" />
  <ownableSynchronizers candidates="2" cleared="0" />
  <object-monitors candidates="19" cleared="0"  />
</gc-op>
<heap-resize id="1196" type="expand" space="nursery" amount="1179648" count="1" timems="0.029" reason="excessive time being spent scavenging" timestamp="2025-12-12T05:37:05.033" />
<gc-end id="1197" type="scavenge" contextid="1192" durationms="4.381" usertimems="4.502" systemtimems="0.556" stalltimems="0.771" timestamp="2025-12-12T05:37:05.034" activeThreads="3">
  <mem-info id="1198" free="26153224" total="55705600" percent="46">
    <mem type="nursery" free="17294040" total="25034752" percent="69">
      <mem type="allocate" free="17294040" total="20381696" percent="84" />
      <mem type="survivor" free="0" total="4653056" percent="0" />
    </mem>
    <mem type="tenure" free="8859184" total="30670848" percent="28">
      <mem type="soa" free="7325232" total="29136896" percent="25" />
      <mem type="loa" free="1533952" total="1533952" percent="100" />
    </mem>
    <remembered-set count="1922" />
  </mem-info>
</gc-end>
<cycle-end id="1199" type="scavenge" contextid="1192" timestamp="2025-12-12T05:37:05.034" />
<allocation-satisfied id="1200" threadId="0000000000831A00" bytesRequested="16" />
<af-end id="1201" timestamp="2025-12-12T05:37:05.036" threadId="0000000000832478" success="true" from="nursery"/>
<exclusive-end id="1202" timestamp="2025-12-12T05:37:05.036" durationms="8.967" />

<exclusive-start id="1203" timestamp="2025-12-12T05:37:05.059" intervalms="32.019">
  <response-info timems="0.051" idlems="0.051" threads="0" lastid="0000000000831A00" lastname="Default Executor-thread-1" />
</exclusive-start>
<af-start id="1204" threadId="0000000000832478" totalBytesRequested="1032" timestamp="2025-12-12T05:37:05.060" intervalms="32.016" type="nursery" />
<cycle-start id="1205" type="scavenge" contextid="0" timestamp="2025-12-12T05:37:05.061" intervalms="32.152" />
<gc-start id="1206" type="scavenge" contextid="1205" timestamp="2025-12-12T05:37:05.061">
  <mem-info id="1207" free="8859184" total="55705600" percent="15">
    <mem type="nursery" free="0" total="25034752" percent="0">
      <mem type="allocate" free="0" total="20381696" percent="0" />
      <mem type="survivor" free="0" total="4653056" percent="0" />
    </mem>
    <mem type="tenure" free="8859184" total="30670848" percent="28">
      <mem type="soa" free="7325232" total="29136896" percent="25" />
      <mem type="loa" free="1533952" total="1533952" percent="100" />
    </mem>
    <remembered-set count="2117" />
  </mem-info>
</gc-start>
<allocation-stats totalBytes="17289264" discardedBytes="4776" >
  <allocated-bytes non-tlh="16" tlh="17289248" />
  <largest-consumer threadName="Default Executor-thread-1" threadId="0000000000831A00" bytes="17289264" />
</allocation-stats>
<gc-op id="1208" type="scavenge" timems="1.856" contextid="1205" timestamp="2025-12-12T05:37:05.064">
  <scavenger-info tenureage="14" tenuremask="4000" tiltratio="81" />
  <memory-copied type="nursery" objects="48525" bytes="1416496" bytesdiscarded="94176" />
  <ownableSynchronizers candidates="2" cleared="0" />
  <object-monitors candidates="19" cleared="0"  />
</gc-op>
<heap-resize id="1209" type="expand" space="nursery" amount="1179648" count="1" timems="0.026" reason="excessive time being spent scavenging" timestamp="2025-12-12T05:37:05.064" />
<gc-end id="1210" type="scavenge" contextid="1205" durationms="3.885" usertimems="0.000" systemtimems="4.743" stalltimems="0.598" timestamp="2025-12-12T05:37:05.065" activeThreads="3">
  <mem-info id="1211" free="29040928" total="56885248" percent="51">
    <mem type="nursery" free="20181744" total="26214400" percent="76">
      <mem type="allocate" free="20181744" total="21692416" percent="93" />
      <mem type="survivor" free="0" total="4521984" percent="0" />
    </mem>
    <mem type="tenure" free="8859184" total="30670848" percent="28">
      <mem type="soa" free="7325232" total="29136896" percent="25" />
      <mem type="loa" free="1533952" total="1533952" percent="100" />
    </mem>
    <remembered-set count="1986" />
  </mem-info>
</gc-end>
<cycle-end id="1212" type="scavenge" contextid="1205" timestamp="2025-12-12T05:37:05.066" />
<allocation-satisfied id="1213" threadId="0000000000831A00" bytesRequested="1032" />
<af-end id="1214" timestamp="2025-12-12T05:37:05.067" threadId="0000000000832478" success="true" from="nursery"/>
<exclusive-end id="1215" timestamp="2025-12-12T05:37:05.068" durationms="8.818" />

<exclusive-start id="1216" timestamp="2025-12-12T05:37:05.098" intervalms="38.487">
  <response-info timems="0.043" idlems="0.043" threads="0" lastid="0000000000831A00" lastname="Default Executor-thread-1" />
</exclusive-start>
<af-start id="1217" threadId="0000000000832478" totalBytesRequested="2064" timestamp="2025-12-12T05:37:05.098" intervalms="38.582" type="nursery" />
<cycle-start id="1218" type="scavenge" contextid="0" timestamp="2025-12-12T05:37:05.099" intervalms="38.679" />
<gc-start id="1219" type="scavenge" contextid="1218" timestamp="2025-12-12T05:37:05.100">
  <mem-info id="1220" free="8859184" total="56885248" percent="15">
    <mem type="nursery" free="0" total="26214400" percent="0">
      <mem type="allocate" free="0" total="21692416" percent="0" />
      <mem type="survivor" free="0" total="4521984" percent="0" />
    </mem>
    <mem type="tenure" free="8859184" total="30670848" percent="28">
      <mem type="soa" free="7325232" total="29136896" percent="25" />
      <mem type="loa" free="1533952" total="1533952" percent="100" />
    </mem>
    <remembered-set count="2330" />
  </mem-info>
</gc-start>
<allocation-stats totalBytes="20170736" discardedBytes="11008" >
  <allocated-bytes non-tlh="1032" tlh="20169704" />
  <largest-consumer threadName="Default Executor-thread-1" threadId="0000000000831A00" bytes="20170736" />
</allocation-stats>
<gc-op id="1221" type="scavenge" timems="1.808" contextid="1218" timestamp="2025-12-12T05:37:05.103">
  <scavenger-info tenureage="8" tenuremask="4100" tiltratio="82" />
  <memory-copied type="nursery" objects="54769" bytes="1681392" bytesdiscarded="55040" />
  <memory-copied type="tenure" objects="3308" bytes="90544" bytesdiscarded="24" />
  <ownableSynchronizers candidates="2" cleared="0" />
  <object-monitors candidates="19" cleared="0"  />
</gc-op>
<heap-resize id="1222" type="expand" space="nursery" amount="1179648" count="1" timems="0.032" reason="excessive time being spent scavenging" timestamp="2025-12-12T05:37:05.104" />
<gc-end id="1223" type="scavenge" contextid="1218" durationms="4.453" usertimems="4.912" systemtimems="0.000" stalltimems="0.566" timestamp="2025-12-12T05:37:05.104" activeThreads="3">
  <mem-info id="1224" free="30331584" total="58064896" percent="52">
    <mem type="nursery" free="21594384" total="27394048" percent="78">
      <mem type="allocate" free="21594384" total="23330816" percent="92" />
      <mem type="survivor" free="0" total="4063232" percent="0" />
    </mem>
    <mem type="tenure" free="8737200" total="30670848" percent="28">
      <mem type="soa" free="7203248" total="29136896" percent="24" />
      <mem type="loa" free="1533952" total="1533952" percent="100" />
    </mem>
    <remembered-set count="1971" />
  </mem-info>
</gc-end>
<cycle-end id="1225" type="scavenge" contextid="1218" timestamp="2025-12-12T05:37:05.105" />
<allocation-satisfied id="1226" threadId="0000000000831A00" bytesRequested="2064" />
<af-end id="1227" timestamp="2025-12-12T05:37:05.106" threadId="0000000000832478" success="true" from="nursery"/>
<exclusive-end id="1228" timestamp="2025-12-12T05:37:05.107" durationms="8.872" />

<exclusive-start id="1229" timestamp="2025-12-12T05:37:05.152" intervalms="54.068">
  <response-info timems="0.060" idlems="0.060" threads="0" lastid="0000000000831A00" lastname="Default Executor-thread-1" />
</exclusive-start>
<af-start id="1230" threadId="0000000000832478" totalBytesRequested="1040" timestamp="2025-12-12T05:37:05.152" intervalms="53.895" type="nursery" />
<cycle-start id="1231" type="scavenge" contextid="0" timestamp="2025-12-12T05:37:05.153" intervalms="53.661" />
<gc-start id="1232" type="scavenge" contextid="1231" timestamp="2025-12-12T05:37:05.154">
  <mem-info id="1233" free="8737200" total="58064896" percent="15">
    <mem type="nursery" free="0" total="27394048" percent="0">
      <mem type="allocate" free="0" total="23330816" percent="0" />
      <mem type="survivor" free="0" total="4063232" percent="0" />
    </mem>
    <mem type="tenure" free="8737200" total="30670848" percent="28">
      <mem type="soa" free="7203248" total="29136896" percent="24" />
      <mem type="loa" free="1533952" total="1533952" percent="100" />
    </mem>
    <remembered-set count="2158" />
  </mem-info>
</gc-start>
<allocation-stats totalBytes="21588856" discardedBytes="5528" >
  <allocated-bytes non-tlh="2064" tlh="21586792" />
  <largest-consumer threadName="Default Executor-thread-1" threadId="0000000000831A00" bytes="21588856" />
</allocation-stats>
<gc-op id="1234" type="scavenge" timems="2.190" contextid="1231" timestamp="2025-12-12T05:37:05.157">
  <scavenger-info tenureage="14" tenuremask="4000" tiltratio="85" />
  <memory-copied type="nursery" objects="55623" bytes="2457960" bytesdiscarded="27072" />
  <ownableSynchronizers candidates="2" cleared="0" />
  <object-monitors candidates="19" cleared="0"  />
</gc-op>
<gc-end id="1235" type="scavenge" contextid="1231" durationms="4.003" usertimems="4.216" systemtimems="1.523" stalltimems="0.894" timestamp="2025-12-12T05:37:05.158" activeThreads="3">
  <mem-info id="1236" free="29648520" total="58064896" percent="51">
    <mem type="nursery" free="20911320" total="27394048" percent="76">
      <mem type="allocate" free="20911320" total="23396352" percent="89" />
      <mem type="survivor" free="0" total="3997696" percent="0" />
    </mem>
    <mem type="tenure" free="8737200" total="30670848" percent="28">
      <mem type="soa" free="7203248" total="29136896" percent="24" />
      <mem type="loa" free="1533952" total="1533952" percent="100" />
    </mem>
    <remembered-set count="1999" />
  </mem-info>
</gc-end>
<cycle-end id="1237" type="scavenge" contextid="1231" timestamp="2025-12-12T05:37:05.158" />
<allocation-satisfied id="1238" threadId="0000000000831A00" bytesRequested="1040" />
<af-end id="1239" timestamp="2025-12-12T05:37:05.159" threadId="0000000000832478" success="true" from="nursery"/>
<exclusive-end id="1240" timestamp="2025-12-12T05:37:05.159" durationms="7.494" />

<exclusive-start id="1241" timestamp="2025-12-12T05:37:05.190" intervalms="37.818">
  <response-info timems="0.053" idlems="0.053" threads="0" lastid="0000000000831A00" lastname="Default Executor-thread-1" />
</exclusive-start>
<af-start id="1242" threadId="0000000000832478" totalBytesRequested="10064" timestamp="2025-12-12T05:37:05.190" intervalms="37.797" type="nursery" />
<cycle-start id="1243" type="scavenge" contextid="0" timestamp="2025-12-12T05:37:05.191" intervalms="37.602" />
<gc-start id="1244" type="scavenge" contextid="1243" timestamp="2025-12-12T05:37:05.191">
  <mem-info id="1245" free="8736944" total="58064896" percent="15">
    <mem type="nursery" free="0" total="27394048" percent="0">
      <mem type="allocate" free="0" total="23396352" percent="0" />
      <mem type="survivor" free="0" total="3997696" percent="0" />
    </mem>
    <mem type="tenure" free="8736944" total="30670848" percent="28">
      <mem type="soa" free="7202992" total="29136896" percent="24" />
      <mem type="loa" free="1533952" total="1533952" percent="100" />
    </mem>
    <remembered-set count="2058" />
  </mem-info>
</gc-start>
<allocation-stats totalBytes="20905672" discardedBytes="5904" >
  <allocated-bytes non-tlh="1296" tlh="20904376" />
  <largest-consumer threadName="Default Executor-thread-1" threadId="0000000000831A00" bytes="20905672" />
</allocation-stats>
<gc-op id="1246" type="scavenge" timems="1.831" contextid="1243" timestamp="2025-12-12T05:37:05.194">
  <scavenger-info tenureage="8" tenuremask="4300" tiltratio="85" />
  <memory-copied type="nursery" objects="35581" bytes="1050776" bytesdiscarded="81008" />
  <memory-copied type="tenure" objects="14715" bytes="411816" bytesdiscarded="232" />
  <ownableSynchronizers candidates="2" cleared="0" />
  <references type="weak" candidates="1" cleared="1" enqueued="1" />
  <object-monitors candidates="19" cleared="0"  />
</gc-op>
<heap-resize id="1247" type="expand" space="nursery" amount="1572864" count="1" timems="0.043" reason="excessive time being spent scavenging" timestamp="2025-12-12T05:37:05.195" />
<gc-end id="1248" type="scavenge" contextid="1243" durationms="3.726" usertimems="0.826" systemtimems="4.315" stalltimems="0.787" timestamp="2025-12-12T05:37:05.195" activeThreads="3">
  <mem-info id="1249" free="32071168" total="59637760" percent="53">
    <mem type="nursery" free="23771896" total="28966912" percent="82">
      <mem type="allocate" free="23771896" total="24903680" percent="95" />
      <mem type="survivor" free="0" total="4063232" percent="0" />
    </mem>
    <mem type="tenure" free="8299272" total="30670848" percent="27">
      <mem type="soa" free="6765320" total="29136896" percent="23" />
      <mem type="loa" free="1533952" total="1533952" percent="100" />
    </mem>
    <pending-finalizers system="0" default="0" reference="1" classloader="0" />
    <remembered-set count="1427" />
  </mem-info>
</gc-end>
<cycle-end id="1250" type="scavenge" contextid="1243" timestamp="2025-12-12T05:37:05.195" />
<allocation-satisfied id="1251" threadId="0000000000831A00" bytesRequested="10064" />
<af-end id="1252" timestamp="2025-12-12T05:37:05.196" threadId="0000000000832478" success="true" from="nursery"/>
<exclusive-end id="1253" timestamp="2025-12-12T05:37:05.196" durationms="6.736" />

<exclusive-start id="1254" timestamp="2025-12-12T05:37:05.231" intervalms="41.379">
  <response-info timems="0.046" idlems="0.046" threads="0" lastid="0000000000831A00" lastname="Default Executor-thread-1" />
</exclusive-start>
<af-start id="1255" threadId="0000000000832478" totalBytesRequested="264" timestamp="2025-12-12T05:37:05.231" intervalms="41.324" type="nursery" />
<cycle-start id="1256" type="scavenge" contextid="0" timestamp="2025-12-12T05:37:05.232" intervalms="41.446" />
<gc-start id="1257" type="scavenge" contextid="1256" timestamp="2025-12-12T05:37:05.233">
  <mem-info id="1258" free="8299272" total="59637760" percent="13">
    <mem type="nursery" free="0" total="28966912" percent="0">
      <mem type="allocate" free="0" total="24903680" percent="0" />
      <mem type="survivor" free="0" total="4063232" percent="0" />
    </mem>
    <mem type="tenure" free="8299272" total="30670848" percent="27">
      <mem type="soa" free="6765320" total="29136896" percent="23" />
      <mem type="loa" free="1533952" total="1533952" percent="100" />
    </mem>
    <remembered-set count="1645" />
  </mem-info>
</gc-start>
<allocation-stats totalBytes="23766512" discardedBytes="5384" >
  <allocated-bytes non-tlh="10064" tlh="23756448" />
  <largest-consumer threadName="Default Executor-thread-1" threadId="0000000000831A00" bytes="23766512" />
</allocation-stats>
<gc-op id="1259" type="scavenge" timems="2.532" contextid="1256" timestamp="2025-12-12T05:37:05.236">
  <scavenger-info tenureage="14" tenuremask="4000" tiltratio="85" />
  <memory-copied type="nursery" objects="52045" bytes="2091904" bytesdiscarded="42600" />
  <ownableSynchronizers candidates="2" cleared="0" />
  <object-monitors candidates="19" cleared="0"  />
</gc-op>
<heap-resize id="1260" type="expand" space="nursery" amount="1179648" count="1" timems="0.030" reason="excessive time being spent scavenging" timestamp="2025-12-12T05:37:05.237" />
<gc-end id="1261" type="scavenge" contextid="1256" durationms="4.399" usertimems="4.483" systemtimems="2.750" stalltimems="0.515" timestamp="2025-12-12T05:37:05.237" activeThreads="3">
  <mem-info id="1262" free="32248096" total="60817408" percent="53">
    <mem type="nursery" free="23948824" total="30146560" percent="79">
      <mem type="allocate" free="23948824" total="26083328" percent="91" />
      <mem type="survivor" free="0" total="4063232" percent="0" />
    </mem>
    <mem type="tenure" free="8299272" total="30670848" percent="27">
      <mem type="soa" free="6765320" total="29136896" percent="23" />
      <mem type="loa" free="1533952" total="1533952" percent="100" />
    </mem>
    <remembered-set count="1500" />
  </mem-info>
</gc-end>
<cycle-end id="1263" type="scavenge" contextid="1256" timestamp="2025-12-12T05:37:05.238" />
<allocation-satisfied id="1264" threadId="0000000000831A00" bytesRequested="264" />
<af-end id="1265" timestamp="2025-12-12T05:37:05.238" threadId="0000000000832478" success="true" from="nursery"/>
<exclusive-end id="1266" timestamp="2025-12-12T05:37:05.239" durationms="7.940" />

<exclusive-start id="1267" timestamp="2025-12-12T05:37:05.359" intervalms="128.113">
  <response-info timems="0.050" idlems="0.050" threads="0" lastid="0000000000831A00" lastname="Default Executor-thread-1" />
</exclusive-start>
<af-start id="1268" threadId="0000000000832478" totalBytesRequested="24" timestamp="2025-12-12T05:37:05.360" intervalms="128.096" type="nursery" />
<cycle-start id="1269" type="scavenge" contextid="0" timestamp="2025-12-12T05:37:05.360" intervalms="128.115" />
<gc-start id="1270" type="scavenge" contextid="1269" timestamp="2025-12-12T05:37:05.361">
  <mem-info id="1271" free="8296704" total="60817408" percent="13">
    <mem type="nursery" free="0" total="30146560" percent="0">
      <mem type="allocate" free="0" total="26083328" percent="0" />
      <mem type="survivor" free="0" total="4063232" percent="0" />
    </mem>
    <mem type="tenure" free="8296704" total="30670848" percent="27">
      <mem type="soa" free="6762752" total="29136896" percent="23" />
      <mem type="loa" free="1533952" total="1533952" percent="100" />
    </mem>
    <remembered-set count="3235" />
  </mem-info>
</gc-start>
<allocation-stats totalBytes="23948496" discardedBytes="2896" >
  <allocated-bytes non-tlh="243160" tlh="23705336" />
  <largest-consumer threadName="Default Executor-thread-1" threadId="0000000000831A00" bytes="23379320" />
</allocation-stats>
<gc-op id="1272" type="scavenge" timems="3.039" contextid="1269" timestamp="2025-12-12T05:37:05.366">
  <scavenger-info tenureage="14" tenuremask="4000" tiltratio="86" />
  <memory-copied type="nursery" objects="83537" bytes="4055672" bytesdiscarded="4376" />
  <memory-copied type="tenure" objects="14222" bytes="434184" bytesdiscarded="328" />
  <copy-failed type="nursery" objects="14222" bytes="434184" />
  <ownableSynchronizers candidates="2" cleared="0" />
  <references type="soft" candidates="1" cleared="0" enqueued="0" dynamicThreshold="9" maxThreshold="32" />
  <references type="weak" candidates="8" cleared="5" enqueued="5" />
  <references type="phantom" candidates="226" cleared="0" enqueued="0" />
  <object-monitors candidates="19" cleared="0"  />
</gc-op>
<gc-end id="1273" type="scavenge" contextid="1269" durationms="5.936" usertimems="6.201" systemtimems="2.153" stalltimems="1.064" timestamp="2025-12-12T05:37:05.367" activeThreads="3">
  <mem-info id="1274" free="25360544" total="60817408" percent="41">
    <mem type="nursery" free="17498112" total="30146560" percent="58">
      <mem type="allocate" free="17498112" total="21561344" percent="81" />
      <mem type="survivor" free="0" total="8585216" percent="0" />
    </mem>
    <mem type="tenure" free="7862432" total="30670848" percent="25">
      <mem type="soa" free="6328480" total="29136896" percent="21" />
      <mem type="loa" free="1533952" total="1533952" percent="100" />
    </mem>
    <pending-finalizers system="0" default="0" reference="5" classloader="0" />
    <remembered-set count="2210" />
  </mem-info>
</gc-end>
<cycle-end id="1275" type="scavenge" contextid="1269" timestamp="2025-12-12T05:37:05.367" />
<allocation-satisfied id="1276" threadId="0000000000831A00" bytesRequested="24" />
<af-end id="1277" timestamp="2025-12-12T05:37:05.369" threadId="0000000000832478" success="true" from="nursery"/>
<exclusive-end id="1278" timestamp="2025-12-12T05:37:05.369" durationms="10.238" />

<exclusive-start id="1279" timestamp="2025-12-12T05:37:05.453" intervalms="94.402">
  <response-info timems="0.041" idlems="0.041" threads="0" lastid="0000000000831A00" lastname="Default Executor-thread-1" />
</exclusive-start>
<af-start id="1280" threadId="0000000000832478" totalBytesRequested="32" timestamp="2025-12-12T05:37:05.455" intervalms="95.181" type="nursery" />
<cycle-start id="1281" type="scavenge" contextid="0" timestamp="2025-12-12T05:37:05.455" intervalms="95.166" />
<gc-start id="1282" type="scavenge" contextid="1281" timestamp="2025-12-12T05:37:05.456">
  <mem-info id="1283" free="7856672" total="60817408" percent="12">
    <mem type="nursery" free="0" total="30146560" percent="0">
      <mem type="allocate" free="0" total="21561344" percent="0" />
      <mem type="survivor" free="0" total="8585216" percent="0" />
    </mem>
    <mem type="tenure" free="7856672" total="30670848" percent="25">
      <mem type="soa" free="6322720" total="29136896" percent="21" />
      <mem type="loa" free="1533952" total="1533952" percent="100" />
    </mem>
    <remembered-set count="3105" />
  </mem-info>
</gc-start>
<allocation-stats totalBytes="17501904" discardedBytes="1968" >
  <allocated-bytes non-tlh="214608" tlh="17287296" />
  <largest-consumer threadName="Default Executor-thread-1" threadId="0000000000831A00" bytes="17465040" />
</allocation-stats>
<gc-op id="1284" type="scavenge" timems="4.107" contextid="1281" timestamp="2025-12-12T05:37:05.462">
  <scavenger-info tenureage="7" tenuremask="4180" tiltratio="71" />
  <memory-copied type="nursery" objects="101030" bytes="4829016" bytesdiscarded="23712" />
  <memory-copied type="tenure" objects="8281" bytes="230248" bytesdiscarded="216" />
  <ownableSynchronizers candidates="75" cleared="2" />
  <references type="soft" candidates="1" cleared="0" enqueued="0" dynamicThreshold="9" maxThreshold="32" />
  <references type="weak" candidates="329" cleared="2" enqueued="2" />
  <references type="phantom" candidates="242" cleared="0" enqueued="0" />
  <object-monitors candidates="19" cleared="0"  />
</gc-op>
<gc-end id="1285" type="scavenge" contextid="1281" durationms="6.977" usertimems="11.246" systemtimems="0.000" stalltimems="1.301" timestamp="2025-12-12T05:37:05.463" activeThreads="3">
  <mem-info id="1286" free="25825968" total="60817408" percent="42">
    <mem type="nursery" free="18409112" total="30146560" percent="61">
      <mem type="allocate" free="18409112" total="23265280" percent="79" />
      <mem type="survivor" free="0" total="6881280" percent="0" />
    </mem>
    <mem type="tenure" free="7416856" total="30670848" percent="24">
      <mem type="soa" free="5882904" total="29136896" percent="20" />
      <mem type="loa" free="1533952" total="1533952" percent="100" />
    </mem>
    <pending-finalizers system="0" default="0" reference="2" classloader="0" />
    <remembered-set count="2042" />
  </mem-info>
</gc-end>
<cycle-end id="1287" type="scavenge" contextid="1281" timestamp="2025-12-12T05:37:05.464" />
<allocation-satisfied id="1288" threadId="0000000000831A00" bytesRequested="32" />
<af-end id="1289" timestamp="2025-12-12T05:37:05.465" threadId="0000000000832478" success="true" from="nursery"/>
<exclusive-end id="1290" timestamp="2025-12-12T05:37:05.466" durationms="12.630" />

<exclusive-start id="1291" timestamp="2025-12-12T05:37:05.590" intervalms="136.107">
  <response-info timems="0.038" idlems="0.038" threads="0" lastid="00000000005EC100" lastname="Equinox start level thread - Equinox Container: cc537e8e-c7e5-4" />
</exclusive-start>
<af-start id="1292" threadId="00000000005ECB78" totalBytesRequested="80" timestamp="2025-12-12T05:37:05.590" intervalms="135.431" type="nursery" />
<cycle-start id="1293" type="scavenge" contextid="0" timestamp="2025-12-12T05:37:05.591" intervalms="135.391" />
<gc-start id="1294" type="scavenge" contextid="1293" timestamp="2025-12-12T05:37:05.591">
  <mem-info id="1295" free="7258104" total="60817408" percent="11">
    <mem type="nursery" free="0" total="30146560" percent="0">
      <mem type="allocate" free="0" total="23265280" percent="0" />
      <mem type="survivor" free="0" total="6881280" percent="0" />
    </mem>
    <mem type="tenure" free="7258104" total="30670848" percent="23">
      <mem type="soa" free="5724152" total="29136896" percent="19" />
      <mem type="loa" free="1533952" total="1533952" percent="100" />
    </mem>
    <remembered-set count="5827" />
  </mem-info>
</gc-start>
<allocation-stats totalBytes="18559544" discardedBytes="8320" >
  <allocated-bytes non-tlh="376144" tlh="18183400" />
  <largest-consumer threadName="Start Level: Equinox Container: cc537e8e-c7e5-42b8-b3c7-5e4c4664095d" threadId="00000000005E4400" bytes="3517824" />
</allocation-stats>
<gc-op id="1296" type="scavenge" timems="5.948" contextid="1293" timestamp="2025-12-12T05:37:05.599">
  <scavenger-info tenureage="3" tenuremask="48f8" tiltratio="77" />
  <memory-copied type="nursery" objects="148049" bytes="6341848" bytesdiscarded="37056" />
  <memory-copied type="tenure" objects="12811" bytes="370160" bytesdiscarded="80" />
  <finalization candidates="22" enqueued="22" />
  <ownableSynchronizers candidates="1962" cleared="713" />
  <references type="soft" candidates="666" cleared="0" enqueued="0" dynamicThreshold="9" maxThreshold="32" />
  <references type="weak" candidates="1188" cleared="524" enqueued="523" />
  <references type="phantom" candidates="285" cleared="8" enqueued="8" />
  <object-monitors candidates="21" cleared="0"  />
</gc-op>
<heap-resize id="1297" type="expand" space="nursery" amount="1179648" count="1" timems="0.034" reason="excessive time being spent scavenging" timestamp="2025-12-12T05:37:05.599" />
<gc-end id="1298" type="scavenge" contextid="1293" durationms="8.445" usertimems="16.677" systemtimems="0.000" stalltimems="1.525" timestamp="2025-12-12T05:37:05.600" activeThreads="3">
  <mem-info id="1299" free="22169624" total="61997056" percent="35">
    <mem type="nursery" free="15364640" total="31326208" percent="49">
      <mem type="allocate" free="15364640" total="21757952" percent="70" />
      <mem type="survivor" free="0" total="9568256" percent="0" />
    </mem>
    <mem type="tenure" free="6804984" total="30670848" percent="22">
      <mem type="soa" free="5271032" total="29136896" percent="18" />
      <mem type="loa" free="1533952" total="1533952" percent="100" />
    </mem>
    <pending-finalizers system="22" default="0" reference="531" classloader="0" />
    <remembered-set count="3830" />
  </mem-info>
</gc-end>
<cycle-end id="1300" type="scavenge" contextid="1293" timestamp="2025-12-12T05:37:05.600" />
<allocation-satisfied id="1301" threadId="00000000005EC100" bytesRequested="80" />
<af-end id="1302" timestamp="2025-12-12T05:37:05.601" threadId="00000000005ECB78" success="true" from="nursery"/>
<exclusive-end id="1303" timestamp="2025-12-12T05:37:05.602" durationms="12.051" />

<exclusive-start id="1304" timestamp="2025-12-12T05:37:05.651" intervalms="61.847">
  <response-info timems="0.053" idlems="0.053" threads="0" lastid="00000000005EFE00" lastname="Equinox start level thread - Equinox Container: cc537e8e-c7e5-4" />
</exclusive-start>
<af-start id="1305" threadId="00000000005F0878" totalBytesRequested="80" timestamp="2025-12-12T05:37:05.652" intervalms="61.966" type="nursery" />
<cycle-start id="1306" type="scavenge" contextid="0" timestamp="2025-12-12T05:37:05.653" intervalms="62.050" />
<gc-start id="1307" type="scavenge" contextid="1306" timestamp="2025-12-12T05:37:05.653">
  <mem-info id="1308" free="6582552" total="61997056" percent="10">
    <mem type="nursery" free="0" total="31326208" percent="0">
      <mem type="allocate" free="0" total="21757952" percent="0" />
      <mem type="survivor" free="0" total="9568256" percent="0" />
    </mem>
    <mem type="tenure" free="6582552" total="30670848" percent="21">
      <mem type="soa" free="5048600" total="29136896" percent="17" />
      <mem type="loa" free="1533952" total="1533952" percent="100" />
    </mem>
    <remembered-set count="7165" />
  </mem-info>
</gc-start>
<allocation-stats totalBytes="15573768" discardedBytes="13304" >
  <allocated-bytes non-tlh="881472" tlh="14692296" />
  <largest-consumer threadName="Equinox start level thread - Equinox Container: cc537e8e-c7e5-42b8-b3c7-5e4c4664095d" threadId="00000000005F7800" bytes="4103904" />
</allocation-stats>
<gc-op id="1309" type="scavenge" timems="6.444" contextid="1306" timestamp="2025-12-12T05:37:05.661">
  <scavenger-info tenureage="3" tenuremask="4008" tiltratio="69" />
  <memory-copied type="nursery" objects="133458" bytes="6227416" bytesdiscarded="141424" />
  <memory-copied type="tenure" objects="56367" bytes="1849632" bytesdiscarded="264" />
  <finalization candidates="8" enqueued="8" />
  <ownableSynchronizers candidates="3099" cleared="827" />
  <references type="soft" candidates="1603" cleared="0" enqueued="0" dynamicThreshold="9" maxThreshold="32" />
  <references type="weak" candidates="1795" cleared="722" enqueued="721" />
  <references type="phantom" candidates="303" cleared="5" enqueued="5" />
  <object-monitors candidates="35" cleared="9"  />
</gc-op>
<heap-resize id="1310" type="expand" space="nursery" amount="1966080" count="1" timems="0.037" reason="excessive time being spent scavenging" timestamp="2025-12-12T05:37:05.662" />
<gc-end id="1311" type="scavenge" contextid="1306" durationms="9.351" usertimems="17.219" systemtimems="5.599" stalltimems="3.284" timestamp="2025-12-12T05:37:05.663" activeThreads="4">
  <mem-info id="1312" free="22867136" total="63963136" percent="35">
    <mem type="nursery" free="18254640" total="33292288" percent="54">
      <mem type="allocate" free="18254640" total="24641536" percent="74" />
      <mem type="survivor" free="0" total="8650752" percent="0" />
    </mem>
    <mem type="tenure" free="4612496" total="30670848" percent="15">
      <mem type="soa" free="3078544" total="29136896" percent="10" />
      <mem type="loa" free="1533952" total="1533952" percent="100" />
    </mem>
    <pending-finalizers system="8" default="0" reference="726" classloader="0" />
    <remembered-set count="6880" />
  </mem-info>
</gc-end>
<cycle-end id="1313" type="scavenge" contextid="1306" timestamp="2025-12-12T05:37:05.663" />
<allocation-satisfied id="1314" threadId="00000000005EFE00" bytesRequested="80" />
<af-end id="1315" timestamp="2025-12-12T05:37:05.666" threadId="00000000005F0878" success="true" from="nursery"/>
<exclusive-end id="1316" timestamp="2025-12-12T05:37:05.667" durationms="15.781" />

<exclusive-start id="1317" timestamp="2025-12-12T05:37:05.700" intervalms="49.044">
  <response-info timems="0.043" idlems="0.043" threads="0" lastid="00000000005EC100" lastname="Equinox start level thread - Equinox Container: cc537e8e-c7e5-4" />
</exclusive-start>
<af-start id="1318" threadId="00000000005ECB78" totalBytesRequested="56" timestamp="2025-12-12T05:37:05.701" intervalms="48.916" type="nursery" />
<cycle-start id="1319" type="scavenge" contextid="0" timestamp="2025-12-12T05:37:05.702" intervalms="49.102" />
<gc-start id="1320" type="scavenge" contextid="1319" timestamp="2025-12-12T05:37:05.703">
  <mem-info id="1321" free="4543040" total="63963136" percent="7">
    <mem type="nursery" free="0" total="33292288" percent="0">
      <mem type="allocate" free="0" total="24641536" percent="0" />
      <mem type="survivor" free="0" total="8650752" percent="0" />
    </mem>
    <mem type="tenure" free="4543040" total="30670848" percent="14">
      <mem type="soa" free="3009088" total="29136896" percent="10" />
      <mem type="loa" free="1533952" total="1533952" percent="100" />
    </mem>
    <remembered-set count="8847" />
  </mem-info>
</gc-start>
<allocation-stats totalBytes="18314752" discardedBytes="9344" >
  <allocated-bytes non-tlh="539776" tlh="17774976" />
  <largest-consumer threadName="Equinox start level thread - Equinox Container: cc537e8e-c7e5-42b8-b3c7-5e4c4664095d" threadId="00000000005EFE00" bytes="6816048" />
</allocation-stats>
<gc-op id="1322" type="scavenge" timems="4.822" contextid="1319" timestamp="2025-12-12T05:37:05.708">
  <scavenger-info tenureage="14" tenuremask="4000" tiltratio="74" />
  <memory-copied type="nursery" objects="159060" bytes="7079456" bytesdiscarded="40648" />
  <finalization candidates="14" enqueued="14" />
  <ownableSynchronizers candidates="3030" cleared="312" />
  <references type="soft" candidates="1854" cleared="0" enqueued="0" dynamicThreshold="9" maxThreshold="32" />
  <references type="weak" candidates="1730" cleared="367" enqueued="367" />
  <references type="phantom" candidates="275" cleared="0" enqueued="0" />
  <object-monitors candidates="26" cleared="0"  />
</gc-op>
<heap-resize id="1323" type="expand" space="nursery" amount="2228224" count="1" timems="0.037" reason="excessive time being spent scavenging" timestamp="2025-12-12T05:37:05.709" />
<gc-end id="1324" type="scavenge" contextid="1319" durationms="7.343" usertimems="17.391" systemtimems="0.000" stalltimems="6.786" timestamp="2025-12-12T05:37:05.710" activeThreads="5">
  <mem-info id="1325" free="22762616" total="66191360" percent="34">
    <mem type="nursery" free="18219576" total="35520512" percent="51">
      <mem type="allocate" free="18219576" total="25362432" percent="71" />
      <mem type="survivor" free="0" total="10158080" percent="0" />
    </mem>
    <mem type="tenure" free="4543040" total="30670848" percent="14">
      <mem type="soa" free="3009088" total="29136896" percent="10" />
      <mem type="loa" free="1533952" total="1533952" percent="100" />
    </mem>
    <pending-finalizers system="14" default="0" reference="367" classloader="0" />
    <remembered-set count="6784" />
  </mem-info>
</gc-end>
<cycle-end id="1326" type="scavenge" contextid="1319" timestamp="2025-12-12T05:37:05.711" />
<allocation-satisfied id="1327" threadId="00000000005EC100" bytesRequested="56" />
<af-end id="1328" timestamp="2025-12-12T05:37:05.712" threadId="00000000005ECB78" success="true" from="nursery"/>
<exclusive-end id="1329" timestamp="2025-12-12T05:37:05.712" durationms="11.730" />

<exclusive-start id="1330" timestamp="2025-12-12T05:37:05.759" intervalms="58.513">
  <response-info timems="0.045" idlems="0.045" threads="0" lastid="00000000005EC100" lastname="Equinox start level thread - Equinox Container: cc537e8e-c7e5-4" />
</exclusive-start>
<af-start id="1331" threadId="00000000005ECB78" totalBytesRequested="304" timestamp="2025-12-12T05:37:05.760" intervalms="58.561" type="nursery" />
<cycle-start id="1332" type="scavenge" contextid="0" timestamp="2025-12-12T05:37:05.760" intervalms="58.371" />
<gc-start id="1333" type="scavenge" contextid="1332" timestamp="2025-12-12T05:37:05.761">
  <mem-info id="1334" free="4351040" total="66191360" percent="6">
    <mem type="nursery" free="0" total="35520512" percent="0">
      <mem type="allocate" free="0" total="25362432" percent="0" />
      <mem type="survivor" free="0" total="10158080" percent="0" />
    </mem>
    <mem type="tenure" free="4351040" total="30670848" percent="14">
      <mem type="soa" free="2817088" total="29136896" percent="9" />
      <mem type="loa" free="1533952" total="1533952" percent="100" />
    </mem>
    <remembered-set count="9940" />
  </mem-info>
</gc-start>
<allocation-stats totalBytes="18403040" discardedBytes="8536" >
  <allocated-bytes non-tlh="192056" tlh="18210984" />
  <largest-consumer threadName="Equinox start level thread - Equinox Container: cc537e8e-c7e5-42b8-b3c7-5e4c4664095d" threadId="00000000005F3B00" bytes="6863656" />
</allocation-stats>
<gc-op id="1335" type="scavenge" timems="6.811" contextid="1332" timestamp="2025-12-12T05:37:05.770">
  <scavenger-info tenureage="14" tenuremask="4000" tiltratio="71" />
  <memory-copied type="nursery" objects="192341" bytes="7744136" bytesdiscarded="40648" />
  <finalization candidates="15" enqueued="15" />
  <ownableSynchronizers candidates="3660" cleared="396" />
  <references type="soft" candidates="2613" cleared="0" enqueued="0" dynamicThreshold="9" maxThreshold="32" />
  <references type="weak" candidates="2415" cleared="642" enqueued="639" />
  <references type="phantom" candidates="280" cleared="6" enqueued="6" />
  <object-monitors candidates="27" cleared="1"  />
</gc-op>
<heap-resize id="1336" type="expand" space="nursery" amount="2490368" count="1" timems="0.047" reason="excessive time being spent scavenging" timestamp="2025-12-12T05:37:05.770" />
<gc-end id="1337" type="scavenge" contextid="1332" durationms="10.309" usertimems="23.877" systemtimems="3.974" stalltimems="6.741" timestamp="2025-12-12T05:37:05.771" activeThreads="5">
  <mem-info id="1338" free="23539320" total="68681728" percent="34">
    <mem type="nursery" free="19188280" total="38010880" percent="50">
      <mem type="allocate" free="19188280" total="27000832" percent="71" />
      <mem type="survivor" free="0" total="11010048" percent="0" />
    </mem>
    <mem type="tenure" free="4351040" total="30670848" percent="14">
      <mem type="soa" free="2817088" total="29136896" percent="9" />
      <mem type="loa" free="1533952" total="1533952" percent="100" />
    </mem>
    <pending-finalizers system="15" default="0" reference="645" classloader="0" />
    <remembered-set count="7266" />
  </mem-info>
</gc-end>
<cycle-end id="1339" type="scavenge" contextid="1332" timestamp="2025-12-12T05:37:05.772" />
<allocation-satisfied id="1340" threadId="00000000005EC100" bytesRequested="304" />
<af-end id="1341" timestamp="2025-12-12T05:37:05.773" threadId="00000000005ECB78" success="true" from="nursery"/>
<exclusive-end id="1342" timestamp="2025-12-12T05:37:05.774" durationms="14.824" />

<exclusive-start id="1343" timestamp="2025-12-12T05:37:05.884" intervalms="125.012">
  <response-info timems="0.050" idlems="0.050" threads="0" lastid="00000000005EC100" lastname="Equinox start level thread - Equinox Container: cc537e8e-c7e5-4" />
</exclusive-start>
<af-start id="1344" threadId="00000000005ECB78" totalBytesRequested="33128" timestamp="2025-12-12T05:37:05.885" intervalms="125.139" type="nursery" />
<cycle-start id="1345" type="scavenge" contextid="0" timestamp="2025-12-12T05:37:05.886" intervalms="125.778" />
<gc-start id="1346" type="scavenge" contextid="1345" timestamp="2025-12-12T05:37:05.887">
  <mem-info id="1347" free="4124344" total="68681728" percent="6">
    <mem type="nursery" free="0" total="38010880" percent="0">
      <mem type="allocate" free="0" total="27000832" percent="0" />
      <mem type="survivor" free="0" total="11010048" percent="0" />
    </mem>
    <mem type="tenure" free="4124344" total="30670848" percent="13">
      <mem type="soa" free="2590392" total="29136896" percent="8" />
      <mem type="loa" free="1533952" total="1533952" percent="100" />
    </mem>
    <remembered-set count="10662" />
  </mem-info>
</gc-start>
<allocation-stats totalBytes="19366000" discardedBytes="48976" >
  <allocated-bytes non-tlh="499456" tlh="18866544" />
  <largest-consumer threadName="Equinox start level thread - Equinox Container: cc537e8e-c7e5-42b8-b3c7-5e4c4664095d" threadId="00000000005EFE00" bytes="8255528" />
</allocation-stats>
<gc-op id="1348" type="scavenge" timems="11.713" contextid="1345" timestamp="2025-12-12T05:37:05.900">
  <scavenger-info tenureage="14" tenuremask="4000" tiltratio="71" />
  <memory-copied type="nursery" objects="229096" bytes="9467760" bytesdiscarded="50608" />
  <memory-copied type="tenure" objects="2803" bytes="79872" bytesdiscarded="8" />
  <finalization candidates="68" enqueued="68" />
  <ownableSynchronizers candidates="4750" cleared="482" />
  <references type="soft" candidates="3992" cleared="0" enqueued="0" dynamicThreshold="9" maxThreshold="32" />
  <references type="weak" candidates="3054" cleared="737" enqueued="736" />
  <references type="phantom" candidates="337" cleared="50" enqueued="50" />
  <object-monitors candidates="26" cleared="0"  />
</gc-op>
<heap-resize id="1349" type="expand" space="nursery" amount="1835008" count="1" timems="0.054" reason="excessive time being spent scavenging" timestamp="2025-12-12T05:37:05.901" />
<gc-end id="1350" type="scavenge" contextid="1345" durationms="15.250" usertimems="44.290" systemtimems="5.203" stalltimems="10.138" timestamp="2025-12-12T05:37:05.902" activeThreads="5">
  <mem-info id="1351" free="20451600" total="70516736" percent="29">
    <mem type="nursery" free="16465496" total="39845888" percent="41">
      <mem type="allocate" free="16465496" total="26017792" percent="63" />
      <mem type="survivor" free="0" total="13828096" percent="0" />
    </mem>
    <mem type="tenure" free="3986104" total="30670848" percent="12">
      <mem type="soa" free="2452152" total="29136896" percent="8" />
      <mem type="loa" free="1533952" total="1533952" percent="100" />
    </mem>
    <pending-finalizers system="68" default="0" reference="786" classloader="0" />
    <remembered-set count="9466" />
  </mem-info>
</gc-end>
<cycle-end id="1352" type="scavenge" contextid="1345" timestamp="2025-12-12T05:37:05.903" />
<allocation-satisfied id="1353" threadId="00000000005EC100" bytesRequested="33128" />
<af-end id="1354" timestamp="2025-12-12T05:37:05.904" threadId="00000000005ECB78" success="true" from="nursery"/>
<exclusive-end id="1355" timestamp="2025-12-12T05:37:05.905" durationms="21.068" />

<concurrent-kickoff id="1356" timestamp="2025-12-12T05:37:06.235">
  <kickoff reason="threshold reached" targetBytes="13448401" thresholdFreeBytes="1866025"  remainingFree="1698784" tenureFreeBytes="3631528" nurseryFreeBytes="1698784" />
</concurrent-kickoff>
<exclusive-start id="1357" timestamp="2025-12-12T05:37:06.236" intervalms="352.406">
  <response-info timems="0.037" idlems="0.037" threads="0" lastid="00000000005E4400" lastname="Start Level: Equinox Container: cc537e8e-c7e5-42b8-b3c7-5e4c466" />
</exclusive-start>
<cycle-start id="1358" type="global" contextid="0" timestamp="2025-12-12T05:37:06.390" intervalms="1555.094" />
<concurrent-start id="1359" type="global mark" contextid="1358" timestamp="2025-12-12T05:37:06.399">
</concurrent-start>
<exclusive-end id="1360" timestamp="2025-12-12T05:37:06.400" durationms="163.448" />

<concurrent-end id="1361" type="global mark" contextid="1358" timestamp="2025-12-12T05:37:06.436">
<gc-op id="1362" type="trace" timems="37.061" contextid="1358" timestamp="2025-12-12T05:37:06.436">
  <trace bytesTraced="13808028" workStackOverflowCount="0" />
  <card-cleaning reason="card cleaning threshold reached" bytesTraced="21936" cardsCleaned="38" />
</gc-op>
</concurrent-end>

<exclusive-start id="1363" timestamp="2025-12-12T05:37:06.438" intervalms="201.298">
  <response-info timems="0.044" idlems="0.044" threads="0" lastid="00000000005E4400" lastname="Start Level: Equinox Container: cc537e8e-c7e5-42b8-b3c7-5e4c466" />
</exclusive-start>
<concurrent-global-final id="1364" timestamp="2025-12-12T05:37:06.438" contextid="1358" intervalms="1580.894" >
  <concurrent-trace-info reason="card cleaning threshold reached" tracedByMutators="6465596" tracedByHelpers="7364368" cardsCleaned="38" workStackOverflowCount="0" />
</concurrent-global-final>
<gc-start id="1365" type="global" contextid="1358" timestamp="2025-12-12T05:37:06.440">
  <mem-info id="1366" free="3630544" total="70516736" percent="5">
    <mem type="nursery" free="0" total="39845888" percent="0">
      <mem type="allocate" free="0" total="26017792" percent="0" />
      <mem type="survivor" free="0" total="13828096" percent="0" />
    </mem>
    <mem type="tenure" free="3630544" total="30670848" percent="11">
      <mem type="soa" free="2096592" total="29136896" percent="7" />
      <mem type="loa" free="1533952" total="1533952" percent="100" />
    </mem>
    <remembered-set count="14784" />
  </mem-info>
</gc-start>
<allocation-stats totalBytes="16806768" discardedBytes="14288" >
  <allocated-bytes non-tlh="687968" tlh="16118800" />
  <largest-consumer threadName="Start Level: Equinox Container: cc537e8e-c7e5-42b8-b3c7-5e4c4664095d" threadId="00000000005E4400" bytes="9921632" />
</allocation-stats>
<gc-op id="1367" type="rs-scan" timems="7.332" contextid="1358" timestamp="2025-12-12T05:37:06.448">
  <scan objectsFound="254580" bytesTraced="8627364" workStackOverflowCount="0" />
</gc-op>
<gc-op id="1368" type="card-cleaning" timems="1.101" contextid="1358" timestamp="2025-12-12T05:37:06.450">
  <card-cleaning cardsCleaned="0" bytesTraced="0" workStackOverflowCount="0" />
</gc-op>
<gc-op id="1369" type="mark" timems="17.718" contextid="1358" timestamp="2025-12-12T05:37:06.469">
  <trace-info objectcount="18066" scancount="16600" scanbytes="598216" />
  <finalization candidates="866" enqueued="136" />
  <ownableSynchronizers candidates="6314" cleared="269" />
  <references type="soft" candidates="9066" cleared="0" enqueued="0" dynamicThreshold="9" maxThreshold="32" />
  <references type="weak" candidates="4754" cleared="739" enqueued="734" />
  <references type="phantom" candidates="403" cleared="66" enqueued="66" />
  <stringconstants candidates="22417" cleared="85"  />
  <object-monitors candidates="29" cleared="1"  />
</gc-op>
<gc-op id="1370" type="classunload" timems="0.083" contextid="1358" timestamp="2025-12-12T05:37:06.470">
  <classunload-info classloadercandidates="254" classloadersunloaded="4" classesunloaded="0" anonymousclassesunloaded="0" quiescems="0.000" setupms="0.069" scanms="0.006" postms="0.006" />
</gc-op>
<gc-op id="1371" type="sweep" timems="2.286" contextid="1358" timestamp="2025-12-12T05:37:06.472" />
<heap-resize id="1372" type="expand" space="tenure" amount="2424832" count="1" timems="0.348" reason="insufficient free space following gc" timestamp="2025-12-12T05:37:06.473" />
<gc-end id="1373" type="global" contextid="1358" durationms="33.848" usertimems="49.150" systemtimems="23.481" stalltimems="334.462" timestamp="2025-12-12T05:37:06.474" activeThreads="20">
  <mem-info id="1374" free="23061520" total="72941568" percent="31">
    <mem type="nursery" free="13119800" total="39845888" percent="32">
      <mem type="allocate" free="13119800" total="26017792" percent="50" />
      <mem type="survivor" free="0" total="13828096" percent="0" />
    </mem>
    <mem type="tenure" free="9941720" total="33095680" percent="30" micro-fragmented="686152" macro-fragmented="0">
      <mem type="soa" free="8286936" total="31440896" percent="26" />
      <mem type="loa" free="1654784" total="1654784" percent="100" />
    </mem>
    <pending-finalizers system="136" default="0" reference="800" classloader="0" />
    <remembered-set count="12858" />
  </mem-info>
</gc-end>
<cycle-end id="1375" type="global" contextid="1358" timestamp="2025-12-12T05:37:06.474" />
<exclusive-end id="1376" timestamp="2025-12-12T05:37:06.474" durationms="36.782" />

<exclusive-start id="1377" timestamp="2025-12-12T05:37:06.801" intervalms="363.724">
  <response-info timems="0.041" idlems="0.041" threads="0" lastid="00000000005E4400" lastname="Start Level: Equinox Container: cc537e8e-c7e5-42b8-b3c7-5e4c466" />
</exclusive-start>
<af-start id="1378" threadId="00000000005E4E78" totalBytesRequested="12712" timestamp="2025-12-12T05:37:06.803" intervalms="917.954" type="nursery" />
<cycle-start id="1379" type="scavenge" contextid="0" timestamp="2025-12-12T05:37:06.803" intervalms="917.256" />
<gc-start id="1380" type="scavenge" contextid="1379" timestamp="2025-12-12T05:37:06.806">
  <mem-info id="1381" free="9594280" total="72941568" percent="13">
    <mem type="nursery" free="6712" total="39845888" percent="0">
      <mem type="allocate" free="6712" total="26017792" percent="0" />
      <mem type="survivor" free="0" total="13828096" percent="0" />
    </mem>
    <mem type="tenure" free="9587568" total="33095680" percent="28">
      <mem type="soa" free="7932784" total="31440896" percent="25" />
      <mem type="loa" free="1654784" total="1654784" percent="100" />
    </mem>
    <remembered-set count="17288" />
  </mem-info>
</gc-start>
<allocation-stats totalBytes="13272448" discardedBytes="157480" >
  <allocated-bytes non-tlh="2137176" tlh="11135272" />
  <largest-consumer threadName="Start Level: Equinox Container: cc537e8e-c7e5-42b8-b3c7-5e4c4664095d" threadId="00000000005E4400" bytes="13104032" />
</allocation-stats>
<gc-op id="1382" type="scavenge" timems="16.820" contextid="1379" timestamp="2025-12-12T05:37:06.826">
  <scavenger-info tenureage="5" tenuremask="6060" tiltratio="65" />
  <memory-copied type="nursery" objects="205564" bytes="8972376" bytesdiscarded="154376" />
  <memory-copied type="tenure" objects="81058" bytes="2714792" bytesdiscarded="3952" />
  <finalization candidates="17" enqueued="16" />
  <ownableSynchronizers candidates="7685" cleared="2650" />
  <references type="soft" candidates="4330" cleared="0" enqueued="0" dynamicThreshold="9" maxThreshold="32" />
  <references type="weak" candidates="9841" cleared="448" enqueued="446" />
  <references type="phantom" candidates="297" cleared="14" enqueued="14" />
  <object-monitors candidates="28" cleared="0"  />
</gc-op>
<gc-end id="1383" type="scavenge" contextid="1379" durationms="22.703" usertimems="70.741" systemtimems="15.664" stalltimems="12.933" timestamp="2025-12-12T05:37:06.828" activeThreads="6">
  <mem-info id="1384" free="24440168" total="72941568" percent="33">
    <mem type="nursery" free="17778600" total="39845888" percent="44">
      <mem type="allocate" free="17778600" total="26935296" percent="66" />
      <mem type="survivor" free="0" total="12910592" percent="0" />
    </mem>
    <mem type="tenure" free="6661568" total="33095680" percent="20">
      <mem type="soa" free="5006784" total="31440896" percent="15" />
      <mem type="loa" free="1654784" total="1654784" percent="100" />
    </mem>
    <pending-finalizers system="16" default="0" reference="460" classloader="0" />
    <remembered-set count="15595" />
  </mem-info>
</gc-end>
<cycle-end id="1385" type="scavenge" contextid="1379" timestamp="2025-12-12T05:37:06.831" />
<allocation-satisfied id="1386" threadId="00000000005E4400" bytesRequested="12712" />
<af-end id="1387" timestamp="2025-12-12T05:37:06.833" threadId="00000000005E4E78" success="true" from="nursery"/>
<exclusive-end id="1388" timestamp="2025-12-12T05:37:06.833" durationms="31.855" />

<exclusive-start id="1389" timestamp="2025-12-12T05:37:07.267" intervalms="465.559">
  <response-info timems="0.081" idlems="0.081" threads="0" lastid="00000000005E4400" lastname="Start Level: Equinox Container: cc537e8e-c7e5-42b8-b3c7-5e4c466" />
</exclusive-start>
<af-start id="1390" threadId="00000000005E4E78" totalBytesRequested="24" timestamp="2025-12-12T05:37:07.268" intervalms="465.555" type="nursery" />
<cycle-start id="1391" type="scavenge" contextid="0" timestamp="2025-12-12T05:37:07.270" intervalms="466.229" />
<gc-start id="1392" type="scavenge" contextid="1391" timestamp="2025-12-12T05:37:07.271">
  <mem-info id="1393" free="6538384" total="72941568" percent="8">
    <mem type="nursery" free="0" total="39845888" percent="0">
      <mem type="allocate" free="0" total="26935296" percent="0" />
      <mem type="survivor" free="0" total="12910592" percent="0" />
    </mem>
    <mem type="tenure" free="6538384" total="33095680" percent="19">
      <mem type="soa" free="4883600" total="31440896" percent="15" />
      <mem type="loa" free="1654784" total="1654784" percent="100" />
    </mem>
    <remembered-set count="17879" />
  </mem-info>
</gc-start>
<allocation-stats totalBytes="17898608" discardedBytes="2464" >
  <allocated-bytes non-tlh="135184" tlh="17763424" />
  <largest-consumer threadName="Start Level: Equinox Container: cc537e8e-c7e5-42b8-b3c7-5e4c4664095d" threadId="00000000005E4400" bytes="17767608" />
</allocation-stats>
<gc-op id="1394" type="scavenge" timems="14.398" contextid="1391" timestamp="2025-12-12T05:37:07.287">
  <scavenger-info tenureage="12" tenuremask="7000" tiltratio="67" />
  <memory-copied type="nursery" objects="224739" bytes="9920056" bytesdiscarded="94640" />
  <finalization candidates="17" enqueued="16" />
  <ownableSynchronizers candidates="4384" cleared="217" />
  <references type="soft" candidates="4819" cleared="0" enqueued="0" dynamicThreshold="9" maxThreshold="32" />
  <references type="weak" candidates="10047" cleared="380" enqueued="377" />
  <references type="phantom" candidates="293" cleared="6" enqueued="6" />
  <object-monitors candidates="28" cleared="0"  />
</gc-op>
<gc-end id="1395" type="scavenge" contextid="1391" durationms="17.081" usertimems="74.462" systemtimems="2.425" stalltimems="23.106" timestamp="2025-12-12T05:37:07.288" activeThreads="7">
  <mem-info id="1396" free="22968608" total="72941568" percent="31">
    <mem type="nursery" free="16430224" total="39845888" percent="41">
      <mem type="allocate" free="16430224" total="26476544" percent="62" />
      <mem type="survivor" free="0" total="13369344" percent="0" />
    </mem>
    <mem type="tenure" free="6538384" total="33095680" percent="19">
      <mem type="soa" free="4883600" total="31440896" percent="15" />
      <mem type="loa" free="1654784" total="1654784" percent="100" />
    </mem>
    <pending-finalizers system="16" default="0" reference="383" classloader="0" />
    <remembered-set count="15769" />
  </mem-info>
</gc-end>
<cycle-end id="1397" type="scavenge" contextid="1391" timestamp="2025-12-12T05:37:07.289" />
<allocation-satisfied id="1398" threadId="00000000005E4400" bytesRequested="24" />
<af-end id="1399" timestamp="2025-12-12T05:37:07.290" threadId="00000000005E4E78" success="true" from="nursery"/>
<exclusive-end id="1400" timestamp="2025-12-12T05:37:07.291" durationms="24.226" />

<exclusive-start id="1401" timestamp="2025-12-12T05:37:07.505" intervalms="238.183">
  <response-info timems="0.039" idlems="0.039" threads="0" lastid="00000000005E4400" lastname="Start Level: Equinox Container: cc537e8e-c7e5-42b8-b3c7-5e4c466" />
</exclusive-start>
<af-start id="1402" threadId="00000000005E4E78" totalBytesRequested="24" timestamp="2025-12-12T05:37:07.512" intervalms="243.211" type="nursery" />
<cycle-start id="1403" type="scavenge" contextid="0" timestamp="2025-12-12T05:37:07.517" intervalms="247.606" />
<gc-start id="1404" type="scavenge" contextid="1403" timestamp="2025-12-12T05:37:07.523">
  <mem-info id="1405" free="6523320" total="72941568" percent="8">
    <mem type="nursery" free="0" total="39845888" percent="0">
      <mem type="allocate" free="0" total="26476544" percent="0" />
      <mem type="survivor" free="0" total="13369344" percent="0" />
    </mem>
    <mem type="tenure" free="6523320" total="33095680" percent="19">
      <mem type="soa" free="4868536" total="31440896" percent="15" />
      <mem type="loa" free="1654784" total="1654784" percent="100" />
    </mem>
    <remembered-set count="16561" />
  </mem-info>
</gc-start>
<allocation-stats totalBytes="16443984" discardedBytes="1304" >
  <allocated-bytes non-tlh="15088" tlh="16428896" />
  <largest-consumer threadName="Start Level: Equinox Container: cc537e8e-c7e5-42b8-b3c7-5e4c4664095d" threadId="00000000005E4400" bytes="16382544" />
</allocation-stats>
<gc-op id="1406" type="scavenge" timems="12.043" contextid="1403" timestamp="2025-12-12T05:37:07.547">
  <scavenger-info tenureage="6" tenuremask="7840" tiltratio="66" />
  <memory-copied type="nursery" objects="187408" bytes="8374032" bytesdiscarded="132824" />
  <memory-copied type="tenure" objects="43510" bytes="1391592" bytesdiscarded="864" />
  <finalization candidates="54" enqueued="53" />
  <ownableSynchronizers candidates="4184" cleared="2" />
  <references type="soft" candidates="3920" cleared="0" enqueued="0" dynamicThreshold="9" maxThreshold="32" />
  <references type="weak" candidates="9517" cleared="125" enqueued="125" />
  <references type="phantom" candidates="287" cleared="24" enqueued="24" />
  <object-monitors candidates="28" cleared="0"  />
</gc-op>
<heap-resize id="1407" type="expand" space="nursery" amount="2359296" count="1" timems="0.064" reason="excessive time being spent scavenging" timestamp="2025-12-12T05:37:07.554" />
<gc-end id="1408" type="scavenge" contextid="1403" durationms="43.735" usertimems="60.949" systemtimems="4.101" stalltimems="24.581" timestamp="2025-12-12T05:37:07.567" activeThreads="8">
  <mem-info id="1409" free="24454296" total="75300864" percent="32">
    <mem type="nursery" free="19712040" total="42205184" percent="46">
      <mem type="allocate" free="19712040" total="28246016" percent="69" />
      <mem type="survivor" free="0" total="13959168" percent="0" />
    </mem>
    <mem type="tenure" free="4742256" total="33095680" percent="14">
      <mem type="soa" free="3087472" total="31440896" percent="9" />
      <mem type="loa" free="1654784" total="1654784" percent="100" />
    </mem>
    <pending-finalizers system="53" default="0" reference="149" classloader="0" />
    <remembered-set count="8147" />
  </mem-info>
</gc-end>
<cycle-end id="1410" type="scavenge" contextid="1403" timestamp="2025-12-12T05:37:07.576" />
<allocation-satisfied id="1411" threadId="00000000005E4400" bytesRequested="24" />
<af-end id="1412" timestamp="2025-12-12T05:37:07.587" threadId="00000000005E4E78" success="true" from="nursery"/>
<exclusive-end id="1413" timestamp="2025-12-12T05:37:07.588" durationms="82.963" />

<concurrent-kickoff id="1414" timestamp="2025-12-12T05:37:08.174">
  <kickoff reason="threshold reached" targetBytes="14608341" thresholdFreeBytes="2027278"  remainingFree="1973384" tenureFreeBytes="4695040" nurseryFreeBytes="1973384" />
</concurrent-kickoff>
<exclusive-start id="1415" timestamp="2025-12-12T05:37:08.190" intervalms="684.706">
  <response-info timems="0.062" idlems="0.062" threads="0" lastid="00000000005E4400" lastname="Start Level: Equinox Container: cc537e8e-c7e5-42b8-b3c7-5e4c466" />
</exclusive-start>
<cycle-start id="1416" type="global" contextid="0" timestamp="2025-12-12T05:37:08.191" intervalms="1801.224" />
<concurrent-start id="1417" type="global mark" contextid="1416" timestamp="2025-12-12T05:37:08.192">
</concurrent-start>
<exclusive-end id="1418" timestamp="2025-12-12T05:37:08.203" durationms="12.688" />

<concurrent-end id="1419" type="global mark" contextid="1416" timestamp="2025-12-12T05:37:08.333">
<gc-op id="1420" type="trace" timems="140.413" contextid="1416" timestamp="2025-12-12T05:37:08.333">
  <trace bytesTraced="17595956" workStackOverflowCount="0" />
  <card-cleaning reason="card cleaning threshold reached" bytesTraced="27728" cardsCleaned="90" />
</gc-op>
</concurrent-end>

<exclusive-start id="1421" timestamp="2025-12-12T05:37:08.343" intervalms="152.991">
  <response-info timems="0.086" idlems="0.086" threads="0" lastid="00000000005E4400" lastname="Start Level: Equinox Container: cc537e8e-c7e5-42b8-b3c7-5e4c466" />
</exclusive-start>
<concurrent-global-final id="1422" timestamp="2025-12-12T05:37:08.344" contextid="1416" intervalms="1905.531" >
  <concurrent-trace-info reason="card cleaning threshold reached" tracedByMutators="2937936" tracedByHelpers="14685748" cardsCleaned="90" workStackOverflowCount="0" />
</concurrent-global-final>
<gc-start id="1423" type="global" contextid="1416" timestamp="2025-12-12T05:37:08.345">
  <mem-info id="1424" free="5056448" total="75300864" percent="6">
    <mem type="nursery" free="375944" total="42205184" percent="0">
      <mem type="allocate" free="375944" total="28246016" percent="1" />
      <mem type="survivor" free="0" total="13959168" percent="0" />
    </mem>
    <mem type="tenure" free="4680504" total="33095680" percent="14">
      <mem type="soa" free="3025720" total="31440896" percent="9" />
      <mem type="loa" free="1654784" total="1654784" percent="100" />
    </mem>
    <remembered-set count="9516" />
  </mem-info>
</gc-start>
<allocation-stats totalBytes="19391848" discardedBytes="6000" >
  <allocated-bytes non-tlh="543984" tlh="18847864" />
  <largest-consumer threadName="Start Level: Equinox Container: cc537e8e-c7e5-42b8-b3c7-5e4c4664095d" threadId="00000000005E4400" bytes="19269176" />
</allocation-stats>
<gc-op id="1425" type="rs-scan" timems="8.392" contextid="1416" timestamp="2025-12-12T05:37:08.356">
  <scan objectsFound="187668" bytesTraced="6549872" workStackOverflowCount="0" />
</gc-op>
<gc-op id="1426" type="card-cleaning" timems="2.461" contextid="1416" timestamp="2025-12-12T05:37:08.359">
  <card-cleaning cardsCleaned="1" bytesTraced="0" workStackOverflowCount="0" />
</gc-op>
<gc-op id="1427" type="mark" timems="21.486" contextid="1416" timestamp="2025-12-12T05:37:08.381">
  <trace-info objectcount="13265" scancount="12158" scanbytes="319400" />
  <finalization candidates="733" enqueued="3" />
  <ownableSynchronizers candidates="7008" cleared="100" />
  <references type="soft" candidates="10163" cleared="0" enqueued="0" dynamicThreshold="9" maxThreshold="32" />
  <references type="weak" candidates="12154" cleared="266" enqueued="261" />
  <references type="phantom" candidates="338" cleared="3" enqueued="3" />
  <stringconstants candidates="27545" cleared="7"  />
  <object-monitors candidates="28" cleared="0"  />
</gc-op>
<gc-op id="1428" type="classunload" timems="0.129" contextid="1416" timestamp="2025-12-12T05:37:08.382">
  <classunload-info classloadercandidates="366" classloadersunloaded="6" classesunloaded="0" anonymousclassesunloaded="0" quiescems="0.000" setupms="0.111" scanms="0.007" postms="0.009" />
</gc-op>
<gc-op id="1429" type="sweep" timems="2.934" contextid="1416" timestamp="2025-12-12T05:37:08.386" />
<heap-resize id="1430" type="expand" space="tenure" amount="6619136" count="1" timems="1.233" reason="insufficient free space following gc" timestamp="2025-12-12T05:37:08.387" />
<gc-end id="1431" type="global" contextid="1416" durationms="42.860" usertimems="100.784" systemtimems="46.464" stalltimems="386.386" timestamp="2025-12-12T05:37:08.388" activeThreads="20">
  <mem-info id="1432" free="30860440" total="81920000" percent="37">
    <mem type="nursery" free="18902848" total="42205184" percent="44">
      <mem type="allocate" free="18902848" total="28246016" percent="66" />
      <mem type="survivor" free="0" total="13959168" percent="0" />
    </mem>
    <mem type="tenure" free="11957592" total="39714816" percent="30" micro-fragmented="757884" macro-fragmented="0">
      <mem type="soa" free="9971032" total="37728256" percent="26" />
      <mem type="loa" free="1986560" total="1986560" percent="100" />
    </mem>
    <pending-finalizers system="3" default="0" reference="264" classloader="0" />
    <remembered-set count="8959" />
  </mem-info>
</gc-end>
<cycle-end id="1433" type="global" contextid="1416" timestamp="2025-12-12T05:37:08.389" />
<exclusive-end id="1434" timestamp="2025-12-12T05:37:08.389" durationms="46.482" />

<exclusive-start id="1435" timestamp="2025-12-12T05:37:08.613" intervalms="270.612">
  <response-info timems="0.070" idlems="0.070" threads="0" lastid="00000000005F3B00" lastname="Equinox start level thread - Equinox Container: cc537e8e-c7e5-4" />
</exclusive-start>
<af-start id="1436" threadId="00000000005F4578" totalBytesRequested="2800" timestamp="2025-12-12T05:37:08.614" intervalms="1102.764" type="nursery" />
<cycle-start id="1437" type="scavenge" contextid="0" timestamp="2025-12-12T05:37:08.615" intervalms="1098.087" />
<gc-start id="1438" type="scavenge" contextid="1437" timestamp="2025-12-12T05:37:08.616">
  <mem-info id="1439" free="11827824" total="81920000" percent="14">
    <mem type="nursery" free="0" total="42205184" percent="0">
      <mem type="allocate" free="0" total="28246016" percent="0" />
      <mem type="survivor" free="0" total="13959168" percent="0" />
    </mem>
    <mem type="tenure" free="11827824" total="39714816" percent="29">
      <mem type="soa" free="9841264" total="37728256" percent="26" />
      <mem type="loa" free="1986560" total="1986560" percent="100" />
    </mem>
    <remembered-set count="11033" />
  </mem-info>
</gc-start>
<allocation-stats totalBytes="18906352" discardedBytes="114184" >
  <allocated-bytes non-tlh="939552" tlh="17966800" />
  <largest-consumer threadName="Start Level: Equinox Container: cc537e8e-c7e5-42b8-b3c7-5e4c4664095d" threadId="00000000005E4400" bytes="15277784" />
</allocation-stats>
<gc-op id="1440" type="scavenge" timems="7.555" contextid="1437" timestamp="2025-12-12T05:37:08.625">
  <scavenger-info tenureage="11" tenuremask="7800" tiltratio="66" />
  <memory-copied type="nursery" objects="219284" bytes="9090880" bytesdiscarded="123912" />
  <finalization candidates="10" enqueued="9" />
  <ownableSynchronizers candidates="14653" cleared="10784" />
  <references type="soft" candidates="4632" cleared="0" enqueued="0" dynamicThreshold="9" maxThreshold="32" />
  <references type="weak" candidates="10093" cleared="414" enqueued="410" />
  <references type="phantom" candidates="319" cleared="11" enqueued="11" />
  <object-monitors candidates="31" cleared="2"  />
</gc-op>
<gc-end id="1441" type="scavenge" contextid="1437" durationms="9.939" usertimems="41.820" systemtimems="0.000" stalltimems="11.250" timestamp="2025-12-12T05:37:08.626" activeThreads="7">
  <mem-info id="1442" free="31808896" total="81920000" percent="38">
    <mem type="nursery" free="19981072" total="42205184" percent="47">
      <mem type="allocate" free="19981072" total="29229056" percent="68" />
      <mem type="survivor" free="0" total="12976128" percent="0" />
    </mem>
    <mem type="tenure" free="11827824" total="39714816" percent="29">
      <mem type="soa" free="9841264" total="37728256" percent="26" />
      <mem type="loa" free="1986560" total="1986560" percent="100" />
    </mem>
    <pending-finalizers system="9" default="0" reference="421" classloader="0" />
    <remembered-set count="9429" />
  </mem-info>
</gc-end>
<cycle-end id="1443" type="scavenge" contextid="1437" timestamp="2025-12-12T05:37:08.627" />
<allocation-satisfied id="1444" threadId="00000000005F3B00" bytesRequested="2800" />
<af-end id="1445" timestamp="2025-12-12T05:37:08.628" threadId="00000000005F4578" success="true" from="nursery"/>
<exclusive-end id="1446" timestamp="2025-12-12T05:37:08.628" durationms="14.806" />

<exclusive-start id="1447" timestamp="2025-12-12T05:37:08.865" intervalms="251.444">
  <response-info timems="0.081" idlems="0.080" threads="1" lastid="0000000000889C00" lastname="Default Executor-thread-6" />
</exclusive-start>
<af-start id="1448" threadId="000000000086FE78" totalBytesRequested="920" timestamp="2025-12-12T05:37:08.866" intervalms="251.317" type="nursery" />
<cycle-start id="1449" type="scavenge" contextid="0" timestamp="2025-12-12T05:37:08.866" intervalms="250.871" />
<gc-start id="1450" type="scavenge" contextid="1449" timestamp="2025-12-12T05:37:08.868">
  <mem-info id="1451" free="11576328" total="81920000" percent="14">
    <mem type="nursery" free="0" total="42205184" percent="0">
      <mem type="allocate" free="0" total="29229056" percent="0" />
      <mem type="survivor" free="0" total="12976128" percent="0" />
    </mem>
    <mem type="tenure" free="11576328" total="39714816" percent="29">
      <mem type="soa" free="9589768" total="37728256" percent="25" />
      <mem type="loa" free="1986560" total="1986560" percent="100" />
    </mem>
    <remembered-set count="13441" />
  </mem-info>
</gc-start>
<allocation-stats totalBytes="20038928" discardedBytes="188032" >
  <allocated-bytes non-tlh="947200" tlh="19091728" />
  <largest-consumer threadName="Equinox start level thread - Equinox Container: cc537e8e-c7e5-42b8-b3c7-5e4c4664095d" threadId="00000000005F7800" bytes="8991880" />
</allocation-stats>
<gc-op id="1452" type="scavenge" timems="7.644" contextid="1449" timestamp="2025-12-12T05:37:08.876">
  <scavenger-info tenureage="5" tenuremask="7c60" tiltratio="69" />
  <memory-copied type="nursery" objects="161676" bytes="7245632" bytesdiscarded="134240" />
  <memory-copied type="tenure" objects="72281" bytes="2408224" bytesdiscarded="440" />
  <finalization candidates="10" enqueued="9" />
  <ownableSynchronizers candidates="4419" cleared="80" />
  <references type="soft" candidates="3079" cleared="0" enqueued="0" dynamicThreshold="9" maxThreshold="32" />
  <references type="weak" candidates="9776" cleared="704" enqueued="704" />
  <references type="phantom" candidates="362" cleared="6" enqueued="6" />
  <object-monitors candidates="139" cleared="77"  />
</gc-op>
<gc-end id="1453" type="scavenge" contextid="1449" durationms="9.203" usertimems="48.991" systemtimems="0.068" stalltimems="11.374" timestamp="2025-12-12T05:37:08.877" activeThreads="8">
  <mem-info id="1454" free="30922208" total="81920000" percent="37">
    <mem type="nursery" free="22153128" total="42205184" percent="52">
      <mem type="allocate" free="22153128" total="29556736" percent="74" />
      <mem type="survivor" free="0" total="12648448" percent="0" />
    </mem>
    <mem type="tenure" free="8769080" total="39714816" percent="22">
      <mem type="soa" free="6782520" total="37728256" percent="17" />
      <mem type="loa" free="1986560" total="1986560" percent="100" />
    </mem>
    <pending-finalizers system="9" default="0" reference="710" classloader="0" />
    <remembered-set count="12190" />
  </mem-info>
</gc-end>
<cycle-end id="1455" type="scavenge" contextid="1449" timestamp="2025-12-12T05:37:08.877" />
<allocation-satisfied id="1456" threadId="000000000086F400" bytesRequested="920" />
<af-end id="1457" timestamp="2025-12-12T05:37:08.878" threadId="000000000086FE78" success="true" from="nursery"/>
<exclusive-end id="1458" timestamp="2025-12-12T05:37:08.879" durationms="13.961" />

<exclusive-start id="1459" timestamp="2025-12-12T05:37:09.043" intervalms="177.787">
  <response-info timems="0.064" idlems="0.064" threads="0" lastid="0000000000873100" lastname="Default Executor-thread-5" />
</exclusive-start>
<af-start id="1460" threadId="0000000000873B78" totalBytesRequested="13104" timestamp="2025-12-12T05:37:09.043" intervalms="177.513" type="nursery" />
<cycle-start id="1461" type="scavenge" contextid="0" timestamp="2025-12-12T05:37:09.044" intervalms="177.539" />
<gc-start id="1462" type="scavenge" contextid="1461" timestamp="2025-12-12T05:37:09.044">
  <mem-info id="1463" free="8555984" total="81920000" percent="10">
    <mem type="nursery" free="0" total="42205184" percent="0">
      <mem type="allocate" free="0" total="29556736" percent="0" />
      <mem type="survivor" free="0" total="12648448" percent="0" />
    </mem>
    <mem type="tenure" free="8555984" total="39714816" percent="21">
      <mem type="soa" free="6569424" total="37728256" percent="17" />
      <mem type="loa" free="1986560" total="1986560" percent="100" />
    </mem>
    <remembered-set count="15497" />
  </mem-info>
</gc-start>
<allocation-stats totalBytes="22208064" discardedBytes="158160" >
  <allocated-bytes non-tlh="322648" tlh="21885416" />
  <largest-consumer threadName="Default Executor-thread-3" threadId="000000000085F600" bytes="5966576" />
</allocation-stats>
<gc-op id="1464" type="scavenge" timems="7.082" contextid="1461" timestamp="2025-12-12T05:37:09.052">
  <scavenger-info tenureage="5" tenuremask="7c20" tiltratio="70" />
  <memory-copied type="nursery" objects="114573" bytes="5810752" bytesdiscarded="117392" />
  <memory-copied type="tenure" objects="56928" bytes="2093024" bytesdiscarded="1496" />
  <finalization candidates="22" enqueued="21" />
  <ownableSynchronizers candidates="2859" cleared="0" />
  <references type="soft" candidates="2206" cleared="0" enqueued="0" dynamicThreshold="9" maxThreshold="32" />
  <references type="weak" candidates="1910" cleared="388" enqueued="388" />
  <references type="phantom" candidates="369" cleared="9" enqueued="9" />
  <object-monitors candidates="203" cleared="92"  />
</gc-op>
<gc-end id="1465" type="scavenge" contextid="1461" durationms="8.366" usertimems="30.335" systemtimems="11.454" stalltimems="15.049" timestamp="2025-12-12T05:37:09.052" activeThreads="9">
  <mem-info id="1466" free="30229712" total="81920000" percent="36">
    <mem type="nursery" free="24330408" total="42205184" percent="57">
      <mem type="allocate" free="24330408" total="30277632" percent="80" />
      <mem type="survivor" free="0" total="11927552" percent="0" />
    </mem>
    <mem type="tenure" free="5899304" total="39714816" percent="14">
      <mem type="soa" free="3912744" total="37728256" percent="10" />
      <mem type="loa" free="1986560" total="1986560" percent="100" />
    </mem>
    <pending-finalizers system="21" default="0" reference="397" classloader="0" />
    <remembered-set count="11952" />
  </mem-info>
</gc-end>
<cycle-end id="1467" type="scavenge" contextid="1461" timestamp="2025-12-12T05:37:09.053" />
<allocation-satisfied id="1468" threadId="0000000000873100" bytesRequested="13104" />
<af-end id="1469" timestamp="2025-12-12T05:37:09.055" threadId="0000000000873B78" success="true" from="nursery"/>
<exclusive-end id="1470" timestamp="2025-12-12T05:37:09.055" durationms="12.359" />

<concurrent-kickoff id="1471" timestamp="2025-12-12T05:37:09.163">
  <kickoff reason="threshold reached" targetBytes="18229659" thresholdFreeBytes="2527302"  remainingFree="2486440" tenureFreeBytes="5763112" nurseryFreeBytes="2486440" />
</concurrent-kickoff>
<exclusive-start id="1472" timestamp="2025-12-12T05:37:09.163" intervalms="120.763">
  <response-info timems="0.156" idlems="0.103" threads="1" lastid="0000000000889C00" lastname="Default Executor-thread-6" />
</exclusive-start>
<cycle-start id="1473" type="global" contextid="0" timestamp="2025-12-12T05:37:09.164" intervalms="972.899" />
<concurrent-start id="1474" type="global mark" contextid="1473" timestamp="2025-12-12T05:37:09.165">
</concurrent-start>
<exclusive-end id="1475" timestamp="2025-12-12T05:37:09.165" durationms="1.937" />

<concurrent-end id="1476" type="global mark" contextid="1473" timestamp="2025-12-12T05:37:09.195">
<gc-op id="1477" type="trace" timems="30.102" contextid="1473" timestamp="2025-12-12T05:37:09.195">
  <trace bytesTraced="21725640" workStackOverflowCount="0" />
  <card-cleaning reason="card cleaning threshold reached" bytesTraced="40632" cardsCleaned="152" />
</gc-op>
</concurrent-end>

<exclusive-start id="1478" timestamp="2025-12-12T05:37:09.196" intervalms="32.500">
  <response-info timems="0.558" idlems="0.378" threads="4" lastid="0000000000873100" lastname="Default Executor-thread-5" />
</exclusive-start>
<af-start id="1479" threadId="0000000000860078" totalBytesRequested="41992" timestamp="2025-12-12T05:37:09.197" intervalms="154.354" type="nursery" />
<percolate-collect id="1480" from="nursery" to="global" reason="concurrent mark exhausted" timestamp="2025-12-12T05:37:09.198"/>
<gc-start id="1481" type="global" contextid="1473" timestamp="2025-12-12T05:37:09.199">
  <mem-info id="1482" free="5732104" total="81920000" percent="6">
    <mem type="nursery" free="0" total="42205184" percent="0">
      <mem type="allocate" free="0" total="30277632" percent="0" />
      <mem type="survivor" free="0" total="11927552" percent="0" />
    </mem>
    <mem type="tenure" free="5732104" total="39714816" percent="14">
      <mem type="soa" free="3745544" total="37728256" percent="9" />
      <mem type="loa" free="1986560" total="1986560" percent="100" />
    </mem>
    <remembered-set count="14636" />
  </mem-info>
</gc-start>
<allocation-stats totalBytes="24183464" discardedBytes="314144" >
  <allocated-bytes non-tlh="221288" tlh="23962176" />
  <largest-consumer threadName="Default Executor-thread-5" threadId="0000000000873100" bytes="7797968" />
</allocation-stats>
<gc-op id="1483" type="rs-scan" timems="2.982" contextid="1473" timestamp="2025-12-12T05:37:09.203">
  <scan objectsFound="123559" bytesTraced="4875460" workStackOverflowCount="0" />
</gc-op>
<gc-op id="1484" type="card-cleaning" timems="0.988" contextid="1473" timestamp="2025-12-12T05:37:09.205">
  <card-cleaning cardsCleaned="3" bytesTraced="1512" workStackOverflowCount="0" />
</gc-op>
<gc-op id="1485" type="mark" timems="13.042" contextid="1473" timestamp="2025-12-12T05:37:09.219">
  <trace-info objectcount="8089" scancount="7326" scanbytes="214484" />
  <finalization candidates="742" enqueued="14" />
  <ownableSynchronizers candidates="8051" cleared="55" />
  <references type="soft" candidates="11438" cleared="1297" enqueued="1282" dynamicThreshold="9" maxThreshold="32" />
  <references type="weak" candidates="13426" cleared="562" enqueued="543" />
  <references type="phantom" candidates="452" cleared="5" enqueued="5" />
  <stringconstants candidates="32876" cleared="35"  />
  <object-monitors candidates="154" cleared="56"  />
</gc-op>
<gc-op id="1486" type="classunload" timems="0.951" contextid="1473" timestamp="2025-12-12T05:37:09.220">
  <classunload-info classloadercandidates="372" classloadersunloaded="5" classesunloaded="5" anonymousclassesunloaded="0" quiescems="0.000" setupms="0.908" scanms="0.037" postms="0.005" />
</gc-op>
<gc-op id="1487" type="sweep" timems="2.243" contextid="1473" timestamp="2025-12-12T05:37:09.222" />
<heap-resize id="1488" type="expand" space="tenure" amount="7340032" count="1" timems="0.888" reason="insufficient free space following gc" timestamp="2025-12-12T05:37:09.224" />
<gc-end id="1489" type="global" contextid="1473" durationms="25.910" usertimems="51.603" systemtimems="22.184" stalltimems="245.247" timestamp="2025-12-12T05:37:09.224" activeThreads="20">
  <mem-info id="1490" free="37153520" total="89260032" percent="41">
    <mem type="nursery" free="23003456" total="42205184" percent="54">
      <mem type="allocate" free="23003456" total="30277632" percent="75" />
      <mem type="survivor" free="0" total="11927552" percent="0" />
    </mem>
    <mem type="tenure" free="14150064" total="47054848" percent="30" micro-fragmented="1032931" macro-fragmented="0">
      <mem type="soa" free="11796912" total="44701696" percent="26" />
      <mem type="loa" free="2353152" total="2353152" percent="100" />
    </mem>
    <pending-finalizers system="14" default="0" reference="1830" classloader="0" />
    <remembered-set count="11592" />
  </mem-info>
</gc-end>
<cycle-end id="1491" type="global" contextid="1473" timestamp="2025-12-12T05:37:09.225" />
<allocation-satisfied id="1492" threadId="000000000085F600" bytesRequested="41992" />
<af-end id="1493" timestamp="2025-12-12T05:37:09.226" threadId="0000000000860078" success="true" from="nursery"/>
<exclusive-end id="1494" timestamp="2025-12-12T05:37:09.227" durationms="30.576" />

<exclusive-start id="1495" timestamp="2025-12-12T05:37:09.719" intervalms="522.941">
  <response-info timems="0.064" idlems="0.064" threads="0" lastid="000000000085BA00" lastname="Default Executor-thread-2" />
</exclusive-start>
<af-start id="1496" threadId="000000000085C478" totalBytesRequested="80" timestamp="2025-12-12T05:37:09.722" intervalms="525.043" type="nursery" />
<cycle-start id="1497" type="scavenge" contextid="0" timestamp="2025-12-12T05:37:09.729" intervalms="684.916" />
<gc-start id="1498" type="scavenge" contextid="1497" timestamp="2025-12-12T05:37:09.735">
  <mem-info id="1499" free="13970576" total="89260032" percent="15">
    <mem type="nursery" free="0" total="42205184" percent="0">
      <mem type="allocate" free="0" total="30277632" percent="0" />
      <mem type="survivor" free="0" total="11927552" percent="0" />
    </mem>
    <mem type="tenure" free="13970576" total="47054848" percent="29">
      <mem type="soa" free="11617424" total="44701696" percent="25" />
      <mem type="loa" free="2353152" total="2353152" percent="100" />
    </mem>
    <remembered-set count="15451" />
  </mem-info>
</gc-start>
<allocation-stats totalBytes="22895432" discardedBytes="250016" >
  <allocated-bytes non-tlh="7510216" tlh="15385216" />
  <largest-consumer threadName="Default Executor-thread-5" threadId="0000000000873100" bytes="10542376" />
</allocation-stats>
<gc-op id="1500" type="scavenge" timems="5.816" contextid="1497" timestamp="2025-12-12T05:37:09.747">
  <scavenger-info tenureage="5" tenuremask="7e20" tiltratio="71" />
  <memory-copied type="nursery" objects="90228" bytes="5391912" bytesdiscarded="332200" />
  <memory-copied type="tenure" objects="45666" bytes="1465432" bytesdiscarded="824" />
  <finalization candidates="20" enqueued="18" />
  <ownableSynchronizers candidates="13898" cleared="11637" />
  <references type="soft" candidates="1853" cleared="0" enqueued="0" dynamicThreshold="9" maxThreshold="32" />
  <references type="weak" candidates="2669" cleared="1236" enqueued="1217" />
  <references type="phantom" candidates="384" cleared="3" enqueued="3" />
  <object-monitors candidates="162" cleared="48"  />
</gc-op>
<gc-end id="1501" type="scavenge" contextid="1497" durationms="14.551" usertimems="35.759" systemtimems="0.000" stalltimems="19.234" timestamp="2025-12-12T05:37:09.749" activeThreads="10">
  <mem-info id="1502" free="37371440" total="89260032" percent="41">
    <mem type="nursery" free="25456680" total="42205184" percent="60">
      <mem type="allocate" free="25456680" total="31195136" percent="81" />
      <mem type="survivor" free="0" total="11010048" percent="0" />
    </mem>
    <mem type="tenure" free="11914760" total="47054848" percent="25">
      <mem type="soa" free="9561608" total="44701696" percent="21" />
      <mem type="loa" free="2353152" total="2353152" percent="100" />
    </mem>
    <pending-finalizers system="18" default="0" reference="1220" classloader="0" />
    <remembered-set count="10273" />
  </mem-info>
</gc-end>
<cycle-end id="1503" type="scavenge" contextid="1497" timestamp="2025-12-12T05:37:09.751" />
<allocation-satisfied id="1504" threadId="000000000085BA00" bytesRequested="80" />
<af-end id="1505" timestamp="2025-12-12T05:37:09.754" threadId="000000000085C478" success="true" from="nursery"/>
<exclusive-end id="1506" timestamp="2025-12-12T05:37:09.757" durationms="38.114" />

<exclusive-start id="1507" timestamp="2025-12-12T05:37:09.880" intervalms="160.765">
  <response-info timems="0.063" idlems="0.061" threads="1" lastid="0000000000873100" lastname="Default Executor-thread-5" />
</exclusive-start>
<af-start id="1508" threadId="000000000085C478" totalBytesRequested="4280" timestamp="2025-12-12T05:37:09.882" intervalms="159.482" type="nursery" />
<cycle-start id="1509" type="scavenge" contextid="0" timestamp="2025-12-12T05:37:09.884" intervalms="155.089" />
<gc-start id="1510" type="scavenge" contextid="1509" timestamp="2025-12-12T05:37:09.885">
  <mem-info id="1511" free="11730608" total="89260032" percent="13">
    <mem type="nursery" free="0" total="42205184" percent="0">
      <mem type="allocate" free="0" total="31195136" percent="0" />
      <mem type="survivor" free="0" total="11010048" percent="0" />
    </mem>
    <mem type="tenure" free="11730608" total="47054848" percent="24">
      <mem type="soa" free="9377456" total="44701696" percent="20" />
      <mem type="loa" free="2353152" total="2353152" percent="100" />
    </mem>
    <remembered-set count="13683" />
  </mem-info>
</gc-start>
<allocation-stats totalBytes="25553808" discardedBytes="87024" >
  <allocated-bytes non-tlh="184232" tlh="25369576" />
  <largest-consumer threadName="Default Executor-thread-2" threadId="000000000085BA00" bytes="18473448" />
</allocation-stats>
<gc-op id="1512" type="scavenge" timems="3.960" contextid="1509" timestamp="2025-12-12T05:37:09.893">
  <scavenger-info tenureage="10" tenuremask="7c00" tiltratio="73" />
  <memory-copied type="nursery" objects="100718" bytes="6259352" bytesdiscarded="189400" />
  <finalization candidates="62" enqueued="60" />
  <ownableSynchronizers candidates="1471" cleared="8" />
  <references type="soft" candidates="2331" cleared="0" enqueued="0" dynamicThreshold="9" maxThreshold="32" />
  <references type="weak" candidates="2014" cleared="442" enqueued="440" />
  <references type="phantom" candidates="413" cleared="25" enqueued="25" />
  <object-monitors candidates="136" cleared="17"  />
</gc-op>
<gc-end id="1513" type="scavenge" contextid="1509" durationms="8.337" usertimems="21.980" systemtimems="0.000" stalltimems="9.418" timestamp="2025-12-12T05:37:09.893" activeThreads="8">
  <mem-info id="1514" free="36923016" total="89260032" percent="41">
    <mem type="nursery" free="25192408" total="42205184" percent="59">
      <mem type="allocate" free="25192408" total="31653888" percent="79" />
      <mem type="survivor" free="0" total="10551296" percent="0" />
    </mem>
    <mem type="tenure" free="11730608" total="47054848" percent="24">
      <mem type="soa" free="9377456" total="44701696" percent="20" />
      <mem type="loa" free="2353152" total="2353152" percent="100" />
    </mem>
    <pending-finalizers system="60" default="0" reference="465" classloader="0" />
    <remembered-set count="11235" />
  </mem-info>
</gc-end>
<cycle-end id="1515" type="scavenge" contextid="1509" timestamp="2025-12-12T05:37:09.894" />
<allocation-satisfied id="1516" threadId="000000000085BA00" bytesRequested="4280" />
<af-end id="1517" timestamp="2025-12-12T05:37:09.895" threadId="000000000085C478" success="true" from="nursery"/>
<exclusive-end id="1518" timestamp="2025-12-12T05:37:09.895" durationms="15.738" />

<exclusive-start id="1519" timestamp="2025-12-12T05:37:10.338" intervalms="458.242">
  <response-info timems="0.076" idlems="0.076" threads="0" lastid="0000000000873100" lastname="Default Executor-thread-5" />
</exclusive-start>
<af-start id="1520" threadId="0000000000873B78" totalBytesRequested="240" timestamp="2025-12-12T05:37:10.345" intervalms="463.359" type="nursery" />
<cycle-start id="1521" type="scavenge" contextid="0" timestamp="2025-12-12T05:37:10.354" intervalms="470.872" />
<gc-start id="1522" type="scavenge" contextid="1521" timestamp="2025-12-12T05:37:10.361">
  <mem-info id="1523" free="11459800" total="89260032" percent="12">
    <mem type="nursery" free="0" total="42205184" percent="0">
      <mem type="allocate" free="0" total="31653888" percent="0" />
      <mem type="survivor" free="0" total="10551296" percent="0" />
    </mem>
    <mem type="tenure" free="11459800" total="47054848" percent="24">
      <mem type="soa" free="9106648" total="44701696" percent="20" />
      <mem type="loa" free="2353152" total="2353152" percent="100" />
    </mem>
    <remembered-set count="15680" />
  </mem-info>
</gc-start>
<allocation-stats totalBytes="25416768" discardedBytes="46448" >
  <allocated-bytes non-tlh="275088" tlh="25141680" />
  <largest-consumer threadName="Default Executor-thread-5" threadId="0000000000873100" bytes="12962416" />
</allocation-stats>
<gc-op id="1524" type="scavenge" timems="7.204" contextid="1521" timestamp="2025-12-12T05:37:10.384">
  <scavenger-info tenureage="10" tenuremask="7c00" tiltratio="75" />
  <memory-copied type="nursery" objects="124242" bytes="7382224" bytesdiscarded="50312" />
  <finalization candidates="140" enqueued="135" />
  <ownableSynchronizers candidates="1644" cleared="16" />
  <references type="soft" candidates="2970" cleared="0" enqueued="0" dynamicThreshold="9" maxThreshold="32" />
  <references type="weak" candidates="2937" cleared="969" enqueued="944" />
  <references type="phantom" candidates="453" cleared="63" enqueued="63" />
  <object-monitors candidates="119" cleared="0"  />
</gc-op>
<gc-end id="1525" type="scavenge" contextid="1521" durationms="26.765" usertimems="32.244" systemtimems="4.872" stalltimems="13.914" timestamp="2025-12-12T05:37:10.387" activeThreads="7">
  <mem-info id="1526" free="35665504" total="89260032" percent="39">
    <mem type="nursery" free="24205704" total="42205184" percent="57">
      <mem type="allocate" free="24205704" total="31653888" percent="76" />
      <mem type="survivor" free="0" total="10551296" percent="0" />
    </mem>
    <mem type="tenure" free="11459800" total="47054848" percent="24">
      <mem type="soa" free="9106648" total="44701696" percent="20" />
      <mem type="loa" free="2353152" total="2353152" percent="100" />
    </mem>
    <pending-finalizers system="128" default="7" reference="1007" classloader="0" />
    <remembered-set count="11088" />
  </mem-info>
</gc-end>
<cycle-end id="1527" type="scavenge" contextid="1521" timestamp="2025-12-12T05:37:10.390" />
<allocation-satisfied id="1528" threadId="0000000000873100" bytesRequested="240" />
<af-end id="1529" timestamp="2025-12-12T05:37:10.399" threadId="0000000000873B78" success="true" from="nursery"/>
<exclusive-end id="1530" timestamp="2025-12-12T05:37:10.405" durationms="67.379" />

<exclusive-start id="1531" timestamp="2025-12-12T05:37:10.703" intervalms="364.870">
  <response-info timems="0.046" idlems="0.046" threads="0" lastid="0000000000873100" lastname="Default Executor-thread-5" />
</exclusive-start>
<af-start id="1532" threadId="0000000000873B78" totalBytesRequested="72" timestamp="2025-12-12T05:37:10.703" intervalms="357.995" type="nursery" />
<cycle-start id="1533" type="scavenge" contextid="0" timestamp="2025-12-12T05:37:10.704" intervalms="349.309" />
<gc-start id="1534" type="scavenge" contextid="1533" timestamp="2025-12-12T05:37:10.705">
  <mem-info id="1535" free="11459592" total="89260032" percent="12">
    <mem type="nursery" free="0" total="42205184" percent="0">
      <mem type="allocate" free="0" total="31653888" percent="0" />
      <mem type="survivor" free="0" total="10551296" percent="0" />
    </mem>
    <mem type="tenure" free="11459592" total="47054848" percent="24">
      <mem type="soa" free="9106440" total="44701696" percent="20" />
      <mem type="loa" free="2353152" total="2353152" percent="100" />
    </mem>
    <remembered-set count="11164" />
  </mem-info>
</gc-start>
<allocation-stats totalBytes="24203600" discardedBytes="2312" >
  <allocated-bytes non-tlh="448" tlh="24203152" />
  <largest-consumer threadName="Default Executor-thread-5" threadId="0000000000873100" bytes="23527768" />
</allocation-stats>
<gc-op id="1536" type="scavenge" timems="9.544" contextid="1533" timestamp="2025-12-12T05:37:10.715">
  <scavenger-info tenureage="3" tenuremask="7c88" tiltratio="75" />
  <memory-copied type="nursery" objects="157696" bytes="8140056" bytesdiscarded="74984" />
  <memory-copied type="tenure" objects="30886" bytes="2015112" bytesdiscarded="1840" />
  <finalization candidates="97" enqueued="61" />
  <ownableSynchronizers candidates="1664" cleared="36" />
  <references type="soft" candidates="2544" cleared="0" enqueued="0" dynamicThreshold="9" maxThreshold="32" />
  <references type="weak" candidates="1389" cleared="32" enqueued="32" />
  <references type="phantom" candidates="265" cleared="0" enqueued="0" />
  <object-monitors candidates="119" cleared="1"  />
</gc-op>
<gc-end id="1537" type="scavenge" contextid="1533" durationms="12.625" usertimems="40.407" systemtimems="0.000" stalltimems="8.215" timestamp="2025-12-12T05:37:10.717" activeThreads="5">
  <mem-info id="1538" free="32538784" total="89260032" percent="36">
    <mem type="nursery" free="23032664" total="42205184" percent="54">
      <mem type="allocate" free="23032664" total="31260672" percent="73" />
      <mem type="survivor" free="0" total="10944512" percent="0" />
    </mem>
    <mem type="tenure" free="9506120" total="47054848" percent="20">
      <mem type="soa" free="7152968" total="44701696" percent="16" />
      <mem type="loa" free="2353152" total="2353152" percent="100" />
    </mem>
    <pending-finalizers system="0" default="61" reference="32" classloader="0" />
    <remembered-set count="9468" />
  </mem-info>
</gc-end>
<cycle-end id="1539" type="scavenge" contextid="1533" timestamp="2025-12-12T05:37:10.721" />
<allocation-satisfied id="1540" threadId="0000000000873100" bytesRequested="72" />
<af-end id="1541" timestamp="2025-12-12T05:37:10.725" threadId="0000000000873B78" success="true" from="nursery"/>
<exclusive-end id="1542" timestamp="2025-12-12T05:37:10.727" durationms="23.798" />

<exclusive-start id="1543" timestamp="2025-12-12T05:37:10.959" intervalms="256.351">
  <response-info timems="0.073" idlems="0.073" threads="0" lastid="0000000000873100" lastname="Default Executor-thread-5" />
</exclusive-start>
<af-start id="1544" threadId="0000000000873B78" totalBytesRequested="24" timestamp="2025-12-12T05:37:10.962" intervalms="258.535" type="nursery" />
<cycle-start id="1545" type="scavenge" contextid="0" timestamp="2025-12-12T05:37:10.965" intervalms="260.873" />
<gc-start id="1546" type="scavenge" contextid="1545" timestamp="2025-12-12T05:37:10.968">
  <mem-info id="1547" free="9498408" total="89260032" percent="10">
    <mem type="nursery" free="0" total="42205184" percent="0">
      <mem type="allocate" free="0" total="31260672" percent="0" />
      <mem type="survivor" free="0" total="10944512" percent="0" />
    </mem>
    <mem type="tenure" free="9498408" total="47054848" percent="20">
      <mem type="soa" free="7145256" total="44701696" percent="15" />
      <mem type="loa" free="2353152" total="2353152" percent="100" />
    </mem>
    <remembered-set count="9620" />
  </mem-info>
</gc-start>
<allocation-stats totalBytes="23035968" discardedBytes="4408" >
  <allocated-bytes non-tlh="7784" tlh="23028184" />
  <largest-consumer threadName="Default Executor-thread-5" threadId="0000000000873100" bytes="22683672" />
</allocation-stats>
<gc-op id="1548" type="scavenge" timems="15.545" contextid="1545" timestamp="2025-12-12T05:37:10.988">
  <scavenger-info tenureage="5" tenuremask="7ca0" tiltratio="74" />
  <memory-copied type="nursery" objects="153329" bytes="7314320" bytesdiscarded="97336" />
  <memory-copied type="tenure" objects="40411" bytes="2053456" bytesdiscarded="928" />
  <finalization candidates="122" enqueued="75" />
  <ownableSynchronizers candidates="1472" cleared="21" />
  <references type="soft" candidates="1704" cleared="0" enqueued="0" dynamicThreshold="9" maxThreshold="32" />
  <references type="weak" candidates="951" cleared="51" enqueued="51" />
  <references type="phantom" candidates="196" cleared="1" enqueued="1" />
  <object-monitors candidates="118" cleared="0"  />
</gc-op>
<heap-resize id="1549" type="expand" space="nursery" amount="2228224" count="1" timems="0.059" reason="excessive time being spent scavenging" timestamp="2025-12-12T05:37:10.991" />
<gc-end id="1550" type="scavenge" contextid="1545" durationms="23.818" usertimems="45.653" systemtimems="6.701" stalltimems="32.311" timestamp="2025-12-12T05:37:10.992" activeThreads="6">
  <mem-info id="1551" free="32785952" total="91488256" percent="35">
    <mem type="nursery" free="25608576" total="44433408" percent="57">
      <mem type="allocate" free="25608576" total="33030144" percent="77" />
      <mem type="survivor" free="0" total="11403264" percent="0" />
    </mem>
    <mem type="tenure" free="7177376" total="47054848" percent="15">
      <mem type="soa" free="4824224" total="44701696" percent="10" />
      <mem type="loa" free="2353152" total="2353152" percent="100" />
    </mem>
    <pending-finalizers system="2" default="73" reference="52" classloader="0" />
    <remembered-set count="3836" />
  </mem-info>
</gc-end>
<cycle-end id="1552" type="scavenge" contextid="1545" timestamp="2025-12-12T05:37:10.993" />
<allocation-satisfied id="1553" threadId="0000000000873100" bytesRequested="24" />
<af-end id="1554" timestamp="2025-12-12T05:37:10.998" threadId="0000000000873B78" success="true" from="nursery"/>
<exclusive-end id="1555" timestamp="2025-12-12T05:37:11.007" durationms="47.540" />

<concurrent-kickoff id="1556" timestamp="2025-12-12T05:37:11.241">
  <kickoff reason="threshold reached" targetBytes="22421453" thresholdFreeBytes="3106608"  remainingFree="2593152" tenureFreeBytes="7134528" nurseryFreeBytes="2593152" />
</concurrent-kickoff>
<exclusive-start id="1557" timestamp="2025-12-12T05:37:11.245" intervalms="285.508">
  <response-info timems="0.118" idlems="0.118" threads="0" lastid="0000000000873100" lastname="Default Executor-thread-5" />
</exclusive-start>
<cycle-start id="1558" type="global" contextid="0" timestamp="2025-12-12T05:37:11.249" intervalms="2084.883" />
<concurrent-start id="1559" type="global mark" contextid="1558" timestamp="2025-12-12T05:37:11.255">
</concurrent-start>
<exclusive-end id="1560" timestamp="2025-12-12T05:37:11.263" durationms="18.213" />

<concurrent-end id="1561" type="global mark" contextid="1558" timestamp="2025-12-12T05:37:11.380">
<gc-op id="1562" type="trace" timems="124.938" contextid="1558" timestamp="2025-12-12T05:37:11.380">
  <trace bytesTraced="25189044" workStackOverflowCount="0" />
  <card-cleaning reason="card cleaning threshold reached" bytesTraced="57264" cardsCleaned="243" />
</gc-op>
</concurrent-end>

<exclusive-start id="1563" timestamp="2025-12-12T05:37:11.389" intervalms="144.011">
  <response-info timems="0.061" idlems="0.061" threads="0" lastid="0000000000873100" lastname="Default Executor-thread-5" />
</exclusive-start>
<concurrent-global-final id="1564" timestamp="2025-12-12T05:37:11.393" contextid="1558" intervalms="3048.762" >
  <concurrent-trace-info reason="card cleaning threshold reached" tracedByMutators="10492276" tracedByHelpers="14754032" cardsCleaned="243" workStackOverflowCount="0" />
</concurrent-global-final>
<gc-start id="1565" type="global" contextid="1558" timestamp="2025-12-12T05:37:11.398">
  <mem-info id="1566" free="7126184" total="91488256" percent="7">
    <mem type="nursery" free="0" total="44433408" percent="0">
      <mem type="allocate" free="0" total="33030144" percent="0" />
      <mem type="survivor" free="0" total="11403264" percent="0" />
    </mem>
    <mem type="tenure" free="7126184" total="47054848" percent="15">
      <mem type="soa" free="4773032" total="44701696" percent="10" />
      <mem type="loa" free="2353152" total="2353152" percent="100" />
    </mem>
    <remembered-set count="5096" />
  </mem-info>
</gc-start>
<allocation-stats totalBytes="25558576" discardedBytes="101192" >
  <allocated-bytes non-tlh="533424" tlh="25025152" />
  <largest-consumer threadName="Default Executor-thread-5" threadId="0000000000873100" bytes="25501232" />
</allocation-stats>
<gc-op id="1567" type="rs-scan" timems="5.891" contextid="1558" timestamp="2025-12-12T05:37:11.413">
  <scan objectsFound="117118" bytesTraced="4236132" workStackOverflowCount="0" />
</gc-op>
<gc-op id="1568" type="card-cleaning" timems="2.701" contextid="1558" timestamp="2025-12-12T05:37:11.425">
  <card-cleaning cardsCleaned="52" bytesTraced="28516" workStackOverflowCount="0" />
</gc-op>
<gc-op id="1569" type="mark" timems="21.758" contextid="1558" timestamp="2025-12-12T05:37:11.451">
  <trace-info objectcount="15633" scancount="13847" scanbytes="405832" />
  <finalization candidates="918" enqueued="143" />
  <ownableSynchronizers candidates="8303" cleared="12" />
  <references type="soft" candidates="11679" cleared="299" enqueued="295" dynamicThreshold="9" maxThreshold="32" />
  <references type="weak" candidates="13854" cleared="195" enqueued="195" />
  <references type="phantom" candidates="385" cleared="2" enqueued="2" />
  <stringconstants candidates="37007" cleared="153"  />
  <object-monitors candidates="118" cleared="13"  />
</gc-op>
<gc-op id="1570" type="classunload" timems="1.732" contextid="1558" timestamp="2025-12-12T05:37:11.457">
  <classunload-info classloadercandidates="399" classloadersunloaded="0" classesunloaded="10" anonymousclassesunloaded="10" quiescems="0.000" setupms="1.651" scanms="0.079" postms="0.001" />
</gc-op>
<gc-op id="1571" type="sweep" timems="2.786" contextid="1558" timestamp="2025-12-12T05:37:11.461" />
<heap-resize id="1572" type="expand" space="tenure" amount="7798784" count="1" timems="1.648" reason="insufficient free space following gc" timestamp="2025-12-12T05:37:11.467" />
<gc-end id="1573" type="global" contextid="1558" durationms="72.818" usertimems="61.066" systemtimems="62.805" stalltimems="390.660" timestamp="2025-12-12T05:37:11.471" activeThreads="20">
  <mem-info id="1574" free="40597904" total="99287040" percent="40">
    <mem type="nursery" free="24120408" total="44433408" percent="54">
      <mem type="allocate" free="24120408" total="33030144" percent="73" />
      <mem type="survivor" free="0" total="11403264" percent="0" />
    </mem>
    <mem type="tenure" free="16477496" total="54853632" percent="30" micro-fragmented="1190102" macro-fragmented="0">
      <mem type="soa" free="13734200" total="52110336" percent="26" />
      <mem type="loa" free="2743296" total="2743296" percent="100" />
    </mem>
    <pending-finalizers system="5" default="138" reference="492" classloader="0" />
    <remembered-set count="4409" />
  </mem-info>
</gc-end>
<cycle-end id="1575" type="global" contextid="1558" timestamp="2025-12-12T05:37:11.474" />
<exclusive-end id="1576" timestamp="2025-12-12T05:37:11.477" durationms="87.872" />

<exclusive-start id="1577" timestamp="2025-12-12T05:37:11.925" intervalms="536.213">
  <response-info timems="0.076" idlems="0.076" threads="0" lastid="0000000000873100" lastname="Default Executor-thread-5" />
</exclusive-start>
<af-start id="1578" threadId="0000000000873B78" totalBytesRequested="8384" timestamp="2025-12-12T05:37:11.926" intervalms="963.953" type="nursery" />
<cycle-start id="1579" type="scavenge" contextid="0" timestamp="2025-12-12T05:37:11.927" intervalms="962.094" />
<gc-start id="1580" type="scavenge" contextid="1579" timestamp="2025-12-12T05:37:11.928">
  <mem-info id="1581" free="16221712" total="99287040" percent="16">
    <mem type="nursery" free="0" total="44433408" percent="0">
      <mem type="allocate" free="0" total="33030144" percent="0" />
      <mem type="survivor" free="0" total="11403264" percent="0" />
    </mem>
    <mem type="tenure" free="16221712" total="54853632" percent="29">
      <mem type="soa" free="13478416" total="52110336" percent="25" />
      <mem type="loa" free="2743296" total="2743296" percent="100" />
    </mem>
    <remembered-set count="7646" />
  </mem-info>
</gc-start>
<allocation-stats totalBytes="24033568" discardedBytes="279816" >
  <allocated-bytes non-tlh="4073176" tlh="19960392" />
  <largest-consumer threadName="Default Executor-thread-5" threadId="0000000000873100" bytes="23694304" />
</allocation-stats>
<gc-op id="1582" type="scavenge" timems="11.882" contextid="1579" timestamp="2025-12-12T05:37:11.942">
  <scavenger-info tenureage="4" tenuremask="7c10" tiltratio="74" />
  <memory-copied type="nursery" objects="150220" bytes="8300568" bytesdiscarded="146448" />
  <memory-copied type="tenure" objects="10440" bytes="784736" bytesdiscarded="976" />
  <finalization candidates="80" enqueued="33" />
  <ownableSynchronizers candidates="16766" cleared="15913" />
  <references type="soft" candidates="2054" cleared="0" enqueued="0" dynamicThreshold="9" maxThreshold="32" />
  <references type="weak" candidates="2690" cleared="867" enqueued="866" />
  <references type="phantom" candidates="251" cleared="17" enqueued="17" />
  <object-monitors candidates="105" cleared="0"  />
</gc-op>
<gc-end id="1583" type="scavenge" contextid="1579" durationms="14.852" usertimems="49.576" systemtimems="5.933" stalltimems="15.046" timestamp="2025-12-12T05:37:11.943" activeThreads="6">
  <mem-info id="1584" free="39891064" total="99287040" percent="40">
    <mem type="nursery" free="24574936" total="44433408" percent="55">
      <mem type="allocate" free="24574936" total="33030144" percent="74" />
      <mem type="survivor" free="0" total="11403264" percent="0" />
    </mem>
    <mem type="tenure" free="15316128" total="54853632" percent="27">
      <mem type="soa" free="12572832" total="52110336" percent="24" />
      <mem type="loa" free="2743296" total="2743296" percent="100" />
    </mem>
    <pending-finalizers system="33" default="0" reference="883" classloader="0" />
    <remembered-set count="6610" />
  </mem-info>
</gc-end>
<cycle-end id="1585" type="scavenge" contextid="1579" timestamp="2025-12-12T05:37:11.944" />
<allocation-satisfied id="1586" threadId="0000000000873100" bytesRequested="8384" />
<af-end id="1587" timestamp="2025-12-12T05:37:11.946" threadId="0000000000873B78" success="true" from="nursery"/>
<exclusive-end id="1588" timestamp="2025-12-12T05:37:11.946" durationms="21.338" />

<exclusive-start id="1589" timestamp="2025-12-12T05:37:12.201" intervalms="276.157">
  <response-info timems="0.141" idlems="0.098" threads="2" lastid="0000000000889C00" lastname="Default Executor-thread-6" />
</exclusive-start>
<af-start id="1590" threadId="00000000014B2178" totalBytesRequested="24" timestamp="2025-12-12T05:37:12.202" intervalms="275.874" type="nursery" />
<cycle-start id="1591" type="scavenge" contextid="0" timestamp="2025-12-12T05:37:12.202" intervalms="275.583" />
<gc-start id="1592" type="scavenge" contextid="1591" timestamp="2025-12-12T05:37:12.203">
  <mem-info id="1593" free="15256008" total="99287040" percent="15">
    <mem type="nursery" free="0" total="44433408" percent="0">
      <mem type="allocate" free="0" total="33030144" percent="0" />
      <mem type="survivor" free="0" total="11403264" percent="0" />
    </mem>
    <mem type="tenure" free="15256008" total="54853632" percent="27">
      <mem type="soa" free="12512712" total="52110336" percent="24" />
      <mem type="loa" free="2743296" total="2743296" percent="100" />
    </mem>
    <remembered-set count="7854" />
  </mem-info>
</gc-start>
<allocation-stats totalBytes="24486736" discardedBytes="145520" >
  <allocated-bytes non-tlh="357104" tlh="24129632" />
  <largest-consumer threadName="Default Executor-thread-5" threadId="0000000000873100" bytes="10459544" />
</allocation-stats>
<gc-op id="1594" type="scavenge" timems="6.811" contextid="1591" timestamp="2025-12-12T05:37:12.211">
  <scavenger-info tenureage="10" tenuremask="7c00" tiltratio="74" />
  <memory-copied type="nursery" objects="185258" bytes="9950920" bytesdiscarded="144816" />
  <finalization candidates="131" enqueued="62" />
  <ownableSynchronizers candidates="1029" cleared="103" />
  <references type="soft" candidates="2184" cleared="0" enqueued="0" dynamicThreshold="9" maxThreshold="32" />
  <references type="weak" candidates="2359" cleared="389" enqueued="377" />
  <references type="phantom" candidates="312" cleared="43" enqueued="43" />
  <object-monitors candidates="111" cleared="4"  />
</gc-op>
<gc-end id="1595" type="scavenge" contextid="1591" durationms="8.493" usertimems="31.315" systemtimems="4.659" stalltimems="12.144" timestamp="2025-12-12T05:37:12.212" activeThreads="7">
  <mem-info id="1596" free="35755120" total="99287040" percent="36">
    <mem type="nursery" free="20499112" total="44433408" percent="46">
      <mem type="allocate" free="20499112" total="30605312" percent="66" />
      <mem type="survivor" free="0" total="13828096" percent="0" />
    </mem>
    <mem type="tenure" free="15256008" total="54853632" percent="27">
      <mem type="soa" free="12512712" total="52110336" percent="24" />
      <mem type="loa" free="2743296" total="2743296" percent="100" />
    </mem>
    <pending-finalizers system="20" default="42" reference="420" classloader="0" />
    <remembered-set count="7428" />
  </mem-info>
</gc-end>
<cycle-end id="1597" type="scavenge" contextid="1591" timestamp="2025-12-12T05:37:12.212" />
<allocation-satisfied id="1598" threadId="00000000014B1700" bytesRequested="24" />
<af-end id="1599" timestamp="2025-12-12T05:37:12.213" threadId="00000000014B2178" success="true" from="nursery"/>
<exclusive-end id="1600" timestamp="2025-12-12T05:37:12.214" durationms="12.929" />

<exclusive-start id="1601" timestamp="2025-12-12T05:37:12.252" intervalms="51.270">
  <response-info timems="0.061" idlems="0.041" threads="1" lastid="0000000000889C00" lastname="Default Executor-thread-6" />
</exclusive-start>
<af-start id="1602" threadId="00000000014B2178" totalBytesRequested="40" timestamp="2025-12-12T05:37:12.253" intervalms="51.152" type="nursery" />
<cycle-start id="1603" type="scavenge" contextid="0" timestamp="2025-12-12T05:37:12.253" intervalms="51.073" />
<gc-start id="1604" type="scavenge" contextid="1603" timestamp="2025-12-12T05:37:12.254">
  <mem-info id="1605" free="15255216" total="99287040" percent="15">
    <mem type="nursery" free="0" total="44433408" percent="0">
      <mem type="allocate" free="0" total="30605312" percent="0" />
      <mem type="survivor" free="0" total="13828096" percent="0" />
    </mem>
    <mem type="tenure" free="15255216" total="54853632" percent="27">
      <mem type="soa" free="12511920" total="52110336" percent="24" />
      <mem type="loa" free="2743296" total="2743296" percent="100" />
    </mem>
    <remembered-set count="7545" />
  </mem-info>
</gc-start>
<allocation-stats totalBytes="20484224" discardedBytes="15680" >
  <allocated-bytes non-tlh="287232" tlh="20196992" />
  <largest-consumer threadName="ClassloaderMapProcessingThread-9" threadId="00000000014B1700" bytes="5675688" />
</allocation-stats>
<gc-op id="1606" type="scavenge" timems="8.732" contextid="1603" timestamp="2025-12-12T05:37:12.264">
  <scavenger-info tenureage="4" tenuremask="7e10" tiltratio="68" />
  <memory-copied type="nursery" objects="128346" bytes="8943760" bytesdiscarded="168792" />
  <memory-copied type="tenure" objects="68055" bytes="2846968" bytesdiscarded="1000" />
  <finalization candidates="416" enqueued="346" />
  <ownableSynchronizers candidates="995" cleared="47" />
  <references type="soft" candidates="1599" cleared="0" enqueued="0" dynamicThreshold="9" maxThreshold="32" />
  <references type="weak" candidates="1690" cleared="29" enqueued="29" />
  <references type="phantom" candidates="272" cleared="0" enqueued="0" />
  <object-monitors candidates="107" cleared="0"  />
</gc-op>
<heap-resize id="1607" type="expand" space="nursery" amount="4456448" count="1" timems="0.099" reason="excessive time being spent scavenging" timestamp="2025-12-12T05:37:12.265" />
<gc-end id="1608" type="scavenge" contextid="1603" durationms="11.379" usertimems="39.399" systemtimems="5.491" stalltimems="23.077" timestamp="2025-12-12T05:37:12.266" activeThreads="8">
  <mem-info id="1609" free="37035632" total="103743488" percent="35">
    <mem type="nursery" free="24893944" total="48889856" percent="50">
      <mem type="allocate" free="24893944" total="34013184" percent="73" />
      <mem type="survivor" free="0" total="14876672" percent="0" />
    </mem>
    <mem type="tenure" free="12141688" total="54853632" percent="22">
      <mem type="soa" free="9398392" total="52110336" percent="18" />
      <mem type="loa" free="2743296" total="2743296" percent="100" />
    </mem>
    <pending-finalizers system="0" default="346" reference="29" classloader="0" />
    <remembered-set count="4217" />
  </mem-info>
</gc-end>
<cycle-end id="1610" type="scavenge" contextid="1603" timestamp="2025-12-12T05:37:12.266" />
<allocation-satisfied id="1611" threadId="00000000014B1700" bytesRequested="40" />
<af-end id="1612" timestamp="2025-12-12T05:37:12.267" threadId="00000000014B2178" success="true" from="nursery"/>
<exclusive-end id="1613" timestamp="2025-12-12T05:37:12.268" durationms="15.417" />

<exclusive-start id="1614" timestamp="2025-12-12T05:37:12.299" intervalms="46.432">
  <response-info timems="0.129" idlems="0.105" threads="1" lastid="0000000000889C00" lastname="Default Executor-thread-6" />
</exclusive-start>
<af-start id="1615" threadId="0000000000873B78" totalBytesRequested="24" timestamp="2025-12-12T05:37:12.299" intervalms="46.547" type="nursery" />
<cycle-start id="1616" type="scavenge" contextid="0" timestamp="2025-12-12T05:37:12.300" intervalms="46.915" />
<gc-start id="1617" type="scavenge" contextid="1616" timestamp="2025-12-12T05:37:12.301">
  <mem-info id="1618" free="12137888" total="103743488" percent="11">
    <mem type="nursery" free="0" total="48889856" percent="0">
      <mem type="allocate" free="0" total="34013184" percent="0" />
      <mem type="survivor" free="0" total="14876672" percent="0" />
    </mem>
    <mem type="tenure" free="12137888" total="54853632" percent="22">
      <mem type="soa" free="9394592" total="52110336" percent="18" />
      <mem type="loa" free="2743296" total="2743296" percent="100" />
    </mem>
    <remembered-set count="4386" />
  </mem-info>
</gc-start>
<allocation-stats totalBytes="24812880" discardedBytes="84864" >
  <allocated-bytes non-tlh="318976" tlh="24493904" />
  <largest-consumer threadName="Default Executor-thread-2" threadId="000000000085BA00" bytes="6099384" />
</allocation-stats>
<gc-op id="1619" type="scavenge" timems="8.399" contextid="1616" timestamp="2025-12-12T05:37:12.311">
  <scavenger-info tenureage="4" tenuremask="7e10" tiltratio="69" />
  <memory-copied type="nursery" objects="112863" bytes="9816176" bytesdiscarded="185008" />
  <memory-copied type="tenure" objects="25391" bytes="1059104" bytesdiscarded="1200" />
  <finalization candidates="562" enqueued="521" />
  <ownableSynchronizers candidates="513" cleared="15" />
  <references type="soft" candidates="1599" cleared="0" enqueued="0" dynamicThreshold="9" maxThreshold="32" />
  <references type="weak" candidates="1703" cleared="26" enqueued="26" />
  <references type="phantom" candidates="286" cleared="8" enqueued="8" />
  <object-monitors candidates="107" cleared="0"  />
</gc-op>
<heap-resize id="1620" type="expand" space="nursery" amount="5242880" count="1" timems="0.092" reason="excessive time being spent scavenging" timestamp="2025-12-12T05:37:12.311" />
<gc-end id="1621" type="scavenge" contextid="1616" durationms="10.794" usertimems="35.792" systemtimems="5.472" stalltimems="18.907" timestamp="2025-12-12T05:37:12.312" activeThreads="8">
  <mem-info id="1622" free="40308912" total="108986368" percent="36">
    <mem type="nursery" free="29379048" total="54132736" percent="54">
      <mem type="allocate" free="29379048" total="39387136" percent="74" />
      <mem type="survivor" free="0" total="14745600" percent="0" />
    </mem>
    <mem type="tenure" free="10929864" total="54853632" percent="19">
      <mem type="soa" free="8186568" total="52110336" percent="15" />
      <mem type="loa" free="2743296" total="2743296" percent="100" />
    </mem>
    <pending-finalizers system="0" default="521" reference="34" classloader="0" />
    <remembered-set count="3751" />
  </mem-info>
</gc-end>
<cycle-end id="1623" type="scavenge" contextid="1616" timestamp="2025-12-12T05:37:12.312" />
<allocation-satisfied id="1624" threadId="0000000000873100" bytesRequested="24" />
<af-end id="1625" timestamp="2025-12-12T05:37:12.314" threadId="0000000000873B78" success="true" from="nursery"/>
<exclusive-end id="1626" timestamp="2025-12-12T05:37:12.314" durationms="15.395" />

<exclusive-start id="1627" timestamp="2025-12-12T05:37:12.344" intervalms="44.829">
  <response-info timems="0.062" idlems="0.049" threads="1" lastid="0000000000873100" lastname="Default Executor-thread-5" />
</exclusive-start>
<af-start id="1628" threadId="000000000086FE78" totalBytesRequested="8208" timestamp="2025-12-12T05:37:12.344" intervalms="44.802" type="nursery" />
<cycle-start id="1629" type="scavenge" contextid="0" timestamp="2025-12-12T05:37:12.345" intervalms="44.510" />
<gc-start id="1630" type="scavenge" contextid="1629" timestamp="2025-12-12T05:37:12.346">
  <mem-info id="1631" free="10929736" total="108986368" percent="10">
    <mem type="nursery" free="0" total="54132736" percent="0">
      <mem type="allocate" free="0" total="39387136" percent="0" />
      <mem type="survivor" free="0" total="14745600" percent="0" />
    </mem>
    <mem type="tenure" free="10929736" total="54853632" percent="19">
      <mem type="soa" free="8186440" total="52110336" percent="15" />
      <mem type="loa" free="2743296" total="2743296" percent="100" />
    </mem>
    <remembered-set count="3811" />
  </mem-info>
</gc-start>
<allocation-stats totalBytes="29286288" discardedBytes="92888" >
  <allocated-bytes non-tlh="482168" tlh="28804120" />
  <largest-consumer threadName="Default Executor-thread-2" threadId="000000000085BA00" bytes="8103904" />
</allocation-stats>
<gc-op id="1632" type="scavenge" timems="6.688" contextid="1629" timestamp="2025-12-12T05:37:12.353">
  <scavenger-info tenureage="7" tenuremask="7e80" tiltratio="72" />
  <memory-copied type="nursery" objects="117304" bytes="9961128" bytesdiscarded="145608" />
  <memory-copied type="tenure" objects="23533" bytes="958216" bytesdiscarded="96" />
  <finalization candidates="577" enqueued="550" />
  <ownableSynchronizers candidates="496" cleared="0" />
  <references type="soft" candidates="960" cleared="0" enqueued="0" dynamicThreshold="9" maxThreshold="32" />
  <references type="weak" candidates="1290" cleared="5" enqueued="5" />
  <references type="phantom" candidates="255" cleared="0" enqueued="0" />
  <object-monitors candidates="107" cleared="0"  />
</gc-op>
<heap-resize id="1633" type="expand" space="nursery" amount="5111808" count="1" timems="0.042" reason="excessive time being spent scavenging" timestamp="2025-12-12T05:37:12.354" />
<gc-end id="1634" type="scavenge" contextid="1629" durationms="8.983" usertimems="28.776" systemtimems="5.052" stalltimems="18.981" timestamp="2025-12-12T05:37:12.355" activeThreads="8">
  <mem-info id="1635" free="44823128" total="114098176" percent="39">
    <mem type="nursery" free="35239392" total="59244544" percent="59">
      <mem type="allocate" free="35239392" total="45350912" percent="77" />
      <mem type="survivor" free="0" total="13893632" percent="0" />
    </mem>
    <mem type="tenure" free="9583736" total="54853632" percent="17">
      <mem type="soa" free="6840440" total="52110336" percent="13" />
      <mem type="loa" free="2743296" total="2743296" percent="100" />
    </mem>
    <pending-finalizers system="0" default="550" reference="5" classloader="0" />
    <remembered-set count="2194" />
  </mem-info>
</gc-end>
<cycle-end id="1636" type="scavenge" contextid="1629" timestamp="2025-12-12T05:37:12.355" />
<allocation-satisfied id="1637" threadId="000000000086F400" bytesRequested="8208" />
<af-end id="1638" timestamp="2025-12-12T05:37:12.356" threadId="000000000086FE78" success="true" from="nursery"/>
<exclusive-end id="1639" timestamp="2025-12-12T05:37:12.357" durationms="13.157" />

<exclusive-start id="1640" timestamp="2025-12-12T05:37:12.386" intervalms="42.127">
  <response-info timems="0.072" idlems="0.066" threads="1" lastid="0000000000889C00" lastname="Default Executor-thread-6" />
</exclusive-start>
<af-start id="1641" threadId="000000000086FE78" totalBytesRequested="11064" timestamp="2025-12-12T05:37:12.386" intervalms="42.084" type="nursery" />
<cycle-start id="1642" type="scavenge" contextid="0" timestamp="2025-12-12T05:37:12.387" intervalms="41.940" />
<gc-start id="1643" type="scavenge" contextid="1642" timestamp="2025-12-12T05:37:12.387">
  <mem-info id="1644" free="9583736" total="114098176" percent="8">
    <mem type="nursery" free="0" total="59244544" percent="0">
      <mem type="allocate" free="0" total="45350912" percent="0" />
      <mem type="survivor" free="0" total="13893632" percent="0" />
    </mem>
    <mem type="tenure" free="9583736" total="54853632" percent="17">
      <mem type="soa" free="6840440" total="52110336" percent="13" />
      <mem type="loa" free="2743296" total="2743296" percent="100" />
    </mem>
    <remembered-set count="2318" />
  </mem-info>
</gc-start>
<allocation-stats totalBytes="35161160" discardedBytes="78232" >
  <allocated-bytes non-tlh="8208" tlh="35152952" />
  <largest-consumer threadName="Default Executor-thread-4" threadId="000000000086F400" bytes="8107336" />
</allocation-stats>
<gc-op id="1645" type="scavenge" timems="9.664" contextid="1642" timestamp="2025-12-12T05:37:12.398">
  <scavenger-info tenureage="4" tenuremask="7e10" tiltratio="76" />
  <memory-copied type="nursery" objects="92597" bytes="9720664" bytesdiscarded="395872" />
  <memory-copied type="tenure" objects="33404" bytes="1724848" bytesdiscarded="312" />
  <finalization candidates="617" enqueued="593" />
  <ownableSynchronizers candidates="339" cleared="0" />
  <references type="soft" candidates="830" cleared="0" enqueued="0" dynamicThreshold="9" maxThreshold="32" />
  <references type="weak" candidates="1143" cleared="7" enqueued="7" />
  <references type="phantom" candidates="187" cleared="0" enqueued="0" />
  <object-monitors candidates="107" cleared="0"  />
</gc-op>
<heap-resize id="1646" type="expand" space="nursery" amount="7077888" count="1" timems="0.052" reason="excessive time being spent scavenging" timestamp="2025-12-12T05:37:12.399" />
<gc-end id="1647" type="scavenge" contextid="1642" durationms="11.599" usertimems="35.283" systemtimems="8.678" stalltimems="17.362" timestamp="2025-12-12T05:37:12.399" activeThreads="8">
  <mem-info id="1648" free="49510472" total="121176064" percent="40">
    <mem type="nursery" free="42044472" total="66322432" percent="63">
      <mem type="allocate" free="42044472" total="52166656" percent="80" />
      <mem type="survivor" free="0" total="14155776" percent="0" />
    </mem>
    <mem type="tenure" free="7466000" total="54853632" percent="13">
      <mem type="soa" free="4722704" total="52110336" percent="9" />
      <mem type="loa" free="2743296" total="2743296" percent="100" />
    </mem>
    <pending-finalizers system="0" default="593" reference="7" classloader="0" />
    <remembered-set count="5463" />
  </mem-info>
</gc-end>
<cycle-end id="1649" type="scavenge" contextid="1642" timestamp="2025-12-12T05:37:12.400" />
<allocation-satisfied id="1650" threadId="000000000086F400" bytesRequested="11064" />
<af-end id="1651" timestamp="2025-12-12T05:37:12.401" threadId="000000000086FE78" success="true" from="nursery"/>
<exclusive-end id="1652" timestamp="2025-12-12T05:37:12.401" durationms="15.413" />

<concurrent-kickoff id="1653" timestamp="2025-12-12T05:37:12.433">
  <kickoff reason="threshold reached" targetBytes="26793335" thresholdFreeBytes="3716151"  remainingFree="3353152" tenureFreeBytes="7466000" nurseryFreeBytes="3353152" />
</concurrent-kickoff>
<exclusive-start id="1654" timestamp="2025-12-12T05:37:12.434" intervalms="48.348">
  <response-info timems="0.065" idlems="0.025" threads="2" lastid="0000000000873100" lastname="Default Executor-thread-5" />
</exclusive-start>
<cycle-start id="1655" type="global" contextid="0" timestamp="2025-12-12T05:37:12.435" intervalms="1185.388" />
<concurrent-start id="1656" type="global mark" contextid="1655" timestamp="2025-12-12T05:37:12.435">
</concurrent-start>
<exclusive-end id="1657" timestamp="2025-12-12T05:37:12.435" durationms="1.179" />

<exclusive-start id="1658" timestamp="2025-12-12T05:37:12.441" intervalms="6.721">
  <response-info timems="0.158" idlems="0.096" threads="2" lastid="0000000000029600" lastname="JIT Compilation Thread-000" />
</exclusive-start>
<af-start id="1659" threadId="000000000088A678" totalBytesRequested="8200" timestamp="2025-12-12T05:37:12.444" intervalms="57.527" type="nursery" />
<cycle-start id="1660" type="scavenge" contextid="0" timestamp="2025-12-12T05:37:12.445" intervalms="57.932" />
<gc-start id="1661" type="scavenge" contextid="1660" timestamp="2025-12-12T05:37:12.445">
  <mem-info id="1662" free="7466000" total="121176064" percent="6">
    <mem type="nursery" free="0" total="66322432" percent="0">
      <mem type="allocate" free="0" total="52166656" percent="0" />
      <mem type="survivor" free="0" total="14155776" percent="0" />
    </mem>
    <mem type="tenure" free="7466000" total="54853632" percent="13">
      <mem type="soa" free="4722704" total="52110336" percent="9" />
      <mem type="loa" free="2743296" total="2743296" percent="100" />
    </mem>
    <remembered-set count="5523" />
  </mem-info>
</gc-start>
<allocation-stats totalBytes="41958776" discardedBytes="85696" >
  <allocated-bytes non-tlh="503696" tlh="41455080" />
  <largest-consumer threadName="Default Executor-thread-4" threadId="000000000086F400" bytes="10561944" />
</allocation-stats>
<gc-op id="1663" type="scavenge" timems="5.692" contextid="1660" timestamp="2025-12-12T05:37:12.452">
  <scavenger-info tenureage="9" tenuremask="7e00" tiltratio="78" />
  <memory-copied type="nursery" objects="98812" bytes="10738368" bytesdiscarded="445384" />
  <finalization candidates="791" enqueued="787" />
  <ownableSynchronizers candidates="220" cleared="0" />
  <references type="soft" candidates="830" cleared="0" enqueued="0" dynamicThreshold="9" maxThreshold="32" />
  <references type="weak" candidates="1186" cleared="48" enqueued="48" />
  <references type="phantom" candidates="202" cleared="12" enqueued="12" />
  <object-monitors candidates="107" cleared="0"  />
</gc-op>
<heap-resize id="1664" type="expand" space="nursery" amount="4194304" count="1" timems="0.118" reason="excessive time being spent scavenging" timestamp="2025-12-12T05:37:12.453" />
<gc-end id="1665" type="scavenge" contextid="1660" durationms="8.176" usertimems="25.531" systemtimems="5.924" stalltimems="25.590" timestamp="2025-12-12T05:37:12.454" activeThreads="10">
  <mem-info id="1666" free="51656280" total="125370368" percent="41">
    <mem type="nursery" free="44190280" total="70516736" percent="62">
      <mem type="allocate" free="44190280" total="55377920" percent="79" />
      <mem type="survivor" free="0" total="15138816" percent="0" />
    </mem>
    <mem type="tenure" free="7466000" total="54853632" percent="13">
      <mem type="soa" free="4722704" total="52110336" percent="9" />
      <mem type="loa" free="2743296" total="2743296" percent="100" />
    </mem>
    <pending-finalizers system="0" default="787" reference="60" classloader="0" />
    <remembered-set count="5459" />
  </mem-info>
</gc-end>
<cycle-end id="1667" type="scavenge" contextid="1660" timestamp="2025-12-12T05:37:12.454" />
<allocation-satisfied id="1668" threadId="0000000000889C00" bytesRequested="8200" />
<af-end id="1669" timestamp="2025-12-12T05:37:12.464" threadId="000000000088A678" success="true" from="nursery"/>
<exclusive-end id="1670" timestamp="2025-12-12T05:37:12.465" durationms="23.854" />

<concurrent-end id="1671" type="global mark" contextid="1655" timestamp="2025-12-12T05:37:12.482">
<gc-op id="1672" type="trace" timems="47.050" contextid="1655" timestamp="2025-12-12T05:37:12.482">
  <trace bytesTraced="29643000" workStackOverflowCount="0" />
  <card-cleaning reason="card cleaning threshold reached" bytesTraced="25132" cardsCleaned="59" />
</gc-op>
</concurrent-end>

<exclusive-start id="1673" timestamp="2025-12-12T05:37:12.483" intervalms="42.381">
  <response-info timems="0.067" idlems="0.056" threads="1" lastid="0000000000873100" lastname="Default Executor-thread-5" />
</exclusive-start>
<concurrent-global-final id="1674" timestamp="2025-12-12T05:37:12.484" contextid="1655" intervalms="1091.089" >
  <concurrent-trace-info reason="card cleaning threshold reached" tracedByMutators="23478484" tracedByHelpers="6189648" cardsCleaned="59" workStackOverflowCount="0" />
</concurrent-global-final>
<gc-start id="1675" type="global" contextid="1655" timestamp="2025-12-12T05:37:12.484">
  <mem-info id="1676" free="44418240" total="125370368" percent="35">
    <mem type="nursery" free="36952240" total="70516736" percent="52">
      <mem type="allocate" free="36952240" total="55377920" percent="66" />
      <mem type="survivor" free="0" total="15138816" percent="0" />
    </mem>
    <mem type="tenure" free="7466000" total="54853632" percent="13">
      <mem type="soa" free="4722704" total="52110336" percent="9" />
      <mem type="loa" free="2743296" total="2743296" percent="100" />
    </mem>
    <remembered-set count="5480" />
  </mem-info>
</gc-start>
<allocation-stats totalBytes="7201344" discardedBytes="36696" >
  <allocated-bytes non-tlh="70040" tlh="7131304" />
  <largest-consumer threadName="Default Executor-thread-2" threadId="000000000085BA00" bytes="1748792" />
</allocation-stats>
<gc-op id="1677" type="rs-scan" timems="3.039" contextid="1655" timestamp="2025-12-12T05:37:12.489">
  <scan objectsFound="46124" bytesTraced="1979212" workStackOverflowCount="0" />
</gc-op>
<gc-op id="1678" type="card-cleaning" timems="1.504" contextid="1655" timestamp="2025-12-12T05:37:12.491">
  <card-cleaning cardsCleaned="36" bytesTraced="667148" workStackOverflowCount="0" />
</gc-op>
<gc-op id="1679" type="mark" timems="17.773" contextid="1655" timestamp="2025-12-12T05:37:12.509">
  <trace-info objectcount="25718" scancount="22626" scanbytes="1117968" />
  <finalization candidates="923" enqueued="124" />
  <ownableSynchronizers candidates="8609" cleared="3" />
  <references type="soft" candidates="12191" cleared="0" enqueued="0" dynamicThreshold="9" maxThreshold="32" />
  <references type="weak" candidates="14864" cleared="2" enqueued="2" />
  <references type="phantom" candidates="423" cleared="0" enqueued="0" />
  <stringconstants candidates="38448" cleared="173"  />
  <object-monitors candidates="107" cleared="1"  />
</gc-op>
<gc-op id="1680" type="classunload" timems="1.253" contextid="1655" timestamp="2025-12-12T05:37:12.511">
  <classunload-info classloadercandidates="414" classloadersunloaded="1" classesunloaded="1" anonymousclassesunloaded="0" quiescems="0.000" setupms="1.229" scanms="0.011" postms="0.012" />
</gc-op>
<gc-op id="1681" type="sweep" timems="2.187" contextid="1655" timestamp="2025-12-12T05:37:12.514" />
<heap-resize id="1682" type="expand" space="tenure" amount="9961472" count="1" timems="1.276" reason="insufficient free space following gc" timestamp="2025-12-12T05:37:12.516" />
<gc-end id="1683" type="global" contextid="1655" durationms="31.810" usertimems="53.113" systemtimems="41.380" stalltimems="308.658" timestamp="2025-12-12T05:37:12.516" activeThreads="20">
  <mem-info id="1684" free="67643584" total="135331840" percent="49">
    <mem type="nursery" free="48159400" total="70516736" percent="68">
      <mem type="allocate" free="48159400" total="55377920" percent="86" />
      <mem type="survivor" free="0" total="15138816" percent="0" />
    </mem>
    <mem type="tenure" free="19484184" total="64815104" percent="30" micro-fragmented="1504387" macro-fragmented="0">
      <mem type="soa" free="16243224" total="61574144" percent="26" />
      <mem type="loa" free="3240960" total="3240960" percent="100" />
    </mem>
    <pending-finalizers system="0" default="124" reference="2" classloader="0" />
    <remembered-set count="5422" />
  </mem-info>
</gc-end>
<cycle-end id="1685" type="global" contextid="1655" timestamp="2025-12-12T05:37:12.517" />
<exclusive-end id="1686" timestamp="2025-12-12T05:37:12.518" durationms="34.687" />

<exclusive-start id="1687" timestamp="2025-12-12T05:37:12.560" intervalms="76.861">
  <response-info timems="0.046" idlems="0.032" threads="1" lastid="000000000085F600" lastname="Default Executor-thread-3" />
</exclusive-start>
<af-start id="1688" threadId="000000000085C478" totalBytesRequested="4400" timestamp="2025-12-12T05:37:12.561" intervalms="116.942" type="nursery" />
<cycle-start id="1689" type="scavenge" contextid="0" timestamp="2025-12-12T05:37:12.561" intervalms="116.570" />
<gc-start id="1690" type="scavenge" contextid="1689" timestamp="2025-12-12T05:37:12.562">
  <mem-info id="1691" free="19461560" total="135331840" percent="14">
    <mem type="nursery" free="0" total="70516736" percent="0">
      <mem type="allocate" free="0" total="55377920" percent="0" />
      <mem type="survivor" free="0" total="15138816" percent="0" />
    </mem>
    <mem type="tenure" free="19461560" total="64815104" percent="30">
      <mem type="soa" free="16220600" total="61574144" percent="26" />
      <mem type="loa" free="3240960" total="3240960" percent="100" />
    </mem>
    <remembered-set count="5759" />
  </mem-info>
</gc-start>
<allocation-stats totalBytes="48071544" discardedBytes="89000" >
  <allocated-bytes non-tlh="2066200" tlh="46005344" />
  <largest-consumer threadName="Default Executor-thread-5" threadId="0000000000873100" bytes="13770704" />
</allocation-stats>
<gc-op id="1692" type="scavenge" timems="8.128" contextid="1689" timestamp="2025-12-12T05:37:12.571">
  <scavenger-info tenureage="5" tenuremask="7e20" tiltratio="78" />
  <memory-copied type="nursery" objects="90905" bytes="12150872" bytesdiscarded="330568" />
  <memory-copied type="tenure" objects="10248" bytes="1064640" bytesdiscarded="4608" />
  <finalization candidates="1498" enqueued="1495" />
  <ownableSynchronizers candidates="16995" cleared="16777" />
  <references type="soft" candidates="830" cleared="0" enqueued="0" dynamicThreshold="9" maxThreshold="32" />
  <references type="weak" candidates="1207" cleared="93" enqueued="93" />
  <references type="phantom" candidates="186" cleared="10" enqueued="10" />
  <object-monitors candidates="106" cleared="0"  />
</gc-op>
<gc-end id="1693" type="scavenge" contextid="1689" durationms="9.834" usertimems="27.015" systemtimems="16.757" stalltimems="20.035" timestamp="2025-12-12T05:37:12.572" activeThreads="9">
  <mem-info id="1694" free="59930392" total="135331840" percent="44">
    <mem type="nursery" free="41711344" total="70516736" percent="59">
      <mem type="allocate" free="41711344" total="54198272" percent="76" />
      <mem type="survivor" free="0" total="16318464" percent="0" />
    </mem>
    <mem type="tenure" free="18219048" total="64815104" percent="28">
      <mem type="soa" free="14978088" total="61574144" percent="24" />
      <mem type="loa" free="3240960" total="3240960" percent="100" />
    </mem>
    <pending-finalizers system="6" default="1489" reference="103" classloader="0" />
    <remembered-set count="6056" />
  </mem-info>
</gc-end>
<cycle-end id="1695" type="scavenge" contextid="1689" timestamp="2025-12-12T05:37:12.572" />
<allocation-satisfied id="1696" threadId="000000000085BA00" bytesRequested="4400" />
<af-end id="1697" timestamp="2025-12-12T05:37:12.574" threadId="000000000085C478" success="true" from="nursery"/>
<exclusive-end id="1698" timestamp="2025-12-12T05:37:12.574" durationms="14.087" />

<exclusive-start id="1699" timestamp="2025-12-12T05:37:12.631" intervalms="70.845">
  <response-info timems="0.075" idlems="0.075" threads="0" lastid="0000000000873100" lastname="Default Executor-thread-5" />
</exclusive-start>
<af-start id="1700" threadId="0000000000873B78" totalBytesRequested="72" timestamp="2025-12-12T05:37:12.631" intervalms="70.677" type="nursery" />
<cycle-start id="1701" type="scavenge" contextid="0" timestamp="2025-12-12T05:37:12.632" intervalms="70.793" />
<gc-start id="1702" type="scavenge" contextid="1701" timestamp="2025-12-12T05:37:12.633">
  <mem-info id="1703" free="18190632" total="135331840" percent="13">
    <mem type="nursery" free="0" total="70516736" percent="0">
      <mem type="allocate" free="0" total="54198272" percent="0" />
      <mem type="survivor" free="0" total="16318464" percent="0" />
    </mem>
    <mem type="tenure" free="18190632" total="64815104" percent="28">
      <mem type="soa" free="14949672" total="61574144" percent="24" />
      <mem type="loa" free="3240960" total="3240960" percent="100" />
    </mem>
    <remembered-set count="7043" />
  </mem-info>
</gc-start>
<allocation-stats totalBytes="41724272" discardedBytes="15488" >
  <allocated-bytes non-tlh="32816" tlh="41691456" />
  <largest-consumer threadName="Default Executor-thread-5" threadId="0000000000873100" bytes="15922120" />
</allocation-stats>
<gc-op id="1704" type="scavenge" timems="6.945" contextid="1701" timestamp="2025-12-12T05:37:12.641">
  <scavenger-info tenureage="9" tenuremask="7e00" tiltratio="76" />
  <memory-copied type="nursery" objects="120611" bytes="12530368" bytesdiscarded="222944" />
  <finalization candidates="916" enqueued="916" />
  <ownableSynchronizers candidates="225" cleared="26" />
  <references type="soft" candidates="860" cleared="0" enqueued="0" dynamicThreshold="9" maxThreshold="32" />
  <references type="weak" candidates="1374" cleared="199" enqueued="199" />
  <references type="phantom" candidates="210" cleared="19" enqueued="19" />
  <object-monitors candidates="106" cleared="0"  />
</gc-op>
<heap-resize id="1705" type="expand" space="nursery" amount="5242880" count="1" timems="0.048" reason="excessive time being spent scavenging" timestamp="2025-12-12T05:37:12.642" />
<gc-end id="1706" type="scavenge" contextid="1701" durationms="9.369" usertimems="33.166" systemtimems="6.597" stalltimems="30.248" timestamp="2025-12-12T05:37:12.642" activeThreads="10">
  <mem-info id="1707" free="63892288" total="140574720" percent="45">
    <mem type="nursery" free="45701656" total="75759616" percent="60">
      <mem type="allocate" free="45701656" total="58458112" percent="78" />
      <mem type="survivor" free="0" total="17301504" percent="0" />
    </mem>
    <mem type="tenure" free="18190632" total="64815104" percent="28">
      <mem type="soa" free="14949672" total="61574144" percent="24" />
      <mem type="loa" free="3240960" total="3240960" percent="100" />
    </mem>
    <pending-finalizers system="33" default="883" reference="218" classloader="0" />
    <remembered-set count="6698" />
  </mem-info>
</gc-end>
<cycle-end id="1708" type="scavenge" contextid="1701" timestamp="2025-12-12T05:37:12.643" />
<allocation-satisfied id="1709" threadId="0000000000873100" bytesRequested="72" />
<af-end id="1710" timestamp="2025-12-12T05:37:12.644" threadId="0000000000873B78" success="true" from="nursery"/>
<exclusive-end id="1711" timestamp="2025-12-12T05:37:12.645" durationms="13.871" />

<exclusive-start id="1712" timestamp="2025-12-12T05:37:12.694" intervalms="63.136">
  <response-info timems="0.075" idlems="0.075" threads="0" lastid="000000000086F400" lastname="Default Executor-thread-4" />
</exclusive-start>
<af-start id="1713" threadId="000000000086FE78" totalBytesRequested="22312" timestamp="2025-12-12T05:37:12.695" intervalms="63.119" type="nursery" />
<cycle-start id="1714" type="scavenge" contextid="0" timestamp="2025-12-12T05:37:12.695" intervalms="62.979" />
<gc-start id="1715" type="scavenge" contextid="1714" timestamp="2025-12-12T05:37:12.696">
  <mem-info id="1716" free="18179576" total="140574720" percent="12">
    <mem type="nursery" free="0" total="75759616" percent="0">
      <mem type="allocate" free="0" total="58458112" percent="0" />
      <mem type="survivor" free="0" total="17301504" percent="0" />
    </mem>
    <mem type="tenure" free="18179576" total="64815104" percent="28">
      <mem type="soa" free="14938616" total="61574144" percent="24" />
      <mem type="loa" free="3240960" total="3240960" percent="100" />
    </mem>
    <remembered-set count="7269" />
  </mem-info>
</gc-start>
<allocation-stats totalBytes="45688320" discardedBytes="24392" >
  <allocated-bytes non-tlh="11128" tlh="45677192" />
  <largest-consumer threadName="Default Executor-thread-2" threadId="000000000085BA00" bytes="15529704" />
</allocation-stats>
<gc-op id="1717" type="scavenge" timems="9.256" contextid="1714" timestamp="2025-12-12T05:37:12.706">
  <scavenger-info tenureage="9" tenuremask="7e00" tiltratio="77" />
  <memory-copied type="nursery" objects="139033" bytes="11498856" bytesdiscarded="336032" />
  <memory-copied type="tenure" objects="26198" bytes="1711944" bytesdiscarded="864" />
  <finalization candidates="747" enqueued="746" />
  <ownableSynchronizers candidates="238" cleared="23" />
  <references type="soft" candidates="116" cleared="0" enqueued="0" dynamicThreshold="9" maxThreshold="32" />
  <references type="weak" candidates="262" cleared="124" enqueued="119" />
  <references type="phantom" candidates="176" cleared="25" enqueued="25" />
  <object-monitors candidates="106" cleared="0"  />
</gc-op>
<heap-resize id="1718" type="expand" space="nursery" amount="5898240" count="1" timems="0.040" reason="excessive time being spent scavenging" timestamp="2025-12-12T05:37:12.707" />
<gc-end id="1719" type="scavenge" contextid="1714" durationms="11.446" usertimems="41.067" systemtimems="9.890" stalltimems="22.999" timestamp="2025-12-12T05:37:12.707" activeThreads="9">
  <mem-info id="1720" free="68796648" total="146472960" percent="46">
    <mem type="nursery" free="52584520" total="81657856" percent="64">
      <mem type="allocate" free="52584520" total="64421888" percent="81" />
      <mem type="survivor" free="0" total="17235968" percent="0" />
    </mem>
    <mem type="tenure" free="16212128" total="64815104" percent="25">
      <mem type="soa" free="12971168" total="61574144" percent="21" />
      <mem type="loa" free="3240960" total="3240960" percent="100" />
    </mem>
    <pending-finalizers system="35" default="711" reference="144" classloader="0" />
    <remembered-set count="5627" />
  </mem-info>
</gc-end>
<cycle-end id="1721" type="scavenge" contextid="1714" timestamp="2025-12-12T05:37:12.708" />
<allocation-satisfied id="1722" threadId="000000000086F400" bytesRequested="22312" />
<af-end id="1723" timestamp="2025-12-12T05:37:12.709" threadId="000000000086FE78" success="true" from="nursery"/>
<exclusive-end id="1724" timestamp="2025-12-12T05:37:12.709" durationms="15.273" />

<exclusive-start id="1725" timestamp="2025-12-12T05:37:12.765" intervalms="70.791">
  <response-info timems="0.325" idlems="0.309" threads="1" lastid="000000000086F400" lastname="Default Executor-thread-4" />
</exclusive-start>
<af-start id="1726" threadId="000000000085C478" totalBytesRequested="1376" timestamp="2025-12-12T05:37:12.765" intervalms="70.807" type="nursery" />
<cycle-start id="1727" type="scavenge" contextid="0" timestamp="2025-12-12T05:37:12.766" intervalms="70.914" />
<gc-start id="1728" type="scavenge" contextid="1727" timestamp="2025-12-12T05:37:12.767">
  <mem-info id="1729" free="16208768" total="146472960" percent="11">
    <mem type="nursery" free="0" total="81657856" percent="0">
      <mem type="allocate" free="0" total="64421888" percent="0" />
      <mem type="survivor" free="0" total="17235968" percent="0" />
    </mem>
    <mem type="tenure" free="16208768" total="64815104" percent="25">
      <mem type="soa" free="12967808" total="61574144" percent="21" />
      <mem type="loa" free="3240960" total="3240960" percent="100" />
    </mem>
    <remembered-set count="5804" />
  </mem-info>
</gc-start>
<allocation-stats totalBytes="52540072" discardedBytes="47808" >
  <allocated-bytes non-tlh="60296" tlh="52479776" />
  <largest-consumer threadName="Default Executor-thread-5" threadId="0000000000873100" bytes="17801872" />
</allocation-stats>
<gc-op id="1730" type="scavenge" timems="6.873" contextid="1727" timestamp="2025-12-12T05:37:12.775">
  <scavenger-info tenureage="9" tenuremask="7e00" tiltratio="78" />
  <memory-copied type="nursery" objects="178433" bytes="16764824" bytesdiscarded="467080" />
  <memory-copied type="tenure" objects="560" bytes="568696" bytesdiscarded="4016" />
  <copy-failed type="nursery" objects="560" bytes="568800" />
  <finalization candidates="1054" enqueued="1053" />
  <ownableSynchronizers candidates="49" cleared="1" />
  <references type="soft" candidates="119" cleared="0" enqueued="0" dynamicThreshold="9" maxThreshold="32" />
  <references type="weak" candidates="240" cleared="84" enqueued="83" />
  <references type="phantom" candidates="167" cleared="0" enqueued="0" />
  <object-monitors candidates="106" cleared="0"  />
</gc-op>
<heap-resize id="1731" type="expand" space="nursery" amount="4587520" count="1" timems="0.042" reason="excessive time being spent scavenging" timestamp="2025-12-12T05:37:12.775" />
<gc-end id="1732" type="scavenge" contextid="1727" durationms="9.026" usertimems="42.356" systemtimems="4.436" stalltimems="22.643" timestamp="2025-12-12T05:37:12.776" activeThreads="10">
  <mem-info id="1733" free="54122624" total="151060480" percent="35">
    <mem type="nursery" free="38600704" total="86245376" percent="44">
      <mem type="allocate" free="38600704" total="55836672" percent="69" />
      <mem type="survivor" free="0" total="30408704" percent="0" />
    </mem>
    <mem type="tenure" free="15521920" total="64815104" percent="23">
      <mem type="soa" free="12280960" total="61574144" percent="19" />
      <mem type="loa" free="3240960" total="3240960" percent="100" />
    </mem>
    <pending-finalizers system="0" default="1053" reference="83" classloader="0" />
    <remembered-set count="5535" />
  </mem-info>
</gc-end>
<cycle-end id="1734" type="scavenge" contextid="1727" timestamp="2025-12-12T05:37:12.776" />
<allocation-satisfied id="1735" threadId="000000000085BA00" bytesRequested="1376" />
<af-end id="1736" timestamp="2025-12-12T05:37:12.777" threadId="000000000085C478" success="true" from="nursery"/>
<exclusive-end id="1737" timestamp="2025-12-12T05:37:12.778" durationms="12.940" />

<exclusive-start id="1738" timestamp="2025-12-12T05:37:12.808" intervalms="43.433">
  <response-info timems="0.175" idlems="0.129" threads="1" lastid="000000000085BA00" lastname="Default Executor-thread-2" />
</exclusive-start>
<af-start id="1739" threadId="000000000086FE78" totalBytesRequested="3848" timestamp="2025-12-12T05:37:12.809" intervalms="43.460" type="nursery" />
<cycle-start id="1740" type="scavenge" contextid="0" timestamp="2025-12-12T05:37:12.809" intervalms="43.501" />
<gc-start id="1741" type="scavenge" contextid="1740" timestamp="2025-12-12T05:37:12.810">
  <mem-info id="1742" free="15519808" total="151060480" percent="10">
    <mem type="nursery" free="0" total="86245376" percent="0">
      <mem type="allocate" free="0" total="55836672" percent="0" />
      <mem type="survivor" free="0" total="30408704" percent="0" />
    </mem>
    <mem type="tenure" free="15519808" total="64815104" percent="23">
      <mem type="soa" free="12278848" total="61574144" percent="19" />
      <mem type="loa" free="3240960" total="3240960" percent="100" />
    </mem>
    <remembered-set count="5779" />
  </mem-info>
</gc-start>
<allocation-stats totalBytes="38571096" discardedBytes="31720" >
  <allocated-bytes non-tlh="3488" tlh="38567608" />
  <largest-consumer threadName="Default Executor-thread-5" threadId="0000000000873100" bytes="12959400" />
</allocation-stats>
<gc-op id="1743" type="scavenge" timems="14.775" contextid="1740" timestamp="2025-12-12T05:37:12.826">
  <scavenger-info tenureage="8" tenuremask="7f00" tiltratio="64" />
  <memory-copied type="nursery" objects="180245" bytes="17066424" bytesdiscarded="375712" />
  <memory-copied type="tenure" objects="7652" bytes="389144" bytesdiscarded="664" />
  <finalization candidates="1100" enqueued="1098" />
  <ownableSynchronizers candidates="72" cleared="3" />
  <references type="soft" candidates="118" cleared="0" enqueued="0" dynamicThreshold="9" maxThreshold="32" />
  <references type="weak" candidates="164" cleared="29" enqueued="28" />
  <references type="phantom" candidates="157" cleared="0" enqueued="0" />
  <object-monitors candidates="106" cleared="0"  />
</gc-op>
<heap-resize id="1744" type="expand" space="nursery" amount="13369344" count="1" timems="0.047" reason="excessive time being spent scavenging" timestamp="2025-12-12T05:37:12.827" />
<gc-end id="1745" type="scavenge" contextid="1740" durationms="17.144" usertimems="88.410" systemtimems="0.566" stalltimems="29.635" timestamp="2025-12-12T05:37:12.827" activeThreads="10">
  <mem-info id="1746" free="65289808" total="164429824" percent="39">
    <mem type="nursery" free="50646856" total="99614720" percent="50">
      <mem type="allocate" free="50646856" total="68091904" percent="74" />
      <mem type="survivor" free="0" total="31522816" percent="0" />
    </mem>
    <mem type="tenure" free="14642952" total="64815104" percent="22">
      <mem type="soa" free="11401992" total="61574144" percent="18" />
      <mem type="loa" free="3240960" total="3240960" percent="100" />
    </mem>
    <pending-finalizers system="0" default="1098" reference="28" classloader="0" />
    <remembered-set count="5638" />
  </mem-info>
</gc-end>
<cycle-end id="1747" type="scavenge" contextid="1740" timestamp="2025-12-12T05:37:12.828" />
<allocation-satisfied id="1748" threadId="000000000086F400" bytesRequested="3848" />
<af-end id="1749" timestamp="2025-12-12T05:37:12.829" threadId="000000000086FE78" success="true" from="nursery"/>
<exclusive-end id="1750" timestamp="2025-12-12T05:37:12.830" durationms="21.615" />

<exclusive-start id="1751" timestamp="2025-12-12T05:37:12.894" intervalms="85.878">
  <response-info timems="0.073" idlems="0.072" threads="1" lastid="0000000000889C00" lastname="Default Executor-thread-6" />
</exclusive-start>
<af-start id="1752" threadId="0000000000873B78" totalBytesRequested="5096" timestamp="2025-12-12T05:37:12.895" intervalms="85.831" type="nursery" />
<cycle-start id="1753" type="scavenge" contextid="0" timestamp="2025-12-12T05:37:12.895" intervalms="85.879" />
<gc-start id="1754" type="scavenge" contextid="1753" timestamp="2025-12-12T05:37:12.896">
  <mem-info id="1755" free="14642784" total="164429824" percent="8">
    <mem type="nursery" free="0" total="99614720" percent="0">
      <mem type="allocate" free="0" total="68091904" percent="0" />
      <mem type="survivor" free="0" total="31522816" percent="0" />
    </mem>
    <mem type="tenure" free="14642784" total="64815104" percent="22">
      <mem type="soa" free="11401824" total="61574144" percent="18" />
      <mem type="loa" free="3240960" total="3240960" percent="100" />
    </mem>
    <remembered-set count="5780" />
  </mem-info>
</gc-start>
<allocation-stats totalBytes="50605448" discardedBytes="41576" >
  <allocated-bytes non-tlh="12216" tlh="50593232" />
  <largest-consumer threadName="Default Executor-thread-4" threadId="000000000086F400" bytes="16742592" />
</allocation-stats>
<gc-op id="1756" type="scavenge" timems="12.613" contextid="1753" timestamp="2025-12-12T05:37:12.910">
  <scavenger-info tenureage="3" tenuremask="7f18" tiltratio="68" />
  <memory-copied type="nursery" objects="116058" bytes="13264280" bytesdiscarded="560056" />
  <memory-copied type="tenure" objects="90863" bytes="5254304" bytesdiscarded="4760" />
  <finalization candidates="1552" enqueued="1530" />
  <ownableSynchronizers candidates="51" cleared="0" />
  <references type="soft" candidates="4" cleared="0" enqueued="0" dynamicThreshold="9" maxThreshold="32" />
  <references type="weak" candidates="79" cleared="33" enqueued="33" />
  <references type="phantom" candidates="204" cleared="40" enqueued="40" />
  <object-monitors candidates="106" cleared="0"  />
</gc-op>
<heap-resize id="1757" type="expand" space="nursery" amount="7995392" count="1" timems="0.048" reason="excessive time being spent scavenging" timestamp="2025-12-12T05:37:12.911" />
<gc-end id="1758" type="scavenge" contextid="1753" durationms="15.090" usertimems="66.721" systemtimems="10.178" stalltimems="69.681" timestamp="2025-12-12T05:37:12.911" activeThreads="13">
  <mem-info id="1759" free="75072152" total="172425216" percent="43">
    <mem type="nursery" free="65601392" total="107610112" percent="60">
      <mem type="allocate" free="65601392" total="79429632" percent="82" />
      <mem type="survivor" free="0" total="28180480" percent="0" />
    </mem>
    <mem type="tenure" free="9470760" total="64815104" percent="14">
      <mem type="soa" free="6229800" total="61574144" percent="10" />
      <mem type="loa" free="3240960" total="3240960" percent="100" />
    </mem>
    <pending-finalizers system="0" default="1530" reference="73" classloader="0" />
    <remembered-set count="7563" />
  </mem-info>
</gc-end>
<cycle-end id="1760" type="scavenge" contextid="1753" timestamp="2025-12-12T05:37:12.912" />
<allocation-satisfied id="1761" threadId="0000000000873100" bytesRequested="5096" />
<af-end id="1762" timestamp="2025-12-12T05:37:12.913" threadId="0000000000873B78" success="true" from="nursery"/>
<exclusive-end id="1763" timestamp="2025-12-12T05:37:12.913" durationms="19.254" />

<concurrent-kickoff id="1764" timestamp="2025-12-12T05:37:12.971">
  <kickoff reason="threshold reached" targetBytes="32325182" thresholdFreeBytes="4463548"  remainingFree="4362208" tenureFreeBytes="9470664" nurseryFreeBytes="4362208" />
</concurrent-kickoff>
<exclusive-start id="1765" timestamp="2025-12-12T05:37:12.972" intervalms="77.526">
  <response-info timems="0.049" idlems="0.049" threads="0" lastid="000000000085BA00" lastname="Default Executor-thread-2" />
</exclusive-start>
<cycle-start id="1766" type="global" contextid="0" timestamp="2025-12-12T05:37:12.972" intervalms="537.579" />
<concurrent-start id="1767" type="global mark" contextid="1766" timestamp="2025-12-12T05:37:12.973">
</concurrent-start>
<exclusive-end id="1768" timestamp="2025-12-12T05:37:12.973" durationms="1.512" />

<exclusive-start id="1769" timestamp="2025-12-12T05:37:13.002" intervalms="29.924">
  <response-info timems="0.048" idlems="0.048" threads="0" lastid="000000000085BA00" lastname="Default Executor-thread-2" />
</exclusive-start>
<af-start id="1770" threadId="000000000085C478" totalBytesRequested="1040" timestamp="2025-12-12T05:37:13.002" intervalms="107.553" type="nursery" />
<cycle-start id="1771" type="scavenge" contextid="0" timestamp="2025-12-12T05:37:13.003" intervalms="107.383" />
<gc-start id="1772" type="scavenge" contextid="1771" timestamp="2025-12-12T05:37:13.003">
  <mem-info id="1773" free="9470664" total="172425216" percent="5">
    <mem type="nursery" free="0" total="107610112" percent="0">
      <mem type="allocate" free="0" total="79429632" percent="0" />
      <mem type="survivor" free="0" total="28180480" percent="0" />
    </mem>
    <mem type="tenure" free="9470664" total="64815104" percent="14">
      <mem type="soa" free="6229704" total="61574144" percent="10" />
      <mem type="loa" free="3240960" total="3240960" percent="100" />
    </mem>
    <remembered-set count="8026" />
  </mem-info>
</gc-start>
<allocation-stats totalBytes="65556304" discardedBytes="45184" >
  <allocated-bytes non-tlh="794528" tlh="64761776" />
  <largest-consumer threadName="Default Executor-thread-2" threadId="000000000085BA00" bytes="20659472" />
</allocation-stats>
<gc-op id="1774" type="scavenge" timems="17.385" contextid="1771" timestamp="2025-12-12T05:37:13.022">
  <scavenger-info tenureage="6" tenuremask="7f40" tiltratio="73" />
  <memory-copied type="nursery" objects="146449" bytes="10046104" bytesdiscarded="292400" />
  <memory-copied type="tenure" objects="22660" bytes="2577536" bytesdiscarded="1808" />
  <finalization candidates="975" enqueued="928" />
  <ownableSynchronizers candidates="27" cleared="2" />
  <references type="soft" candidates="4" cleared="0" enqueued="0" dynamicThreshold="9" maxThreshold="32" />
  <references type="weak" candidates="114" cleared="88" enqueued="88" />
  <references type="phantom" candidates="93" cleared="49" enqueued="49" />
  <object-monitors candidates="106" cleared="0"  />
</gc-op>
<heap-resize id="1775" type="expand" space="nursery" amount="8388608" count="1" timems="0.324" reason="excessive time being spent scavenging" timestamp="2025-12-12T05:37:13.023" />
<gc-end id="1776" type="scavenge" contextid="1771" durationms="19.797" usertimems="69.054" systemtimems="33.127" stalltimems="59.260" timestamp="2025-12-12T05:37:13.023" activeThreads="13">
  <mem-info id="1777" free="86316136" total="180813824" percent="47">
    <mem type="nursery" free="79562160" total="115998720" percent="68">
      <mem type="allocate" free="79562160" total="89915392" percent="88" />
      <mem type="survivor" free="0" total="26083328" percent="0" />
    </mem>
    <mem type="tenure" free="6753976" total="64815104" percent="10">
      <mem type="soa" free="3513016" total="61574144" percent="5" />
      <mem type="loa" free="3240960" total="3240960" percent="100" />
    </mem>
    <pending-finalizers system="0" default="928" reference="137" classloader="0" />
    <remembered-set count="4662" />
  </mem-info>
</gc-end>
<cycle-end id="1778" type="scavenge" contextid="1771" timestamp="2025-12-12T05:37:13.024" />
<allocation-satisfied id="1779" threadId="000000000085BA00" bytesRequested="1040" />
<af-end id="1780" timestamp="2025-12-12T05:37:13.025" threadId="000000000085C478" success="true" from="nursery"/>
<exclusive-end id="1781" timestamp="2025-12-12T05:37:13.026" durationms="24.007" />

<concurrent-end id="1782" type="global mark" contextid="1766" timestamp="2025-12-12T05:37:13.026">
<gc-op id="1783" type="trace" timems="53.654" contextid="1766" timestamp="2025-12-12T05:37:13.026">
  <trace bytesTraced="35489872" workStackOverflowCount="0" />
  <card-cleaning reason="card cleaning threshold reached" bytesTraced="17924" cardsCleaned="57" />
</gc-op>
</concurrent-end>

<exclusive-start id="1784" timestamp="2025-12-12T05:37:13.028" intervalms="26.404">
  <response-info timems="0.634" idlems="0.361" threads="3" lastid="000000000085BA00" lastname="Default Executor-thread-2" />
</exclusive-start>
<concurrent-global-final id="1785" timestamp="2025-12-12T05:37:13.028" contextid="1766" intervalms="544.679" >
  <concurrent-trace-info reason="card cleaning threshold reached" tracedByMutators="25233752" tracedByHelpers="10274044" cardsCleaned="57" workStackOverflowCount="0" />
</concurrent-global-final>
<gc-start id="1786" type="global" contextid="1766" timestamp="2025-12-12T05:37:13.029">
  <mem-info id="1787" free="85348440" total="180813824" percent="47">
    <mem type="nursery" free="78594464" total="115998720" percent="67">
      <mem type="allocate" free="78594464" total="89915392" percent="87" />
      <mem type="survivor" free="0" total="26083328" percent="0" />
    </mem>
    <mem type="tenure" free="6753976" total="64815104" percent="10">
      <mem type="soa" free="3513016" total="61574144" percent="5" />
      <mem type="loa" free="3240960" total="3240960" percent="100" />
    </mem>
    <remembered-set count="4681" />
  </mem-info>
</gc-start>
<allocation-stats totalBytes="967696" discardedBytes="0" >
  <allocated-bytes non-tlh="1040" tlh="966656" />
  <largest-consumer threadName="Default Executor-thread-5" threadId="0000000000873100" bytes="286720" />
</allocation-stats>
<gc-op id="1788" type="rs-scan" timems="4.232" contextid="1766" timestamp="2025-12-12T05:37:13.034">
  <scan objectsFound="102061" bytesTraced="4849744" workStackOverflowCount="0" />
</gc-op>
<gc-op id="1789" type="card-cleaning" timems="2.208" contextid="1766" timestamp="2025-12-12T05:37:13.037">
  <card-cleaning cardsCleaned="916" bytesTraced="1746508" workStackOverflowCount="0" />
</gc-op>
<gc-op id="1790" type="mark" timems="16.388" contextid="1766" timestamp="2025-12-12T05:37:13.054">
  <trace-info objectcount="10962" scancount="9797" scanbytes="760020" />
  <finalization candidates="845" enqueued="0" />
  <ownableSynchronizers candidates="8653" cleared="27" />
  <references type="soft" candidates="12302" cleared="5" enqueued="4" dynamicThreshold="9" maxThreshold="32" />
  <references type="weak" candidates="14995" cleared="1" enqueued="1" />
  <references type="phantom" candidates="397" cleared="0" enqueued="0" />
  <stringconstants candidates="38619" cleared="20"  />
  <object-monitors candidates="106" cleared="0"  />
</gc-op>
<gc-op id="1791" type="classunload" timems="0.054" contextid="1766" timestamp="2025-12-12T05:37:13.055">
  <classunload-info classloadercandidates="418" classloadersunloaded="0" classesunloaded="0" anonymousclassesunloaded="0" quiescems="0.000" setupms="0.054" scanms="0.000" postms="0.000" />
</gc-op>
<gc-op id="1792" type="sweep" timems="3.264" contextid="1766" timestamp="2025-12-12T05:37:13.058" />
<heap-resize id="1793" type="expand" space="tenure" amount="14090240" count="1" timems="1.349" reason="insufficient free space following gc" timestamp="2025-12-12T05:37:13.060" />
<gc-end id="1794" type="global" contextid="1766" durationms="31.850" usertimems="111.723" systemtimems="6.049" stalltimems="284.419" timestamp="2025-12-12T05:37:13.061" activeThreads="20">
  <mem-info id="1795" free="106488536" total="194904064" percent="54">
    <mem type="nursery" free="82793088" total="115998720" percent="71">
      <mem type="allocate" free="82793088" total="89915392" percent="92" />
      <mem type="survivor" free="0" total="26083328" percent="0" />
    </mem>
    <mem type="tenure" free="23695448" total="78905344" percent="30" micro-fragmented="1786106" macro-fragmented="0">
      <mem type="soa" free="19749976" total="74959872" percent="26" />
      <mem type="loa" free="3945472" total="3945472" percent="100" />
    </mem>
    <pending-finalizers system="0" default="0" reference="5" classloader="0" />
    <remembered-set count="4491" />
  </mem-info>
</gc-end>
<cycle-end id="1796" type="global" contextid="1766" timestamp="2025-12-12T05:37:13.062" />
<exclusive-end id="1797" timestamp="2025-12-12T05:37:13.062" durationms="34.168" />

<exclusive-start id="1798" timestamp="2025-12-12T05:37:13.157" intervalms="128.811">
  <response-info timems="0.096" idlems="0.061" threads="1" lastid="0000000000029600" lastname="JIT Compilation Thread-000" />
</exclusive-start>
<af-start id="1799" threadId="000000000086FE78" totalBytesRequested="72" timestamp="2025-12-12T05:37:13.157" intervalms="155.124" type="nursery" />
<cycle-start id="1800" type="scavenge" contextid="0" timestamp="2025-12-12T05:37:13.158" intervalms="155.169" />
<gc-start id="1801" type="scavenge" contextid="1800" timestamp="2025-12-12T05:37:13.159">
  <mem-info id="1802" free="23679560" total="194904064" percent="12">
    <mem type="nursery" free="0" total="115998720" percent="0">
      <mem type="allocate" free="0" total="89915392" percent="0" />
      <mem type="survivor" free="0" total="26083328" percent="0" />
    </mem>
    <mem type="tenure" free="23679560" total="78905344" percent="30">
      <mem type="soa" free="19734088" total="74959872" percent="26" />
      <mem type="loa" free="3945472" total="3945472" percent="100" />
    </mem>
    <remembered-set count="5231" />
  </mem-info>
</gc-start>
<allocation-stats totalBytes="82773184" discardedBytes="30000" >
  <allocated-bytes non-tlh="177408" tlh="82595776" />
  <largest-consumer threadName="Default Executor-thread-4" threadId="000000000086F400" bytes="26796016" />
</allocation-stats>
<gc-op id="1803" type="scavenge" timems="8.981" contextid="1800" timestamp="2025-12-12T05:37:13.169">
  <scavenger-info tenureage="8" tenuremask="7f00" tiltratio="77" />
  <memory-copied type="nursery" objects="178945" bytes="10193360" bytesdiscarded="520280" />
  <memory-copied type="tenure" objects="5969" bytes="269160" bytesdiscarded="1216" />
  <finalization candidates="478" enqueued="406" />
  <ownableSynchronizers candidates="17331" cleared="17269" />
  <references type="soft" candidates="52" cleared="0" enqueued="0" dynamicThreshold="9" maxThreshold="32" />
  <references type="weak" candidates="349" cleared="225" enqueued="225" />
  <references type="phantom" candidates="144" cleared="117" enqueued="117" />
  <object-monitors candidates="108" cleared="1"  />
</gc-op>
<gc-end id="1804" type="scavenge" contextid="1800" durationms="10.574" usertimems="59.226" systemtimems="0.000" stalltimems="66.862" timestamp="2025-12-12T05:37:13.169" activeThreads="15">
  <mem-info id="1805" free="106407928" total="194904064" percent="54">
    <mem type="nursery" free="83381640" total="115998720" percent="71">
      <mem type="allocate" free="83381640" total="94109696" percent="88" />
      <mem type="survivor" free="0" total="21889024" percent="0" />
    </mem>
    <mem type="tenure" free="23026288" total="78905344" percent="29">
      <mem type="soa" free="19080816" total="74959872" percent="25" />
      <mem type="loa" free="3945472" total="3945472" percent="100" />
    </mem>
    <pending-finalizers system="0" default="406" reference="342" classloader="0" />
    <remembered-set count="3040" />
  </mem-info>
</gc-end>
<cycle-end id="1806" type="scavenge" contextid="1800" timestamp="2025-12-12T05:37:13.170" />
<allocation-satisfied id="1807" threadId="000000000086F400" bytesRequested="72" />
<af-end id="1808" timestamp="2025-12-12T05:37:13.172" threadId="000000000086FE78" success="true" from="nursery"/>
<exclusive-end id="1809" timestamp="2025-12-12T05:37:13.172" durationms="15.487" />

<exclusive-start id="1810" timestamp="2025-12-12T05:37:13.265" intervalms="108.132">
  <response-info timems="0.067" idlems="0.067" threads="0" lastid="00000000014B1700" lastname="ClassloaderMapProcessingThread-9" />
</exclusive-start>
<af-start id="1811" threadId="00000000014B2178" totalBytesRequested="24" timestamp="2025-12-12T05:37:13.266" intervalms="108.971" type="nursery" />
<cycle-start id="1812" type="scavenge" contextid="0" timestamp="2025-12-12T05:37:13.269" intervalms="111.012" />
<gc-start id="1813" type="scavenge" contextid="1812" timestamp="2025-12-12T05:37:13.270">
  <mem-info id="1814" free="22991344" total="194904064" percent="11">
    <mem type="nursery" free="0" total="115998720" percent="0">
      <mem type="allocate" free="0" total="94109696" percent="0" />
      <mem type="survivor" free="0" total="21889024" percent="0" />
    </mem>
    <mem type="tenure" free="22991344" total="78905344" percent="29">
      <mem type="soa" free="19045872" total="74959872" percent="25" />
      <mem type="loa" free="3945472" total="3945472" percent="100" />
    </mem>
    <remembered-set count="4008" />
  </mem-info>
</gc-start>
<allocation-stats totalBytes="83388184" discardedBytes="27744" >
  <allocated-bytes non-tlh="823696" tlh="82564488" />
  <largest-consumer threadName="Default Executor-thread-5" threadId="0000000000873100" bytes="31909952" />
</allocation-stats>
<gc-op id="1815" type="scavenge" timems="7.292" contextid="1812" timestamp="2025-12-12T05:37:13.279">
  <scavenger-info tenureage="8" tenuremask="7f00" tiltratio="81" />
  <memory-copied type="nursery" objects="178729" bytes="13091144" bytesdiscarded="397856" />
  <finalization candidates="801" enqueued="725" />
  <ownableSynchronizers candidates="93" cleared="25" />
  <references type="soft" candidates="120" cleared="0" enqueued="0" dynamicThreshold="9" maxThreshold="32" />
  <references type="weak" candidates="526" cleared="342" enqueued="342" />
  <references type="phantom" candidates="273" cleared="81" enqueued="81" />
  <object-monitors candidates="148" cleared="39"  />
</gc-op>
<heap-resize id="1816" type="expand" space="nursery" amount="6291456" count="1" timems="0.042" reason="excessive time being spent scavenging" timestamp="2025-12-12T05:37:13.280" />
<gc-end id="1817" type="scavenge" contextid="1812" durationms="10.682" usertimems="44.968" systemtimems="4.160" stalltimems="41.392" timestamp="2025-12-12T05:37:13.280" activeThreads="13">
  <mem-info id="1818" free="109108072" total="201195520" percent="54">
    <mem type="nursery" free="86116728" total="122290176" percent="70">
      <mem type="allocate" free="86116728" total="99614720" percent="86" />
      <mem type="survivor" free="0" total="22675456" percent="0" />
    </mem>
    <mem type="tenure" free="22991344" total="78905344" percent="29">
      <mem type="soa" free="19045872" total="74959872" percent="25" />
      <mem type="loa" free="3945472" total="3945472" percent="100" />
    </mem>
    <pending-finalizers system="61" default="664" reference="423" classloader="0" />
    <remembered-set count="3631" />
  </mem-info>
</gc-end>
<cycle-end id="1819" type="scavenge" contextid="1812" timestamp="2025-12-12T05:37:13.281" />
<allocation-satisfied id="1820" threadId="00000000014B1700" bytesRequested="24" />
<af-end id="1821" timestamp="2025-12-12T05:37:13.283" threadId="00000000014B2178" success="true" from="nursery"/>
<exclusive-end id="1822" timestamp="2025-12-12T05:37:13.284" durationms="18.657" />

<exclusive-start id="1823" timestamp="2025-12-12T05:37:13.420" intervalms="154.687">
  <response-info timems="0.148" idlems="0.095" threads="1" lastid="000000000086F400" lastname="Default Executor-thread-4" />
</exclusive-start>
<af-start id="1824" threadId="000000000088A678" totalBytesRequested="1696" timestamp="2025-12-12T05:37:13.420" intervalms="153.858" type="nursery" />
<cycle-start id="1825" type="scavenge" contextid="0" timestamp="2025-12-12T05:37:13.421" intervalms="151.927" />
<gc-start id="1826" type="scavenge" contextid="1825" timestamp="2025-12-12T05:37:13.422">
  <mem-info id="1827" free="22913368" total="201195520" percent="11">
    <mem type="nursery" free="0" total="122290176" percent="0">
      <mem type="allocate" free="0" total="99614720" percent="0" />
      <mem type="survivor" free="0" total="22675456" percent="0" />
    </mem>
    <mem type="tenure" free="22913368" total="78905344" percent="29">
      <mem type="soa" free="18967896" total="74959872" percent="25" />
      <mem type="loa" free="3945472" total="3945472" percent="100" />
    </mem>
    <remembered-set count="4744" />
  </mem-info>
</gc-start>
<allocation-stats totalBytes="86072832" discardedBytes="118216" >
  <allocated-bytes non-tlh="74344" tlh="85998488" />
  <largest-consumer threadName="Default Executor-thread-6" threadId="0000000000889C00" bytes="40648560" />
</allocation-stats>
<gc-op id="1828" type="scavenge" timems="8.750" contextid="1825" timestamp="2025-12-12T05:37:13.431">
  <scavenger-info tenureage="8" tenuremask="7f00" tiltratio="81" />
  <memory-copied type="nursery" objects="218853" bytes="19703800" bytesdiscarded="297576" />
  <finalization candidates="1971" enqueued="1868" />
  <ownableSynchronizers candidates="107" cleared="31" />
  <references type="soft" candidates="205" cleared="0" enqueued="0" dynamicThreshold="9" maxThreshold="32" />
  <references type="weak" candidates="606" cleared="378" enqueued="378" />
  <references type="phantom" candidates="264" cleared="62" enqueued="62" />
  <object-monitors candidates="270" cleared="153"  />
</gc-op>
<gc-end id="1829" type="scavenge" contextid="1825" durationms="10.257" usertimems="45.927" systemtimems="14.003" stalltimems="33.209" timestamp="2025-12-12T05:37:13.432" activeThreads="11">
  <mem-info id="1830" free="94781344" total="201195520" percent="47">
    <mem type="nursery" free="71867976" total="122290176" percent="58">
      <mem type="allocate" free="71867976" total="91881472" percent="78" />
      <mem type="survivor" free="0" total="30408704" percent="0" />
    </mem>
    <mem type="tenure" free="22913368" total="78905344" percent="29">
      <mem type="soa" free="18967896" total="74959872" percent="25" />
      <mem type="loa" free="3945472" total="3945472" percent="100" />
    </mem>
    <pending-finalizers system="109" default="1759" reference="440" classloader="0" />
    <remembered-set count="4328" />
  </mem-info>
</gc-end>
<cycle-end id="1831" type="scavenge" contextid="1825" timestamp="2025-12-12T05:37:13.433" />
<allocation-satisfied id="1832" threadId="0000000000889C00" bytesRequested="1696" />
<af-end id="1833" timestamp="2025-12-12T05:37:13.434" threadId="000000000088A678" success="true" from="nursery"/>
<exclusive-end id="1834" timestamp="2025-12-12T05:37:13.434" durationms="14.477" />

<exclusive-start id="1835" timestamp="2025-12-12T05:37:13.552" intervalms="132.100">
  <response-info timems="0.121" idlems="0.092" threads="2" lastid="0000000000889C00" lastname="Default Executor-thread-6" />
</exclusive-start>
<af-start id="1836" threadId="000000000086FE78" totalBytesRequested="32" timestamp="2025-12-12T05:37:13.552" intervalms="132.156" type="nursery" />
<cycle-start id="1837" type="scavenge" contextid="0" timestamp="2025-12-12T05:37:13.553" intervalms="132.143" />
<gc-start id="1838" type="scavenge" contextid="1837" timestamp="2025-12-12T05:37:13.554">
  <mem-info id="1839" free="22849936" total="201195520" percent="11">
    <mem type="nursery" free="0" total="122290176" percent="0">
      <mem type="allocate" free="0" total="91881472" percent="0" />
      <mem type="survivor" free="0" total="30408704" percent="0" />
    </mem>
    <mem type="tenure" free="22849936" total="78905344" percent="28">
      <mem type="soa" free="18904464" total="74959872" percent="25" />
      <mem type="loa" free="3945472" total="3945472" percent="100" />
    </mem>
    <remembered-set count="5653" />
  </mem-info>
</gc-start>
<allocation-stats totalBytes="71907744" discardedBytes="23664" >
  <allocated-bytes non-tlh="65128" tlh="71842616" />
  <largest-consumer threadName="Default Executor-thread-6" threadId="0000000000889C00" bytes="39350576" />
</allocation-stats>
<gc-op id="1840" type="scavenge" timems="10.389" contextid="1837" timestamp="2025-12-12T05:37:13.565">
  <scavenger-info tenureage="7" tenuremask="7f80" tiltratio="75" />
  <memory-copied type="nursery" objects="245032" bytes="20332080" bytesdiscarded="359264" />
  <memory-copied type="tenure" objects="35750" bytes="1480032" bytesdiscarded="1352" />
  <finalization candidates="1971" enqueued="1867" />
  <ownableSynchronizers candidates="222" cleared="14" />
  <references type="soft" candidates="400" cleared="0" enqueued="0" dynamicThreshold="9" maxThreshold="32" />
  <references type="weak" candidates="854" cleared="510" enqueued="510" />
  <references type="phantom" candidates="381" cleared="156" enqueued="156" />
  <object-monitors candidates="183" cleared="59"  />
</gc-op>
<heap-resize id="1841" type="expand" space="nursery" amount="6553600" count="1" timems="0.043" reason="excessive time being spent scavenging" timestamp="2025-12-12T05:37:13.566" />
<gc-end id="1842" type="scavenge" contextid="1837" durationms="13.104" usertimems="69.674" systemtimems="9.008" stalltimems="36.095" timestamp="2025-12-12T05:37:13.567" activeThreads="11">
  <mem-info id="1843" free="100820328" total="207749120" percent="48">
    <mem type="nursery" free="79753976" total="128843776" percent="61">
      <mem type="allocate" free="79753976" total="100466688" percent="79" />
      <mem type="survivor" free="0" total="28377088" percent="0" />
    </mem>
    <mem type="tenure" free="21066352" total="78905344" percent="26">
      <mem type="soa" free="17120880" total="74959872" percent="22" />
      <mem type="loa" free="3945472" total="3945472" percent="100" />
    </mem>
    <pending-finalizers system="24" default="1843" reference="666" classloader="0" />
    <remembered-set count="5396" />
  </mem-info>
</gc-end>
<cycle-end id="1844" type="scavenge" contextid="1837" timestamp="2025-12-12T05:37:13.568" />
<allocation-satisfied id="1845" threadId="000000000086F400" bytesRequested="32" />
<af-end id="1846" timestamp="2025-12-12T05:37:13.569" threadId="000000000086FE78" success="true" from="nursery"/>
<exclusive-end id="1847" timestamp="2025-12-12T05:37:13.569" durationms="17.539" />

<exclusive-start id="1848" timestamp="2025-12-12T05:37:13.761" intervalms="208.987">
  <response-info timems="0.561" idlems="0.552" threads="1" lastid="0000000000889C00" lastname="Default Executor-thread-6" />
</exclusive-start>
<af-start id="1849" threadId="000000000085C478" totalBytesRequested="1816" timestamp="2025-12-12T05:37:13.761" intervalms="208.983" type="nursery" />
<cycle-start id="1850" type="scavenge" contextid="0" timestamp="2025-12-12T05:37:13.762" intervalms="209.019" />
<gc-start id="1851" type="scavenge" contextid="1850" timestamp="2025-12-12T05:37:13.763">
  <mem-info id="1852" free="20972536" total="207749120" percent="10">
    <mem type="nursery" free="0" total="128843776" percent="0">
      <mem type="allocate" free="0" total="100466688" percent="0" />
      <mem type="survivor" free="0" total="28377088" percent="0" />
    </mem>
    <mem type="tenure" free="20972536" total="78905344" percent="26">
      <mem type="soa" free="17027064" total="74959872" percent="22" />
      <mem type="loa" free="3945472" total="3945472" percent="100" />
    </mem>
    <remembered-set count="7312" />
  </mem-info>
</gc-start>
<allocation-stats totalBytes="79722792" discardedBytes="124296" >
  <allocated-bytes non-tlh="112648" tlh="79610144" />
  <largest-consumer threadName="Default Executor-thread-6" threadId="0000000000889C00" bytes="54086392" />
</allocation-stats>
<gc-op id="1853" type="scavenge" timems="11.359" contextid="1850" timestamp="2025-12-12T05:37:13.775">
  <scavenger-info tenureage="8" tenuremask="7f00" tiltratio="77" />
  <memory-copied type="nursery" objects="345313" bytes="26071328" bytesdiscarded="345064" />
  <finalization candidates="2675" enqueued="2571" />
  <ownableSynchronizers candidates="1233" cleared="894" />
  <references type="soft" candidates="1271" cleared="0" enqueued="0" dynamicThreshold="9" maxThreshold="32" />
  <references type="weak" candidates="955" cleared="369" enqueued="369" />
  <references type="phantom" candidates="297" cleared="36" enqueued="36" />
  <object-monitors candidates="176" cleared="45"  />
</gc-op>
<gc-end id="1854" type="scavenge" contextid="1850" durationms="13.427" usertimems="83.509" systemtimems="3.009" stalltimems="38.473" timestamp="2025-12-12T05:37:13.776" activeThreads="11">
  <mem-info id="1855" free="86419352" total="207749120" percent="41">
    <mem type="nursery" free="65446816" total="128843776" percent="50">
      <mem type="allocate" free="65446816" total="91881472" percent="71" />
      <mem type="survivor" free="0" total="36962304" percent="0" />
    </mem>
    <mem type="tenure" free="20972536" total="78905344" percent="26">
      <mem type="soa" free="17027064" total="74959872" percent="22" />
      <mem type="loa" free="3945472" total="3945472" percent="100" />
    </mem>
    <pending-finalizers system="65" default="2506" reference="405" classloader="0" />
    <remembered-set count="6456" />
  </mem-info>
</gc-end>
<cycle-end id="1856" type="scavenge" contextid="1850" timestamp="2025-12-12T05:37:13.777" />
<allocation-satisfied id="1857" threadId="000000000085BA00" bytesRequested="1816" />
<af-end id="1858" timestamp="2025-12-12T05:37:13.778" threadId="000000000085C478" success="true" from="nursery"/>
<exclusive-end id="1859" timestamp="2025-12-12T05:37:13.779" durationms="17.821" />

<exclusive-start id="1860" timestamp="2025-12-12T05:37:13.914" intervalms="152.871">
  <response-info timems="0.156" idlems="0.098" threads="3" lastid="0000000000889C00" lastname="Default Executor-thread-6" />
</exclusive-start>
<af-start id="1861" threadId="00000000018E4A78" totalBytesRequested="40" timestamp="2025-12-12T05:37:13.914" intervalms="152.976" type="nursery" />
<cycle-start id="1862" type="scavenge" contextid="0" timestamp="2025-12-12T05:37:13.915" intervalms="152.878" />
<gc-start id="1863" type="scavenge" contextid="1862" timestamp="2025-12-12T05:37:13.916">
  <mem-info id="1864" free="20900560" total="207749120" percent="10">
    <mem type="nursery" free="0" total="128843776" percent="0">
      <mem type="allocate" free="0" total="91881472" percent="0" />
      <mem type="survivor" free="0" total="36962304" percent="0" />
    </mem>
    <mem type="tenure" free="20900560" total="78905344" percent="26">
      <mem type="soa" free="16955088" total="74959872" percent="22" />
      <mem type="loa" free="3945472" total="3945472" percent="100" />
    </mem>
    <remembered-set count="7737" />
  </mem-info>
</gc-start>
<allocation-stats totalBytes="65501112" discardedBytes="16976" >
  <allocated-bytes non-tlh="73088" tlh="65428024" />
  <largest-consumer threadName="Default Executor-thread-6" threadId="0000000000889C00" bytes="42106088" />
</allocation-stats>
<gc-op id="1865" type="scavenge" timems="14.125" contextid="1862" timestamp="2025-12-12T05:37:13.931">
  <scavenger-info tenureage="8" tenuremask="7f00" tiltratio="71" />
  <memory-copied type="nursery" objects="453725" bytes="28346768" bytesdiscarded="476584" />
  <memory-copied type="tenure" objects="6087" bytes="362560" bytesdiscarded="912" />
  <finalization candidates="2019" enqueued="1916" />
  <ownableSynchronizers candidates="1635" cleared="1236" />
  <references type="soft" candidates="1552" cleared="0" enqueued="0" dynamicThreshold="9" maxThreshold="32" />
  <references type="weak" candidates="930" cleared="206" enqueued="206" />
  <references type="phantom" candidates="276" cleared="8" enqueued="8" />
  <object-monitors candidates="222" cleared="85"  />
</gc-op>
<heap-resize id="1866" type="expand" space="nursery" amount="7471104" count="1" timems="1.161" reason="excessive time being spent scavenging" timestamp="2025-12-12T05:37:13.933" />
<gc-end id="1867" type="scavenge" contextid="1862" durationms="17.843" usertimems="104.871" systemtimems="17.653" stalltimems="44.161" timestamp="2025-12-12T05:37:13.934" activeThreads="12">
  <mem-info id="1868" free="87417944" total="215220224" percent="40">
    <mem type="nursery" free="67422784" total="136314880" percent="49">
      <mem type="allocate" free="67422784" total="96272384" percent="70" />
      <mem type="survivor" free="0" total="40042496" percent="0" />
    </mem>
    <mem type="tenure" free="19995160" total="78905344" percent="25">
      <mem type="soa" free="16049688" total="74959872" percent="21" />
      <mem type="loa" free="3945472" total="3945472" percent="100" />
    </mem>
    <pending-finalizers system="18" default="1898" reference="214" classloader="0" />
    <remembered-set count="6524" />
  </mem-info>
</gc-end>
<cycle-end id="1869" type="scavenge" contextid="1862" timestamp="2025-12-12T05:37:13.935" />
<allocation-satisfied id="1870" threadId="00000000018E4000" bytesRequested="40" />
<af-end id="1871" timestamp="2025-12-12T05:37:13.936" threadId="00000000018E4A78" success="true" from="nursery"/>
<exclusive-end id="1872" timestamp="2025-12-12T05:37:13.936" durationms="22.697" />

<exclusive-start id="1873" timestamp="2025-12-12T05:37:14.070" intervalms="156.593">
  <response-info timems="0.101" idlems="0.062" threads="1" lastid="0000000000889C00" lastname="Default Executor-thread-6" />
</exclusive-start>
<af-start id="1874" threadId="0000000000873B78" totalBytesRequested="136" timestamp="2025-12-12T05:37:14.071" intervalms="156.803" type="nursery" />
<cycle-start id="1875" type="scavenge" contextid="0" timestamp="2025-12-12T05:37:14.072" intervalms="156.964" />
<gc-start id="1876" type="scavenge" contextid="1875" timestamp="2025-12-12T05:37:14.073">
  <mem-info id="1877" free="19949448" total="215220224" percent="9">
    <mem type="nursery" free="0" total="136314880" percent="0">
      <mem type="allocate" free="0" total="96272384" percent="0" />
      <mem type="survivor" free="0" total="40042496" percent="0" />
    </mem>
    <mem type="tenure" free="19949448" total="78905344" percent="25">
      <mem type="soa" free="16003976" total="74959872" percent="21" />
      <mem type="loa" free="3945472" total="3945472" percent="100" />
    </mem>
    <remembered-set count="7315" />
  </mem-info>
</gc-start>
<allocation-stats totalBytes="67439120" discardedBytes="29376" >
  <allocated-bytes non-tlh="45752" tlh="67393368" />
  <largest-consumer threadName="Default Executor-thread-6" threadId="0000000000889C00" bytes="36265376" />
</allocation-stats>
<gc-op id="1878" type="scavenge" timems="15.781" contextid="1875" timestamp="2025-12-12T05:37:14.090">
  <scavenger-info tenureage="5" tenuremask="7f20" tiltratio="70" />
  <memory-copied type="nursery" objects="430221" bytes="24002544" bytesdiscarded="488128" />
  <memory-copied type="tenure" objects="47333" bytes="5125896" bytesdiscarded="2048" />
  <finalization candidates="1711" enqueued="1607" />
  <ownableSynchronizers candidates="6180" cleared="5800" />
  <references type="soft" candidates="1584" cleared="0" enqueued="0" dynamicThreshold="9" maxThreshold="32" />
  <references type="weak" candidates="815" cleared="94" enqueued="94" />
  <references type="phantom" candidates="120" cleared="12" enqueued="12" />
  <object-monitors candidates="158" cleared="18"  />
</gc-op>
<heap-resize id="1879" type="expand" space="nursery" amount="6684672" count="1" timems="0.039" reason="excessive time being spent scavenging" timestamp="2025-12-12T05:37:14.091" />
<gc-end id="1880" type="scavenge" contextid="1875" durationms="19.342" usertimems="129.106" systemtimems="18.020" stalltimems="39.771" timestamp="2025-12-12T05:37:14.093" activeThreads="13">
  <mem-info id="1881" free="93910208" total="221904896" percent="42">
    <mem type="nursery" free="79368992" total="142999552" percent="55">
      <mem type="allocate" free="79368992" total="103874560" percent="76" />
      <mem type="survivor" free="0" total="39124992" percent="0" />
    </mem>
    <mem type="tenure" free="14541216" total="78905344" percent="18">
      <mem type="soa" free="10595744" total="74959872" percent="14" />
      <mem type="loa" free="3945472" total="3945472" percent="100" />
    </mem>
    <pending-finalizers system="16" default="1591" reference="106" classloader="0" />
    <remembered-set count="7529" />
  </mem-info>
</gc-end>
<cycle-end id="1882" type="scavenge" contextid="1875" timestamp="2025-12-12T05:37:14.093" />
<allocation-satisfied id="1883" threadId="0000000000873100" bytesRequested="136" />
<af-end id="1884" timestamp="2025-12-12T05:37:14.095" threadId="0000000000873B78" success="true" from="nursery"/>
<exclusive-end id="1885" timestamp="2025-12-12T05:37:14.095" durationms="25.023" />

<exclusive-start id="1886" timestamp="2025-12-12T05:37:14.216" intervalms="145.649">
  <response-info timems="0.121" idlems="0.086" threads="1" lastid="0000000000889C00" lastname="Default Executor-thread-6" />
</exclusive-start>
<af-start id="1887" threadId="0000000000873B78" totalBytesRequested="32" timestamp="2025-12-12T05:37:14.217" intervalms="145.697" type="nursery" />
<cycle-start id="1888" type="scavenge" contextid="0" timestamp="2025-12-12T05:37:14.218" intervalms="145.677" />
<gc-start id="1889" type="scavenge" contextid="1888" timestamp="2025-12-12T05:37:14.219">
  <mem-info id="1890" free="14477816" total="221904896" percent="6">
    <mem type="nursery" free="0" total="142999552" percent="0">
      <mem type="allocate" free="0" total="103874560" percent="0" />
      <mem type="survivor" free="0" total="39124992" percent="0" />
    </mem>
    <mem type="tenure" free="14477816" total="78905344" percent="18">
      <mem type="soa" free="10532344" total="74959872" percent="14" />
      <mem type="loa" free="3945472" total="3945472" percent="100" />
    </mem>
    <remembered-set count="8763" />
  </mem-info>
</gc-start>
<allocation-stats totalBytes="79279296" discardedBytes="153096" >
  <allocated-bytes non-tlh="63536" tlh="79215760" />
  <largest-consumer threadName="Default Executor-thread-6" threadId="0000000000889C00" bytes="39313464" />
</allocation-stats>
<gc-op id="1891" type="scavenge" timems="16.112" contextid="1888" timestamp="2025-12-12T05:37:14.237">
  <scavenger-info tenureage="8" tenuremask="7f00" tiltratio="72" />
  <memory-copied type="nursery" objects="257525" bytes="19429040" bytesdiscarded="394216" />
  <memory-copied type="tenure" objects="40029" bytes="1587928" bytesdiscarded="344" />
  <finalization candidates="1427" enqueued="1348" />
  <ownableSynchronizers candidates="5378" cleared="5095" />
  <references type="soft" candidates="2019" cleared="0" enqueued="0" dynamicThreshold="9" maxThreshold="32" />
  <references type="weak" candidates="648" cleared="189" enqueued="189" />
  <references type="phantom" candidates="133" cleared="10" enqueued="10" />
  <object-monitors candidates="165" cleared="23"  />
</gc-op>
<heap-resize id="1892" type="expand" space="nursery" amount="8126464" count="1" timems="0.081" reason="excessive time being spent scavenging" timestamp="2025-12-12T05:37:14.237" />
<gc-end id="1893" type="scavenge" contextid="1888" durationms="19.274" usertimems="106.492" systemtimems="10.176" stalltimems="61.743" timestamp="2025-12-12T05:37:14.238" activeThreads="16">
  <mem-info id="1894" free="105983720" total="230031360" percent="46">
    <mem type="nursery" free="93476344" total="151126016" percent="61">
      <mem type="allocate" free="93476344" total="113311744" percent="82" />
      <mem type="survivor" free="0" total="37814272" percent="0" />
    </mem>
    <mem type="tenure" free="12507376" total="78905344" percent="15">
      <mem type="soa" free="8561904" total="74959872" percent="11" />
      <mem type="loa" free="3945472" total="3945472" percent="100" />
    </mem>
    <pending-finalizers system="32" default="1316" reference="199" classloader="0" />
    <remembered-set count="12740" />
  </mem-info>
</gc-end>
<cycle-end id="1895" type="scavenge" contextid="1888" timestamp="2025-12-12T05:37:14.239" />
<allocation-satisfied id="1896" threadId="0000000000873100" bytesRequested="32" />
<af-end id="1897" timestamp="2025-12-12T05:37:14.240" threadId="0000000000873B78" success="true" from="nursery"/>
<exclusive-end id="1898" timestamp="2025-12-12T05:37:14.241" durationms="25.072" />

<exclusive-start id="1899" timestamp="2025-12-12T05:37:14.551" intervalms="335.250">
  <response-info timems="0.042" idlems="0.042" threads="0" lastid="0000000000889C00" lastname="Default Executor-thread-6" />
</exclusive-start>
<af-start id="1900" threadId="000000000088A678" totalBytesRequested="40" timestamp="2025-12-12T05:37:14.552" intervalms="334.969" type="nursery" />
<cycle-start id="1901" type="scavenge" contextid="0" timestamp="2025-12-12T05:37:14.553" intervalms="334.982" />
<gc-start id="1902" type="scavenge" contextid="1901" timestamp="2025-12-12T05:37:14.553">
  <mem-info id="1903" free="12484832" total="230031360" percent="5">
    <mem type="nursery" free="0" total="151126016" percent="0">
      <mem type="allocate" free="0" total="113311744" percent="0" />
      <mem type="survivor" free="0" total="37814272" percent="0" />
    </mem>
    <mem type="tenure" free="12484832" total="78905344" percent="15">
      <mem type="soa" free="8539360" total="74959872" percent="11" />
      <mem type="loa" free="3945472" total="3945472" percent="100" />
    </mem>
    <remembered-set count="14208" />
  </mem-info>
</gc-start>
<allocation-stats totalBytes="93481160" discardedBytes="17728" >
  <allocated-bytes non-tlh="124480" tlh="93356680" />
  <largest-consumer threadName="Default Executor-thread-6" threadId="0000000000889C00" bytes="81893624" />
</allocation-stats>
<gc-op id="1904" type="scavenge" timems="22.597" contextid="1901" timestamp="2025-12-12T05:37:14.587">
  <scavenger-info tenureage="8" tenuremask="7f00" tiltratio="74" />
  <memory-copied type="nursery" objects="310347" bytes="28595064" bytesdiscarded="449136" />
  <memory-copied type="tenure" objects="25946" bytes="1418392" bytesdiscarded="1304" />
  <finalization candidates="2360" enqueued="2307" />
  <ownableSynchronizers candidates="347" cleared="22" />
  <references type="soft" candidates="2009" cleared="0" enqueued="0" dynamicThreshold="9" maxThreshold="32" />
  <references type="weak" candidates="741" cleared="273" enqueued="253" />
  <references type="phantom" candidates="255" cleared="92" enqueued="92" />
  <object-monitors candidates="166" cleared="25"  />
</gc-op>
<heap-resize id="1905" type="expand" space="nursery" amount="6422528" count="1" timems="0.039" reason="excessive time being spent scavenging" timestamp="2025-12-12T05:37:14.588" />
<gc-end id="1906" type="scavenge" contextid="1901" durationms="35.041" usertimems="114.514" systemtimems="21.176" stalltimems="155.862" timestamp="2025-12-12T05:37:14.588" activeThreads="18">
  <mem-info id="1907" free="93037928" total="236453888" percent="39">
    <mem type="nursery" free="81955264" total="157548544" percent="52">
      <mem type="allocate" free="81955264" total="111017984" percent="73" />
      <mem type="survivor" free="0" total="46530560" percent="0" />
    </mem>
    <mem type="tenure" free="11082664" total="78905344" percent="14">
      <mem type="soa" free="7137192" total="74959872" percent="9" />
      <mem type="loa" free="3945472" total="3945472" percent="100" />
    </mem>
    <pending-finalizers system="36" default="2271" reference="345" classloader="0" />
    <remembered-set count="13042" />
  </mem-info>
</gc-end>
<cycle-end id="1908" type="scavenge" contextid="1901" timestamp="2025-12-12T05:37:14.591" />
<allocation-satisfied id="1909" threadId="0000000000889C00" bytesRequested="40" />
<af-end id="1910" timestamp="2025-12-12T05:37:14.594" threadId="000000000088A678" success="true" from="nursery"/>
<exclusive-end id="1911" timestamp="2025-12-12T05:37:14.595" durationms="43.755" />

<exclusive-start id="1912" timestamp="2025-12-12T05:37:14.958" intervalms="407.063">
  <response-info timems="0.044" idlems="0.044" threads="0" lastid="0000000000889C00" lastname="Default Executor-thread-6" />
</exclusive-start>
<af-start id="1913" threadId="000000000088A678" totalBytesRequested="520" timestamp="2025-12-12T05:37:14.976" intervalms="423.800" type="nursery" />
<cycle-start id="1914" type="scavenge" contextid="0" timestamp="2025-12-12T05:37:14.986" intervalms="433.458" />
<gc-start id="1915" type="scavenge" contextid="1914" timestamp="2025-12-12T05:37:14.988">
  <mem-info id="1916" free="11082424" total="236453888" percent="4">
    <mem type="nursery" free="0" total="157548544" percent="0">
      <mem type="allocate" free="0" total="111017984" percent="0" />
      <mem type="survivor" free="0" total="46530560" percent="0" />
    </mem>
    <mem type="tenure" free="11082424" total="78905344" percent="14">
      <mem type="soa" free="7136952" total="74959872" percent="9" />
      <mem type="loa" free="3945472" total="3945472" percent="100" />
    </mem>
    <remembered-set count="13380" />
  </mem-info>
</gc-start>
<allocation-stats totalBytes="81945536" discardedBytes="9968" >
  <allocated-bytes non-tlh="280" tlh="81945256" />
  <largest-consumer threadName="Default Executor-thread-6" threadId="0000000000889C00" bytes="81298416" />
</allocation-stats>
<gc-op id="1917" type="scavenge" timems="32.937" contextid="1914" timestamp="2025-12-12T05:37:15.026">
  <scavenger-info tenureage="8" tenuremask="7f00" tiltratio="70" />
  <memory-copied type="nursery" objects="482047" bytes="34293136" bytesdiscarded="632216" />
  <finalization candidates="1635" enqueued="1608" />
  <ownableSynchronizers candidates="363" cleared="55" />
  <references type="soft" candidates="2009" cleared="0" enqueued="0" dynamicThreshold="9" maxThreshold="32" />
  <references type="weak" candidates="513" cleared="40" enqueued="40" />
  <references type="phantom" candidates="139" cleared="0" enqueued="0" />
  <object-monitors candidates="141" cleared="0"  />
</gc-op>
<heap-resize id="1918" type="expand" space="nursery" amount="5767168" count="1" timems="0.039" reason="excessive time being spent scavenging" timestamp="2025-12-12T05:37:15.027" />
<gc-end id="1919" type="scavenge" contextid="1914" durationms="39.280" usertimems="172.952" systemtimems="84.005" stalltimems="79.853" timestamp="2025-12-12T05:37:15.028" activeThreads="14">
  <mem-info id="1920" free="89060024" total="242221056" percent="36">
    <mem type="nursery" free="77977600" total="163315712" percent="47">
      <mem type="allocate" free="77977600" total="112918528" percent="69" />
      <mem type="survivor" free="0" total="50397184" percent="0" />
    </mem>
    <mem type="tenure" free="11082424" total="78905344" percent="14">
      <mem type="soa" free="7136952" total="74959872" percent="9" />
      <mem type="loa" free="3945472" total="3945472" percent="100" />
    </mem>
    <pending-finalizers system="0" default="1608" reference="40" classloader="0" />
    <remembered-set count="12260" />
  </mem-info>
</gc-end>
<cycle-end id="1921" type="scavenge" contextid="1914" timestamp="2025-12-12T05:37:15.029" />
<allocation-satisfied id="1922" threadId="0000000000889C00" bytesRequested="520" />
<af-end id="1923" timestamp="2025-12-12T05:37:15.030" threadId="000000000088A678" success="true" from="nursery"/>
<exclusive-end id="1924" timestamp="2025-12-12T05:37:15.031" durationms="72.653" />

<exclusive-start id="1925" timestamp="2025-12-12T05:37:15.233" intervalms="275.350">
  <response-info timems="0.039" idlems="0.039" threads="0" lastid="0000000000889C00" lastname="Default Executor-thread-6" />
</exclusive-start>
<af-start id="1926" threadId="000000000088A678" totalBytesRequested="24" timestamp="2025-12-12T05:37:15.237" intervalms="261.484" type="nursery" />
<cycle-start id="1927" type="scavenge" contextid="0" timestamp="2025-12-12T05:37:15.239" intervalms="253.504" />
<gc-start id="1928" type="scavenge" contextid="1927" timestamp="2025-12-12T05:37:15.242">
  <mem-info id="1929" free="11082424" total="242221056" percent="4">
    <mem type="nursery" free="0" total="163315712" percent="0">
      <mem type="allocate" free="0" total="112918528" percent="0" />
      <mem type="survivor" free="0" total="50397184" percent="0" />
    </mem>
    <mem type="tenure" free="11082424" total="78905344" percent="14">
      <mem type="soa" free="7136952" total="74959872" percent="9" />
      <mem type="loa" free="3945472" total="3945472" percent="100" />
    </mem>
    <remembered-set count="12378" />
  </mem-info>
</gc-start>
<allocation-stats totalBytes="77968256" discardedBytes="9344" >
  <allocated-bytes non-tlh="520" tlh="77967736" />
  <largest-consumer threadName="Default Executor-thread-6" threadId="0000000000889C00" bytes="77546408" />
</allocation-stats>
<gc-op id="1930" type="scavenge" timems="27.764" contextid="1927" timestamp="2025-12-12T05:37:15.275">
  <scavenger-info tenureage="7" tenuremask="7f80" tiltratio="69" />
  <memory-copied type="nursery" objects="432867" bytes="35826416" bytesdiscarded="551008" />
  <memory-copied type="tenure" objects="68258" bytes="3121544" bytesdiscarded="1552" />
  <finalization candidates="2254" enqueued="2227" />
  <ownableSynchronizers candidates="319" cleared="11" />
  <references type="soft" candidates="1726" cleared="0" enqueued="0" dynamicThreshold="9" maxThreshold="32" />
  <references type="weak" candidates="432" cleared="28" enqueued="28" />
  <references type="phantom" candidates="172" cleared="0" enqueued="0" />
  <object-monitors candidates="141" cleared="0"  />
</gc-op>
<heap-resize id="1931" type="expand" space="nursery" amount="10223616" count="1" timems="0.045" reason="excessive time being spent scavenging" timestamp="2025-12-12T05:37:15.276" />
<gc-end id="1932" type="scavenge" contextid="1927" durationms="34.103" usertimems="148.270" systemtimems="13.663" stalltimems="147.425" timestamp="2025-12-12T05:37:15.276" activeThreads="17">
  <mem-info id="1933" free="95583872" total="252444672" percent="37">
    <mem type="nursery" free="87479504" total="173539328" percent="50">
      <mem type="allocate" free="87479504" total="123863040" percent="70" />
      <mem type="survivor" free="0" total="49676288" percent="0" />
    </mem>
    <mem type="tenure" free="8104368" total="78905344" percent="10">
      <mem type="soa" free="4158896" total="74959872" percent="5" />
      <mem type="loa" free="3945472" total="3945472" percent="100" />
    </mem>
    <pending-finalizers system="0" default="2227" reference="28" classloader="0" />
    <remembered-set count="16144" />
  </mem-info>
</gc-end>
<cycle-end id="1934" type="scavenge" contextid="1927" timestamp="2025-12-12T05:37:15.277" />
<allocation-satisfied id="1935" threadId="0000000000889C00" bytesRequested="24" />
<af-end id="1936" timestamp="2025-12-12T05:37:15.279" threadId="000000000088A678" success="true" from="nursery"/>
<exclusive-end id="1937" timestamp="2025-12-12T05:37:15.279" durationms="45.813" />

<concurrent-kickoff id="1938" timestamp="2025-12-12T05:37:15.504">
  <kickoff reason="threshold reached" targetBytes="40104317" thresholdFreeBytes="5335330"  remainingFree="4576464" tenureFreeBytes="8102720" nurseryFreeBytes="4576464" />
</concurrent-kickoff>
<exclusive-start id="1939" timestamp="2025-12-12T05:37:15.592" intervalms="358.722">
  <response-info timems="0.051" idlems="0.051" threads="0" lastid="0000000000889C00" lastname="Default Executor-thread-6" />
</exclusive-start>
<cycle-start id="1940" type="global" contextid="0" timestamp="2025-12-12T05:37:15.600" intervalms="2628.214" />
<concurrent-start id="1941" type="global mark" contextid="1940" timestamp="2025-12-12T05:37:15.601">
</concurrent-start>
<exclusive-end id="1942" timestamp="2025-12-12T05:37:15.605" durationms="13.018" />

<exclusive-start id="1943" timestamp="2025-12-12T05:37:15.662" intervalms="69.353">
  <response-info timems="0.050" idlems="0.050" threads="0" lastid="000000000086F400" lastname="Default Executor-thread-4" />
</exclusive-start>
<af-start id="1944" threadId="000000000086FE78" totalBytesRequested="24" timestamp="2025-12-12T05:37:15.663" intervalms="425.955" type="nursery" />
<cycle-start id="1945" type="scavenge" contextid="0" timestamp="2025-12-12T05:37:15.664" intervalms="424.042" />
<gc-start id="1946" type="scavenge" contextid="1945" timestamp="2025-12-12T05:37:15.665">
  <mem-info id="1947" free="8102720" total="252444672" percent="3">
    <mem type="nursery" free="0" total="173539328" percent="0">
      <mem type="allocate" free="0" total="123863040" percent="0" />
      <mem type="survivor" free="0" total="49676288" percent="0" />
    </mem>
    <mem type="tenure" free="8102720" total="78905344" percent="10">
      <mem type="soa" free="4157248" total="74959872" percent="5" />
      <mem type="loa" free="3945472" total="3945472" percent="100" />
    </mem>
    <remembered-set count="16379" />
  </mem-info>
</gc-start>
<allocation-stats totalBytes="87460496" discardedBytes="20656" >
  <allocated-bytes non-tlh="1672" tlh="87458824" />
  <largest-consumer threadName="Default Executor-thread-6" threadId="0000000000889C00" bytes="87169776" />
</allocation-stats>
<gc-op id="1948" type="scavenge" timems="36.721" contextid="1945" timestamp="2025-12-12T05:37:15.702">
  <scavenger-info tenureage="7" tenuremask="7f80" tiltratio="71" />
  <memory-copied type="nursery" objects="414827" bytes="36146480" bytesdiscarded="449384" />
  <memory-copied type="tenure" objects="49469" bytes="2686936" bytesdiscarded="672" />
  <finalization candidates="3566" enqueued="3566" />
  <ownableSynchronizers candidates="197" cleared="29" />
  <references type="soft" candidates="855" cleared="0" enqueued="0" dynamicThreshold="9" maxThreshold="32" />
  <references type="weak" candidates="377" cleared="46" enqueued="46" />
  <references type="phantom" candidates="85" cleared="0" enqueued="0" />
  <object-monitors candidates="141" cleared="0"  />
</gc-op>
<heap-resize id="1949" type="expand" space="nursery" amount="21757952" count="1" timems="0.344" reason="excessive time being spent scavenging" timestamp="2025-12-12T05:37:15.804" />
<gc-end id="1950" type="scavenge" contextid="1945" durationms="149.959" usertimems="146.896" systemtimems="37.095" stalltimems="147.117" timestamp="2025-12-12T05:37:15.815" activeThreads="14">
  <mem-info id="1951" free="113086296" total="274202624" percent="41">
    <mem type="nursery" free="107444400" total="195297280" percent="55">
      <mem type="allocate" free="107444400" total="144048128" percent="74" />
      <mem type="survivor" free="0" total="51249152" percent="0" />
    </mem>
    <mem type="tenure" free="5641896" total="78905344" percent="7">
      <mem type="soa" free="1696424" total="74959872" percent="2" />
      <mem type="loa" free="3945472" total="3945472" percent="100" />
    </mem>
    <pending-finalizers system="0" default="3566" reference="46" classloader="0" />
    <remembered-set count="17266" />
  </mem-info>
</gc-end>
<cycle-end id="1952" type="scavenge" contextid="1945" timestamp="2025-12-12T05:37:15.819" />
<allocation-satisfied id="1953" threadId="000000000086F400" bytesRequested="24" />
<af-end id="1954" timestamp="2025-12-12T05:37:15.821" threadId="000000000086FE78" success="true" from="nursery"/>
<exclusive-end id="1955" timestamp="2025-12-12T05:37:15.824" durationms="162.713" />

<exclusive-start id="1956" timestamp="2025-12-12T05:37:16.139" intervalms="477.649">
  <response-info timems="0.049" idlems="0.049" threads="0" lastid="0000000000889C00" lastname="Default Executor-thread-6" />
</exclusive-start>
<af-start id="1957" threadId="000000000088A678" totalBytesRequested="24" timestamp="2025-12-12T05:37:16.140" intervalms="476.707" type="nursery" />
<percolate-collect id="1958" from="nursery" to="global" reason="concurrent mark exhausted" timestamp="2025-12-12T05:37:16.140"/>
<concurrent-end id="1959" type="global mark" contextid="1940" timestamp="2025-12-12T05:37:16.140">
<gc-op id="1960" type="trace" timems="537.848" contextid="1940" timestamp="2025-12-12T05:37:16.140">
  <trace bytesTraced="41977572" workStackOverflowCount="0" />
  <card-cleaning reason="card cleaning threshold reached" bytesTraced="390660" cardsCleaned="1003" />
</gc-op>
</concurrent-end>

<gc-start id="1961" type="global" contextid="1940" timestamp="2025-12-12T05:37:16.141">
  <mem-info id="1962" free="5641896" total="274202624" percent="2">
    <mem type="nursery" free="0" total="195297280" percent="0">
      <mem type="allocate" free="0" total="144048128" percent="0" />
      <mem type="survivor" free="0" total="51249152" percent="0" />
    </mem>
    <mem type="tenure" free="5641896" total="78905344" percent="7">
      <mem type="soa" free="1696424" total="74959872" percent="2" />
      <mem type="loa" free="3945472" total="3945472" percent="100" />
    </mem>
    <remembered-set count="17303" />
  </mem-info>
</gc-start>
<allocation-stats totalBytes="107427488" discardedBytes="16912" >
  <allocated-bytes non-tlh="24" tlh="107427464" />
  <largest-consumer threadName="Default Executor-thread-6" threadId="0000000000889C00" bytes="107153512" />
</allocation-stats>
<concurrent-halted id="1963" timestamp="2025-12-12T05:37:16.142">
  <halted state="Complete" status="exhausted" />
  <traced bytesTarget="40092052" bytesTotal="42368232" bytesByMutator="21202732" bytesByHelper="21165500" percent="105" />
  <cards cleaned="1003" thresholdBytes="2101796" />
</concurrent-halted>
<gc-op id="1964" type="rs-scan" timems="10.387" contextid="1940" timestamp="2025-12-12T05:37:16.153">
  <scan objectsFound="339884" bytesTraced="20450596" workStackOverflowCount="0" />
</gc-op>
<gc-op id="1965" type="card-cleaning" timems="2.128" contextid="1940" timestamp="2025-12-12T05:37:16.155">
  <card-cleaning cardsCleaned="5" bytesTraced="2221620" workStackOverflowCount="0" />
</gc-op>
<gc-op id="1966" type="mark" timems="21.019" contextid="1940" timestamp="2025-12-12T05:37:16.177">
  <trace-info objectcount="58206" scancount="41817" scanbytes="1655604" />
  <finalization candidates="5521" enqueued="4619" />
  <ownableSynchronizers candidates="8979" cleared="89" />
  <references type="soft" candidates="14404" cleared="2" enqueued="2" dynamicThreshold="9" maxThreshold="32" />
  <references type="weak" candidates="15687" cleared="12" enqueued="12" />
  <references type="phantom" candidates="413" cleared="0" enqueued="0" />
  <stringconstants candidates="41120" cleared="56"  />
  <object-monitors candidates="141" cleared="13"  />
</gc-op>
<gc-op id="1967" type="classunload" timems="2.349" contextid="1940" timestamp="2025-12-12T05:37:16.180">
  <classunload-info classloadercandidates="452" classloadersunloaded="1" classesunloaded="4" anonymousclassesunloaded="3" quiescems="0.000" setupms="2.284" scanms="0.051" postms="0.013" />
</gc-op>
<gc-op id="1968" type="sweep" timems="4.305" contextid="1940" timestamp="2025-12-12T05:37:16.184" />
<heap-resize id="1969" type="expand" space="tenure" amount="16842752" count="1" timems="1.376" reason="insufficient free space following gc" timestamp="2025-12-12T05:37:16.186" />
<gc-end id="1970" type="global" contextid="1940" durationms="45.819" usertimems="174.447" systemtimems="51.073" stalltimems="397.533" timestamp="2025-12-12T05:37:16.187" activeThreads="20">
  <mem-info id="1971" free="127951240" total="291045376" percent="43">
    <mem type="nursery" free="99218496" total="195297280" percent="50">
      <mem type="allocate" free="99218496" total="144048128" percent="68" />
      <mem type="survivor" free="0" total="51249152" percent="0" />
    </mem>
    <mem type="tenure" free="28732744" total="95748096" percent="30" micro-fragmented="1819938" macro-fragmented="0">
      <mem type="soa" free="23944520" total="90959872" percent="26" />
      <mem type="loa" free="4788224" total="4788224" percent="100" />
    </mem>
    <pending-finalizers system="0" default="4619" reference="14" classloader="0" />
    <remembered-set count="17054" />
  </mem-info>
</gc-end>
<cycle-end id="1972" type="global" contextid="1940" timestamp="2025-12-12T05:37:16.188" />
<allocation-satisfied id="1973" threadId="0000000000889C00" bytesRequested="24" />
<af-end id="1974" timestamp="2025-12-12T05:37:16.189" threadId="000000000088A678" success="true" from="nursery"/>
<exclusive-end id="1975" timestamp="2025-12-12T05:37:16.189" durationms="49.571" />

<exclusive-start id="1976" timestamp="2025-12-12T05:37:16.467" intervalms="327.991">
  <response-info timems="0.050" idlems="0.050" threads="0" lastid="0000000000889C00" lastname="Default Executor-thread-6" />
</exclusive-start>
<af-start id="1977" threadId="000000000088A678" totalBytesRequested="16392" timestamp="2025-12-12T05:37:16.476" intervalms="335.868" type="nursery" />
<cycle-start id="1978" type="scavenge" contextid="0" timestamp="2025-12-12T05:37:16.483" intervalms="819.621" />
<gc-start id="1979" type="scavenge" contextid="1978" timestamp="2025-12-12T05:37:16.496">
  <mem-info id="1980" free="30455896" total="291045376" percent="10">
    <mem type="nursery" free="1723296" total="195297280" percent="0">
      <mem type="allocate" free="1723296" total="144048128" percent="1" />
      <mem type="survivor" free="0" total="51249152" percent="0" />
    </mem>
    <mem type="tenure" free="28732600" total="95748096" percent="30">
      <mem type="soa" free="23944376" total="90959872" percent="26" />
      <mem type="loa" free="4788224" total="4788224" percent="100" />
    </mem>
    <remembered-set count="17572" />
  </mem-info>
</gc-start>
<allocation-stats totalBytes="95475560" discardedBytes="1747032" >
  <allocated-bytes non-tlh="23249384" tlh="72226176" />
  <largest-consumer threadName="Default Executor-thread-6" threadId="0000000000889C00" bytes="95183064" />
</allocation-stats>
<gc-op id="1981" type="scavenge" timems="32.918" contextid="1978" timestamp="2025-12-12T05:37:16.557">
  <scavenger-info tenureage="7" tenuremask="7f80" tiltratio="73" />
  <memory-copied type="nursery" objects="399698" bytes="29364648" bytesdiscarded="349392" />
  <memory-copied type="tenure" objects="48684" bytes="3100768" bytesdiscarded="12848" />
  <finalization candidates="1742" enqueued="1742" />
  <ownableSynchronizers candidates="17823" cleared="17763" />
  <references type="soft" candidates="573" cleared="0" enqueued="0" dynamicThreshold="9" maxThreshold="32" />
  <references type="weak" candidates="405" cleared="78" enqueued="78" />
  <references type="phantom" candidates="142" cleared="0" enqueued="0" />
  <object-monitors candidates="128" cleared="0"  />
</gc-op>
<heap-resize id="1982" type="expand" space="nursery" amount="18219008" count="1" timems="0.079" reason="excessive time being spent scavenging" timestamp="2025-12-12T05:37:16.669" />
<gc-end id="1983" type="scavenge" contextid="1978" durationms="179.589" usertimems="212.125" systemtimems="17.292" stalltimems="116.846" timestamp="2025-12-12T05:37:16.675" activeThreads="11">
  <mem-info id="1984" free="159499984" total="309264384" percent="51">
    <mem type="nursery" free="134183768" total="213516288" percent="62">
      <mem type="allocate" free="134183768" total="163905536" percent="81" />
      <mem type="survivor" free="0" total="49610752" percent="0" />
    </mem>
    <mem type="tenure" free="25316216" total="95748096" percent="26">
      <mem type="soa" free="20527992" total="90959872" percent="22" />
      <mem type="loa" free="4788224" total="4788224" percent="100" />
    </mem>
    <pending-finalizers system="0" default="1742" reference="78" classloader="0" />
    <remembered-set count="17945" />
  </mem-info>
</gc-end>
<cycle-end id="1985" type="scavenge" contextid="1978" timestamp="2025-12-12T05:37:16.679" />
<allocation-satisfied id="1986" threadId="0000000000889C00" bytesRequested="16392" />
<af-end id="1987" timestamp="2025-12-12T05:37:16.684" threadId="000000000088A678" success="true" from="nursery"/>
<exclusive-end id="1988" timestamp="2025-12-12T05:37:16.685" durationms="218.287" />

<exclusive-start id="1989" timestamp="2025-12-12T05:37:17.050" intervalms="583.097">
  <response-info timems="0.069" idlems="0.069" threads="0" lastid="0000000000889C00" lastname="Default Executor-thread-6" />
</exclusive-start>
<af-start id="1990" threadId="000000000088A678" totalBytesRequested="24" timestamp="2025-12-12T05:37:17.056" intervalms="580.931" type="nursery" />
<cycle-start id="1991" type="scavenge" contextid="0" timestamp="2025-12-12T05:37:17.060" intervalms="576.719" />
<gc-start id="1992" type="scavenge" contextid="1991" timestamp="2025-12-12T05:37:17.067">
  <mem-info id="1993" free="25310176" total="309264384" percent="8">
    <mem type="nursery" free="0" total="213516288" percent="0">
      <mem type="allocate" free="0" total="163905536" percent="0" />
      <mem type="survivor" free="0" total="49610752" percent="0" />
    </mem>
    <mem type="tenure" free="25310176" total="95748096" percent="26">
      <mem type="soa" free="20521952" total="90959872" percent="22" />
      <mem type="loa" free="4788224" total="4788224" percent="100" />
    </mem>
    <remembered-set count="18271" />
  </mem-info>
</gc-start>
<allocation-stats totalBytes="134173128" discardedBytes="16024" >
  <allocated-bytes non-tlh="344696" tlh="133828432" />
  <largest-consumer threadName="Default Executor-thread-6" threadId="0000000000889C00" bytes="133686088" />
</allocation-stats>
<gc-op id="1994" type="scavenge" timems="21.186" contextid="1991" timestamp="2025-12-12T05:37:17.100">
  <scavenger-info tenureage="7" tenuremask="7f80" tiltratio="76" />
  <memory-copied type="nursery" objects="434038" bytes="28708456" bytesdiscarded="123488" />
  <memory-copied type="tenure" objects="14972" bytes="748944" bytesdiscarded="3200" />
  <finalization candidates="572" enqueued="572" />
  <ownableSynchronizers candidates="145" cleared="83" />
  <references type="soft" candidates="488" cleared="0" enqueued="0" dynamicThreshold="9" maxThreshold="32" />
  <references type="weak" candidates="418" cleared="132" enqueued="132" />
  <references type="phantom" candidates="716" cleared="568" enqueued="568" />
  <object-monitors candidates="128" cleared="0"  />
</gc-op>
<gc-end id="1995" type="scavenge" contextid="1991" durationms="34.581" usertimems="59.623" systemtimems="43.349" stalltimems="10.906" timestamp="2025-12-12T05:37:17.101" activeThreads="8">
  <mem-info id="1996" free="165126360" total="309264384" percent="53">
    <mem type="nursery" free="141008480" total="213516288" percent="66">
      <mem type="allocate" free="141008480" total="169869312" percent="83" />
      <mem type="survivor" free="0" total="43646976" percent="0" />
    </mem>
    <mem type="tenure" free="24117880" total="95748096" percent="25">
      <mem type="soa" free="19329656" total="90959872" percent="21" />
      <mem type="loa" free="4788224" total="4788224" percent="100" />
    </mem>
    <pending-finalizers system="0" default="572" reference="700" classloader="0" />
    <remembered-set count="17738" />
  </mem-info>
</gc-end>
<cycle-end id="1997" type="scavenge" contextid="1991" timestamp="2025-12-12T05:37:17.102" />
<allocation-satisfied id="1998" threadId="0000000000889C00" bytesRequested="24" />
<af-end id="1999" timestamp="2025-12-12T05:37:17.103" threadId="000000000088A678" success="true" from="nursery"/>
<exclusive-end id="2000" timestamp="2025-12-12T05:37:17.104" durationms="53.350" />

<exclusive-start id="2001" timestamp="2025-12-12T05:37:17.893" intervalms="842.630">
  <response-info timems="0.065" idlems="0.065" threads="0" lastid="000000000086F400" lastname="Default Executor-thread-4" />
</exclusive-start>
<af-start id="2002" threadId="000000000086FE78" totalBytesRequested="100640" timestamp="2025-12-12T05:37:17.894" intervalms="837.314" type="nursery" />
<cycle-start id="2003" type="scavenge" contextid="0" timestamp="2025-12-12T05:37:17.895" intervalms="834.933" />
<gc-start id="2004" type="scavenge" contextid="2003" timestamp="2025-12-12T05:37:17.896">
  <mem-info id="2005" free="24058528" total="309264384" percent="7">
    <mem type="nursery" free="0" total="213516288" percent="0">
      <mem type="allocate" free="0" total="169869312" percent="0" />
      <mem type="survivor" free="0" total="43646976" percent="0" />
    </mem>
    <mem type="tenure" free="24058528" total="95748096" percent="25">
      <mem type="soa" free="19270304" total="90959872" percent="21" />
      <mem type="loa" free="4788224" total="4788224" percent="100" />
    </mem>
    <remembered-set count="19011" />
  </mem-info>
</gc-start>
<allocation-stats totalBytes="141020864" discardedBytes="46968" >
  <allocated-bytes non-tlh="59376" tlh="140961488" />
  <largest-consumer threadName="Default Executor-thread-6" threadId="0000000000889C00" bytes="64263664" />
</allocation-stats>
<gc-op id="2006" type="scavenge" timems="43.172" contextid="2003" timestamp="2025-12-12T05:37:17.941">
  <scavenger-info tenureage="5" tenuremask="7fe0" tiltratio="79" />
  <memory-copied type="nursery" objects="175155" bytes="12432408" bytesdiscarded="350832" />
  <memory-copied type="tenure" objects="273520" bytes="15872944" bytesdiscarded="8200" />
  <finalization candidates="298" enqueued="298" />
  <ownableSynchronizers candidates="21804" cleared="21670" />
  <references type="soft" candidates="261" cleared="0" enqueued="0" dynamicThreshold="9" maxThreshold="32" />
  <references type="weak" candidates="668" cleared="493" enqueued="487" />
  <references type="phantom" candidates="390" cleared="287" enqueued="287" />
  <object-monitors candidates="134" cleared="4"  />
</gc-op>
<heap-resize id="2007" type="expand" space="nursery" amount="7864320" count="1" timems="0.055" reason="excessive time being spent scavenging" timestamp="2025-12-12T05:37:17.942" />
<gc-end id="2008" type="scavenge" contextid="2003" durationms="47.162" usertimems="229.392" systemtimems="24.351" stalltimems="33.370" timestamp="2025-12-12T05:37:17.943" activeThreads="9">
  <mem-info id="2009" free="172937432" total="317128704" percent="54">
    <mem type="nursery" free="165060216" total="221380608" percent="74">
      <mem type="allocate" free="165060216" total="177864704" percent="92" />
      <mem type="survivor" free="0" total="43515904" percent="0" />
    </mem>
    <mem type="tenure" free="7877216" total="95748096" percent="8">
      <mem type="soa" free="3088992" total="90959872" percent="3" />
      <mem type="loa" free="4788224" total="4788224" percent="100" />
    </mem>
    <pending-finalizers system="6" default="292" reference="774" classloader="0" />
    <remembered-set count="6547" />
  </mem-info>
</gc-end>
<cycle-end id="2010" type="scavenge" contextid="2003" timestamp="2025-12-12T05:37:17.944" />
<allocation-satisfied id="2011" threadId="000000000086F400" bytesRequested="100640" />
<af-end id="2012" timestamp="2025-12-12T05:37:17.946" threadId="000000000086FE78" success="true" from="nursery"/>
<exclusive-end id="2013" timestamp="2025-12-12T05:37:17.946" durationms="53.212" />

<concurrent-kickoff id="2014" timestamp="2025-12-12T05:37:19.871">
  <kickoff reason="threshold reached" targetBytes="49241781" thresholdFreeBytes="6614524"  remainingFree="6377256" tenureFreeBytes="7327096" nurseryFreeBytes="6377256" />
</concurrent-kickoff>
<exclusive-start id="2015" timestamp="2025-12-12T05:37:19.873" intervalms="1980.150">
  <response-info timems="0.083" idlems="0.083" threads="0" lastid="00000000019C9400" lastname="Connection worker" />
</exclusive-start>
<cycle-start id="2016" type="global" contextid="0" timestamp="2025-12-12T05:37:19.874" intervalms="4273.547" />
<concurrent-start id="2017" type="global mark" contextid="2016" timestamp="2025-12-12T05:37:19.875">
</concurrent-start>
<exclusive-end id="2018" timestamp="2025-12-12T05:37:19.875" durationms="2.215" />

<concurrent-end id="2019" type="global mark" contextid="2016" timestamp="2025-12-12T05:37:20.023">
<gc-op id="2020" type="trace" timems="148.204" contextid="2016" timestamp="2025-12-12T05:37:20.023">
  <trace bytesTraced="53700596" workStackOverflowCount="0" />
  <card-cleaning reason="card cleaning threshold reached" bytesTraced="4032" cardsCleaned="43" />
</gc-op>
</concurrent-end>

<exclusive-start id="2021" timestamp="2025-12-12T05:37:20.025" intervalms="151.575">
  <response-info timems="0.083" idlems="0.083" threads="0" lastid="00000000019C9400" lastname="Connection worker" />
</exclusive-start>
<concurrent-global-final id="2022" timestamp="2025-12-12T05:37:20.026" contextid="2016" intervalms="6997.192" >
  <concurrent-trace-info reason="card cleaning threshold reached" tracedByMutators="9321232" tracedByHelpers="44383396" cardsCleaned="43" workStackOverflowCount="0" />
</concurrent-global-final>
<gc-start id="2023" type="global" contextid="2016" timestamp="2025-12-12T05:37:20.027">
  <mem-info id="2024" free="9093888" total="317128704" percent="2">
    <mem type="nursery" free="1785640" total="221380608" percent="0">
      <mem type="allocate" free="1785640" total="177864704" percent="1" />
      <mem type="survivor" free="0" total="43515904" percent="0" />
    </mem>
    <mem type="tenure" free="7308248" total="95748096" percent="7">
      <mem type="soa" free="2520024" total="90959872" percent="2" />
      <mem type="loa" free="4788224" total="4788224" percent="100" />
    </mem>
    <remembered-set count="17425" />
  </mem-info>
</gc-start>
<allocation-stats totalBytes="163781208" discardedBytes="62336" >
  <allocated-bytes non-tlh="9098960" tlh="154682248" />
  <largest-consumer threadName="Connection worker" threadId="00000000019C9400" bytes="76202072" />
</allocation-stats>
<heap-resize id="2025" type="loa contract" space="tenure" amount="957440" count="1" timems="0.000" reason="contract underutilized loa" timestamp="2025-12-12T05:37:20.028" />
<gc-op id="2026" type="rs-scan" timems="8.764" contextid="2016" timestamp="2025-12-12T05:37:20.038">
  <scan objectsFound="201374" bytesTraced="11613904" workStackOverflowCount="0" />
</gc-op>
<gc-op id="2027" type="card-cleaning" timems="1.675" contextid="2016" timestamp="2025-12-12T05:37:20.040">
  <card-cleaning cardsCleaned="2" bytesTraced="592" workStackOverflowCount="0" />
</gc-op>
<gc-op id="2028" type="mark" timems="25.357" contextid="2016" timestamp="2025-12-12T05:37:20.066">
  <trace-info objectcount="49052" scancount="40069" scanbytes="1215152" />
  <finalization candidates="1723" enqueued="818" />
  <ownableSynchronizers candidates="9396" cleared="282" />
  <references type="soft" candidates="15522" cleared="0" enqueued="0" dynamicThreshold="9" maxThreshold="32" />
  <references type="weak" candidates="21734" cleared="5291" enqueued="5274" />
  <references type="phantom" candidates="1556" cleared="191" enqueued="191" />
  <stringconstants candidates="44769" cleared="66"  />
  <object-monitors candidates="168" cleared="4"  />
</gc-op>
<gc-op id="2029" type="classunload" timems="1.983" contextid="2016" timestamp="2025-12-12T05:37:20.069">
  <classunload-info classloadercandidates="468" classloadersunloaded="2" classesunloaded="2" anonymousclassesunloaded="0" quiescems="0.000" setupms="1.943" scanms="0.021" postms="0.018" />
</gc-op>
<gc-op id="2030" type="sweep" timems="3.549" contextid="2016" timestamp="2025-12-12T05:37:20.073" />
<heap-resize id="2031" type="expand" space="tenure" amount="14221312" count="1" timems="2.111" reason="insufficient free space following gc" timestamp="2025-12-12T05:37:20.076" />
<heap-resize id="2032" type="loa contract" space="tenure" amount="3299328" count="1" timems="0.000" reason="contract to meet minimum soa" timestamp="2025-12-12T05:37:20.079" />
<gc-end id="2033" type="global" contextid="2016" durationms="53.400" usertimems="125.113" systemtimems="55.924" stalltimems="435.008" timestamp="2025-12-12T05:37:20.080" activeThreads="20">
  <mem-info id="2034" free="177757152" total="331350016" percent="53">
    <mem type="nursery" free="144732184" total="221380608" percent="65">
      <mem type="allocate" free="144732184" total="177864704" percent="81" />
      <mem type="survivor" free="0" total="43515904" percent="0" />
    </mem>
    <mem type="tenure" free="33024968" total="109969408" percent="30" micro-fragmented="2504747" macro-fragmented="0">
      <mem type="soa" free="31925192" total="108869632" percent="29" />
      <mem type="loa" free="1099776" total="1099776" percent="100" />
    </mem>
    <pending-finalizers system="134" default="684" reference="5465" classloader="0" />
    <remembered-set count="13628" />
  </mem-info>
</gc-end>
<cycle-end id="2035" type="global" contextid="2016" timestamp="2025-12-12T05:37:20.081" />
<exclusive-end id="2036" timestamp="2025-12-12T05:37:20.082" durationms="56.951" />

<exclusive-start id="2037" timestamp="2025-12-12T05:37:25.847" intervalms="5822.636">
  <response-info timems="0.079" idlems="0.048" threads="1" lastid="00000000019D1100" lastname="Default Executor-thread-8" />
</exclusive-start>
<af-start id="2038" threadId="000000000186BC78" totalBytesRequested="120" timestamp="2025-12-12T05:37:25.848" intervalms="7954.470" type="nursery" />
<cycle-start id="2039" type="scavenge" contextid="0" timestamp="2025-12-12T05:37:25.850" intervalms="7955.470" />
<gc-start id="2040" type="scavenge" contextid="2039" timestamp="2025-12-12T05:37:25.851">
  <mem-info id="2041" free="32158960" total="331350016" percent="9">
    <mem type="nursery" free="0" total="221380608" percent="0">
      <mem type="allocate" free="0" total="177864704" percent="0" />
      <mem type="survivor" free="0" total="43515904" percent="0" />
    </mem>
    <mem type="tenure" free="32158960" total="109969408" percent="29">
      <mem type="soa" free="31059184" total="108869632" percent="28" />
      <mem type="loa" free="1099776" total="1099776" percent="100" />
    </mem>
    <remembered-set count="24855" />
  </mem-info>
</gc-start>
<allocation-stats totalBytes="144356000" discardedBytes="991632" >
  <allocated-bytes non-tlh="43938792" tlh="100417208" />
  <largest-consumer threadName="Default Executor-thread-8" threadId="00000000019D1100" bytes="84113024" />
</allocation-stats>
<gc-op id="2042" type="scavenge" timems="18.552" contextid="2039" timestamp="2025-12-12T05:37:25.871">
  <scavenger-info tenureage="8" tenuremask="7f00" tiltratio="80" />
  <memory-copied type="nursery" objects="320838" bytes="29987872" bytesdiscarded="191136" />
  <finalization candidates="262" enqueued="253" />
  <ownableSynchronizers candidates="18559" cleared="18207" />
  <references type="soft" candidates="1959" cleared="0" enqueued="0" dynamicThreshold="9" maxThreshold="32" />
  <references type="weak" candidates="5842" cleared="4283" enqueued="4221" />
  <references type="phantom" candidates="1533" cleared="314" enqueued="314" />
  <object-monitors candidates="256" cleared="86"  />
</gc-op>
<gc-end id="2043" type="scavenge" contextid="2039" durationms="20.600" usertimems="126.420" systemtimems="34.428" stalltimems="60.445" timestamp="2025-12-12T05:37:25.872" activeThreads="15">
  <mem-info id="2044" free="167763448" total="331350016" percent="50">
    <mem type="nursery" free="135604488" total="221380608" percent="61">
      <mem type="allocate" free="135604488" total="165806080" percent="81" />
      <mem type="survivor" free="0" total="55574528" percent="0" />
    </mem>
    <mem type="tenure" free="32158960" total="109969408" percent="29">
      <mem type="soa" free="31059184" total="108869632" percent="28" />
      <mem type="loa" free="1099776" total="1099776" percent="100" />
    </mem>
    <pending-finalizers system="236" default="17" reference="4535" classloader="0" />
    <remembered-set count="22323" />
  </mem-info>
</gc-end>
<cycle-end id="2045" type="scavenge" contextid="2039" timestamp="2025-12-12T05:37:25.872" />
<allocation-satisfied id="2046" threadId="000000000186B200" bytesRequested="120" />
<af-end id="2047" timestamp="2025-12-12T05:37:25.874" threadId="000000000186BC78" success="true" from="nursery"/>
<exclusive-end id="2048" timestamp="2025-12-12T05:37:25.874" durationms="27.149" />

<exclusive-start id="2049" timestamp="2025-12-12T05:37:31.813" intervalms="5965.622">
  <response-info timems="0.103" idlems="0.103" threads="0" lastid="0000000001924A00" lastname="Default Executor-thread-12" />
</exclusive-start>
<af-start id="2050" threadId="0000000001925478" totalBytesRequested="40" timestamp="2025-12-12T05:37:31.814" intervalms="5965.546" type="nursery" />
<cycle-start id="2051" type="scavenge" contextid="0" timestamp="2025-12-12T05:37:31.815" intervalms="5964.929" />
<gc-start id="2052" type="scavenge" contextid="2051" timestamp="2025-12-12T05:37:31.816">
  <mem-info id="2053" free="31716240" total="331350016" percent="9">
    <mem type="nursery" free="0" total="221380608" percent="0">
      <mem type="allocate" free="0" total="165806080" percent="0" />
      <mem type="survivor" free="0" total="55574528" percent="0" />
    </mem>
    <mem type="tenure" free="31716240" total="109969408" percent="28">
      <mem type="soa" free="30616464" total="108869632" percent="28" />
      <mem type="loa" free="1099776" total="1099776" percent="100" />
    </mem>
    <remembered-set count="58129" />
  </mem-info>
</gc-start>
<allocation-stats totalBytes="135871232" discardedBytes="124504" >
  <allocated-bytes non-tlh="878280" tlh="134992952" />
  <largest-consumer threadName="Default Executor-thread-12" threadId="0000000001924A00" bytes="74951408" />
</allocation-stats>
<gc-op id="2054" type="scavenge" timems="26.228" contextid="2051" timestamp="2025-12-12T05:37:31.843">
  <scavenger-info tenureage="8" tenuremask="7f00" tiltratio="74" />
  <memory-copied type="nursery" objects="379010" bytes="32673480" bytesdiscarded="506392" />
  <finalization candidates="481" enqueued="472" />
  <ownableSynchronizers candidates="943" cleared="538" />
  <references type="soft" candidates="2994" cleared="0" enqueued="0" dynamicThreshold="9" maxThreshold="32" />
  <references type="weak" candidates="4673" cleared="2590" enqueued="2579" />
  <references type="phantom" candidates="1510" cleared="185" enqueued="185" />
  <object-monitors candidates="220" cleared="39"  />
</gc-op>
<gc-end id="2055" type="scavenge" contextid="2051" durationms="29.282" usertimems="176.543" systemtimems="35.781" stalltimems="184.122" timestamp="2025-12-12T05:37:31.845" activeThreads="18">
  <mem-info id="2056" free="173692560" total="331350016" percent="52">
    <mem type="nursery" free="141976320" total="221380608" percent="64">
      <mem type="allocate" free="141976320" total="175177728" percent="81" />
      <mem type="survivor" free="0" total="46202880" percent="0" />
    </mem>
    <mem type="tenure" free="31716240" total="109969408" percent="28">
      <mem type="soa" free="30616464" total="108869632" percent="28" />
      <mem type="loa" free="1099776" total="1099776" percent="100" />
    </mem>
    <pending-finalizers system="123" default="349" reference="2764" classloader="0" />
    <remembered-set count="46251" />
  </mem-info>
</gc-end>
<cycle-end id="2057" type="scavenge" contextid="2051" timestamp="2025-12-12T05:37:31.847" />
<allocation-satisfied id="2058" threadId="0000000001924A00" bytesRequested="40" />
<af-end id="2059" timestamp="2025-12-12T05:37:31.849" threadId="0000000001925478" success="true" from="nursery"/>
<exclusive-end id="2060" timestamp="2025-12-12T05:37:31.850" durationms="36.617" />

<exclusive-start id="2061" timestamp="2025-12-12T05:37:33.420" intervalms="1607.485">
  <response-info timems="0.065" idlems="0.065" threads="0" lastid="00000000019D8F00" lastname="Default Executor-thread-7" />
</exclusive-start>
<af-start id="2062" threadId="00000000019D9978" totalBytesRequested="16" timestamp="2025-12-12T05:37:33.421" intervalms="1607.121" type="nursery" />
<cycle-start id="2063" type="scavenge" contextid="0" timestamp="2025-12-12T05:37:33.422" intervalms="1606.832" />
<gc-start id="2064" type="scavenge" contextid="2063" timestamp="2025-12-12T05:37:33.423">
  <mem-info id="2065" free="31446184" total="331350016" percent="9">
    <mem type="nursery" free="0" total="221380608" percent="0">
      <mem type="allocate" free="0" total="175177728" percent="0" />
      <mem type="survivor" free="0" total="46202880" percent="0" />
    </mem>
    <mem type="tenure" free="31446184" total="109969408" percent="28">
      <mem type="soa" free="30346408" total="108869632" percent="27" />
      <mem type="loa" free="1099776" total="1099776" percent="100" />
    </mem>
    <remembered-set count="51251" />
  </mem-info>
</gc-start>
<allocation-stats totalBytes="142122096" discardedBytes="119440" >
  <allocated-bytes non-tlh="310128" tlh="141811968" />
  <largest-consumer threadName="Default Executor-thread-16" threadId="000000000182A300" bytes="49743616" />
</allocation-stats>
<gc-op id="2066" type="scavenge" timems="15.040" contextid="2063" timestamp="2025-12-12T05:37:33.440">
  <scavenger-info tenureage="8" tenuremask="7f00" tiltratio="79" />
  <memory-copied type="nursery" objects="423138" bytes="34604856" bytesdiscarded="412680" />
  <finalization candidates="340" enqueued="331" />
  <ownableSynchronizers candidates="953" cleared="339" />
  <references type="soft" candidates="3978" cleared="0" enqueued="0" dynamicThreshold="9" maxThreshold="32" />
  <references type="weak" candidates="4353" cleared="1510" enqueued="1500" />
  <references type="phantom" candidates="1563" cleared="220" enqueued="220" />
  <object-monitors candidates="187" cleared="1"  />
</gc-op>
<gc-end id="2067" type="scavenge" contextid="2063" durationms="17.958" usertimems="151.572" systemtimems="13.540" stalltimems="94.868" timestamp="2025-12-12T05:37:33.441" activeThreads="19">
  <mem-info id="2068" free="172301096" total="331350016" percent="51">
    <mem type="nursery" free="140854912" total="221380608" percent="63">
      <mem type="allocate" free="140854912" total="175898624" percent="80" />
      <mem type="survivor" free="0" total="45481984" percent="0" />
    </mem>
    <mem type="tenure" free="31446184" total="109969408" percent="28">
      <mem type="soa" free="30346408" total="108869632" percent="27" />
      <mem type="loa" free="1099776" total="1099776" percent="100" />
    </mem>
    <pending-finalizers system="262" default="69" reference="1720" classloader="0" />
    <remembered-set count="39569" />
  </mem-info>
</gc-end>
<cycle-end id="2069" type="scavenge" contextid="2063" timestamp="2025-12-12T05:37:33.443" />
<allocation-satisfied id="2070" threadId="00000000019D8F00" bytesRequested="16" />
<af-end id="2071" timestamp="2025-12-12T05:37:33.444" threadId="00000000019D9978" success="true" from="nursery"/>
<exclusive-end id="2072" timestamp="2025-12-12T05:37:33.445" durationms="24.228" />

<exclusive-start id="2073" timestamp="2025-12-12T05:38:06.421" intervalms="33000.919">
  <response-info timems="0.160" idlems="0.160" threads="0" lastid="00000000019C9400" lastname="Connection worker" />
</exclusive-start>
<af-start id="2074" threadId="00000000019C9E78" totalBytesRequested="322920" timestamp="2025-12-12T05:38:06.422" intervalms="33001.076" type="nursery" />
<cycle-start id="2075" type="scavenge" contextid="0" timestamp="2025-12-12T05:38:06.424" intervalms="33001.640" />
<gc-start id="2076" type="scavenge" contextid="2075" timestamp="2025-12-12T05:38:06.426">
  <mem-info id="2077" free="31446480" total="331350016" percent="9">
    <mem type="nursery" free="132640" total="221380608" percent="0">
      <mem type="allocate" free="132640" total="175898624" percent="0" />
      <mem type="survivor" free="0" total="45481984" percent="0" />
    </mem>
    <mem type="tenure" free="31313840" total="109969408" percent="28">
      <mem type="soa" free="30214064" total="108869632" percent="27" />
      <mem type="loa" free="1099776" total="1099776" percent="100" />
    </mem>
    <remembered-set count="41888" />
  </mem-info>
</gc-start>
<allocation-stats totalBytes="140715992" discardedBytes="124128" >
  <allocated-bytes non-tlh="675000" tlh="140040992" />
  <largest-consumer threadName="Default Executor-thread-7" threadId="00000000019D8F00" bytes="31067088" />
</allocation-stats>
<gc-op id="2078" type="scavenge" timems="28.847" contextid="2075" timestamp="2025-12-12T05:38:06.456">
  <scavenger-info tenureage="8" tenuremask="7f00" tiltratio="79" />
  <memory-copied type="nursery" objects="406964" bytes="32397288" bytesdiscarded="573408" />
  <memory-copied type="tenure" objects="14801" bytes="1234520" bytesdiscarded="10352" />
  <finalization candidates="58" enqueued="49" />
  <ownableSynchronizers candidates="3916" cleared="3283" />
  <references type="soft" candidates="4351" cleared="0" enqueued="0" dynamicThreshold="9" maxThreshold="32" />
  <references type="weak" candidates="4343" cleared="567" enqueued="545" />
  <references type="phantom" candidates="1488" cleared="141" enqueued="141" />
  <object-monitors candidates="188" cleared="2"  />
</gc-op>
<gc-end id="2079" type="scavenge" contextid="2075" durationms="37.197" usertimems="263.657" systemtimems="11.421" stalltimems="218.826" timestamp="2025-12-12T05:38:06.463" activeThreads="19">
  <mem-info id="2080" free="173241624" total="331350016" percent="52">
    <mem type="nursery" free="143359168" total="221380608" percent="64">
      <mem type="allocate" free="143359168" total="176357376" percent="81" />
      <mem type="survivor" free="0" total="45023232" percent="0" />
    </mem>
    <mem type="tenure" free="29882456" total="109969408" percent="27" macro-fragmented="0">
      <mem type="soa" free="28782680" total="108869632" percent="26" />
      <mem type="loa" free="1099776" total="1099776" percent="100" />
    </mem>
    <pending-finalizers system="45" default="4" reference="686" classloader="0" />
    <remembered-set count="36049" />
  </mem-info>
</gc-end>
<cycle-end id="2081" type="scavenge" contextid="2075" timestamp="2025-12-12T05:38:06.464" />
<allocation-satisfied id="2082" threadId="00000000019C9400" bytesRequested="322920" />
<af-end id="2083" timestamp="2025-12-12T05:38:06.466" threadId="00000000019C9E78" success="true" from="nursery"/>
<exclusive-end id="2084" timestamp="2025-12-12T05:38:06.466" durationms="45.156" />

<exclusive-start id="2085" timestamp="2025-12-12T05:38:09.206" intervalms="2784.378">
  <response-info timems="0.082" idlems="0.082" threads="0" lastid="00000000018EDD00" lastname="Default Executor-thread-36" />
</exclusive-start>
<af-start id="2086" threadId="00000000018EE778" totalBytesRequested="1032" timestamp="2025-12-12T05:38:09.206" intervalms="2784.337" type="nursery" />
<cycle-start id="2087" type="scavenge" contextid="0" timestamp="2025-12-12T05:38:09.207" intervalms="2783.415" />
<gc-start id="2088" type="scavenge" contextid="2087" timestamp="2025-12-12T05:38:09.209">
  <mem-info id="2089" free="29715440" total="331350016" percent="8">
    <mem type="nursery" free="0" total="221380608" percent="0">
      <mem type="allocate" free="0" total="176357376" percent="0" />
      <mem type="survivor" free="0" total="45023232" percent="0" />
    </mem>
    <mem type="tenure" free="29715440" total="109969408" percent="27">
      <mem type="soa" free="28615664" total="108869632" percent="26" />
      <mem type="loa" free="1099776" total="1099776" percent="100" />
    </mem>
    <remembered-set count="39350" />
  </mem-info>
</gc-start>
<allocation-stats totalBytes="143490312" discardedBytes="30056" >
  <allocated-bytes non-tlh="741696" tlh="142748616" />
  <largest-consumer threadName="Default Executor-thread-20" threadId="0000000001832500" bytes="120923648" />
</allocation-stats>
<gc-op id="2090" type="scavenge" timems="21.351" contextid="2087" timestamp="2025-12-12T05:38:09.231">
  <scavenger-info tenureage="6" tenuremask="7f40" tiltratio="79" />
  <memory-copied type="nursery" objects="447096" bytes="32717240" bytesdiscarded="302136" />
  <memory-copied type="tenure" objects="33756" bytes="3478272" bytesdiscarded="40824" />
  <finalization candidates="240" enqueued="229" />
  <ownableSynchronizers candidates="4274" cleared="3444" />
  <references type="soft" candidates="5221" cleared="0" enqueued="0" dynamicThreshold="9" maxThreshold="32" />
  <references type="weak" candidates="5099" cleared="934" enqueued="911" />
  <references type="phantom" candidates="1433" cleared="73" enqueued="73" />
  <object-monitors candidates="199" cleared="8"  />
</gc-op>
<gc-end id="2091" type="scavenge" contextid="2087" durationms="119.599" usertimems="283.302" systemtimems="24.148" stalltimems="149.630" timestamp="2025-12-12T05:38:09.328" activeThreads="19">
  <mem-info id="2092" free="170264816" total="331350016" percent="51">
    <mem type="nursery" free="144152136" total="221380608" percent="65">
      <mem type="allocate" free="144152136" total="177209344" percent="81" />
      <mem type="survivor" free="0" total="44171264" percent="0" />
    </mem>
    <mem type="tenure" free="26112680" total="109969408" percent="23" macro-fragmented="19260884">
      <mem type="soa" free="25012904" total="108869632" percent="22" />
      <mem type="loa" free="1099776" total="1099776" percent="100" />
    </mem>
    <pending-finalizers system="115" default="114" reference="984" classloader="0" />
    <remembered-set count="33765" />
  </mem-info>
</gc-end>
<cycle-end id="2093" type="scavenge" contextid="2087" timestamp="2025-12-12T05:38:09.339" />
<allocation-satisfied id="2094" threadId="00000000018EDD00" bytesRequested="1032" />
<af-end id="2095" timestamp="2025-12-12T05:38:09.348" threadId="00000000018EE778" success="true" from="nursery"/>
<exclusive-end id="2096" timestamp="2025-12-12T05:38:09.352" durationms="146.123" />

<exclusive-start id="2097" timestamp="2025-12-12T05:38:10.414" intervalms="1208.471">
  <response-info timems="0.055" idlems="0.055" threads="0" lastid="00000000019E0C00" lastname="Default Executor-thread-9" />
</exclusive-start>
<af-start id="2098" threadId="00000000019E1678" totalBytesRequested="16" timestamp="2025-12-12T05:38:10.415" intervalms="1208.342" type="nursery" />
<cycle-start id="2099" type="scavenge" contextid="0" timestamp="2025-12-12T05:38:10.415" intervalms="1208.382" />
<gc-start id="2100" type="scavenge" contextid="2099" timestamp="2025-12-12T05:38:10.416">
  <mem-info id="2101" free="26064344" total="331350016" percent="7">
    <mem type="nursery" free="0" total="221380608" percent="0">
      <mem type="allocate" free="0" total="177209344" percent="0" />
      <mem type="survivor" free="0" total="44171264" percent="0" />
    </mem>
    <mem type="tenure" free="26064344" total="109969408" percent="23">
      <mem type="soa" free="24964568" total="108869632" percent="22" />
      <mem type="loa" free="1099776" total="1099776" percent="100" />
    </mem>
    <remembered-set count="35955" />
  </mem-info>
</gc-start>
<allocation-stats totalBytes="144168272" discardedBytes="20744" >
  <allocated-bytes non-tlh="218736" tlh="143949536" />
  <largest-consumer threadName="Default Executor-thread-9" threadId="00000000019E0C00" bytes="131711288" />
</allocation-stats>
<gc-op id="2102" type="scavenge" timems="11.329" contextid="2099" timestamp="2025-12-12T05:38:10.429">
  <scavenger-info tenureage="6" tenuremask="7f40" tiltratio="80" />
  <memory-copied type="nursery" objects="416129" bytes="29751064" bytesdiscarded="558112" />
  <memory-copied type="tenure" objects="105666" bytes="5707256" bytesdiscarded="79256" />
  <finalization candidates="60" enqueued="48" />
  <ownableSynchronizers candidates="1022" cleared="148" />
  <references type="soft" candidates="5115" cleared="0" enqueued="0" dynamicThreshold="9" maxThreshold="32" />
  <references type="weak" candidates="4412" cleared="268" enqueued="256" />
  <references type="phantom" candidates="1372" cleared="16" enqueued="16" />
  <object-monitors candidates="192" cleared="0"  />
</gc-op>
<gc-end id="2103" type="scavenge" contextid="2099" durationms="36.179" usertimems="129.303" systemtimems="10.906" stalltimems="90.050" timestamp="2025-12-12T05:38:10.453" activeThreads="19">
  <mem-info id="2104" free="166998192" total="331350016" percent="50">
    <mem type="nursery" free="147597664" total="221380608" percent="66">
      <mem type="allocate" free="147597664" total="177930240" percent="82" />
      <mem type="survivor" free="0" total="43450368" percent="0" />
    </mem>
    <mem type="tenure" free="19400528" total="109969408" percent="17" macro-fragmented="81960">
      <mem type="soa" free="18300752" total="108869632" percent="16" />
      <mem type="loa" free="1099776" total="1099776" percent="100" />
    </mem>
    <pending-finalizers system="22" default="26" reference="272" classloader="0" />
    <remembered-set count="32517" />
  </mem-info>
</gc-end>
<cycle-end id="2105" type="scavenge" contextid="2099" timestamp="2025-12-12T05:38:10.454" />
<allocation-satisfied id="2106" threadId="00000000019E0C00" bytesRequested="16" />
<af-end id="2107" timestamp="2025-12-12T05:38:10.455" threadId="00000000019E1678" success="true" from="nursery"/>
<exclusive-end id="2108" timestamp="2025-12-12T05:38:10.455" durationms="41.342" />

<exclusive-start id="2109" timestamp="2025-12-12T05:39:21.288" intervalms="70873.591">
  <response-info timems="0.072" idlems="0.072" threads="0" lastid="0000000001821500" lastname="Default Executor-thread-30" />
</exclusive-start>
<af-start id="2110" threadId="0000000001821F78" totalBytesRequested="24" timestamp="2025-12-12T05:39:21.289" intervalms="70873.983" type="nursery" />
<cycle-start id="2111" type="scavenge" contextid="0" timestamp="2025-12-12T05:39:21.290" intervalms="70874.525" />
<gc-start id="2112" type="scavenge" contextid="2111" timestamp="2025-12-12T05:39:21.292">
  <mem-info id="2113" free="19356056" total="331350016" percent="5">
    <mem type="nursery" free="0" total="221380608" percent="0">
      <mem type="allocate" free="0" total="177930240" percent="0" />
      <mem type="survivor" free="0" total="43450368" percent="0" />
    </mem>
    <mem type="tenure" free="19356056" total="109969408" percent="17">
      <mem type="soa" free="18256280" total="108869632" percent="16" />
      <mem type="loa" free="1099776" total="1099776" percent="100" />
    </mem>
    <remembered-set count="34023" />
  </mem-info>
</gc-start>
<allocation-stats totalBytes="147511440" discardedBytes="130696" >
  <allocated-bytes non-tlh="765488" tlh="146745952" />
  <largest-consumer threadName="Default Executor-thread-9" threadId="00000000019E0C00" bytes="53202256" />
</allocation-stats>
<gc-op id="2114" type="scavenge" timems="31.479" contextid="2111" timestamp="2025-12-12T05:39:21.324">
  <scavenger-info tenureage="6" tenuremask="7f40" tiltratio="80" />
  <memory-copied type="nursery" objects="262718" bytes="13731504" bytesdiscarded="330736" />
  <memory-copied type="tenure" objects="131777" bytes="16280408" bytesdiscarded="10184" />
  <finalization candidates="26" enqueued="16" />
  <ownableSynchronizers candidates="7130" cleared="6331" />
  <references type="soft" candidates="3606" cleared="0" enqueued="0" dynamicThreshold="9" maxThreshold="32" />
  <references type="weak" candidates="3643" cleared="224" enqueued="207" />
  <references type="phantom" candidates="515" cleared="147" enqueued="147" />
  <object-monitors candidates="196" cleared="1"  />
</gc-op>
<gc-end id="2115" type="scavenge" contextid="2111" durationms="106.807" usertimems="148.674" systemtimems="19.955" stalltimems="323.161" timestamp="2025-12-12T05:39:21.399" activeThreads="18">
  <mem-info id="2116" free="168587280" total="331350016" percent="50">
    <mem type="nursery" free="165163464" total="221380608" percent="74">
      <mem type="allocate" free="165163464" total="179240960" percent="92" />
      <mem type="survivor" free="0" total="42139648" percent="0" />
    </mem>
    <mem type="tenure" free="3423816" total="109969408" percent="3" macro-fragmented="0">
      <mem type="soa" free="2324040" total="108869632" percent="2" />
      <mem type="loa" free="1099776" total="1099776" percent="100" />
    </mem>
    <pending-finalizers system="14" default="2" reference="354" classloader="0" />
    <remembered-set count="24878" />
  </mem-info>
</gc-end>
<cycle-end id="2117" type="scavenge" contextid="2111" timestamp="2025-12-12T05:39:21.399" />
<allocation-satisfied id="2118" threadId="0000000001821500" bytesRequested="24" />
<af-end id="2119" timestamp="2025-12-12T05:39:21.401" threadId="0000000001821F78" success="true" from="nursery"/>
<exclusive-end id="2120" timestamp="2025-12-12T05:39:21.402" durationms="113.795" />

<concurrent-kickoff id="2121" timestamp="2025-12-12T05:42:08.520">
  <kickoff reason="threshold reached" targetBytes="57598898" thresholdFreeBytes="7780280"  remainingFree="7414136" tenureFreeBytes="3191064" nurseryFreeBytes="7414136" />
</concurrent-kickoff>
<exclusive-start id="2122" timestamp="2025-12-12T05:42:08.540" intervalms="167252.019">
  <response-info timems="0.123" idlems="0.062" threads="1" lastid="000000000004BA00" lastname="IProfiler" />
</exclusive-start>
<cycle-start id="2123" type="global" contextid="0" timestamp="2025-12-12T05:42:08.542" intervalms="288667.735" />
<concurrent-start id="2124" type="global mark" contextid="2123" timestamp="2025-12-12T05:42:08.544">
</concurrent-start>
<exclusive-end id="2125" timestamp="2025-12-12T05:42:08.545" durationms="5.358" />

<concurrent-end id="2126" type="global mark" contextid="2123" timestamp="2025-12-12T05:42:17.937">
<gc-op id="2127" type="trace" timems="9393.555" contextid="2123" timestamp="2025-12-12T05:42:17.937">
  <trace bytesTraced="64843720" workStackOverflowCount="0" />
  <card-cleaning reason="card cleaning threshold reached" bytesTraced="26616" cardsCleaned="131" />
</gc-op>
</concurrent-end>

<exclusive-start id="2128" timestamp="2025-12-12T05:42:17.940" intervalms="9400.266">
  <response-info timems="0.084" idlems="0.084" threads="0" lastid="00000000019D1100" lastname="Default Executor-thread-8" />
</exclusive-start>
<concurrent-global-final id="2129" timestamp="2025-12-12T05:42:17.941" contextid="2123" intervalms="297915.619" >
  <concurrent-trace-info reason="card cleaning threshold reached" tracedByMutators="296332" tracedByHelpers="64574004" cardsCleaned="131" workStackOverflowCount="0" />
</concurrent-global-final>
<gc-start id="2130" type="global" contextid="2123" timestamp="2025-12-12T05:42:17.944">
  <mem-info id="2131" free="5694096" total="331350016" percent="1">
    <mem type="nursery" free="2503032" total="221380608" percent="1">
      <mem type="allocate" free="2503032" total="179240960" percent="1" />
      <mem type="survivor" free="0" total="42139648" percent="0" />
    </mem>
    <mem type="tenure" free="3191064" total="109969408" percent="2">
      <mem type="soa" free="2091288" total="108869632" percent="1" />
      <mem type="loa" free="1099776" total="1099776" percent="100" />
    </mem>
    <remembered-set count="28210" />
  </mem-info>
</gc-start>
<allocation-stats totalBytes="162842512" discardedBytes="50672" >
  <allocated-bytes non-tlh="789888" tlh="162052624" />
  <largest-consumer threadName="Default Executor-thread-30" threadId="0000000001821500" bytes="47651480" />
</allocation-stats>
<gc-op id="2132" type="rs-scan" timems="7.241" contextid="2123" timestamp="2025-12-12T05:42:17.953">
  <scan objectsFound="220164" bytesTraced="8070864" workStackOverflowCount="0" />
</gc-op>
<gc-op id="2133" type="card-cleaning" timems="2.208" contextid="2123" timestamp="2025-12-12T05:42:17.956">
  <card-cleaning cardsCleaned="20" bytesTraced="34996" workStackOverflowCount="0" />
</gc-op>
<gc-op id="2134" type="mark" timems="24.395" contextid="2123" timestamp="2025-12-12T05:42:17.982">
  <trace-info objectcount="22084" scancount="21220" scanbytes="657768" />
  <finalization candidates="958" enqueued="47" />
  <ownableSynchronizers candidates="24664" cleared="14926" />
  <references type="soft" candidates="19695" cleared="8" enqueued="8" dynamicThreshold="9" maxThreshold="32" />
  <references type="weak" candidates="21520" cleared="1021" enqueued="1017" />
  <references type="phantom" candidates="1838" cleared="353" enqueued="353" />
  <stringconstants candidates="58548" cleared="155"  />
  <object-monitors candidates="196" cleared="10"  />
</gc-op>
<gc-op id="2135" type="classunload" timems="2.329" contextid="2123" timestamp="2025-12-12T05:42:17.985">
  <classunload-info classloadercandidates="624" classloadersunloaded="10" classesunloaded="1" anonymousclassesunloaded="0" quiescems="0.000" setupms="2.250" scanms="0.020" postms="0.057" />
</gc-op>
<gc-op id="2136" type="sweep" timems="2.504" contextid="2123" timestamp="2025-12-12T05:42:17.988" />
<heap-resize id="2137" type="expand" space="tenure" amount="37945344" count="1" timems="0.983" reason="insufficient free space following gc" timestamp="2025-12-12T05:42:17.990" />
<gc-end id="2138" type="global" contextid="2123" durationms="93.277" usertimems="194.890" systemtimems="20.374" stalltimems="263.434" timestamp="2025-12-12T05:42:18.037" activeThreads="20">
  <mem-info id="2139" free="210572576" total="369295360" percent="57">
    <mem type="nursery" free="166177264" total="221380608" percent="75">
      <mem type="allocate" free="166177264" total="179240960" percent="92" />
      <mem type="survivor" free="0" total="42139648" percent="0" />
    </mem>
    <mem type="tenure" free="44395312" total="147914752" percent="30" micro-fragmented="3497579" macro-fragmented="18870">
      <mem type="soa" free="42915632" total="146435072" percent="29" />
      <mem type="loa" free="1479680" total="1479680" percent="100" />
    </mem>
    <pending-finalizers system="47" default="0" reference="1378" classloader="0" />
    <remembered-set count="27015" />
  </mem-info>
</gc-end>
<cycle-end id="2140" type="global" contextid="2123" timestamp="2025-12-12T05:42:18.038" />
<exclusive-end id="2141" timestamp="2025-12-12T05:42:18.038" durationms="98.457" />

<exclusive-start id="2142" timestamp="2025-12-12T05:46:02.138" intervalms="224197.585">
  <response-info timems="0.121" idlems="0.121" threads="0" lastid="0000000001821500" lastname="Default Executor-thread-30" />
</exclusive-start>
<af-start id="2143" threadId="0000000001821F78" totalBytesRequested="1016" timestamp="2025-12-12T05:46:02.139" intervalms="400850.174" type="nursery" />
<cycle-start id="2144" type="scavenge" contextid="0" timestamp="2025-12-12T05:46:02.141" intervalms="400850.815" />
<gc-start id="2145" type="scavenge" contextid="2144" timestamp="2025-12-12T05:46:02.143">
  <mem-info id="2146" free="44386392" total="369295360" percent="12">
    <mem type="nursery" free="0" total="221380608" percent="0">
      <mem type="allocate" free="0" total="179240960" percent="0" />
      <mem type="survivor" free="0" total="42139648" percent="0" />
    </mem>
    <mem type="tenure" free="44386392" total="147914752" percent="30">
      <mem type="soa" free="42906712" total="146435072" percent="29" />
      <mem type="loa" free="1479680" total="1479680" percent="100" />
    </mem>
    <remembered-set count="27575" />
  </mem-info>
</gc-start>
<allocation-stats totalBytes="166014344" discardedBytes="169160" >
  <allocated-bytes non-tlh="458712" tlh="165555632" />
  <largest-consumer threadName="Timer-7" threadId="0000000000FF7D00" bytes="34297448" />
</allocation-stats>
<gc-op id="2147" type="scavenge" timems="56.548" contextid="2144" timestamp="2025-12-12T05:46:02.202">
  <scavenger-info tenureage="9" tenuremask="7e00" tiltratio="80" />
  <memory-copied type="nursery" objects="247946" bytes="12470912" bytesdiscarded="419592" />
  <finalization candidates="12" enqueued="7" />
  <ownableSynchronizers candidates="38745" cleared="38084" />
  <references type="soft" candidates="3670" cleared="0" enqueued="0" dynamicThreshold="9" maxThreshold="32" />
  <references type="weak" candidates="3900" cleared="41" enqueued="15" />
  <references type="phantom" candidates="1097" cleared="705" enqueued="705" />
  <object-monitors candidates="193" cleared="0"  />
</gc-op>
<gc-end id="2148" type="scavenge" contextid="2144" durationms="126.204" usertimems="102.082" systemtimems="15.661" stalltimems="508.901" timestamp="2025-12-12T05:46:02.269" activeThreads="16">
  <mem-info id="2149" free="215701024" total="369295360" percent="58">
    <mem type="nursery" free="171314632" total="221380608" percent="77">
      <mem type="allocate" free="171314632" total="184221696" percent="92" />
      <mem type="survivor" free="0" total="37158912" percent="0" />
    </mem>
    <mem type="tenure" free="44386392" total="147914752" percent="30" macro-fragmented="23113062">
      <mem type="soa" free="42906712" total="146435072" percent="29" />
      <mem type="loa" free="1479680" total="1479680" percent="100" />
    </mem>
    <pending-finalizers system="5" default="2" reference="720" classloader="0" />
    <remembered-set count="26695" />
  </mem-info>
</gc-end>
<cycle-end id="2150" type="scavenge" contextid="2144" timestamp="2025-12-12T05:46:02.270" />
<allocation-satisfied id="2151" threadId="0000000001821500" bytesRequested="1016" />
<af-end id="2152" timestamp="2025-12-12T05:46:02.272" threadId="0000000001821F78" success="true" from="nursery"/>
<exclusive-end id="2153" timestamp="2025-12-12T05:46:02.273" durationms="135.856" />

<exclusive-start id="2154" timestamp="2025-12-12T05:50:52.129" intervalms="289991.133">
  <response-info timems="0.112" idlems="0.112" threads="0" lastid="0000000001924A00" lastname="Default Executor-thread-12" />
</exclusive-start>
<af-start id="2155" threadId="0000000001925478" totalBytesRequested="120" timestamp="2025-12-12T05:50:52.130" intervalms="289991.422" type="nursery" />
<cycle-start id="2156" type="scavenge" contextid="0" timestamp="2025-12-12T05:50:52.132" intervalms="289991.523" />
<gc-start id="2157" type="scavenge" contextid="2156" timestamp="2025-12-12T05:50:52.135">
  <mem-info id="2158" free="44380336" total="369295360" percent="12">
    <mem type="nursery" free="0" total="221380608" percent="0">
      <mem type="allocate" free="0" total="184221696" percent="0" />
      <mem type="survivor" free="0" total="37158912" percent="0" />
    </mem>
    <mem type="tenure" free="44380336" total="147914752" percent="30">
      <mem type="soa" free="42900656" total="146435072" percent="29" />
      <mem type="loa" free="1479680" total="1479680" percent="100" />
    </mem>
    <remembered-set count="26891" />
  </mem-info>
</gc-start>
<allocation-stats totalBytes="171285976" discardedBytes="34712" >
  <allocated-bytes non-tlh="7072" tlh="171278904" />
  <largest-consumer threadName="Timer-7" threadId="0000000000FF7D00" bytes="43480496" />
</allocation-stats>
<gc-op id="2159" type="scavenge" timems="17.818" contextid="2156" timestamp="2025-12-12T05:50:52.155">
  <scavenger-info tenureage="10" tenuremask="7c00" tiltratio="83" />
  <memory-copied type="nursery" objects="240375" bytes="12204440" bytesdiscarded="243288" />
  <finalization candidates="11" enqueued="8" />
  <ownableSynchronizers candidates="24927" cleared="24295" />
  <references type="soft" candidates="3683" cleared="0" enqueued="0" dynamicThreshold="9" maxThreshold="32" />
  <references type="weak" candidates="3933" cleared="30" enqueued="29" />
  <references type="phantom" candidates="394" cleared="9" enqueued="9" />
  <object-monitors candidates="194" cleared="0"  />
</gc-op>
<gc-end id="2160" type="scavenge" contextid="2156" durationms="49.729" usertimems="128.019" systemtimems="0.000" stalltimems="98.942" timestamp="2025-12-12T05:50:52.185" activeThreads="15">
  <mem-info id="2161" free="220464600" total="369295360" percent="59">
    <mem type="nursery" free="176084264" total="221380608" percent="79">
      <mem type="allocate" free="176084264" total="188547072" percent="93" />
      <mem type="survivor" free="0" total="32833536" percent="0" />
    </mem>
    <mem type="tenure" free="44380336" total="147914752" percent="30" macro-fragmented="140211">
      <mem type="soa" free="42900656" total="146435072" percent="29" />
      <mem type="loa" free="1479680" total="1479680" percent="100" />
    </mem>
    <pending-finalizers system="8" default="0" reference="38" classloader="0" />
    <remembered-set count="26513" />
  </mem-info>
</gc-end>
<cycle-end id="2162" type="scavenge" contextid="2156" timestamp="2025-12-12T05:50:52.186" />
<allocation-satisfied id="2163" threadId="0000000001924A00" bytesRequested="120" />
<af-end id="2164" timestamp="2025-12-12T05:50:52.187" threadId="0000000001925478" success="true" from="nursery"/>
<exclusive-end id="2165" timestamp="2025-12-12T05:50:52.188" durationms="59.494" />

<exclusive-start id="2166" timestamp="2025-12-12T05:55:53.420" intervalms="301291.167">
  <response-info timems="0.137" idlems="0.137" threads="0" lastid="00000000019D8F00" lastname="Default Executor-thread-7" />
</exclusive-start>
<af-start id="2167" threadId="00000000019D9978" totalBytesRequested="24" timestamp="2025-12-12T05:55:53.422" intervalms="301291.740" type="nursery" />
<cycle-start id="2168" type="scavenge" contextid="0" timestamp="2025-12-12T05:55:53.424" intervalms="301291.972" />
<gc-start id="2169" type="scavenge" contextid="2168" timestamp="2025-12-12T05:55:53.428">
  <mem-info id="2170" free="44380336" total="369295360" percent="12">
    <mem type="nursery" free="0" total="221380608" percent="0">
      <mem type="allocate" free="0" total="188547072" percent="0" />
      <mem type="survivor" free="0" total="32833536" percent="0" />
    </mem>
    <mem type="tenure" free="44380336" total="147914752" percent="30">
      <mem type="soa" free="42900656" total="146435072" percent="29" />
      <mem type="loa" free="1479680" total="1479680" percent="100" />
    </mem>
    <remembered-set count="26534" />
  </mem-info>
</gc-start>
<allocation-stats totalBytes="176038576" discardedBytes="45688" >
  <allocated-bytes non-tlh="120" tlh="176038456" />
  <largest-consumer threadName="Timer-7" threadId="0000000000FF7D00" bytes="45652952" />
</allocation-stats>
<gc-op id="2171" type="scavenge" timems="30.900" contextid="2168" timestamp="2025-12-12T05:55:53.462">
  <scavenger-info tenureage="5" tenuremask="7920" tiltratio="85" />
  <memory-copied type="nursery" objects="104563" bytes="5519320" bytesdiscarded="813856" />
  <memory-copied type="tenure" objects="135549" bytes="6670688" bytesdiscarded="21464" />
  <finalization candidates="3" enqueued="0" />
  <ownableSynchronizers candidates="25835" cleared="25203" />
  <references type="soft" candidates="1780" cleared="0" enqueued="0" dynamicThreshold="9" maxThreshold="32" />
  <references type="weak" candidates="2992" cleared="0" enqueued="0" />
  <references type="phantom" candidates="150" cleared="0" enqueued="0" />
  <object-monitors candidates="194" cleared="0"  />
</gc-op>
<gc-end id="2172" type="scavenge" contextid="2168" durationms="42.676" usertimems="145.443" systemtimems="0.000" stalltimems="130.027" timestamp="2025-12-12T05:55:53.471" activeThreads="15">
  <mem-info id="2173" free="222859528" total="369295360" percent="60">
    <mem type="nursery" free="185743688" total="221380608" percent="83">
      <mem type="allocate" free="185743688" total="192086016" percent="96" />
      <mem type="survivor" free="0" total="29294592" percent="0" />
    </mem>
    <mem type="tenure" free="37115840" total="147914752" percent="25" macro-fragmented="23113062">
      <mem type="soa" free="35636160" total="146435072" percent="24" />
      <mem type="loa" free="1479680" total="1479680" percent="100" />
    </mem>
    <remembered-set count="5268" />
  </mem-info>
</gc-end>
<cycle-end id="2174" type="scavenge" contextid="2168" timestamp="2025-12-12T05:55:53.472" />
<allocation-satisfied id="2175" threadId="00000000019D8F00" bytesRequested="24" />
<af-end id="2176" timestamp="2025-12-12T05:55:53.473" threadId="00000000019D9978" success="true" from="nursery"/>
<exclusive-end id="2177" timestamp="2025-12-12T05:55:53.473" durationms="53.251" />

<exclusive-start id="2178" timestamp="2025-12-12T06:06:22.019" intervalms="316794.417">
  <response-info timems="0.324" idlems="0.324" threads="0" lastid="000000000186E300" lastname="Default Executor-thread-23" />
</exclusive-start>
<af-start id="2179" threadId="000000000186ED78" totalBytesRequested="56" timestamp="2025-12-12T06:06:22.021" intervalms="316794.544" type="nursery" />
<cycle-start id="2180" type="scavenge" contextid="0" timestamp="2025-12-12T06:06:22.023" intervalms="316794.588" />
<gc-start id="2181" type="scavenge" contextid="2180" timestamp="2025-12-12T06:06:22.027">
  <mem-info id="2182" free="37115840" total="369295360" percent="10">
    <mem type="nursery" free="0" total="221380608" percent="0">
      <mem type="allocate" free="0" total="192086016" percent="0" />
      <mem type="survivor" free="0" total="29294592" percent="0" />
    </mem>
    <mem type="tenure" free="37115840" total="147914752" percent="25">
      <mem type="soa" free="35636160" total="146435072" percent="24" />
      <mem type="loa" free="1479680" total="1479680" percent="100" />
    </mem>
    <remembered-set count="5296" />
  </mem-info>
</gc-start>
<allocation-stats totalBytes="185700496" discardedBytes="43192" >
  <allocated-bytes non-tlh="24" tlh="185700472" />
  <largest-consumer threadName="Timer-7" threadId="0000000000FF7D00" bytes="49881712" />
</allocation-stats>
<gc-op id="2183" type="scavenge" timems="38.829" contextid="2180" timestamp="2025-12-12T06:06:22.069">
  <scavenger-info tenureage="3" tenuremask="71b8" tiltratio="86" />
  <memory-copied type="nursery" objects="3099" bytes="140528" bytesdiscarded="1047496" />
  <memory-copied type="tenure" objects="101355" bytes="5374280" bytesdiscarded="4568" />
  <finalization candidates="1" enqueued="0" />
  <ownableSynchronizers candidates="26895" cleared="26494" />
  <references type="soft" candidates="18" cleared="0" enqueued="0" dynamicThreshold="9" maxThreshold="32" />
  <references type="weak" candidates="44" cleared="0" enqueued="0" />
  <object-monitors candidates="194" cleared="0"  />
</gc-op>
<gc-end id="2184" type="scavenge" contextid="2180" durationms="52.949" usertimems="62.713" systemtimems="28.903" stalltimems="149.232" timestamp="2025-12-12T06:06:22.080" activeThreads="16">
  <mem-info id="2185" free="227136520" total="369295360" percent="61">
    <mem type="nursery" free="195419904" total="221380608" percent="88">
      <mem type="allocate" free="195419904" total="196608000" percent="99" />
      <mem type="survivor" free="0" total="24772608" percent="0" />
    </mem>
    <mem type="tenure" free="31716616" total="147914752" percent="21" macro-fragmented="19260884">
      <mem type="soa" free="30236936" total="146435072" percent="20" />
      <mem type="loa" free="1479680" total="1479680" percent="100" />
    </mem>
    <remembered-set count="851" />
  </mem-info>
</gc-end>
<cycle-end id="2186" type="scavenge" contextid="2180" timestamp="2025-12-12T06:06:22.081" />
<allocation-satisfied id="2187" threadId="000000000186E300" bytesRequested="56" />
<af-end id="2188" timestamp="2025-12-12T06:06:22.083" threadId="000000000186ED78" success="true" from="nursery"/>
<exclusive-end id="2189" timestamp="2025-12-12T06:06:22.083" durationms="64.564" />

</verbosegc>

